Uniform: 176469 610792 183687 427381 940516 
Exponential: -2147483648 -2147483648 -2147483648 -2147483648 -2147483648 
Truncated Normal: 589458 399748 475853 622445 476680 
*==== INFO ====* req_id_count= 500 stream_id=1996 latency=0.988359 ms (tx_ts=162263087447678, rx_ts=162263088436037) request_id=500 zil_blk_id=5995 ccf_commit_seqno=500 nstreams_done_=500 config.nstreams=20000 avg_latency=1.2484 ms avg throuhgput (requests/sec) = 78.4318 res=false
*==== INFO ====* req_id_count= 1000 stream_id=3996 latency=0.972490 ms (tx_ts=162269194278183, rx_ts=162269195250673) request_id=1000 zil_blk_id=11720 ccf_commit_seqno=1000 nstreams_done_=1000 config.nstreams=20000 avg_latency=1.1102 ms avg throuhgput (requests/sec) = 80.1168 res=false
*==== INFO ====* req_id_count= 1500 stream_id=5996 latency=1.285165 ms (tx_ts=162275486692694, rx_ts=162275487977859) request_id=1500 zil_blk_id=17620 ccf_commit_seqno=1500 nstreams_done_=1500 config.nstreams=20000 avg_latency=1.0977 ms avg throuhgput (requests/sec) = 79.8956 res=false
*==== INFO ====* req_id_count= 2000 stream_id=7996 latency=1.421048 ms (tx_ts=162281793566120, rx_ts=162281794987168) request_id=2000 zil_blk_id=23531 ccf_commit_seqno=2000 nstreams_done_=2000 config.nstreams=20000 avg_latency=1.0920 ms avg throuhgput (requests/sec) = 79.7400 res=false
*==== INFO ====* req_id_count= 2500 stream_id=9996 latency=2.456365 ms (tx_ts=162288094780547, rx_ts=162288097236912) request_id=2500 zil_blk_id=29439 ccf_commit_seqno=2500 nstreams_done_=2500 config.nstreams=20000 avg_latency=1.0902 ms avg throuhgput (requests/sec) = 79.6590 res=false
*==== INFO ====* req_id_count= 3000 stream_id=11996 latency=4.628057 ms (tx_ts=162294394478524, rx_ts=162294399106581) request_id=3000 zil_blk_id=35346 ccf_commit_seqno=3000 nstreams_done_=3000 config.nstreams=20000 avg_latency=1.0870 ms avg throuhgput (requests/sec) = 79.6059 res=false
*==== INFO ====* req_id_count= 3500 stream_id=13996 latency=0.922665 ms (tx_ts=162300708722244, rx_ts=162300709644909) request_id=3500 zil_blk_id=41269 ccf_commit_seqno=3500 nstreams_done_=3500 config.nstreams=20000 avg_latency=1.0870 ms avg throuhgput (requests/sec) = 79.5524 res=false
*==== INFO ====* req_id_count= 4000 stream_id=15996 latency=1.158678 ms (tx_ts=162307019354851, rx_ts=162307020513529) request_id=4000 zil_blk_id=47187 ccf_commit_seqno=4000 nstreams_done_=4000 config.nstreams=20000 avg_latency=1.0866 ms avg throuhgput (requests/sec) = 79.5117 res=false
*==== INFO ====* req_id_count= 4500 stream_id=17996 latency=0.999710 ms (tx_ts=162313293593323, rx_ts=162313294593033) request_id=4500 zil_blk_id=53071 ccf_commit_seqno=4500 nstreams_done_=4500 config.nstreams=20000 avg_latency=1.0811 ms avg throuhgput (requests/sec) = 79.5318 res=false
*==== INFO ====* req_id_count= 5000 stream_id=19996 latency=0.960596 ms (tx_ts=162319628392223, rx_ts=162319629352819) request_id=5000 zil_blk_id=59011 ccf_commit_seqno=5000 nstreams_done_=5000 config.nstreams=20000 avg_latency=1.0887 ms avg throuhgput (requests/sec) = 79.4712 res=false
*==== INFO ====* req_id_count= 5500 stream_id=21996 latency=0.799916 ms (tx_ts=162325856911008, rx_ts=162325857710924) request_id=5500 zil_blk_id=64852 ccf_commit_seqno=5500 nstreams_done_=5500 config.nstreams=20000 avg_latency=1.0842 ms avg throuhgput (requests/sec) = 79.5439 res=false
*==== INFO ====* req_id_count= 6000 stream_id=23996 latency=1.028694 ms (tx_ts=162332092480614, rx_ts=162332093509308) request_id=6000 zil_blk_id=70694 ccf_commit_seqno=6000 nstreams_done_=6000 config.nstreams=20000 avg_latency=1.0727 ms avg throuhgput (requests/sec) = 79.5967 res=false
*==== INFO ====* req_id_count= 6500 stream_id=25996 latency=1.372567 ms (tx_ts=162338363780915, rx_ts=162338365153482) request_id=6500 zil_blk_id=76569 ccf_commit_seqno=6500 nstreams_done_=6500 config.nstreams=20000 avg_latency=1.0676 ms avg throuhgput (requests/sec) = 79.6064 res=false
*==== INFO ====* req_id_count= 7000 stream_id=27996 latency=1.100909 ms (tx_ts=162344749222456, rx_ts=162344750323365) request_id=7000 zil_blk_id=82559 ccf_commit_seqno=7000 nstreams_done_=7000 config.nstreams=20000 avg_latency=1.0799 ms avg throuhgput (requests/sec) = 79.5122 res=false
*==== INFO ====* req_id_count= 7500 stream_id=29996 latency=0.993879 ms (tx_ts=162351064789127, rx_ts=162351065783006) request_id=7500 zil_blk_id=88482 ccf_commit_seqno=7500 nstreams_done_=7500 config.nstreams=20000 avg_latency=1.0798 ms avg throuhgput (requests/sec) = 79.4893 res=false
*==== INFO ====* req_id_count= 8000 stream_id=31996 latency=1.013156 ms (tx_ts=162357334291390, rx_ts=162357335304546) request_id=8000 zil_blk_id=94356 ccf_commit_seqno=8000 nstreams_done_=8000 config.nstreams=20000 avg_latency=1.0750 ms avg throuhgput (requests/sec) = 79.5056 res=false
*==== INFO ====* req_id_count= 8500 stream_id=33996 latency=0.881038 ms (tx_ts=162363595106670, rx_ts=162363595987708) request_id=8500 zil_blk_id=100230 ccf_commit_seqno=8500 nstreams_done_=8500 config.nstreams=20000 avg_latency=1.0699 ms avg throuhgput (requests/sec) = 79.5266 res=false
*==== INFO ====* req_id_count= 9000 stream_id=35996 latency=0.738170 ms (tx_ts=162369863545041, rx_ts=162369864283211) request_id=9000 zil_blk_id=106111 ccf_commit_seqno=9000 nstreams_done_=9000 config.nstreams=20000 avg_latency=1.0665 ms avg throuhgput (requests/sec) = 79.5399 res=false
*==== INFO ====* req_id_count= 9500 stream_id=37996 latency=1.135254 ms (tx_ts=162376094276543, rx_ts=162376095411797) request_id=9500 zil_blk_id=111953 ccf_commit_seqno=9500 nstreams_done_=9500 config.nstreams=20000 avg_latency=1.0598 ms avg throuhgput (requests/sec) = 79.5765 res=false
ngtcp2_conn_read_pkt: ERR_DRAINING
