Uniform: 928865 754465 337621 110012 977589 
Exponential: -2147483648 -2147483648 -2147483648 -2147483648 -2147483648 
Truncated Normal: 157801 708459 444462 511371 564813 
*==== INFO ====* req_id_count= 500 stream_id=1996 latency=0.709046 ms (tx_ts=161519162017572, rx_ts=161519162726618) request_id=1582 zil_blk_id=868 ccf_commit_seqno=1582 nstreams_done_=500 config.nstreams=20000 avg_latency=0.7485 ms avg throuhgput (requests/sec) = 84.6336 res=false
*==== INFO ====* req_id_count= 1000 stream_id=3996 latency=0.918138 ms (tx_ts=161525169660316, rx_ts=161525170578454) request_id=3644 zil_blk_id=6504 ccf_commit_seqno=3644 nstreams_done_=1000 config.nstreams=20000 avg_latency=0.7014 ms avg throuhgput (requests/sec) = 83.9231 res=false
*==== INFO ====* req_id_count= 1500 stream_id=5996 latency=0.661290 ms (tx_ts=161531188405232, rx_ts=161531189066522) request_id=5741 zil_blk_id=12153 ccf_commit_seqno=5741 nstreams_done_=1500 config.nstreams=20000 avg_latency=0.6927 ms avg throuhgput (requests/sec) = 83.6393 res=false
*==== INFO ====* req_id_count= 2000 stream_id=7996 latency=0.771062 ms (tx_ts=161537219577274, rx_ts=161537220348336) request_id=7880 zil_blk_id=17817 ccf_commit_seqno=7880 nstreams_done_=2000 config.nstreams=20000 avg_latency=0.6971 ms avg throuhgput (requests/sec) = 83.4535 res=false
*==== INFO ====* req_id_count= 2500 stream_id=9996 latency=0.578533 ms (tx_ts=161543206566708, rx_ts=161543207145241) request_id=9981 zil_blk_id=23437 ccf_commit_seqno=9981 nstreams_done_=2500 config.nstreams=20000 avg_latency=0.6840 ms avg throuhgput (requests/sec) = 83.4662 res=false
*==== INFO ====* req_id_count= 3000 stream_id=11996 latency=0.582419 ms (tx_ts=161549207023538, rx_ts=161549207605957) request_id=12025 zil_blk_id=29072 ccf_commit_seqno=12025 nstreams_done_=3000 config.nstreams=20000 avg_latency=0.6783 ms avg throuhgput (requests/sec) = 83.4430 res=false
*==== INFO ====* req_id_count= 3500 stream_id=13996 latency=0.610733 ms (tx_ts=161555233247167, rx_ts=161555233857900) request_id=14050 zil_blk_id=34723 ccf_commit_seqno=14050 nstreams_done_=3500 config.nstreams=20000 avg_latency=0.6769 ms avg throuhgput (requests/sec) = 83.3751 res=false
*==== INFO ====* req_id_count= 4000 stream_id=15996 latency=0.583141 ms (tx_ts=161561229843751, rx_ts=161561230426892) request_id=16074 zil_blk_id=40346 ccf_commit_seqno=16074 nstreams_done_=4000 config.nstreams=20000 avg_latency=0.6749 ms avg throuhgput (requests/sec) = 83.3759 res=false
*==== INFO ====* req_id_count= 4500 stream_id=17996 latency=0.634777 ms (tx_ts=161567075791742, rx_ts=161567076426519) request_id=18049 zil_blk_id=45837 ccf_commit_seqno=18049 nstreams_done_=4500 config.nstreams=20000 avg_latency=0.6781 ms avg throuhgput (requests/sec) = 83.6097 res=false
*==== INFO ====* req_id_count= 5000 stream_id=19996 latency=2.276589 ms (tx_ts=161573140021720, rx_ts=161573142298309) request_id=20088 zil_blk_id=51538 ccf_commit_seqno=20088 nstreams_done_=5000 config.nstreams=20000 avg_latency=0.6894 ms avg throuhgput (requests/sec) = 83.4900 res=false
*==== INFO ====* req_id_count= 5500 stream_id=21996 latency=0.649736 ms (tx_ts=161578663805644, rx_ts=161578664455380) request_id=22008 zil_blk_id=56724 ccf_commit_seqno=22008 nstreams_done_=5500 config.nstreams=20000 avg_latency=0.6846 ms avg throuhgput (requests/sec) = 84.0856 res=false
*==== INFO ====* req_id_count= 6000 stream_id=23996 latency=0.580075 ms (tx_ts=161584347347465, rx_ts=161584347927540) request_id=23977 zil_blk_id=62062 ccf_commit_seqno=23977 nstreams_done_=6000 config.nstreams=20000 avg_latency=0.6816 ms avg throuhgput (requests/sec) = 84.3965 res=false
*==== INFO ====* req_id_count= 6500 stream_id=25996 latency=0.592228 ms (tx_ts=161590339315698, rx_ts=161590339907926) request_id=26049 zil_blk_id=67688 ccf_commit_seqno=26049 nstreams_done_=6500 config.nstreams=20000 avg_latency=0.6770 ms avg throuhgput (requests/sec) = 84.3225 res=false
*==== INFO ====* req_id_count= 7000 stream_id=27996 latency=0.716079 ms (tx_ts=161595985066949, rx_ts=161595985783028) request_id=28009 zil_blk_id=72983 ccf_commit_seqno=28009 nstreams_done_=7000 config.nstreams=20000 avg_latency=0.6774 ms avg throuhgput (requests/sec) = 84.6117 res=false
*==== INFO ====* req_id_count= 7500 stream_id=29996 latency=0.643644 ms (tx_ts=161601793170669, rx_ts=161601793814313) request_id=29975 zil_blk_id=78427 ccf_commit_seqno=29975 nstreams_done_=7500 config.nstreams=20000 avg_latency=0.6792 ms avg throuhgput (requests/sec) = 84.7085 res=false
*==== INFO ====* req_id_count= 8000 stream_id=31996 latency=0.631682 ms (tx_ts=161607328477789, rx_ts=161607329109471) request_id=31871 zil_blk_id=83616 ccf_commit_seqno=31871 nstreams_done_=8000 config.nstreams=20000 avg_latency=0.6784 ms avg throuhgput (requests/sec) = 85.0393 res=false
*==== INFO ====* req_id_count= 8500 stream_id=33996 latency=0.571068 ms (tx_ts=161612850820978, rx_ts=161612851392046) request_id=33833 zil_blk_id=88800 ccf_commit_seqno=33833 nstreams_done_=8500 config.nstreams=20000 avg_latency=0.6771 ms avg throuhgput (requests/sec) = 85.3444 res=false
*==== INFO ====* req_id_count= 9000 stream_id=35996 latency=0.717482 ms (tx_ts=161618372249845, rx_ts=161618372967327) request_id=35790 zil_blk_id=93974 ccf_commit_seqno=35790 nstreams_done_=9000 config.nstreams=20000 avg_latency=0.6777 ms avg throuhgput (requests/sec) = 85.6180 res=false
*==== INFO ====* req_id_count= 9500 stream_id=37996 latency=0.716811 ms (tx_ts=161623897163398, rx_ts=161623897880209) request_id=37778 zil_blk_id=99152 ccf_commit_seqno=37778 nstreams_done_=9500 config.nstreams=20000 avg_latency=0.6778 ms avg throuhgput (requests/sec) = 85.8618 res=false
*==== INFO ====* req_id_count= 10000 stream_id=39996 latency=0.632784 ms (tx_ts=161629425191164, rx_ts=161629425823948) request_id=39780 zil_blk_id=104343 ccf_commit_seqno=39780 nstreams_done_=10000 config.nstreams=20000 avg_latency=0.6776 ms avg throuhgput (requests/sec) = 86.0801 res=false
*==== INFO ====* req_id_count= 10500 stream_id=41996 latency=0.631963 ms (tx_ts=161634971295160, rx_ts=161634971927123) request_id=41788 zil_blk_id=109549 ccf_commit_seqno=41788 nstreams_done_=10500 config.nstreams=20000 avg_latency=0.6777 ms avg throuhgput (requests/sec) = 86.2657 res=false
*==== INFO ====* req_id_count= 11000 stream_id=43996 latency=0.674291 ms (tx_ts=161640570855644, rx_ts=161640571529935) request_id=43736 zil_blk_id=114802 ccf_commit_seqno=43736 nstreams_done_=11000 config.nstreams=20000 avg_latency=0.6785 ms avg throuhgput (requests/sec) = 86.3988 res=false
*==== INFO ====* req_id_count= 11500 stream_id=45996 latency=0.743270 ms (tx_ts=161646571726016, rx_ts=161646572469286) request_id=45769 zil_blk_id=120433 ccf_commit_seqno=45769 nstreams_done_=11500 config.nstreams=20000 avg_latency=0.6816 ms avg throuhgput (requests/sec) = 86.2602 res=false
*==== INFO ====* req_id_count= 12000 stream_id=47996 latency=0.807591 ms (tx_ts=161652662385019, rx_ts=161652663192610) request_id=47880 zil_blk_id=126159 ccf_commit_seqno=47880 nstreams_done_=12000 config.nstreams=20000 avg_latency=0.6863 ms avg throuhgput (requests/sec) = 86.0781 res=false
*==== INFO ====* req_id_count= 12500 stream_id=49996 latency=0.634126 ms (tx_ts=161658741471473, rx_ts=161658742105599) request_id=49984 zil_blk_id=131868 ccf_commit_seqno=49984 nstreams_done_=12500 config.nstreams=20000 avg_latency=0.6900 ms avg throuhgput (requests/sec) = 85.9182 res=false
*==== INFO ====* req_id_count= 13000 stream_id=51996 latency=0.645498 ms (tx_ts=161664771376658, rx_ts=161664772022156) request_id=52078 zil_blk_id=137527 ccf_commit_seqno=52078 nstreams_done_=13000 config.nstreams=20000 avg_latency=0.6906 ms avg throuhgput (requests/sec) = 85.7989 res=false
*==== INFO ====* req_id_count= 13500 stream_id=53996 latency=0.725627 ms (tx_ts=161670831402329, rx_ts=161670832127956) request_id=54094 zil_blk_id=143218 ccf_commit_seqno=54094 nstreams_done_=13500 config.nstreams=20000 avg_latency=0.6931 ms avg throuhgput (requests/sec) = 85.6723 res=false
*==== INFO ====* req_id_count= 14000 stream_id=55996 latency=0.615320 ms (tx_ts=161676856560582, rx_ts=161676857175902) request_id=56093 zil_blk_id=148879 ccf_commit_seqno=56093 nstreams_done_=14000 config.nstreams=20000 avg_latency=0.6920 ms avg throuhgput (requests/sec) = 85.5734 res=false
*==== INFO ====* req_id_count= 14500 stream_id=57996 latency=0.880047 ms (tx_ts=161682878175349, rx_ts=161682879055396) request_id=58090 zil_blk_id=154533 ccf_commit_seqno=58090 nstreams_done_=14500 config.nstreams=20000 avg_latency=0.6918 ms avg throuhgput (requests/sec) = 85.4831 res=false
*==== INFO ====* req_id_count= 15000 stream_id=59996 latency=0.638765 ms (tx_ts=161688905337464, rx_ts=161688905976229) request_id=60091 zil_blk_id=160193 ccf_commit_seqno=60091 nstreams_done_=15000 config.nstreams=20000 avg_latency=0.6921 ms avg throuhgput (requests/sec) = 85.3966 res=false
*==== INFO ====* req_id_count= 15500 stream_id=61996 latency=0.544599 ms (tx_ts=161694927653820, rx_ts=161694928198419) request_id=62088 zil_blk_id=165850 ccf_commit_seqno=62088 nstreams_done_=15500 config.nstreams=20000 avg_latency=0.6912 ms avg throuhgput (requests/sec) = 85.3180 res=false
*==== INFO ====* req_id_count= 16000 stream_id=63996 latency=0.648012 ms (tx_ts=161700974035485, rx_ts=161700974683497) request_id=64097 zil_blk_id=171532 ccf_commit_seqno=64097 nstreams_done_=16000 config.nstreams=20000 avg_latency=0.6926 ms avg throuhgput (requests/sec) = 85.2334 res=false
*==== INFO ====* req_id_count= 16500 stream_id=65996 latency=0.589312 ms (tx_ts=161707008207429, rx_ts=161707008796741) request_id=66114 zil_blk_id=177192 ccf_commit_seqno=66114 nstreams_done_=16500 config.nstreams=20000 avg_latency=0.6913 ms avg throuhgput (requests/sec) = 85.1596 res=false
*==== INFO ====* req_id_count= 17000 stream_id=67996 latency=0.620802 ms (tx_ts=161713030013545, rx_ts=161713030634347) request_id=68130 zil_blk_id=182842 ccf_commit_seqno=68130 nstreams_done_=17000 config.nstreams=20000 avg_latency=0.6909 ms avg throuhgput (requests/sec) = 85.0954 res=false
*==== INFO ====* req_id_count= 17500 stream_id=69996 latency=0.588591 ms (tx_ts=161719077826106, rx_ts=161719078414697) request_id=70132 zil_blk_id=188510 ccf_commit_seqno=70132 nstreams_done_=17500 config.nstreams=20000 avg_latency=0.6919 ms avg throuhgput (requests/sec) = 85.0243 res=false
*==== INFO ====* req_id_count= 18000 stream_id=71996 latency=0.598540 ms (tx_ts=161725122570344, rx_ts=161725123168884) request_id=72141 zil_blk_id=194184 ccf_commit_seqno=72141 nstreams_done_=18000 config.nstreams=20000 avg_latency=0.6911 ms avg throuhgput (requests/sec) = 84.9585 res=false
*==== INFO ====* req_id_count= 18500 stream_id=73996 latency=0.831586 ms (tx_ts=161731134387026, rx_ts=161731135218612) request_id=74195 zil_blk_id=199828 ccf_commit_seqno=74195 nstreams_done_=18500 config.nstreams=20000 avg_latency=0.6906 ms avg throuhgput (requests/sec) = 84.9090 res=false
*==== INFO ====* req_id_count= 19000 stream_id=75996 latency=0.556742 ms (tx_ts=161736901599992, rx_ts=161736902156734) request_id=76154 zil_blk_id=205235 ccf_commit_seqno=76154 nstreams_done_=19000 config.nstreams=20000 avg_latency=0.6902 ms avg throuhgput (requests/sec) = 84.9552 res=false
*==== INFO ====* req_id_count= 19500 stream_id=77996 latency=0.577219 ms (tx_ts=161742409653787, rx_ts=161742410231006) request_id=78097 zil_blk_id=210404 ccf_commit_seqno=78097 nstreams_done_=19500 config.nstreams=20000 avg_latency=0.6896 ms avg throuhgput (requests/sec) = 85.0951 res=false
*==== INFO ====* http_end_stream ALL streams done! nstreams_done_=20000 avg_latency=0.6905 msreq_id_count= 20000
*==== INFO ====* req_id_count= 20000 stream_id=79996 latency=0.695161 ms (tx_ts=161748154352557, rx_ts=161748155047718) request_id=79870 zil_blk_id=215793 ccf_commit_seqno=79870 nstreams_done_=20000 config.nstreams=20000 avg_latency=0.6905 ms avg throuhgput (requests/sec) = 85.1426 res=true
