Uniform: 931613 732094 331612 936262 74981 
Exponential: -2147483648 -2147483648 -2147483648 -2147483648 -2147483648 
Truncated Normal: 916540 215955 577693 873436 97092 
*==== INFO ====* req_id_count= 500 stream_id=1996 latency=0.623707 ms (tx_ts=161519170885269, rx_ts=161519171508976) request_id=1584 zil_blk_id=878 ccf_commit_seqno=1584 nstreams_done_=500 config.nstreams=20000 avg_latency=0.7381 ms avg throuhgput (requests/sec) = 84.5079 res=false
*==== INFO ====* req_id_count= 1000 stream_id=3996 latency=0.723344 ms (tx_ts=161524906294742, rx_ts=161524907018086) request_id=3555 zil_blk_id=6267 ccf_commit_seqno=3555 nstreams_done_=1000 config.nstreams=20000 avg_latency=0.7125 ms avg throuhgput (requests/sec) = 85.8213 res=false
*==== INFO ====* req_id_count= 1500 stream_id=5996 latency=0.569836 ms (tx_ts=161530419306402, rx_ts=161530419876238) request_id=5472 zil_blk_id=11445 ccf_commit_seqno=5472 nstreams_done_=1500 config.nstreams=20000 avg_latency=0.6933 ms avg throuhgput (requests/sec) = 87.3872 res=false
*==== INFO ====* req_id_count= 2000 stream_id=7996 latency=0.572140 ms (tx_ts=161535934939840, rx_ts=161535935511980) request_id=7426 zil_blk_id=16623 ccf_commit_seqno=7426 nstreams_done_=2000 config.nstreams=20000 avg_latency=0.6859 ms avg throuhgput (requests/sec) = 88.1810 res=false
*==== INFO ====* req_id_count= 2500 stream_id=9996 latency=0.577942 ms (tx_ts=161541557242417, rx_ts=161541557820359) request_id=9410 zil_blk_id=21903 ccf_commit_seqno=9410 nstreams_done_=2500 config.nstreams=20000 avg_latency=0.6893 ms avg throuhgput (requests/sec) = 88.3301 res=false
*==== INFO ====* req_id_count= 3000 stream_id=11996 latency=0.623566 ms (tx_ts=161547563058993, rx_ts=161547563682559) request_id=11478 zil_blk_id=27545 ccf_commit_seqno=11478 nstreams_done_=3000 config.nstreams=20000 avg_latency=0.6850 ms avg throuhgput (requests/sec) = 87.4412 res=false
*==== INFO ====* req_id_count= 3500 stream_id=13996 latency=0.580075 ms (tx_ts=161553343466221, rx_ts=161553344046296) request_id=13417 zil_blk_id=32971 ccf_commit_seqno=13417 nstreams_done_=3500 config.nstreams=20000 avg_latency=0.6845 ms avg throuhgput (requests/sec) = 87.3054 res=false
*==== INFO ====* req_id_count= 4000 stream_id=15996 latency=0.606014 ms (tx_ts=161559231769464, rx_ts=161559232375478) request_id=15401 zil_blk_id=38498 ccf_commit_seqno=15401 nstreams_done_=4000 config.nstreams=20000 avg_latency=0.6917 ms avg throuhgput (requests/sec) = 86.9991 res=false
*==== INFO ====* req_id_count= 4500 stream_id=17996 latency=0.561740 ms (tx_ts=161565254170896, rx_ts=161565254732636) request_id=17444 zil_blk_id=44155 ccf_commit_seqno=17444 nstreams_done_=4500 config.nstreams=20000 avg_latency=0.6908 ms avg throuhgput (requests/sec) = 86.5387 res=false
*==== INFO ====* req_id_count= 5000 stream_id=19996 latency=0.611034 ms (tx_ts=161571262438133, rx_ts=161571263049167) request_id=19454 zil_blk_id=49801 ccf_commit_seqno=19454 nstreams_done_=5000 config.nstreams=20000 avg_latency=0.6892 ms avg throuhgput (requests/sec) = 86.1948 res=false
*==== INFO ====* req_id_count= 5500 stream_id=21996 latency=0.549639 ms (tx_ts=161576901416852, rx_ts=161576901966491) request_id=21395 zil_blk_id=55096 ccf_commit_seqno=21395 nstreams_done_=5500 config.nstreams=20000 avg_latency=0.6859 ms avg throuhgput (requests/sec) = 86.4140 res=false
*==== INFO ====* req_id_count= 6000 stream_id=23996 latency=0.572591 ms (tx_ts=161582406780007, rx_ts=161582407352598) request_id=23318 zil_blk_id=60270 ccf_commit_seqno=23318 nstreams_done_=6000 config.nstreams=20000 avg_latency=0.6813 ms avg throuhgput (requests/sec) = 86.7648 res=false
*==== INFO ====* req_id_count= 6500 stream_id=25996 latency=0.630099 ms (tx_ts=161588221310016, rx_ts=161588221940115) request_id=25313 zil_blk_id=65732 ccf_commit_seqno=25313 nstreams_done_=6500 config.nstreams=20000 avg_latency=0.6788 ms avg throuhgput (requests/sec) = 86.7048 res=false
*==== INFO ====* req_id_count= 7000 stream_id=27996 latency=0.583021 ms (tx_ts=161593953504886, rx_ts=161593954087907) request_id=27303 zil_blk_id=71113 ccf_commit_seqno=27303 nstreams_done_=7000 config.nstreams=20000 avg_latency=0.6780 ms avg throuhgput (requests/sec) = 86.7419 res=false
*==== INFO ====* req_id_count= 7500 stream_id=29996 latency=0.589563 ms (tx_ts=161599932346161, rx_ts=161599932935724) request_id=29353 zil_blk_id=76727 ccf_commit_seqno=29353 nstreams_done_=7500 config.nstreams=20000 avg_latency=0.6746 ms avg throuhgput (requests/sec) = 86.5271 res=false
*==== INFO ====* req_id_count= 8000 stream_id=31996 latency=0.554728 ms (tx_ts=161605939407029, rx_ts=161605939961757) request_id=31384 zil_blk_id=82365 ccf_commit_seqno=31384 nstreams_done_=8000 config.nstreams=20000 avg_latency=0.6720 ms avg throuhgput (requests/sec) = 86.3138 res=false
*==== INFO ====* req_id_count= 8500 stream_id=33996 latency=0.566830 ms (tx_ts=161611934465649, rx_ts=161611935032479) request_id=33508 zil_blk_id=87993 ccf_commit_seqno=33508 nstreams_done_=8500 config.nstreams=20000 avg_latency=0.6700 ms avg throuhgput (requests/sec) = 86.1369 res=false
*==== INFO ====* req_id_count= 9000 stream_id=35996 latency=0.556601 ms (tx_ts=161617907989508, rx_ts=161617908546109) request_id=35625 zil_blk_id=93602 ccf_commit_seqno=35625 nstreams_done_=9000 config.nstreams=20000 avg_latency=0.6671 ms avg throuhgput (requests/sec) = 85.9980 res=false
*==== INFO ====* req_id_count= 9500 stream_id=37996 latency=0.580907 ms (tx_ts=161623536451039, rx_ts=161623537031946) request_id=37649 zil_blk_id=98885 ccf_commit_seqno=37649 nstreams_done_=9500 config.nstreams=20000 avg_latency=0.6662 ms avg throuhgput (requests/sec) = 86.1427 res=false
*==== INFO ====* req_id_count= 10000 stream_id=39996 latency=0.566720 ms (tx_ts=161629038614095, rx_ts=161629039180815) request_id=39640 zil_blk_id=104051 ccf_commit_seqno=39640 nstreams_done_=10000 config.nstreams=20000 avg_latency=0.6651 ms avg throuhgput (requests/sec) = 86.3675 res=false
*==== INFO ====* req_id_count= 10500 stream_id=41996 latency=0.592378 ms (tx_ts=161634556680828, rx_ts=161634557273206) request_id=41637 zil_blk_id=109233 ccf_commit_seqno=41637 nstreams_done_=10500 config.nstreams=20000 avg_latency=0.6652 ms avg throuhgput (requests/sec) = 86.5605 res=false
*==== INFO ====* req_id_count= 11000 stream_id=43996 latency=0.756916 ms (tx_ts=161640315659417, rx_ts=161640316416333) request_id=43651 zil_blk_id=114643 ccf_commit_seqno=43651 nstreams_done_=11000 config.nstreams=20000 avg_latency=0.6671 ms avg throuhgput (requests/sec) = 86.5722 res=false
*==== INFO ====* req_id_count= 11500 stream_id=45996 latency=0.585255 ms (tx_ts=161646181016897, rx_ts=161646181602152) request_id=45634 zil_blk_id=120150 ccf_commit_seqno=45634 nstreams_done_=11500 config.nstreams=20000 avg_latency=0.6696 ms avg throuhgput (requests/sec) = 86.5138 res=false
*==== INFO ====* req_id_count= 12000 stream_id=47996 latency=0.587058 ms (tx_ts=161651713136834, rx_ts=161651713723892) request_id=47550 zil_blk_id=125347 ccf_commit_seqno=47550 nstreams_done_=12000 config.nstreams=20000 avg_latency=0.6711 ms avg throuhgput (requests/sec) = 86.6684 res=false
*==== INFO ====* req_id_count= 12500 stream_id=49996 latency=0.696403 ms (tx_ts=161657246688233, rx_ts=161657247384636) request_id=49468 zil_blk_id=130542 ccf_commit_seqno=49468 nstreams_done_=12500 config.nstreams=20000 avg_latency=0.6724 ms avg throuhgput (requests/sec) = 86.8101 res=false
*==== INFO ====* req_id_count= 13000 stream_id=51996 latency=0.594282 ms (tx_ts=161662771149933, rx_ts=161662771744215) request_id=51383 zil_blk_id=135729 ccf_commit_seqno=51383 nstreams_done_=13000 config.nstreams=20000 avg_latency=0.6734 ms avg throuhgput (requests/sec) = 86.9467 res=false
*==== INFO ====* req_id_count= 13500 stream_id=53996 latency=0.571479 ms (tx_ts=161668548227454, rx_ts=161668548798933) request_id=53339 zil_blk_id=141153 ccf_commit_seqno=53339 nstreams_done_=13500 config.nstreams=20000 avg_latency=0.6742 ms avg throuhgput (requests/sec) = 86.9319 res=false
*==== INFO ====* req_id_count= 14000 stream_id=55996 latency=0.567432 ms (tx_ts=161674575670855, rx_ts=161674576238287) request_id=55335 zil_blk_id=146809 ccf_commit_seqno=55335 nstreams_done_=14000 config.nstreams=20000 avg_latency=0.6767 ms avg throuhgput (requests/sec) = 86.7833 res=false
*==== INFO ====* req_id_count= 14500 stream_id=57996 latency=0.625310 ms (tx_ts=161680599410803, rx_ts=161680600036113) request_id=57332 zil_blk_id=152463 ccf_commit_seqno=57332 nstreams_done_=14500 config.nstreams=20000 avg_latency=0.6771 ms avg throuhgput (requests/sec) = 86.6473 res=false
*==== INFO ====* req_id_count= 15000 stream_id=59996 latency=0.603970 ms (tx_ts=161686615020849, rx_ts=161686615624819) request_id=59333 zil_blk_id=158114 ccf_commit_seqno=59333 nstreams_done_=15000 config.nstreams=20000 avg_latency=0.6795 ms avg throuhgput (requests/sec) = 86.5248 res=false
*==== INFO ====* req_id_count= 15500 stream_id=61996 latency=0.805507 ms (tx_ts=161692663426682, rx_ts=161692664232189) request_id=61335 zil_blk_id=163798 ccf_commit_seqno=61335 nstreams_done_=15500 config.nstreams=20000 avg_latency=0.6799 ms avg throuhgput (requests/sec) = 86.3946 res=false
*==== INFO ====* req_id_count= 16000 stream_id=63996 latency=0.593270 ms (tx_ts=161698702631031, rx_ts=161698703224301) request_id=63344 zil_blk_id=169468 ccf_commit_seqno=63344 nstreams_done_=16000 config.nstreams=20000 avg_latency=0.6812 ms avg throuhgput (requests/sec) = 86.2774 res=false
*==== INFO ====* req_id_count= 16500 stream_id=65996 latency=0.626432 ms (tx_ts=161704724221125, rx_ts=161704724847557) request_id=65341 zil_blk_id=175127 ccf_commit_seqno=65341 nstreams_done_=16500 config.nstreams=20000 avg_latency=0.6805 ms avg throuhgput (requests/sec) = 86.1754 res=false
*==== INFO ====* req_id_count= 17000 stream_id=67996 latency=0.596777 ms (tx_ts=161710344328538, rx_ts=161710344925315) request_id=67237 zil_blk_id=180400 ccf_commit_seqno=67237 nstreams_done_=17000 config.nstreams=20000 avg_latency=0.6818 ms avg throuhgput (requests/sec) = 86.2550 res=false
*==== INFO ====* req_id_count= 17500 stream_id=69996 latency=1.833450 ms (tx_ts=161716371391649, rx_ts=161716373225099) request_id=69233 zil_blk_id=186057 ccf_commit_seqno=69233 nstreams_done_=17500 config.nstreams=20000 avg_latency=0.6837 ms avg throuhgput (requests/sec) = 86.1567 res=false
*==== INFO ====* req_id_count= 18000 stream_id=71996 latency=0.564996 ms (tx_ts=161722408375582, rx_ts=161722408940578) request_id=71233 zil_blk_id=191722 ccf_commit_seqno=71233 nstreams_done_=18000 config.nstreams=20000 avg_latency=0.6846 ms avg throuhgput (requests/sec) = 86.0610 res=false
*==== INFO ====* req_id_count= 18500 stream_id=73996 latency=0.711481 ms (tx_ts=161728092757384, rx_ts=161728093468865) request_id=73150 zil_blk_id=197054 ccf_commit_seqno=73150 nstreams_done_=18500 config.nstreams=20000 avg_latency=0.6856 ms avg throuhgput (requests/sec) = 86.1112 res=false
*==== INFO ====* req_id_count= 19000 stream_id=75996 latency=0.848988 ms (tx_ts=161733698178779, rx_ts=161733699027767) request_id=75067 zil_blk_id=202317 ccf_commit_seqno=75067 nstreams_done_=19000 config.nstreams=20000 avg_latency=0.6862 ms avg throuhgput (requests/sec) = 86.1896 res=false
*==== INFO ====* req_id_count= 19500 stream_id=77996 latency=0.681665 ms (tx_ts=161739703674241, rx_ts=161739704355906) request_id=77137 zil_blk_id=207954 ccf_commit_seqno=77137 nstreams_done_=19500 config.nstreams=20000 avg_latency=0.6863 ms avg throuhgput (requests/sec) = 86.1119 res=false
*==== INFO ====* http_end_stream ALL streams done! nstreams_done_=20000 avg_latency=0.6860 msreq_id_count= 20000
*==== INFO ====* req_id_count= 20000 stream_id=79996 latency=0.655346 ms (tx_ts=161745682373379, rx_ts=161745683028725) request_id=79256 zil_blk_id=213567 ccf_commit_seqno=79256 nstreams_done_=20000 config.nstreams=20000 avg_latency=0.6860 ms avg throuhgput (requests/sec) = 86.0481 res=true
