Uniform: 113095 192821 296827 481754 350515 
Exponential: -2147483648 -2147483648 -2147483648 -2147483648 -2147483648 
Truncated Normal: 155396 266415 226185 655604 982103 
*==== INFO ====* req_id_count= 500 stream_id=1996 latency=0.657379 ms (tx_ts=161519153053169, rx_ts=161519153710548) request_id=1579 zil_blk_id=861 ccf_commit_seqno=1579 nstreams_done_=500 config.nstreams=20000 avg_latency=0.7131 ms avg throuhgput (requests/sec) = 84.7580 res=false
*==== INFO ====* req_id_count= 1000 stream_id=3996 latency=0.549869 ms (tx_ts=161525195067817, rx_ts=161525195617686) request_id=3654 zil_blk_id=6524 ccf_commit_seqno=3654 nstreams_done_=1000 config.nstreams=20000 avg_latency=0.7075 ms avg throuhgput (requests/sec) = 83.7447 res=false
*==== INFO ====* req_id_count= 1500 stream_id=5996 latency=0.613480 ms (tx_ts=161531135139492, rx_ts=161531135752972) request_id=5723 zil_blk_id=12096 ccf_commit_seqno=5723 nstreams_done_=1500 config.nstreams=20000 avg_latency=0.6859 ms avg throuhgput (requests/sec) = 83.8870 res=false
*==== INFO ====* req_id_count= 2000 stream_id=7996 latency=0.719325 ms (tx_ts=161536656669515, rx_ts=161536657388840) request_id=7680 zil_blk_id=17275 ccf_commit_seqno=7680 nstreams_done_=2000 config.nstreams=20000 avg_latency=0.6752 ms avg throuhgput (requests/sec) = 85.4598 res=false
*==== INFO ====* req_id_count= 2500 stream_id=9996 latency=0.644647 ms (tx_ts=161542199394663, rx_ts=161542200039310) request_id=9632 zil_blk_id=22481 ccf_commit_seqno=9632 nstreams_done_=2500 config.nstreams=20000 avg_latency=0.6725 ms avg throuhgput (requests/sec) = 86.3693 res=false
*==== INFO ====* req_id_count= 3000 stream_id=11996 latency=0.631070 ms (tx_ts=161547859174890, rx_ts=161547859805960) request_id=11575 zil_blk_id=27787 ccf_commit_seqno=11575 nstreams_done_=3000 config.nstreams=20000 avg_latency=0.6722 ms avg throuhgput (requests/sec) = 86.6921 res=false
*==== INFO ====* req_id_count= 3500 stream_id=13996 latency=1.014878 ms (tx_ts=161553872212490, rx_ts=161553873227368) request_id=13594 zil_blk_id=33428 ccf_commit_seqno=13594 nstreams_done_=3500 config.nstreams=20000 avg_latency=0.6704 ms avg throuhgput (requests/sec) = 86.1673 res=false
*==== INFO ====* req_id_count= 4000 stream_id=15996 latency=0.592760 ms (tx_ts=161559895010793, rx_ts=161559895603553) request_id=15622 zil_blk_id=39082 ccf_commit_seqno=15622 nstreams_done_=4000 config.nstreams=20000 avg_latency=0.6792 ms avg throuhgput (requests/sec) = 85.7614 res=false
*==== INFO ====* req_id_count= 4500 stream_id=17996 latency=0.543456 ms (tx_ts=161565892246026, rx_ts=161565892789482) request_id=17657 zil_blk_id=44710 ccf_commit_seqno=17657 nstreams_done_=4500 config.nstreams=20000 avg_latency=0.6744 ms avg throuhgput (requests/sec) = 85.4892 res=false
*==== INFO ====* req_id_count= 5000 stream_id=19996 latency=0.615672 ms (tx_ts=161571888032631, rx_ts=161571888648303) request_id=19664 zil_blk_id=50332 ccf_commit_seqno=19664 nstreams_done_=5000 config.nstreams=20000 avg_latency=0.6689 ms avg throuhgput (requests/sec) = 85.2746 res=false
*==== INFO ====* req_id_count= 5500 stream_id=21996 latency=0.571509 ms (tx_ts=161577876547732, rx_ts=161577877119241) request_id=21734 zil_blk_id=55955 ccf_commit_seqno=21734 nstreams_done_=5500 config.nstreams=20000 avg_latency=0.6660 ms avg throuhgput (requests/sec) = 85.1096 res=false
*==== INFO ====* req_id_count= 6000 stream_id=23996 latency=0.586657 ms (tx_ts=161583856692023, rx_ts=161583857278680) request_id=23811 zil_blk_id=61569 ccf_commit_seqno=23811 nstreams_done_=6000 config.nstreams=20000 avg_latency=0.6621 ms avg throuhgput (requests/sec) = 84.9826 res=false
*==== INFO ====* req_id_count= 6500 stream_id=25996 latency=0.547955 ms (tx_ts=161589841496865, rx_ts=161589842044820) request_id=25878 zil_blk_id=67187 ccf_commit_seqno=25878 nstreams_done_=6500 config.nstreams=20000 avg_latency=0.6594 ms avg throuhgput (requests/sec) = 84.8703 res=false
*==== INFO ====* req_id_count= 7000 stream_id=27996 latency=0.619175 ms (tx_ts=161595817340111, rx_ts=161595817959286) request_id=27950 zil_blk_id=72795 ccf_commit_seqno=27950 nstreams_done_=7000 config.nstreams=20000 avg_latency=0.6566 ms avg throuhgput (requests/sec) = 84.7833 res=false
*==== INFO ====* req_id_count= 7500 stream_id=29996 latency=0.559216 ms (tx_ts=161601792288526, rx_ts=161601792847742) request_id=29974 zil_blk_id=78401 ccf_commit_seqno=29974 nstreams_done_=7500 config.nstreams=20000 avg_latency=0.6540 ms avg throuhgput (requests/sec) = 84.7091 res=false
*==== INFO ====* req_id_count= 8000 stream_id=31996 latency=0.886839 ms (tx_ts=161607663175216, rx_ts=161607664062055) request_id=31989 zil_blk_id=83912 ccf_commit_seqno=31989 nstreams_done_=8000 config.nstreams=20000 avg_latency=0.6537 ms avg throuhgput (requests/sec) = 84.7372 res=false
*==== INFO ====* req_id_count= 8500 stream_id=33996 latency=0.629848 ms (tx_ts=161613159812362, rx_ts=161613160442210) request_id=33940 zil_blk_id=89063 ccf_commit_seqno=33940 nstreams_done_=8500 config.nstreams=20000 avg_latency=0.6521 ms avg throuhgput (requests/sec) = 85.0801 res=false
*==== INFO ====* req_id_count= 9000 stream_id=35996 latency=0.711400 ms (tx_ts=161618703152258, rx_ts=161618703863658) request_id=35906 zil_blk_id=94268 ccf_commit_seqno=35906 nstreams_done_=9000 config.nstreams=20000 avg_latency=0.6530 ms avg throuhgput (requests/sec) = 85.3491 res=false
*==== INFO ====* req_id_count= 9500 stream_id=37996 latency=0.634397 ms (tx_ts=161624233598156, rx_ts=161624234232553) request_id=37900 zil_blk_id=99460 ccf_commit_seqno=37900 nstreams_done_=9500 config.nstreams=20000 avg_latency=0.6534 ms avg throuhgput (requests/sec) = 85.6013 res=false
*==== INFO ====* req_id_count= 10000 stream_id=39996 latency=0.681675 ms (tx_ts=161629778582149, rx_ts=161629779263824) request_id=39907 zil_blk_id=104664 ccf_commit_seqno=39907 nstreams_done_=10000 config.nstreams=20000 avg_latency=0.6543 ms avg throuhgput (requests/sec) = 85.8187 res=false
*==== INFO ====* req_id_count= 10500 stream_id=41996 latency=0.667198 ms (tx_ts=161635313475993, rx_ts=161635314143191) request_id=41909 zil_blk_id=109858 ccf_commit_seqno=41909 nstreams_done_=10500 config.nstreams=20000 avg_latency=0.6543 ms avg throuhgput (requests/sec) = 86.0236 res=false
*==== INFO ====* req_id_count= 11000 stream_id=43996 latency=0.602347 ms (tx_ts=161641147969779, rx_ts=161641148572126) request_id=43932 zil_blk_id=115332 ccf_commit_seqno=43932 nstreams_done_=11000 config.nstreams=20000 avg_latency=0.6560 ms avg throuhgput (requests/sec) = 86.0087 res=false
*==== INFO ====* req_id_count= 11500 stream_id=45996 latency=0.612877 ms (tx_ts=161647198485803, rx_ts=161647199098680) request_id=45985 zil_blk_id=121005 ccf_commit_seqno=45985 nstreams_done_=11500 config.nstreams=20000 avg_latency=0.6591 ms avg throuhgput (requests/sec) = 85.8564 res=false
*==== INFO ====* req_id_count= 12000 stream_id=47996 latency=0.589210 ms (tx_ts=161653164658356, rx_ts=161653165247566) request_id=48054 zil_blk_id=126600 ccf_commit_seqno=48054 nstreams_done_=12000 config.nstreams=20000 avg_latency=0.6576 ms avg throuhgput (requests/sec) = 85.7690 res=false
*==== INFO ====* req_id_count= 12500 stream_id=49996 latency=0.638706 ms (tx_ts=161659173017267, rx_ts=161659173655973) request_id=50133 zil_blk_id=132242 ccf_commit_seqno=50133 nstreams_done_=12500 config.nstreams=20000 avg_latency=0.6583 ms avg throuhgput (requests/sec) = 85.6639 res=false
*==== INFO ====* req_id_count= 13000 stream_id=51996 latency=0.569346 ms (tx_ts=161665171707422, rx_ts=161665172276768) request_id=52217 zil_blk_id=137875 ccf_commit_seqno=52217 nstreams_done_=13000 config.nstreams=20000 avg_latency=0.6587 ms avg throuhgput (requests/sec) = 85.5726 res=false
*==== INFO ====* req_id_count= 13500 stream_id=53996 latency=1.074990 ms (tx_ts=161671190400829, rx_ts=161671191475819) request_id=54213 zil_blk_id=143527 ccf_commit_seqno=54213 nstreams_done_=13500 config.nstreams=20000 avg_latency=0.6613 ms avg throuhgput (requests/sec) = 85.4772 res=false
*==== INFO ====* req_id_count= 14000 stream_id=55996 latency=0.583912 ms (tx_ts=161677196018726, rx_ts=161677196602638) request_id=56205 zil_blk_id=149168 ccf_commit_seqno=56205 nstreams_done_=14000 config.nstreams=20000 avg_latency=0.6607 ms avg throuhgput (requests/sec) = 85.3960 res=false
*==== INFO ====* req_id_count= 14500 stream_id=57996 latency=1.269229 ms (tx_ts=161683199874303, rx_ts=161683201143532) request_id=58197 zil_blk_id=154805 ccf_commit_seqno=58197 nstreams_done_=14500 config.nstreams=20000 avg_latency=0.6601 ms avg throuhgput (requests/sec) = 85.3209 res=false
*==== INFO ====* req_id_count= 15000 stream_id=59996 latency=0.575096 ms (tx_ts=161689219509485, rx_ts=161689220084581) request_id=60195 zil_blk_id=160459 ccf_commit_seqno=60195 nstreams_done_=15000 config.nstreams=20000 avg_latency=0.6618 ms avg throuhgput (requests/sec) = 85.2440 res=false
*==== INFO ====* req_id_count= 15500 stream_id=61996 latency=1.066044 ms (tx_ts=161695214147575, rx_ts=161695215213619) request_id=62180 zil_blk_id=166092 ccf_commit_seqno=62180 nstreams_done_=15500 config.nstreams=20000 avg_latency=0.6606 ms avg throuhgput (requests/sec) = 85.1833 res=false
*==== INFO ====* req_id_count= 16000 stream_id=63996 latency=0.569715 ms (tx_ts=161701130757796, rx_ts=161701131327511) request_id=64149 zil_blk_id=171654 ccf_commit_seqno=64149 nstreams_done_=16000 config.nstreams=20000 avg_latency=0.6611 ms avg throuhgput (requests/sec) = 85.1622 res=false
*==== INFO ====* req_id_count= 16500 stream_id=65996 latency=0.613928 ms (tx_ts=161707122019698, rx_ts=161707122633626) request_id=66152 zil_blk_id=177282 ccf_commit_seqno=66152 nstreams_done_=16500 config.nstreams=20000 avg_latency=0.6600 ms avg throuhgput (requests/sec) = 85.1094 res=false
*==== INFO ====* req_id_count= 17000 stream_id=67996 latency=0.606875 ms (tx_ts=161713152703145, rx_ts=161713153310020) request_id=68170 zil_blk_id=182938 ccf_commit_seqno=68170 nstreams_done_=17000 config.nstreams=20000 avg_latency=0.6608 ms avg throuhgput (requests/sec) = 85.0431 res=false
*==== INFO ====* req_id_count= 17500 stream_id=69996 latency=1.102472 ms (tx_ts=161719185540677, rx_ts=161719186643149) request_id=70166 zil_blk_id=188595 ccf_commit_seqno=70166 nstreams_done_=17500 config.nstreams=20000 avg_latency=0.6619 ms avg throuhgput (requests/sec) = 84.9795 res=false
*==== INFO ====* req_id_count= 18000 stream_id=71996 latency=0.655025 ms (tx_ts=161725199265746, rx_ts=161725199920771) request_id=72166 zil_blk_id=194232 ccf_commit_seqno=72166 nstreams_done_=18000 config.nstreams=20000 avg_latency=0.6620 ms avg throuhgput (requests/sec) = 84.9275 res=false
*==== INFO ====* req_id_count= 18500 stream_id=73996 latency=0.672017 ms (tx_ts=161731189532232, rx_ts=161731190204249) request_id=74213 zil_blk_id=199847 ccf_commit_seqno=74213 nstreams_done_=18500 config.nstreams=20000 avg_latency=0.6619 ms avg throuhgput (requests/sec) = 84.8874 res=false
*==== INFO ====* req_id_count= 19000 stream_id=75996 latency=0.609881 ms (tx_ts=161737186789026, rx_ts=161737187398907) request_id=76252 zil_blk_id=205468 ccf_commit_seqno=76252 nstreams_done_=19000 config.nstreams=20000 avg_latency=0.6627 ms avg throuhgput (requests/sec) = 84.8469 res=false
*==== INFO ====* req_id_count= 19500 stream_id=77996 latency=0.591857 ms (tx_ts=161742720405260, rx_ts=161742720997117) request_id=78206 zil_blk_id=210655 ccf_commit_seqno=78206 nstreams_done_=19500 config.nstreams=20000 avg_latency=0.6625 ms avg throuhgput (requests/sec) = 84.9797 res=false
*==== INFO ====* http_end_stream ALL streams done! nstreams_done_=20000 avg_latency=0.6639 msreq_id_count= 20000
*==== INFO ====* req_id_count= 20000 stream_id=79996 latency=1.096020 ms (tx_ts=161748495963627, rx_ts=161748497059647) request_id=79926 zil_blk_id=216074 ccf_commit_seqno=79926 nstreams_done_=20000 config.nstreams=20000 avg_latency=0.6639 ms avg throuhgput (requests/sec) = 85.0187 res=true
