Uniform: 368250 140860 865490 697668 570939 
Exponential: -2147483648 -2147483648 -2147483648 -2147483648 -2147483648 
Truncated Normal: 371242 740443 463354 179929 292529 
*==== INFO ====* req_id_count= 500 stream_id=1996 latency=0.679111 ms (tx_ts=161523763903350, rx_ts=161523764582461) request_id=3158 zil_blk_id=5193 ccf_commit_seqno=3158 nstreams_done_=500 config.nstreams=20000 avg_latency=0.6613 ms avg throuhgput (requests/sec) = 90.6582 res=false
*==== INFO ====* req_id_count= 1000 stream_id=3996 latency=0.594312 ms (tx_ts=161529302752244, rx_ts=161529303346556) request_id=5085 zil_blk_id=10394 ccf_commit_seqno=5085 nstreams_done_=1000 config.nstreams=20000 avg_latency=0.6577 ms avg throuhgput (requests/sec) = 90.4651 res=false
*==== INFO ====* req_id_count= 1500 stream_id=5996 latency=0.630951 ms (tx_ts=161534833338885, rx_ts=161534833969836) request_id=7037 zil_blk_id=15590 ccf_commit_seqno=7037 nstreams_done_=1500 config.nstreams=20000 avg_latency=0.6586 ms avg throuhgput (requests/sec) = 90.4453 res=false
*==== INFO ====* req_id_count= 2000 stream_id=7996 latency=0.571230 ms (tx_ts=161540368500063, rx_ts=161540369071293) request_id=8997 zil_blk_id=20788 ccf_commit_seqno=8997 nstreams_done_=2000 config.nstreams=20000 avg_latency=0.6622 ms avg throuhgput (requests/sec) = 90.4171 res=false
*==== INFO ====* req_id_count= 2500 stream_id=9996 latency=0.594583 ms (tx_ts=161545893448813, rx_ts=161545894043396) request_id=10918 zil_blk_id=25976 ccf_commit_seqno=10918 nstreams_done_=2500 config.nstreams=20000 avg_latency=0.6614 ms avg throuhgput (requests/sec) = 90.4333 res=false
*==== INFO ====* req_id_count= 3000 stream_id=11996 latency=0.663501 ms (tx_ts=161551872235598, rx_ts=161551872899099) request_id=12918 zil_blk_id=31581 ccf_commit_seqno=12918 nstreams_done_=3000 config.nstreams=20000 avg_latency=0.6728 ms avg throuhgput (requests/sec) = 89.2232 res=false
*==== INFO ====* req_id_count= 3500 stream_id=13996 latency=0.861411 ms (tx_ts=161557702773923, rx_ts=161557703635334) request_id=14890 zil_blk_id=37057 ccf_commit_seqno=14890 nstreams_done_=3500 config.nstreams=20000 avg_latency=0.6862 ms avg throuhgput (requests/sec) = 88.7103 res=false
*==== INFO ====* req_id_count= 4000 stream_id=15996 latency=0.598439 ms (tx_ts=161563451841621, rx_ts=161563452440060) request_id=16843 zil_blk_id=42451 ccf_commit_seqno=16843 nstreams_done_=4000 config.nstreams=20000 avg_latency=0.6874 ms avg throuhgput (requests/sec) = 88.4895 res=false
*==== INFO ====* req_id_count= 4500 stream_id=17996 latency=0.581718 ms (tx_ts=161569454164227, rx_ts=161569454745945) request_id=18841 zil_blk_id=48090 ccf_commit_seqno=18841 nstreams_done_=4500 config.nstreams=20000 avg_latency=0.6876 ms avg throuhgput (requests/sec) = 87.8814 res=false
*==== INFO ====* req_id_count= 5000 stream_id=19996 latency=0.726760 ms (tx_ts=161575227589025, rx_ts=161575228315785) request_id=20813 zil_blk_id=53512 ccf_commit_seqno=20813 nstreams_done_=5000 config.nstreams=20000 avg_latency=0.6882 ms avg throuhgput (requests/sec) = 87.7517 res=false
*==== INFO ====* req_id_count= 5500 stream_id=21996 latency=0.600083 ms (tx_ts=161581259565777, rx_ts=161581260165860) request_id=22912 zil_blk_id=59176 ccf_commit_seqno=22912 nstreams_done_=5500 config.nstreams=20000 avg_latency=0.6883 ms avg throuhgput (requests/sec) = 87.2866 res=false
*==== INFO ====* req_id_count= 6000 stream_id=23996 latency=0.612683 ms (tx_ts=161586801664607, rx_ts=161586802277290) request_id=24819 zil_blk_id=64381 ccf_commit_seqno=24819 nstreams_done_=6000 config.nstreams=20000 avg_latency=0.6854 ms avg throuhgput (requests/sec) = 87.5236 res=false
*==== INFO ====* req_id_count= 6500 stream_id=25996 latency=0.568573 ms (tx_ts=161592348454488, rx_ts=161592349023061) request_id=26745 zil_blk_id=69589 ccf_commit_seqno=26745 nstreams_done_=6500 config.nstreams=20000 avg_latency=0.6845 ms avg throuhgput (requests/sec) = 87.7197 res=false
*==== INFO ====* req_id_count= 7000 stream_id=27996 latency=0.739103 ms (tx_ts=161597907130731, rx_ts=161597907869834) request_id=28677 zil_blk_id=74803 ccf_commit_seqno=28677 nstreams_done_=7000 config.nstreams=20000 avg_latency=0.6846 ms avg throuhgput (requests/sec) = 87.8751 res=false
*==== INFO ====* req_id_count= 7500 stream_id=29996 latency=0.713505 ms (tx_ts=161603950640023, rx_ts=161603951353528) request_id=30707 zil_blk_id=80465 ccf_commit_seqno=30707 nstreams_done_=7500 config.nstreams=20000 avg_latency=0.6873 ms avg throuhgput (requests/sec) = 87.5126 res=false
*==== INFO ====* req_id_count= 8000 stream_id=31996 latency=0.597277 ms (tx_ts=161609678636443, rx_ts=161609679233720) request_id=32707 zil_blk_id=85834 ccf_commit_seqno=32707 nstreams_done_=8000 config.nstreams=20000 avg_latency=0.6870 ms avg throuhgput (requests/sec) = 87.4988 res=false
*==== INFO ====* req_id_count= 8500 stream_id=33996 latency=0.597327 ms (tx_ts=161615228124421, rx_ts=161615228721748) request_id=34673 zil_blk_id=91035 ccf_commit_seqno=34673 nstreams_done_=8500 config.nstreams=20000 avg_latency=0.6859 ms avg throuhgput (requests/sec) = 87.6475 res=false
*==== INFO ====* req_id_count= 9000 stream_id=35996 latency=0.715338 ms (tx_ts=161620798533476, rx_ts=161620799248814) request_id=36657 zil_blk_id=96255 ccf_commit_seqno=36657 nstreams_done_=9000 config.nstreams=20000 avg_latency=0.6867 ms avg throuhgput (requests/sec) = 87.7622 res=false
*==== INFO ====* req_id_count= 9500 stream_id=37996 latency=0.650927 ms (tx_ts=161626350947641, rx_ts=161626351598568) request_id=38666 zil_blk_id=101460 ccf_commit_seqno=38666 nstreams_done_=9500 config.nstreams=20000 avg_latency=0.6855 ms avg throuhgput (requests/sec) = 87.8798 res=false
*==== INFO ====* req_id_count= 10000 stream_id=39996 latency=0.576618 ms (tx_ts=161631850613018, rx_ts=161631851189636) request_id=40659 zil_blk_id=106616 ccf_commit_seqno=40659 nstreams_done_=10000 config.nstreams=20000 avg_latency=0.6825 ms avg throuhgput (requests/sec) = 88.0268 res=false
*==== INFO ====* req_id_count= 10500 stream_id=41996 latency=0.655627 ms (tx_ts=161637369071804, rx_ts=161637369727431) request_id=42653 zil_blk_id=111799 ccf_commit_seqno=42653 nstreams_done_=10500 config.nstreams=20000 avg_latency=0.6807 ms avg throuhgput (requests/sec) = 88.1461 res=false
*==== INFO ====* req_id_count= 11000 stream_id=43996 latency=0.615855 ms (tx_ts=161643375955390, rx_ts=161643376571245) request_id=44668 zil_blk_id=117438 ccf_commit_seqno=44668 nstreams_done_=11000 config.nstreams=20000 avg_latency=0.6835 ms avg throuhgput (requests/sec) = 87.9105 res=false
*==== INFO ====* req_id_count= 11500 stream_id=45996 latency=0.635289 ms (tx_ts=161648905224369, rx_ts=161648905859658) request_id=46577 zil_blk_id=122630 ccf_commit_seqno=46577 nstreams_done_=11500 config.nstreams=20000 avg_latency=0.6825 ms avg throuhgput (requests/sec) = 88.0171 res=false
*==== INFO ====* req_id_count= 12000 stream_id=47996 latency=0.746960 ms (tx_ts=161654446502240, rx_ts=161654447249200) request_id=48499 zil_blk_id=127832 ccf_commit_seqno=48499 nstreams_done_=12000 config.nstreams=20000 avg_latency=0.6823 ms avg throuhgput (requests/sec) = 88.1071 res=false
*==== INFO ====* req_id_count= 12500 stream_id=49996 latency=0.681015 ms (tx_ts=161659982399892, rx_ts=161659983080907) request_id=50416 zil_blk_id=133025 ccf_commit_seqno=50416 nstreams_done_=12500 config.nstreams=20000 avg_latency=0.6816 ms avg throuhgput (requests/sec) = 88.1936 res=false
*==== INFO ====* req_id_count= 13000 stream_id=51996 latency=0.582800 ms (tx_ts=161665539849311, rx_ts=161665540432111) request_id=52340 zil_blk_id=138245 ccf_commit_seqno=52340 nstreams_done_=13000 config.nstreams=20000 avg_latency=0.6809 ms avg throuhgput (requests/sec) = 88.2606 res=false
*==== INFO ====* req_id_count= 13500 stream_id=53996 latency=0.685553 ms (tx_ts=161671601258488, rx_ts=161671601944041) request_id=54348 zil_blk_id=143931 ccf_commit_seqno=54348 nstreams_done_=13500 config.nstreams=20000 avg_latency=0.6830 ms avg throuhgput (requests/sec) = 88.0324 res=false
*==== INFO ====* req_id_count= 14000 stream_id=55996 latency=0.616372 ms (tx_ts=161677663381702, rx_ts=161677663998074) request_id=56359 zil_blk_id=149622 ccf_commit_seqno=56359 nstreams_done_=14000 config.nstreams=20000 avg_latency=0.6833 ms avg throuhgput (requests/sec) = 87.8213 res=false
*==== INFO ====* req_id_count= 14500 stream_id=57996 latency=1.103180 ms (tx_ts=161683723162607, rx_ts=161683724265787) request_id=58370 zil_blk_id=155310 ccf_commit_seqno=58370 nstreams_done_=14500 config.nstreams=20000 avg_latency=0.6852 ms avg throuhgput (requests/sec) = 87.6266 res=false
*==== INFO ====* req_id_count= 15000 stream_id=59996 latency=0.643333 ms (tx_ts=161689760760916, rx_ts=161689761404249) request_id=60374 zil_blk_id=160986 ccf_commit_seqno=60374 nstreams_done_=15000 config.nstreams=20000 avg_latency=0.6883 ms avg throuhgput (requests/sec) = 87.4574 res=false
*==== INFO ====* req_id_count= 15500 stream_id=61996 latency=0.661858 ms (tx_ts=161695828510057, rx_ts=161695829171915) request_id=62384 zil_blk_id=166679 ccf_commit_seqno=62384 nstreams_done_=15500 config.nstreams=20000 avg_latency=0.6900 ms avg throuhgput (requests/sec) = 87.2847 res=false
*==== INFO ====* req_id_count= 16000 stream_id=63996 latency=0.687005 ms (tx_ts=161701898128028, rx_ts=161701898815033) request_id=64402 zil_blk_id=172363 ccf_commit_seqno=64402 nstreams_done_=16000 config.nstreams=20000 avg_latency=0.6919 ms avg throuhgput (requests/sec) = 87.1225 res=false
*==== INFO ====* req_id_count= 16500 stream_id=65996 latency=0.581257 ms (tx_ts=161707966669958, rx_ts=161707967251215) request_id=66433 zil_blk_id=178053 ccf_commit_seqno=66433 nstreams_done_=16500 config.nstreams=20000 avg_latency=0.6939 ms avg throuhgput (requests/sec) = 86.9712 res=false
*==== INFO ====* req_id_count= 17000 stream_id=67996 latency=0.828740 ms (tx_ts=161714025116632, rx_ts=161714025945372) request_id=68460 zil_blk_id=183739 ccf_commit_seqno=68460 nstreams_done_=17000 config.nstreams=20000 avg_latency=0.6948 ms avg throuhgput (requests/sec) = 86.8337 res=false
*==== INFO ====* req_id_count= 17500 stream_id=69996 latency=0.595073 ms (tx_ts=161720084329186, rx_ts=161720084924259) request_id=70462 zil_blk_id=189423 ccf_commit_seqno=70462 nstreams_done_=17500 config.nstreams=20000 avg_latency=0.6958 ms avg throuhgput (requests/sec) = 86.7042 res=false
*==== INFO ====* req_id_count= 18000 stream_id=71996 latency=0.598790 ms (tx_ts=161726118722185, rx_ts=161726119320975) request_id=72478 zil_blk_id=195087 ccf_commit_seqno=72478 nstreams_done_=18000 config.nstreams=20000 avg_latency=0.6958 ms avg throuhgput (requests/sec) = 86.5926 res=false
*==== INFO ====* req_id_count= 18500 stream_id=73996 latency=0.648363 ms (tx_ts=161731956272625, rx_ts=161731956920988) request_id=74479 zil_blk_id=200567 ccf_commit_seqno=74479 nstreams_done_=18500 config.nstreams=20000 avg_latency=0.6956 ms avg throuhgput (requests/sec) = 86.5669 res=false
*==== INFO ====* req_id_count= 19000 stream_id=75996 latency=0.647712 ms (tx_ts=161737936794815, rx_ts=161737937442527) request_id=76511 zil_blk_id=206180 ccf_commit_seqno=76511 nstreams_done_=19000 config.nstreams=20000 avg_latency=0.6959 ms avg throuhgput (requests/sec) = 86.4863 res=false
*==== INFO ====* req_id_count= 19500 stream_id=77996 latency=0.753520 ms (tx_ts=161743510145153, rx_ts=161743510898673) request_id=78485 zil_blk_id=211411 ccf_commit_seqno=78485 nstreams_done_=19500 config.nstreams=20000 avg_latency=0.6961 ms avg throuhgput (requests/sec) = 86.5660 res=false
*==== INFO ====* http_end_stream ALL streams done! nstreams_done_=20000 avg_latency=0.6989 msreq_id_count= 20000
*==== INFO ====* req_id_count= 20000 stream_id=79996 latency=1.229229 ms (tx_ts=161749429149543, rx_ts=161749430378772) request_id=80000 zil_blk_id=216967 ccf_commit_seqno=80000 nstreams_done_=20000 config.nstreams=20000 avg_latency=0.6989 ms avg throuhgput (requests/sec) = 86.5123 res=true
ngtcp2_conn_read_pkt: ERR_DRAINING
