Uniform: 911884 23839 969314 413446 744339 
Exponential: -2147483648 -2147483648 -2147483648 -2147483648 -2147483648 
Truncated Normal: 289625 612165 321730 32578 214881 
*==== INFO ====* req_id_count= 500 stream_id=1996 latency=0.764554 ms (tx_ts=157797561493177, rx_ts=157797562257731) request_id=19875 zil_blk_id=1996 ccf_commit_seqno=19875 nstreams_done_=500 config.nstreams=20000 avg_latency=0.8752 ms avg throuhgput (requests/sec) = 83.8371 res=false
*==== INFO ====* req_id_count= 1000 stream_id=3996 latency=1.018305 ms (tx_ts=157803554274871, rx_ts=157803555293176) request_id=40304 zil_blk_id=3996 ccf_commit_seqno=40306 nstreams_done_=1000 config.nstreams=20000 avg_latency=0.8975 ms avg throuhgput (requests/sec) = 83.6331 res=false
*==== INFO ====* req_id_count= 1500 stream_id=5996 latency=0.720658 ms (tx_ts=157809531829130, rx_ts=157809532549788) request_id=60737 zil_blk_id=5996 ccf_commit_seqno=60737 nstreams_done_=1500 config.nstreams=20000 avg_latency=0.9033 ms avg throuhgput (requests/sec) = 83.6389 res=false
*==== INFO ====* req_id_count= 2000 stream_id=7996 latency=0.894975 ms (tx_ts=157815452419857, rx_ts=157815453314832) request_id=81024 zil_blk_id=7996 ccf_commit_seqno=81025 nstreams_done_=2000 config.nstreams=20000 avg_latency=0.9007 ms avg throuhgput (requests/sec) = 83.8398 res=false
*==== INFO ====* req_id_count= 2500 stream_id=9996 latency=0.747749 ms (tx_ts=157821362938610, rx_ts=157821363686359) request_id=101262 zil_blk_id=9996 ccf_commit_seqno=101262 nstreams_done_=2500 config.nstreams=20000 avg_latency=0.8961 ms avg throuhgput (requests/sec) = 83.9902 res=false
*==== INFO ====* req_id_count= 3000 stream_id=11996 latency=0.914421 ms (tx_ts=157827264551869, rx_ts=157827265466290) request_id=121479 zil_blk_id=11996 ccf_commit_seqno=121479 nstreams_done_=3000 config.nstreams=20000 avg_latency=0.8889 ms avg throuhgput (requests/sec) = 84.1110 res=false
*==== INFO ====* req_id_count= 3500 stream_id=13996 latency=0.855631 ms (tx_ts=157833173044127, rx_ts=157833173899758) request_id=141702 zil_blk_id=13996 ccf_commit_seqno=141702 nstreams_done_=3500 config.nstreams=20000 avg_latency=0.8868 ms avg throuhgput (requests/sec) = 84.1840 res=false
*==== INFO ====* req_id_count= 4000 stream_id=15996 latency=0.747870 ms (tx_ts=157839072337692, rx_ts=157839073085562) request_id=161906 zil_blk_id=15996 ccf_commit_seqno=161906 nstreams_done_=4000 config.nstreams=20000 avg_latency=0.8858 ms avg throuhgput (requests/sec) = 84.2553 res=false
*==== INFO ====* req_id_count= 4500 stream_id=17996 latency=0.802571 ms (tx_ts=157844971428009, rx_ts=157844972230580) request_id=182134 zil_blk_id=17996 ccf_commit_seqno=182134 nstreams_done_=4500 config.nstreams=20000 avg_latency=0.8848 ms avg throuhgput (requests/sec) = 84.3108 res=false
*==== INFO ====* req_id_count= 5000 stream_id=19996 latency=0.950899 ms (tx_ts=157850873560812, rx_ts=157850874511711) request_id=202365 zil_blk_id=19996 ccf_commit_seqno=202365 nstreams_done_=5000 config.nstreams=20000 avg_latency=0.8859 ms avg throuhgput (requests/sec) = 84.3509 res=false
*==== INFO ====* req_id_count= 5500 stream_id=21996 latency=0.722292 ms (tx_ts=157856785859401, rx_ts=157856786581693) request_id=222645 zil_blk_id=21996 ccf_commit_seqno=222645 nstreams_done_=5500 config.nstreams=20000 avg_latency=0.8871 ms avg throuhgput (requests/sec) = 84.3710 res=false
*==== INFO ====* req_id_count= 6000 stream_id=23996 latency=0.894714 ms (tx_ts=157862684674319, rx_ts=157862685569033) request_id=242907 zil_blk_id=23996 ccf_commit_seqno=242907 nstreams_done_=6000 config.nstreams=20000 avg_latency=0.8852 ms avg throuhgput (requests/sec) = 84.4033 res=false
*==== INFO ====* req_id_count= 6500 stream_id=25996 latency=0.805468 ms (tx_ts=157868599092010, rx_ts=157868599897478) request_id=263181 zil_blk_id=25996 ccf_commit_seqno=263181 nstreams_done_=6500 config.nstreams=20000 avg_latency=0.8853 ms avg throuhgput (requests/sec) = 84.4138 res=false
*==== INFO ====* req_id_count= 7000 stream_id=27996 latency=0.882821 ms (tx_ts=157874513111116, rx_ts=157874513993937) request_id=283487 zil_blk_id=27996 ccf_commit_seqno=283487 nstreams_done_=7000 config.nstreams=20000 avg_latency=0.8840 ms avg throuhgput (requests/sec) = 84.4231 res=false
*==== INFO ====* req_id_count= 7500 stream_id=29996 latency=0.710980 ms (tx_ts=157880412258844, rx_ts=157880412969824) request_id=303707 zil_blk_id=29996 ccf_commit_seqno=303707 nstreams_done_=7500 config.nstreams=20000 avg_latency=0.8816 ms avg throuhgput (requests/sec) = 84.4455 res=false
*==== INFO ====* req_id_count= 8000 stream_id=31996 latency=0.738200 ms (tx_ts=157886312845162, rx_ts=157886313583362) request_id=323949 zil_blk_id=31996 ccf_commit_seqno=323949 nstreams_done_=8000 config.nstreams=20000 avg_latency=0.8805 ms avg throuhgput (requests/sec) = 84.4637 res=false
*==== INFO ====* req_id_count= 8500 stream_id=33996 latency=0.922436 ms (tx_ts=157892213867236, rx_ts=157892214789672) request_id=344200 zil_blk_id=33996 ccf_commit_seqno=344201 nstreams_done_=8500 config.nstreams=20000 avg_latency=0.8796 ms avg throuhgput (requests/sec) = 84.4792 res=false
*==== INFO ====* req_id_count= 9000 stream_id=35996 latency=0.827368 ms (tx_ts=157898132063273, rx_ts=157898132890641) request_id=364479 zil_blk_id=35996 ccf_commit_seqno=364479 nstreams_done_=9000 config.nstreams=20000 avg_latency=0.8804 ms avg throuhgput (requests/sec) = 84.4796 res=false
*==== INFO ====* req_id_count= 9500 stream_id=37996 latency=0.791380 ms (tx_ts=157904033357826, rx_ts=157904034149206) request_id=384695 zil_blk_id=37996 ccf_commit_seqno=384695 nstreams_done_=9500 config.nstreams=20000 avg_latency=0.8797 ms avg throuhgput (requests/sec) = 84.4926 res=false
*==== INFO ====* req_id_count= 10000 stream_id=39996 latency=0.781502 ms (tx_ts=157909944355370, rx_ts=157909945136872) request_id=404954 zil_blk_id=39996 ccf_commit_seqno=404954 nstreams_done_=10000 config.nstreams=20000 avg_latency=0.8792 ms avg throuhgput (requests/sec) = 84.4974 res=false
*==== INFO ====* req_id_count= 10500 stream_id=41996 latency=0.768087 ms (tx_ts=157915873875834, rx_ts=157915874643921) request_id=425253 zil_blk_id=41996 ccf_commit_seqno=425253 nstreams_done_=10500 config.nstreams=20000 avg_latency=0.8806 ms avg throuhgput (requests/sec) = 84.4891 res=false
*==== INFO ====* req_id_count= 11000 stream_id=43996 latency=0.988282 ms (tx_ts=157921778105377, rx_ts=157921779093659) request_id=445493 zil_blk_id=43996 ccf_commit_seqno=445493 nstreams_done_=11000 config.nstreams=20000 avg_latency=0.8809 ms avg throuhgput (requests/sec) = 84.4979 res=false
*==== INFO ====* req_id_count= 11500 stream_id=45996 latency=0.715527 ms (tx_ts=157927672987313, rx_ts=157927673702840) request_id=465700 zil_blk_id=45996 ccf_commit_seqno=465700 nstreams_done_=11500 config.nstreams=20000 avg_latency=0.8806 ms avg throuhgput (requests/sec) = 84.5120 res=false
*==== INFO ====* req_id_count= 12000 stream_id=47996 latency=0.712172 ms (tx_ts=157933567337302, rx_ts=157933568049474) request_id=485943 zil_blk_id=47996 ccf_commit_seqno=485943 nstreams_done_=12000 config.nstreams=20000 avg_latency=0.8799 ms avg throuhgput (requests/sec) = 84.5251 res=false
*==== INFO ====* req_id_count= 12500 stream_id=49996 latency=0.765599 ms (tx_ts=157939500961507, rx_ts=157939501727106) request_id=506300 zil_blk_id=49996 ccf_commit_seqno=506300 nstreams_done_=12500 config.nstreams=20000 avg_latency=0.8820 ms avg throuhgput (requests/sec) = 84.5146 res=false
*==== INFO ====* req_id_count= 13000 stream_id=51996 latency=0.894752 ms (tx_ts=157945437092307, rx_ts=157945437987059) request_id=526607 zil_blk_id=51996 ccf_commit_seqno=526608 nstreams_done_=13000 config.nstreams=20000 avg_latency=0.8834 ms avg throuhgput (requests/sec) = 84.5036 res=false
*==== INFO ====* req_id_count= 13500 stream_id=53996 latency=1.123362 ms (tx_ts=157951322999171, rx_ts=157951324122533) request_id=546825 zil_blk_id=53996 ccf_commit_seqno=546827 nstreams_done_=13500 config.nstreams=20000 avg_latency=0.8829 ms avg throuhgput (requests/sec) = 84.5198 res=false
*==== INFO ====* req_id_count= 14000 stream_id=55996 latency=0.917126 ms (tx_ts=157957221251900, rx_ts=157957222169026) request_id=567039 zil_blk_id=55996 ccf_commit_seqno=567039 nstreams_done_=14000 config.nstreams=20000 avg_latency=0.8827 ms avg throuhgput (requests/sec) = 84.5289 res=false
*==== INFO ====* req_id_count= 14500 stream_id=57996 latency=0.878754 ms (tx_ts=157963142341036, rx_ts=157963143219790) request_id=587346 zil_blk_id=57996 ccf_commit_seqno=587346 nstreams_done_=14500 config.nstreams=20000 avg_latency=0.8834 ms avg throuhgput (requests/sec) = 84.5260 res=false
*==== INFO ====* req_id_count= 15000 stream_id=59996 latency=0.686595 ms (tx_ts=157969086116224, rx_ts=157969086802819) request_id=607723 zil_blk_id=59996 ccf_commit_seqno=607723 nstreams_done_=15000 config.nstreams=20000 avg_latency=0.8856 ms avg throuhgput (requests/sec) = 84.5125 res=false
*==== INFO ====* req_id_count= 15500 stream_id=61996 latency=0.721430 ms (tx_ts=157975039977390, rx_ts=157975040698820) request_id=628148 zil_blk_id=61996 ccf_commit_seqno=628148 nstreams_done_=15500 config.nstreams=20000 avg_latency=0.8871 ms avg throuhgput (requests/sec) = 84.4952 res=false
*==== INFO ====* req_id_count= 16000 stream_id=63996 latency=0.718323 ms (tx_ts=157980938526806, rx_ts=157980939245129) request_id=648434 zil_blk_id=63996 ccf_commit_seqno=648434 nstreams_done_=16000 config.nstreams=20000 avg_latency=0.8867 ms avg throuhgput (requests/sec) = 84.5036 res=false
*==== INFO ====* req_id_count= 16500 stream_id=65996 latency=0.775050 ms (tx_ts=157986833940747, rx_ts=157986834715797) request_id=668688 zil_blk_id=65996 ccf_commit_seqno=668688 nstreams_done_=16500 config.nstreams=20000 avg_latency=0.8859 ms avg throuhgput (requests/sec) = 84.5129 res=false
*==== INFO ====* req_id_count= 17000 stream_id=67996 latency=0.724756 ms (tx_ts=157992723185091, rx_ts=157992723909847) request_id=688946 zil_blk_id=67996 ccf_commit_seqno=688946 nstreams_done_=17000 config.nstreams=20000 avg_latency=0.8850 ms avg throuhgput (requests/sec) = 84.5243 res=false
*==== INFO ====* req_id_count= 17500 stream_id=69996 latency=0.760417 ms (tx_ts=157998642633768, rx_ts=157998643394185) request_id=709269 zil_blk_id=69996 ccf_commit_seqno=709269 nstreams_done_=17500 config.nstreams=20000 avg_latency=0.8851 ms avg throuhgput (requests/sec) = 84.5227 res=false
*==== INFO ====* req_id_count= 18000 stream_id=71996 latency=0.733853 ms (tx_ts=158004573093101, rx_ts=158004573826954) request_id=729642 zil_blk_id=71996 ccf_commit_seqno=729643 nstreams_done_=18000 config.nstreams=20000 avg_latency=0.8853 ms avg throuhgput (requests/sec) = 84.5168 res=false
*==== INFO ====* req_id_count= 18500 stream_id=73996 latency=0.709537 ms (tx_ts=158010467382393, rx_ts=158010468091930) request_id=749913 zil_blk_id=73996 ccf_commit_seqno=749913 nstreams_done_=18500 config.nstreams=20000 avg_latency=0.8843 ms avg throuhgput (requests/sec) = 84.5251 res=false
*==== INFO ====* req_id_count= 19000 stream_id=75996 latency=0.933606 ms (tx_ts=158016368395259, rx_ts=158016369328865) request_id=770190 zil_blk_id=75996 ccf_commit_seqno=770190 nstreams_done_=19000 config.nstreams=20000 avg_latency=0.8840 ms avg throuhgput (requests/sec) = 84.5305 res=false
*==== INFO ====* req_id_count= 19500 stream_id=77996 latency=0.885877 ms (tx_ts=158022312485355, rx_ts=158022313371232) request_id=789906 zil_blk_id=77996 ccf_commit_seqno=789906 nstreams_done_=19500 config.nstreams=20000 avg_latency=0.8848 ms avg throuhgput (requests/sec) = 84.5198 res=false
*==== INFO ====* http_end_stream ALL streams done! nstreams_done_=20000 avg_latency=0.8838 msreq_id_count= 20000
*==== INFO ====* req_id_count= 20000 stream_id=79996 latency=0.798825 ms (tx_ts=158028290877271, rx_ts=158028291676096) request_id=799789 zil_blk_id=79996 ccf_commit_seqno=799789 nstreams_done_=20000 config.nstreams=20000 avg_latency=0.8838 ms avg throuhgput (requests/sec) = 84.4975 res=true
