Uniform: 609587 267232 588016 836501 92324 
Exponential: -2147483648 -2147483648 -2147483648 -2147483648 -2147483648 
Truncated Normal: 782956 257961 832735 943370 743018 
*==== INFO ====* req_id_count= 500 stream_id=1996 latency=0.670936 ms (tx_ts=157797378837300, rx_ts=157797379508236) request_id=19268 zil_blk_id=1996 ccf_commit_seqno=19268 nstreams_done_=500 config.nstreams=20000 avg_latency=0.7115 ms avg throuhgput (requests/sec) = 86.3429 res=false
*==== INFO ====* req_id_count= 1000 stream_id=3996 latency=0.756555 ms (tx_ts=157803180106528, rx_ts=157803180863083) request_id=39054 zil_blk_id=3996 ccf_commit_seqno=39055 nstreams_done_=1000 config.nstreams=20000 avg_latency=0.7018 ms avg throuhgput (requests/sec) = 86.2648 res=false
*==== INFO ====* req_id_count= 1500 stream_id=5996 latency=0.543086 ms (tx_ts=157808981187569, rx_ts=157808981730655) request_id=58875 zil_blk_id=5996 ccf_commit_seqno=58875 nstreams_done_=1500 config.nstreams=20000 avg_latency=0.7045 ms avg throuhgput (requests/sec) = 86.2412 res=false
*==== INFO ====* req_id_count= 2000 stream_id=7996 latency=0.572461 ms (tx_ts=157814757773217, rx_ts=157814758345678) request_id=78674 zil_blk_id=7996 ccf_commit_seqno=78674 nstreams_done_=2000 config.nstreams=20000 avg_latency=0.7010 ms avg throuhgput (requests/sec) = 86.3196 res=false
*==== INFO ====* req_id_count= 2500 stream_id=9996 latency=0.761696 ms (tx_ts=157820548484623, rx_ts=157820549246319) request_id=98498 zil_blk_id=9996 ccf_commit_seqno=98499 nstreams_done_=2500 config.nstreams=20000 avg_latency=0.7055 ms avg throuhgput (requests/sec) = 86.3242 res=false
*==== INFO ====* req_id_count= 3000 stream_id=11996 latency=0.675584 ms (tx_ts=157826227666515, rx_ts=157826228342099) request_id=117948 zil_blk_id=11996 ccf_commit_seqno=117948 nstreams_done_=3000 config.nstreams=20000 avg_latency=0.7056 ms avg throuhgput (requests/sec) = 86.6058 res=false
*==== INFO ====* req_id_count= 3500 stream_id=13996 latency=0.858256 ms (tx_ts=157831829915451, rx_ts=157831830773707) request_id=137127 zil_blk_id=13996 ccf_commit_seqno=137128 nstreams_done_=3500 config.nstreams=20000 avg_latency=0.7080 ms avg throuhgput (requests/sec) = 86.9735 res=false
*==== INFO ====* req_id_count= 4000 stream_id=15996 latency=0.874577 ms (tx_ts=157837603759507, rx_ts=157837604634084) request_id=156883 zil_blk_id=15996 ccf_commit_seqno=156884 nstreams_done_=4000 config.nstreams=20000 avg_latency=0.7074 ms avg throuhgput (requests/sec) = 86.9263 res=false
*==== INFO ====* req_id_count= 4500 stream_id=17996 latency=0.664664 ms (tx_ts=157843372702913, rx_ts=157843373367577) request_id=176667 zil_blk_id=17996 ccf_commit_seqno=176667 nstreams_done_=4500 config.nstreams=20000 avg_latency=0.7088 ms avg throuhgput (requests/sec) = 86.8982 res=false
*==== INFO ====* req_id_count= 5000 stream_id=19996 latency=0.804805 ms (tx_ts=157849148321335, rx_ts=157849149126140) request_id=196466 zil_blk_id=19996 ccf_commit_seqno=196466 nstreams_done_=5000 config.nstreams=20000 avg_latency=0.7096 ms avg throuhgput (requests/sec) = 86.8652 res=false
*==== INFO ====* req_id_count= 5500 stream_id=21996 latency=0.562342 ms (tx_ts=157854915126043, rx_ts=157854915688385) request_id=216237 zil_blk_id=21996 ccf_commit_seqno=216237 nstreams_done_=5500 config.nstreams=20000 avg_latency=0.7098 ms avg throuhgput (requests/sec) = 86.8507 res=false
*==== INFO ====* req_id_count= 6000 stream_id=23996 latency=0.898802 ms (tx_ts=157860670767492, rx_ts=157860671666294) request_id=236008 zil_blk_id=23996 ccf_commit_seqno=236009 nstreams_done_=6000 config.nstreams=20000 avg_latency=0.7094 ms avg throuhgput (requests/sec) = 86.8520 res=false
*==== INFO ====* req_id_count= 6500 stream_id=25996 latency=0.595344 ms (tx_ts=157866423367216, rx_ts=157866423962560) request_id=255734 zil_blk_id=25996 ccf_commit_seqno=255734 nstreams_done_=6500 config.nstreams=20000 avg_latency=0.7093 ms avg throuhgput (requests/sec) = 86.8574 res=false
*==== INFO ====* req_id_count= 7000 stream_id=27996 latency=0.673916 ms (tx_ts=157872166400755, rx_ts=157872167074671) request_id=275449 zil_blk_id=27996 ccf_commit_seqno=275449 nstreams_done_=7000 config.nstreams=20000 avg_latency=0.7075 ms avg throuhgput (requests/sec) = 86.8719 res=false
*==== INFO ====* req_id_count= 7500 stream_id=29996 latency=0.587589 ms (tx_ts=157877913106750, rx_ts=157877913694339) request_id=295157 zil_blk_id=29996 ccf_commit_seqno=295158 nstreams_done_=7500 config.nstreams=20000 avg_latency=0.7081 ms avg throuhgput (requests/sec) = 86.8809 res=false
*==== INFO ====* req_id_count= 8000 stream_id=31996 latency=0.821522 ms (tx_ts=157883676881211, rx_ts=157883677702733) request_id=314908 zil_blk_id=31996 ccf_commit_seqno=314908 nstreams_done_=8000 config.nstreams=20000 avg_latency=0.7089 ms avg throuhgput (requests/sec) = 86.8724 res=false
*==== INFO ====* req_id_count= 8500 stream_id=33996 latency=0.659082 ms (tx_ts=157889425146349, rx_ts=157889425805431) request_id=334632 zil_blk_id=33996 ccf_commit_seqno=334632 nstreams_done_=8500 config.nstreams=20000 avg_latency=0.7086 ms avg throuhgput (requests/sec) = 86.8791 res=false
*==== INFO ====* req_id_count= 9000 stream_id=35996 latency=0.589412 ms (tx_ts=157895166371724, rx_ts=157895166961136) request_id=354314 zil_blk_id=35996 ccf_commit_seqno=354314 nstreams_done_=9000 config.nstreams=20000 avg_latency=0.7075 ms avg throuhgput (requests/sec) = 86.8908 res=false
*==== INFO ====* req_id_count= 9500 stream_id=37996 latency=0.634857 ms (tx_ts=157900913862510, rx_ts=157900914497367) request_id=374011 zil_blk_id=37996 ccf_commit_seqno=374011 nstreams_done_=9500 config.nstreams=20000 avg_latency=0.7082 ms avg throuhgput (requests/sec) = 86.8962 res=false
*==== INFO ====* req_id_count= 10000 stream_id=39996 latency=0.555880 ms (tx_ts=157906670377188, rx_ts=157906670933068) request_id=393727 zil_blk_id=39996 ccf_commit_seqno=393727 nstreams_done_=10000 config.nstreams=20000 avg_latency=0.7069 ms avg throuhgput (requests/sec) = 86.8943 res=false
*==== INFO ====* req_id_count= 10500 stream_id=41996 latency=0.819042 ms (tx_ts=157912406736208, rx_ts=157912407555250) request_id=413421 zil_blk_id=41996 ccf_commit_seqno=413422 nstreams_done_=10500 config.nstreams=20000 avg_latency=0.7065 ms avg throuhgput (requests/sec) = 86.9069 res=false
*==== INFO ====* req_id_count= 11000 stream_id=43996 latency=0.848237 ms (tx_ts=157918179091860, rx_ts=157918179940097) request_id=433167 zil_blk_id=43996 ccf_commit_seqno=433169 nstreams_done_=11000 config.nstreams=20000 avg_latency=0.7072 ms avg throuhgput (requests/sec) = 86.8938 res=false
*==== INFO ====* req_id_count= 11500 stream_id=45996 latency=0.558294 ms (tx_ts=157923937232856, rx_ts=157923937791150) request_id=452910 zil_blk_id=45996 ccf_commit_seqno=452910 nstreams_done_=11500 config.nstreams=20000 avg_latency=0.7079 ms avg throuhgput (requests/sec) = 86.8914 res=false
*==== INFO ====* req_id_count= 12000 stream_id=47996 latency=0.647540 ms (tx_ts=157929673869618, rx_ts=157929674517158) request_id=472576 zil_blk_id=47996 ccf_commit_seqno=472576 nstreams_done_=12000 config.nstreams=20000 avg_latency=0.7074 ms avg throuhgput (requests/sec) = 86.9024 res=false
*==== INFO ====* req_id_count= 12500 stream_id=49996 latency=0.721941 ms (tx_ts=157935407191829, rx_ts=157935407913770) request_id=492252 zil_blk_id=49996 ccf_commit_seqno=492253 nstreams_done_=12500 config.nstreams=20000 avg_latency=0.7082 ms avg throuhgput (requests/sec) = 86.9146 res=false
*==== INFO ====* req_id_count= 13000 stream_id=51996 latency=0.788876 ms (tx_ts=157941162668217, rx_ts=157941163457093) request_id=512006 zil_blk_id=51996 ccf_commit_seqno=512008 nstreams_done_=13000 config.nstreams=20000 avg_latency=0.7073 ms avg throuhgput (requests/sec) = 86.9130 res=false
*==== INFO ====* req_id_count= 13500 stream_id=53996 latency=0.920812 ms (tx_ts=157946911408677, rx_ts=157946912329489) request_id=531669 zil_blk_id=53996 ccf_commit_seqno=531670 nstreams_done_=13500 config.nstreams=20000 avg_latency=0.7079 ms avg throuhgput (requests/sec) = 86.9153 res=false
*==== INFO ====* req_id_count= 14000 stream_id=55996 latency=0.563745 ms (tx_ts=157952684400977, rx_ts=157952684964722) request_id=551501 zil_blk_id=55996 ccf_commit_seqno=551501 nstreams_done_=14000 config.nstreams=20000 avg_latency=0.7088 ms avg throuhgput (requests/sec) = 86.9045 res=false
*==== INFO ====* req_id_count= 14500 stream_id=57996 latency=0.758599 ms (tx_ts=157958423730970, rx_ts=157958424489569) request_id=571174 zil_blk_id=57996 ccf_commit_seqno=571174 nstreams_done_=14500 config.nstreams=20000 avg_latency=0.7090 ms avg throuhgput (requests/sec) = 86.9118 res=false
*==== INFO ====* req_id_count= 15000 stream_id=59996 latency=0.584624 ms (tx_ts=157964186027816, rx_ts=157964186612440) request_id=590918 zil_blk_id=59996 ccf_commit_seqno=590918 nstreams_done_=15000 config.nstreams=20000 avg_latency=0.7087 ms avg throuhgput (requests/sec) = 86.9072 res=false
*==== INFO ====* req_id_count= 15500 stream_id=61996 latency=0.572191 ms (tx_ts=157969940537529, rx_ts=157969941109720) request_id=610652 zil_blk_id=61996 ccf_commit_seqno=610652 nstreams_done_=15500 config.nstreams=20000 avg_latency=0.7082 ms avg throuhgput (requests/sec) = 86.9066 res=false
*==== INFO ====* req_id_count= 16000 stream_id=63996 latency=0.621763 ms (tx_ts=157975697930630, rx_ts=157975698552393) request_id=630417 zil_blk_id=63996 ccf_commit_seqno=630418 nstreams_done_=16000 config.nstreams=20000 avg_latency=0.7087 ms avg throuhgput (requests/sec) = 86.9046 res=false
*==== INFO ====* req_id_count= 16500 stream_id=65996 latency=0.753940 ms (tx_ts=157981444016909, rx_ts=157981444770849) request_id=650168 zil_blk_id=65996 ccf_commit_seqno=650170 nstreams_done_=16500 config.nstreams=20000 avg_latency=0.7088 ms avg throuhgput (requests/sec) = 86.9079 res=false
*==== INFO ====* req_id_count= 17000 stream_id=67996 latency=0.588501 ms (tx_ts=157987196334004, rx_ts=157987196922505) request_id=669934 zil_blk_id=67996 ccf_commit_seqno=669934 nstreams_done_=17000 config.nstreams=20000 avg_latency=0.7087 ms avg throuhgput (requests/sec) = 86.9084 res=false
*==== INFO ====* req_id_count= 17500 stream_id=69996 latency=0.658642 ms (tx_ts=157992928741076, rx_ts=157992929399718) request_id=689646 zil_blk_id=69996 ccf_commit_seqno=689646 nstreams_done_=17500 config.nstreams=20000 avg_latency=0.7082 ms avg throuhgput (requests/sec) = 86.9173 res=false
*==== INFO ====* req_id_count= 18000 stream_id=71996 latency=0.601996 ms (tx_ts=157998671099466, rx_ts=157998671701462) request_id=709364 zil_blk_id=71996 ccf_commit_seqno=709364 nstreams_done_=18000 config.nstreams=20000 avg_latency=0.7083 ms avg throuhgput (requests/sec) = 86.9216 res=false
*==== INFO ====* req_id_count= 18500 stream_id=73996 latency=0.600253 ms (tx_ts=158004408662045, rx_ts=158004409262298) request_id=729084 zil_blk_id=73996 ccf_commit_seqno=729084 nstreams_done_=18500 config.nstreams=20000 avg_latency=0.7084 ms avg throuhgput (requests/sec) = 86.9277 res=false
*==== INFO ====* req_id_count= 19000 stream_id=75996 latency=0.832893 ms (tx_ts=158010159996771, rx_ts=158010160829664) request_id=748861 zil_blk_id=75996 ccf_commit_seqno=748861 nstreams_done_=19000 config.nstreams=20000 avg_latency=0.7083 ms avg throuhgput (requests/sec) = 86.9278 res=false
*==== INFO ====* req_id_count= 19500 stream_id=77996 latency=0.657811 ms (tx_ts=158015927162981, rx_ts=158015927820792) request_id=768674 zil_blk_id=77996 ccf_commit_seqno=768674 nstreams_done_=19500 config.nstreams=20000 avg_latency=0.7085 ms avg throuhgput (requests/sec) = 86.9220 res=false
*==== INFO ====* http_end_stream ALL streams done! nstreams_done_=20000 avg_latency=0.7087 msreq_id_count= 20000
*==== INFO ====* req_id_count= 20000 stream_id=79996 latency=0.582888 ms (tx_ts=158021691546931, rx_ts=158021692129819) request_id=788019 zil_blk_id=79996 ccf_commit_seqno=788019 nstreams_done_=20000 config.nstreams=20000 avg_latency=0.7087 ms avg throuhgput (requests/sec) = 86.9174 res=true
