Uniform: 502279 71596 259461 891581 921501 
Exponential: -2147483648 -2147483648 -2147483648 -2147483648 -2147483648 
Truncated Normal: 582277 804462 410538 617474 600106 
*==== INFO ====* req_id_count= 500 stream_id=1996 latency=0.808132 ms (tx_ts=157797467240818, rx_ts=157797468048950) request_id=19566 zil_blk_id=1996 ccf_commit_seqno=19567 nstreams_done_=500 config.nstreams=20000 avg_latency=0.8631 ms avg throuhgput (requests/sec) = 85.2242 res=false
*==== INFO ====* req_id_count= 1000 stream_id=3996 latency=0.815155 ms (tx_ts=157803313096620, rx_ts=157803313911775) request_id=39501 zil_blk_id=3996 ccf_commit_seqno=39501 nstreams_done_=1000 config.nstreams=20000 avg_latency=0.8714 ms avg throuhgput (requests/sec) = 85.3771 res=false
*==== INFO ====* req_id_count= 1500 stream_id=5996 latency=0.866020 ms (tx_ts=157809134334109, rx_ts=157809135200129) request_id=59394 zil_blk_id=5996 ccf_commit_seqno=59396 nstreams_done_=1500 config.nstreams=20000 avg_latency=0.8636 ms avg throuhgput (requests/sec) = 85.5479 res=false
*==== INFO ====* req_id_count= 2000 stream_id=7996 latency=0.740767 ms (tx_ts=157814949301924, rx_ts=157814950042691) request_id=79321 zil_blk_id=7996 ccf_commit_seqno=79321 nstreams_done_=2000 config.nstreams=20000 avg_latency=0.8637 ms avg throuhgput (requests/sec) = 85.6572 res=false
*==== INFO ====* req_id_count= 2500 stream_id=9996 latency=0.980015 ms (tx_ts=157820753475513, rx_ts=157820754455528) request_id=99196 zil_blk_id=9996 ccf_commit_seqno=99197 nstreams_done_=2500 config.nstreams=20000 avg_latency=0.8642 ms avg throuhgput (requests/sec) = 85.7536 res=false
*==== INFO ====* req_id_count= 3000 stream_id=11996 latency=0.781189 ms (tx_ts=157826544418500, rx_ts=157826545199689) request_id=119028 zil_blk_id=11996 ccf_commit_seqno=119028 nstreams_done_=3000 config.nstreams=20000 avg_latency=0.8624 ms avg throuhgput (requests/sec) = 85.8516 res=false
*==== INFO ====* req_id_count= 3500 stream_id=13996 latency=0.842597 ms (tx_ts=157832368626204, rx_ts=157832369468801) request_id=138963 zil_blk_id=13996 ccf_commit_seqno=138963 nstreams_done_=3500 config.nstreams=20000 avg_latency=0.8631 ms avg throuhgput (requests/sec) = 85.8510 res=false
*==== INFO ====* req_id_count= 4000 stream_id=15996 latency=0.940180 ms (tx_ts=157838192727170, rx_ts=157838193667350) request_id=158902 zil_blk_id=15996 ccf_commit_seqno=158902 nstreams_done_=4000 config.nstreams=20000 avg_latency=0.8636 ms avg throuhgput (requests/sec) = 85.8507 res=false
*==== INFO ====* req_id_count= 4500 stream_id=17996 latency=0.923906 ms (tx_ts=157843979900070, rx_ts=157843980823976) request_id=178749 zil_blk_id=17996 ccf_commit_seqno=178750 nstreams_done_=4500 config.nstreams=20000 avg_latency=0.8626 ms avg throuhgput (requests/sec) = 85.9112 res=false
*==== INFO ====* req_id_count= 5000 stream_id=19996 latency=0.740175 ms (tx_ts=157849815422207, rx_ts=157849816162382) request_id=198755 zil_blk_id=19996 ccf_commit_seqno=198755 nstreams_done_=5000 config.nstreams=20000 avg_latency=0.8642 ms avg throuhgput (requests/sec) = 85.8885 res=false
*==== INFO ====* req_id_count= 5500 stream_id=21996 latency=0.820907 ms (tx_ts=157855657401789, rx_ts=157855658222696) request_id=218782 zil_blk_id=21996 ccf_commit_seqno=218783 nstreams_done_=5500 config.nstreams=20000 avg_latency=0.8656 ms avg throuhgput (requests/sec) = 85.8610 res=false
*==== INFO ====* req_id_count= 6000 stream_id=23996 latency=1.012094 ms (tx_ts=157861453349259, rx_ts=157861454361353) request_id=238688 zil_blk_id=23996 ccf_commit_seqno=238690 nstreams_done_=6000 config.nstreams=20000 avg_latency=0.8637 ms avg throuhgput (requests/sec) = 85.8944 res=false
*==== INFO ====* req_id_count= 6500 stream_id=25996 latency=0.747579 ms (tx_ts=157867288334747, rx_ts=157867289082326) request_id=258692 zil_blk_id=25996 ccf_commit_seqno=258692 nstreams_done_=6500 config.nstreams=20000 avg_latency=0.8638 ms avg throuhgput (requests/sec) = 85.8790 res=false
*==== INFO ====* req_id_count= 7000 stream_id=27996 latency=0.706208 ms (tx_ts=157873118087773, rx_ts=157873118793981) request_id=278715 zil_blk_id=27996 ccf_commit_seqno=278715 nstreams_done_=7000 config.nstreams=20000 avg_latency=0.8641 ms avg throuhgput (requests/sec) = 85.8710 res=false
*==== INFO ====* req_id_count= 7500 stream_id=29996 latency=0.882752 ms (tx_ts=157878923488506, rx_ts=157878924371258) request_id=298617 zil_blk_id=29996 ccf_commit_seqno=298617 nstreams_done_=7500 config.nstreams=20000 avg_latency=0.8629 ms avg throuhgput (requests/sec) = 85.8878 res=false
*==== INFO ====* req_id_count= 8000 stream_id=31996 latency=0.829011 ms (tx_ts=157884738311496, rx_ts=157884739140507) request_id=318552 zil_blk_id=31996 ccf_commit_seqno=318552 nstreams_done_=8000 config.nstreams=20000 avg_latency=0.8634 ms avg throuhgput (requests/sec) = 85.8941 res=false
*==== INFO ====* req_id_count= 8500 stream_id=33996 latency=0.709296 ms (tx_ts=157890521930064, rx_ts=157890522639360) request_id=338398 zil_blk_id=33996 ccf_commit_seqno=338398 nstreams_done_=8500 config.nstreams=20000 avg_latency=0.8617 ms avg throuhgput (requests/sec) = 85.9267 res=false
*==== INFO ====* req_id_count= 9000 stream_id=35996 latency=0.827428 ms (tx_ts=157896340228834, rx_ts=157896341056262) request_id=358343 zil_blk_id=35996 ccf_commit_seqno=358343 nstreams_done_=9000 config.nstreams=20000 avg_latency=0.8615 ms avg throuhgput (requests/sec) = 85.9272 res=false
*==== INFO ====* req_id_count= 9500 stream_id=37996 latency=0.949857 ms (tx_ts=157902153586368, rx_ts=157902154536225) request_id=378258 zil_blk_id=37996 ccf_commit_seqno=378259 nstreams_done_=9500 config.nstreams=20000 avg_latency=0.8614 ms avg throuhgput (requests/sec) = 85.9314 res=false
*==== INFO ====* req_id_count= 10000 stream_id=39996 latency=0.819352 ms (tx_ts=157907954319706, rx_ts=157907955139058) request_id=398131 zil_blk_id=39996 ccf_commit_seqno=398132 nstreams_done_=10000 config.nstreams=20000 avg_latency=0.8611 ms avg throuhgput (requests/sec) = 85.9446 res=false
*==== INFO ====* req_id_count= 10500 stream_id=41996 latency=0.749692 ms (tx_ts=157913753448868, rx_ts=157913754198560) request_id=418046 zil_blk_id=41996 ccf_commit_seqno=418046 nstreams_done_=10500 config.nstreams=20000 avg_latency=0.8602 ms avg throuhgput (requests/sec) = 85.9578 res=false
*==== INFO ====* req_id_count= 11000 stream_id=43996 latency=0.682517 ms (tx_ts=157919600882082, rx_ts=157919601564599) request_id=438025 zil_blk_id=43996 ccf_commit_seqno=438025 nstreams_done_=11000 config.nstreams=20000 avg_latency=0.8618 ms avg throuhgput (requests/sec) = 85.9372 res=false
*==== INFO ====* req_id_count= 11500 stream_id=45996 latency=0.963012 ms (tx_ts=157925391642986, rx_ts=157925392605998) request_id=457905 zil_blk_id=45996 ccf_commit_seqno=457910 nstreams_done_=11500 config.nstreams=20000 avg_latency=0.8613 ms avg throuhgput (requests/sec) = 85.9547 res=false
*==== INFO ====* req_id_count= 12000 stream_id=47996 latency=1.107793 ms (tx_ts=157931206276251, rx_ts=157931207384044) request_id=477837 zil_blk_id=47996 ccf_commit_seqno=477838 nstreams_done_=12000 config.nstreams=20000 avg_latency=0.8625 ms avg throuhgput (requests/sec) = 85.9561 res=false
*==== INFO ====* req_id_count= 12500 stream_id=49996 latency=0.726920 ms (tx_ts=157937027131036, rx_ts=157937027857956) request_id=497817 zil_blk_id=49996 ccf_commit_seqno=497817 nstreams_done_=12500 config.nstreams=20000 avg_latency=0.8638 ms avg throuhgput (requests/sec) = 85.9540 res=false
*==== INFO ====* req_id_count= 13000 stream_id=51996 latency=0.717236 ms (tx_ts=157942831956299, rx_ts=157942832673535) request_id=517725 zil_blk_id=51996 ccf_commit_seqno=517725 nstreams_done_=13000 config.nstreams=20000 avg_latency=0.8638 ms avg throuhgput (requests/sec) = 85.9609 res=false
*==== INFO ====* req_id_count= 13500 stream_id=53996 latency=0.862473 ms (tx_ts=157948646769570, rx_ts=157948647632043) request_id=537634 zil_blk_id=53996 ccf_commit_seqno=537635 nstreams_done_=13500 config.nstreams=20000 avg_latency=0.8645 ms avg throuhgput (requests/sec) = 85.9618 res=false
*==== INFO ====* req_id_count= 14000 stream_id=55996 latency=0.888372 ms (tx_ts=157954442697239, rx_ts=157954443585611) request_id=557520 zil_blk_id=55996 ccf_commit_seqno=557520 nstreams_done_=14000 config.nstreams=20000 avg_latency=0.8638 ms avg throuhgput (requests/sec) = 85.9727 res=false
*==== INFO ====* req_id_count= 14500 stream_id=57996 latency=0.698447 ms (tx_ts=157960238552953, rx_ts=157960239251400) request_id=577401 zil_blk_id=57996 ccf_commit_seqno=577401 nstreams_done_=14500 config.nstreams=20000 avg_latency=0.8640 ms avg throuhgput (requests/sec) = 85.9830 res=false
*==== INFO ====* req_id_count= 15000 stream_id=59996 latency=0.743681 ms (tx_ts=157966044764779, rx_ts=157966045508460) request_id=597303 zil_blk_id=59996 ccf_commit_seqno=597303 nstreams_done_=15000 config.nstreams=20000 avg_latency=0.8639 ms avg throuhgput (requests/sec) = 85.9873 res=false
*==== INFO ====* req_id_count= 15500 stream_id=61996 latency=0.759400 ms (tx_ts=157971845587366, rx_ts=157971846346766) request_id=617182 zil_blk_id=61996 ccf_commit_seqno=617182 nstreams_done_=15500 config.nstreams=20000 avg_latency=0.8640 ms avg throuhgput (requests/sec) = 85.9940 res=false
*==== INFO ====* req_id_count= 16000 stream_id=63996 latency=0.725928 ms (tx_ts=157977655773682, rx_ts=157977656499610) request_id=637146 zil_blk_id=63996 ccf_commit_seqno=637146 nstreams_done_=16000 config.nstreams=20000 avg_latency=0.8650 ms avg throuhgput (requests/sec) = 85.9959 res=false
*==== INFO ====* req_id_count= 16500 stream_id=65996 latency=0.861392 ms (tx_ts=157983464718271, rx_ts=157983465579663) request_id=657118 zil_blk_id=65996 ccf_commit_seqno=657118 nstreams_done_=16500 config.nstreams=20000 avg_latency=0.8645 ms avg throuhgput (requests/sec) = 85.9982 res=false
*==== INFO ====* req_id_count= 17000 stream_id=67996 latency=0.771704 ms (tx_ts=157989260709438, rx_ts=157989261481142) request_id=677036 zil_blk_id=67996 ccf_commit_seqno=677036 nstreams_done_=17000 config.nstreams=20000 avg_latency=0.8644 ms avg throuhgput (requests/sec) = 86.0061 res=false
*==== INFO ====* req_id_count= 17500 stream_id=69996 latency=0.941261 ms (tx_ts=157995049615699, rx_ts=157995050556960) request_id=696928 zil_blk_id=69996 ccf_commit_seqno=696929 nstreams_done_=17500 config.nstreams=20000 avg_latency=0.8640 ms avg throuhgput (requests/sec) = 86.0165 res=false
*==== INFO ====* req_id_count= 18000 stream_id=71996 latency=0.816608 ms (tx_ts=158000878045689, rx_ts=158000878862297) request_id=716948 zil_blk_id=71996 ccf_commit_seqno=716948 nstreams_done_=18000 config.nstreams=20000 avg_latency=0.8645 ms avg throuhgput (requests/sec) = 86.0101 res=false
*==== INFO ====* req_id_count= 18500 stream_id=73996 latency=0.726639 ms (tx_ts=158006665589226, rx_ts=158006666315865) request_id=736842 zil_blk_id=73996 ccf_commit_seqno=736842 nstreams_done_=18500 config.nstreams=20000 avg_latency=0.8645 ms avg throuhgput (requests/sec) = 86.0204 res=false
*==== INFO ====* req_id_count= 19000 stream_id=75996 latency=0.683348 ms (tx_ts=158012466961825, rx_ts=158012467645173) request_id=756789 zil_blk_id=75996 ccf_commit_seqno=756789 nstreams_done_=19000 config.nstreams=20000 avg_latency=0.8643 ms avg throuhgput (requests/sec) = 86.0248 res=false
*==== INFO ====* req_id_count= 19500 stream_id=77996 latency=0.728400 ms (tx_ts=158018261877026, rx_ts=158018262605426) request_id=776693 zil_blk_id=77996 ccf_commit_seqno=776693 nstreams_done_=19500 config.nstreams=20000 avg_latency=0.8640 ms avg throuhgput (requests/sec) = 86.0314 res=false
*==== INFO ====* http_end_stream ALL streams done! nstreams_done_=20000 avg_latency=0.8636 msreq_id_count= 20000
*==== INFO ====* req_id_count= 20000 stream_id=79996 latency=0.760963 ms (tx_ts=158024071849430, rx_ts=158024072610393) request_id=794517 zil_blk_id=79996 ccf_commit_seqno=794517 nstreams_done_=20000 config.nstreams=20000 avg_latency=0.8636 ms avg throuhgput (requests/sec) = 86.0321 res=true
