Uniform: 376261 975311 964630 50878 52775 
Exponential: -2147483648 -2147483648 -2147483648 -2147483648 -2147483648 
Truncated Normal: 586354 23948 353332 438624 67022 
*==== INFO ====* req_id_count= 500 stream_id=1996 latency=0.549729 ms (tx_ts=157797337627786, rx_ts=157797338177515) request_id=19137 zil_blk_id=717 ccf_commit_seqno=19137 nstreams_done_=500 config.nstreams=20000 avg_latency=0.7074 ms avg throuhgput (requests/sec) = 86.9591 res=false
*==== INFO ====* req_id_count= 1000 stream_id=3996 latency=0.766023 ms (tx_ts=157803143794583, rx_ts=157803144560606) request_id=38931 zil_blk_id=6138 ccf_commit_seqno=38931 nstreams_done_=1000 config.nstreams=20000 avg_latency=0.7077 ms avg throuhgput (requests/sec) = 86.5335 res=false
*==== INFO ====* req_id_count= 1500 stream_id=5996 latency=0.721420 ms (tx_ts=157808954485255, rx_ts=157808955206675) request_id=58784 zil_blk_id=11558 ccf_commit_seqno=58785 nstreams_done_=1500 config.nstreams=20000 avg_latency=0.7123 ms avg throuhgput (requests/sec) = 86.3714 res=false
*==== INFO ====* req_id_count= 2000 stream_id=7996 latency=0.748431 ms (tx_ts=157814741728737, rx_ts=157814742477168) request_id=78623 zil_blk_id=16971 ccf_commit_seqno=78623 nstreams_done_=2000 config.nstreams=20000 avg_latency=0.7047 ms avg throuhgput (requests/sec) = 86.3777 res=false
*==== INFO ====* req_id_count= 2500 stream_id=9996 latency=0.640288 ms (tx_ts=157820543039940, rx_ts=157820543680228) request_id=98477 zil_blk_id=22392 ccf_commit_seqno=98477 nstreams_done_=2500 config.nstreams=20000 avg_latency=0.7023 ms avg throuhgput (requests/sec) = 86.3399 res=false
*==== INFO ====* req_id_count= 3000 stream_id=11996 latency=0.797633 ms (tx_ts=157826345680044, rx_ts=157826346477677) request_id=118344 zil_blk_id=27819 ccf_commit_seqno=118347 nstreams_done_=3000 config.nstreams=20000 avg_latency=0.7035 ms avg throuhgput (requests/sec) = 86.3107 res=false
*==== INFO ====* req_id_count= 3500 stream_id=13996 latency=0.635809 ms (tx_ts=157832150647984, rx_ts=157832151283793) request_id=138221 zil_blk_id=33240 ccf_commit_seqno=138221 nstreams_done_=3500 config.nstreams=20000 avg_latency=0.7026 ms avg throuhgput (requests/sec) = 86.2857 res=false
*==== INFO ====* req_id_count= 4000 stream_id=15996 latency=0.639797 ms (tx_ts=157837938014373, rx_ts=157837938654170) request_id=158032 zil_blk_id=38648 ccf_commit_seqno=158032 nstreams_done_=4000 config.nstreams=20000 avg_latency=0.7009 ms avg throuhgput (requests/sec) = 86.2993 res=false
*==== INFO ====* req_id_count= 4500 stream_id=17996 latency=0.565769 ms (tx_ts=157843722247868, rx_ts=157843722813637) request_id=177868 zil_blk_id=44056 ccf_commit_seqno=177868 nstreams_done_=4500 config.nstreams=20000 avg_latency=0.7016 ms avg throuhgput (requests/sec) = 86.3153 res=false
*==== INFO ====* req_id_count= 5000 stream_id=19996 latency=0.623066 ms (tx_ts=157849527853572, rx_ts=157849528476638) request_id=197764 zil_blk_id=49504 ccf_commit_seqno=197765 nstreams_done_=5000 config.nstreams=20000 avg_latency=0.6995 ms avg throuhgput (requests/sec) = 86.2960 res=false
*==== INFO ====* req_id_count= 5500 stream_id=21996 latency=0.674241 ms (tx_ts=157855324730764, rx_ts=157855325405005) request_id=217648 zil_blk_id=54942 ccf_commit_seqno=217648 nstreams_done_=5500 config.nstreams=20000 avg_latency=0.6993 ms avg throuhgput (requests/sec) = 86.2920 res=false
*==== INFO ====* req_id_count= 6000 stream_id=23996 latency=0.591076 ms (tx_ts=157861121770577, rx_ts=157861122361653) request_id=237555 zil_blk_id=60372 ccf_commit_seqno=237555 nstreams_done_=6000 config.nstreams=20000 avg_latency=0.6982 ms avg throuhgput (requests/sec) = 86.2887 res=false
*==== INFO ====* req_id_count= 6500 stream_id=25996 latency=0.939788 ms (tx_ts=157866910989646, rx_ts=157866911929434) request_id=257403 zil_blk_id=65803 ccf_commit_seqno=257404 nstreams_done_=6500 config.nstreams=20000 avg_latency=0.6972 ms avg throuhgput (requests/sec) = 86.2944 res=false
*==== INFO ====* req_id_count= 7000 stream_id=27996 latency=0.615302 ms (tx_ts=157872524094324, rx_ts=157872524709626) request_id=276674 zil_blk_id=71071 ccf_commit_seqno=276674 nstreams_done_=7000 config.nstreams=20000 avg_latency=0.7016 ms avg throuhgput (requests/sec) = 86.4877 res=false
*==== INFO ====* req_id_count= 7500 stream_id=29996 latency=0.604202 ms (tx_ts=157878327426104, rx_ts=157878328030306) request_id=296579 zil_blk_id=76517 ccf_commit_seqno=296579 nstreams_done_=7500 config.nstreams=20000 avg_latency=0.7022 ms avg throuhgput (requests/sec) = 86.4656 res=false
*==== INFO ====* req_id_count= 8000 stream_id=31996 latency=0.662609 ms (tx_ts=157884146690997, rx_ts=157884147353606) request_id=316523 zil_blk_id=81979 ccf_commit_seqno=316524 nstreams_done_=8000 config.nstreams=20000 avg_latency=0.7041 ms avg throuhgput (requests/sec) = 86.4314 res=false
*==== INFO ====* req_id_count= 8500 stream_id=33996 latency=0.821517 ms (tx_ts=157889938409757, rx_ts=157889939231274) request_id=336399 zil_blk_id=87415 ccf_commit_seqno=336399 nstreams_done_=8500 config.nstreams=20000 avg_latency=0.7030 ms avg throuhgput (requests/sec) = 86.4253 res=false
*==== INFO ====* req_id_count= 9000 stream_id=35996 latency=0.746336 ms (tx_ts=157895729315391, rx_ts=157895730061727) request_id=356247 zil_blk_id=92850 ccf_commit_seqno=356247 nstreams_done_=9000 config.nstreams=20000 avg_latency=0.7012 ms avg throuhgput (requests/sec) = 86.4207 res=false
*==== INFO ====* req_id_count= 9500 stream_id=37996 latency=0.850063 ms (tx_ts=157901514869924, rx_ts=157901515719987) request_id=376070 zil_blk_id=98284 ccf_commit_seqno=376070 nstreams_done_=9500 config.nstreams=20000 avg_latency=0.7000 ms avg throuhgput (requests/sec) = 86.4207 res=false
*==== INFO ====* req_id_count= 10000 stream_id=39996 latency=0.679471 ms (tx_ts=157907299791249, rx_ts=157907300470720) request_id=395888 zil_blk_id=103718 ccf_commit_seqno=395888 nstreams_done_=10000 config.nstreams=20000 avg_latency=0.6991 ms avg throuhgput (requests/sec) = 86.4214 res=false
*==== INFO ====* req_id_count= 10500 stream_id=41996 latency=0.689500 ms (tx_ts=157913093564182, rx_ts=157913094253682) request_id=415782 zil_blk_id=109158 ccf_commit_seqno=415782 nstreams_done_=10500 config.nstreams=20000 avg_latency=0.6987 ms avg throuhgput (requests/sec) = 86.4156 res=false
*==== INFO ====* req_id_count= 11000 stream_id=43996 latency=1.797961 ms (tx_ts=157918909383024, rx_ts=157918911180985) request_id=435673 zil_blk_id=114617 ccf_commit_seqno=435673 nstreams_done_=11000 config.nstreams=20000 avg_latency=0.6990 ms avg throuhgput (requests/sec) = 86.3946 res=false
*==== INFO ====* req_id_count= 11500 stream_id=45996 latency=0.556871 ms (tx_ts=157924724089316, rx_ts=157924724646187) request_id=455615 zil_blk_id=120076 ccf_commit_seqno=455615 nstreams_done_=11500 config.nstreams=20000 avg_latency=0.6994 ms avg throuhgput (requests/sec) = 86.3776 res=false
*==== INFO ====* req_id_count= 12000 stream_id=47996 latency=0.952702 ms (tx_ts=157930529149356, rx_ts=157930530102058) request_id=475510 zil_blk_id=125529 ccf_commit_seqno=475511 nstreams_done_=12000 config.nstreams=20000 avg_latency=0.6993 ms avg throuhgput (requests/sec) = 86.3671 res=false
*==== INFO ====* req_id_count= 12500 stream_id=49996 latency=0.595855 ms (tx_ts=157936319064633, rx_ts=157936319660488) request_id=495395 zil_blk_id=130967 ccf_commit_seqno=495395 nstreams_done_=12500 config.nstreams=20000 avg_latency=0.6992 ms avg throuhgput (requests/sec) = 86.3669 res=false
*==== INFO ====* req_id_count= 13000 stream_id=51996 latency=0.620201 ms (tx_ts=157942114301396, rx_ts=157942114921597) request_id=515268 zil_blk_id=136408 ccf_commit_seqno=515268 nstreams_done_=13000 config.nstreams=20000 avg_latency=0.6992 ms avg throuhgput (requests/sec) = 86.3635 res=false
*==== INFO ====* req_id_count= 13500 stream_id=53996 latency=0.655546 ms (tx_ts=157947939565680, rx_ts=157947940221226) request_id=535203 zil_blk_id=141876 ccf_commit_seqno=535204 nstreams_done_=13500 config.nstreams=20000 avg_latency=0.7001 ms avg throuhgput (requests/sec) = 86.3437 res=false
*==== INFO ====* req_id_count= 14000 stream_id=55996 latency=0.707143 ms (tx_ts=157953738511859, rx_ts=157953739219002) request_id=555113 zil_blk_id=147314 ccf_commit_seqno=555113 nstreams_done_=14000 config.nstreams=20000 avg_latency=0.7003 ms avg throuhgput (requests/sec) = 86.3393 res=false
*==== INFO ====* req_id_count= 14500 stream_id=57996 latency=0.778015 ms (tx_ts=157959537346390, rx_ts=157959538124405) request_id=574991 zil_blk_id=152737 ccf_commit_seqno=574992 nstreams_done_=14500 config.nstreams=20000 avg_latency=0.6996 ms avg throuhgput (requests/sec) = 86.3353 res=false
*==== INFO ====* req_id_count= 15000 stream_id=59996 latency=3.803183 ms (tx_ts=157965340145435, rx_ts=157965343948618) request_id=594884 zil_blk_id=158148 ccf_commit_seqno=594884 nstreams_done_=15000 config.nstreams=20000 avg_latency=0.6990 ms avg throuhgput (requests/sec) = 86.3282 res=false
*==== INFO ====* req_id_count= 15500 stream_id=61996 latency=0.552343 ms (tx_ts=157971163504586, rx_ts=157971164056929) request_id=614860 zil_blk_id=163582 ccf_commit_seqno=614860 nstreams_done_=15500 config.nstreams=20000 avg_latency=0.6989 ms avg throuhgput (requests/sec) = 86.3146 res=false
*==== INFO ====* req_id_count= 16000 stream_id=63996 latency=0.577821 ms (tx_ts=157976955772700, rx_ts=157976956350521) request_id=634745 zil_blk_id=169002 ccf_commit_seqno=634745 nstreams_done_=16000 config.nstreams=20000 avg_latency=0.6984 ms avg throuhgput (requests/sec) = 86.3148 res=false
*==== INFO ====* req_id_count= 16500 stream_id=65996 latency=0.670604 ms (tx_ts=157982739266694, rx_ts=157982739937298) request_id=654633 zil_blk_id=174411 ccf_commit_seqno=654633 nstreams_done_=16500 config.nstreams=20000 avg_latency=0.6988 ms avg throuhgput (requests/sec) = 86.3189 res=false
*==== INFO ====* req_id_count= 17000 stream_id=67996 latency=0.878964 ms (tx_ts=157988522598826, rx_ts=157988523477790) request_id=674495 zil_blk_id=179821 ccf_commit_seqno=674497 nstreams_done_=17000 config.nstreams=20000 avg_latency=0.6983 ms avg throuhgput (requests/sec) = 86.3228 res=false
*==== INFO ====* req_id_count= 17500 stream_id=69996 latency=0.644826 ms (tx_ts=157994308287580, rx_ts=157994308932406) request_id=694383 zil_blk_id=185230 ccf_commit_seqno=694383 nstreams_done_=17500 config.nstreams=20000 avg_latency=0.6982 ms avg throuhgput (requests/sec) = 86.3257 res=false
*==== INFO ====* req_id_count= 18000 stream_id=71996 latency=0.779197 ms (tx_ts=158000091157462, rx_ts=158000091936659) request_id=714244 zil_blk_id=190638 ccf_commit_seqno=714244 nstreams_done_=18000 config.nstreams=20000 avg_latency=0.6978 ms avg throuhgput (requests/sec) = 86.3294 res=false
*==== INFO ====* req_id_count= 18500 stream_id=73996 latency=0.742289 ms (tx_ts=158005895403474, rx_ts=158005896145763) request_id=734195 zil_blk_id=196083 ccf_commit_seqno=734195 nstreams_done_=18500 config.nstreams=20000 avg_latency=0.6973 ms avg throuhgput (requests/sec) = 86.3244 res=false
*==== INFO ====* req_id_count= 19000 stream_id=75996 latency=0.607737 ms (tx_ts=158011683140206, rx_ts=158011683747943) request_id=754094 zil_blk_id=201502 ccf_commit_seqno=754094 nstreams_done_=19000 config.nstreams=20000 avg_latency=0.6971 ms avg throuhgput (requests/sec) = 86.3262 res=false
*==== INFO ====* req_id_count= 19500 stream_id=77996 latency=0.638056 ms (tx_ts=158017475971360, rx_ts=158017476609416) request_id=773993 zil_blk_id=206914 ccf_commit_seqno=773993 nstreams_done_=19500 config.nstreams=20000 avg_latency=0.6968 ms avg throuhgput (requests/sec) = 86.3259 res=false
*==== INFO ====* http_end_stream ALL streams done! nstreams_done_=20000 avg_latency=0.6966 msreq_id_count= 20000
*==== INFO ====* req_id_count= 20000 stream_id=79996 latency=0.710659 ms (tx_ts=158023271477622, rx_ts=158023272188281) request_id=792624 zil_blk_id=212333 ccf_commit_seqno=792624 nstreams_done_=20000 config.nstreams=20000 avg_latency=0.6966 ms avg throuhgput (requests/sec) = 86.3245 res=true
