Uniform: 626325 887115 450897 184447 549483 
Exponential: -2147483648 -2147483648 -2147483648 -2147483648 -2147483648 
Truncated Normal: 781444 358673 55831 303548 169059 
*==== INFO ====* req_id_count= 500 stream_id=1996 latency=0.786652 ms (tx_ts=157797513085633, rx_ts=157797513872285) request_id=19718 zil_blk_id=1996 ccf_commit_seqno=19718 nstreams_done_=500 config.nstreams=20000 avg_latency=0.9071 ms avg throuhgput (requests/sec) = 84.7001 res=false
*==== INFO ====* req_id_count= 1000 stream_id=3996 latency=1.793586 ms (tx_ts=157803431467431, rx_ts=157803433261017) request_id=39892 zil_blk_id=3996 ccf_commit_seqno=39895 nstreams_done_=1000 config.nstreams=20000 avg_latency=0.9155 ms avg throuhgput (requests/sec) = 84.5840 res=false
*==== INFO ====* req_id_count= 1500 stream_id=5996 latency=1.080564 ms (tx_ts=157809327983420, rx_ts=157809329063984) request_id=60045 zil_blk_id=5996 ccf_commit_seqno=60046 nstreams_done_=1500 config.nstreams=20000 avg_latency=0.9145 ms avg throuhgput (requests/sec) = 84.6579 res=false
*==== INFO ====* req_id_count= 2000 stream_id=7996 latency=0.969394 ms (tx_ts=157815201771957, rx_ts=157815202741351) request_id=80177 zil_blk_id=7996 ccf_commit_seqno=80177 nstreams_done_=2000 config.nstreams=20000 avg_latency=0.9204 ms avg throuhgput (requests/sec) = 84.7743 res=false
*==== INFO ====* req_id_count= 2500 stream_id=9996 latency=1.021201 ms (tx_ts=157821042868020, rx_ts=157821043889221) request_id=100178 zil_blk_id=9996 ccf_commit_seqno=100178 nstreams_done_=2500 config.nstreams=20000 avg_latency=0.9135 ms avg throuhgput (requests/sec) = 84.9381 res=false
*==== INFO ====* req_id_count= 3000 stream_id=11996 latency=0.907298 ms (tx_ts=157826898922766, rx_ts=157826899830064) request_id=120233 zil_blk_id=11996 ccf_commit_seqno=120233 nstreams_done_=3000 config.nstreams=20000 avg_latency=0.9139 ms avg throuhgput (requests/sec) = 85.0120 res=false
*==== INFO ====* req_id_count= 3500 stream_id=13996 latency=0.809395 ms (tx_ts=157832769302823, rx_ts=157832770112218) request_id=140326 zil_blk_id=13996 ccf_commit_seqno=140326 nstreams_done_=3500 config.nstreams=20000 avg_latency=0.9180 ms avg throuhgput (requests/sec) = 85.0352 res=false
*==== INFO ====* req_id_count= 4000 stream_id=15996 latency=0.886999 ms (tx_ts=157838645268877, rx_ts=157838646155876) request_id=160451 zil_blk_id=15996 ccf_commit_seqno=160451 nstreams_done_=4000 config.nstreams=20000 avg_latency=0.9190 ms avg throuhgput (requests/sec) = 85.0422 res=false
*==== INFO ====* req_id_count= 4500 stream_id=17996 latency=2.113956 ms (tx_ts=157844503836009, rx_ts=157844505949965) request_id=180540 zil_blk_id=17996 ccf_commit_seqno=180540 nstreams_done_=4500 config.nstreams=20000 avg_latency=0.9184 ms avg throuhgput (requests/sec) = 85.0738 res=false
*==== INFO ====* req_id_count= 5000 stream_id=19996 latency=0.810226 ms (tx_ts=157850383969317, rx_ts=157850384779543) request_id=200691 zil_blk_id=19996 ccf_commit_seqno=200691 nstreams_done_=5000 config.nstreams=20000 avg_latency=0.9228 ms avg throuhgput (requests/sec) = 85.0715 res=false
*==== INFO ====* req_id_count= 5500 stream_id=21996 latency=0.853968 ms (tx_ts=157856279180139, rx_ts=157856280034107) request_id=220913 zil_blk_id=21996 ccf_commit_seqno=220913 nstreams_done_=5500 config.nstreams=20000 avg_latency=0.9244 ms avg throuhgput (requests/sec) = 85.0480 res=false
*==== INFO ====* req_id_count= 6000 stream_id=23996 latency=1.830645 ms (tx_ts=157862135157932, rx_ts=157862136988577) request_id=241027 zil_blk_id=23996 ccf_commit_seqno=241027 nstreams_done_=6000 config.nstreams=20000 avg_latency=0.9220 ms avg throuhgput (requests/sec) = 85.0747 res=false
*==== INFO ====* req_id_count= 6500 stream_id=25996 latency=0.889785 ms (tx_ts=157868013435458, rx_ts=157868014325243) request_id=261184 zil_blk_id=25996 ccf_commit_seqno=261184 nstreams_done_=6500 config.nstreams=20000 avg_latency=0.9234 ms avg throuhgput (requests/sec) = 85.0745 res=false
*==== INFO ====* req_id_count= 7000 stream_id=27996 latency=0.895756 ms (tx_ts=157873887247711, rx_ts=157873888143467) request_id=281347 zil_blk_id=27996 ccf_commit_seqno=281347 nstreams_done_=7000 config.nstreams=20000 avg_latency=0.9240 ms avg throuhgput (requests/sec) = 85.0780 res=false
*==== INFO ====* req_id_count= 7500 stream_id=29996 latency=1.581549 ms (tx_ts=157879761169585, rx_ts=157879762751134) request_id=301480 zil_blk_id=29996 ccf_commit_seqno=301483 nstreams_done_=7500 config.nstreams=20000 avg_latency=0.9241 ms avg throuhgput (requests/sec) = 85.0803 res=false
*==== INFO ====* req_id_count= 8000 stream_id=31996 latency=0.999861 ms (tx_ts=157885617924546, rx_ts=157885618924407) request_id=321568 zil_blk_id=31996 ccf_commit_seqno=321568 nstreams_done_=8000 config.nstreams=20000 avg_latency=0.9239 ms avg throuhgput (requests/sec) = 85.0989 res=false
*==== INFO ====* req_id_count= 8500 stream_id=33996 latency=0.804154 ms (tx_ts=157891468929491, rx_ts=157891469733645) request_id=341647 zil_blk_id=33996 ccf_commit_seqno=341647 nstreams_done_=8500 config.nstreams=20000 avg_latency=0.9230 ms avg throuhgput (requests/sec) = 85.1200 res=false
*==== INFO ====* req_id_count= 9000 stream_id=35996 latency=0.930491 ms (tx_ts=157897335579545, rx_ts=157897336510036) request_id=361749 zil_blk_id=35996 ccf_commit_seqno=361749 nstreams_done_=9000 config.nstreams=20000 avg_latency=0.9221 ms avg throuhgput (requests/sec) = 85.1259 res=false
*==== INFO ====* req_id_count= 9500 stream_id=37996 latency=1.033273 ms (tx_ts=157903220113467, rx_ts=157903221146740) request_id=381914 zil_blk_id=37996 ccf_commit_seqno=381914 nstreams_done_=9500 config.nstreams=20000 avg_latency=0.9231 ms avg throuhgput (requests/sec) = 85.1175 res=false
*==== INFO ====* req_id_count= 10000 stream_id=39996 latency=0.800988 ms (tx_ts=157909071136862, rx_ts=157909071937850) request_id=401952 zil_blk_id=39996 ccf_commit_seqno=401952 nstreams_done_=10000 config.nstreams=20000 avg_latency=0.9223 ms avg throuhgput (requests/sec) = 85.1345 res=false
*==== INFO ====* req_id_count= 10500 stream_id=41996 latency=1.142657 ms (tx_ts=157914916348022, rx_ts=157914917490679) request_id=421990 zil_blk_id=41996 ccf_commit_seqno=421992 nstreams_done_=10500 config.nstreams=20000 avg_latency=0.9221 ms avg throuhgput (requests/sec) = 85.1535 res=false
*==== INFO ====* req_id_count= 11000 stream_id=43996 latency=0.852705 ms (tx_ts=157920798124813, rx_ts=157920798977518) request_id=442135 zil_blk_id=43996 ccf_commit_seqno=442136 nstreams_done_=11000 config.nstreams=20000 avg_latency=0.9228 ms avg throuhgput (requests/sec) = 85.1470 res=false
*==== INFO ====* req_id_count= 11500 stream_id=45996 latency=0.867321 ms (tx_ts=157926677671305, rx_ts=157926678538626) request_id=462308 zil_blk_id=45996 ccf_commit_seqno=462308 nstreams_done_=11500 config.nstreams=20000 avg_latency=0.9233 ms avg throuhgput (requests/sec) = 85.1424 res=false
*==== INFO ====* req_id_count= 12000 stream_id=47996 latency=0.785179 ms (tx_ts=157932538655658, rx_ts=157932539440837) request_id=482411 zil_blk_id=47996 ccf_commit_seqno=482411 nstreams_done_=12000 config.nstreams=20000 avg_latency=0.9234 ms avg throuhgput (requests/sec) = 85.1494 res=false
*==== INFO ====* req_id_count= 12500 stream_id=49996 latency=0.865028 ms (tx_ts=157938424350567, rx_ts=157938425215595) request_id=502605 zil_blk_id=49996 ccf_commit_seqno=502605 nstreams_done_=12500 config.nstreams=20000 avg_latency=0.9238 ms avg throuhgput (requests/sec) = 85.1414 res=false
*==== INFO ====* req_id_count= 13000 stream_id=51996 latency=1.032600 ms (tx_ts=157944290400311, rx_ts=157944291432911) request_id=522702 zil_blk_id=51996 ccf_commit_seqno=522704 nstreams_done_=13000 config.nstreams=20000 avg_latency=0.9229 ms avg throuhgput (requests/sec) = 85.1450 res=false
*==== INFO ====* req_id_count= 13500 stream_id=53996 latency=0.980915 ms (tx_ts=157950175351068, rx_ts=157950176331983) request_id=542880 zil_blk_id=53996 ccf_commit_seqno=542881 nstreams_done_=13500 config.nstreams=20000 avg_latency=0.9236 ms avg throuhgput (requests/sec) = 85.1382 res=false
*==== INFO ====* req_id_count= 14000 stream_id=55996 latency=0.903109 ms (tx_ts=157956050465055, rx_ts=157956051368164) request_id=563024 zil_blk_id=55996 ccf_commit_seqno=563025 nstreams_done_=14000 config.nstreams=20000 avg_latency=0.9244 ms avg throuhgput (requests/sec) = 85.1371 res=false
*==== INFO ====* req_id_count= 14500 stream_id=57996 latency=0.896727 ms (tx_ts=157961907475805, rx_ts=157961908372532) request_id=583126 zil_blk_id=57996 ccf_commit_seqno=583126 nstreams_done_=14500 config.nstreams=20000 avg_latency=0.9231 ms avg throuhgput (requests/sec) = 85.1450 res=false
*==== INFO ====* req_id_count= 15000 stream_id=59996 latency=1.022332 ms (tx_ts=157967769818743, rx_ts=157967770841075) request_id=603219 zil_blk_id=59996 ccf_commit_seqno=603221 nstreams_done_=15000 config.nstreams=20000 avg_latency=0.9225 ms avg throuhgput (requests/sec) = 85.1498 res=false
*==== INFO ====* req_id_count= 15500 stream_id=61996 latency=0.948674 ms (tx_ts=157973634738382, rx_ts=157973635687056) request_id=623316 zil_blk_id=61996 ccf_commit_seqno=623316 nstreams_done_=15500 config.nstreams=20000 avg_latency=0.9226 ms avg throuhgput (requests/sec) = 85.1531 res=false
*==== INFO ====* req_id_count= 16000 stream_id=63996 latency=0.831906 ms (tx_ts=157979501609910, rx_ts=157979502441816) request_id=643489 zil_blk_id=63996 ccf_commit_seqno=643489 nstreams_done_=16000 config.nstreams=20000 avg_latency=0.9228 ms avg throuhgput (requests/sec) = 85.1554 res=false
*==== INFO ====* req_id_count= 16500 stream_id=65996 latency=0.893601 ms (tx_ts=157985362621992, rx_ts=157985363515593) request_id=663644 zil_blk_id=65996 ccf_commit_seqno=663644 nstreams_done_=16500 config.nstreams=20000 avg_latency=0.9228 ms avg throuhgput (requests/sec) = 85.1601 res=false
*==== INFO ====* req_id_count= 17000 stream_id=67996 latency=0.852074 ms (tx_ts=157991238325612, rx_ts=157991239177686) request_id=683832 zil_blk_id=67996 ccf_commit_seqno=683832 nstreams_done_=17000 config.nstreams=20000 avg_latency=0.9233 ms avg throuhgput (requests/sec) = 85.1582 res=false
*==== INFO ====* req_id_count= 17500 stream_id=69996 latency=0.844257 ms (tx_ts=157997108527431, rx_ts=157997109371688) request_id=703997 zil_blk_id=69996 ccf_commit_seqno=703997 nstreams_done_=17500 config.nstreams=20000 avg_latency=0.9236 ms avg throuhgput (requests/sec) = 85.1587 res=false
*==== INFO ====* req_id_count= 18000 stream_id=71996 latency=0.950307 ms (tx_ts=158002979962062, rx_ts=158002980912369) request_id=724181 zil_blk_id=71996 ccf_commit_seqno=724182 nstreams_done_=18000 config.nstreams=20000 avg_latency=0.9235 ms avg throuhgput (requests/sec) = 85.1586 res=false
*==== INFO ====* req_id_count= 18500 stream_id=73996 latency=0.877913 ms (tx_ts=158008851474505, rx_ts=158008852352418) request_id=744366 zil_blk_id=73996 ccf_commit_seqno=744366 nstreams_done_=18500 config.nstreams=20000 avg_latency=0.9239 ms avg throuhgput (requests/sec) = 85.1586 res=false
*==== INFO ====* req_id_count= 19000 stream_id=75996 latency=0.821747 ms (tx_ts=158014696262979, rx_ts=158014697084726) request_id=764445 zil_blk_id=75996 ccf_commit_seqno=764445 nstreams_done_=19000 config.nstreams=20000 avg_latency=0.9232 ms avg throuhgput (requests/sec) = 85.1688 res=false
*==== INFO ====* req_id_count= 19500 stream_id=77996 latency=0.886715 ms (tx_ts=158020548241468, rx_ts=158020549128183) request_id=784329 zil_blk_id=77996 ccf_commit_seqno=784331 nstreams_done_=19500 config.nstreams=20000 avg_latency=0.9222 ms avg throuhgput (requests/sec) = 85.1757 res=false
*==== INFO ====* http_end_stream ALL streams done! nstreams_done_=20000 avg_latency=0.9222 msreq_id_count= 20000
*==== INFO ====* req_id_count= 20000 stream_id=79996 latency=0.811539 ms (tx_ts=158026471392901, rx_ts=158026472204440) request_id=798589 zil_blk_id=79996 ccf_commit_seqno=798589 nstreams_done_=20000 config.nstreams=20000 avg_latency=0.9222 ms avg throuhgput (requests/sec) = 85.1566 res=true
