Uniform: 568920 635646 649279 490261 975122 
Exponential: -2147483648 -2147483648 -2147483648 -2147483648 -2147483648 
Truncated Normal: 627418 393563 236948 539697 591714 
*==== INFO ====* req_id_count= 500 stream_id=1996 latency=0.604701 ms (tx_ts=157797459391815, rx_ts=157797459996516) request_id=19541 zil_blk_id=1996 ccf_commit_seqno=19541 nstreams_done_=500 config.nstreams=20000 avg_latency=0.7798 ms avg throuhgput (requests/sec) = 85.1604 res=false
*==== INFO ====* req_id_count= 1000 stream_id=3996 latency=0.610412 ms (tx_ts=157803300456202, rx_ts=157803301066614) request_id=39459 zil_blk_id=3996 ccf_commit_seqno=39459 nstreams_done_=1000 config.nstreams=20000 avg_latency=0.7685 ms avg throuhgput (requests/sec) = 85.3800 res=false
*==== INFO ====* req_id_count= 1500 stream_id=5996 latency=0.658352 ms (tx_ts=157809141299254, rx_ts=157809141957606) request_id=59416 zil_blk_id=5996 ccf_commit_seqno=59417 nstreams_done_=1500 config.nstreams=20000 avg_latency=0.7711 ms avg throuhgput (requests/sec) = 85.4543 res=false
*==== INFO ====* req_id_count= 2000 stream_id=7996 latency=0.724546 ms (tx_ts=157814975383285, rx_ts=157814976107831) request_id=79406 zil_blk_id=7996 ccf_commit_seqno=79407 nstreams_done_=2000 config.nstreams=20000 avg_latency=0.7689 ms avg throuhgput (requests/sec) = 85.5162 res=false
*==== INFO ====* req_id_count= 2500 stream_id=9996 latency=0.969224 ms (tx_ts=157820797440845, rx_ts=157820798410069) request_id=99345 zil_blk_id=9996 ccf_commit_seqno=99345 nstreams_done_=2500 config.nstreams=20000 avg_latency=0.7634 ms avg throuhgput (requests/sec) = 85.5880 res=false
*==== INFO ====* req_id_count= 3000 stream_id=11996 latency=0.811548 ms (tx_ts=157826647860498, rx_ts=157826648672046) request_id=119378 zil_blk_id=11996 ccf_commit_seqno=119378 nstreams_done_=3000 config.nstreams=20000 avg_latency=0.7636 ms avg throuhgput (requests/sec) = 85.5677 res=false
*==== INFO ====* req_id_count= 3500 stream_id=13996 latency=0.615842 ms (tx_ts=157832501128667, rx_ts=157832501744509) request_id=139408 zil_blk_id=13996 ccf_commit_seqno=139408 nstreams_done_=3500 config.nstreams=20000 avg_latency=0.7622 ms avg throuhgput (requests/sec) = 85.5473 res=false
*==== INFO ====* req_id_count= 4000 stream_id=15996 latency=0.791742 ms (tx_ts=157838354823581, rx_ts=157838355615323) request_id=159455 zil_blk_id=15996 ccf_commit_seqno=159456 nstreams_done_=4000 config.nstreams=20000 avg_latency=0.7637 ms avg throuhgput (requests/sec) = 85.5306 res=false
*==== INFO ====* req_id_count= 4500 stream_id=17996 latency=0.702705 ms (tx_ts=157844200415796, rx_ts=157844201118501) request_id=179506 zil_blk_id=17996 ccf_commit_seqno=179506 nstreams_done_=4500 config.nstreams=20000 avg_latency=0.7611 ms avg throuhgput (requests/sec) = 85.5312 res=false
*==== INFO ====* req_id_count= 5000 stream_id=19996 latency=0.651129 ms (tx_ts=157850029900823, rx_ts=157850030551952) request_id=199487 zil_blk_id=19996 ccf_commit_seqno=199487 nstreams_done_=5000 config.nstreams=20000 avg_latency=0.7606 ms avg throuhgput (requests/sec) = 85.5552 res=false
*==== INFO ====* req_id_count= 5500 stream_id=21996 latency=0.610593 ms (tx_ts=157855863887092, rx_ts=157855864497685) request_id=219492 zil_blk_id=21996 ccf_commit_seqno=219492 nstreams_done_=5500 config.nstreams=20000 avg_latency=0.7601 ms avg throuhgput (requests/sec) = 85.5688 res=false
*==== INFO ====* req_id_count= 6000 stream_id=23996 latency=0.851974 ms (tx_ts=157861701213726, rx_ts=157861702065700) request_id=239537 zil_blk_id=23996 ccf_commit_seqno=239539 nstreams_done_=6000 config.nstreams=20000 avg_latency=0.7569 ms avg throuhgput (requests/sec) = 85.5757 res=false
*==== INFO ====* req_id_count= 6500 stream_id=25996 latency=0.636311 ms (tx_ts=157867552782274, rx_ts=157867553418585) request_id=259599 zil_blk_id=25996 ccf_commit_seqno=259599 nstreams_done_=6500 config.nstreams=20000 avg_latency=0.7573 ms avg throuhgput (requests/sec) = 85.5661 res=false
*==== INFO ====* req_id_count= 7000 stream_id=27996 latency=0.648153 ms (tx_ts=157873412893277, rx_ts=157873413541430) request_id=279728 zil_blk_id=27996 ccf_commit_seqno=279728 nstreams_done_=7000 config.nstreams=20000 avg_latency=0.7570 ms avg throuhgput (requests/sec) = 85.5486 res=false
*==== INFO ====* req_id_count= 7500 stream_id=29996 latency=0.791350 ms (tx_ts=157879269396396, rx_ts=157879270187746) request_id=299806 zil_blk_id=29996 ccf_commit_seqno=299808 nstreams_done_=7500 config.nstreams=20000 avg_latency=0.7576 ms avg throuhgput (requests/sec) = 85.5369 res=false
*==== INFO ====* req_id_count= 8000 stream_id=31996 latency=0.610462 ms (tx_ts=157885099827379, rx_ts=157885100437841) request_id=319790 zil_blk_id=31996 ccf_commit_seqno=319790 nstreams_done_=8000 config.nstreams=20000 avg_latency=0.7572 ms avg throuhgput (requests/sec) = 85.5508 res=false
*==== INFO ====* req_id_count= 8500 stream_id=33996 latency=0.612035 ms (tx_ts=157890933985316, rx_ts=157890934597351) request_id=339813 zil_blk_id=33996 ccf_commit_seqno=339813 nstreams_done_=8500 config.nstreams=20000 avg_latency=0.7568 ms avg throuhgput (requests/sec) = 85.5597 res=false
*==== INFO ====* req_id_count= 9000 stream_id=35996 latency=0.619128 ms (tx_ts=157896791865885, rx_ts=157896792485013) request_id=359887 zil_blk_id=35996 ccf_commit_seqno=359887 nstreams_done_=9000 config.nstreams=20000 avg_latency=0.7588 ms avg throuhgput (requests/sec) = 85.5483 res=false
*==== INFO ====* req_id_count= 9500 stream_id=37996 latency=0.631131 ms (tx_ts=157902639445565, rx_ts=157902640076696) request_id=379925 zil_blk_id=37996 ccf_commit_seqno=379925 nstreams_done_=9500 config.nstreams=20000 avg_latency=0.7587 ms avg throuhgput (requests/sec) = 85.5460 res=false
*==== INFO ====* req_id_count= 10000 stream_id=39996 latency=0.613898 ms (tx_ts=157908460786853, rx_ts=157908461400751) request_id=399869 zil_blk_id=39996 ccf_commit_seqno=399869 nstreams_done_=10000 config.nstreams=20000 avg_latency=0.7574 ms avg throuhgput (requests/sec) = 85.5632 res=false
*==== INFO ====* req_id_count= 10500 stream_id=41996 latency=0.882942 ms (tx_ts=157914309611974, rx_ts=157914310494916) request_id=419926 zil_blk_id=41996 ccf_commit_seqno=419926 nstreams_done_=10500 config.nstreams=20000 avg_latency=0.7571 ms avg throuhgput (requests/sec) = 85.5594 res=false
*==== INFO ====* req_id_count= 11000 stream_id=43996 latency=0.726769 ms (tx_ts=157920148392113, rx_ts=157920149118882) request_id=439902 zil_blk_id=43996 ccf_commit_seqno=439905 nstreams_done_=11000 config.nstreams=20000 avg_latency=0.7564 ms avg throuhgput (requests/sec) = 85.5629 res=false
*==== INFO ====* req_id_count= 11500 stream_id=45996 latency=0.847986 ms (tx_ts=157925997868811, rx_ts=157925998716797) request_id=459983 zil_blk_id=45996 ccf_commit_seqno=459984 nstreams_done_=11500 config.nstreams=20000 avg_latency=0.7573 ms avg throuhgput (requests/sec) = 85.5591 res=false
*==== INFO ====* req_id_count= 12000 stream_id=47996 latency=0.646340 ms (tx_ts=157931855032950, rx_ts=157931855679290) request_id=480062 zil_blk_id=47996 ccf_commit_seqno=480062 nstreams_done_=12000 config.nstreams=20000 avg_latency=0.7572 ms avg throuhgput (requests/sec) = 85.5512 res=false
*==== INFO ====* req_id_count= 12500 stream_id=49996 latency=0.795438 ms (tx_ts=157937693849677, rx_ts=157937694645115) request_id=500112 zil_blk_id=49996 ccf_commit_seqno=500114 nstreams_done_=12500 config.nstreams=20000 avg_latency=0.7572 ms avg throuhgput (requests/sec) = 85.5544 res=false
*==== INFO ====* req_id_count= 13000 stream_id=51996 latency=0.741626 ms (tx_ts=157943541275852, rx_ts=157943542017478) request_id=520139 zil_blk_id=51996 ccf_commit_seqno=520142 nstreams_done_=13000 config.nstreams=20000 avg_latency=0.7564 ms avg throuhgput (requests/sec) = 85.5526 res=false
*==== INFO ====* req_id_count= 13500 stream_id=53996 latency=0.617225 ms (tx_ts=157949391113456, rx_ts=157949391730681) request_id=540195 zil_blk_id=53996 ccf_commit_seqno=540195 nstreams_done_=13500 config.nstreams=20000 avg_latency=0.7573 ms avg throuhgput (requests/sec) = 85.5497 res=false
*==== INFO ====* req_id_count= 14000 stream_id=55996 latency=0.611594 ms (tx_ts=157955228876327, rx_ts=157955229487921) request_id=560219 zil_blk_id=55996 ccf_commit_seqno=560219 nstreams_done_=14000 config.nstreams=20000 avg_latency=0.7567 ms avg throuhgput (requests/sec) = 85.5533 res=false
*==== INFO ====* req_id_count= 14500 stream_id=57996 latency=0.606073 ms (tx_ts=157961055734206, rx_ts=157961056340279) request_id=580208 zil_blk_id=57996 ccf_commit_seqno=580208 nstreams_done_=14500 config.nstreams=20000 avg_latency=0.7561 ms avg throuhgput (requests/sec) = 85.5621 res=false
*==== INFO ====* req_id_count= 15000 stream_id=59996 latency=0.796820 ms (tx_ts=157966883249306, rx_ts=157966884046126) request_id=600190 zil_blk_id=59996 ccf_commit_seqno=600191 nstreams_done_=15000 config.nstreams=20000 avg_latency=0.7567 ms avg throuhgput (requests/sec) = 85.5699 res=false
*==== INFO ====* req_id_count= 15500 stream_id=61996 latency=0.804706 ms (tx_ts=157972713041468, rx_ts=157972713846174) request_id=620163 zil_blk_id=61996 ccf_commit_seqno=620164 nstreams_done_=15500 config.nstreams=20000 avg_latency=0.7567 ms avg throuhgput (requests/sec) = 85.5762 res=false
*==== INFO ====* req_id_count= 16000 stream_id=63996 latency=0.612876 ms (tx_ts=157978558735227, rx_ts=157978559348103) request_id=640253 zil_blk_id=63996 ccf_commit_seqno=640253 nstreams_done_=16000 config.nstreams=20000 avg_latency=0.7572 ms avg throuhgput (requests/sec) = 85.5749 res=false
*==== INFO ====* req_id_count= 16500 stream_id=65996 latency=0.608919 ms (tx_ts=157984386632455, rx_ts=157984387241374) request_id=660291 zil_blk_id=65996 ccf_commit_seqno=660291 nstreams_done_=16500 config.nstreams=20000 avg_latency=0.7570 ms avg throuhgput (requests/sec) = 85.5816 res=false
*==== INFO ====* req_id_count= 17000 stream_id=67996 latency=0.913148 ms (tx_ts=157990213238525, rx_ts=157990214151673) request_id=680308 zil_blk_id=67996 ccf_commit_seqno=680309 nstreams_done_=17000 config.nstreams=20000 avg_latency=0.7568 ms avg throuhgput (requests/sec) = 85.5882 res=false
*==== INFO ====* req_id_count= 17500 stream_id=69996 latency=0.759561 ms (tx_ts=157996041853797, rx_ts=157996042613358) request_id=700333 zil_blk_id=69996 ccf_commit_seqno=700335 nstreams_done_=17500 config.nstreams=20000 avg_latency=0.7572 ms avg throuhgput (requests/sec) = 85.5939 res=false
*==== INFO ====* req_id_count= 18000 stream_id=71996 latency=0.931252 ms (tx_ts=158001865858090, rx_ts=158001866789342) request_id=720355 zil_blk_id=71996 ccf_commit_seqno=720355 nstreams_done_=18000 config.nstreams=20000 avg_latency=0.7571 ms avg throuhgput (requests/sec) = 85.6009 res=false
*==== INFO ====* req_id_count= 18500 stream_id=73996 latency=0.650589 ms (tx_ts=158007689348937, rx_ts=158007689999526) request_id=740366 zil_blk_id=73996 ccf_commit_seqno=740366 nstreams_done_=18500 config.nstreams=20000 avg_latency=0.7567 ms avg throuhgput (requests/sec) = 85.6080 res=false
*==== INFO ====* req_id_count= 19000 stream_id=75996 latency=0.617545 ms (tx_ts=158013522566661, rx_ts=158013523184206) request_id=760411 zil_blk_id=75996 ccf_commit_seqno=760411 nstreams_done_=19000 config.nstreams=20000 avg_latency=0.7571 ms avg throuhgput (requests/sec) = 85.6109 res=false
*==== INFO ====* req_id_count= 19500 stream_id=77996 latency=0.794025 ms (tx_ts=158019332903235, rx_ts=158019333697260) request_id=780300 zil_blk_id=77996 ccf_commit_seqno=780301 nstreams_done_=19500 config.nstreams=20000 avg_latency=0.7571 ms avg throuhgput (requests/sec) = 85.6221 res=false
*==== INFO ====* http_end_stream ALL streams done! nstreams_done_=20000 avg_latency=0.7563 msreq_id_count= 20000
*==== INFO ====* req_id_count= 20000 stream_id=79996 latency=0.681285 ms (tx_ts=158025186303128, rx_ts=158025186984413) request_id=796721 zil_blk_id=79996 ccf_commit_seqno=796721 nstreams_done_=20000 config.nstreams=20000 avg_latency=0.7563 ms avg throuhgput (requests/sec) = 85.6171 res=true
