Uniform: 439353 181078 563685 766454 277830 
Exponential: -2147483648 -2147483648 -2147483648 -2147483648 -2147483648 
Truncated Normal: 656820 412424 637644 523194 814098 
*==== INFO ====* req_id_count= 500 stream_id=1996 latency=0.655286 ms (tx_ts=157797404403533, rx_ts=157797405058819) request_id=19359 zil_blk_id=1996 ccf_commit_seqno=19359 nstreams_done_=500 config.nstreams=20000 avg_latency=0.7861 ms avg throuhgput (requests/sec) = 86.0818 res=false
*==== INFO ====* req_id_count= 1000 stream_id=3996 latency=0.850180 ms (tx_ts=157803224093987, rx_ts=157803224944167) request_id=39201 zil_blk_id=3996 ccf_commit_seqno=39201 nstreams_done_=1000 config.nstreams=20000 avg_latency=0.8067 ms avg throuhgput (requests/sec) = 85.9970 res=false
*==== INFO ====* req_id_count= 1500 stream_id=5996 latency=0.830544 ms (tx_ts=157808982109818, rx_ts=157808982940362) request_id=58876 zil_blk_id=5996 ccf_commit_seqno=58876 nstreams_done_=1500 config.nstreams=20000 avg_latency=0.8066 ms avg throuhgput (requests/sec) = 86.2748 res=false
*==== INFO ====* req_id_count= 2000 stream_id=7996 latency=0.912478 ms (tx_ts=157814754574227, rx_ts=157814755486705) request_id=78661 zil_blk_id=7996 ccf_commit_seqno=78662 nstreams_done_=2000 config.nstreams=20000 avg_latency=0.8059 ms avg throuhgput (requests/sec) = 86.3600 res=false
*==== INFO ====* req_id_count= 2500 stream_id=9996 latency=0.797342 ms (tx_ts=157820501656448, rx_ts=157820502453790) request_id=98336 zil_blk_id=9996 ccf_commit_seqno=98338 nstreams_done_=2500 config.nstreams=20000 avg_latency=0.8019 ms avg throuhgput (requests/sec) = 86.4878 res=false
*==== INFO ====* req_id_count= 3000 stream_id=11996 latency=0.872162 ms (tx_ts=157826257474484, rx_ts=157826258346646) request_id=118051 zil_blk_id=11996 ccf_commit_seqno=118052 nstreams_done_=3000 config.nstreams=20000 avg_latency=0.8007 ms avg throuhgput (requests/sec) = 86.5508 res=false
*==== INFO ====* req_id_count= 3500 stream_id=13996 latency=0.855271 ms (tx_ts=157832036164892, rx_ts=157832037020163) request_id=137829 zil_blk_id=13996 ccf_commit_seqno=137829 nstreams_done_=3500 config.nstreams=20000 avg_latency=0.8063 ms avg throuhgput (requests/sec) = 86.5471 res=false
*==== INFO ====* req_id_count= 4000 stream_id=15996 latency=0.846845 ms (tx_ts=157837820135282, rx_ts=157837820982127) request_id=157624 zil_blk_id=15996 ccf_commit_seqno=157625 nstreams_done_=4000 config.nstreams=20000 avg_latency=0.8055 ms avg throuhgput (requests/sec) = 86.5345 res=false
*==== INFO ====* req_id_count= 4500 stream_id=17996 latency=0.877833 ms (tx_ts=157843574604600, rx_ts=157843575482433) request_id=177364 zil_blk_id=17996 ccf_commit_seqno=177364 nstreams_done_=4500 config.nstreams=20000 avg_latency=0.8041 ms avg throuhgput (requests/sec) = 86.5737 res=false
*==== INFO ====* req_id_count= 5000 stream_id=19996 latency=0.703436 ms (tx_ts=157849316811336, rx_ts=157849317514772) request_id=197038 zil_blk_id=19996 ccf_commit_seqno=197038 nstreams_done_=5000 config.nstreams=20000 avg_latency=0.8040 ms avg throuhgput (requests/sec) = 86.6238 res=false
*==== INFO ====* req_id_count= 5500 stream_id=21996 latency=0.866872 ms (tx_ts=157855061255356, rx_ts=157855062122228) request_id=216740 zil_blk_id=21996 ccf_commit_seqno=216743 nstreams_done_=5500 config.nstreams=20000 avg_latency=0.8025 ms avg throuhgput (requests/sec) = 86.6613 res=false
*==== INFO ====* req_id_count= 6000 stream_id=23996 latency=0.797432 ms (tx_ts=157860802851113, rx_ts=157860803648545) request_id=236460 zil_blk_id=23996 ccf_commit_seqno=236460 nstreams_done_=6000 config.nstreams=20000 avg_latency=0.8008 ms avg throuhgput (requests/sec) = 86.6964 res=false
*==== INFO ====* req_id_count= 6500 stream_id=25996 latency=0.862494 ms (tx_ts=157866578170261, rx_ts=157866579032755) request_id=256265 zil_blk_id=25996 ccf_commit_seqno=256266 nstreams_done_=6500 config.nstreams=20000 avg_latency=0.8013 ms avg throuhgput (requests/sec) = 86.6870 res=false
*==== INFO ====* req_id_count= 7000 stream_id=27996 latency=0.750654 ms (tx_ts=157872332011973, rx_ts=157872332762627) request_id=276018 zil_blk_id=27996 ccf_commit_seqno=276018 nstreams_done_=7000 config.nstreams=20000 avg_latency=0.8009 ms avg throuhgput (requests/sec) = 86.7022 res=false
*==== INFO ====* req_id_count= 7500 stream_id=29996 latency=0.893582 ms (tx_ts=157878083741853, rx_ts=157878084635435) request_id=295741 zil_blk_id=29996 ccf_commit_seqno=295741 nstreams_done_=7500 config.nstreams=20000 avg_latency=0.8029 ms avg throuhgput (requests/sec) = 86.7172 res=false
*==== INFO ====* req_id_count= 8000 stream_id=31996 latency=0.773988 ms (tx_ts=157883900587483, rx_ts=157883901361471) request_id=315675 zil_blk_id=31996 ccf_commit_seqno=315675 nstreams_done_=8000 config.nstreams=20000 avg_latency=0.8033 ms avg throuhgput (requests/sec) = 86.6694 res=false
*==== INFO ====* req_id_count= 8500 stream_id=33996 latency=0.937973 ms (tx_ts=157889668997944, rx_ts=157889669935917) request_id=335472 zil_blk_id=33996 ccf_commit_seqno=335473 nstreams_done_=8500 config.nstreams=20000 avg_latency=0.8039 ms avg throuhgput (requests/sec) = 86.6699 res=false
*==== INFO ====* req_id_count= 9000 stream_id=35996 latency=0.881679 ms (tx_ts=157895449165029, rx_ts=157895450046708) request_id=355286 zil_blk_id=35996 ccf_commit_seqno=355286 nstreams_done_=9000 config.nstreams=20000 avg_latency=0.8048 ms avg throuhgput (requests/sec) = 86.6606 res=false
*==== INFO ====* req_id_count= 9500 stream_id=37996 latency=0.832358 ms (tx_ts=157901209335888, rx_ts=157901210168246) request_id=375031 zil_blk_id=37996 ccf_commit_seqno=375031 nstreams_done_=9500 config.nstreams=20000 avg_latency=0.8035 ms avg throuhgput (requests/sec) = 86.6681 res=false
*==== INFO ====* req_id_count= 10000 stream_id=39996 latency=0.667788 ms (tx_ts=157906988524561, rx_ts=157906989192349) request_id=394822 zil_blk_id=39996 ccf_commit_seqno=394822 nstreams_done_=10000 config.nstreams=20000 avg_latency=0.8035 ms avg throuhgput (requests/sec) = 86.6607 res=false
*==== INFO ====* req_id_count= 10500 stream_id=41996 latency=0.858486 ms (tx_ts=157912754982537, rx_ts=157912755841023) request_id=414616 zil_blk_id=41996 ccf_commit_seqno=414616 nstreams_done_=10500 config.nstreams=20000 avg_latency=0.8028 ms avg throuhgput (requests/sec) = 86.6628 res=false
*==== INFO ====* req_id_count= 11000 stream_id=43996 latency=0.723152 ms (tx_ts=157918550178227, rx_ts=157918550901379) request_id=434444 zil_blk_id=43996 ccf_commit_seqno=434445 nstreams_done_=11000 config.nstreams=20000 avg_latency=0.8045 ms avg throuhgput (requests/sec) = 86.6454 res=false
*==== INFO ====* req_id_count= 11500 stream_id=45996 latency=0.685453 ms (tx_ts=157924311871944, rx_ts=157924312557397) request_id=454200 zil_blk_id=45996 ccf_commit_seqno=454200 nstreams_done_=11500 config.nstreams=20000 avg_latency=0.8047 ms avg throuhgput (requests/sec) = 86.6512 res=false
*==== INFO ====* req_id_count= 12000 stream_id=47996 latency=0.632002 ms (tx_ts=157930081859308, rx_ts=157930082491310) request_id=473978 zil_blk_id=47996 ccf_commit_seqno=473978 nstreams_done_=12000 config.nstreams=20000 avg_latency=0.8045 ms avg throuhgput (requests/sec) = 86.6514 res=false
*==== INFO ====* req_id_count= 12500 stream_id=49996 latency=0.835644 ms (tx_ts=157935843472871, rx_ts=157935844308515) request_id=493752 zil_blk_id=49996 ccf_commit_seqno=493752 nstreams_done_=12500 config.nstreams=20000 avg_latency=0.8041 ms avg throuhgput (requests/sec) = 86.6565 res=false
*==== INFO ====* req_id_count= 13000 stream_id=51996 latency=0.660946 ms (tx_ts=157941610732769, rx_ts=157941611393715) request_id=513544 zil_blk_id=51996 ccf_commit_seqno=513544 nstreams_done_=13000 config.nstreams=20000 avg_latency=0.8033 ms avg throuhgput (requests/sec) = 86.6581 res=false
*==== INFO ====* req_id_count= 13500 stream_id=53996 latency=0.871941 ms (tx_ts=157947380998298, rx_ts=157947381870239) request_id=533285 zil_blk_id=53996 ccf_commit_seqno=533286 nstreams_done_=13500 config.nstreams=20000 avg_latency=0.8034 ms avg throuhgput (requests/sec) = 86.6578 res=false
*==== INFO ====* req_id_count= 14000 stream_id=55996 latency=0.769079 ms (tx_ts=157953147645351, rx_ts=157953148414430) request_id=553085 zil_blk_id=55996 ccf_commit_seqno=553085 nstreams_done_=14000 config.nstreams=20000 avg_latency=0.8038 ms avg throuhgput (requests/sec) = 86.6595 res=false
*==== INFO ====* req_id_count= 14500 stream_id=57996 latency=0.639396 ms (tx_ts=157958912304669, rx_ts=157958912944065) request_id=572838 zil_blk_id=57996 ccf_commit_seqno=572838 nstreams_done_=14500 config.nstreams=20000 avg_latency=0.8028 ms avg throuhgput (requests/sec) = 86.6622 res=false
*==== INFO ====* req_id_count= 15000 stream_id=59996 latency=0.969884 ms (tx_ts=157964673656063, rx_ts=157964674625947) request_id=592593 zil_blk_id=59996 ccf_commit_seqno=592594 nstreams_done_=15000 config.nstreams=20000 avg_latency=0.8020 ms avg throuhgput (requests/sec) = 86.6661 res=false
*==== INFO ====* req_id_count= 15500 stream_id=61996 latency=0.641811 ms (tx_ts=157970439044471, rx_ts=157970439686282) request_id=612366 zil_blk_id=61996 ccf_commit_seqno=612366 nstreams_done_=15500 config.nstreams=20000 avg_latency=0.8015 ms avg throuhgput (requests/sec) = 86.6682 res=false
*==== INFO ====* req_id_count= 16000 stream_id=63996 latency=0.987487 ms (tx_ts=157976207099893, rx_ts=157976208087380) request_id=632171 zil_blk_id=63996 ccf_commit_seqno=632172 nstreams_done_=16000 config.nstreams=20000 avg_latency=0.8013 ms avg throuhgput (requests/sec) = 86.6685 res=false
*==== INFO ====* req_id_count= 16500 stream_id=65996 latency=0.729204 ms (tx_ts=157981973725355, rx_ts=157981974454559) request_id=651993 zil_blk_id=65996 ccf_commit_seqno=651993 nstreams_done_=16500 config.nstreams=20000 avg_latency=0.8008 ms avg throuhgput (requests/sec) = 86.6698 res=false
*==== INFO ====* req_id_count= 17000 stream_id=67996 latency=0.890787 ms (tx_ts=157987729723801, rx_ts=157987730614588) request_id=671769 zil_blk_id=67996 ccf_commit_seqno=671769 nstreams_done_=17000 config.nstreams=20000 avg_latency=0.8007 ms avg throuhgput (requests/sec) = 86.6754 res=false
*==== INFO ====* req_id_count= 17500 stream_id=69996 latency=0.663221 ms (tx_ts=157993498920709, rx_ts=157993499583930) request_id=691612 zil_blk_id=69996 ccf_commit_seqno=691612 nstreams_done_=17500 config.nstreams=20000 avg_latency=0.8009 ms avg throuhgput (requests/sec) = 86.6753 res=false
*==== INFO ====* req_id_count= 18000 stream_id=71996 latency=0.765562 ms (tx_ts=157999250567458, rx_ts=157999251333020) request_id=711354 zil_blk_id=71996 ccf_commit_seqno=711354 nstreams_done_=18000 config.nstreams=20000 avg_latency=0.8009 ms avg throuhgput (requests/sec) = 86.6824 res=false
*==== INFO ====* req_id_count= 18500 stream_id=73996 latency=0.838679 ms (tx_ts=158005013810138, rx_ts=158005014648817) request_id=731159 zil_blk_id=73996 ccf_commit_seqno=731160 nstreams_done_=18500 config.nstreams=20000 avg_latency=0.8008 ms avg throuhgput (requests/sec) = 86.6843 res=false
*==== INFO ====* req_id_count= 19000 stream_id=75996 latency=0.864247 ms (tx_ts=158010785517928, rx_ts=158010786382175) request_id=751002 zil_blk_id=75996 ccf_commit_seqno=751002 nstreams_done_=19000 config.nstreams=20000 avg_latency=0.8005 ms avg throuhgput (requests/sec) = 86.6829 res=false
*==== INFO ====* req_id_count= 19500 stream_id=77996 latency=0.763399 ms (tx_ts=158016555448162, rx_ts=158016556211561) request_id=770829 zil_blk_id=77996 ccf_commit_seqno=770829 nstreams_done_=19500 config.nstreams=20000 avg_latency=0.8009 ms avg throuhgput (requests/sec) = 86.6822 res=false
*==== INFO ====* http_end_stream ALL streams done! nstreams_done_=20000 avg_latency=0.8003 msreq_id_count= 20000
*==== INFO ====* req_id_count= 20000 stream_id=79996 latency=0.664964 ms (tx_ts=158022323565628, rx_ts=158022324230592) request_id=789939 zil_blk_id=79996 ccf_commit_seqno=789939 nstreams_done_=20000 config.nstreams=20000 avg_latency=0.8003 ms avg throuhgput (requests/sec) = 86.6823 res=true
