Uniform: 481064 371462 455050 393130 575741 
Exponential: -2147483648 -2147483648 -2147483648 -2147483648 -2147483648 
Truncated Normal: 108010 414771 296252 435040 2767 
*==== INFO ====* req_id_count= 500 stream_id=1996 latency=0.671687 ms (tx_ts=157797462460608, rx_ts=157797463132295) request_id=19551 zil_blk_id=1996 ccf_commit_seqno=19551 nstreams_done_=500 config.nstreams=20000 avg_latency=0.7990 ms avg throuhgput (requests/sec) = 85.2198 res=false
*==== INFO ====* req_id_count= 1000 stream_id=3996 latency=0.920072 ms (tx_ts=157803329009164, rx_ts=157803329929236) request_id=39552 zil_blk_id=3996 ccf_commit_seqno=39552 nstreams_done_=1000 config.nstreams=20000 avg_latency=0.8205 ms avg throuhgput (requests/sec) = 85.2226 res=false
*==== INFO ====* req_id_count= 1500 stream_id=5996 latency=0.697325 ms (tx_ts=157809171059914, rx_ts=157809171757239) request_id=59513 zil_blk_id=5996 ccf_commit_seqno=59513 nstreams_done_=1500 config.nstreams=20000 avg_latency=0.8195 ms avg throuhgput (requests/sec) = 85.3446 res=false
*==== INFO ====* req_id_count= 2000 stream_id=7996 latency=0.666377 ms (tx_ts=157815028109871, rx_ts=157815028776248) request_id=79591 zil_blk_id=7996 ccf_commit_seqno=79591 nstreams_done_=2000 config.nstreams=20000 avg_latency=0.8166 ms avg throuhgput (requests/sec) = 85.3504 res=false
*==== INFO ====* req_id_count= 2500 stream_id=9996 latency=0.844501 ms (tx_ts=157820868747844, rx_ts=157820869592345) request_id=99587 zil_blk_id=9996 ccf_commit_seqno=99588 nstreams_done_=2500 config.nstreams=20000 avg_latency=0.8150 ms avg throuhgput (requests/sec) = 85.4011 res=false
*==== INFO ====* req_id_count= 3000 stream_id=11996 latency=0.684171 ms (tx_ts=157826742770958, rx_ts=157826743455129) request_id=119701 zil_blk_id=11996 ccf_commit_seqno=119701 nstreams_done_=3000 config.nstreams=20000 avg_latency=0.8199 ms avg throuhgput (requests/sec) = 85.3546 res=false
*==== INFO ====* req_id_count= 3500 stream_id=13996 latency=0.687587 ms (tx_ts=157832615503511, rx_ts=157832616191098) request_id=139796 zil_blk_id=13996 ccf_commit_seqno=139796 nstreams_done_=3500 config.nstreams=20000 avg_latency=0.8196 ms avg throuhgput (requests/sec) = 85.3237 res=false
*==== INFO ====* req_id_count= 4000 stream_id=15996 latency=0.879864 ms (tx_ts=157838479101195, rx_ts=157838479981059) request_id=159882 zil_blk_id=15996 ccf_commit_seqno=159883 nstreams_done_=4000 config.nstreams=20000 avg_latency=0.8211 ms avg throuhgput (requests/sec) = 85.3169 res=false
*==== INFO ====* req_id_count= 4500 stream_id=17996 latency=0.679993 ms (tx_ts=157844336279308, rx_ts=157844336959301) request_id=179969 zil_blk_id=17996 ccf_commit_seqno=179969 nstreams_done_=4500 config.nstreams=20000 avg_latency=0.8229 ms avg throuhgput (requests/sec) = 85.3226 res=false
*==== INFO ====* req_id_count= 5000 stream_id=19996 latency=0.943325 ms (tx_ts=157850195906341, rx_ts=157850196849666) request_id=200048 zil_blk_id=19996 ccf_commit_seqno=200052 nstreams_done_=5000 config.nstreams=20000 avg_latency=0.8232 ms avg throuhgput (requests/sec) = 85.3229 res=false
*==== INFO ====* req_id_count= 5500 stream_id=21996 latency=0.689350 ms (tx_ts=157856044563818, rx_ts=157856045253168) request_id=220111 zil_blk_id=21996 ccf_commit_seqno=220111 nstreams_done_=5500 config.nstreams=20000 avg_latency=0.8210 ms avg throuhgput (requests/sec) = 85.3384 res=false
*==== INFO ====* req_id_count= 6000 stream_id=23996 latency=0.820605 ms (tx_ts=157861900546128, rx_ts=157861901366733) request_id=240223 zil_blk_id=23996 ccf_commit_seqno=240224 nstreams_done_=6000 config.nstreams=20000 avg_latency=0.8202 ms avg throuhgput (requests/sec) = 85.3419 res=false
*==== INFO ====* req_id_count= 6500 stream_id=25996 latency=0.941232 ms (tx_ts=157867756486872, rx_ts=157867757428104) request_id=260304 zil_blk_id=25996 ccf_commit_seqno=260304 nstreams_done_=6500 config.nstreams=20000 avg_latency=0.8203 ms avg throuhgput (requests/sec) = 85.3450 res=false
*==== INFO ====* req_id_count= 7000 stream_id=27996 latency=0.720658 ms (tx_ts=157873649057582, rx_ts=157873649778240) request_id=280529 zil_blk_id=27996 ccf_commit_seqno=280529 nstreams_done_=7000 config.nstreams=20000 avg_latency=0.8220 ms avg throuhgput (requests/sec) = 85.3099 res=false
*==== INFO ====* req_id_count= 7500 stream_id=29996 latency=0.918929 ms (tx_ts=157879518189153, rx_ts=157879519108082) request_id=300658 zil_blk_id=29996 ccf_commit_seqno=300658 nstreams_done_=7500 config.nstreams=20000 avg_latency=0.8238 ms avg throuhgput (requests/sec) = 85.3018 res=false
*==== INFO ====* req_id_count= 8000 stream_id=31996 latency=0.893472 ms (tx_ts=157885385474123, rx_ts=157885386367595) request_id=320773 zil_blk_id=31996 ccf_commit_seqno=320774 nstreams_done_=8000 config.nstreams=20000 avg_latency=0.8235 ms avg throuhgput (requests/sec) = 85.2966 res=false
*==== INFO ====* req_id_count= 8500 stream_id=33996 latency=0.849920 ms (tx_ts=157891238188257, rx_ts=157891239038177) request_id=340856 zil_blk_id=33996 ccf_commit_seqno=340857 nstreams_done_=8500 config.nstreams=20000 avg_latency=0.8228 ms avg throuhgput (requests/sec) = 85.3045 res=false
*==== INFO ====* req_id_count= 9000 stream_id=35996 latency=0.719516 ms (tx_ts=157897098544396, rx_ts=157897099263912) request_id=360939 zil_blk_id=35996 ccf_commit_seqno=360940 nstreams_done_=9000 config.nstreams=20000 avg_latency=0.8225 ms avg throuhgput (requests/sec) = 85.3054 res=false
*==== INFO ====* req_id_count= 9500 stream_id=37996 latency=0.830734 ms (tx_ts=157902958209948, rx_ts=157902959040682) request_id=381020 zil_blk_id=37996 ccf_commit_seqno=381020 nstreams_done_=9500 config.nstreams=20000 avg_latency=0.8224 ms avg throuhgput (requests/sec) = 85.3065 res=false
*==== INFO ====* req_id_count= 10000 stream_id=39996 latency=0.927795 ms (tx_ts=157908822726227, rx_ts=157908823654022) request_id=401104 zil_blk_id=39996 ccf_commit_seqno=401105 nstreams_done_=10000 config.nstreams=20000 avg_latency=0.8222 ms avg throuhgput (requests/sec) = 85.3041 res=false
*==== INFO ====* req_id_count= 10500 stream_id=41996 latency=0.704919 ms (tx_ts=157914702562068, rx_ts=157914703266987) request_id=421259 zil_blk_id=41996 ccf_commit_seqno=421259 nstreams_done_=10500 config.nstreams=20000 avg_latency=0.8228 ms avg throuhgput (requests/sec) = 85.2914 res=false
*==== INFO ====* req_id_count= 11000 stream_id=43996 latency=0.837296 ms (tx_ts=157920574020150, rx_ts=157920574857446) request_id=441363 zil_blk_id=43996 ccf_commit_seqno=441363 nstreams_done_=11000 config.nstreams=20000 avg_latency=0.8232 ms avg throuhgput (requests/sec) = 85.2853 res=false
*==== INFO ====* req_id_count= 11500 stream_id=45996 latency=0.731347 ms (tx_ts=157926441823708, rx_ts=157926442555055) request_id=461500 zil_blk_id=45996 ccf_commit_seqno=461500 nstreams_done_=11500 config.nstreams=20000 avg_latency=0.8229 ms avg throuhgput (requests/sec) = 85.2821 res=false
*==== INFO ====* req_id_count= 12000 stream_id=47996 latency=0.748250 ms (tx_ts=157932308092155, rx_ts=157932308840405) request_id=481618 zil_blk_id=47996 ccf_commit_seqno=481618 nstreams_done_=12000 config.nstreams=20000 avg_latency=0.8242 ms avg throuhgput (requests/sec) = 85.2800 res=false
*==== INFO ====* req_id_count= 12500 stream_id=49996 latency=0.677968 ms (tx_ts=157938165090262, rx_ts=157938165768230) request_id=501716 zil_blk_id=49996 ccf_commit_seqno=501716 nstreams_done_=12500 config.nstreams=20000 avg_latency=0.8233 ms avg throuhgput (requests/sec) = 85.2836 res=false
*==== INFO ====* req_id_count= 13000 stream_id=51996 latency=0.679430 ms (tx_ts=157944036938561, rx_ts=157944037617991) request_id=521833 zil_blk_id=51996 ccf_commit_seqno=521833 nstreams_done_=13000 config.nstreams=20000 avg_latency=0.8237 ms avg throuhgput (requests/sec) = 85.2785 res=false
*==== INFO ====* req_id_count= 13500 stream_id=53996 latency=0.876660 ms (tx_ts=157949910862083, rx_ts=157949911738743) request_id=541973 zil_blk_id=53996 ccf_commit_seqno=541973 nstreams_done_=13500 config.nstreams=20000 avg_latency=0.8236 ms avg throuhgput (requests/sec) = 85.2726 res=false
*==== INFO ====* req_id_count= 14000 stream_id=55996 latency=0.680954 ms (tx_ts=157955770500069, rx_ts=157955771181023) request_id=562073 zil_blk_id=55996 ccf_commit_seqno=562074 nstreams_done_=14000 config.nstreams=20000 avg_latency=0.8236 ms avg throuhgput (requests/sec) = 85.2747 res=false
*==== INFO ====* req_id_count= 14500 stream_id=57996 latency=0.912998 ms (tx_ts=157961632571952, rx_ts=157961633484950) request_id=582183 zil_blk_id=57996 ccf_commit_seqno=582184 nstreams_done_=14500 config.nstreams=20000 avg_latency=0.8236 ms avg throuhgput (requests/sec) = 85.2753 res=false
*==== INFO ====* req_id_count= 15000 stream_id=59996 latency=0.683701 ms (tx_ts=157967476757053, rx_ts=157967477440754) request_id=602217 zil_blk_id=59996 ccf_commit_seqno=602217 nstreams_done_=15000 config.nstreams=20000 avg_latency=0.8229 ms avg throuhgput (requests/sec) = 85.2847 res=false
*==== INFO ====* req_id_count= 15500 stream_id=61996 latency=0.819713 ms (tx_ts=157973337873152, rx_ts=157973338692865) request_id=622316 zil_blk_id=61996 ccf_commit_seqno=622317 nstreams_done_=15500 config.nstreams=20000 avg_latency=0.8229 ms avg throuhgput (requests/sec) = 85.2854 res=false
*==== INFO ====* req_id_count= 16000 stream_id=63996 latency=0.730597 ms (tx_ts=157979190615674, rx_ts=157979191346271) request_id=642426 zil_blk_id=63996 ccf_commit_seqno=642426 nstreams_done_=16000 config.nstreams=20000 avg_latency=0.8224 ms avg throuhgput (requests/sec) = 85.2899 res=false
*==== INFO ====* req_id_count= 16500 stream_id=65996 latency=0.893842 ms (tx_ts=157985065588701, rx_ts=157985066482543) request_id=662625 zil_blk_id=65996 ccf_commit_seqno=662625 nstreams_done_=16500 config.nstreams=20000 avg_latency=0.8227 ms avg throuhgput (requests/sec) = 85.2843 res=false
*==== INFO ====* req_id_count= 17000 stream_id=67996 latency=0.687336 ms (tx_ts=157990928954233, rx_ts=157990929641569) request_id=682768 zil_blk_id=67996 ccf_commit_seqno=682768 nstreams_done_=17000 config.nstreams=20000 avg_latency=0.8230 ms avg throuhgput (requests/sec) = 85.2841 res=false
*==== INFO ====* req_id_count= 17500 stream_id=69996 latency=0.796891 ms (tx_ts=157996781806538, rx_ts=157996782603429) request_id=702874 zil_blk_id=69996 ccf_commit_seqno=702874 nstreams_done_=17500 config.nstreams=20000 avg_latency=0.8228 ms avg throuhgput (requests/sec) = 85.2882 res=false
*==== INFO ====* req_id_count= 18000 stream_id=71996 latency=0.724335 ms (tx_ts=158002641130444, rx_ts=158002641854779) request_id=723023 zil_blk_id=71996 ccf_commit_seqno=723023 nstreams_done_=18000 config.nstreams=20000 avg_latency=0.8230 ms avg throuhgput (requests/sec) = 85.2895 res=false
*==== INFO ====* req_id_count= 18500 stream_id=73996 latency=0.802350 ms (tx_ts=158008498598436, rx_ts=158008499400786) request_id=743149 zil_blk_id=73996 ccf_commit_seqno=743151 nstreams_done_=18500 config.nstreams=20000 avg_latency=0.8226 ms avg throuhgput (requests/sec) = 85.2914 res=false
*==== INFO ====* req_id_count= 19000 stream_id=75996 latency=0.739273 ms (tx_ts=158014336056702, rx_ts=158014336795975) request_id=763205 zil_blk_id=75996 ccf_commit_seqno=763206 nstreams_done_=19000 config.nstreams=20000 avg_latency=0.8228 ms avg throuhgput (requests/sec) = 85.3009 res=false
*==== INFO ====* req_id_count= 19500 stream_id=77996 latency=0.831611 ms (tx_ts=158020184119704, rx_ts=158020184951315) request_id=783140 zil_blk_id=77996 ccf_commit_seqno=783141 nstreams_done_=19500 config.nstreams=20000 avg_latency=0.8229 ms avg throuhgput (requests/sec) = 85.3059 res=false
*==== INFO ====* http_end_stream ALL streams done! nstreams_done_=20000 avg_latency=0.8227 msreq_id_count= 20000
*==== INFO ====* req_id_count= 20000 stream_id=79996 latency=0.727471 ms (tx_ts=158026090745977, rx_ts=158026091473448) request_id=798156 zil_blk_id=79996 ccf_commit_seqno=798156 nstreams_done_=20000 config.nstreams=20000 avg_latency=0.8227 ms avg throuhgput (requests/sec) = 85.2895 res=true
