Uniform: 573745 463859 810327 223951 237008 
Exponential: -2147483648 -2147483648 -2147483648 -2147483648 -2147483648 
Truncated Normal: 779875 39894 428196 477684 225633 
*==== INFO ====* req_id_count= 500 stream_id=1996 latency=0.667400 ms (tx_ts=157797481882583, rx_ts=157797482549983) request_id=19614 zil_blk_id=1996 ccf_commit_seqno=19614 nstreams_done_=500 config.nstreams=20000 avg_latency=0.8245 ms avg throuhgput (requests/sec) = 84.9066 res=false
*==== INFO ====* req_id_count= 1000 stream_id=3996 latency=0.688318 ms (tx_ts=157803367286113, rx_ts=157803367974431) request_id=39683 zil_blk_id=3996 ccf_commit_seqno=39683 nstreams_done_=1000 config.nstreams=20000 avg_latency=0.8297 ms avg throuhgput (requests/sec) = 84.9311 res=false
*==== INFO ====* req_id_count= 1500 stream_id=5996 latency=0.896076 ms (tx_ts=157809249751908, rx_ts=157809250647984) request_id=59781 zil_blk_id=5996 ccf_commit_seqno=59782 nstreams_done_=1500 config.nstreams=20000 avg_latency=0.8296 ms avg throuhgput (requests/sec) = 84.9525 res=false
*==== INFO ====* req_id_count= 2000 stream_id=7996 latency=0.803104 ms (tx_ts=157815126886555, rx_ts=157815127689659) request_id=79926 zil_blk_id=7996 ccf_commit_seqno=79926 nstreams_done_=2000 config.nstreams=20000 avg_latency=0.8332 ms avg throuhgput (requests/sec) = 84.9836 res=false
*==== INFO ====* req_id_count= 2500 stream_id=9996 latency=0.873345 ms (tx_ts=157820990013001, rx_ts=157820990886346) request_id=99997 zil_blk_id=9996 ccf_commit_seqno=99999 nstreams_done_=2500 config.nstreams=20000 avg_latency=0.8297 ms avg throuhgput (requests/sec) = 85.0422 res=false
*==== INFO ====* req_id_count= 3000 stream_id=11996 latency=0.873454 ms (tx_ts=157826862459660, rx_ts=157826863333114) request_id=120109 zil_blk_id=11996 ccf_commit_seqno=120109 nstreams_done_=3000 config.nstreams=20000 avg_latency=0.8287 ms avg throuhgput (requests/sec) = 85.0591 res=false
*==== INFO ====* req_id_count= 3500 stream_id=13996 latency=0.694760 ms (tx_ts=157832744377977, rx_ts=157832745072737) request_id=140238 zil_blk_id=13996 ccf_commit_seqno=140238 nstreams_done_=3500 config.nstreams=20000 avg_latency=0.8320 ms avg throuhgput (requests/sec) = 85.0519 res=false
*==== INFO ====* req_id_count= 4000 stream_id=15996 latency=0.805167 ms (tx_ts=157838630616809, rx_ts=157838631421976) request_id=160401 zil_blk_id=15996 ccf_commit_seqno=160401 nstreams_done_=4000 config.nstreams=20000 avg_latency=0.8347 ms avg throuhgput (requests/sec) = 85.0382 res=false
*==== INFO ====* req_id_count= 4500 stream_id=17996 latency=0.673790 ms (tx_ts=157844482536988, rx_ts=157844483210778) request_id=180468 zil_blk_id=17996 ccf_commit_seqno=180468 nstreams_done_=4500 config.nstreams=20000 avg_latency=0.8329 ms avg throuhgput (requests/sec) = 85.0831 res=false
*==== INFO ====* req_id_count= 5000 stream_id=19996 latency=0.895425 ms (tx_ts=157850358479078, rx_ts=157850359374503) request_id=200605 zil_blk_id=19996 ccf_commit_seqno=200606 nstreams_done_=5000 config.nstreams=20000 avg_latency=0.8326 ms avg throuhgput (requests/sec) = 85.0837 res=false
*==== INFO ====* req_id_count= 5500 stream_id=21996 latency=0.942833 ms (tx_ts=157856221095642, rx_ts=157856222038475) request_id=220715 zil_blk_id=21996 ccf_commit_seqno=220715 nstreams_done_=5500 config.nstreams=20000 avg_latency=0.8305 ms avg throuhgput (requests/sec) = 85.1020 res=false
*==== INFO ====* req_id_count= 6000 stream_id=23996 latency=0.850582 ms (tx_ts=157862079893244, rx_ts=157862080743826) request_id=240836 zil_blk_id=23996 ccf_commit_seqno=240836 nstreams_done_=6000 config.nstreams=20000 avg_latency=0.8284 ms avg throuhgput (requests/sec) = 85.1221 res=false
*==== INFO ====* req_id_count= 6500 stream_id=25996 latency=1.039745 ms (tx_ts=157867941426574, rx_ts=157867942466319) request_id=260935 zil_blk_id=25996 ccf_commit_seqno=260936 nstreams_done_=6500 config.nstreams=20000 avg_latency=0.8292 ms avg throuhgput (requests/sec) = 85.1357 res=false
*==== INFO ====* req_id_count= 7000 stream_id=27996 latency=0.757858 ms (tx_ts=157873810271730, rx_ts=157873811029588) request_id=281083 zil_blk_id=27996 ccf_commit_seqno=281083 nstreams_done_=7000 config.nstreams=20000 avg_latency=0.8286 ms avg throuhgput (requests/sec) = 85.1402 res=false
*==== INFO ====* req_id_count= 7500 stream_id=29996 latency=0.774289 ms (tx_ts=157879678784994, rx_ts=157879679559283) request_id=301199 zil_blk_id=29996 ccf_commit_seqno=301199 nstreams_done_=7500 config.nstreams=20000 avg_latency=0.8283 ms avg throuhgput (requests/sec) = 85.1442 res=false
*==== INFO ====* req_id_count= 8000 stream_id=31996 latency=1.022503 ms (tx_ts=157885536962734, rx_ts=157885537985237) request_id=321294 zil_blk_id=31996 ccf_commit_seqno=321294 nstreams_done_=8000 config.nstreams=20000 avg_latency=0.8273 ms avg throuhgput (requests/sec) = 85.1569 res=false
*==== INFO ====* req_id_count= 8500 stream_id=33996 latency=0.660937 ms (tx_ts=157891385214991, rx_ts=157891385875928) request_id=341353 zil_blk_id=33996 ccf_commit_seqno=341353 nstreams_done_=8500 config.nstreams=20000 avg_latency=0.8259 ms avg throuhgput (requests/sec) = 85.1770 res=false
*==== INFO ====* req_id_count= 9000 stream_id=35996 latency=0.836896 ms (tx_ts=157897237985730, rx_ts=157897238822626) request_id=361418 zil_blk_id=35996 ccf_commit_seqno=361418 nstreams_done_=9000 config.nstreams=20000 avg_latency=0.8242 ms avg throuhgput (requests/sec) = 85.1909 res=false
*==== INFO ====* req_id_count= 9500 stream_id=37996 latency=0.721230 ms (tx_ts=157903119492064, rx_ts=157903120213294) request_id=381569 zil_blk_id=37996 ccf_commit_seqno=381569 nstreams_done_=9500 config.nstreams=20000 avg_latency=0.8258 ms avg throuhgput (requests/sec) = 85.1816 res=false
*==== INFO ====* req_id_count= 10000 stream_id=39996 latency=0.816184 ms (tx_ts=157908973855073, rx_ts=157908974671257) request_id=401621 zil_blk_id=39996 ccf_commit_seqno=401621 nstreams_done_=10000 config.nstreams=20000 avg_latency=0.8243 ms avg throuhgput (requests/sec) = 85.1927 res=false
*==== INFO ====* req_id_count= 10500 stream_id=41996 latency=0.663631 ms (tx_ts=157914839317653, rx_ts=157914839981284) request_id=421723 zil_blk_id=41996 ccf_commit_seqno=421723 nstreams_done_=10500 config.nstreams=20000 avg_latency=0.8250 ms avg throuhgput (requests/sec) = 85.1953 res=false
*==== INFO ====* req_id_count= 11000 stream_id=43996 latency=0.835753 ms (tx_ts=157920703665793, rx_ts=157920704501546) request_id=441815 zil_blk_id=43996 ccf_commit_seqno=441815 nstreams_done_=11000 config.nstreams=20000 avg_latency=0.8253 ms avg throuhgput (requests/sec) = 85.1982 res=false
*==== INFO ====* req_id_count= 11500 stream_id=45996 latency=0.765150 ms (tx_ts=157926566358500, rx_ts=157926567123650) request_id=461930 zil_blk_id=45996 ccf_commit_seqno=461930 nstreams_done_=11500 config.nstreams=20000 avg_latency=0.8246 ms avg throuhgput (requests/sec) = 85.2020 res=false
*==== INFO ====* req_id_count= 12000 stream_id=47996 latency=0.719676 ms (tx_ts=157932434241580, rx_ts=157932434961256) request_id=482052 zil_blk_id=47996 ccf_commit_seqno=482052 nstreams_done_=12000 config.nstreams=20000 avg_latency=0.8249 ms avg throuhgput (requests/sec) = 85.2023 res=false
*==== INFO ====* req_id_count= 12500 stream_id=49996 latency=1.078147 ms (tx_ts=157938305147254, rx_ts=157938306225401) request_id=502199 zil_blk_id=49996 ccf_commit_seqno=502199 nstreams_done_=12500 config.nstreams=20000 avg_latency=0.8243 ms avg throuhgput (requests/sec) = 85.2006 res=false
*==== INFO ====* req_id_count= 13000 stream_id=51996 latency=0.698396 ms (tx_ts=157944173354045, rx_ts=157944174052441) request_id=522302 zil_blk_id=51996 ccf_commit_seqno=522302 nstreams_done_=13000 config.nstreams=20000 avg_latency=0.8242 ms avg throuhgput (requests/sec) = 85.2010 res=false
*==== INFO ====* req_id_count= 13500 stream_id=53996 latency=0.839380 ms (tx_ts=157950040114894, rx_ts=157950040954274) request_id=542419 zil_blk_id=53996 ccf_commit_seqno=542419 nstreams_done_=13500 config.nstreams=20000 avg_latency=0.8252 ms avg throuhgput (requests/sec) = 85.2019 res=false
*==== INFO ====* req_id_count= 14000 stream_id=55996 latency=0.702865 ms (tx_ts=157955908048541, rx_ts=157955908751406) request_id=562539 zil_blk_id=55996 ccf_commit_seqno=562539 nstreams_done_=14000 config.nstreams=20000 avg_latency=0.8250 ms avg throuhgput (requests/sec) = 85.2022 res=false
*==== INFO ====* req_id_count= 14500 stream_id=57996 latency=0.691193 ms (tx_ts=157961755815485, rx_ts=157961756506678) request_id=582604 zil_blk_id=57996 ccf_commit_seqno=582604 nstreams_done_=14500 config.nstreams=20000 avg_latency=0.8244 ms avg throuhgput (requests/sec) = 85.2125 res=false
*==== INFO ====* req_id_count= 15000 stream_id=59996 latency=0.665044 ms (tx_ts=157967635372432, rx_ts=157967636037476) request_id=602755 zil_blk_id=59996 ccf_commit_seqno=602755 nstreams_done_=15000 config.nstreams=20000 avg_latency=0.8243 ms avg throuhgput (requests/sec) = 85.2068 res=false
*==== INFO ====* req_id_count= 15500 stream_id=61996 latency=0.784277 ms (tx_ts=157973499086056, rx_ts=157973499870333) request_id=622850 zil_blk_id=61996 ccf_commit_seqno=622851 nstreams_done_=15500 config.nstreams=20000 avg_latency=0.8245 ms avg throuhgput (requests/sec) = 85.2088 res=false
*==== INFO ====* req_id_count= 16000 stream_id=63996 latency=0.804985 ms (tx_ts=157979358661738, rx_ts=157979359466723) request_id=643000 zil_blk_id=63996 ccf_commit_seqno=643000 nstreams_done_=16000 config.nstreams=20000 avg_latency=0.8245 ms avg throuhgput (requests/sec) = 85.2126 res=false
*==== INFO ====* req_id_count= 16500 stream_id=65996 latency=0.685813 ms (tx_ts=157985197546778, rx_ts=157985198232591) request_id=663076 zil_blk_id=65996 ccf_commit_seqno=663076 nstreams_done_=16500 config.nstreams=20000 avg_latency=0.8241 ms avg throuhgput (requests/sec) = 85.2253 res=false
*==== INFO ====* req_id_count= 17000 stream_id=67996 latency=0.781552 ms (tx_ts=157991038336425, rx_ts=157991039117977) request_id=683146 zil_blk_id=67996 ccf_commit_seqno=683146 nstreams_done_=17000 config.nstreams=20000 avg_latency=0.8234 ms avg throuhgput (requests/sec) = 85.2364 res=false
*==== INFO ====* req_id_count= 17500 stream_id=69996 latency=0.666593 ms (tx_ts=157996884694273, rx_ts=157996885360866) request_id=703226 zil_blk_id=69996 ccf_commit_seqno=703226 nstreams_done_=17500 config.nstreams=20000 avg_latency=0.8234 ms avg throuhgput (requests/sec) = 85.2446 res=false
*==== INFO ====* req_id_count= 18000 stream_id=71996 latency=0.668330 ms (tx_ts=158002739841695, rx_ts=158002740510025) request_id=723357 zil_blk_id=71996 ccf_commit_seqno=723357 nstreams_done_=18000 config.nstreams=20000 avg_latency=0.8236 ms avg throuhgput (requests/sec) = 85.2488 res=false
*==== INFO ====* req_id_count= 18500 stream_id=73996 latency=0.907697 ms (tx_ts=158008590179316, rx_ts=158008591087013) request_id=743465 zil_blk_id=73996 ccf_commit_seqno=743465 nstreams_done_=18500 config.nstreams=20000 avg_latency=0.8233 ms avg throuhgput (requests/sec) = 85.2545 res=false
*==== INFO ====* req_id_count= 19000 stream_id=75996 latency=0.701713 ms (tx_ts=158014458721992, rx_ts=158014459423705) request_id=763626 zil_blk_id=75996 ccf_commit_seqno=763626 nstreams_done_=19000 config.nstreams=20000 avg_latency=0.8236 ms avg throuhgput (requests/sec) = 85.2531 res=false
*==== INFO ====* req_id_count= 19500 stream_id=77996 latency=0.753731 ms (tx_ts=158020328953126, rx_ts=158020329706857) request_id=783611 zil_blk_id=77996 ccf_commit_seqno=783611 nstreams_done_=19500 config.nstreams=20000 avg_latency=0.8242 ms avg throuhgput (requests/sec) = 85.2511 res=false
*==== INFO ====* http_end_stream ALL streams done! nstreams_done_=20000 avg_latency=0.8233 msreq_id_count= 20000
*==== INFO ====* req_id_count= 20000 stream_id=79996 latency=0.720037 ms (tx_ts=158026212427810, rx_ts=158026213147847) request_id=798308 zil_blk_id=79996 ccf_commit_seqno=798308 nstreams_done_=20000 config.nstreams=20000 avg_latency=0.8233 ms avg throuhgput (requests/sec) = 85.2444 res=true
