Uniform: 958143 124026 707679 162043 876236 
Exponential: -2147483648 -2147483648 -2147483648 -2147483648 -2147483648 
Truncated Normal: 435396 259237 460873 539458 755395 
*==== INFO ====* req_id_count= 500 stream_id=1996 latency=0.656849 ms (tx_ts=157797356778131, rx_ts=157797357434980) request_id=19199 zil_blk_id=734 ccf_commit_seqno=19199 nstreams_done_=500 config.nstreams=20000 avg_latency=0.7214 ms avg throuhgput (requests/sec) = 86.6555 res=false
*==== INFO ====* req_id_count= 1000 stream_id=3996 latency=0.725016 ms (tx_ts=157803180153511, rx_ts=157803180878527) request_id=39055 zil_blk_id=6181 ccf_commit_seqno=39055 nstreams_done_=1000 config.nstreams=20000 avg_latency=0.7276 ms avg throuhgput (requests/sec) = 86.2558 res=false
*==== INFO ====* req_id_count= 1500 stream_id=5996 latency=0.865479 ms (tx_ts=157808998673112, rx_ts=157808999538591) request_id=58932 zil_blk_id=11616 ccf_commit_seqno=58932 nstreams_done_=1500 config.nstreams=20000 avg_latency=0.7232 ms avg throuhgput (requests/sec) = 86.1471 res=false
*==== INFO ====* req_id_count= 2000 stream_id=7996 latency=0.589755 ms (tx_ts=157814797237139, rx_ts=157814797826894) request_id=78804 zil_blk_id=17027 ccf_commit_seqno=78804 nstreams_done_=2000 config.nstreams=20000 avg_latency=0.7213 ms avg throuhgput (requests/sec) = 86.1684 res=false
*==== INFO ====* req_id_count= 2500 stream_id=9996 latency=0.608369 ms (tx_ts=157820619556764, rx_ts=157820620165133) request_id=98739 zil_blk_id=22472 ccf_commit_seqno=98739 nstreams_done_=2500 config.nstreams=20000 avg_latency=0.7224 ms avg throuhgput (requests/sec) = 86.1098 res=false
*==== INFO ====* req_id_count= 3000 stream_id=11996 latency=0.724413 ms (tx_ts=157826428320980, rx_ts=157826429045393) request_id=118632 zil_blk_id=27895 ccf_commit_seqno=118633 nstreams_done_=3000 config.nstreams=20000 avg_latency=0.7190 ms avg throuhgput (requests/sec) = 86.1040 res=false
*==== INFO ====* req_id_count= 3500 stream_id=13996 latency=0.737400 ms (tx_ts=157832258320242, rx_ts=157832259057642) request_id=138584 zil_blk_id=33362 ccf_commit_seqno=138584 nstreams_done_=3500 config.nstreams=20000 avg_latency=0.7215 ms avg throuhgput (requests/sec) = 86.0551 res=false
*==== INFO ====* req_id_count= 4000 stream_id=15996 latency=0.611564 ms (tx_ts=157838079198465, rx_ts=157838079810029) request_id=158510 zil_blk_id=38819 ccf_commit_seqno=158510 nstreams_done_=4000 config.nstreams=20000 avg_latency=0.7209 ms avg throuhgput (requests/sec) = 86.0357 res=false
*==== INFO ====* req_id_count= 4500 stream_id=17996 latency=0.588682 ms (tx_ts=157843887020554, rx_ts=157843887609236) request_id=178427 zil_blk_id=44266 ccf_commit_seqno=178427 nstreams_done_=4500 config.nstreams=20000 avg_latency=0.7202 ms avg throuhgput (requests/sec) = 86.0418 res=false
*==== INFO ====* req_id_count= 5000 stream_id=19996 latency=0.755817 ms (tx_ts=157849698897094, rx_ts=157849699652911) request_id=198352 zil_blk_id=49720 ccf_commit_seqno=198352 nstreams_done_=5000 config.nstreams=20000 avg_latency=0.7202 ms avg throuhgput (requests/sec) = 86.0405 res=false
*==== INFO ====* req_id_count= 5500 stream_id=21996 latency=0.584543 ms (tx_ts=157855519194336, rx_ts=157855519778879) request_id=218314 zil_blk_id=55181 ccf_commit_seqno=218314 nstreams_done_=5500 config.nstreams=20000 avg_latency=0.7196 ms avg throuhgput (requests/sec) = 86.0285 res=false
*==== INFO ====* req_id_count= 6000 stream_id=23996 latency=0.807961 ms (tx_ts=157861339915286, rx_ts=157861340723247) request_id=238301 zil_blk_id=60641 ccf_commit_seqno=238302 nstreams_done_=6000 config.nstreams=20000 avg_latency=0.7217 ms avg throuhgput (requests/sec) = 86.0175 res=false
*==== INFO ====* req_id_count= 6500 stream_id=25996 latency=0.679200 ms (tx_ts=157867160728848, rx_ts=157867161408048) request_id=258256 zil_blk_id=66105 ccf_commit_seqno=258256 nstreams_done_=6500 config.nstreams=20000 avg_latency=0.7231 ms avg throuhgput (requests/sec) = 86.0085 res=false
*==== INFO ====* req_id_count= 7000 stream_id=27996 latency=0.733261 ms (tx_ts=157872962525172, rx_ts=157872963258433) request_id=278181 zil_blk_id=71553 ccf_commit_seqno=278182 nstreams_done_=7000 config.nstreams=20000 avg_latency=0.7238 ms avg throuhgput (requests/sec) = 86.0207 res=false
*==== INFO ====* req_id_count= 7500 stream_id=29996 latency=0.561903 ms (tx_ts=157878770056939, rx_ts=157878770618842) request_id=298095 zil_blk_id=77000 ccf_commit_seqno=298095 nstreams_done_=7500 config.nstreams=20000 avg_latency=0.7225 ms avg throuhgput (requests/sec) = 86.0258 res=false
*==== INFO ====* req_id_count= 8000 stream_id=31996 latency=0.574986 ms (tx_ts=157884590510095, rx_ts=157884591085081) request_id=318044 zil_blk_id=82457 ccf_commit_seqno=318044 nstreams_done_=8000 config.nstreams=20000 avg_latency=0.7232 ms avg throuhgput (requests/sec) = 86.0182 res=false
*==== INFO ====* req_id_count= 8500 stream_id=33996 latency=0.585085 ms (tx_ts=157890394194502, rx_ts=157890394779587) request_id=337958 zil_blk_id=87898 ccf_commit_seqno=337958 nstreams_done_=8500 config.nstreams=20000 avg_latency=0.7239 ms avg throuhgput (requests/sec) = 86.0260 res=false
*==== INFO ====* req_id_count= 9000 stream_id=35996 latency=0.621532 ms (tx_ts=157896214514318, rx_ts=157896215135850) request_id=357906 zil_blk_id=93367 ccf_commit_seqno=357906 nstreams_done_=9000 config.nstreams=20000 avg_latency=0.7239 ms avg throuhgput (requests/sec) = 86.0193 res=false
*==== INFO ====* req_id_count= 9500 stream_id=37996 latency=0.811098 ms (tx_ts=157902019534557, rx_ts=157902020345655) request_id=377801 zil_blk_id=98815 ccf_commit_seqno=377801 nstreams_done_=9500 config.nstreams=20000 avg_latency=0.7234 ms avg throuhgput (requests/sec) = 86.0251 res=false
*==== INFO ====* req_id_count= 10000 stream_id=39996 latency=0.655396 ms (tx_ts=157907831988684, rx_ts=157907832644080) request_id=397711 zil_blk_id=104270 ccf_commit_seqno=397711 nstreams_done_=10000 config.nstreams=20000 avg_latency=0.7231 ms avg throuhgput (requests/sec) = 86.0251 res=false
*==== INFO ====* req_id_count= 10500 stream_id=41996 latency=0.589483 ms (tx_ts=157913653341355, rx_ts=157913653930838) request_id=417704 zil_blk_id=109738 ccf_commit_seqno=417704 nstreams_done_=10500 config.nstreams=20000 avg_latency=0.7231 ms avg throuhgput (requests/sec) = 86.0187 res=false
*==== INFO ====* req_id_count= 11000 stream_id=43996 latency=0.617646 ms (tx_ts=157919508827452, rx_ts=157919509445098) request_id=437709 zil_blk_id=115235 ccf_commit_seqno=437709 nstreams_done_=11000 config.nstreams=20000 avg_latency=0.7250 ms avg throuhgput (requests/sec) = 85.9899 res=false
*==== INFO ====* req_id_count= 11500 stream_id=45996 latency=0.752397 ms (tx_ts=157925319828187, rx_ts=157925320580584) request_id=457660 zil_blk_id=120693 ccf_commit_seqno=457661 nstreams_done_=11500 config.nstreams=20000 avg_latency=0.7258 ms avg throuhgput (requests/sec) = 85.9922 res=false
*==== INFO ====* req_id_count= 12000 stream_id=47996 latency=0.602266 ms (tx_ts=157931151057640, rx_ts=157931151659906) request_id=477649 zil_blk_id=126165 ccf_commit_seqno=477649 nstreams_done_=12000 config.nstreams=20000 avg_latency=0.7268 ms avg throuhgput (requests/sec) = 85.9819 res=false
*==== INFO ====* req_id_count= 12500 stream_id=49996 latency=0.607541 ms (tx_ts=157936975181568, rx_ts=157936975789109) request_id=497648 zil_blk_id=131627 ccf_commit_seqno=497648 nstreams_done_=12500 config.nstreams=20000 avg_latency=0.7265 ms avg throuhgput (requests/sec) = 85.9766 res=false
*==== INFO ====* req_id_count= 13000 stream_id=51996 latency=0.583079 ms (tx_ts=157942780796304, rx_ts=157942781379383) request_id=517556 zil_blk_id=137052 ccf_commit_seqno=517556 nstreams_done_=13000 config.nstreams=20000 avg_latency=0.7259 ms avg throuhgput (requests/sec) = 85.9823 res=false
*==== INFO ====* req_id_count= 13500 stream_id=53996 latency=0.754381 ms (tx_ts=157948599335701, rx_ts=157948600090082) request_id=537471 zil_blk_id=142488 ccf_commit_seqno=537471 nstreams_done_=13500 config.nstreams=20000 avg_latency=0.7263 ms avg throuhgput (requests/sec) = 85.9803 res=false
*==== INFO ====* req_id_count= 14000 stream_id=55996 latency=0.795077 ms (tx_ts=157954406764185, rx_ts=157954407559262) request_id=557393 zil_blk_id=147910 ccf_commit_seqno=557393 nstreams_done_=14000 config.nstreams=20000 avg_latency=0.7269 ms avg throuhgput (requests/sec) = 85.9845 res=false
*==== INFO ====* req_id_count= 14500 stream_id=57996 latency=0.627243 ms (tx_ts=157960214638197, rx_ts=157960215265440) request_id=577320 zil_blk_id=153340 ccf_commit_seqno=577320 nstreams_done_=14500 config.nstreams=20000 avg_latency=0.7261 ms avg throuhgput (requests/sec) = 85.9882 res=false
*==== INFO ====* req_id_count= 15000 stream_id=59996 latency=0.845421 ms (tx_ts=157966037233262, rx_ts=157966038078683) request_id=597280 zil_blk_id=158770 ccf_commit_seqno=597282 nstreams_done_=15000 config.nstreams=20000 avg_latency=0.7268 ms avg throuhgput (requests/sec) = 85.9842 res=false
*==== INFO ====* req_id_count= 15500 stream_id=61996 latency=0.632343 ms (tx_ts=157971860621652, rx_ts=157971861253995) request_id=617230 zil_blk_id=164206 ccf_commit_seqno=617230 nstreams_done_=15500 config.nstreams=20000 avg_latency=0.7269 ms avg throuhgput (requests/sec) = 85.9803 res=false
*==== INFO ====* req_id_count= 16000 stream_id=63996 latency=0.593069 ms (tx_ts=157977418699497, rx_ts=157977419292566) request_id=636330 zil_blk_id=169400 ccf_commit_seqno=636330 nstreams_done_=16000 config.nstreams=20000 avg_latency=0.7270 ms avg throuhgput (requests/sec) = 86.0994 res=false
*==== INFO ====* req_id_count= 16500 stream_id=65996 latency=0.641149 ms (tx_ts=157982965186652, rx_ts=157982965827801) request_id=655406 zil_blk_id=174581 ccf_commit_seqno=655406 nstreams_done_=16500 config.nstreams=20000 avg_latency=0.7268 ms avg throuhgput (requests/sec) = 86.2166 res=false
*==== INFO ====* req_id_count= 17000 stream_id=67996 latency=0.553446 ms (tx_ts=157988767216812, rx_ts=157988767770258) request_id=675339 zil_blk_id=180005 ccf_commit_seqno=675339 nstreams_done_=17000 config.nstreams=20000 avg_latency=0.7268 ms avg throuhgput (requests/sec) = 86.2155 res=false
*==== INFO ====* req_id_count= 17500 stream_id=69996 latency=0.679701 ms (tx_ts=157994586174788, rx_ts=157994586854489) request_id=695336 zil_blk_id=185444 ccf_commit_seqno=695336 nstreams_done_=17500 config.nstreams=20000 avg_latency=0.7270 ms avg throuhgput (requests/sec) = 86.2072 res=false
*==== INFO ====* req_id_count= 18000 stream_id=71996 latency=0.619459 ms (tx_ts=158000388675252, rx_ts=158000389294711) request_id=715264 zil_blk_id=190867 ccf_commit_seqno=715264 nstreams_done_=18000 config.nstreams=20000 avg_latency=0.7268 ms avg throuhgput (requests/sec) = 86.2061 res=false
*==== INFO ====* req_id_count= 18500 stream_id=73996 latency=0.783611 ms (tx_ts=158006178586163, rx_ts=158006179369774) request_id=735168 zil_blk_id=196275 ccf_commit_seqno=735169 nstreams_done_=18500 config.nstreams=20000 avg_latency=0.7265 ms avg throuhgput (requests/sec) = 86.2101 res=false
*==== INFO ====* req_id_count= 19000 stream_id=75996 latency=0.768708 ms (tx_ts=158011979847320, rx_ts=158011980616028) request_id=755112 zil_blk_id=201692 ccf_commit_seqno=755113 nstreams_done_=19000 config.nstreams=20000 avg_latency=0.7271 ms avg throuhgput (requests/sec) = 86.2096 res=false
*==== INFO ====* req_id_count= 19500 stream_id=77996 latency=0.624739 ms (tx_ts=158017767941295, rx_ts=158017768566034) request_id=774995 zil_blk_id=207094 ccf_commit_seqno=774996 nstreams_done_=19500 config.nstreams=20000 avg_latency=0.7272 ms avg throuhgput (requests/sec) = 86.2141 res=false
*==== INFO ====* http_end_stream ALL streams done! nstreams_done_=20000 avg_latency=0.7267 msreq_id_count= 20000
*==== INFO ====* req_id_count= 20000 stream_id=79996 latency=0.601305 ms (tx_ts=158023578020669, rx_ts=158023578621974) request_id=793392 zil_blk_id=212527 ccf_commit_seqno=793392 nstreams_done_=20000 config.nstreams=20000 avg_latency=0.7267 ms avg throuhgput (requests/sec) = 86.2102 res=true
