Uniform: 39365 377085 777364 408489 851276 
Exponential: -2147483648 -2147483648 -2147483648 -2147483648 -2147483648 
Truncated Normal: 374166 435416 295971 142331 588067 
*==== INFO ====* req_id_count= 500 stream_id=1996 latency=0.745455 ms (tx_ts=157797564517446, rx_ts=157797565262901) request_id=19886 zil_blk_id=1996 ccf_commit_seqno=19886 nstreams_done_=500 config.nstreams=20000 avg_latency=0.8643 ms avg throuhgput (requests/sec) = 83.8133 res=false
*==== INFO ====* req_id_count= 1000 stream_id=3996 latency=1.104357 ms (tx_ts=157803547038325, rx_ts=157803548142682) request_id=40282 zil_blk_id=3996 ccf_commit_seqno=40284 nstreams_done_=1000 config.nstreams=20000 avg_latency=0.8773 ms avg throuhgput (requests/sec) = 83.6924 res=false
*==== INFO ====* req_id_count= 1500 stream_id=5996 latency=0.726319 ms (tx_ts=157809488505813, rx_ts=157809489232132) request_id=60585 zil_blk_id=5996 ccf_commit_seqno=60585 nstreams_done_=1500 config.nstreams=20000 avg_latency=0.8798 ms avg throuhgput (requests/sec) = 83.8475 res=false
*==== INFO ====* req_id_count= 2000 stream_id=7996 latency=1.370545 ms (tx_ts=157815405745888, rx_ts=157815407116433) request_id=80869 zil_blk_id=7996 ccf_commit_seqno=80869 nstreams_done_=2000 config.nstreams=20000 avg_latency=0.8796 ms avg throuhgput (requests/sec) = 84.0072 res=false
*==== INFO ====* req_id_count= 2500 stream_id=9996 latency=0.781162 ms (tx_ts=157821301116549, rx_ts=157821301897711) request_id=101055 zil_blk_id=9996 ccf_commit_seqno=101055 nstreams_done_=2500 config.nstreams=20000 avg_latency=0.8775 ms avg throuhgput (requests/sec) = 84.1686 res=false
*==== INFO ====* req_id_count= 3000 stream_id=11996 latency=0.810347 ms (tx_ts=157827207709258, rx_ts=157827208519605) request_id=121283 zil_blk_id=11996 ccf_commit_seqno=121283 nstreams_done_=3000 config.nstreams=20000 avg_latency=0.8807 ms avg throuhgput (requests/sec) = 84.2486 res=false
*==== INFO ====* req_id_count= 3500 stream_id=13996 latency=0.812073 ms (tx_ts=157833099926166, rx_ts=157833100738239) request_id=141455 zil_blk_id=13996 ccf_commit_seqno=141455 nstreams_done_=3500 config.nstreams=20000 avg_latency=0.8800 ms avg throuhgput (requests/sec) = 84.3351 res=false
*==== INFO ====* req_id_count= 4000 stream_id=15996 latency=2.082750 ms (tx_ts=157838995613043, rx_ts=157838997695793) request_id=161646 zil_blk_id=15996 ccf_commit_seqno=161651 nstreams_done_=4000 config.nstreams=20000 avg_latency=0.8797 ms avg throuhgput (requests/sec) = 84.3916 res=false
*==== INFO ====* req_id_count= 4500 stream_id=17996 latency=0.905544 ms (tx_ts=157844918037588, rx_ts=157844918943132) request_id=181956 zil_blk_id=17996 ccf_commit_seqno=181956 nstreams_done_=4500 config.nstreams=20000 avg_latency=0.8844 ms avg throuhgput (requests/sec) = 84.3972 res=false
*==== INFO ====* req_id_count= 5000 stream_id=19996 latency=0.840777 ms (tx_ts=157850833144500, rx_ts=157850833985277) request_id=202230 zil_blk_id=19996 ccf_commit_seqno=202230 nstreams_done_=5000 config.nstreams=20000 avg_latency=0.8880 ms avg throuhgput (requests/sec) = 84.4105 res=false
*==== INFO ====* req_id_count= 5500 stream_id=21996 latency=0.956630 ms (tx_ts=157856761415515, rx_ts=157856762372145) request_id=222563 zil_blk_id=21996 ccf_commit_seqno=222565 nstreams_done_=5500 config.nstreams=20000 avg_latency=0.8897 ms avg throuhgput (requests/sec) = 84.4040 res=false
*==== INFO ====* req_id_count= 6000 stream_id=23996 latency=0.878594 ms (tx_ts=157862670335177, rx_ts=157862671213771) request_id=242856 zil_blk_id=23996 ccf_commit_seqno=242857 nstreams_done_=6000 config.nstreams=20000 avg_latency=0.8882 ms avg throuhgput (requests/sec) = 84.4219 res=false
*==== INFO ====* req_id_count= 6500 stream_id=25996 latency=0.819914 ms (tx_ts=157868585208484, rx_ts=157868586028398) request_id=263132 zil_blk_id=25996 ccf_commit_seqno=263133 nstreams_done_=6500 config.nstreams=20000 avg_latency=0.8888 ms avg throuhgput (requests/sec) = 84.4305 res=false
*==== INFO ====* req_id_count= 7000 stream_id=27996 latency=0.794066 ms (tx_ts=157874486365666, rx_ts=157874487159732) request_id=283403 zil_blk_id=27996 ccf_commit_seqno=283404 nstreams_done_=7000 config.nstreams=20000 avg_latency=0.8886 ms avg throuhgput (requests/sec) = 84.4518 res=false
*==== INFO ====* req_id_count= 7500 stream_id=29996 latency=0.750307 ms (tx_ts=157880395934842, rx_ts=157880396685149) request_id=303652 zil_blk_id=29996 ccf_commit_seqno=303652 nstreams_done_=7500 config.nstreams=20000 avg_latency=0.8878 ms avg throuhgput (requests/sec) = 84.4623 res=false
*==== INFO ====* req_id_count= 8000 stream_id=31996 latency=0.764007 ms (tx_ts=157886293311742, rx_ts=157886294075749) request_id=323885 zil_blk_id=31996 ccf_commit_seqno=323885 nstreams_done_=8000 config.nstreams=20000 avg_latency=0.8877 ms avg throuhgput (requests/sec) = 84.4822 res=false
*==== INFO ====* req_id_count= 8500 stream_id=33996 latency=0.847498 ms (tx_ts=157892190334780, rx_ts=157892191182278) request_id=344121 zil_blk_id=33996 ccf_commit_seqno=344121 nstreams_done_=8500 config.nstreams=20000 avg_latency=0.8868 ms avg throuhgput (requests/sec) = 84.5001 res=false
*==== INFO ====* req_id_count= 9000 stream_id=35996 latency=0.830243 ms (tx_ts=157898124828476, rx_ts=157898125658719) request_id=364456 zil_blk_id=35996 ccf_commit_seqno=364456 nstreams_done_=9000 config.nstreams=20000 avg_latency=0.8884 ms avg throuhgput (requests/sec) = 84.4864 res=false
*==== INFO ====* req_id_count= 9500 stream_id=37996 latency=1.014648 ms (tx_ts=157904051581013, rx_ts=157904052595661) request_id=384753 zil_blk_id=37996 ccf_commit_seqno=384755 nstreams_done_=9500 config.nstreams=20000 avg_latency=0.8892 ms avg throuhgput (requests/sec) = 84.4798 res=false
*==== INFO ====* req_id_count= 10000 stream_id=39996 latency=0.765241 ms (tx_ts=157909978039450, rx_ts=157909978804691) request_id=405069 zil_blk_id=39996 ccf_commit_seqno=405069 nstreams_done_=10000 config.nstreams=20000 avg_latency=0.8901 ms avg throuhgput (requests/sec) = 84.4743 res=false
*==== INFO ====* req_id_count= 10500 stream_id=41996 latency=1.269034 ms (tx_ts=157915895391743, rx_ts=157915896660777) request_id=425329 zil_blk_id=41996 ccf_commit_seqno=425329 nstreams_done_=10500 config.nstreams=20000 avg_latency=0.8914 ms avg throuhgput (requests/sec) = 84.4751 res=false
*==== INFO ====* req_id_count= 11000 stream_id=43996 latency=0.988509 ms (tx_ts=157921831474466, rx_ts=157921832462975) request_id=445674 zil_blk_id=43996 ccf_commit_seqno=445674 nstreams_done_=11000 config.nstreams=20000 avg_latency=0.8921 ms avg throuhgput (requests/sec) = 84.4641 res=false
*==== INFO ====* req_id_count= 11500 stream_id=45996 latency=0.709907 ms (tx_ts=157927743640301, rx_ts=157927744350208) request_id=465935 zil_blk_id=45996 ccf_commit_seqno=465935 nstreams_done_=11500 config.nstreams=20000 avg_latency=0.8922 ms avg throuhgput (requests/sec) = 84.4689 res=false
*==== INFO ====* req_id_count= 12000 stream_id=47996 latency=0.904421 ms (tx_ts=157933634784745, rx_ts=157933635689166) request_id=486172 zil_blk_id=47996 ccf_commit_seqno=486172 nstreams_done_=12000 config.nstreams=20000 avg_latency=0.8914 ms avg throuhgput (requests/sec) = 84.4856 res=false
*==== INFO ====* req_id_count= 12500 stream_id=49996 latency=0.874315 ms (tx_ts=157939513271851, rx_ts=157939514146166) request_id=506344 zil_blk_id=49996 ccf_commit_seqno=506345 nstreams_done_=12500 config.nstreams=20000 avg_latency=0.8905 ms avg throuhgput (requests/sec) = 84.5083 res=false
*==== INFO ====* req_id_count= 13000 stream_id=51996 latency=0.843397 ms (tx_ts=157945436137375, rx_ts=157945436980772) request_id=526603 zil_blk_id=51996 ccf_commit_seqno=526604 nstreams_done_=13000 config.nstreams=20000 avg_latency=0.8917 ms avg throuhgput (requests/sec) = 84.5048 res=false
*==== INFO ====* req_id_count= 13500 stream_id=53996 latency=0.777705 ms (tx_ts=157951343389988, rx_ts=157951344167693) request_id=546892 zil_blk_id=53996 ccf_commit_seqno=546892 nstreams_done_=13500 config.nstreams=20000 avg_latency=0.8920 ms avg throuhgput (requests/sec) = 84.5099 res=false
*==== INFO ====* req_id_count= 14000 stream_id=55996 latency=0.983028 ms (tx_ts=157957274693832, rx_ts=157957275676860) request_id=567220 zil_blk_id=55996 ccf_commit_seqno=567221 nstreams_done_=14000 config.nstreams=20000 avg_latency=0.8924 ms avg throuhgput (requests/sec) = 84.5023 res=false
*==== INFO ====* req_id_count= 14500 stream_id=57996 latency=0.777284 ms (tx_ts=157963207495823, rx_ts=157963208273107) request_id=587571 zil_blk_id=57996 ccf_commit_seqno=587571 nstreams_done_=14500 config.nstreams=20000 avg_latency=0.8939 ms avg throuhgput (requests/sec) = 84.4946 res=false
*==== INFO ====* req_id_count= 15000 stream_id=59996 latency=0.782343 ms (tx_ts=157969107253731, rx_ts=157969108036074) request_id=607796 zil_blk_id=59996 ccf_commit_seqno=607796 nstreams_done_=15000 config.nstreams=20000 avg_latency=0.8940 ms avg throuhgput (requests/sec) = 84.5030 res=false
*==== INFO ====* req_id_count= 15500 stream_id=61996 latency=0.919119 ms (tx_ts=157974987781560, rx_ts=157974988700679) request_id=627975 zil_blk_id=61996 ccf_commit_seqno=627975 nstreams_done_=15500 config.nstreams=20000 avg_latency=0.8929 ms avg throuhgput (requests/sec) = 84.5198 res=false
*==== INFO ====* req_id_count= 16000 stream_id=63996 latency=0.749653 ms (tx_ts=157980891591821, rx_ts=157980892341474) request_id=648275 zil_blk_id=63996 ccf_commit_seqno=648275 nstreams_done_=16000 config.nstreams=20000 avg_latency=0.8936 ms avg throuhgput (requests/sec) = 84.5252 res=false
*==== INFO ====* req_id_count= 16500 stream_id=65996 latency=0.950017 ms (tx_ts=157986786178775, rx_ts=157986787128792) request_id=668525 zil_blk_id=65996 ccf_commit_seqno=668525 nstreams_done_=16500 config.nstreams=20000 avg_latency=0.8934 ms avg throuhgput (requests/sec) = 84.5341 res=false
*==== INFO ====* req_id_count= 17000 stream_id=67996 latency=0.704287 ms (tx_ts=157992682373322, rx_ts=157992683077609) request_id=688810 zil_blk_id=67996 ccf_commit_seqno=688810 nstreams_done_=17000 config.nstreams=20000 avg_latency=0.8933 ms avg throuhgput (requests/sec) = 84.5420 res=false
*==== INFO ====* req_id_count= 17500 stream_id=69996 latency=0.792121 ms (tx_ts=157998656503837, rx_ts=157998657295958) request_id=709316 zil_blk_id=69996 ccf_commit_seqno=709316 nstreams_done_=17500 config.nstreams=20000 avg_latency=0.8968 ms avg throuhgput (requests/sec) = 84.5175 res=false
*==== INFO ====* req_id_count= 18000 stream_id=71996 latency=0.704297 ms (tx_ts=158004559251457, rx_ts=158004559955754) request_id=729595 zil_blk_id=71996 ccf_commit_seqno=729595 nstreams_done_=18000 config.nstreams=20000 avg_latency=0.8964 ms avg throuhgput (requests/sec) = 84.5228 res=false
*==== INFO ====* req_id_count= 18500 stream_id=73996 latency=1.032712 ms (tx_ts=158010445008411, rx_ts=158010446041123) request_id=749838 zil_blk_id=73996 ccf_commit_seqno=749838 nstreams_done_=18500 config.nstreams=20000 avg_latency=0.8956 ms avg throuhgput (requests/sec) = 84.5342 res=false
*==== INFO ====* req_id_count= 19000 stream_id=75996 latency=0.860750 ms (tx_ts=158016335088181, rx_ts=158016335948931) request_id=770077 zil_blk_id=75996 ccf_commit_seqno=770078 nstreams_done_=19000 config.nstreams=20000 avg_latency=0.8957 ms avg throuhgput (requests/sec) = 84.5435 res=false
*==== INFO ====* req_id_count= 19500 stream_id=77996 latency=0.748240 ms (tx_ts=158022225020271, rx_ts=158022225768511) request_id=789639 zil_blk_id=77996 ccf_commit_seqno=789639 nstreams_done_=19500 config.nstreams=20000 avg_latency=0.8951 ms avg throuhgput (requests/sec) = 84.5524 res=false
*==== INFO ====* http_end_stream ALL streams done! nstreams_done_=20000 avg_latency=0.8945 msreq_id_count= 20000
*==== INFO ====* req_id_count= 20000 stream_id=79996 latency=0.798924 ms (tx_ts=158028228183524, rx_ts=158028228982448) request_id=799768 zil_blk_id=79996 ccf_commit_seqno=799768 nstreams_done_=20000 config.nstreams=20000 avg_latency=0.8945 ms avg throuhgput (requests/sec) = 84.5204 res=true
