Uniform: 935434 985914 781825 864825 698442 
Exponential: -2147483648 -2147483648 -2147483648 -2147483648 -2147483648 
Truncated Normal: 530009 707819 449452 586780 694854 
*==== INFO ====* req_id_count= 500 stream_id=1996 latency=0.656468 ms (tx_ts=157802103698558, rx_ts=157802104355026) request_id=35391 zil_blk_id=5187 ccf_commit_seqno=35392 nstreams_done_=500 config.nstreams=20000 avg_latency=0.7101 ms avg throuhgput (requests/sec) = 90.5523 res=false
*==== INFO ====* req_id_count= 1000 stream_id=3996 latency=0.716501 ms (tx_ts=157807649650312, rx_ts=157807650366813) request_id=54329 zil_blk_id=10384 ccf_commit_seqno=54330 nstreams_done_=1000 config.nstreams=20000 avg_latency=0.7152 ms avg throuhgput (requests/sec) = 90.3531 res=false
*==== INFO ====* req_id_count= 1500 stream_id=5996 latency=0.680804 ms (tx_ts=157813183500019, rx_ts=157813184180823) request_id=73271 zil_blk_id=15569 ccf_commit_seqno=73271 nstreams_done_=1500 config.nstreams=20000 avg_latency=0.7064 ms avg throuhgput (requests/sec) = 90.3533 res=false
*==== INFO ====* req_id_count= 2000 stream_id=7996 latency=0.616644 ms (tx_ts=157818886781189, rx_ts=157818887397833) request_id=92802 zil_blk_id=20913 ccf_commit_seqno=92802 nstreams_done_=2000 config.nstreams=20000 avg_latency=0.6945 ms avg throuhgput (requests/sec) = 89.6671 res=false
*==== INFO ====* req_id_count= 2500 stream_id=9996 latency=0.592689 ms (tx_ts=157824678328868, rx_ts=157824678921557) request_id=112622 zil_blk_id=26335 ccf_commit_seqno=112622 nstreams_done_=2500 config.nstreams=20000 avg_latency=0.6921 ms avg throuhgput (requests/sec) = 88.9799 res=false
*==== INFO ====* req_id_count= 3000 stream_id=11996 latency=0.781272 ms (tx_ts=157830479740103, rx_ts=157830480521375) request_id=132505 zil_blk_id=31774 ccf_commit_seqno=132506 nstreams_done_=3000 config.nstreams=20000 avg_latency=0.6929 ms avg throuhgput (requests/sec) = 88.5012 res=false
*==== INFO ====* req_id_count= 3500 stream_id=13996 latency=0.625150 ms (tx_ts=157836257952824, rx_ts=157836258577974) request_id=152265 zil_blk_id=37193 ccf_commit_seqno=152265 nstreams_done_=3500 config.nstreams=20000 avg_latency=0.6903 ms avg throuhgput (requests/sec) = 88.2148 res=false
*==== INFO ====* req_id_count= 4000 stream_id=15996 latency=0.603011 ms (tx_ts=157841865148120, rx_ts=157841865751131) request_id=171507 zil_blk_id=42452 ccf_commit_seqno=171508 nstreams_done_=4000 config.nstreams=20000 avg_latency=0.6898 ms avg throuhgput (requests/sec) = 88.3332 res=false
*==== INFO ====* req_id_count= 4500 stream_id=17996 latency=0.558354 ms (tx_ts=157847409899482, rx_ts=157847410457836) request_id=190499 zil_blk_id=47633 ccf_commit_seqno=190499 nstreams_done_=4500 config.nstreams=20000 avg_latency=0.6918 ms avg throuhgput (requests/sec) = 88.5343 res=false
*==== INFO ====* req_id_count= 5000 stream_id=19996 latency=0.570147 ms (tx_ts=157852947254959, rx_ts=157852947825106) request_id=209481 zil_blk_id=52807 ccf_commit_seqno=209481 nstreams_done_=5000 config.nstreams=20000 avg_latency=0.6926 ms avg throuhgput (requests/sec) = 88.7073 res=false
*==== INFO ====* req_id_count= 5500 stream_id=21996 latency=0.581057 ms (tx_ts=157858469388545, rx_ts=157858469969602) request_id=228438 zil_blk_id=57982 ccf_commit_seqno=228438 nstreams_done_=5500 config.nstreams=20000 avg_latency=0.6916 ms avg throuhgput (requests/sec) = 88.8712 res=false
*==== INFO ====* req_id_count= 6000 stream_id=23996 latency=0.641240 ms (tx_ts=157863997497979, rx_ts=157863998139219) request_id=247406 zil_blk_id=63153 ccf_commit_seqno=247407 nstreams_done_=6000 config.nstreams=20000 avg_latency=0.6915 ms avg throuhgput (requests/sec) = 89.0004 res=false
*==== INFO ====* req_id_count= 6500 stream_id=25996 latency=0.701913 ms (tx_ts=157869528798944, rx_ts=157869529500857) request_id=266378 zil_blk_id=68338 ccf_commit_seqno=266378 nstreams_done_=6500 config.nstreams=20000 avg_latency=0.6920 ms avg throuhgput (requests/sec) = 89.1060 res=false
*==== INFO ====* req_id_count= 7000 stream_id=27996 latency=0.567251 ms (tx_ts=157875068392862, rx_ts=157875068960113) request_id=285397 zil_blk_id=73536 ccf_commit_seqno=285397 nstreams_done_=7000 config.nstreams=20000 avg_latency=0.6923 ms avg throuhgput (requests/sec) = 89.1876 res=false
*==== INFO ====* req_id_count= 7500 stream_id=29996 latency=0.564617 ms (tx_ts=157880833859434, rx_ts=157880834424051) request_id=305152 zil_blk_id=78933 ccf_commit_seqno=305152 nstreams_done_=7500 config.nstreams=20000 avg_latency=0.6915 ms avg throuhgput (requests/sec) = 89.0189 res=false
*==== INFO ====* req_id_count= 8000 stream_id=31996 latency=0.600152 ms (tx_ts=157886614042866, rx_ts=157886614643018) request_id=324980 zil_blk_id=84353 ccf_commit_seqno=324980 nstreams_done_=8000 config.nstreams=20000 avg_latency=0.6893 ms avg throuhgput (requests/sec) = 88.8573 res=false
*==== INFO ====* req_id_count= 8500 stream_id=33996 latency=0.566109 ms (tx_ts=157892409724230, rx_ts=157892410290339) request_id=344873 zil_blk_id=89790 ccf_commit_seqno=344873 nstreams_done_=8500 config.nstreams=20000 avg_latency=0.6871 ms avg throuhgput (requests/sec) = 88.7010 res=false
*==== INFO ====* req_id_count= 9000 stream_id=35996 latency=0.558976 ms (tx_ts=157898213865247, rx_ts=157898214424223) request_id=364754 zil_blk_id=95235 ccf_commit_seqno=364754 nstreams_done_=9000 config.nstreams=20000 avg_latency=0.6877 ms avg throuhgput (requests/sec) = 88.5550 res=false
*==== INFO ====* req_id_count= 9500 stream_id=37996 latency=0.826295 ms (tx_ts=157903999194075, rx_ts=157904000020370) request_id=384579 zil_blk_id=100664 ccf_commit_seqno=384580 nstreams_done_=9500 config.nstreams=20000 avg_latency=0.6870 ms avg throuhgput (requests/sec) = 88.4401 res=false
*==== INFO ====* req_id_count= 10000 stream_id=39996 latency=0.681635 ms (tx_ts=157909743030937, rx_ts=157909743712572) request_id=404258 zil_blk_id=106052 ccf_commit_seqno=404259 nstreams_done_=10000 config.nstreams=20000 avg_latency=0.6872 ms avg throuhgput (requests/sec) = 88.3696 res=false
*==== INFO ====* req_id_count= 10500 stream_id=41996 latency=0.631582 ms (tx_ts=157915360591882, rx_ts=157915361223464) request_id=423498 zil_blk_id=111328 ccf_commit_seqno=423499 nstreams_done_=10500 config.nstreams=20000 avg_latency=0.6887 ms avg throuhgput (requests/sec) = 88.3998 res=false
*==== INFO ====* req_id_count= 11000 stream_id=43996 latency=0.775511 ms (tx_ts=157921140524635, rx_ts=157921141300146) request_id=443310 zil_blk_id=116753 ccf_commit_seqno=443310 nstreams_done_=11000 config.nstreams=20000 avg_latency=0.6884 ms avg throuhgput (requests/sec) = 88.3118 res=false
*==== INFO ====* req_id_count= 11500 stream_id=45996 latency=0.700184 ms (tx_ts=157926936118989, rx_ts=157926936819173) request_id=463173 zil_blk_id=122192 ccf_commit_seqno=463173 nstreams_done_=11500 config.nstreams=20000 avg_latency=0.6891 ms avg throuhgput (requests/sec) = 88.2212 res=false
*==== INFO ====* req_id_count= 12000 stream_id=47996 latency=0.685232 ms (tx_ts=157932713509326, rx_ts=157932714194558) request_id=483008 zil_blk_id=127609 ccf_commit_seqno=483009 nstreams_done_=12000 config.nstreams=20000 avg_latency=0.6894 ms avg throuhgput (requests/sec) = 88.1501 res=false
*==== INFO ====* req_id_count= 12500 stream_id=49996 latency=0.629177 ms (tx_ts=157938510258290, rx_ts=157938510887467) request_id=502898 zil_blk_id=133046 ccf_commit_seqno=502899 nstreams_done_=12500 config.nstreams=20000 avg_latency=0.6901 ms avg throuhgput (requests/sec) = 88.0727 res=false
*==== INFO ====* req_id_count= 13000 stream_id=51996 latency=0.589682 ms (tx_ts=157944288945041, rx_ts=157944289534723) request_id=522694 zil_blk_id=138467 ccf_commit_seqno=522694 nstreams_done_=13000 config.nstreams=20000 avg_latency=0.6889 ms avg throuhgput (requests/sec) = 88.0122 res=false
*==== INFO ====* req_id_count= 13500 stream_id=53996 latency=0.768387 ms (tx_ts=157950079550567, rx_ts=157950080318954) request_id=542547 zil_blk_id=143894 ccf_commit_seqno=542547 nstreams_done_=13500 config.nstreams=20000 avg_latency=0.6892 ms avg throuhgput (requests/sec) = 87.9492 res=false
*==== INFO ====* req_id_count= 14000 stream_id=55996 latency=0.544489 ms (tx_ts=157955857927663, rx_ts=157955858472152) request_id=562370 zil_blk_id=149311 ccf_commit_seqno=562370 nstreams_done_=14000 config.nstreams=20000 avg_latency=0.6889 ms avg throuhgput (requests/sec) = 87.8979 res=false
*==== INFO ====* req_id_count= 14500 stream_id=57996 latency=0.585314 ms (tx_ts=157961528495259, rx_ts=157961529080573) request_id=581824 zil_blk_id=154629 ccf_commit_seqno=581824 nstreams_done_=14500 config.nstreams=20000 avg_latency=0.6884 ms avg throuhgput (requests/sec) = 87.9073 res=false
*==== INFO ====* req_id_count= 15000 stream_id=59996 latency=0.570507 ms (tx_ts=157967302943143, rx_ts=157967303513650) request_id=601622 zil_blk_id=160049 ccf_commit_seqno=601622 nstreams_done_=15000 config.nstreams=20000 avg_latency=0.6878 ms avg throuhgput (requests/sec) = 87.8627 res=false
*==== INFO ====* req_id_count= 15500 stream_id=61996 latency=0.575998 ms (tx_ts=157973088812839, rx_ts=157973089388837) request_id=621460 zil_blk_id=165479 ccf_commit_seqno=621460 nstreams_done_=15500 config.nstreams=20000 avg_latency=0.6877 ms avg throuhgput (requests/sec) = 87.8154 res=false
*==== INFO ====* req_id_count= 16000 stream_id=63996 latency=0.538357 ms (tx_ts=157978871647171, rx_ts=157978872185528) request_id=641333 zil_blk_id=170910 ccf_commit_seqno=641333 nstreams_done_=16000 config.nstreams=20000 avg_latency=0.6877 ms avg throuhgput (requests/sec) = 87.7725 res=false
*==== INFO ====* req_id_count= 16500 stream_id=65996 latency=0.551301 ms (tx_ts=157984643950879, rx_ts=157984644502180) request_id=661178 zil_blk_id=176332 ccf_commit_seqno=661178 nstreams_done_=16500 config.nstreams=20000 avg_latency=0.6867 ms avg throuhgput (requests/sec) = 87.7371 res=false
*==== INFO ====* req_id_count= 17000 stream_id=67996 latency=0.702544 ms (tx_ts=157990461220052, rx_ts=157990461922596) request_id=681162 zil_blk_id=181792 ccf_commit_seqno=681162 nstreams_done_=17000 config.nstreams=20000 avg_latency=0.6868 ms avg throuhgput (requests/sec) = 87.6834 res=false
*==== INFO ====* req_id_count= 17500 stream_id=69996 latency=0.545420 ms (tx_ts=157996234502494, rx_ts=157996235047914) request_id=700996 zil_blk_id=187204 ccf_commit_seqno=700996 nstreams_done_=17500 config.nstreams=20000 avg_latency=0.6871 ms avg throuhgput (requests/sec) = 87.6524 res=false
*==== INFO ====* req_id_count= 18000 stream_id=71996 latency=0.604430 ms (tx_ts=158002011060447, rx_ts=158002011664877) request_id=720850 zil_blk_id=192618 ccf_commit_seqno=720850 nstreams_done_=18000 config.nstreams=20000 avg_latency=0.6867 ms avg throuhgput (requests/sec) = 87.6215 res=false
*==== INFO ====* req_id_count= 18500 stream_id=73996 latency=0.580335 ms (tx_ts=158007799991973, rx_ts=158007800572308) request_id=740747 zil_blk_id=198034 ccf_commit_seqno=740747 nstreams_done_=18500 config.nstreams=20000 avg_latency=0.6864 ms avg throuhgput (requests/sec) = 87.5873 res=false
*==== INFO ====* req_id_count= 19000 stream_id=75996 latency=0.657710 ms (tx_ts=158013594590792, rx_ts=158013595248502) request_id=760660 zil_blk_id=203438 ccf_commit_seqno=760661 nstreams_done_=19000 config.nstreams=20000 avg_latency=0.6865 ms avg throuhgput (requests/sec) = 87.5525 res=false
*==== INFO ====* req_id_count= 19500 stream_id=77996 latency=0.782907 ms (tx_ts=158019380399829, rx_ts=158019381182736) request_id=780461 zil_blk_id=208857 ccf_commit_seqno=780462 nstreams_done_=19500 config.nstreams=20000 avg_latency=0.6859 ms avg throuhgput (requests/sec) = 87.5230 res=false
*==== INFO ====* http_end_stream ALL streams done! nstreams_done_=20000 avg_latency=0.6851 msreq_id_count= 20000
*==== INFO ====* req_id_count= 20000 stream_id=79996 latency=0.572992 ms (tx_ts=158025183996053, rx_ts=158025184569045) request_id=796713 zil_blk_id=214292 ccf_commit_seqno=796713 nstreams_done_=20000 config.nstreams=20000 avg_latency=0.6851 ms avg throuhgput (requests/sec) = 87.4883 res=true
