Uniform: 875164 704117 957079 427299 517888 
Exponential: -2147483648 -2147483648 -2147483648 -2147483648 -2147483648 
Truncated Normal: 375267 274085 204023 375897 665446 
*==== INFO ====* req_id_count= 500 stream_id=1996 latency=0.794765 ms (tx_ts=157797622250633, rx_ts=157797623045398) request_id=20080 zil_blk_id=1996 ccf_commit_seqno=20080 nstreams_done_=500 config.nstreams=20000 avg_latency=0.9274 ms avg throuhgput (requests/sec) = 83.0423 res=false
*==== INFO ====* req_id_count= 1000 stream_id=3996 latency=0.729064 ms (tx_ts=157803601104578, rx_ts=157803601833642) request_id=40460 zil_blk_id=3996 ccf_commit_seqno=40460 nstreams_done_=1000 config.nstreams=20000 avg_latency=0.9224 ms avg throuhgput (requests/sec) = 83.3346 res=false
*==== INFO ====* req_id_count= 1500 stream_id=5996 latency=0.816958 ms (tx_ts=157809562757077, rx_ts=157809563574035) request_id=60835 zil_blk_id=5996 ccf_commit_seqno=60835 nstreams_done_=1500 config.nstreams=20000 avg_latency=0.9187 ms avg throuhgput (requests/sec) = 83.5117 res=false
*==== INFO ====* req_id_count= 2000 stream_id=7996 latency=1.018586 ms (tx_ts=157815464162967, rx_ts=157815465181553) request_id=81065 zil_blk_id=7996 ccf_commit_seqno=81065 nstreams_done_=2000 config.nstreams=20000 avg_latency=0.9033 ms avg throuhgput (requests/sec) = 83.8112 res=false
*==== INFO ====* req_id_count= 2500 stream_id=9996 latency=1.764552 ms (tx_ts=157821362547238, rx_ts=157821364311790) request_id=101264 zil_blk_id=9996 ccf_commit_seqno=101267 nstreams_done_=2500 config.nstreams=20000 avg_latency=0.8931 ms avg throuhgput (requests/sec) = 83.9989 res=false
*==== INFO ====* req_id_count= 3000 stream_id=11996 latency=0.941031 ms (tx_ts=157827236660027, rx_ts=157827237601058) request_id=121381 zil_blk_id=11996 ccf_commit_seqno=121381 nstreams_done_=3000 config.nstreams=20000 avg_latency=0.8888 ms avg throuhgput (requests/sec) = 84.1855 res=false
*==== INFO ====* req_id_count= 3500 stream_id=13996 latency=1.047931 ms (tx_ts=157833157343936, rx_ts=157833158391867) request_id=141651 zil_blk_id=13996 ccf_commit_seqno=141652 nstreams_done_=3500 config.nstreams=20000 avg_latency=0.8919 ms avg throuhgput (requests/sec) = 84.2229 res=false
*==== INFO ====* req_id_count= 4000 stream_id=15996 latency=0.687767 ms (tx_ts=157839086158868, rx_ts=157839086846635) request_id=161951 zil_blk_id=15996 ccf_commit_seqno=161951 nstreams_done_=4000 config.nstreams=20000 avg_latency=0.8954 ms avg throuhgput (requests/sec) = 84.2374 res=false
*==== INFO ====* req_id_count= 4500 stream_id=17996 latency=0.991546 ms (tx_ts=157845013097428, rx_ts=157845014088974) request_id=182277 zil_blk_id=17996 ccf_commit_seqno=182277 nstreams_done_=4500 config.nstreams=20000 avg_latency=0.8943 ms avg throuhgput (requests/sec) = 84.2506 res=false
*==== INFO ====* req_id_count= 5000 stream_id=19996 latency=1.082745 ms (tx_ts=157850935036537, rx_ts=157850936119282) request_id=202573 zil_blk_id=19996 ccf_commit_seqno=202573 nstreams_done_=5000 config.nstreams=20000 avg_latency=0.8950 ms avg throuhgput (requests/sec) = 84.2686 res=false
*==== INFO ====* req_id_count= 5500 stream_id=21996 latency=0.716571 ms (tx_ts=157856841660037, rx_ts=157856842376608) request_id=222838 zil_blk_id=21996 ccf_commit_seqno=222838 nstreams_done_=5500 config.nstreams=20000 avg_latency=0.8940 ms avg throuhgput (requests/sec) = 84.3036 res=false
*==== INFO ====* req_id_count= 6000 stream_id=23996 latency=0.977278 ms (tx_ts=157862719773297, rx_ts=157862720750575) request_id=243028 zil_blk_id=23996 ccf_commit_seqno=243028 nstreams_done_=6000 config.nstreams=20000 avg_latency=0.8917 ms avg throuhgput (requests/sec) = 84.3660 res=false
*==== INFO ====* req_id_count= 6500 stream_id=25996 latency=0.912217 ms (tx_ts=157868654020161, rx_ts=157868654932378) request_id=263370 zil_blk_id=25996 ccf_commit_seqno=263371 nstreams_done_=6500 config.nstreams=20000 avg_latency=0.8952 ms avg throuhgput (requests/sec) = 84.3576 res=false
*==== INFO ====* req_id_count= 7000 stream_id=27996 latency=0.855611 ms (tx_ts=157874550167156, rx_ts=157874551022767) request_id=283619 zil_blk_id=27996 ccf_commit_seqno=283620 nstreams_done_=7000 config.nstreams=20000 avg_latency=0.8919 ms avg throuhgput (requests/sec) = 84.3892 res=false
*==== INFO ====* req_id_count= 7500 stream_id=29996 latency=0.697706 ms (tx_ts=157880445402569, rx_ts=157880446100275) request_id=303816 zil_blk_id=29996 ccf_commit_seqno=303816 nstreams_done_=7500 config.nstreams=20000 avg_latency=0.8902 ms avg throuhgput (requests/sec) = 84.4176 res=false
*==== INFO ====* req_id_count= 8000 stream_id=31996 latency=1.007300 ms (tx_ts=157886342364106, rx_ts=157886343371406) request_id=324050 zil_blk_id=31996 ccf_commit_seqno=324051 nstreams_done_=8000 config.nstreams=20000 avg_latency=0.8876 ms avg throuhgput (requests/sec) = 84.4404 res=false
*==== INFO ====* req_id_count= 8500 stream_id=33996 latency=0.732600 ms (tx_ts=157892224008699, rx_ts=157892224741299) request_id=344236 zil_blk_id=33996 ccf_commit_seqno=344236 nstreams_done_=8500 config.nstreams=20000 avg_latency=0.8857 ms avg throuhgput (requests/sec) = 84.4740 res=false
*==== INFO ====* req_id_count= 9000 stream_id=35996 latency=0.864718 ms (tx_ts=157898141473257, rx_ts=157898142337975) request_id=364513 zil_blk_id=35996 ccf_commit_seqno=364513 nstreams_done_=9000 config.nstreams=20000 avg_latency=0.8860 ms avg throuhgput (requests/sec) = 84.4751 res=false
*==== INFO ====* req_id_count= 9500 stream_id=37996 latency=1.005592 ms (tx_ts=157904078152390, rx_ts=157904079157982) request_id=384848 zil_blk_id=37996 ccf_commit_seqno=384851 nstreams_done_=9500 config.nstreams=20000 avg_latency=0.8876 ms avg throuhgput (requests/sec) = 84.4616 res=false
*==== INFO ====* req_id_count= 10000 stream_id=39996 latency=0.738230 ms (tx_ts=157910006425882, rx_ts=157910007164112) request_id=405164 zil_blk_id=39996 ccf_commit_seqno=405164 nstreams_done_=10000 config.nstreams=20000 avg_latency=0.8880 ms avg throuhgput (requests/sec) = 84.4558 res=false
*==== INFO ====* req_id_count= 10500 stream_id=41996 latency=1.099846 ms (tx_ts=157915904369449, rx_ts=157915905469295) request_id=425354 zil_blk_id=41996 ccf_commit_seqno=425358 nstreams_done_=10500 config.nstreams=20000 avg_latency=0.8872 ms avg throuhgput (requests/sec) = 84.4707 res=false
*==== INFO ====* req_id_count= 11000 stream_id=43996 latency=0.942794 ms (tx_ts=157921793312744, rx_ts=157921794255538) request_id=445539 zil_blk_id=43996 ccf_commit_seqno=445539 nstreams_done_=11000 config.nstreams=20000 avg_latency=0.8859 ms avg throuhgput (requests/sec) = 84.4904 res=false
*==== INFO ====* req_id_count= 11500 stream_id=45996 latency=0.884392 ms (tx_ts=157927724668731, rx_ts=157927725553123) request_id=465877 zil_blk_id=45996 ccf_commit_seqno=465877 nstreams_done_=11500 config.nstreams=20000 avg_latency=0.8863 ms avg throuhgput (requests/sec) = 84.4821 res=false
*==== INFO ====* req_id_count= 12000 stream_id=47996 latency=0.797923 ms (tx_ts=157933624545938, rx_ts=157933625343861) request_id=486135 zil_blk_id=47996 ccf_commit_seqno=486135 nstreams_done_=12000 config.nstreams=20000 avg_latency=0.8863 ms avg throuhgput (requests/sec) = 84.4932 res=false
*==== INFO ====* req_id_count= 12500 stream_id=49996 latency=0.717141 ms (tx_ts=157939517550434, rx_ts=157939518267575) request_id=506353 zil_blk_id=49996 ccf_commit_seqno=506353 nstreams_done_=12500 config.nstreams=20000 avg_latency=0.8863 ms avg throuhgput (requests/sec) = 84.5073 res=false
*==== INFO ====* req_id_count= 13000 stream_id=51996 latency=0.880896 ms (tx_ts=157945443485811, rx_ts=157945444366707) request_id=526630 zil_blk_id=51996 ccf_commit_seqno=526630 nstreams_done_=13000 config.nstreams=20000 avg_latency=0.8871 ms avg throuhgput (requests/sec) = 84.5021 res=false
*==== INFO ====* req_id_count= 13500 stream_id=53996 latency=0.877181 ms (tx_ts=157951380343884, rx_ts=157951381221065) request_id=547021 zil_blk_id=53996 ccf_commit_seqno=547022 nstreams_done_=13500 config.nstreams=20000 avg_latency=0.8882 ms avg throuhgput (requests/sec) = 84.4916 res=false
*==== INFO ====* req_id_count= 14000 stream_id=55996 latency=1.001273 ms (tx_ts=157957335345483, rx_ts=157957336346756) request_id=567428 zil_blk_id=55996 ccf_commit_seqno=567428 nstreams_done_=14000 config.nstreams=20000 avg_latency=0.8905 ms avg throuhgput (requests/sec) = 84.4725 res=false
*==== INFO ====* req_id_count= 14500 stream_id=57996 latency=0.711801 ms (tx_ts=157963230258827, rx_ts=157963230970628) request_id=587649 zil_blk_id=57996 ccf_commit_seqno=587649 nstreams_done_=14500 config.nstreams=20000 avg_latency=0.8901 ms avg throuhgput (requests/sec) = 84.4846 res=false
*==== INFO ====* req_id_count= 15000 stream_id=59996 latency=0.789968 ms (tx_ts=157969178269532, rx_ts=157969179059500) request_id=608041 zil_blk_id=59996 ccf_commit_seqno=608042 nstreams_done_=15000 config.nstreams=20000 avg_latency=0.8919 ms avg throuhgput (requests/sec) = 84.4704 res=false
*==== INFO ====* req_id_count= 15500 stream_id=61996 latency=0.673319 ms (tx_ts=157975083583880, rx_ts=157975084257199) request_id=628301 zil_blk_id=61996 ccf_commit_seqno=628301 nstreams_done_=15500 config.nstreams=20000 avg_latency=0.8920 ms avg throuhgput (requests/sec) = 84.4768 res=false
*==== INFO ====* req_id_count= 16000 stream_id=63996 latency=0.727510 ms (tx_ts=157980981927587, rx_ts=157980982655097) request_id=648581 zil_blk_id=63996 ccf_commit_seqno=648581 nstreams_done_=16000 config.nstreams=20000 avg_latency=0.8916 ms avg throuhgput (requests/sec) = 84.4859 res=false
*==== INFO ====* req_id_count= 16500 stream_id=65996 latency=0.729933 ms (tx_ts=157986913306869, rx_ts=157986914036802) request_id=668957 zil_blk_id=65996 ccf_commit_seqno=668957 nstreams_done_=16500 config.nstreams=20000 avg_latency=0.8928 ms avg throuhgput (requests/sec) = 84.4802 res=false
*==== INFO ====* req_id_count= 17000 stream_id=67996 latency=1.067657 ms (tx_ts=157992815331164, rx_ts=157992816398821) request_id=689259 zil_blk_id=67996 ccf_commit_seqno=689265 nstreams_done_=17000 config.nstreams=20000 avg_latency=0.8922 ms avg throuhgput (requests/sec) = 84.4870 res=false
*==== INFO ====* req_id_count= 17500 stream_id=69996 latency=0.744042 ms (tx_ts=157998753252469, rx_ts=157998753996511) request_id=709646 zil_blk_id=69996 ccf_commit_seqno=709646 nstreams_done_=17500 config.nstreams=20000 avg_latency=0.8936 ms avg throuhgput (requests/sec) = 84.4790 res=false
*==== INFO ====* req_id_count= 18000 stream_id=71996 latency=0.766463 ms (tx_ts=158004660997627, rx_ts=158004661764090) request_id=729944 zil_blk_id=71996 ccf_commit_seqno=729944 nstreams_done_=18000 config.nstreams=20000 avg_latency=0.8933 ms avg throuhgput (requests/sec) = 84.4833 res=false
*==== INFO ====* req_id_count= 18500 stream_id=73996 latency=0.864908 ms (tx_ts=158010567773709, rx_ts=158010568638617) request_id=750254 zil_blk_id=73996 ccf_commit_seqno=750256 nstreams_done_=18500 config.nstreams=20000 avg_latency=0.8924 ms avg throuhgput (requests/sec) = 84.4878 res=false
*==== INFO ====* req_id_count= 19000 stream_id=75996 latency=0.709270 ms (tx_ts=158016472594758, rx_ts=158016473304028) request_id=770549 zil_blk_id=75996 ccf_commit_seqno=770549 nstreams_done_=19000 config.nstreams=20000 avg_latency=0.8923 ms avg throuhgput (requests/sec) = 84.4928 res=false
*==== INFO ====* req_id_count= 19500 stream_id=77996 latency=0.931696 ms (tx_ts=158022428050494, rx_ts=158022428982190) request_id=790240 zil_blk_id=77996 ccf_commit_seqno=790241 nstreams_done_=19500 config.nstreams=20000 avg_latency=0.8935 ms avg throuhgput (requests/sec) = 84.4789 res=false
*==== INFO ====* http_end_stream ALL streams done! nstreams_done_=20000 avg_latency=0.8926 msreq_id_count= 20000
*==== INFO ====* req_id_count= 20000 stream_id=79996 latency=0.844860 ms (tx_ts=158028428253112, rx_ts=158028429097972) request_id=799824 zil_blk_id=79996 ccf_commit_seqno=799824 nstreams_done_=20000 config.nstreams=20000 avg_latency=0.8926 ms avg throuhgput (requests/sec) = 84.4498 res=true
