Uniform: 341113 900875 670608 326751 265232 
Exponential: -2147483648 -2147483648 -2147483648 -2147483648 -2147483648 
Truncated Normal: 552600 257976 172378 494553 293478 
*==== INFO ====* req_id_count= 500 stream_id=1996 latency=0.921995 ms (tx_ts=157797579142303, rx_ts=157797580064298) request_id=19932 zil_blk_id=1996 ccf_commit_seqno=19932 nstreams_done_=500 config.nstreams=20000 avg_latency=0.9383 ms avg throuhgput (requests/sec) = 83.6733 res=false
*==== INFO ====* req_id_count= 1000 stream_id=3996 latency=0.863255 ms (tx_ts=157803555193650, rx_ts=157803556056905) request_id=40307 zil_blk_id=3996 ccf_commit_seqno=40307 nstreams_done_=1000 config.nstreams=20000 avg_latency=0.9646 ms avg throuhgput (requests/sec) = 83.6707 res=false
*==== INFO ====* req_id_count= 1500 stream_id=5996 latency=0.866331 ms (tx_ts=157809541898144, rx_ts=157809542764475) request_id=60770 zil_blk_id=5996 ccf_commit_seqno=60771 nstreams_done_=1500 config.nstreams=20000 avg_latency=0.9591 ms avg throuhgput (requests/sec) = 83.6199 res=false
*==== INFO ====* req_id_count= 2000 stream_id=7996 latency=0.829462 ms (tx_ts=157815501723504, rx_ts=157815502552966) request_id=81198 zil_blk_id=7996 ccf_commit_seqno=81198 nstreams_done_=2000 config.nstreams=20000 avg_latency=0.9480 ms avg throuhgput (requests/sec) = 83.6886 res=false
*==== INFO ====* req_id_count= 2500 stream_id=9996 latency=0.864048 ms (tx_ts=157821494099183, rx_ts=157821494963231) request_id=101712 zil_blk_id=9996 ccf_commit_seqno=101713 nstreams_done_=2500 config.nstreams=20000 avg_latency=0.9455 ms avg throuhgput (requests/sec) = 83.6386 res=false
*==== INFO ====* req_id_count= 3000 stream_id=11996 latency=1.038243 ms (tx_ts=157827493364348, rx_ts=157827494402591) request_id=122260 zil_blk_id=11996 ccf_commit_seqno=122261 nstreams_done_=3000 config.nstreams=20000 avg_latency=0.9466 ms avg throuhgput (requests/sec) = 83.5888 res=false
*==== INFO ====* req_id_count= 3500 stream_id=13996 latency=0.846033 ms (tx_ts=157833458089864, rx_ts=157833458935897) request_id=142672 zil_blk_id=13996 ccf_commit_seqno=142672 nstreams_done_=3500 config.nstreams=20000 avg_latency=0.9468 ms avg throuhgput (requests/sec) = 83.6230 res=false
*==== INFO ====* req_id_count= 4000 stream_id=15996 latency=1.187823 ms (tx_ts=157839438698409, rx_ts=157839439886232) request_id=163163 zil_blk_id=15996 ccf_commit_seqno=163165 nstreams_done_=4000 config.nstreams=20000 avg_latency=0.9455 ms avg throuhgput (requests/sec) = 83.6200 res=false
*==== INFO ====* req_id_count= 4500 stream_id=17996 latency=0.938867 ms (tx_ts=157845421776164, rx_ts=157845422715031) request_id=183682 zil_blk_id=17996 ccf_commit_seqno=183682 nstreams_done_=4500 config.nstreams=20000 avg_latency=0.9441 ms avg throuhgput (requests/sec) = 83.6147 res=false
*==== INFO ====* req_id_count= 5000 stream_id=19996 latency=0.808122 ms (tx_ts=157851387676652, rx_ts=157851388484774) request_id=204127 zil_blk_id=19996 ccf_commit_seqno=204127 nstreams_done_=5000 config.nstreams=20000 avg_latency=0.9434 ms avg throuhgput (requests/sec) = 83.6344 res=false
*==== INFO ====* req_id_count= 5500 stream_id=21996 latency=0.828591 ms (tx_ts=157857338437135, rx_ts=157857339265726) request_id=224549 zil_blk_id=21996 ccf_commit_seqno=224549 nstreams_done_=5500 config.nstreams=20000 avg_latency=0.9408 ms avg throuhgput (requests/sec) = 83.6695 res=false
*==== INFO ====* req_id_count= 6000 stream_id=23996 latency=0.797693 ms (tx_ts=157863293862027, rx_ts=157863294659720) request_id=244987 zil_blk_id=23996 ccf_commit_seqno=244987 nstreams_done_=6000 config.nstreams=20000 avg_latency=0.9406 ms avg throuhgput (requests/sec) = 83.6934 res=false
*==== INFO ====* req_id_count= 6500 stream_id=25996 latency=0.950018 ms (tx_ts=157869303172237, rx_ts=157869304122255) request_id=265604 zil_blk_id=25996 ccf_commit_seqno=265605 nstreams_done_=6500 config.nstreams=20000 avg_latency=0.9397 ms avg throuhgput (requests/sec) = 83.6554 res=false
*==== INFO ====* req_id_count= 7000 stream_id=27996 latency=0.823050 ms (tx_ts=157875288330351, rx_ts=157875289153401) request_id=286159 zil_blk_id=27996 ccf_commit_seqno=286159 nstreams_done_=7000 config.nstreams=20000 avg_latency=0.9385 ms avg throuhgput (requests/sec) = 83.6473 res=false
*==== INFO ====* req_id_count= 7500 stream_id=29996 latency=0.832298 ms (tx_ts=157881271769954, rx_ts=157881272602252) request_id=306651 zil_blk_id=29996 ccf_commit_seqno=306651 nstreams_done_=7500 config.nstreams=20000 avg_latency=0.9357 ms avg throuhgput (requests/sec) = 83.6417 res=false
*==== INFO ====* req_id_count= 8000 stream_id=31996 latency=0.764229 ms (tx_ts=157887226832921, rx_ts=157887227597150) request_id=327093 zil_blk_id=31996 ccf_commit_seqno=327093 nstreams_done_=8000 config.nstreams=20000 avg_latency=0.9359 ms avg throuhgput (requests/sec) = 83.6617 res=false
*==== INFO ====* req_id_count= 8500 stream_id=33996 latency=0.806017 ms (tx_ts=157893172641109, rx_ts=157893173447126) request_id=347486 zil_blk_id=33996 ccf_commit_seqno=347486 nstreams_done_=8500 config.nstreams=20000 avg_latency=0.9340 ms avg throuhgput (requests/sec) = 83.6869 res=false
*==== INFO ====* req_id_count= 9000 stream_id=35996 latency=0.870950 ms (tx_ts=157899139380892, rx_ts=157899140251842) request_id=367921 zil_blk_id=35996 ccf_commit_seqno=367921 nstreams_done_=9000 config.nstreams=20000 avg_latency=0.9337 ms avg throuhgput (requests/sec) = 83.6931 res=false
*==== INFO ====* req_id_count= 9500 stream_id=37996 latency=1.002775 ms (tx_ts=157905086339965, rx_ts=157905087342740) request_id=388296 zil_blk_id=37996 ccf_commit_seqno=388296 nstreams_done_=9500 config.nstreams=20000 avg_latency=0.9344 ms avg throuhgput (requests/sec) = 83.7131 res=false
*==== INFO ====* req_id_count= 10000 stream_id=39996 latency=0.828120 ms (tx_ts=157911033670474, rx_ts=157911034498594) request_id=408701 zil_blk_id=39996 ccf_commit_seqno=408701 nstreams_done_=10000 config.nstreams=20000 avg_latency=0.9341 ms avg throuhgput (requests/sec) = 83.7310 res=false
*==== INFO ====* req_id_count= 10500 stream_id=41996 latency=0.842556 ms (tx_ts=157916995812895, rx_ts=157916996655451) request_id=429101 zil_blk_id=41996 ccf_commit_seqno=429101 nstreams_done_=10500 config.nstreams=20000 avg_latency=0.9351 ms avg throuhgput (requests/sec) = 83.7373 res=false
*==== INFO ====* req_id_count= 11000 stream_id=43996 latency=0.881730 ms (tx_ts=157922933939817, rx_ts=157922934821547) request_id=449462 zil_blk_id=43996 ccf_commit_seqno=449462 nstreams_done_=11000 config.nstreams=20000 avg_latency=0.9343 ms avg throuhgput (requests/sec) = 83.7582 res=false
*==== INFO ====* req_id_count= 11500 stream_id=45996 latency=0.898797 ms (tx_ts=157928868749384, rx_ts=157928869648181) request_id=469805 zil_blk_id=45996 ccf_commit_seqno=469805 nstreams_done_=11500 config.nstreams=20000 avg_latency=0.9353 ms avg throuhgput (requests/sec) = 83.7794 res=false
*==== INFO ====* req_id_count= 12000 stream_id=47996 latency=0.980624 ms (tx_ts=157934794291531, rx_ts=157934795272155) request_id=490144 zil_blk_id=47996 ccf_commit_seqno=490147 nstreams_done_=12000 config.nstreams=20000 avg_latency=0.9351 ms avg throuhgput (requests/sec) = 83.8043 res=false
*==== INFO ====* req_id_count= 12500 stream_id=49996 latency=0.843558 ms (tx_ts=157940723423462, rx_ts=157940724267020) request_id=510499 zil_blk_id=49996 ccf_commit_seqno=510499 nstreams_done_=12500 config.nstreams=20000 avg_latency=0.9344 ms avg throuhgput (requests/sec) = 83.8252 res=false
*==== INFO ====* req_id_count= 13000 stream_id=51996 latency=0.807840 ms (tx_ts=157946680568152, rx_ts=157946681375992) request_id=530876 zil_blk_id=51996 ccf_commit_seqno=530877 nstreams_done_=13000 config.nstreams=20000 avg_latency=0.9351 ms avg throuhgput (requests/sec) = 83.8294 res=false
*==== INFO ====* req_id_count= 13500 stream_id=53996 latency=0.825955 ms (tx_ts=157952593688431, rx_ts=157952594514386) request_id=551193 zil_blk_id=53996 ccf_commit_seqno=551193 nstreams_done_=13500 config.nstreams=20000 avg_latency=0.9348 ms avg throuhgput (requests/sec) = 83.8561 res=false
*==== INFO ====* req_id_count= 14000 stream_id=55996 latency=0.778506 ms (tx_ts=157958544166563, rx_ts=157958544945069) request_id=571574 zil_blk_id=55996 ccf_commit_seqno=571574 nstreams_done_=14000 config.nstreams=20000 avg_latency=0.9346 ms avg throuhgput (requests/sec) = 83.8622 res=false
*==== INFO ====* req_id_count= 14500 stream_id=57996 latency=0.779498 ms (tx_ts=157964475162973, rx_ts=157964475942471) request_id=591912 zil_blk_id=57996 ccf_commit_seqno=591912 nstreams_done_=14500 config.nstreams=20000 avg_latency=0.9345 ms avg throuhgput (requests/sec) = 83.8773 res=false
*==== INFO ====* req_id_count= 15000 stream_id=59996 latency=1.021391 ms (tx_ts=157970413244097, rx_ts=157970414265488) request_id=612279 zil_blk_id=59996 ccf_commit_seqno=612280 nstreams_done_=15000 config.nstreams=20000 avg_latency=0.9347 ms avg throuhgput (requests/sec) = 83.8880 res=false
*==== INFO ====* req_id_count= 15500 stream_id=61996 latency=0.849018 ms (tx_ts=157976334039583, rx_ts=157976334888601) request_id=632607 zil_blk_id=61996 ccf_commit_seqno=632607 nstreams_done_=15500 config.nstreams=20000 avg_latency=0.9345 ms avg throuhgput (requests/sec) = 83.9060 res=false
*==== INFO ====* req_id_count= 16000 stream_id=63996 latency=1.110838 ms (tx_ts=157982274533558, rx_ts=157982275644396) request_id=653032 zil_blk_id=63996 ccf_commit_seqno=653032 nstreams_done_=16000 config.nstreams=20000 avg_latency=0.9349 ms avg throuhgput (requests/sec) = 83.9141 res=false
*==== INFO ====* req_id_count= 16500 stream_id=65996 latency=1.029538 ms (tx_ts=157988241655378, rx_ts=157988242684916) request_id=673528 zil_blk_id=65996 ccf_commit_seqno=673528 nstreams_done_=16500 config.nstreams=20000 avg_latency=0.9360 ms avg throuhgput (requests/sec) = 83.9104 res=false
*==== INFO ====* req_id_count= 17000 stream_id=67996 latency=1.040476 ms (tx_ts=157994173264607, rx_ts=157994174305083) request_id=693919 zil_blk_id=67996 ccf_commit_seqno=693919 nstreams_done_=17000 config.nstreams=20000 avg_latency=0.9361 ms avg throuhgput (requests/sec) = 83.9217 res=false
*==== INFO ====* req_id_count= 17500 stream_id=69996 latency=0.774158 ms (tx_ts=158000125697216, rx_ts=158000126471374) request_id=714362 zil_blk_id=69996 ccf_commit_seqno=714362 nstreams_done_=17500 config.nstreams=20000 avg_latency=0.9367 ms avg throuhgput (requests/sec) = 83.9240 res=false
*==== INFO ====* req_id_count= 18000 stream_id=71996 latency=0.781041 ms (tx_ts=158006063762850, rx_ts=158006064543891) request_id=734769 zil_blk_id=71996 ccf_commit_seqno=734769 nstreams_done_=18000 config.nstreams=20000 avg_latency=0.9367 ms avg throuhgput (requests/sec) = 83.9317 res=false
*==== INFO ====* req_id_count= 18500 stream_id=73996 latency=0.768627 ms (tx_ts=158011994096755, rx_ts=158011994865382) request_id=755163 zil_blk_id=73996 ccf_commit_seqno=755163 nstreams_done_=18500 config.nstreams=20000 avg_latency=0.9362 ms avg throuhgput (requests/sec) = 83.9419 res=false
*==== INFO ====* req_id_count= 19000 stream_id=75996 latency=0.899473 ms (tx_ts=158017929149961, rx_ts=158017930049434) request_id=775547 zil_blk_id=75996 ccf_commit_seqno=775547 nstreams_done_=19000 config.nstreams=20000 avg_latency=0.9359 ms avg throuhgput (requests/sec) = 83.9498 res=false
*==== INFO ====* req_id_count= 19500 stream_id=77996 latency=0.957191 ms (tx_ts=158023906357961, rx_ts=158023907315152) request_id=794148 zil_blk_id=77996 ccf_commit_seqno=794148 nstreams_done_=19500 config.nstreams=20000 avg_latency=0.9366 ms avg throuhgput (requests/sec) = 83.9421 res=false
*==== INFO ====* http_end_stream ALL streams done! nstreams_done_=20000 avg_latency=0.9394 msreq_id_count= 20000
*==== INFO ====* req_id_count= 20000 stream_id=79996 latency=5.001106 ms (tx_ts=158030038048031, rx_ts=158030043049137) request_id=800000 zil_blk_id=79996 ccf_commit_seqno=800000 nstreams_done_=20000 config.nstreams=20000 avg_latency=0.9394 ms avg throuhgput (requests/sec) = 83.8790 res=true
