Uniform: 427752 921535 653066 902172 529416 
Exponential: -2147483648 -2147483648 -2147483648 -2147483648 -2147483648 
Truncated Normal: 389404 564020 704281 563660 244413 
*==== INFO ====* req_id_count= 500 stream_id=1996 latency=0.717824 ms (tx_ts=157797537098332, rx_ts=157797537816156) request_id=19797 zil_blk_id=1996 ccf_commit_seqno=19797 nstreams_done_=500 config.nstreams=20000 avg_latency=0.8790 ms avg throuhgput (requests/sec) = 84.1605 res=false
*==== INFO ====* req_id_count= 1000 stream_id=3996 latency=0.713875 ms (tx_ts=157803461734005, rx_ts=157803462447880) request_id=39995 zil_blk_id=3996 ccf_commit_seqno=39995 nstreams_done_=1000 config.nstreams=20000 avg_latency=0.8686 ms avg throuhgput (requests/sec) = 84.2768 res=false
*==== INFO ====* req_id_count= 1500 stream_id=5996 latency=0.747228 ms (tx_ts=157809368407237, rx_ts=157809369154465) request_id=60179 zil_blk_id=5996 ccf_commit_seqno=60179 nstreams_done_=1500 config.nstreams=20000 avg_latency=0.8702 ms avg throuhgput (requests/sec) = 84.4007 res=false
*==== INFO ====* req_id_count= 2000 stream_id=7996 latency=0.704369 ms (tx_ts=157815218511110, rx_ts=157815219215479) request_id=80232 zil_blk_id=7996 ccf_commit_seqno=80232 nstreams_done_=2000 config.nstreams=20000 avg_latency=0.8635 ms avg throuhgput (requests/sec) = 84.6653 res=false
*==== INFO ====* req_id_count= 2500 stream_id=9996 latency=0.742439 ms (tx_ts=157821071467932, rx_ts=157821072210371) request_id=100269 zil_blk_id=9996 ccf_commit_seqno=100269 nstreams_done_=2500 config.nstreams=20000 avg_latency=0.8574 ms avg throuhgput (requests/sec) = 84.8164 res=false
*==== INFO ====* req_id_count= 3000 stream_id=11996 latency=0.799456 ms (tx_ts=157826920294929, rx_ts=157826921094385) request_id=120303 zil_blk_id=11996 ccf_commit_seqno=120303 nstreams_done_=3000 config.nstreams=20000 avg_latency=0.8550 ms avg throuhgput (requests/sec) = 84.9274 res=false
*==== INFO ====* req_id_count= 3500 stream_id=13996 latency=0.705730 ms (tx_ts=157832781492784, rx_ts=157832782198514) request_id=140369 zil_blk_id=13996 ccf_commit_seqno=140369 nstreams_done_=3500 config.nstreams=20000 avg_latency=0.8518 ms avg throuhgput (requests/sec) = 84.9815 res=false
*==== INFO ====* req_id_count= 4000 stream_id=15996 latency=0.843008 ms (tx_ts=157838639732808, rx_ts=157838640575816) request_id=160429 zil_blk_id=15996 ccf_commit_seqno=160429 nstreams_done_=4000 config.nstreams=20000 avg_latency=0.8522 ms avg throuhgput (requests/sec) = 85.0272 res=false
*==== INFO ====* req_id_count= 4500 stream_id=17996 latency=0.689771 ms (tx_ts=157844567119058, rx_ts=157844567808829) request_id=180755 zil_blk_id=17996 ccf_commit_seqno=180755 nstreams_done_=4500 config.nstreams=20000 avg_latency=0.8592 ms avg throuhgput (requests/sec) = 84.9521 res=false
*==== INFO ====* req_id_count= 5000 stream_id=19996 latency=0.842216 ms (tx_ts=157850442664984, rx_ts=157850443507200) request_id=200893 zil_blk_id=19996 ccf_commit_seqno=200893 nstreams_done_=5000 config.nstreams=20000 avg_latency=0.8606 ms avg throuhgput (requests/sec) = 84.9665 res=false
*==== INFO ====* req_id_count= 5500 stream_id=21996 latency=0.780640 ms (tx_ts=157856315178305, rx_ts=157856315958945) request_id=221035 zil_blk_id=21996 ccf_commit_seqno=221035 nstreams_done_=5500 config.nstreams=20000 avg_latency=0.8601 ms avg throuhgput (requests/sec) = 84.9825 res=false
*==== INFO ====* req_id_count= 6000 stream_id=23996 latency=0.669112 ms (tx_ts=157862208710369, rx_ts=157862209379481) request_id=241277 zil_blk_id=23996 ccf_commit_seqno=241277 nstreams_done_=6000 config.nstreams=20000 avg_latency=0.8617 ms avg throuhgput (requests/sec) = 84.9707 res=false
*==== INFO ====* req_id_count= 6500 stream_id=25996 latency=0.962692 ms (tx_ts=157868068908682, rx_ts=157868069871374) request_id=261370 zil_blk_id=25996 ccf_commit_seqno=261371 nstreams_done_=6500 config.nstreams=20000 avg_latency=0.8606 ms avg throuhgput (requests/sec) = 84.9972 res=false
*==== INFO ====* req_id_count= 7000 stream_id=27996 latency=0.748601 ms (tx_ts=157873936839673, rx_ts=157873937588274) request_id=281515 zil_blk_id=27996 ccf_commit_seqno=281515 nstreams_done_=7000 config.nstreams=20000 avg_latency=0.8614 ms avg throuhgput (requests/sec) = 85.0125 res=false
*==== INFO ====* req_id_count= 7500 stream_id=29996 latency=1.016251 ms (tx_ts=157879804094622, rx_ts=157879805110873) request_id=301620 zil_blk_id=29996 ccf_commit_seqno=301622 nstreams_done_=7500 config.nstreams=20000 avg_latency=0.8614 ms avg throuhgput (requests/sec) = 85.0260 res=false
*==== INFO ====* req_id_count= 8000 stream_id=31996 latency=0.708405 ms (tx_ts=157885665955453, rx_ts=157885666663858) request_id=321730 zil_blk_id=31996 ccf_commit_seqno=321730 nstreams_done_=8000 config.nstreams=20000 avg_latency=0.8618 ms avg throuhgput (requests/sec) = 85.0432 res=false
*==== INFO ====* req_id_count= 8500 stream_id=33996 latency=0.721380 ms (tx_ts=157891544099900, rx_ts=157891544821280) request_id=341902 zil_blk_id=33996 ccf_commit_seqno=341902 nstreams_done_=8500 config.nstreams=20000 avg_latency=0.8622 ms avg throuhgput (requests/sec) = 85.0442 res=false
*==== INFO ====* req_id_count= 9000 stream_id=35996 latency=0.868435 ms (tx_ts=157897419487709, rx_ts=157897420356144) request_id=362036 zil_blk_id=35996 ccf_commit_seqno=362037 nstreams_done_=9000 config.nstreams=20000 avg_latency=0.8617 ms avg throuhgput (requests/sec) = 85.0472 res=false
*==== INFO ====* req_id_count= 9500 stream_id=37996 latency=0.957491 ms (tx_ts=157903318429667, rx_ts=157903319387158) request_id=382252 zil_blk_id=37996 ccf_commit_seqno=382252 nstreams_done_=9500 config.nstreams=20000 avg_latency=0.8638 ms avg throuhgput (requests/sec) = 85.0320 res=false
*==== INFO ====* req_id_count= 10000 stream_id=39996 latency=0.764019 ms (tx_ts=157909178979536, rx_ts=157909179743555) request_id=402325 zil_blk_id=39996 ccf_commit_seqno=402325 nstreams_done_=10000 config.nstreams=20000 avg_latency=0.8625 ms avg throuhgput (requests/sec) = 85.0463 res=false
*==== INFO ====* req_id_count= 10500 stream_id=41996 latency=1.859708 ms (tx_ts=157915052541726, rx_ts=157915054401434) request_id=422454 zil_blk_id=41996 ccf_commit_seqno=422456 nstreams_done_=10500 config.nstreams=20000 avg_latency=0.8628 ms avg throuhgput (requests/sec) = 85.0494 res=false
*==== INFO ====* req_id_count= 11000 stream_id=43996 latency=0.722431 ms (tx_ts=157920951171862, rx_ts=157920951894293) request_id=442654 zil_blk_id=43996 ccf_commit_seqno=442654 nstreams_done_=11000 config.nstreams=20000 avg_latency=0.8633 ms avg throuhgput (requests/sec) = 85.0372 res=false
*==== INFO ====* req_id_count= 11500 stream_id=45996 latency=0.727098 ms (tx_ts=157926826438107, rx_ts=157926827165205) request_id=462816 zil_blk_id=45996 ccf_commit_seqno=462816 nstreams_done_=11500 config.nstreams=20000 avg_latency=0.8633 ms avg throuhgput (requests/sec) = 85.0401 res=false
*==== INFO ====* req_id_count= 12000 stream_id=47996 latency=0.833095 ms (tx_ts=157932704161065, rx_ts=157932704994160) request_id=482978 zil_blk_id=47996 ccf_commit_seqno=482978 nstreams_done_=12000 config.nstreams=20000 avg_latency=0.8635 ms avg throuhgput (requests/sec) = 85.0411 res=false
*==== INFO ====* req_id_count= 12500 stream_id=49996 latency=1.025077 ms (tx_ts=157938583246138, rx_ts=157938584271215) request_id=503149 zil_blk_id=49996 ccf_commit_seqno=503150 nstreams_done_=12500 config.nstreams=20000 avg_latency=0.8640 ms avg throuhgput (requests/sec) = 85.0413 res=false
*==== INFO ====* req_id_count= 13000 stream_id=51996 latency=0.881307 ms (tx_ts=157944449341965, rx_ts=157944450223272) request_id=523251 zil_blk_id=51996 ccf_commit_seqno=523251 nstreams_done_=13000 config.nstreams=20000 avg_latency=0.8638 ms avg throuhgput (requests/sec) = 85.0488 res=false
*==== INFO ====* req_id_count= 13500 stream_id=53996 latency=0.858185 ms (tx_ts=157950328670693, rx_ts=157950329528878) request_id=543404 zil_blk_id=53996 ccf_commit_seqno=543404 nstreams_done_=13500 config.nstreams=20000 avg_latency=0.8645 ms avg throuhgput (requests/sec) = 85.0486 res=false
*==== INFO ====* req_id_count= 14000 stream_id=55996 latency=0.830223 ms (tx_ts=157956230018064, rx_ts=157956230848287) request_id=563645 zil_blk_id=55996 ccf_commit_seqno=563645 nstreams_done_=14000 config.nstreams=20000 avg_latency=0.8654 ms avg throuhgput (requests/sec) = 85.0371 res=false
*==== INFO ====* req_id_count= 14500 stream_id=57996 latency=0.844921 ms (tx_ts=157962073098668, rx_ts=157962073943589) request_id=583687 zil_blk_id=57996 ccf_commit_seqno=583687 nstreams_done_=14500 config.nstreams=20000 avg_latency=0.8641 ms avg throuhgput (requests/sec) = 85.0554 res=false
*==== INFO ====* req_id_count= 15000 stream_id=59996 latency=0.868054 ms (tx_ts=157967942451696, rx_ts=157967943319750) request_id=603806 zil_blk_id=59996 ccf_commit_seqno=603806 nstreams_done_=15000 config.nstreams=20000 avg_latency=0.8640 ms avg throuhgput (requests/sec) = 85.0598 res=false
*==== INFO ====* req_id_count= 15500 stream_id=61996 latency=0.705128 ms (tx_ts=157973809135914, rx_ts=157973809841042) request_id=623915 zil_blk_id=61996 ccf_commit_seqno=623915 nstreams_done_=15500 config.nstreams=20000 avg_latency=0.8639 ms avg throuhgput (requests/sec) = 85.0653 res=false
*==== INFO ====* req_id_count= 16000 stream_id=63996 latency=0.900785 ms (tx_ts=157979668367055, rx_ts=157979669267840) request_id=644066 zil_blk_id=63996 ccf_commit_seqno=644066 nstreams_done_=16000 config.nstreams=20000 avg_latency=0.8631 ms avg throuhgput (requests/sec) = 85.0736 res=false
*==== INFO ====* req_id_count= 16500 stream_id=65996 latency=0.920813 ms (tx_ts=157985561932683, rx_ts=157985562853496) request_id=664323 zil_blk_id=65996 ccf_commit_seqno=664323 nstreams_done_=16500 config.nstreams=20000 avg_latency=0.8639 ms avg throuhgput (requests/sec) = 85.0664 res=false
*==== INFO ====* req_id_count= 17000 stream_id=67996 latency=0.885867 ms (tx_ts=157991414967855, rx_ts=157991415853722) request_id=684438 zil_blk_id=67996 ccf_commit_seqno=684439 nstreams_done_=17000 config.nstreams=20000 avg_latency=0.8636 ms avg throuhgput (requests/sec) = 85.0770 res=false
*==== INFO ====* req_id_count= 17500 stream_id=69996 latency=0.782056 ms (tx_ts=157997270520713, rx_ts=157997271302769) request_id=704552 zil_blk_id=69996 ccf_commit_seqno=704552 nstreams_done_=17500 config.nstreams=20000 avg_latency=0.8633 ms avg throuhgput (requests/sec) = 85.0859 res=false
*==== INFO ====* req_id_count= 18000 stream_id=71996 latency=1.451365 ms (tx_ts=158003127350691, rx_ts=158003128802056) request_id=724686 zil_blk_id=71996 ccf_commit_seqno=724687 nstreams_done_=18000 config.nstreams=20000 avg_latency=0.8627 ms avg throuhgput (requests/sec) = 85.0935 res=false
*==== INFO ====* req_id_count= 18500 stream_id=73996 latency=0.918028 ms (tx_ts=158008987182404, rx_ts=158008988100432) request_id=744836 zil_blk_id=73996 ccf_commit_seqno=744836 nstreams_done_=18500 config.nstreams=20000 avg_latency=0.8622 ms avg throuhgput (requests/sec) = 85.1000 res=false
*==== INFO ====* req_id_count= 19000 stream_id=75996 latency=0.901627 ms (tx_ts=158014858923030, rx_ts=158014859824657) request_id=765003 zil_blk_id=75996 ccf_commit_seqno=765005 nstreams_done_=19000 config.nstreams=20000 avg_latency=0.8622 ms avg throuhgput (requests/sec) = 85.1014 res=false
*==== INFO ====* req_id_count= 19500 stream_id=77996 latency=0.682788 ms (tx_ts=158020734944150, rx_ts=158020735626938) request_id=784933 zil_blk_id=77996 ccf_commit_seqno=784933 nstreams_done_=19500 config.nstreams=20000 avg_latency=0.8624 ms avg throuhgput (requests/sec) = 85.1012 res=false
*==== INFO ====* http_end_stream ALL streams done! nstreams_done_=20000 avg_latency=0.8615 msreq_id_count= 20000
*==== INFO ====* req_id_count= 20000 stream_id=79996 latency=0.780320 ms (tx_ts=158026635198306, rx_ts=158026635978626) request_id=798747 zil_blk_id=79996 ccf_commit_seqno=798747 nstreams_done_=20000 config.nstreams=20000 avg_latency=0.8615 ms avg throuhgput (requests/sec) = 85.0922 res=true
