Uniform: 794950 754669 995582 804333 566043 
Exponential: -2147483648 -2147483648 -2147483648 -2147483648 -2147483648 
Truncated Normal: 667740 710902 678913 443880 70758 
*==== INFO ====* req_id_count= 500 stream_id=1996 latency=0.954437 ms (tx_ts=157797528436652, rx_ts=157797529391089) request_id=19770 zil_blk_id=1996 ccf_commit_seqno=19770 nstreams_done_=500 config.nstreams=20000 avg_latency=0.8884 ms avg throuhgput (requests/sec) = 84.3321 res=false
*==== INFO ====* req_id_count= 1000 stream_id=3996 latency=0.868465 ms (tx_ts=157803472755512, rx_ts=157803473623977) request_id=40032 zil_blk_id=3996 ccf_commit_seqno=40032 nstreams_done_=1000 config.nstreams=20000 avg_latency=0.8992 ms avg throuhgput (requests/sec) = 84.2235 res=false
*==== INFO ====* req_id_count= 1500 stream_id=5996 latency=1.077727 ms (tx_ts=157809389050690, rx_ts=157809390128417) request_id=60244 zil_blk_id=5996 ccf_commit_seqno=60244 nstreams_done_=1500 config.nstreams=20000 avg_latency=0.8924 ms avg throuhgput (requests/sec) = 84.3186 res=false
*==== INFO ====* req_id_count= 2000 stream_id=7996 latency=0.894183 ms (tx_ts=157815282615705, rx_ts=157815283509888) request_id=80455 zil_blk_id=7996 ccf_commit_seqno=80455 nstreams_done_=2000 config.nstreams=20000 avg_latency=0.8845 ms avg throuhgput (requests/sec) = 84.4486 res=false
*==== INFO ====* req_id_count= 2500 stream_id=9996 latency=0.720107 ms (tx_ts=157821156881730, rx_ts=157821157601837) request_id=100562 zil_blk_id=9996 ccf_commit_seqno=100562 nstreams_done_=2500 config.nstreams=20000 avg_latency=0.8788 ms avg throuhgput (requests/sec) = 84.5819 res=false
*==== INFO ====* req_id_count= 3000 stream_id=11996 latency=0.790844 ms (tx_ts=157827040321377, rx_ts=157827041112221) request_id=120714 zil_blk_id=11996 ccf_commit_seqno=120715 nstreams_done_=3000 config.nstreams=20000 avg_latency=0.8758 ms avg throuhgput (requests/sec) = 84.6485 res=false
*==== INFO ====* req_id_count= 3500 stream_id=13996 latency=0.885643 ms (tx_ts=157832927748515, rx_ts=157832928634158) request_id=140863 zil_blk_id=13996 ccf_commit_seqno=140863 nstreams_done_=3500 config.nstreams=20000 avg_latency=0.8748 ms avg throuhgput (requests/sec) = 84.6880 res=false
*==== INFO ====* req_id_count= 4000 stream_id=15996 latency=0.741027 ms (tx_ts=157838797198347, rx_ts=157838797939374) request_id=160968 zil_blk_id=15996 ccf_commit_seqno=160968 nstreams_done_=4000 config.nstreams=20000 avg_latency=0.8713 ms avg throuhgput (requests/sec) = 84.7503 res=false
*==== INFO ====* req_id_count= 4500 stream_id=17996 latency=0.889224 ms (tx_ts=157844674040349, rx_ts=157844674929573) request_id=181120 zil_blk_id=17996 ccf_commit_seqno=181120 nstreams_done_=4500 config.nstreams=20000 avg_latency=0.8705 ms avg throuhgput (requests/sec) = 84.7865 res=false
*==== INFO ====* req_id_count= 5000 stream_id=19996 latency=0.721750 ms (tx_ts=157850558402972, rx_ts=157850559124722) request_id=201289 zil_blk_id=19996 ccf_commit_seqno=201289 nstreams_done_=5000 config.nstreams=20000 avg_latency=0.8688 ms avg throuhgput (requests/sec) = 84.8052 res=false
*==== INFO ====* req_id_count= 5500 stream_id=21996 latency=1.091743 ms (tx_ts=157856433653581, rx_ts=157856434745324) request_id=221442 zil_blk_id=21996 ccf_commit_seqno=221442 nstreams_done_=5500 config.nstreams=20000 avg_latency=0.8671 ms avg throuhgput (requests/sec) = 84.8317 res=false
*==== INFO ====* req_id_count= 6000 stream_id=23996 latency=0.789267 ms (tx_ts=157862315511380, rx_ts=157862316300647) request_id=241644 zil_blk_id=23996 ccf_commit_seqno=241644 nstreams_done_=6000 config.nstreams=20000 avg_latency=0.8671 ms avg throuhgput (requests/sec) = 84.8466 res=false
*==== INFO ====* req_id_count= 6500 stream_id=25996 latency=0.932925 ms (tx_ts=157868191939468, rx_ts=157868192872393) request_id=261793 zil_blk_id=25996 ccf_commit_seqno=261795 nstreams_done_=6500 config.nstreams=20000 avg_latency=0.8660 ms avg throuhgput (requests/sec) = 84.8648 res=false
*==== INFO ====* req_id_count= 7000 stream_id=27996 latency=0.957151 ms (tx_ts=157874081943360, rx_ts=157874082900511) request_id=282012 zil_blk_id=27996 ccf_commit_seqno=282012 nstreams_done_=7000 config.nstreams=20000 avg_latency=0.8682 ms avg throuhgput (requests/sec) = 84.8665 res=false
*==== INFO ====* req_id_count= 7500 stream_id=29996 latency=0.823361 ms (tx_ts=157879974257887, rx_ts=157879975081248) request_id=302204 zil_blk_id=29996 ccf_commit_seqno=302204 nstreams_done_=7500 config.nstreams=20000 avg_latency=0.8680 ms avg throuhgput (requests/sec) = 84.8660 res=false
*==== INFO ====* req_id_count= 8000 stream_id=31996 latency=0.725027 ms (tx_ts=157885834859739, rx_ts=157885835584766) request_id=322303 zil_blk_id=31996 ccf_commit_seqno=322303 nstreams_done_=8000 config.nstreams=20000 avg_latency=0.8657 ms avg throuhgput (requests/sec) = 84.8940 res=false
*==== INFO ====* req_id_count= 8500 stream_id=33996 latency=0.728934 ms (tx_ts=157891725172127, rx_ts=157891725901061) request_id=342524 zil_blk_id=33996 ccf_commit_seqno=342524 nstreams_done_=8500 config.nstreams=20000 avg_latency=0.8673 ms avg throuhgput (requests/sec) = 84.8935 res=false
*==== INFO ====* req_id_count= 9000 stream_id=35996 latency=0.857063 ms (tx_ts=157897619058046, rx_ts=157897619915109) request_id=362723 zil_blk_id=35996 ccf_commit_seqno=362724 nstreams_done_=9000 config.nstreams=20000 avg_latency=0.8674 ms avg throuhgput (requests/sec) = 84.8901 res=false
*==== INFO ====* req_id_count= 9500 stream_id=37996 latency=0.686414 ms (tx_ts=157903485146761, rx_ts=157903485833175) request_id=382822 zil_blk_id=37996 ccf_commit_seqno=382822 nstreams_done_=9500 config.nstreams=20000 avg_latency=0.8667 ms avg throuhgput (requests/sec) = 84.9083 res=false
*==== INFO ====* req_id_count= 10000 stream_id=39996 latency=0.699178 ms (tx_ts=157909363037821, rx_ts=157909363736999) request_id=402954 zil_blk_id=39996 ccf_commit_seqno=402954 nstreams_done_=10000 config.nstreams=20000 avg_latency=0.8663 ms avg throuhgput (requests/sec) = 84.9161 res=false
*==== INFO ====* req_id_count= 10500 stream_id=41996 latency=0.750775 ms (tx_ts=157915270063568, rx_ts=157915270814343) request_id=423193 zil_blk_id=41996 ccf_commit_seqno=423193 nstreams_done_=10500 config.nstreams=20000 avg_latency=0.8675 ms avg throuhgput (requests/sec) = 84.9031 res=false
*==== INFO ====* req_id_count= 11000 stream_id=43996 latency=0.897239 ms (tx_ts=157921156893203, rx_ts=157921157790442) request_id=443365 zil_blk_id=43996 ccf_commit_seqno=443365 nstreams_done_=11000 config.nstreams=20000 avg_latency=0.8676 ms avg throuhgput (requests/sec) = 84.9045 res=false
*==== INFO ====* req_id_count= 11500 stream_id=45996 latency=0.763236 ms (tx_ts=157927042394547, rx_ts=157927043157783) request_id=463541 zil_blk_id=45996 ccf_commit_seqno=463541 nstreams_done_=11500 config.nstreams=20000 avg_latency=0.8685 ms avg throuhgput (requests/sec) = 84.9068 res=false
*==== INFO ====* req_id_count= 12000 stream_id=47996 latency=0.889815 ms (tx_ts=157932913168121, rx_ts=157932914057936) request_id=483693 zil_blk_id=47996 ccf_commit_seqno=483694 nstreams_done_=12000 config.nstreams=20000 avg_latency=0.8683 ms avg throuhgput (requests/sec) = 84.9175 res=false
*==== INFO ====* req_id_count= 12500 stream_id=49996 latency=0.796731 ms (tx_ts=157938778346139, rx_ts=157938779142870) request_id=503816 zil_blk_id=49996 ccf_commit_seqno=503816 nstreams_done_=12500 config.nstreams=20000 avg_latency=0.8677 ms avg throuhgput (requests/sec) = 84.9308 res=false
*==== INFO ====* req_id_count= 13000 stream_id=51996 latency=0.921923 ms (tx_ts=157944665771503, rx_ts=157944666693426) request_id=523993 zil_blk_id=51996 ccf_commit_seqno=523994 nstreams_done_=13000 config.nstreams=20000 avg_latency=0.8680 ms avg throuhgput (requests/sec) = 84.9306 res=false
*==== INFO ====* req_id_count= 13500 stream_id=53996 latency=0.891448 ms (tx_ts=157950540174252, rx_ts=157950541065700) request_id=544126 zil_blk_id=53996 ccf_commit_seqno=544128 nstreams_done_=13500 config.nstreams=20000 avg_latency=0.8681 ms avg throuhgput (requests/sec) = 84.9374 res=false
*==== INFO ====* req_id_count= 14000 stream_id=55996 latency=0.742790 ms (tx_ts=157956411972515, rx_ts=157956412715305) request_id=564266 zil_blk_id=55996 ccf_commit_seqno=564266 nstreams_done_=14000 config.nstreams=20000 avg_latency=0.8677 ms avg throuhgput (requests/sec) = 84.9451 res=false
*==== INFO ====* req_id_count= 14500 stream_id=57996 latency=0.724194 ms (tx_ts=157962334679347, rx_ts=157962335403541) request_id=584584 zil_blk_id=57996 ccf_commit_seqno=584584 nstreams_done_=14500 config.nstreams=20000 avg_latency=0.8695 ms avg throuhgput (requests/sec) = 84.9270 res=false
*==== INFO ====* req_id_count= 15000 stream_id=59996 latency=0.737529 ms (tx_ts=157968185495621, rx_ts=157968186233150) request_id=604639 zil_blk_id=59996 ccf_commit_seqno=604639 nstreams_done_=15000 config.nstreams=20000 avg_latency=0.8683 ms avg throuhgput (requests/sec) = 84.9446 res=false
*==== INFO ====* req_id_count= 15500 stream_id=61996 latency=0.720418 ms (tx_ts=157974072343098, rx_ts=157974073063516) request_id=624823 zil_blk_id=61996 ccf_commit_seqno=624823 nstreams_done_=15500 config.nstreams=20000 avg_latency=0.8692 ms avg throuhgput (requests/sec) = 84.9443 res=false
*==== INFO ====* req_id_count= 16000 stream_id=63996 latency=1.140484 ms (tx_ts=157979931051750, rx_ts=157979932192234) request_id=644970 zil_blk_id=63996 ccf_commit_seqno=644971 nstreams_done_=16000 config.nstreams=20000 avg_latency=0.8686 ms avg throuhgput (requests/sec) = 84.9565 res=false
*==== INFO ====* req_id_count= 16500 stream_id=65996 latency=0.890312 ms (tx_ts=157985796578175, rx_ts=157985797468487) request_id=665124 zil_blk_id=65996 ccf_commit_seqno=665124 nstreams_done_=16500 config.nstreams=20000 avg_latency=0.8685 ms avg throuhgput (requests/sec) = 84.9653 res=false
*==== INFO ====* req_id_count= 17000 stream_id=67996 latency=0.774181 ms (tx_ts=157991649961820, rx_ts=157991650736001) request_id=685249 zil_blk_id=67996 ccf_commit_seqno=685249 nstreams_done_=17000 config.nstreams=20000 avg_latency=0.8676 ms avg throuhgput (requests/sec) = 84.9786 res=false
*==== INFO ====* req_id_count= 17500 stream_id=69996 latency=0.970676 ms (tx_ts=157997533836397, rx_ts=157997534807073) request_id=705460 zil_blk_id=69996 ccf_commit_seqno=705461 nstreams_done_=17500 config.nstreams=20000 avg_latency=0.8680 ms avg throuhgput (requests/sec) = 84.9785 res=false
*==== INFO ====* req_id_count= 18000 stream_id=71996 latency=0.979923 ms (tx_ts=158003412333825, rx_ts=158003413313748) request_id=725664 zil_blk_id=71996 ccf_commit_seqno=725664 nstreams_done_=18000 config.nstreams=20000 avg_latency=0.8683 ms avg throuhgput (requests/sec) = 84.9807 res=false
*==== INFO ====* req_id_count= 18500 stream_id=73996 latency=0.695581 ms (tx_ts=158009281011883, rx_ts=158009281707464) request_id=745844 zil_blk_id=73996 ccf_commit_seqno=745844 nstreams_done_=18500 config.nstreams=20000 avg_latency=0.8677 ms avg throuhgput (requests/sec) = 84.9866 res=false
*==== INFO ====* req_id_count= 19000 stream_id=75996 latency=0.992897 ms (tx_ts=158015168020106, rx_ts=158015169013003) request_id=766068 zil_blk_id=75996 ccf_commit_seqno=766069 nstreams_done_=19000 config.nstreams=20000 avg_latency=0.8674 ms avg throuhgput (requests/sec) = 84.9851 res=false
*==== INFO ====* req_id_count= 19500 stream_id=77996 latency=0.890456 ms (tx_ts=158021043566618, rx_ts=158021044457074) request_id=785941 zil_blk_id=77996 ccf_commit_seqno=785941 nstreams_done_=19500 config.nstreams=20000 avg_latency=0.8670 ms avg throuhgput (requests/sec) = 84.9881 res=false
*==== INFO ====* http_end_stream ALL streams done! nstreams_done_=20000 avg_latency=0.8665 msreq_id_count= 20000
*==== INFO ====* req_id_count= 20000 stream_id=79996 latency=0.753870 ms (tx_ts=158027001544919, rx_ts=158027002298789) request_id=799039 zil_blk_id=79996 ccf_commit_seqno=799039 nstreams_done_=20000 config.nstreams=20000 avg_latency=0.8665 ms avg throuhgput (requests/sec) = 84.9611 res=true
