Uniform: 791933 862407 542244 358169 665782 
Exponential: -2147483648 -2147483648 -2147483648 -2147483648 -2147483648 
Truncated Normal: 568773 774998 500341 44519 301402 
*==== INFO ====* req_id_count= 500 stream_id=1996 latency=0.685202 ms (tx_ts=157797419944544, rx_ts=157797420629746) request_id=19410 zil_blk_id=1996 ccf_commit_seqno=19410 nstreams_done_=500 config.nstreams=20000 avg_latency=0.7516 ms avg throuhgput (requests/sec) = 85.7767 res=false
*==== INFO ====* req_id_count= 1000 stream_id=3996 latency=0.893561 ms (tx_ts=157803270340347, rx_ts=157803271233908) request_id=39361 zil_blk_id=3996 ccf_commit_seqno=39362 nstreams_done_=1000 config.nstreams=20000 avg_latency=0.7692 ms avg throuhgput (requests/sec) = 85.6187 res=false
*==== INFO ====* req_id_count= 1500 stream_id=5996 latency=0.826437 ms (tx_ts=157809109798672, rx_ts=157809110625109) request_id=59313 zil_blk_id=5996 ccf_commit_seqno=59313 nstreams_done_=1500 config.nstreams=20000 avg_latency=0.7683 ms avg throuhgput (requests/sec) = 85.6209 res=false
*==== INFO ====* req_id_count= 2000 stream_id=7996 latency=0.839621 ms (tx_ts=157814939224942, rx_ts=157814940064563) request_id=79289 zil_blk_id=7996 ccf_commit_seqno=79289 nstreams_done_=2000 config.nstreams=20000 avg_latency=0.7613 ms avg throuhgput (requests/sec) = 85.6585 res=false
*==== INFO ====* req_id_count= 2500 stream_id=9996 latency=0.694059 ms (tx_ts=157820750148582, rx_ts=157820750842641) request_id=99185 zil_blk_id=9996 ccf_commit_seqno=99186 nstreams_done_=2500 config.nstreams=20000 avg_latency=0.7577 ms avg throuhgput (requests/sec) = 85.7359 res=false
*==== INFO ====* req_id_count= 3000 stream_id=11996 latency=0.964916 ms (tx_ts=157826565201293, rx_ts=157826566166209) request_id=119095 zil_blk_id=11996 ccf_commit_seqno=119095 nstreams_done_=3000 config.nstreams=20000 avg_latency=0.7571 ms avg throuhgput (requests/sec) = 85.7765 res=false
*==== INFO ====* req_id_count= 3500 stream_id=13996 latency=0.632143 ms (tx_ts=157832400212472, rx_ts=157832400844615) request_id=139065 zil_blk_id=13996 ccf_commit_seqno=139065 nstreams_done_=3500 config.nstreams=20000 avg_latency=0.7579 ms avg throuhgput (requests/sec) = 85.7648 res=false
*==== INFO ====* req_id_count= 4000 stream_id=15996 latency=4.526719 ms (tx_ts=157838227086648, rx_ts=157838231613367) request_id=159028 zil_blk_id=15996 ccf_commit_seqno=159032 nstreams_done_=4000 config.nstreams=20000 avg_latency=0.7583 ms avg throuhgput (requests/sec) = 85.7632 res=false
*==== INFO ====* req_id_count= 4500 stream_id=17996 latency=0.609310 ms (tx_ts=157844035609001, rx_ts=157844036218311) request_id=178938 zil_blk_id=17996 ccf_commit_seqno=178938 nstreams_done_=4500 config.nstreams=20000 avg_latency=0.7567 ms avg throuhgput (requests/sec) = 85.8047 res=false
*==== INFO ====* req_id_count= 5000 stream_id=19996 latency=0.810657 ms (tx_ts=157849861308000, rx_ts=157849862118657) request_id=198911 zil_blk_id=19996 ccf_commit_seqno=198911 nstreams_done_=5000 config.nstreams=20000 avg_latency=0.7597 ms avg throuhgput (requests/sec) = 85.8066 res=false
*==== INFO ====* req_id_count= 5500 stream_id=21996 latency=0.730958 ms (tx_ts=157855665578092, rx_ts=157855666309050) request_id=218815 zil_blk_id=21996 ccf_commit_seqno=218816 nstreams_done_=5500 config.nstreams=20000 avg_latency=0.7567 ms avg throuhgput (requests/sec) = 85.8372 res=false
*==== INFO ====* req_id_count= 6000 stream_id=23996 latency=1.877613 ms (tx_ts=157861475087013, rx_ts=157861476964626) request_id=238763 zil_blk_id=23996 ccf_commit_seqno=238764 nstreams_done_=6000 config.nstreams=20000 avg_latency=0.7558 ms avg throuhgput (requests/sec) = 85.8548 res=false
*==== INFO ====* req_id_count= 6500 stream_id=25996 latency=0.610231 ms (tx_ts=157867284082688, rx_ts=157867284692919) request_id=258678 zil_blk_id=25996 ccf_commit_seqno=258678 nstreams_done_=6500 config.nstreams=20000 avg_latency=0.7557 ms avg throuhgput (requests/sec) = 85.8730 res=false
*==== INFO ====* req_id_count= 7000 stream_id=27996 latency=0.671516 ms (tx_ts=157873090123292, rx_ts=157873090794808) request_id=278618 zil_blk_id=27996 ccf_commit_seqno=278618 nstreams_done_=7000 config.nstreams=20000 avg_latency=0.7549 ms avg throuhgput (requests/sec) = 85.8904 res=false
*==== INFO ====* req_id_count= 7500 stream_id=29996 latency=0.589394 ms (tx_ts=157878906476664, rx_ts=157878907066058) request_id=298558 zil_blk_id=29996 ccf_commit_seqno=298558 nstreams_done_=7500 config.nstreams=20000 avg_latency=0.7539 ms avg throuhgput (requests/sec) = 85.8954 res=false
*==== INFO ====* req_id_count= 8000 stream_id=31996 latency=0.718074 ms (tx_ts=157884718880958, rx_ts=157884719599032) request_id=318482 zil_blk_id=31996 ccf_commit_seqno=318482 nstreams_done_=8000 config.nstreams=20000 avg_latency=0.7531 ms avg throuhgput (requests/sec) = 85.9032 res=false
*==== INFO ====* req_id_count= 8500 stream_id=33996 latency=0.581598 ms (tx_ts=157890528475721, rx_ts=157890529057319) request_id=338419 zil_blk_id=33996 ccf_commit_seqno=338419 nstreams_done_=8500 config.nstreams=20000 avg_latency=0.7530 ms avg throuhgput (requests/sec) = 85.9128 res=false
*==== INFO ====* req_id_count= 9000 stream_id=35996 latency=0.627634 ms (tx_ts=157896331271469, rx_ts=157896331899103) request_id=358309 zil_blk_id=35996 ccf_commit_seqno=358309 nstreams_done_=9000 config.nstreams=20000 avg_latency=0.7523 ms avg throuhgput (requests/sec) = 85.9268 res=false
*==== INFO ====* req_id_count= 9500 stream_id=37996 latency=0.783075 ms (tx_ts=157902123017290, rx_ts=157902123800365) request_id=378157 zil_blk_id=37996 ccf_commit_seqno=378158 nstreams_done_=9500 config.nstreams=20000 avg_latency=0.7515 ms avg throuhgput (requests/sec) = 85.9478 res=false
*==== INFO ====* req_id_count= 10000 stream_id=39996 latency=0.662029 ms (tx_ts=157908010893876, rx_ts=157908011555905) request_id=398325 zil_blk_id=39996 ccf_commit_seqno=398325 nstreams_done_=10000 config.nstreams=20000 avg_latency=0.7559 ms avg throuhgput (requests/sec) = 85.8959 res=false
*==== INFO ====* req_id_count= 10500 stream_id=41996 latency=0.606274 ms (tx_ts=157913811571526, rx_ts=157913812177800) request_id=418245 zil_blk_id=41996 ccf_commit_seqno=418245 nstreams_done_=10500 config.nstreams=20000 avg_latency=0.7547 ms avg throuhgput (requests/sec) = 85.9102 res=false
*==== INFO ====* req_id_count= 11000 stream_id=43996 latency=0.682637 ms (tx_ts=157919648516550, rx_ts=157919649199187) request_id=438186 zil_blk_id=43996 ccf_commit_seqno=438186 nstreams_done_=11000 config.nstreams=20000 avg_latency=0.7562 ms avg throuhgput (requests/sec) = 85.8988 res=false
*==== INFO ====* req_id_count= 11500 stream_id=45996 latency=0.773934 ms (tx_ts=157925474342579, rx_ts=157925475116513) request_id=458190 zil_blk_id=45996 ccf_commit_seqno=458191 nstreams_done_=11500 config.nstreams=20000 avg_latency=0.7578 ms avg throuhgput (requests/sec) = 85.8955 res=false
*==== INFO ====* req_id_count= 12000 stream_id=47996 latency=0.614419 ms (tx_ts=157931290117382, rx_ts=157931290731801) request_id=478121 zil_blk_id=47996 ccf_commit_seqno=478121 nstreams_done_=12000 config.nstreams=20000 avg_latency=0.7580 ms avg throuhgput (requests/sec) = 85.8989 res=false
*==== INFO ====* req_id_count= 12500 stream_id=49996 latency=0.599301 ms (tx_ts=157937078766151, rx_ts=157937079365452) request_id=497994 zil_blk_id=49996 ccf_commit_seqno=497994 nstreams_done_=12500 config.nstreams=20000 avg_latency=0.7573 ms avg throuhgput (requests/sec) = 85.9178 res=false
*==== INFO ====* req_id_count= 13000 stream_id=51996 latency=8.738874 ms (tx_ts=157942893110501, rx_ts=157942901849375) request_id=517953 zil_blk_id=51996 ccf_commit_seqno=517953 nstreams_done_=13000 config.nstreams=20000 avg_latency=0.7576 ms avg throuhgput (requests/sec) = 85.9162 res=false
*==== INFO ====* req_id_count= 13500 stream_id=53996 latency=0.690882 ms (tx_ts=157948721803916, rx_ts=157948722494798) request_id=537889 zil_blk_id=53996 ccf_commit_seqno=537889 nstreams_done_=13500 config.nstreams=20000 avg_latency=0.7586 ms avg throuhgput (requests/sec) = 85.9156 res=false
*==== INFO ====* req_id_count= 14000 stream_id=55996 latency=0.809976 ms (tx_ts=157954552142929, rx_ts=157954552952905) request_id=557893 zil_blk_id=55996 ccf_commit_seqno=557893 nstreams_done_=14000 config.nstreams=20000 avg_latency=0.7597 ms avg throuhgput (requests/sec) = 85.9099 res=false
*==== INFO ====* req_id_count= 14500 stream_id=57996 latency=0.964183 ms (tx_ts=157960359834978, rx_ts=157960360799161) request_id=577820 zil_blk_id=57996 ccf_commit_seqno=577821 nstreams_done_=14500 config.nstreams=20000 avg_latency=0.7597 ms avg throuhgput (requests/sec) = 85.9161 res=false
*==== INFO ====* req_id_count= 15000 stream_id=59996 latency=0.597467 ms (tx_ts=157966151462570, rx_ts=157966152060037) request_id=597671 zil_blk_id=59996 ccf_commit_seqno=597671 nstreams_done_=15000 config.nstreams=20000 avg_latency=0.7591 ms avg throuhgput (requests/sec) = 85.9301 res=false
*==== INFO ====* req_id_count= 15500 stream_id=61996 latency=0.801008 ms (tx_ts=157971969882175, rx_ts=157971970683183) request_id=617608 zil_blk_id=61996 ccf_commit_seqno=617608 nstreams_done_=15500 config.nstreams=20000 avg_latency=0.7594 ms avg throuhgput (requests/sec) = 85.9301 res=false
*==== INFO ====* req_id_count= 16000 stream_id=63996 latency=0.848928 ms (tx_ts=157977770233536, rx_ts=157977771082464) request_id=637539 zil_blk_id=63996 ccf_commit_seqno=637539 nstreams_done_=16000 config.nstreams=20000 avg_latency=0.7587 ms avg throuhgput (requests/sec) = 85.9386 res=false
*==== INFO ====* req_id_count= 16500 stream_id=65996 latency=0.851613 ms (tx_ts=157983572571789, rx_ts=157983573423402) request_id=657486 zil_blk_id=65996 ccf_commit_seqno=657487 nstreams_done_=16500 config.nstreams=20000 avg_latency=0.7587 ms avg throuhgput (requests/sec) = 85.9456 res=false
*==== INFO ====* req_id_count= 17000 stream_id=67996 latency=0.580255 ms (tx_ts=157989374151295, rx_ts=157989374731550) request_id=677420 zil_blk_id=67996 ccf_commit_seqno=677420 nstreams_done_=17000 config.nstreams=20000 avg_latency=0.7581 ms avg throuhgput (requests/sec) = 85.9527 res=false
*==== INFO ====* req_id_count= 17500 stream_id=69996 latency=0.681488 ms (tx_ts=157995161714949, rx_ts=157995162396437) request_id=697318 zil_blk_id=69996 ccf_commit_seqno=697318 nstreams_done_=17500 config.nstreams=20000 avg_latency=0.7576 ms avg throuhgput (requests/sec) = 85.9652 res=false
*==== INFO ====* req_id_count= 18000 stream_id=71996 latency=0.652631 ms (tx_ts=158000954394239, rx_ts=158000955046870) request_id=717208 zil_blk_id=71996 ccf_commit_seqno=717208 nstreams_done_=18000 config.nstreams=20000 avg_latency=0.7572 ms avg throuhgput (requests/sec) = 85.9749 res=false
*==== INFO ====* req_id_count= 18500 stream_id=73996 latency=0.718769 ms (tx_ts=158006754091615, rx_ts=158006754810384) request_id=737147 zil_blk_id=73996 ccf_commit_seqno=737147 nstreams_done_=18500 config.nstreams=20000 avg_latency=0.7569 ms avg throuhgput (requests/sec) = 85.9812 res=false
*==== INFO ====* req_id_count= 19000 stream_id=75996 latency=0.786872 ms (tx_ts=158012538098620, rx_ts=158012538885492) request_id=757036 zil_blk_id=75996 ccf_commit_seqno=757037 nstreams_done_=19000 config.nstreams=20000 avg_latency=0.7564 ms avg throuhgput (requests/sec) = 85.9933 res=false
*==== INFO ====* req_id_count= 19500 stream_id=77996 latency=0.604451 ms (tx_ts=158018347043889, rx_ts=158018347648340) request_id=776980 zil_blk_id=77996 ccf_commit_seqno=776980 nstreams_done_=19500 config.nstreams=20000 avg_latency=0.7563 ms avg throuhgput (requests/sec) = 85.9955 res=false
*==== INFO ====* http_end_stream ALL streams done! nstreams_done_=20000 avg_latency=0.7559 msreq_id_count= 20000
*==== INFO ====* req_id_count= 20000 stream_id=79996 latency=0.602678 ms (tx_ts=158024157095642, rx_ts=158024157698320) request_id=794699 zil_blk_id=79996 ccf_commit_seqno=794699 nstreams_done_=20000 config.nstreams=20000 avg_latency=0.7559 ms avg throuhgput (requests/sec) = 85.9970 res=true
