Uniform: 464989 582535 104794 647927 620608 
Exponential: -2147483648 -2147483648 -2147483648 -2147483648 -2147483648 
Truncated Normal: 943159 241756 419770 381446 382813 
*==== INFO ====* req_id_count= 500 stream_id=1996 latency=0.907168 ms (tx_ts=157797530245814, rx_ts=157797531152982) request_id=19774 zil_blk_id=1996 ccf_commit_seqno=19774 nstreams_done_=500 config.nstreams=20000 avg_latency=0.8916 ms avg throuhgput (requests/sec) = 84.3541 res=false
*==== INFO ====* req_id_count= 1000 stream_id=3996 latency=1.044865 ms (tx_ts=157803453682509, rx_ts=157803454727374) request_id=39963 zil_blk_id=3996 ccf_commit_seqno=39963 nstreams_done_=1000 config.nstreams=20000 avg_latency=0.9040 ms avg throuhgput (requests/sec) = 84.3813 res=false
*==== INFO ====* req_id_count= 1500 stream_id=5996 latency=1.030074 ms (tx_ts=157809359430754, rx_ts=157809360460828) request_id=60150 zil_blk_id=5996 ccf_commit_seqno=60152 nstreams_done_=1500 config.nstreams=20000 avg_latency=0.8982 ms avg throuhgput (requests/sec) = 84.4751 res=false
*==== INFO ====* req_id_count= 2000 stream_id=7996 latency=0.920523 ms (tx_ts=157815280752618, rx_ts=157815281673141) request_id=80445 zil_blk_id=7996 ccf_commit_seqno=80446 nstreams_done_=2000 config.nstreams=20000 avg_latency=0.8920 ms avg throuhgput (requests/sec) = 84.4669 res=false
*==== INFO ====* req_id_count= 2500 stream_id=9996 latency=0.842987 ms (tx_ts=157821193182956, rx_ts=157821194025943) request_id=100688 zil_blk_id=9996 ccf_commit_seqno=100688 nstreams_done_=2500 config.nstreams=20000 avg_latency=0.8898 ms avg throuhgput (requests/sec) = 84.4872 res=false
*==== INFO ====* req_id_count= 3000 stream_id=11996 latency=1.032919 ms (tx_ts=157827080662616, rx_ts=157827081695535) request_id=120850 zil_blk_id=11996 ccf_commit_seqno=120850 nstreams_done_=3000 config.nstreams=20000 avg_latency=0.8891 ms avg throuhgput (requests/sec) = 84.5596 res=false
*==== INFO ====* req_id_count= 3500 stream_id=13996 latency=0.768959 ms (tx_ts=157832974883296, rx_ts=157832975652255) request_id=141030 zil_blk_id=13996 ccf_commit_seqno=141030 nstreams_done_=3500 config.nstreams=20000 avg_latency=0.8894 ms avg throuhgput (requests/sec) = 84.5985 res=false
*==== INFO ====* req_id_count= 4000 stream_id=15996 latency=2.248257 ms (tx_ts=157838888842600, rx_ts=157838891090857) request_id=161281 zil_blk_id=15996 ccf_commit_seqno=161283 nstreams_done_=4000 config.nstreams=20000 avg_latency=0.8909 ms avg throuhgput (requests/sec) = 84.5892 res=false
*==== INFO ====* req_id_count= 4500 stream_id=17996 latency=0.810607 ms (tx_ts=157844775321703, rx_ts=157844776132310) request_id=181466 zil_blk_id=17996 ccf_commit_seqno=181466 nstreams_done_=4500 config.nstreams=20000 avg_latency=0.8911 ms avg throuhgput (requests/sec) = 84.6304 res=false
*==== INFO ====* req_id_count= 5000 stream_id=19996 latency=0.877873 ms (tx_ts=157850659972656, rx_ts=157850660850529) request_id=201637 zil_blk_id=19996 ccf_commit_seqno=201637 nstreams_done_=5000 config.nstreams=20000 avg_latency=0.8910 ms avg throuhgput (requests/sec) = 84.6638 res=false
*==== INFO ====* req_id_count= 5500 stream_id=21996 latency=0.943545 ms (tx_ts=157856541252261, rx_ts=157856542195806) request_id=221808 zil_blk_id=21996 ccf_commit_seqno=221808 nstreams_done_=5500 config.nstreams=20000 avg_latency=0.8898 ms avg throuhgput (requests/sec) = 84.6956 res=false
*==== INFO ====* req_id_count= 6000 stream_id=23996 latency=0.769891 ms (tx_ts=157862432315778, rx_ts=157862433085669) request_id=242046 zil_blk_id=23996 ccf_commit_seqno=242046 nstreams_done_=6000 config.nstreams=20000 avg_latency=0.8899 ms avg throuhgput (requests/sec) = 84.7107 res=false
*==== INFO ====* req_id_count= 6500 stream_id=25996 latency=1.078224 ms (tx_ts=157868325368852, rx_ts=157868326447076) request_id=262234 zil_blk_id=25996 ccf_commit_seqno=262241 nstreams_done_=6500 config.nstreams=20000 avg_latency=0.8911 ms avg throuhgput (requests/sec) = 84.7207 res=false
*==== INFO ====* req_id_count= 7000 stream_id=27996 latency=1.027814 ms (tx_ts=157874220961778, rx_ts=157874221989592) request_id=282488 zil_blk_id=27996 ccf_commit_seqno=282492 nstreams_done_=7000 config.nstreams=20000 avg_latency=0.8913 ms avg throuhgput (requests/sec) = 84.7271 res=false
*==== INFO ====* req_id_count= 7500 stream_id=29996 latency=0.814935 ms (tx_ts=157880117550399, rx_ts=157880118365334) request_id=302697 zil_blk_id=29996 ccf_commit_seqno=302697 nstreams_done_=7500 config.nstreams=20000 avg_latency=0.8933 ms avg throuhgput (requests/sec) = 84.7318 res=false
*==== INFO ====* req_id_count= 8000 stream_id=31996 latency=0.938696 ms (tx_ts=157886005903877, rx_ts=157886006842573) request_id=322896 zil_blk_id=31996 ccf_commit_seqno=322896 nstreams_done_=8000 config.nstreams=20000 avg_latency=0.8931 ms avg throuhgput (requests/sec) = 84.7430 res=false
*==== INFO ====* req_id_count= 8500 stream_id=33996 latency=0.735487 ms (tx_ts=157891898422831, rx_ts=157891899158318) request_id=343121 zil_blk_id=33996 ccf_commit_seqno=343122 nstreams_done_=8500 config.nstreams=20000 avg_latency=0.8917 ms avg throuhgput (requests/sec) = 84.7496 res=false
*==== INFO ====* req_id_count= 9000 stream_id=35996 latency=0.783075 ms (tx_ts=157897787345748, rx_ts=157897788128823) request_id=363299 zil_blk_id=35996 ccf_commit_seqno=363299 nstreams_done_=9000 config.nstreams=20000 avg_latency=0.8909 ms avg throuhgput (requests/sec) = 84.7582 res=false
*==== INFO ====* req_id_count= 9500 stream_id=37996 latency=0.747529 ms (tx_ts=157903669153895, rx_ts=157903669901424) request_id=383457 zil_blk_id=37996 ccf_commit_seqno=383457 nstreams_done_=9500 config.nstreams=20000 avg_latency=0.8909 ms avg throuhgput (requests/sec) = 84.7714 res=false
*==== INFO ====* req_id_count= 10000 stream_id=39996 latency=0.912757 ms (tx_ts=157909579898364, rx_ts=157909580811121) request_id=403700 zil_blk_id=39996 ccf_commit_seqno=403700 nstreams_done_=10000 config.nstreams=20000 avg_latency=0.8922 ms avg throuhgput (requests/sec) = 84.7622 res=false
*==== INFO ====* req_id_count= 10500 stream_id=41996 latency=0.844179 ms (tx_ts=157915506650887, rx_ts=157915507495066) request_id=424001 zil_blk_id=41996 ccf_commit_seqno=424001 nstreams_done_=10500 config.nstreams=20000 avg_latency=0.8948 ms avg throuhgput (requests/sec) = 84.7432 res=false
*==== INFO ====* req_id_count= 11000 stream_id=43996 latency=1.005762 ms (tx_ts=157921416691007, rx_ts=157921417696769) request_id=444260 zil_blk_id=43996 ccf_commit_seqno=444260 nstreams_done_=11000 config.nstreams=20000 avg_latency=0.8969 ms avg throuhgput (requests/sec) = 84.7367 res=false
*==== INFO ====* req_id_count= 11500 stream_id=45996 latency=0.975904 ms (tx_ts=157927312327786, rx_ts=157927313303690) request_id=464468 zil_blk_id=45996 ccf_commit_seqno=464470 nstreams_done_=11500 config.nstreams=20000 avg_latency=0.8967 ms avg throuhgput (requests/sec) = 84.7398 res=false
*==== INFO ====* req_id_count= 12000 stream_id=47996 latency=1.025759 ms (tx_ts=157933204518533, rx_ts=157933205544292) request_id=484696 zil_blk_id=47996 ccf_commit_seqno=484696 nstreams_done_=12000 config.nstreams=20000 avg_latency=0.8971 ms avg throuhgput (requests/sec) = 84.7447 res=false
*==== INFO ====* req_id_count= 12500 stream_id=49996 latency=1.040079 ms (tx_ts=157939085454984, rx_ts=157939086495063) request_id=504869 zil_blk_id=49996 ccf_commit_seqno=504870 nstreams_done_=12500 config.nstreams=20000 avg_latency=0.8978 ms avg throuhgput (requests/sec) = 84.7557 res=false
*==== INFO ====* req_id_count= 13000 stream_id=51996 latency=0.978809 ms (tx_ts=157944977425776, rx_ts=157944978404585) request_id=525030 zil_blk_id=51996 ccf_commit_seqno=525032 nstreams_done_=13000 config.nstreams=20000 avg_latency=0.8977 ms avg throuhgput (requests/sec) = 84.7598 res=false
*==== INFO ====* req_id_count= 13500 stream_id=53996 latency=0.914110 ms (tx_ts=157950863905648, rx_ts=157950864819758) request_id=545244 zil_blk_id=53996 ccf_commit_seqno=545244 nstreams_done_=13500 config.nstreams=20000 avg_latency=0.8974 ms avg throuhgput (requests/sec) = 84.7665 res=false
*==== INFO ====* req_id_count= 14000 stream_id=55996 latency=0.787723 ms (tx_ts=157956743921713, rx_ts=157956744709436) request_id=565398 zil_blk_id=55996 ccf_commit_seqno=565398 nstreams_done_=14000 config.nstreams=20000 avg_latency=0.8968 ms avg throuhgput (requests/sec) = 84.7761 res=false
*==== INFO ====* req_id_count= 14500 stream_id=57996 latency=0.841434 ms (tx_ts=157962625304727, rx_ts=157962626146161) request_id=585583 zil_blk_id=57996 ccf_commit_seqno=585585 nstreams_done_=14500 config.nstreams=20000 avg_latency=0.8967 ms avg throuhgput (requests/sec) = 84.7842 res=false
*==== INFO ====* req_id_count= 15000 stream_id=59996 latency=0.928056 ms (tx_ts=157968492642275, rx_ts=157968493570331) request_id=605691 zil_blk_id=59996 ccf_commit_seqno=605691 nstreams_done_=15000 config.nstreams=20000 avg_latency=0.8960 ms avg throuhgput (requests/sec) = 84.7986 res=false
*==== INFO ====* req_id_count= 15500 stream_id=61996 latency=0.775521 ms (tx_ts=157974357889451, rx_ts=157974358664972) request_id=625804 zil_blk_id=61996 ccf_commit_seqno=625804 nstreams_done_=15500 config.nstreams=20000 avg_latency=0.8956 ms avg throuhgput (requests/sec) = 84.8130 res=false
*==== INFO ====* req_id_count= 16000 stream_id=63996 latency=0.816637 ms (tx_ts=157980240377548, rx_ts=157980241194185) request_id=646029 zil_blk_id=63996 ccf_commit_seqno=646029 nstreams_done_=16000 config.nstreams=20000 avg_latency=0.8951 ms avg throuhgput (requests/sec) = 84.8188 res=false
*==== INFO ====* req_id_count= 16500 stream_id=65996 latency=0.812090 ms (tx_ts=157986124795046, rx_ts=157986125607136) request_id=666255 zil_blk_id=65996 ccf_commit_seqno=666255 nstreams_done_=16500 config.nstreams=20000 avg_latency=0.8949 ms avg throuhgput (requests/sec) = 84.8234 res=false
*==== INFO ====* req_id_count= 17000 stream_id=67996 latency=0.755343 ms (tx_ts=157992003944867, rx_ts=157992004700210) request_id=686468 zil_blk_id=67996 ccf_commit_seqno=686468 nstreams_done_=17000 config.nstreams=20000 avg_latency=0.8942 ms avg throuhgput (requests/sec) = 84.8299 res=false
*==== INFO ====* req_id_count= 17500 stream_id=69996 latency=0.810086 ms (tx_ts=157997888405919, rx_ts=157997889216005) request_id=706682 zil_blk_id=69996 ccf_commit_seqno=706682 nstreams_done_=17500 config.nstreams=20000 avg_latency=0.8942 ms avg throuhgput (requests/sec) = 84.8339 res=false
*==== INFO ====* req_id_count= 18000 stream_id=71996 latency=0.833819 ms (tx_ts=158003784649510, rx_ts=158003785483329) request_id=726937 zil_blk_id=71996 ccf_commit_seqno=726937 nstreams_done_=18000 config.nstreams=20000 avg_latency=0.8942 ms avg throuhgput (requests/sec) = 84.8329 res=false
*==== INFO ====* req_id_count= 18500 stream_id=73996 latency=0.874656 ms (tx_ts=158009653420645, rx_ts=158009654295301) request_id=747121 zil_blk_id=73996 ccf_commit_seqno=747121 nstreams_done_=18500 config.nstreams=20000 avg_latency=0.8934 ms avg throuhgput (requests/sec) = 84.8427 res=false
*==== INFO ====* req_id_count= 19000 stream_id=75996 latency=1.032953 ms (tx_ts=158015529358299, rx_ts=158015530391252) request_id=767309 zil_blk_id=75996 ccf_commit_seqno=767309 nstreams_done_=19000 config.nstreams=20000 avg_latency=0.8933 ms avg throuhgput (requests/sec) = 84.8492 res=false
*==== INFO ====* req_id_count= 19500 stream_id=77996 latency=0.761805 ms (tx_ts=158021418483673, rx_ts=158021419245478) request_id=787151 zil_blk_id=77996 ccf_commit_seqno=787151 nstreams_done_=19500 config.nstreams=20000 avg_latency=0.8932 ms avg throuhgput (requests/sec) = 84.8507 res=false
*==== INFO ====* http_end_stream ALL streams done! nstreams_done_=20000 avg_latency=0.8923 msreq_id_count= 20000
*==== INFO ====* req_id_count= 20000 stream_id=79996 latency=0.820294 ms (tx_ts=158027383120325, rx_ts=158027383940619) request_id=799289 zil_blk_id=79996 ccf_commit_seqno=799289 nstreams_done_=20000 config.nstreams=20000 avg_latency=0.8923 ms avg throuhgput (requests/sec) = 84.8248 res=true
