Uniform: 210009 38803 209860 814030 301319 
Exponential: -2147483648 -2147483648 -2147483648 -2147483648 -2147483648 
Truncated Normal: 360924 109304 661949 941657 171338 
*==== INFO ====* req_id_count= 500 stream_id=1996 latency=0.854519 ms (tx_ts=157797465647624, rx_ts=157797466502143) request_id=19560 zil_blk_id=1996 ccf_commit_seqno=19560 nstreams_done_=500 config.nstreams=20000 avg_latency=0.8379 ms avg throuhgput (requests/sec) = 85.2148 res=false
*==== INFO ====* req_id_count= 1000 stream_id=3996 latency=0.855380 ms (tx_ts=157803375800457, rx_ts=157803376655837) request_id=39707 zil_blk_id=3996 ccf_commit_seqno=39707 nstreams_done_=1000 config.nstreams=20000 avg_latency=0.8506 ms avg throuhgput (requests/sec) = 84.9064 res=false
*==== INFO ====* req_id_count= 1500 stream_id=5996 latency=0.687947 ms (tx_ts=157809261605845, rx_ts=157809262293792) request_id=59821 zil_blk_id=5996 ccf_commit_seqno=59821 nstreams_done_=1500 config.nstreams=20000 avg_latency=0.8428 ms avg throuhgput (requests/sec) = 84.9218 res=false
*==== INFO ====* req_id_count= 2000 stream_id=7996 latency=1.040498 ms (tx_ts=157815097148872, rx_ts=157815098189370) request_id=79821 zil_blk_id=7996 ccf_commit_seqno=79821 nstreams_done_=2000 config.nstreams=20000 avg_latency=0.8398 ms avg throuhgput (requests/sec) = 85.1092 res=false
*==== INFO ====* req_id_count= 2500 stream_id=9996 latency=0.899103 ms (tx_ts=157820935716904, rx_ts=157820936616007) request_id=99815 zil_blk_id=9996 ccf_commit_seqno=99815 nstreams_done_=2500 config.nstreams=20000 avg_latency=0.8382 ms avg throuhgput (requests/sec) = 85.2148 res=false
*==== INFO ====* req_id_count= 3000 stream_id=11996 latency=0.687055 ms (tx_ts=157826795546986, rx_ts=157826796234041) request_id=119879 zil_blk_id=11996 ccf_commit_seqno=119879 nstreams_done_=3000 config.nstreams=20000 avg_latency=0.8412 ms avg throuhgput (requests/sec) = 85.2339 res=false
*==== INFO ====* req_id_count= 3500 stream_id=13996 latency=0.963854 ms (tx_ts=157832638897037, rx_ts=157832639860891) request_id=139876 zil_blk_id=13996 ccf_commit_seqno=139877 nstreams_done_=3500 config.nstreams=20000 avg_latency=0.8450 ms avg throuhgput (requests/sec) = 85.2808 res=false
*==== INFO ====* req_id_count= 4000 stream_id=15996 latency=0.710961 ms (tx_ts=157838476996932, rx_ts=157838477707893) request_id=159874 zil_blk_id=15996 ccf_commit_seqno=159874 nstreams_done_=4000 config.nstreams=20000 avg_latency=0.8433 ms avg throuhgput (requests/sec) = 85.3265 res=false
*==== INFO ====* req_id_count= 4500 stream_id=17996 latency=0.701773 ms (tx_ts=157844328566018, rx_ts=157844329267791) request_id=179941 zil_blk_id=17996 ccf_commit_seqno=179941 nstreams_done_=4500 config.nstreams=20000 avg_latency=0.8431 ms avg throuhgput (requests/sec) = 85.3399 res=false
*==== INFO ====* req_id_count= 5000 stream_id=19996 latency=0.787724 ms (tx_ts=157850176802879, rx_ts=157850177590603) request_id=199991 zil_blk_id=19996 ccf_commit_seqno=199991 nstreams_done_=5000 config.nstreams=20000 avg_latency=0.8437 ms avg throuhgput (requests/sec) = 85.3554 res=false
*==== INFO ====* req_id_count= 5500 stream_id=21996 latency=0.840482 ms (tx_ts=157856045514175, rx_ts=157856046354657) request_id=220113 zil_blk_id=21996 ccf_commit_seqno=220113 nstreams_done_=5500 config.nstreams=20000 avg_latency=0.8477 ms avg throuhgput (requests/sec) = 85.3409 res=false
*==== INFO ====* req_id_count= 6000 stream_id=23996 latency=0.941942 ms (tx_ts=157861916121747, rx_ts=157861917063689) request_id=240276 zil_blk_id=23996 ccf_commit_seqno=240276 nstreams_done_=6000 config.nstreams=20000 avg_latency=0.8492 ms avg throuhgput (requests/sec) = 85.3266 res=false
*==== INFO ====* req_id_count= 6500 stream_id=25996 latency=0.872002 ms (tx_ts=157867791336789, rx_ts=157867792208791) request_id=260420 zil_blk_id=25996 ccf_commit_seqno=260423 nstreams_done_=6500 config.nstreams=20000 avg_latency=0.8524 ms avg throuhgput (requests/sec) = 85.3094 res=false
*==== INFO ====* req_id_count= 7000 stream_id=27996 latency=1.113774 ms (tx_ts=157873637777884, rx_ts=157873638891658) request_id=280492 zil_blk_id=27996 ccf_commit_seqno=280495 nstreams_done_=7000 config.nstreams=20000 avg_latency=0.8520 ms avg throuhgput (requests/sec) = 85.3243 res=false
*==== INFO ====* req_id_count= 7500 stream_id=29996 latency=0.673918 ms (tx_ts=157879496151669, rx_ts=157879496825587) request_id=300581 zil_blk_id=29996 ccf_commit_seqno=300581 nstreams_done_=7500 config.nstreams=20000 avg_latency=0.8519 ms avg throuhgput (requests/sec) = 85.3263 res=false
*==== INFO ====* req_id_count= 8000 stream_id=31996 latency=0.869046 ms (tx_ts=157885344758600, rx_ts=157885345627646) request_id=320632 zil_blk_id=31996 ccf_commit_seqno=320632 nstreams_done_=8000 config.nstreams=20000 avg_latency=0.8505 ms avg throuhgput (requests/sec) = 85.3364 res=false
*==== INFO ====* req_id_count= 8500 stream_id=33996 latency=0.889514 ms (tx_ts=157891189179696, rx_ts=157891190069210) request_id=340686 zil_blk_id=33996 ccf_commit_seqno=340688 nstreams_done_=8500 config.nstreams=20000 avg_latency=0.8496 ms avg throuhgput (requests/sec) = 85.3490 res=false
*==== INFO ====* req_id_count= 9000 stream_id=35996 latency=0.795878 ms (tx_ts=157897023472072, rx_ts=157897024267950) request_id=360686 zil_blk_id=35996 ccf_commit_seqno=360686 nstreams_done_=9000 config.nstreams=20000 avg_latency=0.8484 ms avg throuhgput (requests/sec) = 85.3685 res=false
*==== INFO ====* req_id_count= 9500 stream_id=37996 latency=0.897208 ms (tx_ts=157902917823751, rx_ts=157902918720959) request_id=380883 zil_blk_id=37996 ccf_commit_seqno=380884 nstreams_done_=9500 config.nstreams=20000 avg_latency=0.8518 ms avg throuhgput (requests/sec) = 85.3398 res=false
*==== INFO ====* req_id_count= 10000 stream_id=39996 latency=0.775000 ms (tx_ts=157908753815722, rx_ts=157908754590722) request_id=400865 zil_blk_id=39996 ccf_commit_seqno=400866 nstreams_done_=10000 config.nstreams=20000 avg_latency=0.8501 ms avg throuhgput (requests/sec) = 85.3566 res=false
*==== INFO ====* req_id_count= 10500 stream_id=41996 latency=0.826606 ms (tx_ts=157914598145794, rx_ts=157914598972400) request_id=420901 zil_blk_id=41996 ccf_commit_seqno=420902 nstreams_done_=10500 config.nstreams=20000 avg_latency=0.8502 ms avg throuhgput (requests/sec) = 85.3659 res=false
*==== INFO ====* req_id_count= 11000 stream_id=43996 latency=0.720137 ms (tx_ts=157920425725907, rx_ts=157920426446044) request_id=440863 zil_blk_id=43996 ccf_commit_seqno=440863 nstreams_done_=11000 config.nstreams=20000 avg_latency=0.8497 ms avg throuhgput (requests/sec) = 85.3855 res=false
*==== INFO ====* req_id_count= 11500 stream_id=45996 latency=0.957294 ms (tx_ts=157926259253118, rx_ts=157926260210412) request_id=460884 zil_blk_id=45996 ccf_commit_seqno=460884 nstreams_done_=11500 config.nstreams=20000 avg_latency=0.8486 ms avg throuhgput (requests/sec) = 85.3995 res=false
*==== INFO ====* req_id_count= 12000 stream_id=47996 latency=0.663251 ms (tx_ts=157932108022192, rx_ts=157932108685443) request_id=480932 zil_blk_id=47996 ccf_commit_seqno=480932 nstreams_done_=12000 config.nstreams=20000 avg_latency=0.8487 ms avg throuhgput (requests/sec) = 85.4034 res=false
*==== INFO ====* req_id_count= 12500 stream_id=49996 latency=0.691263 ms (tx_ts=157937962430948, rx_ts=157937963122211) request_id=501028 zil_blk_id=49996 ccf_commit_seqno=501028 nstreams_done_=12500 config.nstreams=20000 avg_latency=0.8493 ms avg throuhgput (requests/sec) = 85.4034 res=false
*==== INFO ====* req_id_count= 13000 stream_id=51996 latency=0.677255 ms (tx_ts=157943826106614, rx_ts=157943826783869) request_id=521114 zil_blk_id=51996 ccf_commit_seqno=521114 nstreams_done_=13000 config.nstreams=20000 avg_latency=0.8497 ms avg throuhgput (requests/sec) = 85.3983 res=false
*==== INFO ====* req_id_count= 13500 stream_id=53996 latency=0.905263 ms (tx_ts=157949649330294, rx_ts=157949650235557) request_id=541077 zil_blk_id=53996 ccf_commit_seqno=541077 nstreams_done_=13500 config.nstreams=20000 avg_latency=0.8496 ms avg throuhgput (requests/sec) = 85.4153 res=false
*==== INFO ====* req_id_count= 14000 stream_id=55996 latency=0.785229 ms (tx_ts=157955475837814, rx_ts=157955476623043) request_id=561063 zil_blk_id=55996 ccf_commit_seqno=561063 nstreams_done_=14000 config.nstreams=20000 avg_latency=0.8487 ms avg throuhgput (requests/sec) = 85.4296 res=false
*==== INFO ====* req_id_count= 14500 stream_id=57996 latency=0.692234 ms (tx_ts=157961307342564, rx_ts=157961308034798) request_id=581070 zil_blk_id=57996 ccf_commit_seqno=581070 nstreams_done_=14500 config.nstreams=20000 avg_latency=0.8478 ms avg throuhgput (requests/sec) = 85.4403 res=false
*==== INFO ====* req_id_count= 15000 stream_id=59996 latency=0.733061 ms (tx_ts=157967164438333, rx_ts=157967165171394) request_id=601151 zil_blk_id=59996 ccf_commit_seqno=601151 nstreams_done_=15000 config.nstreams=20000 avg_latency=0.8489 ms avg throuhgput (requests/sec) = 85.4379 res=false
*==== INFO ====* req_id_count= 15500 stream_id=61996 latency=0.856201 ms (tx_ts=157973015374976, rx_ts=157973016231177) request_id=621209 zil_blk_id=61996 ccf_commit_seqno=621209 nstreams_done_=15500 config.nstreams=20000 avg_latency=0.8500 ms avg throuhgput (requests/sec) = 85.4384 res=false
*==== INFO ====* req_id_count= 16000 stream_id=63996 latency=0.765642 ms (tx_ts=157978867161476, rx_ts=157978867927118) request_id=641315 zil_blk_id=63996 ccf_commit_seqno=641316 nstreams_done_=16000 config.nstreams=20000 avg_latency=0.8504 ms avg throuhgput (requests/sec) = 85.4386 res=false
*==== INFO ====* req_id_count= 16500 stream_id=65996 latency=0.784256 ms (tx_ts=157984691614256, rx_ts=157984692398512) request_id=661344 zil_blk_id=65996 ccf_commit_seqno=661344 nstreams_done_=16500 config.nstreams=20000 avg_latency=0.8501 ms avg throuhgput (requests/sec) = 85.4509 res=false
*==== INFO ====* req_id_count= 17000 stream_id=67996 latency=0.844950 ms (tx_ts=157990549948415, rx_ts=157990550793365) request_id=681467 zil_blk_id=67996 ccf_commit_seqno=681468 nstreams_done_=17000 config.nstreams=20000 avg_latency=0.8506 ms avg throuhgput (requests/sec) = 85.4478 res=false
*==== INFO ====* req_id_count= 17500 stream_id=69996 latency=0.683608 ms (tx_ts=157996379040002, rx_ts=157996379723610) request_id=701492 zil_blk_id=69996 ccf_commit_seqno=701492 nstreams_done_=17500 config.nstreams=20000 avg_latency=0.8514 ms avg throuhgput (requests/sec) = 85.4573 res=false
*==== INFO ====* req_id_count= 18000 stream_id=71996 latency=0.723594 ms (tx_ts=158002216331784, rx_ts=158002217055378) request_id=721555 zil_blk_id=71996 ccf_commit_seqno=721555 nstreams_done_=18000 config.nstreams=20000 avg_latency=0.8521 ms avg throuhgput (requests/sec) = 85.4627 res=false
*==== INFO ====* req_id_count= 18500 stream_id=73996 latency=0.716621 ms (tx_ts=158008062695556, rx_ts=158008063412177) request_id=741653 zil_blk_id=73996 ccf_commit_seqno=741653 nstreams_done_=18500 config.nstreams=20000 avg_latency=0.8523 ms avg throuhgput (requests/sec) = 85.4644 res=false
*==== INFO ====* req_id_count= 19000 stream_id=75996 latency=0.709808 ms (tx_ts=158013875632075, rx_ts=158013876341883) request_id=761620 zil_blk_id=75996 ccf_commit_seqno=761621 nstreams_done_=19000 config.nstreams=20000 avg_latency=0.8514 ms avg throuhgput (requests/sec) = 85.4788 res=false
*==== INFO ====* req_id_count= 19500 stream_id=77996 latency=0.927876 ms (tx_ts=158019706242339, rx_ts=158019707170215) request_id=781550 zil_blk_id=77996 ccf_commit_seqno=781552 nstreams_done_=19500 config.nstreams=20000 avg_latency=0.8514 ms avg throuhgput (requests/sec) = 85.4858 res=false
*==== INFO ====* http_end_stream ALL streams done! nstreams_done_=20000 avg_latency=0.8513 msreq_id_count= 20000
*==== INFO ====* req_id_count= 20000 stream_id=79996 latency=3.362570 ms (tx_ts=158025578287086, rx_ts=158025581649656) request_id=797418 zil_blk_id=79996 ccf_commit_seqno=797418 nstreams_done_=20000 config.nstreams=20000 avg_latency=0.8513 ms avg throuhgput (requests/sec) = 85.4764 res=true
