Uniform: 881017 145501 615741 787990 111117 
Exponential: -2147483648 -2147483648 -2147483648 -2147483648 -2147483648 
Truncated Normal: 231950 147070 501737 813297 368190 
*==== INFO ====* req_id_count= 500 stream_id=1996 latency=0.901026 ms (tx_ts=157797523085676, rx_ts=157797523986702) request_id=19751 zil_blk_id=1996 ccf_commit_seqno=19751 nstreams_done_=500 config.nstreams=20000 avg_latency=0.8702 ms avg throuhgput (requests/sec) = 84.4448 res=false
*==== INFO ====* req_id_count= 1000 stream_id=3996 latency=1.049063 ms (tx_ts=157803480099415, rx_ts=157803481148478) request_id=40056 zil_blk_id=3996 ccf_commit_seqno=40057 nstreams_done_=1000 config.nstreams=20000 avg_latency=0.8699 ms avg throuhgput (requests/sec) = 84.1879 res=false
*==== INFO ====* req_id_count= 1500 stream_id=5996 latency=0.923425 ms (tx_ts=157809460987061, rx_ts=157809461910486) request_id=60493 zil_blk_id=5996 ccf_commit_seqno=60493 nstreams_done_=1500 config.nstreams=20000 avg_latency=0.8854 ms avg throuhgput (requests/sec) = 83.9915 res=false
*==== INFO ====* req_id_count= 2000 stream_id=7996 latency=0.935421 ms (tx_ts=157815431024487, rx_ts=157815431959908) request_id=80955 zil_blk_id=7996 ccf_commit_seqno=80956 nstreams_done_=2000 config.nstreams=20000 avg_latency=0.8893 ms avg throuhgput (requests/sec) = 83.9313 res=false
*==== INFO ====* req_id_count= 2500 stream_id=9996 latency=0.767135 ms (tx_ts=157821382343220, rx_ts=157821383110355) request_id=101329 zil_blk_id=9996 ccf_commit_seqno=101329 nstreams_done_=2500 config.nstreams=20000 avg_latency=0.8842 ms avg throuhgput (requests/sec) = 83.9485 res=false
*==== INFO ====* req_id_count= 3000 stream_id=11996 latency=0.790059 ms (tx_ts=157827347244475, rx_ts=157827348034534) request_id=121758 zil_blk_id=11996 ccf_commit_seqno=121758 nstreams_done_=3000 config.nstreams=20000 avg_latency=0.8873 ms avg throuhgput (requests/sec) = 83.9276 res=false
*==== INFO ====* req_id_count= 3500 stream_id=13996 latency=0.758569 ms (tx_ts=157833297791220, rx_ts=157833298549789) request_id=142127 zil_blk_id=13996 ccf_commit_seqno=142127 nstreams_done_=3500 config.nstreams=20000 avg_latency=0.8841 ms avg throuhgput (requests/sec) = 83.9417 res=false
*==== INFO ====* req_id_count= 4000 stream_id=15996 latency=0.878063 ms (tx_ts=157839225942378, rx_ts=157839226820441) request_id=162431 zil_blk_id=15996 ccf_commit_seqno=162432 nstreams_done_=4000 config.nstreams=20000 avg_latency=0.8857 ms avg throuhgput (requests/sec) = 83.9915 res=false
*==== INFO ====* req_id_count= 4500 stream_id=17996 latency=1.124705 ms (tx_ts=157845074626774, rx_ts=157845075751479) request_id=182487 zil_blk_id=17996 ccf_commit_seqno=182488 nstreams_done_=4500 config.nstreams=20000 avg_latency=0.8833 ms avg throuhgput (requests/sec) = 84.1549 res=false
*==== INFO ====* req_id_count= 5000 stream_id=19996 latency=0.722231 ms (tx_ts=157850916118425, rx_ts=157850916840656) request_id=202510 zil_blk_id=19996 ccf_commit_seqno=202510 nstreams_done_=5000 config.nstreams=20000 avg_latency=0.8859 ms avg throuhgput (requests/sec) = 84.2973 res=false
*==== INFO ====* req_id_count= 5500 stream_id=21996 latency=0.859428 ms (tx_ts=157856753510776, rx_ts=157856754370204) request_id=222538 zil_blk_id=21996 ccf_commit_seqno=222539 nstreams_done_=5500 config.nstreams=20000 avg_latency=0.8865 ms avg throuhgput (requests/sec) = 84.4187 res=false
*==== INFO ====* req_id_count= 6000 stream_id=23996 latency=0.971728 ms (tx_ts=157862586471321, rx_ts=157862587443049) request_id=242572 zil_blk_id=23996 ccf_commit_seqno=242574 nstreams_done_=6000 config.nstreams=20000 avg_latency=0.8843 ms avg throuhgput (requests/sec) = 84.5255 res=false
*==== INFO ====* req_id_count= 6500 stream_id=25996 latency=0.731489 ms (tx_ts=157868432329846, rx_ts=157868433061335) request_id=262611 zil_blk_id=25996 ccf_commit_seqno=262611 nstreams_done_=6500 config.nstreams=20000 avg_latency=0.8857 ms avg throuhgput (requests/sec) = 84.6023 res=false
*==== INFO ====* req_id_count= 7000 stream_id=27996 latency=0.709127 ms (tx_ts=157874259959606, rx_ts=157874260668733) request_id=282621 zil_blk_id=27996 ccf_commit_seqno=282621 nstreams_done_=7000 config.nstreams=20000 avg_latency=0.8842 ms avg throuhgput (requests/sec) = 84.6866 res=false
*==== INFO ====* req_id_count= 7500 stream_id=29996 latency=0.861172 ms (tx_ts=157880097438923, rx_ts=157880098300095) request_id=302626 zil_blk_id=29996 ccf_commit_seqno=302626 nstreams_done_=7500 config.nstreams=20000 avg_latency=0.8845 ms avg throuhgput (requests/sec) = 84.7502 res=false
*==== INFO ====* req_id_count= 8000 stream_id=31996 latency=1.005791 ms (tx_ts=157885933800385, rx_ts=157885934806176) request_id=322648 zil_blk_id=31996 ccf_commit_seqno=322649 nstreams_done_=8000 config.nstreams=20000 avg_latency=0.8836 ms avg throuhgput (requests/sec) = 84.8070 res=false
*==== INFO ====* req_id_count= 8500 stream_id=33996 latency=0.713685 ms (tx_ts=157891752730185, rx_ts=157891753443870) request_id=342617 zil_blk_id=33996 ccf_commit_seqno=342617 nstreams_done_=8500 config.nstreams=20000 avg_latency=0.8826 ms avg throuhgput (requests/sec) = 84.8723 res=false
*==== INFO ====* req_id_count= 9000 stream_id=35996 latency=0.903430 ms (tx_ts=157897574174452, rx_ts=157897575077882) request_id=362570 zil_blk_id=35996 ccf_commit_seqno=362570 nstreams_done_=9000 config.nstreams=20000 avg_latency=0.8822 ms avg throuhgput (requests/sec) = 84.9280 res=false
*==== INFO ====* req_id_count= 9500 stream_id=37996 latency=0.772478 ms (tx_ts=157903405423192, rx_ts=157903406195670) request_id=382549 zil_blk_id=37996 ccf_commit_seqno=382549 nstreams_done_=9500 config.nstreams=20000 avg_latency=0.8829 ms avg throuhgput (requests/sec) = 84.9707 res=false
*==== INFO ====* req_id_count= 10000 stream_id=39996 latency=0.770331 ms (tx_ts=157909225414726, rx_ts=157909226185057) request_id=402482 zil_blk_id=39996 ccf_commit_seqno=402482 nstreams_done_=10000 config.nstreams=20000 avg_latency=0.8822 ms avg throuhgput (requests/sec) = 85.0172 res=false
*==== INFO ====* req_id_count= 10500 stream_id=41996 latency=0.761755 ms (tx_ts=157915067642472, rx_ts=157915068404227) request_id=422502 zil_blk_id=41996 ccf_commit_seqno=422502 nstreams_done_=10500 config.nstreams=20000 avg_latency=0.8826 ms avg throuhgput (requests/sec) = 85.0440 res=false
*==== INFO ====* req_id_count= 11000 stream_id=43996 latency=0.887991 ms (tx_ts=157920896544963, rx_ts=157920897432954) request_id=442473 zil_blk_id=43996 ccf_commit_seqno=442475 nstreams_done_=11000 config.nstreams=20000 avg_latency=0.8824 ms avg throuhgput (requests/sec) = 85.0771 res=false
*==== INFO ====* req_id_count= 11500 stream_id=45996 latency=0.736296 ms (tx_ts=157926722747043, rx_ts=157926723483339) request_id=462461 zil_blk_id=45996 ccf_commit_seqno=462461 nstreams_done_=11500 config.nstreams=20000 avg_latency=0.8823 ms avg throuhgput (requests/sec) = 85.1092 res=false
*==== INFO ====* req_id_count= 12000 stream_id=47996 latency=0.860980 ms (tx_ts=157932552022339, rx_ts=157932552883319) request_id=482457 zil_blk_id=47996 ccf_commit_seqno=482457 nstreams_done_=12000 config.nstreams=20000 avg_latency=0.8834 ms avg throuhgput (requests/sec) = 85.1366 res=false
*==== INFO ====* req_id_count= 12500 stream_id=49996 latency=0.760924 ms (tx_ts=157938397864872, rx_ts=157938398625796) request_id=502518 zil_blk_id=49996 ccf_commit_seqno=502518 nstreams_done_=12500 config.nstreams=20000 avg_latency=0.8840 ms avg throuhgput (requests/sec) = 85.1524 res=false
*==== INFO ====* req_id_count= 13000 stream_id=51996 latency=0.715989 ms (tx_ts=157944219524953, rx_ts=157944220240942) request_id=522459 zil_blk_id=51996 ccf_commit_seqno=522459 nstreams_done_=13000 config.nstreams=20000 avg_latency=0.8838 ms avg throuhgput (requests/sec) = 85.1804 res=false
*==== INFO ====* req_id_count= 13500 stream_id=53996 latency=0.737339 ms (tx_ts=157950050771549, rx_ts=157950051508888) request_id=542455 zil_blk_id=53996 ccf_commit_seqno=542455 nstreams_done_=13500 config.nstreams=20000 avg_latency=0.8838 ms avg throuhgput (requests/sec) = 85.2012 res=false
*==== INFO ====* req_id_count= 14000 stream_id=55996 latency=0.809855 ms (tx_ts=157955868973420, rx_ts=157955869783275) request_id=562409 zil_blk_id=55996 ccf_commit_seqno=562409 nstreams_done_=14000 config.nstreams=20000 avg_latency=0.8836 ms avg throuhgput (requests/sec) = 85.2272 res=false
*==== INFO ====* req_id_count= 14500 stream_id=57996 latency=0.923678 ms (tx_ts=157961695326329, rx_ts=157961696250007) request_id=582402 zil_blk_id=57996 ccf_commit_seqno=582402 nstreams_done_=14500 config.nstreams=20000 avg_latency=0.8837 ms avg throuhgput (requests/sec) = 85.2473 res=false
*==== INFO ====* req_id_count= 15000 stream_id=59996 latency=0.770090 ms (tx_ts=157967523644731, rx_ts=157967524414821) request_id=602379 zil_blk_id=59996 ccf_commit_seqno=602380 nstreams_done_=15000 config.nstreams=20000 avg_latency=0.8832 ms avg throuhgput (requests/sec) = 85.2653 res=false
*==== INFO ====* req_id_count= 15500 stream_id=61996 latency=0.949365 ms (tx_ts=157973333450017, rx_ts=157973334399382) request_id=622296 zil_blk_id=61996 ccf_commit_seqno=622296 nstreams_done_=15500 config.nstreams=20000 avg_latency=0.8836 ms avg throuhgput (requests/sec) = 85.2907 res=false
*==== INFO ====* req_id_count= 16000 stream_id=63996 latency=0.933746 ms (tx_ts=157979166781304, rx_ts=157979167715050) request_id=642344 zil_blk_id=63996 ccf_commit_seqno=642344 nstreams_done_=16000 config.nstreams=20000 avg_latency=0.8841 ms avg throuhgput (requests/sec) = 85.3039 res=false
*==== INFO ====* req_id_count= 16500 stream_id=65996 latency=0.960626 ms (tx_ts=157984979988878, rx_ts=157984980949504) request_id=662332 zil_blk_id=65996 ccf_commit_seqno=662332 nstreams_done_=16500 config.nstreams=20000 avg_latency=0.8835 ms avg throuhgput (requests/sec) = 85.3251 res=false
*==== INFO ====* req_id_count= 17000 stream_id=67996 latency=0.713385 ms (tx_ts=157990775195126, rx_ts=157990775908511) request_id=682245 zil_blk_id=67996 ccf_commit_seqno=682245 nstreams_done_=17000 config.nstreams=20000 avg_latency=0.8830 ms avg throuhgput (requests/sec) = 85.3530 res=false
*==== INFO ====* req_id_count= 17500 stream_id=69996 latency=0.762606 ms (tx_ts=157996592487781, rx_ts=157996593250387) request_id=702224 zil_blk_id=69996 ccf_commit_seqno=702224 nstreams_done_=17500 config.nstreams=20000 avg_latency=0.8825 ms avg throuhgput (requests/sec) = 85.3699 res=false
*==== INFO ====* req_id_count= 18000 stream_id=71996 latency=0.699488 ms (tx_ts=158002398880025, rx_ts=158002399579513) request_id=722183 zil_blk_id=71996 ccf_commit_seqno=722183 nstreams_done_=18000 config.nstreams=20000 avg_latency=0.8825 ms avg throuhgput (requests/sec) = 85.3904 res=false
*==== INFO ====* req_id_count= 18500 stream_id=73996 latency=0.720918 ms (tx_ts=158008219462695, rx_ts=158008220183613) request_id=742189 zil_blk_id=73996 ccf_commit_seqno=742189 nstreams_done_=18500 config.nstreams=20000 avg_latency=0.8826 ms avg throuhgput (requests/sec) = 85.4041 res=false
*==== INFO ====* req_id_count= 19000 stream_id=75996 latency=0.910263 ms (tx_ts=158014046018750, rx_ts=158014046929013) request_id=762212 zil_blk_id=75996 ccf_commit_seqno=762212 nstreams_done_=19000 config.nstreams=20000 avg_latency=0.8824 ms avg throuhgput (requests/sec) = 85.4148 res=false
*==== INFO ====* req_id_count= 19500 stream_id=77996 latency=0.854078 ms (tx_ts=158019860988487, rx_ts=158019861842565) request_id=782068 zil_blk_id=77996 ccf_commit_seqno=782068 nstreams_done_=19500 config.nstreams=20000 avg_latency=0.8822 ms avg throuhgput (requests/sec) = 85.4293 res=false
*==== INFO ====* http_end_stream ALL streams done! nstreams_done_=20000 avg_latency=0.8814 msreq_id_count= 20000
*==== INFO ====* req_id_count= 20000 stream_id=79996 latency=0.803423 ms (tx_ts=158025703293568, rx_ts=158025704096991) request_id=797613 zil_blk_id=79996 ccf_commit_seqno=797613 nstreams_done_=20000 config.nstreams=20000 avg_latency=0.8814 ms avg throuhgput (requests/sec) = 85.4332 res=true
