Uniform: 221303 15812 58279 353912 738711 
Exponential: -2147483648 -2147483648 -2147483648 -2147483648 -2147483648 
Truncated Normal: 717740 651066 365503 488388 813524 
*==== INFO ====* req_id_count= 500 stream_id=1996 latency=0.650116 ms (tx_ts=157797441828886, rx_ts=157797442479002) request_id=19484 zil_blk_id=1996 ccf_commit_seqno=19484 nstreams_done_=500 config.nstreams=20000 avg_latency=0.7897 ms avg throuhgput (requests/sec) = 85.4695 res=false
*==== INFO ====* req_id_count= 1000 stream_id=3996 latency=0.879426 ms (tx_ts=157803312678187, rx_ts=157803313557613) request_id=39500 zil_blk_id=3996 ccf_commit_seqno=39500 nstreams_done_=1000 config.nstreams=20000 avg_latency=0.8110 ms avg throuhgput (requests/sec) = 85.3161 res=false
*==== INFO ====* req_id_count= 1500 stream_id=5996 latency=0.664126 ms (tx_ts=157809211033190, rx_ts=157809211697316) request_id=59651 zil_blk_id=5996 ccf_commit_seqno=59651 nstreams_done_=1500 config.nstreams=20000 avg_latency=0.8302 ms avg throuhgput (requests/sec) = 85.1341 res=false
*==== INFO ====* req_id_count= 2000 stream_id=7996 latency=0.667059 ms (tx_ts=157815050505744, rx_ts=157815051172803) request_id=79669 zil_blk_id=7996 ccf_commit_seqno=79669 nstreams_done_=2000 config.nstreams=20000 avg_latency=0.8269 ms avg throuhgput (requests/sec) = 85.2561 res=false
*==== INFO ====* req_id_count= 2500 stream_id=9996 latency=0.744173 ms (tx_ts=157820911336753, rx_ts=157820912080926) request_id=99730 zil_blk_id=9996 ccf_commit_seqno=99730 nstreams_done_=2500 config.nstreams=20000 avg_latency=0.8206 ms avg throuhgput (requests/sec) = 85.2671 res=false
*==== INFO ====* req_id_count= 3000 stream_id=11996 latency=0.661208 ms (tx_ts=157826766371880, rx_ts=157826767033088) request_id=119782 zil_blk_id=11996 ccf_commit_seqno=119782 nstreams_done_=3000 config.nstreams=20000 avg_latency=0.8194 ms avg throuhgput (requests/sec) = 85.2888 res=false
*==== INFO ====* req_id_count= 3500 stream_id=13996 latency=0.941492 ms (tx_ts=157832640518171, rx_ts=157832641459663) request_id=139883 zil_blk_id=13996 ccf_commit_seqno=139883 nstreams_done_=3500 config.nstreams=20000 avg_latency=0.8207 ms avg throuhgput (requests/sec) = 85.2639 res=false
*==== INFO ====* req_id_count= 4000 stream_id=15996 latency=0.751707 ms (tx_ts=157838498292949, rx_ts=157838499044656) request_id=159947 zil_blk_id=15996 ccf_commit_seqno=159947 nstreams_done_=4000 config.nstreams=20000 avg_latency=0.8185 ms avg throuhgput (requests/sec) = 85.2758 res=false
*==== INFO ====* req_id_count= 4500 stream_id=17996 latency=0.751647 ms (tx_ts=157844395314690, rx_ts=157844396066337) request_id=180169 zil_blk_id=17996 ccf_commit_seqno=180169 nstreams_done_=4500 config.nstreams=20000 avg_latency=0.8212 ms avg throuhgput (requests/sec) = 85.2214 res=false
*==== INFO ====* req_id_count= 5000 stream_id=19996 latency=0.638304 ms (tx_ts=157850284708712, rx_ts=157850285347016) request_id=200351 zil_blk_id=19996 ccf_commit_seqno=200351 nstreams_done_=5000 config.nstreams=20000 avg_latency=0.8239 ms avg throuhgput (requests/sec) = 85.1892 res=false
*==== INFO ====* req_id_count= 5500 stream_id=21996 latency=1.130886 ms (tx_ts=157856140389293, rx_ts=157856141520179) request_id=220443 zil_blk_id=21996 ccf_commit_seqno=220445 nstreams_done_=5500 config.nstreams=20000 avg_latency=0.8209 ms avg throuhgput (requests/sec) = 85.2065 res=false
*==== INFO ====* req_id_count= 6000 stream_id=23996 latency=0.632003 ms (tx_ts=157862002099737, rx_ts=157862002731740) request_id=240571 zil_blk_id=23996 ccf_commit_seqno=240571 nstreams_done_=6000 config.nstreams=20000 avg_latency=0.8193 ms avg throuhgput (requests/sec) = 85.2148 res=false
*==== INFO ====* req_id_count= 6500 stream_id=25996 latency=0.850953 ms (tx_ts=157867849698425, rx_ts=157867850549378) request_id=260625 zil_blk_id=25996 ccf_commit_seqno=260625 nstreams_done_=6500 config.nstreams=20000 avg_latency=0.8175 ms avg throuhgput (requests/sec) = 85.2368 res=false
*==== INFO ====* req_id_count= 7000 stream_id=27996 latency=0.872984 ms (tx_ts=157873721636787, rx_ts=157873722509771) request_id=280782 zil_blk_id=27996 ccf_commit_seqno=280783 nstreams_done_=7000 config.nstreams=20000 avg_latency=0.8187 ms avg throuhgput (requests/sec) = 85.2307 res=false
*==== INFO ====* req_id_count= 7500 stream_id=29996 latency=0.812330 ms (tx_ts=157879583743284, rx_ts=157879584555614) request_id=300874 zil_blk_id=29996 ccf_commit_seqno=300874 nstreams_done_=7500 config.nstreams=20000 avg_latency=0.8188 ms avg throuhgput (requests/sec) = 85.2349 res=false
*==== INFO ====* req_id_count= 8000 stream_id=31996 latency=0.747509 ms (tx_ts=157885430713230, rx_ts=157885431460739) request_id=320925 zil_blk_id=31996 ccf_commit_seqno=320925 nstreams_done_=8000 config.nstreams=20000 avg_latency=0.8175 ms avg throuhgput (requests/sec) = 85.2524 res=false
*==== INFO ====* req_id_count= 8500 stream_id=33996 latency=0.720979 ms (tx_ts=157891344955014, rx_ts=157891345675993) request_id=341222 zil_blk_id=33996 ccf_commit_seqno=341222 nstreams_done_=8500 config.nstreams=20000 avg_latency=0.8205 ms avg throuhgput (requests/sec) = 85.2103 res=false
*==== INFO ====* req_id_count= 9000 stream_id=35996 latency=0.723694 ms (tx_ts=157897202414025, rx_ts=157897203137719) request_id=361297 zil_blk_id=35996 ccf_commit_seqno=361298 nstreams_done_=9000 config.nstreams=20000 avg_latency=0.8206 ms avg throuhgput (requests/sec) = 85.2186 res=false
*==== INFO ====* req_id_count= 9500 stream_id=37996 latency=0.655646 ms (tx_ts=157903060455926, rx_ts=157903061111572) request_id=381368 zil_blk_id=37996 ccf_commit_seqno=381368 nstreams_done_=9500 config.nstreams=20000 avg_latency=0.8215 ms avg throuhgput (requests/sec) = 85.2257 res=false
*==== INFO ====* req_id_count= 10000 stream_id=39996 latency=0.972046 ms (tx_ts=157908948655871, rx_ts=157908949627917) request_id=401533 zil_blk_id=39996 ccf_commit_seqno=401534 nstreams_done_=10000 config.nstreams=20000 avg_latency=0.8234 ms avg throuhgput (requests/sec) = 85.2099 res=false
*==== INFO ====* req_id_count= 10500 stream_id=41996 latency=1.958933 ms (tx_ts=157914832733177, rx_ts=157914834692110) request_id=421707 zil_blk_id=41996 ccf_commit_seqno=421707 nstreams_done_=10500 config.nstreams=20000 avg_latency=0.8248 ms avg throuhgput (requests/sec) = 85.1981 res=false
*==== INFO ====* req_id_count= 11000 stream_id=43996 latency=0.950949 ms (tx_ts=157920708373950, rx_ts=157920709324899) request_id=441825 zil_blk_id=43996 ccf_commit_seqno=441826 nstreams_done_=11000 config.nstreams=20000 avg_latency=0.8259 ms avg throuhgput (requests/sec) = 85.1941 res=false
*==== INFO ====* req_id_count= 11500 stream_id=45996 latency=0.837645 ms (tx_ts=157926561968773, rx_ts=157926562806418) request_id=461916 zil_blk_id=45996 ccf_commit_seqno=461917 nstreams_done_=11500 config.nstreams=20000 avg_latency=0.8253 ms avg throuhgput (requests/sec) = 85.2039 res=false
*==== INFO ====* req_id_count= 12000 stream_id=47996 latency=0.649645 ms (tx_ts=157932414599677, rx_ts=157932415249322) request_id=481984 zil_blk_id=47996 ccf_commit_seqno=481984 nstreams_done_=12000 config.nstreams=20000 avg_latency=0.8253 ms avg throuhgput (requests/sec) = 85.2135 res=false
*==== INFO ====* req_id_count= 12500 stream_id=49996 latency=0.894964 ms (tx_ts=157938281787846, rx_ts=157938282682810) request_id=502120 zil_blk_id=49996 ccf_commit_seqno=502120 nstreams_done_=12500 config.nstreams=20000 avg_latency=0.8255 ms avg throuhgput (requests/sec) = 85.2136 res=false
*==== INFO ====* req_id_count= 13000 stream_id=51996 latency=0.944740 ms (tx_ts=157944141121350, rx_ts=157944142066090) request_id=522193 zil_blk_id=51996 ccf_commit_seqno=522195 nstreams_done_=13000 config.nstreams=20000 avg_latency=0.8253 ms avg throuhgput (requests/sec) = 85.2182 res=false
*==== INFO ====* req_id_count= 13500 stream_id=53996 latency=0.793444 ms (tx_ts=157950020401350, rx_ts=157950021194794) request_id=542347 zil_blk_id=53996 ccf_commit_seqno=542347 nstreams_done_=13500 config.nstreams=20000 avg_latency=0.8269 ms avg throuhgput (requests/sec) = 85.2118 res=false
*==== INFO ====* req_id_count= 14000 stream_id=55996 latency=0.715238 ms (tx_ts=157955886272527, rx_ts=157955886987765) request_id=562468 zil_blk_id=55996 ccf_commit_seqno=562468 nstreams_done_=14000 config.nstreams=20000 avg_latency=0.8272 ms avg throuhgput (requests/sec) = 85.2128 res=false
*==== INFO ====* req_id_count= 14500 stream_id=57996 latency=0.836535 ms (tx_ts=157961729987620, rx_ts=157961730824155) request_id=582516 zil_blk_id=57996 ccf_commit_seqno=582518 nstreams_done_=14500 config.nstreams=20000 avg_latency=0.8267 ms avg throuhgput (requests/sec) = 85.2247 res=false
*==== INFO ====* req_id_count= 15000 stream_id=59996 latency=0.848697 ms (tx_ts=157967607475044, rx_ts=157967608323741) request_id=602665 zil_blk_id=59996 ccf_commit_seqno=602666 nstreams_done_=15000 config.nstreams=20000 avg_latency=0.8271 ms avg throuhgput (requests/sec) = 85.2196 res=false
*==== INFO ====* req_id_count= 15500 stream_id=61996 latency=4.786593 ms (tx_ts=157973472301262, rx_ts=157973477087855) request_id=622771 zil_blk_id=61996 ccf_commit_seqno=622776 nstreams_done_=15500 config.nstreams=20000 avg_latency=0.8274 ms avg throuhgput (requests/sec) = 85.2188 res=false
*==== INFO ====* req_id_count= 16000 stream_id=63996 latency=1.069670 ms (tx_ts=157979308496052, rx_ts=157979309565722) request_id=642832 zil_blk_id=63996 ccf_commit_seqno=642833 nstreams_done_=16000 config.nstreams=20000 avg_latency=0.8255 ms avg throuhgput (requests/sec) = 85.2346 res=false
*==== INFO ====* req_id_count= 16500 stream_id=65996 latency=3.078038 ms (tx_ts=157985166717450, rx_ts=157985169795488) request_id=662973 zil_blk_id=65996 ccf_commit_seqno=662973 nstreams_done_=16500 config.nstreams=20000 avg_latency=0.8252 ms avg throuhgput (requests/sec) = 85.2372 res=false
*==== INFO ====* req_id_count= 17000 stream_id=67996 latency=0.661577 ms (tx_ts=157991034895846, rx_ts=157991035557423) request_id=683135 zil_blk_id=67996 ccf_commit_seqno=683135 nstreams_done_=17000 config.nstreams=20000 avg_latency=0.8249 ms avg throuhgput (requests/sec) = 85.2373 res=false
*==== INFO ====* req_id_count= 17500 stream_id=69996 latency=0.639336 ms (tx_ts=157996866327019, rx_ts=157996866966355) request_id=703168 zil_blk_id=69996 ccf_commit_seqno=703168 nstreams_done_=17500 config.nstreams=20000 avg_latency=0.8242 ms avg throuhgput (requests/sec) = 85.2517 res=false
*==== INFO ====* req_id_count= 18000 stream_id=71996 latency=0.837035 ms (tx_ts=158002726286216, rx_ts=158002727123251) request_id=723313 zil_blk_id=71996 ccf_commit_seqno=723313 nstreams_done_=18000 config.nstreams=20000 avg_latency=0.8240 ms avg throuhgput (requests/sec) = 85.2536 res=false
*==== INFO ====* req_id_count= 18500 stream_id=73996 latency=0.894503 ms (tx_ts=158008547804659, rx_ts=158008548699162) request_id=743322 zil_blk_id=73996 ccf_commit_seqno=743322 nstreams_done_=18500 config.nstreams=20000 avg_latency=0.8228 ms avg throuhgput (requests/sec) = 85.2706 res=false
*==== INFO ====* req_id_count= 19000 stream_id=75996 latency=0.647121 ms (tx_ts=158014430503787, rx_ts=158014431150908) request_id=763531 zil_blk_id=75996 ccf_commit_seqno=763531 nstreams_done_=19000 config.nstreams=20000 avg_latency=0.8235 ms avg throuhgput (requests/sec) = 85.2635 res=false
*==== INFO ====* req_id_count= 19500 stream_id=77996 latency=0.889475 ms (tx_ts=158020294033949, rx_ts=158020294923424) request_id=783497 zil_blk_id=77996 ccf_commit_seqno=783499 nstreams_done_=19500 config.nstreams=20000 avg_latency=0.8229 ms avg throuhgput (requests/sec) = 85.2636 res=false
*==== INFO ====* http_end_stream ALL streams done! nstreams_done_=20000 avg_latency=0.8223 msreq_id_count= 20000
*==== INFO ====* req_id_count= 20000 stream_id=79996 latency=0.670564 ms (tx_ts=158026204862709, rx_ts=158026205533273) request_id=798298 zil_blk_id=79996 ccf_commit_seqno=798298 nstreams_done_=20000 config.nstreams=20000 avg_latency=0.8223 ms avg throuhgput (requests/sec) = 85.2467 res=true
