Uniform: 282057 582684 73800 267413 356702 
Exponential: -2147483648 -2147483648 -2147483648 -2147483648 -2147483648 
Truncated Normal: 260540 274695 386237 947607 71991 
*==== INFO ====* req_id_count= 500 stream_id=1996 latency=0.635700 ms (tx_ts=157797351857910, rx_ts=157797352493610) request_id=19183 zil_blk_id=1996 ccf_commit_seqno=19183 nstreams_done_=500 config.nstreams=20000 avg_latency=0.7696 ms avg throuhgput (requests/sec) = 86.8680 res=false
*==== INFO ====* req_id_count= 1000 stream_id=3996 latency=0.747979 ms (tx_ts=157803144118288, rx_ts=157803144866267) request_id=38932 zil_blk_id=3996 ccf_commit_seqno=38932 nstreams_done_=1000 config.nstreams=20000 avg_latency=0.7656 ms avg throuhgput (requests/sec) = 86.5933 res=false
*==== INFO ====* req_id_count= 1500 stream_id=5996 latency=0.731549 ms (tx_ts=157808927481100, rx_ts=157808928212649) request_id=58692 zil_blk_id=5996 ccf_commit_seqno=58692 nstreams_done_=1500 config.nstreams=20000 avg_latency=0.7669 ms avg throuhgput (requests/sec) = 86.5472 res=false
*==== INFO ====* req_id_count= 2000 stream_id=7996 latency=0.846535 ms (tx_ts=157814715879799, rx_ts=157814716726334) request_id=78532 zil_blk_id=7996 ccf_commit_seqno=78532 nstreams_done_=2000 config.nstreams=20000 avg_latency=0.7664 ms avg throuhgput (requests/sec) = 86.5048 res=false
*==== INFO ====* req_id_count= 2500 stream_id=9996 latency=0.943997 ms (tx_ts=157820524252461, rx_ts=157820525196458) request_id=98415 zil_blk_id=9996 ccf_commit_seqno=98415 nstreams_done_=2500 config.nstreams=20000 avg_latency=0.7673 ms avg throuhgput (requests/sec) = 86.4198 res=false
*==== INFO ====* req_id_count= 3000 stream_id=11996 latency=0.764621 ms (tx_ts=157826296345736, rx_ts=157826297110357) request_id=118181 zil_blk_id=11996 ccf_commit_seqno=118183 nstreams_done_=3000 config.nstreams=20000 avg_latency=0.7647 ms avg throuhgput (requests/sec) = 86.4541 res=false
*==== INFO ====* req_id_count= 3500 stream_id=13996 latency=0.774108 ms (tx_ts=157832104676439, rx_ts=157832105450547) request_id=138064 zil_blk_id=13996 ccf_commit_seqno=138064 nstreams_done_=3500 config.nstreams=20000 avg_latency=0.7669 ms avg throuhgput (requests/sec) = 86.4009 res=false
*==== INFO ====* req_id_count= 4000 stream_id=15996 latency=3.777590 ms (tx_ts=157837896748296, rx_ts=157837900525886) request_id=157897 zil_blk_id=15996 ccf_commit_seqno=157897 nstreams_done_=4000 config.nstreams=20000 avg_latency=0.7649 ms avg throuhgput (requests/sec) = 86.3858 res=false
*==== INFO ====* req_id_count= 4500 stream_id=17996 latency=0.600604 ms (tx_ts=157843686785482, rx_ts=157843687386086) request_id=177746 zil_blk_id=17996 ccf_commit_seqno=177746 nstreams_done_=4500 config.nstreams=20000 avg_latency=0.7645 ms avg throuhgput (requests/sec) = 86.3877 res=false
*==== INFO ====* req_id_count= 5000 stream_id=19996 latency=0.809284 ms (tx_ts=157849473115281, rx_ts=157849473924565) request_id=197580 zil_blk_id=19996 ccf_commit_seqno=197581 nstreams_done_=5000 config.nstreams=20000 avg_latency=0.7613 ms avg throuhgput (requests/sec) = 86.3897 res=false
*==== INFO ====* req_id_count= 5500 stream_id=21996 latency=0.612536 ms (tx_ts=157855275591992, rx_ts=157855276204528) request_id=217478 zil_blk_id=21996 ccf_commit_seqno=217478 nstreams_done_=5500 config.nstreams=20000 avg_latency=0.7594 ms avg throuhgput (requests/sec) = 86.3699 res=false
*==== INFO ====* req_id_count= 6000 stream_id=23996 latency=0.907197 ms (tx_ts=157861066590382, rx_ts=157861067497579) request_id=237368 zil_blk_id=23996 ccf_commit_seqno=237369 nstreams_done_=6000 config.nstreams=20000 avg_latency=0.7575 ms avg throuhgput (requests/sec) = 86.3671 res=false
*==== INFO ====* req_id_count= 6500 stream_id=25996 latency=0.833867 ms (tx_ts=157866866638611, rx_ts=157866867472478) request_id=257251 zil_blk_id=25996 ccf_commit_seqno=257253 nstreams_done_=6500 config.nstreams=20000 avg_latency=0.7571 ms avg throuhgput (requests/sec) = 86.3548 res=false
*==== INFO ====* req_id_count= 7000 stream_id=27996 latency=0.723103 ms (tx_ts=157872654337129, rx_ts=157872655060232) request_id=277125 zil_blk_id=27996 ccf_commit_seqno=277125 nstreams_done_=7000 config.nstreams=20000 avg_latency=0.7552 ms avg throuhgput (requests/sec) = 86.3575 res=false
*==== INFO ====* req_id_count= 7500 stream_id=29996 latency=0.687987 ms (tx_ts=157878465697760, rx_ts=157878466385747) request_id=297052 zil_blk_id=29996 ccf_commit_seqno=297052 nstreams_done_=7500 config.nstreams=20000 avg_latency=0.7538 ms avg throuhgput (requests/sec) = 86.3361 res=false
*==== INFO ====* req_id_count= 8000 stream_id=31996 latency=0.632404 ms (tx_ts=157884254489672, rx_ts=157884255122076) request_id=316893 zil_blk_id=31996 ccf_commit_seqno=316893 nstreams_done_=8000 config.nstreams=20000 avg_latency=0.7530 ms avg throuhgput (requests/sec) = 86.3386 res=false
*==== INFO ====* req_id_count= 8500 stream_id=33996 latency=0.580976 ms (tx_ts=157890042147536, rx_ts=157890042728512) request_id=336754 zil_blk_id=33996 ccf_commit_seqno=336754 nstreams_done_=8500 config.nstreams=20000 avg_latency=0.7512 ms avg throuhgput (requests/sec) = 86.3417 res=false
*==== INFO ====* req_id_count= 9000 stream_id=35996 latency=0.616142 ms (tx_ts=157895853778150, rx_ts=157895854394292) request_id=356672 zil_blk_id=35996 ccf_commit_seqno=356672 nstreams_done_=9000 config.nstreams=20000 avg_latency=0.7523 ms avg throuhgput (requests/sec) = 86.3245 res=false
*==== INFO ====* req_id_count= 9500 stream_id=37996 latency=0.796380 ms (tx_ts=157901634990726, rx_ts=157901635787106) request_id=376479 zil_blk_id=37996 ccf_commit_seqno=376482 nstreams_done_=9500 config.nstreams=20000 avg_latency=0.7509 ms avg throuhgput (requests/sec) = 86.3329 res=false
*==== INFO ====* req_id_count= 10000 stream_id=39996 latency=0.604280 ms (tx_ts=157907418355817, rx_ts=157907418960097) request_id=396291 zil_blk_id=39996 ccf_commit_seqno=396291 nstreams_done_=10000 config.nstreams=20000 avg_latency=0.7486 ms avg throuhgput (requests/sec) = 86.3391 res=false
*==== INFO ====* req_id_count= 10500 stream_id=41996 latency=0.882731 ms (tx_ts=157913218754337, rx_ts=157913219637068) request_id=416217 zil_blk_id=41996 ccf_commit_seqno=416219 nstreams_done_=10500 config.nstreams=20000 avg_latency=0.7490 ms avg throuhgput (requests/sec) = 86.3324 res=false
*==== INFO ====* req_id_count= 11000 stream_id=43996 latency=0.741517 ms (tx_ts=157919025015610, rx_ts=157919025757127) request_id=436064 zil_blk_id=43996 ccf_commit_seqno=436067 nstreams_done_=11000 config.nstreams=20000 avg_latency=0.7500 ms avg throuhgput (requests/sec) = 86.3225 res=false
*==== INFO ====* req_id_count= 11500 stream_id=45996 latency=0.869747 ms (tx_ts=157924813574791, rx_ts=157924814444538) request_id=455925 zil_blk_id=45996 ccf_commit_seqno=455925 nstreams_done_=11500 config.nstreams=20000 avg_latency=0.7505 ms avg throuhgput (requests/sec) = 86.3248 res=false
*==== INFO ====* req_id_count= 12000 stream_id=47996 latency=0.683779 ms (tx_ts=157930603370141, rx_ts=157930604053920) request_id=475763 zil_blk_id=47996 ccf_commit_seqno=475763 nstreams_done_=12000 config.nstreams=20000 avg_latency=0.7499 ms avg throuhgput (requests/sec) = 86.3263 res=false
*==== INFO ====* req_id_count= 12500 stream_id=49996 latency=0.653803 ms (tx_ts=157936386533454, rx_ts=157936387187257) request_id=495628 zil_blk_id=49996 ccf_commit_seqno=495628 nstreams_done_=12500 config.nstreams=20000 avg_latency=0.7494 ms avg throuhgput (requests/sec) = 86.3316 res=false
*==== INFO ====* req_id_count= 13000 stream_id=51996 latency=0.767877 ms (tx_ts=157942177747141, rx_ts=157942178515018) request_id=515487 zil_blk_id=51996 ccf_commit_seqno=515489 nstreams_done_=13000 config.nstreams=20000 avg_latency=0.7494 ms avg throuhgput (requests/sec) = 86.3318 res=false
*==== INFO ====* req_id_count= 13500 stream_id=53996 latency=0.690171 ms (tx_ts=157947967995173, rx_ts=157947968685344) request_id=535302 zil_blk_id=53996 ccf_commit_seqno=535303 nstreams_done_=13500 config.nstreams=20000 avg_latency=0.7499 ms avg throuhgput (requests/sec) = 86.3326 res=false
*==== INFO ====* req_id_count= 14000 stream_id=55996 latency=0.661427 ms (tx_ts=157953746299717, rx_ts=157953746961144) request_id=555138 zil_blk_id=55996 ccf_commit_seqno=555138 nstreams_done_=14000 config.nstreams=20000 avg_latency=0.7488 ms avg throuhgput (requests/sec) = 86.3396 res=false
*==== INFO ====* req_id_count= 14500 stream_id=57996 latency=0.862373 ms (tx_ts=157959530555141, rx_ts=157959531417514) request_id=574967 zil_blk_id=57996 ccf_commit_seqno=574968 nstreams_done_=14500 config.nstreams=20000 avg_latency=0.7487 ms avg throuhgput (requests/sec) = 86.3430 res=false
*==== INFO ====* req_id_count= 15000 stream_id=59996 latency=0.804434 ms (tx_ts=157965310953878, rx_ts=157965311758312) request_id=594786 zil_blk_id=59996 ccf_commit_seqno=594786 nstreams_done_=15000 config.nstreams=20000 avg_latency=0.7477 ms avg throuhgput (requests/sec) = 86.3483 res=false
*==== INFO ====* req_id_count= 15500 stream_id=61996 latency=0.598891 ms (tx_ts=157971097944458, rx_ts=157971098543349) request_id=614634 zil_blk_id=61996 ccf_commit_seqno=614634 nstreams_done_=15500 config.nstreams=20000 avg_latency=0.7473 ms avg throuhgput (requests/sec) = 86.3501 res=false
*==== INFO ====* req_id_count= 16000 stream_id=63996 latency=0.616764 ms (tx_ts=157976884587645, rx_ts=157976885204409) request_id=634500 zil_blk_id=63996 ccf_commit_seqno=634500 nstreams_done_=16000 config.nstreams=20000 avg_latency=0.7473 ms avg throuhgput (requests/sec) = 86.3518 res=false
*==== INFO ====* req_id_count= 16500 stream_id=65996 latency=0.589763 ms (tx_ts=157982672685381, rx_ts=157982673275144) request_id=654403 zil_blk_id=65996 ccf_commit_seqno=654403 nstreams_done_=16500 config.nstreams=20000 avg_latency=0.7470 ms avg throuhgput (requests/sec) = 86.3528 res=false
*==== INFO ====* req_id_count= 17000 stream_id=67996 latency=0.625019 ms (tx_ts=157988486137533, rx_ts=157988486762552) request_id=674366 zil_blk_id=67996 ccf_commit_seqno=674366 nstreams_done_=17000 config.nstreams=20000 avg_latency=0.7473 ms avg throuhgput (requests/sec) = 86.3426 res=false
*==== INFO ====* req_id_count= 17500 stream_id=69996 latency=0.628365 ms (tx_ts=157994270445177, rx_ts=157994271073542) request_id=694255 zil_blk_id=69996 ccf_commit_seqno=694255 nstreams_done_=17500 config.nstreams=20000 avg_latency=0.7477 ms avg throuhgput (requests/sec) = 86.3454 res=false
*==== INFO ====* req_id_count= 18000 stream_id=71996 latency=0.578832 ms (tx_ts=158000044970909, rx_ts=158000045549741) request_id=714085 zil_blk_id=71996 ccf_commit_seqno=714085 nstreams_done_=18000 config.nstreams=20000 avg_latency=0.7474 ms avg throuhgput (requests/sec) = 86.3521 res=false
*==== INFO ====* req_id_count= 18500 stream_id=73996 latency=0.678790 ms (tx_ts=158005814884967, rx_ts=158005815563757) request_id=733919 zil_blk_id=73996 ccf_commit_seqno=733919 nstreams_done_=18500 config.nstreams=20000 avg_latency=0.7475 ms avg throuhgput (requests/sec) = 86.3602 res=false
*==== INFO ====* req_id_count= 19000 stream_id=75996 latency=0.781043 ms (tx_ts=158011603312824, rx_ts=158011604093867) request_id=753822 zil_blk_id=75996 ccf_commit_seqno=753823 nstreams_done_=19000 config.nstreams=20000 avg_latency=0.7472 ms avg throuhgput (requests/sec) = 86.3607 res=false
*==== INFO ====* req_id_count= 19500 stream_id=77996 latency=0.688628 ms (tx_ts=158017377378065, rx_ts=158017378066693) request_id=773651 zil_blk_id=77996 ccf_commit_seqno=773651 nstreams_done_=19500 config.nstreams=20000 avg_latency=0.7468 ms avg throuhgput (requests/sec) = 86.3667 res=false
*==== INFO ====* http_end_stream ALL streams done! nstreams_done_=20000 avg_latency=0.7469 msreq_id_count= 20000
*==== INFO ====* req_id_count= 20000 stream_id=79996 latency=0.606184 ms (tx_ts=158023145202281, rx_ts=158023145808465) request_id=792278 zil_blk_id=79996 ccf_commit_seqno=792278 nstreams_done_=20000 config.nstreams=20000 avg_latency=0.7469 ms avg throuhgput (requests/sec) = 86.3747 res=true
