Uniform: 334926 942769 858963 248345 193202 
Exponential: -2147483648 -2147483648 -2147483648 -2147483648 -2147483648 
Truncated Normal: 864134 533753 444093 613854 108421 
*==== INFO ====* req_id_count= 500 stream_id=1996 latency=0.654826 ms (tx_ts=157797401562292, rx_ts=157797402217118) request_id=19347 zil_blk_id=1996 ccf_commit_seqno=19347 nstreams_done_=500 config.nstreams=20000 avg_latency=0.7422 ms avg throuhgput (requests/sec) = 86.0369 res=false
*==== INFO ====* req_id_count= 1000 stream_id=3996 latency=0.888573 ms (tx_ts=157803201385074, rx_ts=157803202273647) request_id=39125 zil_blk_id=3996 ccf_commit_seqno=39129 nstreams_done_=1000 config.nstreams=20000 avg_latency=0.7433 ms avg throuhgput (requests/sec) = 86.1214 res=false
*==== INFO ====* req_id_count= 1500 stream_id=5996 latency=0.638355 ms (tx_ts=157808974830132, rx_ts=157808975468487) request_id=58851 zil_blk_id=5996 ccf_commit_seqno=58851 nstreams_done_=1500 config.nstreams=20000 avg_latency=0.7450 ms avg throuhgput (requests/sec) = 86.2827 res=false
*==== INFO ====* req_id_count= 2000 stream_id=7996 latency=0.655998 ms (tx_ts=157814762159248, rx_ts=157814762815246) request_id=78687 zil_blk_id=7996 ccf_commit_seqno=78687 nstreams_done_=2000 config.nstreams=20000 avg_latency=0.7409 ms avg throuhgput (requests/sec) = 86.3109 res=false
*==== INFO ====* req_id_count= 2500 stream_id=9996 latency=0.745275 ms (tx_ts=157820571050969, rx_ts=157820571796244) request_id=98573 zil_blk_id=9996 ccf_commit_seqno=98574 nstreams_done_=2500 config.nstreams=20000 avg_latency=0.7412 ms avg throuhgput (requests/sec) = 86.2633 res=false
*==== INFO ====* req_id_count= 3000 stream_id=11996 latency=0.670675 ms (tx_ts=157826360267251, rx_ts=157826360937926) request_id=118402 zil_blk_id=11996 ccf_commit_seqno=118402 nstreams_done_=3000 config.nstreams=20000 avg_latency=0.7426 ms avg throuhgput (requests/sec) = 86.2808 res=false
*==== INFO ====* req_id_count= 3500 stream_id=13996 latency=0.661127 ms (tx_ts=157832161302516, rx_ts=157832161963643) request_id=138256 zil_blk_id=13996 ccf_commit_seqno=138256 nstreams_done_=3500 config.nstreams=20000 avg_latency=0.7412 ms avg throuhgput (requests/sec) = 86.2681 res=false
*==== INFO ====* req_id_count= 4000 stream_id=15996 latency=0.804726 ms (tx_ts=157837934231303, rx_ts=157837935036029) request_id=158019 zil_blk_id=15996 ccf_commit_seqno=158019 nstreams_done_=4000 config.nstreams=20000 avg_latency=0.7414 ms avg throuhgput (requests/sec) = 86.3106 res=false
*==== INFO ====* req_id_count= 4500 stream_id=17996 latency=0.635038 ms (tx_ts=157843684399564, rx_ts=157843685034602) request_id=177740 zil_blk_id=17996 ccf_commit_seqno=177740 nstreams_done_=4500 config.nstreams=20000 avg_latency=0.7415 ms avg throuhgput (requests/sec) = 86.3819 res=false
*==== INFO ====* req_id_count= 5000 stream_id=19996 latency=0.880126 ms (tx_ts=157849451681793, rx_ts=157849452561919) request_id=197506 zil_blk_id=19996 ccf_commit_seqno=197506 nstreams_done_=5000 config.nstreams=20000 avg_latency=0.7426 ms avg throuhgput (requests/sec) = 86.4128 res=false
*==== INFO ====* req_id_count= 5500 stream_id=21996 latency=0.772796 ms (tx_ts=157855228017559, rx_ts=157855228790355) request_id=217313 zil_blk_id=21996 ccf_commit_seqno=217313 nstreams_done_=5500 config.nstreams=20000 avg_latency=0.7425 ms avg throuhgput (requests/sec) = 86.4263 res=false
*==== INFO ====* req_id_count= 6000 stream_id=23996 latency=0.859028 ms (tx_ts=157861018917434, rx_ts=157861019776462) request_id=237202 zil_blk_id=23996 ccf_commit_seqno=237202 nstreams_done_=6000 config.nstreams=20000 avg_latency=0.7437 ms avg throuhgput (requests/sec) = 86.4192 res=false
*==== INFO ====* req_id_count= 6500 stream_id=25996 latency=0.666267 ms (tx_ts=157866788294793, rx_ts=157866788961060) request_id=256981 zil_blk_id=25996 ccf_commit_seqno=256981 nstreams_done_=6500 config.nstreams=20000 avg_latency=0.7442 ms avg throuhgput (requests/sec) = 86.4382 res=false
*==== INFO ====* req_id_count= 7000 stream_id=27996 latency=0.819261 ms (tx_ts=157872558724966, rx_ts=157872559544227) request_id=276794 zil_blk_id=27996 ccf_commit_seqno=276794 nstreams_done_=7000 config.nstreams=20000 avg_latency=0.7446 ms avg throuhgput (requests/sec) = 86.4531 res=false
*==== INFO ====* req_id_count= 7500 stream_id=29996 latency=0.873601 ms (tx_ts=157878326262713, rx_ts=157878327136314) request_id=296574 zil_blk_id=29996 ccf_commit_seqno=296576 nstreams_done_=7500 config.nstreams=20000 avg_latency=0.7459 ms avg throuhgput (requests/sec) = 86.4689 res=false
*==== INFO ====* req_id_count= 8000 stream_id=31996 latency=0.729314 ms (tx_ts=157884115192332, rx_ts=157884115921646) request_id=316416 zil_blk_id=31996 ccf_commit_seqno=316416 nstreams_done_=8000 config.nstreams=20000 avg_latency=0.7476 ms avg throuhgput (requests/sec) = 86.4630 res=false
*==== INFO ====* req_id_count= 8500 stream_id=33996 latency=0.899684 ms (tx_ts=157889874997713, rx_ts=157889875897397) request_id=336176 zil_blk_id=33996 ccf_commit_seqno=336177 nstreams_done_=8500 config.nstreams=20000 avg_latency=0.7464 ms avg throuhgput (requests/sec) = 86.4831 res=false
*==== INFO ====* req_id_count= 9000 stream_id=35996 latency=0.593740 ms (tx_ts=157895645472699, rx_ts=157895646066439) request_id=355960 zil_blk_id=35996 ccf_commit_seqno=355960 nstreams_done_=9000 config.nstreams=20000 avg_latency=0.7445 ms avg throuhgput (requests/sec) = 86.4925 res=false
*==== INFO ====* req_id_count= 9500 stream_id=37996 latency=0.824843 ms (tx_ts=157901426829809, rx_ts=157901427654652) request_id=375772 zil_blk_id=37996 ccf_commit_seqno=375772 nstreams_done_=9500 config.nstreams=20000 avg_latency=0.7444 ms avg throuhgput (requests/sec) = 86.4919 res=false
*==== INFO ====* req_id_count= 10000 stream_id=39996 latency=0.606094 ms (tx_ts=157907209478394, rx_ts=157907210084488) request_id=395579 zil_blk_id=39996 ccf_commit_seqno=395579 nstreams_done_=10000 config.nstreams=20000 avg_latency=0.7434 ms avg throuhgput (requests/sec) = 86.4907 res=false
*==== INFO ====* req_id_count= 10500 stream_id=41996 latency=0.920351 ms (tx_ts=157913003153569, rx_ts=157913004073920) request_id=415475 zil_blk_id=41996 ccf_commit_seqno=415477 nstreams_done_=10500 config.nstreams=20000 avg_latency=0.7434 ms avg throuhgput (requests/sec) = 86.4815 res=false
*==== INFO ====* req_id_count= 11000 stream_id=43996 latency=0.843668 ms (tx_ts=157918781968435, rx_ts=157918782812103) request_id=435237 zil_blk_id=43996 ccf_commit_seqno=435238 nstreams_done_=11000 config.nstreams=20000 avg_latency=0.7441 ms avg throuhgput (requests/sec) = 86.4834 res=false
*==== INFO ====* req_id_count= 11500 stream_id=45996 latency=0.668441 ms (tx_ts=157924564570530, rx_ts=157924565238971) request_id=455068 zil_blk_id=45996 ccf_commit_seqno=455068 nstreams_done_=11500 config.nstreams=20000 avg_latency=0.7452 ms avg throuhgput (requests/sec) = 86.4828 res=false
*==== INFO ====* req_id_count= 12000 stream_id=47996 latency=0.610856 ms (tx_ts=157930344745572, rx_ts=157930345356428) request_id=474880 zil_blk_id=47996 ccf_commit_seqno=474880 nstreams_done_=12000 config.nstreams=20000 avg_latency=0.7457 ms avg throuhgput (requests/sec) = 86.4836 res=false
*==== INFO ====* req_id_count= 12500 stream_id=49996 latency=0.631020 ms (tx_ts=157936113174822, rx_ts=157936113805842) request_id=494686 zil_blk_id=49996 ccf_commit_seqno=494686 nstreams_done_=12500 config.nstreams=20000 avg_latency=0.7451 ms avg throuhgput (requests/sec) = 86.4914 res=false
*==== INFO ====* req_id_count= 13000 stream_id=51996 latency=0.701363 ms (tx_ts=157941889584102, rx_ts=157941890285465) request_id=514499 zil_blk_id=51996 ccf_commit_seqno=514499 nstreams_done_=13000 config.nstreams=20000 avg_latency=0.7451 ms avg throuhgput (requests/sec) = 86.4940 res=false
*==== INFO ====* req_id_count= 13500 stream_id=53996 latency=0.594082 ms (tx_ts=157947687936850, rx_ts=157947688530932) request_id=534338 zil_blk_id=53996 ccf_commit_seqno=534338 nstreams_done_=13500 config.nstreams=20000 avg_latency=0.7462 ms avg throuhgput (requests/sec) = 86.4843 res=false
*==== INFO ====* req_id_count= 14000 stream_id=55996 latency=0.592068 ms (tx_ts=157953455617386, rx_ts=157953456209454) request_id=554139 zil_blk_id=55996 ccf_commit_seqno=554139 nstreams_done_=14000 config.nstreams=20000 avg_latency=0.7458 ms avg throuhgput (requests/sec) = 86.4916 res=false
*==== INFO ====* req_id_count= 14500 stream_id=57996 latency=0.863435 ms (tx_ts=157959258250455, rx_ts=157959259113890) request_id=574028 zil_blk_id=57996 ccf_commit_seqno=574028 nstreams_done_=14500 config.nstreams=20000 avg_latency=0.7453 ms avg throuhgput (requests/sec) = 86.4802 res=false
*==== INFO ====* req_id_count= 15000 stream_id=59996 latency=0.651128 ms (tx_ts=157965032156787, rx_ts=157965032807915) request_id=593830 zil_blk_id=59996 ccf_commit_seqno=593830 nstreams_done_=15000 config.nstreams=20000 avg_latency=0.7446 ms avg throuhgput (requests/sec) = 86.4842 res=false
*==== INFO ====* req_id_count= 15500 stream_id=61996 latency=0.688107 ms (tx_ts=157970771661199, rx_ts=157970772349306) request_id=613512 zil_blk_id=61996 ccf_commit_seqno=613512 nstreams_done_=15500 config.nstreams=20000 avg_latency=0.7441 ms avg throuhgput (requests/sec) = 86.5044 res=false
*==== INFO ====* req_id_count= 16000 stream_id=63996 latency=0.699549 ms (tx_ts=157976547774074, rx_ts=157976548473623) request_id=633345 zil_blk_id=63996 ccf_commit_seqno=633346 nstreams_done_=16000 config.nstreams=20000 avg_latency=0.7438 ms avg throuhgput (requests/sec) = 86.5063 res=false
*==== INFO ====* req_id_count= 16500 stream_id=65996 latency=0.870047 ms (tx_ts=157982325366088, rx_ts=157982326236135) request_id=653201 zil_blk_id=65996 ccf_commit_seqno=653203 nstreams_done_=16500 config.nstreams=20000 avg_latency=0.7435 ms avg throuhgput (requests/sec) = 86.5072 res=false
*==== INFO ====* req_id_count= 17000 stream_id=67996 latency=0.603499 ms (tx_ts=157988087489588, rx_ts=157988088093087) request_id=673001 zil_blk_id=67996 ccf_commit_seqno=673001 nstreams_done_=17000 config.nstreams=20000 avg_latency=0.7433 ms avg throuhgput (requests/sec) = 86.5152 res=false
*==== INFO ====* req_id_count= 17500 stream_id=69996 latency=0.621563 ms (tx_ts=157993863355319, rx_ts=157993863976882) request_id=692860 zil_blk_id=69996 ccf_commit_seqno=692860 nstreams_done_=17500 config.nstreams=20000 avg_latency=0.7426 ms avg throuhgput (requests/sec) = 86.5166 res=false
*==== INFO ====* req_id_count= 18000 stream_id=71996 latency=0.776973 ms (tx_ts=157999627149324, rx_ts=157999627926297) request_id=712649 zil_blk_id=71996 ccf_commit_seqno=712650 nstreams_done_=18000 config.nstreams=20000 avg_latency=0.7422 ms avg throuhgput (requests/sec) = 86.5230 res=false
*==== INFO ====* req_id_count= 18500 stream_id=73996 latency=0.752578 ms (tx_ts=158005388907563, rx_ts=158005389660141) request_id=732455 zil_blk_id=73996 ccf_commit_seqno=732456 nstreams_done_=18500 config.nstreams=20000 avg_latency=0.7429 ms avg throuhgput (requests/sec) = 86.5299 res=false
*==== INFO ====* req_id_count= 19000 stream_id=75996 latency=0.628405 ms (tx_ts=158011150170321, rx_ts=158011150798726) request_id=752256 zil_blk_id=75996 ccf_commit_seqno=752256 nstreams_done_=19000 config.nstreams=20000 avg_latency=0.7433 ms avg throuhgput (requests/sec) = 86.5367 res=false
*==== INFO ====* req_id_count= 19500 stream_id=77996 latency=0.614500 ms (tx_ts=158016899655138, rx_ts=158016900269638) request_id=772012 zil_blk_id=77996 ccf_commit_seqno=772012 nstreams_done_=19500 config.nstreams=20000 avg_latency=0.7432 ms avg throuhgput (requests/sec) = 86.5476 res=false
*==== INFO ====* http_end_stream ALL streams done! nstreams_done_=20000 avg_latency=0.7429 msreq_id_count= 20000
*==== INFO ====* req_id_count= 20000 stream_id=79996 latency=0.629938 ms (tx_ts=158022663236160, rx_ts=158022663866098) request_id=790923 zil_blk_id=79996 ccf_commit_seqno=790923 nstreams_done_=20000 config.nstreams=20000 avg_latency=0.7429 ms avg throuhgput (requests/sec) = 86.5527 res=true
