Uniform: 830668 889210 622899 880955 924307 
Exponential: -2147483648 -2147483648 -2147483648 -2147483648 -2147483648 
Truncated Normal: 435069 728892 26287 272004 481912 
*==== INFO ====* req_id_count= 500 stream_id=1996 latency=0.837499 ms (tx_ts=157797467451304, rx_ts=157797468288803) request_id=19568 zil_blk_id=1996 ccf_commit_seqno=19569 nstreams_done_=500 config.nstreams=20000 avg_latency=0.8480 ms avg throuhgput (requests/sec) = 85.2545 res=false
*==== INFO ====* req_id_count= 1000 stream_id=3996 latency=1.035067 ms (tx_ts=157803303265196, rx_ts=157803304300263) request_id=39472 zil_blk_id=3996 ccf_commit_seqno=39474 nstreams_done_=1000 config.nstreams=20000 avg_latency=0.8575 ms avg throuhgput (requests/sec) = 85.4642 res=false
*==== INFO ====* req_id_count= 1500 stream_id=5996 latency=0.811859 ms (tx_ts=157809163168337, rx_ts=157809163980196) request_id=59493 zil_blk_id=5996 ccf_commit_seqno=59493 nstreams_done_=1500 config.nstreams=20000 avg_latency=0.8594 ms avg throuhgput (requests/sec) = 85.4190 res=false
*==== INFO ====* req_id_count= 2000 stream_id=7996 latency=0.877833 ms (tx_ts=157814992822991, rx_ts=157814993700824) request_id=79470 zil_blk_id=7996 ccf_commit_seqno=79470 nstreams_done_=2000 config.nstreams=20000 avg_latency=0.8533 ms avg throuhgput (requests/sec) = 85.5059 res=false
*==== INFO ====* req_id_count= 2500 stream_id=9996 latency=0.730437 ms (tx_ts=157820805976433, rx_ts=157820806706870) request_id=99375 zil_blk_id=9996 ccf_commit_seqno=99375 nstreams_done_=2500 config.nstreams=20000 avg_latency=0.8507 ms avg throuhgput (requests/sec) = 85.6070 res=false
*==== INFO ====* req_id_count= 3000 stream_id=11996 latency=0.975636 ms (tx_ts=157826666103147, rx_ts=157826667078783) request_id=119439 zil_blk_id=11996 ccf_commit_seqno=119439 nstreams_done_=3000 config.nstreams=20000 avg_latency=0.8529 ms avg throuhgput (requests/sec) = 85.5588 res=false
*==== INFO ====* req_id_count= 3500 stream_id=13996 latency=0.909119 ms (tx_ts=157832514026501, rx_ts=157832514935620) request_id=139453 zil_blk_id=13996 ccf_commit_seqno=139455 nstreams_done_=3500 config.nstreams=20000 avg_latency=0.8573 ms avg throuhgput (requests/sec) = 85.5506 res=false
*==== INFO ====* req_id_count= 4000 stream_id=15996 latency=0.731298 ms (tx_ts=157838348749859, rx_ts=157838349481157) request_id=159435 zil_blk_id=15996 ccf_commit_seqno=159435 nstreams_done_=4000 config.nstreams=20000 avg_latency=0.8565 ms avg throuhgput (requests/sec) = 85.5688 res=false
*==== INFO ====* req_id_count= 4500 stream_id=17996 latency=0.840242 ms (tx_ts=157844188871629, rx_ts=157844189711871) request_id=179467 zil_blk_id=17996 ccf_commit_seqno=179467 nstreams_done_=4500 config.nstreams=20000 avg_latency=0.8570 ms avg throuhgput (requests/sec) = 85.5738 res=false
*==== INFO ====* req_id_count= 5000 stream_id=19996 latency=0.759521 ms (tx_ts=157850041969794, rx_ts=157850042729315) request_id=199527 zil_blk_id=19996 ccf_commit_seqno=199527 nstreams_done_=5000 config.nstreams=20000 avg_latency=0.8583 ms avg throuhgput (requests/sec) = 85.5590 res=false
*==== INFO ====* req_id_count= 5500 stream_id=21996 latency=0.821887 ms (tx_ts=157855869346475, rx_ts=157855870168362) request_id=219511 zil_blk_id=21996 ccf_commit_seqno=219512 nstreams_done_=5500 config.nstreams=20000 avg_latency=0.8570 ms avg throuhgput (requests/sec) = 85.5809 res=false
*==== INFO ====* req_id_count= 6000 stream_id=23996 latency=0.770621 ms (tx_ts=157861677730216, rx_ts=157861678500837) request_id=239458 zil_blk_id=23996 ccf_commit_seqno=239458 nstreams_done_=6000 config.nstreams=20000 avg_latency=0.8552 ms avg throuhgput (requests/sec) = 85.6225 res=false
*==== INFO ====* req_id_count= 6500 stream_id=25996 latency=0.875759 ms (tx_ts=157867492442797, rx_ts=157867493318556) request_id=259396 zil_blk_id=25996 ccf_commit_seqno=259397 nstreams_done_=6500 config.nstreams=20000 avg_latency=0.8547 ms avg throuhgput (requests/sec) = 85.6505 res=false
*==== INFO ====* req_id_count= 7000 stream_id=27996 latency=0.933737 ms (tx_ts=157873327343996, rx_ts=157873328277733) request_id=279431 zil_blk_id=27996 ccf_commit_seqno=279433 nstreams_done_=7000 config.nstreams=20000 avg_latency=0.8539 ms avg throuhgput (requests/sec) = 85.6533 res=false
*==== INFO ====* req_id_count= 7500 stream_id=29996 latency=0.868953 ms (tx_ts=157879156293252, rx_ts=157879157162205) request_id=299417 zil_blk_id=29996 ccf_commit_seqno=299419 nstreams_done_=7500 config.nstreams=20000 avg_latency=0.8539 ms avg throuhgput (requests/sec) = 85.6617 res=false
*==== INFO ====* req_id_count= 8000 stream_id=31996 latency=0.706672 ms (tx_ts=157884962575513, rx_ts=157884963282185) request_id=319324 zil_blk_id=31996 ccf_commit_seqno=319324 nstreams_done_=8000 config.nstreams=20000 avg_latency=0.8529 ms avg throuhgput (requests/sec) = 85.6900 res=false
*==== INFO ====* req_id_count= 8500 stream_id=33996 latency=0.995562 ms (tx_ts=157890772837173, rx_ts=157890773832735) request_id=339260 zil_blk_id=33996 ccf_commit_seqno=339260 nstreams_done_=8500 config.nstreams=20000 avg_latency=0.8536 ms avg throuhgput (requests/sec) = 85.7111 res=false
*==== INFO ====* req_id_count= 9000 stream_id=35996 latency=0.680453 ms (tx_ts=157896582263732, rx_ts=157896582944185) request_id=359169 zil_blk_id=35996 ccf_commit_seqno=359169 nstreams_done_=9000 config.nstreams=20000 avg_latency=0.8542 ms avg throuhgput (requests/sec) = 85.7311 res=false
*==== INFO ====* req_id_count= 9500 stream_id=37996 latency=0.741183 ms (tx_ts=157902390671469, rx_ts=157902391412652) request_id=379073 zil_blk_id=37996 ccf_commit_seqno=379073 nstreams_done_=9500 config.nstreams=20000 avg_latency=0.8537 ms avg throuhgput (requests/sec) = 85.7494 res=false
*==== INFO ====* req_id_count= 10000 stream_id=39996 latency=0.846314 ms (tx_ts=157908214125118, rx_ts=157908214971432) request_id=399018 zil_blk_id=39996 ccf_commit_seqno=399020 nstreams_done_=10000 config.nstreams=20000 avg_latency=0.8544 ms avg throuhgput (requests/sec) = 85.7549 res=false
*==== INFO ====* req_id_count= 10500 stream_id=41996 latency=1.525828 ms (tx_ts=157914002507095, rx_ts=157914004032923) request_id=418892 zil_blk_id=41996 ccf_commit_seqno=418899 nstreams_done_=10500 config.nstreams=20000 avg_latency=0.8559 ms avg throuhgput (requests/sec) = 85.7839 res=false
*==== INFO ====* req_id_count= 11000 stream_id=43996 latency=0.701428 ms (tx_ts=157919836665978, rx_ts=157919837367406) request_id=438830 zil_blk_id=43996 ccf_commit_seqno=438830 nstreams_done_=11000 config.nstreams=20000 avg_latency=0.8573 ms avg throuhgput (requests/sec) = 85.7808 res=false
*==== INFO ====* req_id_count= 11500 stream_id=45996 latency=0.707223 ms (tx_ts=157925657568680, rx_ts=157925658275903) request_id=458819 zil_blk_id=45996 ccf_commit_seqno=458819 nstreams_done_=11500 config.nstreams=20000 avg_latency=0.8572 ms avg throuhgput (requests/sec) = 85.7858 res=false
*==== INFO ====* req_id_count= 12000 stream_id=47996 latency=0.730316 ms (tx_ts=157931460291688, rx_ts=157931461022004) request_id=478709 zil_blk_id=47996 ccf_commit_seqno=478709 nstreams_done_=12000 config.nstreams=20000 avg_latency=0.8582 ms avg throuhgput (requests/sec) = 85.8016 res=false
*==== INFO ====* req_id_count= 12500 stream_id=49996 latency=0.779318 ms (tx_ts=157937259451316, rx_ts=157937260230634) request_id=498617 zil_blk_id=49996 ccf_commit_seqno=498617 nstreams_done_=12500 config.nstreams=20000 avg_latency=0.8582 ms avg throuhgput (requests/sec) = 85.8182 res=false
*==== INFO ====* req_id_count= 13000 stream_id=51996 latency=0.766944 ms (tx_ts=157943079337470, rx_ts=157943080104414) request_id=518553 zil_blk_id=51996 ccf_commit_seqno=518553 nstreams_done_=13000 config.nstreams=20000 avg_latency=0.8593 ms avg throuhgput (requests/sec) = 85.8218 res=false
*==== INFO ====* req_id_count= 13500 stream_id=53996 latency=0.880788 ms (tx_ts=157948893331119, rx_ts=157948894211907) request_id=538478 zil_blk_id=53996 ccf_commit_seqno=538480 nstreams_done_=13500 config.nstreams=20000 avg_latency=0.8605 ms avg throuhgput (requests/sec) = 85.8283 res=false
*==== INFO ====* req_id_count= 14000 stream_id=55996 latency=0.682867 ms (tx_ts=157954704735558, rx_ts=157954705418425) request_id=558414 zil_blk_id=55996 ccf_commit_seqno=558414 nstreams_done_=14000 config.nstreams=20000 avg_latency=0.8607 ms avg throuhgput (requests/sec) = 85.8359 res=false
*==== INFO ====* req_id_count= 14500 stream_id=57996 latency=1.067927 ms (tx_ts=157960493322306, rx_ts=157960494390233) request_id=578275 zil_blk_id=57996 ccf_commit_seqno=578276 nstreams_done_=14500 config.nstreams=20000 avg_latency=0.8602 ms avg throuhgput (requests/sec) = 85.8542 res=false
*==== INFO ====* req_id_count= 15000 stream_id=59996 latency=0.814303 ms (tx_ts=157966308907515, rx_ts=157966309721818) request_id=598214 zil_blk_id=59996 ccf_commit_seqno=598215 nstreams_done_=15000 config.nstreams=20000 avg_latency=0.8595 ms avg throuhgput (requests/sec) = 85.8584 res=false
*==== INFO ====* req_id_count= 15500 stream_id=61996 latency=0.706311 ms (tx_ts=157972126997776, rx_ts=157972127704087) request_id=618144 zil_blk_id=61996 ccf_commit_seqno=618144 nstreams_done_=15500 config.nstreams=20000 avg_latency=0.8595 ms avg throuhgput (requests/sec) = 85.8611 res=false
*==== INFO ====* req_id_count= 16000 stream_id=63996 latency=0.818281 ms (tx_ts=157977937756809, rx_ts=157977938575090) request_id=638112 zil_blk_id=63996 ccf_commit_seqno=638112 nstreams_done_=16000 config.nstreams=20000 avg_latency=0.8593 ms avg throuhgput (requests/sec) = 85.8668 res=false
*==== INFO ====* req_id_count= 16500 stream_id=65996 latency=0.886168 ms (tx_ts=157983736811134, rx_ts=157983737697302) request_id=658051 zil_blk_id=65996 ccf_commit_seqno=658052 nstreams_done_=16500 config.nstreams=20000 avg_latency=0.8599 ms avg throuhgput (requests/sec) = 85.8775 res=false
*==== INFO ====* req_id_count= 17000 stream_id=67996 latency=0.954273 ms (tx_ts=157989545761457, rx_ts=157989546715730) request_id=678012 zil_blk_id=67996 ccf_commit_seqno=678012 nstreams_done_=17000 config.nstreams=20000 avg_latency=0.8596 ms avg throuhgput (requests/sec) = 85.8832 res=false
*==== INFO ====* req_id_count= 17500 stream_id=69996 latency=0.681044 ms (tx_ts=157995357735855, rx_ts=157995358416899) request_id=697988 zil_blk_id=69996 ccf_commit_seqno=697988 nstreams_done_=17500 config.nstreams=20000 avg_latency=0.8594 ms avg throuhgput (requests/sec) = 85.8875 res=false
*==== INFO ====* req_id_count= 18000 stream_id=71996 latency=0.948043 ms (tx_ts=158001164779675, rx_ts=158001165727718) request_id=717935 zil_blk_id=71996 ccf_commit_seqno=717938 nstreams_done_=18000 config.nstreams=20000 avg_latency=0.8596 ms avg throuhgput (requests/sec) = 85.8933 res=false
*==== INFO ====* req_id_count= 18500 stream_id=73996 latency=0.882421 ms (tx_ts=158006974018139, rx_ts=158006974900560) request_id=737905 zil_blk_id=73996 ccf_commit_seqno=737905 nstreams_done_=18500 config.nstreams=20000 avg_latency=0.8593 ms avg throuhgput (requests/sec) = 85.8981 res=false
*==== INFO ====* req_id_count= 19000 stream_id=75996 latency=0.729206 ms (tx_ts=158012791295181, rx_ts=158012792024387) request_id=757901 zil_blk_id=75996 ccf_commit_seqno=757901 nstreams_done_=19000 config.nstreams=20000 avg_latency=0.8589 ms avg throuhgput (requests/sec) = 85.8996 res=false
*==== INFO ====* req_id_count= 19500 stream_id=77996 latency=0.868089 ms (tx_ts=158018587890571, rx_ts=158018588758660) request_id=777803 zil_blk_id=77996 ccf_commit_seqno=777803 nstreams_done_=19500 config.nstreams=20000 avg_latency=0.8585 ms avg throuhgput (requests/sec) = 85.9087 res=false
*==== INFO ====* http_end_stream ALL streams done! nstreams_done_=20000 avg_latency=0.8582 msreq_id_count= 20000
*==== INFO ====* req_id_count= 20000 stream_id=79996 latency=0.717572 ms (tx_ts=158024413018632, rx_ts=158024413736204) request_id=795219 zil_blk_id=79996 ccf_commit_seqno=795219 nstreams_done_=20000 config.nstreams=20000 avg_latency=0.8582 ms avg throuhgput (requests/sec) = 85.9069 res=true
