Uniform: 956096 970578 456962 940084 959729 
Exponential: -2147483648 -2147483648 -2147483648 -2147483648 -2147483648 
Truncated Normal: 267801 277022 486883 613239 305851 
*==== INFO ====* req_id_count= 500 stream_id=1996 latency=0.881049 ms (tx_ts=157797533726882, rx_ts=157797534607931) request_id=19782 zil_blk_id=1996 ccf_commit_seqno=19783 nstreams_done_=500 config.nstreams=20000 avg_latency=0.9049 ms avg throuhgput (requests/sec) = 84.1828 res=false
*==== INFO ====* req_id_count= 1000 stream_id=3996 latency=0.674512 ms (tx_ts=157803487342098, rx_ts=157803488016610) request_id=40075 zil_blk_id=3996 ccf_commit_seqno=40075 nstreams_done_=1000 config.nstreams=20000 avg_latency=0.9031 ms avg throuhgput (requests/sec) = 84.0840 res=false
*==== INFO ====* req_id_count= 1500 stream_id=5996 latency=0.942804 ms (tx_ts=157809437346035, rx_ts=157809438288839) request_id=60412 zil_blk_id=5996 ccf_commit_seqno=60413 nstreams_done_=1500 config.nstreams=20000 avg_latency=0.8939 ms avg throuhgput (requests/sec) = 84.0659 res=false
*==== INFO ====* req_id_count= 2000 stream_id=7996 latency=1.006834 ms (tx_ts=157815340023476, rx_ts=157815341030310) request_id=80645 zil_blk_id=7996 ccf_commit_seqno=80645 nstreams_done_=2000 config.nstreams=20000 avg_latency=0.8826 ms avg throuhgput (requests/sec) = 84.2251 res=false
*==== INFO ====* req_id_count= 2500 stream_id=9996 latency=0.819173 ms (tx_ts=157821266123563, rx_ts=157821266942736) request_id=100936 zil_blk_id=9996 ccf_commit_seqno=100936 nstreams_done_=2500 config.nstreams=20000 avg_latency=0.8761 ms avg throuhgput (requests/sec) = 84.2551 res=false
*==== INFO ====* req_id_count= 3000 stream_id=11996 latency=0.784932 ms (tx_ts=157827168549431, rx_ts=157827169334363) request_id=121153 zil_blk_id=11996 ccf_commit_seqno=121154 nstreams_done_=3000 config.nstreams=20000 avg_latency=0.8682 ms avg throuhgput (requests/sec) = 84.3308 res=false
*==== INFO ====* req_id_count= 3500 stream_id=13996 latency=0.854278 ms (tx_ts=157833116678576, rx_ts=157833117532854) request_id=141510 zil_blk_id=13996 ccf_commit_seqno=141510 nstreams_done_=3500 config.nstreams=20000 avg_latency=0.8701 ms avg throuhgput (requests/sec) = 84.2919 res=false
*==== INFO ====* req_id_count= 4000 stream_id=15996 latency=0.695812 ms (tx_ts=157839010566128, rx_ts=157839011261940) request_id=161697 zil_blk_id=15996 ccf_commit_seqno=161697 nstreams_done_=4000 config.nstreams=20000 avg_latency=0.8664 ms avg throuhgput (requests/sec) = 84.3595 res=false
*==== INFO ====* req_id_count= 4500 stream_id=17996 latency=4.549754 ms (tx_ts=157844928403706, rx_ts=157844932953460) request_id=182005 zil_blk_id=17996 ccf_commit_seqno=182007 nstreams_done_=4500 config.nstreams=20000 avg_latency=0.8663 ms avg throuhgput (requests/sec) = 84.3679 res=false
*==== INFO ====* req_id_count= 5000 stream_id=19996 latency=0.866902 ms (tx_ts=157850874377926, rx_ts=157850875244828) request_id=202368 zil_blk_id=19996 ccf_commit_seqno=202368 nstreams_done_=5000 config.nstreams=20000 avg_latency=0.8693 ms avg throuhgput (requests/sec) = 84.3453 res=false
*==== INFO ====* req_id_count= 5500 stream_id=21996 latency=0.821377 ms (tx_ts=157856778060018, rx_ts=157856778881395) request_id=222621 zil_blk_id=21996 ccf_commit_seqno=222622 nstreams_done_=5500 config.nstreams=20000 avg_latency=0.8693 ms avg throuhgput (requests/sec) = 84.3769 res=false
*==== INFO ====* req_id_count= 6000 stream_id=23996 latency=0.901417 ms (tx_ts=157862682731593, rx_ts=157862683633010) request_id=242899 zil_blk_id=23996 ccf_commit_seqno=242899 nstreams_done_=6000 config.nstreams=20000 avg_latency=0.8709 ms avg throuhgput (requests/sec) = 84.4019 res=false
*==== INFO ====* req_id_count= 6500 stream_id=25996 latency=0.676856 ms (tx_ts=157868589276520, rx_ts=157868589953376) request_id=263148 zil_blk_id=25996 ccf_commit_seqno=263148 nstreams_done_=6500 config.nstreams=20000 avg_latency=0.8700 ms avg throuhgput (requests/sec) = 84.4213 res=false
*==== INFO ====* req_id_count= 7000 stream_id=27996 latency=0.817800 ms (tx_ts=157874475421223, rx_ts=157874476239023) request_id=283367 zil_blk_id=27996 ccf_commit_seqno=283367 nstreams_done_=7000 config.nstreams=20000 avg_latency=0.8674 ms avg throuhgput (requests/sec) = 84.4584 res=false
*==== INFO ====* req_id_count= 7500 stream_id=29996 latency=0.686104 ms (tx_ts=157880361082476, rx_ts=157880361768580) request_id=303531 zil_blk_id=29996 ccf_commit_seqno=303531 nstreams_done_=7500 config.nstreams=20000 avg_latency=0.8650 ms avg throuhgput (requests/sec) = 84.4912 res=false
*==== INFO ====* req_id_count= 8000 stream_id=31996 latency=0.685802 ms (tx_ts=157886276367764, rx_ts=157886277053566) request_id=323825 zil_blk_id=31996 ccf_commit_seqno=323826 nstreams_done_=8000 config.nstreams=20000 avg_latency=0.8647 ms avg throuhgput (requests/sec) = 84.4934 res=false
*==== INFO ====* req_id_count= 8500 stream_id=33996 latency=0.847829 ms (tx_ts=157892150856645, rx_ts=157892151704474) request_id=343989 zil_blk_id=33996 ccf_commit_seqno=343990 nstreams_done_=8500 config.nstreams=20000 avg_latency=0.8623 ms avg throuhgput (requests/sec) = 84.5295 res=false
*==== INFO ====* req_id_count= 9000 stream_id=35996 latency=0.667098 ms (tx_ts=157898044897950, rx_ts=157898045565048) request_id=364184 zil_blk_id=35996 ccf_commit_seqno=364184 nstreams_done_=9000 config.nstreams=20000 avg_latency=0.8613 ms avg throuhgput (requests/sec) = 84.5464 res=false
*==== INFO ====* req_id_count= 9500 stream_id=37996 latency=0.722702 ms (tx_ts=157903991464374, rx_ts=157903992187076) request_id=384549 zil_blk_id=37996 ccf_commit_seqno=384549 nstreams_done_=9500 config.nstreams=20000 avg_latency=0.8624 ms avg throuhgput (requests/sec) = 84.5218 res=false
*==== INFO ====* req_id_count= 10000 stream_id=39996 latency=0.845983 ms (tx_ts=157909913091679, rx_ts=157909913937662) request_id=404847 zil_blk_id=39996 ccf_commit_seqno=404847 nstreams_done_=10000 config.nstreams=20000 avg_latency=0.8634 ms avg throuhgput (requests/sec) = 84.5174 res=false
*==== INFO ====* req_id_count= 10500 stream_id=41996 latency=0.886237 ms (tx_ts=157915817442079, rx_ts=157915818328316) request_id=425060 zil_blk_id=41996 ccf_commit_seqno=425060 nstreams_done_=10500 config.nstreams=20000 avg_latency=0.8638 ms avg throuhgput (requests/sec) = 84.5253 res=false
*==== INFO ====* req_id_count= 11000 stream_id=43996 latency=0.670003 ms (tx_ts=157921707251311, rx_ts=157921707921314) request_id=445254 zil_blk_id=43996 ccf_commit_seqno=445254 nstreams_done_=11000 config.nstreams=20000 avg_latency=0.8629 ms avg throuhgput (requests/sec) = 84.5420 res=false
*==== INFO ====* req_id_count= 11500 stream_id=45996 latency=0.924418 ms (tx_ts=157927623324026, rx_ts=157927624248444) request_id=465535 zil_blk_id=45996 ccf_commit_seqno=465536 nstreams_done_=11500 config.nstreams=20000 avg_latency=0.8627 ms avg throuhgput (requests/sec) = 84.5407 res=false
*==== INFO ====* req_id_count= 12000 stream_id=47996 latency=0.672698 ms (tx_ts=157933510890961, rx_ts=157933511563659) request_id=485750 zil_blk_id=47996 ccf_commit_seqno=485750 nstreams_done_=12000 config.nstreams=20000 avg_latency=0.8629 ms avg throuhgput (requests/sec) = 84.5568 res=false
*==== INFO ====* req_id_count= 12500 stream_id=49996 latency=0.708144 ms (tx_ts=157939400779203, rx_ts=157939401487347) request_id=505955 zil_blk_id=49996 ccf_commit_seqno=505956 nstreams_done_=12500 config.nstreams=20000 avg_latency=0.8619 ms avg throuhgput (requests/sec) = 84.5701 res=false
*==== INFO ====* req_id_count= 13000 stream_id=51996 latency=0.761056 ms (tx_ts=157945315433777, rx_ts=157945316194833) request_id=526189 zil_blk_id=51996 ccf_commit_seqno=526189 nstreams_done_=13000 config.nstreams=20000 avg_latency=0.8628 ms avg throuhgput (requests/sec) = 84.5688 res=false
*==== INFO ====* req_id_count= 13500 stream_id=53996 latency=0.672608 ms (tx_ts=157951216377299, rx_ts=157951217049907) request_id=546455 zil_blk_id=53996 ccf_commit_seqno=546455 nstreams_done_=13500 config.nstreams=20000 avg_latency=0.8625 ms avg throuhgput (requests/sec) = 84.5749 res=false
*==== INFO ====* req_id_count= 14000 stream_id=55996 latency=0.909230 ms (tx_ts=157957137316645, rx_ts=157957138225875) request_id=566750 zil_blk_id=55996 ccf_commit_seqno=566750 nstreams_done_=14000 config.nstreams=20000 avg_latency=0.8621 ms avg throuhgput (requests/sec) = 84.5701 res=false
*==== INFO ====* req_id_count= 14500 stream_id=57996 latency=0.732373 ms (tx_ts=157963087116783, rx_ts=157963087849156) request_id=587156 zil_blk_id=57996 ccf_commit_seqno=587156 nstreams_done_=14500 config.nstreams=20000 avg_latency=0.8630 ms avg throuhgput (requests/sec) = 84.5517 res=false
*==== INFO ====* req_id_count= 15000 stream_id=59996 latency=1.838469 ms (tx_ts=157969011609517, rx_ts=157969013447986) request_id=607471 zil_blk_id=59996 ccf_commit_seqno=607475 nstreams_done_=15000 config.nstreams=20000 avg_latency=0.8623 ms avg throuhgput (requests/sec) = 84.5460 res=false
*==== INFO ====* req_id_count= 15500 stream_id=61996 latency=0.804905 ms (tx_ts=157974909594893, rx_ts=157974910399798) request_id=627706 zil_blk_id=61996 ccf_commit_seqno=627706 nstreams_done_=15500 config.nstreams=20000 avg_latency=0.8625 ms avg throuhgput (requests/sec) = 84.5538 res=false
*==== INFO ====* req_id_count= 16000 stream_id=63996 latency=0.771383 ms (tx_ts=157980809622601, rx_ts=157980810393984) request_id=647990 zil_blk_id=63996 ccf_commit_seqno=647990 nstreams_done_=16000 config.nstreams=20000 avg_latency=0.8625 ms avg throuhgput (requests/sec) = 84.5598 res=false
*==== INFO ====* req_id_count= 16500 stream_id=65996 latency=1.051978 ms (tx_ts=157986701655402, rx_ts=157986702707380) request_id=668234 zil_blk_id=65996 ccf_commit_seqno=668236 nstreams_done_=16500 config.nstreams=20000 avg_latency=0.8625 ms avg throuhgput (requests/sec) = 84.5687 res=false
*==== INFO ====* req_id_count= 17000 stream_id=67996 latency=0.841654 ms (tx_ts=157992581141199, rx_ts=157992581982853) request_id=688460 zil_blk_id=67996 ccf_commit_seqno=688462 nstreams_done_=17000 config.nstreams=20000 avg_latency=0.8615 ms avg throuhgput (requests/sec) = 84.5827 res=false
*==== INFO ====* req_id_count= 17500 stream_id=69996 latency=0.810716 ms (tx_ts=157998499427650, rx_ts=157998500238366) request_id=708777 zil_blk_id=69996 ccf_commit_seqno=708778 nstreams_done_=17500 config.nstreams=20000 avg_latency=0.8615 ms avg throuhgput (requests/sec) = 84.5798 res=false
*==== INFO ====* req_id_count= 18000 stream_id=71996 latency=0.734073 ms (tx_ts=158004418770927, rx_ts=158004419505000) request_id=729120 zil_blk_id=71996 ccf_commit_seqno=729120 nstreams_done_=18000 config.nstreams=20000 avg_latency=0.8622 ms avg throuhgput (requests/sec) = 84.5768 res=false
*==== INFO ====* req_id_count= 18500 stream_id=73996 latency=0.691092 ms (tx_ts=158010316998554, rx_ts=158010317689646) request_id=749398 zil_blk_id=73996 ccf_commit_seqno=749398 nstreams_done_=18500 config.nstreams=20000 avg_latency=0.8615 ms avg throuhgput (requests/sec) = 84.5820 res=false
*==== INFO ====* req_id_count= 19000 stream_id=75996 latency=1.138360 ms (tx_ts=158016228649133, rx_ts=158016229787493) request_id=769710 zil_blk_id=75996 ccf_commit_seqno=769712 nstreams_done_=19000 config.nstreams=20000 avg_latency=0.8616 ms avg throuhgput (requests/sec) = 84.5818 res=false
*==== INFO ====* req_id_count= 19500 stream_id=77996 latency=0.709240 ms (tx_ts=158022119630693, rx_ts=158022120339933) request_id=789323 zil_blk_id=77996 ccf_commit_seqno=789323 nstreams_done_=19500 config.nstreams=20000 avg_latency=0.8609 ms avg throuhgput (requests/sec) = 84.5895 res=false
*==== INFO ====* http_end_stream ALL streams done! nstreams_done_=20000 avg_latency=0.8611 msreq_id_count= 20000
*==== INFO ====* req_id_count= 20000 stream_id=79996 latency=0.762917 ms (tx_ts=158028135349796, rx_ts=158028136112713) request_id=799723 zil_blk_id=79996 ccf_commit_seqno=799723 nstreams_done_=20000 config.nstreams=20000 avg_latency=0.8611 ms avg throuhgput (requests/sec) = 84.5520 res=true
