Uniform: 656009 870807 147497 499820 393513 
Exponential: -2147483648 -2147483648 -2147483648 -2147483648 -2147483648 
Truncated Normal: 623882 532117 287235 898602 664593 
*==== INFO ====* req_id_count= 500 stream_id=1996 latency=0.612376 ms (tx_ts=157797311578267, rx_ts=157797312190643) request_id=19047 zil_blk_id=1996 ccf_commit_seqno=19047 nstreams_done_=500 config.nstreams=20000 avg_latency=0.7245 ms avg throuhgput (requests/sec) = 87.3967 res=false
*==== INFO ====* req_id_count= 1000 stream_id=3996 latency=0.585936 ms (tx_ts=157803091305049, rx_ts=157803091890985) request_id=38758 zil_blk_id=3996 ccf_commit_seqno=38758 nstreams_done_=1000 config.nstreams=20000 avg_latency=0.7372 ms avg throuhgput (requests/sec) = 86.9509 res=false
*==== INFO ====* req_id_count= 1500 stream_id=5996 latency=0.611916 ms (tx_ts=157808842711476, rx_ts=157808843323392) request_id=58402 zil_blk_id=5996 ccf_commit_seqno=58402 nstreams_done_=1500 config.nstreams=20000 avg_latency=0.7321 ms avg throuhgput (requests/sec) = 86.9456 res=false
*==== INFO ====* req_id_count= 2000 stream_id=7996 latency=0.627144 ms (tx_ts=157814615018044, rx_ts=157814615645188) request_id=78188 zil_blk_id=7996 ccf_commit_seqno=78188 nstreams_done_=2000 config.nstreams=20000 avg_latency=0.7311 ms avg throuhgput (requests/sec) = 86.8640 res=false
*==== INFO ====* req_id_count= 2500 stream_id=9996 latency=0.904002 ms (tx_ts=157820380092242, rx_ts=157820380996244) request_id=97919 zil_blk_id=9996 ccf_commit_seqno=97920 nstreams_done_=2500 config.nstreams=20000 avg_latency=0.7286 ms avg throuhgput (requests/sec) = 86.8362 res=false
*==== INFO ====* req_id_count= 3000 stream_id=11996 latency=0.616264 ms (tx_ts=157826142232322, rx_ts=157826142848586) request_id=117655 zil_blk_id=11996 ccf_commit_seqno=117655 nstreams_done_=3000 config.nstreams=20000 avg_latency=0.7283 ms avg throuhgput (requests/sec) = 86.8264 res=false
*==== INFO ====* req_id_count= 3500 stream_id=13996 latency=0.911045 ms (tx_ts=157831904378990, rx_ts=157831905290035) request_id=137372 zil_blk_id=13996 ccf_commit_seqno=137373 nstreams_done_=3500 config.nstreams=20000 avg_latency=0.7278 ms avg throuhgput (requests/sec) = 86.8182 res=false
*==== INFO ====* req_id_count= 4000 stream_id=15996 latency=0.852856 ms (tx_ts=157837665477280, rx_ts=157837666330136) request_id=157096 zil_blk_id=15996 ccf_commit_seqno=157096 nstreams_done_=4000 config.nstreams=20000 avg_latency=0.7285 ms avg throuhgput (requests/sec) = 86.8146 res=false
*==== INFO ====* req_id_count= 4500 stream_id=17996 latency=0.634371 ms (tx_ts=157843423899007, rx_ts=157843424533378) request_id=176843 zil_blk_id=17996 ccf_commit_seqno=176843 nstreams_done_=4500 config.nstreams=20000 avg_latency=0.7284 ms avg throuhgput (requests/sec) = 86.8166 res=false
*==== INFO ====* req_id_count= 5000 stream_id=19996 latency=0.655988 ms (tx_ts=157849172320765, rx_ts=157849172976753) request_id=196548 zil_blk_id=19996 ccf_commit_seqno=196549 nstreams_done_=5000 config.nstreams=20000 avg_latency=0.7297 ms avg throuhgput (requests/sec) = 86.8329 res=false
*==== INFO ====* req_id_count= 5500 stream_id=21996 latency=0.740305 ms (tx_ts=157854924213945, rx_ts=157854924954250) request_id=216269 zil_blk_id=21996 ccf_commit_seqno=216269 nstreams_done_=5500 config.nstreams=20000 avg_latency=0.7270 ms avg throuhgput (requests/sec) = 86.8415 res=false
*==== INFO ====* req_id_count= 6000 stream_id=23996 latency=0.906924 ms (tx_ts=157860675182346, rx_ts=157860676089270) request_id=236019 zil_blk_id=23996 ccf_commit_seqno=236021 nstreams_done_=6000 config.nstreams=20000 avg_latency=0.7250 ms avg throuhgput (requests/sec) = 86.8496 res=false
*==== INFO ====* req_id_count= 6500 stream_id=25996 latency=0.658752 ms (tx_ts=157866457826020, rx_ts=157866458484772) request_id=255854 zil_blk_id=25996 ccf_commit_seqno=255854 nstreams_done_=6500 config.nstreams=20000 avg_latency=0.7282 ms avg throuhgput (requests/sec) = 86.8202 res=false
*==== INFO ====* req_id_count= 7000 stream_id=27996 latency=0.647200 ms (tx_ts=157872221213280, rx_ts=157872221860480) request_id=275634 zil_blk_id=27996 ccf_commit_seqno=275634 nstreams_done_=7000 config.nstreams=20000 avg_latency=0.7281 ms avg throuhgput (requests/sec) = 86.8156 res=false
*==== INFO ====* req_id_count= 7500 stream_id=29996 latency=0.815916 ms (tx_ts=157877980275411, rx_ts=157877981091327) request_id=295387 zil_blk_id=29996 ccf_commit_seqno=295388 nstreams_done_=7500 config.nstreams=20000 avg_latency=0.7278 ms avg throuhgput (requests/sec) = 86.8157 res=false
*==== INFO ====* req_id_count= 8000 stream_id=31996 latency=0.832318 ms (tx_ts=157883738134102, rx_ts=157883738966420) request_id=315114 zil_blk_id=31996 ccf_commit_seqno=315115 nstreams_done_=8000 config.nstreams=20000 avg_latency=0.7264 ms avg throuhgput (requests/sec) = 86.8170 res=false
*==== INFO ====* req_id_count= 8500 stream_id=33996 latency=0.590955 ms (tx_ts=157889495294534, rx_ts=157889495885489) request_id=334872 zil_blk_id=33996 ccf_commit_seqno=334872 nstreams_done_=8500 config.nstreams=20000 avg_latency=0.7263 ms avg throuhgput (requests/sec) = 86.8191 res=false
*==== INFO ====* req_id_count= 9000 stream_id=35996 latency=0.603730 ms (tx_ts=157895259603473, rx_ts=157895260207203) request_id=354632 zil_blk_id=35996 ccf_commit_seqno=354632 nstreams_done_=9000 config.nstreams=20000 avg_latency=0.7253 ms avg throuhgput (requests/sec) = 86.8147 res=false
*==== INFO ====* req_id_count= 9500 stream_id=37996 latency=0.726720 ms (tx_ts=157901027852941, rx_ts=157901028579661) request_id=374405 zil_blk_id=37996 ccf_commit_seqno=374405 nstreams_done_=9500 config.nstreams=20000 avg_latency=0.7253 ms avg throuhgput (requests/sec) = 86.8076 res=false
*==== INFO ====* req_id_count= 10000 stream_id=39996 latency=0.771784 ms (tx_ts=157906806086116, rx_ts=157906806857900) request_id=394197 zil_blk_id=39996 ccf_commit_seqno=394197 nstreams_done_=10000 config.nstreams=20000 avg_latency=0.7256 ms avg throuhgput (requests/sec) = 86.7937 res=false
*==== INFO ====* req_id_count= 10500 stream_id=41996 latency=0.748820 ms (tx_ts=157912542344636, rx_ts=157912543093456) request_id=413889 zil_blk_id=41996 ccf_commit_seqno=413889 nstreams_done_=10500 config.nstreams=20000 avg_latency=0.7250 ms avg throuhgput (requests/sec) = 86.8113 res=false
*==== INFO ====* req_id_count= 11000 stream_id=43996 latency=0.634667 ms (tx_ts=157918318659948, rx_ts=157918319294615) request_id=433648 zil_blk_id=43996 ccf_commit_seqno=433648 nstreams_done_=11000 config.nstreams=20000 avg_latency=0.7260 ms avg throuhgput (requests/sec) = 86.8000 res=false
*==== INFO ====* req_id_count= 11500 stream_id=45996 latency=0.850762 ms (tx_ts=157924067017943, rx_ts=157924067868705) request_id=453358 zil_blk_id=45996 ccf_commit_seqno=453358 nstreams_done_=11500 config.nstreams=20000 avg_latency=0.7261 ms avg throuhgput (requests/sec) = 86.8077 res=false
*==== INFO ====* req_id_count= 12000 stream_id=47996 latency=0.599582 ms (tx_ts=157929843804536, rx_ts=157929844404118) request_id=473160 zil_blk_id=47996 ccf_commit_seqno=473160 nstreams_done_=12000 config.nstreams=20000 avg_latency=0.7271 ms avg throuhgput (requests/sec) = 86.7972 res=false
*==== INFO ====* req_id_count= 12500 stream_id=49996 latency=0.588211 ms (tx_ts=157935615253263, rx_ts=157935615841474) request_id=492969 zil_blk_id=49996 ccf_commit_seqno=492969 nstreams_done_=12500 config.nstreams=20000 avg_latency=0.7274 ms avg throuhgput (requests/sec) = 86.7907 res=false
*==== INFO ====* req_id_count= 13000 stream_id=51996 latency=0.641751 ms (tx_ts=157941379339451, rx_ts=157941379981202) request_id=512748 zil_blk_id=51996 ccf_commit_seqno=512748 nstreams_done_=13000 config.nstreams=20000 avg_latency=0.7276 ms avg throuhgput (requests/sec) = 86.7888 res=false
*==== INFO ====* req_id_count= 13500 stream_id=53996 latency=0.605573 ms (tx_ts=157947140418699, rx_ts=157947141024272) request_id=532456 zil_blk_id=53996 ccf_commit_seqno=532456 nstreams_done_=13500 config.nstreams=20000 avg_latency=0.7273 ms avg throuhgput (requests/sec) = 86.7889 res=false
*==== INFO ====* req_id_count= 14000 stream_id=55996 latency=0.924415 ms (tx_ts=157952886104368, rx_ts=157952887028783) request_id=552190 zil_blk_id=55996 ccf_commit_seqno=552194 nstreams_done_=14000 config.nstreams=20000 avg_latency=0.7261 ms avg throuhgput (requests/sec) = 86.7970 res=false
*==== INFO ====* req_id_count= 14500 stream_id=57996 latency=0.648563 ms (tx_ts=157958618134921, rx_ts=157958618783484) request_id=571827 zil_blk_id=57996 ccf_commit_seqno=571827 nstreams_done_=14500 config.nstreams=20000 avg_latency=0.7258 ms avg throuhgput (requests/sec) = 86.8120 res=false
*==== INFO ====* req_id_count= 15000 stream_id=59996 latency=0.881379 ms (tx_ts=157964372758928, rx_ts=157964373640307) request_id=591558 zil_blk_id=59996 ccf_commit_seqno=591561 nstreams_done_=15000 config.nstreams=20000 avg_latency=0.7251 ms avg throuhgput (requests/sec) = 86.8144 res=false
*==== INFO ====* req_id_count= 15500 stream_id=61996 latency=0.733622 ms (tx_ts=157970163876837, rx_ts=157970164610459) request_id=611421 zil_blk_id=61996 ccf_commit_seqno=611421 nstreams_done_=15500 config.nstreams=20000 avg_latency=0.7248 ms avg throuhgput (requests/sec) = 86.7990 res=false
*==== INFO ====* req_id_count= 16000 stream_id=63996 latency=0.654695 ms (tx_ts=157975928383249, rx_ts=157975929037944) request_id=631212 zil_blk_id=63996 ccf_commit_seqno=631212 nstreams_done_=16000 config.nstreams=20000 avg_latency=0.7248 ms avg throuhgput (requests/sec) = 86.7971 res=false
*==== INFO ====* req_id_count= 16500 stream_id=65996 latency=0.664954 ms (tx_ts=157981654504263, rx_ts=157981655169217) request_id=650895 zil_blk_id=65996 ccf_commit_seqno=650895 nstreams_done_=16500 config.nstreams=20000 avg_latency=0.7242 ms avg throuhgput (requests/sec) = 86.8129 res=false
*==== INFO ====* req_id_count= 17000 stream_id=67996 latency=0.650257 ms (tx_ts=157987417486108, rx_ts=157987418136365) request_id=670698 zil_blk_id=67996 ccf_commit_seqno=670698 nstreams_done_=17000 config.nstreams=20000 avg_latency=0.7237 ms avg throuhgput (requests/sec) = 86.8113 res=false
*==== INFO ====* req_id_count= 17500 stream_id=69996 latency=0.594983 ms (tx_ts=157993166291553, rx_ts=157993166886536) request_id=690467 zil_blk_id=69996 ccf_commit_seqno=690467 nstreams_done_=17500 config.nstreams=20000 avg_latency=0.7236 ms avg throuhgput (requests/sec) = 86.8160 res=false
*==== INFO ====* req_id_count= 18000 stream_id=71996 latency=0.818691 ms (tx_ts=157998913891902, rx_ts=157998914710593) request_id=710200 zil_blk_id=71996 ccf_commit_seqno=710200 nstreams_done_=18000 config.nstreams=20000 avg_latency=0.7237 ms avg throuhgput (requests/sec) = 86.8208 res=false
*==== INFO ====* req_id_count= 18500 stream_id=73996 latency=0.592308 ms (tx_ts=158004675611271, rx_ts=158004676203579) request_id=729994 zil_blk_id=73996 ccf_commit_seqno=729994 nstreams_done_=18500 config.nstreams=20000 avg_latency=0.7238 ms avg throuhgput (requests/sec) = 86.8198 res=false
*==== INFO ====* req_id_count= 19000 stream_id=75996 latency=0.609500 ms (tx_ts=158010428871301, rx_ts=158010429480801) request_id=749782 zil_blk_id=75996 ccf_commit_seqno=749782 nstreams_done_=19000 config.nstreams=20000 avg_latency=0.7235 ms avg throuhgput (requests/sec) = 86.8221 res=false
*==== INFO ====* req_id_count= 19500 stream_id=77996 latency=0.623266 ms (tx_ts=158016183407205, rx_ts=158016184030471) request_id=769554 zil_blk_id=77996 ccf_commit_seqno=769554 nstreams_done_=19500 config.nstreams=20000 avg_latency=0.7237 ms avg throuhgput (requests/sec) = 86.8238 res=false
*==== INFO ====* http_end_stream ALL streams done! nstreams_done_=20000 avg_latency=0.7239 msreq_id_count= 20000
*==== INFO ====* req_id_count= 20000 stream_id=79996 latency=0.685793 ms (tx_ts=158021948451807, rx_ts=158021949137600) request_id=788815 zil_blk_id=79996 ccf_commit_seqno=788815 nstreams_done_=20000 config.nstreams=20000 avg_latency=0.7239 ms avg throuhgput (requests/sec) = 86.8214 res=true
