Uniform: 571608 910432 326500 784858 244024 
Exponential: -2147483648 -2147483648 -2147483648 -2147483648 -2147483648 
Truncated Normal: 598440 280031 734696 764187 675405 
*==== INFO ====* req_id_count= 500 stream_id=1996 latency=0.831979 ms (tx_ts=157797563347139, rx_ts=157797564179118) request_id=19884 zil_blk_id=1996 ccf_commit_seqno=19884 nstreams_done_=500 config.nstreams=20000 avg_latency=0.8814 ms avg throuhgput (requests/sec) = 83.8619 res=false
*==== INFO ====* req_id_count= 1000 stream_id=3996 latency=0.783406 ms (tx_ts=157803522340298, rx_ts=157803523123704) request_id=40194 zil_blk_id=3996 ccf_commit_seqno=40194 nstreams_done_=1000 config.nstreams=20000 avg_latency=0.8899 ms avg throuhgput (requests/sec) = 83.8847 res=false
*==== INFO ====* req_id_count= 1500 stream_id=5996 latency=0.894954 ms (tx_ts=157809473288117, rx_ts=157809474183071) request_id=60537 zil_blk_id=5996 ccf_commit_seqno=60538 nstreams_done_=1500 config.nstreams=20000 avg_latency=0.8872 ms avg throuhgput (requests/sec) = 83.9293 res=false
*==== INFO ====* req_id_count= 2000 stream_id=7996 latency=0.807832 ms (tx_ts=157815439551382, rx_ts=157815440359214) request_id=80981 zil_blk_id=7996 ccf_commit_seqno=80981 nstreams_done_=2000 config.nstreams=20000 avg_latency=0.8921 ms avg throuhgput (requests/sec) = 83.8984 res=false
*==== INFO ====* req_id_count= 2500 stream_id=9996 latency=0.815506 ms (tx_ts=157821422218922, rx_ts=157821423034428) request_id=101464 zil_blk_id=9996 ccf_commit_seqno=101464 nstreams_done_=2500 config.nstreams=20000 avg_latency=0.8974 ms avg throuhgput (requests/sec) = 83.8334 res=false
*==== INFO ====* req_id_count= 3000 stream_id=11996 latency=0.800839 ms (tx_ts=157827372161092, rx_ts=157827372961931) request_id=121846 zil_blk_id=11996 ccf_commit_seqno=121846 nstreams_done_=3000 config.nstreams=20000 avg_latency=0.8983 ms avg throuhgput (requests/sec) = 83.8669 res=false
*==== INFO ====* req_id_count= 3500 stream_id=13996 latency=0.772799 ms (tx_ts=157833310950009, rx_ts=157833311722808) request_id=142168 zil_blk_id=13996 ccf_commit_seqno=142168 nstreams_done_=3500 config.nstreams=20000 avg_latency=0.8954 ms avg throuhgput (requests/sec) = 83.9133 res=false
*==== INFO ====* req_id_count= 4000 stream_id=15996 latency=0.872633 ms (tx_ts=157839258063901, rx_ts=157839258936534) request_id=162538 zil_blk_id=15996 ccf_commit_seqno=162539 nstreams_done_=4000 config.nstreams=20000 avg_latency=0.8944 ms avg throuhgput (requests/sec) = 83.9332 res=false
*==== INFO ====* req_id_count= 4500 stream_id=17996 latency=0.748251 ms (tx_ts=157845200095765, rx_ts=157845200844016) request_id=182914 zil_blk_id=17996 ccf_commit_seqno=182914 nstreams_done_=4500 config.nstreams=20000 avg_latency=0.8952 ms avg throuhgput (requests/sec) = 83.9570 res=false
*==== INFO ====* req_id_count= 5000 stream_id=19996 latency=0.965977 ms (tx_ts=157851147443428, rx_ts=157851148409405) request_id=203302 zil_blk_id=19996 ccf_commit_seqno=203302 nstreams_done_=5000 config.nstreams=20000 avg_latency=0.8990 ms avg throuhgput (requests/sec) = 83.9681 res=false
*==== INFO ====* req_id_count= 5500 stream_id=21996 latency=0.810408 ms (tx_ts=157857068946166, rx_ts=157857069756574) request_id=223614 zil_blk_id=21996 ccf_commit_seqno=223614 nstreams_done_=5500 config.nstreams=20000 avg_latency=0.8976 ms avg throuhgput (requests/sec) = 84.0108 res=false
*==== INFO ====* req_id_count= 6000 stream_id=23996 latency=0.871291 ms (tx_ts=157862983320161, rx_ts=157862984191452) request_id=243929 zil_blk_id=23996 ccf_commit_seqno=243929 nstreams_done_=6000 config.nstreams=20000 avg_latency=0.8953 ms avg throuhgput (requests/sec) = 84.0546 res=false
*==== INFO ====* req_id_count= 6500 stream_id=25996 latency=0.734354 ms (tx_ts=157868917120943, rx_ts=157868917855297) request_id=264275 zil_blk_id=25996 ccf_commit_seqno=264275 nstreams_done_=6500 config.nstreams=20000 avg_latency=0.8952 ms avg throuhgput (requests/sec) = 84.0707 res=false
*==== INFO ====* req_id_count= 7000 stream_id=27996 latency=1.722102 ms (tx_ts=157874841343160, rx_ts=157874843065262) request_id=284617 zil_blk_id=27996 ccf_commit_seqno=284617 nstreams_done_=7000 config.nstreams=20000 avg_latency=0.8956 ms avg throuhgput (requests/sec) = 84.0931 res=false
*==== INFO ====* req_id_count= 7500 stream_id=29996 latency=0.951621 ms (tx_ts=157880781332571, rx_ts=157880782284192) request_id=304970 zil_blk_id=29996 ccf_commit_seqno=304971 nstreams_done_=7500 config.nstreams=20000 avg_latency=0.8961 ms avg throuhgput (requests/sec) = 84.0993 res=false
*==== INFO ====* req_id_count= 8000 stream_id=31996 latency=0.874705 ms (tx_ts=157886685167131, rx_ts=157886686041836) request_id=325229 zil_blk_id=31996 ccf_commit_seqno=325229 nstreams_done_=8000 config.nstreams=20000 avg_latency=0.8943 ms avg throuhgput (requests/sec) = 84.1361 res=false
*==== INFO ====* req_id_count= 8500 stream_id=33996 latency=0.865139 ms (tx_ts=157892607386812, rx_ts=157892608251951) request_id=345544 zil_blk_id=33996 ccf_commit_seqno=345544 nstreams_done_=8500 config.nstreams=20000 avg_latency=0.8935 ms avg throuhgput (requests/sec) = 84.1532 res=false
*==== INFO ====* req_id_count= 9000 stream_id=35996 latency=0.829782 ms (tx_ts=157898546867675, rx_ts=157898547697457) request_id=365895 zil_blk_id=35996 ccf_commit_seqno=365895 nstreams_done_=9000 config.nstreams=20000 avg_latency=0.8939 ms avg throuhgput (requests/sec) = 84.1549 res=false
*==== INFO ====* req_id_count= 9500 stream_id=37996 latency=0.998347 ms (tx_ts=157904483491065, rx_ts=157904484489412) request_id=386225 zil_blk_id=37996 ccf_commit_seqno=386229 nstreams_done_=9500 config.nstreams=20000 avg_latency=0.8938 ms avg throuhgput (requests/sec) = 84.1583 res=false
*==== INFO ====* req_id_count= 10000 stream_id=39996 latency=0.884855 ms (tx_ts=157910410378366, rx_ts=157910411263221) request_id=406554 zil_blk_id=39996 ccf_commit_seqno=406554 nstreams_done_=10000 config.nstreams=20000 avg_latency=0.8931 ms avg throuhgput (requests/sec) = 84.1685 res=false
*==== INFO ====* req_id_count= 10500 stream_id=41996 latency=0.923347 ms (tx_ts=157916353100227, rx_ts=157916354023574) request_id=426892 zil_blk_id=41996 ccf_commit_seqno=426892 nstreams_done_=10500 config.nstreams=20000 avg_latency=0.8949 ms avg throuhgput (requests/sec) = 84.1670 res=false
*==== INFO ====* req_id_count= 11000 stream_id=43996 latency=0.862593 ms (tx_ts=157922294064674, rx_ts=157922294927267) request_id=447266 zil_blk_id=43996 ccf_commit_seqno=447266 nstreams_done_=11000 config.nstreams=20000 avg_latency=0.8948 ms avg throuhgput (requests/sec) = 84.1668 res=false
*==== INFO ====* req_id_count= 11500 stream_id=45996 latency=0.778114 ms (tx_ts=157928228894616, rx_ts=157928229672730) request_id=467599 zil_blk_id=45996 ccf_commit_seqno=467599 nstreams_done_=11500 config.nstreams=20000 avg_latency=0.8953 ms avg throuhgput (requests/sec) = 84.1704 res=false
*==== INFO ====* req_id_count= 12000 stream_id=47996 latency=0.837938 ms (tx_ts=157934157692001, rx_ts=157934158529939) request_id=487971 zil_blk_id=47996 ccf_commit_seqno=487971 nstreams_done_=12000 config.nstreams=20000 avg_latency=0.8958 ms avg throuhgput (requests/sec) = 84.1771 res=false
*==== INFO ====* req_id_count= 12500 stream_id=49996 latency=1.083896 ms (tx_ts=157940103298366, rx_ts=157940104382262) request_id=508367 zil_blk_id=49996 ccf_commit_seqno=508368 nstreams_done_=12500 config.nstreams=20000 avg_latency=0.8973 ms avg throuhgput (requests/sec) = 84.1737 res=false
*==== INFO ====* req_id_count= 13000 stream_id=51996 latency=0.785478 ms (tx_ts=157946048198889, rx_ts=157946048984367) request_id=528704 zil_blk_id=51996 ccf_commit_seqno=528704 nstreams_done_=13000 config.nstreams=20000 avg_latency=0.8991 ms avg throuhgput (requests/sec) = 84.1713 res=false
*==== INFO ====* req_id_count= 13500 stream_id=53996 latency=1.001984 ms (tx_ts=157951972963906, rx_ts=157951973965890) request_id=549062 zil_blk_id=53996 ccf_commit_seqno=549064 nstreams_done_=13500 config.nstreams=20000 avg_latency=0.8983 ms avg throuhgput (requests/sec) = 84.1793 res=false
*==== INFO ====* req_id_count= 14000 stream_id=55996 latency=0.909301 ms (tx_ts=157957882192124, rx_ts=157957883101425) request_id=569311 zil_blk_id=55996 ccf_commit_seqno=569311 nstreams_done_=14000 config.nstreams=20000 avg_latency=0.8971 ms avg throuhgput (requests/sec) = 84.1948 res=false
*==== INFO ====* req_id_count= 14500 stream_id=57996 latency=0.715798 ms (tx_ts=157963793561645, rx_ts=157963794277443) request_id=589574 zil_blk_id=57996 ccf_commit_seqno=589574 nstreams_done_=14500 config.nstreams=20000 avg_latency=0.8967 ms avg throuhgput (requests/sec) = 84.2082 res=false
*==== INFO ====* req_id_count= 15000 stream_id=59996 latency=0.816456 ms (tx_ts=157969703377209, rx_ts=157969704193665) request_id=609838 zil_blk_id=59996 ccf_commit_seqno=609838 nstreams_done_=15000 config.nstreams=20000 avg_latency=0.8964 ms avg throuhgput (requests/sec) = 84.2213 res=false
*==== INFO ====* req_id_count= 15500 stream_id=61996 latency=0.788995 ms (tx_ts=157975649732700, rx_ts=157975650521695) request_id=630251 zil_blk_id=61996 ccf_commit_seqno=630251 nstreams_done_=15500 config.nstreams=20000 avg_latency=0.8974 ms avg throuhgput (requests/sec) = 84.2169 res=false
*==== INFO ====* req_id_count= 16000 stream_id=63996 latency=0.896717 ms (tx_ts=157981593151114, rx_ts=157981594047831) request_id=650685 zil_blk_id=63996 ccf_commit_seqno=650685 nstreams_done_=16000 config.nstreams=20000 avg_latency=0.8981 ms avg throuhgput (requests/sec) = 84.2140 res=false
*==== INFO ====* req_id_count= 16500 stream_id=65996 latency=1.018215 ms (tx_ts=157987513107016, rx_ts=157987514125231) request_id=671022 zil_blk_id=65996 ccf_commit_seqno=671022 nstreams_done_=16500 config.nstreams=20000 avg_latency=0.8980 ms avg throuhgput (requests/sec) = 84.2214 res=false
*==== INFO ====* req_id_count= 17000 stream_id=67996 latency=0.753419 ms (tx_ts=157993417572558, rx_ts=157993418325977) request_id=691331 zil_blk_id=67996 ccf_commit_seqno=691331 nstreams_done_=17000 config.nstreams=20000 avg_latency=0.8974 ms avg throuhgput (requests/sec) = 84.2350 res=false
*==== INFO ====* req_id_count= 17500 stream_id=69996 latency=0.734514 ms (tx_ts=157999339604039, rx_ts=157999340338553) request_id=711657 zil_blk_id=69996 ccf_commit_seqno=711657 nstreams_done_=17500 config.nstreams=20000 avg_latency=0.8983 ms avg throuhgput (requests/sec) = 84.2406 res=false
*==== INFO ====* req_id_count= 18000 stream_id=71996 latency=0.715979 ms (tx_ts=158005272228350, rx_ts=158005272944329) request_id=732050 zil_blk_id=71996 ccf_commit_seqno=732050 nstreams_done_=18000 config.nstreams=20000 avg_latency=0.8989 ms avg throuhgput (requests/sec) = 84.2417 res=false
*==== INFO ====* req_id_count= 18500 stream_id=73996 latency=0.774239 ms (tx_ts=158011168465743, rx_ts=158011169239982) request_id=752317 zil_blk_id=73996 ccf_commit_seqno=752317 nstreams_done_=18500 config.nstreams=20000 avg_latency=0.8986 ms avg throuhgput (requests/sec) = 84.2566 res=false
*==== INFO ====* req_id_count= 19000 stream_id=75996 latency=0.746848 ms (tx_ts=158017074775661, rx_ts=158017075522509) request_id=772615 zil_blk_id=75996 ccf_commit_seqno=772615 nstreams_done_=19000 config.nstreams=20000 avg_latency=0.8991 ms avg throuhgput (requests/sec) = 84.2671 res=false
*==== INFO ====* req_id_count= 19500 stream_id=77996 latency=0.906509 ms (tx_ts=158022984511714, rx_ts=158022985418223) request_id=791831 zil_blk_id=77996 ccf_commit_seqno=791832 nstreams_done_=19500 config.nstreams=20000 avg_latency=0.8989 ms avg throuhgput (requests/sec) = 84.2757 res=false
*==== INFO ====* http_end_stream ALL streams done! nstreams_done_=20000 avg_latency=0.8979 msreq_id_count= 20000
*==== INFO ====* req_id_count= 20000 stream_id=79996 latency=0.798664 ms (tx_ts=158029006944596, rx_ts=158029007743260) request_id=799919 zil_blk_id=79996 ccf_commit_seqno=799919 nstreams_done_=20000 config.nstreams=20000 avg_latency=0.8979 ms avg throuhgput (requests/sec) = 84.2440 res=true
