Uniform: 811576 277511 148268 640823 343957 
Exponential: -2147483648 -2147483648 -2147483648 -2147483648 -2147483648 
Truncated Normal: 509900 497588 489484 256225 486864 
*==== INFO ====* req_id_count= 500 stream_id=1996 latency=0.663321 ms (tx_ts=157797425081288, rx_ts=157797425744609) request_id=19425 zil_blk_id=1996 ccf_commit_seqno=19426 nstreams_done_=500 config.nstreams=20000 avg_latency=0.8057 ms avg throuhgput (requests/sec) = 85.6648 res=false
*==== INFO ====* req_id_count= 1000 stream_id=3996 latency=0.770401 ms (tx_ts=157803201446257, rx_ts=157803202216658) request_id=39128 zil_blk_id=3996 ccf_commit_seqno=39129 nstreams_done_=1000 config.nstreams=20000 avg_latency=0.7590 ms avg throuhgput (requests/sec) = 86.1091 res=false
*==== INFO ====* req_id_count= 1500 stream_id=5996 latency=0.574275 ms (tx_ts=157808945702862, rx_ts=157808946277137) request_id=58755 zil_blk_id=5996 ccf_commit_seqno=58755 nstreams_done_=1500 config.nstreams=20000 avg_latency=0.7462 ms avg throuhgput (requests/sec) = 86.4193 res=false
*==== INFO ====* req_id_count= 2000 stream_id=7996 latency=0.823251 ms (tx_ts=157814662276395, rx_ts=157814663099646) request_id=78348 zil_blk_id=7996 ccf_commit_seqno=78349 nstreams_done_=2000 config.nstreams=20000 avg_latency=0.7380 ms avg throuhgput (requests/sec) = 86.6774 res=false
*==== INFO ====* req_id_count= 2500 stream_id=9996 latency=0.751297 ms (tx_ts=157820409793948, rx_ts=157820410545245) request_id=98023 zil_blk_id=9996 ccf_commit_seqno=98023 nstreams_done_=2500 config.nstreams=20000 avg_latency=0.7359 ms avg throuhgput (requests/sec) = 86.7408 res=false
*==== INFO ====* req_id_count= 3000 stream_id=11996 latency=0.695101 ms (tx_ts=157826155094314, rx_ts=157826155789415) request_id=117700 zil_blk_id=11996 ccf_commit_seqno=117700 nstreams_done_=3000 config.nstreams=20000 avg_latency=0.7274 ms avg throuhgput (requests/sec) = 86.7886 res=false
*==== INFO ====* req_id_count= 3500 stream_id=13996 latency=0.693588 ms (tx_ts=157831882304190, rx_ts=157831882997778) request_id=137296 zil_blk_id=13996 ccf_commit_seqno=137296 nstreams_done_=3500 config.nstreams=20000 avg_latency=0.7238 ms avg throuhgput (requests/sec) = 86.8617 res=false
*==== INFO ====* req_id_count= 4000 stream_id=15996 latency=0.671207 ms (tx_ts=157837628608674, rx_ts=157837629279881) request_id=156969 zil_blk_id=15996 ccf_commit_seqno=156969 nstreams_done_=4000 config.nstreams=20000 avg_latency=0.7219 ms avg throuhgput (requests/sec) = 86.8805 res=false
*==== INFO ====* req_id_count= 4500 stream_id=17996 latency=0.878444 ms (tx_ts=157843342506633, rx_ts=157843343385077) request_id=176569 zil_blk_id=17996 ccf_commit_seqno=176569 nstreams_done_=4500 config.nstreams=20000 avg_latency=0.7192 ms avg throuhgput (requests/sec) = 86.9492 res=false
*==== INFO ====* req_id_count= 5000 stream_id=19996 latency=0.551472 ms (tx_ts=157849092289165, rx_ts=157849092840637) request_id=196273 zil_blk_id=19996 ccf_commit_seqno=196273 nstreams_done_=5000 config.nstreams=20000 avg_latency=0.7182 ms avg throuhgput (requests/sec) = 86.9508 res=false
*==== INFO ====* req_id_count= 5500 stream_id=21996 latency=0.701633 ms (tx_ts=157854843524995, rx_ts=157854844226628) request_id=215990 zil_blk_id=21996 ccf_commit_seqno=215990 nstreams_done_=5500 config.nstreams=20000 avg_latency=0.7186 ms avg throuhgput (requests/sec) = 86.9494 res=false
*==== INFO ====* req_id_count= 6000 stream_id=23996 latency=0.726279 ms (tx_ts=157860596396602, rx_ts=157860597122881) request_id=235748 zil_blk_id=23996 ccf_commit_seqno=235749 nstreams_done_=6000 config.nstreams=20000 avg_latency=0.7169 ms avg throuhgput (requests/sec) = 86.9463 res=false
*==== INFO ====* req_id_count= 6500 stream_id=25996 latency=0.615832 ms (tx_ts=157866337902810, rx_ts=157866338518642) request_id=255443 zil_blk_id=25996 ccf_commit_seqno=255443 nstreams_done_=6500 config.nstreams=20000 avg_latency=0.7163 ms avg throuhgput (requests/sec) = 86.9571 res=false
*==== INFO ====* req_id_count= 7000 stream_id=27996 latency=0.657510 ms (tx_ts=157872081373410, rx_ts=157872082030920) request_id=275156 zil_blk_id=27996 ccf_commit_seqno=275156 nstreams_done_=7000 config.nstreams=20000 avg_latency=0.7160 ms avg throuhgput (requests/sec) = 86.9641 res=false
*==== INFO ====* req_id_count= 7500 stream_id=29996 latency=0.575086 ms (tx_ts=157877817890389, rx_ts=157877818465475) request_id=294829 zil_blk_id=29996 ccf_commit_seqno=294829 nstreams_done_=7500 config.nstreams=20000 avg_latency=0.7152 ms avg throuhgput (requests/sec) = 86.9773 res=false
*==== INFO ====* req_id_count= 8000 stream_id=31996 latency=0.555650 ms (tx_ts=157883572134331, rx_ts=157883572689981) request_id=314545 zil_blk_id=31996 ccf_commit_seqno=314545 nstreams_done_=8000 config.nstreams=20000 avg_latency=0.7139 ms avg throuhgput (requests/sec) = 86.9720 res=false
*==== INFO ====* req_id_count= 8500 stream_id=33996 latency=0.682045 ms (tx_ts=157889308140242, rx_ts=157889308822287) request_id=334231 zil_blk_id=33996 ccf_commit_seqno=334231 nstreams_done_=8500 config.nstreams=20000 avg_latency=0.7125 ms avg throuhgput (requests/sec) = 86.9834 res=false
*==== INFO ====* req_id_count= 9000 stream_id=35996 latency=0.779678 ms (tx_ts=157895067775484, rx_ts=157895068555162) request_id=353978 zil_blk_id=35996 ccf_commit_seqno=353981 nstreams_done_=9000 config.nstreams=20000 avg_latency=0.7115 ms avg throuhgput (requests/sec) = 86.9737 res=false
*==== INFO ====* req_id_count= 9500 stream_id=37996 latency=0.589252 ms (tx_ts=157900805368273, rx_ts=157900805957525) request_id=373640 zil_blk_id=37996 ccf_commit_seqno=373640 nstreams_done_=9500 config.nstreams=20000 avg_latency=0.7116 ms avg throuhgput (requests/sec) = 86.9829 res=false
*==== INFO ====* req_id_count= 10000 stream_id=39996 latency=0.773247 ms (tx_ts=157906540711300, rx_ts=157906541484547) request_id=393282 zil_blk_id=39996 ccf_commit_seqno=393283 nstreams_done_=10000 config.nstreams=20000 avg_latency=0.7119 ms avg throuhgput (requests/sec) = 86.9925 res=false
*==== INFO ====* req_id_count= 10500 stream_id=41996 latency=0.644376 ms (tx_ts=157912269402488, rx_ts=157912270046864) request_id=412952 zil_blk_id=41996 ccf_commit_seqno=412952 nstreams_done_=10500 config.nstreams=20000 avg_latency=0.7108 ms avg throuhgput (requests/sec) = 87.0062 res=false
*==== INFO ====* req_id_count= 11000 stream_id=43996 latency=0.592618 ms (tx_ts=157918029618335, rx_ts=157918030210953) request_id=432652 zil_blk_id=43996 ccf_commit_seqno=432652 nstreams_done_=11000 config.nstreams=20000 avg_latency=0.7116 ms avg throuhgput (requests/sec) = 86.9970 res=false
*==== INFO ====* req_id_count= 11500 stream_id=45996 latency=2.499716 ms (tx_ts=157923760561904, rx_ts=157923763061620) request_id=452308 zil_blk_id=45996 ccf_commit_seqno=452310 nstreams_done_=11500 config.nstreams=20000 avg_latency=0.7123 ms avg throuhgput (requests/sec) = 87.0065 res=false
*==== INFO ====* req_id_count= 12000 stream_id=47996 latency=0.762018 ms (tx_ts=157929504674925, rx_ts=157929505436943) request_id=472000 zil_blk_id=47996 ccf_commit_seqno=472000 nstreams_done_=12000 config.nstreams=20000 avg_latency=0.7121 ms avg throuhgput (requests/sec) = 87.0092 res=false
*==== INFO ====* req_id_count= 12500 stream_id=49996 latency=0.866010 ms (tx_ts=157935239251899, rx_ts=157935240117909) request_id=491676 zil_blk_id=49996 ccf_commit_seqno=491676 nstreams_done_=12500 config.nstreams=20000 avg_latency=0.7111 ms avg throuhgput (requests/sec) = 87.0164 res=false
*==== INFO ====* req_id_count= 13000 stream_id=51996 latency=0.815105 ms (tx_ts=157940982138059, rx_ts=157940982953164) request_id=511387 zil_blk_id=51996 ccf_commit_seqno=511388 nstreams_done_=13000 config.nstreams=20000 avg_latency=0.7105 ms avg throuhgput (requests/sec) = 87.0183 res=false
*==== INFO ====* req_id_count= 13500 stream_id=53996 latency=0.945127 ms (tx_ts=157946705633042, rx_ts=157946706578169) request_id=530960 zil_blk_id=53996 ccf_commit_seqno=530964 nstreams_done_=13500 config.nstreams=20000 avg_latency=0.7100 ms avg throuhgput (requests/sec) = 87.0308 res=false
*==== INFO ====* req_id_count= 14000 stream_id=55996 latency=0.627734 ms (tx_ts=157952433996030, rx_ts=157952434623764) request_id=550639 zil_blk_id=55996 ccf_commit_seqno=550640 nstreams_done_=14000 config.nstreams=20000 avg_latency=0.7093 ms avg throuhgput (requests/sec) = 87.0400 res=false
*==== INFO ====* req_id_count= 14500 stream_id=57996 latency=0.896698 ms (tx_ts=157958184501723, rx_ts=157958185398421) request_id=570351 zil_blk_id=57996 ccf_commit_seqno=570352 nstreams_done_=14500 config.nstreams=20000 avg_latency=0.7090 ms avg throuhgput (requests/sec) = 87.0367 res=false
*==== INFO ====* req_id_count= 15000 stream_id=59996 latency=0.577420 ms (tx_ts=157963926787585, rx_ts=157963927365005) request_id=590028 zil_blk_id=59996 ccf_commit_seqno=590028 nstreams_done_=15000 config.nstreams=20000 avg_latency=0.7089 ms avg throuhgput (requests/sec) = 87.0381 res=false
*==== INFO ====* req_id_count= 15500 stream_id=61996 latency=0.706441 ms (tx_ts=157969671346424, rx_ts=157969672052865) request_id=609732 zil_blk_id=61996 ccf_commit_seqno=609732 nstreams_done_=15500 config.nstreams=20000 avg_latency=0.7078 ms avg throuhgput (requests/sec) = 87.0381 res=false
*==== INFO ====* req_id_count= 16000 stream_id=63996 latency=0.830193 ms (tx_ts=157975410703201, rx_ts=157975411533394) request_id=629428 zil_blk_id=63996 ccf_commit_seqno=629429 nstreams_done_=16000 config.nstreams=20000 avg_latency=0.7077 ms avg throuhgput (requests/sec) = 87.0405 res=false
*==== INFO ====* req_id_count= 16500 stream_id=65996 latency=0.591166 ms (tx_ts=157981189325448, rx_ts=157981189916614) request_id=649299 zil_blk_id=65996 ccf_commit_seqno=649299 nstreams_done_=16500 config.nstreams=20000 avg_latency=0.7075 ms avg throuhgput (requests/sec) = 87.0249 res=false
*==== INFO ====* req_id_count= 17000 stream_id=67996 latency=0.541613 ms (tx_ts=157986938447705, rx_ts=157986938989318) request_id=669046 zil_blk_id=67996 ccf_commit_seqno=669046 nstreams_done_=17000 config.nstreams=20000 avg_latency=0.7076 ms avg throuhgput (requests/sec) = 87.0233 res=false
*==== INFO ====* req_id_count= 17500 stream_id=69996 latency=0.605272 ms (tx_ts=157992670177598, rx_ts=157992670782870) request_id=688768 zil_blk_id=69996 ccf_commit_seqno=688768 nstreams_done_=17500 config.nstreams=20000 avg_latency=0.7069 ms avg throuhgput (requests/sec) = 87.0293 res=false
*==== INFO ====* req_id_count= 18000 stream_id=71996 latency=0.754010 ms (tx_ts=157998405939611, rx_ts=157998406693621) request_id=708456 zil_blk_id=71996 ccf_commit_seqno=708458 nstreams_done_=18000 config.nstreams=20000 avg_latency=0.7064 ms avg throuhgput (requests/sec) = 87.0332 res=false
*==== INFO ====* req_id_count= 18500 stream_id=73996 latency=0.778597 ms (tx_ts=158004144488892, rx_ts=158004145267489) request_id=728172 zil_blk_id=73996 ccf_commit_seqno=728174 nstreams_done_=18500 config.nstreams=20000 avg_latency=0.7063 ms avg throuhgput (requests/sec) = 87.0358 res=false
*==== INFO ====* req_id_count= 19000 stream_id=75996 latency=0.636851 ms (tx_ts=158009890600845, rx_ts=158009891237696) request_id=747933 zil_blk_id=75996 ccf_commit_seqno=747933 nstreams_done_=19000 config.nstreams=20000 avg_latency=0.7054 ms avg throuhgput (requests/sec) = 87.0353 res=false
*==== INFO ====* req_id_count= 19500 stream_id=77996 latency=0.579745 ms (tx_ts=158015643283546, rx_ts=158015643863291) request_id=767694 zil_blk_id=77996 ccf_commit_seqno=767694 nstreams_done_=19500 config.nstreams=20000 avg_latency=0.7052 ms avg throuhgput (requests/sec) = 87.0323 res=false
*==== INFO ====* http_end_stream ALL streams done! nstreams_done_=20000 avg_latency=0.7052 msreq_id_count= 20000
*==== INFO ====* req_id_count= 20000 stream_id=79996 latency=0.589142 ms (tx_ts=158021365863212, rx_ts=158021366452354) request_id=786987 zil_blk_id=79996 ccf_commit_seqno=786987 nstreams_done_=20000 config.nstreams=20000 avg_latency=0.7052 ms avg throuhgput (requests/sec) = 87.0408 res=true
