Uniform: 597397 145502 138314 937094 582981 
Exponential: -2147483648 -2147483648 -2147483648 -2147483648 -2147483648 
Truncated Normal: 176216 394958 537860 379668 453109 
*==== INFO ====* req_id_count= 500 stream_id=1996 latency=0.532079 ms (tx_ts=157797354094763, rx_ts=157797354626842) request_id=19186 zil_blk_id=732 ccf_commit_seqno=19186 nstreams_done_=500 config.nstreams=20000 avg_latency=0.6745 ms avg throuhgput (requests/sec) = 86.6987 res=false
*==== INFO ====* req_id_count= 1000 stream_id=3996 latency=0.637032 ms (tx_ts=157803100225318, rx_ts=157803100862350) request_id=38787 zil_blk_id=6093 ccf_commit_seqno=38788 nstreams_done_=1000 config.nstreams=20000 avg_latency=0.6694 ms avg throuhgput (requests/sec) = 86.8558 res=false
*==== INFO ====* req_id_count= 1500 stream_id=5996 latency=0.723765 ms (tx_ts=157808825572808, rx_ts=157808826296573) request_id=58348 zil_blk_id=11444 ccf_commit_seqno=58348 nstreams_done_=1500 config.nstreams=20000 avg_latency=0.6639 ms avg throuhgput (requests/sec) = 87.0132 res=false
*==== INFO ====* req_id_count= 2000 stream_id=7996 latency=0.606876 ms (tx_ts=157814572471773, rx_ts=157814573078649) request_id=78044 zil_blk_id=16812 ccf_commit_seqno=78044 nstreams_done_=2000 config.nstreams=20000 avg_latency=0.6609 ms avg throuhgput (requests/sec) = 87.0112 res=false
*==== INFO ====* req_id_count= 2500 stream_id=9996 latency=0.528199 ms (tx_ts=157820302963159, rx_ts=157820303491358) request_id=97657 zil_blk_id=22168 ccf_commit_seqno=97657 nstreams_done_=2500 config.nstreams=20000 avg_latency=0.6577 ms avg throuhgput (requests/sec) = 87.0596 res=false
*==== INFO ====* req_id_count= 3000 stream_id=11996 latency=0.834271 ms (tx_ts=157826045313340, rx_ts=157826046147611) request_id=117325 zil_blk_id=27538 ccf_commit_seqno=117326 nstreams_done_=3000 config.nstreams=20000 avg_latency=0.6538 ms avg throuhgput (requests/sec) = 87.0609 res=false
*==== INFO ====* req_id_count= 3500 stream_id=13996 latency=0.691167 ms (tx_ts=157831773998173, rx_ts=157831774689340) request_id=136934 zil_blk_id=32896 ccf_commit_seqno=136935 nstreams_done_=3500 config.nstreams=20000 avg_latency=0.6526 ms avg throuhgput (requests/sec) = 87.0925 res=false
*==== INFO ====* req_id_count= 4000 stream_id=15996 latency=0.766114 ms (tx_ts=157837500464037, rx_ts=157837501230151) request_id=156526 zil_blk_id=38247 ccf_commit_seqno=156527 nstreams_done_=4000 config.nstreams=20000 avg_latency=0.6525 ms avg throuhgput (requests/sec) = 87.1200 res=false
*==== INFO ====* req_id_count= 4500 stream_id=17996 latency=0.542255 ms (tx_ts=157843142308228, rx_ts=157843142850483) request_id=175882 zil_blk_id=43523 ccf_commit_seqno=175882 nstreams_done_=4500 config.nstreams=20000 avg_latency=0.6556 ms avg throuhgput (requests/sec) = 87.2849 res=false
*==== INFO ====* req_id_count= 5000 stream_id=19996 latency=0.640398 ms (tx_ts=157848861885208, rx_ts=157848862525606) request_id=195478 zil_blk_id=48887 ccf_commit_seqno=195479 nstreams_done_=5000 config.nstreams=20000 avg_latency=0.6560 ms avg throuhgput (requests/sec) = 87.2981 res=false
*==== INFO ====* req_id_count= 5500 stream_id=21996 latency=0.529460 ms (tx_ts=157854575095717, rx_ts=157854575625177) request_id=215069 zil_blk_id=54243 ccf_commit_seqno=215069 nstreams_done_=5500 config.nstreams=20000 avg_latency=0.6563 ms avg throuhgput (requests/sec) = 87.3181 res=false
*==== INFO ====* req_id_count= 6000 stream_id=23996 latency=0.718354 ms (tx_ts=157860305524743, rx_ts=157860306243097) request_id=234754 zil_blk_id=59605 ccf_commit_seqno=234756 nstreams_done_=6000 config.nstreams=20000 avg_latency=0.6563 ms avg throuhgput (requests/sec) = 87.3125 res=false
*==== INFO ====* req_id_count= 6500 stream_id=25996 latency=0.569896 ms (tx_ts=157866022045158, rx_ts=157866022615054) request_id=254353 zil_blk_id=64957 ccf_commit_seqno=254353 nstreams_done_=6500 config.nstreams=20000 avg_latency=0.6566 ms avg throuhgput (requests/sec) = 87.3244 res=false
*==== INFO ====* req_id_count= 7000 stream_id=27996 latency=0.557824 ms (tx_ts=157871752728433, rx_ts=157871753286257) request_id=274024 zil_blk_id=70326 ccf_commit_seqno=274024 nstreams_done_=7000 config.nstreams=20000 avg_latency=0.6585 ms avg throuhgput (requests/sec) = 87.3191 res=false
*==== INFO ====* req_id_count= 7500 stream_id=29996 latency=2.131378 ms (tx_ts=157877455982661, rx_ts=157877458114039) request_id=293583 zil_blk_id=75674 ccf_commit_seqno=293583 nstreams_done_=7500 config.nstreams=20000 avg_latency=0.6598 ms avg throuhgput (requests/sec) = 87.3407 res=false
*==== INFO ====* req_id_count= 8000 stream_id=31996 latency=0.748491 ms (tx_ts=157883195620193, rx_ts=157883196368684) request_id=313257 zil_blk_id=81051 ccf_commit_seqno=313257 nstreams_done_=8000 config.nstreams=20000 avg_latency=0.6589 ms avg throuhgput (requests/sec) = 87.3278 res=false
*==== INFO ====* req_id_count= 8500 stream_id=33996 latency=0.519641 ms (tx_ts=157888913013262, rx_ts=157888913532903) request_id=332875 zil_blk_id=86412 ccf_commit_seqno=332875 nstreams_done_=8500 config.nstreams=20000 avg_latency=0.6596 ms avg throuhgput (requests/sec) = 87.3353 res=false
*==== INFO ====* req_id_count= 9000 stream_id=35996 latency=0.661036 ms (tx_ts=157894631365955, rx_ts=157894632026991) request_id=352494 zil_blk_id=91775 ccf_commit_seqno=352494 nstreams_done_=9000 config.nstreams=20000 avg_latency=0.6594 ms avg throuhgput (requests/sec) = 87.3409 res=false
*==== INFO ====* req_id_count= 9500 stream_id=37996 latency=0.564175 ms (tx_ts=157900354340231, rx_ts=157900354904406) request_id=372091 zil_blk_id=97142 ccf_commit_seqno=372091 nstreams_done_=9500 config.nstreams=20000 avg_latency=0.6597 ms avg throuhgput (requests/sec) = 87.3424 res=false
*==== INFO ====* req_id_count= 10000 stream_id=39996 latency=0.549738 ms (tx_ts=157906060041422, rx_ts=157906060591160) request_id=391631 zil_blk_id=102495 ccf_commit_seqno=391631 nstreams_done_=10000 config.nstreams=20000 avg_latency=0.6600 ms avg throuhgput (requests/sec) = 87.3568 res=false
*==== INFO ====* req_id_count= 10500 stream_id=41996 latency=0.514783 ms (tx_ts=157911794742529, rx_ts=157911795257312) request_id=411317 zil_blk_id=107878 ccf_commit_seqno=411317 nstreams_done_=10500 config.nstreams=20000 avg_latency=0.6606 ms avg throuhgput (requests/sec) = 87.3488 res=false
*==== INFO ====* req_id_count= 11000 stream_id=43996 latency=0.516436 ms (tx_ts=157917534161176, rx_ts=157917534677612) request_id=430950 zil_blk_id=113269 ccf_commit_seqno=430950 nstreams_done_=11000 config.nstreams=20000 avg_latency=0.6612 ms avg throuhgput (requests/sec) = 87.3382 res=false
*==== INFO ====* req_id_count= 11500 stream_id=45996 latency=0.825204 ms (tx_ts=157923197593084, rx_ts=157923198418288) request_id=450364 zil_blk_id=118586 ccf_commit_seqno=450366 nstreams_done_=11500 config.nstreams=20000 avg_latency=0.6617 ms avg throuhgput (requests/sec) = 87.3788 res=false
*==== INFO ====* req_id_count= 12000 stream_id=47996 latency=0.545459 ms (tx_ts=157928731878450, rx_ts=157928732423909) request_id=469334 zil_blk_id=123773 ccf_commit_seqno=469334 nstreams_done_=12000 config.nstreams=20000 avg_latency=0.6636 ms avg throuhgput (requests/sec) = 87.4987 res=false
*==== INFO ====* req_id_count= 12500 stream_id=49996 latency=1.999661 ms (tx_ts=157934254757671, rx_ts=157934256757332) request_id=488299 zil_blk_id=128951 ccf_commit_seqno=488303 nstreams_done_=12500 config.nstreams=20000 avg_latency=0.6649 ms avg throuhgput (requests/sec) = 87.6152 res=false
*==== INFO ====* req_id_count= 13000 stream_id=51996 latency=0.588778 ms (tx_ts=157939869088046, rx_ts=157939869676824) request_id=507563 zil_blk_id=134217 ccf_commit_seqno=507563 nstreams_done_=13000 config.nstreams=20000 avg_latency=0.6652 ms avg throuhgput (requests/sec) = 87.6707 res=false
*==== INFO ====* req_id_count= 13500 stream_id=53996 latency=0.535731 ms (tx_ts=157945598052496, rx_ts=157945598588227) request_id=527151 zil_blk_id=139595 ccf_commit_seqno=527151 nstreams_done_=13500 config.nstreams=20000 avg_latency=0.6662 ms avg throuhgput (requests/sec) = 87.6560 res=false
*==== INFO ====* req_id_count= 14000 stream_id=55996 latency=0.646339 ms (tx_ts=157951308259226, rx_ts=157951308905565) request_id=546773 zil_blk_id=144947 ccf_commit_seqno=546773 nstreams_done_=14000 config.nstreams=20000 avg_latency=0.6659 ms avg throuhgput (requests/sec) = 87.6526 res=false
*==== INFO ====* req_id_count= 14500 stream_id=57996 latency=0.533759 ms (tx_ts=157957103364017, rx_ts=157957103897776) request_id=566633 zil_blk_id=150356 ccf_commit_seqno=566633 nstreams_done_=14500 config.nstreams=20000 avg_latency=0.6689 ms avg throuhgput (requests/sec) = 87.6046 res=false
*==== INFO ====* req_id_count= 15000 stream_id=59996 latency=0.536824 ms (tx_ts=157962785538137, rx_ts=157962786074961) request_id=586128 zil_blk_id=155667 ccf_commit_seqno=586128 nstreams_done_=15000 config.nstreams=20000 avg_latency=0.6683 ms avg throuhgput (requests/sec) = 87.6176 res=false
*==== INFO ====* req_id_count= 15500 stream_id=61996 latency=0.527788 ms (tx_ts=157968480783211, rx_ts=157968481310999) request_id=605650 zil_blk_id=160978 ccf_commit_seqno=605650 nstreams_done_=15500 config.nstreams=20000 avg_latency=0.6678 ms avg throuhgput (requests/sec) = 87.6232 res=false
*==== INFO ====* req_id_count= 16000 stream_id=63996 latency=0.522834 ms (tx_ts=157974224063869, rx_ts=157974224586703) request_id=625345 zil_blk_id=166347 ccf_commit_seqno=625345 nstreams_done_=16000 config.nstreams=20000 avg_latency=0.6694 ms avg throuhgput (requests/sec) = 87.6054 res=false
*==== INFO ====* req_id_count= 16500 stream_id=65996 latency=0.633245 ms (tx_ts=157979927968160, rx_ts=157979928601405) request_id=644957 zil_blk_id=171681 ccf_commit_seqno=644957 nstreams_done_=16500 config.nstreams=20000 avg_latency=0.6691 ms avg throuhgput (requests/sec) = 87.6070 res=false
*==== INFO ====* req_id_count= 17000 stream_id=67996 latency=0.526896 ms (tx_ts=157985457518684, rx_ts=157985458045580) request_id=663965 zil_blk_id=176850 ccf_commit_seqno=663965 nstreams_done_=17000 config.nstreams=20000 avg_latency=0.6701 ms avg throuhgput (requests/sec) = 87.6874 res=false
*==== INFO ====* req_id_count= 17500 stream_id=69996 latency=0.545741 ms (tx_ts=157990958440129, rx_ts=157990958985870) request_id=682872 zil_blk_id=181992 ccf_commit_seqno=682872 nstreams_done_=17500 config.nstreams=20000 avg_latency=0.6700 ms avg throuhgput (requests/sec) = 87.7759 res=false
*==== INFO ====* req_id_count= 18000 stream_id=71996 latency=0.724114 ms (tx_ts=157996460163309, rx_ts=157996460887423) request_id=701774 zil_blk_id=187136 ccf_commit_seqno=701774 nstreams_done_=18000 config.nstreams=20000 avg_latency=0.6698 ms avg throuhgput (requests/sec) = 87.8592 res=false
*==== INFO ====* req_id_count= 18500 stream_id=73996 latency=0.644816 ms (tx_ts=158001980759315, rx_ts=158001981404131) request_id=720748 zil_blk_id=192289 ccf_commit_seqno=720749 nstreams_done_=18500 config.nstreams=20000 avg_latency=0.6704 ms avg throuhgput (requests/sec) = 87.9303 res=false
*==== INFO ====* req_id_count= 19000 stream_id=75996 latency=0.511116 ms (tx_ts=158007479120032, rx_ts=158007479631148) request_id=739643 zil_blk_id=197444 ccf_commit_seqno=739643 nstreams_done_=19000 config.nstreams=20000 avg_latency=0.6697 ms avg throuhgput (requests/sec) = 88.0069 res=false
*==== INFO ====* req_id_count= 19500 stream_id=77996 latency=0.658382 ms (tx_ts=158012981861997, rx_ts=158012982520379) request_id=758552 zil_blk_id=202605 ccf_commit_seqno=758552 nstreams_done_=19500 config.nstreams=20000 avg_latency=0.6696 ms avg throuhgput (requests/sec) = 88.0779 res=false
*==== INFO ====* http_end_stream ALL streams done! nstreams_done_=20000 avg_latency=0.6695 msreq_id_count= 20000
*==== INFO ====* req_id_count= 20000 stream_id=79996 latency=0.776032 ms (tx_ts=158018491030664, rx_ts=158018491806696) request_id=777482 zil_blk_id=207773 ccf_commit_seqno=777482 nstreams_done_=20000 config.nstreams=20000 avg_latency=0.6695 ms avg throuhgput (requests/sec) = 88.1429 res=true
