Uniform: 113838 540336 30295 91361 718023 
Exponential: -2147483648 -2147483648 -2147483648 -2147483648 -2147483648 
Truncated Normal: 378373 119207 360087 486934 560105 
*==== INFO ====* req_id_count= 500 stream_id=1996 latency=0.906777 ms (tx_ts=157797453112602, rx_ts=157797454019379) request_id=19518 zil_blk_id=1996 ccf_commit_seqno=19518 nstreams_done_=500 config.nstreams=20000 avg_latency=0.8030 ms avg throuhgput (requests/sec) = 85.3229 res=false
*==== INFO ====* req_id_count= 1000 stream_id=3996 latency=0.818492 ms (tx_ts=157803313279564, rx_ts=157803314098056) request_id=39502 zil_blk_id=3996 ccf_commit_seqno=39503 nstreams_done_=1000 config.nstreams=20000 avg_latency=0.7833 ms avg throuhgput (requests/sec) = 85.3230 res=false
*==== INFO ====* req_id_count= 1500 stream_id=5996 latency=0.679130 ms (tx_ts=157809130404902, rx_ts=157809131084032) request_id=59381 zil_blk_id=5996 ccf_commit_seqno=59381 nstreams_done_=1500 config.nstreams=20000 avg_latency=0.7789 ms avg throuhgput (requests/sec) = 85.5327 res=false
*==== INFO ====* req_id_count= 2000 stream_id=7996 latency=0.974243 ms (tx_ts=157814954746541, rx_ts=157814955720784) request_id=79341 zil_blk_id=7996 ccf_commit_seqno=79343 nstreams_done_=2000 config.nstreams=20000 avg_latency=0.7766 ms avg throuhgput (requests/sec) = 85.6099 res=false
*==== INFO ====* req_id_count= 2500 stream_id=9996 latency=0.752218 ms (tx_ts=157820779033988, rx_ts=157820779786206) request_id=99281 zil_blk_id=9996 ccf_commit_seqno=99281 nstreams_done_=2500 config.nstreams=20000 avg_latency=0.7695 ms avg throuhgput (requests/sec) = 85.6579 res=false
*==== INFO ====* req_id_count= 3000 stream_id=11996 latency=0.808603 ms (tx_ts=157826588446630, rx_ts=157826589255233) request_id=119175 zil_blk_id=11996 ccf_commit_seqno=119175 nstreams_done_=3000 config.nstreams=20000 avg_latency=0.7686 ms avg throuhgput (requests/sec) = 85.7257 res=false
*==== INFO ====* req_id_count= 3500 stream_id=13996 latency=0.611344 ms (tx_ts=157832411424309, rx_ts=157832412035653) request_id=139104 zil_blk_id=13996 ccf_commit_seqno=139104 nstreams_done_=3500 config.nstreams=20000 avg_latency=0.7696 ms avg throuhgput (requests/sec) = 85.7463 res=false
*==== INFO ====* req_id_count= 4000 stream_id=15996 latency=0.634558 ms (tx_ts=157838216214611, rx_ts=157838216849169) request_id=158981 zil_blk_id=15996 ccf_commit_seqno=158981 nstreams_done_=4000 config.nstreams=20000 avg_latency=0.7674 ms avg throuhgput (requests/sec) = 85.7947 res=false
*==== INFO ====* req_id_count= 4500 stream_id=17996 latency=0.615371 ms (tx_ts=157844010254616, rx_ts=157844010869987) request_id=178852 zil_blk_id=17996 ccf_commit_seqno=178852 nstreams_done_=4500 config.nstreams=20000 avg_latency=0.7674 ms avg throuhgput (requests/sec) = 85.8501 res=false
*==== INFO ====* req_id_count= 5000 stream_id=19996 latency=0.720167 ms (tx_ts=157849808107339, rx_ts=157849808827506) request_id=198721 zil_blk_id=19996 ccf_commit_seqno=198722 nstreams_done_=5000 config.nstreams=20000 avg_latency=0.7696 ms avg throuhgput (requests/sec) = 85.8887 res=false
*==== INFO ====* req_id_count= 5500 stream_id=21996 latency=1.072287 ms (tx_ts=157855613027802, rx_ts=157855614100089) request_id=218634 zil_blk_id=21996 ccf_commit_seqno=218634 nstreams_done_=5500 config.nstreams=20000 avg_latency=0.7681 ms avg throuhgput (requests/sec) = 85.9104 res=false
*==== INFO ====* req_id_count= 6000 stream_id=23996 latency=0.797823 ms (tx_ts=157861419405470, rx_ts=157861420203293) request_id=238572 zil_blk_id=23996 ccf_commit_seqno=238573 nstreams_done_=6000 config.nstreams=20000 avg_latency=0.7672 ms avg throuhgput (requests/sec) = 85.9275 res=false
*==== INFO ====* req_id_count= 6500 stream_id=25996 latency=0.747349 ms (tx_ts=157867222202365, rx_ts=157867222949714) request_id=258469 zil_blk_id=25996 ccf_commit_seqno=258471 nstreams_done_=6500 config.nstreams=20000 avg_latency=0.7679 ms avg throuhgput (requests/sec) = 85.9458 res=false
*==== INFO ====* req_id_count= 7000 stream_id=27996 latency=0.856462 ms (tx_ts=157873018298190, rx_ts=157873019154652) request_id=278373 zil_blk_id=27996 ccf_commit_seqno=278373 nstreams_done_=7000 config.nstreams=20000 avg_latency=0.7697 ms avg throuhgput (requests/sec) = 85.9684 res=false
*==== INFO ====* req_id_count= 7500 stream_id=29996 latency=0.748739 ms (tx_ts=157878825143537, rx_ts=157878825892276) request_id=298283 zil_blk_id=29996 ccf_commit_seqno=298283 nstreams_done_=7500 config.nstreams=20000 avg_latency=0.7703 ms avg throuhgput (requests/sec) = 85.9777 res=false
*==== INFO ====* req_id_count= 8000 stream_id=31996 latency=0.774349 ms (tx_ts=157884644881405, rx_ts=157884645655754) request_id=318234 zil_blk_id=31996 ccf_commit_seqno=318234 nstreams_done_=8000 config.nstreams=20000 avg_latency=0.7709 ms avg throuhgput (requests/sec) = 85.9737 res=false
*==== INFO ====* req_id_count= 8500 stream_id=33996 latency=0.715789 ms (tx_ts=157890451569828, rx_ts=157890452285617) request_id=338154 zil_blk_id=33996 ccf_commit_seqno=338155 nstreams_done_=8500 config.nstreams=20000 avg_latency=0.7698 ms avg throuhgput (requests/sec) = 85.9816 res=false
*==== INFO ====* req_id_count= 9000 stream_id=35996 latency=0.635168 ms (tx_ts=157896275090228, rx_ts=157896275725396) request_id=358117 zil_blk_id=35996 ccf_commit_seqno=358117 nstreams_done_=9000 config.nstreams=20000 avg_latency=0.7700 ms avg throuhgput (requests/sec) = 85.9748 res=false
*==== INFO ====* req_id_count= 9500 stream_id=37996 latency=0.767376 ms (tx_ts=157902093422294, rx_ts=157902094189670) request_id=378051 zil_blk_id=37996 ccf_commit_seqno=378051 nstreams_done_=9500 config.nstreams=20000 avg_latency=0.7698 ms avg throuhgput (requests/sec) = 85.9726 res=false
*==== INFO ====* req_id_count= 10000 stream_id=39996 latency=0.803663 ms (tx_ts=157907903247083, rx_ts=157907904050746) request_id=397954 zil_blk_id=39996 ccf_commit_seqno=397954 nstreams_done_=10000 config.nstreams=20000 avg_latency=0.7700 ms avg throuhgput (requests/sec) = 85.9770 res=false
*==== INFO ====* req_id_count= 10500 stream_id=41996 latency=0.679310 ms (tx_ts=157913715610176, rx_ts=157913716289486) request_id=417921 zil_blk_id=41996 ccf_commit_seqno=417921 nstreams_done_=10500 config.nstreams=20000 avg_latency=0.7698 ms avg throuhgput (requests/sec) = 85.9793 res=false
*==== INFO ====* req_id_count= 11000 stream_id=43996 latency=0.674693 ms (tx_ts=157919555696368, rx_ts=157919556371061) request_id=437870 zil_blk_id=43996 ccf_commit_seqno=437870 nstreams_done_=11000 config.nstreams=20000 avg_latency=0.7717 ms avg throuhgput (requests/sec) = 85.9627 res=false
*==== INFO ====* req_id_count= 11500 stream_id=45996 latency=0.676846 ms (tx_ts=157925365319952, rx_ts=157925365996798) request_id=457811 zil_blk_id=45996 ccf_commit_seqno=457811 nstreams_done_=11500 config.nstreams=20000 avg_latency=0.7719 ms avg throuhgput (requests/sec) = 85.9671 res=false
*==== INFO ====* req_id_count= 12000 stream_id=47996 latency=0.760362 ms (tx_ts=157931193940694, rx_ts=157931194701056) request_id=477793 zil_blk_id=47996 ccf_commit_seqno=477793 nstreams_done_=12000 config.nstreams=20000 avg_latency=0.7726 ms avg throuhgput (requests/sec) = 85.9594 res=false
*==== INFO ====* req_id_count= 12500 stream_id=49996 latency=0.616744 ms (tx_ts=157937008903340, rx_ts=157937009520084) request_id=497758 zil_blk_id=49996 ccf_commit_seqno=497758 nstreams_done_=12500 config.nstreams=20000 avg_latency=0.7726 ms avg throuhgput (requests/sec) = 85.9605 res=false
*==== INFO ====* req_id_count= 13000 stream_id=51996 latency=0.856471 ms (tx_ts=157942832272074, rx_ts=157942833128545) request_id=517728 zil_blk_id=51996 ccf_commit_seqno=517732 nstreams_done_=13000 config.nstreams=20000 avg_latency=0.7721 ms avg throuhgput (requests/sec) = 85.9566 res=false
*==== INFO ====* req_id_count= 13500 stream_id=53996 latency=0.673420 ms (tx_ts=157948638916847, rx_ts=157948639590267) request_id=537609 zil_blk_id=53996 ccf_commit_seqno=537610 nstreams_done_=13500 config.nstreams=20000 avg_latency=0.7725 ms avg throuhgput (requests/sec) = 85.9623 res=false
*==== INFO ====* req_id_count= 14000 stream_id=55996 latency=0.686825 ms (tx_ts=157954431903961, rx_ts=157954432590786) request_id=557485 zil_blk_id=55996 ccf_commit_seqno=557485 nstreams_done_=14000 config.nstreams=20000 avg_latency=0.7725 ms avg throuhgput (requests/sec) = 85.9747 res=false
*==== INFO ====* req_id_count= 14500 stream_id=57996 latency=0.642121 ms (tx_ts=157960246258415, rx_ts=157960246900536) request_id=577429 zil_blk_id=57996 ccf_commit_seqno=577429 nstreams_done_=14500 config.nstreams=20000 avg_latency=0.7715 ms avg throuhgput (requests/sec) = 85.9754 res=false
*==== INFO ====* req_id_count= 15000 stream_id=59996 latency=0.760953 ms (tx_ts=157966057767333, rx_ts=157966058528286) request_id=597347 zil_blk_id=59996 ccf_commit_seqno=597348 nstreams_done_=15000 config.nstreams=20000 avg_latency=0.7720 ms avg throuhgput (requests/sec) = 85.9773 res=false
*==== INFO ====* req_id_count= 15500 stream_id=61996 latency=0.744365 ms (tx_ts=157971850129657, rx_ts=157971850874022) request_id=617198 zil_blk_id=61996 ccf_commit_seqno=617198 nstreams_done_=15500 config.nstreams=20000 avg_latency=0.7721 ms avg throuhgput (requests/sec) = 85.9884 res=false
*==== INFO ====* req_id_count= 16000 stream_id=63996 latency=0.868024 ms (tx_ts=157977663956962, rx_ts=157977664824986) request_id=637177 zil_blk_id=63996 ccf_commit_seqno=637177 nstreams_done_=16000 config.nstreams=20000 avg_latency=0.7722 ms avg throuhgput (requests/sec) = 85.9887 res=false
*==== INFO ====* req_id_count= 16500 stream_id=65996 latency=0.683929 ms (tx_ts=157983462714670, rx_ts=157983463398599) request_id=657110 zil_blk_id=65996 ccf_commit_seqno=657110 nstreams_done_=16500 config.nstreams=20000 avg_latency=0.7724 ms avg throuhgput (requests/sec) = 85.9960 res=false
*==== INFO ====* req_id_count= 17000 stream_id=67996 latency=0.632142 ms (tx_ts=157989250799128, rx_ts=157989251431270) request_id=676999 zil_blk_id=67996 ccf_commit_seqno=676999 nstreams_done_=17000 config.nstreams=20000 avg_latency=0.7721 ms avg throuhgput (requests/sec) = 86.0074 res=false
*==== INFO ====* req_id_count= 17500 stream_id=69996 latency=0.937463 ms (tx_ts=157995034702696, rx_ts=157995035640159) request_id=696878 zil_blk_id=69996 ccf_commit_seqno=696880 nstreams_done_=17500 config.nstreams=20000 avg_latency=0.7724 ms avg throuhgput (requests/sec) = 86.0197 res=false
*==== INFO ====* req_id_count= 18000 stream_id=71996 latency=0.676847 ms (tx_ts=158000820167751, rx_ts=158000820844598) request_id=716747 zil_blk_id=71996 ccf_commit_seqno=716747 nstreams_done_=18000 config.nstreams=20000 avg_latency=0.7725 ms avg throuhgput (requests/sec) = 86.0310 res=false
*==== INFO ====* req_id_count= 18500 stream_id=73996 latency=0.893111 ms (tx_ts=158006596341136, rx_ts=158006597234247) request_id=736606 zil_blk_id=73996 ccf_commit_seqno=736606 nstreams_done_=18500 config.nstreams=20000 avg_latency=0.7718 ms avg throuhgput (requests/sec) = 86.0452 res=false
*==== INFO ====* req_id_count= 19000 stream_id=75996 latency=0.635229 ms (tx_ts=158012383768022, rx_ts=158012384403251) request_id=756505 zil_blk_id=75996 ccf_commit_seqno=756505 nstreams_done_=19000 config.nstreams=20000 avg_latency=0.7717 ms avg throuhgput (requests/sec) = 86.0544 res=false
*==== INFO ====* req_id_count= 19500 stream_id=77996 latency=0.916996 ms (tx_ts=158018157552676, rx_ts=158018158469672) request_id=776332 zil_blk_id=77996 ccf_commit_seqno=776334 nstreams_done_=19500 config.nstreams=20000 avg_latency=0.7715 ms avg throuhgput (requests/sec) = 86.0682 res=false
*==== INFO ====* http_end_stream ALL streams done! nstreams_done_=20000 avg_latency=0.7715 msreq_id_count= 20000
*==== INFO ====* req_id_count= 20000 stream_id=79996 latency=0.698341 ms (tx_ts=158023964041077, rx_ts=158023964739418) request_id=794281 zil_blk_id=79996 ccf_commit_seqno=794281 nstreams_done_=20000 config.nstreams=20000 avg_latency=0.7715 ms avg throuhgput (requests/sec) = 86.0693 res=true
