Uniform: 232447 401869 789160 39536 789251 
Exponential: -2147483648 -2147483648 -2147483648 -2147483648 -2147483648 
Truncated Normal: 866344 804847 439459 840249 271532 
*==== INFO ====* req_id_count= 500 stream_id=1996 latency=0.594743 ms (tx_ts=157797306678933, rx_ts=157797307273676) request_id=19032 zil_blk_id=1996 ccf_commit_seqno=19032 nstreams_done_=500 config.nstreams=20000 avg_latency=0.7038 ms avg throuhgput (requests/sec) = 87.4500 res=false
*==== INFO ====* req_id_count= 1000 stream_id=3996 latency=0.738031 ms (tx_ts=157803057168676, rx_ts=157803057906707) request_id=38642 zil_blk_id=3996 ccf_commit_seqno=38643 nstreams_done_=1000 config.nstreams=20000 avg_latency=0.7153 ms avg throuhgput (requests/sec) = 87.1977 res=false
*==== INFO ====* req_id_count= 1500 stream_id=5996 latency=0.577792 ms (tx_ts=157808801573858, rx_ts=157808802151650) request_id=58265 zil_blk_id=5996 ccf_commit_seqno=58265 nstreams_done_=1500 config.nstreams=20000 avg_latency=0.7130 ms avg throuhgput (requests/sec) = 87.1463 res=false
*==== INFO ====* req_id_count= 2000 stream_id=7996 latency=0.623066 ms (tx_ts=157814504951189, rx_ts=157814505574255) request_id=77813 zil_blk_id=7996 ccf_commit_seqno=77813 nstreams_done_=2000 config.nstreams=20000 avg_latency=0.7122 ms avg throuhgput (requests/sec) = 87.2758 res=false
*==== INFO ====* req_id_count= 2500 stream_id=9996 latency=0.629618 ms (tx_ts=157820231228754, rx_ts=157820231858372) request_id=97412 zil_blk_id=9996 ccf_commit_seqno=97413 nstreams_done_=2500 config.nstreams=20000 avg_latency=0.7168 ms avg throuhgput (requests/sec) = 87.2840 res=false
*==== INFO ====* req_id_count= 3000 stream_id=11996 latency=0.781984 ms (tx_ts=157825971301508, rx_ts=157825972083492) request_id=117069 zil_blk_id=11996 ccf_commit_seqno=117069 nstreams_done_=3000 config.nstreams=20000 avg_latency=0.7159 ms avg throuhgput (requests/sec) = 87.2540 res=false
*==== INFO ====* req_id_count= 3500 stream_id=13996 latency=0.734347 ms (tx_ts=157831688047526, rx_ts=157831688781873) request_id=136639 zil_blk_id=13996 ccf_commit_seqno=136639 nstreams_done_=3500 config.nstreams=20000 avg_latency=0.7135 ms avg throuhgput (requests/sec) = 87.2838 res=false
*==== INFO ====* req_id_count= 4000 stream_id=15996 latency=0.950608 ms (tx_ts=157837410087303, rx_ts=157837411037911) request_id=156220 zil_blk_id=15996 ccf_commit_seqno=156220 nstreams_done_=4000 config.nstreams=20000 avg_latency=0.7141 ms avg throuhgput (requests/sec) = 87.2956 res=false
*==== INFO ====* req_id_count= 4500 stream_id=17996 latency=0.611935 ms (tx_ts=157843111254972, rx_ts=157843111866907) request_id=175776 zil_blk_id=17996 ccf_commit_seqno=175776 nstreams_done_=4500 config.nstreams=20000 avg_latency=0.7140 ms avg throuhgput (requests/sec) = 87.3411 res=false
*==== INFO ====* req_id_count= 5000 stream_id=19996 latency=0.588451 ms (tx_ts=157848832466720, rx_ts=157848833055171) request_id=195383 zil_blk_id=19996 ccf_commit_seqno=195383 nstreams_done_=5000 config.nstreams=20000 avg_latency=0.7162 ms avg throuhgput (requests/sec) = 87.3464 res=false
*==== INFO ====* req_id_count= 5500 stream_id=21996 latency=0.593897 ms (tx_ts=157854536199204, rx_ts=157854536793101) request_id=214930 zil_blk_id=21996 ccf_commit_seqno=214930 nstreams_done_=5500 config.nstreams=20000 avg_latency=0.7155 ms avg throuhgput (requests/sec) = 87.3750 res=false
*==== INFO ====* req_id_count= 6000 stream_id=23996 latency=0.674508 ms (tx_ts=157860254691790, rx_ts=157860255366298) request_id=234577 zil_blk_id=23996 ccf_commit_seqno=234577 nstreams_done_=6000 config.nstreams=20000 avg_latency=0.7161 ms avg throuhgput (requests/sec) = 87.3799 res=false
*==== INFO ====* req_id_count= 6500 stream_id=25996 latency=0.802732 ms (tx_ts=157865963954560, rx_ts=157865964757292) request_id=254157 zil_blk_id=25996 ccf_commit_seqno=254159 nstreams_done_=6500 config.nstreams=20000 avg_latency=0.7160 ms avg throuhgput (requests/sec) = 87.3949 res=false
*==== INFO ====* req_id_count= 7000 stream_id=27996 latency=0.569205 ms (tx_ts=157871687831656, rx_ts=157871688400861) request_id=273801 zil_blk_id=27996 ccf_commit_seqno=273801 nstreams_done_=7000 config.nstreams=20000 avg_latency=0.7157 ms avg throuhgput (requests/sec) = 87.3922 res=false
*==== INFO ====* req_id_count= 7500 stream_id=29996 latency=0.906957 ms (tx_ts=157877413202365, rx_ts=157877414109322) request_id=293439 zil_blk_id=29996 ccf_commit_seqno=293440 nstreams_done_=7500 config.nstreams=20000 avg_latency=0.7164 ms avg throuhgput (requests/sec) = 87.3877 res=false
*==== INFO ====* req_id_count= 8000 stream_id=31996 latency=0.738221 ms (tx_ts=157883129674928, rx_ts=157883130413149) request_id=313030 zil_blk_id=31996 ccf_commit_seqno=313031 nstreams_done_=8000 config.nstreams=20000 avg_latency=0.7165 ms avg throuhgput (requests/sec) = 87.3928 res=false
*==== INFO ====* req_id_count= 8500 stream_id=33996 latency=0.654774 ms (tx_ts=157888824981094, rx_ts=157888825635868) request_id=332575 zil_blk_id=33996 ccf_commit_seqno=332575 nstreams_done_=8500 config.nstreams=20000 avg_latency=0.7159 ms avg throuhgput (requests/sec) = 87.4163 res=false
*==== INFO ====* req_id_count= 9000 stream_id=35996 latency=0.634326 ms (tx_ts=157894533515958, rx_ts=157894534150284) request_id=352156 zil_blk_id=35996 ccf_commit_seqno=352156 nstreams_done_=9000 config.nstreams=20000 avg_latency=0.7144 ms avg throuhgput (requests/sec) = 87.4258 res=false
*==== INFO ====* req_id_count= 9500 stream_id=37996 latency=0.707914 ms (tx_ts=157900228953802, rx_ts=157900229661716) request_id=371659 zil_blk_id=37996 ccf_commit_seqno=371660 nstreams_done_=9500 config.nstreams=20000 avg_latency=0.7143 ms avg throuhgput (requests/sec) = 87.4448 res=false
*==== INFO ====* req_id_count= 10000 stream_id=39996 latency=0.627353 ms (tx_ts=157905921183328, rx_ts=157905921810681) request_id=391159 zil_blk_id=39996 ccf_commit_seqno=391159 nstreams_done_=10000 config.nstreams=20000 avg_latency=0.7140 ms avg throuhgput (requests/sec) = 87.4645 res=false
*==== INFO ====* req_id_count= 10500 stream_id=41996 latency=0.712760 ms (tx_ts=157911643346500, rx_ts=157911644059260) request_id=410798 zil_blk_id=41996 ccf_commit_seqno=410798 nstreams_done_=10500 config.nstreams=20000 avg_latency=0.7139 ms avg throuhgput (requests/sec) = 87.4604 res=false
*==== INFO ====* req_id_count= 11000 stream_id=43996 latency=0.674853 ms (tx_ts=157917378543545, rx_ts=157917379218398) request_id=430412 zil_blk_id=43996 ccf_commit_seqno=430413 nstreams_done_=11000 config.nstreams=20000 avg_latency=0.7151 ms avg throuhgput (requests/sec) = 87.4477 res=false
*==== INFO ====* req_id_count= 11500 stream_id=45996 latency=0.561530 ms (tx_ts=157923081313048, rx_ts=157923081874578) request_id=449967 zil_blk_id=45996 ccf_commit_seqno=449967 nstreams_done_=11500 config.nstreams=20000 avg_latency=0.7145 ms avg throuhgput (requests/sec) = 87.4577 res=false
*==== INFO ====* req_id_count= 12000 stream_id=47996 latency=0.595717 ms (tx_ts=157928791610319, rx_ts=157928792206036) request_id=469542 zil_blk_id=47996 ccf_commit_seqno=469542 nstreams_done_=12000 config.nstreams=20000 avg_latency=0.7150 ms avg throuhgput (requests/sec) = 87.4620 res=false
*==== INFO ====* req_id_count= 12500 stream_id=49996 latency=0.799502 ms (tx_ts=157934491621058, rx_ts=157934492420560) request_id=489100 zil_blk_id=49996 ccf_commit_seqno=489101 nstreams_done_=12500 config.nstreams=20000 avg_latency=0.7157 ms avg throuhgput (requests/sec) = 87.4721 res=false
*==== INFO ====* req_id_count= 13000 stream_id=51996 latency=0.589433 ms (tx_ts=157940203390852, rx_ts=157940203980285) request_id=508712 zil_blk_id=51996 ccf_commit_seqno=508712 nstreams_done_=13000 config.nstreams=20000 avg_latency=0.7156 ms avg throuhgput (requests/sec) = 87.4748 res=false
*==== INFO ====* req_id_count= 13500 stream_id=53996 latency=0.599941 ms (tx_ts=157945929873495, rx_ts=157945930473436) request_id=528298 zil_blk_id=53996 ccf_commit_seqno=528298 nstreams_done_=13500 config.nstreams=20000 avg_latency=0.7173 ms avg throuhgput (requests/sec) = 87.4688 res=false
*==== INFO ====* req_id_count= 14000 stream_id=55996 latency=0.820866 ms (tx_ts=157951617859148, rx_ts=157951618680014) request_id=547839 zil_blk_id=55996 ccf_commit_seqno=547839 nstreams_done_=14000 config.nstreams=20000 avg_latency=0.7161 ms avg throuhgput (requests/sec) = 87.4842 res=false
*==== INFO ====* req_id_count= 14500 stream_id=57996 latency=0.628956 ms (tx_ts=157957316814499, rx_ts=157957317443455) request_id=567366 zil_blk_id=57996 ccf_commit_seqno=567366 nstreams_done_=14500 config.nstreams=20000 avg_latency=0.7158 ms avg throuhgput (requests/sec) = 87.4929 res=false
*==== INFO ====* req_id_count= 15000 stream_id=59996 latency=0.620230 ms (tx_ts=157963022237094, rx_ts=157963022857324) request_id=586938 zil_blk_id=59996 ccf_commit_seqno=586938 nstreams_done_=15000 config.nstreams=20000 avg_latency=0.7157 ms avg throuhgput (requests/sec) = 87.4977 res=false
*==== INFO ====* req_id_count= 15500 stream_id=61996 latency=1.743481 ms (tx_ts=157968729037729, rx_ts=157968730781210) request_id=606503 zil_blk_id=61996 ccf_commit_seqno=606503 nstreams_done_=15500 config.nstreams=20000 avg_latency=0.7158 ms avg throuhgput (requests/sec) = 87.5009 res=false
*==== INFO ====* req_id_count= 16000 stream_id=63996 latency=0.581397 ms (tx_ts=157974446630023, rx_ts=157974447211420) request_id=626109 zil_blk_id=63996 ccf_commit_seqno=626109 nstreams_done_=16000 config.nstreams=20000 avg_latency=0.7166 ms avg throuhgput (requests/sec) = 87.4998 res=false
*==== INFO ====* req_id_count= 16500 stream_id=65996 latency=0.634266 ms (tx_ts=157980146658925, rx_ts=157980147293191) request_id=645707 zil_blk_id=65996 ccf_commit_seqno=645707 nstreams_done_=16500 config.nstreams=20000 avg_latency=0.7164 ms avg throuhgput (requests/sec) = 87.5064 res=false
*==== INFO ====* req_id_count= 17000 stream_id=67996 latency=0.673082 ms (tx_ts=157985842385241, rx_ts=157985843058323) request_id=665284 zil_blk_id=67996 ccf_commit_seqno=665284 nstreams_done_=17000 config.nstreams=20000 avg_latency=0.7160 ms avg throuhgput (requests/sec) = 87.5146 res=false
*==== INFO ====* req_id_count= 17500 stream_id=69996 latency=0.649692 ms (tx_ts=157991522201622, rx_ts=157991522851314) request_id=684813 zil_blk_id=69996 ccf_commit_seqno=684813 nstreams_done_=17500 config.nstreams=20000 avg_latency=0.7153 ms avg throuhgput (requests/sec) = 87.5293 res=false
*==== INFO ====* req_id_count= 18000 stream_id=71996 latency=0.606124 ms (tx_ts=157997227427059, rx_ts=157997228033183) request_id=704407 zil_blk_id=71996 ccf_commit_seqno=704407 nstreams_done_=18000 config.nstreams=20000 avg_latency=0.7153 ms avg throuhgput (requests/sec) = 87.5323 res=false
*==== INFO ====* req_id_count= 18500 stream_id=73996 latency=0.662279 ms (tx_ts=158002915132225, rx_ts=158002915794504) request_id=723963 zil_blk_id=73996 ccf_commit_seqno=723963 nstreams_done_=18500 config.nstreams=20000 avg_latency=0.7146 ms avg throuhgput (requests/sec) = 87.5424 res=false
*==== INFO ====* req_id_count= 19000 stream_id=75996 latency=0.553065 ms (tx_ts=158008618652359, rx_ts=158008619205424) request_id=743561 zil_blk_id=75996 ccf_commit_seqno=743561 nstreams_done_=19000 config.nstreams=20000 avg_latency=0.7142 ms avg throuhgput (requests/sec) = 87.5457 res=false
*==== INFO ====* req_id_count= 19500 stream_id=77996 latency=0.762296 ms (tx_ts=158014331014691, rx_ts=158014331776987) request_id=763190 zil_blk_id=77996 ccf_commit_seqno=763191 nstreams_done_=19500 config.nstreams=20000 avg_latency=0.7139 ms avg throuhgput (requests/sec) = 87.5452 res=false
*==== INFO ====* http_end_stream ALL streams done! nstreams_done_=20000 avg_latency=0.7135 msreq_id_count= 20000
*==== INFO ====* req_id_count= 20000 stream_id=79996 latency=0.732159 ms (tx_ts=158020032454665, rx_ts=158020033186824) request_id=782642 zil_blk_id=79996 ccf_commit_seqno=782643 nstreams_done_=20000 config.nstreams=20000 avg_latency=0.7135 ms avg throuhgput (requests/sec) = 87.5490 res=true
