Uniform: 999474 600963 880850 232189 132698 
Exponential: -2147483648 -2147483648 -2147483648 -2147483648 -2147483648 
Truncated Normal: 572960 716117 188251 88278 711367 
*==== INFO ====* req_id_count= 500 stream_id=1996 latency=0.837187 ms (tx_ts=157797620922730, rx_ts=157797621759917) request_id=20074 zil_blk_id=1996 ccf_commit_seqno=20075 nstreams_done_=500 config.nstreams=20000 avg_latency=0.9191 ms avg throuhgput (requests/sec) = 83.1205 res=false
*==== INFO ====* req_id_count= 1000 stream_id=3996 latency=0.998318 ms (tx_ts=157803581518898, rx_ts=157803582517216) request_id=40401 zil_blk_id=3996 ccf_commit_seqno=40401 nstreams_done_=1000 config.nstreams=20000 avg_latency=0.9243 ms avg throuhgput (requests/sec) = 83.4995 res=false
*==== INFO ====* req_id_count= 1500 stream_id=5996 latency=0.782384 ms (tx_ts=157809534846033, rx_ts=157809535628417) request_id=60743 zil_blk_id=5996 ccf_commit_seqno=60743 nstreams_done_=1500 config.nstreams=20000 avg_latency=0.9256 ms avg throuhgput (requests/sec) = 83.6623 res=false
*==== INFO ====* req_id_count= 2000 stream_id=7996 latency=0.823791 ms (tx_ts=157815498594763, rx_ts=157815499418554) request_id=81183 zil_blk_id=7996 ccf_commit_seqno=81183 nstreams_done_=2000 config.nstreams=20000 avg_latency=0.9297 ms avg throuhgput (requests/sec) = 83.7064 res=false
*==== INFO ====* req_id_count= 2500 stream_id=9996 latency=0.919170 ms (tx_ts=157821389443140, rx_ts=157821390362310) request_id=101359 zil_blk_id=9996 ccf_commit_seqno=101360 nstreams_done_=2500 config.nstreams=20000 avg_latency=0.9223 ms avg throuhgput (requests/sec) = 83.9378 res=false
*==== INFO ====* req_id_count= 3000 stream_id=11996 latency=0.936743 ms (tx_ts=157827309426277, rx_ts=157827310363020) request_id=121633 zil_blk_id=11996 ccf_commit_seqno=121635 nstreams_done_=3000 config.nstreams=20000 avg_latency=0.9194 ms avg throuhgput (requests/sec) = 84.0243 res=false
*==== INFO ====* req_id_count= 3500 stream_id=13996 latency=0.787053 ms (tx_ts=157833239920083, rx_ts=157833240707136) request_id=141927 zil_blk_id=13996 ccf_commit_seqno=141927 nstreams_done_=3500 config.nstreams=20000 avg_latency=0.9194 ms avg throuhgput (requests/sec) = 84.0653 res=false
*==== INFO ====* req_id_count= 4000 stream_id=15996 latency=0.813712 ms (tx_ts=157839162330173, rx_ts=157839163143885) request_id=162213 zil_blk_id=15996 ccf_commit_seqno=162213 nstreams_done_=4000 config.nstreams=20000 avg_latency=0.9198 ms avg throuhgput (requests/sec) = 84.1100 res=false
*==== INFO ====* req_id_count= 4500 stream_id=17996 latency=0.752518 ms (tx_ts=157845082406033, rx_ts=157845083158551) request_id=182512 zil_blk_id=17996 ccf_commit_seqno=182512 nstreams_done_=4500 config.nstreams=20000 avg_latency=0.9201 ms avg throuhgput (requests/sec) = 84.1487 res=false
*==== INFO ====* req_id_count= 5000 stream_id=19996 latency=0.891608 ms (tx_ts=157851009473747, rx_ts=157851010365355) request_id=202831 zil_blk_id=19996 ccf_commit_seqno=202831 nstreams_done_=5000 config.nstreams=20000 avg_latency=0.9232 ms avg throuhgput (requests/sec) = 84.1695 res=false
*==== INFO ====* req_id_count= 5500 stream_id=21996 latency=0.839294 ms (tx_ts=157856919333238, rx_ts=157856920172532) request_id=223103 zil_blk_id=21996 ccf_commit_seqno=223103 nstreams_done_=5500 config.nstreams=20000 avg_latency=0.9203 ms avg throuhgput (requests/sec) = 84.2089 res=false
*==== INFO ====* req_id_count= 6000 stream_id=23996 latency=0.967530 ms (tx_ts=157862830450758, rx_ts=157862831418288) request_id=243404 zil_blk_id=23996 ccf_commit_seqno=243404 nstreams_done_=6000 config.nstreams=20000 avg_latency=0.9169 ms avg throuhgput (requests/sec) = 84.2401 res=false
*==== INFO ====* req_id_count= 6500 stream_id=25996 latency=0.740025 ms (tx_ts=157868745060489, rx_ts=157868745800514) request_id=263676 zil_blk_id=25996 ccf_commit_seqno=263676 nstreams_done_=6500 config.nstreams=20000 avg_latency=0.9162 ms avg throuhgput (requests/sec) = 84.2630 res=false
*==== INFO ====* req_id_count= 7000 stream_id=27996 latency=1.027172 ms (tx_ts=157874650404595, rx_ts=157874651431767) request_id=283959 zil_blk_id=27996 ccf_commit_seqno=283959 nstreams_done_=7000 config.nstreams=20000 avg_latency=0.9166 ms avg throuhgput (requests/sec) = 84.2916 res=false
*==== INFO ====* req_id_count= 7500 stream_id=29996 latency=0.835283 ms (tx_ts=157880562298844, rx_ts=157880563134127) request_id=304221 zil_blk_id=29996 ccf_commit_seqno=304222 nstreams_done_=7500 config.nstreams=20000 avg_latency=0.9162 ms avg throuhgput (requests/sec) = 84.3106 res=false
*==== INFO ====* req_id_count= 8000 stream_id=31996 latency=0.805575 ms (tx_ts=157886454811538, rx_ts=157886455617113) request_id=324433 zil_blk_id=31996 ccf_commit_seqno=324433 nstreams_done_=8000 config.nstreams=20000 avg_latency=0.9149 ms avg throuhgput (requests/sec) = 84.3444 res=false
*==== INFO ====* req_id_count= 8500 stream_id=33996 latency=0.955257 ms (tx_ts=157892362557141, rx_ts=157892363512398) request_id=344712 zil_blk_id=33996 ccf_commit_seqno=344713 nstreams_done_=8500 config.nstreams=20000 avg_latency=0.9149 ms avg throuhgput (requests/sec) = 84.3613 res=false
*==== INFO ====* req_id_count= 9000 stream_id=35996 latency=0.805618 ms (tx_ts=157898277154265, rx_ts=157898277959883) request_id=364972 zil_blk_id=35996 ccf_commit_seqno=364972 nstreams_done_=9000 config.nstreams=20000 avg_latency=0.9146 ms avg throuhgput (requests/sec) = 84.3711 res=false
*==== INFO ====* req_id_count= 9500 stream_id=37996 latency=0.933316 ms (tx_ts=157904172580478, rx_ts=157904173513794) request_id=385168 zil_blk_id=37996 ccf_commit_seqno=385168 nstreams_done_=9500 config.nstreams=20000 avg_latency=0.9136 ms avg throuhgput (requests/sec) = 84.3941 res=false
*==== INFO ====* req_id_count= 10000 stream_id=39996 latency=0.813011 ms (tx_ts=157910087819500, rx_ts=157910088632511) request_id=405444 zil_blk_id=39996 ccf_commit_seqno=405444 nstreams_done_=10000 config.nstreams=20000 avg_latency=0.9128 ms avg throuhgput (requests/sec) = 84.4008 res=false
*==== INFO ====* req_id_count= 10500 stream_id=41996 latency=1.033734 ms (tx_ts=157916017311841, rx_ts=157916018345575) request_id=425740 zil_blk_id=41996 ccf_commit_seqno=425741 nstreams_done_=10500 config.nstreams=20000 avg_latency=0.9135 ms avg throuhgput (requests/sec) = 84.3970 res=false
*==== INFO ====* req_id_count= 11000 stream_id=43996 latency=0.930250 ms (tx_ts=157921935223819, rx_ts=157921936154069) request_id=446034 zil_blk_id=43996 ccf_commit_seqno=446035 nstreams_done_=11000 config.nstreams=20000 avg_latency=0.9135 ms avg throuhgput (requests/sec) = 84.4013 res=false
*==== INFO ====* req_id_count= 11500 stream_id=45996 latency=1.216002 ms (tx_ts=157927852913107, rx_ts=157927854129109) request_id=466315 zil_blk_id=45996 ccf_commit_seqno=466320 nstreams_done_=11500 config.nstreams=20000 avg_latency=0.9133 ms avg throuhgput (requests/sec) = 84.4051 res=false
*==== INFO ====* req_id_count= 12000 stream_id=47996 latency=0.750594 ms (tx_ts=157933752125916, rx_ts=157933752876510) request_id=486576 zil_blk_id=47996 ccf_commit_seqno=486576 nstreams_done_=12000 config.nstreams=20000 avg_latency=0.9131 ms avg throuhgput (requests/sec) = 84.4200 res=false
*==== INFO ====* req_id_count= 12500 stream_id=49996 latency=0.881769 ms (tx_ts=157939659948750, rx_ts=157939660830519) request_id=506844 zil_blk_id=49996 ccf_commit_seqno=506844 nstreams_done_=12500 config.nstreams=20000 avg_latency=0.9140 ms avg throuhgput (requests/sec) = 84.4284 res=false
*==== INFO ====* req_id_count= 13000 stream_id=51996 latency=0.820344 ms (tx_ts=157945568861122, rx_ts=157945569681466) request_id=527058 zil_blk_id=51996 ccf_commit_seqno=527058 nstreams_done_=13000 config.nstreams=20000 avg_latency=0.9146 ms avg throuhgput (requests/sec) = 84.4357 res=false
*==== INFO ====* req_id_count= 13500 stream_id=53996 latency=0.855570 ms (tx_ts=157951458597169, rx_ts=157951459452739) request_id=547293 zil_blk_id=53996 ccf_commit_seqno=547293 nstreams_done_=13500 config.nstreams=20000 avg_latency=0.9140 ms avg throuhgput (requests/sec) = 84.4526 res=false
*==== INFO ====* req_id_count= 14000 stream_id=55996 latency=0.930601 ms (tx_ts=157957353397919, rx_ts=157957354328520) request_id=567491 zil_blk_id=55996 ccf_commit_seqno=567491 nstreams_done_=14000 config.nstreams=20000 avg_latency=0.9137 ms avg throuhgput (requests/sec) = 84.4656 res=false
*==== INFO ====* req_id_count= 14500 stream_id=57996 latency=0.909511 ms (tx_ts=157963243199554, rx_ts=157963244109065) request_id=587692 zil_blk_id=57996 ccf_commit_seqno=587693 nstreams_done_=14500 config.nstreams=20000 avg_latency=0.9131 ms avg throuhgput (requests/sec) = 84.4803 res=false
*==== INFO ====* req_id_count= 15000 stream_id=59996 latency=1.070292 ms (tx_ts=157969142991761, rx_ts=157969144062053) request_id=607919 zil_blk_id=59996 ccf_commit_seqno=607920 nstreams_done_=15000 config.nstreams=20000 avg_latency=0.9125 ms avg throuhgput (requests/sec) = 84.4891 res=false
*==== INFO ====* req_id_count= 15500 stream_id=61996 latency=0.771583 ms (tx_ts=157975041668396, rx_ts=157975042439979) request_id=628155 zil_blk_id=61996 ccf_commit_seqno=628155 nstreams_done_=15500 config.nstreams=20000 avg_latency=0.9126 ms avg throuhgput (requests/sec) = 84.4981 res=false
*==== INFO ====* req_id_count= 16000 stream_id=63996 latency=0.763568 ms (tx_ts=157980943456354, rx_ts=157980944219922) request_id=648450 zil_blk_id=63996 ccf_commit_seqno=648450 nstreams_done_=16000 config.nstreams=20000 avg_latency=0.9127 ms avg throuhgput (requests/sec) = 84.5050 res=false
*==== INFO ====* req_id_count= 16500 stream_id=65996 latency=0.772254 ms (tx_ts=157986845328347, rx_ts=157986846100601) request_id=668727 zil_blk_id=65996 ccf_commit_seqno=668727 nstreams_done_=16500 config.nstreams=20000 avg_latency=0.9122 ms avg throuhgput (requests/sec) = 84.5115 res=false
*==== INFO ====* req_id_count= 17000 stream_id=67996 latency=0.932774 ms (tx_ts=157992739025264, rx_ts=157992739958038) request_id=689006 zil_blk_id=67996 ccf_commit_seqno=689006 nstreams_done_=17000 config.nstreams=20000 avg_latency=0.9117 ms avg throuhgput (requests/sec) = 84.5210 res=false
*==== INFO ====* req_id_count= 17500 stream_id=69996 latency=0.967550 ms (tx_ts=157998637514129, rx_ts=157998638481679) request_id=709252 zil_blk_id=69996 ccf_commit_seqno=709253 nstreams_done_=17500 config.nstreams=20000 avg_latency=0.9119 ms avg throuhgput (requests/sec) = 84.5280 res=false
*==== INFO ====* req_id_count= 18000 stream_id=71996 latency=0.925671 ms (tx_ts=158004518642225, rx_ts=158004519567896) request_id=729456 zil_blk_id=71996 ccf_commit_seqno=729457 nstreams_done_=18000 config.nstreams=20000 avg_latency=0.9117 ms avg throuhgput (requests/sec) = 84.5415 res=false
*==== INFO ====* req_id_count= 18500 stream_id=73996 latency=0.798446 ms (tx_ts=158010398239048, rx_ts=158010399037494) request_id=749678 zil_blk_id=73996 ccf_commit_seqno=749678 nstreams_done_=18500 config.nstreams=20000 avg_latency=0.9109 ms avg throuhgput (requests/sec) = 84.5549 res=false
*==== INFO ====* req_id_count= 19000 stream_id=75996 latency=0.880447 ms (tx_ts=158016299331004, rx_ts=158016300211451) request_id=769954 zil_blk_id=75996 ccf_commit_seqno=769954 nstreams_done_=19000 config.nstreams=20000 avg_latency=0.9108 ms avg throuhgput (requests/sec) = 84.5595 res=false
*==== INFO ====* req_id_count= 19500 stream_id=77996 latency=0.855258 ms (tx_ts=158022201906327, rx_ts=158022202761585) request_id=789572 zil_blk_id=77996 ccf_commit_seqno=789572 nstreams_done_=19500 config.nstreams=20000 avg_latency=0.9106 ms avg throuhgput (requests/sec) = 84.5633 res=false
*==== INFO ====* http_end_stream ALL streams done! nstreams_done_=20000 avg_latency=0.9106 msreq_id_count= 20000
*==== INFO ====* req_id_count= 20000 stream_id=79996 latency=0.804575 ms (tx_ts=158028218142447, rx_ts=158028218947022) request_id=799764 zil_blk_id=79996 ccf_commit_seqno=799764 nstreams_done_=20000 config.nstreams=20000 avg_latency=0.9106 ms avg throuhgput (requests/sec) = 84.5264 res=true
