Uniform: 293889 547117 677946 329589 221966 
Exponential: -2147483648 -2147483648 -2147483648 -2147483648 -2147483648 
Truncated Normal: 617606 646722 515866 846646 809749 
*==== INFO ====* req_id_count= 500 stream_id=1996 latency=0.617175 ms (tx_ts=157797361087228, rx_ts=157797361704403) request_id=19217 zil_blk_id=739 ccf_commit_seqno=19217 nstreams_done_=500 config.nstreams=20000 avg_latency=0.7180 ms avg throuhgput (requests/sec) = 86.5927 res=false
*==== INFO ====* req_id_count= 1000 stream_id=3996 latency=0.876901 ms (tx_ts=157803187300210, rx_ts=157803188177111) request_id=39077 zil_blk_id=6186 ccf_commit_seqno=39078 nstreams_done_=1000 config.nstreams=20000 avg_latency=0.7306 ms avg throuhgput (requests/sec) = 86.2022 res=false
*==== INFO ====* req_id_count= 1500 stream_id=5996 latency=0.599342 ms (tx_ts=157808999595370, rx_ts=157809000194712) request_id=58934 zil_blk_id=11605 ccf_commit_seqno=58934 nstreams_done_=1500 config.nstreams=20000 avg_latency=0.7213 ms avg throuhgput (requests/sec) = 86.1443 res=false
*==== INFO ====* req_id_count= 2000 stream_id=7996 latency=0.635991 ms (tx_ts=157814793338759, rx_ts=157814793974750) request_id=78792 zil_blk_id=17023 ccf_commit_seqno=78792 nstreams_done_=2000 config.nstreams=20000 avg_latency=0.7132 ms avg throuhgput (requests/sec) = 86.1830 res=false
*==== INFO ====* req_id_count= 2500 stream_id=9996 latency=0.620760 ms (tx_ts=157820587635491, rx_ts=157820588256251) request_id=98629 zil_blk_id=22440 ccf_commit_seqno=98629 nstreams_done_=2500 config.nstreams=20000 avg_latency=0.7079 ms avg throuhgput (requests/sec) = 86.2048 res=false
*==== INFO ====* req_id_count= 3000 stream_id=11996 latency=0.824027 ms (tx_ts=157826393702567, rx_ts=157826394526594) request_id=118514 zil_blk_id=27859 ccf_commit_seqno=118516 nstreams_done_=3000 config.nstreams=20000 avg_latency=0.7084 ms avg throuhgput (requests/sec) = 86.1896 res=false
*==== INFO ====* req_id_count= 3500 stream_id=13996 latency=0.594964 ms (tx_ts=157832214246450, rx_ts=157832214841414) request_id=138432 zil_blk_id=33291 ccf_commit_seqno=138432 nstreams_done_=3500 config.nstreams=20000 avg_latency=0.7074 ms avg throuhgput (requests/sec) = 86.1490 res=false
*==== INFO ====* req_id_count= 4000 stream_id=15996 latency=0.608469 ms (tx_ts=157838009512779, rx_ts=157838010121248) request_id=158272 zil_blk_id=38694 ccf_commit_seqno=158272 nstreams_done_=4000 config.nstreams=20000 avg_latency=0.7043 ms avg throuhgput (requests/sec) = 86.1650 res=false
*==== INFO ====* req_id_count= 4500 stream_id=17996 latency=0.675454 ms (tx_ts=157843801367847, rx_ts=157843802043301) request_id=178137 zil_blk_id=44114 ccf_commit_seqno=178137 nstreams_done_=4500 config.nstreams=20000 avg_latency=0.7049 ms avg throuhgput (requests/sec) = 86.1830 res=false
*==== INFO ====* req_id_count= 5000 stream_id=19996 latency=0.603469 ms (tx_ts=157849603605182, rx_ts=157849604208651) request_id=198025 zil_blk_id=49552 ccf_commit_seqno=198025 nstreams_done_=5000 config.nstreams=20000 avg_latency=0.7051 ms avg throuhgput (requests/sec) = 86.1821 res=false
*==== INFO ====* req_id_count= 5500 stream_id=21996 latency=0.580716 ms (tx_ts=157855401150436, rx_ts=157855401731152) request_id=217906 zil_blk_id=54992 ccf_commit_seqno=217906 nstreams_done_=5500 config.nstreams=20000 avg_latency=0.7052 ms avg throuhgput (requests/sec) = 86.1877 res=false
*==== INFO ====* req_id_count= 6000 stream_id=23996 latency=0.657689 ms (tx_ts=157861209374096, rx_ts=157861210031785) request_id=237849 zil_blk_id=60445 ccf_commit_seqno=237849 nstreams_done_=6000 config.nstreams=20000 avg_latency=0.7051 ms avg throuhgput (requests/sec) = 86.1791 res=false
*==== INFO ====* req_id_count= 6500 stream_id=25996 latency=0.773528 ms (tx_ts=157867006093469, rx_ts=157867006866997) request_id=257726 zil_blk_id=65882 ccf_commit_seqno=257728 nstreams_done_=6500 config.nstreams=20000 avg_latency=0.7029 ms avg throuhgput (requests/sec) = 86.1848 res=false
*==== INFO ====* req_id_count= 7000 stream_id=27996 latency=0.732220 ms (tx_ts=157872824301150, rx_ts=157872825033370) request_id=277708 zil_blk_id=71343 ccf_commit_seqno=277709 nstreams_done_=7000 config.nstreams=20000 avg_latency=0.7036 ms avg throuhgput (requests/sec) = 86.1671 res=false
*==== INFO ====* req_id_count= 7500 stream_id=29996 latency=0.794024 ms (tx_ts=157878630776583, rx_ts=157878631570607) request_id=297616 zil_blk_id=76795 ccf_commit_seqno=297618 nstreams_done_=7500 config.nstreams=20000 avg_latency=0.7041 ms avg throuhgput (requests/sec) = 86.1633 res=false
*==== INFO ====* req_id_count= 8000 stream_id=31996 latency=0.702454 ms (tx_ts=157884428489731, rx_ts=157884429192185) request_id=317487 zil_blk_id=82241 ccf_commit_seqno=317488 nstreams_done_=8000 config.nstreams=20000 avg_latency=0.7036 ms avg throuhgput (requests/sec) = 86.1682 res=false
*==== INFO ====* req_id_count= 8500 stream_id=33996 latency=0.752258 ms (tx_ts=157890231271474, rx_ts=157890232023732) request_id=337400 zil_blk_id=87690 ccf_commit_seqno=337400 nstreams_done_=8500 config.nstreams=20000 avg_latency=0.7035 ms avg throuhgput (requests/sec) = 86.1680 res=false
*==== INFO ====* req_id_count= 9000 stream_id=35996 latency=0.575176 ms (tx_ts=157896039851477, rx_ts=157896040426653) request_id=357310 zil_blk_id=93147 ccf_commit_seqno=357310 nstreams_done_=9000 config.nstreams=20000 avg_latency=0.7036 ms avg throuhgput (requests/sec) = 86.1633 res=false
*==== INFO ====* req_id_count= 9500 stream_id=37996 latency=0.575186 ms (tx_ts=157901855678832, rx_ts=157901856254018) request_id=377239 zil_blk_id=98612 ccf_commit_seqno=377239 nstreams_done_=9500 config.nstreams=20000 avg_latency=0.7038 ms avg throuhgput (requests/sec) = 86.1532 res=false
*==== INFO ====* req_id_count= 10000 stream_id=39996 latency=0.557453 ms (tx_ts=157907664039919, rx_ts=157907664597372) request_id=397131 zil_blk_id=104069 ccf_commit_seqno=397131 nstreams_done_=10000 config.nstreams=20000 avg_latency=0.7034 ms avg throuhgput (requests/sec) = 86.1497 res=false
*==== INFO ====* req_id_count= 10500 stream_id=41996 latency=0.782664 ms (tx_ts=157913460700398, rx_ts=157913461483062) request_id=417048 zil_blk_id=109514 ccf_commit_seqno=417048 nstreams_done_=10500 config.nstreams=20000 avg_latency=0.7023 ms avg throuhgput (requests/sec) = 86.1546 res=false
*==== INFO ====* req_id_count= 11000 stream_id=43996 latency=0.559046 ms (tx_ts=157919292134154, rx_ts=157919292693200) request_id=436975 zil_blk_id=114991 ccf_commit_seqno=436975 nstreams_done_=11000 config.nstreams=20000 avg_latency=0.7038 ms avg throuhgput (requests/sec) = 86.1359 res=false
*==== INFO ====* req_id_count= 11500 stream_id=45996 latency=0.563374 ms (tx_ts=157925087746848, rx_ts=157925088310222) request_id=456862 zil_blk_id=120426 ccf_commit_seqno=456862 nstreams_done_=11500 config.nstreams=20000 avg_latency=0.7035 ms avg throuhgput (requests/sec) = 86.1418 res=false
*==== INFO ====* req_id_count= 12000 stream_id=47996 latency=0.592589 ms (tx_ts=157930915134386, rx_ts=157930915726975) request_id=476839 zil_blk_id=125889 ccf_commit_seqno=476839 nstreams_done_=12000 config.nstreams=20000 avg_latency=0.7049 ms avg throuhgput (requests/sec) = 86.1276 res=false
*==== INFO ====* req_id_count= 12500 stream_id=49996 latency=0.809124 ms (tx_ts=157936717587458, rx_ts=157936718396582) request_id=496768 zil_blk_id=131334 ccf_commit_seqno=496770 nstreams_done_=12500 config.nstreams=20000 avg_latency=0.7046 ms avg throuhgput (requests/sec) = 86.1292 res=false
*==== INFO ====* req_id_count= 13000 stream_id=51996 latency=0.862292 ms (tx_ts=157942531857296, rx_ts=157942532719588) request_id=516699 zil_blk_id=136791 ccf_commit_seqno=516699 nstreams_done_=13000 config.nstreams=20000 avg_latency=0.7046 ms avg throuhgput (requests/sec) = 86.1240 res=false
*==== INFO ====* req_id_count= 13500 stream_id=53996 latency=0.677354 ms (tx_ts=157948343441996, rx_ts=157948344119350) request_id=536585 zil_blk_id=142245 ccf_commit_seqno=536587 nstreams_done_=13500 config.nstreams=20000 avg_latency=0.7049 ms avg throuhgput (requests/sec) = 86.1208 res=false
*==== INFO ====* req_id_count= 14000 stream_id=55996 latency=0.689610 ms (tx_ts=157953983398260, rx_ts=157953984087870) request_id=555948 zil_blk_id=147537 ccf_commit_seqno=555948 nstreams_done_=14000 config.nstreams=20000 avg_latency=0.7056 ms avg throuhgput (requests/sec) = 86.2087 res=false
*==== INFO ====* req_id_count= 14500 stream_id=57996 latency=0.618567 ms (tx_ts=157959807115828, rx_ts=157959807734395) request_id=575917 zil_blk_id=153002 ccf_commit_seqno=575917 nstreams_done_=14500 config.nstreams=20000 avg_latency=0.7063 ms avg throuhgput (requests/sec) = 86.1965 res=false
*==== INFO ====* req_id_count= 15000 stream_id=59996 latency=0.878649 ms (tx_ts=157965603039639, rx_ts=157965603918288) request_id=595785 zil_blk_id=158440 ccf_commit_seqno=595789 nstreams_done_=15000 config.nstreams=20000 avg_latency=0.7059 ms avg throuhgput (requests/sec) = 86.1988 res=false
*==== INFO ====* req_id_count= 15500 stream_id=61996 latency=0.568644 ms (tx_ts=157971399319144, rx_ts=157971399887788) request_id=615671 zil_blk_id=163881 ccf_commit_seqno=615671 nstreams_done_=15500 config.nstreams=20000 avg_latency=0.7054 ms avg throuhgput (requests/sec) = 86.2010 res=false
*==== INFO ====* req_id_count= 16000 stream_id=63996 latency=0.553525 ms (tx_ts=157977214735007, rx_ts=157977215288532) request_id=635629 zil_blk_id=169339 ccf_commit_seqno=635629 nstreams_done_=16000 config.nstreams=20000 avg_latency=0.7056 ms avg throuhgput (requests/sec) = 86.1940 res=false
*==== INFO ====* req_id_count= 16500 stream_id=65996 latency=0.803002 ms (tx_ts=157983021128990, rx_ts=157983021931992) request_id=655597 zil_blk_id=174795 ccf_commit_seqno=655597 nstreams_done_=16500 config.nstreams=20000 avg_latency=0.7054 ms avg throuhgput (requests/sec) = 86.1914 res=false
*==== INFO ====* req_id_count= 17000 stream_id=67996 latency=0.571239 ms (tx_ts=157988812171672, rx_ts=157988812742911) request_id=675494 zil_blk_id=180232 ccf_commit_seqno=675494 nstreams_done_=17000 config.nstreams=20000 avg_latency=0.7049 ms avg throuhgput (requests/sec) = 86.1959 res=false
*==== INFO ====* req_id_count= 17500 stream_id=69996 latency=0.581908 ms (tx_ts=157994606080280, rx_ts=157994606662188) request_id=695405 zil_blk_id=185652 ccf_commit_seqno=695405 nstreams_done_=17500 config.nstreams=20000 avg_latency=0.7044 ms avg throuhgput (requests/sec) = 86.1988 res=false
*==== INFO ====* req_id_count= 18000 stream_id=71996 latency=0.880226 ms (tx_ts=158000402990333, rx_ts=158000403870559) request_id=715312 zil_blk_id=191073 ccf_commit_seqno=715315 nstreams_done_=18000 config.nstreams=20000 avg_latency=0.7048 ms avg throuhgput (requests/sec) = 86.2002 res=false
*==== INFO ====* req_id_count= 18500 stream_id=73996 latency=0.845551 ms (tx_ts=158006199649802, rx_ts=158006200495353) request_id=735238 zil_blk_id=196486 ccf_commit_seqno=735239 nstreams_done_=18500 config.nstreams=20000 avg_latency=0.7047 ms avg throuhgput (requests/sec) = 86.2017 res=false
*==== INFO ====* req_id_count= 19000 stream_id=75996 latency=0.842566 ms (tx_ts=158012011922183, rx_ts=158012012764749) request_id=755223 zil_blk_id=201921 ccf_commit_seqno=755223 nstreams_done_=19000 config.nstreams=20000 avg_latency=0.7041 ms avg throuhgput (requests/sec) = 86.1970 res=false
*==== INFO ====* req_id_count= 19500 stream_id=77996 latency=0.854338 ms (tx_ts=158017813323695, rx_ts=158017814178033) request_id=775150 zil_blk_id=207346 ccf_commit_seqno=775152 nstreams_done_=19500 config.nstreams=20000 avg_latency=0.7040 ms avg throuhgput (requests/sec) = 86.1967 res=false
*==== INFO ====* http_end_stream ALL streams done! nstreams_done_=20000 avg_latency=0.7038 msreq_id_count= 20000
*==== INFO ====* req_id_count= 20000 stream_id=79996 latency=0.601104 ms (tx_ts=158023610013027, rx_ts=158023610614131) request_id=793471 zil_blk_id=212764 ccf_commit_seqno=793471 nstreams_done_=20000 config.nstreams=20000 avg_latency=0.7038 ms avg throuhgput (requests/sec) = 86.1983 res=true
