Uniform: 298872 67406 893596 451109 823634 
Exponential: -2147483648 -2147483648 -2147483648 -2147483648 -2147483648 
Truncated Normal: 471254 789180 934750 38456 569957 
*==== INFO ====* req_id_count= 500 stream_id=1996 latency=0.919698 ms (tx_ts=157797520101750, rx_ts=157797521021448) request_id=19740 zil_blk_id=1996 ccf_commit_seqno=19740 nstreams_done_=500 config.nstreams=20000 avg_latency=0.8825 ms avg throuhgput (requests/sec) = 84.5451 res=false
*==== INFO ====* req_id_count= 1000 stream_id=3996 latency=1.038694 ms (tx_ts=157803412890282, rx_ts=157803413928976) request_id=39834 zil_blk_id=3996 ccf_commit_seqno=39834 nstreams_done_=1000 config.nstreams=20000 avg_latency=0.8952 ms avg throuhgput (requests/sec) = 84.6962 res=false
*==== INFO ====* req_id_count= 1500 stream_id=5996 latency=1.002175 ms (tx_ts=157809294982533, rx_ts=157809295984708) request_id=59933 zil_blk_id=5996 ccf_commit_seqno=59936 nstreams_done_=1500 config.nstreams=20000 avg_latency=0.8953 ms avg throuhgput (requests/sec) = 84.7986 res=false
*==== INFO ====* req_id_count= 2000 stream_id=7996 latency=0.848138 ms (tx_ts=157815150665852, rx_ts=157815151513990) request_id=80005 zil_blk_id=7996 ccf_commit_seqno=80005 nstreams_done_=2000 config.nstreams=20000 avg_latency=0.8960 ms avg throuhgput (requests/sec) = 84.9456 res=false
*==== INFO ====* req_id_count= 2500 stream_id=9996 latency=0.769851 ms (tx_ts=157821039533837, rx_ts=157821040303688) request_id=100157 zil_blk_id=9996 ccf_commit_seqno=100157 nstreams_done_=2500 config.nstreams=20000 avg_latency=0.8954 ms avg throuhgput (requests/sec) = 84.9379 res=false
*==== INFO ====* req_id_count= 3000 stream_id=11996 latency=0.858025 ms (tx_ts=157826914425488, rx_ts=157826915283513) request_id=120284 zil_blk_id=11996 ccf_commit_seqno=120284 nstreams_done_=3000 config.nstreams=20000 avg_latency=0.8929 ms avg throuhgput (requests/sec) = 84.9659 res=false
*==== INFO ====* req_id_count= 3500 stream_id=13996 latency=0.892704 ms (tx_ts=157832785494113, rx_ts=157832786386817) request_id=140379 zil_blk_id=13996 ccf_commit_seqno=140381 nstreams_done_=3500 config.nstreams=20000 avg_latency=0.8952 ms avg throuhgput (requests/sec) = 84.9940 res=false
*==== INFO ====* req_id_count= 4000 stream_id=15996 latency=0.780340 ms (tx_ts=157838655391703, rx_ts=157838656172043) request_id=160484 zil_blk_id=15996 ccf_commit_seqno=160484 nstreams_done_=4000 config.nstreams=20000 avg_latency=0.8952 ms avg throuhgput (requests/sec) = 85.0175 res=false
*==== INFO ====* req_id_count= 4500 stream_id=17996 latency=0.743832 ms (tx_ts=157844559543894, rx_ts=157844560287726) request_id=180725 zil_blk_id=17996 ccf_commit_seqno=180725 nstreams_done_=4500 config.nstreams=20000 avg_latency=0.8988 ms avg throuhgput (requests/sec) = 84.9806 res=false
*==== INFO ====* req_id_count= 5000 stream_id=19996 latency=0.825995 ms (tx_ts=157850447207650, rx_ts=157850448033645) request_id=200906 zil_blk_id=19996 ccf_commit_seqno=200906 nstreams_done_=5000 config.nstreams=20000 avg_latency=0.9024 ms avg throuhgput (requests/sec) = 84.9747 res=false
*==== INFO ====* req_id_count= 5500 stream_id=21996 latency=0.789887 ms (tx_ts=157856321643875, rx_ts=157856322433762) request_id=221059 zil_blk_id=21996 ccf_commit_seqno=221059 nstreams_done_=5500 config.nstreams=20000 avg_latency=0.9009 ms avg throuhgput (requests/sec) = 84.9875 res=false
*==== INFO ====* req_id_count= 6000 stream_id=23996 latency=0.756315 ms (tx_ts=157862172976671, rx_ts=157862173732986) request_id=241154 zil_blk_id=23996 ccf_commit_seqno=241154 nstreams_done_=6000 config.nstreams=20000 avg_latency=0.8984 ms avg throuhgput (requests/sec) = 85.0259 res=false
*==== INFO ====* req_id_count= 6500 stream_id=25996 latency=0.928798 ms (tx_ts=157868058642514, rx_ts=157868059571312) request_id=261336 zil_blk_id=25996 ccf_commit_seqno=261337 nstreams_done_=6500 config.nstreams=20000 avg_latency=0.8979 ms avg throuhgput (requests/sec) = 85.0201 res=false
*==== INFO ====* req_id_count= 7000 stream_id=27996 latency=1.039614 ms (tx_ts=157873933653946, rx_ts=157873934693560) request_id=281506 zil_blk_id=27996 ccf_commit_seqno=281507 nstreams_done_=7000 config.nstreams=20000 avg_latency=0.8973 ms avg throuhgput (requests/sec) = 85.0261 res=false
*==== INFO ====* req_id_count= 7500 stream_id=29996 latency=0.885086 ms (tx_ts=157879808657603, rx_ts=157879809542689) request_id=301642 zil_blk_id=29996 ccf_commit_seqno=301642 nstreams_done_=7500 config.nstreams=20000 avg_latency=0.8975 ms avg throuhgput (requests/sec) = 85.0316 res=false
*==== INFO ====* req_id_count= 8000 stream_id=31996 latency=0.933477 ms (tx_ts=157885663949040, rx_ts=157885664882517) request_id=321721 zil_blk_id=31996 ccf_commit_seqno=321721 nstreams_done_=8000 config.nstreams=20000 avg_latency=0.8969 ms avg throuhgput (requests/sec) = 85.0540 res=false
*==== INFO ====* req_id_count= 8500 stream_id=33996 latency=0.932414 ms (tx_ts=157891518522784, rx_ts=157891519455198) request_id=341815 zil_blk_id=33996 ccf_commit_seqno=341815 nstreams_done_=8500 config.nstreams=20000 avg_latency=0.8961 ms avg throuhgput (requests/sec) = 85.0745 res=false
*==== INFO ====* req_id_count= 9000 stream_id=35996 latency=1.117059 ms (tx_ts=157897397478359, rx_ts=157897398595418) request_id=361962 zil_blk_id=35996 ccf_commit_seqno=361962 nstreams_done_=9000 config.nstreams=20000 avg_latency=0.8960 ms avg throuhgput (requests/sec) = 85.0729 res=false
*==== INFO ====* req_id_count= 9500 stream_id=37996 latency=0.699849 ms (tx_ts=157903268966641, rx_ts=157903269666490) request_id=382082 zil_blk_id=37996 ccf_commit_seqno=382082 nstreams_done_=9500 config.nstreams=20000 avg_latency=0.8958 ms avg throuhgput (requests/sec) = 85.0777 res=false
*==== INFO ====* req_id_count= 10000 stream_id=39996 latency=0.867924 ms (tx_ts=157909154799978, rx_ts=157909155667902) request_id=402243 zil_blk_id=39996 ccf_commit_seqno=402243 nstreams_done_=10000 config.nstreams=20000 avg_latency=0.8975 ms avg throuhgput (requests/sec) = 85.0712 res=false
*==== INFO ====* req_id_count= 10500 stream_id=41996 latency=0.886375 ms (tx_ts=157915029051254, rx_ts=157915029937629) request_id=422373 zil_blk_id=41996 ccf_commit_seqno=422373 nstreams_done_=10500 config.nstreams=20000 avg_latency=0.8988 ms avg throuhgput (requests/sec) = 85.0733 res=false
*==== INFO ====* req_id_count= 11000 stream_id=43996 latency=0.903711 ms (tx_ts=157920895344870, rx_ts=157920896248581) request_id=442467 zil_blk_id=43996 ccf_commit_seqno=442469 nstreams_done_=11000 config.nstreams=20000 avg_latency=0.8996 ms avg throuhgput (requests/sec) = 85.0806 res=false
*==== INFO ====* req_id_count= 11500 stream_id=45996 latency=0.991894 ms (tx_ts=157926764832811, rx_ts=157926765824705) request_id=462603 zil_blk_id=45996 ccf_commit_seqno=462604 nstreams_done_=11500 config.nstreams=20000 avg_latency=0.9005 ms avg throuhgput (requests/sec) = 85.0851 res=false
*==== INFO ====* req_id_count= 12000 stream_id=47996 latency=0.772976 ms (tx_ts=157932658625441, rx_ts=157932659398417) request_id=482820 zil_blk_id=47996 ccf_commit_seqno=482820 nstreams_done_=12000 config.nstreams=20000 avg_latency=0.9029 ms avg throuhgput (requests/sec) = 85.0748 res=false
*==== INFO ====* req_id_count= 12500 stream_id=49996 latency=0.780019 ms (tx_ts=157938533963534, rx_ts=157938534743553) request_id=502974 zil_blk_id=49996 ccf_commit_seqno=502974 nstreams_done_=12500 config.nstreams=20000 avg_latency=0.9039 ms avg throuhgput (requests/sec) = 85.0758 res=false
*==== INFO ====* req_id_count= 13000 stream_id=51996 latency=0.925572 ms (tx_ts=157944421651079, rx_ts=157944422576651) request_id=523153 zil_blk_id=51996 ccf_commit_seqno=523153 nstreams_done_=13000 config.nstreams=20000 avg_latency=0.9041 ms avg throuhgput (requests/sec) = 85.0699 res=false
*==== INFO ====* req_id_count= 13500 stream_id=53996 latency=1.008847 ms (tx_ts=157950292125216, rx_ts=157950293134063) request_id=543285 zil_blk_id=53996 ccf_commit_seqno=543286 nstreams_done_=13500 config.nstreams=20000 avg_latency=0.9051 ms avg throuhgput (requests/sec) = 85.0736 res=false
*==== INFO ====* req_id_count= 14000 stream_id=55996 latency=0.735085 ms (tx_ts=157956150243201, rx_ts=157956150978286) request_id=563367 zil_blk_id=55996 ccf_commit_seqno=563367 nstreams_done_=14000 config.nstreams=20000 avg_latency=0.9046 ms avg throuhgput (requests/sec) = 85.0836 res=false
*==== INFO ====* req_id_count= 14500 stream_id=57996 latency=0.815455 ms (tx_ts=157962020637272, rx_ts=157962021452727) request_id=583513 zil_blk_id=57996 ccf_commit_seqno=583513 nstreams_done_=14500 config.nstreams=20000 avg_latency=0.9049 ms avg throuhgput (requests/sec) = 85.0867 res=false
*==== INFO ====* req_id_count= 15000 stream_id=59996 latency=0.857196 ms (tx_ts=157967882925660, rx_ts=157967883782856) request_id=603605 zil_blk_id=59996 ccf_commit_seqno=603605 nstreams_done_=15000 config.nstreams=20000 avg_latency=0.9047 ms avg throuhgput (requests/sec) = 85.0935 res=false
*==== INFO ====* req_id_count= 15500 stream_id=61996 latency=0.838168 ms (tx_ts=157973800212725, rx_ts=157973801050893) request_id=623887 zil_blk_id=61996 ccf_commit_seqno=623887 nstreams_done_=15500 config.nstreams=20000 avg_latency=0.9067 ms avg throuhgput (requests/sec) = 85.0741 res=false
*==== INFO ====* req_id_count= 16000 stream_id=63996 latency=3.917197 ms (tx_ts=157979652057518, rx_ts=157979655974715) request_id=644016 zil_blk_id=63996 ccf_commit_seqno=644018 nstreams_done_=16000 config.nstreams=20000 avg_latency=0.9072 ms avg throuhgput (requests/sec) = 85.0842 res=false
*==== INFO ====* req_id_count= 16500 stream_id=65996 latency=0.998010 ms (tx_ts=157985519837933, rx_ts=157985520835943) request_id=664181 zil_blk_id=65996 ccf_commit_seqno=664181 nstreams_done_=16500 config.nstreams=20000 avg_latency=0.9074 ms avg throuhgput (requests/sec) = 85.0893 res=false
*==== INFO ====* req_id_count= 17000 stream_id=67996 latency=0.738772 ms (tx_ts=157991375639815, rx_ts=157991376378587) request_id=684310 zil_blk_id=67996 ccf_commit_seqno=684310 nstreams_done_=17000 config.nstreams=20000 avg_latency=0.9071 ms avg throuhgput (requests/sec) = 85.0981 res=false
*==== INFO ====* req_id_count= 17500 stream_id=69996 latency=0.965737 ms (tx_ts=157997240833720, rx_ts=157997241799457) request_id=704453 zil_blk_id=69996 ccf_commit_seqno=704453 nstreams_done_=17500 config.nstreams=20000 avg_latency=0.9076 ms avg throuhgput (requests/sec) = 85.1023 res=false
*==== INFO ====* req_id_count= 18000 stream_id=71996 latency=1.073839 ms (tx_ts=158003089874876, rx_ts=158003090948715) request_id=724560 zil_blk_id=71996 ccf_commit_seqno=724561 nstreams_done_=18000 config.nstreams=20000 avg_latency=0.9079 ms avg throuhgput (requests/sec) = 85.1129 res=false
*==== INFO ====* req_id_count= 18500 stream_id=73996 latency=0.775992 ms (tx_ts=158008941021929, rx_ts=158008941797921) request_id=744677 zil_blk_id=73996 ccf_commit_seqno=744677 nstreams_done_=18500 config.nstreams=20000 avg_latency=0.9080 ms avg throuhgput (requests/sec) = 85.1221 res=false
*==== INFO ====* req_id_count= 19000 stream_id=75996 latency=0.768128 ms (tx_ts=158014790554378, rx_ts=158014791322506) request_id=764770 zil_blk_id=75996 ccf_commit_seqno=764770 nstreams_done_=19000 config.nstreams=20000 avg_latency=0.9083 ms avg throuhgput (requests/sec) = 85.1314 res=false
*==== INFO ====* req_id_count= 19500 stream_id=77996 latency=0.879686 ms (tx_ts=158020641519192, rx_ts=158020642398878) request_id=784635 zil_blk_id=77996 ccf_commit_seqno=784635 nstreams_done_=19500 config.nstreams=20000 avg_latency=0.9084 ms avg throuhgput (requests/sec) = 85.1397 res=false
*==== INFO ====* http_end_stream ALL streams done! nstreams_done_=20000 avg_latency=0.9087 msreq_id_count= 20000
*==== INFO ====* req_id_count= 20000 stream_id=79996 latency=0.883172 ms (tx_ts=158026572541748, rx_ts=158026573424920) request_id=798689 zil_blk_id=79996 ccf_commit_seqno=798689 nstreams_done_=20000 config.nstreams=20000 avg_latency=0.9087 ms avg throuhgput (requests/sec) = 85.1186 res=true
