Uniform: 500984 670263 627538 40714 148538 
Exponential: -2147483648 -2147483648 -2147483648 -2147483648 -2147483648 
Truncated Normal: 835302 10290 899991 430956 484620 
*==== INFO ====* req_id_count= 500 stream_id=1996 latency=0.672669 ms (tx_ts=157797354474448, rx_ts=157797355147117) request_id=19189 zil_blk_id=732 ccf_commit_seqno=19189 nstreams_done_=500 config.nstreams=20000 avg_latency=0.7088 ms avg throuhgput (requests/sec) = 86.6952 res=false
*==== INFO ====* req_id_count= 1000 stream_id=3996 latency=0.820325 ms (tx_ts=157803165512510, rx_ts=157803166332835) request_id=39006 zil_blk_id=6167 ccf_commit_seqno=39007 nstreams_done_=1000 config.nstreams=20000 avg_latency=0.7025 ms avg throuhgput (requests/sec) = 86.3668 res=false
*==== INFO ====* req_id_count= 1500 stream_id=5996 latency=0.739364 ms (tx_ts=157808974921711, rx_ts=157808975661075) request_id=58852 zil_blk_id=11611 ccf_commit_seqno=58853 nstreams_done_=1500 config.nstreams=20000 avg_latency=0.7046 ms avg throuhgput (requests/sec) = 86.2672 res=false
*==== INFO ====* req_id_count= 2000 stream_id=7996 latency=0.551712 ms (tx_ts=157814780510452, rx_ts=157814781062164) request_id=78748 zil_blk_id=17058 ccf_commit_seqno=78748 nstreams_done_=2000 config.nstreams=20000 avg_latency=0.7062 ms avg throuhgput (requests/sec) = 86.2320 res=false
*==== INFO ====* req_id_count= 2500 stream_id=9996 latency=0.577374 ms (tx_ts=157820605100687, rx_ts=157820605678061) request_id=98688 zil_blk_id=22521 ccf_commit_seqno=98688 nstreams_done_=2500 config.nstreams=20000 avg_latency=0.7112 ms avg throuhgput (requests/sec) = 86.1538 res=false
*==== INFO ====* req_id_count= 3000 stream_id=11996 latency=0.849460 ms (tx_ts=157826393666159, rx_ts=157826394515619) request_id=118513 zil_blk_id=27948 ccf_commit_seqno=118516 nstreams_done_=3000 config.nstreams=20000 avg_latency=0.7100 ms avg throuhgput (requests/sec) = 86.1903 res=false
*==== INFO ====* req_id_count= 3500 stream_id=13996 latency=0.907398 ms (tx_ts=157832182388077, rx_ts=157832183295475) request_id=138326 zil_blk_id=33377 ccf_commit_seqno=138327 nstreams_done_=3500 config.nstreams=20000 avg_latency=0.7103 ms avg throuhgput (requests/sec) = 86.2165 res=false
*==== INFO ====* req_id_count= 4000 stream_id=15996 latency=0.678670 ms (tx_ts=157837980645507, rx_ts=157837981324177) request_id=158177 zil_blk_id=38798 ccf_commit_seqno=158178 nstreams_done_=4000 config.nstreams=20000 avg_latency=0.7072 ms avg throuhgput (requests/sec) = 86.2190 res=false
*==== INFO ====* req_id_count= 4500 stream_id=17996 latency=0.693328 ms (tx_ts=157843801644870, rx_ts=157843802338198) request_id=178139 zil_blk_id=44231 ccf_commit_seqno=178140 nstreams_done_=4500 config.nstreams=20000 avg_latency=0.7075 ms avg throuhgput (requests/sec) = 86.1829 res=false
*==== INFO ====* req_id_count= 5000 stream_id=19996 latency=0.596787 ms (tx_ts=157849597812062, rx_ts=157849598408849) request_id=198003 zil_blk_id=49632 ccf_commit_seqno=198003 nstreams_done_=5000 config.nstreams=20000 avg_latency=0.7064 ms avg throuhgput (requests/sec) = 86.1912 res=false
*==== INFO ====* req_id_count= 5500 stream_id=21996 latency=0.625292 ms (tx_ts=157855420552821, rx_ts=157855421178113) request_id=217970 zil_blk_id=55050 ccf_commit_seqno=217970 nstreams_done_=5500 config.nstreams=20000 avg_latency=0.7083 ms avg throuhgput (requests/sec) = 86.1618 res=false
*==== INFO ====* req_id_count= 6000 stream_id=23996 latency=0.662690 ms (tx_ts=157861241428334, rx_ts=157861242091024) request_id=237960 zil_blk_id=60493 ccf_commit_seqno=237960 nstreams_done_=6000 config.nstreams=20000 avg_latency=0.7103 ms avg throuhgput (requests/sec) = 86.1397 res=false
*==== INFO ====* req_id_count= 6500 stream_id=25996 latency=0.588030 ms (tx_ts=157867043778364, rx_ts=157867044366394) request_id=257859 zil_blk_id=65925 ccf_commit_seqno=257859 nstreams_done_=6500 config.nstreams=20000 avg_latency=0.7084 ms avg throuhgput (requests/sec) = 86.1423 res=false
*==== INFO ====* req_id_count= 7000 stream_id=27996 latency=0.582810 ms (tx_ts=157872837976971, rx_ts=157872838559781) request_id=277756 zil_blk_id=71355 ccf_commit_seqno=277756 nstreams_done_=7000 config.nstreams=20000 avg_latency=0.7087 ms avg throuhgput (requests/sec) = 86.1531 res=false
*==== INFO ====* req_id_count= 7500 stream_id=29996 latency=0.538279 ms (tx_ts=157878628850429, rx_ts=157878629388708) request_id=297607 zil_blk_id=76782 ccf_commit_seqno=297607 nstreams_done_=7500 config.nstreams=20000 avg_latency=0.7082 ms avg throuhgput (requests/sec) = 86.1657 res=false
*==== INFO ====* req_id_count= 8000 stream_id=31996 latency=0.813703 ms (tx_ts=157884428109495, rx_ts=157884428923198) request_id=317485 zil_blk_id=82216 ccf_commit_seqno=317486 nstreams_done_=8000 config.nstreams=20000 avg_latency=0.7089 ms avg throuhgput (requests/sec) = 86.1687 res=false
*==== INFO ====* req_id_count= 8500 stream_id=33996 latency=0.578332 ms (tx_ts=157890219271129, rx_ts=157890219849461) request_id=337358 zil_blk_id=87650 ccf_commit_seqno=337358 nstreams_done_=8500 config.nstreams=20000 avg_latency=0.7072 ms avg throuhgput (requests/sec) = 86.1789 res=false
*==== INFO ====* req_id_count= 9000 stream_id=35996 latency=0.604641 ms (tx_ts=157896013298989, rx_ts=157896013903630) request_id=357222 zil_blk_id=93093 ccf_commit_seqno=357222 nstreams_done_=9000 config.nstreams=20000 avg_latency=0.7066 ms avg throuhgput (requests/sec) = 86.1854 res=false
*==== INFO ====* req_id_count= 9500 stream_id=37996 latency=0.641180 ms (tx_ts=157901810015512, rx_ts=157901810656692) request_id=377081 zil_blk_id=98540 ccf_commit_seqno=377081 nstreams_done_=9500 config.nstreams=20000 avg_latency=0.7061 ms avg throuhgput (requests/sec) = 86.1890 res=false
*==== INFO ====* req_id_count= 10000 stream_id=39996 latency=0.803513 ms (tx_ts=157907603279992, rx_ts=157907604083505) request_id=396927 zil_blk_id=103983 ccf_commit_seqno=396927 nstreams_done_=10000 config.nstreams=20000 avg_latency=0.7057 ms avg throuhgput (requests/sec) = 86.1948 res=false
*==== INFO ====* req_id_count= 10500 stream_id=41996 latency=0.766343 ms (tx_ts=157913386516301, rx_ts=157913387282644) request_id=416796 zil_blk_id=109414 ccf_commit_seqno=416796 nstreams_done_=10500 config.nstreams=20000 avg_latency=0.7061 ms avg throuhgput (requests/sec) = 86.2073 res=false
*==== INFO ====* req_id_count= 11000 stream_id=43996 latency=0.908589 ms (tx_ts=157919205367868, rx_ts=157919206276457) request_id=436680 zil_blk_id=114874 ccf_commit_seqno=436682 nstreams_done_=11000 config.nstreams=20000 avg_latency=0.7072 ms avg throuhgput (requests/sec) = 86.1944 res=false
*==== INFO ====* req_id_count= 11500 stream_id=45996 latency=0.590054 ms (tx_ts=157925021710556, rx_ts=157925022300610) request_id=456640 zil_blk_id=120337 ccf_commit_seqno=456640 nstreams_done_=11500 config.nstreams=20000 avg_latency=0.7070 ms avg throuhgput (requests/sec) = 86.1846 res=false
*==== INFO ====* req_id_count= 12000 stream_id=47996 latency=0.725166 ms (tx_ts=157930834843521, rx_ts=157930835568687) request_id=476561 zil_blk_id=125798 ccf_commit_seqno=476561 nstreams_done_=12000 config.nstreams=20000 avg_latency=0.7081 ms avg throuhgput (requests/sec) = 86.1773 res=false
*==== INFO ====* req_id_count= 12500 stream_id=49996 latency=0.879515 ms (tx_ts=157936625299354, rx_ts=157936626178869) request_id=496451 zil_blk_id=131233 ccf_commit_seqno=496451 nstreams_done_=12500 config.nstreams=20000 avg_latency=0.7088 ms avg throuhgput (requests/sec) = 86.1841 res=false
*==== INFO ====* req_id_count= 13000 stream_id=51996 latency=0.763908 ms (tx_ts=157942430379400, rx_ts=157942431143308) request_id=516358 zil_blk_id=136682 ccf_commit_seqno=516360 nstreams_done_=13000 config.nstreams=20000 avg_latency=0.7088 ms avg throuhgput (requests/sec) = 86.1821 res=false
*==== INFO ====* req_id_count= 13500 stream_id=53996 latency=0.529671 ms (tx_ts=157948238172660, rx_ts=157948238702331) request_id=536227 zil_blk_id=142133 ccf_commit_seqno=536227 nstreams_done_=13500 config.nstreams=20000 avg_latency=0.7091 ms avg throuhgput (requests/sec) = 86.1789 res=false
*==== INFO ====* req_id_count= 14000 stream_id=55996 latency=0.797182 ms (tx_ts=157954015807354, rx_ts=157954016604536) request_id=556060 zil_blk_id=147550 ccf_commit_seqno=556062 nstreams_done_=14000 config.nstreams=20000 avg_latency=0.7082 ms avg throuhgput (requests/sec) = 86.1916 res=false
*==== INFO ====* req_id_count= 14500 stream_id=57996 latency=0.579394 ms (tx_ts=157959816624068, rx_ts=157959817203462) request_id=575945 zil_blk_id=152991 ccf_commit_seqno=575945 nstreams_done_=14500 config.nstreams=20000 avg_latency=0.7084 ms avg throuhgput (requests/sec) = 86.1918 res=false
*==== INFO ====* req_id_count= 15000 stream_id=59996 latency=0.654063 ms (tx_ts=157965599123618, rx_ts=157965599777681) request_id=595770 zil_blk_id=158412 ccf_commit_seqno=595770 nstreams_done_=15000 config.nstreams=20000 avg_latency=0.7073 ms avg throuhgput (requests/sec) = 86.2010 res=false
*==== INFO ====* req_id_count= 15500 stream_id=61996 latency=0.566479 ms (tx_ts=157971389030288, rx_ts=157971389596767) request_id=615636 zil_blk_id=163840 ccf_commit_seqno=615636 nstreams_done_=15500 config.nstreams=20000 avg_latency=0.7077 ms avg throuhgput (requests/sec) = 86.2060 res=false
*==== INFO ====* req_id_count= 16000 stream_id=63996 latency=0.661477 ms (tx_ts=157977187404202, rx_ts=157977188065679) request_id=635539 zil_blk_id=169284 ccf_commit_seqno=635540 nstreams_done_=16000 config.nstreams=20000 avg_latency=0.7071 ms avg throuhgput (requests/sec) = 86.2068 res=false
*==== INFO ====* req_id_count= 16500 stream_id=65996 latency=0.641660 ms (tx_ts=157982976432964, rx_ts=157982977074624) request_id=655443 zil_blk_id=174723 ccf_commit_seqno=655444 nstreams_done_=16500 config.nstreams=20000 avg_latency=0.7063 ms avg throuhgput (requests/sec) = 86.2117 res=false
*==== INFO ====* req_id_count= 17000 stream_id=67996 latency=0.877682 ms (tx_ts=157988784631554, rx_ts=157988785509236) request_id=675396 zil_blk_id=180170 ccf_commit_seqno=675397 nstreams_done_=17000 config.nstreams=20000 avg_latency=0.7062 ms avg throuhgput (requests/sec) = 86.2079 res=false
*==== INFO ====* req_id_count= 17500 stream_id=69996 latency=0.688097 ms (tx_ts=157994579758729, rx_ts=157994580446826) request_id=695318 zil_blk_id=185588 ccf_commit_seqno=695319 nstreams_done_=17500 config.nstreams=20000 avg_latency=0.7064 ms avg throuhgput (requests/sec) = 86.2100 res=false
*==== INFO ====* req_id_count= 18000 stream_id=71996 latency=0.917697 ms (tx_ts=158000330252847, rx_ts=158000331170544) request_id=715063 zil_blk_id=190962 ccf_commit_seqno=715066 nstreams_done_=18000 config.nstreams=20000 avg_latency=0.7064 ms avg throuhgput (requests/sec) = 86.2303 res=false
*==== INFO ====* req_id_count= 18500 stream_id=73996 latency=0.650005 ms (tx_ts=158006114327825, rx_ts=158006114977830) request_id=734948 zil_blk_id=196371 ccf_commit_seqno=734948 nstreams_done_=18500 config.nstreams=20000 avg_latency=0.7070 ms avg throuhgput (requests/sec) = 86.2362 res=false
*==== INFO ====* req_id_count= 19000 stream_id=75996 latency=0.572792 ms (tx_ts=158011879019425, rx_ts=158011879592217) request_id=754771 zil_blk_id=201760 ccf_commit_seqno=754771 nstreams_done_=19000 config.nstreams=20000 avg_latency=0.7075 ms avg throuhgput (requests/sec) = 86.2492 res=false
*==== INFO ====* req_id_count= 19500 stream_id=77996 latency=0.568113 ms (tx_ts=158017653019605, rx_ts=158017653587718) request_id=774603 zil_blk_id=207157 ccf_commit_seqno=774603 nstreams_done_=19500 config.nstreams=20000 avg_latency=0.7078 ms avg throuhgput (requests/sec) = 86.2581 res=false
*==== INFO ====* http_end_stream ALL streams done! nstreams_done_=20000 avg_latency=0.7072 msreq_id_count= 20000
*==== INFO ====* req_id_count= 20000 stream_id=79996 latency=0.603298 ms (tx_ts=158023395538625, rx_ts=158023396141923) request_id=792947 zil_blk_id=212527 ccf_commit_seqno=792947 nstreams_done_=20000 config.nstreams=20000 avg_latency=0.7072 ms avg throuhgput (requests/sec) = 86.2782 res=true
