Uniform: 257728 679978 460657 755427 903568 
Exponential: -2147483648 -2147483648 -2147483648 -2147483648 -2147483648 
Truncated Normal: 757778 703177 415566 907162 531773 
*==== INFO ====* req_id_count= 500 stream_id=1996 latency=0.586027 ms (tx_ts=157797405270671, rx_ts=157797405856698) request_id=19363 zil_blk_id=781 ccf_commit_seqno=19364 nstreams_done_=500 config.nstreams=20000 avg_latency=0.7591 ms avg throuhgput (requests/sec) = 85.9352 res=false
*==== INFO ====* req_id_count= 1000 stream_id=3996 latency=0.548366 ms (tx_ts=157803264354652, rx_ts=157803264903018) request_id=39339 zil_blk_id=6269 ccf_commit_seqno=39339 nstreams_done_=1000 config.nstreams=20000 avg_latency=0.7580 ms avg throuhgput (requests/sec) = 85.6356 res=false
*==== INFO ====* req_id_count= 1500 stream_id=5996 latency=0.590164 ms (tx_ts=157809134197573, rx_ts=157809134787737) request_id=59393 zil_blk_id=11769 ccf_commit_seqno=59393 nstreams_done_=1500 config.nstreams=20000 avg_latency=0.7837 ms avg throuhgput (requests/sec) = 85.4834 res=false
*==== INFO ====* req_id_count= 2000 stream_id=7996 latency=0.532867 ms (tx_ts=157814922155152, rx_ts=157814922688019) request_id=79228 zil_blk_id=17192 ccf_commit_seqno=79228 nstreams_done_=2000 config.nstreams=20000 avg_latency=0.7570 ms avg throuhgput (requests/sec) = 85.7075 res=false
*==== INFO ====* req_id_count= 2500 stream_id=9996 latency=0.774950 ms (tx_ts=157820748654895, rx_ts=157820749429845) request_id=99180 zil_blk_id=22653 ccf_commit_seqno=99181 nstreams_done_=2500 config.nstreams=20000 avg_latency=0.7505 ms avg throuhgput (requests/sec) = 85.7283 res=false
*==== INFO ====* req_id_count= 3000 stream_id=11996 latency=0.620732 ms (tx_ts=157826591012514, rx_ts=157826591633246) request_id=119185 zil_blk_id=28127 ccf_commit_seqno=119185 nstreams_done_=3000 config.nstreams=20000 avg_latency=0.7499 ms avg throuhgput (requests/sec) = 85.7042 res=false
*==== INFO ====* req_id_count= 3500 stream_id=13996 latency=0.988269 ms (tx_ts=157832407059376, rx_ts=157832408047645) request_id=139090 zil_blk_id=33576 ccf_commit_seqno=139093 nstreams_done_=3500 config.nstreams=20000 avg_latency=0.7475 ms avg throuhgput (requests/sec) = 85.7412 res=false
*==== INFO ====* req_id_count= 4000 stream_id=15996 latency=0.580977 ms (tx_ts=157838230215539, rx_ts=157838230796516) request_id=159026 zil_blk_id=39017 ccf_commit_seqno=159026 nstreams_done_=4000 config.nstreams=20000 avg_latency=0.7400 ms avg throuhgput (requests/sec) = 85.7573 res=false
*==== INFO ====* req_id_count= 4500 stream_id=17996 latency=0.771253 ms (tx_ts=157844087048098, rx_ts=157844087819351) request_id=179117 zil_blk_id=44490 ccf_commit_seqno=179117 nstreams_done_=4500 config.nstreams=20000 avg_latency=0.7402 ms avg throuhgput (requests/sec) = 85.7138 res=false
*==== INFO ====* req_id_count= 5000 stream_id=19996 latency=0.843789 ms (tx_ts=157849929438297, rx_ts=157849930282086) request_id=199136 zil_blk_id=49939 ccf_commit_seqno=199139 nstreams_done_=5000 config.nstreams=20000 avg_latency=0.7429 ms avg throuhgput (requests/sec) = 85.7004 res=false
*==== INFO ====* req_id_count= 5500 stream_id=21996 latency=0.570488 ms (tx_ts=157855687267522, rx_ts=157855687838010) request_id=218889 zil_blk_id=55341 ccf_commit_seqno=218889 nstreams_done_=5500 config.nstreams=20000 avg_latency=0.7399 ms avg throuhgput (requests/sec) = 85.8030 res=false
*==== INFO ====* req_id_count= 6000 stream_id=23996 latency=0.570698 ms (tx_ts=157861462528283, rx_ts=157861463098981) request_id=238718 zil_blk_id=60763 ccf_commit_seqno=238718 nstreams_done_=6000 config.nstreams=20000 avg_latency=0.7366 ms avg throuhgput (requests/sec) = 85.8669 res=false
*==== INFO ====* req_id_count= 6500 stream_id=25996 latency=0.814003 ms (tx_ts=157867258461393, rx_ts=157867259275396) request_id=258593 zil_blk_id=66204 ccf_commit_seqno=258593 nstreams_done_=6500 config.nstreams=20000 avg_latency=0.7359 ms avg throuhgput (requests/sec) = 85.8973 res=false
*==== INFO ====* req_id_count= 7000 stream_id=27996 latency=0.555119 ms (tx_ts=157873030838884, rx_ts=157873031394003) request_id=278414 zil_blk_id=71621 ccf_commit_seqno=278414 nstreams_done_=7000 config.nstreams=20000 avg_latency=0.7340 ms avg throuhgput (requests/sec) = 85.9488 res=false
*==== INFO ====* req_id_count= 7500 stream_id=29996 latency=0.751706 ms (tx_ts=157878820536154, rx_ts=157878821287860) request_id=298269 zil_blk_id=77058 ccf_commit_seqno=298269 nstreams_done_=7500 config.nstreams=20000 avg_latency=0.7339 ms avg throuhgput (requests/sec) = 85.9759 res=false
*==== INFO ====* req_id_count= 8000 stream_id=31996 latency=0.667740 ms (tx_ts=157884619612998, rx_ts=157884620280738) request_id=318145 zil_blk_id=82506 ccf_commit_seqno=318145 nstreams_done_=8000 config.nstreams=20000 avg_latency=0.7337 ms avg throuhgput (requests/sec) = 85.9912 res=false
*==== INFO ====* req_id_count= 8500 stream_id=33996 latency=0.600053 ms (tx_ts=157890388985577, rx_ts=157890389585630) request_id=337943 zil_blk_id=87922 ccf_commit_seqno=337943 nstreams_done_=8500 config.nstreams=20000 avg_latency=0.7324 ms avg throuhgput (requests/sec) = 86.0306 res=false
*==== INFO ====* req_id_count= 9000 stream_id=35996 latency=0.815563 ms (tx_ts=157896174560835, rx_ts=157896175376398) request_id=357771 zil_blk_id=93351 ccf_commit_seqno=357771 nstreams_done_=9000 config.nstreams=20000 avg_latency=0.7318 ms avg throuhgput (requests/sec) = 86.0521 res=false
*==== INFO ====* req_id_count= 9500 stream_id=37996 latency=0.759000 ms (tx_ts=157901969927817, rx_ts=157901970686817) request_id=377629 zil_blk_id=98788 ccf_commit_seqno=377629 nstreams_done_=9500 config.nstreams=20000 avg_latency=0.7339 ms avg throuhgput (requests/sec) = 86.0638 res=false
*==== INFO ====* req_id_count= 10000 stream_id=39996 latency=0.737500 ms (tx_ts=157907711914547, rx_ts=157907712652047) request_id=397298 zil_blk_id=104176 ccf_commit_seqno=397299 nstreams_done_=10000 config.nstreams=20000 avg_latency=0.7354 ms avg throuhgput (requests/sec) = 86.1140 res=false
*==== INFO ====* req_id_count= 10500 stream_id=41996 latency=4.575879 ms (tx_ts=157913473807848, rx_ts=157913478383727) request_id=417093 zil_blk_id=109587 ccf_commit_seqno=417093 nstreams_done_=10500 config.nstreams=20000 avg_latency=0.7347 ms avg throuhgput (requests/sec) = 86.1426 res=false
*==== INFO ====* req_id_count= 11000 stream_id=43996 latency=0.807150 ms (tx_ts=157919226990595, rx_ts=157919227797745) request_id=436756 zil_blk_id=114991 ccf_commit_seqno=436756 nstreams_done_=11000 config.nstreams=20000 avg_latency=0.7333 ms avg throuhgput (requests/sec) = 86.1797 res=false
*==== INFO ====* req_id_count= 11500 stream_id=45996 latency=0.560508 ms (tx_ts=157924976650335, rx_ts=157924977210843) request_id=456483 zil_blk_id=120394 ccf_commit_seqno=456483 nstreams_done_=11500 config.nstreams=20000 avg_latency=0.7323 ms avg throuhgput (requests/sec) = 86.2136 res=false
*==== INFO ====* req_id_count= 12000 stream_id=47996 latency=0.838668 ms (tx_ts=157930782929110, rx_ts=157930783767778) request_id=476385 zil_blk_id=125845 ccf_commit_seqno=476386 nstreams_done_=12000 config.nstreams=20000 avg_latency=0.7345 ms avg throuhgput (requests/sec) = 86.2092 res=false
*==== INFO ====* req_id_count= 12500 stream_id=49996 latency=0.979833 ms (tx_ts=157936558468158, rx_ts=157936559447991) request_id=496220 zil_blk_id=131267 ccf_commit_seqno=496220 nstreams_done_=12500 config.nstreams=20000 avg_latency=0.7343 ms avg throuhgput (requests/sec) = 86.2236 res=false
*==== INFO ====* req_id_count= 13000 stream_id=51996 latency=0.696022 ms (tx_ts=157942328583984, rx_ts=157942329280006) request_id=516006 zil_blk_id=136686 ccf_commit_seqno=516006 nstreams_done_=13000 config.nstreams=20000 avg_latency=0.7340 ms avg throuhgput (requests/sec) = 86.2402 res=false
*==== INFO ====* req_id_count= 13500 stream_id=53996 latency=0.714707 ms (tx_ts=157948135493203, rx_ts=157948136207910) request_id=535873 zil_blk_id=142138 ccf_commit_seqno=535874 nstreams_done_=13500 config.nstreams=20000 avg_latency=0.7357 ms avg throuhgput (requests/sec) = 86.2352 res=false
*==== INFO ====* req_id_count= 14000 stream_id=55996 latency=0.707554 ms (tx_ts=157953893674966, rx_ts=157953894382520) request_id=555645 zil_blk_id=147541 ccf_commit_seqno=555645 nstreams_done_=14000 config.nstreams=20000 avg_latency=0.7345 ms avg throuhgput (requests/sec) = 86.2564 res=false
*==== INFO ====* req_id_count= 14500 stream_id=57996 latency=0.560168 ms (tx_ts=157959750746884, rx_ts=157959751307052) request_id=575723 zil_blk_id=153038 ccf_commit_seqno=575723 nstreams_done_=14500 config.nstreams=20000 avg_latency=0.7376 ms avg throuhgput (requests/sec) = 86.2255 res=false
*==== INFO ====* req_id_count= 15000 stream_id=59996 latency=0.777324 ms (tx_ts=157965569358511, rx_ts=157965570135835) request_id=595675 zil_blk_id=158497 ccf_commit_seqno=595675 nstreams_done_=15000 config.nstreams=20000 avg_latency=0.7382 ms avg throuhgput (requests/sec) = 86.2155 res=false
*==== INFO ====* req_id_count= 15500 stream_id=61996 latency=0.634356 ms (tx_ts=157971371225462, rx_ts=157971371859818) request_id=615572 zil_blk_id=163942 ccf_commit_seqno=615572 nstreams_done_=15500 config.nstreams=20000 avg_latency=0.7393 ms avg throuhgput (requests/sec) = 86.2144 res=false
*==== INFO ====* req_id_count= 16000 stream_id=63996 latency=0.755661 ms (tx_ts=157977124820767, rx_ts=157977125576428) request_id=635319 zil_blk_id=169338 ccf_commit_seqno=635320 nstreams_done_=16000 config.nstreams=20000 avg_latency=0.7387 ms avg throuhgput (requests/sec) = 86.2357 res=false
*==== INFO ====* req_id_count= 16500 stream_id=65996 latency=0.584894 ms (tx_ts=157982861091786, rx_ts=157982861676680) request_id=655050 zil_blk_id=174695 ccf_commit_seqno=655050 nstreams_done_=16500 config.nstreams=20000 avg_latency=0.7371 ms avg throuhgput (requests/sec) = 86.2636 res=false
*==== INFO ====* req_id_count= 17000 stream_id=67996 latency=0.859538 ms (tx_ts=157988613622680, rx_ts=157988614482218) request_id=674810 zil_blk_id=180072 ccf_commit_seqno=674810 nstreams_done_=17000 config.nstreams=20000 avg_latency=0.7361 ms avg throuhgput (requests/sec) = 86.2826 res=false
*==== INFO ====* req_id_count= 17500 stream_id=69996 latency=0.573072 ms (tx_ts=157994382604245, rx_ts=157994383177317) request_id=694641 zil_blk_id=185468 ccf_commit_seqno=694641 nstreams_done_=17500 config.nstreams=20000 avg_latency=0.7354 ms avg throuhgput (requests/sec) = 86.2938 res=false
*==== INFO ====* req_id_count= 18000 stream_id=71996 latency=0.571479 ms (tx_ts=158000185769454, rx_ts=158000186340933) request_id=714569 zil_blk_id=190894 ccf_commit_seqno=714570 nstreams_done_=18000 config.nstreams=20000 avg_latency=0.7360 ms avg throuhgput (requests/sec) = 86.2900 res=false
*==== INFO ====* req_id_count= 18500 stream_id=73996 latency=0.673961 ms (tx_ts=158005975823492, rx_ts=158005976497453) request_id=734474 zil_blk_id=196299 ccf_commit_seqno=734474 nstreams_done_=18500 config.nstreams=20000 avg_latency=0.7371 ms avg throuhgput (requests/sec) = 86.2917 res=false
*==== INFO ====* req_id_count= 19000 stream_id=75996 latency=0.678088 ms (tx_ts=158011763286906, rx_ts=158011763964994) request_id=754371 zil_blk_id=201688 ccf_commit_seqno=754373 nstreams_done_=19000 config.nstreams=20000 avg_latency=0.7367 ms avg throuhgput (requests/sec) = 86.2944 res=false
*==== INFO ====* req_id_count= 19500 stream_id=77996 latency=0.554248 ms (tx_ts=158017539251337, rx_ts=158017539805585) request_id=774206 zil_blk_id=207083 ccf_commit_seqno=774206 nstreams_done_=19500 config.nstreams=20000 avg_latency=0.7361 ms avg throuhgput (requests/sec) = 86.3014 res=false
*==== INFO ====* http_end_stream ALL streams done! nstreams_done_=20000 avg_latency=0.7354 msreq_id_count= 20000
*==== INFO ====* req_id_count= 20000 stream_id=79996 latency=0.578823 ms (tx_ts=158023294688027, rx_ts=158023295266850) request_id=792687 zil_blk_id=212450 ccf_commit_seqno=792687 nstreams_done_=20000 config.nstreams=20000 avg_latency=0.7354 ms avg throuhgput (requests/sec) = 86.3156 res=true
