Uniform: 229518 469637 906475 736071 178298 
Exponential: -2147483648 -2147483648 -2147483648 -2147483648 -2147483648 
Truncated Normal: 618145 505108 731222 163765 905654 
*==== INFO ====* req_id_count= 500 stream_id=1996 latency=0.819433 ms (tx_ts=157797477700698, rx_ts=157797478520131) request_id=19599 zil_blk_id=1996 ccf_commit_seqno=19599 nstreams_done_=500 config.nstreams=20000 avg_latency=0.8351 ms avg throuhgput (requests/sec) = 84.9466 res=false
*==== INFO ====* req_id_count= 1000 stream_id=3996 latency=0.826256 ms (tx_ts=157803390911452, rx_ts=157803391737708) request_id=39759 zil_blk_id=3996 ccf_commit_seqno=39760 nstreams_done_=1000 config.nstreams=20000 avg_latency=0.8424 ms avg throuhgput (requests/sec) = 84.7510 res=false
*==== INFO ====* req_id_count= 1500 stream_id=5996 latency=0.731038 ms (tx_ts=157809306974294, rx_ts=157809307705332) request_id=59972 zil_blk_id=5996 ccf_commit_seqno=59972 nstreams_done_=1500 config.nstreams=20000 avg_latency=0.8582 ms avg throuhgput (requests/sec) = 84.6729 res=false
*==== INFO ====* req_id_count= 2000 stream_id=7996 latency=0.798274 ms (tx_ts=157815125198430, rx_ts=157815125996704) request_id=79919 zil_blk_id=7996 ccf_commit_seqno=79920 nstreams_done_=2000 config.nstreams=20000 avg_latency=0.8548 ms avg throuhgput (requests/sec) = 84.9851 res=false
*==== INFO ====* req_id_count= 2500 stream_id=9996 latency=2.789280 ms (tx_ts=157820991965365, rx_ts=157820994754645) request_id=100004 zil_blk_id=9996 ccf_commit_seqno=100012 nstreams_done_=2500 config.nstreams=20000 avg_latency=0.8458 ms avg throuhgput (requests/sec) = 85.0274 res=false
*==== INFO ====* req_id_count= 3000 stream_id=11996 latency=0.618147 ms (tx_ts=157826853531565, rx_ts=157826854149712) request_id=120079 zil_blk_id=11996 ccf_commit_seqno=120080 nstreams_done_=3000 config.nstreams=20000 avg_latency=0.8394 ms avg throuhgput (requests/sec) = 85.0782 res=false
*==== INFO ====* req_id_count= 3500 stream_id=13996 latency=0.642322 ms (tx_ts=157832706650774, rx_ts=157832707293096) request_id=140108 zil_blk_id=13996 ccf_commit_seqno=140108 nstreams_done_=3500 config.nstreams=20000 avg_latency=0.8339 ms avg throuhgput (requests/sec) = 85.1274 res=false
*==== INFO ====* req_id_count= 4000 stream_id=15996 latency=0.682898 ms (tx_ts=157838554136499, rx_ts=157838554819397) request_id=160136 zil_blk_id=15996 ccf_commit_seqno=160136 nstreams_done_=4000 config.nstreams=20000 avg_latency=0.8294 ms avg throuhgput (requests/sec) = 85.1746 res=false
*==== INFO ====* req_id_count= 4500 stream_id=17996 latency=0.743081 ms (tx_ts=157844409630385, rx_ts=157844410373466) request_id=180219 zil_blk_id=17996 ccf_commit_seqno=180219 nstreams_done_=4500 config.nstreams=20000 avg_latency=0.8300 ms avg throuhgput (requests/sec) = 85.1984 res=false
*==== INFO ====* req_id_count= 5000 stream_id=19996 latency=0.613538 ms (tx_ts=157850319557819, rx_ts=157850320171357) request_id=200472 zil_blk_id=19996 ccf_commit_seqno=200472 nstreams_done_=5000 config.nstreams=20000 avg_latency=0.8376 ms avg throuhgput (requests/sec) = 85.1387 res=false
*==== INFO ====* req_id_count= 5500 stream_id=21996 latency=0.817149 ms (tx_ts=157856175351446, rx_ts=157856176168595) request_id=220562 zil_blk_id=21996 ccf_commit_seqno=220562 nstreams_done_=5500 config.nstreams=20000 avg_latency=0.8329 ms avg throuhgput (requests/sec) = 85.1608 res=false
*==== INFO ====* req_id_count= 6000 stream_id=23996 latency=0.641520 ms (tx_ts=157862017294472, rx_ts=157862017935992) request_id=240621 zil_blk_id=23996 ccf_commit_seqno=240621 nstreams_done_=6000 config.nstreams=20000 avg_latency=0.8296 ms avg throuhgput (requests/sec) = 85.1965 res=false
*==== INFO ====* req_id_count= 6500 stream_id=25996 latency=0.657490 ms (tx_ts=157867883148847, rx_ts=157867883806337) request_id=260736 zil_blk_id=25996 ccf_commit_seqno=260736 nstreams_done_=6500 config.nstreams=20000 avg_latency=0.8299 ms avg throuhgput (requests/sec) = 85.1997 res=false
*==== INFO ====* req_id_count= 7000 stream_id=27996 latency=0.806719 ms (tx_ts=157873734153025, rx_ts=157873734959744) request_id=280824 zil_blk_id=27996 ccf_commit_seqno=280825 nstreams_done_=7000 config.nstreams=20000 avg_latency=0.8308 ms avg throuhgput (requests/sec) = 85.2178 res=false
*==== INFO ====* req_id_count= 7500 stream_id=29996 latency=0.822789 ms (tx_ts=157879576884458, rx_ts=157879577707247) request_id=300851 zil_blk_id=29996 ccf_commit_seqno=300853 nstreams_done_=7500 config.nstreams=20000 avg_latency=0.8317 ms avg throuhgput (requests/sec) = 85.2416 res=false
*==== INFO ====* req_id_count= 8000 stream_id=31996 latency=0.650638 ms (tx_ts=157885393999967, rx_ts=157885394650605) request_id=320799 zil_blk_id=31996 ccf_commit_seqno=320799 nstreams_done_=8000 config.nstreams=20000 avg_latency=0.8295 ms avg throuhgput (requests/sec) = 85.2859 res=false
*==== INFO ====* req_id_count= 8500 stream_id=33996 latency=0.865562 ms (tx_ts=157891221969906, rx_ts=157891222835468) request_id=340801 zil_blk_id=33996 ccf_commit_seqno=340801 nstreams_done_=8500 config.nstreams=20000 avg_latency=0.8267 ms avg throuhgput (requests/sec) = 85.3154 res=false
*==== INFO ====* req_id_count= 9000 stream_id=35996 latency=3.256863 ms (tx_ts=157897083238292, rx_ts=157897086495155) request_id=360885 zil_blk_id=35996 ccf_commit_seqno=360885 nstreams_done_=9000 config.nstreams=20000 avg_latency=0.8254 ms avg throuhgput (requests/sec) = 85.3129 res=false
*==== INFO ====* req_id_count= 9500 stream_id=37996 latency=0.633154 ms (tx_ts=157902960610280, rx_ts=157902961243434) request_id=381025 zil_blk_id=37996 ccf_commit_seqno=381025 nstreams_done_=9500 config.nstreams=20000 avg_latency=0.8258 ms avg throuhgput (requests/sec) = 85.3022 res=false
*==== INFO ====* req_id_count= 10000 stream_id=39996 latency=0.871190 ms (tx_ts=157908840026814, rx_ts=157908840898004) request_id=401163 zil_blk_id=39996 ccf_commit_seqno=401163 nstreams_done_=10000 config.nstreams=20000 avg_latency=0.8269 ms avg throuhgput (requests/sec) = 85.2890 res=false
*==== INFO ====* req_id_count= 10500 stream_id=41996 latency=0.889433 ms (tx_ts=157914693725260, rx_ts=157914694614693) request_id=421229 zil_blk_id=41996 ccf_commit_seqno=421230 nstreams_done_=10500 config.nstreams=20000 avg_latency=0.8274 ms avg throuhgput (requests/sec) = 85.2950 res=false
*==== INFO ====* req_id_count= 11000 stream_id=43996 latency=0.730386 ms (tx_ts=157920553660668, rx_ts=157920554391054) request_id=441298 zil_blk_id=43996 ccf_commit_seqno=441299 nstreams_done_=11000 config.nstreams=20000 avg_latency=0.8273 ms avg throuhgput (requests/sec) = 85.2965 res=false
*==== INFO ====* req_id_count= 11500 stream_id=45996 latency=4.646412 ms (tx_ts=157926385583672, rx_ts=157926390230084) request_id=461323 zil_blk_id=45996 ccf_commit_seqno=461323 nstreams_done_=11500 config.nstreams=20000 avg_latency=0.8259 ms avg throuhgput (requests/sec) = 85.3130 res=false
*==== INFO ====* req_id_count= 12000 stream_id=47996 latency=0.824112 ms (tx_ts=157932274446461, rx_ts=157932275270573) request_id=481501 zil_blk_id=47996 ccf_commit_seqno=481503 nstreams_done_=12000 config.nstreams=20000 avg_latency=0.8269 ms avg throuhgput (requests/sec) = 85.2983 res=false
*==== INFO ====* req_id_count= 12500 stream_id=49996 latency=0.691984 ms (tx_ts=157938102355649, rx_ts=157938103047633) request_id=501506 zil_blk_id=49996 ccf_commit_seqno=501506 nstreams_done_=12500 config.nstreams=20000 avg_latency=0.8254 ms avg throuhgput (requests/sec) = 85.3181 res=false
*==== INFO ====* req_id_count= 13000 stream_id=51996 latency=0.822007 ms (tx_ts=157943972210402, rx_ts=157943973032409) request_id=521617 zil_blk_id=51996 ccf_commit_seqno=521618 nstreams_done_=13000 config.nstreams=20000 avg_latency=0.8266 ms avg throuhgput (requests/sec) = 85.3127 res=false
*==== INFO ====* req_id_count= 13500 stream_id=53996 latency=0.848226 ms (tx_ts=157949852168230, rx_ts=157949853016456) request_id=541769 zil_blk_id=53996 ccf_commit_seqno=541770 nstreams_done_=13500 config.nstreams=20000 avg_latency=0.8279 ms avg throuhgput (requests/sec) = 85.3024 res=false
*==== INFO ====* req_id_count= 14000 stream_id=55996 latency=2.551583 ms (tx_ts=157955718255185, rx_ts=157955720806768) request_id=561897 zil_blk_id=55996 ccf_commit_seqno=561899 nstreams_done_=14000 config.nstreams=20000 avg_latency=0.8289 ms avg throuhgput (requests/sec) = 85.2991 res=false
*==== INFO ====* req_id_count= 14500 stream_id=57996 latency=0.749823 ms (tx_ts=157961620308447, rx_ts=157961621058270) request_id=582142 zil_blk_id=57996 ccf_commit_seqno=582142 nstreams_done_=14500 config.nstreams=20000 avg_latency=0.8303 ms avg throuhgput (requests/sec) = 85.2798 res=false
*==== INFO ====* req_id_count= 15000 stream_id=59996 latency=0.913729 ms (tx_ts=157967480127899, rx_ts=157967481041628) request_id=602232 zil_blk_id=59996 ccf_commit_seqno=602233 nstreams_done_=15000 config.nstreams=20000 avg_latency=0.8317 ms avg throuhgput (requests/sec) = 85.2813 res=false
*==== INFO ====* req_id_count= 15500 stream_id=61996 latency=0.624568 ms (tx_ts=157973342345235, rx_ts=157973342969803) request_id=622327 zil_blk_id=61996 ccf_commit_seqno=622327 nstreams_done_=15500 config.nstreams=20000 avg_latency=0.8322 ms avg throuhgput (requests/sec) = 85.2817 res=false
*==== INFO ====* req_id_count= 16000 stream_id=63996 latency=0.674261 ms (tx_ts=157979168348590, rx_ts=157979169022851) request_id=642348 zil_blk_id=63996 ccf_commit_seqno=642349 nstreams_done_=16000 config.nstreams=20000 avg_latency=0.8306 ms avg throuhgput (requests/sec) = 85.2985 res=false
*==== INFO ====* req_id_count= 16500 stream_id=65996 latency=0.681574 ms (tx_ts=157985002130630, rx_ts=157985002812204) request_id=662409 zil_blk_id=65996 ccf_commit_seqno=662409 nstreams_done_=16500 config.nstreams=20000 avg_latency=0.8301 ms avg throuhgput (requests/sec) = 85.3108 res=false
*==== INFO ====* req_id_count= 17000 stream_id=67996 latency=1.005881 ms (tx_ts=157990828683041, rx_ts=157990829688922) request_id=682426 zil_blk_id=67996 ccf_commit_seqno=682427 nstreams_done_=17000 config.nstreams=20000 avg_latency=0.8296 ms avg throuhgput (requests/sec) = 85.3254 res=false
*==== INFO ====* req_id_count= 17500 stream_id=69996 latency=0.702374 ms (tx_ts=157996706706840, rx_ts=157996707409214) request_id=702617 zil_blk_id=69996 ccf_commit_seqno=702617 nstreams_done_=17500 config.nstreams=20000 avg_latency=0.8300 ms avg throuhgput (requests/sec) = 85.3180 res=false
*==== INFO ====* req_id_count= 18000 stream_id=71996 latency=0.716600 ms (tx_ts=158002568809993, rx_ts=158002569526593) request_id=722770 zil_blk_id=71996 ccf_commit_seqno=722770 nstreams_done_=18000 config.nstreams=20000 avg_latency=0.8300 ms avg throuhgput (requests/sec) = 85.3173 res=false
*==== INFO ====* req_id_count= 18500 stream_id=73996 latency=0.864197 ms (tx_ts=158008420190546, rx_ts=158008421054743) request_id=742880 zil_blk_id=73996 ccf_commit_seqno=742881 nstreams_done_=18500 config.nstreams=20000 avg_latency=0.8314 ms avg throuhgput (requests/sec) = 85.3209 res=false
*==== INFO ====* req_id_count= 19000 stream_id=75996 latency=0.630199 ms (tx_ts=158014285763953, rx_ts=158014286394152) request_id=763032 zil_blk_id=75996 ccf_commit_seqno=763032 nstreams_done_=19000 config.nstreams=20000 avg_latency=0.8323 ms avg throuhgput (requests/sec) = 85.3189 res=false
*==== INFO ====* req_id_count= 19500 stream_id=77996 latency=0.751967 ms (tx_ts=158020107027562, rx_ts=158020107779529) request_id=782890 zil_blk_id=77996 ccf_commit_seqno=782891 nstreams_done_=19500 config.nstreams=20000 avg_latency=0.8310 ms avg throuhgput (requests/sec) = 85.3335 res=false
*==== INFO ====* http_end_stream ALL streams done! nstreams_done_=20000 avg_latency=0.8293 msreq_id_count= 20000
*==== INFO ====* req_id_count= 20000 stream_id=79996 latency=0.820715 ms (tx_ts=158025995571684, rx_ts=158025996392399) request_id=798030 zil_blk_id=79996 ccf_commit_seqno=798032 nstreams_done_=20000 config.nstreams=20000 avg_latency=0.8293 ms avg throuhgput (requests/sec) = 85.3228 res=true
