Uniform: 840360 692550 81747 145090 178798 
Exponential: -2147483648 -2147483648 -2147483648 -2147483648 -2147483648 
Truncated Normal: 434206 552626 706675 785529 537887 
*==== INFO ====* req_id_count= 500 stream_id=1996 latency=0.652942 ms (tx_ts=157797520609766, rx_ts=157797521262708) request_id=19741 zil_blk_id=1996 ccf_commit_seqno=19741 nstreams_done_=500 config.nstreams=20000 avg_latency=0.8615 ms avg throuhgput (requests/sec) = 84.3644 res=false
*==== INFO ====* req_id_count= 1000 stream_id=3996 latency=0.668200 ms (tx_ts=157803455329559, rx_ts=157803455997759) request_id=39968 zil_blk_id=3996 ccf_commit_seqno=39968 nstreams_done_=1000 config.nstreams=20000 avg_latency=0.8722 ms avg throuhgput (requests/sec) = 84.3070 res=false
*==== INFO ====* req_id_count= 1500 stream_id=5996 latency=0.866412 ms (tx_ts=157809334337146, rx_ts=157809335203558) request_id=60066 zil_blk_id=5996 ccf_commit_seqno=60067 nstreams_done_=1500 config.nstreams=20000 avg_latency=0.8592 ms avg throuhgput (requests/sec) = 84.5518 res=false
*==== INFO ====* req_id_count= 2000 stream_id=7996 latency=0.828340 ms (tx_ts=157815209283844, rx_ts=157815210112184) request_id=80204 zil_blk_id=7996 ccf_commit_seqno=80204 nstreams_done_=2000 config.nstreams=20000 avg_latency=0.8550 ms avg throuhgput (requests/sec) = 84.6901 res=false
*==== INFO ====* req_id_count= 2500 stream_id=9996 latency=0.956721 ms (tx_ts=157821087188424, rx_ts=157821088145145) request_id=100323 zil_blk_id=9996 ccf_commit_seqno=100323 nstreams_done_=2500 config.nstreams=20000 avg_latency=0.8532 ms avg throuhgput (requests/sec) = 84.7643 res=false
*==== INFO ====* req_id_count= 3000 stream_id=11996 latency=0.909492 ms (tx_ts=157826957347022, rx_ts=157826958256514) request_id=120430 zil_blk_id=11996 ccf_commit_seqno=120430 nstreams_done_=3000 config.nstreams=20000 avg_latency=0.8525 ms avg throuhgput (requests/sec) = 84.8328 res=false
*==== INFO ====* req_id_count= 3500 stream_id=13996 latency=0.991295 ms (tx_ts=157832846658558, rx_ts=157832847649853) request_id=140586 zil_blk_id=13996 ccf_commit_seqno=140587 nstreams_done_=3500 config.nstreams=20000 avg_latency=0.8518 ms avg throuhgput (requests/sec) = 84.8422 res=false
*==== INFO ====* req_id_count= 4000 stream_id=15996 latency=0.870850 ms (tx_ts=157838729293291, rx_ts=157838730164141) request_id=160734 zil_blk_id=15996 ccf_commit_seqno=160735 nstreams_done_=4000 config.nstreams=20000 avg_latency=0.8488 ms avg throuhgput (requests/sec) = 84.8616 res=false
*==== INFO ====* req_id_count= 4500 stream_id=17996 latency=0.843489 ms (tx_ts=157844627652295, rx_ts=157844628495784) request_id=180958 zil_blk_id=17996 ccf_commit_seqno=180959 nstreams_done_=4500 config.nstreams=20000 avg_latency=0.8488 ms avg throuhgput (requests/sec) = 84.8514 res=false
*==== INFO ====* req_id_count= 5000 stream_id=19996 latency=0.731869 ms (tx_ts=157850485845364, rx_ts=157850486577233) request_id=201043 zil_blk_id=19996 ccf_commit_seqno=201043 nstreams_done_=5000 config.nstreams=20000 avg_latency=0.8452 ms avg throuhgput (requests/sec) = 84.9012 res=false
*==== INFO ====* req_id_count= 5500 stream_id=21996 latency=0.821377 ms (tx_ts=157856379720184, rx_ts=157856380541561) request_id=221256 zil_blk_id=21996 ccf_commit_seqno=221257 nstreams_done_=5500 config.nstreams=20000 avg_latency=0.8467 ms avg throuhgput (requests/sec) = 84.8949 res=false
*==== INFO ====* req_id_count= 6000 stream_id=23996 latency=0.742512 ms (tx_ts=157862256051908, rx_ts=157862256794420) request_id=241440 zil_blk_id=23996 ccf_commit_seqno=241440 nstreams_done_=6000 config.nstreams=20000 avg_latency=0.8455 ms avg throuhgput (requests/sec) = 84.9110 res=false
*==== INFO ====* req_id_count= 6500 stream_id=25996 latency=0.956800 ms (tx_ts=157868125448701, rx_ts=157868126405501) request_id=261565 zil_blk_id=25996 ccf_commit_seqno=261565 nstreams_done_=6500 config.nstreams=20000 avg_latency=0.8443 ms avg throuhgput (requests/sec) = 84.9320 res=false
*==== INFO ====* req_id_count= 7000 stream_id=27996 latency=0.749961 ms (tx_ts=157874003393616, rx_ts=157874004143577) request_id=281746 zil_blk_id=27996 ccf_commit_seqno=281746 nstreams_done_=7000 config.nstreams=20000 avg_latency=0.8438 ms avg throuhgput (requests/sec) = 84.9416 res=false
*==== INFO ====* req_id_count= 7500 stream_id=29996 latency=0.918970 ms (tx_ts=157879903273715, rx_ts=157879904192685) request_id=301963 zil_blk_id=29996 ccf_commit_seqno=301963 nstreams_done_=7500 config.nstreams=20000 avg_latency=0.8445 ms avg throuhgput (requests/sec) = 84.9285 res=false
*==== INFO ====* req_id_count= 8000 stream_id=31996 latency=0.884586 ms (tx_ts=157885783533310, rx_ts=157885784417896) request_id=322132 zil_blk_id=31996 ccf_commit_seqno=322132 nstreams_done_=8000 config.nstreams=20000 avg_latency=0.8432 ms avg throuhgput (requests/sec) = 84.9349 res=false
*==== INFO ====* req_id_count= 8500 stream_id=33996 latency=0.868785 ms (tx_ts=157891643689075, rx_ts=157891644557860) request_id=342245 zil_blk_id=33996 ccf_commit_seqno=342245 nstreams_done_=8500 config.nstreams=20000 avg_latency=0.8424 ms avg throuhgput (requests/sec) = 84.9575 res=false
*==== INFO ====* req_id_count= 9000 stream_id=35996 latency=0.821567 ms (tx_ts=157897521982049, rx_ts=157897522803616) request_id=362392 zil_blk_id=35996 ccf_commit_seqno=362392 nstreams_done_=9000 config.nstreams=20000 avg_latency=0.8427 ms avg throuhgput (requests/sec) = 84.9632 res=false
*==== INFO ====* req_id_count= 9500 stream_id=37996 latency=0.732718 ms (tx_ts=157903394873421, rx_ts=157903395606139) request_id=382513 zil_blk_id=37996 ccf_commit_seqno=382514 nstreams_done_=9500 config.nstreams=20000 avg_latency=0.8418 ms avg throuhgput (requests/sec) = 84.9724 res=false
*==== INFO ====* req_id_count= 10000 stream_id=39996 latency=0.687148 ms (tx_ts=157909279105857, rx_ts=157909279793005) request_id=402663 zil_blk_id=39996 ccf_commit_seqno=402663 nstreams_done_=10000 config.nstreams=20000 avg_latency=0.8416 ms avg throuhgput (requests/sec) = 84.9724 res=false
*==== INFO ====* req_id_count= 10500 stream_id=41996 latency=0.687987 ms (tx_ts=157915169956294, rx_ts=157915170644281) request_id=422850 zil_blk_id=41996 ccf_commit_seqno=422850 nstreams_done_=10500 config.nstreams=20000 avg_latency=0.8441 ms avg throuhgput (requests/sec) = 84.9679 res=false
*==== INFO ====* req_id_count= 11000 stream_id=43996 latency=1.366326 ms (tx_ts=157921055353873, rx_ts=157921056720199) request_id=443020 zil_blk_id=43996 ccf_commit_seqno=443021 nstreams_done_=11000 config.nstreams=20000 avg_latency=0.8448 ms avg throuhgput (requests/sec) = 84.9669 res=false
*==== INFO ====* req_id_count= 11500 stream_id=45996 latency=2.992395 ms (tx_ts=157926947728601, rx_ts=157926950720996) request_id=463213 zil_blk_id=45996 ccf_commit_seqno=463214 nstreams_done_=11500 config.nstreams=20000 avg_latency=0.8454 ms avg throuhgput (requests/sec) = 84.9611 res=false
*==== INFO ====* req_id_count= 12000 stream_id=47996 latency=0.680229 ms (tx_ts=157932856806048, rx_ts=157932857486277) request_id=483496 zil_blk_id=47996 ccf_commit_seqno=483496 nstreams_done_=12000 config.nstreams=20000 avg_latency=0.8476 ms avg throuhgput (requests/sec) = 84.9480 res=false
*==== INFO ====* req_id_count= 12500 stream_id=49996 latency=0.886689 ms (tx_ts=157938750554664, rx_ts=157938751441353) request_id=503724 zil_blk_id=49996 ccf_commit_seqno=503724 nstreams_done_=12500 config.nstreams=20000 avg_latency=0.8484 ms avg throuhgput (requests/sec) = 84.9434 res=false
*==== INFO ====* req_id_count= 13000 stream_id=51996 latency=0.884694 ms (tx_ts=157944627024772, rx_ts=157944627909466) request_id=523856 zil_blk_id=51996 ccf_commit_seqno=523857 nstreams_done_=13000 config.nstreams=20000 avg_latency=0.8480 ms avg throuhgput (requests/sec) = 84.9488 res=false
*==== INFO ====* req_id_count= 13500 stream_id=53996 latency=0.916875 ms (tx_ts=157950507474280, rx_ts=157950508391155) request_id=544020 zil_blk_id=53996 ccf_commit_seqno=544022 nstreams_done_=13500 config.nstreams=20000 avg_latency=0.8486 ms avg throuhgput (requests/sec) = 84.9517 res=false
*==== INFO ====* req_id_count= 14000 stream_id=55996 latency=0.774419 ms (tx_ts=157956389446050, rx_ts=157956390220469) request_id=564190 zil_blk_id=55996 ccf_commit_seqno=564190 nstreams_done_=14000 config.nstreams=20000 avg_latency=0.8489 ms avg throuhgput (requests/sec) = 84.9537 res=false
*==== INFO ====* req_id_count= 14500 stream_id=57996 latency=0.899413 ms (tx_ts=157962248143604, rx_ts=157962249043017) request_id=584295 zil_blk_id=57996 ccf_commit_seqno=584295 nstreams_done_=14500 config.nstreams=20000 avg_latency=0.8478 ms avg throuhgput (requests/sec) = 84.9670 res=false
*==== INFO ====* req_id_count= 15000 stream_id=59996 latency=0.688601 ms (tx_ts=157968141499510, rx_ts=157968142188111) request_id=604488 zil_blk_id=59996 ccf_commit_seqno=604488 nstreams_done_=15000 config.nstreams=20000 avg_latency=0.8489 ms avg throuhgput (requests/sec) = 84.9629 res=false
*==== INFO ====* req_id_count= 15500 stream_id=61996 latency=0.805326 ms (tx_ts=157973993709464, rx_ts=157973994514790) request_id=624550 zil_blk_id=61996 ccf_commit_seqno=624550 nstreams_done_=15500 config.nstreams=20000 avg_latency=0.8478 ms avg throuhgput (requests/sec) = 84.9781 res=false
*==== INFO ====* req_id_count= 16000 stream_id=63996 latency=0.896697 ms (tx_ts=157979853701033, rx_ts=157979854597730) request_id=644701 zil_blk_id=63996 ccf_commit_seqno=644701 nstreams_done_=16000 config.nstreams=20000 avg_latency=0.8469 ms avg throuhgput (requests/sec) = 84.9888 res=false
*==== INFO ====* req_id_count= 16500 stream_id=65996 latency=1.242544 ms (tx_ts=157985726707754, rx_ts=157985727950298) request_id=664886 zil_blk_id=65996 ccf_commit_seqno=664888 nstreams_done_=16500 config.nstreams=20000 avg_latency=0.8466 ms avg throuhgput (requests/sec) = 84.9931 res=false
*==== INFO ====* req_id_count= 17000 stream_id=67996 latency=0.889213 ms (tx_ts=157991596520307, rx_ts=157991597409520) request_id=685069 zil_blk_id=67996 ccf_commit_seqno=685069 nstreams_done_=17000 config.nstreams=20000 avg_latency=0.8460 ms avg throuhgput (requests/sec) = 84.9988 res=false
*==== INFO ====* req_id_count= 17500 stream_id=69996 latency=0.656618 ms (tx_ts=157997472490788, rx_ts=157997473147406) request_id=705247 zil_blk_id=69996 ccf_commit_seqno=705247 nstreams_done_=17500 config.nstreams=20000 avg_latency=0.8467 ms avg throuhgput (requests/sec) = 85.0016 res=false
*==== INFO ====* req_id_count= 18000 stream_id=71996 latency=0.700120 ms (tx_ts=158003354049775, rx_ts=158003354749895) request_id=725464 zil_blk_id=71996 ccf_commit_seqno=725464 nstreams_done_=18000 config.nstreams=20000 avg_latency=0.8465 ms avg throuhgput (requests/sec) = 85.0018 res=false
*==== INFO ====* req_id_count= 18500 stream_id=73996 latency=0.691594 ms (tx_ts=158009214687195, rx_ts=158009215378789) request_id=745612 zil_blk_id=73996 ccf_commit_seqno=745612 nstreams_done_=18500 config.nstreams=20000 avg_latency=0.8460 ms avg throuhgput (requests/sec) = 85.0103 res=false
*==== INFO ====* req_id_count= 19000 stream_id=75996 latency=0.686675 ms (tx_ts=158015078438952, rx_ts=158015079125627) request_id=765757 zil_blk_id=75996 ccf_commit_seqno=765757 nstreams_done_=19000 config.nstreams=20000 avg_latency=0.8458 ms avg throuhgput (requests/sec) = 85.0171 res=false
*==== INFO ====* req_id_count= 19500 stream_id=77996 latency=0.852075 ms (tx_ts=158020954641411, rx_ts=158020955493486) request_id=785649 zil_blk_id=77996 ccf_commit_seqno=785650 nstreams_done_=19500 config.nstreams=20000 avg_latency=0.8452 ms avg throuhgput (requests/sec) = 85.0188 res=false
*==== INFO ====* http_end_stream ALL streams done! nstreams_done_=20000 avg_latency=0.8439 msreq_id_count= 20000
*==== INFO ====* req_id_count= 20000 stream_id=79996 latency=0.689931 ms (tx_ts=158026873801245, rx_ts=158026874491176) request_id=798945 zil_blk_id=79996 ccf_commit_seqno=798945 nstreams_done_=20000 config.nstreams=20000 avg_latency=0.8439 ms avg throuhgput (requests/sec) = 85.0051 res=true
