Uniform: 724205 369153 762827 296604 231875 
Exponential: -2147483648 -2147483648 -2147483648 -2147483648 -2147483648 
Truncated Normal: 79182 521543 505246 343486 315887 
*==== INFO ====* req_id_count= 500 stream_id=1996 latency=0.743652 ms (tx_ts=157797483291447, rx_ts=157797484035099) request_id=19618 zil_blk_id=1996 ccf_commit_seqno=19618 nstreams_done_=500 config.nstreams=20000 avg_latency=0.8244 ms avg throuhgput (requests/sec) = 84.9530 res=false
*==== INFO ====* req_id_count= 1000 stream_id=3996 latency=0.806218 ms (tx_ts=157803366078957, rx_ts=157803366885175) request_id=39679 zil_blk_id=3996 ccf_commit_seqno=39680 nstreams_done_=1000 config.nstreams=20000 avg_latency=0.8358 ms avg throuhgput (requests/sec) = 84.9729 res=false
*==== INFO ====* req_id_count= 1500 stream_id=5996 latency=0.808724 ms (tx_ts=157809222106881, rx_ts=157809222915605) request_id=59689 zil_blk_id=5996 ccf_commit_seqno=59690 nstreams_done_=1500 config.nstreams=20000 avg_latency=0.8304 ms avg throuhgput (requests/sec) = 85.1088 res=false
*==== INFO ====* req_id_count= 2000 stream_id=7996 latency=0.932596 ms (tx_ts=157815057896886, rx_ts=157815058829482) request_id=79692 zil_blk_id=7996 ccf_commit_seqno=79692 nstreams_done_=2000 config.nstreams=20000 avg_latency=0.8218 ms avg throuhgput (requests/sec) = 85.2500 res=false
*==== INFO ====* req_id_count= 2500 stream_id=9996 latency=0.663986 ms (tx_ts=157820916563026, rx_ts=157820917227012) request_id=99750 zil_blk_id=9996 ccf_commit_seqno=99750 nstreams_done_=2500 config.nstreams=20000 avg_latency=0.8196 ms avg throuhgput (requests/sec) = 85.2695 res=false
*==== INFO ====* req_id_count= 3000 stream_id=11996 latency=0.689480 ms (tx_ts=157826757558171, rx_ts=157826758247651) request_id=119748 zil_blk_id=11996 ccf_commit_seqno=119748 nstreams_done_=3000 config.nstreams=20000 avg_latency=0.8185 ms avg throuhgput (requests/sec) = 85.3247 res=false
*==== INFO ====* req_id_count= 3500 stream_id=13996 latency=0.721290 ms (tx_ts=157832617846759, rx_ts=157832618568049) request_id=139805 zil_blk_id=13996 ccf_commit_seqno=139805 nstreams_done_=3500 config.nstreams=20000 avg_latency=0.8216 ms avg throuhgput (requests/sec) = 85.3239 res=false
*==== INFO ====* req_id_count= 4000 stream_id=15996 latency=0.796989 ms (tx_ts=157838488585446, rx_ts=157838489382435) request_id=159916 zil_blk_id=15996 ccf_commit_seqno=159916 nstreams_done_=4000 config.nstreams=20000 avg_latency=0.8206 ms avg throuhgput (requests/sec) = 85.3043 res=false
*==== INFO ====* req_id_count= 4500 stream_id=17996 latency=0.893873 ms (tx_ts=157844332702901, rx_ts=157844333596774) request_id=179957 zil_blk_id=17996 ccf_commit_seqno=179959 nstreams_done_=4500 config.nstreams=20000 avg_latency=0.8205 ms avg throuhgput (requests/sec) = 85.3320 res=false
*==== INFO ====* req_id_count= 5000 stream_id=19996 latency=0.824481 ms (tx_ts=157850199588514, rx_ts=157850200412995) request_id=200069 zil_blk_id=19996 ccf_commit_seqno=200070 nstreams_done_=5000 config.nstreams=20000 avg_latency=0.8217 ms avg throuhgput (requests/sec) = 85.3213 res=false
*==== INFO ====* req_id_count= 5500 stream_id=21996 latency=0.853427 ms (tx_ts=157856057907617, rx_ts=157856058761044) request_id=220155 zil_blk_id=21996 ccf_commit_seqno=220157 nstreams_done_=5500 config.nstreams=20000 avg_latency=0.8220 ms avg throuhgput (requests/sec) = 85.3238 res=false
*==== INFO ====* req_id_count= 6000 stream_id=23996 latency=0.680332 ms (tx_ts=157861892980083, rx_ts=157861893660415) request_id=240198 zil_blk_id=23996 ccf_commit_seqno=240198 nstreams_done_=6000 config.nstreams=20000 avg_latency=0.8224 ms avg throuhgput (requests/sec) = 85.3543 res=false
*==== INFO ====* req_id_count= 6500 stream_id=25996 latency=0.941953 ms (tx_ts=157867760654851, rx_ts=157867761596804) request_id=260318 zil_blk_id=25996 ccf_commit_seqno=260318 nstreams_done_=6500 config.nstreams=20000 avg_latency=0.8236 ms avg throuhgput (requests/sec) = 85.3431 res=false
*==== INFO ====* req_id_count= 7000 stream_id=27996 latency=0.648654 ms (tx_ts=157873623876499, rx_ts=157873624525153) request_id=280442 zil_blk_id=27996 ccf_commit_seqno=280442 nstreams_done_=7000 config.nstreams=20000 avg_latency=0.8259 ms avg throuhgput (requests/sec) = 85.3387 res=false
*==== INFO ====* req_id_count= 7500 stream_id=29996 latency=0.955808 ms (tx_ts=157879459641724, rx_ts=157879460597532) request_id=300454 zil_blk_id=29996 ccf_commit_seqno=300455 nstreams_done_=7500 config.nstreams=20000 avg_latency=0.8249 ms avg throuhgput (requests/sec) = 85.3610 res=false
*==== INFO ====* req_id_count= 8000 stream_id=31996 latency=0.854961 ms (tx_ts=157885315874403, rx_ts=157885316729364) request_id=320535 zil_blk_id=31996 ccf_commit_seqno=320535 nstreams_done_=8000 config.nstreams=20000 avg_latency=0.8253 ms avg throuhgput (requests/sec) = 85.3622 res=false
*==== INFO ====* req_id_count= 8500 stream_id=33996 latency=0.672939 ms (tx_ts=157891155093233, rx_ts=157891155766172) request_id=340570 zil_blk_id=33996 ccf_commit_seqno=340570 nstreams_done_=8500 config.nstreams=20000 avg_latency=0.8247 ms avg throuhgput (requests/sec) = 85.3779 res=false
*==== INFO ====* req_id_count= 9000 stream_id=35996 latency=0.705680 ms (tx_ts=157897010137007, rx_ts=157897010842687) request_id=360637 zil_blk_id=35996 ccf_commit_seqno=360637 nstreams_done_=9000 config.nstreams=20000 avg_latency=0.8263 ms avg throuhgput (requests/sec) = 85.3789 res=false
*==== INFO ====* req_id_count= 9500 stream_id=37996 latency=0.785900 ms (tx_ts=157902858281977, rx_ts=157902859067877) request_id=380675 zil_blk_id=37996 ccf_commit_seqno=380677 nstreams_done_=9500 config.nstreams=20000 avg_latency=0.8260 ms avg throuhgput (requests/sec) = 85.3851 res=false
*==== INFO ====* req_id_count= 10000 stream_id=39996 latency=0.954115 ms (tx_ts=157908712456851, rx_ts=157908713410966) request_id=400726 zil_blk_id=39996 ccf_commit_seqno=400728 nstreams_done_=10000 config.nstreams=20000 avg_latency=0.8252 ms avg throuhgput (requests/sec) = 85.3862 res=false
*==== INFO ====* req_id_count= 10500 stream_id=41996 latency=0.733201 ms (tx_ts=157914581823793, rx_ts=157914582556994) request_id=420846 zil_blk_id=41996 ccf_commit_seqno=420846 nstreams_done_=10500 config.nstreams=20000 avg_latency=0.8261 ms avg throuhgput (requests/sec) = 85.3769 res=false
*==== INFO ====* req_id_count= 11000 stream_id=43996 latency=0.897228 ms (tx_ts=157920430653023, rx_ts=157920431550251) request_id=440879 zil_blk_id=43996 ccf_commit_seqno=440879 nstreams_done_=11000 config.nstreams=20000 avg_latency=0.8265 ms avg throuhgput (requests/sec) = 85.3818 res=false
*==== INFO ====* req_id_count= 11500 stream_id=45996 latency=1.019417 ms (tx_ts=157926279172125, rx_ts=157926280191542) request_id=460952 zil_blk_id=45996 ccf_commit_seqno=460952 nstreams_done_=11500 config.nstreams=20000 avg_latency=0.8265 ms avg throuhgput (requests/sec) = 85.3865 res=false
*==== INFO ====* req_id_count= 12000 stream_id=47996 latency=0.910283 ms (tx_ts=157932124630745, rx_ts=157932125541028) request_id=480989 zil_blk_id=47996 ccf_commit_seqno=480990 nstreams_done_=12000 config.nstreams=20000 avg_latency=0.8271 ms avg throuhgput (requests/sec) = 85.3928 res=false
*==== INFO ====* req_id_count= 12500 stream_id=49996 latency=0.704167 ms (tx_ts=157937974332265, rx_ts=157937975036432) request_id=501064 zil_blk_id=49996 ccf_commit_seqno=501064 nstreams_done_=12500 config.nstreams=20000 avg_latency=0.8266 ms avg throuhgput (requests/sec) = 85.3962 res=false
*==== INFO ====* req_id_count= 13000 stream_id=51996 latency=0.839469 ms (tx_ts=157943831837768, rx_ts=157943832677237) request_id=521132 zil_blk_id=51996 ccf_commit_seqno=521133 nstreams_done_=13000 config.nstreams=20000 avg_latency=0.8263 ms avg throuhgput (requests/sec) = 85.3947 res=false
*==== INFO ====* req_id_count= 13500 stream_id=53996 latency=0.683499 ms (tx_ts=157949678314363, rx_ts=157949678997862) request_id=541171 zil_blk_id=53996 ccf_commit_seqno=541171 nstreams_done_=13500 config.nstreams=20000 avg_latency=0.8265 ms avg throuhgput (requests/sec) = 85.3995 res=false
*==== INFO ====* req_id_count= 14000 stream_id=55996 latency=0.772325 ms (tx_ts=157955531905428, rx_ts=157955532677753) request_id=561256 zil_blk_id=55996 ccf_commit_seqno=561257 nstreams_done_=14000 config.nstreams=20000 avg_latency=0.8263 ms avg throuhgput (requests/sec) = 85.4001 res=false
*==== INFO ====* req_id_count= 14500 stream_id=57996 latency=0.931713 ms (tx_ts=157961366734928, rx_ts=157961367666641) request_id=581270 zil_blk_id=57996 ccf_commit_seqno=581271 nstreams_done_=14500 config.nstreams=20000 avg_latency=0.8260 ms avg throuhgput (requests/sec) = 85.4101 res=false
*==== INFO ====* req_id_count= 15000 stream_id=59996 latency=10.181271 ms (tx_ts=157967241472827, rx_ts=157967251654098) request_id=601427 zil_blk_id=59996 ccf_commit_seqno=601431 nstreams_done_=15000 config.nstreams=20000 avg_latency=0.8277 ms avg throuhgput (requests/sec) = 85.3955 res=false
*==== INFO ====* req_id_count= 15500 stream_id=61996 latency=0.840943 ms (tx_ts=157973079286599, rx_ts=157973080127542) request_id=621429 zil_blk_id=61996 ccf_commit_seqno=621429 nstreams_done_=15500 config.nstreams=20000 avg_latency=0.8280 ms avg throuhgput (requests/sec) = 85.4081 res=false
*==== INFO ====* req_id_count= 16000 stream_id=63996 latency=0.713895 ms (tx_ts=157978931939505, rx_ts=157978932653400) request_id=641534 zil_blk_id=63996 ccf_commit_seqno=641534 nstreams_done_=16000 config.nstreams=20000 avg_latency=0.8283 ms avg throuhgput (requests/sec) = 85.4088 res=false
*==== INFO ====* req_id_count= 16500 stream_id=65996 latency=0.683468 ms (tx_ts=157984774698804, rx_ts=157984775382272) request_id=661625 zil_blk_id=65996 ccf_commit_seqno=661625 nstreams_done_=16500 config.nstreams=20000 avg_latency=0.8282 ms avg throuhgput (requests/sec) = 85.4139 res=false
*==== INFO ====* req_id_count= 17000 stream_id=67996 latency=0.701261 ms (tx_ts=157990627730957, rx_ts=157990628432218) request_id=681734 zil_blk_id=67996 ccf_commit_seqno=681734 nstreams_done_=17000 config.nstreams=20000 avg_latency=0.8285 ms avg throuhgput (requests/sec) = 85.4143 res=false
*==== INFO ====* req_id_count= 17500 stream_id=69996 latency=0.953063 ms (tx_ts=157996460090032, rx_ts=157996461043095) request_id=701773 zil_blk_id=69996 ccf_commit_seqno=701774 nstreams_done_=17500 config.nstreams=20000 avg_latency=0.8282 ms avg throuhgput (requests/sec) = 85.4231 res=false
*==== INFO ====* req_id_count= 18000 stream_id=71996 latency=0.956419 ms (tx_ts=158002281860141, rx_ts=158002282816560) request_id=721780 zil_blk_id=71996 ccf_commit_seqno=721781 nstreams_done_=18000 config.nstreams=20000 avg_latency=0.8275 ms avg throuhgput (requests/sec) = 85.4359 res=false
*==== INFO ====* req_id_count= 18500 stream_id=73996 latency=1.064832 ms (tx_ts=158008103505889, rx_ts=158008104570721) request_id=741793 zil_blk_id=73996 ccf_commit_seqno=741795 nstreams_done_=18500 config.nstreams=20000 avg_latency=0.8271 ms avg throuhgput (requests/sec) = 85.4479 res=false
*==== INFO ====* req_id_count= 19000 stream_id=75996 latency=0.920041 ms (tx_ts=158013977165605, rx_ts=158013978085646) request_id=761973 zil_blk_id=75996 ccf_commit_seqno=761973 nstreams_done_=19000 config.nstreams=20000 avg_latency=0.8289 ms avg throuhgput (requests/sec) = 85.4395 res=false
*==== INFO ====* req_id_count= 19500 stream_id=77996 latency=0.818301 ms (tx_ts=158019845320973, rx_ts=158019846139274) request_id=782019 zil_blk_id=77996 ccf_commit_seqno=782019 nstreams_done_=19500 config.nstreams=20000 avg_latency=0.8296 ms avg throuhgput (requests/sec) = 85.4335 res=false
*==== INFO ====* http_end_stream ALL streams done! nstreams_done_=20000 avg_latency=0.8288 msreq_id_count= 20000
*==== INFO ====* req_id_count= 20000 stream_id=79996 latency=0.737580 ms (tx_ts=158025717706327, rx_ts=158025718443907) request_id=797633 zil_blk_id=79996 ccf_commit_seqno=797633 nstreams_done_=20000 config.nstreams=20000 avg_latency=0.8288 ms avg throuhgput (requests/sec) = 85.4263 res=true
