Uniform: 311260 765753 153237 398343 458592 
Exponential: -2147483648 -2147483648 -2147483648 -2147483648 -2147483648 
Truncated Normal: 210472 462556 550738 176949 230949 
*==== INFO ====* req_id_count= 500 stream_id=1996 latency=0.702274 ms (tx_ts=157797477581054, rx_ts=157797478283328) request_id=19598 zil_blk_id=1996 ccf_commit_seqno=19598 nstreams_done_=500 config.nstreams=20000 avg_latency=0.8151 ms avg throuhgput (requests/sec) = 84.9454 res=false
*==== INFO ====* req_id_count= 1000 stream_id=3996 latency=0.828370 ms (tx_ts=157803362954666, rx_ts=157803363783036) request_id=39667 zil_blk_id=3996 ccf_commit_seqno=39668 nstreams_done_=1000 config.nstreams=20000 avg_latency=0.7969 ms avg throuhgput (requests/sec) = 84.9500 res=false
*==== INFO ====* req_id_count= 1500 stream_id=5996 latency=0.714817 ms (tx_ts=157809256350265, rx_ts=157809257065082) request_id=59804 zil_blk_id=5996 ccf_commit_seqno=59805 nstreams_done_=1500 config.nstreams=20000 avg_latency=0.7912 ms avg throuhgput (requests/sec) = 84.9141 res=false
*==== INFO ====* req_id_count= 2000 stream_id=7996 latency=0.839972 ms (tx_ts=157815122643105, rx_ts=157815123483077) request_id=79907 zil_blk_id=7996 ccf_commit_seqno=79908 nstreams_done_=2000 config.nstreams=20000 avg_latency=0.7837 ms avg throuhgput (requests/sec) = 84.9931 res=false
*==== INFO ====* req_id_count= 2500 stream_id=9996 latency=0.928999 ms (tx_ts=157820973062253, rx_ts=157820973991252) request_id=99943 zil_blk_id=9996 ccf_commit_seqno=99943 nstreams_done_=2500 config.nstreams=20000 avg_latency=0.7750 ms avg throuhgput (requests/sec) = 85.0866 res=false
*==== INFO ====* req_id_count= 3000 stream_id=11996 latency=0.797823 ms (tx_ts=157826829028809, rx_ts=157826829826632) request_id=119995 zil_blk_id=11996 ccf_commit_seqno=119996 nstreams_done_=3000 config.nstreams=20000 avg_latency=0.7783 ms avg throuhgput (requests/sec) = 85.1361 res=false
*==== INFO ====* req_id_count= 3500 stream_id=13996 latency=0.630310 ms (tx_ts=157832693906583, rx_ts=157832694536893) request_id=140065 zil_blk_id=13996 ccf_commit_seqno=140065 nstreams_done_=3500 config.nstreams=20000 avg_latency=0.7817 ms avg throuhgput (requests/sec) = 85.1532 res=false
*==== INFO ====* req_id_count= 4000 stream_id=15996 latency=0.898672 ms (tx_ts=157838554923824, rx_ts=157838555822496) request_id=160141 zil_blk_id=15996 ccf_commit_seqno=160141 nstreams_done_=4000 config.nstreams=20000 avg_latency=0.7810 ms avg throuhgput (requests/sec) = 85.1722 res=false
*==== INFO ====* req_id_count= 4500 stream_id=17996 latency=0.786833 ms (tx_ts=157844398768701, rx_ts=157844399555534) request_id=180182 zil_blk_id=17996 ccf_commit_seqno=180182 nstreams_done_=4500 config.nstreams=20000 avg_latency=0.7813 ms avg throuhgput (requests/sec) = 85.2153 res=false
*==== INFO ====* req_id_count= 5000 stream_id=19996 latency=0.676456 ms (tx_ts=157850269343123, rx_ts=157850270019579) request_id=200302 zil_blk_id=19996 ccf_commit_seqno=200302 nstreams_done_=5000 config.nstreams=20000 avg_latency=0.7826 ms avg throuhgput (requests/sec) = 85.2110 res=false
*==== INFO ====* req_id_count= 5500 stream_id=21996 latency=0.791852 ms (tx_ts=157856115128620, rx_ts=157856115920472) request_id=220354 zil_blk_id=21996 ccf_commit_seqno=220354 nstreams_done_=5500 config.nstreams=20000 avg_latency=0.7816 ms avg throuhgput (requests/sec) = 85.2399 res=false
*==== INFO ====* req_id_count= 6000 stream_id=23996 latency=0.743060 ms (tx_ts=157861948384635, rx_ts=157861949127695) request_id=240387 zil_blk_id=23996 ccf_commit_seqno=240387 nstreams_done_=6000 config.nstreams=20000 avg_latency=0.7784 ms avg throuhgput (requests/sec) = 85.2794 res=false
*==== INFO ====* req_id_count= 6500 stream_id=25996 latency=0.889865 ms (tx_ts=157867789588320, rx_ts=157867790478185) request_id=260411 zil_blk_id=25996 ccf_commit_seqno=260417 nstreams_done_=6500 config.nstreams=20000 avg_latency=0.7780 ms avg throuhgput (requests/sec) = 85.3037 res=false
*==== INFO ====* req_id_count= 7000 stream_id=27996 latency=0.733833 ms (tx_ts=157873617632655, rx_ts=157873618366488) request_id=280430 zil_blk_id=27996 ccf_commit_seqno=280430 nstreams_done_=7000 config.nstreams=20000 avg_latency=0.7763 ms avg throuhgput (requests/sec) = 85.3386 res=false
*==== INFO ====* req_id_count= 7500 stream_id=29996 latency=0.595875 ms (tx_ts=157879474358196, rx_ts=157879474954071) request_id=300505 zil_blk_id=29996 ccf_commit_seqno=300505 nstreams_done_=7500 config.nstreams=20000 avg_latency=0.7760 ms avg throuhgput (requests/sec) = 85.3409 res=false
*==== INFO ====* req_id_count= 8000 stream_id=31996 latency=0.723053 ms (tx_ts=157885311881291, rx_ts=157885312604344) request_id=320520 zil_blk_id=31996 ccf_commit_seqno=320520 nstreams_done_=8000 config.nstreams=20000 avg_latency=0.7756 ms avg throuhgput (requests/sec) = 85.3602 res=false
*==== INFO ====* req_id_count= 8500 stream_id=33996 latency=0.628886 ms (tx_ts=157891148628316, rx_ts=157891149257202) request_id=340553 zil_blk_id=33996 ccf_commit_seqno=340553 nstreams_done_=8500 config.nstreams=20000 avg_latency=0.7746 ms avg throuhgput (requests/sec) = 85.3781 res=false
*==== INFO ====* req_id_count= 9000 stream_id=35996 latency=0.662730 ms (tx_ts=157896989831728, rx_ts=157896990494458) request_id=360569 zil_blk_id=35996 ccf_commit_seqno=360570 nstreams_done_=9000 config.nstreams=20000 avg_latency=0.7735 ms avg throuhgput (requests/sec) = 85.3903 res=false
*==== INFO ====* req_id_count= 9500 stream_id=37996 latency=0.611544 ms (tx_ts=157902844135620, rx_ts=157902844747164) request_id=380626 zil_blk_id=37996 ccf_commit_seqno=380626 nstreams_done_=9500 config.nstreams=20000 avg_latency=0.7738 ms avg throuhgput (requests/sec) = 85.3913 res=false
*==== INFO ====* req_id_count= 10000 stream_id=39996 latency=0.613103 ms (tx_ts=157908684330036, rx_ts=157908684943139) request_id=400630 zil_blk_id=39996 ccf_commit_seqno=400630 nstreams_done_=10000 config.nstreams=20000 avg_latency=0.7727 ms avg throuhgput (requests/sec) = 85.4024 res=false
*==== INFO ====* req_id_count= 10500 stream_id=41996 latency=0.989871 ms (tx_ts=157914527476850, rx_ts=157914528466721) request_id=420660 zil_blk_id=41996 ccf_commit_seqno=420661 nstreams_done_=10500 config.nstreams=20000 avg_latency=0.7734 ms avg throuhgput (requests/sec) = 85.4101 res=false
*==== INFO ====* req_id_count= 11000 stream_id=43996 latency=0.804265 ms (tx_ts=157920378580377, rx_ts=157920379384642) request_id=440699 zil_blk_id=43996 ccf_commit_seqno=440701 nstreams_done_=11000 config.nstreams=20000 avg_latency=0.7737 ms avg throuhgput (requests/sec) = 85.4122 res=false
*==== INFO ====* req_id_count= 11500 stream_id=45996 latency=0.846794 ms (tx_ts=157926219356558, rx_ts=157926220203352) request_id=460745 zil_blk_id=45996 ccf_commit_seqno=460746 nstreams_done_=11500 config.nstreams=20000 avg_latency=0.7743 ms avg throuhgput (requests/sec) = 85.4205 res=false
*==== INFO ====* req_id_count= 12000 stream_id=47996 latency=0.871911 ms (tx_ts=157932050267534, rx_ts=157932051139445) request_id=480732 zil_blk_id=47996 ccf_commit_seqno=480734 nstreams_done_=12000 config.nstreams=20000 avg_latency=0.7743 ms avg throuhgput (requests/sec) = 85.4342 res=false
*==== INFO ====* req_id_count= 12500 stream_id=49996 latency=0.707563 ms (tx_ts=157937893379189, rx_ts=157937894086752) request_id=500790 zil_blk_id=49996 ccf_commit_seqno=500790 nstreams_done_=12500 config.nstreams=20000 avg_latency=0.7740 ms avg throuhgput (requests/sec) = 85.4397 res=false
*==== INFO ====* req_id_count= 13000 stream_id=51996 latency=0.701161 ms (tx_ts=157943754411982, rx_ts=157943755113143) request_id=520868 zil_blk_id=51996 ccf_commit_seqno=520868 nstreams_done_=13000 config.nstreams=20000 avg_latency=0.7745 ms avg throuhgput (requests/sec) = 85.4347 res=false
*==== INFO ====* req_id_count= 13500 stream_id=53996 latency=0.700941 ms (tx_ts=157949598870981, rx_ts=157949599571922) request_id=540906 zil_blk_id=53996 ccf_commit_seqno=540907 nstreams_done_=13500 config.nstreams=20000 avg_latency=0.7751 ms avg throuhgput (requests/sec) = 85.4390 res=false
*==== INFO ====* req_id_count= 14000 stream_id=55996 latency=0.856853 ms (tx_ts=157955442284096, rx_ts=157955443140949) request_id=560948 zil_blk_id=55996 ccf_commit_seqno=560950 nstreams_done_=14000 config.nstreams=20000 avg_latency=0.7750 ms avg throuhgput (requests/sec) = 85.4435 res=false
*==== INFO ====* req_id_count= 14500 stream_id=57996 latency=0.620129 ms (tx_ts=157961315850540, rx_ts=157961316470669) request_id=581100 zil_blk_id=57996 ccf_commit_seqno=581100 nstreams_done_=14500 config.nstreams=20000 avg_latency=0.7763 ms avg throuhgput (requests/sec) = 85.4327 res=false
*==== INFO ====* req_id_count= 15000 stream_id=59996 latency=0.681415 ms (tx_ts=157967158765580, rx_ts=157967159446995) request_id=601131 zil_blk_id=59996 ccf_commit_seqno=601131 nstreams_done_=15000 config.nstreams=20000 avg_latency=0.7761 ms avg throuhgput (requests/sec) = 85.4373 res=false
*==== INFO ====* req_id_count= 15500 stream_id=61996 latency=0.720407 ms (tx_ts=157973000732939, rx_ts=157973001453346) request_id=621159 zil_blk_id=61996 ccf_commit_seqno=621160 nstreams_done_=15500 config.nstreams=20000 avg_latency=0.7767 ms avg throuhgput (requests/sec) = 85.4421 res=false
*==== INFO ====* req_id_count= 16000 stream_id=63996 latency=0.876440 ms (tx_ts=157978824103539, rx_ts=157978824979979) request_id=641171 zil_blk_id=63996 ccf_commit_seqno=641172 nstreams_done_=16000 config.nstreams=20000 avg_latency=0.7765 ms avg throuhgput (requests/sec) = 85.4551 res=false
*==== INFO ====* req_id_count= 16500 stream_id=65996 latency=0.604210 ms (tx_ts=157984669682646, rx_ts=157984670286856) request_id=661267 zil_blk_id=65996 ccf_commit_seqno=661267 nstreams_done_=16500 config.nstreams=20000 avg_latency=0.7770 ms avg throuhgput (requests/sec) = 85.4576 res=false
*==== INFO ====* req_id_count= 17000 stream_id=67996 latency=0.742952 ms (tx_ts=157990505319314, rx_ts=157990506062266) request_id=681314 zil_blk_id=67996 ccf_commit_seqno=681315 nstreams_done_=17000 config.nstreams=20000 avg_latency=0.7769 ms avg throuhgput (requests/sec) = 85.4641 res=false
*==== INFO ====* req_id_count= 17500 stream_id=69996 latency=0.625009 ms (tx_ts=157996340731485, rx_ts=157996341356494) request_id=701363 zil_blk_id=69996 ccf_commit_seqno=701363 nstreams_done_=17500 config.nstreams=20000 avg_latency=0.7766 ms avg throuhgput (requests/sec) = 85.4704 res=false
*==== INFO ====* req_id_count= 18000 stream_id=71996 latency=0.626772 ms (tx_ts=158002191252011, rx_ts=158002191878783) request_id=721469 zil_blk_id=71996 ccf_commit_seqno=721469 nstreams_done_=18000 config.nstreams=20000 avg_latency=0.7775 ms avg throuhgput (requests/sec) = 85.4702 res=false
*==== INFO ====* req_id_count= 18500 stream_id=73996 latency=0.799205 ms (tx_ts=158008011350040, rx_ts=158008012149245) request_id=741474 zil_blk_id=73996 ccf_commit_seqno=741474 nstreams_done_=18500 config.nstreams=20000 avg_latency=0.7768 ms avg throuhgput (requests/sec) = 85.4819 res=false
*==== INFO ====* req_id_count= 19000 stream_id=75996 latency=0.652090 ms (tx_ts=158013846698630, rx_ts=158013847350720) request_id=761524 zil_blk_id=75996 ccf_commit_seqno=761524 nstreams_done_=19000 config.nstreams=20000 avg_latency=0.7767 ms avg throuhgput (requests/sec) = 85.4873 res=false
*==== INFO ====* req_id_count= 19500 stream_id=77996 latency=0.848768 ms (tx_ts=158019681816077, rx_ts=158019682664845) request_id=781467 zil_blk_id=77996 ccf_commit_seqno=781467 nstreams_done_=19500 config.nstreams=20000 avg_latency=0.7762 ms avg throuhgput (requests/sec) = 85.4924 res=false
*==== INFO ====* http_end_stream ALL streams done! nstreams_done_=20000 avg_latency=0.7759 msreq_id_count= 20000
*==== INFO ====* req_id_count= 20000 stream_id=79996 latency=0.722892 ms (tx_ts=158025561759122, rx_ts=158025562482014) request_id=797386 zil_blk_id=79996 ccf_commit_seqno=797386 nstreams_done_=20000 config.nstreams=20000 avg_latency=0.7759 ms avg throuhgput (requests/sec) = 85.4809 res=true
