Uniform: 693939 57580 260286 735500 536458 
Exponential: -2147483648 -2147483648 -2147483648 -2147483648 -2147483648 
Truncated Normal: 800622 533204 333319 57895 616483 
*==== INFO ====* req_id_count= 500 stream_id=1996 latency=0.431207 ms (tx_ts=160809439102918, rx_ts=160809439534125) request_id=7815 zil_blk_id=1996 ccf_commit_seqno=7815 nstreams_done_=500 config.nstreams=20000 avg_latency=0.5461 ms avg throuhgput (requests/sec) = 92.0199 res=false
*==== INFO ====* req_id_count= 1000 stream_id=3996 latency=0.458627 ms (tx_ts=160814896397260, rx_ts=160814896855887) request_id=15700 zil_blk_id=3996 ccf_commit_seqno=15700 nstreams_done_=1000 config.nstreams=20000 avg_latency=0.5543 ms avg throuhgput (requests/sec) = 91.8195 res=false
*==== INFO ====* req_id_count= 1500 stream_id=5996 latency=0.507298 ms (tx_ts=160820360423908, rx_ts=160820360931206) request_id=23615 zil_blk_id=5996 ccf_commit_seqno=23615 nstreams_done_=1500 config.nstreams=20000 avg_latency=0.5608 ms avg throuhgput (requests/sec) = 91.7151 res=false
*==== INFO ====* req_id_count= 2000 stream_id=7996 latency=0.445103 ms (tx_ts=160825813264538, rx_ts=160825813709641) request_id=31492 zil_blk_id=7996 ccf_commit_seqno=31492 nstreams_done_=2000 config.nstreams=20000 avg_latency=0.5562 ms avg throuhgput (requests/sec) = 91.7104 res=false
*==== INFO ====* req_id_count= 2500 stream_id=9996 latency=0.566360 ms (tx_ts=160831269137434, rx_ts=160831269703794) request_id=39382 zil_blk_id=9996 ccf_commit_seqno=39382 nstreams_done_=2500 config.nstreams=20000 avg_latency=0.5562 ms avg throuhgput (requests/sec) = 91.6968 res=false
*==== INFO ====* req_id_count= 3000 stream_id=11996 latency=0.454561 ms (tx_ts=160836722778610, rx_ts=160836723233171) request_id=47288 zil_blk_id=11996 ccf_commit_seqno=47288 nstreams_done_=3000 config.nstreams=20000 avg_latency=0.5545 ms avg throuhgput (requests/sec) = 91.6946 res=false
*==== INFO ====* req_id_count= 3500 stream_id=13996 latency=0.426658 ms (tx_ts=160842176063416, rx_ts=160842176490074) request_id=55192 zil_blk_id=13996 ccf_commit_seqno=55192 nstreams_done_=3500 config.nstreams=20000 avg_latency=0.5557 ms avg throuhgput (requests/sec) = 91.6937 res=false
*==== INFO ====* req_id_count= 4000 stream_id=15996 latency=0.480599 ms (tx_ts=160847612992369, rx_ts=160847613472968) request_id=63081 zil_blk_id=15996 ccf_commit_seqno=63081 nstreams_done_=4000 config.nstreams=20000 avg_latency=0.5522 ms avg throuhgput (requests/sec) = 91.7272 res=false
*==== INFO ====* req_id_count= 4500 stream_id=17996 latency=0.606765 ms (tx_ts=160853046858077, rx_ts=160853047464842) request_id=70972 zil_blk_id=17996 ccf_commit_seqno=70972 nstreams_done_=4500 config.nstreams=20000 avg_latency=0.5491 ms avg throuhgput (requests/sec) = 91.7590 res=false
*==== INFO ====* req_id_count= 5000 stream_id=19996 latency=0.430104 ms (tx_ts=160858484674025, rx_ts=160858485104129) request_id=78873 zil_blk_id=19996 ccf_commit_seqno=78873 nstreams_done_=5000 config.nstreams=20000 avg_latency=0.5460 ms avg throuhgput (requests/sec) = 91.7782 res=false
*==== INFO ====* req_id_count= 5500 stream_id=21996 latency=0.435604 ms (tx_ts=160863933745110, rx_ts=160863934180714) request_id=86773 zil_blk_id=21996 ccf_commit_seqno=86773 nstreams_done_=5500 config.nstreams=20000 avg_latency=0.5459 ms avg throuhgput (requests/sec) = 91.7764 res=false
*==== INFO ====* req_id_count= 6000 stream_id=23996 latency=0.492612 ms (tx_ts=160869367612418, rx_ts=160869368105030) request_id=94677 zil_blk_id=23996 ccf_commit_seqno=94677 nstreams_done_=6000 config.nstreams=20000 avg_latency=0.5447 ms avg throuhgput (requests/sec) = 91.7962 res=false
*==== INFO ====* req_id_count= 6500 stream_id=25996 latency=0.889355 ms (tx_ts=160874814354254, rx_ts=160874815243609) request_id=102625 zil_blk_id=25996 ccf_commit_seqno=102625 nstreams_done_=6500 config.nstreams=20000 avg_latency=0.5444 ms avg throuhgput (requests/sec) = 91.7958 res=false
*==== INFO ====* req_id_count= 7000 stream_id=27996 latency=0.595214 ms (tx_ts=160880257357910, rx_ts=160880257953124) request_id=110558 zil_blk_id=27996 ccf_commit_seqno=110558 nstreams_done_=7000 config.nstreams=20000 avg_latency=0.5441 ms avg throuhgput (requests/sec) = 91.8008 res=false
*==== INFO ====* req_id_count= 7500 stream_id=29996 latency=0.461513 ms (tx_ts=160885704252193, rx_ts=160885704713706) request_id=118476 zil_blk_id=29996 ccf_commit_seqno=118476 nstreams_done_=7500 config.nstreams=20000 avg_latency=0.5439 ms avg throuhgput (requests/sec) = 91.8006 res=false
*==== INFO ====* req_id_count= 8000 stream_id=31996 latency=0.422570 ms (tx_ts=160891175777095, rx_ts=160891176199665) request_id=126445 zil_blk_id=31996 ccf_commit_seqno=126445 nstreams_done_=8000 config.nstreams=20000 avg_latency=0.5454 ms avg throuhgput (requests/sec) = 91.7744 res=false
*==== INFO ====* req_id_count= 8500 stream_id=33996 latency=0.597377 ms (tx_ts=160896651218282, rx_ts=160896651815659) request_id=134421 zil_blk_id=33996 ccf_commit_seqno=134421 nstreams_done_=8500 config.nstreams=20000 avg_latency=0.5472 ms avg throuhgput (requests/sec) = 91.7472 res=false
*==== INFO ====* req_id_count= 9000 stream_id=35996 latency=0.411790 ms (tx_ts=160902121656692, rx_ts=160902122068482) request_id=142389 zil_blk_id=35996 ccf_commit_seqno=142389 nstreams_done_=9000 config.nstreams=20000 avg_latency=0.5488 ms avg throuhgput (requests/sec) = 91.7280 res=false
*==== INFO ====* req_id_count= 9500 stream_id=37996 latency=0.438951 ms (tx_ts=160907567343335, rx_ts=160907567782286) request_id=150322 zil_blk_id=37996 ccf_commit_seqno=150322 nstreams_done_=9500 config.nstreams=20000 avg_latency=0.5479 ms avg throuhgput (requests/sec) = 91.7326 res=false
*==== INFO ====* req_id_count= 10000 stream_id=39996 latency=0.498713 ms (tx_ts=160913024517967, rx_ts=160913025016680) request_id=158253 zil_blk_id=39996 ccf_commit_seqno=158253 nstreams_done_=10000 config.nstreams=20000 avg_latency=0.5488 ms avg throuhgput (requests/sec) = 91.7271 res=false
*==== INFO ====* req_id_count= 10500 stream_id=41996 latency=0.465320 ms (tx_ts=160918478197565, rx_ts=160918478662885) request_id=166189 zil_blk_id=41996 ccf_commit_seqno=166189 nstreams_done_=10500 config.nstreams=20000 avg_latency=0.5488 ms avg throuhgput (requests/sec) = 91.7249 res=false
*==== INFO ====* req_id_count= 11000 stream_id=43996 latency=0.557964 ms (tx_ts=160923930634784, rx_ts=160923931192748) request_id=174129 zil_blk_id=43996 ccf_commit_seqno=174129 nstreams_done_=11000 config.nstreams=20000 avg_latency=0.5489 ms avg throuhgput (requests/sec) = 91.7238 res=false
*==== INFO ====* req_id_count= 11500 stream_id=45996 latency=0.437969 ms (tx_ts=160929372929737, rx_ts=160929373367706) request_id=182046 zil_blk_id=45996 ccf_commit_seqno=182046 nstreams_done_=11500 config.nstreams=20000 avg_latency=0.5485 ms avg throuhgput (requests/sec) = 91.7304 res=false
*==== INFO ====* req_id_count= 12000 stream_id=47996 latency=0.566620 ms (tx_ts=160934837825140, rx_ts=160934838391760) request_id=189992 zil_blk_id=47996 ccf_commit_seqno=189992 nstreams_done_=12000 config.nstreams=20000 avg_latency=0.5493 ms avg throuhgput (requests/sec) = 91.7204 res=false
*==== INFO ====* req_id_count= 12500 stream_id=49996 latency=0.467544 ms (tx_ts=160940296282113, rx_ts=160940296749657) request_id=197918 zil_blk_id=49996 ccf_commit_seqno=197918 nstreams_done_=12500 config.nstreams=20000 avg_latency=0.5498 ms avg throuhgput (requests/sec) = 91.7156 res=false
*==== INFO ====* req_id_count= 13000 stream_id=51996 latency=0.475730 ms (tx_ts=160945767633532, rx_ts=160945768109262) request_id=205872 zil_blk_id=51996 ccf_commit_seqno=205872 nstreams_done_=13000 config.nstreams=20000 avg_latency=0.5510 ms avg throuhgput (requests/sec) = 91.7029 res=false
*==== INFO ====* req_id_count= 13500 stream_id=53996 latency=0.462054 ms (tx_ts=160951199035238, rx_ts=160951199497292) request_id=213781 zil_blk_id=53996 ccf_commit_seqno=213781 nstreams_done_=13500 config.nstreams=20000 avg_latency=0.5496 ms avg throuhgput (requests/sec) = 91.7160 res=false
*==== INFO ====* req_id_count= 14000 stream_id=55996 latency=0.549698 ms (tx_ts=160956651138171, rx_ts=160956651687869) request_id=221719 zil_blk_id=55996 ccf_commit_seqno=221719 nstreams_done_=14000 config.nstreams=20000 avg_latency=0.5499 ms avg throuhgput (requests/sec) = 91.7156 res=false
*==== INFO ====* req_id_count= 14500 stream_id=57996 latency=0.433600 ms (tx_ts=160962096560468, rx_ts=160962096994068) request_id=229644 zil_blk_id=57996 ccf_commit_seqno=229644 nstreams_done_=14500 config.nstreams=20000 avg_latency=0.5493 ms avg throuhgput (requests/sec) = 91.7193 res=false
*==== INFO ====* req_id_count= 15000 stream_id=59996 latency=2.546472 ms (tx_ts=160967554879883, rx_ts=160967557426355) request_id=237592 zil_blk_id=59996 ccf_commit_seqno=237592 nstreams_done_=15000 config.nstreams=20000 avg_latency=0.5499 ms avg throuhgput (requests/sec) = 91.7142 res=false
*==== INFO ====* req_id_count= 15500 stream_id=61996 latency=0.525203 ms (tx_ts=160972994879824, rx_ts=160972995405027) request_id=245508 zil_blk_id=61996 ccf_commit_seqno=245508 nstreams_done_=15500 config.nstreams=20000 avg_latency=0.5488 ms avg throuhgput (requests/sec) = 91.7217 res=false
*==== INFO ====* req_id_count= 16000 stream_id=63996 latency=0.617755 ms (tx_ts=160978447992385, rx_ts=160978448610140) request_id=253457 zil_blk_id=63996 ccf_commit_seqno=253457 nstreams_done_=16000 config.nstreams=20000 avg_latency=0.5490 ms avg throuhgput (requests/sec) = 91.7207 res=false
*==== INFO ====* req_id_count= 16500 stream_id=65996 latency=0.446435 ms (tx_ts=160983911631943, rx_ts=160983912078378) request_id=261413 zil_blk_id=65996 ccf_commit_seqno=261413 nstreams_done_=16500 config.nstreams=20000 avg_latency=0.5497 ms avg throuhgput (requests/sec) = 91.7145 res=false
*==== INFO ====* req_id_count= 17000 stream_id=67996 latency=0.456243 ms (tx_ts=160989362290297, rx_ts=160989362746540) request_id=269356 zil_blk_id=67996 ccf_commit_seqno=269356 nstreams_done_=17000 config.nstreams=20000 avg_latency=0.5496 ms avg throuhgput (requests/sec) = 91.7150 res=false
*==== INFO ====* req_id_count= 17500 stream_id=69996 latency=0.490127 ms (tx_ts=160994802335219, rx_ts=160994802825346) request_id=277291 zil_blk_id=69996 ccf_commit_seqno=277291 nstreams_done_=17500 config.nstreams=20000 avg_latency=0.5489 ms avg throuhgput (requests/sec) = 91.7206 res=false
*==== INFO ====* req_id_count= 18000 stream_id=71996 latency=0.455081 ms (tx_ts=161000249795923, rx_ts=161000250251004) request_id=285226 zil_blk_id=71996 ccf_commit_seqno=285226 nstreams_done_=18000 config.nstreams=20000 avg_latency=0.5488 ms avg throuhgput (requests/sec) = 91.7224 res=false
*==== INFO ====* req_id_count= 18500 stream_id=73996 latency=0.562252 ms (tx_ts=161005698909199, rx_ts=161005699471451) request_id=293159 zil_blk_id=73996 ccf_commit_seqno=293159 nstreams_done_=18500 config.nstreams=20000 avg_latency=0.5487 ms avg throuhgput (requests/sec) = 91.7233 res=false
*==== INFO ====* req_id_count= 19000 stream_id=75996 latency=0.468345 ms (tx_ts=161011168039993, rx_ts=161011168508338) request_id=301107 zil_blk_id=75996 ccf_commit_seqno=301107 nstreams_done_=19000 config.nstreams=20000 avg_latency=0.5491 ms avg throuhgput (requests/sec) = 91.7154 res=false
*==== INFO ====* req_id_count= 19500 stream_id=77996 latency=0.474146 ms (tx_ts=161016616112766, rx_ts=161016616586912) request_id=309039 zil_blk_id=77996 ccf_commit_seqno=309039 nstreams_done_=19500 config.nstreams=20000 avg_latency=0.5490 ms avg throuhgput (requests/sec) = 91.7169 res=false
*==== INFO ====* http_end_stream ALL streams done! nstreams_done_=20000 avg_latency=0.5484 msreq_id_count= 20000
*==== INFO ====* req_id_count= 20000 stream_id=79996 latency=0.505805 ms (tx_ts=161022058851653, rx_ts=161022059357458) request_id=316969 zil_blk_id=79996 ccf_commit_seqno=316969 nstreams_done_=20000 config.nstreams=20000 avg_latency=0.5484 ms avg throuhgput (requests/sec) = 91.7206 res=true
ngtcp2_conn_read_pkt: ERR_DRAINING
terminate called without an active exception
