Uniform: 81649 604502 846326 58337 340687 
Exponential: -2147483648 -2147483648 -2147483648 -2147483648 -2147483648 
Truncated Normal: 757976 407700 685707 812221 552433 
*==== INFO ====* req_id_count= 500 stream_id=1996 latency=0.532636 ms (tx_ts=160809492635525, rx_ts=160809493168161) request_id=7886 zil_blk_id=1996 ccf_commit_seqno=7886 nstreams_done_=500 config.nstreams=20000 avg_latency=0.6386 ms avg throuhgput (requests/sec) = 91.2010 res=false
*==== INFO ====* req_id_count= 1000 stream_id=3996 latency=0.681425 ms (tx_ts=160815024837783, rx_ts=160815025519208) request_id=15877 zil_blk_id=3996 ccf_commit_seqno=15878 nstreams_done_=1000 config.nstreams=20000 avg_latency=0.6691 ms avg throuhgput (requests/sec) = 90.7874 res=false
*==== INFO ====* req_id_count= 1500 stream_id=5996 latency=0.547444 ms (tx_ts=160820506672171, rx_ts=160820507219615) request_id=23826 zil_blk_id=5996 ccf_commit_seqno=23826 nstreams_done_=1500 config.nstreams=20000 avg_latency=0.6484 ms avg throuhgput (requests/sec) = 90.9287 res=false
*==== INFO ====* req_id_count= 2000 stream_id=7996 latency=0.609710 ms (tx_ts=160826184880337, rx_ts=160826185490047) request_id=32020 zil_blk_id=7996 ccf_commit_seqno=32020 nstreams_done_=2000 config.nstreams=20000 avg_latency=0.6484 ms avg throuhgput (requests/sec) = 90.1928 res=false
*==== INFO ====* req_id_count= 2500 stream_id=9996 latency=0.621482 ms (tx_ts=160831695728906, rx_ts=160831696350388) request_id=39999 zil_blk_id=9996 ccf_commit_seqno=39999 nstreams_done_=2500 config.nstreams=20000 avg_latency=0.6460 ms avg throuhgput (requests/sec) = 90.2997 res=false
*==== INFO ====* req_id_count= 3000 stream_id=11996 latency=0.542105 ms (tx_ts=160837182198117, rx_ts=160837182740222) request_id=47948 zil_blk_id=11996 ccf_commit_seqno=47948 nstreams_done_=3000 config.nstreams=20000 avg_latency=0.6401 ms avg throuhgput (requests/sec) = 90.4378 res=false
*==== INFO ====* req_id_count= 3500 stream_id=13996 latency=0.526093 ms (tx_ts=160842691713394, rx_ts=160842692239487) request_id=55935 zil_blk_id=13996 ccf_commit_seqno=55935 nstreams_done_=3500 config.nstreams=20000 avg_latency=0.6443 ms avg throuhgput (requests/sec) = 90.4826 res=false
*==== INFO ====* req_id_count= 4000 stream_id=15996 latency=0.536002 ms (tx_ts=160848189027727, rx_ts=160848189563729) request_id=63918 zil_blk_id=15996 ccf_commit_seqno=63918 nstreams_done_=4000 config.nstreams=20000 avg_latency=0.6427 ms avg throuhgput (requests/sec) = 90.5412 res=false
*==== INFO ====* req_id_count= 4500 stream_id=17996 latency=0.535147 ms (tx_ts=160853685179871, rx_ts=160853685715018) request_id=71894 zil_blk_id=17996 ccf_commit_seqno=71894 nstreams_done_=4500 config.nstreams=20000 avg_latency=0.6401 ms avg throuhgput (requests/sec) = 90.5889 res=false
*==== INFO ====* req_id_count= 5000 stream_id=19996 latency=0.589052 ms (tx_ts=160859176267922, rx_ts=160859176856974) request_id=79870 zil_blk_id=19996 ccf_commit_seqno=79870 nstreams_done_=5000 config.nstreams=20000 avg_latency=0.6383 ms avg throuhgput (requests/sec) = 90.6354 res=false
*==== INFO ====* req_id_count= 5500 stream_id=21996 latency=0.552293 ms (tx_ts=160864663734084, rx_ts=160864664286377) request_id=87832 zil_blk_id=21996 ccf_commit_seqno=87832 nstreams_done_=5500 config.nstreams=20000 avg_latency=0.6371 ms avg throuhgput (requests/sec) = 90.6790 res=false
*==== INFO ====* req_id_count= 6000 stream_id=23996 latency=0.534911 ms (tx_ts=160870152055174, rx_ts=160870152590085) request_id=95818 zil_blk_id=23996 ccf_commit_seqno=95818 nstreams_done_=6000 config.nstreams=20000 avg_latency=0.6354 ms avg throuhgput (requests/sec) = 90.7142 res=false
*==== INFO ====* req_id_count= 6500 stream_id=25996 latency=0.561400 ms (tx_ts=160875620587355, rx_ts=160875621148755) request_id=103795 zil_blk_id=25996 ccf_commit_seqno=103795 nstreams_done_=6500 config.nstreams=20000 avg_latency=0.6321 ms avg throuhgput (requests/sec) = 90.7690 res=false
*==== INFO ====* req_id_count= 7000 stream_id=27996 latency=0.613007 ms (tx_ts=160881131518319, rx_ts=160881132131326) request_id=111816 zil_blk_id=27996 ccf_commit_seqno=111817 nstreams_done_=7000 config.nstreams=20000 avg_latency=0.6347 ms avg throuhgput (requests/sec) = 90.7660 res=false
*==== INFO ====* req_id_count= 7500 stream_id=29996 latency=0.577769 ms (tx_ts=160886616024976, rx_ts=160886616602745) request_id=119797 zil_blk_id=29996 ccf_commit_seqno=119797 nstreams_done_=7500 config.nstreams=20000 avg_latency=0.6332 ms avg throuhgput (requests/sec) = 90.7926 res=false
*==== INFO ====* req_id_count= 8000 stream_id=31996 latency=0.546631 ms (tx_ts=160892118533188, rx_ts=160892119079819) request_id=127811 zil_blk_id=31996 ccf_commit_seqno=127811 nstreams_done_=8000 config.nstreams=20000 avg_latency=0.6331 ms avg throuhgput (requests/sec) = 90.7973 res=false
*==== INFO ====* req_id_count= 8500 stream_id=33996 latency=0.522137 ms (tx_ts=160897606435720, rx_ts=160897606957857) request_id=135810 zil_blk_id=33996 ccf_commit_seqno=135810 nstreams_done_=8500 config.nstreams=20000 avg_latency=0.6321 ms avg throuhgput (requests/sec) = 90.8157 res=false
*==== INFO ====* req_id_count= 9000 stream_id=35996 latency=0.589473 ms (tx_ts=160903093972321, rx_ts=160903094561794) request_id=143804 zil_blk_id=35996 ccf_commit_seqno=143804 nstreams_done_=9000 config.nstreams=20000 avg_latency=0.6312 ms avg throuhgput (requests/sec) = 90.8322 res=false
*==== INFO ====* req_id_count= 9500 stream_id=37996 latency=0.647391 ms (tx_ts=160908571142975, rx_ts=160908571790366) request_id=151778 zil_blk_id=37996 ccf_commit_seqno=151778 nstreams_done_=9500 config.nstreams=20000 avg_latency=0.6296 ms avg throuhgput (requests/sec) = 90.8560 res=false
*==== INFO ====* req_id_count= 10000 stream_id=39996 latency=0.703956 ms (tx_ts=160914073368323, rx_ts=160914074072279) request_id=159776 zil_blk_id=39996 ccf_commit_seqno=159776 nstreams_done_=10000 config.nstreams=20000 avg_latency=0.6302 ms avg throuhgput (requests/sec) = 90.8568 res=false
*==== INFO ====* req_id_count= 10500 stream_id=41996 latency=0.686764 ms (tx_ts=160919570529078, rx_ts=160919571215842) request_id=167778 zil_blk_id=41996 ccf_commit_seqno=167778 nstreams_done_=10500 config.nstreams=20000 avg_latency=0.6303 ms avg throuhgput (requests/sec) = 90.8615 res=false
*==== INFO ====* req_id_count= 11000 stream_id=43996 latency=0.536814 ms (tx_ts=160925066348933, rx_ts=160925066885747) request_id=175778 zil_blk_id=43996 ccf_commit_seqno=175778 nstreams_done_=11000 config.nstreams=20000 avg_latency=0.6297 ms avg throuhgput (requests/sec) = 90.8670 res=false
*==== INFO ====* req_id_count= 11500 stream_id=45996 latency=0.492220 ms (tx_ts=160930556321062, rx_ts=160930556813282) request_id=183768 zil_blk_id=45996 ccf_commit_seqno=183768 nstreams_done_=11500 config.nstreams=20000 avg_latency=0.6293 ms avg throuhgput (requests/sec) = 90.8760 res=false
*==== INFO ====* req_id_count= 12000 stream_id=47996 latency=0.701522 ms (tx_ts=160936044060981, rx_ts=160936044762503) request_id=191737 zil_blk_id=47996 ccf_commit_seqno=191737 nstreams_done_=12000 config.nstreams=20000 avg_latency=0.6288 ms avg throuhgput (requests/sec) = 90.8857 res=false
*==== INFO ====* req_id_count= 12500 stream_id=49996 latency=0.582990 ms (tx_ts=160941552794780, rx_ts=160941553377770) request_id=199747 zil_blk_id=49996 ccf_commit_seqno=199747 nstreams_done_=12500 config.nstreams=20000 avg_latency=0.6296 ms avg throuhgput (requests/sec) = 90.8809 res=false
*==== INFO ====* req_id_count= 13000 stream_id=51996 latency=0.610803 ms (tx_ts=160947048613972, rx_ts=160947049224775) request_id=207734 zil_blk_id=51996 ccf_commit_seqno=207734 nstreams_done_=13000 config.nstreams=20000 avg_latency=0.6298 ms avg throuhgput (requests/sec) = 90.8847 res=false
*==== INFO ====* req_id_count= 13500 stream_id=53996 latency=0.678379 ms (tx_ts=160952536896051, rx_ts=160952537574430) request_id=215718 zil_blk_id=53996 ccf_commit_seqno=215718 nstreams_done_=13500 config.nstreams=20000 avg_latency=0.6297 ms avg throuhgput (requests/sec) = 90.8927 res=false
*==== INFO ====* req_id_count= 14000 stream_id=55996 latency=0.584242 ms (tx_ts=160958031890223, rx_ts=160958032474465) request_id=223726 zil_blk_id=55996 ccf_commit_seqno=223726 nstreams_done_=14000 config.nstreams=20000 avg_latency=0.6300 ms avg throuhgput (requests/sec) = 90.8963 res=false
*==== INFO ====* req_id_count= 14500 stream_id=57996 latency=0.558674 ms (tx_ts=160963531092009, rx_ts=160963531650683) request_id=231732 zil_blk_id=57996 ccf_commit_seqno=231732 nstreams_done_=14500 config.nstreams=20000 avg_latency=0.6302 ms avg throuhgput (requests/sec) = 90.8972 res=false
*==== INFO ====* req_id_count= 15000 stream_id=59996 latency=0.542785 ms (tx_ts=160969025630656, rx_ts=160969026173441) request_id=239728 zil_blk_id=59996 ccf_commit_seqno=239728 nstreams_done_=15000 config.nstreams=20000 avg_latency=0.6301 ms avg throuhgput (requests/sec) = 90.9006 res=false
*==== INFO ====* req_id_count= 15500 stream_id=61996 latency=0.589121 ms (tx_ts=160974525053019, rx_ts=160974525642140) request_id=247737 zil_blk_id=61996 ccf_commit_seqno=247737 nstreams_done_=15500 config.nstreams=20000 avg_latency=0.6307 ms avg throuhgput (requests/sec) = 90.9012 res=false
*==== INFO ====* req_id_count= 16000 stream_id=63996 latency=0.546131 ms (tx_ts=160980011430369, rx_ts=160980011976500) request_id=255732 zil_blk_id=63996 ccf_commit_seqno=255732 nstreams_done_=16000 config.nstreams=20000 avg_latency=0.6302 ms avg throuhgput (requests/sec) = 90.9085 res=false
*==== INFO ====* req_id_count= 16500 stream_id=65996 latency=0.599331 ms (tx_ts=160985510814189, rx_ts=160985511413520) request_id=263734 zil_blk_id=65996 ccf_commit_seqno=263734 nstreams_done_=16500 config.nstreams=20000 avg_latency=0.6306 ms avg throuhgput (requests/sec) = 90.9088 res=false
*==== INFO ====* req_id_count= 17000 stream_id=67996 latency=0.510946 ms (tx_ts=160990985652520, rx_ts=160990986163466) request_id=271720 zil_blk_id=67996 ccf_commit_seqno=271720 nstreams_done_=17000 config.nstreams=20000 avg_latency=0.6298 ms avg throuhgput (requests/sec) = 90.9211 res=false
*==== INFO ====* req_id_count= 17500 stream_id=69996 latency=0.591035 ms (tx_ts=160996467816614, rx_ts=160996468407649) request_id=279709 zil_blk_id=69996 ccf_commit_seqno=279709 nstreams_done_=17500 config.nstreams=20000 avg_latency=0.6293 ms avg throuhgput (requests/sec) = 90.9291 res=false
*==== INFO ====* req_id_count= 18000 stream_id=71996 latency=0.580636 ms (tx_ts=161001951027913, rx_ts=161001951608549) request_id=287701 zil_blk_id=71996 ccf_commit_seqno=287701 nstreams_done_=18000 config.nstreams=20000 avg_latency=0.6285 ms avg throuhgput (requests/sec) = 90.9363 res=false
*==== INFO ====* req_id_count= 18500 stream_id=73996 latency=0.498051 ms (tx_ts=161007457084962, rx_ts=161007457583013) request_id=295720 zil_blk_id=73996 ccf_commit_seqno=295720 nstreams_done_=18500 config.nstreams=20000 avg_latency=0.6287 ms avg throuhgput (requests/sec) = 90.9329 res=false
*==== INFO ====* req_id_count= 19000 stream_id=75996 latency=0.630779 ms (tx_ts=161012967705565, rx_ts=161012968336344) request_id=303717 zil_blk_id=75996 ccf_commit_seqno=303717 nstreams_done_=19000 config.nstreams=20000 avg_latency=0.6286 ms avg throuhgput (requests/sec) = 90.9276 res=false
*==== INFO ====* req_id_count= 19500 stream_id=77996 latency=0.558003 ms (tx_ts=161018453495931, rx_ts=161018454053934) request_id=311717 zil_blk_id=77996 ccf_commit_seqno=311717 nstreams_done_=19500 config.nstreams=20000 avg_latency=0.6280 ms avg throuhgput (requests/sec) = 90.9331 res=false
*==== INFO ====* http_end_stream ALL streams done! nstreams_done_=20000 avg_latency=0.6278 msreq_id_count= 20000
*==== INFO ====* req_id_count= 20000 stream_id=79996 latency=0.639065 ms (tx_ts=161023951706470, rx_ts=161023952345535) request_id=319083 zil_blk_id=79996 ccf_commit_seqno=319083 nstreams_done_=20000 config.nstreams=20000 avg_latency=0.6278 ms avg throuhgput (requests/sec) = 90.9332 res=true
