Uniform: 812689 186161 442500 4074 689275 
Exponential: -2147483648 -2147483648 -2147483648 -2147483648 -2147483648 
Truncated Normal: 386224 745257 813610 426615 36889 
*==== INFO ====* req_id_count= 500 stream_id=1996 latency=0.488063 ms (tx_ts=160809465885737, rx_ts=160809466373800) request_id=7850 zil_blk_id=1996 ccf_commit_seqno=7850 nstreams_done_=500 config.nstreams=20000 avg_latency=0.5796 ms avg throuhgput (requests/sec) = 91.5761 res=false
*==== INFO ====* req_id_count= 1000 stream_id=3996 latency=0.594882 ms (tx_ts=160814958468239, rx_ts=160814959063121) request_id=15786 zil_blk_id=3996 ccf_commit_seqno=15786 nstreams_done_=1000 config.nstreams=20000 avg_latency=0.5942 ms avg throuhgput (requests/sec) = 91.3023 res=false
*==== INFO ====* req_id_count= 1500 stream_id=5996 latency=0.503381 ms (tx_ts=160820449161374, rx_ts=160820449664755) request_id=23740 zil_blk_id=5996 ccf_commit_seqno=23740 nstreams_done_=1500 config.nstreams=20000 avg_latency=0.6013 ms avg throuhgput (requests/sec) = 91.2230 res=false
*==== INFO ====* req_id_count= 2000 stream_id=7996 latency=0.536624 ms (tx_ts=160825945492371, rx_ts=160825946028995) request_id=31675 zil_blk_id=7996 ccf_commit_seqno=31675 nstreams_done_=2000 config.nstreams=20000 avg_latency=0.6038 ms avg throuhgput (requests/sec) = 91.1594 res=false
*==== INFO ====* req_id_count= 2500 stream_id=9996 latency=0.458818 ms (tx_ts=160831429185809, rx_ts=160831429644627) request_id=39613 zil_blk_id=9996 ccf_commit_seqno=39613 nstreams_done_=2500 config.nstreams=20000 avg_latency=0.6042 ms avg throuhgput (requests/sec) = 91.1637 res=false
*==== INFO ====* req_id_count= 3000 stream_id=11996 latency=0.594753 ms (tx_ts=160836920132354, rx_ts=160836920727107) request_id=47573 zil_blk_id=11996 ccf_commit_seqno=47573 nstreams_done_=3000 config.nstreams=20000 avg_latency=0.6043 ms avg throuhgput (requests/sec) = 91.1458 res=false
*==== INFO ====* req_id_count= 3500 stream_id=13996 latency=0.567070 ms (tx_ts=160842401993581, rx_ts=160842402560651) request_id=55522 zil_blk_id=13996 ccf_commit_seqno=55522 nstreams_done_=3500 config.nstreams=20000 avg_latency=0.6040 ms avg throuhgput (requests/sec) = 91.1550 res=false
*==== INFO ====* req_id_count= 4000 stream_id=15996 latency=0.463788 ms (tx_ts=160847882926014, rx_ts=160847883389802) request_id=63472 zil_blk_id=15996 ccf_commit_seqno=63472 nstreams_done_=4000 config.nstreams=20000 avg_latency=0.6047 ms avg throuhgput (requests/sec) = 91.1640 res=false
*==== INFO ====* req_id_count= 4500 stream_id=17996 latency=0.500015 ms (tx_ts=160853377834464, rx_ts=160853378334479) request_id=71450 zil_blk_id=17996 ccf_commit_seqno=71450 nstreams_done_=4500 config.nstreams=20000 avg_latency=0.6053 ms avg throuhgput (requests/sec) = 91.1450 res=false
*==== INFO ====* req_id_count= 5000 stream_id=19996 latency=0.589012 ms (tx_ts=160858844128497, rx_ts=160858844717509) request_id=79389 zil_blk_id=19996 ccf_commit_seqno=79389 nstreams_done_=5000 config.nstreams=20000 avg_latency=0.6024 ms avg throuhgput (requests/sec) = 91.1772 res=false
*==== INFO ====* req_id_count= 5500 stream_id=21996 latency=0.527988 ms (tx_ts=160864326530001, rx_ts=160864327057989) request_id=87345 zil_blk_id=21996 ccf_commit_seqno=87345 nstreams_done_=5500 config.nstreams=20000 avg_latency=0.6024 ms avg throuhgput (requests/sec) = 91.1794 res=false
*==== INFO ====* req_id_count= 6000 stream_id=23996 latency=0.536493 ms (tx_ts=160869792425702, rx_ts=160869792962195) request_id=95296 zil_blk_id=23996 ccf_commit_seqno=95296 nstreams_done_=6000 config.nstreams=20000 avg_latency=0.6004 ms avg throuhgput (requests/sec) = 91.2041 res=false
*==== INFO ====* req_id_count= 6500 stream_id=25996 latency=0.531835 ms (tx_ts=160875277387081, rx_ts=160875277918916) request_id=103298 zil_blk_id=25996 ccf_commit_seqno=103299 nstreams_done_=6500 config.nstreams=20000 avg_latency=0.6008 ms avg throuhgput (requests/sec) = 91.2006 res=false
*==== INFO ====* req_id_count= 7000 stream_id=27996 latency=0.543414 ms (tx_ts=160880766172872, rx_ts=160880766716286) request_id=111293 zil_blk_id=27996 ccf_commit_seqno=111293 nstreams_done_=7000 config.nstreams=20000 avg_latency=0.6015 ms avg throuhgput (requests/sec) = 91.1930 res=false
*==== INFO ====* req_id_count= 7500 stream_id=29996 latency=0.783184 ms (tx_ts=160886266266079, rx_ts=160886267049263) request_id=119291 zil_blk_id=29996 ccf_commit_seqno=119293 nstreams_done_=7500 config.nstreams=20000 avg_latency=0.6033 ms avg throuhgput (requests/sec) = 91.1736 res=false
*==== INFO ====* req_id_count= 8000 stream_id=31996 latency=0.471952 ms (tx_ts=160891741900626, rx_ts=160891742372578) request_id=127266 zil_blk_id=31996 ccf_commit_seqno=127266 nstreams_done_=8000 config.nstreams=20000 avg_latency=0.6026 ms avg throuhgput (requests/sec) = 91.1827 res=false
*==== INFO ====* req_id_count= 8500 stream_id=33996 latency=0.524931 ms (tx_ts=160897213462231, rx_ts=160897213987162) request_id=135238 zil_blk_id=33996 ccf_commit_seqno=135238 nstreams_done_=8500 config.nstreams=20000 avg_latency=0.6021 ms avg throuhgput (requests/sec) = 91.1943 res=false
*==== INFO ====* req_id_count= 9000 stream_id=35996 latency=0.522277 ms (tx_ts=160902695780776, rx_ts=160902696303053) request_id=143222 zil_blk_id=35996 ccf_commit_seqno=143222 nstreams_done_=9000 config.nstreams=20000 avg_latency=0.6018 ms avg throuhgput (requests/sec) = 91.1948 res=false
*==== INFO ====* req_id_count= 9500 stream_id=37996 latency=0.569234 ms (tx_ts=160908156455555, rx_ts=160908157024789) request_id=151175 zil_blk_id=37996 ccf_commit_seqno=151176 nstreams_done_=9500 config.nstreams=20000 avg_latency=0.5996 ms avg throuhgput (requests/sec) = 91.2141 res=false
*==== INFO ====* req_id_count= 10000 stream_id=39996 latency=0.588511 ms (tx_ts=160913656856728, rx_ts=160913657445239) request_id=159168 zil_blk_id=39996 ccf_commit_seqno=159168 nstreams_done_=10000 config.nstreams=20000 avg_latency=0.6011 ms avg throuhgput (requests/sec) = 91.1984 res=false
*==== INFO ====* req_id_count= 10500 stream_id=41996 latency=0.519422 ms (tx_ts=160919136232817, rx_ts=160919136752239) request_id=167147 zil_blk_id=41996 ccf_commit_seqno=167147 nstreams_done_=10500 config.nstreams=20000 avg_latency=0.6010 ms avg throuhgput (requests/sec) = 91.2010 res=false
*==== INFO ====* req_id_count= 11000 stream_id=43996 latency=0.551581 ms (tx_ts=160924635818309, rx_ts=160924636369890) request_id=175150 zil_blk_id=43996 ccf_commit_seqno=175150 nstreams_done_=11000 config.nstreams=20000 avg_latency=0.6022 ms avg throuhgput (requests/sec) = 91.1880 res=false
*==== INFO ====* req_id_count= 11500 stream_id=45996 latency=0.490708 ms (tx_ts=160930130891172, rx_ts=160930131381880) request_id=183146 zil_blk_id=45996 ccf_commit_seqno=183146 nstreams_done_=11500 config.nstreams=20000 avg_latency=0.6036 ms avg throuhgput (requests/sec) = 91.1794 res=false
*==== INFO ====* req_id_count= 12000 stream_id=47996 latency=0.603108 ms (tx_ts=160935603345118, rx_ts=160935603948226) request_id=191102 zil_blk_id=47996 ccf_commit_seqno=191102 nstreams_done_=12000 config.nstreams=20000 avg_latency=0.6029 ms avg throuhgput (requests/sec) = 91.1871 res=false
*==== INFO ====* req_id_count= 12500 stream_id=49996 latency=0.510314 ms (tx_ts=160941098564902, rx_ts=160941099075216) request_id=199086 zil_blk_id=49996 ccf_commit_seqno=199086 nstreams_done_=12500 config.nstreams=20000 avg_latency=0.6043 ms avg throuhgput (requests/sec) = 91.1792 res=false
*==== INFO ====* req_id_count= 13000 stream_id=51996 latency=0.499655 ms (tx_ts=160946579183259, rx_ts=160946579682914) request_id=207058 zil_blk_id=51996 ccf_commit_seqno=207058 nstreams_done_=13000 config.nstreams=20000 avg_latency=0.6042 ms avg throuhgput (requests/sec) = 91.1812 res=false
*==== INFO ====* req_id_count= 13500 stream_id=53996 latency=0.561791 ms (tx_ts=160952064352427, rx_ts=160952064914218) request_id=215038 zil_blk_id=53996 ccf_commit_seqno=215038 nstreams_done_=13500 config.nstreams=20000 avg_latency=0.6043 ms avg throuhgput (requests/sec) = 91.1802 res=false
*==== INFO ====* req_id_count= 14000 stream_id=55996 latency=0.559557 ms (tx_ts=160957557296542, rx_ts=160957557856099) request_id=223039 zil_blk_id=55996 ccf_commit_seqno=223039 nstreams_done_=14000 config.nstreams=20000 avg_latency=0.6052 ms avg throuhgput (requests/sec) = 91.1747 res=false
*==== INFO ====* req_id_count= 14500 stream_id=57996 latency=0.492852 ms (tx_ts=160963052776672, rx_ts=160963053269524) request_id=231036 zil_blk_id=57996 ccf_commit_seqno=231036 nstreams_done_=14500 config.nstreams=20000 avg_latency=0.6057 ms avg throuhgput (requests/sec) = 91.1681 res=false
*==== INFO ====* req_id_count= 15000 stream_id=59996 latency=0.565077 ms (tx_ts=160968534271515, rx_ts=160968534836592) request_id=239012 zil_blk_id=59996 ccf_commit_seqno=239012 nstreams_done_=15000 config.nstreams=20000 avg_latency=0.6059 ms avg throuhgput (requests/sec) = 91.1697 res=false
*==== INFO ====* req_id_count= 15500 stream_id=61996 latency=0.505204 ms (tx_ts=160974023581505, rx_ts=160974024086709) request_id=247015 zil_blk_id=61996 ccf_commit_seqno=247015 nstreams_done_=15500 config.nstreams=20000 avg_latency=0.6061 ms avg throuhgput (requests/sec) = 91.1670 res=false
*==== INFO ====* req_id_count= 16000 stream_id=63996 latency=0.520182 ms (tx_ts=160979512921143, rx_ts=160979513441325) request_id=255006 zil_blk_id=63996 ccf_commit_seqno=255006 nstreams_done_=16000 config.nstreams=20000 avg_latency=0.6061 ms avg throuhgput (requests/sec) = 91.1645 res=false
*==== INFO ====* req_id_count= 16500 stream_id=65996 latency=0.555709 ms (tx_ts=160984991968061, rx_ts=160984992523770) request_id=262984 zil_blk_id=65996 ccf_commit_seqno=262984 nstreams_done_=16500 config.nstreams=20000 avg_latency=0.6060 ms avg throuhgput (requests/sec) = 91.1672 res=false
*==== INFO ====* req_id_count= 17000 stream_id=67996 latency=0.475700 ms (tx_ts=160990467953849, rx_ts=160990468429549) request_id=270968 zil_blk_id=67996 ccf_commit_seqno=270968 nstreams_done_=17000 config.nstreams=20000 avg_latency=0.6057 ms avg throuhgput (requests/sec) = 91.1714 res=false
*==== INFO ====* req_id_count= 17500 stream_id=69996 latency=5.538919 ms (tx_ts=160995941009629, rx_ts=160995946548548) request_id=278947 zil_blk_id=69996 ccf_commit_seqno=278947 nstreams_done_=17500 config.nstreams=20000 avg_latency=0.6055 ms avg throuhgput (requests/sec) = 91.1743 res=false
*==== INFO ====* req_id_count= 18000 stream_id=71996 latency=0.584523 ms (tx_ts=161001432348575, rx_ts=161001432933098) request_id=286945 zil_blk_id=71996 ccf_commit_seqno=286945 nstreams_done_=18000 config.nstreams=20000 avg_latency=0.6056 ms avg throuhgput (requests/sec) = 91.1732 res=false
*==== INFO ====* req_id_count= 18500 stream_id=73996 latency=0.681484 ms (tx_ts=161006916861532, rx_ts=161006917543016) request_id=294935 zil_blk_id=73996 ccf_commit_seqno=294938 nstreams_done_=18500 config.nstreams=20000 avg_latency=0.6054 ms avg throuhgput (requests/sec) = 91.1729 res=false
*==== INFO ====* req_id_count= 19000 stream_id=75996 latency=0.504574 ms (tx_ts=161012409261570, rx_ts=161012409766144) request_id=302910 zil_blk_id=75996 ccf_commit_seqno=302910 nstreams_done_=19000 config.nstreams=20000 avg_latency=0.6059 ms avg throuhgput (requests/sec) = 91.1694 res=false
*==== INFO ====* req_id_count= 19500 stream_id=77996 latency=0.604470 ms (tx_ts=161017897039428, rx_ts=161017897643898) request_id=310907 zil_blk_id=77996 ccf_commit_seqno=310908 nstreams_done_=19500 config.nstreams=20000 avg_latency=0.6061 ms avg throuhgput (requests/sec) = 91.1678 res=false
*==== INFO ====* http_end_stream ALL streams done! nstreams_done_=20000 avg_latency=0.6065 msreq_id_count= 20000
*==== INFO ====* req_id_count= 20000 stream_id=79996 latency=0.600443 ms (tx_ts=161023391141937, rx_ts=161023391742380) request_id=318586 zil_blk_id=79996 ccf_commit_seqno=318586 nstreams_done_=20000 config.nstreams=20000 avg_latency=0.6065 ms avg throuhgput (requests/sec) = 91.1638 res=true
