Uniform: 834922 462263 326879 765503 920570 
Exponential: -2147483648 -2147483648 -2147483648 -2147483648 -2147483648 
Truncated Normal: 818535 815167 903730 764873 552215 
*==== INFO ====* req_id_count= 500 stream_id=1996 latency=0.549808 ms (tx_ts=160809493096160, rx_ts=160809493645968) request_id=7890 zil_blk_id=1996 ccf_commit_seqno=7890 nstreams_done_=500 config.nstreams=20000 avg_latency=0.6122 ms avg throuhgput (requests/sec) = 91.1166 res=false
*==== INFO ====* req_id_count= 1000 stream_id=3996 latency=0.613705 ms (tx_ts=160815013993017, rx_ts=160815014606722) request_id=15864 zil_blk_id=3996 ccf_commit_seqno=15864 nstreams_done_=1000 config.nstreams=20000 avg_latency=0.6239 ms avg throuhgput (requests/sec) = 90.8394 res=false
*==== INFO ====* req_id_count= 1500 stream_id=5996 latency=0.508892 ms (tx_ts=160820506022858, rx_ts=160820506531750) request_id=23824 zil_blk_id=5996 ccf_commit_seqno=23824 nstreams_done_=1500 config.nstreams=20000 avg_latency=0.6087 ms avg throuhgput (requests/sec) = 90.9071 res=false
*==== INFO ====* req_id_count= 2000 stream_id=7996 latency=0.470450 ms (tx_ts=160826001443896, rx_ts=160826001914346) request_id=31761 zil_blk_id=7996 ccf_commit_seqno=31761 nstreams_done_=2000 config.nstreams=20000 avg_latency=0.6044 ms avg throuhgput (requests/sec) = 90.9267 res=false
*==== INFO ====* req_id_count= 2500 stream_id=9996 latency=0.516105 ms (tx_ts=160831510184059, rx_ts=160831510700164) request_id=39733 zil_blk_id=9996 ccf_commit_seqno=39733 nstreams_done_=2500 config.nstreams=20000 avg_latency=0.6088 ms avg throuhgput (requests/sec) = 90.8941 res=false
*==== INFO ====* req_id_count= 3000 stream_id=11996 latency=0.501479 ms (tx_ts=160837004430583, rx_ts=160837004932062) request_id=47695 zil_blk_id=11996 ccf_commit_seqno=47695 nstreams_done_=3000 config.nstreams=20000 avg_latency=0.6072 ms avg throuhgput (requests/sec) = 90.9125 res=false
*==== INFO ====* req_id_count= 3500 stream_id=13996 latency=0.563975 ms (tx_ts=160842486430190, rx_ts=160842486994165) request_id=55637 zil_blk_id=13996 ccf_commit_seqno=55637 nstreams_done_=3500 config.nstreams=20000 avg_latency=0.6030 ms avg throuhgput (requests/sec) = 90.9544 res=false
*==== INFO ====* req_id_count= 4000 stream_id=15996 latency=0.465601 ms (tx_ts=160847971418838, rx_ts=160847971884439) request_id=63601 zil_blk_id=15996 ccf_commit_seqno=63601 nstreams_done_=4000 config.nstreams=20000 avg_latency=0.6002 ms avg throuhgput (requests/sec) = 90.9800 res=false
*==== INFO ====* req_id_count= 4500 stream_id=17996 latency=0.484737 ms (tx_ts=160853454709802, rx_ts=160853455194539) request_id=71559 zil_blk_id=17996 ccf_commit_seqno=71559 nstreams_done_=4500 config.nstreams=20000 avg_latency=0.5955 ms avg throuhgput (requests/sec) = 91.0028 res=false
*==== INFO ====* req_id_count= 5000 stream_id=19996 latency=0.514392 ms (tx_ts=160858930923702, rx_ts=160858931438094) request_id=79514 zil_blk_id=19996 ccf_commit_seqno=79514 nstreams_done_=5000 config.nstreams=20000 avg_latency=0.5923 ms avg throuhgput (requests/sec) = 91.0328 res=false
*==== INFO ====* req_id_count= 5500 stream_id=21996 latency=0.566820 ms (tx_ts=160864415049702, rx_ts=160864415616522) request_id=87475 zil_blk_id=21996 ccf_commit_seqno=87475 nstreams_done_=5500 config.nstreams=20000 avg_latency=0.5914 ms avg throuhgput (requests/sec) = 91.0454 res=false
*==== INFO ====* req_id_count= 6000 stream_id=23996 latency=0.547644 ms (tx_ts=160869900626820, rx_ts=160869901174464) request_id=95452 zil_blk_id=23996 ccf_commit_seqno=95452 nstreams_done_=6000 config.nstreams=20000 avg_latency=0.5894 ms avg throuhgput (requests/sec) = 91.0539 res=false
*==== INFO ====* req_id_count= 6500 stream_id=25996 latency=4.605046 ms (tx_ts=160875364253386, rx_ts=160875368858432) request_id=103432 zil_blk_id=25996 ccf_commit_seqno=103432 nstreams_done_=6500 config.nstreams=20000 avg_latency=0.5865 ms avg throuhgput (requests/sec) = 91.0840 res=false
*==== INFO ====* req_id_count= 7000 stream_id=27996 latency=0.681755 ms (tx_ts=160880847748412, rx_ts=160880848430167) request_id=111405 zil_blk_id=27996 ccf_commit_seqno=111407 nstreams_done_=7000 config.nstreams=20000 avg_latency=0.5851 ms avg throuhgput (requests/sec) = 91.0957 res=false
*==== INFO ====* req_id_count= 7500 stream_id=29996 latency=0.555994 ms (tx_ts=160886342363847, rx_ts=160886342919841) request_id=119398 zil_blk_id=29996 ccf_commit_seqno=119399 nstreams_done_=7500 config.nstreams=20000 avg_latency=0.5857 ms avg throuhgput (requests/sec) = 91.0893 res=false
*==== INFO ====* req_id_count= 8000 stream_id=31996 latency=0.526574 ms (tx_ts=160891841566009, rx_ts=160891842092583) request_id=127410 zil_blk_id=31996 ccf_commit_seqno=127410 nstreams_done_=8000 config.nstreams=20000 avg_latency=0.5864 ms avg throuhgput (requests/sec) = 91.0789 res=false
*==== INFO ====* req_id_count= 8500 stream_id=33996 latency=0.510796 ms (tx_ts=160897308286690, rx_ts=160897308797486) request_id=135376 zil_blk_id=33996 ccf_commit_seqno=135376 nstreams_done_=8500 config.nstreams=20000 avg_latency=0.5840 ms avg throuhgput (requests/sec) = 91.1014 res=false
*==== INFO ====* req_id_count= 9000 stream_id=35996 latency=0.494224 ms (tx_ts=160902786499533, rx_ts=160902786993757) request_id=143353 zil_blk_id=35996 ccf_commit_seqno=143353 nstreams_done_=9000 config.nstreams=20000 avg_latency=0.5830 ms avg throuhgput (requests/sec) = 91.1108 res=false
*==== INFO ====* req_id_count= 9500 stream_id=37996 latency=0.595854 ms (tx_ts=160908287851049, rx_ts=160908288446903) request_id=151367 zil_blk_id=37996 ccf_commit_seqno=151368 nstreams_done_=9500 config.nstreams=20000 avg_latency=0.5838 ms avg throuhgput (requests/sec) = 91.0989 res=false
*==== INFO ====* req_id_count= 10000 stream_id=39996 latency=0.530031 ms (tx_ts=160913767553634, rx_ts=160913768083665) request_id=159335 zil_blk_id=39996 ccf_commit_seqno=159335 nstreams_done_=10000 config.nstreams=20000 avg_latency=0.5829 ms avg throuhgput (requests/sec) = 91.1063 res=false
*==== INFO ====* req_id_count= 10500 stream_id=41996 latency=0.575787 ms (tx_ts=160919257221315, rx_ts=160919257797102) request_id=167323 zil_blk_id=41996 ccf_commit_seqno=167323 nstreams_done_=10500 config.nstreams=20000 avg_latency=0.5830 ms avg throuhgput (requests/sec) = 91.1050 res=false
*==== INFO ====* req_id_count= 11000 stream_id=43996 latency=0.608979 ms (tx_ts=160924737174255, rx_ts=160924737783234) request_id=175299 zil_blk_id=43996 ccf_commit_seqno=175300 nstreams_done_=11000 config.nstreams=20000 avg_latency=0.5828 ms avg throuhgput (requests/sec) = 91.1112 res=false
*==== INFO ====* req_id_count= 11500 stream_id=45996 latency=0.553665 ms (tx_ts=160930228361399, rx_ts=160930228915064) request_id=183288 zil_blk_id=45996 ccf_commit_seqno=183288 nstreams_done_=11500 config.nstreams=20000 avg_latency=0.5828 ms avg throuhgput (requests/sec) = 91.1088 res=false
*==== INFO ====* req_id_count= 12000 stream_id=47996 latency=0.621092 ms (tx_ts=160935703347720, rx_ts=160935703968812) request_id=191243 zil_blk_id=47996 ccf_commit_seqno=191244 nstreams_done_=12000 config.nstreams=20000 avg_latency=0.5821 ms avg throuhgput (requests/sec) = 91.1177 res=false
*==== INFO ====* req_id_count= 12500 stream_id=49996 latency=0.546523 ms (tx_ts=160941191615295, rx_ts=160941192161818) request_id=199220 zil_blk_id=49996 ccf_commit_seqno=199220 nstreams_done_=12500 config.nstreams=20000 avg_latency=0.5821 ms avg throuhgput (requests/sec) = 91.1172 res=false
*==== INFO ====* req_id_count= 13000 stream_id=51996 latency=0.500185 ms (tx_ts=160946677063979, rx_ts=160946677564164) request_id=207200 zil_blk_id=51996 ccf_commit_seqno=207200 nstreams_done_=13000 config.nstreams=20000 avg_latency=0.5819 ms avg throuhgput (requests/sec) = 91.1185 res=false
*==== INFO ====* req_id_count= 13500 stream_id=53996 latency=0.556520 ms (tx_ts=160952173318779, rx_ts=160952173875299) request_id=215195 zil_blk_id=53996 ccf_commit_seqno=215195 nstreams_done_=13500 config.nstreams=20000 avg_latency=0.5826 ms avg throuhgput (requests/sec) = 91.1130 res=false
*==== INFO ====* req_id_count= 14000 stream_id=55996 latency=0.491600 ms (tx_ts=160957652527581, rx_ts=160957653019181) request_id=223180 zil_blk_id=55996 ccf_commit_seqno=223180 nstreams_done_=14000 config.nstreams=20000 avg_latency=0.5823 ms avg throuhgput (requests/sec) = 91.1180 res=false
*==== INFO ====* req_id_count= 14500 stream_id=57996 latency=0.504885 ms (tx_ts=160963128650610, rx_ts=160963129155495) request_id=231147 zil_blk_id=57996 ccf_commit_seqno=231147 nstreams_done_=14500 config.nstreams=20000 avg_latency=0.5819 ms avg throuhgput (requests/sec) = 91.1245 res=false
*==== INFO ====* req_id_count= 15000 stream_id=59996 latency=0.461319 ms (tx_ts=160968637290880, rx_ts=160968637752199) request_id=239164 zil_blk_id=59996 ccf_commit_seqno=239164 nstreams_done_=15000 config.nstreams=20000 avg_latency=0.5834 ms avg throuhgput (requests/sec) = 91.1125 res=false
*==== INFO ====* req_id_count= 15500 stream_id=61996 latency=0.542795 ms (tx_ts=160974118286241, rx_ts=160974118829036) request_id=247146 zil_blk_id=61996 ccf_commit_seqno=247146 nstreams_done_=15500 config.nstreams=20000 avg_latency=0.5831 ms avg throuhgput (requests/sec) = 91.1161 res=false
*==== INFO ====* req_id_count= 16000 stream_id=63996 latency=0.555438 ms (tx_ts=160979595136611, rx_ts=160979595692049) request_id=255121 zil_blk_id=63996 ccf_commit_seqno=255121 nstreams_done_=16000 config.nstreams=20000 avg_latency=0.5827 ms avg throuhgput (requests/sec) = 91.1216 res=false
*==== INFO ====* req_id_count= 16500 stream_id=65996 latency=0.495923 ms (tx_ts=160985079741938, rx_ts=160985080237861) request_id=263111 zil_blk_id=65996 ccf_commit_seqno=263111 nstreams_done_=16500 config.nstreams=20000 avg_latency=0.5823 ms avg throuhgput (requests/sec) = 91.1229 res=false
*==== INFO ====* req_id_count= 17000 stream_id=67996 latency=0.468245 ms (tx_ts=160990576279716, rx_ts=160990576747961) request_id=271122 zil_blk_id=67996 ccf_commit_seqno=271122 nstreams_done_=17000 config.nstreams=20000 avg_latency=0.5829 ms avg throuhgput (requests/sec) = 91.1183 res=false
*==== INFO ====* req_id_count= 17500 stream_id=69996 latency=0.515704 ms (tx_ts=160996043927449, rx_ts=160996044443153) request_id=279096 zil_blk_id=69996 ccf_commit_seqno=279096 nstreams_done_=17500 config.nstreams=20000 avg_latency=0.5820 ms avg throuhgput (requests/sec) = 91.1277 res=false
*==== INFO ====* req_id_count= 18000 stream_id=71996 latency=0.520363 ms (tx_ts=161001519210055, rx_ts=161001519730418) request_id=287072 zil_blk_id=71996 ccf_commit_seqno=287072 nstreams_done_=18000 config.nstreams=20000 avg_latency=0.5814 ms avg throuhgput (requests/sec) = 91.1330 res=false
*==== INFO ====* req_id_count= 18500 stream_id=73996 latency=0.487813 ms (tx_ts=161006996025154, rx_ts=161006996512967) request_id=295052 zil_blk_id=73996 ccf_commit_seqno=295052 nstreams_done_=18500 config.nstreams=20000 avg_latency=0.5807 ms avg throuhgput (requests/sec) = 91.1373 res=false
*==== INFO ====* req_id_count= 19000 stream_id=75996 latency=0.491219 ms (tx_ts=161012495940891, rx_ts=161012496432110) request_id=303037 zil_blk_id=75996 ccf_commit_seqno=303037 nstreams_done_=19000 config.nstreams=20000 avg_latency=0.5815 ms avg throuhgput (requests/sec) = 91.1314 res=false
*==== INFO ====* req_id_count= 19500 stream_id=77996 latency=0.488975 ms (tx_ts=161017980873367, rx_ts=161017981362342) request_id=311027 zil_blk_id=77996 ccf_commit_seqno=311027 nstreams_done_=19500 config.nstreams=20000 avg_latency=0.5815 ms avg throuhgput (requests/sec) = 91.1321 res=false
*==== INFO ====* http_end_stream ALL streams done! nstreams_done_=20000 avg_latency=0.5813 msreq_id_count= 20000
*==== INFO ====* req_id_count= 20000 stream_id=79996 latency=0.569265 ms (tx_ts=161023457524240, rx_ts=161023458093505) request_id=318661 zil_blk_id=79996 ccf_commit_seqno=318662 nstreams_done_=20000 config.nstreams=20000 avg_latency=0.5813 ms avg throuhgput (requests/sec) = 91.1361 res=true
