Uniform: 715783 300814 593837 693823 173721 
Exponential: -2147483648 -2147483648 -2147483648 -2147483648 -2147483648 
Truncated Normal: 189363 729757 404255 640884 616096 
*==== INFO ====* req_id_count= 500 stream_id=1996 latency=0.532596 ms (tx_ts=160809502112903, rx_ts=160809502645499) request_id=7898 zil_blk_id=1996 ccf_commit_seqno=7898 nstreams_done_=500 config.nstreams=20000 avg_latency=0.6327 ms avg throuhgput (requests/sec) = 91.0088 res=false
*==== INFO ====* req_id_count= 1000 stream_id=3996 latency=0.652220 ms (tx_ts=160815047023804, rx_ts=160815047676024) request_id=15913 zil_blk_id=3996 ccf_commit_seqno=15913 nstreams_done_=1000 config.nstreams=20000 avg_latency=0.6663 ms avg throuhgput (requests/sec) = 90.5879 res=false
*==== INFO ====* req_id_count= 1500 stream_id=5996 latency=0.567902 ms (tx_ts=160820570346424, rx_ts=160820570914326) request_id=23912 zil_blk_id=5996 ccf_commit_seqno=23912 nstreams_done_=1500 config.nstreams=20000 avg_latency=0.6637 ms avg throuhgput (requests/sec) = 90.5674 res=false
*==== INFO ====* req_id_count= 2000 stream_id=7996 latency=0.691313 ms (tx_ts=160826108826549, rx_ts=160826109517862) request_id=31914 zil_blk_id=7996 ccf_commit_seqno=31914 nstreams_done_=2000 config.nstreams=20000 avg_latency=0.6704 ms avg throuhgput (requests/sec) = 90.4943 res=false
*==== INFO ====* req_id_count= 2500 stream_id=9996 latency=0.636568 ms (tx_ts=160831639831669, rx_ts=160831640468237) request_id=39915 zil_blk_id=9996 ccf_commit_seqno=39916 nstreams_done_=2500 config.nstreams=20000 avg_latency=0.6706 ms avg throuhgput (requests/sec) = 90.4755 res=false
*==== INFO ====* req_id_count= 3000 stream_id=11996 latency=0.532636 ms (tx_ts=160837159553187, rx_ts=160837160085823) request_id=47916 zil_blk_id=11996 ccf_commit_seqno=47916 nstreams_done_=3000 config.nstreams=20000 avg_latency=0.6691 ms avg throuhgput (requests/sec) = 90.4939 res=false
*==== INFO ====* req_id_count= 3500 stream_id=13996 latency=0.541954 ms (tx_ts=160842688755562, rx_ts=160842689297516) request_id=55930 zil_blk_id=13996 ccf_commit_seqno=55930 nstreams_done_=3500 config.nstreams=20000 avg_latency=0.6707 ms avg throuhgput (requests/sec) = 90.4846 res=false
*==== INFO ====* req_id_count= 4000 stream_id=15996 latency=0.552764 ms (tx_ts=160848203014724, rx_ts=160848203567488) request_id=63934 zil_blk_id=15996 ccf_commit_seqno=63934 nstreams_done_=4000 config.nstreams=20000 avg_latency=0.6685 ms avg throuhgput (requests/sec) = 90.5082 res=false
*==== INFO ====* req_id_count= 4500 stream_id=17996 latency=0.930961 ms (tx_ts=160853731738409, rx_ts=160853732669370) request_id=71957 zil_blk_id=17996 ccf_commit_seqno=71957 nstreams_done_=4500 config.nstreams=20000 avg_latency=0.6698 ms avg throuhgput (requests/sec) = 90.4996 res=false
*==== INFO ====* req_id_count= 5000 stream_id=19996 latency=0.602036 ms (tx_ts=160859234425158, rx_ts=160859235027194) request_id=79951 zil_blk_id=19996 ccf_commit_seqno=79951 nstreams_done_=5000 config.nstreams=20000 avg_latency=0.6646 ms avg throuhgput (requests/sec) = 90.5365 res=false
*==== INFO ====* req_id_count= 5500 stream_id=21996 latency=0.515865 ms (tx_ts=160864754902162, rx_ts=160864755418027) request_id=87964 zil_blk_id=21996 ccf_commit_seqno=87964 nstreams_done_=5500 config.nstreams=20000 avg_latency=0.6647 ms avg throuhgput (requests/sec) = 90.5398 res=false
*==== INFO ====* req_id_count= 6000 stream_id=23996 latency=0.503812 ms (tx_ts=160870247939961, rx_ts=160870248443773) request_id=95955 zil_blk_id=23996 ccf_commit_seqno=95955 nstreams_done_=6000 config.nstreams=20000 avg_latency=0.6606 ms avg throuhgput (requests/sec) = 90.5800 res=false
*==== INFO ====* req_id_count= 6500 stream_id=25996 latency=0.499154 ms (tx_ts=160875769168678, rx_ts=160875769667832) request_id=104012 zil_blk_id=25996 ccf_commit_seqno=104012 nstreams_done_=6500 config.nstreams=20000 avg_latency=0.6612 ms avg throuhgput (requests/sec) = 90.5785 res=false
*==== INFO ====* req_id_count= 7000 stream_id=27996 latency=0.715699 ms (tx_ts=160881305553159, rx_ts=160881306268858) request_id=112065 zil_blk_id=27996 ccf_commit_seqno=112065 nstreams_done_=7000 config.nstreams=20000 avg_latency=0.6626 ms avg throuhgput (requests/sec) = 90.5591 res=false
*==== INFO ====* req_id_count= 7500 stream_id=29996 latency=0.534740 ms (tx_ts=160886825196852, rx_ts=160886825731592) request_id=120098 zil_blk_id=29996 ccf_commit_seqno=120098 nstreams_done_=7500 config.nstreams=20000 avg_latency=0.6616 ms avg throuhgput (requests/sec) = 90.5610 res=false
*==== INFO ====* req_id_count= 8000 stream_id=31996 latency=0.575305 ms (tx_ts=160892343014095, rx_ts=160892343589400) request_id=128136 zil_blk_id=31996 ccf_commit_seqno=128136 nstreams_done_=8000 config.nstreams=20000 avg_latency=0.6596 ms avg throuhgput (requests/sec) = 90.5644 res=false
*==== INFO ====* req_id_count= 8500 stream_id=33996 latency=0.492842 ms (tx_ts=160897871834604, rx_ts=160897872327446) request_id=136195 zil_blk_id=33996 ccf_commit_seqno=136195 nstreams_done_=8500 config.nstreams=20000 avg_latency=0.6607 ms avg throuhgput (requests/sec) = 90.5569 res=false
*==== INFO ====* req_id_count= 9000 stream_id=35996 latency=0.521184 ms (tx_ts=160903408008840, rx_ts=160903408530024) request_id=144257 zil_blk_id=35996 ccf_commit_seqno=144257 nstreams_done_=9000 config.nstreams=20000 avg_latency=0.6612 ms avg throuhgput (requests/sec) = 90.5434 res=false
*==== INFO ====* req_id_count= 9500 stream_id=37996 latency=0.580256 ms (tx_ts=160908915910100, rx_ts=160908916490356) request_id=152276 zil_blk_id=37996 ccf_commit_seqno=152276 nstreams_done_=9500 config.nstreams=20000 avg_latency=0.6600 ms avg throuhgput (requests/sec) = 90.5557 res=false
*==== INFO ====* req_id_count= 10000 stream_id=39996 latency=0.603369 ms (tx_ts=160914450528401, rx_ts=160914451131770) request_id=160325 zil_blk_id=39996 ccf_commit_seqno=160325 nstreams_done_=10000 config.nstreams=20000 avg_latency=0.6610 ms avg throuhgput (requests/sec) = 90.5449 res=false
*==== INFO ====* req_id_count= 10500 stream_id=41996 latency=0.523459 ms (tx_ts=160919967029440, rx_ts=160919967552899) request_id=168355 zil_blk_id=41996 ccf_commit_seqno=168355 nstreams_done_=10500 config.nstreams=20000 avg_latency=0.6611 ms avg throuhgput (requests/sec) = 90.5493 res=false
*==== INFO ====* req_id_count= 11000 stream_id=43996 latency=0.565106 ms (tx_ts=160925482685881, rx_ts=160925483250987) request_id=176380 zil_blk_id=43996 ccf_commit_seqno=176380 nstreams_done_=11000 config.nstreams=20000 avg_latency=0.6604 ms avg throuhgput (requests/sec) = 90.5539 res=false
*==== INFO ====* req_id_count= 11500 stream_id=45996 latency=0.506287 ms (tx_ts=160930995913017, rx_ts=160930996419304) request_id=184408 zil_blk_id=45996 ccf_commit_seqno=184408 nstreams_done_=11500 config.nstreams=20000 avg_latency=0.6599 ms avg throuhgput (requests/sec) = 90.5599 res=false
*==== INFO ====* req_id_count= 12000 stream_id=47996 latency=0.530322 ms (tx_ts=160936532266315, rx_ts=160936532796637) request_id=192445 zil_blk_id=47996 ccf_commit_seqno=192445 nstreams_done_=12000 config.nstreams=20000 avg_latency=0.6602 ms avg throuhgput (requests/sec) = 90.5495 res=false
*==== INFO ====* req_id_count= 12500 stream_id=49996 latency=0.579614 ms (tx_ts=160942072936098, rx_ts=160942073515712) request_id=200500 zil_blk_id=49996 ccf_commit_seqno=200500 nstreams_done_=12500 config.nstreams=20000 avg_latency=0.6615 ms avg throuhgput (requests/sec) = 90.5372 res=false
*==== INFO ====* req_id_count= 13000 stream_id=51996 latency=0.520574 ms (tx_ts=160947606242523, rx_ts=160947606763097) request_id=208550 zil_blk_id=51996 ccf_commit_seqno=208550 nstreams_done_=13000 config.nstreams=20000 avg_latency=0.6622 ms avg throuhgput (requests/sec) = 90.5304 res=false
*==== INFO ====* req_id_count= 13500 stream_id=53996 latency=0.542826 ms (tx_ts=160953133959852, rx_ts=160953134502678) request_id=216589 zil_blk_id=53996 ccf_commit_seqno=216589 nstreams_done_=13500 config.nstreams=20000 avg_latency=0.6626 ms avg throuhgput (requests/sec) = 90.5276 res=false
*==== INFO ====* req_id_count= 14000 stream_id=55996 latency=0.509834 ms (tx_ts=160958632595506, rx_ts=160958633105340) request_id=224601 zil_blk_id=55996 ccf_commit_seqno=224601 nstreams_done_=14000 config.nstreams=20000 avg_latency=0.6610 ms avg throuhgput (requests/sec) = 90.5420 res=false
*==== INFO ====* req_id_count= 14500 stream_id=57996 latency=0.548566 ms (tx_ts=160964154392602, rx_ts=160964154941168) request_id=232638 zil_blk_id=57996 ccf_commit_seqno=232638 nstreams_done_=14500 config.nstreams=20000 avg_latency=0.6614 ms avg throuhgput (requests/sec) = 90.5422 res=false
*==== INFO ====* req_id_count= 15000 stream_id=59996 latency=0.539119 ms (tx_ts=160969684145504, rx_ts=160969684684623) request_id=240683 zil_blk_id=59996 ccf_commit_seqno=240683 nstreams_done_=15000 config.nstreams=20000 avg_latency=0.6621 ms avg throuhgput (requests/sec) = 90.5382 res=false
*==== INFO ====* req_id_count= 15500 stream_id=61996 latency=2.235531 ms (tx_ts=160975180338221, rx_ts=160975182573752) request_id=248690 zil_blk_id=61996 ccf_commit_seqno=248692 nstreams_done_=15500 config.nstreams=20000 avg_latency=0.6613 ms avg throuhgput (requests/sec) = 90.5512 res=false
*==== INFO ====* req_id_count= 16000 stream_id=63996 latency=0.594892 ms (tx_ts=160980705641957, rx_ts=160980706236849) request_id=256736 zil_blk_id=63996 ccf_commit_seqno=256736 nstreams_done_=16000 config.nstreams=20000 avg_latency=0.6616 ms avg throuhgput (requests/sec) = 90.5502 res=false
*==== INFO ====* req_id_count= 16500 stream_id=65996 latency=0.607276 ms (tx_ts=160986213211025, rx_ts=160986213818301) request_id=264758 zil_blk_id=65996 ccf_commit_seqno=264758 nstreams_done_=16500 config.nstreams=20000 avg_latency=0.6606 ms avg throuhgput (requests/sec) = 90.5573 res=false
*==== INFO ====* req_id_count= 17000 stream_id=67996 latency=0.534620 ms (tx_ts=160991726134800, rx_ts=160991726669420) request_id=272795 zil_blk_id=67996 ccf_commit_seqno=272795 nstreams_done_=17000 config.nstreams=20000 avg_latency=0.6608 ms avg throuhgput (requests/sec) = 90.5614 res=false
*==== INFO ====* req_id_count= 17500 stream_id=69996 latency=0.615881 ms (tx_ts=160997215625474, rx_ts=160997216241355) request_id=280801 zil_blk_id=69996 ccf_commit_seqno=280801 nstreams_done_=17500 config.nstreams=20000 avg_latency=0.6594 ms avg throuhgput (requests/sec) = 90.5762 res=false
*==== INFO ====* req_id_count= 18000 stream_id=71996 latency=0.517789 ms (tx_ts=161002753671607, rx_ts=161002754189396) request_id=288875 zil_blk_id=71996 ccf_commit_seqno=288875 nstreams_done_=18000 config.nstreams=20000 avg_latency=0.6605 ms avg throuhgput (requests/sec) = 90.5681 res=false
*==== INFO ====* req_id_count= 18500 stream_id=73996 latency=0.511276 ms (tx_ts=161008261801730, rx_ts=161008262313006) request_id=296895 zil_blk_id=73996 ccf_commit_seqno=296895 nstreams_done_=18500 config.nstreams=20000 avg_latency=0.6601 ms avg throuhgput (requests/sec) = 90.5737 res=false
*==== INFO ====* req_id_count= 19000 stream_id=75996 latency=0.554698 ms (tx_ts=161013936654885, rx_ts=161013937209583) request_id=305129 zil_blk_id=75996 ccf_commit_seqno=305129 nstreams_done_=19000 config.nstreams=20000 avg_latency=0.6595 ms avg throuhgput (requests/sec) = 90.5070 res=false
*==== INFO ====* req_id_count= 19500 stream_id=77996 latency=0.622154 ms (tx_ts=161019438820739, rx_ts=161019439442893) request_id=313152 zil_blk_id=77996 ccf_commit_seqno=313153 nstreams_done_=19500 config.nstreams=20000 avg_latency=0.6589 ms avg throuhgput (requests/sec) = 90.5163 res=false
*==== INFO ====* http_end_stream ALL streams done! nstreams_done_=20000 avg_latency=0.6600 msreq_id_count= 20000
*==== INFO ====* req_id_count= 20000 stream_id=79996 latency=0.712653 ms (tx_ts=161024986213830, rx_ts=161024986926483) request_id=319623 zil_blk_id=79996 ccf_commit_seqno=319623 nstreams_done_=20000 config.nstreams=20000 avg_latency=0.6600 ms avg throuhgput (requests/sec) = 90.5066 res=true
