Uniform: 498357 876449 248036 511097 770001 
Exponential: -2147483648 -2147483648 -2147483648 -2147483648 -2147483648 
Truncated Normal: 313047 567594 469558 426353 713299 
*==== INFO ====* req_id_count= 500 stream_id=1996 latency=0.527887 ms (tx_ts=160809783287565, rx_ts=160809783815452) request_id=8299 zil_blk_id=1996 ccf_commit_seqno=8299 nstreams_done_=500 config.nstreams=20000 avg_latency=0.5772 ms avg throuhgput (requests/sec) = 86.5370 res=false
*==== INFO ====* req_id_count= 1000 stream_id=3996 latency=0.543676 ms (tx_ts=160815298682779, rx_ts=160815299226455) request_id=16263 zil_blk_id=3996 ccf_commit_seqno=16263 nstreams_done_=1000 config.nstreams=20000 avg_latency=0.6047 ms avg throuhgput (requests/sec) = 88.5482 res=false
*==== INFO ====* req_id_count= 1500 stream_id=5996 latency=0.608107 ms (tx_ts=160820780733552, rx_ts=160820781341659) request_id=24215 zil_blk_id=5996 ccf_commit_seqno=24216 nstreams_done_=1500 config.nstreams=20000 avg_latency=0.5965 ms avg throuhgput (requests/sec) = 89.4166 res=false
*==== INFO ====* req_id_count= 2000 stream_id=7996 latency=0.620499 ms (tx_ts=160826273221052, rx_ts=160826273841551) request_id=32145 zil_blk_id=7996 ccf_commit_seqno=32145 nstreams_done_=2000 config.nstreams=20000 avg_latency=0.5977 ms avg throuhgput (requests/sec) = 89.8154 res=false
*==== INFO ====* req_id_count= 2500 stream_id=9996 latency=0.507770 ms (tx_ts=160831760958939, rx_ts=160831761466709) request_id=40089 zil_blk_id=9996 ccf_commit_seqno=40089 nstreams_done_=2500 config.nstreams=20000 avg_latency=0.5961 ms avg throuhgput (requests/sec) = 90.0722 res=false
*==== INFO ====* req_id_count= 3000 stream_id=11996 latency=0.558391 ms (tx_ts=160837226440218, rx_ts=160837226998609) request_id=48012 zil_blk_id=11996 ccf_commit_seqno=48012 nstreams_done_=3000 config.nstreams=20000 avg_latency=0.5903 ms avg throuhgput (requests/sec) = 90.3042 res=false
*==== INFO ====* req_id_count= 3500 stream_id=13996 latency=0.596356 ms (tx_ts=160842714377111, rx_ts=160842714973467) request_id=55966 zil_blk_id=13996 ccf_commit_seqno=55966 nstreams_done_=3500 config.nstreams=20000 avg_latency=0.5910 ms avg throuhgput (requests/sec) = 90.4182 res=false
*==== INFO ====* req_id_count= 4000 stream_id=15996 latency=0.508471 ms (tx_ts=160848196193715, rx_ts=160848196702186) request_id=63926 zil_blk_id=15996 ccf_commit_seqno=63926 nstreams_done_=4000 config.nstreams=20000 avg_latency=0.5905 ms avg throuhgput (requests/sec) = 90.5167 res=false
*==== INFO ====* req_id_count= 4500 stream_id=17996 latency=0.516016 ms (tx_ts=160853674157175, rx_ts=160853674673191) request_id=71878 zil_blk_id=17996 ccf_commit_seqno=71878 nstreams_done_=4500 config.nstreams=20000 avg_latency=0.5886 ms avg throuhgput (requests/sec) = 90.6003 res=false
*==== INFO ====* req_id_count= 5000 stream_id=19996 latency=0.524000 ms (tx_ts=160859174231856, rx_ts=160859174755856) request_id=79867 zil_blk_id=19996 ccf_commit_seqno=79867 nstreams_done_=5000 config.nstreams=20000 avg_latency=0.5913 ms avg throuhgput (requests/sec) = 90.6309 res=false
*==== INFO ====* req_id_count= 5500 stream_id=21996 latency=0.530943 ms (tx_ts=160864663857974, rx_ts=160864664388917) request_id=87833 zil_blk_id=21996 ccf_commit_seqno=87833 nstreams_done_=5500 config.nstreams=20000 avg_latency=0.5920 ms avg throuhgput (requests/sec) = 90.6716 res=false
*==== INFO ====* req_id_count= 6000 stream_id=23996 latency=0.499294 ms (tx_ts=160870136551871, rx_ts=160870137051165) request_id=95798 zil_blk_id=23996 ccf_commit_seqno=95798 nstreams_done_=6000 config.nstreams=20000 avg_latency=0.5903 ms avg throuhgput (requests/sec) = 90.7289 res=false
*==== INFO ====* req_id_count= 6500 stream_id=25996 latency=0.562863 ms (tx_ts=160875609844156, rx_ts=160875610407019) request_id=103780 zil_blk_id=25996 ccf_commit_seqno=103780 nstreams_done_=6500 config.nstreams=20000 avg_latency=0.5884 ms avg throuhgput (requests/sec) = 90.7765 res=false
*==== INFO ====* req_id_count= 7000 stream_id=27996 latency=0.583542 ms (tx_ts=160881110406106, rx_ts=160881110989648) request_id=111787 zil_blk_id=27996 ccf_commit_seqno=111787 nstreams_done_=7000 config.nstreams=20000 avg_latency=0.5899 ms avg throuhgput (requests/sec) = 90.7852 res=false
*==== INFO ====* req_id_count= 7500 stream_id=29996 latency=0.560117 ms (tx_ts=160886607154322, rx_ts=160886607714439) request_id=119788 zil_blk_id=29996 ccf_commit_seqno=119788 nstreams_done_=7500 config.nstreams=20000 avg_latency=0.5912 ms avg throuhgput (requests/sec) = 90.7971 res=false
*==== INFO ====* req_id_count= 8000 stream_id=31996 latency=0.551261 ms (tx_ts=160892095474955, rx_ts=160892096026216) request_id=127778 zil_blk_id=31996 ccf_commit_seqno=127778 nstreams_done_=8000 config.nstreams=20000 avg_latency=0.5916 ms avg throuhgput (requests/sec) = 90.8161 res=false
*==== INFO ====* req_id_count= 8500 stream_id=33996 latency=0.503531 ms (tx_ts=160897561046182, rx_ts=160897561549713) request_id=135746 zil_blk_id=33996 ccf_commit_seqno=135746 nstreams_done_=8500 config.nstreams=20000 avg_latency=0.5894 ms avg throuhgput (requests/sec) = 90.8551 res=false
*==== INFO ====* req_id_count= 9000 stream_id=35996 latency=0.528589 ms (tx_ts=160903036935979, rx_ts=160903037464568) request_id=143718 zil_blk_id=35996 ccf_commit_seqno=143718 nstreams_done_=9000 config.nstreams=20000 avg_latency=0.5890 ms avg throuhgput (requests/sec) = 90.8802 res=false
*==== INFO ====* req_id_count= 9500 stream_id=37996 latency=0.530963 ms (tx_ts=160908505714779, rx_ts=160908506245742) request_id=151681 zil_blk_id=37996 ccf_commit_seqno=151681 nstreams_done_=9500 config.nstreams=20000 avg_latency=0.5875 ms avg throuhgput (requests/sec) = 90.9088 res=false
*==== INFO ====* req_id_count= 10000 stream_id=39996 latency=0.552884 ms (tx_ts=160913995546276, rx_ts=160913996099160) request_id=159664 zil_blk_id=39996 ccf_commit_seqno=159664 nstreams_done_=10000 config.nstreams=20000 avg_latency=0.5882 ms avg throuhgput (requests/sec) = 90.9172 res=false
*==== INFO ====* req_id_count= 10500 stream_id=41996 latency=0.504693 ms (tx_ts=160919490027290, rx_ts=160919490531983) request_id=167662 zil_blk_id=41996 ccf_commit_seqno=167662 nstreams_done_=10500 config.nstreams=20000 avg_latency=0.5888 ms avg throuhgput (requests/sec) = 90.9212 res=false
*==== INFO ====* req_id_count= 11000 stream_id=43996 latency=0.526302 ms (tx_ts=160924976944143, rx_ts=160924977470445) request_id=175649 zil_blk_id=43996 ccf_commit_seqno=175649 nstreams_done_=11000 config.nstreams=20000 avg_latency=0.5888 ms avg throuhgput (requests/sec) = 90.9305 res=false
*==== INFO ====* req_id_count= 11500 stream_id=45996 latency=0.518039 ms (tx_ts=160930449333256, rx_ts=160930449851295) request_id=183614 zil_blk_id=45996 ccf_commit_seqno=183614 nstreams_done_=11500 config.nstreams=20000 avg_latency=0.5881 ms avg throuhgput (requests/sec) = 90.9494 res=false
*==== INFO ====* req_id_count= 12000 stream_id=47996 latency=0.702504 ms (tx_ts=160935934252330, rx_ts=160935934954834) request_id=191581 zil_blk_id=47996 ccf_commit_seqno=191581 nstreams_done_=12000 config.nstreams=20000 avg_latency=0.5881 ms avg throuhgput (requests/sec) = 90.9580 res=false
*==== INFO ====* req_id_count= 12500 stream_id=49996 latency=0.637752 ms (tx_ts=160941430967557, rx_ts=160941431605309) request_id=199566 zil_blk_id=49996 ccf_commit_seqno=199566 nstreams_done_=12500 config.nstreams=20000 avg_latency=0.5886 ms avg throuhgput (requests/sec) = 90.9583 res=false
*==== INFO ====* req_id_count= 13000 stream_id=51996 latency=0.512128 ms (tx_ts=160946916469300, rx_ts=160946916981428) request_id=207541 zil_blk_id=51996 ccf_commit_seqno=207541 nstreams_done_=13000 config.nstreams=20000 avg_latency=0.5888 ms avg throuhgput (requests/sec) = 90.9657 res=false
*==== INFO ====* req_id_count= 13500 stream_id=53996 latency=0.497841 ms (tx_ts=160952397699200, rx_ts=160952398197041) request_id=215522 zil_blk_id=53996 ccf_commit_seqno=215522 nstreams_done_=13500 config.nstreams=20000 avg_latency=0.5885 ms avg throuhgput (requests/sec) = 90.9751 res=false
*==== INFO ====* req_id_count= 14000 stream_id=55996 latency=0.541325 ms (tx_ts=160957878696584, rx_ts=160957879237909) request_id=223503 zil_blk_id=55996 ccf_commit_seqno=223503 nstreams_done_=14000 config.nstreams=20000 avg_latency=0.5884 ms avg throuhgput (requests/sec) = 90.9839 res=false
*==== INFO ====* req_id_count= 14500 stream_id=57996 latency=0.534881 ms (tx_ts=160963354209070, rx_ts=160963354743951) request_id=231475 zil_blk_id=57996 ccf_commit_seqno=231475 nstreams_done_=14500 config.nstreams=20000 avg_latency=0.5880 ms avg throuhgput (requests/sec) = 90.9953 res=false
*==== INFO ====* req_id_count= 15000 stream_id=59996 latency=0.548526 ms (tx_ts=160968839652786, rx_ts=160968840201312) request_id=239459 zil_blk_id=59996 ccf_commit_seqno=239459 nstreams_done_=15000 config.nstreams=20000 avg_latency=0.5877 ms avg throuhgput (requests/sec) = 91.0005 res=false
*==== INFO ====* req_id_count= 15500 stream_id=61996 latency=0.564235 ms (tx_ts=160974317999720, rx_ts=160974318563955) request_id=247436 zil_blk_id=61996 ccf_commit_seqno=247436 nstreams_done_=15500 config.nstreams=20000 avg_latency=0.5875 ms avg throuhgput (requests/sec) = 91.0091 res=false
*==== INFO ====* req_id_count= 16000 stream_id=63996 latency=0.546632 ms (tx_ts=160979801590972, rx_ts=160979802137604) request_id=255421 zil_blk_id=63996 ccf_commit_seqno=255421 nstreams_done_=16000 config.nstreams=20000 avg_latency=0.5875 ms avg throuhgput (requests/sec) = 91.0145 res=false
*==== INFO ====* req_id_count= 16500 stream_id=65996 latency=0.532686 ms (tx_ts=160985274980291, rx_ts=160985275512977) request_id=263391 zil_blk_id=65996 ccf_commit_seqno=263391 nstreams_done_=16500 config.nstreams=20000 avg_latency=0.5869 ms avg throuhgput (requests/sec) = 91.0247 res=false
*==== INFO ====* req_id_count= 17000 stream_id=67996 latency=0.517839 ms (tx_ts=160990762903978, rx_ts=160990763421817) request_id=271393 zil_blk_id=67996 ccf_commit_seqno=271393 nstreams_done_=17000 config.nstreams=20000 avg_latency=0.5867 ms avg throuhgput (requests/sec) = 91.0271 res=false
*==== INFO ====* req_id_count= 17500 stream_id=69996 latency=0.616303 ms (tx_ts=160996253138770, rx_ts=160996253755073) request_id=279402 zil_blk_id=69996 ccf_commit_seqno=279402 nstreams_done_=17500 config.nstreams=20000 avg_latency=0.5870 ms avg throuhgput (requests/sec) = 91.0283 res=false
*==== INFO ====* req_id_count= 18000 stream_id=71996 latency=0.490026 ms (tx_ts=161001718090490, rx_ts=161001718580516) request_id=287364 zil_blk_id=71996 ccf_commit_seqno=287364 nstreams_done_=18000 config.nstreams=20000 avg_latency=0.5861 ms avg throuhgput (requests/sec) = 91.0412 res=false
*==== INFO ====* req_id_count= 18500 stream_id=73996 latency=0.523649 ms (tx_ts=161007193131770, rx_ts=161007193655419) request_id=295340 zil_blk_id=73996 ccf_commit_seqno=295340 nstreams_done_=18500 config.nstreams=20000 avg_latency=0.5858 ms avg throuhgput (requests/sec) = 91.0488 res=false
*==== INFO ====* req_id_count= 19000 stream_id=75996 latency=0.534329 ms (tx_ts=161012693245266, rx_ts=161012693779595) request_id=303317 zil_blk_id=75996 ccf_commit_seqno=303317 nstreams_done_=19000 config.nstreams=20000 avg_latency=0.5864 ms avg throuhgput (requests/sec) = 91.0451 res=false
*==== INFO ====* req_id_count= 19500 stream_id=77996 latency=0.497090 ms (tx_ts=161018170557291, rx_ts=161018171054381) request_id=311304 zil_blk_id=77996 ccf_commit_seqno=311304 nstreams_done_=19500 config.nstreams=20000 avg_latency=0.5859 ms avg throuhgput (requests/sec) = 91.0512 res=false
*==== INFO ====* http_end_stream ALL streams done! nstreams_done_=20000 avg_latency=0.5858 msreq_id_count= 20000
*==== INFO ====* req_id_count= 20000 stream_id=79996 latency=0.659033 ms (tx_ts=161023655554369, rx_ts=161023656213402) request_id=318843 zil_blk_id=79996 ccf_commit_seqno=318843 nstreams_done_=20000 config.nstreams=20000 avg_latency=0.5858 ms avg throuhgput (requests/sec) = 91.0538 res=true
