Uniform: 341570 230578 399696 908306 967782 
Exponential: -2147483648 -2147483648 -2147483648 -2147483648 -2147483648 
Truncated Normal: 798165 757882 433907 623431 673707 
*==== INFO ====* req_id_count= 500 stream_id=1996 latency=0.520123 ms (tx_ts=160809486583168, rx_ts=160809487103291) request_id=7879 zil_blk_id=1996 ccf_commit_seqno=7879 nstreams_done_=500 config.nstreams=20000 avg_latency=0.5690 ms avg throuhgput (requests/sec) = 91.2536 res=false
*==== INFO ====* req_id_count= 1000 stream_id=3996 latency=0.447166 ms (tx_ts=160814960271013, rx_ts=160814960718179) request_id=15790 zil_blk_id=3996 ccf_commit_seqno=15790 nstreams_done_=1000 config.nstreams=20000 avg_latency=0.5724 ms avg throuhgput (requests/sec) = 91.3004 res=false
*==== INFO ====* req_id_count= 1500 stream_id=5996 latency=0.495396 ms (tx_ts=160820437237602, rx_ts=160820437732998) request_id=23723 zil_blk_id=5996 ccf_commit_seqno=23723 nstreams_done_=1500 config.nstreams=20000 avg_latency=0.5798 ms avg throuhgput (requests/sec) = 91.2972 res=false
*==== INFO ====* req_id_count= 2000 stream_id=7996 latency=0.439251 ms (tx_ts=160825924841648, rx_ts=160825925280899) request_id=31651 zil_blk_id=7996 ccf_commit_seqno=31651 nstreams_done_=2000 config.nstreams=20000 avg_latency=0.5854 ms avg throuhgput (requests/sec) = 91.2516 res=false
*==== INFO ====* req_id_count= 2500 stream_id=9996 latency=0.529570 ms (tx_ts=160831388769713, rx_ts=160831389299283) request_id=39557 zil_blk_id=9996 ccf_commit_seqno=39557 nstreams_done_=2500 config.nstreams=20000 avg_latency=0.5832 ms avg throuhgput (requests/sec) = 91.3027 res=false
*==== INFO ====* req_id_count= 3000 stream_id=11996 latency=0.570026 ms (tx_ts=160836827694257, rx_ts=160836828264283) request_id=47440 zil_blk_id=11996 ccf_commit_seqno=47440 nstreams_done_=3000 config.nstreams=20000 avg_latency=0.5746 ms avg throuhgput (requests/sec) = 91.4066 res=false
*==== INFO ====* req_id_count= 3500 stream_id=13996 latency=0.435073 ms (tx_ts=160842284094128, rx_ts=160842284529201) request_id=55350 zil_blk_id=13996 ccf_commit_seqno=55350 nstreams_done_=3500 config.nstreams=20000 avg_latency=0.5719 ms avg throuhgput (requests/sec) = 91.4395 res=false
*==== INFO ====* req_id_count= 4000 stream_id=15996 latency=0.538487 ms (tx_ts=160847739915682, rx_ts=160847740454169) request_id=63267 zil_blk_id=15996 ccf_commit_seqno=63267 nstreams_done_=4000 config.nstreams=20000 avg_latency=0.5702 ms avg throuhgput (requests/sec) = 91.4650 res=false
*==== INFO ====* req_id_count= 4500 stream_id=17996 latency=0.508341 ms (tx_ts=160853195138305, rx_ts=160853195646646) request_id=71189 zil_blk_id=17996 ccf_commit_seqno=71189 nstreams_done_=4500 config.nstreams=20000 avg_latency=0.5676 ms avg throuhgput (requests/sec) = 91.4861 res=false
*==== INFO ====* req_id_count= 5000 stream_id=19996 latency=0.461820 ms (tx_ts=160858650832020, rx_ts=160858651293840) request_id=79114 zil_blk_id=19996 ccf_commit_seqno=79114 nstreams_done_=5000 config.nstreams=20000 avg_latency=0.5676 ms avg throuhgput (requests/sec) = 91.5023 res=false
*==== INFO ====* req_id_count= 5500 stream_id=21996 latency=0.507148 ms (tx_ts=160864111570781, rx_ts=160864112077929) request_id=87034 zil_blk_id=21996 ccf_commit_seqno=87034 nstreams_done_=5500 config.nstreams=20000 avg_latency=0.5677 ms avg throuhgput (requests/sec) = 91.5077 res=false
*==== INFO ====* req_id_count= 6000 stream_id=23996 latency=0.457626 ms (tx_ts=160869558119182, rx_ts=160869558576808) request_id=94953 zil_blk_id=23996 ccf_commit_seqno=94953 nstreams_done_=6000 config.nstreams=20000 avg_latency=0.5654 ms avg throuhgput (requests/sec) = 91.5322 res=false
*==== INFO ====* req_id_count= 6500 stream_id=25996 latency=0.442949 ms (tx_ts=160874992373841, rx_ts=160874992816790) request_id=102885 zil_blk_id=25996 ccf_commit_seqno=102885 nstreams_done_=6500 config.nstreams=20000 avg_latency=0.5619 ms avg throuhgput (requests/sec) = 91.5687 res=false
*==== INFO ====* req_id_count= 7000 stream_id=27996 latency=0.485508 ms (tx_ts=160880431559103, rx_ts=160880432044611) request_id=110806 zil_blk_id=27996 ccf_commit_seqno=110806 nstreams_done_=7000 config.nstreams=20000 avg_latency=0.5595 ms avg throuhgput (requests/sec) = 91.5941 res=false
*==== INFO ====* req_id_count= 7500 stream_id=29996 latency=0.509382 ms (tx_ts=160885900578396, rx_ts=160885901087778) request_id=118759 zil_blk_id=29996 ccf_commit_seqno=118759 nstreams_done_=7500 config.nstreams=20000 avg_latency=0.5593 ms avg throuhgput (requests/sec) = 91.5827 res=false
*==== INFO ====* req_id_count= 8000 stream_id=31996 latency=0.487240 ms (tx_ts=160891356777031, rx_ts=160891357264271) request_id=126703 zil_blk_id=31996 ccf_commit_seqno=126703 nstreams_done_=8000 config.nstreams=20000 avg_latency=0.5590 ms avg throuhgput (requests/sec) = 91.5862 res=false
*==== INFO ====* req_id_count= 8500 stream_id=33996 latency=0.547384 ms (tx_ts=160896813515974, rx_ts=160896814063358) request_id=134656 zil_blk_id=33996 ccf_commit_seqno=134656 nstreams_done_=8500 config.nstreams=20000 avg_latency=0.5585 ms avg throuhgput (requests/sec) = 91.5887 res=false
*==== INFO ====* req_id_count= 9000 stream_id=35996 latency=0.458787 ms (tx_ts=160902273916387, rx_ts=160902274375174) request_id=142605 zil_blk_id=35996 ccf_commit_seqno=142605 nstreams_done_=9000 config.nstreams=20000 avg_latency=0.5586 ms avg throuhgput (requests/sec) = 91.5877 res=false
*==== INFO ====* req_id_count= 9500 stream_id=37996 latency=0.494194 ms (tx_ts=160907731610824, rx_ts=160907732105018) request_id=150560 zil_blk_id=37996 ccf_commit_seqno=150560 nstreams_done_=9500 config.nstreams=20000 avg_latency=0.5584 ms avg throuhgput (requests/sec) = 91.5890 res=false
*==== INFO ====* req_id_count= 10000 stream_id=39996 latency=0.536674 ms (tx_ts=160913180979006, rx_ts=160913181515680) request_id=158480 zil_blk_id=39996 ccf_commit_seqno=158480 nstreams_done_=10000 config.nstreams=20000 avg_latency=0.5578 ms avg throuhgput (requests/sec) = 91.5972 res=false
*==== INFO ====* req_id_count= 10500 stream_id=41996 latency=0.515775 ms (tx_ts=160918630728654, rx_ts=160918631244429) request_id=166412 zil_blk_id=41996 ccf_commit_seqno=166412 nstreams_done_=10500 config.nstreams=20000 avg_latency=0.5574 ms avg throuhgput (requests/sec) = 91.6044 res=false
*==== INFO ====* req_id_count= 11000 stream_id=43996 latency=0.488153 ms (tx_ts=160924086506383, rx_ts=160924086994536) request_id=174353 zil_blk_id=43996 ccf_commit_seqno=174353 nstreams_done_=11000 config.nstreams=20000 avg_latency=0.5572 ms avg throuhgput (requests/sec) = 91.6063 res=false
*==== INFO ====* req_id_count= 11500 stream_id=45996 latency=0.471131 ms (tx_ts=160929546400991, rx_ts=160929546872122) request_id=182295 zil_blk_id=45996 ccf_commit_seqno=182295 nstreams_done_=11500 config.nstreams=20000 avg_latency=0.5572 ms avg throuhgput (requests/sec) = 91.6050 res=false
*==== INFO ====* req_id_count= 12000 stream_id=47996 latency=0.471511 ms (tx_ts=160935008837185, rx_ts=160935009308696) request_id=190241 zil_blk_id=47996 ccf_commit_seqno=190241 nstreams_done_=12000 config.nstreams=20000 avg_latency=0.5577 ms avg throuhgput (requests/sec) = 91.6020 res=false
*==== INFO ====* req_id_count= 12500 stream_id=49996 latency=0.542344 ms (tx_ts=160940476639313, rx_ts=160940477181657) request_id=198178 zil_blk_id=49996 ccf_commit_seqno=198178 nstreams_done_=12500 config.nstreams=20000 avg_latency=0.5587 ms avg throuhgput (requests/sec) = 91.5957 res=false
*==== INFO ====* req_id_count= 13000 stream_id=51996 latency=0.446445 ms (tx_ts=160945933092365, rx_ts=160945933538810) request_id=206112 zil_blk_id=51996 ccf_commit_seqno=206112 nstreams_done_=13000 config.nstreams=20000 avg_latency=0.5588 ms avg throuhgput (requests/sec) = 91.5972 res=false
*==== INFO ====* req_id_count= 13500 stream_id=53996 latency=0.578772 ms (tx_ts=160951392249703, rx_ts=160951392828475) request_id=214062 zil_blk_id=53996 ccf_commit_seqno=214063 nstreams_done_=13500 config.nstreams=20000 avg_latency=0.5588 ms avg throuhgput (requests/sec) = 91.5969 res=false
*==== INFO ====* req_id_count= 14000 stream_id=55996 latency=1.671556 ms (tx_ts=160956841043792, rx_ts=160956842715348) request_id=221994 zil_blk_id=55996 ccf_commit_seqno=221994 nstreams_done_=14000 config.nstreams=20000 avg_latency=0.5582 ms avg throuhgput (requests/sec) = 91.6021 res=false
*==== INFO ====* req_id_count= 14500 stream_id=57996 latency=0.654104 ms (tx_ts=160962312483992, rx_ts=160962313138096) request_id=229958 zil_blk_id=57996 ccf_commit_seqno=229958 nstreams_done_=14500 config.nstreams=20000 avg_latency=0.5585 ms avg throuhgput (requests/sec) = 91.5952 res=false
*==== INFO ====* req_id_count= 15000 stream_id=59996 latency=0.498823 ms (tx_ts=160967781010125, rx_ts=160967781508948) request_id=237920 zil_blk_id=59996 ccf_commit_seqno=237920 nstreams_done_=15000 config.nstreams=20000 avg_latency=0.5591 ms avg throuhgput (requests/sec) = 91.5898 res=false
*==== INFO ====* req_id_count= 15500 stream_id=61996 latency=0.471983 ms (tx_ts=160973245683750, rx_ts=160973246155733) request_id=245874 zil_blk_id=61996 ccf_commit_seqno=245874 nstreams_done_=15500 config.nstreams=20000 avg_latency=0.5594 ms avg throuhgput (requests/sec) = 91.5868 res=false
*==== INFO ====* req_id_count= 16000 stream_id=63996 latency=0.531413 ms (tx_ts=160978705310520, rx_ts=160978705841933) request_id=253833 zil_blk_id=63996 ccf_commit_seqno=253833 nstreams_done_=16000 config.nstreams=20000 avg_latency=0.5596 ms avg throuhgput (requests/sec) = 91.5866 res=false
*==== INFO ====* req_id_count= 16500 stream_id=65996 latency=0.432704 ms (tx_ts=160984178908297, rx_ts=160984179341001) request_id=261805 zil_blk_id=65996 ccf_commit_seqno=261805 nstreams_done_=16500 config.nstreams=20000 avg_latency=0.5605 ms avg throuhgput (requests/sec) = 91.5794 res=false
*==== INFO ====* req_id_count= 17000 stream_id=67996 latency=0.573924 ms (tx_ts=160989627425772, rx_ts=160989627999696) request_id=269743 zil_blk_id=67996 ccf_commit_seqno=269743 nstreams_done_=17000 config.nstreams=20000 avg_latency=0.5602 ms avg throuhgput (requests/sec) = 91.5849 res=false
*==== INFO ====* req_id_count= 17500 stream_id=69996 latency=0.484006 ms (tx_ts=160995070332942, rx_ts=160995070816948) request_id=277681 zil_blk_id=69996 ccf_commit_seqno=277681 nstreams_done_=17500 config.nstreams=20000 avg_latency=0.5595 ms avg throuhgput (requests/sec) = 91.5928 res=false
*==== INFO ====* req_id_count= 18000 stream_id=71996 latency=0.459719 ms (tx_ts=161000520254075, rx_ts=161000520713794) request_id=285618 zil_blk_id=71996 ccf_commit_seqno=285618 nstreams_done_=18000 config.nstreams=20000 avg_latency=0.5590 ms avg throuhgput (requests/sec) = 91.5971 res=false
*==== INFO ====* req_id_count= 18500 stream_id=73996 latency=0.482682 ms (tx_ts=161005991217073, rx_ts=161005991699755) request_id=293585 zil_blk_id=73996 ccf_commit_seqno=293585 nstreams_done_=18500 config.nstreams=20000 avg_latency=0.5594 ms avg throuhgput (requests/sec) = 91.5915 res=false
*==== INFO ====* req_id_count= 19000 stream_id=75996 latency=0.583721 ms (tx_ts=161011449470578, rx_ts=161011450054299) request_id=301520 zil_blk_id=75996 ccf_commit_seqno=301520 nstreams_done_=19000 config.nstreams=20000 avg_latency=0.5594 ms avg throuhgput (requests/sec) = 91.5918 res=false
*==== INFO ====* req_id_count= 19500 stream_id=77996 latency=1.710629 ms (tx_ts=161016924334593, rx_ts=161016926045222) request_id=309488 zil_blk_id=77996 ccf_commit_seqno=309488 nstreams_done_=19500 config.nstreams=20000 avg_latency=0.5600 ms avg throuhgput (requests/sec) = 91.5845 res=false
*==== INFO ====* http_end_stream ALL streams done! nstreams_done_=20000 avg_latency=0.5595 msreq_id_count= 20000
*==== INFO ====* req_id_count= 20000 stream_id=79996 latency=0.483454 ms (tx_ts=161022374361402, rx_ts=161022374844856) request_id=317389 zil_blk_id=79996 ccf_commit_seqno=317389 nstreams_done_=20000 config.nstreams=20000 avg_latency=0.5595 ms avg throuhgput (requests/sec) = 91.5889 res=true
