Uniform: 920912 683306 337667 299902 953902 
Exponential: -2147483648 -2147483648 -2147483648 -2147483648 -2147483648 
Truncated Normal: 508704 441034 368749 158169 548874 
*==== INFO ====* req_id_count= 500 stream_id=1996 latency=0.510214 ms (tx_ts=160809475018251, rx_ts=160809475528465) request_id=7862 zil_blk_id=1996 ccf_commit_seqno=7862 nstreams_done_=500 config.nstreams=20000 avg_latency=0.5936 ms avg throuhgput (requests/sec) = 91.4183 res=false
*==== INFO ====* req_id_count= 1000 stream_id=3996 latency=0.792912 ms (tx_ts=160814968491852, rx_ts=160814969284764) request_id=15796 zil_blk_id=3996 ccf_commit_seqno=15796 nstreams_done_=1000 config.nstreams=20000 avg_latency=0.6047 ms avg throuhgput (requests/sec) = 91.2149 res=false
*==== INFO ====* req_id_count= 1500 stream_id=5996 latency=0.568243 ms (tx_ts=160820438779099, rx_ts=160820439347342) request_id=23729 zil_blk_id=5996 ccf_commit_seqno=23729 nstreams_done_=1500 config.nstreams=20000 avg_latency=0.5952 ms avg throuhgput (requests/sec) = 91.2787 res=false
*==== INFO ====* req_id_count= 2000 stream_id=7996 latency=0.539559 ms (tx_ts=160825926890780, rx_ts=160825927430339) request_id=31654 zil_blk_id=7996 ccf_commit_seqno=31654 nstreams_done_=2000 config.nstreams=20000 avg_latency=0.5968 ms avg throuhgput (requests/sec) = 91.2356 res=false
*==== INFO ====* req_id_count= 2500 stream_id=9996 latency=0.548296 ms (tx_ts=160831455630572, rx_ts=160831456178868) request_id=39653 zil_blk_id=9996 ccf_commit_seqno=39653 nstreams_done_=2500 config.nstreams=20000 avg_latency=0.6045 ms avg throuhgput (requests/sec) = 91.0746 res=false
*==== INFO ====* req_id_count= 3000 stream_id=11996 latency=0.527657 ms (tx_ts=160836964834328, rx_ts=160836965361985) request_id=47638 zil_blk_id=11996 ccf_commit_seqno=47638 nstreams_done_=3000 config.nstreams=20000 avg_latency=0.6098 ms avg throuhgput (requests/sec) = 91.0216 res=false
*==== INFO ====* req_id_count= 3500 stream_id=13996 latency=0.527727 ms (tx_ts=160842444350297, rx_ts=160842444878024) request_id=55576 zil_blk_id=13996 ccf_commit_seqno=55576 nstreams_done_=3500 config.nstreams=20000 avg_latency=0.6079 ms avg throuhgput (requests/sec) = 91.0540 res=false
*==== INFO ====* req_id_count= 4000 stream_id=15996 latency=0.509703 ms (tx_ts=160847927645419, rx_ts=160847928155122) request_id=63536 zil_blk_id=15996 ccf_commit_seqno=63536 nstreams_done_=4000 config.nstreams=20000 avg_latency=0.6072 ms avg throuhgput (requests/sec) = 91.0706 res=false
*==== INFO ====* req_id_count= 4500 stream_id=17996 latency=0.543847 ms (tx_ts=160853401392585, rx_ts=160853401936432) request_id=71489 zil_blk_id=17996 ccf_commit_seqno=71489 nstreams_done_=4500 config.nstreams=20000 avg_latency=0.6039 ms avg throuhgput (requests/sec) = 91.1009 res=false
*==== INFO ====* req_id_count= 5000 stream_id=19996 latency=0.582800 ms (tx_ts=160858879763293, rx_ts=160858880346093) request_id=79443 zil_blk_id=19996 ccf_commit_seqno=79444 nstreams_done_=5000 config.nstreams=20000 avg_latency=0.6025 ms avg throuhgput (requests/sec) = 91.1175 res=false
*==== INFO ====* req_id_count= 5500 stream_id=21996 latency=0.478976 ms (tx_ts=160864368068538, rx_ts=160864368547514) request_id=87403 zil_blk_id=21996 ccf_commit_seqno=87403 nstreams_done_=5500 config.nstreams=20000 avg_latency=0.6025 ms avg throuhgput (requests/sec) = 91.1164 res=false
*==== INFO ====* req_id_count= 6000 stream_id=23996 latency=0.523910 ms (tx_ts=160869839595436, rx_ts=160869840119346) request_id=95366 zil_blk_id=23996 ccf_commit_seqno=95366 nstreams_done_=6000 config.nstreams=20000 avg_latency=0.6016 ms avg throuhgput (requests/sec) = 91.1384 res=false
*==== INFO ====* req_id_count= 6500 stream_id=25996 latency=0.506067 ms (tx_ts=160875323133337, rx_ts=160875323639404) request_id=103368 zil_blk_id=25996 ccf_commit_seqno=103368 nstreams_done_=6500 config.nstreams=20000 avg_latency=0.6017 ms avg throuhgput (requests/sec) = 91.1418 res=false
*==== INFO ====* req_id_count= 7000 stream_id=27996 latency=0.530092 ms (tx_ts=160880819194152, rx_ts=160880819724244) request_id=111364 zil_blk_id=27996 ccf_commit_seqno=111364 nstreams_done_=7000 config.nstreams=20000 avg_latency=0.6031 ms avg throuhgput (requests/sec) = 91.1297 res=false
*==== INFO ====* req_id_count= 7500 stream_id=29996 latency=1.778315 ms (tx_ts=160886296840041, rx_ts=160886298618356) request_id=119334 zil_blk_id=29996 ccf_commit_seqno=119334 nstreams_done_=7500 config.nstreams=20000 avg_latency=0.6026 ms avg throuhgput (requests/sec) = 91.1384 res=false
*==== INFO ====* req_id_count= 8000 stream_id=31996 latency=0.592066 ms (tx_ts=160891779923879, rx_ts=160891780515945) request_id=127320 zil_blk_id=31996 ccf_commit_seqno=127321 nstreams_done_=8000 config.nstreams=20000 avg_latency=0.6020 ms avg throuhgput (requests/sec) = 91.1428 res=false
*==== INFO ====* req_id_count= 8500 stream_id=33996 latency=0.573783 ms (tx_ts=160897286665822, rx_ts=160897287239605) request_id=135345 zil_blk_id=33996 ccf_commit_seqno=135345 nstreams_done_=8500 config.nstreams=20000 avg_latency=0.6039 ms avg throuhgput (requests/sec) = 91.1225 res=false
*==== INFO ====* req_id_count= 9000 stream_id=35996 latency=0.552844 ms (tx_ts=160902768349430, rx_ts=160902768902274) request_id=143330 zil_blk_id=35996 ccf_commit_seqno=143330 nstreams_done_=9000 config.nstreams=20000 avg_latency=0.6039 ms avg throuhgput (requests/sec) = 91.1275 res=false
*==== INFO ====* req_id_count= 9500 stream_id=37996 latency=0.578706 ms (tx_ts=160908255530532, rx_ts=160908256109238) request_id=151323 zil_blk_id=37996 ccf_commit_seqno=151323 nstreams_done_=9500 config.nstreams=20000 avg_latency=0.6047 ms avg throuhgput (requests/sec) = 91.1271 res=false
*==== INFO ====* req_id_count= 10000 stream_id=39996 latency=0.488523 ms (tx_ts=160913777983811, rx_ts=160913778472334) request_id=159347 zil_blk_id=39996 ccf_commit_seqno=159347 nstreams_done_=10000 config.nstreams=20000 avg_latency=0.6072 ms avg throuhgput (requests/sec) = 91.0977 res=false
*==== INFO ====* req_id_count= 10500 stream_id=41996 latency=0.769570 ms (tx_ts=160919248417763, rx_ts=160919249187333) request_id=167311 zil_blk_id=41996 ccf_commit_seqno=167314 nstreams_done_=10500 config.nstreams=20000 avg_latency=0.6061 ms avg throuhgput (requests/sec) = 91.1118 res=false
*==== INFO ====* req_id_count= 11000 stream_id=43996 latency=0.656668 ms (tx_ts=160924725377932, rx_ts=160924726034600) request_id=175281 zil_blk_id=43996 ccf_commit_seqno=175281 nstreams_done_=11000 config.nstreams=20000 avg_latency=0.6052 ms avg throuhgput (requests/sec) = 91.1200 res=false
*==== INFO ====* req_id_count= 11500 stream_id=45996 latency=0.500216 ms (tx_ts=160930222417750, rx_ts=160930222917966) request_id=183282 zil_blk_id=45996 ccf_commit_seqno=183282 nstreams_done_=11500 config.nstreams=20000 avg_latency=0.6063 ms avg throuhgput (requests/sec) = 91.1131 res=false
*==== INFO ====* req_id_count= 12000 stream_id=47996 latency=0.512147 ms (tx_ts=160935699650340, rx_ts=160935700162487) request_id=191239 zil_blk_id=47996 ccf_commit_seqno=191239 nstreams_done_=12000 config.nstreams=20000 avg_latency=0.6055 ms avg throuhgput (requests/sec) = 91.1203 res=false
*==== INFO ====* req_id_count= 12500 stream_id=49996 latency=0.501818 ms (tx_ts=160941195285175, rx_ts=160941195786993) request_id=199224 zil_blk_id=49996 ccf_commit_seqno=199224 nstreams_done_=12500 config.nstreams=20000 avg_latency=0.6055 ms avg throuhgput (requests/sec) = 91.1148 res=false
*==== INFO ====* req_id_count= 13000 stream_id=51996 latency=0.573773 ms (tx_ts=160946687742150, rx_ts=160946688315923) request_id=207213 zil_blk_id=51996 ccf_commit_seqno=207213 nstreams_done_=13000 config.nstreams=20000 avg_latency=0.6057 ms avg throuhgput (requests/sec) = 91.1116 res=false
*==== INFO ====* req_id_count= 13500 stream_id=53996 latency=0.544939 ms (tx_ts=160952187982614, rx_ts=160952188527553) request_id=215216 zil_blk_id=53996 ccf_commit_seqno=215216 nstreams_done_=13500 config.nstreams=20000 avg_latency=0.6070 ms avg throuhgput (requests/sec) = 91.1040 res=false
*==== INFO ====* req_id_count= 14000 stream_id=55996 latency=0.608087 ms (tx_ts=160957646963471, rx_ts=160957647571558) request_id=223169 zil_blk_id=55996 ccf_commit_seqno=223169 nstreams_done_=14000 config.nstreams=20000 avg_latency=0.6055 ms avg throuhgput (requests/sec) = 91.1213 res=false
*==== INFO ====* req_id_count= 14500 stream_id=57996 latency=0.591486 ms (tx_ts=160963130777436, rx_ts=160963131368922) request_id=231152 zil_blk_id=57996 ccf_commit_seqno=231153 nstreams_done_=14500 config.nstreams=20000 avg_latency=0.6056 ms avg throuhgput (requests/sec) = 91.1232 res=false
*==== INFO ====* req_id_count= 15000 stream_id=59996 latency=0.481260 ms (tx_ts=160968618322407, rx_ts=160968618803667) request_id=239137 zil_blk_id=59996 ccf_commit_seqno=239137 nstreams_done_=15000 config.nstreams=20000 avg_latency=0.6058 ms avg throuhgput (requests/sec) = 91.1230 res=false
*==== INFO ====* req_id_count= 15500 stream_id=61996 latency=0.590203 ms (tx_ts=160974097928866, rx_ts=160974098519069) request_id=247119 zil_blk_id=61996 ccf_commit_seqno=247119 nstreams_done_=15500 config.nstreams=20000 avg_latency=0.6055 ms avg throuhgput (requests/sec) = 91.1270 res=false
*==== INFO ====* req_id_count= 16000 stream_id=63996 latency=0.560889 ms (tx_ts=160979584647157, rx_ts=160979585208046) request_id=255108 zil_blk_id=63996 ccf_commit_seqno=255108 nstreams_done_=16000 config.nstreams=20000 avg_latency=0.6050 ms avg throuhgput (requests/sec) = 91.1270 res=false
*==== INFO ====* req_id_count= 16500 stream_id=65996 latency=0.481982 ms (tx_ts=160985067264594, rx_ts=160985067746576) request_id=263092 zil_blk_id=65996 ccf_commit_seqno=263092 nstreams_done_=16500 config.nstreams=20000 avg_latency=0.6048 ms avg throuhgput (requests/sec) = 91.1292 res=false
*==== INFO ====* req_id_count= 17000 stream_id=67996 latency=0.583612 ms (tx_ts=160990535756622, rx_ts=160990536340234) request_id=271068 zil_blk_id=67996 ccf_commit_seqno=271069 nstreams_done_=17000 config.nstreams=20000 avg_latency=0.6041 ms avg throuhgput (requests/sec) = 91.1381 res=false
*==== INFO ====* req_id_count= 17500 stream_id=69996 latency=0.633825 ms (tx_ts=160996022656902, rx_ts=160996023290727) request_id=279067 zil_blk_id=69996 ccf_commit_seqno=279068 nstreams_done_=17500 config.nstreams=20000 avg_latency=0.6042 ms avg throuhgput (requests/sec) = 91.1377 res=false
*==== INFO ====* req_id_count= 18000 stream_id=71996 latency=0.478385 ms (tx_ts=161001513383459, rx_ts=161001513861844) request_id=287065 zil_blk_id=71996 ccf_commit_seqno=287065 nstreams_done_=18000 config.nstreams=20000 avg_latency=0.6042 ms avg throuhgput (requests/sec) = 91.1357 res=false
*==== INFO ====* req_id_count= 18500 stream_id=73996 latency=0.482302 ms (tx_ts=161006997607033, rx_ts=161006998089335) request_id=295054 zil_blk_id=73996 ccf_commit_seqno=295054 nstreams_done_=18500 config.nstreams=20000 avg_latency=0.6044 ms avg throuhgput (requests/sec) = 91.1366 res=false
*==== INFO ====* req_id_count= 19000 stream_id=75996 latency=0.783505 ms (tx_ts=161012488865661, rx_ts=161012489649166) request_id=303028 zil_blk_id=75996 ccf_commit_seqno=303029 nstreams_done_=19000 config.nstreams=20000 avg_latency=0.6049 ms avg throuhgput (requests/sec) = 91.1343 res=false
*==== INFO ====* req_id_count= 19500 stream_id=77996 latency=0.483714 ms (tx_ts=161017979460877, rx_ts=161017979944591) request_id=311025 zil_blk_id=77996 ccf_commit_seqno=311025 nstreams_done_=19500 config.nstreams=20000 avg_latency=0.6049 ms avg throuhgput (requests/sec) = 91.1327 res=false
*==== INFO ====* http_end_stream ALL streams done! nstreams_done_=20000 avg_latency=0.6046 msreq_id_count= 20000
*==== INFO ====* req_id_count= 20000 stream_id=79996 latency=0.627974 ms (tx_ts=161023457322608, rx_ts=161023457950582) request_id=318660 zil_blk_id=79996 ccf_commit_seqno=318660 nstreams_done_=20000 config.nstreams=20000 avg_latency=0.6046 ms avg throuhgput (requests/sec) = 91.1362 res=true
