Uniform: 314688 481931 480138 978973 218286 
Exponential: -2147483648 -2147483648 -2147483648 -2147483648 -2147483648 
Truncated Normal: 281445 369684 109622 286435 447676 
*==== INFO ====* req_id_count= 500 stream_id=1996 latency=0.505185 ms (tx_ts=160809454647354, rx_ts=160809455152539) request_id=7834 zil_blk_id=1996 ccf_commit_seqno=7834 nstreams_done_=500 config.nstreams=20000 avg_latency=0.5819 ms avg throuhgput (requests/sec) = 91.7694 res=false
*==== INFO ====* req_id_count= 1000 stream_id=3996 latency=0.521345 ms (tx_ts=160814927242539, rx_ts=160814927763884) request_id=15743 zil_blk_id=3996 ccf_commit_seqno=15743 nstreams_done_=1000 config.nstreams=20000 avg_latency=0.5834 ms avg throuhgput (requests/sec) = 91.5663 res=false
*==== INFO ====* req_id_count= 1500 stream_id=5996 latency=0.551311 ms (tx_ts=160820381345261, rx_ts=160820381896572) request_id=23642 zil_blk_id=5996 ccf_commit_seqno=23642 nstreams_done_=1500 config.nstreams=20000 avg_latency=0.5723 ms avg throuhgput (requests/sec) = 91.6020 res=false
*==== INFO ====* req_id_count= 2000 stream_id=7996 latency=0.459870 ms (tx_ts=160825869591519, rx_ts=160825870051389) request_id=31572 zil_blk_id=7996 ccf_commit_seqno=31572 nstreams_done_=2000 config.nstreams=20000 avg_latency=0.5785 ms avg throuhgput (requests/sec) = 91.4773 res=false
*==== INFO ====* req_id_count= 2500 stream_id=9996 latency=0.634096 ms (tx_ts=160831345281614, rx_ts=160831345915710) request_id=39494 zil_blk_id=9996 ccf_commit_seqno=39494 nstreams_done_=2500 config.nstreams=20000 avg_latency=0.5819 ms avg throuhgput (requests/sec) = 91.4438 res=false
*==== INFO ====* req_id_count= 3000 stream_id=11996 latency=0.590254 ms (tx_ts=160836805820340, rx_ts=160836806410594) request_id=47409 zil_blk_id=11996 ccf_commit_seqno=47409 nstreams_done_=3000 config.nstreams=20000 avg_latency=0.5783 ms avg throuhgput (requests/sec) = 91.4643 res=false
*==== INFO ====* req_id_count= 3500 stream_id=13996 latency=0.545309 ms (tx_ts=160842290823298, rx_ts=160842291368607) request_id=55355 zil_blk_id=13996 ccf_commit_seqno=55355 nstreams_done_=3500 config.nstreams=20000 avg_latency=0.5802 ms avg throuhgput (requests/sec) = 91.4204 res=false
*==== INFO ====* req_id_count= 4000 stream_id=15996 latency=0.562853 ms (tx_ts=160847765784915, rx_ts=160847766347768) request_id=63305 zil_blk_id=15996 ccf_commit_seqno=63305 nstreams_done_=4000 config.nstreams=20000 avg_latency=0.5785 ms avg throuhgput (requests/sec) = 91.4084 res=false
*==== INFO ====* req_id_count= 4500 stream_id=17996 latency=0.468527 ms (tx_ts=160853216896580, rx_ts=160853217365107) request_id=71221 zil_blk_id=17996 ccf_commit_seqno=71221 nstreams_done_=4500 config.nstreams=20000 avg_latency=0.5749 ms avg throuhgput (requests/sec) = 91.4436 res=false
*==== INFO ====* req_id_count= 5000 stream_id=19996 latency=0.495199 ms (tx_ts=160858672174869, rx_ts=160858672670068) request_id=79145 zil_blk_id=19996 ccf_commit_seqno=79145 nstreams_done_=5000 config.nstreams=20000 avg_latency=0.5731 ms avg throuhgput (requests/sec) = 91.4646 res=false
*==== INFO ====* req_id_count= 5500 stream_id=21996 latency=0.487111 ms (tx_ts=160864116340924, rx_ts=160864116828035) request_id=87038 zil_blk_id=21996 ccf_commit_seqno=87038 nstreams_done_=5500 config.nstreams=20000 avg_latency=0.5706 ms avg throuhgput (requests/sec) = 91.4987 res=false
*==== INFO ====* req_id_count= 6000 stream_id=23996 latency=0.500706 ms (tx_ts=160869544798950, rx_ts=160869545299656) request_id=94935 zil_blk_id=23996 ccf_commit_seqno=94935 nstreams_done_=6000 config.nstreams=20000 avg_latency=0.5658 ms avg throuhgput (requests/sec) = 91.5491 res=false
*==== INFO ====* req_id_count= 6500 stream_id=25996 latency=0.464329 ms (tx_ts=160874981727094, rx_ts=160874982191423) request_id=102870 zil_blk_id=25996 ccf_commit_seqno=102870 nstreams_done_=6500 config.nstreams=20000 avg_latency=0.5631 ms avg throuhgput (requests/sec) = 91.5809 res=false
*==== INFO ====* req_id_count= 7000 stream_id=27996 latency=0.537125 ms (tx_ts=160880419278269, rx_ts=160880419815394) request_id=110789 zil_blk_id=27996 ccf_commit_seqno=110789 nstreams_done_=7000 config.nstreams=20000 avg_latency=0.5605 ms avg throuhgput (requests/sec) = 91.6073 res=false
*==== INFO ====* req_id_count= 7500 stream_id=29996 latency=0.540049 ms (tx_ts=160885890047377, rx_ts=160885890587426) request_id=118747 zil_blk_id=29996 ccf_commit_seqno=118747 nstreams_done_=7500 config.nstreams=20000 avg_latency=0.5620 ms avg throuhgput (requests/sec) = 91.5931 res=false
*==== INFO ====* req_id_count= 8000 stream_id=31996 latency=0.512097 ms (tx_ts=160891345814982, rx_ts=160891346327079) request_id=126687 zil_blk_id=31996 ccf_commit_seqno=126687 nstreams_done_=8000 config.nstreams=20000 avg_latency=0.5611 ms avg throuhgput (requests/sec) = 91.5965 res=false
*==== INFO ====* req_id_count= 8500 stream_id=33996 latency=0.438951 ms (tx_ts=160896795603173, rx_ts=160896796042124) request_id=134630 zil_blk_id=33996 ccf_commit_seqno=134630 nstreams_done_=8500 config.nstreams=20000 avg_latency=0.5603 ms avg throuhgput (requests/sec) = 91.6054 res=false
*==== INFO ====* req_id_count= 9000 stream_id=35996 latency=0.494044 ms (tx_ts=160902241176596, rx_ts=160902241670640) request_id=142557 zil_blk_id=35996 ccf_commit_seqno=142557 nstreams_done_=9000 config.nstreams=20000 avg_latency=0.5587 ms avg throuhgput (requests/sec) = 91.6171 res=false
*==== INFO ====* req_id_count= 9500 stream_id=37996 latency=0.516687 ms (tx_ts=160907709993563, rx_ts=160907710510250) request_id=150529 zil_blk_id=37996 ccf_commit_seqno=150529 nstreams_done_=9500 config.nstreams=20000 avg_latency=0.5594 ms avg throuhgput (requests/sec) = 91.6071 res=false
*==== INFO ====* req_id_count= 10000 stream_id=39996 latency=0.496750 ms (tx_ts=160913178041342, rx_ts=160913178538092) request_id=158477 zil_blk_id=39996 ccf_commit_seqno=158477 nstreams_done_=10000 config.nstreams=20000 avg_latency=0.5595 ms avg throuhgput (requests/sec) = 91.5987 res=false
*==== INFO ====* req_id_count= 10500 stream_id=41996 latency=0.597648 ms (tx_ts=160918632335945, rx_ts=160918632933593) request_id=166416 zil_blk_id=41996 ccf_commit_seqno=166417 nstreams_done_=10500 config.nstreams=20000 avg_latency=0.5592 ms avg throuhgput (requests/sec) = 91.6021 res=false
*==== INFO ====* req_id_count= 11000 stream_id=43996 latency=0.668651 ms (tx_ts=160924082045942, rx_ts=160924082714593) request_id=174346 zil_blk_id=43996 ccf_commit_seqno=174346 nstreams_done_=11000 config.nstreams=20000 avg_latency=0.5588 ms avg throuhgput (requests/sec) = 91.6086 res=false
*==== INFO ====* req_id_count= 11500 stream_id=45996 latency=0.500135 ms (tx_ts=160929524659130, rx_ts=160929525159265) request_id=182263 zil_blk_id=45996 ccf_commit_seqno=182263 nstreams_done_=11500 config.nstreams=20000 avg_latency=0.5579 ms avg throuhgput (requests/sec) = 91.6200 res=false
*==== INFO ====* req_id_count= 12000 stream_id=47996 latency=0.495647 ms (tx_ts=160934977855942, rx_ts=160934978351589) request_id=190197 zil_blk_id=47996 ccf_commit_seqno=190197 nstreams_done_=12000 config.nstreams=20000 avg_latency=0.5578 ms avg throuhgput (requests/sec) = 91.6229 res=false
*==== INFO ====* req_id_count= 12500 stream_id=49996 latency=0.471398 ms (tx_ts=160940428212205, rx_ts=160940428683603) request_id=198113 zil_blk_id=49996 ccf_commit_seqno=198113 nstreams_done_=12500 config.nstreams=20000 avg_latency=0.5571 ms avg throuhgput (requests/sec) = 91.6275 res=false
*==== INFO ====* req_id_count= 13000 stream_id=51996 latency=0.458968 ms (tx_ts=160945887480405, rx_ts=160945887939373) request_id=206047 zil_blk_id=51996 ccf_commit_seqno=206047 nstreams_done_=13000 config.nstreams=20000 avg_latency=0.5575 ms avg throuhgput (requests/sec) = 91.6259 res=false
*==== INFO ====* req_id_count= 13500 stream_id=53996 latency=0.454690 ms (tx_ts=160951350232386, rx_ts=160951350687076) request_id=214004 zil_blk_id=53996 ccf_commit_seqno=214004 nstreams_done_=13500 config.nstreams=20000 avg_latency=0.5571 ms avg throuhgput (requests/sec) = 91.6223 res=false
*==== INFO ====* req_id_count= 14000 stream_id=55996 latency=0.677547 ms (tx_ts=160956797146084, rx_ts=160956797823631) request_id=221929 zil_blk_id=55996 ccf_commit_seqno=221929 nstreams_done_=14000 config.nstreams=20000 avg_latency=0.5567 ms avg throuhgput (requests/sec) = 91.6284 res=false
*==== INFO ====* req_id_count= 14500 stream_id=57996 latency=0.595964 ms (tx_ts=160962256458972, rx_ts=160962257054936) request_id=229876 zil_blk_id=57996 ccf_commit_seqno=229876 nstreams_done_=14500 config.nstreams=20000 avg_latency=0.5567 ms avg throuhgput (requests/sec) = 91.6270 res=false
*==== INFO ====* req_id_count= 15000 stream_id=59996 latency=0.459329 ms (tx_ts=160967714190613, rx_ts=160967714649942) request_id=237824 zil_blk_id=59996 ccf_commit_seqno=237824 nstreams_done_=15000 config.nstreams=20000 avg_latency=0.5570 ms avg throuhgput (requests/sec) = 91.6266 res=false
*==== INFO ====* req_id_count= 15500 stream_id=61996 latency=0.521254 ms (tx_ts=160973171316692, rx_ts=160973171837946) request_id=245768 zil_blk_id=61996 ccf_commit_seqno=245768 nstreams_done_=15500 config.nstreams=20000 avg_latency=0.5570 ms avg throuhgput (requests/sec) = 91.6264 res=false
*==== INFO ====* req_id_count= 16000 stream_id=63996 latency=0.492721 ms (tx_ts=160978623066105, rx_ts=160978623558826) request_id=253711 zil_blk_id=63996 ccf_commit_seqno=253711 nstreams_done_=16000 config.nstreams=20000 avg_latency=0.5568 ms avg throuhgput (requests/sec) = 91.6292 res=false
*==== INFO ====* req_id_count= 16500 stream_id=65996 latency=0.456494 ms (tx_ts=160984090598586, rx_ts=160984091055080) request_id=261674 zil_blk_id=65996 ccf_commit_seqno=261674 nstreams_done_=16500 config.nstreams=20000 avg_latency=0.5574 ms avg throuhgput (requests/sec) = 91.6237 res=false
*==== INFO ====* req_id_count= 17000 stream_id=67996 latency=0.534048 ms (tx_ts=160989529048570, rx_ts=160989529582618) request_id=269601 zil_blk_id=67996 ccf_commit_seqno=269601 nstreams_done_=17000 config.nstreams=20000 avg_latency=0.5566 ms avg throuhgput (requests/sec) = 91.6329 res=false
*==== INFO ====* req_id_count= 17500 stream_id=69996 latency=0.582910 ms (tx_ts=160994982716548, rx_ts=160994983299458) request_id=277557 zil_blk_id=69996 ccf_commit_seqno=277557 nstreams_done_=17500 config.nstreams=20000 avg_latency=0.5565 ms avg throuhgput (requests/sec) = 91.6343 res=false
*==== INFO ====* req_id_count= 18000 stream_id=71996 latency=0.560028 ms (tx_ts=161000420095548, rx_ts=161000420655576) request_id=285475 zil_blk_id=71996 ccf_commit_seqno=285475 nstreams_done_=18000 config.nstreams=20000 avg_latency=0.5557 ms avg throuhgput (requests/sec) = 91.6432 res=false
*==== INFO ====* req_id_count= 18500 stream_id=73996 latency=0.477273 ms (tx_ts=161005883845545, rx_ts=161005884322818) request_id=293429 zil_blk_id=73996 ccf_commit_seqno=293429 nstreams_done_=18500 config.nstreams=20000 avg_latency=0.5561 ms avg throuhgput (requests/sec) = 91.6397 res=false
*==== INFO ====* req_id_count= 19000 stream_id=75996 latency=0.525252 ms (tx_ts=161011351705413, rx_ts=161011352230665) request_id=301377 zil_blk_id=75996 ccf_commit_seqno=301377 nstreams_done_=19000 config.nstreams=20000 avg_latency=0.5564 ms avg throuhgput (requests/sec) = 91.6345 res=false
*==== INFO ====* req_id_count= 19500 stream_id=77996 latency=0.485975 ms (tx_ts=161016815874692, rx_ts=161016816360667) request_id=309331 zil_blk_id=77996 ccf_commit_seqno=309331 nstreams_done_=19500 config.nstreams=20000 avg_latency=0.5569 ms avg throuhgput (requests/sec) = 91.6312 res=false
*==== INFO ====* http_end_stream ALL streams done! nstreams_done_=20000 avg_latency=0.5566 msreq_id_count= 20000
*==== INFO ====* req_id_count= 20000 stream_id=79996 latency=0.496238 ms (tx_ts=161022264448189, rx_ts=161022264944427) request_id=317248 zil_blk_id=79996 ccf_commit_seqno=317248 nstreams_done_=20000 config.nstreams=20000 avg_latency=0.5566 ms avg throuhgput (requests/sec) = 91.6346 res=true
