Uniform: 916012 641910 864637 26257 261914 
Exponential: -2147483648 -2147483648 -2147483648 -2147483648 -2147483648 
Truncated Normal: 715984 549450 445812 626033 810608 
*==== INFO ====* req_id_count= 500 stream_id=1996 latency=0.586356 ms (tx_ts=160809667521632, rx_ts=160809668107988) request_id=8133 zil_blk_id=1996 ccf_commit_seqno=8133 nstreams_done_=500 config.nstreams=20000 avg_latency=0.6218 ms avg throuhgput (requests/sec) = 88.3628 res=false
*==== INFO ====* req_id_count= 1000 stream_id=3996 latency=0.566610 ms (tx_ts=160815178872140, rx_ts=160815179438750) request_id=16090 zil_blk_id=3996 ccf_commit_seqno=16090 nstreams_done_=1000 config.nstreams=20000 avg_latency=0.6403 ms avg throuhgput (requests/sec) = 89.5269 res=false
*==== INFO ====* req_id_count= 1500 stream_id=5996 latency=0.583110 ms (tx_ts=160820680746782, rx_ts=160820681329892) request_id=24074 zil_blk_id=5996 ccf_commit_seqno=24074 nstreams_done_=1500 config.nstreams=20000 avg_latency=0.6366 ms avg throuhgput (requests/sec) = 89.9728 res=false
*==== INFO ====* req_id_count= 2000 stream_id=7996 latency=0.554537 ms (tx_ts=160826195493298, rx_ts=160826196047835) request_id=32033 zil_blk_id=7996 ccf_commit_seqno=32033 nstreams_done_=2000 config.nstreams=20000 avg_latency=0.6399 ms avg throuhgput (requests/sec) = 90.1452 res=false
*==== INFO ====* req_id_count= 2500 stream_id=9996 latency=0.675243 ms (tx_ts=160831728347917, rx_ts=160831729023160) request_id=40044 zil_blk_id=9996 ccf_commit_seqno=40045 nstreams_done_=2500 config.nstreams=20000 avg_latency=0.6478 ms avg throuhgput (requests/sec) = 90.1895 res=false
*==== INFO ====* req_id_count= 3000 stream_id=11996 latency=0.736147 ms (tx_ts=160837227715049, rx_ts=160837228451196) request_id=48015 zil_blk_id=11996 ccf_commit_seqno=48015 nstreams_done_=3000 config.nstreams=20000 avg_latency=0.6479 ms avg throuhgput (requests/sec) = 90.3102 res=false
*==== INFO ====* req_id_count= 3500 stream_id=13996 latency=0.764680 ms (tx_ts=160842729449364, rx_ts=160842730214044) request_id=55986 zil_blk_id=13996 ccf_commit_seqno=55986 nstreams_done_=3500 config.nstreams=20000 avg_latency=0.6469 ms avg throuhgput (requests/sec) = 90.3912 res=false
*==== INFO ====* req_id_count= 4000 stream_id=15996 latency=0.592408 ms (tx_ts=160848230105629, rx_ts=160848230698037) request_id=63972 zil_blk_id=15996 ccf_commit_seqno=63972 nstreams_done_=4000 config.nstreams=20000 avg_latency=0.6459 ms avg throuhgput (requests/sec) = 90.4546 res=false
*==== INFO ====* req_id_count= 4500 stream_id=17996 latency=0.563584 ms (tx_ts=160853706114767, rx_ts=160853706678351) request_id=71923 zil_blk_id=17996 ccf_commit_seqno=71923 nstreams_done_=4500 config.nstreams=20000 avg_latency=0.6391 ms avg throuhgput (requests/sec) = 90.5486 res=false
*==== INFO ====* req_id_count= 5000 stream_id=19996 latency=0.567251 ms (tx_ts=160859185842372, rx_ts=160859186409623) request_id=79883 zil_blk_id=19996 ccf_commit_seqno=79883 nstreams_done_=5000 config.nstreams=20000 avg_latency=0.6341 ms avg throuhgput (requests/sec) = 90.6178 res=false
*==== INFO ====* req_id_count= 5500 stream_id=21996 latency=0.539328 ms (tx_ts=160864665921385, rx_ts=160864666460713) request_id=87837 zil_blk_id=21996 ccf_commit_seqno=87837 nstreams_done_=5500 config.nstreams=20000 avg_latency=0.6323 ms avg throuhgput (requests/sec) = 90.6740 res=false
*==== INFO ====* req_id_count= 6000 stream_id=23996 latency=0.511480 ms (tx_ts=160870146995448, rx_ts=160870147506928) request_id=95812 zil_blk_id=23996 ccf_commit_seqno=95812 nstreams_done_=6000 config.nstreams=20000 avg_latency=0.6304 ms avg throuhgput (requests/sec) = 90.7196 res=false
*==== INFO ====* req_id_count= 6500 stream_id=25996 latency=0.646750 ms (tx_ts=160875627635851, rx_ts=160875628282601) request_id=103806 zil_blk_id=25996 ccf_commit_seqno=103806 nstreams_done_=6500 config.nstreams=20000 avg_latency=0.6281 ms avg throuhgput (requests/sec) = 90.7585 res=false
*==== INFO ====* req_id_count= 7000 stream_id=27996 latency=0.630008 ms (tx_ts=160881132797216, rx_ts=160881133427224) request_id=111821 zil_blk_id=27996 ccf_commit_seqno=111821 nstreams_done_=7000 config.nstreams=20000 avg_latency=0.6302 ms avg throuhgput (requests/sec) = 90.7632 res=false
*==== INFO ====* req_id_count= 7500 stream_id=29996 latency=5.282515 ms (tx_ts=160886628898733, rx_ts=160886634181248) request_id=119823 zil_blk_id=29996 ccf_commit_seqno=119823 nstreams_done_=7500 config.nstreams=20000 avg_latency=0.6313 ms avg throuhgput (requests/sec) = 90.7720 res=false
*==== INFO ====* req_id_count= 8000 stream_id=31996 latency=0.547573 ms (tx_ts=160892132192035, rx_ts=160892132739608) request_id=127830 zil_blk_id=31996 ccf_commit_seqno=127830 nstreams_done_=8000 config.nstreams=20000 avg_latency=0.6324 ms avg throuhgput (requests/sec) = 90.7821 res=false
*==== INFO ====* req_id_count= 8500 stream_id=33996 latency=0.566049 ms (tx_ts=160897621127269, rx_ts=160897621693318) request_id=135828 zil_blk_id=33996 ccf_commit_seqno=135828 nstreams_done_=8500 config.nstreams=20000 avg_latency=0.6316 ms avg throuhgput (requests/sec) = 90.8003 res=false
*==== INFO ====* req_id_count= 9000 stream_id=35996 latency=0.584954 ms (tx_ts=160903111768808, rx_ts=160903112353762) request_id=143825 zil_blk_id=35996 ccf_commit_seqno=143825 nstreams_done_=9000 config.nstreams=20000 avg_latency=0.6303 ms avg throuhgput (requests/sec) = 90.8148 res=false
*==== INFO ====* req_id_count= 9500 stream_id=37996 latency=0.639806 ms (tx_ts=160908605289906, rx_ts=160908605929712) request_id=151828 zil_blk_id=37996 ccf_commit_seqno=151829 nstreams_done_=9500 config.nstreams=20000 avg_latency=0.6300 ms avg throuhgput (requests/sec) = 90.8254 res=false
*==== INFO ====* req_id_count= 10000 stream_id=39996 latency=0.528489 ms (tx_ts=160914103845460, rx_ts=160914104373949) request_id=159822 zil_blk_id=39996 ccf_commit_seqno=159822 nstreams_done_=10000 config.nstreams=20000 avg_latency=0.6303 ms avg throuhgput (requests/sec) = 90.8308 res=false
*==== INFO ====* req_id_count= 10500 stream_id=41996 latency=0.501214 ms (tx_ts=160919597865147, rx_ts=160919598366361) request_id=167818 zil_blk_id=41996 ccf_commit_seqno=167818 nstreams_done_=10500 config.nstreams=20000 avg_latency=0.6303 ms avg throuhgput (requests/sec) = 90.8393 res=false
*==== INFO ====* req_id_count= 11000 stream_id=43996 latency=0.545821 ms (tx_ts=160925115613608, rx_ts=160925116159429) request_id=175849 zil_blk_id=43996 ccf_commit_seqno=175849 nstreams_done_=11000 config.nstreams=20000 avg_latency=0.6322 ms avg throuhgput (requests/sec) = 90.8291 res=false
*==== INFO ====* req_id_count= 11500 stream_id=45996 latency=0.525676 ms (tx_ts=160930620666451, rx_ts=160930621192127) request_id=183860 zil_blk_id=45996 ccf_commit_seqno=183860 nstreams_done_=11500 config.nstreams=20000 avg_latency=0.6330 ms avg throuhgput (requests/sec) = 90.8290 res=false
*==== INFO ====* req_id_count= 12000 stream_id=47996 latency=0.676325 ms (tx_ts=160936134377466, rx_ts=160936135053791) request_id=191868 zil_blk_id=47996 ccf_commit_seqno=191868 nstreams_done_=12000 config.nstreams=20000 avg_latency=0.6342 ms avg throuhgput (requests/sec) = 90.8228 res=false
*==== INFO ====* req_id_count= 12500 stream_id=49996 latency=0.575877 ms (tx_ts=160941631233722, rx_ts=160941631809599) request_id=199859 zil_blk_id=49996 ccf_commit_seqno=199860 nstreams_done_=12500 config.nstreams=20000 avg_latency=0.6341 ms avg throuhgput (requests/sec) = 90.8284 res=false
*==== INFO ====* req_id_count= 13000 stream_id=51996 latency=0.575006 ms (tx_ts=160947148585023, rx_ts=160947149160029) request_id=207882 zil_blk_id=51996 ccf_commit_seqno=207882 nstreams_done_=13000 config.nstreams=20000 avg_latency=0.6355 ms avg throuhgput (requests/sec) = 90.8205 res=false
*==== INFO ====* req_id_count= 13500 stream_id=53996 latency=0.526775 ms (tx_ts=160952649766584, rx_ts=160952650293359) request_id=215885 zil_blk_id=53996 ccf_commit_seqno=215885 nstreams_done_=13500 config.nstreams=20000 avg_latency=0.6359 ms avg throuhgput (requests/sec) = 90.8231 res=false
*==== INFO ====* req_id_count= 14000 stream_id=55996 latency=0.501879 ms (tx_ts=160958145860760, rx_ts=160958146362639) request_id=223894 zil_blk_id=55996 ccf_commit_seqno=223894 nstreams_done_=14000 config.nstreams=20000 avg_latency=0.6355 ms avg throuhgput (requests/sec) = 90.8284 res=false
*==== INFO ====* req_id_count= 14500 stream_id=57996 latency=0.519752 ms (tx_ts=160963644096102, rx_ts=160963644615854) request_id=231893 zil_blk_id=57996 ccf_commit_seqno=231893 nstreams_done_=14500 config.nstreams=20000 avg_latency=0.6354 ms avg throuhgput (requests/sec) = 90.8322 res=false
*==== INFO ====* req_id_count= 15000 stream_id=59996 latency=0.589091 ms (tx_ts=160969145689119, rx_ts=160969146278210) request_id=239904 zil_blk_id=59996 ccf_commit_seqno=239904 nstreams_done_=15000 config.nstreams=20000 avg_latency=0.6356 ms avg throuhgput (requests/sec) = 90.8339 res=false
*==== INFO ====* req_id_count= 15500 stream_id=61996 latency=0.553645 ms (tx_ts=160974636295371, rx_ts=160974636849016) request_id=247897 zil_blk_id=61996 ccf_commit_seqno=247897 nstreams_done_=15500 config.nstreams=20000 avg_latency=0.6353 ms avg throuhgput (requests/sec) = 90.8413 res=false
*==== INFO ====* req_id_count= 16000 stream_id=63996 latency=0.593530 ms (tx_ts=160980117517423, rx_ts=160980118110953) request_id=255885 zil_blk_id=63996 ccf_commit_seqno=255885 nstreams_done_=16000 config.nstreams=20000 avg_latency=0.6343 ms avg throuhgput (requests/sec) = 90.8531 res=false
*==== INFO ====* req_id_count= 16500 stream_id=65996 latency=0.606363 ms (tx_ts=160985608999274, rx_ts=160985609605637) request_id=263875 zil_blk_id=65996 ccf_commit_seqno=263876 nstreams_done_=16500 config.nstreams=20000 avg_latency=0.6337 ms avg throuhgput (requests/sec) = 90.8590 res=false
*==== INFO ====* req_id_count= 17000 stream_id=67996 latency=0.544979 ms (tx_ts=160991108533484, rx_ts=160991109078463) request_id=271901 zil_blk_id=67996 ccf_commit_seqno=271901 nstreams_done_=17000 config.nstreams=20000 avg_latency=0.6339 ms avg throuhgput (requests/sec) = 90.8608 res=false
*==== INFO ====* req_id_count= 17500 stream_id=69996 latency=0.522968 ms (tx_ts=160996621245027, rx_ts=160996621767995) request_id=279937 zil_blk_id=69996 ccf_commit_seqno=279937 nstreams_done_=17500 config.nstreams=20000 avg_latency=0.6344 ms avg throuhgput (requests/sec) = 90.8562 res=false
*==== INFO ====* req_id_count= 18000 stream_id=71996 latency=0.549277 ms (tx_ts=161002100581799, rx_ts=161002101131076) request_id=287919 zil_blk_id=71996 ccf_commit_seqno=287919 nstreams_done_=18000 config.nstreams=20000 avg_latency=0.6334 ms avg throuhgput (requests/sec) = 90.8671 res=false
*==== INFO ====* req_id_count= 18500 stream_id=73996 latency=0.597568 ms (tx_ts=161007605213431, rx_ts=161007605810999) request_id=295931 zil_blk_id=73996 ccf_commit_seqno=295931 nstreams_done_=18500 config.nstreams=20000 avg_latency=0.6336 ms avg throuhgput (requests/sec) = 90.8661 res=false
*==== INFO ====* req_id_count= 19000 stream_id=75996 latency=0.508511 ms (tx_ts=161013098562098, rx_ts=161013099070609) request_id=303910 zil_blk_id=75996 ccf_commit_seqno=303910 nstreams_done_=19000 config.nstreams=20000 avg_latency=0.6335 ms avg throuhgput (requests/sec) = 90.8702 res=false
*==== INFO ====* req_id_count= 19500 stream_id=77996 latency=1.749262 ms (tx_ts=161018585805469, rx_ts=161018587554731) request_id=311912 zil_blk_id=77996 ccf_commit_seqno=311913 nstreams_done_=19500 config.nstreams=20000 avg_latency=0.6330 ms avg throuhgput (requests/sec) = 90.8761 res=false
*==== INFO ====* http_end_stream ALL streams done! nstreams_done_=20000 avg_latency=0.6330 msreq_id_count= 20000
*==== INFO ====* req_id_count= 20000 stream_id=79996 latency=0.633024 ms (tx_ts=161024085156273, rx_ts=161024085789297) request_id=319168 zil_blk_id=79996 ccf_commit_seqno=319168 nstreams_done_=20000 config.nstreams=20000 avg_latency=0.6330 ms avg throuhgput (requests/sec) = 90.8776 res=true
