Uniform: 509603 913977 810137 642554 879886 
Exponential: -2147483648 -2147483648 -2147483648 -2147483648 -2147483648 
Truncated Normal: 348287 586816 618524 205322 677919 
*==== INFO ====* req_id_count= 500 stream_id=1996 latency=1.127609 ms (tx_ts=160809526019404, rx_ts=160809527147013) request_id=7931 zil_blk_id=1996 ccf_commit_seqno=7931 nstreams_done_=500 config.nstreams=20000 avg_latency=0.6665 ms avg throuhgput (requests/sec) = 90.6205 res=false
*==== INFO ====* req_id_count= 1000 stream_id=3996 latency=0.695401 ms (tx_ts=160815046548773, rx_ts=160815047244174) request_id=15908 zil_blk_id=3996 ccf_commit_seqno=15909 nstreams_done_=1000 config.nstreams=20000 avg_latency=0.6550 ms avg throuhgput (requests/sec) = 90.5993 res=false
*==== INFO ====* req_id_count= 1500 stream_id=5996 latency=0.555209 ms (tx_ts=160820560375517, rx_ts=160820560930726) request_id=23900 zil_blk_id=5996 ccf_commit_seqno=23900 nstreams_done_=1500 config.nstreams=20000 avg_latency=0.6543 ms avg throuhgput (requests/sec) = 90.6273 res=false
*==== INFO ====* req_id_count= 2000 stream_id=7996 latency=0.512619 ms (tx_ts=160826098936253, rx_ts=160826099448872) request_id=31901 zil_blk_id=7996 ccf_commit_seqno=31901 nstreams_done_=2000 config.nstreams=20000 avg_latency=0.6606 ms avg throuhgput (requests/sec) = 90.5395 res=false
*==== INFO ====* req_id_count= 2500 stream_id=9996 latency=0.656658 ms (tx_ts=160831622279081, rx_ts=160831622935739) request_id=39892 zil_blk_id=9996 ccf_commit_seqno=39892 nstreams_done_=2500 config.nstreams=20000 avg_latency=0.6615 ms avg throuhgput (requests/sec) = 90.5361 res=false
*==== INFO ====* req_id_count= 3000 stream_id=11996 latency=0.707434 ms (tx_ts=160837151757433, rx_ts=160837152464867) request_id=47908 zil_blk_id=11996 ccf_commit_seqno=47908 nstreams_done_=3000 config.nstreams=20000 avg_latency=0.6631 ms avg throuhgput (requests/sec) = 90.5173 res=false
*==== INFO ====* req_id_count= 3500 stream_id=13996 latency=0.548576 ms (tx_ts=160842689444300, rx_ts=160842689992876) request_id=55932 zil_blk_id=13996 ccf_commit_seqno=55932 nstreams_done_=3500 config.nstreams=20000 avg_latency=0.6655 ms avg throuhgput (requests/sec) = 90.4852 res=false
*==== INFO ====* req_id_count= 4000 stream_id=15996 latency=0.544999 ms (tx_ts=160848198361897, rx_ts=160848198906896) request_id=63931 zil_blk_id=15996 ccf_commit_seqno=63931 nstreams_done_=4000 config.nstreams=20000 avg_latency=0.6625 ms avg throuhgput (requests/sec) = 90.5197 res=false
*==== INFO ====* req_id_count= 4500 stream_id=17996 latency=0.635418 ms (tx_ts=160853707627178, rx_ts=160853708262596) request_id=71928 zil_blk_id=17996 ccf_commit_seqno=71929 nstreams_done_=4500 config.nstreams=20000 avg_latency=0.6600 ms avg throuhgput (requests/sec) = 90.5458 res=false
*==== INFO ====* req_id_count= 5000 stream_id=19996 latency=0.594973 ms (tx_ts=160859210793067, rx_ts=160859211388040) request_id=79916 zil_blk_id=19996 ccf_commit_seqno=79916 nstreams_done_=5000 config.nstreams=20000 avg_latency=0.6564 ms avg throuhgput (requests/sec) = 90.5768 res=false
*==== INFO ====* req_id_count= 5500 stream_id=21996 latency=0.548005 ms (tx_ts=160864721936158, rx_ts=160864722484163) request_id=87917 zil_blk_id=21996 ccf_commit_seqno=87917 nstreams_done_=5500 config.nstreams=20000 avg_latency=0.6560 ms avg throuhgput (requests/sec) = 90.5904 res=false
*==== INFO ====* req_id_count= 6000 stream_id=23996 latency=0.567472 ms (tx_ts=160870231985864, rx_ts=160870232553336) request_id=95931 zil_blk_id=23996 ccf_commit_seqno=95931 nstreams_done_=6000 config.nstreams=20000 avg_latency=0.6541 ms avg throuhgput (requests/sec) = 90.6031 res=false
*==== INFO ====* req_id_count= 6500 stream_id=25996 latency=0.543948 ms (tx_ts=160875744614920, rx_ts=160875745158868) request_id=103977 zil_blk_id=25996 ccf_commit_seqno=103977 nstreams_done_=6500 config.nstreams=20000 avg_latency=0.6531 ms avg throuhgput (requests/sec) = 90.6106 res=false
*==== INFO ====* req_id_count= 7000 stream_id=27996 latency=0.555891 ms (tx_ts=160881263260237, rx_ts=160881263816128) request_id=112006 zil_blk_id=27996 ccf_commit_seqno=112006 nstreams_done_=7000 config.nstreams=20000 avg_latency=0.6533 ms avg throuhgput (requests/sec) = 90.6100 res=false
*==== INFO ====* req_id_count= 7500 stream_id=29996 latency=0.553575 ms (tx_ts=160886795190741, rx_ts=160886795744316) request_id=120056 zil_blk_id=29996 ccf_commit_seqno=120056 nstreams_done_=7500 config.nstreams=20000 avg_latency=0.6536 ms avg throuhgput (requests/sec) = 90.5949 res=false
*==== INFO ====* req_id_count= 8000 stream_id=31996 latency=0.574995 ms (tx_ts=160892307453336, rx_ts=160892308028331) request_id=128085 zil_blk_id=31996 ccf_commit_seqno=128085 nstreams_done_=8000 config.nstreams=20000 avg_latency=0.6527 ms avg throuhgput (requests/sec) = 90.6019 res=false
*==== INFO ====* req_id_count= 8500 stream_id=33996 latency=0.541493 ms (tx_ts=160897812585005, rx_ts=160897813126498) request_id=136105 zil_blk_id=33996 ccf_commit_seqno=136105 nstreams_done_=8500 config.nstreams=20000 avg_latency=0.6509 ms avg throuhgput (requests/sec) = 90.6150 res=false
*==== INFO ====* req_id_count= 9000 stream_id=35996 latency=0.500856 ms (tx_ts=160903326370952, rx_ts=160903326871808) request_id=144141 zil_blk_id=35996 ccf_commit_seqno=144141 nstreams_done_=9000 config.nstreams=20000 avg_latency=0.6505 ms avg throuhgput (requests/sec) = 90.6187 res=false
*==== INFO ====* req_id_count= 9500 stream_id=37996 latency=0.624177 ms (tx_ts=160908858335777, rx_ts=160908858959954) request_id=152190 zil_blk_id=37996 ccf_commit_seqno=152190 nstreams_done_=9500 config.nstreams=20000 avg_latency=0.6512 ms avg throuhgput (requests/sec) = 90.6062 res=false
*==== INFO ====* req_id_count= 10000 stream_id=39996 latency=0.623827 ms (tx_ts=160914385228881, rx_ts=160914385852708) request_id=160231 zil_blk_id=39996 ccf_commit_seqno=160231 nstreams_done_=10000 config.nstreams=20000 avg_latency=0.6522 ms avg throuhgput (requests/sec) = 90.5992 res=false
*==== INFO ====* req_id_count= 10500 stream_id=41996 latency=0.579955 ms (tx_ts=160919898301036, rx_ts=160919898880991) request_id=168253 zil_blk_id=41996 ccf_commit_seqno=168253 nstreams_done_=10500 config.nstreams=20000 avg_latency=0.6519 ms avg throuhgput (requests/sec) = 90.6037 res=false
*==== INFO ====* req_id_count= 11000 stream_id=43996 latency=0.561786 ms (tx_ts=160925429502872, rx_ts=160925430064658) request_id=176305 zil_blk_id=43996 ccf_commit_seqno=176305 nstreams_done_=11000 config.nstreams=20000 avg_latency=0.6527 ms avg throuhgput (requests/sec) = 90.5943 res=false
*==== INFO ====* req_id_count= 11500 stream_id=45996 latency=0.611213 ms (tx_ts=160930952650278, rx_ts=160930953261491) request_id=184345 zil_blk_id=45996 ccf_commit_seqno=184345 nstreams_done_=11500 config.nstreams=20000 avg_latency=0.6529 ms avg throuhgput (requests/sec) = 90.5914 res=false
*==== INFO ====* req_id_count= 12000 stream_id=47996 latency=0.616663 ms (tx_ts=160936726408848, rx_ts=160936727025511) request_id=192720 zil_blk_id=47996 ccf_commit_seqno=192720 nstreams_done_=12000 config.nstreams=20000 avg_latency=0.6532 ms avg throuhgput (requests/sec) = 90.4177 res=false
*==== INFO ====* req_id_count= 12500 stream_id=49996 latency=2.291766 ms (tx_ts=160942272564413, rx_ts=160942274856179) request_id=200793 zil_blk_id=49996 ccf_commit_seqno=200793 nstreams_done_=12500 config.nstreams=20000 avg_latency=0.6542 ms avg throuhgput (requests/sec) = 90.4060 res=false
*==== INFO ====* req_id_count= 13000 stream_id=51996 latency=1.173745 ms (tx_ts=160947793380764, rx_ts=160947794554509) request_id=208822 zil_blk_id=51996 ccf_commit_seqno=208822 nstreams_done_=13000 config.nstreams=20000 avg_latency=0.6542 ms avg throuhgput (requests/sec) = 90.4128 res=false
*==== INFO ====* req_id_count= 13500 stream_id=53996 latency=0.624407 ms (tx_ts=160953322398486, rx_ts=160953323022893) request_id=216862 zil_blk_id=53996 ccf_commit_seqno=216862 nstreams_done_=13500 config.nstreams=20000 avg_latency=0.6552 ms avg throuhgput (requests/sec) = 90.4139 res=false
*==== INFO ====* req_id_count= 14000 stream_id=55996 latency=0.624207 ms (tx_ts=160958842416281, rx_ts=160958843040488) request_id=224908 zil_blk_id=55996 ccf_commit_seqno=224908 nstreams_done_=14000 config.nstreams=20000 avg_latency=0.6552 ms avg throuhgput (requests/sec) = 90.4198 res=false
*==== INFO ====* req_id_count= 14500 stream_id=57996 latency=0.573232 ms (tx_ts=160964383795353, rx_ts=160964384368585) request_id=232974 zil_blk_id=57996 ccf_commit_seqno=232974 nstreams_done_=14500 config.nstreams=20000 avg_latency=0.6563 ms avg throuhgput (requests/sec) = 90.4132 res=false
*==== INFO ====* req_id_count= 15000 stream_id=59996 latency=0.624518 ms (tx_ts=160969907124339, rx_ts=160969907748857) request_id=241011 zil_blk_id=59996 ccf_commit_seqno=241011 nstreams_done_=15000 config.nstreams=20000 avg_latency=0.6571 ms avg throuhgput (requests/sec) = 90.4169 res=false
*==== INFO ====* req_id_count= 15500 stream_id=61996 latency=0.597117 ms (tx_ts=160975437581834, rx_ts=160975438178951) request_id=249066 zil_blk_id=61996 ccf_commit_seqno=249066 nstreams_done_=15500 config.nstreams=20000 avg_latency=0.6574 ms avg throuhgput (requests/sec) = 90.4167 res=false
*==== INFO ====* req_id_count= 16000 stream_id=63996 latency=0.575546 ms (tx_ts=160980957202998, rx_ts=160980957778544) request_id=257105 zil_blk_id=63996 ccf_commit_seqno=257105 nstreams_done_=16000 config.nstreams=20000 avg_latency=0.6575 ms avg throuhgput (requests/sec) = 90.4220 res=false
*==== INFO ====* req_id_count= 16500 stream_id=65996 latency=0.518149 ms (tx_ts=160986474277916, rx_ts=160986474796065) request_id=265140 zil_blk_id=65996 ccf_commit_seqno=265140 nstreams_done_=16500 config.nstreams=20000 avg_latency=0.6572 ms avg throuhgput (requests/sec) = 90.4282 res=false
*==== INFO ====* req_id_count= 17000 stream_id=67996 latency=0.580275 ms (tx_ts=160992004680799, rx_ts=160992005261074) request_id=273203 zil_blk_id=67996 ccf_commit_seqno=273203 nstreams_done_=17000 config.nstreams=20000 avg_latency=0.6576 ms avg throuhgput (requests/sec) = 90.4276 res=false
*==== INFO ====* req_id_count= 17500 stream_id=69996 latency=0.539970 ms (tx_ts=160997523108617, rx_ts=160997523648587) request_id=281248 zil_blk_id=69996 ccf_commit_seqno=281248 nstreams_done_=17500 config.nstreams=20000 avg_latency=0.6575 ms avg throuhgput (requests/sec) = 90.4327 res=false
*==== INFO ====* req_id_count= 18000 stream_id=71996 latency=0.563806 ms (tx_ts=161003041828856, rx_ts=161003042392662) request_id=289288 zil_blk_id=71996 ccf_commit_seqno=289288 nstreams_done_=18000 config.nstreams=20000 avg_latency=0.6569 ms avg throuhgput (requests/sec) = 90.4374 res=false
*==== INFO ====* req_id_count= 18500 stream_id=73996 latency=0.642592 ms (tx_ts=161008556525415, rx_ts=161008557168007) request_id=297316 zil_blk_id=73996 ccf_commit_seqno=297316 nstreams_done_=18500 config.nstreams=20000 avg_latency=0.6569 ms avg throuhgput (requests/sec) = 90.4435 res=false
*==== INFO ====* req_id_count= 19000 stream_id=75996 latency=0.673149 ms (tx_ts=161014069019553, rx_ts=161014069692702) request_id=305327 zil_blk_id=75996 ccf_commit_seqno=305327 nstreams_done_=19000 config.nstreams=20000 avg_latency=0.6565 ms avg throuhgput (requests/sec) = 90.4503 res=false
*==== INFO ====* req_id_count= 19500 stream_id=77996 latency=0.861962 ms (tx_ts=161019591680728, rx_ts=161019592542690) request_id=313373 zil_blk_id=77996 ccf_commit_seqno=313373 nstreams_done_=19500 config.nstreams=20000 avg_latency=0.6567 ms avg throuhgput (requests/sec) = 90.4524 res=false
*==== INFO ====* http_end_stream ALL streams done! nstreams_done_=20000 avg_latency=0.6571 msreq_id_count= 20000
*==== INFO ====* req_id_count= 20000 stream_id=79996 latency=0.581768 ms (tx_ts=161025129543207, rx_ts=161025130124975) request_id=319663 zil_blk_id=79996 ccf_commit_seqno=319663 nstreams_done_=20000 config.nstreams=20000 avg_latency=0.6571 ms avg throuhgput (requests/sec) = 90.4484 res=true
