Uniform: 227286 373553 729804 75944 878269 
Exponential: -2147483648 -2147483648 -2147483648 -2147483648 -2147483648 
Truncated Normal: 395835 454106 648016 458842 461448 
*==== INFO ====* req_id_count= 500 stream_id=1996 latency=0.573342 ms (tx_ts=160809874402035, rx_ts=160809874975377) request_id=8426 zil_blk_id=1996 ccf_commit_seqno=8426 nstreams_done_=500 config.nstreams=20000 avg_latency=0.6541 ms avg throuhgput (requests/sec) = 85.2707 res=false
*==== INFO ====* req_id_count= 1000 stream_id=3996 latency=0.591987 ms (tx_ts=160815813606965, rx_ts=160815814198952) request_id=17015 zil_blk_id=3996 ccf_commit_seqno=17015 nstreams_done_=1000 config.nstreams=20000 avg_latency=0.6647 ms avg throuhgput (requests/sec) = 84.7249 res=false
*==== INFO ====* req_id_count= 1500 stream_id=5996 latency=0.633054 ms (tx_ts=160821712696818, rx_ts=160821713329872) request_id=25562 zil_blk_id=5996 ccf_commit_seqno=25562 nstreams_done_=1500 config.nstreams=20000 avg_latency=0.6613 ms avg throuhgput (requests/sec) = 84.7360 res=false
*==== INFO ====* req_id_count= 2000 stream_id=7996 latency=0.791621 ms (tx_ts=160827581884361, rx_ts=160827582675982) request_id=34044 zil_blk_id=7996 ccf_commit_seqno=34044 nstreams_done_=2000 config.nstreams=20000 avg_latency=0.6570 ms avg throuhgput (requests/sec) = 84.8487 res=false
*==== INFO ====* req_id_count= 2500 stream_id=9996 latency=0.599351 ms (tx_ts=160833479900675, rx_ts=160833480500026) request_id=42574 zil_blk_id=9996 ccf_commit_seqno=42574 nstreams_done_=2500 config.nstreams=20000 avg_latency=0.6574 ms avg throuhgput (requests/sec) = 84.8343 res=false
*==== INFO ====* req_id_count= 3000 stream_id=11996 latency=0.597755 ms (tx_ts=160839377017112, rx_ts=160839377614867) request_id=51121 zil_blk_id=11996 ccf_commit_seqno=51121 nstreams_done_=3000 config.nstreams=20000 avg_latency=0.6587 ms avg throuhgput (requests/sec) = 84.8265 res=false
*==== INFO ====* req_id_count= 3500 stream_id=13996 latency=0.564535 ms (tx_ts=160845251513482, rx_ts=160845252078017) request_id=59651 zil_blk_id=13996 ccf_commit_seqno=59651 nstreams_done_=3500 config.nstreams=20000 avg_latency=0.6566 ms avg throuhgput (requests/sec) = 84.8675 res=false
*==== INFO ====* req_id_count= 4000 stream_id=15996 latency=0.719566 ms (tx_ts=160851132273870, rx_ts=160851132993436) request_id=68190 zil_blk_id=15996 ccf_commit_seqno=68191 nstreams_done_=4000 config.nstreams=20000 avg_latency=0.6539 ms avg throuhgput (requests/sec) = 84.8866 res=false
*==== INFO ====* req_id_count= 4500 stream_id=17996 latency=0.616095 ms (tx_ts=160857023180610, rx_ts=160857023796705) request_id=76741 zil_blk_id=17996 ccf_commit_seqno=76741 nstreams_done_=4500 config.nstreams=20000 avg_latency=0.6526 ms avg throuhgput (requests/sec) = 84.8856 res=false
*==== INFO ====* req_id_count= 5000 stream_id=19996 latency=0.583191 ms (tx_ts=160862921976129, rx_ts=160862922559320) request_id=85305 zil_blk_id=19996 ccf_commit_seqno=85305 nstreams_done_=5000 config.nstreams=20000 avg_latency=0.6515 ms avg throuhgput (requests/sec) = 84.8734 res=false
*==== INFO ====* req_id_count= 5500 stream_id=21996 latency=0.653289 ms (tx_ts=160868799103076, rx_ts=160868799756365) request_id=93851 zil_blk_id=21996 ccf_commit_seqno=93853 nstreams_done_=5500 config.nstreams=20000 avg_latency=0.6493 ms avg throuhgput (requests/sec) = 84.8917 res=false
*==== INFO ====* req_id_count= 6000 stream_id=23996 latency=0.616042 ms (tx_ts=160874316056929, rx_ts=160874316672971) request_id=101897 zil_blk_id=23996 ccf_commit_seqno=101897 nstreams_done_=6000 config.nstreams=20000 avg_latency=0.6495 ms avg throuhgput (requests/sec) = 85.3420 res=false
*==== INFO ====* req_id_count= 6500 stream_id=25996 latency=0.634865 ms (tx_ts=160879826889780, rx_ts=160879827524645) request_id=109930 zil_blk_id=25996 ccf_commit_seqno=109930 nstreams_done_=6500 config.nstreams=20000 avg_latency=0.6493 ms avg throuhgput (requests/sec) = 85.7336 res=false
*==== INFO ====* req_id_count= 7000 stream_id=27996 latency=0.608868 ms (tx_ts=160885352612042, rx_ts=160885353220910) request_id=117967 zil_blk_id=27996 ccf_commit_seqno=117967 nstreams_done_=7000 config.nstreams=20000 avg_latency=0.6502 ms avg throuhgput (requests/sec) = 86.0565 res=false
*==== INFO ====* req_id_count= 7500 stream_id=29996 latency=0.576668 ms (tx_ts=160890862634655, rx_ts=160890863211323) request_id=125988 zil_blk_id=29996 ccf_commit_seqno=125988 nstreams_done_=7500 config.nstreams=20000 avg_latency=0.6495 ms avg throuhgput (requests/sec) = 86.3539 res=false
*==== INFO ====* req_id_count= 8000 stream_id=31996 latency=0.576629 ms (tx_ts=160896367022242, rx_ts=160896367598871) request_id=134009 zil_blk_id=31996 ccf_commit_seqno=134009 nstreams_done_=8000 config.nstreams=20000 avg_latency=0.6477 ms avg throuhgput (requests/sec) = 86.6211 res=false
*==== INFO ====* req_id_count= 8500 stream_id=33996 latency=0.602146 ms (tx_ts=160901878579779, rx_ts=160901879181925) request_id=142030 zil_blk_id=33996 ccf_commit_seqno=142030 nstreams_done_=8500 config.nstreams=20000 avg_latency=0.6471 ms avg throuhgput (requests/sec) = 86.8518 res=false
*==== INFO ====* req_id_count= 9000 stream_id=35996 latency=0.545921 ms (tx_ts=160907402115658, rx_ts=160907402661579) request_id=150080 zil_blk_id=35996 ccf_commit_seqno=150080 nstreams_done_=9000 config.nstreams=20000 avg_latency=0.6483 ms avg throuhgput (requests/sec) = 87.0479 res=false
*==== INFO ====* req_id_count= 9500 stream_id=37996 latency=0.618837 ms (tx_ts=160912917946966, rx_ts=160912918565803) request_id=158102 zil_blk_id=37996 ccf_commit_seqno=158102 nstreams_done_=9500 config.nstreams=20000 avg_latency=0.6486 ms avg throuhgput (requests/sec) = 87.2302 res=false
*==== INFO ====* req_id_count= 10000 stream_id=39996 latency=0.616283 ms (tx_ts=160918437178170, rx_ts=160918437794453) request_id=166138 zil_blk_id=39996 ccf_commit_seqno=166138 nstreams_done_=10000 config.nstreams=20000 avg_latency=0.6490 ms avg throuhgput (requests/sec) = 87.3923 res=false
*==== INFO ====* req_id_count= 10500 stream_id=41996 latency=0.693878 ms (tx_ts=160923962758216, rx_ts=160923963452094) request_id=174174 zil_blk_id=41996 ccf_commit_seqno=174175 nstreams_done_=10500 config.nstreams=20000 avg_latency=0.6495 ms avg throuhgput (requests/sec) = 87.5349 res=false
*==== INFO ====* req_id_count= 11000 stream_id=43996 latency=0.590521 ms (tx_ts=160929481278496, rx_ts=160929481869017) request_id=182199 zil_blk_id=43996 ccf_commit_seqno=182199 nstreams_done_=11000 config.nstreams=20000 avg_latency=0.6496 ms avg throuhgput (requests/sec) = 87.6700 res=false
*==== INFO ====* req_id_count= 11500 stream_id=45996 latency=0.547434 ms (tx_ts=160934996434700, rx_ts=160934996982134) request_id=190219 zil_blk_id=45996 ccf_commit_seqno=190219 nstreams_done_=11500 config.nstreams=20000 avg_latency=0.6496 ms avg throuhgput (requests/sec) = 87.7959 res=false
*==== INFO ====* req_id_count= 12000 stream_id=47996 latency=0.582960 ms (tx_ts=160940511276174, rx_ts=160940511859134) request_id=198230 zil_blk_id=47996 ccf_commit_seqno=198230 nstreams_done_=12000 config.nstreams=20000 avg_latency=0.6490 ms avg throuhgput (requests/sec) = 87.9117 res=false
*==== INFO ====* req_id_count= 12500 stream_id=49996 latency=0.654864 ms (tx_ts=160946023886018, rx_ts=160946024540882) request_id=206250 zil_blk_id=49996 ccf_commit_seqno=206250 nstreams_done_=12500 config.nstreams=20000 avg_latency=0.6489 ms avg throuhgput (requests/sec) = 88.0200 res=false
*==== INFO ====* req_id_count= 13000 stream_id=51996 latency=0.571850 ms (tx_ts=160951547112761, rx_ts=160951547684611) request_id=214287 zil_blk_id=51996 ccf_commit_seqno=214287 nstreams_done_=13000 config.nstreams=20000 avg_latency=0.6495 ms avg throuhgput (requests/sec) = 88.1139 res=false
*==== INFO ====* req_id_count= 13500 stream_id=53996 latency=0.535651 ms (tx_ts=160957062262050, rx_ts=160957062797701) request_id=222317 zil_blk_id=53996 ccf_commit_seqno=222317 nstreams_done_=13500 config.nstreams=20000 avg_latency=0.6498 ms avg throuhgput (requests/sec) = 88.2056 res=false
*==== INFO ====* req_id_count= 14000 stream_id=55996 latency=1.433922 ms (tx_ts=160962574713264, rx_ts=160962576147186) request_id=230342 zil_blk_id=55996 ccf_commit_seqno=230342 nstreams_done_=14000 config.nstreams=20000 avg_latency=0.6499 ms avg throuhgput (requests/sec) = 88.2920 res=false
*==== INFO ====* req_id_count= 14500 stream_id=57996 latency=0.647099 ms (tx_ts=160968084379766, rx_ts=160968085026865) request_id=238365 zil_blk_id=57996 ccf_commit_seqno=238365 nstreams_done_=14500 config.nstreams=20000 avg_latency=0.6496 ms avg throuhgput (requests/sec) = 88.3749 res=false
*==== INFO ====* req_id_count= 15000 stream_id=59996 latency=0.641340 ms (tx_ts=160973590637692, rx_ts=160973591279032) request_id=246380 zil_blk_id=59996 ccf_commit_seqno=246380 nstreams_done_=15000 config.nstreams=20000 avg_latency=0.6492 ms avg throuhgput (requests/sec) = 88.4538 res=false
*==== INFO ====* req_id_count= 15500 stream_id=61996 latency=0.681936 ms (tx_ts=160979098968814, rx_ts=160979099650750) request_id=254408 zil_blk_id=61996 ccf_commit_seqno=254408 nstreams_done_=15500 config.nstreams=20000 avg_latency=0.6487 ms avg throuhgput (requests/sec) = 88.5267 res=false
*==== INFO ====* req_id_count= 16000 stream_id=63996 latency=0.639756 ms (tx_ts=160984622092251, rx_ts=160984622732007) request_id=262445 zil_blk_id=63996 ccf_commit_seqno=262445 nstreams_done_=16000 config.nstreams=20000 avg_latency=0.6494 ms avg throuhgput (requests/sec) = 88.5880 res=false
*==== INFO ====* req_id_count= 16500 stream_id=65996 latency=0.574193 ms (tx_ts=160990124055401, rx_ts=160990124629594) request_id=270464 zil_blk_id=65996 ccf_commit_seqno=270464 nstreams_done_=16500 config.nstreams=20000 avg_latency=0.6487 ms avg throuhgput (requests/sec) = 88.6557 res=false
*==== INFO ====* req_id_count= 17000 stream_id=67996 latency=0.694849 ms (tx_ts=160995613755229, rx_ts=160995614450078) request_id=278477 zil_blk_id=67996 ccf_commit_seqno=278477 nstreams_done_=17000 config.nstreams=20000 avg_latency=0.6474 ms avg throuhgput (requests/sec) = 88.7251 res=false
*==== INFO ====* req_id_count= 17500 stream_id=69996 latency=0.610251 ms (tx_ts=161001119589218, rx_ts=161001120199469) request_id=286498 zil_blk_id=69996 ccf_commit_seqno=286498 nstreams_done_=17500 config.nstreams=20000 avg_latency=0.6471 ms avg throuhgput (requests/sec) = 88.7834 res=false
*==== INFO ====* req_id_count= 18000 stream_id=71996 latency=0.565899 ms (tx_ts=161006641186704, rx_ts=161006641752603) request_id=294532 zil_blk_id=71996 ccf_commit_seqno=294532 nstreams_done_=18000 config.nstreams=20000 avg_latency=0.6475 ms avg throuhgput (requests/sec) = 88.8317 res=false
*==== INFO ====* req_id_count= 18500 stream_id=73996 latency=0.584783 ms (tx_ts=161012165782520, rx_ts=161012166367303) request_id=302559 zil_blk_id=73996 ccf_commit_seqno=302560 nstreams_done_=18500 config.nstreams=20000 avg_latency=0.6479 ms avg throuhgput (requests/sec) = 88.8760 res=false
*==== INFO ====* req_id_count= 19000 stream_id=75996 latency=0.564085 ms (tx_ts=161017676897035, rx_ts=161017677461120) request_id=310589 zil_blk_id=75996 ccf_commit_seqno=310590 nstreams_done_=19000 config.nstreams=20000 avg_latency=0.6476 ms avg throuhgput (requests/sec) = 88.9238 res=false
*==== INFO ====* req_id_count= 19500 stream_id=77996 latency=0.597848 ms (tx_ts=161023204797856, rx_ts=161023205395704) request_id=318371 zil_blk_id=77996 ccf_commit_seqno=318371 nstreams_done_=19500 config.nstreams=20000 avg_latency=0.6482 ms avg throuhgput (requests/sec) = 88.9622 res=false
*==== INFO ====* http_end_stream ALL streams done! nstreams_done_=20000 avg_latency=0.6567 msreq_id_count= 20000
*==== INFO ====* req_id_count= 20000 stream_id=79996 latency=1.052200 ms (tx_ts=161029248250472, rx_ts=161029249302672) request_id=320000 zil_blk_id=79996 ccf_commit_seqno=320000 nstreams_done_=20000 config.nstreams=20000 avg_latency=0.6567 ms avg throuhgput (requests/sec) = 88.7950 res=true
