Uniform: 46179 604430 772296 211142 966369 
Exponential: -2147483648 -2147483648 -2147483648 -2147483648 -2147483648 
Truncated Normal: 285741 401651 682810 185121 849749 
*==== INFO ====* req_id_count= 500 stream_id=1996 latency=0.586957 ms (tx_ts=160809512300545, rx_ts=160809512887502) request_id=7909 zil_blk_id=1996 ccf_commit_seqno=7909 nstreams_done_=500 config.nstreams=20000 avg_latency=0.6546 ms avg throuhgput (requests/sec) = 90.8520 res=false
*==== INFO ====* req_id_count= 1000 stream_id=3996 latency=0.524802 ms (tx_ts=160815048409604, rx_ts=160815048934406) request_id=15915 zil_blk_id=3996 ccf_commit_seqno=15915 nstreams_done_=1000 config.nstreams=20000 avg_latency=0.6656 ms avg throuhgput (requests/sec) = 90.5838 res=false
*==== INFO ====* req_id_count= 1500 stream_id=5996 latency=0.551872 ms (tx_ts=160820583310124, rx_ts=160820583861996) request_id=23934 zil_blk_id=5996 ccf_commit_seqno=23934 nstreams_done_=1500 config.nstreams=20000 avg_latency=0.6686 ms avg throuhgput (requests/sec) = 90.5009 res=false
*==== INFO ====* req_id_count= 2000 stream_id=7996 latency=0.610802 ms (tx_ts=160826108816243, rx_ts=160826109427045) request_id=31913 zil_blk_id=7996 ccf_commit_seqno=31913 nstreams_done_=2000 config.nstreams=20000 avg_latency=0.6666 ms avg throuhgput (requests/sec) = 90.4978 res=false
*==== INFO ====* req_id_count= 2500 stream_id=9996 latency=0.645848 ms (tx_ts=160831628486244, rx_ts=160831629132092) request_id=39899 zil_blk_id=9996 ccf_commit_seqno=39899 nstreams_done_=2500 config.nstreams=20000 avg_latency=0.6637 ms avg throuhgput (requests/sec) = 90.5151 res=false
*==== INFO ====* req_id_count= 3000 stream_id=11996 latency=0.572030 ms (tx_ts=160837157465045, rx_ts=160837158037075) request_id=47914 zil_blk_id=11996 ccf_commit_seqno=47914 nstreams_done_=3000 config.nstreams=20000 avg_latency=0.6661 ms avg throuhgput (requests/sec) = 90.5016 res=false
*==== INFO ====* req_id_count= 3500 stream_id=13996 latency=0.536132 ms (tx_ts=160842686501682, rx_ts=160842687037814) request_id=55928 zil_blk_id=13996 ccf_commit_seqno=55928 nstreams_done_=3500 config.nstreams=20000 avg_latency=0.6664 ms avg throuhgput (requests/sec) = 90.4916 res=false
*==== INFO ====* req_id_count= 4000 stream_id=15996 latency=0.542014 ms (tx_ts=160848193259312, rx_ts=160848193801326) request_id=63920 zil_blk_id=15996 ccf_commit_seqno=63920 nstreams_done_=4000 config.nstreams=20000 avg_latency=0.6619 ms avg throuhgput (requests/sec) = 90.5298 res=false
*==== INFO ====* req_id_count= 4500 stream_id=17996 latency=0.647130 ms (tx_ts=160853697008856, rx_ts=160853697655986) request_id=71914 zil_blk_id=17996 ccf_commit_seqno=71914 nstreams_done_=4500 config.nstreams=20000 avg_latency=0.6578 ms avg throuhgput (requests/sec) = 90.5647 res=false
*==== INFO ====* req_id_count= 5000 stream_id=19996 latency=0.663581 ms (tx_ts=160859222474062, rx_ts=160859223137643) request_id=79934 zil_blk_id=19996 ccf_commit_seqno=79934 nstreams_done_=5000 config.nstreams=20000 avg_latency=0.6583 ms avg throuhgput (requests/sec) = 90.5572 res=false
*==== INFO ====* req_id_count= 5500 stream_id=21996 latency=0.568152 ms (tx_ts=160864743084140, rx_ts=160864743652292) request_id=87947 zil_blk_id=21996 ccf_commit_seqno=87947 nstreams_done_=5500 config.nstreams=20000 avg_latency=0.6581 ms avg throuhgput (requests/sec) = 90.5585 res=false
*==== INFO ====* req_id_count= 6000 stream_id=23996 latency=0.734855 ms (tx_ts=160870254733959, rx_ts=160870255468814) request_id=95964 zil_blk_id=23996 ccf_commit_seqno=95964 nstreams_done_=6000 config.nstreams=20000 avg_latency=0.6571 ms avg throuhgput (requests/sec) = 90.5715 res=false
*==== INFO ====* req_id_count= 6500 stream_id=25996 latency=0.600834 ms (tx_ts=160875753266183, rx_ts=160875753867017) request_id=103990 zil_blk_id=25996 ccf_commit_seqno=103990 nstreams_done_=6500 config.nstreams=20000 avg_latency=0.6541 ms avg throuhgput (requests/sec) = 90.5994 res=false
*==== INFO ====* req_id_count= 7000 stream_id=27996 latency=0.581087 ms (tx_ts=160881286224198, rx_ts=160881286805285) request_id=112039 zil_blk_id=27996 ccf_commit_seqno=112039 nstreams_done_=7000 config.nstreams=20000 avg_latency=0.6549 ms avg throuhgput (requests/sec) = 90.5828 res=false
*==== INFO ====* req_id_count= 7500 stream_id=29996 latency=0.589271 ms (tx_ts=160886807999325, rx_ts=160886808588596) request_id=120077 zil_blk_id=29996 ccf_commit_seqno=120077 nstreams_done_=7500 config.nstreams=20000 avg_latency=0.6545 ms avg throuhgput (requests/sec) = 90.5806 res=false
*==== INFO ====* req_id_count= 8000 stream_id=31996 latency=0.569123 ms (tx_ts=160892310201288, rx_ts=160892310770411) request_id=128091 zil_blk_id=31996 ccf_commit_seqno=128091 nstreams_done_=8000 config.nstreams=20000 avg_latency=0.6529 ms avg throuhgput (requests/sec) = 90.5989 res=false
*==== INFO ====* req_id_count= 8500 stream_id=33996 latency=0.552964 ms (tx_ts=160897823754770, rx_ts=160897824307734) request_id=136122 zil_blk_id=33996 ccf_commit_seqno=136122 nstreams_done_=8500 config.nstreams=20000 avg_latency=0.6516 ms avg throuhgput (requests/sec) = 90.6040 res=false
*==== INFO ====* req_id_count= 9000 stream_id=35996 latency=0.580556 ms (tx_ts=160903336561926, rx_ts=160903337142482) request_id=144153 zil_blk_id=35996 ccf_commit_seqno=144153 nstreams_done_=9000 config.nstreams=20000 avg_latency=0.6508 ms avg throuhgput (requests/sec) = 90.6092 res=false
*==== INFO ====* req_id_count= 9500 stream_id=37996 latency=0.570457 ms (tx_ts=160908859992631, rx_ts=160908860563088) request_id=152196 zil_blk_id=37996 ccf_commit_seqno=152196 nstreams_done_=9500 config.nstreams=20000 avg_latency=0.6515 ms avg throuhgput (requests/sec) = 90.6047 res=false
*==== INFO ====* req_id_count= 10000 stream_id=39996 latency=0.699418 ms (tx_ts=160914373431611, rx_ts=160914374131029) request_id=160212 zil_blk_id=39996 ccf_commit_seqno=160212 nstreams_done_=10000 config.nstreams=20000 avg_latency=0.6508 ms avg throuhgput (requests/sec) = 90.6087 res=false
*==== INFO ====* req_id_count= 10500 stream_id=41996 latency=0.569105 ms (tx_ts=160919899970404, rx_ts=160919900539509) request_id=168258 zil_blk_id=41996 ccf_commit_seqno=168258 nstreams_done_=10500 config.nstreams=20000 avg_latency=0.6510 ms avg throuhgput (requests/sec) = 90.6023 res=false
*==== INFO ====* req_id_count= 11000 stream_id=43996 latency=0.816427 ms (tx_ts=160925416329114, rx_ts=160925417145541) request_id=176285 zil_blk_id=43996 ccf_commit_seqno=176287 nstreams_done_=11000 config.nstreams=20000 avg_latency=0.6503 ms avg throuhgput (requests/sec) = 90.6038 res=false
*==== INFO ====* req_id_count= 11500 stream_id=45996 latency=0.542945 ms (tx_ts=160930928915627, rx_ts=160930929458572) request_id=184307 zil_blk_id=45996 ccf_commit_seqno=184307 nstreams_done_=11500 config.nstreams=20000 avg_latency=0.6499 ms avg throuhgput (requests/sec) = 90.6082 res=false
*==== INFO ====* req_id_count= 12000 stream_id=47996 latency=0.547915 ms (tx_ts=160936453647116, rx_ts=160936454195031) request_id=192328 zil_blk_id=47996 ccf_commit_seqno=192328 nstreams_done_=12000 config.nstreams=20000 avg_latency=0.6504 ms avg throuhgput (requests/sec) = 90.6038 res=false
*==== INFO ====* req_id_count= 12500 stream_id=49996 latency=0.566219 ms (tx_ts=160941962571965, rx_ts=160941963138184) request_id=200338 zil_blk_id=49996 ccf_commit_seqno=200338 nstreams_done_=12500 config.nstreams=20000 avg_latency=0.6499 ms avg throuhgput (requests/sec) = 90.6101 res=false
*==== INFO ====* req_id_count= 13000 stream_id=51996 latency=0.572000 ms (tx_ts=160947492401470, rx_ts=160947492973470) request_id=208385 zil_blk_id=51996 ccf_commit_seqno=208385 nstreams_done_=13000 config.nstreams=20000 avg_latency=0.6511 ms avg throuhgput (requests/sec) = 90.6027 res=false
*==== INFO ====* req_id_count= 13500 stream_id=53996 latency=0.558414 ms (tx_ts=160953012918261, rx_ts=160953013476675) request_id=216410 zil_blk_id=53996 ccf_commit_seqno=216410 nstreams_done_=13500 config.nstreams=20000 avg_latency=0.6511 ms avg throuhgput (requests/sec) = 90.6016 res=false
*==== INFO ====* req_id_count= 14000 stream_id=55996 latency=0.578743 ms (tx_ts=160958532019737, rx_ts=160958532598480) request_id=224458 zil_blk_id=55996 ccf_commit_seqno=224458 nstreams_done_=14000 config.nstreams=20000 avg_latency=0.6508 ms avg throuhgput (requests/sec) = 90.6013 res=false
*==== INFO ====* req_id_count= 14500 stream_id=57996 latency=0.569866 ms (tx_ts=160964052065513, rx_ts=160964052635379) request_id=232490 zil_blk_id=57996 ccf_commit_seqno=232490 nstreams_done_=14500 config.nstreams=20000 avg_latency=0.6507 ms avg throuhgput (requests/sec) = 90.6005 res=false
*==== INFO ====* req_id_count= 15000 stream_id=59996 latency=0.655586 ms (tx_ts=160969573442358, rx_ts=160969574097944) request_id=240520 zil_blk_id=59996 ccf_commit_seqno=240520 nstreams_done_=15000 config.nstreams=20000 avg_latency=0.6509 ms avg throuhgput (requests/sec) = 90.5990 res=false
*==== INFO ====* req_id_count= 15500 stream_id=61996 latency=0.586196 ms (tx_ts=160975093609297, rx_ts=160975094195493) request_id=248567 zil_blk_id=61996 ccf_commit_seqno=248567 nstreams_done_=15500 config.nstreams=20000 avg_latency=0.6509 ms avg throuhgput (requests/sec) = 90.5984 res=false
*==== INFO ====* req_id_count= 16000 stream_id=63996 latency=0.636300 ms (tx_ts=160980612095680, rx_ts=160980612731980) request_id=256605 zil_blk_id=63996 ccf_commit_seqno=256605 nstreams_done_=16000 config.nstreams=20000 avg_latency=0.6508 ms avg throuhgput (requests/sec) = 90.5985 res=false
*==== INFO ====* req_id_count= 16500 stream_id=65996 latency=0.585535 ms (tx_ts=160986138207214, rx_ts=160986138792749) request_id=264650 zil_blk_id=65996 ccf_commit_seqno=264650 nstreams_done_=16500 config.nstreams=20000 avg_latency=0.6513 ms avg throuhgput (requests/sec) = 90.5949 res=false
*==== INFO ====* req_id_count= 17000 stream_id=67996 latency=0.561069 ms (tx_ts=160991637910527, rx_ts=160991638471596) request_id=272666 zil_blk_id=67996 ccf_commit_seqno=272666 nstreams_done_=17000 config.nstreams=20000 avg_latency=0.6503 ms avg throuhgput (requests/sec) = 90.6043 res=false
*==== INFO ====* req_id_count= 17500 stream_id=69996 latency=0.603037 ms (tx_ts=160997156723094, rx_ts=160997157326131) request_id=280715 zil_blk_id=69996 ccf_commit_seqno=280715 nstreams_done_=17500 config.nstreams=20000 avg_latency=0.6503 ms avg throuhgput (requests/sec) = 90.6041 res=false
*==== INFO ====* req_id_count= 18000 stream_id=71996 latency=0.523839 ms (tx_ts=161002677331403, rx_ts=161002677855242) request_id=288762 zil_blk_id=71996 ccf_commit_seqno=288762 nstreams_done_=18000 config.nstreams=20000 avg_latency=0.6506 ms avg throuhgput (requests/sec) = 90.6032 res=false
*==== INFO ====* req_id_count= 18500 stream_id=73996 latency=0.577280 ms (tx_ts=161008196300084, rx_ts=161008196877364) request_id=296799 zil_blk_id=73996 ccf_commit_seqno=296799 nstreams_done_=18500 config.nstreams=20000 avg_latency=0.6506 ms avg throuhgput (requests/sec) = 90.6030 res=false
*==== INFO ====* req_id_count= 19000 stream_id=75996 latency=0.544999 ms (tx_ts=161013711227034, rx_ts=161013711772033) request_id=304803 zil_blk_id=75996 ccf_commit_seqno=304803 nstreams_done_=19000 config.nstreams=20000 avg_latency=0.6503 ms avg throuhgput (requests/sec) = 90.6046 res=false
*==== INFO ====* req_id_count= 19500 stream_id=77996 latency=0.668841 ms (tx_ts=161019230632429, rx_ts=161019231301270) request_id=312848 zil_blk_id=77996 ccf_commit_seqno=312848 nstreams_done_=19500 config.nstreams=20000 avg_latency=0.6502 ms avg throuhgput (requests/sec) = 90.6042 res=false
*==== INFO ====* http_end_stream ALL streams done! nstreams_done_=20000 avg_latency=0.6504 msreq_id_count= 20000
*==== INFO ====* req_id_count= 20000 stream_id=79996 latency=0.626301 ms (tx_ts=161024762752749, rx_ts=161024763379050) request_id=319537 zil_blk_id=79996 ccf_commit_seqno=319537 nstreams_done_=20000 config.nstreams=20000 avg_latency=0.6504 ms avg throuhgput (requests/sec) = 90.5986 res=true
