Uniform: 132046 878961 39888 199694 731631 
Exponential: -2147483648 -2147483648 -2147483648 -2147483648 -2147483648 
Truncated Normal: 265395 472054 404824 683555 347214 
*==== INFO ====* req_id_count= 500 stream_id=1996 latency=1.804454 ms (tx_ts=160809788772292, rx_ts=160809790576746) request_id=8303 zil_blk_id=1996 ccf_commit_seqno=8303 nstreams_done_=500 config.nstreams=20000 avg_latency=0.6365 ms avg throuhgput (requests/sec) = 86.4656 res=false
*==== INFO ====* req_id_count= 1000 stream_id=3996 latency=0.676595 ms (tx_ts=160815323689240, rx_ts=160815324365835) request_id=16303 zil_blk_id=3996 ccf_commit_seqno=16303 nstreams_done_=1000 config.nstreams=20000 avg_latency=0.6551 ms avg throuhgput (requests/sec) = 88.3671 res=false
*==== INFO ====* req_id_count= 1500 stream_id=5996 latency=3.233697 ms (tx_ts=160820836321428, rx_ts=160820839555125) request_id=24301 zil_blk_id=5996 ccf_commit_seqno=24302 nstreams_done_=1500 config.nstreams=20000 avg_latency=0.6526 ms avg throuhgput (requests/sec) = 89.1180 res=false
*==== INFO ====* req_id_count= 2000 stream_id=7996 latency=0.592237 ms (tx_ts=160826367317042, rx_ts=160826367909279) request_id=32281 zil_blk_id=7996 ccf_commit_seqno=32281 nstreams_done_=2000 config.nstreams=20000 avg_latency=0.6566 ms avg throuhgput (requests/sec) = 89.4455 res=false
*==== INFO ====* req_id_count= 2500 stream_id=9996 latency=0.619669 ms (tx_ts=160831893019074, rx_ts=160831893638743) request_id=40279 zil_blk_id=9996 ccf_commit_seqno=40279 nstreams_done_=2500 config.nstreams=20000 avg_latency=0.6575 ms avg throuhgput (requests/sec) = 89.6517 res=false
*==== INFO ====* req_id_count= 3000 stream_id=11996 latency=0.666166 ms (tx_ts=160837411158313, rx_ts=160837411824479) request_id=48276 zil_blk_id=11996 ccf_commit_seqno=48277 nstreams_done_=3000 config.nstreams=20000 avg_latency=0.6554 ms avg throuhgput (requests/sec) = 89.8099 res=false
*==== INFO ====* req_id_count= 3500 stream_id=13996 latency=0.709547 ms (tx_ts=160842920347015, rx_ts=160842921056562) request_id=56263 zil_blk_id=13996 ccf_commit_seqno=56265 nstreams_done_=3500 config.nstreams=20000 avg_latency=0.6527 ms avg throuhgput (requests/sec) = 89.9439 res=false
*==== INFO ====* req_id_count= 4000 stream_id=15996 latency=0.558946 ms (tx_ts=160848415308791, rx_ts=160848415867737) request_id=64240 zil_blk_id=15996 ccf_commit_seqno=64240 nstreams_done_=4000 config.nstreams=20000 avg_latency=0.6454 ms avg throuhgput (requests/sec) = 90.0740 res=false
*==== INFO ====* req_id_count= 4500 stream_id=17996 latency=0.534490 ms (tx_ts=160853914774927, rx_ts=160853915309417) request_id=72223 zil_blk_id=17996 ccf_commit_seqno=72223 nstreams_done_=4500 config.nstreams=20000 avg_latency=0.6414 ms avg throuhgput (requests/sec) = 90.1670 res=false
*==== INFO ====* req_id_count= 5000 stream_id=19996 latency=0.612737 ms (tx_ts=160859421288785, rx_ts=160859421901522) request_id=80219 zil_blk_id=19996 ccf_commit_seqno=80219 nstreams_done_=5000 config.nstreams=20000 avg_latency=0.6408 ms avg throuhgput (requests/sec) = 90.2300 res=false
*==== INFO ====* req_id_count= 5500 stream_id=21996 latency=0.527737 ms (tx_ts=160864906808143, rx_ts=160864907335880) request_id=88183 zil_blk_id=21996 ccf_commit_seqno=88183 nstreams_done_=5500 config.nstreams=20000 avg_latency=0.6360 ms avg throuhgput (requests/sec) = 90.3129 res=false
*==== INFO ====* req_id_count= 6000 stream_id=23996 latency=0.603318 ms (tx_ts=160870420604673, rx_ts=160870421207991) request_id=96205 zil_blk_id=23996 ccf_commit_seqno=96206 nstreams_done_=6000 config.nstreams=20000 avg_latency=0.6370 ms avg throuhgput (requests/sec) = 90.3434 res=false
*==== INFO ====* req_id_count= 6500 stream_id=25996 latency=0.660135 ms (tx_ts=160875917738459, rx_ts=160875918398594) request_id=104227 zil_blk_id=25996 ccf_commit_seqno=104227 nstreams_done_=6500 config.nstreams=20000 avg_latency=0.6353 ms avg throuhgput (requests/sec) = 90.3902 res=false
*==== INFO ====* req_id_count= 7000 stream_id=27996 latency=0.592793 ms (tx_ts=160881429599762, rx_ts=160881430192555) request_id=112251 zil_blk_id=27996 ccf_commit_seqno=112251 nstreams_done_=7000 config.nstreams=20000 avg_latency=0.6356 ms avg throuhgput (requests/sec) = 90.4133 res=false
*==== INFO ====* req_id_count= 7500 stream_id=29996 latency=0.583908 ms (tx_ts=160886941316092, rx_ts=160886941900000) request_id=120268 zil_blk_id=29996 ccf_commit_seqno=120268 nstreams_done_=7500 config.nstreams=20000 avg_latency=0.6351 ms avg throuhgput (requests/sec) = 90.4334 res=false
*==== INFO ====* req_id_count= 8000 stream_id=31996 latency=0.653742 ms (tx_ts=160892441370790, rx_ts=160892442024532) request_id=128280 zil_blk_id=31996 ccf_commit_seqno=128280 nstreams_done_=8000 config.nstreams=20000 avg_latency=0.6341 ms avg throuhgput (requests/sec) = 90.4628 res=false
*==== INFO ====* req_id_count= 8500 stream_id=33996 latency=0.506287 ms (tx_ts=160897935488058, rx_ts=160897935994345) request_id=136286 zil_blk_id=33996 ccf_commit_seqno=136286 nstreams_done_=8500 config.nstreams=20000 avg_latency=0.6327 ms avg throuhgput (requests/sec) = 90.4948 res=false
*==== INFO ====* req_id_count= 9000 stream_id=35996 latency=0.499624 ms (tx_ts=160903456467792, rx_ts=160903456967416) request_id=144326 zil_blk_id=35996 ccf_commit_seqno=144326 nstreams_done_=9000 config.nstreams=20000 avg_latency=0.6332 ms avg throuhgput (requests/sec) = 90.4986 res=false
*==== INFO ====* req_id_count= 9500 stream_id=37996 latency=0.547504 ms (tx_ts=160908957023442, rx_ts=160908957570946) request_id=152330 zil_blk_id=37996 ccf_commit_seqno=152330 nstreams_done_=9500 config.nstreams=20000 avg_latency=0.6327 ms avg throuhgput (requests/sec) = 90.5196 res=false
*==== INFO ====* req_id_count= 10000 stream_id=39996 latency=0.513220 ms (tx_ts=160914486768457, rx_ts=160914487281677) request_id=160379 zil_blk_id=39996 ccf_commit_seqno=160379 nstreams_done_=10000 config.nstreams=20000 avg_latency=0.6336 ms avg throuhgput (requests/sec) = 90.5147 res=false
*==== INFO ====* req_id_count= 10500 stream_id=41996 latency=0.551551 ms (tx_ts=160920021960845, rx_ts=160920022512396) request_id=168434 zil_blk_id=41996 ccf_commit_seqno=168434 nstreams_done_=10500 config.nstreams=20000 avg_latency=0.6360 ms avg throuhgput (requests/sec) = 90.5059 res=false
*==== INFO ====* req_id_count= 11000 stream_id=43996 latency=0.652570 ms (tx_ts=160925538507224, rx_ts=160925539159794) request_id=176463 zil_blk_id=43996 ccf_commit_seqno=176463 nstreams_done_=11000 config.nstreams=20000 avg_latency=0.6360 ms avg throuhgput (requests/sec) = 90.5117 res=false
*==== INFO ====* req_id_count= 11500 stream_id=45996 latency=0.602647 ms (tx_ts=160931061374062, rx_ts=160931061976709) request_id=184500 zil_blk_id=45996 ccf_commit_seqno=184501 nstreams_done_=11500 config.nstreams=20000 avg_latency=0.6362 ms avg throuhgput (requests/sec) = 90.5127 res=false
*==== INFO ====* req_id_count= 12000 stream_id=47996 latency=4.038332 ms (tx_ts=160936574543610, rx_ts=160936578581942) request_id=192507 zil_blk_id=47996 ccf_commit_seqno=192511 nstreams_done_=12000 config.nstreams=20000 avg_latency=0.6369 ms avg throuhgput (requests/sec) = 90.5178 res=false
*==== INFO ====* req_id_count= 12500 stream_id=49996 latency=0.553826 ms (tx_ts=160942102676899, rx_ts=160942103230725) request_id=200541 zil_blk_id=49996 ccf_commit_seqno=200541 nstreams_done_=12500 config.nstreams=20000 avg_latency=0.6370 ms avg throuhgput (requests/sec) = 90.5172 res=false
*==== INFO ====* req_id_count= 13000 stream_id=51996 latency=0.550960 ms (tx_ts=160947621417736, rx_ts=160947621968696) request_id=208573 zil_blk_id=51996 ccf_commit_seqno=208573 nstreams_done_=13000 config.nstreams=20000 avg_latency=0.6373 ms avg throuhgput (requests/sec) = 90.5204 res=false
*==== INFO ====* req_id_count= 13500 stream_id=53996 latency=0.559878 ms (tx_ts=160953144605143, rx_ts=160953145165021) request_id=216604 zil_blk_id=53996 ccf_commit_seqno=216604 nstreams_done_=13500 config.nstreams=20000 avg_latency=0.6378 ms avg throuhgput (requests/sec) = 90.5207 res=false
*==== INFO ====* req_id_count= 14000 stream_id=55996 latency=0.580045 ms (tx_ts=160958656323421, rx_ts=160958656903466) request_id=224636 zil_blk_id=55996 ccf_commit_seqno=224636 nstreams_done_=14000 config.nstreams=20000 avg_latency=0.6374 ms avg throuhgput (requests/sec) = 90.5276 res=false
*==== INFO ====* req_id_count= 14500 stream_id=57996 latency=0.658120 ms (tx_ts=160964186111607, rx_ts=160964186769727) request_id=232683 zil_blk_id=57996 ccf_commit_seqno=232683 nstreams_done_=14500 config.nstreams=20000 avg_latency=0.6383 ms avg throuhgput (requests/sec) = 90.5238 res=false
*==== INFO ====* req_id_count= 15000 stream_id=59996 latency=0.556440 ms (tx_ts=160969706196916, rx_ts=160969706753356) request_id=240716 zil_blk_id=59996 ccf_commit_seqno=240716 nstreams_done_=15000 config.nstreams=20000 avg_latency=0.6390 ms avg throuhgput (requests/sec) = 90.5257 res=false
*==== INFO ====* req_id_count= 15500 stream_id=61996 latency=0.618928 ms (tx_ts=160975225809663, rx_ts=160975226428591) request_id=248761 zil_blk_id=61996 ccf_commit_seqno=248761 nstreams_done_=15500 config.nstreams=20000 avg_latency=0.6393 ms avg throuhgput (requests/sec) = 90.5276 res=false
*==== INFO ====* req_id_count= 16000 stream_id=63996 latency=0.572951 ms (tx_ts=160980744546465, rx_ts=160980745119416) request_id=256797 zil_blk_id=63996 ccf_commit_seqno=256798 nstreams_done_=16000 config.nstreams=20000 avg_latency=0.6395 ms avg throuhgput (requests/sec) = 90.5299 res=false
*==== INFO ====* req_id_count= 16500 stream_id=65996 latency=0.577420 ms (tx_ts=160986248668867, rx_ts=160986249246287) request_id=264808 zil_blk_id=65996 ccf_commit_seqno=264808 nstreams_done_=16500 config.nstreams=20000 avg_latency=0.6391 ms avg throuhgput (requests/sec) = 90.5393 res=false
*==== INFO ====* req_id_count= 17000 stream_id=67996 latency=0.513420 ms (tx_ts=160991755943806, rx_ts=160991756457226) request_id=272839 zil_blk_id=67996 ccf_commit_seqno=272839 nstreams_done_=17000 config.nstreams=20000 avg_latency=0.6385 ms avg throuhgput (requests/sec) = 90.5466 res=false
*==== INFO ====* req_id_count= 17500 stream_id=69996 latency=0.568193 ms (tx_ts=160997266428795, rx_ts=160997266996988) request_id=280875 zil_blk_id=69996 ccf_commit_seqno=280875 nstreams_done_=17500 config.nstreams=20000 avg_latency=0.6382 ms avg throuhgput (requests/sec) = 90.5520 res=false
*==== INFO ====* req_id_count= 18000 stream_id=71996 latency=0.485618 ms (tx_ts=161002774107411, rx_ts=161002774593029) request_id=288901 zil_blk_id=71996 ccf_commit_seqno=288901 nstreams_done_=18000 config.nstreams=20000 avg_latency=0.6377 ms avg throuhgput (requests/sec) = 90.5584 res=false
*==== INFO ====* req_id_count= 18500 stream_id=73996 latency=0.536793 ms (tx_ts=161008276190583, rx_ts=161008276727376) request_id=296913 zil_blk_id=73996 ccf_commit_seqno=296913 nstreams_done_=18500 config.nstreams=20000 avg_latency=0.6371 ms avg throuhgput (requests/sec) = 90.5669 res=false
*==== INFO ====* req_id_count= 19000 stream_id=75996 latency=0.591326 ms (tx_ts=161013789739526, rx_ts=161013790330852) request_id=304916 zil_blk_id=75996 ccf_commit_seqno=304916 nstreams_done_=19000 config.nstreams=20000 avg_latency=0.6372 ms avg throuhgput (requests/sec) = 90.5700 res=false
*==== INFO ====* req_id_count= 19500 stream_id=77996 latency=0.598298 ms (tx_ts=161019285485395, rx_ts=161019286083693) request_id=312927 zil_blk_id=77996 ccf_commit_seqno=312928 nstreams_done_=19500 config.nstreams=20000 avg_latency=0.6363 ms avg throuhgput (requests/sec) = 90.5805 res=false
*==== INFO ====* http_end_stream ALL streams done! nstreams_done_=20000 avg_latency=0.6366 msreq_id_count= 20000
*==== INFO ====* req_id_count= 20000 stream_id=79996 latency=0.636110 ms (tx_ts=161024810524293, rx_ts=161024811160403) request_id=319560 zil_blk_id=79996 ccf_commit_seqno=319560 nstreams_done_=20000 config.nstreams=20000 avg_latency=0.6366 ms avg throuhgput (requests/sec) = 90.5784 res=true
