Uniform: 173864 807800 65835 790894 64758 
Exponential: -2147483648 -2147483648 -2147483648 -2147483648 -2147483648 
Truncated Normal: 252888 348785 278649 362946 467165 
*==== INFO ====* req_id_count= 500 stream_id=1996 latency=0.594001 ms (tx_ts=160809601735815, rx_ts=160809602329816) request_id=8039 zil_blk_id=1996 ccf_commit_seqno=8039 nstreams_done_=500 config.nstreams=20000 avg_latency=0.6388 ms avg throuhgput (requests/sec) = 89.3643 res=false
*==== INFO ====* req_id_count= 1000 stream_id=3996 latency=0.707874 ms (tx_ts=160815135671865, rx_ts=160815136379739) request_id=16035 zil_blk_id=3996 ccf_commit_seqno=16036 nstreams_done_=1000 config.nstreams=20000 avg_latency=0.6451 ms avg throuhgput (requests/sec) = 89.8543 res=false
*==== INFO ====* req_id_count= 1500 stream_id=5996 latency=0.617004 ms (tx_ts=160820671172567, rx_ts=160820671789571) request_id=24059 zil_blk_id=5996 ccf_commit_seqno=24059 nstreams_done_=1500 config.nstreams=20000 avg_latency=0.6510 ms avg throuhgput (requests/sec) = 90.0115 res=false
*==== INFO ====* req_id_count= 2000 stream_id=7996 latency=0.691323 ms (tx_ts=160826213652355, rx_ts=160826214343678) request_id=32059 zil_blk_id=7996 ccf_commit_seqno=32059 nstreams_done_=2000 config.nstreams=20000 avg_latency=0.6483 ms avg throuhgput (requests/sec) = 90.0613 res=false
*==== INFO ====* req_id_count= 2500 stream_id=9996 latency=0.580806 ms (tx_ts=160831750162354, rx_ts=160831750743160) request_id=40074 zil_blk_id=9996 ccf_commit_seqno=40075 nstreams_done_=2500 config.nstreams=20000 avg_latency=0.6496 ms avg throuhgput (requests/sec) = 90.1112 res=false
*==== INFO ====* req_id_count= 3000 stream_id=11996 latency=0.556100 ms (tx_ts=160837296708095, rx_ts=160837297264195) request_id=48113 zil_blk_id=11996 ccf_commit_seqno=48113 nstreams_done_=3000 config.nstreams=20000 avg_latency=0.6484 ms avg throuhgput (requests/sec) = 90.1171 res=false
*==== INFO ====* req_id_count= 3500 stream_id=13996 latency=0.557923 ms (tx_ts=160842821555042, rx_ts=160842822112965) request_id=56116 zil_blk_id=13996 ccf_commit_seqno=56116 nstreams_done_=3500 config.nstreams=20000 avg_latency=0.6429 ms avg throuhgput (requests/sec) = 90.1716 res=false
*==== INFO ====* req_id_count= 4000 stream_id=15996 latency=0.628295 ms (tx_ts=160848338671438, rx_ts=160848339299733) request_id=64129 zil_blk_id=15996 ccf_commit_seqno=64129 nstreams_done_=4000 config.nstreams=20000 avg_latency=0.6417 ms avg throuhgput (requests/sec) = 90.2282 res=false
*==== INFO ====* req_id_count= 4500 stream_id=17996 latency=0.516616 ms (tx_ts=160853874402759, rx_ts=160853874919375) request_id=72166 zil_blk_id=17996 ccf_commit_seqno=72166 nstreams_done_=4500 config.nstreams=20000 avg_latency=0.6432 ms avg throuhgput (requests/sec) = 90.2388 res=false
*==== INFO ====* req_id_count= 5000 stream_id=19996 latency=0.511577 ms (tx_ts=160859379025783, rx_ts=160859379537360) request_id=80160 zil_blk_id=19996 ccf_commit_seqno=80160 nstreams_done_=5000 config.nstreams=20000 avg_latency=0.6401 ms avg throuhgput (requests/sec) = 90.2979 res=false
*==== INFO ====* req_id_count= 5500 stream_id=21996 latency=0.648974 ms (tx_ts=160864916495268, rx_ts=160864917144242) request_id=88195 zil_blk_id=21996 ccf_commit_seqno=88195 nstreams_done_=5500 config.nstreams=20000 avg_latency=0.6402 ms avg throuhgput (requests/sec) = 90.2973 res=false
*==== INFO ====* req_id_count= 6000 stream_id=23996 latency=0.595223 ms (tx_ts=160870454448001, rx_ts=160870455043224) request_id=96258 zil_blk_id=23996 ccf_commit_seqno=96258 nstreams_done_=6000 config.nstreams=20000 avg_latency=0.6403 ms avg throuhgput (requests/sec) = 90.2965 res=false
*==== INFO ====* req_id_count= 6500 stream_id=25996 latency=0.535331 ms (tx_ts=160875974392449, rx_ts=160875974927780) request_id=104311 zil_blk_id=25996 ccf_commit_seqno=104311 nstreams_done_=6500 config.nstreams=20000 avg_latency=0.6408 ms avg throuhgput (requests/sec) = 90.3183 res=false
*==== INFO ====* req_id_count= 7000 stream_id=27996 latency=0.558895 ms (tx_ts=160881504799735, rx_ts=160881505358630) request_id=112354 zil_blk_id=27996 ccf_commit_seqno=112354 nstreams_done_=7000 config.nstreams=20000 avg_latency=0.6430 ms avg throuhgput (requests/sec) = 90.3248 res=false
*==== INFO ====* req_id_count= 7500 stream_id=29996 latency=0.631050 ms (tx_ts=160887040089979, rx_ts=160887040721029) request_id=120412 zil_blk_id=29996 ccf_commit_seqno=120412 nstreams_done_=7500 config.nstreams=20000 avg_latency=0.6442 ms avg throuhgput (requests/sec) = 90.3250 res=false
*==== INFO ====* req_id_count= 8000 stream_id=31996 latency=0.575145 ms (tx_ts=160892564725052, rx_ts=160892565300197) request_id=128460 zil_blk_id=31996 ccf_commit_seqno=128460 nstreams_done_=8000 config.nstreams=20000 avg_latency=0.6422 ms avg throuhgput (requests/sec) = 90.3362 res=false
*==== INFO ====* req_id_count= 8500 stream_id=33996 latency=0.542815 ms (tx_ts=160898099248311, rx_ts=160898099791126) request_id=136524 zil_blk_id=33996 ccf_commit_seqno=136524 nstreams_done_=8500 config.nstreams=20000 avg_latency=0.6430 ms avg throuhgput (requests/sec) = 90.3366 res=false
*==== INFO ====* req_id_count= 9000 stream_id=35996 latency=0.513069 ms (tx_ts=160903621090980, rx_ts=160903621604049) request_id=144569 zil_blk_id=35996 ccf_commit_seqno=144569 nstreams_done_=9000 config.nstreams=20000 avg_latency=0.6423 ms avg throuhgput (requests/sec) = 90.3484 res=false
*==== INFO ====* req_id_count= 9500 stream_id=37996 latency=0.589262 ms (tx_ts=160909163145532, rx_ts=160909163734794) request_id=152632 zil_blk_id=37996 ccf_commit_seqno=152632 nstreams_done_=9500 config.nstreams=20000 avg_latency=0.6426 ms avg throuhgput (requests/sec) = 90.3416 res=false
*==== INFO ====* req_id_count= 10000 stream_id=39996 latency=0.685162 ms (tx_ts=160914692219400, rx_ts=160914692904562) request_id=160675 zil_blk_id=39996 ccf_commit_seqno=160677 nstreams_done_=10000 config.nstreams=20000 avg_latency=0.6431 ms avg throuhgput (requests/sec) = 90.3459 res=false
*==== INFO ====* req_id_count= 10500 stream_id=41996 latency=0.573783 ms (tx_ts=160920217880195, rx_ts=160920218453978) request_id=168719 zil_blk_id=41996 ccf_commit_seqno=168719 nstreams_done_=10500 config.nstreams=20000 avg_latency=0.6436 ms avg throuhgput (requests/sec) = 90.3527 res=false
*==== INFO ====* req_id_count= 11000 stream_id=43996 latency=0.589693 ms (tx_ts=160925758777872, rx_ts=160925759367565) request_id=176782 zil_blk_id=43996 ccf_commit_seqno=176782 nstreams_done_=11000 config.nstreams=20000 avg_latency=0.6455 ms avg throuhgput (requests/sec) = 90.3475 res=false
*==== INFO ====* req_id_count= 11500 stream_id=45996 latency=0.624148 ms (tx_ts=160931308440565, rx_ts=160931309064713) request_id=184862 zil_blk_id=45996 ccf_commit_seqno=184862 nstreams_done_=11500 config.nstreams=20000 avg_latency=0.6456 ms avg throuhgput (requests/sec) = 90.3365 res=false
*==== INFO ====* req_id_count= 12000 stream_id=47996 latency=0.562182 ms (tx_ts=160936831936463, rx_ts=160936832498645) request_id=192876 zil_blk_id=47996 ccf_commit_seqno=192876 nstreams_done_=12000 config.nstreams=20000 avg_latency=0.6454 ms avg throuhgput (requests/sec) = 90.3443 res=false
*==== INFO ====* req_id_count= 12500 stream_id=49996 latency=0.567782 ms (tx_ts=160942361706347, rx_ts=160942362274129) request_id=200919 zil_blk_id=49996 ccf_commit_seqno=200919 nstreams_done_=12500 config.nstreams=20000 avg_latency=0.6462 ms avg throuhgput (requests/sec) = 90.3473 res=false
*==== INFO ====* req_id_count= 13000 stream_id=51996 latency=0.754902 ms (tx_ts=160947892584059, rx_ts=160947893338961) request_id=208967 zil_blk_id=51996 ccf_commit_seqno=208968 nstreams_done_=13000 config.nstreams=20000 avg_latency=0.6468 ms avg throuhgput (requests/sec) = 90.3492 res=false
*==== INFO ====* req_id_count= 13500 stream_id=53996 latency=0.562242 ms (tx_ts=160953444725095, rx_ts=160953445287337) request_id=217036 zil_blk_id=53996 ccf_commit_seqno=217036 nstreams_done_=13500 config.nstreams=20000 avg_latency=0.6483 ms avg throuhgput (requests/sec) = 90.3384 res=false
*==== INFO ====* req_id_count= 14000 stream_id=55996 latency=0.548335 ms (tx_ts=160958973841257, rx_ts=160958974389592) request_id=225101 zil_blk_id=55996 ccf_commit_seqno=225101 nstreams_done_=14000 config.nstreams=20000 avg_latency=0.6486 ms avg throuhgput (requests/sec) = 90.3417 res=false
*==== INFO ====* req_id_count= 14500 stream_id=57996 latency=0.631772 ms (tx_ts=160964514031524, rx_ts=160964514663296) request_id=233162 zil_blk_id=57996 ccf_commit_seqno=233162 nstreams_done_=14500 config.nstreams=20000 avg_latency=0.6499 ms avg throuhgput (requests/sec) = 90.3385 res=false
*==== INFO ====* req_id_count= 15000 stream_id=59996 latency=0.515053 ms (tx_ts=160970033641650, rx_ts=160970034156703) request_id=241195 zil_blk_id=59996 ccf_commit_seqno=241195 nstreams_done_=15000 config.nstreams=20000 avg_latency=0.6499 ms avg throuhgput (requests/sec) = 90.3468 res=false
*==== INFO ====* req_id_count= 15500 stream_id=61996 latency=0.525663 ms (tx_ts=160975557846869, rx_ts=160975558372532) request_id=249241 zil_blk_id=61996 ccf_commit_seqno=249241 nstreams_done_=15500 config.nstreams=20000 avg_latency=0.6494 ms avg throuhgput (requests/sec) = 90.3521 res=false
*==== INFO ====* req_id_count= 16000 stream_id=63996 latency=0.533097 ms (tx_ts=160981063403580, rx_ts=160981063936677) request_id=257260 zil_blk_id=63996 ccf_commit_seqno=257260 nstreams_done_=16000 config.nstreams=20000 avg_latency=0.6486 ms avg throuhgput (requests/sec) = 90.3665 res=false
*==== INFO ====* req_id_count= 16500 stream_id=65996 latency=0.676796 ms (tx_ts=160986589948558, rx_ts=160986590625354) request_id=265305 zil_blk_id=65996 ccf_commit_seqno=265306 nstreams_done_=16500 config.nstreams=20000 avg_latency=0.6490 ms avg throuhgput (requests/sec) = 90.3697 res=false
*==== INFO ====* req_id_count= 17000 stream_id=67996 latency=0.533818 ms (tx_ts=160992104926021, rx_ts=160992105459839) request_id=273348 zil_blk_id=67996 ccf_commit_seqno=273348 nstreams_done_=17000 config.nstreams=20000 avg_latency=0.6483 ms avg throuhgput (requests/sec) = 90.3783 res=false
*==== INFO ====* req_id_count= 17500 stream_id=69996 latency=0.529530 ms (tx_ts=160997623097174, rx_ts=160997623626704) request_id=281393 zil_blk_id=69996 ccf_commit_seqno=281393 nstreams_done_=17500 config.nstreams=20000 avg_latency=0.6477 ms avg throuhgput (requests/sec) = 90.3849 res=false
*==== INFO ====* req_id_count= 18000 stream_id=71996 latency=0.626642 ms (tx_ts=161003146781965, rx_ts=161003147408607) request_id=289442 zil_blk_id=71996 ccf_commit_seqno=289442 nstreams_done_=18000 config.nstreams=20000 avg_latency=0.6479 ms avg throuhgput (requests/sec) = 90.3886 res=false
*==== INFO ====* req_id_count= 18500 stream_id=73996 latency=0.531594 ms (tx_ts=161008659131184, rx_ts=161008659662778) request_id=297470 zil_blk_id=73996 ccf_commit_seqno=297470 nstreams_done_=18500 config.nstreams=20000 avg_latency=0.6473 ms avg throuhgput (requests/sec) = 90.3972 res=false
*==== INFO ====* req_id_count= 19000 stream_id=75996 latency=0.538056 ms (tx_ts=161014178444559, rx_ts=161014178982615) request_id=305483 zil_blk_id=75996 ccf_commit_seqno=305483 nstreams_done_=19000 config.nstreams=20000 avg_latency=0.6475 ms avg throuhgput (requests/sec) = 90.4023 res=false
*==== INFO ====* req_id_count= 19500 stream_id=77996 latency=1.607766 ms (tx_ts=161019690167278, rx_ts=161019691775044) request_id=313519 zil_blk_id=77996 ccf_commit_seqno=313521 nstreams_done_=19500 config.nstreams=20000 avg_latency=0.6470 ms avg throuhgput (requests/sec) = 90.4098 res=false
*==== INFO ====* http_end_stream ALL streams done! nstreams_done_=20000 avg_latency=0.6483 msreq_id_count= 20000
*==== INFO ====* req_id_count= 20000 stream_id=79996 latency=0.798894 ms (tx_ts=161025239671218, rx_ts=161025240470112) request_id=319682 zil_blk_id=79996 ccf_commit_seqno=319682 nstreams_done_=20000 config.nstreams=20000 avg_latency=0.6483 ms avg throuhgput (requests/sec) = 90.4023 res=true
