Uniform: 787805 446631 248838 452213 130959 
Exponential: -2147483648 -2147483648 -2147483648 -2147483648 -2147483648 
Truncated Normal: 460582 540943 708587 403505 574109 
*==== INFO ====* req_id_count= 500 stream_id=1996 latency=0.692445 ms (tx_ts=160809497119697, rx_ts=160809497812142) request_id=7892 zil_blk_id=1996 ccf_commit_seqno=7893 nstreams_done_=500 config.nstreams=20000 avg_latency=0.6174 ms avg throuhgput (requests/sec) = 91.0592 res=false
*==== INFO ====* req_id_count= 1000 stream_id=3996 latency=0.583672 ms (tx_ts=160815013171573, rx_ts=160815013755245) request_id=15856 zil_blk_id=3996 ccf_commit_seqno=15856 nstreams_done_=1000 config.nstreams=20000 avg_latency=0.6263 ms avg throuhgput (requests/sec) = 90.8523 res=false
*==== INFO ====* req_id_count= 1500 stream_id=5996 latency=0.634566 ms (tx_ts=160820516405070, rx_ts=160820517039636) request_id=23836 zil_blk_id=5996 ccf_commit_seqno=23837 nstreams_done_=1500 config.nstreams=20000 avg_latency=0.6260 ms avg throuhgput (requests/sec) = 90.8531 res=false
*==== INFO ====* req_id_count= 2000 stream_id=7996 latency=0.527106 ms (tx_ts=160826034163084, rx_ts=160826034690190) request_id=31808 zil_blk_id=7996 ccf_commit_seqno=31808 nstreams_done_=2000 config.nstreams=20000 avg_latency=0.6307 ms avg throuhgput (requests/sec) = 90.7943 res=false
*==== INFO ====* req_id_count= 2500 stream_id=9996 latency=0.521044 ms (tx_ts=160831535425140, rx_ts=160831535946184) request_id=39766 zil_blk_id=9996 ccf_commit_seqno=39766 nstreams_done_=2500 config.nstreams=20000 avg_latency=0.6269 ms avg throuhgput (requests/sec) = 90.8131 res=false
*==== INFO ====* req_id_count= 3000 stream_id=11996 latency=0.541413 ms (tx_ts=160837029165344, rx_ts=160837029706757) request_id=47727 zil_blk_id=11996 ccf_commit_seqno=47727 nstreams_done_=3000 config.nstreams=20000 avg_latency=0.6237 ms avg throuhgput (requests/sec) = 90.8462 res=false
*==== INFO ====* req_id_count= 3500 stream_id=13996 latency=0.554197 ms (tx_ts=160842522541050, rx_ts=160842523095247) request_id=55689 zil_blk_id=13996 ccf_commit_seqno=55690 nstreams_done_=3500 config.nstreams=20000 avg_latency=0.6220 ms avg throuhgput (requests/sec) = 90.8708 res=false
*==== INFO ====* req_id_count= 4000 stream_id=15996 latency=0.535923 ms (tx_ts=160848011658641, rx_ts=160848012194564) request_id=63656 zil_blk_id=15996 ccf_commit_seqno=63656 nstreams_done_=4000 config.nstreams=20000 avg_latency=0.6187 ms avg throuhgput (requests/sec) = 90.8981 res=false
*==== INFO ====* req_id_count= 4500 stream_id=17996 latency=0.479137 ms (tx_ts=160853497839082, rx_ts=160853498318219) request_id=71621 zil_blk_id=17996 ccf_commit_seqno=71621 nstreams_done_=4500 config.nstreams=20000 avg_latency=0.6158 ms avg throuhgput (requests/sec) = 90.9248 res=false
*==== INFO ====* req_id_count= 5000 stream_id=19996 latency=0.495857 ms (tx_ts=160858985914574, rx_ts=160858986410431) request_id=79596 zil_blk_id=19996 ccf_commit_seqno=79596 nstreams_done_=5000 config.nstreams=20000 avg_latency=0.6129 ms avg throuhgput (requests/sec) = 90.9429 res=false
*==== INFO ====* req_id_count= 5500 stream_id=21996 latency=0.512539 ms (tx_ts=160864479084470, rx_ts=160864479597009) request_id=87567 zil_blk_id=21996 ccf_commit_seqno=87567 nstreams_done_=5500 config.nstreams=20000 avg_latency=0.6120 ms avg throuhgput (requests/sec) = 90.9501 res=false
*==== INFO ====* req_id_count= 6000 stream_id=23996 latency=0.578382 ms (tx_ts=160869944484600, rx_ts=160869945062982) request_id=95517 zil_blk_id=23996 ccf_commit_seqno=95517 nstreams_done_=6000 config.nstreams=20000 avg_latency=0.6073 ms avg throuhgput (requests/sec) = 90.9943 res=false
*==== INFO ====* req_id_count= 6500 stream_id=25996 latency=0.513541 ms (tx_ts=160875430797863, rx_ts=160875431311404) request_id=103519 zil_blk_id=25996 ccf_commit_seqno=103519 nstreams_done_=6500 config.nstreams=20000 avg_latency=0.6061 ms avg throuhgput (requests/sec) = 91.0053 res=false
*==== INFO ====* req_id_count= 7000 stream_id=27996 latency=0.606906 ms (tx_ts=160880924870121, rx_ts=160880925477027) request_id=111520 zil_blk_id=27996 ccf_commit_seqno=111521 nstreams_done_=7000 config.nstreams=20000 avg_latency=0.6059 ms avg throuhgput (requests/sec) = 91.0053 res=false
*==== INFO ====* req_id_count= 7500 stream_id=29996 latency=1.420566 ms (tx_ts=160886408195429, rx_ts=160886409615995) request_id=119497 zil_blk_id=29996 ccf_commit_seqno=119497 nstreams_done_=7500 config.nstreams=20000 avg_latency=0.6049 ms avg throuhgput (requests/sec) = 91.0164 res=false
*==== INFO ====* req_id_count= 8000 stream_id=31996 latency=0.545379 ms (tx_ts=160891905208409, rx_ts=160891905753788) request_id=127504 zil_blk_id=31996 ccf_commit_seqno=127504 nstreams_done_=8000 config.nstreams=20000 avg_latency=0.6052 ms avg throuhgput (requests/sec) = 91.0137 res=false
*==== INFO ====* req_id_count= 8500 stream_id=33996 latency=0.548957 ms (tx_ts=160897403037996, rx_ts=160897403586953) request_id=135515 zil_blk_id=33996 ccf_commit_seqno=135515 nstreams_done_=8500 config.nstreams=20000 avg_latency=0.6053 ms avg throuhgput (requests/sec) = 91.0096 res=false
*==== INFO ====* req_id_count= 9000 stream_id=35996 latency=0.487903 ms (tx_ts=160902895729867, rx_ts=160902896217770) request_id=143515 zil_blk_id=35996 ccf_commit_seqno=143515 nstreams_done_=9000 config.nstreams=20000 avg_latency=0.6056 ms avg throuhgput (requests/sec) = 91.0108 res=false
*==== INFO ====* req_id_count= 9500 stream_id=37996 latency=0.573482 ms (tx_ts=160908404487950, rx_ts=160908405061432) request_id=151533 zil_blk_id=37996 ccf_commit_seqno=151533 nstreams_done_=9500 config.nstreams=20000 avg_latency=0.6071 ms avg throuhgput (requests/sec) = 90.9978 res=false
*==== INFO ====* req_id_count= 10000 stream_id=39996 latency=0.543387 ms (tx_ts=160913933032463, rx_ts=160913933575850) request_id=159579 zil_blk_id=39996 ccf_commit_seqno=159579 nstreams_done_=10000 config.nstreams=20000 avg_latency=0.6091 ms avg throuhgput (requests/sec) = 90.9697 res=false
*==== INFO ====* req_id_count= 10500 stream_id=41996 latency=0.457626 ms (tx_ts=160919445952644, rx_ts=160919446410270) request_id=167597 zil_blk_id=41996 ccf_commit_seqno=167597 nstreams_done_=10500 config.nstreams=20000 avg_latency=0.6103 ms avg throuhgput (requests/sec) = 90.9567 res=false
*==== INFO ====* req_id_count= 11000 stream_id=43996 latency=0.568333 ms (tx_ts=160924957868689, rx_ts=160924958437022) request_id=175621 zil_blk_id=43996 ccf_commit_seqno=175621 nstreams_done_=11000 config.nstreams=20000 avg_latency=0.6116 ms avg throuhgput (requests/sec) = 90.9455 res=false
*==== INFO ====* req_id_count= 11500 stream_id=45996 latency=0.691112 ms (tx_ts=160930465929617, rx_ts=160930466620729) request_id=183634 zil_blk_id=45996 ccf_commit_seqno=183634 nstreams_done_=11500 config.nstreams=20000 avg_latency=0.6127 ms avg throuhgput (requests/sec) = 90.9380 res=false
*==== INFO ====* req_id_count= 12000 stream_id=47996 latency=0.560768 ms (tx_ts=160935966517900, rx_ts=160935967078668) request_id=191624 zil_blk_id=47996 ccf_commit_seqno=191624 nstreams_done_=12000 config.nstreams=20000 avg_latency=0.6132 ms avg throuhgput (requests/sec) = 90.9365 res=false
*==== INFO ====* req_id_count= 12500 stream_id=49996 latency=0.502640 ms (tx_ts=160941457844951, rx_ts=160941458347591) request_id=199609 zil_blk_id=49996 ccf_commit_seqno=199609 nstreams_done_=12500 config.nstreams=20000 avg_latency=0.6128 ms avg throuhgput (requests/sec) = 90.9412 res=false
*==== INFO ====* req_id_count= 13000 stream_id=51996 latency=0.653231 ms (tx_ts=160946971966565, rx_ts=160946972619796) request_id=207625 zil_blk_id=51996 ccf_commit_seqno=207625 nstreams_done_=13000 config.nstreams=20000 avg_latency=0.6140 ms avg throuhgput (requests/sec) = 90.9309 res=false
*==== INFO ====* req_id_count= 13500 stream_id=53996 latency=0.564626 ms (tx_ts=160952474385282, rx_ts=160952474949908) request_id=215633 zil_blk_id=53996 ccf_commit_seqno=215633 nstreams_done_=13500 config.nstreams=20000 avg_latency=0.6145 ms avg throuhgput (requests/sec) = 90.9286 res=false
*==== INFO ====* req_id_count= 14000 stream_id=55996 latency=0.540330 ms (tx_ts=160957966620077, rx_ts=160957967160407) request_id=223634 zil_blk_id=55996 ccf_commit_seqno=223634 nstreams_done_=14000 config.nstreams=20000 avg_latency=0.6139 ms avg throuhgput (requests/sec) = 90.9325 res=false
*==== INFO ====* req_id_count= 14500 stream_id=57996 latency=1.250449 ms (tx_ts=160963471043270, rx_ts=160963472293719) request_id=231640 zil_blk_id=57996 ccf_commit_seqno=231640 nstreams_done_=14500 config.nstreams=20000 avg_latency=0.6142 ms avg throuhgput (requests/sec) = 90.9288 res=false
*==== INFO ====* req_id_count= 15000 stream_id=59996 latency=0.521436 ms (tx_ts=160968964577617, rx_ts=160968965099053) request_id=239635 zil_blk_id=59996 ccf_commit_seqno=239635 nstreams_done_=15000 config.nstreams=20000 avg_latency=0.6139 ms avg throuhgput (requests/sec) = 90.9321 res=false
*==== INFO ====* req_id_count= 15500 stream_id=61996 latency=0.603499 ms (tx_ts=160974452657043, rx_ts=160974453260542) request_id=247636 zil_blk_id=61996 ccf_commit_seqno=247637 nstreams_done_=15500 config.nstreams=20000 avg_latency=0.6131 ms avg throuhgput (requests/sec) = 90.9377 res=false
*==== INFO ====* req_id_count= 16000 stream_id=63996 latency=0.475941 ms (tx_ts=160979967762449, rx_ts=160979968238390) request_id=255667 zil_blk_id=63996 ccf_commit_seqno=255667 nstreams_done_=16000 config.nstreams=20000 avg_latency=0.6137 ms avg throuhgput (requests/sec) = 90.9291 res=false
*==== INFO ====* req_id_count= 16500 stream_id=65996 latency=0.514833 ms (tx_ts=160985453107563, rx_ts=160985453622396) request_id=263648 zil_blk_id=65996 ccf_commit_seqno=263648 nstreams_done_=16500 config.nstreams=20000 avg_latency=0.6132 ms avg throuhgput (requests/sec) = 90.9358 res=false
*==== INFO ====* req_id_count= 17000 stream_id=67996 latency=0.599371 ms (tx_ts=160990950613034, rx_ts=160990951212405) request_id=271670 zil_blk_id=67996 ccf_commit_seqno=271671 nstreams_done_=17000 config.nstreams=20000 avg_latency=0.6130 ms avg throuhgput (requests/sec) = 90.9362 res=false
*==== INFO ====* req_id_count= 17500 stream_id=69996 latency=0.493423 ms (tx_ts=160996429093705, rx_ts=160996429587128) request_id=279660 zil_blk_id=69996 ccf_commit_seqno=279660 nstreams_done_=17500 config.nstreams=20000 avg_latency=0.6121 ms avg throuhgput (requests/sec) = 90.9456 res=false
*==== INFO ====* req_id_count= 18000 stream_id=71996 latency=0.544718 ms (tx_ts=161001935222303, rx_ts=161001935767021) request_id=287677 zil_blk_id=71996 ccf_commit_seqno=287677 nstreams_done_=18000 config.nstreams=20000 avg_latency=0.6123 ms avg throuhgput (requests/sec) = 90.9418 res=false
*==== INFO ====* req_id_count= 18500 stream_id=73996 latency=0.509412 ms (tx_ts=161007443482076, rx_ts=161007443991488) request_id=295698 zil_blk_id=73996 ccf_commit_seqno=295698 nstreams_done_=18500 config.nstreams=20000 avg_latency=0.6128 ms avg throuhgput (requests/sec) = 90.9372 res=false
*==== INFO ====* req_id_count= 19000 stream_id=75996 latency=0.560959 ms (tx_ts=161012950874114, rx_ts=161012951435073) request_id=303698 zil_blk_id=75996 ccf_commit_seqno=303698 nstreams_done_=19000 config.nstreams=20000 avg_latency=0.6128 ms avg throuhgput (requests/sec) = 90.9332 res=false
*==== INFO ====* req_id_count= 19500 stream_id=77996 latency=0.541442 ms (tx_ts=161018451068213, rx_ts=161018451609655) request_id=311711 zil_blk_id=77996 ccf_commit_seqno=311711 nstreams_done_=19500 config.nstreams=20000 avg_latency=0.6124 ms avg throuhgput (requests/sec) = 90.9325 res=false
*==== INFO ====* http_end_stream ALL streams done! nstreams_done_=20000 avg_latency=0.6121 msreq_id_count= 20000
*==== INFO ====* req_id_count= 20000 stream_id=79996 latency=0.493994 ms (tx_ts=161023942684641, rx_ts=161023943178635) request_id=319079 zil_blk_id=79996 ccf_commit_seqno=319079 nstreams_done_=20000 config.nstreams=20000 avg_latency=0.6121 ms avg throuhgput (requests/sec) = 90.9354 res=true
