Uniform: 952385 705827 931571 607303 100504 
Exponential: -2147483648 -2147483648 -2147483648 -2147483648 -2147483648 
Truncated Normal: 319409 932302 62899 978954 670255 
*==== INFO ====* req_id_count= 500 stream_id=1996 latency=0.891868 ms (tx_ts=161885513037584, rx_ts=161885513929452) request_id=601 zil_blk_id=1170 ccf_commit_seqno=601 nstreams_done_=500 config.nstreams=20000 avg_latency=1.0630 ms avg throuhgput (requests/sec) = 80.2512 res=false
*==== INFO ====* req_id_count= 1000 stream_id=3996 latency=0.889504 ms (tx_ts=161891225219754, rx_ts=161891226109258) request_id=1602 zil_blk_id=6525 ccf_commit_seqno=1602 nstreams_done_=1000 config.nstreams=20000 avg_latency=0.8668 ms avg throuhgput (requests/sec) = 83.7337 res=false
*==== INFO ====* req_id_count= 1500 stream_id=5996 latency=0.533247 ms (tx_ts=161896853732894, rx_ts=161896854266141) request_id=2599 zil_blk_id=11808 ccf_commit_seqno=2599 nstreams_done_=1500 config.nstreams=20000 avg_latency=0.8022 ms avg throuhgput (requests/sec) = 85.3690 res=false
*==== INFO ====* req_id_count= 2000 stream_id=7996 latency=0.935210 ms (tx_ts=161902674757342, rx_ts=161902675692552) request_id=3602 zil_blk_id=17270 ccf_commit_seqno=3602 nstreams_done_=2000 config.nstreams=20000 avg_latency=0.7838 ms avg throuhgput (requests/sec) = 85.4986 res=false
*==== INFO ====* req_id_count= 2500 stream_id=9996 latency=0.509938 ms (tx_ts=161908317049027, rx_ts=161908317558965) request_id=4591 zil_blk_id=22565 ccf_commit_seqno=4591 nstreams_done_=2500 config.nstreams=20000 avg_latency=0.7579 ms avg throuhgput (requests/sec) = 86.1057 res=false
*==== INFO ====* req_id_count= 3000 stream_id=11996 latency=0.541532 ms (tx_ts=161913996130218, rx_ts=161913996671750) request_id=5587 zil_blk_id=27895 ccf_commit_seqno=5587 nstreams_done_=3000 config.nstreams=20000 avg_latency=0.7514 ms avg throuhgput (requests/sec) = 86.4225 res=false
*==== INFO ====* req_id_count= 3500 stream_id=13996 latency=0.846924 ms (tx_ts=161919546173954, rx_ts=161919547020878) request_id=6585 zil_blk_id=33105 ccf_commit_seqno=6586 nstreams_done_=3500 config.nstreams=20000 avg_latency=0.7380 ms avg throuhgput (requests/sec) = 86.9273 res=false
*==== INFO ====* req_id_count= 4000 stream_id=15996 latency=0.546151 ms (tx_ts=161925119611156, rx_ts=161925120157307) request_id=7582 zil_blk_id=38335 ccf_commit_seqno=7582 nstreams_done_=4000 config.nstreams=20000 avg_latency=0.7273 ms avg throuhgput (requests/sec) = 87.2664 res=false
*==== INFO ====* req_id_count= 4500 stream_id=17996 latency=1.263984 ms (tx_ts=161930937663166, rx_ts=161930938927150) request_id=8584 zil_blk_id=43797 ccf_commit_seqno=8584 nstreams_done_=4500 config.nstreams=20000 avg_latency=0.7319 ms avg throuhgput (requests/sec) = 87.1157 res=false
*==== INFO ====* req_id_count= 5000 stream_id=19996 latency=0.502350 ms (tx_ts=161936535467830, rx_ts=161936535970180) request_id=9579 zil_blk_id=49050 ccf_commit_seqno=9579 nstreams_done_=5000 config.nstreams=20000 avg_latency=0.7272 ms avg throuhgput (requests/sec) = 87.3325 res=false
*==== INFO ====* req_id_count= 5500 stream_id=21996 latency=0.565017 ms (tx_ts=161942341520764, rx_ts=161942342085781) request_id=10581 zil_blk_id=54501 ccf_commit_seqno=10581 nstreams_done_=5500 config.nstreams=20000 avg_latency=0.7345 ms avg throuhgput (requests/sec) = 87.2205 res=false
*==== INFO ====* req_id_count= 6000 stream_id=23996 latency=0.534460 ms (tx_ts=161948096049740, rx_ts=161948096584200) request_id=11582 zil_blk_id=59904 ccf_commit_seqno=11582 nstreams_done_=6000 config.nstreams=20000 avg_latency=0.7374 ms avg throuhgput (requests/sec) = 87.1927 res=false
*==== INFO ====* req_id_count= 6500 stream_id=25996 latency=1.139992 ms (tx_ts=161953780697763, rx_ts=161953781837755) request_id=12582 zil_blk_id=65240 ccf_commit_seqno=12582 nstreams_done_=6500 config.nstreams=20000 avg_latency=0.7348 ms avg throuhgput (requests/sec) = 87.2503 res=false
*==== INFO ====* req_id_count= 7000 stream_id=27996 latency=0.780610 ms (tx_ts=161959755752219, rx_ts=161959756532829) request_id=13585 zil_blk_id=70849 ccf_commit_seqno=13585 nstreams_done_=7000 config.nstreams=20000 avg_latency=0.7424 ms avg throuhgput (requests/sec) = 86.9857 res=false
*==== INFO ====* req_id_count= 7500 stream_id=29996 latency=0.965366 ms (tx_ts=161965841195086, rx_ts=161965842160452) request_id=14589 zil_blk_id=76564 ccf_commit_seqno=14589 nstreams_done_=7500 config.nstreams=20000 avg_latency=0.7548 ms avg throuhgput (requests/sec) = 86.6464 res=false
*==== INFO ====* req_id_count= 8000 stream_id=31996 latency=0.519182 ms (tx_ts=161971501886269, rx_ts=161971502405451) request_id=15589 zil_blk_id=81879 ccf_commit_seqno=15589 nstreams_done_=8000 config.nstreams=20000 avg_latency=0.7551 ms avg throuhgput (requests/sec) = 86.7501 res=false
*==== INFO ====* req_id_count= 8500 stream_id=33996 latency=1.141385 ms (tx_ts=161977066655407, rx_ts=161977067796792) request_id=16588 zil_blk_id=87103 ccf_commit_seqno=16588 nstreams_done_=8500 config.nstreams=20000 avg_latency=0.7504 ms avg throuhgput (requests/sec) = 86.9260 res=false
*==== INFO ====* req_id_count= 9000 stream_id=35996 latency=0.471762 ms (tx_ts=161982657066323, rx_ts=161982657538085) request_id=17591 zil_blk_id=92347 ccf_commit_seqno=17591 nstreams_done_=9000 config.nstreams=20000 avg_latency=0.7494 ms avg throuhgput (requests/sec) = 87.0625 res=false
*==== INFO ====* req_id_count= 9500 stream_id=37996 latency=1.036959 ms (tx_ts=161988565329881, rx_ts=161988566366840) request_id=18593 zil_blk_id=97890 ccf_commit_seqno=18593 nstreams_done_=9500 config.nstreams=20000 avg_latency=0.7539 ms avg throuhgput (requests/sec) = 86.9304 res=false
*==== INFO ====* req_id_count= 10000 stream_id=39996 latency=0.545230 ms (tx_ts=161994488021764, rx_ts=161994488566994) request_id=19596 zil_blk_id=103443 ccf_commit_seqno=19596 nstreams_done_=10000 config.nstreams=20000 avg_latency=0.7611 ms avg throuhgput (requests/sec) = 86.8017 res=false
*==== INFO ====* req_id_count= 10500 stream_id=41996 latency=1.009969 ms (tx_ts=162000572045766, rx_ts=162000573055735) request_id=20602 zil_blk_id=109153 ccf_commit_seqno=20602 nstreams_done_=10500 config.nstreams=20000 avg_latency=0.7688 ms avg throuhgput (requests/sec) = 86.5697 res=false
*==== INFO ====* req_id_count= 11000 stream_id=43996 latency=0.741987 ms (tx_ts=162006599047359, rx_ts=162006599789346) request_id=21605 zil_blk_id=114808 ccf_commit_seqno=21605 nstreams_done_=11000 config.nstreams=20000 avg_latency=0.7763 ms avg throuhgput (requests/sec) = 86.3990 res=false
*==== INFO ====* req_id_count= 11500 stream_id=45996 latency=1.008116 ms (tx_ts=162012741024263, rx_ts=162012742032379) request_id=22605 zil_blk_id=120576 ccf_commit_seqno=22605 nstreams_done_=11500 config.nstreams=20000 avg_latency=0.7850 ms avg throuhgput (requests/sec) = 86.1691 res=false
*==== INFO ====* req_id_count= 12000 stream_id=47996 latency=1.144380 ms (tx_ts=162018752066633, rx_ts=162018753211013) request_id=23603 zil_blk_id=126217 ccf_commit_seqno=23603 nstreams_done_=12000 config.nstreams=20000 avg_latency=0.7905 ms avg throuhgput (requests/sec) = 86.0402 res=false
*==== INFO ====* req_id_count= 12500 stream_id=49996 latency=0.582971 ms (tx_ts=162024896238794, rx_ts=162024896821765) request_id=24603 zil_blk_id=131985 ccf_commit_seqno=24603 nstreams_done_=12500 config.nstreams=20000 avg_latency=0.7976 ms avg throuhgput (requests/sec) = 85.8438 res=false
*==== INFO ====* req_id_count= 13000 stream_id=51996 latency=0.740605 ms (tx_ts=162030622789448, rx_ts=162030623530053) request_id=25606 zil_blk_id=137360 ccf_commit_seqno=25606 nstreams_done_=13000 config.nstreams=20000 avg_latency=0.7964 ms avg throuhgput (requests/sec) = 85.8993 res=false
*==== INFO ====* req_id_count= 13500 stream_id=53996 latency=0.707914 ms (tx_ts=162036861866183, rx_ts=162036862574097) request_id=26607 zil_blk_id=143216 ccf_commit_seqno=26607 nstreams_done_=13500 config.nstreams=20000 avg_latency=0.8079 ms avg throuhgput (requests/sec) = 85.6713 res=false
*==== INFO ====* req_id_count= 14000 stream_id=55996 latency=1.538447 ms (tx_ts=162043034690067, rx_ts=162043036228514) request_id=27605 zil_blk_id=149005 ccf_commit_seqno=27605 nstreams_done_=14000 config.nstreams=20000 avg_latency=0.8136 ms avg throuhgput (requests/sec) = 85.4948 res=false
*==== INFO ====* req_id_count= 14500 stream_id=57996 latency=1.033453 ms (tx_ts=162049160307082, rx_ts=162049161340535) request_id=28604 zil_blk_id=154753 ccf_commit_seqno=28604 nstreams_done_=14500 config.nstreams=20000 avg_latency=0.8205 ms avg throuhgput (requests/sec) = 85.3554 res=false
*==== INFO ====* req_id_count= 15000 stream_id=59996 latency=0.841593 ms (tx_ts=162055273029619, rx_ts=162055273871212) request_id=29604 zil_blk_id=160483 ccf_commit_seqno=29604 nstreams_done_=15000 config.nstreams=20000 avg_latency=0.8258 ms avg throuhgput (requests/sec) = 85.2319 res=false
*==== INFO ====* req_id_count= 15500 stream_id=61996 latency=0.776732 ms (tx_ts=162061381669236, rx_ts=162061382445968) request_id=30605 zil_blk_id=166216 ccf_commit_seqno=30605 nstreams_done_=15500 config.nstreams=20000 avg_latency=0.8296 ms avg throuhgput (requests/sec) = 85.1186 res=false
*==== INFO ====* req_id_count= 16000 stream_id=63996 latency=0.519682 ms (tx_ts=162067333214509, rx_ts=162067333734191) request_id=31605 zil_blk_id=171801 ccf_commit_seqno=31605 nstreams_done_=16000 config.nstreams=20000 avg_latency=0.8321 ms avg throuhgput (requests/sec) = 85.0836 res=false
*==== INFO ====* req_id_count= 16500 stream_id=65996 latency=0.749200 ms (tx_ts=162073019141206, rx_ts=162073019890406) request_id=32608 zil_blk_id=177135 ccf_commit_seqno=32608 nstreams_done_=16500 config.nstreams=20000 avg_latency=0.8288 ms avg throuhgput (requests/sec) = 85.1673 res=false
*==== INFO ====* req_id_count= 17000 stream_id=67996 latency=0.800717 ms (tx_ts=162078957579110, rx_ts=162078958379827) request_id=33614 zil_blk_id=182707 ccf_commit_seqno=33614 nstreams_done_=17000 config.nstreams=20000 avg_latency=0.8290 ms avg throuhgput (requests/sec) = 85.1384 res=false
*==== INFO ====* req_id_count= 17500 stream_id=69996 latency=0.592798 ms (tx_ts=162084583093595, rx_ts=162084583686393) request_id=34613 zil_blk_id=187983 ccf_commit_seqno=34613 nstreams_done_=17500 config.nstreams=20000 avg_latency=0.8252 ms avg throuhgput (requests/sec) = 85.2410 res=false
*==== INFO ====* req_id_count= 18000 stream_id=71996 latency=0.510555 ms (tx_ts=162090347790659, rx_ts=162090348301214) request_id=35611 zil_blk_id=193395 ccf_commit_seqno=35611 nstreams_done_=18000 config.nstreams=20000 avg_latency=0.8229 ms avg throuhgput (requests/sec) = 85.2819 res=false
*==== INFO ====* req_id_count= 18500 stream_id=73996 latency=0.682567 ms (tx_ts=162096251847700, rx_ts=162096252530267) request_id=36616 zil_blk_id=198936 ccf_commit_seqno=36616 nstreams_done_=18500 config.nstreams=20000 avg_latency=0.8231 ms avg throuhgput (requests/sec) = 85.2656 res=false
*==== INFO ====* req_id_count= 19000 stream_id=75996 latency=1.199413 ms (tx_ts=162102197882835, rx_ts=162102199082248) request_id=37614 zil_blk_id=204517 ccf_commit_seqno=37614 nstreams_done_=19000 config.nstreams=20000 avg_latency=0.8261 ms avg throuhgput (requests/sec) = 85.2341 res=false
*==== INFO ====* req_id_count= 19500 stream_id=77996 latency=1.043263 ms (tx_ts=162108295569627, rx_ts=162108296612890) request_id=38613 zil_blk_id=210239 ccf_commit_seqno=38613 nstreams_done_=19500 config.nstreams=20000 avg_latency=0.8287 ms avg throuhgput (requests/sec) = 85.1480 res=false
*==== INFO ====* http_end_stream ALL streams done! nstreams_done_=20000 avg_latency=0.8285 msreq_id_count= 20000
*==== INFO ====* req_id_count= 20000 stream_id=79996 latency=1.083817 ms (tx_ts=162114204956833, rx_ts=162114206040650) request_id=39613 zil_blk_id=215784 ccf_commit_seqno=39613 nstreams_done_=20000 config.nstreams=20000 avg_latency=0.8285 ms avg throuhgput (requests/sec) = 85.1344 res=true
