Uniform: 345430 966834 205202 888857 158487 
Exponential: -2147483648 -2147483648 -2147483648 -2147483648 -2147483648 
Truncated Normal: 669679 346321 74639 611260 501846 
*==== INFO ====* req_id_count= 500 stream_id=1996 latency=0.959204 ms (tx_ts=161890063135781, rx_ts=161890064094985) request_id=1398 zil_blk_id=5431 ccf_commit_seqno=1398 nstreams_done_=500 config.nstreams=20000 avg_latency=0.8230 ms avg throuhgput (requests/sec) = 86.4286 res=false
*==== INFO ====* req_id_count= 1000 stream_id=3996 latency=1.140744 ms (tx_ts=161895741848642, rx_ts=161895742989386) request_id=2398 zil_blk_id=10753 ccf_commit_seqno=2398 nstreams_done_=1000 config.nstreams=20000 avg_latency=0.7929 ms avg throuhgput (requests/sec) = 87.2295 res=false
*==== INFO ====* req_id_count= 1500 stream_id=5996 latency=0.504674 ms (tx_ts=161901511795949, rx_ts=161901512300623) request_id=3396 zil_blk_id=16161 ccf_commit_seqno=3396 nstreams_done_=1500 config.nstreams=20000 avg_latency=0.7904 ms avg throuhgput (requests/sec) = 87.0406 res=false
*==== INFO ====* req_id_count= 2000 stream_id=7996 latency=0.498592 ms (tx_ts=161907200128796, rx_ts=161907200627388) request_id=4402 zil_blk_id=21490 ccf_commit_seqno=4402 nstreams_done_=2000 config.nstreams=20000 avg_latency=0.7688 ms avg throuhgput (requests/sec) = 87.2537 res=false
*==== INFO ====* req_id_count= 2500 stream_id=9996 latency=0.544108 ms (tx_ts=161913003769420, rx_ts=161913004313528) request_id=5411 zil_blk_id=26932 ccf_commit_seqno=5411 nstreams_done_=2500 config.nstreams=20000 avg_latency=0.7659 ms avg throuhgput (requests/sec) = 87.0312 res=false
*==== INFO ====* req_id_count= 3000 stream_id=11996 latency=0.520693 ms (tx_ts=161918568528106, rx_ts=161918569048799) request_id=6412 zil_blk_id=32152 ccf_commit_seqno=6412 nstreams_done_=3000 config.nstreams=20000 avg_latency=0.7502 ms avg throuhgput (requests/sec) = 87.4889 res=false
*==== INFO ====* req_id_count= 3500 stream_id=13996 latency=0.688166 ms (tx_ts=161924183792682, rx_ts=161924184480848) request_id=7416 zil_blk_id=37415 ccf_commit_seqno=7416 nstreams_done_=3500 config.nstreams=20000 avg_latency=0.7465 ms avg throuhgput (requests/sec) = 87.7072 res=false
*==== INFO ====* req_id_count= 4000 stream_id=15996 latency=0.663852 ms (tx_ts=161929898824607, rx_ts=161929899488459) request_id=8415 zil_blk_id=42780 ccf_commit_seqno=8415 nstreams_done_=4000 config.nstreams=20000 avg_latency=0.7493 ms avg throuhgput (requests/sec) = 87.6799 res=false
*==== INFO ====* req_id_count= 4500 stream_id=17996 latency=0.791461 ms (tx_ts=161935652929230, rx_ts=161935653720691) request_id=9419 zil_blk_id=48182 ccf_commit_seqno=9419 nstreams_done_=4500 config.nstreams=20000 avg_latency=0.7522 ms avg throuhgput (requests/sec) = 87.5917 res=false
*==== INFO ====* req_id_count= 5000 stream_id=19996 latency=0.867683 ms (tx_ts=161941335242978, rx_ts=161941336110661) request_id=10418 zil_blk_id=53517 ccf_commit_seqno=10418 nstreams_done_=5000 config.nstreams=20000 avg_latency=0.7493 ms avg throuhgput (requests/sec) = 87.6315 res=false
*==== INFO ====* req_id_count= 5500 stream_id=21996 latency=0.941771 ms (tx_ts=161947180405538, rx_ts=161947181347309) request_id=11418 zil_blk_id=59006 ccf_commit_seqno=11418 nstreams_done_=5500 config.nstreams=20000 avg_latency=0.7616 ms avg throuhgput (requests/sec) = 87.4371 res=false
*==== INFO ====* req_id_count= 6000 stream_id=23996 latency=0.545501 ms (tx_ts=161952862643647, rx_ts=161952863189148) request_id=12416 zil_blk_id=64341 ccf_commit_seqno=12416 nstreams_done_=6000 config.nstreams=20000 avg_latency=0.7585 ms avg throuhgput (requests/sec) = 87.4837 res=false
*==== INFO ====* req_id_count= 6500 stream_id=25996 latency=0.864016 ms (tx_ts=161958700486017, rx_ts=161958701350033) request_id=13414 zil_blk_id=69820 ccf_commit_seqno=13414 nstreams_done_=6500 config.nstreams=20000 avg_latency=0.7604 ms avg throuhgput (requests/sec) = 87.3393 res=false
*==== INFO ====* req_id_count= 7000 stream_id=27996 latency=0.850620 ms (tx_ts=161964766593229, rx_ts=161964767443849) request_id=14412 zil_blk_id=75516 ccf_commit_seqno=14412 nstreams_done_=7000 config.nstreams=20000 avg_latency=0.7720 ms avg throuhgput (requests/sec) = 86.9690 res=false
*==== INFO ====* req_id_count= 7500 stream_id=29996 latency=0.529681 ms (tx_ts=161970505026797, rx_ts=161970505556478) request_id=15409 zil_blk_id=80905 ccf_commit_seqno=15409 nstreams_done_=7500 config.nstreams=20000 avg_latency=0.7737 ms avg throuhgput (requests/sec) = 86.9801 res=false
*==== INFO ====* req_id_count= 8000 stream_id=31996 latency=0.498573 ms (tx_ts=161976063299047, rx_ts=161976063797620) request_id=16409 zil_blk_id=86121 ccf_commit_seqno=16409 nstreams_done_=8000 config.nstreams=20000 avg_latency=0.7664 ms avg throuhgput (requests/sec) = 87.1604 res=false
*==== INFO ====* req_id_count= 8500 stream_id=33996 latency=0.702383 ms (tx_ts=161981611201601, rx_ts=161981611903984) request_id=17407 zil_blk_id=91326 ccf_commit_seqno=17407 nstreams_done_=8500 config.nstreams=20000 avg_latency=0.7598 ms avg throuhgput (requests/sec) = 87.3291 res=false
*==== INFO ====* req_id_count= 9000 stream_id=35996 latency=0.874616 ms (tx_ts=161987476609338, rx_ts=161987477483954) request_id=18405 zil_blk_id=96824 ccf_commit_seqno=18405 nstreams_done_=9000 config.nstreams=20000 avg_latency=0.7637 ms avg throuhgput (requests/sec) = 87.2106 res=false
*==== INFO ====* req_id_count= 9500 stream_id=37996 latency=1.246471 ms (tx_ts=161993293605247, rx_ts=161993294851718) request_id=19403 zil_blk_id=102277 ccf_commit_seqno=19403 nstreams_done_=9500 config.nstreams=20000 avg_latency=0.7699 ms avg throuhgput (requests/sec) = 87.1433 res=false
*==== INFO ====* req_id_count= 10000 stream_id=39996 latency=0.976937 ms (tx_ts=161999349750957, rx_ts=161999350727894) request_id=20401 zil_blk_id=107961 ccf_commit_seqno=20401 nstreams_done_=10000 config.nstreams=20000 avg_latency=0.7817 ms avg throuhgput (requests/sec) = 86.9023 res=false
*==== INFO ====* req_id_count= 10500 stream_id=41996 latency=1.060934 ms (tx_ts=162005381181026, rx_ts=162005382241960) request_id=21394 zil_blk_id=113622 ccf_commit_seqno=21394 nstreams_done_=10500 config.nstreams=20000 avg_latency=0.7900 ms avg throuhgput (requests/sec) = 86.7029 res=false
*==== INFO ====* req_id_count= 11000 stream_id=43996 latency=1.187962 ms (tx_ts=162011488210405, rx_ts=162011489398367) request_id=22395 zil_blk_id=119356 ccf_commit_seqno=22395 nstreams_done_=11000 config.nstreams=20000 avg_latency=0.7978 ms avg throuhgput (requests/sec) = 86.4709 res=false
*==== INFO ====* req_id_count= 11500 stream_id=45996 latency=1.224670 ms (tx_ts=162017445378402, rx_ts=162017446603072) request_id=23395 zil_blk_id=124949 ccf_commit_seqno=23395 nstreams_done_=11500 config.nstreams=20000 avg_latency=0.8009 ms avg throuhgput (requests/sec) = 86.3573 res=false
*==== INFO ====* req_id_count= 12000 stream_id=47996 latency=0.724685 ms (tx_ts=162023671350268, rx_ts=162023672074953) request_id=24398 zil_blk_id=130793 ccf_commit_seqno=24398 nstreams_done_=12000 config.nstreams=20000 avg_latency=0.8114 ms avg throuhgput (requests/sec) = 86.0875 res=false
*==== INFO ====* req_id_count= 12500 stream_id=49996 latency=0.808973 ms (tx_ts=162029300302210, rx_ts=162029301111183) request_id=25393 zil_blk_id=136077 ccf_commit_seqno=25393 nstreams_done_=12500 config.nstreams=20000 avg_latency=0.8070 ms avg throuhgput (requests/sec) = 86.1937 res=false
*==== INFO ====* req_id_count= 13000 stream_id=51996 latency=1.295283 ms (tx_ts=162035556785514, rx_ts=162035558080797) request_id=26394 zil_blk_id=141947 ccf_commit_seqno=26394 nstreams_done_=13000 config.nstreams=20000 avg_latency=0.8187 ms avg throuhgput (requests/sec) = 85.9339 res=false
*==== INFO ====* req_id_count= 13500 stream_id=53996 latency=0.943795 ms (tx_ts=162041718172828, rx_ts=162041719116623) request_id=27393 zil_blk_id=147731 ccf_commit_seqno=27393 nstreams_done_=13500 config.nstreams=20000 avg_latency=0.8257 ms avg throuhgput (requests/sec) = 85.7469 res=false
*==== INFO ====* req_id_count= 14000 stream_id=55996 latency=1.185417 ms (tx_ts=162047888057599, rx_ts=162047889243016) request_id=28394 zil_blk_id=153520 ccf_commit_seqno=28394 nstreams_done_=14000 config.nstreams=20000 avg_latency=0.8338 ms avg throuhgput (requests/sec) = 85.5692 res=false
*==== INFO ====* req_id_count= 14500 stream_id=57996 latency=1.128028 ms (tx_ts=162054042360118, rx_ts=162054043488146) request_id=29396 zil_blk_id=159295 ccf_commit_seqno=29396 nstreams_done_=14500 config.nstreams=20000 avg_latency=0.8378 ms avg throuhgput (requests/sec) = 85.4124 res=false
*==== INFO ====* req_id_count= 15000 stream_id=59996 latency=1.007780 ms (tx_ts=162060108475816, rx_ts=162060109483596) request_id=30396 zil_blk_id=164990 ccf_commit_seqno=30396 nstreams_done_=15000 config.nstreams=20000 avg_latency=0.8394 ms avg throuhgput (requests/sec) = 85.3094 res=false
*==== INFO ====* req_id_count= 15500 stream_id=61996 latency=0.725687 ms (tx_ts=162066149217394, rx_ts=162066149943081) request_id=31396 zil_blk_id=170662 ccf_commit_seqno=31396 nstreams_done_=15500 config.nstreams=20000 avg_latency=0.8397 ms avg throuhgput (requests/sec) = 85.2253 res=false
*==== INFO ====* req_id_count= 16000 stream_id=63996 latency=0.823309 ms (tx_ts=162071807237156, rx_ts=162071808060465) request_id=32392 zil_blk_id=175965 ccf_commit_seqno=32392 nstreams_done_=16000 config.nstreams=20000 avg_latency=0.8367 ms avg throuhgput (requests/sec) = 85.3201 res=false
*==== INFO ====* req_id_count= 16500 stream_id=65996 latency=1.140592 ms (tx_ts=162077556719580, rx_ts=162077557860172) request_id=33387 zil_blk_id=181355 ccf_commit_seqno=33387 nstreams_done_=16500 config.nstreams=20000 avg_latency=0.8342 ms avg throuhgput (requests/sec) = 85.3689 res=false
*==== INFO ====* req_id_count= 17000 stream_id=67996 latency=1.146213 ms (tx_ts=162083321029710, rx_ts=162083322175923) request_id=34386 zil_blk_id=186759 ccf_commit_seqno=34386 nstreams_done_=17000 config.nstreams=20000 avg_latency=0.8342 ms avg throuhgput (requests/sec) = 85.4086 res=false
*==== INFO ====* req_id_count= 17500 stream_id=69996 latency=0.848646 ms (tx_ts=162089099233159, rx_ts=162089100081805) request_id=35386 zil_blk_id=192180 ccf_commit_seqno=35387 nstreams_done_=17500 config.nstreams=20000 avg_latency=0.8322 ms avg throuhgput (requests/sec) = 85.4404 res=false
*==== INFO ====* req_id_count= 18000 stream_id=71996 latency=0.950428 ms (tx_ts=162094866305784, rx_ts=162094867256212) request_id=36386 zil_blk_id=197587 ccf_commit_seqno=36387 nstreams_done_=18000 config.nstreams=20000 avg_latency=0.8317 ms avg throuhgput (requests/sec) = 85.4748 res=false
*==== INFO ====* req_id_count= 18500 stream_id=73996 latency=1.217266 ms (tx_ts=162100866976626, rx_ts=162100868193892) request_id=37385 zil_blk_id=203214 ccf_commit_seqno=37385 nstreams_done_=18500 config.nstreams=20000 avg_latency=0.8335 ms avg throuhgput (requests/sec) = 85.4151 res=false
*==== INFO ====* req_id_count= 19000 stream_id=75996 latency=0.851792 ms (tx_ts=162106878026724, rx_ts=162106878878516) request_id=38385 zil_blk_id=208855 ccf_commit_seqno=38385 nstreams_done_=19000 config.nstreams=20000 avg_latency=0.8353 ms avg throuhgput (requests/sec) = 85.3549 res=false
*==== INFO ====* req_id_count= 19500 stream_id=77996 latency=1.061534 ms (tx_ts=162112810198412, rx_ts=162112811259946) request_id=39386 zil_blk_id=214423 ccf_commit_seqno=39386 nstreams_done_=19500 config.nstreams=20000 avg_latency=0.8345 ms avg throuhgput (requests/sec) = 85.3271 res=false
*==== INFO ====* http_end_stream ALL streams done! nstreams_done_=20000 avg_latency=0.8387 msreq_id_count= 20000
*==== INFO ====* req_id_count= 20000 stream_id=79996 latency=1.031520 ms (tx_ts=162119032036227, rx_ts=162119033067747) request_id=40000 zil_blk_id=220262 ccf_commit_seqno=40000 nstreams_done_=20000 config.nstreams=20000 avg_latency=0.8387 ms avg throuhgput (requests/sec) = 85.1955 res=true
