Uniform: 841916 336028 114124 458638 350792 
Exponential: -2147483648 -2147483648 -2147483648 -2147483648 -2147483648 
Truncated Normal: 222305 558119 486128 585269 328566 
*==== INFO ====* req_id_count= 500 stream_id=1996 latency=0.814975 ms (tx_ts=157015078127382, rx_ts=157015078942357) request_id=23967 zil_blk_id=489 ccf_commit_seqno=23969 nstreams_done_=500 config.nstreams=20000 avg_latency=0.6659 ms avg throuhgput (requests/sec) = 90.8812 res=false
*==== INFO ====* req_id_count= 1000 stream_id=3996 latency=0.639506 ms (tx_ts=157020733386142, rx_ts=157020734025648) request_id=49080 zil_blk_id=5771 ccf_commit_seqno=49081 nstreams_done_=1000 config.nstreams=20000 avg_latency=0.6655 ms avg throuhgput (requests/sec) = 89.6317 res=false
*==== INFO ====* req_id_count= 1500 stream_id=5996 latency=0.725257 ms (tx_ts=157026391791106, rx_ts=157026392516363) request_id=74298 zil_blk_id=11054 ccf_commit_seqno=74299 nstreams_done_=1500 config.nstreams=20000 avg_latency=0.6613 ms avg throuhgput (requests/sec) = 89.2047 res=false
*==== INFO ====* req_id_count= 2000 stream_id=7996 latency=0.604903 ms (tx_ts=157032075019011, rx_ts=157032075623914) request_id=99571 zil_blk_id=16367 ccf_commit_seqno=99571 nstreams_done_=2000 config.nstreams=20000 avg_latency=0.6705 ms avg throuhgput (requests/sec) = 88.8953 res=false
*==== INFO ====* req_id_count= 2500 stream_id=9996 latency=0.560368 ms (tx_ts=157037754380002, rx_ts=157037754940370) request_id=124917 zil_blk_id=21668 ccf_commit_seqno=124918 nstreams_done_=2500 config.nstreams=20000 avg_latency=0.6717 ms avg throuhgput (requests/sec) = 88.7227 res=false
*==== INFO ====* req_id_count= 3000 stream_id=11996 latency=0.753456 ms (tx_ts=157043418641142, rx_ts=157043419394598) request_id=150218 zil_blk_id=26962 ccf_commit_seqno=150224 nstreams_done_=3000 config.nstreams=20000 avg_latency=0.6704 ms avg throuhgput (requests/sec) = 88.6469 res=false
*==== INFO ====* req_id_count= 3500 stream_id=13996 latency=0.542959 ms (tx_ts=157049067369430, rx_ts=157049067912389) request_id=175448 zil_blk_id=32235 ccf_commit_seqno=175448 nstreams_done_=3500 config.nstreams=20000 avg_latency=0.6712 ms avg throuhgput (requests/sec) = 88.6286 res=false
*==== INFO ====* req_id_count= 4000 stream_id=15996 latency=1.237684 ms (tx_ts=157054642213498, rx_ts=157054643451182) request_id=200326 zil_blk_id=37437 ccf_commit_seqno=200336 nstreams_done_=4000 config.nstreams=20000 avg_latency=0.6757 ms avg throuhgput (requests/sec) = 88.7583 res=false
*==== INFO ====* req_id_count= 4500 stream_id=17996 latency=0.758569 ms (tx_ts=157060286481305, rx_ts=157060287239874) request_id=225543 zil_blk_id=42708 ccf_commit_seqno=225543 nstreams_done_=4500 config.nstreams=20000 avg_latency=0.6765 ms avg throuhgput (requests/sec) = 88.7399 res=false
*==== INFO ====* req_id_count= 5000 stream_id=19996 latency=0.798501 ms (tx_ts=157065934429004, rx_ts=157065935227505) request_id=250786 zil_blk_id=47983 ccf_commit_seqno=250786 nstreams_done_=5000 config.nstreams=20000 avg_latency=0.6740 ms avg throuhgput (requests/sec) = 88.7186 res=false
*==== INFO ====* req_id_count= 5500 stream_id=21996 latency=0.557542 ms (tx_ts=157071509129325, rx_ts=157071509686867) request_id=275713 zil_blk_id=53184 ccf_commit_seqno=275713 nstreams_done_=5500 config.nstreams=20000 avg_latency=0.6738 ms avg throuhgput (requests/sec) = 88.8065 res=false
*==== INFO ====* req_id_count= 6000 stream_id=23996 latency=0.573372 ms (tx_ts=157077175083003, rx_ts=157077175656375) request_id=301032 zil_blk_id=58477 ccf_commit_seqno=301033 nstreams_done_=6000 config.nstreams=20000 avg_latency=0.6745 ms avg throuhgput (requests/sec) = 88.7595 res=false
*==== INFO ====* req_id_count= 6500 stream_id=25996 latency=0.646449 ms (tx_ts=157082781019558, rx_ts=157082781666007) request_id=326156 zil_blk_id=63706 ccf_commit_seqno=326157 nstreams_done_=6500 config.nstreams=20000 avg_latency=0.6731 ms avg throuhgput (requests/sec) = 88.7925 res=false
*==== INFO ====* req_id_count= 7000 stream_id=27996 latency=0.732731 ms (tx_ts=157088445880827, rx_ts=157088446613558) request_id=351546 zil_blk_id=68995 ccf_commit_seqno=351547 nstreams_done_=7000 config.nstreams=20000 avg_latency=0.6715 ms avg throuhgput (requests/sec) = 88.7544 res=false
*==== INFO ====* req_id_count= 7500 stream_id=29996 latency=0.622564 ms (tx_ts=157094109880930, rx_ts=157094110503494) request_id=376900 zil_blk_id=74275 ccf_commit_seqno=376900 nstreams_done_=7500 config.nstreams=20000 avg_latency=0.6715 ms avg throuhgput (requests/sec) = 88.7225 res=false
*==== INFO ====* req_id_count= 8000 stream_id=31996 latency=0.766954 ms (tx_ts=157099778216094, rx_ts=157099778983048) request_id=402276 zil_blk_id=79565 ccf_commit_seqno=402278 nstreams_done_=8000 config.nstreams=20000 avg_latency=0.6714 ms avg throuhgput (requests/sec) = 88.6901 res=false
*==== INFO ====* req_id_count= 8500 stream_id=33996 latency=0.693526 ms (tx_ts=157105467337473, rx_ts=157105468030999) request_id=427663 zil_blk_id=84878 ccf_commit_seqno=427664 nstreams_done_=8500 config.nstreams=20000 avg_latency=0.6730 ms avg throuhgput (requests/sec) = 88.6425 res=false
*==== INFO ====* req_id_count= 9000 stream_id=35996 latency=0.563593 ms (tx_ts=157111022414240, rx_ts=157111022977833) request_id=452512 zil_blk_id=90068 ccf_commit_seqno=452512 nstreams_done_=9000 config.nstreams=20000 avg_latency=0.6732 ms avg throuhgput (requests/sec) = 88.7174 res=false
*==== INFO ====* req_id_count= 9500 stream_id=37996 latency=0.759143 ms (tx_ts=157116678355462, rx_ts=157116679114605) request_id=477861 zil_blk_id=95372 ccf_commit_seqno=477863 nstreams_done_=9500 config.nstreams=20000 avg_latency=0.6716 ms avg throuhgput (requests/sec) = 88.7006 res=false
*==== INFO ====* req_id_count= 10000 stream_id=39996 latency=0.451605 ms (tx_ts=157122372616554, rx_ts=157122373068159) request_id=503193 zil_blk_id=100710 ccf_commit_seqno=503193 nstreams_done_=10000 config.nstreams=20000 avg_latency=0.6736 ms avg throuhgput (requests/sec) = 88.6558 res=false
*==== INFO ====* req_id_count= 10500 stream_id=41996 latency=0.466071 ms (tx_ts=157128046612555, rx_ts=157128047078626) request_id=528603 zil_blk_id=106034 ccf_commit_seqno=528603 nstreams_done_=10500 config.nstreams=20000 avg_latency=0.6736 ms avg throuhgput (requests/sec) = 88.6302 res=false
*==== INFO ====* req_id_count= 11000 stream_id=43996 latency=0.521876 ms (tx_ts=157133597648494, rx_ts=157133598170370) request_id=553512 zil_blk_id=111243 ccf_commit_seqno=553512 nstreams_done_=11000 config.nstreams=20000 avg_latency=0.6733 ms avg throuhgput (requests/sec) = 88.6947 res=false
*==== INFO ====* req_id_count= 11500 stream_id=45996 latency=0.550600 ms (tx_ts=157139087442354, rx_ts=157139087992954) request_id=578183 zil_blk_id=116390 ccf_commit_seqno=578183 nstreams_done_=11500 config.nstreams=20000 avg_latency=0.6713 ms avg throuhgput (requests/sec) = 88.7957 res=false
*==== INFO ====* req_id_count= 12000 stream_id=47996 latency=0.609510 ms (tx_ts=157144657312580, rx_ts=157144657922090) request_id=603108 zil_blk_id=121612 ccf_commit_seqno=603110 nstreams_done_=12000 config.nstreams=20000 avg_latency=0.6718 ms avg throuhgput (requests/sec) = 88.8358 res=false
*==== INFO ====* req_id_count= 12500 stream_id=49996 latency=0.672288 ms (tx_ts=157150299494424, rx_ts=157150300166712) request_id=628406 zil_blk_id=126907 ccf_commit_seqno=628408 nstreams_done_=12500 config.nstreams=20000 avg_latency=0.6705 ms avg throuhgput (requests/sec) = 88.8270 res=false
*==== INFO ====* req_id_count= 13000 stream_id=51996 latency=0.631912 ms (tx_ts=157155947278137, rx_ts=157155947910049) request_id=653749 zil_blk_id=132196 ccf_commit_seqno=653749 nstreams_done_=13000 config.nstreams=20000 avg_latency=0.6692 ms avg throuhgput (requests/sec) = 88.8156 res=false
*==== INFO ====* req_id_count= 13500 stream_id=53996 latency=0.567591 ms (tx_ts=157161594828300, rx_ts=157161595395891) request_id=679087 zil_blk_id=137489 ccf_commit_seqno=679087 nstreams_done_=13500 config.nstreams=20000 avg_latency=0.6675 ms avg throuhgput (requests/sec) = 88.8052 res=false
*==== INFO ====* req_id_count= 14000 stream_id=55996 latency=0.759821 ms (tx_ts=157167189409920, rx_ts=157167190169741) request_id=704163 zil_blk_id=142742 ccf_commit_seqno=704164 nstreams_done_=14000 config.nstreams=20000 avg_latency=0.6671 ms avg throuhgput (requests/sec) = 88.8252 res=false
*==== INFO ====* req_id_count= 14500 stream_id=57996 latency=0.540110 ms (tx_ts=157172706036717, rx_ts=157172706576827) request_id=728908 zil_blk_id=147918 ccf_commit_seqno=728909 nstreams_done_=14500 config.nstreams=20000 avg_latency=0.6671 ms avg throuhgput (requests/sec) = 88.8865 res=false
*==== INFO ====* req_id_count= 15000 stream_id=59996 latency=0.666182 ms (tx_ts=157178288858342, rx_ts=157178289524524) request_id=753846 zil_blk_id=153153 ccf_commit_seqno=753847 nstreams_done_=15000 config.nstreams=20000 avg_latency=0.6676 ms avg throuhgput (requests/sec) = 88.9088 res=false
*==== INFO ====* req_id_count= 15500 stream_id=61996 latency=0.570217 ms (tx_ts=157183945196092, rx_ts=157183945766309) request_id=779188 zil_blk_id=158456 ccf_commit_seqno=779189 nstreams_done_=15500 config.nstreams=20000 avg_latency=0.6675 ms avg throuhgput (requests/sec) = 88.8922 res=false
*==== INFO ====* req_id_count= 16000 stream_id=63996 latency=0.572861 ms (tx_ts=157189594894142, rx_ts=157189595467003) request_id=804567 zil_blk_id=163753 ccf_commit_seqno=804567 nstreams_done_=16000 config.nstreams=20000 avg_latency=0.6669 ms avg throuhgput (requests/sec) = 88.8799 res=false
*==== INFO ====* req_id_count= 16500 stream_id=65996 latency=4.228658 ms (tx_ts=157195266817773, rx_ts=157195271046431) request_id=829983 zil_blk_id=169074 ccf_commit_seqno=829988 nstreams_done_=16500 config.nstreams=20000 avg_latency=0.6672 ms avg throuhgput (requests/sec) = 88.8560 res=false
*==== INFO ====* req_id_count= 17000 stream_id=67996 latency=0.589593 ms (tx_ts=157200921213308, rx_ts=157200921802901) request_id=855324 zil_blk_id=174379 ccf_commit_seqno=855326 nstreams_done_=17000 config.nstreams=20000 avg_latency=0.6673 ms avg throuhgput (requests/sec) = 88.8450 res=false
*==== INFO ====* req_id_count= 17500 stream_id=69996 latency=0.854988 ms (tx_ts=157206497553723, rx_ts=157206498408711) request_id=880379 zil_blk_id=179609 ccf_commit_seqno=880381 nstreams_done_=17500 config.nstreams=20000 avg_latency=0.6671 ms avg throuhgput (requests/sec) = 88.8681 res=false
*==== INFO ====* req_id_count= 18000 stream_id=71996 latency=0.573011 ms (tx_ts=157212051144845, rx_ts=157212051717856) request_id=905357 zil_blk_id=184819 ccf_commit_seqno=905358 nstreams_done_=18000 config.nstreams=20000 avg_latency=0.6669 ms avg throuhgput (requests/sec) = 88.9001 res=false
*==== INFO ====* req_id_count= 18500 stream_id=73996 latency=0.479006 ms (tx_ts=157217697049115, rx_ts=157217697528121) request_id=930680 zil_blk_id=190116 ccf_commit_seqno=930680 nstreams_done_=18500 config.nstreams=20000 avg_latency=0.6671 ms avg throuhgput (requests/sec) = 88.8909 res=false
*==== INFO ====* req_id_count= 19000 stream_id=75996 latency=0.813294 ms (tx_ts=157223361113751, rx_ts=157223361927045) request_id=956066 zil_blk_id=195435 ccf_commit_seqno=956069 nstreams_done_=19000 config.nstreams=20000 avg_latency=0.6672 ms avg throuhgput (requests/sec) = 88.8745 res=false
*==== INFO ====* req_id_count= 19500 stream_id=77996 latency=0.735686 ms (tx_ts=157229010319244, rx_ts=157229011054930) request_id=981464 zil_blk_id=200736 ccf_commit_seqno=981466 nstreams_done_=19500 config.nstreams=20000 avg_latency=0.6669 ms avg throuhgput (requests/sec) = 88.8651 res=false
*==== INFO ====* http_end_stream ALL streams done! nstreams_done_=20000 avg_latency=0.6673 msreq_id_count= 20000
*==== INFO ====* req_id_count= 20000 stream_id=79996 latency=0.774919 ms (tx_ts=157234678860137, rx_ts=157234679635056) request_id=1006862 zil_blk_id=206060 ccf_commit_seqno=1006864 nstreams_done_=20000 config.nstreams=20000 avg_latency=0.6673 ms avg throuhgput (requests/sec) = 88.8485 res=true
