Uniform: 348696 394221 57351 863353 555034 
Exponential: -2147483648 -2147483648 -2147483648 -2147483648 -2147483648 
Truncated Normal: 408280 725973 464037 585373 714087 
*==== INFO ====* req_id_count= 500 stream_id=1996 latency=1.122880 ms (tx_ts=157015518967334, rx_ts=157015520090214) request_id=25895 zil_blk_id=1996 ccf_commit_seqno=25899 nstreams_done_=500 config.nstreams=20000 avg_latency=0.8633 ms avg throuhgput (requests/sec) = 84.2502 res=false
*==== INFO ====* req_id_count= 1000 stream_id=3996 latency=0.955558 ms (tx_ts=157021492337010, rx_ts=157021493292568) request_id=52433 zil_blk_id=3996 ccf_commit_seqno=52436 nstreams_done_=1000 config.nstreams=20000 avg_latency=0.8780 ms avg throuhgput (requests/sec) = 83.9778 res=false
*==== INFO ====* req_id_count= 1500 stream_id=5996 latency=0.701558 ms (tx_ts=157027445201094, rx_ts=157027445902652) request_id=78942 zil_blk_id=5996 ccf_commit_seqno=78942 nstreams_done_=1500 config.nstreams=20000 avg_latency=0.8797 ms avg throuhgput (requests/sec) = 83.9841 res=false
*==== INFO ====* req_id_count= 2000 stream_id=7996 latency=0.796723 ms (tx_ts=157033405057143, rx_ts=157033405853866) request_id=105448 zil_blk_id=7996 ccf_commit_seqno=105448 nstreams_done_=2000 config.nstreams=20000 avg_latency=0.8800 ms avg throuhgput (requests/sec) = 83.9614 res=false
*==== INFO ====* req_id_count= 2500 stream_id=9996 latency=0.743592 ms (tx_ts=157039345245327, rx_ts=157039345988919) request_id=131988 zil_blk_id=9996 ccf_commit_seqno=131988 nstreams_done_=2500 config.nstreams=20000 avg_latency=0.8759 ms avg throuhgput (requests/sec) = 84.0037 res=false
*==== INFO ====* req_id_count= 3000 stream_id=11996 latency=0.806252 ms (tx_ts=157045324408015, rx_ts=157045325214267) request_id=158709 zil_blk_id=11996 ccf_commit_seqno=158709 nstreams_done_=3000 config.nstreams=20000 avg_latency=0.8800 ms avg throuhgput (requests/sec) = 83.9400 res=false
*==== INFO ====* req_id_count= 3500 stream_id=13996 latency=0.880377 ms (tx_ts=157051265669039, rx_ts=157051266549416) request_id=185257 zil_blk_id=13996 ccf_commit_seqno=185259 nstreams_done_=3500 config.nstreams=20000 avg_latency=0.8765 ms avg throuhgput (requests/sec) = 83.9708 res=false
*==== INFO ====* req_id_count= 4000 stream_id=15996 latency=0.766634 ms (tx_ts=157057219921689, rx_ts=157057220688323) request_id=211832 zil_blk_id=15996 ccf_commit_seqno=211833 nstreams_done_=4000 config.nstreams=20000 avg_latency=0.8755 ms avg throuhgput (requests/sec) = 83.9713 res=false
*==== INFO ====* req_id_count= 4500 stream_id=17996 latency=0.700859 ms (tx_ts=157063159372835, rx_ts=157063160073694) request_id=238378 zil_blk_id=17996 ccf_commit_seqno=238379 nstreams_done_=4500 config.nstreams=20000 avg_latency=0.8733 ms avg throuhgput (requests/sec) = 83.9949 res=false
*==== INFO ====* req_id_count= 5000 stream_id=19996 latency=0.932193 ms (tx_ts=157069100862275, rx_ts=157069101794468) request_id=264934 zil_blk_id=19996 ccf_commit_seqno=264936 nstreams_done_=5000 config.nstreams=20000 avg_latency=0.8714 ms avg throuhgput (requests/sec) = 84.0104 res=false
*==== INFO ====* req_id_count= 5500 stream_id=21996 latency=1.011291 ms (tx_ts=157075062567194, rx_ts=157075063578485) request_id=291580 zil_blk_id=21996 ccf_commit_seqno=291581 nstreams_done_=5500 config.nstreams=20000 avg_latency=0.8716 ms avg throuhgput (requests/sec) = 83.9974 res=false
*==== INFO ====* req_id_count= 6000 stream_id=23996 latency=0.946881 ms (tx_ts=157081018069556, rx_ts=157081019016437) request_id=318252 zil_blk_id=23996 ccf_commit_seqno=318254 nstreams_done_=6000 config.nstreams=20000 avg_latency=0.8709 ms avg throuhgput (requests/sec) = 83.9941 res=false
*==== INFO ====* req_id_count= 6500 stream_id=25996 latency=0.794366 ms (tx_ts=157086959771282, rx_ts=157086960565648) request_id=344886 zil_blk_id=25996 ccf_commit_seqno=344886 nstreams_done_=6500 config.nstreams=20000 avg_latency=0.8698 ms avg throuhgput (requests/sec) = 84.0063 res=false
*==== INFO ====* req_id_count= 7000 stream_id=27996 latency=0.671406 ms (tx_ts=157092911720495, rx_ts=157092912391901) request_id=371536 zil_blk_id=27996 ccf_commit_seqno=371536 nstreams_done_=7000 config.nstreams=20000 avg_latency=0.8697 ms avg throuhgput (requests/sec) = 84.0064 res=false
*==== INFO ====* req_id_count= 7500 stream_id=29996 latency=0.957179 ms (tx_ts=157098865732607, rx_ts=157098866689786) request_id=398205 zil_blk_id=29996 ccf_commit_seqno=398205 nstreams_done_=7500 config.nstreams=20000 avg_latency=0.8697 ms avg throuhgput (requests/sec) = 84.0042 res=false
*==== INFO ====* req_id_count= 8000 stream_id=31996 latency=0.662438 ms (tx_ts=157104839253957, rx_ts=157104839916395) request_id=424864 zil_blk_id=31996 ccf_commit_seqno=424864 nstreams_done_=8000 config.nstreams=20000 avg_latency=0.8718 ms avg throuhgput (requests/sec) = 83.9855 res=false
*==== INFO ====* req_id_count= 8500 stream_id=33996 latency=0.820844 ms (tx_ts=157110786649404, rx_ts=157110787470248) request_id=451455 zil_blk_id=33996 ccf_commit_seqno=451455 nstreams_done_=8500 config.nstreams=20000 avg_latency=0.8724 ms avg throuhgput (requests/sec) = 83.9904 res=false
*==== INFO ====* req_id_count= 9000 stream_id=35996 latency=0.687145 ms (tx_ts=157116725443856, rx_ts=157116726131001) request_id=478076 zil_blk_id=35996 ccf_commit_seqno=478076 nstreams_done_=9000 config.nstreams=20000 avg_latency=0.8712 ms avg throuhgput (requests/sec) = 84.0017 res=false
*==== INFO ====* req_id_count= 9500 stream_id=37996 latency=0.660014 ms (tx_ts=157122702329049, rx_ts=157122702989063) request_id=504654 zil_blk_id=37996 ccf_commit_seqno=504654 nstreams_done_=9500 config.nstreams=20000 avg_latency=0.8735 ms avg throuhgput (requests/sec) = 83.9834 res=false
*==== INFO ====* req_id_count= 10000 stream_id=39996 latency=0.663941 ms (tx_ts=157128660098020, rx_ts=157128660761961) request_id=531348 zil_blk_id=39996 ccf_commit_seqno=531348 nstreams_done_=10000 config.nstreams=20000 avg_latency=0.8738 ms avg throuhgput (requests/sec) = 83.9804 res=false
*==== INFO ====* req_id_count= 10500 stream_id=41996 latency=0.854389 ms (tx_ts=157134609568712, rx_ts=157134610423101) request_id=558065 zil_blk_id=41996 ccf_commit_seqno=558066 nstreams_done_=10500 config.nstreams=20000 avg_latency=0.8731 ms avg throuhgput (requests/sec) = 83.9832 res=false
*==== INFO ====* req_id_count= 11000 stream_id=43996 latency=0.764209 ms (tx_ts=157140542259665, rx_ts=157140543023874) request_id=584717 zil_blk_id=43996 ccf_commit_seqno=584717 nstreams_done_=11000 config.nstreams=20000 avg_latency=0.8713 ms avg throuhgput (requests/sec) = 83.9966 res=false
*==== INFO ====* req_id_count= 11500 stream_id=45996 latency=0.937504 ms (tx_ts=157146467681742, rx_ts=157146468619246) request_id=611218 zil_blk_id=45996 ccf_commit_seqno=611220 nstreams_done_=11500 config.nstreams=20000 avg_latency=0.8697 ms avg throuhgput (requests/sec) = 84.0132 res=false
*==== INFO ====* req_id_count= 12000 stream_id=47996 latency=0.972960 ms (tx_ts=157152395381989, rx_ts=157152396354949) request_id=637819 zil_blk_id=47996 ccf_commit_seqno=637821 nstreams_done_=12000 config.nstreams=20000 avg_latency=0.8685 ms avg throuhgput (requests/sec) = 84.0272 res=false
*==== INFO ====* req_id_count= 12500 stream_id=49996 latency=0.755282 ms (tx_ts=157158329157220, rx_ts=157158329912502) request_id=664433 zil_blk_id=49996 ccf_commit_seqno=664434 nstreams_done_=12500 config.nstreams=20000 avg_latency=0.8674 ms avg throuhgput (requests/sec) = 84.0367 res=false
*==== INFO ====* req_id_count= 13000 stream_id=51996 latency=0.932053 ms (tx_ts=157164286301812, rx_ts=157164287233865) request_id=691155 zil_blk_id=51996 ccf_commit_seqno=691156 nstreams_done_=13000 config.nstreams=20000 avg_latency=0.8676 ms avg throuhgput (requests/sec) = 84.0326 res=false
*==== INFO ====* req_id_count= 13500 stream_id=53996 latency=0.690652 ms (tx_ts=157170233240248, rx_ts=157170233930900) request_id=717798 zil_blk_id=53996 ccf_commit_seqno=717798 nstreams_done_=13500 config.nstreams=20000 avg_latency=0.8672 ms avg throuhgput (requests/sec) = 84.0344 res=false
*==== INFO ====* req_id_count= 14000 stream_id=55996 latency=0.711220 ms (tx_ts=157176188502768, rx_ts=157176189213988) request_id=744428 zil_blk_id=55996 ccf_commit_seqno=744428 nstreams_done_=14000 config.nstreams=20000 avg_latency=0.8678 ms avg throuhgput (requests/sec) = 84.0317 res=false
*==== INFO ====* req_id_count= 14500 stream_id=57996 latency=0.893862 ms (tx_ts=157182128361924, rx_ts=157182129255786) request_id=771040 zil_blk_id=57996 ccf_commit_seqno=771041 nstreams_done_=14500 config.nstreams=20000 avg_latency=0.8669 ms avg throuhgput (requests/sec) = 84.0366 res=false
*==== INFO ====* req_id_count= 15000 stream_id=59996 latency=1.694048 ms (tx_ts=157188062256106, rx_ts=157188063950154) request_id=797704 zil_blk_id=59996 ccf_commit_seqno=797710 nstreams_done_=15000 config.nstreams=20000 avg_latency=0.8660 ms avg throuhgput (requests/sec) = 84.0437 res=false
*==== INFO ====* req_id_count= 15500 stream_id=61996 latency=0.927404 ms (tx_ts=157194010167859, rx_ts=157194011095263) request_id=824338 zil_blk_id=61996 ccf_commit_seqno=824339 nstreams_done_=15500 config.nstreams=20000 avg_latency=0.8658 ms avg throuhgput (requests/sec) = 84.0447 res=false
*==== INFO ====* req_id_count= 16000 stream_id=63996 latency=0.870428 ms (tx_ts=157199954201254, rx_ts=157199955071682) request_id=850977 zil_blk_id=63996 ccf_commit_seqno=850979 nstreams_done_=16000 config.nstreams=20000 avg_latency=0.8652 ms avg throuhgput (requests/sec) = 84.0470 res=false
*==== INFO ====* req_id_count= 16500 stream_id=65996 latency=0.683007 ms (tx_ts=157205888642342, rx_ts=157205889325349) request_id=877633 zil_blk_id=65996 ccf_commit_seqno=877633 nstreams_done_=16500 config.nstreams=20000 avg_latency=0.8647 ms avg throuhgput (requests/sec) = 84.0533 res=false
*==== INFO ====* req_id_count= 17000 stream_id=67996 latency=0.922996 ms (tx_ts=157211816113121, rx_ts=157211817036117) request_id=904300 zil_blk_id=67996 ccf_commit_seqno=904302 nstreams_done_=17000 config.nstreams=20000 avg_latency=0.8642 ms avg throuhgput (requests/sec) = 84.0620 res=false
*==== INFO ====* req_id_count= 17500 stream_id=69996 latency=0.911084 ms (tx_ts=157217754414922, rx_ts=157217755326006) request_id=930936 zil_blk_id=69996 ccf_commit_seqno=930936 nstreams_done_=17500 config.nstreams=20000 avg_latency=0.8645 ms avg throuhgput (requests/sec) = 84.0659 res=false
*==== INFO ====* req_id_count= 18000 stream_id=71996 latency=0.720978 ms (tx_ts=157223712187634, rx_ts=157223712908612) request_id=957637 zil_blk_id=71996 ccf_commit_seqno=957637 nstreams_done_=18000 config.nstreams=20000 avg_latency=0.8646 ms avg throuhgput (requests/sec) = 84.0621 res=false
*==== INFO ====* req_id_count= 18500 stream_id=73996 latency=0.924093 ms (tx_ts=157229634556021, rx_ts=157229635480114) request_id=984266 zil_blk_id=73996 ccf_commit_seqno=984271 nstreams_done_=18500 config.nstreams=20000 avg_latency=0.8643 ms avg throuhgput (requests/sec) = 84.0718 res=false
*==== INFO ====* req_id_count= 19000 stream_id=75996 latency=0.941761 ms (tx_ts=157235584129689, rx_ts=157235585071450) request_id=1010743 zil_blk_id=75996 ccf_commit_seqno=1010744 nstreams_done_=19000 config.nstreams=20000 avg_latency=0.8652 ms avg throuhgput (requests/sec) = 84.0709 res=false
*==== INFO ====* req_id_count= 19500 stream_id=77996 latency=0.626242 ms (tx_ts=157241532788052, rx_ts=157241533414294) request_id=1031604 zil_blk_id=77996 ccf_commit_seqno=1031604 nstreams_done_=19500 config.nstreams=20000 avg_latency=0.8652 ms avg throuhgput (requests/sec) = 84.0706 res=false
*==== INFO ====* http_end_stream ALL streams done! nstreams_done_=20000 avg_latency=0.8624 msreq_id_count= 20000
*==== INFO ====* req_id_count= 20000 stream_id=79996 latency=0.753429 ms (tx_ts=157247525719422, rx_ts=157247526472851) request_id=1039349 zil_blk_id=79996 ccf_commit_seqno=1039349 nstreams_done_=20000 config.nstreams=20000 avg_latency=0.8624 ms avg throuhgput (requests/sec) = 84.0544 res=true
