Uniform: 137364 180556 152028 720587 447082 
Exponential: -2147483648 -2147483648 -2147483648 -2147483648 -2147483648 
Truncated Normal: 955785 394344 315030 327787 567402 
*==== INFO ====* req_id_count= 500 stream_id=1996 latency=0.537024 ms (tx_ts=157015344287723, rx_ts=157015344824747) request_id=25142 zil_blk_id=1996 ccf_commit_seqno=25142 nstreams_done_=500 config.nstreams=20000 avg_latency=0.7188 ms avg throuhgput (requests/sec) = 86.6782 res=false
*==== INFO ====* req_id_count= 1000 stream_id=3996 latency=0.850561 ms (tx_ts=157021074490236, rx_ts=157021075340797) request_id=50595 zil_blk_id=3996 ccf_commit_seqno=50598 nstreams_done_=1000 config.nstreams=20000 avg_latency=0.7198 ms avg throuhgput (requests/sec) = 86.9642 res=false
*==== INFO ====* req_id_count= 1500 stream_id=5996 latency=0.701844 ms (tx_ts=157026832332679, rx_ts=157026833034523) request_id=76236 zil_blk_id=5996 ccf_commit_seqno=76237 nstreams_done_=1500 config.nstreams=20000 avg_latency=0.7117 ms avg throuhgput (requests/sec) = 86.9229 res=false
*==== INFO ====* req_id_count= 2000 stream_id=7996 latency=0.524806 ms (tx_ts=157032557284064, rx_ts=157032557808870) request_id=101692 zil_blk_id=7996 ccf_commit_seqno=101692 nstreams_done_=2000 config.nstreams=20000 avg_latency=0.7130 ms avg throuhgput (requests/sec) = 87.0267 res=false
*==== INFO ====* req_id_count= 2500 stream_id=9996 latency=0.815817 ms (tx_ts=157038269100095, rx_ts=157038269915912) request_id=127215 zil_blk_id=9996 ccf_commit_seqno=127216 nstreams_done_=2500 config.nstreams=20000 avg_latency=0.7082 ms avg throuhgput (requests/sec) = 87.1276 res=false
*==== INFO ====* req_id_count= 3000 stream_id=11996 latency=0.502881 ms (tx_ts=157043963555638, rx_ts=157043964058519) request_id=152659 zil_blk_id=11996 ccf_commit_seqno=152659 nstreams_done_=3000 config.nstreams=20000 avg_latency=0.7055 ms avg throuhgput (requests/sec) = 87.2405 res=false
*==== INFO ====* req_id_count= 3500 stream_id=13996 latency=0.533278 ms (tx_ts=157049689044817, rx_ts=157049689578095) request_id=178217 zil_blk_id=13996 ccf_commit_seqno=178217 nstreams_done_=3500 config.nstreams=20000 avg_latency=0.7060 ms avg throuhgput (requests/sec) = 87.2530 res=false
*==== INFO ====* req_id_count= 4000 stream_id=15996 latency=0.715595 ms (tx_ts=157055402036612, rx_ts=157055402752207) request_id=203729 zil_blk_id=15996 ccf_commit_seqno=203731 nstreams_done_=4000 config.nstreams=20000 avg_latency=0.7082 ms avg throuhgput (requests/sec) = 87.2860 res=false
*==== INFO ====* req_id_count= 4500 stream_id=17996 latency=0.775019 ms (tx_ts=157061120785683, rx_ts=157061121560702) request_id=229272 zil_blk_id=17996 ccf_commit_seqno=229274 nstreams_done_=4500 config.nstreams=20000 avg_latency=0.7067 ms avg throuhgput (requests/sec) = 87.3020 res=false
*==== INFO ====* req_id_count= 5000 stream_id=19996 latency=0.535811 ms (tx_ts=157066829515821, rx_ts=157066830051632) request_id=254803 zil_blk_id=19996 ccf_commit_seqno=254803 nstreams_done_=5000 config.nstreams=20000 avg_latency=0.7090 ms avg throuhgput (requests/sec) = 87.3306 res=false
*==== INFO ====* req_id_count= 5500 stream_id=21996 latency=0.541813 ms (tx_ts=157072514220595, rx_ts=157072514762408) request_id=280215 zil_blk_id=21996 ccf_commit_seqno=280215 nstreams_done_=5500 config.nstreams=20000 avg_latency=0.7073 ms avg throuhgput (requests/sec) = 87.3870 res=false
*==== INFO ====* req_id_count= 6000 stream_id=23996 latency=0.824502 ms (tx_ts=157078229856930, rx_ts=157078230681432) request_id=305764 zil_blk_id=23996 ccf_commit_seqno=305767 nstreams_done_=6000 config.nstreams=20000 avg_latency=0.7066 ms avg throuhgput (requests/sec) = 87.3944 res=false
*==== INFO ====* req_id_count= 6500 stream_id=25996 latency=0.643263 ms (tx_ts=157083911083627, rx_ts=157083911726890) request_id=331223 zil_blk_id=25996 ccf_commit_seqno=331223 nstreams_done_=6500 config.nstreams=20000 avg_latency=0.7042 ms avg throuhgput (requests/sec) = 87.4416 res=false
*==== INFO ====* req_id_count= 7000 stream_id=27996 latency=0.551011 ms (tx_ts=157089612424864, rx_ts=157089612975875) request_id=356751 zil_blk_id=27996 ccf_commit_seqno=356751 nstreams_done_=7000 config.nstreams=20000 avg_latency=0.7045 ms avg throuhgput (requests/sec) = 87.4600 res=false
*==== INFO ====* req_id_count= 7500 stream_id=29996 latency=0.835773 ms (tx_ts=157095295416248, rx_ts=157095296252021) request_id=382224 zil_blk_id=29996 ccf_commit_seqno=382226 nstreams_done_=7500 config.nstreams=20000 avg_latency=0.7036 ms avg throuhgput (requests/sec) = 87.4943 res=false
*==== INFO ====* req_id_count= 8000 stream_id=31996 latency=0.850090 ms (tx_ts=157100998459246, rx_ts=157100999309336) request_id=407739 zil_blk_id=31996 ccf_commit_seqno=407742 nstreams_done_=8000 config.nstreams=20000 avg_latency=0.7031 ms avg throuhgput (requests/sec) = 87.5054 res=false
*==== INFO ====* req_id_count= 8500 stream_id=33996 latency=0.718550 ms (tx_ts=157106710870426, rx_ts=157106711588976) request_id=433230 zil_blk_id=33996 ccf_commit_seqno=433230 nstreams_done_=8500 config.nstreams=20000 avg_latency=0.7053 ms avg throuhgput (requests/sec) = 87.5069 res=false
*==== INFO ====* req_id_count= 9000 stream_id=35996 latency=0.637532 ms (tx_ts=157112407830596, rx_ts=157112408468128) request_id=458735 zil_blk_id=35996 ccf_commit_seqno=458735 nstreams_done_=9000 config.nstreams=20000 avg_latency=0.7064 ms avg throuhgput (requests/sec) = 87.5213 res=false
*==== INFO ====* req_id_count= 9500 stream_id=37996 latency=0.633826 ms (tx_ts=157118140524386, rx_ts=157118141158212) request_id=484328 zil_blk_id=37996 ccf_commit_seqno=484329 nstreams_done_=9500 config.nstreams=20000 avg_latency=0.7086 ms avg throuhgput (requests/sec) = 87.5053 res=false
*==== INFO ====* req_id_count= 10000 stream_id=39996 latency=0.743340 ms (tx_ts=157123851082082, rx_ts=157123851825422) request_id=509807 zil_blk_id=39996 ccf_commit_seqno=509808 nstreams_done_=10000 config.nstreams=20000 avg_latency=0.7099 ms avg throuhgput (requests/sec) = 87.5078 res=false
*==== INFO ====* req_id_count= 10500 stream_id=41996 latency=0.622594 ms (tx_ts=157129556297212, rx_ts=157129556919806) request_id=535380 zil_blk_id=41996 ccf_commit_seqno=535381 nstreams_done_=10500 config.nstreams=20000 avg_latency=0.7090 ms avg throuhgput (requests/sec) = 87.5142 res=false
*==== INFO ====* req_id_count= 11000 stream_id=43996 latency=0.503181 ms (tx_ts=157135245952583, rx_ts=157135246455764) request_id=560930 zil_blk_id=43996 ccf_commit_seqno=560930 nstreams_done_=11000 config.nstreams=20000 avg_latency=0.7085 ms avg throuhgput (requests/sec) = 87.5308 res=false
*==== INFO ====* req_id_count= 11500 stream_id=45996 latency=0.806749 ms (tx_ts=157140935433077, rx_ts=157140936239826) request_id=586471 zil_blk_id=45996 ccf_commit_seqno=586472 nstreams_done_=11500 config.nstreams=20000 avg_latency=0.7075 ms avg throuhgput (requests/sec) = 87.5458 res=false
*==== INFO ====* req_id_count= 12000 stream_id=47996 latency=0.720948 ms (tx_ts=157146613490108, rx_ts=157146614211056) request_id=611876 zil_blk_id=47996 ccf_commit_seqno=611876 nstreams_done_=12000 config.nstreams=20000 avg_latency=0.7096 ms avg throuhgput (requests/sec) = 87.5670 res=false
*==== INFO ====* req_id_count= 12500 stream_id=49996 latency=0.824291 ms (tx_ts=157152281020233, rx_ts=157152281844524) request_id=637309 zil_blk_id=49996 ccf_commit_seqno=637311 nstreams_done_=12500 config.nstreams=20000 avg_latency=0.7082 ms avg throuhgput (requests/sec) = 87.5930 res=false
*==== INFO ====* req_id_count= 13000 stream_id=51996 latency=0.596568 ms (tx_ts=157157956333116, rx_ts=157157956929684) request_id=662754 zil_blk_id=51996 ccf_commit_seqno=662754 nstreams_done_=13000 config.nstreams=20000 avg_latency=0.7074 ms avg throuhgput (requests/sec) = 87.6126 res=false
*==== INFO ====* req_id_count= 13500 stream_id=53996 latency=0.527346 ms (tx_ts=157163628447326, rx_ts=157163628974672) request_id=688201 zil_blk_id=53996 ccf_commit_seqno=688201 nstreams_done_=13500 config.nstreams=20000 avg_latency=0.7065 ms avg throuhgput (requests/sec) = 87.6324 res=false
*==== INFO ====* req_id_count= 14000 stream_id=55996 latency=1.174295 ms (tx_ts=157169315896897, rx_ts=157169317071192) request_id=713670 zil_blk_id=55996 ccf_commit_seqno=713677 nstreams_done_=14000 config.nstreams=20000 avg_latency=0.7068 ms avg throuhgput (requests/sec) = 87.6420 res=false
*==== INFO ====* req_id_count= 14500 stream_id=57996 latency=0.734113 ms (tx_ts=157174987356189, rx_ts=157174988090302) request_id=739138 zil_blk_id=57996 ccf_commit_seqno=739138 nstreams_done_=14500 config.nstreams=20000 avg_latency=0.7064 ms avg throuhgput (requests/sec) = 87.6600 res=false
*==== INFO ====* req_id_count= 15000 stream_id=59996 latency=0.740344 ms (tx_ts=157180709289429, rx_ts=157180710029773) request_id=764668 zil_blk_id=59996 ccf_commit_seqno=764668 nstreams_done_=15000 config.nstreams=20000 avg_latency=0.7083 ms avg throuhgput (requests/sec) = 87.6508 res=false
*==== INFO ====* req_id_count= 15500 stream_id=61996 latency=0.648923 ms (tx_ts=157186394323449, rx_ts=157186394972372) request_id=790199 zil_blk_id=61996 ccf_commit_seqno=790199 nstreams_done_=15500 config.nstreams=20000 avg_latency=0.7085 ms avg throuhgput (requests/sec) = 87.6605 res=false
*==== INFO ====* req_id_count= 16000 stream_id=63996 latency=0.822959 ms (tx_ts=157192091373833, rx_ts=157192092196792) request_id=815733 zil_blk_id=63996 ccf_commit_seqno=815733 nstreams_done_=16000 config.nstreams=20000 avg_latency=0.7088 ms avg throuhgput (requests/sec) = 87.6636 res=false
*==== INFO ====* req_id_count= 16500 stream_id=65996 latency=0.832186 ms (tx_ts=157197781356127, rx_ts=157197782188313) request_id=841244 zil_blk_id=65996 ccf_commit_seqno=841246 nstreams_done_=16500 config.nstreams=20000 avg_latency=0.7089 ms avg throuhgput (requests/sec) = 87.6700 res=false
*==== INFO ====* req_id_count= 17000 stream_id=67996 latency=0.686243 ms (tx_ts=157203466794709, rx_ts=157203467480952) request_id=866749 zil_blk_id=67996 ccf_commit_seqno=866750 nstreams_done_=17000 config.nstreams=20000 avg_latency=0.7088 ms avg throuhgput (requests/sec) = 87.6781 res=false
*==== INFO ====* req_id_count= 17500 stream_id=69996 latency=0.744111 ms (tx_ts=157209141240514, rx_ts=157209141984625) request_id=892265 zil_blk_id=69996 ccf_commit_seqno=892267 nstreams_done_=17500 config.nstreams=20000 avg_latency=0.7079 ms avg throuhgput (requests/sec) = 87.6905 res=false
*==== INFO ====* req_id_count= 18000 stream_id=71996 latency=0.558264 ms (tx_ts=157214837202294, rx_ts=157214837760558) request_id=917831 zil_blk_id=71996 ccf_commit_seqno=917832 nstreams_done_=18000 config.nstreams=20000 avg_latency=0.7078 ms avg throuhgput (requests/sec) = 87.6931 res=false
*==== INFO ====* req_id_count= 18500 stream_id=73996 latency=0.703666 ms (tx_ts=157220525971699, rx_ts=157220526675365) request_id=943350 zil_blk_id=73996 ccf_commit_seqno=943350 nstreams_done_=18500 config.nstreams=20000 avg_latency=0.7083 ms avg throuhgput (requests/sec) = 87.6984 res=false
*==== INFO ====* req_id_count= 19000 stream_id=75996 latency=0.612475 ms (tx_ts=157226211744017, rx_ts=157226212356492) request_id=968870 zil_blk_id=75996 ccf_commit_seqno=968870 nstreams_done_=19000 config.nstreams=20000 avg_latency=0.7079 ms avg throuhgput (requests/sec) = 87.7047 res=false
*==== INFO ====* req_id_count= 19500 stream_id=77996 latency=0.477934 ms (tx_ts=157231890964789, rx_ts=157231891442723) request_id=994428 zil_blk_id=77996 ccf_commit_seqno=994428 nstreams_done_=19500 config.nstreams=20000 avg_latency=0.7071 ms avg throuhgput (requests/sec) = 87.7133 res=false
*==== INFO ====* http_end_stream ALL streams done! nstreams_done_=20000 avg_latency=0.7073 msreq_id_count= 20000
*==== INFO ====* req_id_count= 20000 stream_id=79996 latency=0.514843 ms (tx_ts=157237580921401, rx_ts=157237581436244) request_id=1018940 zil_blk_id=79996 ccf_commit_seqno=1018940 nstreams_done_=20000 config.nstreams=20000 avg_latency=0.7073 ms avg throuhgput (requests/sec) = 87.7173 res=true
