Uniform: 950238 140322 966455 794265 169289 
Exponential: -2147483648 -2147483648 -2147483648 -2147483648 -2147483648 
Truncated Normal: 605968 83736 90690 407282 877189 
*==== INFO ====* req_id_count= 500 stream_id=1996 latency=1.878072 ms (tx_ts=157015395180197, rx_ts=157015397058269) request_id=25371 zil_blk_id=1996 ccf_commit_seqno=25371 nstreams_done_=500 config.nstreams=20000 avg_latency=0.8844 ms avg throuhgput (requests/sec) = 86.0881 res=false
*==== INFO ====* req_id_count= 1000 stream_id=3996 latency=0.734534 ms (tx_ts=157021177698420, rx_ts=157021178432954) request_id=51053 zil_blk_id=3996 ccf_commit_seqno=51054 nstreams_done_=1000 config.nstreams=20000 avg_latency=0.8921 ms avg throuhgput (requests/sec) = 86.2859 res=false
*==== INFO ====* req_id_count= 1500 stream_id=5996 latency=0.981016 ms (tx_ts=157026938915396, rx_ts=157026939896412) request_id=76708 zil_blk_id=5996 ccf_commit_seqno=76709 nstreams_done_=1500 config.nstreams=20000 avg_latency=0.8908 ms avg throuhgput (requests/sec) = 86.4511 res=false
*==== INFO ====* req_id_count= 2000 stream_id=7996 latency=0.958495 ms (tx_ts=157032729580582, rx_ts=157032730539077) request_id=102450 zil_blk_id=7996 ccf_commit_seqno=102451 nstreams_done_=2000 config.nstreams=20000 avg_latency=0.8954 ms avg throuhgput (requests/sec) = 86.4249 res=false
*==== INFO ====* req_id_count= 2500 stream_id=9996 latency=0.910113 ms (tx_ts=157038495674829, rx_ts=157038496584942) request_id=128226 zil_blk_id=9996 ccf_commit_seqno=128226 nstreams_done_=2500 config.nstreams=20000 avg_latency=0.8871 ms avg throuhgput (requests/sec) = 86.4827 res=false
*==== INFO ====* req_id_count= 3000 stream_id=11996 latency=0.761665 ms (tx_ts=157044263545753, rx_ts=157044264307418) request_id=153993 zil_blk_id=11996 ccf_commit_seqno=153994 nstreams_done_=3000 config.nstreams=20000 avg_latency=0.8824 ms avg throuhgput (requests/sec) = 86.5170 res=false
*==== INFO ====* req_id_count= 3500 stream_id=13996 latency=0.738852 ms (tx_ts=157050049107733, rx_ts=157050049846585) request_id=179823 zil_blk_id=13996 ccf_commit_seqno=179823 nstreams_done_=3500 config.nstreams=20000 avg_latency=0.8852 ms avg throuhgput (requests/sec) = 86.5035 res=false
*==== INFO ====* req_id_count= 4000 stream_id=15996 latency=0.735286 ms (tx_ts=157055832394074, rx_ts=157055833129360) request_id=205653 zil_blk_id=15996 ccf_commit_seqno=205653 nstreams_done_=4000 config.nstreams=20000 avg_latency=0.8858 ms avg throuhgput (requests/sec) = 86.4976 res=false
*==== INFO ====* req_id_count= 4500 stream_id=17996 latency=0.676594 ms (tx_ts=157061609689106, rx_ts=157061610365700) request_id=231462 zil_blk_id=17996 ccf_commit_seqno=231462 nstreams_done_=4500 config.nstreams=20000 avg_latency=0.8822 ms avg throuhgput (requests/sec) = 86.5030 res=false
*==== INFO ====* req_id_count= 5000 stream_id=19996 latency=0.887530 ms (tx_ts=157067367465219, rx_ts=157067368352749) request_id=257205 zil_blk_id=19996 ccf_commit_seqno=257205 nstreams_done_=5000 config.nstreams=20000 avg_latency=0.8791 ms avg throuhgput (requests/sec) = 86.5362 res=false
*==== INFO ====* req_id_count= 5500 stream_id=21996 latency=0.765542 ms (tx_ts=157073147281890, rx_ts=157073148047432) request_id=283009 zil_blk_id=21996 ccf_commit_seqno=283010 nstreams_done_=5500 config.nstreams=20000 avg_latency=0.8781 ms avg throuhgput (requests/sec) = 86.5338 res=false
*==== INFO ====* req_id_count= 6000 stream_id=23996 latency=0.753298 ms (tx_ts=157078920120503, rx_ts=157078920873801) request_id=308849 zil_blk_id=23996 ccf_commit_seqno=308849 nstreams_done_=6000 config.nstreams=20000 avg_latency=0.8774 ms avg throuhgput (requests/sec) = 86.5404 res=false
*==== INFO ====* req_id_count= 6500 stream_id=25996 latency=0.688949 ms (tx_ts=157084671215379, rx_ts=157084671904328) request_id=334622 zil_blk_id=25996 ccf_commit_seqno=334622 nstreams_done_=6500 config.nstreams=20000 avg_latency=0.8753 ms avg throuhgput (requests/sec) = 86.5710 res=false
*==== INFO ====* req_id_count= 7000 stream_id=27996 latency=0.837587 ms (tx_ts=157090431093010, rx_ts=157090431930597) request_id=360435 zil_blk_id=27996 ccf_commit_seqno=360436 nstreams_done_=7000 config.nstreams=20000 avg_latency=0.8725 ms avg throuhgput (requests/sec) = 86.5877 res=false
*==== INFO ====* req_id_count= 7500 stream_id=29996 latency=0.882651 ms (tx_ts=157096198863330, rx_ts=157096199745981) request_id=386262 zil_blk_id=29996 ccf_commit_seqno=386266 nstreams_done_=7500 config.nstreams=20000 avg_latency=0.8711 ms avg throuhgput (requests/sec) = 86.5944 res=false
*==== INFO ====* req_id_count= 8000 stream_id=31996 latency=0.938925 ms (tx_ts=157101988219442, rx_ts=157101989158367) request_id=412174 zil_blk_id=31996 ccf_commit_seqno=412175 nstreams_done_=8000 config.nstreams=20000 avg_latency=0.8716 ms avg throuhgput (requests/sec) = 86.5800 res=false
*==== INFO ====* req_id_count= 8500 stream_id=33996 latency=0.907746 ms (tx_ts=157107785997758, rx_ts=157107786905504) request_id=438065 zil_blk_id=33996 ccf_commit_seqno=438065 nstreams_done_=8500 config.nstreams=20000 avg_latency=0.8755 ms avg throuhgput (requests/sec) = 86.5599 res=false
*==== INFO ====* req_id_count= 9000 stream_id=35996 latency=0.741757 ms (tx_ts=157113590128908, rx_ts=157113590870665) request_id=464022 zil_blk_id=35996 ccf_commit_seqno=464022 nstreams_done_=9000 config.nstreams=20000 avg_latency=0.8765 ms avg throuhgput (requests/sec) = 86.5369 res=false
*==== INFO ====* req_id_count= 9500 stream_id=37996 latency=1.028533 ms (tx_ts=157119380823674, rx_ts=157119381852207) request_id=489889 zil_blk_id=37996 ccf_commit_seqno=489892 nstreams_done_=9500 config.nstreams=20000 avg_latency=0.8763 ms avg throuhgput (requests/sec) = 86.5266 res=false
*==== INFO ====* req_id_count= 10000 stream_id=39996 latency=0.704668 ms (tx_ts=157125164117648, rx_ts=157125164822316) request_id=515711 zil_blk_id=39996 ccf_commit_seqno=515711 nstreams_done_=10000 config.nstreams=20000 avg_latency=0.8773 ms avg throuhgput (requests/sec) = 86.5233 res=false
*==== INFO ====* req_id_count= 10500 stream_id=41996 latency=0.746686 ms (tx_ts=157130932100584, rx_ts=157130932847270) request_id=541553 zil_blk_id=41996 ccf_commit_seqno=541554 nstreams_done_=10500 config.nstreams=20000 avg_latency=0.8772 ms avg throuhgput (requests/sec) = 86.5310 res=false
*==== INFO ====* req_id_count= 11000 stream_id=43996 latency=0.920923 ms (tx_ts=157136673279427, rx_ts=157136674200350) request_id=567334 zil_blk_id=43996 ccf_commit_seqno=567338 nstreams_done_=11000 config.nstreams=20000 avg_latency=0.8763 ms avg throuhgput (requests/sec) = 86.5561 res=false
*==== INFO ====* req_id_count= 11500 stream_id=45996 latency=0.890515 ms (tx_ts=157142424612583, rx_ts=157142425503098) request_id=593146 zil_blk_id=45996 ccf_commit_seqno=593147 nstreams_done_=11500 config.nstreams=20000 avg_latency=0.8756 ms avg throuhgput (requests/sec) = 86.5726 res=false
*==== INFO ====* req_id_count= 12000 stream_id=47996 latency=0.949986 ms (tx_ts=157148205434064, rx_ts=157148206384050) request_id=619002 zil_blk_id=47996 ccf_commit_seqno=619002 nstreams_done_=12000 config.nstreams=20000 avg_latency=0.8759 ms avg throuhgput (requests/sec) = 86.5693 res=false
*==== INFO ====* req_id_count= 12500 stream_id=49996 latency=0.958883 ms (tx_ts=157153960661824, rx_ts=157153961620707) request_id=644852 zil_blk_id=49996 ccf_commit_seqno=644853 nstreams_done_=12500 config.nstreams=20000 avg_latency=0.8751 ms avg throuhgput (requests/sec) = 86.5815 res=false
*==== INFO ====* req_id_count= 13000 stream_id=51996 latency=0.864347 ms (tx_ts=157159709696027, rx_ts=157159710560374) request_id=670624 zil_blk_id=51996 ccf_commit_seqno=670625 nstreams_done_=13000 config.nstreams=20000 avg_latency=0.8736 ms avg throuhgput (requests/sec) = 86.5965 res=false
*==== INFO ====* req_id_count= 13500 stream_id=53996 latency=0.698866 ms (tx_ts=157165443793811, rx_ts=157165444492677) request_id=696342 zil_blk_id=53996 ccf_commit_seqno=696342 nstreams_done_=13500 config.nstreams=20000 avg_latency=0.8723 ms avg throuhgput (requests/sec) = 86.6187 res=false
*==== INFO ====* req_id_count= 14000 stream_id=55996 latency=0.973851 ms (tx_ts=157171203334086, rx_ts=157171204307937) request_id=722166 zil_blk_id=55996 ccf_commit_seqno=722168 nstreams_done_=14000 config.nstreams=20000 avg_latency=0.8718 ms avg throuhgput (requests/sec) = 86.6255 res=false
*==== INFO ====* req_id_count= 14500 stream_id=57996 latency=0.663120 ms (tx_ts=157176990859872, rx_ts=157176991522992) request_id=748028 zil_blk_id=57996 ccf_commit_seqno=748028 nstreams_done_=14500 config.nstreams=20000 avg_latency=0.8724 ms avg throuhgput (requests/sec) = 86.6176 res=false
*==== INFO ====* req_id_count= 15000 stream_id=59996 latency=0.900675 ms (tx_ts=157182770297006, rx_ts=157182771197681) request_id=773895 zil_blk_id=59996 ccf_commit_seqno=773896 nstreams_done_=15000 config.nstreams=20000 avg_latency=0.8728 ms avg throuhgput (requests/sec) = 86.6140 res=false
*==== INFO ====* req_id_count= 15500 stream_id=61996 latency=0.648292 ms (tx_ts=157188519174470, rx_ts=157188519822762) request_id=799757 zil_blk_id=61996 ccf_commit_seqno=799757 nstreams_done_=15500 config.nstreams=20000 avg_latency=0.8714 ms avg throuhgput (requests/sec) = 86.6257 res=false
*==== INFO ====* req_id_count= 16000 stream_id=63996 latency=0.879903 ms (tx_ts=157194315616555, rx_ts=157194316496458) request_id=825709 zil_blk_id=63996 ccf_commit_seqno=825709 nstreams_done_=16000 config.nstreams=20000 avg_latency=0.8732 ms avg throuhgput (requests/sec) = 86.6141 res=false
*==== INFO ====* req_id_count= 16500 stream_id=65996 latency=0.754902 ms (tx_ts=157200077526289, rx_ts=157200078281191) request_id=851533 zil_blk_id=65996 ccf_commit_seqno=851533 nstreams_done_=16500 config.nstreams=20000 avg_latency=0.8733 ms avg throuhgput (requests/sec) = 86.6191 res=false
*==== INFO ====* req_id_count= 17000 stream_id=67996 latency=0.661908 ms (tx_ts=157205827678836, rx_ts=157205828340744) request_id=877359 zil_blk_id=67996 ccf_commit_seqno=877359 nstreams_done_=17000 config.nstreams=20000 avg_latency=0.8721 ms avg throuhgput (requests/sec) = 86.6289 res=false
*==== INFO ====* req_id_count= 17500 stream_id=69996 latency=0.688016 ms (tx_ts=157211587794770, rx_ts=157211588482786) request_id=903278 zil_blk_id=69996 ccf_commit_seqno=903278 nstreams_done_=17500 config.nstreams=20000 avg_latency=0.8719 ms avg throuhgput (requests/sec) = 86.6339 res=false
*==== INFO ====* req_id_count= 18000 stream_id=71996 latency=0.984742 ms (tx_ts=157217368255874, rx_ts=157217369240616) request_id=929204 zil_blk_id=71996 ccf_commit_seqno=929204 nstreams_done_=18000 config.nstreams=20000 avg_latency=0.8722 ms avg throuhgput (requests/sec) = 86.6300 res=false
*==== INFO ====* req_id_count= 18500 stream_id=73996 latency=0.668370 ms (tx_ts=157223134168730, rx_ts=157223134837100) request_id=955044 zil_blk_id=73996 ccf_commit_seqno=955044 nstreams_done_=18500 config.nstreams=20000 avg_latency=0.8725 ms avg throuhgput (requests/sec) = 86.6325 res=false
*==== INFO ====* req_id_count= 19000 stream_id=75996 latency=0.953874 ms (tx_ts=157228882654126, rx_ts=157228883608000) request_id=980886 zil_blk_id=75996 ccf_commit_seqno=980888 nstreams_done_=19000 config.nstreams=20000 avg_latency=0.8724 ms avg throuhgput (requests/sec) = 86.6415 res=false
*==== INFO ====* req_id_count= 19500 stream_id=77996 latency=1.142947 ms (tx_ts=157234668672640, rx_ts=157234669815587) request_id=1006818 zil_blk_id=77996 ccf_commit_seqno=1006818 nstreams_done_=19500 config.nstreams=20000 avg_latency=0.8731 ms avg throuhgput (requests/sec) = 86.6356 res=false
*==== INFO ====* http_end_stream ALL streams done! nstreams_done_=20000 avg_latency=0.8722 msreq_id_count= 20000
*==== INFO ====* req_id_count= 20000 stream_id=79996 latency=0.803593 ms (tx_ts=157240435812773, rx_ts=157240436616366) request_id=1028928 zil_blk_id=79996 ccf_commit_seqno=1028928 nstreams_done_=20000 config.nstreams=20000 avg_latency=0.8722 ms avg throuhgput (requests/sec) = 86.6373 res=true
