Uniform: 246576 145709 455987 992746 836430 
Exponential: -2147483648 -2147483648 -2147483648 -2147483648 -2147483648 
Truncated Normal: 388428 602288 283479 953492 23640 
*==== INFO ====* req_id_count= 500 stream_id=1996 latency=1.012393 ms (tx_ts=157015489347477, rx_ts=157015490359870) request_id=25773 zil_blk_id=1996 ccf_commit_seqno=25776 nstreams_done_=500 config.nstreams=20000 avg_latency=0.8983 ms avg throuhgput (requests/sec) = 84.7885 res=false
*==== INFO ====* req_id_count= 1000 stream_id=3996 latency=0.779749 ms (tx_ts=157021380780009, rx_ts=157021381559758) request_id=51942 zil_blk_id=3996 ccf_commit_seqno=51942 nstreams_done_=1000 config.nstreams=20000 avg_latency=0.9117 ms avg throuhgput (requests/sec) = 84.8304 res=false
*==== INFO ====* req_id_count= 1500 stream_id=5996 latency=0.725858 ms (tx_ts=157027238137077, rx_ts=157027238862935) request_id=78027 zil_blk_id=5996 ccf_commit_seqno=78027 nstreams_done_=1500 config.nstreams=20000 avg_latency=0.9110 ms avg throuhgput (requests/sec) = 85.0074 res=false
*==== INFO ====* req_id_count= 2000 stream_id=7996 latency=0.733233 ms (tx_ts=157033110986541, rx_ts=157033111719774) request_id=104143 zil_blk_id=7996 ccf_commit_seqno=104143 nstreams_done_=2000 config.nstreams=20000 avg_latency=0.9221 ms avg throuhgput (requests/sec) = 85.0399 res=false
*==== INFO ====* req_id_count= 2500 stream_id=9996 latency=0.727862 ms (tx_ts=157038956125849, rx_ts=157038956853711) request_id=130266 zil_blk_id=9996 ccf_commit_seqno=130266 nstreams_done_=2500 config.nstreams=20000 avg_latency=0.9262 ms avg throuhgput (requests/sec) = 85.1397 res=false
*==== INFO ====* req_id_count= 3000 stream_id=11996 latency=0.869607 ms (tx_ts=157044805022344, rx_ts=157044805891951) request_id=156388 zil_blk_id=11996 ccf_commit_seqno=156388 nstreams_done_=3000 config.nstreams=20000 avg_latency=0.9191 ms avg throuhgput (requests/sec) = 85.1969 res=false
*==== INFO ====* req_id_count= 3500 stream_id=13996 latency=0.781471 ms (tx_ts=157050656996417, rx_ts=157050657777888) request_id=182527 zil_blk_id=13996 ccf_commit_seqno=182527 nstreams_done_=3500 config.nstreams=20000 avg_latency=0.9187 ms avg throuhgput (requests/sec) = 85.2319 res=false
*==== INFO ====* req_id_count= 4000 stream_id=15996 latency=1.017592 ms (tx_ts=157056510509012, rx_ts=157056511526604) request_id=208658 zil_blk_id=15996 ccf_commit_seqno=208661 nstreams_done_=4000 config.nstreams=20000 avg_latency=0.9197 ms avg throuhgput (requests/sec) = 85.2548 res=false
*==== INFO ====* req_id_count= 4500 stream_id=17996 latency=0.869966 ms (tx_ts=157062316450104, rx_ts=157062317320070) request_id=234614 zil_blk_id=17996 ccf_commit_seqno=234614 nstreams_done_=4500 config.nstreams=20000 avg_latency=0.9178 ms avg throuhgput (requests/sec) = 85.3502 res=false
*==== INFO ====* req_id_count= 5000 stream_id=19996 latency=0.916003 ms (tx_ts=157068126802066, rx_ts=157068127718069) request_id=260591 zil_blk_id=19996 ccf_commit_seqno=260593 nstreams_done_=5000 config.nstreams=20000 avg_latency=0.9172 ms avg throuhgput (requests/sec) = 85.4199 res=false
*==== INFO ====* req_id_count= 5500 stream_id=21996 latency=0.775490 ms (tx_ts=157073934358224, rx_ts=157073935133714) request_id=286534 zil_blk_id=21996 ccf_commit_seqno=286534 nstreams_done_=5500 config.nstreams=20000 avg_latency=0.9172 ms avg throuhgput (requests/sec) = 85.4810 res=false
*==== INFO ====* req_id_count= 6000 stream_id=23996 latency=1.959270 ms (tx_ts=157079759227091, rx_ts=157079761186361) request_id=312606 zil_blk_id=23996 ccf_commit_seqno=312615 nstreams_done_=6000 config.nstreams=20000 avg_latency=0.9191 ms avg throuhgput (requests/sec) = 85.5092 res=false
*==== INFO ====* req_id_count= 6500 stream_id=25996 latency=0.850671 ms (tx_ts=157085542177655, rx_ts=157085543028326) request_id=338522 zil_blk_id=25996 ccf_commit_seqno=338523 nstreams_done_=6500 config.nstreams=20000 avg_latency=0.9172 ms avg throuhgput (requests/sec) = 85.5830 res=false
*==== INFO ====* req_id_count= 7000 stream_id=27996 latency=0.784736 ms (tx_ts=157091358557552, rx_ts=157091359342288) request_id=364584 zil_blk_id=27996 ccf_commit_seqno=364584 nstreams_done_=7000 config.nstreams=20000 avg_latency=0.9167 ms avg throuhgput (requests/sec) = 85.6101 res=false
*==== INFO ====* req_id_count= 7500 stream_id=29996 latency=1.026951 ms (tx_ts=157097177345418, rx_ts=157097178372369) request_id=390642 zil_blk_id=29996 ccf_commit_seqno=390642 nstreams_done_=7500 config.nstreams=20000 avg_latency=0.9160 ms avg throuhgput (requests/sec) = 85.6311 res=false
*==== INFO ====* req_id_count= 8000 stream_id=31996 latency=0.887619 ms (tx_ts=157103003179498, rx_ts=157103004067117) request_id=416663 zil_blk_id=31996 ccf_commit_seqno=416663 nstreams_done_=8000 config.nstreams=20000 avg_latency=0.9188 ms avg throuhgput (requests/sec) = 85.6433 res=false
*==== INFO ====* req_id_count= 8500 stream_id=33996 latency=0.979360 ms (tx_ts=157108811741705, rx_ts=157108812721065) request_id=442636 zil_blk_id=33996 ccf_commit_seqno=442637 nstreams_done_=8500 config.nstreams=20000 avg_latency=0.9200 ms avg throuhgput (requests/sec) = 85.6687 res=false
*==== INFO ====* req_id_count= 9000 stream_id=35996 latency=0.737015 ms (tx_ts=157114609815449, rx_ts=157114610552464) request_id=468585 zil_blk_id=35996 ccf_commit_seqno=468585 nstreams_done_=9000 config.nstreams=20000 avg_latency=0.9194 ms avg throuhgput (requests/sec) = 85.7002 res=false
*==== INFO ====* req_id_count= 9500 stream_id=37996 latency=1.005878 ms (tx_ts=157120427655606, rx_ts=157120428661484) request_id=494554 zil_blk_id=37996 ccf_commit_seqno=494555 nstreams_done_=9500 config.nstreams=20000 avg_latency=0.9193 ms avg throuhgput (requests/sec) = 85.7127 res=false
*==== INFO ====* req_id_count= 10000 stream_id=39996 latency=0.991434 ms (tx_ts=157126260069984, rx_ts=157126261061418) request_id=520632 zil_blk_id=39996 ccf_commit_seqno=520635 nstreams_done_=10000 config.nstreams=20000 avg_latency=0.9201 ms avg throuhgput (requests/sec) = 85.7135 res=false
*==== INFO ====* req_id_count= 10500 stream_id=41996 latency=1.194544 ms (tx_ts=157132061320793, rx_ts=157132062515337) request_id=546625 zil_blk_id=41996 ccf_commit_seqno=546625 nstreams_done_=10500 config.nstreams=20000 avg_latency=0.9203 ms avg throuhgput (requests/sec) = 85.7359 res=false
*==== INFO ====* req_id_count= 11000 stream_id=43996 latency=1.056746 ms (tx_ts=157137872211639, rx_ts=157137873268385) request_id=572716 zil_blk_id=43996 ccf_commit_seqno=572717 nstreams_done_=11000 config.nstreams=20000 avg_latency=0.9196 ms avg throuhgput (requests/sec) = 85.7500 res=false
*==== INFO ====* req_id_count= 11500 stream_id=45996 latency=0.974252 ms (tx_ts=157143675766664, rx_ts=157143676740916) request_id=598706 zil_blk_id=45996 ccf_commit_seqno=598708 nstreams_done_=11500 config.nstreams=20000 avg_latency=0.9190 ms avg throuhgput (requests/sec) = 85.7675 res=false
*==== INFO ====* req_id_count= 12000 stream_id=47996 latency=0.815625 ms (tx_ts=157149460019725, rx_ts=157149460835350) request_id=624641 zil_blk_id=47996 ccf_commit_seqno=624642 nstreams_done_=12000 config.nstreams=20000 avg_latency=0.9173 ms avg throuhgput (requests/sec) = 85.7955 res=false
*==== INFO ====* req_id_count= 12500 stream_id=49996 latency=1.046116 ms (tx_ts=157155245832962, rx_ts=157155246879078) request_id=650609 zil_blk_id=49996 ccf_commit_seqno=650610 nstreams_done_=12500 config.nstreams=20000 avg_latency=0.9159 ms avg throuhgput (requests/sec) = 85.8201 res=false
*==== INFO ====* req_id_count= 13000 stream_id=51996 latency=0.707613 ms (tx_ts=157161053621561, rx_ts=157161054329174) request_id=676657 zil_blk_id=51996 ccf_commit_seqno=676657 nstreams_done_=13000 config.nstreams=20000 avg_latency=0.9153 ms avg throuhgput (requests/sec) = 85.8307 res=false
*==== INFO ====* req_id_count= 13500 stream_id=53996 latency=0.840993 ms (tx_ts=157166857035082, rx_ts=157166857876075) request_id=702665 zil_blk_id=53996 ccf_commit_seqno=702666 nstreams_done_=13500 config.nstreams=20000 avg_latency=0.9148 ms avg throuhgput (requests/sec) = 85.8426 res=false
*==== INFO ====* req_id_count= 14000 stream_id=55996 latency=0.931392 ms (tx_ts=157172637102109, rx_ts=157172638033501) request_id=728595 zil_blk_id=55996 ccf_commit_seqno=728597 nstreams_done_=14000 config.nstreams=20000 avg_latency=0.9132 ms avg throuhgput (requests/sec) = 85.8660 res=false
*==== INFO ====* req_id_count= 14500 stream_id=57996 latency=1.545700 ms (tx_ts=157178457955101, rx_ts=157178459500801) request_id=754599 zil_blk_id=57996 ccf_commit_seqno=754602 nstreams_done_=14500 config.nstreams=20000 avg_latency=0.9154 ms avg throuhgput (requests/sec) = 85.8668 res=false
*==== INFO ====* req_id_count= 15000 stream_id=59996 latency=0.793844 ms (tx_ts=157184249763782, rx_ts=157184250557626) request_id=780549 zil_blk_id=59996 ccf_commit_seqno=780550 nstreams_done_=15000 config.nstreams=20000 avg_latency=0.9145 ms avg throuhgput (requests/sec) = 85.8825 res=false
*==== INFO ====* req_id_count= 15500 stream_id=61996 latency=1.027501 ms (tx_ts=157190034676638, rx_ts=157190035704139) request_id=806545 zil_blk_id=61996 ccf_commit_seqno=806545 nstreams_done_=15500 config.nstreams=20000 avg_latency=0.9135 ms avg throuhgput (requests/sec) = 85.9000 res=false
*==== INFO ====* req_id_count= 16000 stream_id=63996 latency=0.915372 ms (tx_ts=157195849696840, rx_ts=157195850612212) request_id=832572 zil_blk_id=63996 ccf_commit_seqno=832572 nstreams_done_=16000 config.nstreams=20000 avg_latency=0.9140 ms avg throuhgput (requests/sec) = 85.9027 res=false
*==== INFO ====* req_id_count= 16500 stream_id=65996 latency=0.728712 ms (tx_ts=157201646143977, rx_ts=157201646872689) request_id=858576 zil_blk_id=65996 ccf_commit_seqno=858576 nstreams_done_=16500 config.nstreams=20000 avg_latency=0.9140 ms avg throuhgput (requests/sec) = 85.9135 res=false
*==== INFO ====* req_id_count= 17000 stream_id=67996 latency=0.962023 ms (tx_ts=157207429781137, rx_ts=157207430743160) request_id=884575 zil_blk_id=67996 ccf_commit_seqno=884576 nstreams_done_=17000 config.nstreams=20000 avg_latency=0.9133 ms avg throuhgput (requests/sec) = 85.9291 res=false
*==== INFO ====* req_id_count= 17500 stream_id=69996 latency=0.871751 ms (tx_ts=157213209890177, rx_ts=157213210761928) request_id=910516 zil_blk_id=69996 ccf_commit_seqno=910516 nstreams_done_=17500 config.nstreams=20000 avg_latency=0.9128 ms avg throuhgput (requests/sec) = 85.9455 res=false
*==== INFO ====* req_id_count= 18000 stream_id=71996 latency=0.790869 ms (tx_ts=157219020352603, rx_ts=157219021143472) request_id=936616 zil_blk_id=71996 ccf_commit_seqno=936618 nstreams_done_=18000 config.nstreams=20000 avg_latency=0.9126 ms avg throuhgput (requests/sec) = 85.9485 res=false
*==== INFO ====* req_id_count= 18500 stream_id=73996 latency=0.971286 ms (tx_ts=157224825307532, rx_ts=157224826278818) request_id=962635 zil_blk_id=73996 ccf_commit_seqno=962635 nstreams_done_=18500 config.nstreams=20000 avg_latency=0.9131 ms avg throuhgput (requests/sec) = 85.9534 res=false
*==== INFO ====* req_id_count= 19000 stream_id=75996 latency=1.019306 ms (tx_ts=157230623312966, rx_ts=157230624332272) request_id=988713 zil_blk_id=75996 ccf_commit_seqno=988715 nstreams_done_=19000 config.nstreams=20000 avg_latency=0.9131 ms avg throuhgput (requests/sec) = 85.9608 res=false
*==== INFO ====* req_id_count= 19500 stream_id=77996 latency=0.807631 ms (tx_ts=157236448220485, rx_ts=157236449028116) request_id=1014355 zil_blk_id=77996 ccf_commit_seqno=1014355 nstreams_done_=19500 config.nstreams=20000 avg_latency=0.9134 ms avg throuhgput (requests/sec) = 85.9577 res=false
*==== INFO ====* http_end_stream ALL streams done! nstreams_done_=20000 avg_latency=0.9124 msreq_id_count= 20000
*==== INFO ====* req_id_count= 20000 stream_id=79996 latency=0.995744 ms (tx_ts=157242258426864, rx_ts=157242259422608) request_id=1033177 zil_blk_id=79996 ccf_commit_seqno=1033177 nstreams_done_=20000 config.nstreams=20000 avg_latency=0.9124 ms avg throuhgput (requests/sec) = 85.9601 res=true
