Uniform: 686471 889006 786919 537340 791853 
Exponential: -2147483648 -2147483648 -2147483648 -2147483648 -2147483648 
Truncated Normal: 736971 729242 380140 605512 480656 
*==== INFO ====* req_id_count= 500 stream_id=1996 latency=0.865419 ms (tx_ts=157015488641281, rx_ts=157015489506700) request_id=25770 zil_blk_id=1996 ccf_commit_seqno=25770 nstreams_done_=500 config.nstreams=20000 avg_latency=0.8529 ms avg throuhgput (requests/sec) = 84.6355 res=false
*==== INFO ====* req_id_count= 1000 stream_id=3996 latency=0.679671 ms (tx_ts=157021434261493, rx_ts=157021434941164) request_id=52179 zil_blk_id=3996 ccf_commit_seqno=52179 nstreams_done_=1000 config.nstreams=20000 avg_latency=0.8669 ms avg throuhgput (requests/sec) = 84.3660 res=false
*==== INFO ====* req_id_count= 1500 stream_id=5996 latency=0.895666 ms (tx_ts=157027353608572, rx_ts=157027354504238) request_id=78539 zil_blk_id=5996 ccf_commit_seqno=78540 nstreams_done_=1500 config.nstreams=20000 avg_latency=0.8586 ms avg throuhgput (requests/sec) = 84.3992 res=false
*==== INFO ====* req_id_count= 2000 stream_id=7996 latency=1.011351 ms (tx_ts=157033317685987, rx_ts=157033318697338) request_id=105062 zil_blk_id=7996 ccf_commit_seqno=105062 nstreams_done_=2000 config.nstreams=20000 avg_latency=0.8685 ms avg throuhgput (requests/sec) = 84.2571 res=false
*==== INFO ====* req_id_count= 2500 stream_id=9996 latency=0.766604 ms (tx_ts=157039209043094, rx_ts=157039209809698) request_id=131386 zil_blk_id=9996 ccf_commit_seqno=131386 nstreams_done_=2500 config.nstreams=20000 avg_latency=0.8654 ms avg throuhgput (requests/sec) = 84.3797 res=false
*==== INFO ====* req_id_count= 3000 stream_id=11996 latency=0.909671 ms (tx_ts=157045077556292, rx_ts=157045078465963) request_id=157610 zil_blk_id=11996 ccf_commit_seqno=157610 nstreams_done_=3000 config.nstreams=20000 avg_latency=0.8673 ms avg throuhgput (requests/sec) = 84.5150 res=false
*==== INFO ====* req_id_count= 3500 stream_id=13996 latency=0.740064 ms (tx_ts=157050938292549, rx_ts=157050939032613) request_id=183791 zil_blk_id=13996 ccf_commit_seqno=183791 nstreams_done_=3500 config.nstreams=20000 avg_latency=0.8672 ms avg throuhgput (requests/sec) = 84.6285 res=false
*==== INFO ====* req_id_count= 4000 stream_id=15996 latency=0.656178 ms (tx_ts=157056849326835, rx_ts=157056849983013) request_id=210171 zil_blk_id=15996 ccf_commit_seqno=210171 nstreams_done_=4000 config.nstreams=20000 avg_latency=0.8738 ms avg throuhgput (requests/sec) = 84.6236 res=false
*==== INFO ====* req_id_count= 4500 stream_id=17996 latency=0.694568 ms (tx_ts=157062688335851, rx_ts=157062689030419) request_id=236274 zil_blk_id=17996 ccf_commit_seqno=236274 nstreams_done_=4500 config.nstreams=20000 avg_latency=0.8719 ms avg throuhgput (requests/sec) = 84.7343 res=false
*==== INFO ====* req_id_count= 5000 stream_id=19996 latency=1.044804 ms (tx_ts=157068565633186, rx_ts=157068566677990) request_id=262555 zil_blk_id=19996 ccf_commit_seqno=262555 nstreams_done_=5000 config.nstreams=20000 avg_latency=0.8720 ms avg throuhgput (requests/sec) = 84.7675 res=false
*==== INFO ====* req_id_count= 5500 stream_id=21996 latency=0.655406 ms (tx_ts=157074473024396, rx_ts=157074473679802) request_id=288940 zil_blk_id=21996 ccf_commit_seqno=288940 nstreams_done_=5500 config.nstreams=20000 avg_latency=0.8759 ms avg throuhgput (requests/sec) = 84.7564 res=false
*==== INFO ====* req_id_count= 6000 stream_id=23996 latency=0.930991 ms (tx_ts=157080293358223, rx_ts=157080294289214) request_id=315000 zil_blk_id=23996 ccf_commit_seqno=315002 nstreams_done_=6000 config.nstreams=20000 avg_latency=0.8733 ms avg throuhgput (requests/sec) = 84.8507 res=false
*==== INFO ====* req_id_count= 6500 stream_id=25996 latency=0.598811 ms (tx_ts=157086147514320, rx_ts=157086148113131) request_id=341237 zil_blk_id=25996 ccf_commit_seqno=341237 nstreams_done_=6500 config.nstreams=20000 avg_latency=0.8718 ms avg throuhgput (requests/sec) = 84.8938 res=false
*==== INFO ====* req_id_count= 7000 stream_id=27996 latency=0.909622 ms (tx_ts=157091976071064, rx_ts=157091976980686) request_id=367344 zil_blk_id=27996 ccf_commit_seqno=367345 nstreams_done_=7000 config.nstreams=20000 avg_latency=0.8707 ms avg throuhgput (requests/sec) = 84.9564 res=false
*==== INFO ====* req_id_count= 7500 stream_id=29996 latency=0.587769 ms (tx_ts=157097822991884, rx_ts=157097823579653) request_id=393529 zil_blk_id=29996 ccf_commit_seqno=393529 nstreams_done_=7500 config.nstreams=20000 avg_latency=0.8706 ms avg throuhgput (requests/sec) = 84.9938 res=false
*==== INFO ====* req_id_count= 8000 stream_id=31996 latency=0.618666 ms (tx_ts=157103690446742, rx_ts=157103691065408) request_id=419739 zil_blk_id=31996 ccf_commit_seqno=419739 nstreams_done_=8000 config.nstreams=20000 avg_latency=0.8742 ms avg throuhgput (requests/sec) = 85.0076 res=false
*==== INFO ====* req_id_count= 8500 stream_id=33996 latency=0.918788 ms (tx_ts=157109528406340, rx_ts=157109529325128) request_id=445850 zil_blk_id=33996 ccf_commit_seqno=445851 nstreams_done_=8500 config.nstreams=20000 avg_latency=0.8737 ms avg throuhgput (requests/sec) = 85.0446 res=false
*==== INFO ====* req_id_count= 9000 stream_id=35996 latency=1.517919 ms (tx_ts=157115383389843, rx_ts=157115384907762) request_id=472055 zil_blk_id=35996 ccf_commit_seqno=472060 nstreams_done_=9000 config.nstreams=20000 avg_latency=0.8746 ms avg throuhgput (requests/sec) = 85.0637 res=false
*==== INFO ====* req_id_count= 9500 stream_id=37996 latency=0.633495 ms (tx_ts=157121285740032, rx_ts=157121286373527) request_id=498333 zil_blk_id=37996 ccf_commit_seqno=498333 nstreams_done_=9500 config.nstreams=20000 avg_latency=0.8790 ms avg throuhgput (requests/sec) = 85.0458 res=false
*==== INFO ====* req_id_count= 10000 stream_id=39996 latency=0.985362 ms (tx_ts=157127136233769, rx_ts=157127137219131) request_id=524516 zil_blk_id=39996 ccf_commit_seqno=524521 nstreams_done_=10000 config.nstreams=20000 avg_latency=0.8796 ms avg throuhgput (requests/sec) = 85.0663 res=false
*==== INFO ====* req_id_count= 10500 stream_id=41996 latency=0.620259 ms (tx_ts=157132960371258, rx_ts=157132960991517) request_id=550647 zil_blk_id=41996 ccf_commit_seqno=550647 nstreams_done_=10500 config.nstreams=20000 avg_latency=0.8788 ms avg throuhgput (requests/sec) = 85.1035 res=false
*==== INFO ====* req_id_count= 11000 stream_id=43996 latency=0.627664 ms (tx_ts=157138762717332, rx_ts=157138763344996) request_id=576721 zil_blk_id=43996 ccf_commit_seqno=576721 nstreams_done_=11000 config.nstreams=20000 avg_latency=0.8764 ms avg throuhgput (requests/sec) = 85.1515 res=false
*==== INFO ====* req_id_count= 11500 stream_id=45996 latency=0.836635 ms (tx_ts=157144591041487, rx_ts=157144591878122) request_id=602813 zil_blk_id=45996 ccf_commit_seqno=602813 nstreams_done_=11500 config.nstreams=20000 avg_latency=0.8756 ms avg throuhgput (requests/sec) = 85.1788 res=false
*==== INFO ====* req_id_count= 12000 stream_id=47996 latency=0.688698 ms (tx_ts=157150402842047, rx_ts=157150403530745) request_id=628876 zil_blk_id=47996 ccf_commit_seqno=628876 nstreams_done_=12000 config.nstreams=20000 avg_latency=0.8744 ms avg throuhgput (requests/sec) = 85.2141 res=false
*==== INFO ====* req_id_count= 12500 stream_id=49996 latency=0.606281 ms (tx_ts=157156201935202, rx_ts=157156202541483) request_id=654887 zil_blk_id=49996 ccf_commit_seqno=654887 nstreams_done_=12500 config.nstreams=20000 avg_latency=0.8728 ms avg throuhgput (requests/sec) = 85.2540 res=false
*==== INFO ====* req_id_count= 13000 stream_id=51996 latency=0.864617 ms (tx_ts=157162043875062, rx_ts=157162044739679) request_id=681103 zil_blk_id=51996 ccf_commit_seqno=681103 nstreams_done_=13000 config.nstreams=20000 avg_latency=0.8712 ms avg throuhgput (requests/sec) = 85.2666 res=false
*==== INFO ====* req_id_count= 13500 stream_id=53996 latency=1.327222 ms (tx_ts=157167894950981, rx_ts=157167896278203) request_id=707315 zil_blk_id=53996 ccf_commit_seqno=707316 nstreams_done_=13500 config.nstreams=20000 avg_latency=0.8720 ms avg throuhgput (requests/sec) = 85.2733 res=false
*==== INFO ====* req_id_count= 14000 stream_id=55996 latency=0.626351 ms (tx_ts=157173726976907, rx_ts=157173727603258) request_id=733470 zil_blk_id=55996 ccf_commit_seqno=733470 nstreams_done_=14000 config.nstreams=20000 avg_latency=0.8725 ms avg throuhgput (requests/sec) = 85.2900 res=false
*==== INFO ====* req_id_count= 14500 stream_id=57996 latency=0.862513 ms (tx_ts=157179583427334, rx_ts=157179584289847) request_id=759637 zil_blk_id=57996 ccf_commit_seqno=759637 nstreams_done_=14500 config.nstreams=20000 avg_latency=0.8732 ms avg throuhgput (requests/sec) = 85.2929 res=false
*==== INFO ====* req_id_count= 15000 stream_id=59996 latency=0.645488 ms (tx_ts=157185381558734, rx_ts=157185382204222) request_id=785642 zil_blk_id=59996 ccf_commit_seqno=785642 nstreams_done_=15000 config.nstreams=20000 avg_latency=0.8724 ms avg throuhgput (requests/sec) = 85.3240 res=false
*==== INFO ====* req_id_count= 15500 stream_id=61996 latency=3.875858 ms (tx_ts=157191212058099, rx_ts=157191215933957) request_id=811854 zil_blk_id=61996 ccf_commit_seqno=811854 nstreams_done_=15500 config.nstreams=20000 avg_latency=0.8722 ms avg throuhgput (requests/sec) = 85.3364 res=false
*==== INFO ====* req_id_count= 16000 stream_id=63996 latency=0.862883 ms (tx_ts=157197082566661, rx_ts=157197083429544) request_id=838107 zil_blk_id=63996 ccf_commit_seqno=838107 nstreams_done_=16000 config.nstreams=20000 avg_latency=0.8724 ms avg throuhgput (requests/sec) = 85.3326 res=false
*==== INFO ====* req_id_count= 16500 stream_id=65996 latency=0.843156 ms (tx_ts=157202895393756, rx_ts=157202896236912) request_id=864190 zil_blk_id=65996 ccf_commit_seqno=864192 nstreams_done_=16500 config.nstreams=20000 avg_latency=0.8703 ms avg throuhgput (requests/sec) = 85.3532 res=false
*==== INFO ====* req_id_count= 17000 stream_id=67996 latency=0.681504 ms (tx_ts=157208725754663, rx_ts=157208726436167) request_id=890404 zil_blk_id=67996 ccf_commit_seqno=890404 nstreams_done_=17000 config.nstreams=20000 avg_latency=0.8698 ms avg throuhgput (requests/sec) = 85.3651 res=false
*==== INFO ====* req_id_count= 17500 stream_id=69996 latency=1.001684 ms (tx_ts=157214539981705, rx_ts=157214540983389) request_id=916494 zil_blk_id=69996 ccf_commit_seqno=916497 nstreams_done_=17500 config.nstreams=20000 avg_latency=0.8693 ms avg throuhgput (requests/sec) = 85.3829 res=false
*==== INFO ====* req_id_count= 18000 stream_id=71996 latency=1.340768 ms (tx_ts=157220400546270, rx_ts=157220401887038) request_id=942785 zil_blk_id=71996 ccf_commit_seqno=942788 nstreams_done_=18000 config.nstreams=20000 avg_latency=0.8703 ms avg throuhgput (requests/sec) = 85.3809 res=false
*==== INFO ====* req_id_count= 18500 stream_id=73996 latency=0.906526 ms (tx_ts=157226259115578, rx_ts=157226260022104) request_id=969085 zil_blk_id=73996 ccf_commit_seqno=969085 nstreams_done_=18500 config.nstreams=20000 avg_latency=0.8704 ms avg throuhgput (requests/sec) = 85.3801 res=false
*==== INFO ====* req_id_count= 19000 stream_id=75996 latency=0.619238 ms (tx_ts=157232088805526, rx_ts=157232089424764) request_id=995324 zil_blk_id=75996 ccf_commit_seqno=995324 nstreams_done_=19000 config.nstreams=20000 avg_latency=0.8704 ms avg throuhgput (requests/sec) = 85.3903 res=false
*==== INFO ====* req_id_count= 19500 stream_id=77996 latency=0.701366 ms (tx_ts=157237996924107, rx_ts=157237997625473) request_id=1020553 zil_blk_id=77996 ccf_commit_seqno=1020553 nstreams_done_=19500 config.nstreams=20000 avg_latency=0.8723 ms avg throuhgput (requests/sec) = 85.3706 res=false
*==== INFO ====* http_end_stream ALL streams done! nstreams_done_=20000 avg_latency=0.8706 msreq_id_count= 20000
*==== INFO ====* req_id_count= 20000 stream_id=79996 latency=0.730707 ms (tx_ts=157243849396188, rx_ts=157243850126895) request_id=1035822 zil_blk_id=79996 ccf_commit_seqno=1035822 nstreams_done_=20000 config.nstreams=20000 avg_latency=0.8706 ms avg throuhgput (requests/sec) = 85.3722 res=true
