Uniform: 30571 720006 86822 9642 523003 
Exponential: -2147483648 -2147483648 -2147483648 -2147483648 -2147483648 
Truncated Normal: 563878 353363 771045 911049 269969 
*==== INFO ====* req_id_count= 500 stream_id=1996 latency=0.894133 ms (tx_ts=157015380677631, rx_ts=157015381571764) request_id=25302 zil_blk_id=1996 ccf_commit_seqno=25304 nstreams_done_=500 config.nstreams=20000 avg_latency=0.8725 ms avg throuhgput (requests/sec) = 86.3071 res=false
*==== INFO ====* req_id_count= 1000 stream_id=3996 latency=0.717292 ms (tx_ts=157021179761500, rx_ts=157021180478792) request_id=51061 zil_blk_id=3996 ccf_commit_seqno=51061 nstreams_done_=1000 config.nstreams=20000 avg_latency=0.8686 ms avg throuhgput (requests/sec) = 86.2651 res=false
*==== INFO ====* req_id_count= 1500 stream_id=5996 latency=0.726629 ms (tx_ts=157026956938559, rx_ts=157026957665188) request_id=76792 zil_blk_id=5996 ccf_commit_seqno=76792 nstreams_done_=1500 config.nstreams=20000 avg_latency=0.8646 ms avg throuhgput (requests/sec) = 86.3590 res=false
*==== INFO ====* req_id_count= 2000 stream_id=7996 latency=0.687777 ms (tx_ts=157032747741462, rx_ts=157032748429239) request_id=102535 zil_blk_id=7996 ccf_commit_seqno=102535 nstreams_done_=2000 config.nstreams=20000 avg_latency=0.8679 ms avg throuhgput (requests/sec) = 86.3553 res=false
*==== INFO ====* req_id_count= 2500 stream_id=9996 latency=0.806880 ms (tx_ts=157038517242491, rx_ts=157038518049371) request_id=128316 zil_blk_id=9996 ccf_commit_seqno=128317 nstreams_done_=2500 config.nstreams=20000 avg_latency=0.8587 ms avg throuhgput (requests/sec) = 86.4162 res=false
*==== INFO ====* req_id_count= 3000 stream_id=11996 latency=0.607948 ms (tx_ts=157044295593512, rx_ts=157044296201460) request_id=154129 zil_blk_id=11996 ccf_commit_seqno=154129 nstreams_done_=3000 config.nstreams=20000 avg_latency=0.8556 ms avg throuhgput (requests/sec) = 86.4357 res=false
*==== INFO ====* req_id_count= 3500 stream_id=13996 latency=0.783996 ms (tx_ts=157050076747071, rx_ts=157050077531067) request_id=179954 zil_blk_id=13996 ccf_commit_seqno=179955 nstreams_done_=3500 config.nstreams=20000 avg_latency=0.8529 ms avg throuhgput (requests/sec) = 86.4427 res=false
*==== INFO ====* req_id_count= 4000 stream_id=15996 latency=0.979812 ms (tx_ts=157055897853054, rx_ts=157055898832866) request_id=205941 zil_blk_id=15996 ccf_commit_seqno=205945 nstreams_done_=4000 config.nstreams=20000 avg_latency=0.8562 ms avg throuhgput (requests/sec) = 86.3734 res=false
*==== INFO ====* req_id_count= 4500 stream_id=17996 latency=0.736837 ms (tx_ts=157061671067858, rx_ts=157061671804695) request_id=231731 zil_blk_id=17996 ccf_commit_seqno=231733 nstreams_done_=4500 config.nstreams=20000 avg_latency=0.8528 ms avg throuhgput (requests/sec) = 86.3997 res=false
*==== INFO ====* req_id_count= 5000 stream_id=19996 latency=0.837266 ms (tx_ts=157067450106651, rx_ts=157067450943917) request_id=257573 zil_blk_id=19996 ccf_commit_seqno=257573 nstreams_done_=5000 config.nstreams=20000 avg_latency=0.8503 ms avg throuhgput (requests/sec) = 86.4115 res=false
*==== INFO ====* req_id_count= 5500 stream_id=21996 latency=0.857623 ms (tx_ts=157073248668231, rx_ts=157073249525854) request_id=283460 zil_blk_id=21996 ccf_commit_seqno=283460 nstreams_done_=5500 config.nstreams=20000 avg_latency=0.8529 ms avg throuhgput (requests/sec) = 86.3948 res=false
*==== INFO ====* req_id_count= 6000 stream_id=23996 latency=0.859070 ms (tx_ts=157079036696423, rx_ts=157079037555493) request_id=309369 zil_blk_id=23996 ccf_commit_seqno=309369 nstreams_done_=6000 config.nstreams=20000 avg_latency=0.8516 ms avg throuhgput (requests/sec) = 86.3940 res=false
*==== INFO ====* req_id_count= 6500 stream_id=25996 latency=0.915092 ms (tx_ts=157084809805333, rx_ts=157084810720425) request_id=335237 zil_blk_id=25996 ccf_commit_seqno=335238 nstreams_done_=6500 config.nstreams=20000 avg_latency=0.8501 ms avg throuhgput (requests/sec) = 86.4104 res=false
*==== INFO ====* req_id_count= 7000 stream_id=27996 latency=0.976217 ms (tx_ts=157090572628495, rx_ts=157090573604712) request_id=361069 zil_blk_id=27996 ccf_commit_seqno=361069 nstreams_done_=7000 config.nstreams=20000 avg_latency=0.8479 ms avg throuhgput (requests/sec) = 86.4354 res=false
*==== INFO ====* req_id_count= 7500 stream_id=29996 latency=0.675282 ms (tx_ts=157096336886448, rx_ts=157096337561730) request_id=386875 zil_blk_id=29996 ccf_commit_seqno=386875 nstreams_done_=7500 config.nstreams=20000 avg_latency=0.8462 ms avg throuhgput (requests/sec) = 86.4561 res=false
*==== INFO ====* req_id_count= 8000 stream_id=31996 latency=1.474616 ms (tx_ts=157102139849794, rx_ts=157102141324410) request_id=412812 zil_blk_id=31996 ccf_commit_seqno=412814 nstreams_done_=8000 config.nstreams=20000 avg_latency=0.8476 ms avg throuhgput (requests/sec) = 86.4369 res=false
*==== INFO ====* req_id_count= 8500 stream_id=33996 latency=0.793709 ms (tx_ts=157107920232686, rx_ts=157107921026395) request_id=438662 zil_blk_id=33996 ccf_commit_seqno=438665 nstreams_done_=8500 config.nstreams=20000 avg_latency=0.8483 ms avg throuhgput (requests/sec) = 86.4412 res=false
*==== INFO ====* req_id_count= 9000 stream_id=35996 latency=1.012784 ms (tx_ts=157113707023659, rx_ts=157113708036443) request_id=464534 zil_blk_id=35996 ccf_commit_seqno=464537 nstreams_done_=9000 config.nstreams=20000 avg_latency=0.8492 ms avg throuhgput (requests/sec) = 86.4389 res=false
*==== INFO ====* req_id_count= 9500 stream_id=37996 latency=0.816497 ms (tx_ts=157119492035809, rx_ts=157119492852306) request_id=490383 zil_blk_id=37996 ccf_commit_seqno=490384 nstreams_done_=9500 config.nstreams=20000 avg_latency=0.8495 ms avg throuhgput (requests/sec) = 86.4386 res=false
*==== INFO ====* req_id_count= 10000 stream_id=39996 latency=0.620490 ms (tx_ts=157125310145997, rx_ts=157125310766487) request_id=516364 zil_blk_id=39996 ccf_commit_seqno=516364 nstreams_done_=10000 config.nstreams=20000 avg_latency=0.8537 ms avg throuhgput (requests/sec) = 86.4136 res=false
*==== INFO ====* req_id_count= 10500 stream_id=41996 latency=0.877541 ms (tx_ts=157131104403590, rx_ts=157131105281131) request_id=542329 zil_blk_id=41996 ccf_commit_seqno=542329 nstreams_done_=10500 config.nstreams=20000 avg_latency=0.8540 ms avg throuhgput (requests/sec) = 86.4077 res=false
*==== INFO ====* req_id_count= 11000 stream_id=43996 latency=0.786972 ms (tx_ts=157136878169128, rx_ts=157136878956100) request_id=568249 zil_blk_id=43996 ccf_commit_seqno=568251 nstreams_done_=11000 config.nstreams=20000 avg_latency=0.8529 ms avg throuhgput (requests/sec) = 86.4164 res=false
*==== INFO ====* req_id_count= 11500 stream_id=45996 latency=1.613658 ms (tx_ts=157142643821909, rx_ts=157142645435567) request_id=594124 zil_blk_id=45996 ccf_commit_seqno=594126 nstreams_done_=11500 config.nstreams=20000 avg_latency=0.8531 ms avg throuhgput (requests/sec) = 86.4290 res=false
*==== INFO ====* req_id_count= 12000 stream_id=47996 latency=0.677557 ms (tx_ts=157148439794942, rx_ts=157148440472499) request_id=620054 zil_blk_id=47996 ccf_commit_seqno=620054 nstreams_done_=12000 config.nstreams=20000 avg_latency=0.8532 ms avg throuhgput (requests/sec) = 86.4228 res=false
*==== INFO ====* req_id_count= 12500 stream_id=49996 latency=0.636751 ms (tx_ts=157154204696924, rx_ts=157154205333675) request_id=645943 zil_blk_id=49996 ccf_commit_seqno=645943 nstreams_done_=12500 config.nstreams=20000 avg_latency=0.8519 ms avg throuhgput (requests/sec) = 86.4352 res=false
*==== INFO ====* req_id_count= 13000 stream_id=51996 latency=0.930449 ms (tx_ts=157159964777939, rx_ts=157159965708388) request_id=671770 zil_blk_id=51996 ccf_commit_seqno=671770 nstreams_done_=13000 config.nstreams=20000 avg_latency=0.8509 ms avg throuhgput (requests/sec) = 86.4492 res=false
*==== INFO ====* req_id_count= 13500 stream_id=53996 latency=0.870117 ms (tx_ts=157165735280822, rx_ts=157165736150939) request_id=697643 zil_blk_id=53996 ccf_commit_seqno=697644 nstreams_done_=13500 config.nstreams=20000 avg_latency=0.8497 ms avg throuhgput (requests/sec) = 86.4565 res=false
*==== INFO ====* req_id_count= 14000 stream_id=55996 latency=0.992525 ms (tx_ts=157171514628052, rx_ts=157171515620577) request_id=723558 zil_blk_id=55996 ccf_commit_seqno=723558 nstreams_done_=14000 config.nstreams=20000 avg_latency=0.8501 ms avg throuhgput (requests/sec) = 86.4585 res=false
*==== INFO ====* req_id_count= 14500 stream_id=57996 latency=0.911558 ms (tx_ts=157177313045141, rx_ts=157177313956699) request_id=749470 zil_blk_id=57996 ccf_commit_seqno=749470 nstreams_done_=14500 config.nstreams=20000 avg_latency=0.8509 ms avg throuhgput (requests/sec) = 86.4507 res=false
*==== INFO ====* req_id_count= 15000 stream_id=59996 latency=0.713013 ms (tx_ts=157183099463708, rx_ts=157183100176721) request_id=775374 zil_blk_id=59996 ccf_commit_seqno=775374 nstreams_done_=15000 config.nstreams=20000 avg_latency=0.8511 ms avg throuhgput (requests/sec) = 86.4494 res=false
*==== INFO ====* req_id_count= 15500 stream_id=61996 latency=0.619719 ms (tx_ts=157188874213360, rx_ts=157188874833079) request_id=801324 zil_blk_id=61996 ccf_commit_seqno=801324 nstreams_done_=15500 config.nstreams=20000 avg_latency=0.8503 ms avg throuhgput (requests/sec) = 86.4538 res=false
*==== INFO ====* req_id_count= 16000 stream_id=63996 latency=0.647852 ms (tx_ts=157194670737500, rx_ts=157194671385352) request_id=827295 zil_blk_id=63996 ccf_commit_seqno=827295 nstreams_done_=16000 config.nstreams=20000 avg_latency=0.8514 ms avg throuhgput (requests/sec) = 86.4477 res=false
*==== INFO ====* req_id_count= 16500 stream_id=65996 latency=0.928797 ms (tx_ts=157200456657070, rx_ts=157200457585867) request_id=853237 zil_blk_id=65996 ccf_commit_seqno=853237 nstreams_done_=16500 config.nstreams=20000 avg_latency=0.8510 ms avg throuhgput (requests/sec) = 86.4466 res=false
*==== INFO ====* req_id_count= 17000 stream_id=67996 latency=1.027591 ms (tx_ts=157206219606405, rx_ts=157206220633996) request_id=879125 zil_blk_id=67996 ccf_commit_seqno=879126 nstreams_done_=17000 config.nstreams=20000 avg_latency=0.8500 ms avg throuhgput (requests/sec) = 86.4558 res=false
*==== INFO ====* req_id_count= 17500 stream_id=69996 latency=0.943233 ms (tx_ts=157211993045665, rx_ts=157211993988898) request_id=905101 zil_blk_id=69996 ccf_commit_seqno=905102 nstreams_done_=17500 config.nstreams=20000 avg_latency=0.8500 ms avg throuhgput (requests/sec) = 86.4600 res=false
*==== INFO ====* req_id_count= 18000 stream_id=71996 latency=0.976226 ms (tx_ts=157217780589612, rx_ts=157217781565838) request_id=931054 zil_blk_id=71996 ccf_commit_seqno=931055 nstreams_done_=18000 config.nstreams=20000 avg_latency=0.8506 ms avg throuhgput (requests/sec) = 86.4581 res=false
*==== INFO ====* req_id_count= 18500 stream_id=73996 latency=0.722689 ms (tx_ts=157223554765469, rx_ts=157223555488158) request_id=956927 zil_blk_id=73996 ccf_commit_seqno=956929 nstreams_done_=18500 config.nstreams=20000 avg_latency=0.8504 ms avg throuhgput (requests/sec) = 86.4619 res=false
*==== INFO ====* req_id_count= 19000 stream_id=75996 latency=0.838317 ms (tx_ts=157229326017563, rx_ts=157229326855880) request_id=982881 zil_blk_id=75996 ccf_commit_seqno=982882 nstreams_done_=19000 config.nstreams=20000 avg_latency=0.8504 ms avg throuhgput (requests/sec) = 86.4664 res=false
*==== INFO ====* req_id_count= 19500 stream_id=77996 latency=0.656938 ms (tx_ts=157235113083445, rx_ts=157235113740383) request_id=1008754 zil_blk_id=77996 ccf_commit_seqno=1008754 nstreams_done_=19500 config.nstreams=20000 avg_latency=0.8506 ms avg throuhgput (requests/sec) = 86.4647 res=false
*==== INFO ====* http_end_stream ALL streams done! nstreams_done_=20000 avg_latency=0.8496 msreq_id_count= 20000
*==== INFO ====* req_id_count= 20000 stream_id=79996 latency=0.634657 ms (tx_ts=157240888154603, rx_ts=157240888789260) request_id=1030127 zil_blk_id=79996 ccf_commit_seqno=1030127 nstreams_done_=20000 config.nstreams=20000 avg_latency=0.8496 ms avg throuhgput (requests/sec) = 86.4676 res=true
