Uniform: 962207 595078 611574 545180 783905 
Exponential: -2147483648 -2147483648 -2147483648 -2147483648 -2147483648 
Truncated Normal: 46619 854263 416307 210372 730410 
*==== INFO ====* req_id_count= 500 stream_id=1996 latency=0.719816 ms (tx_ts=157015415367475, rx_ts=157015416087291) request_id=25454 zil_blk_id=1996 ccf_commit_seqno=25455 nstreams_done_=500 config.nstreams=20000 avg_latency=0.8069 ms avg throuhgput (requests/sec) = 85.7396 res=false
*==== INFO ====* req_id_count= 1000 stream_id=3996 latency=0.741524 ms (tx_ts=157021185024718, rx_ts=157021185766242) request_id=51083 zil_blk_id=3996 ccf_commit_seqno=51083 nstreams_done_=1000 config.nstreams=20000 avg_latency=0.8114 ms avg throuhgput (requests/sec) = 86.1973 res=false
*==== INFO ====* req_id_count= 1500 stream_id=5996 latency=0.853668 ms (tx_ts=157026953091661, rx_ts=157026953945329) request_id=76771 zil_blk_id=5996 ccf_commit_seqno=76774 nstreams_done_=1500 config.nstreams=20000 avg_latency=0.8185 ms avg throuhgput (requests/sec) = 86.3584 res=false
*==== INFO ====* req_id_count= 2000 stream_id=7996 latency=0.800339 ms (tx_ts=157032754874489, rx_ts=157032755674828) request_id=102566 zil_blk_id=7996 ccf_commit_seqno=102568 nstreams_done_=2000 config.nstreams=20000 avg_latency=0.8247 ms avg throuhgput (requests/sec) = 86.3141 res=false
*==== INFO ====* req_id_count= 2500 stream_id=9996 latency=0.645859 ms (tx_ts=157038522776212, rx_ts=157038523422071) request_id=128342 zil_blk_id=9996 ccf_commit_seqno=128342 nstreams_done_=2500 config.nstreams=20000 avg_latency=0.8210 ms avg throuhgput (requests/sec) = 86.3888 res=false
*==== INFO ====* req_id_count= 3000 stream_id=11996 latency=0.778988 ms (tx_ts=157044303748607, rx_ts=157044304527595) request_id=154160 zil_blk_id=11996 ccf_commit_seqno=154160 nstreams_done_=3000 config.nstreams=20000 avg_latency=0.8216 ms avg throuhgput (requests/sec) = 86.4054 res=false
*==== INFO ====* req_id_count= 3500 stream_id=13996 latency=0.755473 ms (tx_ts=157050064724512, rx_ts=157050065479985) request_id=179901 zil_blk_id=13996 ccf_commit_seqno=179901 nstreams_done_=3500 config.nstreams=20000 avg_latency=0.8208 ms avg throuhgput (requests/sec) = 86.4603 res=false
*==== INFO ====* req_id_count= 4000 stream_id=15996 latency=0.904862 ms (tx_ts=157055843340433, rx_ts=157055844245295) request_id=205701 zil_blk_id=15996 ccf_commit_seqno=205702 nstreams_done_=4000 config.nstreams=20000 avg_latency=0.8239 ms avg throuhgput (requests/sec) = 86.4682 res=false
*==== INFO ====* req_id_count= 4500 stream_id=17996 latency=0.704243 ms (tx_ts=157061629593145, rx_ts=157061630297388) request_id=231554 zil_blk_id=17996 ccf_commit_seqno=231555 nstreams_done_=4500 config.nstreams=20000 avg_latency=0.8253 ms avg throuhgput (requests/sec) = 86.4623 res=false
*==== INFO ====* req_id_count= 5000 stream_id=19996 latency=0.896225 ms (tx_ts=157067399595602, rx_ts=157067400491827) request_id=257348 zil_blk_id=19996 ccf_commit_seqno=257348 nstreams_done_=5000 config.nstreams=20000 avg_latency=0.8263 ms avg throuhgput (requests/sec) = 86.4812 res=false
*==== INFO ====* req_id_count= 5500 stream_id=21996 latency=0.838086 ms (tx_ts=157073180529904, rx_ts=157073181367990) request_id=283157 zil_blk_id=21996 ccf_commit_seqno=283158 nstreams_done_=5500 config.nstreams=20000 avg_latency=0.8294 ms avg throuhgput (requests/sec) = 86.4822 res=false
*==== INFO ====* req_id_count= 6000 stream_id=23996 latency=0.619800 ms (tx_ts=157078967055458, rx_ts=157078967675258) request_id=309057 zil_blk_id=23996 ccf_commit_seqno=309057 nstreams_done_=6000 config.nstreams=20000 avg_latency=0.8282 ms avg throuhgput (requests/sec) = 86.4763 res=false
*==== INFO ====* req_id_count= 6500 stream_id=25996 latency=0.954956 ms (tx_ts=157084722979126, rx_ts=157084723934082) request_id=334852 zil_blk_id=25996 ccf_commit_seqno=334854 nstreams_done_=6500 config.nstreams=20000 avg_latency=0.8252 ms avg throuhgput (requests/sec) = 86.5058 res=false
*==== INFO ====* req_id_count= 7000 stream_id=27996 latency=1.010380 ms (tx_ts=157090485406668, rx_ts=157090486417048) request_id=360679 zil_blk_id=27996 ccf_commit_seqno=360681 nstreams_done_=7000 config.nstreams=20000 avg_latency=0.8231 ms avg throuhgput (requests/sec) = 86.5245 res=false
*==== INFO ====* req_id_count= 7500 stream_id=29996 latency=0.580966 ms (tx_ts=157096263508215, rx_ts=157096264089181) request_id=386551 zil_blk_id=29996 ccf_commit_seqno=386551 nstreams_done_=7500 config.nstreams=20000 avg_latency=0.8223 ms avg throuhgput (requests/sec) = 86.5255 res=false
*==== INFO ====* req_id_count= 8000 stream_id=31996 latency=0.697243 ms (tx_ts=157102027480466, rx_ts=157102028177709) request_id=412344 zil_blk_id=31996 ccf_commit_seqno=412344 nstreams_done_=8000 config.nstreams=20000 avg_latency=0.8226 ms avg throuhgput (requests/sec) = 86.5392 res=false
*==== INFO ====* req_id_count= 8500 stream_id=33996 latency=0.668049 ms (tx_ts=157107804095908, rx_ts=157107804763957) request_id=438142 zil_blk_id=33996 ccf_commit_seqno=438142 nstreams_done_=8500 config.nstreams=20000 avg_latency=0.8232 ms avg throuhgput (requests/sec) = 86.5402 res=false
*==== INFO ====* req_id_count= 9000 stream_id=35996 latency=0.728062 ms (tx_ts=157113597630452, rx_ts=157113598358514) request_id=464049 zil_blk_id=35996 ccf_commit_seqno=464051 nstreams_done_=9000 config.nstreams=20000 avg_latency=0.8231 ms avg throuhgput (requests/sec) = 86.5269 res=false
*==== INFO ====* req_id_count= 9500 stream_id=37996 latency=0.948593 ms (tx_ts=157119381529144, rx_ts=157119382477737) request_id=489896 zil_blk_id=37996 ccf_commit_seqno=489896 nstreams_done_=9500 config.nstreams=20000 avg_latency=0.8232 ms avg throuhgput (requests/sec) = 86.5225 res=false
*==== INFO ====* req_id_count= 10000 stream_id=39996 latency=0.781251 ms (tx_ts=157125199922213, rx_ts=157125200703464) request_id=515872 zil_blk_id=39996 ccf_commit_seqno=515872 nstreams_done_=10000 config.nstreams=20000 avg_latency=0.8257 ms avg throuhgput (requests/sec) = 86.4931 res=false
*==== INFO ====* req_id_count= 10500 stream_id=41996 latency=0.916684 ms (tx_ts=157130984314927, rx_ts=157130985231611) request_id=541795 zil_blk_id=41996 ccf_commit_seqno=541796 nstreams_done_=10500 config.nstreams=20000 avg_latency=0.8253 ms avg throuhgput (requests/sec) = 86.4904 res=false
*==== INFO ====* req_id_count= 11000 stream_id=43996 latency=0.656979 ms (tx_ts=157136755930844, rx_ts=157136756587823) request_id=567704 zil_blk_id=43996 ccf_commit_seqno=567704 nstreams_done_=11000 config.nstreams=20000 avg_latency=0.8241 ms avg throuhgput (requests/sec) = 86.4970 res=false
*==== INFO ====* req_id_count= 11500 stream_id=45996 latency=0.639847 ms (tx_ts=157142521935232, rx_ts=157142522575079) request_id=593583 zil_blk_id=45996 ccf_commit_seqno=593583 nstreams_done_=11500 config.nstreams=20000 avg_latency=0.8234 ms avg throuhgput (requests/sec) = 86.5064 res=false
*==== INFO ====* req_id_count= 12000 stream_id=47996 latency=0.631491 ms (tx_ts=157148307199563, rx_ts=157148307831054) request_id=619454 zil_blk_id=47996 ccf_commit_seqno=619455 nstreams_done_=12000 config.nstreams=20000 avg_latency=0.8241 ms avg throuhgput (requests/sec) = 86.5031 res=false
*==== INFO ====* req_id_count= 12500 stream_id=49996 latency=0.783425 ms (tx_ts=157154061178052, rx_ts=157154061961477) request_id=645300 zil_blk_id=49996 ccf_commit_seqno=645301 nstreams_done_=12500 config.nstreams=20000 avg_latency=0.8227 ms avg throuhgput (requests/sec) = 86.5187 res=false
*==== INFO ====* req_id_count= 13000 stream_id=51996 latency=0.610912 ms (tx_ts=157159836099179, rx_ts=157159836710091) request_id=671194 zil_blk_id=51996 ccf_commit_seqno=671194 nstreams_done_=13000 config.nstreams=20000 avg_latency=0.8220 ms avg throuhgput (requests/sec) = 86.5212 res=false
*==== INFO ====* req_id_count= 13500 stream_id=53996 latency=0.853903 ms (tx_ts=157165591349265, rx_ts=157165592203168) request_id=697000 zil_blk_id=53996 ccf_commit_seqno=697000 nstreams_done_=13500 config.nstreams=20000 avg_latency=0.8213 ms avg throuhgput (requests/sec) = 86.5342 res=false
*==== INFO ====* req_id_count= 14000 stream_id=55996 latency=0.774477 ms (tx_ts=157171383631761, rx_ts=157171384406238) request_id=722970 zil_blk_id=55996 ccf_commit_seqno=722971 nstreams_done_=14000 config.nstreams=20000 avg_latency=0.8217 ms avg throuhgput (requests/sec) = 86.5266 res=false
*==== INFO ====* req_id_count= 14500 stream_id=57996 latency=0.831515 ms (tx_ts=157177193226883, rx_ts=157177194058398) request_id=748934 zil_blk_id=57996 ccf_commit_seqno=748935 nstreams_done_=14500 config.nstreams=20000 avg_latency=0.8227 ms avg throuhgput (requests/sec) = 86.5106 res=false
*==== INFO ====* req_id_count= 15000 stream_id=59996 latency=0.889334 ms (tx_ts=157182958754081, rx_ts=157182959643415) request_id=774742 zil_blk_id=59996 ccf_commit_seqno=774742 nstreams_done_=15000 config.nstreams=20000 avg_latency=0.8229 ms avg throuhgput (requests/sec) = 86.5176 res=false
*==== INFO ====* req_id_count= 15500 stream_id=61996 latency=0.833348 ms (tx_ts=157188719739350, rx_ts=157188720572698) request_id=800633 zil_blk_id=61996 ccf_commit_seqno=800633 nstreams_done_=15500 config.nstreams=20000 avg_latency=0.8218 ms avg throuhgput (requests/sec) = 86.5264 res=false
*==== INFO ====* req_id_count= 16000 stream_id=63996 latency=0.763116 ms (tx_ts=157194499713001, rx_ts=157194500476117) request_id=826533 zil_blk_id=63996 ccf_commit_seqno=826534 nstreams_done_=16000 config.nstreams=20000 avg_latency=0.8221 ms avg throuhgput (requests/sec) = 86.5258 res=false
*==== INFO ====* req_id_count= 16500 stream_id=65996 latency=0.910673 ms (tx_ts=157200277422103, rx_ts=157200278332776) request_id=852432 zil_blk_id=65996 ccf_commit_seqno=852433 nstreams_done_=16500 config.nstreams=20000 avg_latency=0.8225 ms avg throuhgput (requests/sec) = 86.5261 res=false
*==== INFO ====* req_id_count= 17000 stream_id=67996 latency=0.717441 ms (tx_ts=157206060552872, rx_ts=157206061270313) request_id=878404 zil_blk_id=67996 ccf_commit_seqno=878404 nstreams_done_=17000 config.nstreams=20000 avg_latency=0.8224 ms avg throuhgput (requests/sec) = 86.5242 res=false
*==== INFO ====* req_id_count= 17500 stream_id=69996 latency=0.780769 ms (tx_ts=157211807135507, rx_ts=157211807916276) request_id=904263 zil_blk_id=69996 ccf_commit_seqno=904264 nstreams_done_=17500 config.nstreams=20000 avg_latency=0.8212 ms avg throuhgput (requests/sec) = 86.5379 res=false
*==== INFO ====* req_id_count= 18000 stream_id=71996 latency=0.692695 ms (tx_ts=157217599855795, rx_ts=157217600548490) request_id=930238 zil_blk_id=71996 ccf_commit_seqno=930238 nstreams_done_=18000 config.nstreams=20000 avg_latency=0.8220 ms avg throuhgput (requests/sec) = 86.5318 res=false
*==== INFO ====* req_id_count= 18500 stream_id=73996 latency=0.958176 ms (tx_ts=157223371240316, rx_ts=157223372198492) request_id=956108 zil_blk_id=73996 ccf_commit_seqno=956109 nstreams_done_=18500 config.nstreams=20000 avg_latency=0.8224 ms avg throuhgput (requests/sec) = 86.5344 res=false
*==== INFO ====* req_id_count= 19000 stream_id=75996 latency=0.805526 ms (tx_ts=157229119185135, rx_ts=157229119990661) request_id=981949 zil_blk_id=75996 ccf_commit_seqno=981950 nstreams_done_=19000 config.nstreams=20000 avg_latency=0.8216 ms avg throuhgput (requests/sec) = 86.5464 res=false
*==== INFO ====* req_id_count= 19500 stream_id=77996 latency=0.644315 ms (tx_ts=157234927092762, rx_ts=157234927737077) request_id=1007948 zil_blk_id=77996 ccf_commit_seqno=1007948 nstreams_done_=19500 config.nstreams=20000 avg_latency=0.8219 ms avg throuhgput (requests/sec) = 86.5347 res=false
*==== INFO ====* http_end_stream ALL streams done! nstreams_done_=20000 avg_latency=0.8210 msreq_id_count= 20000
*==== INFO ====* req_id_count= 20000 stream_id=79996 latency=0.913660 ms (tx_ts=157240703583413, rx_ts=157240704497073) request_id=1029662 zil_blk_id=79996 ccf_commit_seqno=1029662 nstreams_done_=20000 config.nstreams=20000 avg_latency=0.8210 ms avg throuhgput (requests/sec) = 86.5351 res=true
