Uniform: 169449 86059 40358 937862 55707 
Exponential: -2147483648 -2147483648 -2147483648 -2147483648 -2147483648 
Truncated Normal: 422799 386011 378601 73451 451774 
*==== INFO ====* req_id_count= 500 stream_id=1996 latency=0.771263 ms (tx_ts=157020170222760, rx_ts=157020170994023) request_id=46562 zil_blk_id=5246 ccf_commit_seqno=46566 nstreams_done_=500 config.nstreams=20000 avg_latency=0.6889 ms avg throuhgput (requests/sec) = 89.3180 res=false
*==== INFO ====* req_id_count= 1000 stream_id=3996 latency=0.559316 ms (tx_ts=157025669052002, rx_ts=157025669611318) request_id=71060 zil_blk_id=10397 ccf_commit_seqno=71060 nstreams_done_=1000 config.nstreams=20000 avg_latency=0.6660 ms avg throuhgput (requests/sec) = 90.1178 res=false
*==== INFO ====* req_id_count= 1500 stream_id=5996 latency=0.494806 ms (tx_ts=157031238838764, rx_ts=157031239333570) request_id=95861 zil_blk_id=15615 ccf_commit_seqno=95861 nstreams_done_=1500 config.nstreams=20000 avg_latency=0.6669 ms avg throuhgput (requests/sec) = 90.0019 res=false
*==== INFO ====* req_id_count= 2000 stream_id=7996 latency=0.683228 ms (tx_ts=157036903028546, rx_ts=157036903711774) request_id=121106 zil_blk_id=20926 ccf_commit_seqno=121108 nstreams_done_=2000 config.nstreams=20000 avg_latency=0.6665 ms avg throuhgput (requests/sec) = 89.5628 res=false
*==== INFO ====* req_id_count= 2500 stream_id=9996 latency=0.535332 ms (tx_ts=157042564329170, rx_ts=157042564864502) request_id=146407 zil_blk_id=26233 ccf_commit_seqno=146409 nstreams_done_=2500 config.nstreams=20000 avg_latency=0.6660 ms avg throuhgput (requests/sec) = 89.3117 res=false
*==== INFO ====* req_id_count= 3000 stream_id=11996 latency=0.670131 ms (tx_ts=157048157236452, rx_ts=157048157906583) request_id=171370 zil_blk_id=31479 ccf_commit_seqno=171370 nstreams_done_=3000 config.nstreams=20000 avg_latency=0.6664 ms avg throuhgput (requests/sec) = 89.3259 res=false
*==== INFO ====* req_id_count= 3500 stream_id=13996 latency=0.947973 ms (tx_ts=157053823341573, rx_ts=157053824289546) request_id=196679 zil_blk_id=36795 ccf_commit_seqno=196680 nstreams_done_=3500 config.nstreams=20000 avg_latency=0.6656 ms avg throuhgput (requests/sec) = 89.1691 res=false
*==== INFO ====* req_id_count= 4000 stream_id=15996 latency=0.460982 ms (tx_ts=157059419090781, rx_ts=157059419551763) request_id=221664 zil_blk_id=42040 ccf_commit_seqno=221664 nstreams_done_=4000 config.nstreams=20000 avg_latency=0.6659 ms avg throuhgput (requests/sec) = 89.1931 res=false
*==== INFO ====* req_id_count= 4500 stream_id=17996 latency=0.600361 ms (tx_ts=157065047354357, rx_ts=157065047954718) request_id=246802 zil_blk_id=47319 ccf_commit_seqno=246803 nstreams_done_=4500 config.nstreams=20000 avg_latency=0.6635 ms avg throuhgput (requests/sec) = 89.1532 res=false
*==== INFO ====* req_id_count= 5000 stream_id=19996 latency=0.465901 ms (tx_ts=157070597312107, rx_ts=157070597778008) request_id=271640 zil_blk_id=52521 ccf_commit_seqno=271640 nstreams_done_=5000 config.nstreams=20000 avg_latency=0.6629 ms avg throuhgput (requests/sec) = 89.2463 res=false
*==== INFO ====* req_id_count= 5500 stream_id=21996 latency=0.509673 ms (tx_ts=157076156434491, rx_ts=157076156944164) request_id=296458 zil_blk_id=57731 ccf_commit_seqno=296458 nstreams_done_=5500 config.nstreams=20000 avg_latency=0.6646 ms avg throuhgput (requests/sec) = 89.3090 res=false
*==== INFO ====* req_id_count= 6000 stream_id=23996 latency=0.462906 ms (tx_ts=157081792704557, rx_ts=157081793167463) request_id=321721 zil_blk_id=63015 ccf_commit_seqno=321721 nstreams_done_=6000 config.nstreams=20000 avg_latency=0.6617 ms avg throuhgput (requests/sec) = 89.2590 res=false
*==== INFO ====* req_id_count= 6500 stream_id=25996 latency=0.688899 ms (tx_ts=157087313403465, rx_ts=157087314092364) request_id=346477 zil_blk_id=68190 ccf_commit_seqno=346478 nstreams_done_=6500 config.nstreams=20000 avg_latency=0.6594 ms avg throuhgput (requests/sec) = 89.3580 res=false
*==== INFO ====* req_id_count= 7000 stream_id=27996 latency=0.763107 ms (tx_ts=157092821689622, rx_ts=157092822452729) request_id=371138 zil_blk_id=73352 ccf_commit_seqno=371139 nstreams_done_=7000 config.nstreams=20000 avg_latency=0.6591 ms avg throuhgput (requests/sec) = 89.4575 res=false
*==== INFO ====* req_id_count= 7500 stream_id=29996 latency=0.627153 ms (tx_ts=157098339167763, rx_ts=157098339794916) request_id=395856 zil_blk_id=78520 ccf_commit_seqno=395856 nstreams_done_=7500 config.nstreams=20000 avg_latency=0.6587 ms avg throuhgput (requests/sec) = 89.5343 res=false
*==== INFO ====* req_id_count= 8000 stream_id=31996 latency=0.584432 ms (tx_ts=157104009615351, rx_ts=157104010199783) request_id=421171 zil_blk_id=83837 ccf_commit_seqno=421171 nstreams_done_=8000 config.nstreams=20000 avg_latency=0.6601 ms avg throuhgput (requests/sec) = 89.4483 res=false
*==== INFO ====* req_id_count= 8500 stream_id=33996 latency=0.465149 ms (tx_ts=157109694098126, rx_ts=157109694563275) request_id=446592 zil_blk_id=89163 ccf_commit_seqno=446592 nstreams_done_=8500 config.nstreams=20000 avg_latency=0.6623 ms avg throuhgput (requests/sec) = 89.3594 res=false
*==== INFO ====* req_id_count= 9000 stream_id=35996 latency=0.664512 ms (tx_ts=157115282538772, rx_ts=157115283203284) request_id=471604 zil_blk_id=94404 ccf_commit_seqno=471605 nstreams_done_=9000 config.nstreams=20000 avg_latency=0.6615 ms avg throuhgput (requests/sec) = 89.3653 res=false
*==== INFO ====* req_id_count= 9500 stream_id=37996 latency=0.743199 ms (tx_ts=157120900371762, rx_ts=157120901114961) request_id=496597 zil_blk_id=99672 ccf_commit_seqno=496598 nstreams_done_=9500 config.nstreams=20000 avg_latency=0.6631 ms avg throuhgput (requests/sec) = 89.3461 res=false
*==== INFO ====* req_id_count= 10000 stream_id=39996 latency=0.478174 ms (tx_ts=157126540889386, rx_ts=157126541367560) request_id=521874 zil_blk_id=104963 ccf_commit_seqno=521874 nstreams_done_=10000 config.nstreams=20000 avg_latency=0.6623 ms avg throuhgput (requests/sec) = 89.3110 res=false
*==== INFO ====* req_id_count= 10500 stream_id=41996 latency=0.492751 ms (tx_ts=157132200298059, rx_ts=157132200790810) request_id=547248 zil_blk_id=110273 ccf_commit_seqno=547248 nstreams_done_=10500 config.nstreams=20000 avg_latency=0.6616 ms avg throuhgput (requests/sec) = 89.2646 res=false
*==== INFO ====* req_id_count= 11000 stream_id=43996 latency=0.673279 ms (tx_ts=157137857144418, rx_ts=157137857817697) request_id=572653 zil_blk_id=115579 ccf_commit_seqno=572653 nstreams_done_=11000 config.nstreams=20000 avg_latency=0.6605 ms avg throuhgput (requests/sec) = 89.2243 res=false
*==== INFO ====* req_id_count= 11500 stream_id=45996 latency=0.657249 ms (tx_ts=157143521038321, rx_ts=157143521695570) request_id=598016 zil_blk_id=120896 ccf_commit_seqno=598018 nstreams_done_=11500 config.nstreams=20000 avg_latency=0.6607 ms avg throuhgput (requests/sec) = 89.1828 res=false
*==== INFO ====* req_id_count= 12000 stream_id=47996 latency=0.554567 ms (tx_ts=157149031835500, rx_ts=157149032390067) request_id=622712 zil_blk_id=126068 ccf_commit_seqno=622712 nstreams_done_=12000 config.nstreams=20000 avg_latency=0.6594 ms avg throuhgput (requests/sec) = 89.2463 res=false
*==== INFO ====* req_id_count= 12500 stream_id=49996 latency=0.592438 ms (tx_ts=157154516654571, rx_ts=157154517247009) request_id=647346 zil_blk_id=131216 ccf_commit_seqno=647347 nstreams_done_=12500 config.nstreams=20000 avg_latency=0.6583 ms avg throuhgput (requests/sec) = 89.3213 res=false
*==== INFO ====* req_id_count= 13000 stream_id=51996 latency=0.434202 ms (tx_ts=157160032913157, rx_ts=157160033347359) request_id=672073 zil_blk_id=136395 ccf_commit_seqno=672074 nstreams_done_=13000 config.nstreams=20000 avg_latency=0.6577 ms avg throuhgput (requests/sec) = 89.3714 res=false
*==== INFO ====* req_id_count= 13500 stream_id=53996 latency=0.504594 ms (tx_ts=157165609145333, rx_ts=157165609649927) request_id=697079 zil_blk_id=141629 ccf_commit_seqno=697079 nstreams_done_=13500 config.nstreams=20000 avg_latency=0.6574 ms avg throuhgput (requests/sec) = 89.3823 res=false
*==== INFO ====* req_id_count= 14000 stream_id=55996 latency=0.492181 ms (tx_ts=157171261173837, rx_ts=157171261666018) request_id=722423 zil_blk_id=146935 ccf_commit_seqno=722424 nstreams_done_=14000 config.nstreams=20000 avg_latency=0.6573 ms avg throuhgput (requests/sec) = 89.3492 res=false
*==== INFO ====* req_id_count= 14500 stream_id=57996 latency=0.797912 ms (tx_ts=157176942632291, rx_ts=157176943430203) request_id=747809 zil_blk_id=152273 ccf_commit_seqno=747810 nstreams_done_=14500 config.nstreams=20000 avg_latency=0.6587 ms avg throuhgput (requests/sec) = 89.3020 res=false
*==== INFO ====* req_id_count= 15000 stream_id=59996 latency=0.878844 ms (tx_ts=157182597500923, rx_ts=157182598379767) request_id=773111 zil_blk_id=157584 ccf_commit_seqno=773111 nstreams_done_=15000 config.nstreams=20000 avg_latency=0.6586 ms avg throuhgput (requests/sec) = 89.2722 res=false
*==== INFO ====* req_id_count= 15500 stream_id=61996 latency=0.753981 ms (tx_ts=157188230967727, rx_ts=157188231721708) request_id=798460 zil_blk_id=162870 ccf_commit_seqno=798461 nstreams_done_=15500 config.nstreams=20000 avg_latency=0.6582 ms avg throuhgput (requests/sec) = 89.2555 res=false
*==== INFO ====* req_id_count= 16000 stream_id=63996 latency=0.712492 ms (tx_ts=157193832172208, rx_ts=157193832884700) request_id=823536 zil_blk_id=168127 ccf_commit_seqno=823536 nstreams_done_=16000 config.nstreams=20000 avg_latency=0.6589 ms avg throuhgput (requests/sec) = 89.2559 res=false
*==== INFO ====* req_id_count= 16500 stream_id=65996 latency=0.751565 ms (tx_ts=157199493238222, rx_ts=157199493989787) request_id=848920 zil_blk_id=173440 ccf_commit_seqno=848921 nstreams_done_=16500 config.nstreams=20000 avg_latency=0.6584 ms avg throuhgput (requests/sec) = 89.2273 res=false
*==== INFO ====* req_id_count= 17000 stream_id=67996 latency=0.596686 ms (tx_ts=157205158423193, rx_ts=157205159019879) request_id=874355 zil_blk_id=178758 ccf_commit_seqno=874355 nstreams_done_=17000 config.nstreams=20000 avg_latency=0.6576 ms avg throuhgput (requests/sec) = 89.1986 res=false
*==== INFO ====* req_id_count= 17500 stream_id=69996 latency=0.700971 ms (tx_ts=157210815857648, rx_ts=157210816558619) request_id=899804 zil_blk_id=184067 ccf_commit_seqno=899807 nstreams_done_=17500 config.nstreams=20000 avg_latency=0.6573 ms avg throuhgput (requests/sec) = 89.1749 res=false
*==== INFO ====* req_id_count= 18000 stream_id=71996 latency=0.814063 ms (tx_ts=157216409697502, rx_ts=157216410511565) request_id=924886 zil_blk_id=189317 ccf_commit_seqno=924886 nstreams_done_=18000 config.nstreams=20000 avg_latency=0.6581 ms avg throuhgput (requests/sec) = 89.1807 res=false
*==== INFO ====* req_id_count= 18500 stream_id=73996 latency=0.767235 ms (tx_ts=157221926568659, rx_ts=157221927335894) request_id=949633 zil_blk_id=194495 ccf_commit_seqno=949634 nstreams_done_=18500 config.nstreams=20000 avg_latency=0.6583 ms avg throuhgput (requests/sec) = 89.2193 res=false
*==== INFO ====* req_id_count= 19000 stream_id=75996 latency=0.624818 ms (tx_ts=157227457411535, rx_ts=157227458036353) request_id=974478 zil_blk_id=199664 ccf_commit_seqno=974479 nstreams_done_=19000 config.nstreams=20000 avg_latency=0.6587 ms avg throuhgput (requests/sec) = 89.2501 res=false
*==== INFO ====* req_id_count= 19500 stream_id=77996 latency=0.555118 ms (tx_ts=157232994740518, rx_ts=157232995295636) request_id=999341 zil_blk_id=204832 ccf_commit_seqno=999341 nstreams_done_=19500 config.nstreams=20000 avg_latency=0.6587 ms avg throuhgput (requests/sec) = 89.2766 res=false
*==== INFO ====* http_end_stream ALL streams done! nstreams_done_=20000 avg_latency=0.6584 msreq_id_count= 20000
*==== INFO ====* req_id_count= 20000 stream_id=79996 latency=0.578002 ms (tx_ts=157238630702325, rx_ts=157238631280327) request_id=1022958 zil_blk_id=210088 ccf_commit_seqno=1022959 nstreams_done_=20000 config.nstreams=20000 avg_latency=0.6584 ms avg throuhgput (requests/sec) = 89.2625 res=true
