Uniform: 757469 534723 410637 490941 663448 
Exponential: -2147483648 -2147483648 -2147483648 -2147483648 -2147483648 
Truncated Normal: 379185 929707 269678 657075 441687 
*==== INFO ====* req_id_count= 500 stream_id=1996 latency=0.735175 ms (tx_ts=157015546011840, rx_ts=157015546747015) request_id=26020 zil_blk_id=1996 ccf_commit_seqno=26020 nstreams_done_=500 config.nstreams=20000 avg_latency=0.9644 ms avg throuhgput (requests/sec) = 83.9913 res=false
*==== INFO ====* req_id_count= 1000 stream_id=3996 latency=1.026533 ms (tx_ts=157021404764748, rx_ts=157021405791281) request_id=52049 zil_blk_id=3996 ccf_commit_seqno=52051 nstreams_done_=1000 config.nstreams=20000 avg_latency=0.9660 ms avg throuhgput (requests/sec) = 84.6594 res=false
*==== INFO ====* req_id_count= 1500 stream_id=5996 latency=0.748270 ms (tx_ts=157027256141070, rx_ts=157027256889340) request_id=78105 zil_blk_id=5996 ccf_commit_seqno=78105 nstreams_done_=1500 config.nstreams=20000 avg_latency=0.9560 ms avg throuhgput (requests/sec) = 84.9226 res=false
*==== INFO ====* req_id_count= 2000 stream_id=7996 latency=0.701444 ms (tx_ts=157033102127195, rx_ts=157033102828639) request_id=104101 zil_blk_id=7996 ccf_commit_seqno=104102 nstreams_done_=2000 config.nstreams=20000 avg_latency=0.9612 ms avg throuhgput (requests/sec) = 85.0735 res=false
*==== INFO ====* req_id_count= 2500 stream_id=9996 latency=0.985771 ms (tx_ts=157038946007722, rx_ts=157038946993493) request_id=130223 zil_blk_id=9996 ccf_commit_seqno=130224 nstreams_done_=2500 config.nstreams=20000 avg_latency=0.9523 ms avg throuhgput (requests/sec) = 85.1695 res=false
*==== INFO ====* req_id_count= 3000 stream_id=11996 latency=0.857624 ms (tx_ts=157044806968272, rx_ts=157044807825896) request_id=156401 zil_blk_id=11996 ccf_commit_seqno=156401 nstreams_done_=3000 config.nstreams=20000 avg_latency=0.9529 ms avg throuhgput (requests/sec) = 85.1932 res=false
*==== INFO ====* req_id_count= 3500 stream_id=13996 latency=1.865279 ms (tx_ts=157050650042437, rx_ts=157050651907716) request_id=182505 zil_blk_id=13996 ccf_commit_seqno=182505 nstreams_done_=3500 config.nstreams=20000 avg_latency=0.9527 ms avg throuhgput (requests/sec) = 85.2449 res=false
*==== INFO ====* req_id_count= 4000 stream_id=15996 latency=1.140083 ms (tx_ts=157056536271648, rx_ts=157056537411731) request_id=208774 zil_blk_id=15996 ccf_commit_seqno=208778 nstreams_done_=4000 config.nstreams=20000 avg_latency=0.9563 ms avg throuhgput (requests/sec) = 85.2085 res=false
*==== INFO ====* req_id_count= 4500 stream_id=17996 latency=0.959553 ms (tx_ts=157062393079304, rx_ts=157062394038857) request_id=234952 zil_blk_id=17996 ccf_commit_seqno=234953 nstreams_done_=4500 config.nstreams=20000 avg_latency=0.9569 ms avg throuhgput (requests/sec) = 85.2268 res=false
*==== INFO ====* req_id_count= 5000 stream_id=19996 latency=0.846693 ms (tx_ts=157068237225728, rx_ts=157068238072421) request_id=261091 zil_blk_id=19996 ccf_commit_seqno=261092 nstreams_done_=5000 config.nstreams=20000 avg_latency=0.9547 ms avg throuhgput (requests/sec) = 85.2597 res=false
*==== INFO ====* req_id_count= 5500 stream_id=21996 latency=1.010660 ms (tx_ts=157074090787783, rx_ts=157074091798443) request_id=287224 zil_blk_id=21996 ccf_commit_seqno=287226 nstreams_done_=5500 config.nstreams=20000 avg_latency=0.9540 ms avg throuhgput (requests/sec) = 85.2739 res=false
*==== INFO ====* req_id_count= 6000 stream_id=23996 latency=1.021631 ms (tx_ts=157079932344967, rx_ts=157079933366598) request_id=313388 zil_blk_id=23996 ccf_commit_seqno=313388 nstreams_done_=6000 config.nstreams=20000 avg_latency=0.9536 ms avg throuhgput (requests/sec) = 85.3004 res=false
*==== INFO ====* req_id_count= 6500 stream_id=25996 latency=0.975219 ms (tx_ts=157085758203955, rx_ts=157085759179174) request_id=339485 zil_blk_id=25996 ccf_commit_seqno=339487 nstreams_done_=6500 config.nstreams=20000 avg_latency=0.9511 ms avg throuhgput (requests/sec) = 85.3406 res=false
*==== INFO ====* req_id_count= 7000 stream_id=27996 latency=0.718714 ms (tx_ts=157091619194227, rx_ts=157091619912941) request_id=365746 zil_blk_id=27996 ccf_commit_seqno=365746 nstreams_done_=7000 config.nstreams=20000 avg_latency=0.9525 ms avg throuhgput (requests/sec) = 85.3386 res=false
*==== INFO ====* req_id_count= 7500 stream_id=29996 latency=0.768508 ms (tx_ts=157097450384402, rx_ts=157097451152910) request_id=391860 zil_blk_id=29996 ccf_commit_seqno=391861 nstreams_done_=7500 config.nstreams=20000 avg_latency=0.9517 ms avg throuhgput (requests/sec) = 85.3656 res=false
*==== INFO ====* req_id_count= 8000 stream_id=31996 latency=0.796068 ms (tx_ts=157103310157305, rx_ts=157103310953373) request_id=418030 zil_blk_id=31996 ccf_commit_seqno=418030 nstreams_done_=8000 config.nstreams=20000 avg_latency=0.9532 ms avg throuhgput (requests/sec) = 85.3632 res=false
*==== INFO ====* req_id_count= 8500 stream_id=33996 latency=0.891271 ms (tx_ts=157109164177949, rx_ts=157109165069220) request_id=444216 zil_blk_id=33996 ccf_commit_seqno=444218 nstreams_done_=8500 config.nstreams=20000 avg_latency=0.9540 ms avg throuhgput (requests/sec) = 85.3659 res=false
*==== INFO ====* req_id_count= 9000 stream_id=35996 latency=0.920581 ms (tx_ts=157115038421930, rx_ts=157115039342511) request_id=470503 zil_blk_id=35996 ccf_commit_seqno=470505 nstreams_done_=9000 config.nstreams=20000 avg_latency=0.9558 ms avg throuhgput (requests/sec) = 85.3521 res=false
*==== INFO ====* req_id_count= 9500 stream_id=37996 latency=0.907858 ms (tx_ts=157120918491479, rx_ts=157120919399337) request_id=496685 zil_blk_id=37996 ccf_commit_seqno=496685 nstreams_done_=9500 config.nstreams=20000 avg_latency=0.9572 ms avg throuhgput (requests/sec) = 85.3352 res=false
*==== INFO ====* req_id_count= 10000 stream_id=39996 latency=0.889012 ms (tx_ts=157126764283126, rx_ts=157126765172138) request_id=522883 zil_blk_id=39996 ccf_commit_seqno=522883 nstreams_done_=10000 config.nstreams=20000 avg_latency=0.9556 ms avg throuhgput (requests/sec) = 85.3450 res=false
*==== INFO ====* req_id_count= 10500 stream_id=41996 latency=1.732339 ms (tx_ts=157132613320375, rx_ts=157132615052714) request_id=549104 zil_blk_id=41996 ccf_commit_seqno=549104 nstreams_done_=10500 config.nstreams=20000 avg_latency=0.9547 ms avg throuhgput (requests/sec) = 85.3511 res=false
*==== INFO ====* req_id_count= 11000 stream_id=43996 latency=0.907427 ms (tx_ts=157138463307329, rx_ts=157138464214756) request_id=575366 zil_blk_id=43996 ccf_commit_seqno=575368 nstreams_done_=11000 config.nstreams=20000 avg_latency=0.9548 ms avg throuhgput (requests/sec) = 85.3570 res=false
*==== INFO ====* req_id_count= 11500 stream_id=45996 latency=0.793838 ms (tx_ts=157144305608938, rx_ts=157144306402776) request_id=601530 zil_blk_id=45996 ccf_commit_seqno=601530 nstreams_done_=11500 config.nstreams=20000 avg_latency=0.9544 ms avg throuhgput (requests/sec) = 85.3669 res=false
*==== INFO ====* req_id_count= 12000 stream_id=47996 latency=0.933015 ms (tx_ts=157150141781469, rx_ts=157150142714484) request_id=627707 zil_blk_id=47996 ccf_commit_seqno=627708 nstreams_done_=12000 config.nstreams=20000 avg_latency=0.9527 ms avg throuhgput (requests/sec) = 85.3795 res=false
*==== INFO ====* req_id_count= 12500 stream_id=49996 latency=0.890726 ms (tx_ts=157155998018508, rx_ts=157155998909234) request_id=653975 zil_blk_id=49996 ccf_commit_seqno=653976 nstreams_done_=12500 config.nstreams=20000 avg_latency=0.9517 ms avg throuhgput (requests/sec) = 85.3795 res=false
*==== INFO ====* req_id_count= 13000 stream_id=51996 latency=0.733983 ms (tx_ts=157161840510699, rx_ts=157161841244682) request_id=680185 zil_blk_id=51996 ccf_commit_seqno=680185 nstreams_done_=13000 config.nstreams=20000 avg_latency=0.9503 ms avg throuhgput (requests/sec) = 85.3873 res=false
*==== INFO ====* req_id_count= 13500 stream_id=53996 latency=0.975273 ms (tx_ts=157167697606600, rx_ts=157167698581873) request_id=706418 zil_blk_id=53996 ccf_commit_seqno=706420 nstreams_done_=13500 config.nstreams=20000 avg_latency=0.9509 ms avg throuhgput (requests/sec) = 85.3864 res=false
*==== INFO ====* req_id_count= 14000 stream_id=55996 latency=1.211846 ms (tx_ts=157173585808011, rx_ts=157173587019857) request_id=732844 zil_blk_id=55996 ccf_commit_seqno=732844 nstreams_done_=14000 config.nstreams=20000 avg_latency=0.9514 ms avg throuhgput (requests/sec) = 85.3694 res=false
*==== INFO ====* req_id_count= 14500 stream_id=57996 latency=0.783846 ms (tx_ts=157179465787495, rx_ts=157179466571341) request_id=759107 zil_blk_id=57996 ccf_commit_seqno=759107 nstreams_done_=14500 config.nstreams=20000 avg_latency=0.9522 ms avg throuhgput (requests/sec) = 85.3580 res=false
*==== INFO ====* req_id_count= 15000 stream_id=59996 latency=1.015709 ms (tx_ts=157185322756422, rx_ts=157185323772131) request_id=785377 zil_blk_id=59996 ccf_commit_seqno=785378 nstreams_done_=15000 config.nstreams=20000 avg_latency=0.9526 ms avg throuhgput (requests/sec) = 85.3582 res=false
*==== INFO ====* req_id_count= 15500 stream_id=61996 latency=0.830213 ms (tx_ts=157191166293892, rx_ts=157191167124105) request_id=811627 zil_blk_id=61996 ccf_commit_seqno=811627 nstreams_done_=15500 config.nstreams=20000 avg_latency=0.9522 ms avg throuhgput (requests/sec) = 85.3649 res=false
*==== INFO ====* req_id_count= 16000 stream_id=63996 latency=0.965014 ms (tx_ts=157197015743137, rx_ts=157197016708151) request_id=837813 zil_blk_id=63996 ccf_commit_seqno=837814 nstreams_done_=16000 config.nstreams=20000 avg_latency=0.9517 ms avg throuhgput (requests/sec) = 85.3684 res=false
*==== INFO ====* req_id_count= 16500 stream_id=65996 latency=0.727576 ms (tx_ts=157202866064402, rx_ts=157202866791978) request_id=864057 zil_blk_id=65996 ccf_commit_seqno=864057 nstreams_done_=16500 config.nstreams=20000 avg_latency=0.9515 ms avg throuhgput (requests/sec) = 85.3715 res=false
*==== INFO ====* req_id_count= 17000 stream_id=67996 latency=0.959224 ms (tx_ts=157208711963134, rx_ts=157208712922358) request_id=890343 zil_blk_id=67996 ccf_commit_seqno=890345 nstreams_done_=17000 config.nstreams=20000 avg_latency=0.9516 ms avg throuhgput (requests/sec) = 85.3760 res=false
*==== INFO ====* req_id_count= 17500 stream_id=69996 latency=0.900394 ms (tx_ts=157214580929456, rx_ts=157214581829850) request_id=916675 zil_blk_id=69996 ccf_commit_seqno=916675 nstreams_done_=17500 config.nstreams=20000 avg_latency=0.9523 ms avg throuhgput (requests/sec) = 85.3708 res=false
*==== INFO ====* req_id_count= 18000 stream_id=71996 latency=0.969733 ms (tx_ts=157220460718412, rx_ts=157220461688145) request_id=943051 zil_blk_id=71996 ccf_commit_seqno=943053 nstreams_done_=18000 config.nstreams=20000 avg_latency=0.9529 ms avg throuhgput (requests/sec) = 85.3615 res=false
*==== INFO ====* req_id_count= 18500 stream_id=73996 latency=0.895144 ms (tx_ts=157226321830022, rx_ts=157226322725166) request_id=969362 zil_blk_id=73996 ccf_commit_seqno=969364 nstreams_done_=18500 config.nstreams=20000 avg_latency=0.9533 ms avg throuhgput (requests/sec) = 85.3601 res=false
*==== INFO ====* req_id_count= 19000 stream_id=75996 latency=1.004528 ms (tx_ts=157232149125252, rx_ts=157232150129780) request_id=995592 zil_blk_id=75996 ccf_commit_seqno=995594 nstreams_done_=19000 config.nstreams=20000 avg_latency=0.9523 ms avg throuhgput (requests/sec) = 85.3716 res=false
*==== INFO ====* req_id_count= 19500 stream_id=77996 latency=0.735717 ms (tx_ts=157238002880592, rx_ts=157238003616309) request_id=1020583 zil_blk_id=77996 ccf_commit_seqno=1020583 nstreams_done_=19500 config.nstreams=20000 avg_latency=0.9522 ms avg throuhgput (requests/sec) = 85.3728 res=false
*==== INFO ====* http_end_stream ALL streams done! nstreams_done_=20000 avg_latency=0.9512 msreq_id_count= 20000
*==== INFO ====* req_id_count= 20000 stream_id=79996 latency=0.759260 ms (tx_ts=157243903309278, rx_ts=157243904068538) request_id=1035895 zil_blk_id=79996 ccf_commit_seqno=1035895 nstreams_done_=20000 config.nstreams=20000 avg_latency=0.9512 ms avg throuhgput (requests/sec) = 85.3569 res=true
