Uniform: 875163 410902 599237 622896 34883 
Exponential: -2147483648 -2147483648 -2147483648 -2147483648 -2147483648 
Truncated Normal: 498158 665657 502778 609002 533097 
*==== INFO ====* req_id_count= 500 stream_id=1996 latency=0.909612 ms (tx_ts=157015438825663, rx_ts=157015439735275) request_id=25556 zil_blk_id=1996 ccf_commit_seqno=25557 nstreams_done_=500 config.nstreams=20000 avg_latency=0.9368 ms avg throuhgput (requests/sec) = 85.4973 res=false
*==== INFO ====* req_id_count= 1000 stream_id=3996 latency=0.990889 ms (tx_ts=157021262286152, rx_ts=157021263277041) request_id=51420 zil_blk_id=3996 ccf_commit_seqno=51422 nstreams_done_=1000 config.nstreams=20000 avg_latency=0.9395 ms avg throuhgput (requests/sec) = 85.6775 res=false
*==== INFO ====* req_id_count= 1500 stream_id=5996 latency=0.986332 ms (tx_ts=157027111424030, rx_ts=157027112410362) request_id=77468 zil_blk_id=5996 ccf_commit_seqno=77470 nstreams_done_=1500 config.nstreams=20000 avg_latency=0.9511 ms avg throuhgput (requests/sec) = 85.6125 res=false
*==== INFO ====* req_id_count= 2000 stream_id=7996 latency=0.889823 ms (tx_ts=157033017399321, rx_ts=157033018289144) request_id=103728 zil_blk_id=7996 ccf_commit_seqno=103728 nstreams_done_=2000 config.nstreams=20000 avg_latency=0.9796 ms avg throuhgput (requests/sec) = 85.3727 res=false
*==== INFO ====* req_id_count= 2500 stream_id=9996 latency=0.885307 ms (tx_ts=157038838664798, rx_ts=157038839550105) request_id=129746 zil_blk_id=9996 ccf_commit_seqno=129746 nstreams_done_=2500 config.nstreams=20000 avg_latency=0.9723 ms avg throuhgput (requests/sec) = 85.4761 res=false
*==== INFO ====* req_id_count= 3000 stream_id=11996 latency=1.015731 ms (tx_ts=157044679688761, rx_ts=157044680704492) request_id=155839 zil_blk_id=11996 ccf_commit_seqno=155840 nstreams_done_=3000 config.nstreams=20000 avg_latency=0.9700 ms avg throuhgput (requests/sec) = 85.4966 res=false
*==== INFO ====* req_id_count= 3500 stream_id=13996 latency=0.762196 ms (tx_ts=157050550763124, rx_ts=157050551525320) request_id=182053 zil_blk_id=13996 ccf_commit_seqno=182053 nstreams_done_=3500 config.nstreams=20000 avg_latency=0.9763 ms avg throuhgput (requests/sec) = 85.4494 res=false
*==== INFO ====* req_id_count= 4000 stream_id=15996 latency=1.383958 ms (tx_ts=157056376559871, rx_ts=157056377943829) request_id=208068 zil_blk_id=15996 ccf_commit_seqno=208068 nstreams_done_=4000 config.nstreams=20000 avg_latency=0.9712 ms avg throuhgput (requests/sec) = 85.4950 res=false
*==== INFO ====* req_id_count= 4500 stream_id=17996 latency=0.786059 ms (tx_ts=157062182923841, rx_ts=157062183709900) request_id=234016 zil_blk_id=17996 ccf_commit_seqno=234016 nstreams_done_=4500 config.nstreams=20000 avg_latency=0.9630 ms avg throuhgput (requests/sec) = 85.5642 res=false
*==== INFO ====* req_id_count= 5000 stream_id=19996 latency=0.817098 ms (tx_ts=157068044829567, rx_ts=157068045646665) request_id=260231 zil_blk_id=19996 ccf_commit_seqno=260231 nstreams_done_=5000 config.nstreams=20000 avg_latency=0.9646 ms avg throuhgput (requests/sec) = 85.5373 res=false
*==== INFO ====* req_id_count= 5500 stream_id=21996 latency=0.866460 ms (tx_ts=157073877436803, rx_ts=157073878303263) request_id=286279 zil_blk_id=21996 ccf_commit_seqno=286280 nstreams_done_=5500 config.nstreams=20000 avg_latency=0.9622 ms avg throuhgput (requests/sec) = 85.5542 res=false
*==== INFO ====* req_id_count= 6000 stream_id=23996 latency=0.830203 ms (tx_ts=157079733333013, rx_ts=157079734163216) request_id=312495 zil_blk_id=23996 ccf_commit_seqno=312495 nstreams_done_=6000 config.nstreams=20000 avg_latency=0.9619 ms avg throuhgput (requests/sec) = 85.5401 res=false
*==== INFO ====* req_id_count= 6500 stream_id=25996 latency=0.936663 ms (tx_ts=157085556109302, rx_ts=157085557045965) request_id=338585 zil_blk_id=25996 ccf_commit_seqno=338586 nstreams_done_=6500 config.nstreams=20000 avg_latency=0.9598 ms avg throuhgput (requests/sec) = 85.5652 res=false
*==== INFO ====* req_id_count= 7000 stream_id=27996 latency=1.420547 ms (tx_ts=157091371877810, rx_ts=157091373298357) request_id=364648 zil_blk_id=27996 ccf_commit_seqno=364650 nstreams_done_=7000 config.nstreams=20000 avg_latency=0.9579 ms avg throuhgput (requests/sec) = 85.5937 res=false
*==== INFO ====* req_id_count= 7500 stream_id=29996 latency=0.967477 ms (tx_ts=157097235304752, rx_ts=157097236272229) request_id=390901 zil_blk_id=29996 ccf_commit_seqno=390903 nstreams_done_=7500 config.nstreams=20000 avg_latency=0.9595 ms avg throuhgput (requests/sec) = 85.5728 res=false
*==== INFO ====* req_id_count= 8000 stream_id=31996 latency=1.220281 ms (tx_ts=157103060818839, rx_ts=157103062039120) request_id=416920 zil_blk_id=31996 ccf_commit_seqno=416920 nstreams_done_=8000 config.nstreams=20000 avg_latency=0.9592 ms avg throuhgput (requests/sec) = 85.5886 res=false
*==== INFO ====* req_id_count= 8500 stream_id=33996 latency=1.082861 ms (tx_ts=157108898839669, rx_ts=157108899922530) request_id=443027 zil_blk_id=33996 ccf_commit_seqno=443028 nstreams_done_=8500 config.nstreams=20000 avg_latency=0.9595 ms avg throuhgput (requests/sec) = 85.5920 res=false
*==== INFO ====* req_id_count= 9000 stream_id=35996 latency=1.303678 ms (tx_ts=157114736837294, rx_ts=157114738140972) request_id=469151 zil_blk_id=35996 ccf_commit_seqno=469155 nstreams_done_=9000 config.nstreams=20000 avg_latency=0.9583 ms avg throuhgput (requests/sec) = 85.5948 res=false
*==== INFO ====* req_id_count= 9500 stream_id=37996 latency=1.441896 ms (tx_ts=157120608650102, rx_ts=157120610091998) request_id=495345 zil_blk_id=37996 ccf_commit_seqno=495345 nstreams_done_=9500 config.nstreams=20000 avg_latency=0.9614 ms avg throuhgput (requests/sec) = 85.5713 res=false
*==== INFO ====* req_id_count= 10000 stream_id=39996 latency=0.761834 ms (tx_ts=157126431150170, rx_ts=157126431912004) request_id=521397 zil_blk_id=39996 ccf_commit_seqno=521398 nstreams_done_=10000 config.nstreams=20000 avg_latency=0.9599 ms avg throuhgput (requests/sec) = 85.5869 res=false
*==== INFO ====* req_id_count= 10500 stream_id=41996 latency=0.833228 ms (tx_ts=157132244479944, rx_ts=157132245313172) request_id=547446 zil_blk_id=41996 ccf_commit_seqno=547447 nstreams_done_=10500 config.nstreams=20000 avg_latency=0.9582 ms avg throuhgput (requests/sec) = 85.6069 res=false
*==== INFO ====* req_id_count= 11000 stream_id=43996 latency=1.186874 ms (tx_ts=157138084263666, rx_ts=157138085450540) request_id=573669 zil_blk_id=43996 ccf_commit_seqno=573671 nstreams_done_=11000 config.nstreams=20000 avg_latency=0.9584 ms avg throuhgput (requests/sec) = 85.6072 res=false
*==== INFO ====* req_id_count= 11500 stream_id=45996 latency=0.894573 ms (tx_ts=157143904135592, rx_ts=157143905030165) request_id=599728 zil_blk_id=45996 ccf_commit_seqno=599729 nstreams_done_=11500 config.nstreams=20000 avg_latency=0.9571 ms avg throuhgput (requests/sec) = 85.6206 res=false
*==== INFO ====* req_id_count= 12000 stream_id=47996 latency=0.717392 ms (tx_ts=157149712872657, rx_ts=157149713590049) request_id=625770 zil_blk_id=47996 ccf_commit_seqno=625771 nstreams_done_=12000 config.nstreams=20000 avg_latency=0.9557 ms avg throuhgput (requests/sec) = 85.6397 res=false
*==== INFO ====* req_id_count= 12500 stream_id=49996 latency=0.655817 ms (tx_ts=157155515747199, rx_ts=157155516403016) request_id=651815 zil_blk_id=49996 ccf_commit_seqno=651815 nstreams_done_=12500 config.nstreams=20000 avg_latency=0.9539 ms avg throuhgput (requests/sec) = 85.6606 res=false
*==== INFO ====* req_id_count= 13000 stream_id=51996 latency=1.395609 ms (tx_ts=157161354890992, rx_ts=157161356286601) request_id=678008 zil_blk_id=51996 ccf_commit_seqno=678010 nstreams_done_=13000 config.nstreams=20000 avg_latency=0.9537 ms avg throuhgput (requests/sec) = 85.6589 res=false
*==== INFO ====* req_id_count= 13500 stream_id=53996 latency=0.762936 ms (tx_ts=157167186566513, rx_ts=157167187329449) request_id=704148 zil_blk_id=53996 ccf_commit_seqno=704148 nstreams_done_=13500 config.nstreams=20000 avg_latency=0.9536 ms avg throuhgput (requests/sec) = 85.6622 res=false
*==== INFO ====* req_id_count= 14000 stream_id=55996 latency=0.852273 ms (tx_ts=157173024012096, rx_ts=157173024864369) request_id=730341 zil_blk_id=55996 ccf_commit_seqno=730342 nstreams_done_=14000 config.nstreams=20000 avg_latency=0.9538 ms avg throuhgput (requests/sec) = 85.6619 res=false
*==== INFO ====* req_id_count= 14500 stream_id=57996 latency=0.909330 ms (tx_ts=157178876683570, rx_ts=157178877592900) request_id=756460 zil_blk_id=57996 ccf_commit_seqno=756461 nstreams_done_=14500 config.nstreams=20000 avg_latency=0.9547 ms avg throuhgput (requests/sec) = 85.6539 res=false
*==== INFO ====* req_id_count= 15000 stream_id=59996 latency=1.189736 ms (tx_ts=157184708647402, rx_ts=157184709837138) request_id=782616 zil_blk_id=59996 ccf_commit_seqno=782616 nstreams_done_=15000 config.nstreams=20000 avg_latency=0.9547 ms avg throuhgput (requests/sec) = 85.6564 res=false
*==== INFO ====* req_id_count= 15500 stream_id=61996 latency=0.840272 ms (tx_ts=157190504247971, rx_ts=157190505088243) request_id=808654 zil_blk_id=61996 ccf_commit_seqno=808654 nstreams_done_=15500 config.nstreams=20000 avg_latency=0.9526 ms avg throuhgput (requests/sec) = 85.6763 res=false
*==== INFO ====* req_id_count= 16000 stream_id=63996 latency=0.816016 ms (tx_ts=157196375316179, rx_ts=157196376132195) request_id=834927 zil_blk_id=63996 ccf_commit_seqno=834928 nstreams_done_=16000 config.nstreams=20000 avg_latency=0.9541 ms avg throuhgput (requests/sec) = 85.6602 res=false
*==== INFO ====* req_id_count= 16500 stream_id=65996 latency=0.713754 ms (tx_ts=157202209580198, rx_ts=157202210293952) request_id=861113 zil_blk_id=65996 ccf_commit_seqno=861113 nstreams_done_=16500 config.nstreams=20000 avg_latency=0.9538 ms avg throuhgput (requests/sec) = 85.6615 res=false
*==== INFO ====* req_id_count= 17000 stream_id=67996 latency=0.876866 ms (tx_ts=157208074431029, rx_ts=157208075307895) request_id=887472 zil_blk_id=67996 ccf_commit_seqno=887473 nstreams_done_=17000 config.nstreams=20000 avg_latency=0.9549 ms avg throuhgput (requests/sec) = 85.6493 res=false
*==== INFO ====* req_id_count= 17500 stream_id=69996 latency=0.977227 ms (tx_ts=157213890670164, rx_ts=157213891647391) request_id=913567 zil_blk_id=69996 ccf_commit_seqno=913569 nstreams_done_=17500 config.nstreams=20000 avg_latency=0.9544 ms avg throuhgput (requests/sec) = 85.6583 res=false
*==== INFO ====* req_id_count= 18000 stream_id=71996 latency=1.127719 ms (tx_ts=157219714049027, rx_ts=157219715176746) request_id=939718 zil_blk_id=71996 ccf_commit_seqno=939719 nstreams_done_=18000 config.nstreams=20000 avg_latency=0.9537 ms avg throuhgput (requests/sec) = 85.6639 res=false
*==== INFO ====* req_id_count= 18500 stream_id=73996 latency=2.020999 ms (tx_ts=157225601957501, rx_ts=157225603978500) request_id=966126 zil_blk_id=73996 ccf_commit_seqno=966126 nstreams_done_=18500 config.nstreams=20000 avg_latency=0.9552 ms avg throuhgput (requests/sec) = 85.6432 res=false
*==== INFO ====* req_id_count= 19000 stream_id=75996 latency=0.963395 ms (tx_ts=157231447950073, rx_ts=157231448913468) request_id=992428 zil_blk_id=75996 ccf_commit_seqno=992435 nstreams_done_=19000 config.nstreams=20000 avg_latency=0.9551 ms avg throuhgput (requests/sec) = 85.6406 res=false
*==== INFO ====* req_id_count= 19500 stream_id=77996 latency=0.895194 ms (tx_ts=157237297926693, rx_ts=157237298821887) request_id=1017820 zil_blk_id=77996 ccf_commit_seqno=1017820 nstreams_done_=19500 config.nstreams=20000 avg_latency=0.9554 ms avg throuhgput (requests/sec) = 85.6363 res=false
*==== INFO ====* http_end_stream ALL streams done! nstreams_done_=20000 avg_latency=0.9543 msreq_id_count= 20000
*==== INFO ====* req_id_count= 20000 stream_id=79996 latency=0.668370 ms (tx_ts=157243149750654, rx_ts=157243150419024) request_id=1034784 zil_blk_id=79996 ccf_commit_seqno=1034784 nstreams_done_=20000 config.nstreams=20000 avg_latency=0.9543 ms avg throuhgput (requests/sec) = 85.6315 res=true
