Uniform: 125165 738743 260695 700458 601734 
Exponential: -2147483648 -2147483648 -2147483648 -2147483648 -2147483648 
Truncated Normal: 501387 261446 701995 390434 733607 
*==== INFO ====* req_id_count= 500 stream_id=1996 latency=0.785399 ms (tx_ts=157015389346000, rx_ts=157015390131399) request_id=25343 zil_blk_id=1996 ccf_commit_seqno=25343 nstreams_done_=500 config.nstreams=20000 avg_latency=0.7478 ms avg throuhgput (requests/sec) = 86.0392 res=false
*==== INFO ====* req_id_count= 1000 stream_id=3996 latency=0.973652 ms (tx_ts=157021223306076, rx_ts=157021224279728) request_id=51251 zil_blk_id=3996 ccf_commit_seqno=51253 nstreams_done_=1000 config.nstreams=20000 avg_latency=0.7514 ms avg throuhgput (requests/sec) = 85.8704 res=false
*==== INFO ====* req_id_count= 1500 stream_id=5996 latency=0.762136 ms (tx_ts=157027062451473, rx_ts=157027063213609) request_id=77252 zil_blk_id=5996 ccf_commit_seqno=77254 nstreams_done_=1500 config.nstreams=20000 avg_latency=0.7566 ms avg throuhgput (requests/sec) = 85.7908 res=false
*==== INFO ====* req_id_count= 2000 stream_id=7996 latency=0.615402 ms (tx_ts=157032914186254, rx_ts=157032914801656) request_id=103268 zil_blk_id=7996 ccf_commit_seqno=103269 nstreams_done_=2000 config.nstreams=20000 avg_latency=0.7621 ms avg throuhgput (requests/sec) = 85.7046 res=false
*==== INFO ====* req_id_count= 2500 stream_id=9996 latency=0.893041 ms (tx_ts=157038745361851, rx_ts=157038746254892) request_id=129328 zil_blk_id=9996 ccf_commit_seqno=129330 nstreams_done_=2500 config.nstreams=20000 avg_latency=0.7605 ms avg throuhgput (requests/sec) = 85.7120 res=false
*==== INFO ====* req_id_count= 3000 stream_id=11996 latency=0.760452 ms (tx_ts=157044599199287, rx_ts=157044599959739) request_id=155480 zil_blk_id=11996 ccf_commit_seqno=155481 nstreams_done_=3000 config.nstreams=20000 avg_latency=0.7629 ms avg throuhgput (requests/sec) = 85.6626 res=false
*==== INFO ====* req_id_count= 3500 stream_id=13996 latency=0.672518 ms (tx_ts=157050437596289, rx_ts=157050438268807) request_id=181554 zil_blk_id=13996 ccf_commit_seqno=181555 nstreams_done_=3500 config.nstreams=20000 avg_latency=0.7624 ms avg throuhgput (requests/sec) = 85.6595 res=false
*==== INFO ====* req_id_count= 4000 stream_id=15996 latency=0.545390 ms (tx_ts=157056243880502, rx_ts=157056244425892) request_id=207474 zil_blk_id=15996 ccf_commit_seqno=207474 nstreams_done_=4000 config.nstreams=20000 avg_latency=0.7632 ms avg throuhgput (requests/sec) = 85.7162 res=false
*==== INFO ====* req_id_count= 4500 stream_id=17996 latency=0.708875 ms (tx_ts=157062081183251, rx_ts=157062081892126) request_id=233561 zil_blk_id=17996 ccf_commit_seqno=233561 nstreams_done_=4500 config.nstreams=20000 avg_latency=0.7612 ms avg throuhgput (requests/sec) = 85.7093 res=false
*==== INFO ====* req_id_count= 5000 stream_id=19996 latency=0.706068 ms (tx_ts=157067937565600, rx_ts=157067938271668) request_id=259753 zil_blk_id=19996 ccf_commit_seqno=259753 nstreams_done_=5000 config.nstreams=20000 avg_latency=0.7622 ms avg throuhgput (requests/sec) = 85.6759 res=false
*==== INFO ====* req_id_count= 5500 stream_id=21996 latency=0.869125 ms (tx_ts=157073785202915, rx_ts=157073786072040) request_id=285866 zil_blk_id=21996 ccf_commit_seqno=285867 nstreams_done_=5500 config.nstreams=20000 avg_latency=0.7639 ms avg throuhgput (requests/sec) = 85.6601 res=false
*==== INFO ====* req_id_count= 6000 stream_id=23996 latency=0.584043 ms (tx_ts=157079636586697, rx_ts=157079637170740) request_id=312054 zil_blk_id=23996 ccf_commit_seqno=312054 nstreams_done_=6000 config.nstreams=20000 avg_latency=0.7667 ms avg throuhgput (requests/sec) = 85.6429 res=false
*==== INFO ====* req_id_count= 6500 stream_id=25996 latency=0.607747 ms (tx_ts=157085456950291, rx_ts=157085457558038) request_id=338140 zil_blk_id=25996 ccf_commit_seqno=338141 nstreams_done_=6500 config.nstreams=20000 avg_latency=0.7648 ms avg throuhgput (requests/sec) = 85.6630 res=false
*==== INFO ====* req_id_count= 7000 stream_id=27996 latency=0.759432 ms (tx_ts=157091267194143, rx_ts=157091267953575) request_id=364182 zil_blk_id=27996 ccf_commit_seqno=364184 nstreams_done_=7000 config.nstreams=20000 avg_latency=0.7645 ms avg throuhgput (requests/sec) = 85.6907 res=false
*==== INFO ====* req_id_count= 7500 stream_id=29996 latency=0.709948 ms (tx_ts=157097076172279, rx_ts=157097076882227) request_id=390189 zil_blk_id=29996 ccf_commit_seqno=390193 nstreams_done_=7500 config.nstreams=20000 avg_latency=0.7644 ms avg throuhgput (requests/sec) = 85.7162 res=false
*==== INFO ====* req_id_count= 8000 stream_id=31996 latency=0.597095 ms (tx_ts=157102931547578, rx_ts=157102932144673) request_id=416340 zil_blk_id=31996 ccf_commit_seqno=416340 nstreams_done_=8000 config.nstreams=20000 avg_latency=0.7645 ms avg throuhgput (requests/sec) = 85.6959 res=false
*==== INFO ====* req_id_count= 8500 stream_id=33996 latency=0.738630 ms (tx_ts=157108749872504, rx_ts=157108750611134) request_id=442359 zil_blk_id=33996 ccf_commit_seqno=442359 nstreams_done_=8500 config.nstreams=20000 avg_latency=0.7647 ms avg throuhgput (requests/sec) = 85.7099 res=false
*==== INFO ====* req_id_count= 9000 stream_id=35996 latency=0.684440 ms (tx_ts=157114536501736, rx_ts=157114537186176) request_id=468259 zil_blk_id=35996 ccf_commit_seqno=468259 nstreams_done_=9000 config.nstreams=20000 avg_latency=0.7635 ms avg throuhgput (requests/sec) = 85.7483 res=false
*==== INFO ====* req_id_count= 9500 stream_id=37996 latency=0.812419 ms (tx_ts=157120378535047, rx_ts=157120379347466) request_id=494338 zil_blk_id=37996 ccf_commit_seqno=494338 nstreams_done_=9500 config.nstreams=20000 avg_latency=0.7644 ms avg throuhgput (requests/sec) = 85.7397 res=false
*==== INFO ====* req_id_count= 10000 stream_id=39996 latency=1.050294 ms (tx_ts=157126226604050, rx_ts=157126227654344) request_id=520486 zil_blk_id=39996 ccf_commit_seqno=520487 nstreams_done_=10000 config.nstreams=20000 avg_latency=0.7657 ms avg throuhgput (requests/sec) = 85.7274 res=false
*==== INFO ====* req_id_count= 10500 stream_id=41996 latency=0.912677 ms (tx_ts=157132062798679, rx_ts=157132063711356) request_id=546633 zil_blk_id=41996 ccf_commit_seqno=546634 nstreams_done_=10500 config.nstreams=20000 avg_latency=0.7661 ms avg throuhgput (requests/sec) = 85.7249 res=false
*==== INFO ====* req_id_count= 11000 stream_id=43996 latency=0.618647 ms (tx_ts=157137874505134, rx_ts=157137875123781) request_id=572724 zil_blk_id=43996 ccf_commit_seqno=572725 nstreams_done_=11000 config.nstreams=20000 avg_latency=0.7650 ms avg throuhgput (requests/sec) = 85.7390 res=false
*==== INFO ====* req_id_count= 11500 stream_id=45996 latency=0.602407 ms (tx_ts=157143703908822, rx_ts=157143704511229) request_id=598838 zil_blk_id=45996 ccf_commit_seqno=598839 nstreams_done_=11500 config.nstreams=20000 avg_latency=0.7649 ms avg throuhgput (requests/sec) = 85.7405 res=false
*==== INFO ====* req_id_count= 12000 stream_id=47996 latency=0.904682 ms (tx_ts=157149513497182, rx_ts=157149514401864) request_id=624877 zil_blk_id=47996 ccf_commit_seqno=624878 nstreams_done_=12000 config.nstreams=20000 avg_latency=0.7640 ms avg throuhgput (requests/sec) = 85.7537 res=false
*==== INFO ====* req_id_count= 12500 stream_id=49996 latency=0.589041 ms (tx_ts=157155347903769, rx_ts=157155348492810) request_id=651064 zil_blk_id=49996 ccf_commit_seqno=651064 nstreams_done_=12500 config.nstreams=20000 avg_latency=0.7624 ms avg throuhgput (requests/sec) = 85.7517 res=false
*==== INFO ====* req_id_count= 13000 stream_id=51996 latency=0.558966 ms (tx_ts=157161172413831, rx_ts=157161172972797) request_id=677190 zil_blk_id=51996 ccf_commit_seqno=677190 nstreams_done_=13000 config.nstreams=20000 avg_latency=0.7610 ms avg throuhgput (requests/sec) = 85.7553 res=false
*==== INFO ====* req_id_count= 13500 stream_id=53996 latency=0.814213 ms (tx_ts=157166997801920, rx_ts=157166998616133) request_id=703296 zil_blk_id=53996 ccf_commit_seqno=703298 nstreams_done_=13500 config.nstreams=20000 avg_latency=0.7611 ms avg throuhgput (requests/sec) = 85.7580 res=false
*==== INFO ====* req_id_count= 14000 stream_id=55996 latency=0.732530 ms (tx_ts=157172818697856, rx_ts=157172819430386) request_id=729415 zil_blk_id=55996 ccf_commit_seqno=729415 nstreams_done_=14000 config.nstreams=20000 avg_latency=0.7603 ms avg throuhgput (requests/sec) = 85.7630 res=false
*==== INFO ====* req_id_count= 14500 stream_id=57996 latency=0.540692 ms (tx_ts=157178654511031, rx_ts=157178655051723) request_id=755469 zil_blk_id=57996 ccf_commit_seqno=755469 nstreams_done_=14500 config.nstreams=20000 avg_latency=0.7611 ms avg throuhgput (requests/sec) = 85.7601 res=false
*==== INFO ====* req_id_count= 15000 stream_id=59996 latency=0.849028 ms (tx_ts=157184473323114, rx_ts=157184474172142) request_id=781559 zil_blk_id=59996 ccf_commit_seqno=781560 nstreams_done_=15000 config.nstreams=20000 avg_latency=0.7605 ms avg throuhgput (requests/sec) = 85.7656 res=false
*==== INFO ====* req_id_count= 15500 stream_id=61996 latency=0.570096 ms (tx_ts=157190275914496, rx_ts=157190276484592) request_id=807624 zil_blk_id=61996 ccf_commit_seqno=807624 nstreams_done_=15500 config.nstreams=20000 avg_latency=0.7600 ms avg throuhgput (requests/sec) = 85.7786 res=false
*==== INFO ====* req_id_count= 16000 stream_id=63996 latency=0.845571 ms (tx_ts=157196120516551, rx_ts=157196121362122) request_id=833781 zil_blk_id=63996 ccf_commit_seqno=833782 nstreams_done_=16000 config.nstreams=20000 avg_latency=0.7598 ms avg throuhgput (requests/sec) = 85.7713 res=false
*==== INFO ====* req_id_count= 16500 stream_id=65996 latency=0.555028 ms (tx_ts=157201935397798, rx_ts=157201935952826) request_id=859881 zil_blk_id=65996 ccf_commit_seqno=859881 nstreams_done_=16500 config.nstreams=20000 avg_latency=0.7590 ms avg throuhgput (requests/sec) = 85.7779 res=false
*==== INFO ====* req_id_count= 17000 stream_id=67996 latency=0.601414 ms (tx_ts=157207736225796, rx_ts=157207736827210) request_id=885943 zil_blk_id=67996 ccf_commit_seqno=885944 nstreams_done_=17000 config.nstreams=20000 avg_latency=0.7578 ms avg throuhgput (requests/sec) = 85.7901 res=false
*==== INFO ====* req_id_count= 17500 stream_id=69996 latency=0.567942 ms (tx_ts=157213544166454, rx_ts=157213544734396) request_id=912010 zil_blk_id=69996 ccf_commit_seqno=912010 nstreams_done_=17500 config.nstreams=20000 avg_latency=0.7576 ms avg throuhgput (requests/sec) = 85.7987 res=false
*==== INFO ====* req_id_count= 18000 stream_id=71996 latency=0.761651 ms (tx_ts=157219349081835, rx_ts=157219349843486) request_id=938081 zil_blk_id=71996 ccf_commit_seqno=938082 nstreams_done_=18000 config.nstreams=20000 avg_latency=0.7567 ms avg throuhgput (requests/sec) = 85.8078 res=false
*==== INFO ====* req_id_count= 18500 stream_id=73996 latency=0.753950 ms (tx_ts=157225153539958, rx_ts=157225154293908) request_id=964112 zil_blk_id=73996 ccf_commit_seqno=964114 nstreams_done_=18500 config.nstreams=20000 avg_latency=0.7566 ms avg throuhgput (requests/sec) = 85.8168 res=false
*==== INFO ====* req_id_count= 19000 stream_id=75996 latency=0.860669 ms (tx_ts=157230965340651, rx_ts=157230966201320) request_id=990255 zil_blk_id=75996 ccf_commit_seqno=990258 nstreams_done_=19000 config.nstreams=20000 avg_latency=0.7561 ms avg throuhgput (requests/sec) = 85.8224 res=false
*==== INFO ====* req_id_count= 19500 stream_id=77996 latency=0.793003 ms (tx_ts=157236787673956, rx_ts=157236788466959) request_id=1015759 zil_blk_id=77996 ccf_commit_seqno=1015760 nstreams_done_=19500 config.nstreams=20000 avg_latency=0.7565 ms avg throuhgput (requests/sec) = 85.8238 res=false
*==== INFO ====* http_end_stream ALL streams done! nstreams_done_=20000 avg_latency=0.7549 msreq_id_count= 20000
*==== INFO ====* req_id_count= 20000 stream_id=79996 latency=0.529260 ms (tx_ts=157242601854988, rx_ts=157242602384248) request_id=1033839 zil_blk_id=79996 ccf_commit_seqno=1033839 nstreams_done_=20000 config.nstreams=20000 avg_latency=0.7549 ms avg throuhgput (requests/sec) = 85.8282 res=true
