Uniform: 855266 519771 486965 529566 121342 
Exponential: -2147483648 -2147483648 -2147483648 -2147483648 -2147483648 
Truncated Normal: 399872 848969 736984 646694 613987 
*==== INFO ====* req_id_count= 500 stream_id=1996 latency=0.886062 ms (tx_ts=157015455821608, rx_ts=157015456707670) request_id=25627 zil_blk_id=1996 ccf_commit_seqno=25627 nstreams_done_=500 config.nstreams=20000 avg_latency=0.9186 ms avg throuhgput (requests/sec) = 85.3066 res=false
*==== INFO ====* req_id_count= 1000 stream_id=3996 latency=0.932775 ms (tx_ts=157021298466374, rx_ts=157021299399149) request_id=51579 zil_blk_id=3996 ccf_commit_seqno=51579 nstreams_done_=1000 config.nstreams=20000 avg_latency=0.9268 ms avg throuhgput (requests/sec) = 85.4416 res=false
*==== INFO ====* req_id_count= 1500 stream_id=5996 latency=0.801088 ms (tx_ts=157027137718746, rx_ts=157027138519834) request_id=77582 zil_blk_id=5996 ccf_commit_seqno=77582 nstreams_done_=1500 config.nstreams=20000 avg_latency=0.9301 ms avg throuhgput (requests/sec) = 85.5041 res=false
*==== INFO ====* req_id_count= 2000 stream_id=7996 latency=0.936443 ms (tx_ts=157033013388868, rx_ts=157033014325311) request_id=103708 zil_blk_id=7996 ccf_commit_seqno=103710 nstreams_done_=2000 config.nstreams=20000 avg_latency=0.9278 ms avg throuhgput (requests/sec) = 85.4014 res=false
*==== INFO ====* req_id_count= 2500 stream_id=9996 latency=1.798415 ms (tx_ts=157038858499284, rx_ts=157038860297699) request_id=129835 zil_blk_id=9996 ccf_commit_seqno=129836 nstreams_done_=2500 config.nstreams=20000 avg_latency=0.9224 ms avg throuhgput (requests/sec) = 85.4269 res=false
*==== INFO ====* req_id_count= 3000 stream_id=11996 latency=0.736748 ms (tx_ts=157044680656331, rx_ts=157044681393079) request_id=155843 zil_blk_id=11996 ccf_commit_seqno=155843 nstreams_done_=3000 config.nstreams=20000 avg_latency=0.9238 ms avg throuhgput (requests/sec) = 85.5044 res=false
*==== INFO ====* req_id_count= 3500 stream_id=13996 latency=1.071054 ms (tx_ts=157050502034689, rx_ts=157050503105743) request_id=181845 zil_blk_id=13996 ccf_commit_seqno=181846 nstreams_done_=3500 config.nstreams=20000 avg_latency=0.9270 ms avg throuhgput (requests/sec) = 85.5587 res=false
*==== INFO ====* req_id_count= 4000 stream_id=15996 latency=1.022302 ms (tx_ts=157056336739171, rx_ts=157056337761473) request_id=207891 zil_blk_id=15996 ccf_commit_seqno=207891 nstreams_done_=4000 config.nstreams=20000 avg_latency=0.9307 ms avg throuhgput (requests/sec) = 85.5757 res=false
*==== INFO ====* req_id_count= 4500 stream_id=17996 latency=0.800796 ms (tx_ts=157062141744186, rx_ts=157062142544982) request_id=233823 zil_blk_id=17996 ccf_commit_seqno=233823 nstreams_done_=4500 config.nstreams=20000 avg_latency=0.9326 ms avg throuhgput (requests/sec) = 85.6375 res=false
*==== INFO ====* req_id_count= 5000 stream_id=19996 latency=0.961829 ms (tx_ts=157067970028450, rx_ts=157067970990279) request_id=259897 zil_blk_id=19996 ccf_commit_seqno=259898 nstreams_done_=5000 config.nstreams=20000 avg_latency=0.9314 ms avg throuhgput (requests/sec) = 85.6524 res=false
*==== INFO ====* req_id_count= 5500 stream_id=21996 latency=0.915341 ms (tx_ts=157073803541237, rx_ts=157073804456578) request_id=285947 zil_blk_id=21996 ccf_commit_seqno=285947 nstreams_done_=5500 config.nstreams=20000 avg_latency=0.9344 ms avg throuhgput (requests/sec) = 85.6578 res=false
*==== INFO ====* req_id_count= 6000 stream_id=23996 latency=1.098996 ms (tx_ts=157079620087392, rx_ts=157079621186388) request_id=311986 zil_blk_id=23996 ccf_commit_seqno=311988 nstreams_done_=6000 config.nstreams=20000 avg_latency=0.9341 ms avg throuhgput (requests/sec) = 85.6828 res=false
*==== INFO ====* req_id_count= 6500 stream_id=25996 latency=1.030528 ms (tx_ts=157085431614956, rx_ts=157085432645484) request_id=338031 zil_blk_id=25996 ccf_commit_seqno=338032 nstreams_done_=6500 config.nstreams=20000 avg_latency=0.9336 ms avg throuhgput (requests/sec) = 85.7100 res=false
*==== INFO ====* req_id_count= 7000 stream_id=27996 latency=0.818051 ms (tx_ts=157091269951668, rx_ts=157091270769719) request_id=364193 zil_blk_id=27996 ccf_commit_seqno=364194 nstreams_done_=7000 config.nstreams=20000 avg_latency=0.9312 ms avg throuhgput (requests/sec) = 85.7053 res=false
*==== INFO ====* req_id_count= 7500 stream_id=29996 latency=0.801619 ms (tx_ts=157097069108227, rx_ts=157097069909846) request_id=390157 zil_blk_id=29996 ccf_commit_seqno=390157 nstreams_done_=7500 config.nstreams=20000 avg_latency=0.9298 ms avg throuhgput (requests/sec) = 85.7394 res=false
*==== INFO ====* req_id_count= 8000 stream_id=31996 latency=1.138608 ms (tx_ts=157102880884169, rx_ts=157102882022777) request_id=416119 zil_blk_id=31996 ccf_commit_seqno=416120 nstreams_done_=8000 config.nstreams=20000 avg_latency=0.9320 ms avg throuhgput (requests/sec) = 85.7573 res=false
*==== INFO ====* req_id_count= 8500 stream_id=33996 latency=0.931902 ms (tx_ts=157108717879806, rx_ts=157108718811708) request_id=442212 zil_blk_id=33996 ccf_commit_seqno=442212 nstreams_done_=8500 config.nstreams=20000 avg_latency=0.9334 ms avg throuhgput (requests/sec) = 85.7518 res=false
*==== INFO ====* req_id_count= 9000 stream_id=35996 latency=0.980413 ms (tx_ts=157114544966502, rx_ts=157114545946915) request_id=468292 zil_blk_id=35996 ccf_commit_seqno=468294 nstreams_done_=9000 config.nstreams=20000 avg_latency=0.9336 ms avg throuhgput (requests/sec) = 85.7548 res=false
*==== INFO ====* req_id_count= 9500 stream_id=37996 latency=0.988258 ms (tx_ts=157120401699294, rx_ts=157120402687552) request_id=494434 zil_blk_id=37996 ccf_commit_seqno=494434 nstreams_done_=9500 config.nstreams=20000 avg_latency=0.9345 ms avg throuhgput (requests/sec) = 85.7345 res=false
*==== INFO ====* req_id_count= 10000 stream_id=39996 latency=0.750734 ms (tx_ts=157126261450284, rx_ts=157126262201018) request_id=520644 zil_blk_id=39996 ccf_commit_seqno=520644 nstreams_done_=10000 config.nstreams=20000 avg_latency=0.9348 ms avg throuhgput (requests/sec) = 85.7143 res=false
*==== INFO ====* req_id_count= 10500 stream_id=41996 latency=0.860458 ms (tx_ts=157132147483694, rx_ts=157132148344152) request_id=547012 zil_blk_id=41996 ccf_commit_seqno=547012 nstreams_done_=10500 config.nstreams=20000 avg_latency=0.9354 ms avg throuhgput (requests/sec) = 85.6773 res=false
*==== INFO ====* req_id_count= 11000 stream_id=43996 latency=1.009739 ms (tx_ts=157137980280649, rx_ts=157137981290388) request_id=573205 zil_blk_id=43996 ccf_commit_seqno=573206 nstreams_done_=11000 config.nstreams=20000 avg_latency=0.9352 ms avg throuhgput (requests/sec) = 85.6793 res=false
*==== INFO ====* req_id_count= 11500 stream_id=45996 latency=0.690982 ms (tx_ts=157143826172480, rx_ts=157143826863462) request_id=599381 zil_blk_id=45996 ccf_commit_seqno=599381 nstreams_done_=11500 config.nstreams=20000 avg_latency=0.9341 ms avg throuhgput (requests/sec) = 85.6730 res=false
*==== INFO ====* req_id_count= 12000 stream_id=47996 latency=0.747608 ms (tx_ts=157149700848784, rx_ts=157149701596392) request_id=625716 zil_blk_id=47996 ccf_commit_seqno=625716 nstreams_done_=12000 config.nstreams=20000 avg_latency=0.9338 ms avg throuhgput (requests/sec) = 85.6494 res=false
*==== INFO ====* req_id_count= 12500 stream_id=49996 latency=1.017563 ms (tx_ts=157155536667554, rx_ts=157155537685117) request_id=651912 zil_blk_id=49996 ccf_commit_seqno=651914 nstreams_done_=12500 config.nstreams=20000 avg_latency=0.9325 ms avg throuhgput (requests/sec) = 85.6504 res=false
*==== INFO ====* req_id_count= 13000 stream_id=51996 latency=0.706030 ms (tx_ts=157161371321099, rx_ts=157161372027129) request_id=678083 zil_blk_id=51996 ccf_commit_seqno=678083 nstreams_done_=13000 config.nstreams=20000 avg_latency=0.9308 ms avg throuhgput (requests/sec) = 85.6522 res=false
*==== INFO ====* req_id_count= 13500 stream_id=53996 latency=0.920291 ms (tx_ts=157167210139306, rx_ts=157167211059597) request_id=704254 zil_blk_id=53996 ccf_commit_seqno=704254 nstreams_done_=13500 config.nstreams=20000 avg_latency=0.9318 ms avg throuhgput (requests/sec) = 85.6514 res=false
*==== INFO ====* req_id_count= 14000 stream_id=55996 latency=0.901125 ms (tx_ts=157173020248910, rx_ts=157173021150035) request_id=730315 zil_blk_id=55996 ccf_commit_seqno=730316 nstreams_done_=14000 config.nstreams=20000 avg_latency=0.9310 ms avg throuhgput (requests/sec) = 85.6659 res=false
*==== INFO ====* req_id_count= 14500 stream_id=57996 latency=1.045646 ms (tx_ts=157178864785690, rx_ts=157178865831336) request_id=756407 zil_blk_id=57996 ccf_commit_seqno=756409 nstreams_done_=14500 config.nstreams=20000 avg_latency=0.9331 ms avg throuhgput (requests/sec) = 85.6618 res=false
*==== INFO ====* req_id_count= 15000 stream_id=59996 latency=0.816717 ms (tx_ts=157184688248915, rx_ts=157184689065632) request_id=782523 zil_blk_id=59996 ccf_commit_seqno=782523 nstreams_done_=15000 config.nstreams=20000 avg_latency=0.9326 ms avg throuhgput (requests/sec) = 85.6685 res=false
*==== INFO ====* req_id_count= 15500 stream_id=61996 latency=0.974012 ms (tx_ts=157190493740803, rx_ts=157190494714815) request_id=808609 zil_blk_id=61996 ccf_commit_seqno=808610 nstreams_done_=15500 config.nstreams=20000 avg_latency=0.9317 ms avg throuhgput (requests/sec) = 85.6831 res=false
*==== INFO ====* req_id_count= 16000 stream_id=63996 latency=0.736517 ms (tx_ts=157196312294204, rx_ts=157196313030721) request_id=834646 zil_blk_id=63996 ccf_commit_seqno=834646 nstreams_done_=16000 config.nstreams=20000 avg_latency=0.9326 ms avg throuhgput (requests/sec) = 85.6909 res=false
*==== INFO ====* req_id_count= 16500 stream_id=65996 latency=0.925110 ms (tx_ts=157202107275861, rx_ts=157202108200971) request_id=860658 zil_blk_id=65996 ccf_commit_seqno=860659 nstreams_done_=16500 config.nstreams=20000 avg_latency=0.9319 ms avg throuhgput (requests/sec) = 85.7086 res=false
*==== INFO ====* req_id_count= 17000 stream_id=67996 latency=0.774708 ms (tx_ts=157207924741235, rx_ts=157207925515943) request_id=886793 zil_blk_id=67996 ccf_commit_seqno=886793 nstreams_done_=17000 config.nstreams=20000 avg_latency=0.9317 ms avg throuhgput (requests/sec) = 85.7157 res=false
*==== INFO ====* req_id_count= 17500 stream_id=69996 latency=0.716029 ms (tx_ts=157213760198174, rx_ts=157213760914203) request_id=912978 zil_blk_id=69996 ccf_commit_seqno=912978 nstreams_done_=17500 config.nstreams=20000 avg_latency=0.9324 ms avg throuhgput (requests/sec) = 85.7148 res=false
*==== INFO ====* req_id_count= 18000 stream_id=71996 latency=0.993809 ms (tx_ts=157219562527822, rx_ts=157219563521631) request_id=939039 zil_blk_id=71996 ccf_commit_seqno=939040 nstreams_done_=18000 config.nstreams=20000 avg_latency=0.9317 ms avg throuhgput (requests/sec) = 85.7273 res=false
*==== INFO ====* req_id_count= 18500 stream_id=73996 latency=1.037901 ms (tx_ts=157225377979853, rx_ts=157225379017754) request_id=965117 zil_blk_id=73996 ccf_commit_seqno=965119 nstreams_done_=18500 config.nstreams=20000 avg_latency=0.9317 ms avg throuhgput (requests/sec) = 85.7341 res=false
*==== INFO ====* req_id_count= 19000 stream_id=75996 latency=1.019158 ms (tx_ts=157231178907421, rx_ts=157231179926579) request_id=991217 zil_blk_id=75996 ccf_commit_seqno=991219 nstreams_done_=19000 config.nstreams=20000 avg_latency=0.9313 ms avg throuhgput (requests/sec) = 85.7461 res=false
*==== INFO ====* req_id_count= 19500 stream_id=77996 latency=0.715378 ms (tx_ts=157237015968044, rx_ts=157237016683422) request_id=1016693 zil_blk_id=77996 ccf_commit_seqno=1016693 nstreams_done_=19500 config.nstreams=20000 avg_latency=0.9315 ms avg throuhgput (requests/sec) = 85.7440 res=false
*==== INFO ====* http_end_stream ALL streams done! nstreams_done_=20000 avg_latency=0.9306 msreq_id_count= 20000
*==== INFO ====* req_id_count= 20000 stream_id=79996 latency=0.688989 ms (tx_ts=157242851742621, rx_ts=157242852431610) request_id=1034282 zil_blk_id=79996 ccf_commit_seqno=1034282 nstreams_done_=20000 config.nstreams=20000 avg_latency=0.9306 ms avg throuhgput (requests/sec) = 85.7424 res=true
