Uniform: 201906 821401 297990 832070 684569 
Exponential: -2147483648 -2147483648 -2147483648 -2147483648 -2147483648 
Truncated Normal: 511022 744788 563284 381855 438235 
*==== INFO ====* req_id_count= 500 stream_id=1996 latency=0.924990 ms (tx_ts=157015465321519, rx_ts=157015466246509) request_id=25668 zil_blk_id=1996 ccf_commit_seqno=25670 nstreams_done_=500 config.nstreams=20000 avg_latency=0.8085 ms avg throuhgput (requests/sec) = 84.9617 res=false
*==== INFO ====* req_id_count= 1000 stream_id=3996 latency=0.912224 ms (tx_ts=157021388978689, rx_ts=157021389890913) request_id=51979 zil_blk_id=3996 ccf_commit_seqno=51981 nstreams_done_=1000 config.nstreams=20000 avg_latency=0.8230 ms avg throuhgput (requests/sec) = 84.6837 res=false
*==== INFO ====* req_id_count= 1500 stream_id=5996 latency=0.606935 ms (tx_ts=157027297340622, rx_ts=157027297947557) request_id=78290 zil_blk_id=5996 ccf_commit_seqno=78290 nstreams_done_=1500 config.nstreams=20000 avg_latency=0.8219 ms avg throuhgput (requests/sec) = 84.6659 res=false
*==== INFO ====* req_id_count= 2000 stream_id=7996 latency=0.672118 ms (tx_ts=157033239242833, rx_ts=157033239914951) request_id=104717 zil_blk_id=7996 ccf_commit_seqno=104717 nstreams_done_=2000 config.nstreams=20000 avg_latency=0.8288 ms avg throuhgput (requests/sec) = 84.5356 res=false
*==== INFO ====* req_id_count= 2500 stream_id=9996 latency=0.607527 ms (tx_ts=157039144238815, rx_ts=157039144846342) request_id=131101 zil_blk_id=9996 ccf_commit_seqno=131101 nstreams_done_=2500 config.nstreams=20000 avg_latency=0.8270 ms avg throuhgput (requests/sec) = 84.5634 res=false
*==== INFO ====* req_id_count= 3000 stream_id=11996 latency=0.842246 ms (tx_ts=157045038560277, rx_ts=157045039402523) request_id=157437 zil_blk_id=11996 ccf_commit_seqno=157439 nstreams_done_=3000 config.nstreams=20000 avg_latency=0.8241 ms avg throuhgput (requests/sec) = 84.6068 res=false
*==== INFO ====* req_id_count= 3500 stream_id=13996 latency=0.921895 ms (tx_ts=157050859132490, rx_ts=157050860054385) request_id=183438 zil_blk_id=13996 ccf_commit_seqno=183440 nstreams_done_=3500 config.nstreams=20000 avg_latency=0.8246 ms avg throuhgput (requests/sec) = 84.7893 res=false
*==== INFO ====* req_id_count= 4000 stream_id=15996 latency=0.944797 ms (tx_ts=157056702417782, rx_ts=157056703362579) request_id=209516 zil_blk_id=15996 ccf_commit_seqno=209518 nstreams_done_=4000 config.nstreams=20000 avg_latency=0.8230 ms avg throuhgput (requests/sec) = 84.8858 res=false
*==== INFO ====* req_id_count= 4500 stream_id=17996 latency=0.778394 ms (tx_ts=157062536103080, rx_ts=157062536881474) request_id=235594 zil_blk_id=17996 ccf_commit_seqno=235594 nstreams_done_=4500 config.nstreams=20000 avg_latency=0.8212 ms avg throuhgput (requests/sec) = 84.9768 res=false
*==== INFO ====* req_id_count= 5000 stream_id=19996 latency=0.763613 ms (tx_ts=157068386688223, rx_ts=157068387451836) request_id=261755 zil_blk_id=19996 ccf_commit_seqno=261755 nstreams_done_=5000 config.nstreams=20000 avg_latency=0.8207 ms avg throuhgput (requests/sec) = 85.0250 res=false
*==== INFO ====* req_id_count= 5500 stream_id=21996 latency=0.699488 ms (tx_ts=157074221510678, rx_ts=157074222210166) request_id=287813 zil_blk_id=21996 ccf_commit_seqno=287813 nstreams_done_=5500 config.nstreams=20000 avg_latency=0.8212 ms avg throuhgput (requests/sec) = 85.0854 res=false
*==== INFO ====* req_id_count= 6000 stream_id=23996 latency=0.703586 ms (tx_ts=157080073514132, rx_ts=157080074217718) request_id=314013 zil_blk_id=23996 ccf_commit_seqno=314013 nstreams_done_=6000 config.nstreams=20000 avg_latency=0.8204 ms avg throuhgput (requests/sec) = 85.1149 res=false
*==== INFO ====* req_id_count= 6500 stream_id=25996 latency=1.591698 ms (tx_ts=157085907083901, rx_ts=157085908675599) request_id=340157 zil_blk_id=25996 ccf_commit_seqno=340158 nstreams_done_=6500 config.nstreams=20000 avg_latency=0.8199 ms avg throuhgput (requests/sec) = 85.1594 res=false
*==== INFO ====* req_id_count= 7000 stream_id=27996 latency=0.945228 ms (tx_ts=157091744230233, rx_ts=157091745175461) request_id=366302 zil_blk_id=27996 ccf_commit_seqno=366303 nstreams_done_=7000 config.nstreams=20000 avg_latency=0.8206 ms avg throuhgput (requests/sec) = 85.1955 res=false
*==== INFO ====* req_id_count= 7500 stream_id=29996 latency=0.821576 ms (tx_ts=157097586244200, rx_ts=157097587065776) request_id=392472 zil_blk_id=29996 ccf_commit_seqno=392474 nstreams_done_=7500 config.nstreams=20000 avg_latency=0.8195 ms avg throuhgput (requests/sec) = 85.2216 res=false
*==== INFO ====* req_id_count= 8000 stream_id=31996 latency=0.597096 ms (tx_ts=157103431326660, rx_ts=157103431923756) request_id=418571 zil_blk_id=31996 ccf_commit_seqno=418571 nstreams_done_=8000 config.nstreams=20000 avg_latency=0.8210 ms avg throuhgput (requests/sec) = 85.2418 res=false
*==== INFO ====* req_id_count= 8500 stream_id=33996 latency=0.640918 ms (tx_ts=157109260131837, rx_ts=157109260772755) request_id=444648 zil_blk_id=33996 ccf_commit_seqno=444648 nstreams_done_=8500 config.nstreams=20000 avg_latency=0.8206 ms avg throuhgput (requests/sec) = 85.2733 res=false
*==== INFO ====* req_id_count= 9000 stream_id=35996 latency=1.134942 ms (tx_ts=157115068535980, rx_ts=157115069670922) request_id=470640 zil_blk_id=35996 ccf_commit_seqno=470642 nstreams_done_=9000 config.nstreams=20000 avg_latency=0.8200 ms avg throuhgput (requests/sec) = 85.3174 res=false
*==== INFO ====* req_id_count= 9500 stream_id=37996 latency=0.648468 ms (tx_ts=157120915785399, rx_ts=157120916433867) request_id=496669 zil_blk_id=37996 ccf_commit_seqno=496669 nstreams_done_=9500 config.nstreams=20000 avg_latency=0.8215 ms avg throuhgput (requests/sec) = 85.3279 res=false
*==== INFO ====* req_id_count= 10000 stream_id=39996 latency=0.826195 ms (tx_ts=157126747146142, rx_ts=157126747972337) request_id=522805 zil_blk_id=39996 ccf_commit_seqno=522806 nstreams_done_=10000 config.nstreams=20000 avg_latency=0.8213 ms avg throuhgput (requests/sec) = 85.3485 res=false
*==== INFO ====* req_id_count= 10500 stream_id=41996 latency=0.605833 ms (tx_ts=157132591482638, rx_ts=157132592088471) request_id=549004 zil_blk_id=41996 ccf_commit_seqno=549004 nstreams_done_=10500 config.nstreams=20000 avg_latency=0.8216 ms avg throuhgput (requests/sec) = 85.3583 res=false
*==== INFO ====* req_id_count= 11000 stream_id=43996 latency=0.627975 ms (tx_ts=157138425012743, rx_ts=157138425640718) request_id=575197 zil_blk_id=43996 ccf_commit_seqno=575197 nstreams_done_=11000 config.nstreams=20000 avg_latency=0.8202 ms avg throuhgput (requests/sec) = 85.3743 res=false
*==== INFO ====* req_id_count= 11500 stream_id=45996 latency=0.868975 ms (tx_ts=157144281161818, rx_ts=157144282030793) request_id=601421 zil_blk_id=45996 ccf_commit_seqno=601421 nstreams_done_=11500 config.nstreams=20000 avg_latency=0.8201 ms avg throuhgput (requests/sec) = 85.3744 res=false
*==== INFO ====* req_id_count= 12000 stream_id=47996 latency=0.825995 ms (tx_ts=157150112972747, rx_ts=157150113798742) request_id=627573 zil_blk_id=47996 ccf_commit_seqno=627576 nstreams_done_=12000 config.nstreams=20000 avg_latency=0.8192 ms avg throuhgput (requests/sec) = 85.3895 res=false
*==== INFO ====* req_id_count= 12500 stream_id=49996 latency=0.682166 ms (tx_ts=157155944932785, rx_ts=157155945614951) request_id=653738 zil_blk_id=49996 ccf_commit_seqno=653738 nstreams_done_=12500 config.nstreams=20000 avg_latency=0.8192 ms avg throuhgput (requests/sec) = 85.4033 res=false
*==== INFO ====* req_id_count= 13000 stream_id=51996 latency=0.648193 ms (tx_ts=157161792118862, rx_ts=157161792767055) request_id=679970 zil_blk_id=51996 ccf_commit_seqno=679970 nstreams_done_=13000 config.nstreams=20000 avg_latency=0.8183 ms avg throuhgput (requests/sec) = 85.4075 res=false
*==== INFO ====* req_id_count= 13500 stream_id=53996 latency=0.879655 ms (tx_ts=157167610681454, rx_ts=157167611561109) request_id=706035 zil_blk_id=53996 ccf_commit_seqno=706036 nstreams_done_=13500 config.nstreams=20000 avg_latency=0.8177 ms avg throuhgput (requests/sec) = 85.4266 res=false
*==== INFO ====* req_id_count= 14000 stream_id=55996 latency=0.697414 ms (tx_ts=157173447483559, rx_ts=157173448180973) request_id=732234 zil_blk_id=55996 ccf_commit_seqno=732234 nstreams_done_=14000 config.nstreams=20000 avg_latency=0.8167 ms avg throuhgput (requests/sec) = 85.4352 res=false
*==== INFO ====* req_id_count= 14500 stream_id=57996 latency=0.689633 ms (tx_ts=157179314429135, rx_ts=157179315118768) request_id=758423 zil_blk_id=57996 ccf_commit_seqno=758423 nstreams_done_=14500 config.nstreams=20000 avg_latency=0.8184 ms avg throuhgput (requests/sec) = 85.4279 res=false
*==== INFO ====* req_id_count= 15000 stream_id=59996 latency=0.824482 ms (tx_ts=157185143503194, rx_ts=157185144327676) request_id=784575 zil_blk_id=59996 ccf_commit_seqno=784575 nstreams_done_=15000 config.nstreams=20000 avg_latency=0.8185 ms avg throuhgput (requests/sec) = 85.4394 res=false
*==== INFO ====* req_id_count= 15500 stream_id=61996 latency=0.865097 ms (tx_ts=157190970287044, rx_ts=157190971152141) request_id=810750 zil_blk_id=61996 ccf_commit_seqno=810751 nstreams_done_=15500 config.nstreams=20000 avg_latency=0.8179 ms avg throuhgput (requests/sec) = 85.4513 res=false
*==== INFO ====* req_id_count= 16000 stream_id=63996 latency=0.642341 ms (tx_ts=157196794611419, rx_ts=157196795253760) request_id=836815 zil_blk_id=63996 ccf_commit_seqno=836815 nstreams_done_=16000 config.nstreams=20000 avg_latency=0.8182 ms avg throuhgput (requests/sec) = 85.4637 res=false
*==== INFO ====* req_id_count= 16500 stream_id=65996 latency=0.595123 ms (tx_ts=157202597361175, rx_ts=157202597956298) request_id=862856 zil_blk_id=65996 ccf_commit_seqno=862856 nstreams_done_=16500 config.nstreams=20000 avg_latency=0.8179 ms avg throuhgput (requests/sec) = 85.4848 res=false
*==== INFO ====* req_id_count= 17000 stream_id=67996 latency=1.016811 ms (tx_ts=157208409338315, rx_ts=157208410355126) request_id=888981 zil_blk_id=67996 ccf_commit_seqno=888984 nstreams_done_=17000 config.nstreams=20000 avg_latency=0.8168 ms avg throuhgput (requests/sec) = 85.5006 res=false
*==== INFO ====* req_id_count= 17500 stream_id=69996 latency=0.905874 ms (tx_ts=157214223927775, rx_ts=157214224833649) request_id=915070 zil_blk_id=69996 ccf_commit_seqno=915074 nstreams_done_=17500 config.nstreams=20000 avg_latency=0.8162 ms avg throuhgput (requests/sec) = 85.5145 res=false
*==== INFO ====* req_id_count= 18000 stream_id=71996 latency=0.969603 ms (tx_ts=157220065420968, rx_ts=157220066390571) request_id=941279 zil_blk_id=71996 ccf_commit_seqno=941281 nstreams_done_=18000 config.nstreams=20000 avg_latency=0.8166 ms avg throuhgput (requests/sec) = 85.5167 res=false
*==== INFO ====* req_id_count= 18500 stream_id=73996 latency=0.914022 ms (tx_ts=157225888833737, rx_ts=157225889747759) request_id=967413 zil_blk_id=73996 ccf_commit_seqno=967414 nstreams_done_=18500 config.nstreams=20000 avg_latency=0.8171 ms avg throuhgput (requests/sec) = 85.5260 res=false
*==== INFO ====* req_id_count= 19000 stream_id=75996 latency=0.651758 ms (tx_ts=157231702688851, rx_ts=157231703340609) request_id=993577 zil_blk_id=75996 ccf_commit_seqno=993578 nstreams_done_=19000 config.nstreams=20000 avg_latency=0.8166 ms avg throuhgput (requests/sec) = 85.5385 res=false
*==== INFO ====* req_id_count= 19500 stream_id=77996 latency=0.610793 ms (tx_ts=157237549954906, rx_ts=157237550565699) request_id=1018821 zil_blk_id=77996 ccf_commit_seqno=1018821 nstreams_done_=19500 config.nstreams=20000 avg_latency=0.8164 ms avg throuhgput (requests/sec) = 85.5378 res=false
*==== INFO ====* http_end_stream ALL streams done! nstreams_done_=20000 avg_latency=0.8152 msreq_id_count= 20000
*==== INFO ====* req_id_count= 20000 stream_id=79996 latency=0.593490 ms (tx_ts=157243396376182, rx_ts=157243396969672) request_id=1035174 zil_blk_id=79996 ccf_commit_seqno=1035174 nstreams_done_=20000 config.nstreams=20000 avg_latency=0.8152 ms avg throuhgput (requests/sec) = 85.5374 res=true
