Uniform: 542060 718350 681681 582970 770617 
Exponential: -2147483648 -2147483648 -2147483648 -2147483648 -2147483648 
Truncated Normal: 415463 109507 598388 790649 972007 
*==== INFO ====* req_id_count= 500 stream_id=1996 latency=1.678740 ms (tx_ts=157015506574757, rx_ts=157015508253497) request_id=25846 zil_blk_id=1996 ccf_commit_seqno=25849 nstreams_done_=500 config.nstreams=20000 avg_latency=0.8408 ms avg throuhgput (requests/sec) = 84.4540 res=false
*==== INFO ====* req_id_count= 1000 stream_id=3996 latency=0.610953 ms (tx_ts=157021439296867, rx_ts=157021439907820) request_id=52204 zil_blk_id=3996 ccf_commit_seqno=52204 nstreams_done_=1000 config.nstreams=20000 avg_latency=0.8419 ms avg throuhgput (requests/sec) = 84.3737 res=false
*==== INFO ====* req_id_count= 1500 stream_id=5996 latency=0.808173 ms (tx_ts=157027354882140, rx_ts=157027355690313) request_id=78545 zil_blk_id=5996 ccf_commit_seqno=78546 nstreams_done_=1500 config.nstreams=20000 avg_latency=0.8447 ms avg throuhgput (requests/sec) = 84.4223 res=false
*==== INFO ====* req_id_count= 2000 stream_id=7996 latency=0.910515 ms (tx_ts=157033269541292, rx_ts=157033270451807) request_id=104849 zil_blk_id=7996 ccf_commit_seqno=104851 nstreams_done_=2000 config.nstreams=20000 avg_latency=0.8469 ms avg throuhgput (requests/sec) = 84.4502 res=false
*==== INFO ====* req_id_count= 2500 stream_id=9996 latency=0.711522 ms (tx_ts=157039182848796, rx_ts=157039183560318) request_id=131272 zil_blk_id=9996 ccf_commit_seqno=131272 nstreams_done_=2500 config.nstreams=20000 avg_latency=0.8431 ms avg throuhgput (requests/sec) = 84.4718 res=false
*==== INFO ====* req_id_count= 3000 stream_id=11996 latency=0.805126 ms (tx_ts=157045081412087, rx_ts=157045082217213) request_id=157628 zil_blk_id=11996 ccf_commit_seqno=157628 nstreams_done_=3000 config.nstreams=20000 avg_latency=0.8409 ms avg throuhgput (requests/sec) = 84.5205 res=false
*==== INFO ====* req_id_count= 3500 stream_id=13996 latency=0.791180 ms (tx_ts=157050977892751, rx_ts=157050978683931) request_id=183966 zil_blk_id=13996 ccf_commit_seqno=183967 nstreams_done_=3500 config.nstreams=20000 avg_latency=0.8378 ms avg throuhgput (requests/sec) = 84.5598 res=false
*==== INFO ====* req_id_count= 4000 stream_id=15996 latency=0.726909 ms (tx_ts=157056889903771, rx_ts=157056890630680) request_id=210359 zil_blk_id=15996 ccf_commit_seqno=210360 nstreams_done_=4000 config.nstreams=20000 avg_latency=0.8415 ms avg throuhgput (requests/sec) = 84.5617 res=false
*==== INFO ====* req_id_count= 4500 stream_id=17996 latency=0.707682 ms (tx_ts=157062804611290, rx_ts=157062805318972) request_id=236792 zil_blk_id=17996 ccf_commit_seqno=236792 nstreams_done_=4500 config.nstreams=20000 avg_latency=0.8401 ms avg throuhgput (requests/sec) = 84.5587 res=false
*==== INFO ====* req_id_count= 5000 stream_id=19996 latency=0.654353 ms (tx_ts=157068697115078, rx_ts=157068697769431) request_id=263130 zil_blk_id=19996 ccf_commit_seqno=263130 nstreams_done_=5000 config.nstreams=20000 avg_latency=0.8390 ms avg throuhgput (requests/sec) = 84.5882 res=false
*==== INFO ====* req_id_count= 5500 stream_id=21996 latency=0.838177 ms (tx_ts=157074615882023, rx_ts=157074616720200) request_id=289578 zil_blk_id=21996 ccf_commit_seqno=289578 nstreams_done_=5500 config.nstreams=20000 avg_latency=0.8393 ms avg throuhgput (requests/sec) = 84.5778 res=false
*==== INFO ====* req_id_count= 6000 stream_id=23996 latency=0.946510 ms (tx_ts=157080511698323, rx_ts=157080512644833) request_id=315980 zil_blk_id=23996 ccf_commit_seqno=315981 nstreams_done_=6000 config.nstreams=20000 avg_latency=0.8364 ms avg throuhgput (requests/sec) = 84.5967 res=false
*==== INFO ====* req_id_count= 6500 stream_id=25996 latency=0.826205 ms (tx_ts=157086408528823, rx_ts=157086409355028) request_id=342412 zil_blk_id=25996 ccf_commit_seqno=342412 nstreams_done_=6500 config.nstreams=20000 avg_latency=0.8348 ms avg throuhgput (requests/sec) = 84.6117 res=false
*==== INFO ====* req_id_count= 7000 stream_id=27996 latency=0.805123 ms (tx_ts=157092319024524, rx_ts=157092319829647) request_id=368883 zil_blk_id=27996 ccf_commit_seqno=368886 nstreams_done_=7000 config.nstreams=20000 avg_latency=0.8338 ms avg throuhgput (requests/sec) = 84.6106 res=false
*==== INFO ====* req_id_count= 7500 stream_id=29996 latency=0.942112 ms (tx_ts=157098220124015, rx_ts=157098221066127) request_id=395316 zil_blk_id=29996 ccf_commit_seqno=395319 nstreams_done_=7500 config.nstreams=20000 avg_latency=0.8336 ms avg throuhgput (requests/sec) = 84.6184 res=false
*==== INFO ====* req_id_count= 8000 stream_id=31996 latency=0.660735 ms (tx_ts=157104156294712, rx_ts=157104156955447) request_id=421825 zil_blk_id=31996 ccf_commit_seqno=421825 nstreams_done_=8000 config.nstreams=20000 avg_latency=0.8356 ms avg throuhgput (requests/sec) = 84.5942 res=false
*==== INFO ====* req_id_count= 8500 stream_id=33996 latency=1.005160 ms (tx_ts=157110060977342, rx_ts=157110061982502) request_id=448235 zil_blk_id=33996 ccf_commit_seqno=448235 nstreams_done_=8500 config.nstreams=20000 avg_latency=0.8378 ms avg throuhgput (requests/sec) = 84.5989 res=false
*==== INFO ====* req_id_count= 9000 stream_id=35996 latency=0.854879 ms (tx_ts=157115941300367, rx_ts=157115942155246) request_id=474560 zil_blk_id=35996 ccf_commit_seqno=474560 nstreams_done_=9000 config.nstreams=20000 avg_latency=0.8371 ms avg throuhgput (requests/sec) = 84.6228 res=false
*==== INFO ====* req_id_count= 9500 stream_id=37996 latency=0.760960 ms (tx_ts=157121881267179, rx_ts=157121882028139) request_id=500982 zil_blk_id=37996 ccf_commit_seqno=500982 nstreams_done_=9500 config.nstreams=20000 avg_latency=0.8394 ms avg throuhgput (requests/sec) = 84.5992 res=false
*==== INFO ====* req_id_count= 10000 stream_id=39996 latency=0.895344 ms (tx_ts=157127787170235, rx_ts=157127788065579) request_id=527432 zil_blk_id=39996 ccf_commit_seqno=527433 nstreams_done_=10000 config.nstreams=20000 avg_latency=0.8385 ms avg throuhgput (requests/sec) = 84.6022 res=false
*==== INFO ====* req_id_count= 10500 stream_id=41996 latency=0.727531 ms (tx_ts=157133680205730, rx_ts=157133680933261) request_id=553882 zil_blk_id=41996 ccf_commit_seqno=553882 nstreams_done_=10500 config.nstreams=20000 avg_latency=0.8369 ms avg throuhgput (requests/sec) = 84.6139 res=false
*==== INFO ====* req_id_count= 11000 stream_id=43996 latency=0.848356 ms (tx_ts=157139574118885, rx_ts=157139574967241) request_id=580373 zil_blk_id=43996 ccf_commit_seqno=580374 nstreams_done_=11000 config.nstreams=20000 avg_latency=0.8357 ms avg throuhgput (requests/sec) = 84.6238 res=false
*==== INFO ====* req_id_count= 11500 stream_id=45996 latency=0.776432 ms (tx_ts=157145479853085, rx_ts=157145480629517) request_id=606809 zil_blk_id=45996 ccf_commit_seqno=606811 nstreams_done_=11500 config.nstreams=20000 avg_latency=0.8344 ms avg throuhgput (requests/sec) = 84.6256 res=false
*==== INFO ====* req_id_count= 12000 stream_id=47996 latency=0.890064 ms (tx_ts=157151376285280, rx_ts=157151377175344) request_id=633257 zil_blk_id=47996 ccf_commit_seqno=633258 nstreams_done_=12000 config.nstreams=20000 avg_latency=0.8331 ms avg throuhgput (requests/sec) = 84.6326 res=false
*==== INFO ====* req_id_count= 12500 stream_id=49996 latency=0.895084 ms (tx_ts=157157283815540, rx_ts=157157284710624) request_id=659738 zil_blk_id=49996 ccf_commit_seqno=659739 nstreams_done_=12500 config.nstreams=20000 avg_latency=0.8325 ms avg throuhgput (requests/sec) = 84.6328 res=false
*==== INFO ====* req_id_count= 13000 stream_id=51996 latency=0.919610 ms (tx_ts=157163170409084, rx_ts=157163171328694) request_id=686141 zil_blk_id=51996 ccf_commit_seqno=686143 nstreams_done_=13000 config.nstreams=20000 avg_latency=0.8310 ms avg throuhgput (requests/sec) = 84.6445 res=false
*==== INFO ====* req_id_count= 13500 stream_id=53996 latency=1.089497 ms (tx_ts=157169068938669, rx_ts=157169070028166) request_id=712575 zil_blk_id=53996 ccf_commit_seqno=712577 nstreams_done_=13500 config.nstreams=20000 avg_latency=0.8308 ms avg throuhgput (requests/sec) = 84.6490 res=false
*==== INFO ====* req_id_count= 14000 stream_id=55996 latency=0.614379 ms (tx_ts=157174948630591, rx_ts=157174949244970) request_id=738963 zil_blk_id=55996 ccf_commit_seqno=738963 nstreams_done_=14000 config.nstreams=20000 avg_latency=0.8298 ms avg throuhgput (requests/sec) = 84.6631 res=false
*==== INFO ====* req_id_count= 14500 stream_id=57996 latency=0.874215 ms (tx_ts=157180859920911, rx_ts=157180860795126) request_id=765345 zil_blk_id=57996 ccf_commit_seqno=765348 nstreams_done_=14500 config.nstreams=20000 avg_latency=0.8306 ms avg throuhgput (requests/sec) = 84.6602 res=false
*==== INFO ====* req_id_count= 15000 stream_id=59996 latency=0.696793 ms (tx_ts=157186750955210, rx_ts=157186751652003) request_id=791795 zil_blk_id=59996 ccf_commit_seqno=791795 nstreams_done_=15000 config.nstreams=20000 avg_latency=0.8299 ms avg throuhgput (requests/sec) = 84.6674 res=false
*==== INFO ====* req_id_count= 15500 stream_id=61996 latency=0.974522 ms (tx_ts=157192669413592, rx_ts=157192670388114) request_id=818329 zil_blk_id=61996 ccf_commit_seqno=818331 nstreams_done_=15500 config.nstreams=20000 avg_latency=0.8305 ms avg throuhgput (requests/sec) = 84.6613 res=false
*==== INFO ====* req_id_count= 16000 stream_id=63996 latency=0.652270 ms (tx_ts=157198573586097, rx_ts=157198574238367) request_id=844782 zil_blk_id=63996 ccf_commit_seqno=844782 nstreams_done_=16000 config.nstreams=20000 avg_latency=0.8302 ms avg throuhgput (requests/sec) = 84.6622 res=false
*==== INFO ====* req_id_count= 16500 stream_id=65996 latency=0.787392 ms (tx_ts=157204449106888, rx_ts=157204449894280) request_id=871161 zil_blk_id=65996 ccf_commit_seqno=871162 nstreams_done_=16500 config.nstreams=20000 avg_latency=0.8300 ms avg throuhgput (requests/sec) = 84.6753 res=false
*==== INFO ====* req_id_count= 17000 stream_id=67996 latency=0.727870 ms (tx_ts=157210236829934, rx_ts=157210237557804) request_id=897190 zil_blk_id=67996 ccf_commit_seqno=897190 nstreams_done_=17000 config.nstreams=20000 avg_latency=0.8296 ms avg throuhgput (requests/sec) = 84.7248 res=false
*==== INFO ====* req_id_count= 17500 stream_id=69996 latency=0.871850 ms (tx_ts=157215990316872, rx_ts=157215991188722) request_id=923031 zil_blk_id=69996 ccf_commit_seqno=923034 nstreams_done_=17500 config.nstreams=20000 avg_latency=0.8288 ms avg throuhgput (requests/sec) = 84.7855 res=false
*==== INFO ====* req_id_count= 18000 stream_id=71996 latency=0.715168 ms (tx_ts=157221736937998, rx_ts=157221737653166) request_id=948792 zil_blk_id=71996 ccf_commit_seqno=948792 nstreams_done_=18000 config.nstreams=20000 avg_latency=0.8281 ms avg throuhgput (requests/sec) = 84.8457 res=false
*==== INFO ====* req_id_count= 18500 stream_id=73996 latency=0.757536 ms (tx_ts=157227490772015, rx_ts=157227491529551) request_id=974627 zil_blk_id=73996 ccf_commit_seqno=974628 nstreams_done_=18500 config.nstreams=20000 avg_latency=0.8285 ms avg throuhgput (requests/sec) = 84.8999 res=false
*==== INFO ====* req_id_count= 19000 stream_id=75996 latency=0.916006 ms (tx_ts=157233246963991, rx_ts=157233247879997) request_id=1000442 zil_blk_id=75996 ccf_commit_seqno=1000445 nstreams_done_=19000 config.nstreams=20000 avg_latency=0.8286 ms avg throuhgput (requests/sec) = 84.9504 res=false
*==== INFO ====* req_id_count= 19500 stream_id=77996 latency=0.830654 ms (tx_ts=157239008208938, rx_ts=157239009039592) request_id=1024301 zil_blk_id=77996 ccf_commit_seqno=1024302 nstreams_done_=19500 config.nstreams=20000 avg_latency=0.8283 ms avg throuhgput (requests/sec) = 84.9965 res=false
*==== INFO ====* http_end_stream ALL streams done! nstreams_done_=20000 avg_latency=0.8265 msreq_id_count= 20000
*==== INFO ====* req_id_count= 20000 stream_id=79996 latency=0.656268 ms (tx_ts=157244832842137, rx_ts=157244833498405) request_id=1037062 zil_blk_id=79996 ccf_commit_seqno=1037062 nstreams_done_=20000 config.nstreams=20000 avg_latency=0.8265 ms avg throuhgput (requests/sec) = 85.0175 res=true
