Uniform: 489558 469278 527877 527022 707651 
Exponential: -2147483648 -2147483648 -2147483648 -2147483648 -2147483648 
Truncated Normal: 595478 421371 694027 576220 796619 
*==== INFO ====* req_id_count= 500 stream_id=1996 latency=0.713685 ms (tx_ts=157015391804177, rx_ts=157015392517862) request_id=25351 zil_blk_id=1996 ccf_commit_seqno=25352 nstreams_done_=500 config.nstreams=20000 avg_latency=0.8370 ms avg throuhgput (requests/sec) = 86.0600 res=false
*==== INFO ====* req_id_count= 1000 stream_id=3996 latency=0.941492 ms (tx_ts=157021228266329, rx_ts=157021229207821) request_id=51273 zil_blk_id=3996 ccf_commit_seqno=51276 nstreams_done_=1000 config.nstreams=20000 avg_latency=0.8556 ms avg throuhgput (requests/sec) = 85.8620 res=false
*==== INFO ====* req_id_count= 1500 stream_id=5996 latency=0.670935 ms (tx_ts=157027046719671, rx_ts=157027047390606) request_id=77182 zil_blk_id=5996 ccf_commit_seqno=77182 nstreams_done_=1500 config.nstreams=20000 avg_latency=0.8541 ms avg throuhgput (requests/sec) = 85.8872 res=false
*==== INFO ====* req_id_count= 2000 stream_id=7996 latency=0.762427 ms (tx_ts=157032869401410, rx_ts=157032870163837) request_id=103071 zil_blk_id=7996 ccf_commit_seqno=103072 nstreams_done_=2000 config.nstreams=20000 avg_latency=0.8602 ms avg throuhgput (requests/sec) = 85.8828 res=false
*==== INFO ====* req_id_count= 2500 stream_id=9996 latency=0.647612 ms (tx_ts=157038674141360, rx_ts=157038674788972) request_id=129013 zil_blk_id=9996 ccf_commit_seqno=129014 nstreams_done_=2500 config.nstreams=20000 avg_latency=0.8536 ms avg throuhgput (requests/sec) = 85.9338 res=false
*==== INFO ====* req_id_count= 3000 stream_id=11996 latency=0.662239 ms (tx_ts=157044476399306, rx_ts=157044477061545) request_id=154931 zil_blk_id=11996 ccf_commit_seqno=154931 nstreams_done_=3000 config.nstreams=20000 avg_latency=0.8541 ms avg throuhgput (requests/sec) = 85.9736 res=false
*==== INFO ====* req_id_count= 3500 stream_id=13996 latency=0.617155 ms (tx_ts=157050269416870, rx_ts=157050270034025) request_id=180810 zil_blk_id=13996 ccf_commit_seqno=180810 nstreams_done_=3500 config.nstreams=20000 avg_latency=0.8517 ms avg throuhgput (requests/sec) = 86.0217 res=false
*==== INFO ====* req_id_count= 4000 stream_id=15996 latency=0.923978 ms (tx_ts=157056104158292, rx_ts=157056105082270) request_id=206851 zil_blk_id=15996 ccf_commit_seqno=206854 nstreams_done_=4000 config.nstreams=20000 avg_latency=0.8525 ms avg throuhgput (requests/sec) = 85.9800 res=false
*==== INFO ====* req_id_count= 4500 stream_id=17996 latency=0.648622 ms (tx_ts=157061926791795, rx_ts=157061927440417) request_id=232873 zil_blk_id=17996 ccf_commit_seqno=232873 nstreams_done_=4500 config.nstreams=20000 avg_latency=0.8534 ms avg throuhgput (requests/sec) = 85.9684 res=false
*==== INFO ====* req_id_count= 5000 stream_id=19996 latency=0.886729 ms (tx_ts=157067748246823, rx_ts=157067749133552) request_id=258903 zil_blk_id=19996 ccf_commit_seqno=258904 nstreams_done_=5000 config.nstreams=20000 avg_latency=0.8522 ms avg throuhgput (requests/sec) = 85.9601 res=false
*==== INFO ====* req_id_count= 5500 stream_id=21996 latency=0.804654 ms (tx_ts=157073571343942, rx_ts=157073572148596) request_id=284906 zil_blk_id=21996 ccf_commit_seqno=284906 nstreams_done_=5500 config.nstreams=20000 avg_latency=0.8515 ms avg throuhgput (requests/sec) = 85.9516 res=false
*==== INFO ====* req_id_count= 6000 stream_id=23996 latency=0.767515 ms (tx_ts=157079379729375, rx_ts=157079380496890) request_id=310905 zil_blk_id=23996 ccf_commit_seqno=310906 nstreams_done_=6000 config.nstreams=20000 avg_latency=0.8491 ms avg throuhgput (requests/sec) = 85.9625 res=false
*==== INFO ====* req_id_count= 6500 stream_id=25996 latency=0.660375 ms (tx_ts=157085169997566, rx_ts=157085170657941) request_id=336852 zil_blk_id=25996 ccf_commit_seqno=336852 nstreams_done_=6500 config.nstreams=20000 avg_latency=0.8462 ms avg throuhgput (requests/sec) = 85.9924 res=false
*==== INFO ====* req_id_count= 7000 stream_id=27996 latency=0.605474 ms (tx_ts=157090976159173, rx_ts=157090976764647) request_id=362876 zil_blk_id=27996 ccf_commit_seqno=362876 nstreams_done_=7000 config.nstreams=20000 avg_latency=0.8449 ms avg throuhgput (requests/sec) = 86.0013 res=false
*==== INFO ====* req_id_count= 7500 stream_id=29996 latency=0.907416 ms (tx_ts=157096778856116, rx_ts=157096779763532) request_id=388859 zil_blk_id=29996 ccf_commit_seqno=388859 nstreams_done_=7500 config.nstreams=20000 avg_latency=0.8443 ms avg throuhgput (requests/sec) = 86.0120 res=false
*==== INFO ====* req_id_count= 8000 stream_id=31996 latency=0.626301 ms (tx_ts=157102597098916, rx_ts=157102597725217) request_id=414849 zil_blk_id=31996 ccf_commit_seqno=414849 nstreams_done_=8000 config.nstreams=20000 avg_latency=0.8455 ms avg throuhgput (requests/sec) = 86.0075 res=false
*==== INFO ====* req_id_count= 8500 stream_id=33996 latency=0.735064 ms (tx_ts=157108418250557, rx_ts=157108418985621) request_id=440871 zil_blk_id=33996 ccf_commit_seqno=440871 nstreams_done_=8500 config.nstreams=20000 avg_latency=0.8473 ms avg throuhgput (requests/sec) = 86.0007 res=false
*==== INFO ====* req_id_count= 9000 stream_id=35996 latency=0.606343 ms (tx_ts=157114261263582, rx_ts=157114261869925) request_id=467015 zil_blk_id=35996 ccf_commit_seqno=467015 nstreams_done_=9000 config.nstreams=20000 avg_latency=0.8499 ms avg throuhgput (requests/sec) = 85.9769 res=false
*==== INFO ====* req_id_count= 9500 stream_id=37996 latency=0.936701 ms (tx_ts=157120102890736, rx_ts=157120103827437) request_id=493104 zil_blk_id=37996 ccf_commit_seqno=493108 nstreams_done_=9500 config.nstreams=20000 avg_latency=0.8513 ms avg throuhgput (requests/sec) = 85.9564 res=false
*==== INFO ====* req_id_count= 10000 stream_id=39996 latency=0.825895 ms (tx_ts=157125924479673, rx_ts=157125925305568) request_id=519119 zil_blk_id=39996 ccf_commit_seqno=519120 nstreams_done_=10000 config.nstreams=20000 avg_latency=0.8522 ms avg throuhgput (requests/sec) = 85.9530 res=false
*==== INFO ====* req_id_count= 10500 stream_id=41996 latency=0.943775 ms (tx_ts=157131742310266, rx_ts=157131743254041) request_id=545190 zil_blk_id=41996 ccf_commit_seqno=545190 nstreams_done_=10500 config.nstreams=20000 avg_latency=0.8522 ms avg throuhgput (requests/sec) = 85.9524 res=false
*==== INFO ====* req_id_count= 11000 stream_id=43996 latency=0.930089 ms (tx_ts=157137562141840, rx_ts=157137563071929) request_id=571330 zil_blk_id=43996 ccf_commit_seqno=571331 nstreams_done_=11000 config.nstreams=20000 avg_latency=0.8514 ms avg throuhgput (requests/sec) = 85.9506 res=false
*==== INFO ====* req_id_count= 11500 stream_id=45996 latency=0.994259 ms (tx_ts=157143386046144, rx_ts=157143387040403) request_id=597415 zil_blk_id=45996 ccf_commit_seqno=597416 nstreams_done_=11500 config.nstreams=20000 avg_latency=0.8519 ms avg throuhgput (requests/sec) = 85.9463 res=false
*==== INFO ====* req_id_count= 12000 stream_id=47996 latency=0.876328 ms (tx_ts=157149201607918, rx_ts=157149202484246) request_id=623476 zil_blk_id=47996 ccf_commit_seqno=623477 nstreams_done_=12000 config.nstreams=20000 avg_latency=0.8521 ms avg throuhgput (requests/sec) = 85.9477 res=false
*==== INFO ====* req_id_count= 12500 stream_id=49996 latency=0.602457 ms (tx_ts=157155015800690, rx_ts=157155016403147) request_id=649582 zil_blk_id=49996 ccf_commit_seqno=649582 nstreams_done_=12500 config.nstreams=20000 avg_latency=0.8513 ms avg throuhgput (requests/sec) = 85.9498 res=false
*==== INFO ====* req_id_count= 13000 stream_id=51996 latency=0.852504 ms (tx_ts=157160819325577, rx_ts=157160820178081) request_id=675609 zil_blk_id=51996 ccf_commit_seqno=675610 nstreams_done_=13000 config.nstreams=20000 avg_latency=0.8507 ms avg throuhgput (requests/sec) = 85.9575 res=false
*==== INFO ====* req_id_count= 13500 stream_id=53996 latency=0.800977 ms (tx_ts=157166640280709, rx_ts=157166641081686) request_id=701693 zil_blk_id=53996 ccf_commit_seqno=701693 nstreams_done_=13500 config.nstreams=20000 avg_latency=0.8509 ms avg throuhgput (requests/sec) = 85.9553 res=false
*==== INFO ====* req_id_count= 14000 stream_id=55996 latency=1.056966 ms (tx_ts=157172445382313, rx_ts=157172446439279) request_id=727744 zil_blk_id=55996 ccf_commit_seqno=727744 nstreams_done_=14000 config.nstreams=20000 avg_latency=0.8502 ms avg throuhgput (requests/sec) = 85.9614 res=false
*==== INFO ====* req_id_count= 14500 stream_id=57996 latency=0.665133 ms (tx_ts=157178271842886, rx_ts=157178272508019) request_id=753772 zil_blk_id=57996 ccf_commit_seqno=753772 nstreams_done_=14500 config.nstreams=20000 avg_latency=0.8512 ms avg throuhgput (requests/sec) = 85.9565 res=false
*==== INFO ====* req_id_count= 15000 stream_id=59996 latency=0.666687 ms (tx_ts=157184078223151, rx_ts=157184078889838) request_id=779786 zil_blk_id=59996 ccf_commit_seqno=779787 nstreams_done_=15000 config.nstreams=20000 avg_latency=0.8517 ms avg throuhgput (requests/sec) = 85.9617 res=false
*==== INFO ====* req_id_count= 15500 stream_id=61996 latency=0.672929 ms (tx_ts=157189903819280, rx_ts=157189904492209) request_id=805951 zil_blk_id=61996 ccf_commit_seqno=805951 nstreams_done_=15500 config.nstreams=20000 avg_latency=0.8515 ms avg throuhgput (requests/sec) = 85.9574 res=false
*==== INFO ====* req_id_count= 16000 stream_id=63996 latency=0.896075 ms (tx_ts=157195710383289, rx_ts=157195711279364) request_id=831945 zil_blk_id=63996 ccf_commit_seqno=831946 nstreams_done_=16000 config.nstreams=20000 avg_latency=0.8512 ms avg throuhgput (requests/sec) = 85.9620 res=false
*==== INFO ====* req_id_count= 16500 stream_id=65996 latency=1.109094 ms (tx_ts=157201507339871, rx_ts=157201508448965) request_id=857953 zil_blk_id=65996 ccf_commit_seqno=857958 nstreams_done_=16500 config.nstreams=20000 avg_latency=0.8504 ms avg throuhgput (requests/sec) = 85.9707 res=false
*==== INFO ====* req_id_count= 17000 stream_id=67996 latency=0.638543 ms (tx_ts=157207313926462, rx_ts=157207314565005) request_id=884053 zil_blk_id=67996 ccf_commit_seqno=884053 nstreams_done_=17000 config.nstreams=20000 avg_latency=0.8495 ms avg throuhgput (requests/sec) = 85.9750 res=false
*==== INFO ====* req_id_count= 17500 stream_id=69996 latency=1.038502 ms (tx_ts=157213138343930, rx_ts=157213139382432) request_id=910190 zil_blk_id=69996 ccf_commit_seqno=910194 nstreams_done_=17500 config.nstreams=20000 avg_latency=0.8498 ms avg throuhgput (requests/sec) = 85.9711 res=false
*==== INFO ====* req_id_count= 18000 stream_id=71996 latency=0.845792 ms (tx_ts=157218958763152, rx_ts=157218959608944) request_id=936340 zil_blk_id=71996 ccf_commit_seqno=936340 nstreams_done_=18000 config.nstreams=20000 avg_latency=0.8497 ms avg throuhgput (requests/sec) = 85.9693 res=false
*==== INFO ====* req_id_count= 18500 stream_id=73996 latency=0.993398 ms (tx_ts=157224772094876, rx_ts=157224773088274) request_id=962397 zil_blk_id=73996 ccf_commit_seqno=962398 nstreams_done_=18500 config.nstreams=20000 avg_latency=0.8500 ms avg throuhgput (requests/sec) = 85.9703 res=false
*==== INFO ====* req_id_count= 19000 stream_id=75996 latency=1.207087 ms (tx_ts=157230598768380, rx_ts=157230599975467) request_id=988600 zil_blk_id=75996 ccf_commit_seqno=988605 nstreams_done_=19000 config.nstreams=20000 avg_latency=0.8500 ms avg throuhgput (requests/sec) = 85.9661 res=false
*==== INFO ====* req_id_count= 19500 stream_id=77996 latency=0.740395 ms (tx_ts=157236421714285, rx_ts=157236422454680) request_id=1014245 zil_blk_id=77996 ccf_commit_seqno=1014245 nstreams_done_=19500 config.nstreams=20000 avg_latency=0.8498 ms avg throuhgput (requests/sec) = 85.9637 res=false
*==== INFO ====* http_end_stream ALL streams done! nstreams_done_=20000 avg_latency=0.8480 msreq_id_count= 20000
*==== INFO ====* req_id_count= 20000 stream_id=79996 latency=0.604702 ms (tx_ts=157242220700800, rx_ts=157242221305502) request_id=1033098 zil_blk_id=79996 ccf_commit_seqno=1033098 nstreams_done_=20000 config.nstreams=20000 avg_latency=0.8480 ms avg throuhgput (requests/sec) = 85.9702 res=true
