Uniform: 846618 435375 361894 606349 230358 
Exponential: -2147483648 -2147483648 -2147483648 -2147483648 -2147483648 
Truncated Normal: 636300 699927 506551 604794 687698 
*==== INFO ====* req_id_count= 500 stream_id=1996 latency=0.856495 ms (tx_ts=157015438354816, rx_ts=157015439211311) request_id=25554 zil_blk_id=1996 ccf_commit_seqno=25554 nstreams_done_=500 config.nstreams=20000 avg_latency=0.7693 ms avg throuhgput (requests/sec) = 85.3072 res=false
*==== INFO ====* req_id_count= 1000 stream_id=3996 latency=0.706102 ms (tx_ts=157021323343268, rx_ts=157021324049370) request_id=51694 zil_blk_id=3996 ccf_commit_seqno=51694 nstreams_done_=1000 config.nstreams=20000 avg_latency=0.7684 ms avg throuhgput (requests/sec) = 85.1353 res=false
*==== INFO ====* req_id_count= 1500 stream_id=5996 latency=0.799366 ms (tx_ts=157027190021291, rx_ts=157027190820657) request_id=77816 zil_blk_id=5996 ccf_commit_seqno=77819 nstreams_done_=1500 config.nstreams=20000 avg_latency=0.7694 ms avg throuhgput (requests/sec) = 85.1654 res=false
*==== INFO ====* req_id_count= 2000 stream_id=7996 latency=0.587390 ms (tx_ts=157033064194704, rx_ts=157033064782094) request_id=103935 zil_blk_id=7996 ccf_commit_seqno=103936 nstreams_done_=2000 config.nstreams=20000 avg_latency=0.7742 ms avg throuhgput (requests/sec) = 85.1544 res=false
*==== INFO ====* req_id_count= 2500 stream_id=9996 latency=0.751246 ms (tx_ts=157038836110958, rx_ts=157038836862204) request_id=129735 zil_blk_id=9996 ccf_commit_seqno=129735 nstreams_done_=2500 config.nstreams=20000 avg_latency=0.7693 ms avg throuhgput (requests/sec) = 85.4443 res=false
*==== INFO ====* req_id_count= 3000 stream_id=11996 latency=0.812169 ms (tx_ts=157044610941326, rx_ts=157044611753495) request_id=155532 zil_blk_id=11996 ccf_commit_seqno=155532 nstreams_done_=3000 config.nstreams=20000 avg_latency=0.7678 ms avg throuhgput (requests/sec) = 85.6318 res=false
*==== INFO ====* req_id_count= 3500 stream_id=13996 latency=0.890185 ms (tx_ts=157050383328034, rx_ts=157050384218219) request_id=181314 zil_blk_id=13996 ccf_commit_seqno=181317 nstreams_done_=3500 config.nstreams=20000 avg_latency=0.7703 ms avg throuhgput (requests/sec) = 85.7713 res=false
*==== INFO ====* req_id_count= 4000 stream_id=15996 latency=0.745324 ms (tx_ts=157056190925973, rx_ts=157056191671297) request_id=207236 zil_blk_id=15996 ccf_commit_seqno=207236 nstreams_done_=4000 config.nstreams=20000 avg_latency=0.7667 ms avg throuhgput (requests/sec) = 85.8118 res=false
*==== INFO ====* req_id_count= 4500 stream_id=17996 latency=0.648382 ms (tx_ts=157061961473019, rx_ts=157061962121401) request_id=233028 zil_blk_id=17996 ccf_commit_seqno=233028 nstreams_done_=4500 config.nstreams=20000 avg_latency=0.7649 ms avg throuhgput (requests/sec) = 85.9040 res=false
*==== INFO ====* req_id_count= 5000 stream_id=19996 latency=0.581528 ms (tx_ts=157067739150396, rx_ts=157067739731924) request_id=258862 zil_blk_id=19996 ccf_commit_seqno=258862 nstreams_done_=5000 config.nstreams=20000 avg_latency=0.7647 ms avg throuhgput (requests/sec) = 85.9672 res=false
*==== INFO ====* req_id_count= 5500 stream_id=21996 latency=0.843309 ms (tx_ts=157073505249740, rx_ts=157073506093049) request_id=284612 zil_blk_id=21996 ccf_commit_seqno=284614 nstreams_done_=5500 config.nstreams=20000 avg_latency=0.7649 ms avg throuhgput (requests/sec) = 86.0342 res=false
*==== INFO ====* req_id_count= 6000 stream_id=23996 latency=0.799825 ms (tx_ts=157079272957279, rx_ts=157079273757104) request_id=310427 zil_blk_id=23996 ccf_commit_seqno=310427 nstreams_done_=6000 config.nstreams=20000 avg_latency=0.7626 ms avg throuhgput (requests/sec) = 86.0885 res=false
*==== INFO ====* req_id_count= 6500 stream_id=25996 latency=0.592177 ms (tx_ts=157084953749286, rx_ts=157084954341463) request_id=335886 zil_blk_id=25996 ccf_commit_seqno=335886 nstreams_done_=6500 config.nstreams=20000 avg_latency=0.7628 ms avg throuhgput (requests/sec) = 86.2340 res=false
*==== INFO ====* req_id_count= 7000 stream_id=27996 latency=0.605763 ms (tx_ts=157090719658878, rx_ts=157090720264641) request_id=361728 zil_blk_id=27996 ccf_commit_seqno=361728 nstreams_done_=7000 config.nstreams=20000 avg_latency=0.7639 ms avg throuhgput (requests/sec) = 86.2683 res=false
*==== INFO ====* req_id_count= 7500 stream_id=29996 latency=0.725837 ms (tx_ts=157096460416291, rx_ts=157096461142128) request_id=387429 zil_blk_id=29996 ccf_commit_seqno=387430 nstreams_done_=7500 config.nstreams=20000 avg_latency=0.7625 ms avg throuhgput (requests/sec) = 86.3229 res=false
*==== INFO ====* req_id_count= 8000 stream_id=31996 latency=0.810043 ms (tx_ts=157102223514403, rx_ts=157102224324446) request_id=413183 zil_blk_id=31996 ccf_commit_seqno=413184 nstreams_done_=8000 config.nstreams=20000 avg_latency=0.7640 ms avg throuhgput (requests/sec) = 86.3499 res=false
*==== INFO ====* req_id_count= 8500 stream_id=33996 latency=0.572951 ms (tx_ts=157107984718109, rx_ts=157107985291060) request_id=438947 zil_blk_id=33996 ccf_commit_seqno=438947 nstreams_done_=8500 config.nstreams=20000 avg_latency=0.7638 ms avg throuhgput (requests/sec) = 86.3757 res=false
*==== INFO ====* req_id_count= 9000 stream_id=35996 latency=0.881117 ms (tx_ts=157113728474065, rx_ts=157113729355182) request_id=464627 zil_blk_id=35996 ccf_commit_seqno=464629 nstreams_done_=9000 config.nstreams=20000 avg_latency=0.7640 ms avg throuhgput (requests/sec) = 86.4127 res=false
*==== INFO ====* req_id_count= 9500 stream_id=37996 latency=0.608237 ms (tx_ts=157119488886533, rx_ts=157119489494770) request_id=490367 zil_blk_id=37996 ccf_commit_seqno=490367 nstreams_done_=9500 config.nstreams=20000 avg_latency=0.7645 ms avg throuhgput (requests/sec) = 86.4332 res=false
*==== INFO ====* req_id_count= 10000 stream_id=39996 latency=0.628933 ms (tx_ts=157125265091034, rx_ts=157125265719967) request_id=516161 zil_blk_id=39996 ccf_commit_seqno=516161 nstreams_done_=10000 config.nstreams=20000 avg_latency=0.7662 ms avg throuhgput (requests/sec) = 86.4396 res=false
*==== INFO ====* req_id_count= 10500 stream_id=41996 latency=0.778345 ms (tx_ts=157130998278993, rx_ts=157130999057338) request_id=541855 zil_blk_id=41996 ccf_commit_seqno=541856 nstreams_done_=10500 config.nstreams=20000 avg_latency=0.7654 ms avg throuhgput (requests/sec) = 86.4760 res=false
*==== INFO ====* req_id_count= 11000 stream_id=43996 latency=0.569435 ms (tx_ts=157136745875587, rx_ts=157136746445022) request_id=567661 zil_blk_id=43996 ccf_commit_seqno=567661 nstreams_done_=11000 config.nstreams=20000 avg_latency=0.7634 ms avg throuhgput (requests/sec) = 86.4995 res=false
*==== INFO ====* req_id_count= 11500 stream_id=45996 latency=0.562862 ms (tx_ts=157142475479608, rx_ts=157142476042470) request_id=593378 zil_blk_id=45996 ccf_commit_seqno=593378 nstreams_done_=11500 config.nstreams=20000 avg_latency=0.7621 ms avg throuhgput (requests/sec) = 86.5325 res=false
*==== INFO ====* req_id_count= 12000 stream_id=47996 latency=0.768868 ms (tx_ts=157148266322741, rx_ts=157148267091609) request_id=619274 zil_blk_id=47996 ccf_commit_seqno=619275 nstreams_done_=12000 config.nstreams=20000 avg_latency=0.7628 ms avg throuhgput (requests/sec) = 86.5245 res=false
*==== INFO ====* req_id_count= 12500 stream_id=49996 latency=0.753228 ms (tx_ts=157153996731565, rx_ts=157153997484793) request_id=645013 zil_blk_id=49996 ccf_commit_seqno=645014 nstreams_done_=12500 config.nstreams=20000 avg_latency=0.7612 ms avg throuhgput (requests/sec) = 86.5534 res=false
*==== INFO ====* req_id_count= 13000 stream_id=51996 latency=2.181760 ms (tx_ts=157159734729072, rx_ts=157159736910832) request_id=670742 zil_blk_id=51996 ccf_commit_seqno=670742 nstreams_done_=13000 config.nstreams=20000 avg_latency=0.7610 ms avg throuhgput (requests/sec) = 86.5750 res=false
*==== INFO ====* req_id_count= 13500 stream_id=53996 latency=0.858733 ms (tx_ts=157165472450744, rx_ts=157165473309477) request_id=696465 zil_blk_id=53996 ccf_commit_seqno=696465 nstreams_done_=13500 config.nstreams=20000 avg_latency=0.7608 ms avg throuhgput (requests/sec) = 86.5966 res=false
*==== INFO ====* req_id_count= 14000 stream_id=55996 latency=0.705779 ms (tx_ts=157171219904519, rx_ts=157171220610298) request_id=722237 zil_blk_id=55996 ccf_commit_seqno=722238 nstreams_done_=14000 config.nstreams=20000 avg_latency=0.7603 ms avg throuhgput (requests/sec) = 86.6108 res=false
*==== INFO ====* req_id_count= 14500 stream_id=57996 latency=0.631531 ms (tx_ts=157177001355040, rx_ts=157177001986571) request_id=748078 zil_blk_id=57996 ccf_commit_seqno=748078 nstreams_done_=14500 config.nstreams=20000 avg_latency=0.7611 ms avg throuhgput (requests/sec) = 86.6065 res=false
*==== INFO ====* req_id_count= 15000 stream_id=59996 latency=0.598810 ms (tx_ts=157182771527698, rx_ts=157182772126508) request_id=773900 zil_blk_id=59996 ccf_commit_seqno=773901 nstreams_done_=15000 config.nstreams=20000 avg_latency=0.7622 ms avg throuhgput (requests/sec) = 86.6080 res=false
*==== INFO ====* req_id_count= 15500 stream_id=61996 latency=0.549198 ms (tx_ts=157188483442211, rx_ts=157188483991409) request_id=799596 zil_blk_id=61996 ccf_commit_seqno=799596 nstreams_done_=15500 config.nstreams=20000 avg_latency=0.7613 ms avg throuhgput (requests/sec) = 86.6377 res=false
*==== INFO ====* req_id_count= 16000 stream_id=63996 latency=0.568853 ms (tx_ts=157194241208533, rx_ts=157194241777386) request_id=825373 zil_blk_id=63996 ccf_commit_seqno=825373 nstreams_done_=16000 config.nstreams=20000 avg_latency=0.7618 ms avg throuhgput (requests/sec) = 86.6440 res=false
*==== INFO ====* req_id_count= 16500 stream_id=65996 latency=0.669682 ms (tx_ts=157199970085372, rx_ts=157199970755054) request_id=851054 zil_blk_id=65996 ccf_commit_seqno=851054 nstreams_done_=16500 config.nstreams=20000 avg_latency=0.7616 ms avg throuhgput (requests/sec) = 86.6630 res=false
*==== INFO ====* req_id_count= 17000 stream_id=67996 latency=0.533708 ms (tx_ts=157205703498314, rx_ts=157205704032022) request_id=876801 zil_blk_id=67996 ccf_commit_seqno=876801 nstreams_done_=17000 config.nstreams=20000 avg_latency=0.7607 ms avg throuhgput (requests/sec) = 86.6790 res=false
*==== INFO ====* req_id_count= 17500 stream_id=69996 latency=0.647861 ms (tx_ts=157211447774085, rx_ts=157211448421946) request_id=902638 zil_blk_id=69996 ccf_commit_seqno=902639 nstreams_done_=17500 config.nstreams=20000 avg_latency=0.7604 ms avg throuhgput (requests/sec) = 86.6893 res=false
*==== INFO ====* req_id_count= 18000 stream_id=71996 latency=0.796840 ms (tx_ts=157217192018681, rx_ts=157217192815521) request_id=928406 zil_blk_id=71996 ccf_commit_seqno=928407 nstreams_done_=18000 config.nstreams=20000 avg_latency=0.7602 ms avg throuhgput (requests/sec) = 86.6990 res=false
*==== INFO ====* req_id_count= 18500 stream_id=73996 latency=0.865048 ms (tx_ts=157222952024116, rx_ts=157222952889164) request_id=954226 zil_blk_id=73996 ccf_commit_seqno=954226 nstreams_done_=18500 config.nstreams=20000 avg_latency=0.7602 ms avg throuhgput (requests/sec) = 86.7019 res=false
*==== INFO ====* req_id_count= 19000 stream_id=75996 latency=0.587198 ms (tx_ts=157228734774618, rx_ts=157228735361816) request_id=980223 zil_blk_id=75996 ccf_commit_seqno=980223 nstreams_done_=19000 config.nstreams=20000 avg_latency=0.7607 ms avg throuhgput (requests/sec) = 86.6957 res=false
*==== INFO ====* req_id_count= 19500 stream_id=77996 latency=0.844269 ms (tx_ts=157234500580502, rx_ts=157234501424771) request_id=1006059 zil_blk_id=77996 ccf_commit_seqno=1006060 nstreams_done_=19500 config.nstreams=20000 avg_latency=0.7610 ms avg throuhgput (requests/sec) = 86.6962 res=false
*==== INFO ====* http_end_stream ALL streams done! nstreams_done_=20000 avg_latency=0.7606 msreq_id_count= 20000
*==== INFO ====* req_id_count= 20000 stream_id=79996 latency=0.705831 ms (tx_ts=157240249462104, rx_ts=157240250167935) request_id=1028376 zil_blk_id=79996 ccf_commit_seqno=1028376 nstreams_done_=20000 config.nstreams=20000 avg_latency=0.7606 ms avg throuhgput (requests/sec) = 86.7031 res=true
