Uniform: 835244 489421 430868 327225 57778 
Exponential: -2147483648 -2147483648 -2147483648 -2147483648 -2147483648 
Truncated Normal: 590374 410504 798776 179014 699965 
*==== INFO ====* req_id_count= 500 stream_id=1996 latency=1.008616 ms (tx_ts=157015368893554, rx_ts=157015369902170) request_id=25253 zil_blk_id=1996 ccf_commit_seqno=25256 nstreams_done_=500 config.nstreams=20000 avg_latency=0.7900 ms avg throuhgput (requests/sec) = 86.3779 res=false
*==== INFO ====* req_id_count= 1000 stream_id=3996 latency=0.694850 ms (tx_ts=157021118098383, rx_ts=157021118793233) request_id=50786 zil_blk_id=3996 ccf_commit_seqno=50787 nstreams_done_=1000 config.nstreams=20000 avg_latency=0.7871 ms avg throuhgput (requests/sec) = 86.6746 res=false
*==== INFO ====* req_id_count= 1500 stream_id=5996 latency=0.779118 ms (tx_ts=157026877571883, rx_ts=157026878351001) request_id=76438 zil_blk_id=5996 ccf_commit_seqno=76439 nstreams_done_=1500 config.nstreams=20000 avg_latency=0.7866 ms avg throuhgput (requests/sec) = 86.7204 res=false
*==== INFO ====* req_id_count= 2000 stream_id=7996 latency=0.620465 ms (tx_ts=157032654523004, rx_ts=157032655143469) request_id=102119 zil_blk_id=7996 ccf_commit_seqno=102119 nstreams_done_=2000 config.nstreams=20000 avg_latency=0.7920 ms avg throuhgput (requests/sec) = 86.6786 res=false
*==== INFO ====* req_id_count= 2500 stream_id=9996 latency=0.557614 ms (tx_ts=157038388685424, rx_ts=157038389243038) request_id=127747 zil_blk_id=9996 ccf_commit_seqno=127747 nstreams_done_=2500 config.nstreams=20000 avg_latency=0.7878 ms avg throuhgput (requests/sec) = 86.7819 res=false
*==== INFO ====* req_id_count= 3000 stream_id=11996 latency=0.782754 ms (tx_ts=157044125862438, rx_ts=157044126645192) request_id=153386 zil_blk_id=11996 ccf_commit_seqno=153387 nstreams_done_=3000 config.nstreams=20000 avg_latency=0.7835 ms avg throuhgput (requests/sec) = 86.8426 res=false
*==== INFO ====* req_id_count= 3500 stream_id=13996 latency=0.880648 ms (tx_ts=157049847533309, rx_ts=157049848413957) request_id=178931 zil_blk_id=13996 ccf_commit_seqno=178933 nstreams_done_=3500 config.nstreams=20000 avg_latency=0.7839 ms avg throuhgput (requests/sec) = 86.9197 res=false
*==== INFO ====* req_id_count= 4000 stream_id=15996 latency=0.575026 ms (tx_ts=157055571312911, rx_ts=157055571887937) request_id=204488 zil_blk_id=15996 ccf_commit_seqno=204488 nstreams_done_=4000 config.nstreams=20000 avg_latency=0.7833 ms avg throuhgput (requests/sec) = 86.9745 res=false
*==== INFO ====* req_id_count= 4500 stream_id=17996 latency=0.727750 ms (tx_ts=157061295266194, rx_ts=157061295993944) request_id=230053 zil_blk_id=17996 ccf_commit_seqno=230053 nstreams_done_=4500 config.nstreams=20000 avg_latency=0.7820 ms avg throuhgput (requests/sec) = 87.0160 res=false
*==== INFO ====* req_id_count= 5000 stream_id=19996 latency=0.620420 ms (tx_ts=157067012764785, rx_ts=157067013385205) request_id=255626 zil_blk_id=19996 ccf_commit_seqno=255626 nstreams_done_=5000 config.nstreams=20000 avg_latency=0.7807 ms avg throuhgput (requests/sec) = 87.0595 res=false
*==== INFO ====* req_id_count= 5500 stream_id=21996 latency=0.731858 ms (tx_ts=157072736551261, rx_ts=157072737283119) request_id=281204 zil_blk_id=21996 ccf_commit_seqno=281205 nstreams_done_=5500 config.nstreams=20000 avg_latency=0.7813 ms avg throuhgput (requests/sec) = 87.0861 res=false
*==== INFO ====* req_id_count= 6000 stream_id=23996 latency=0.580595 ms (tx_ts=157078472976634, rx_ts=157078473557229) request_id=306856 zil_blk_id=23996 ccf_commit_seqno=306856 nstreams_done_=6000 config.nstreams=20000 avg_latency=0.7827 ms avg throuhgput (requests/sec) = 87.0926 res=false
*==== INFO ====* req_id_count= 6500 stream_id=25996 latency=0.582349 ms (tx_ts=157084202105542, rx_ts=157084202687891) request_id=332525 zil_blk_id=25996 ccf_commit_seqno=332525 nstreams_done_=6500 config.nstreams=20000 avg_latency=0.7801 ms avg throuhgput (requests/sec) = 87.1065 res=false
*==== INFO ====* req_id_count= 7000 stream_id=27996 latency=0.648510 ms (tx_ts=157089915048202, rx_ts=157089915696712) request_id=358114 zil_blk_id=27996 ccf_commit_seqno=358116 nstreams_done_=7000 config.nstreams=20000 avg_latency=0.7791 ms avg throuhgput (requests/sec) = 87.1359 res=false
*==== INFO ====* req_id_count= 7500 stream_id=29996 latency=0.796159 ms (tx_ts=157095626303282, rx_ts=157095627099441) request_id=383707 zil_blk_id=29996 ccf_commit_seqno=383708 nstreams_done_=7500 config.nstreams=20000 avg_latency=0.7788 ms avg throuhgput (requests/sec) = 87.1630 res=false
*==== INFO ====* req_id_count= 8000 stream_id=31996 latency=0.804023 ms (tx_ts=157101355911905, rx_ts=157101356715928) request_id=409342 zil_blk_id=31996 ccf_commit_seqno=409343 nstreams_done_=8000 config.nstreams=20000 avg_latency=0.7798 ms avg throuhgput (requests/sec) = 87.1694 res=false
*==== INFO ====* req_id_count= 8500 stream_id=33996 latency=0.576802 ms (tx_ts=157107101994766, rx_ts=157107102571568) request_id=434992 zil_blk_id=33996 ccf_commit_seqno=434992 nstreams_done_=8500 config.nstreams=20000 avg_latency=0.7805 ms avg throuhgput (requests/sec) = 87.1605 res=false
*==== INFO ====* req_id_count= 9000 stream_id=35996 latency=0.776552 ms (tx_ts=157112827499196, rx_ts=157112828275748) request_id=460602 zil_blk_id=35996 ccf_commit_seqno=460603 nstreams_done_=9000 config.nstreams=20000 avg_latency=0.7809 ms avg throuhgput (requests/sec) = 87.1697 res=false
*==== INFO ====* req_id_count= 9500 stream_id=37996 latency=0.655005 ms (tx_ts=157118551043487, rx_ts=157118551698492) request_id=486168 zil_blk_id=37996 ccf_commit_seqno=486169 nstreams_done_=9500 config.nstreams=20000 avg_latency=0.7805 ms avg throuhgput (requests/sec) = 87.1797 res=false
*==== INFO ====* req_id_count= 10000 stream_id=39996 latency=0.594522 ms (tx_ts=157124283551840, rx_ts=157124284146362) request_id=511750 zil_blk_id=39996 ccf_commit_seqno=511750 nstreams_done_=10000 config.nstreams=20000 avg_latency=0.7817 ms avg throuhgput (requests/sec) = 87.1819 res=false
*==== INFO ====* req_id_count= 10500 stream_id=41996 latency=0.671726 ms (tx_ts=157129993307447, rx_ts=157129993979173) request_id=537344 zil_blk_id=41996 ccf_commit_seqno=537346 nstreams_done_=10500 config.nstreams=20000 avg_latency=0.7810 ms avg throuhgput (requests/sec) = 87.2002 res=false
*==== INFO ====* req_id_count= 11000 stream_id=43996 latency=0.637332 ms (tx_ts=157135707996234, rx_ts=157135708633566) request_id=563002 zil_blk_id=43996 ccf_commit_seqno=563002 nstreams_done_=11000 config.nstreams=20000 avg_latency=0.7789 ms avg throuhgput (requests/sec) = 87.2135 res=false
*==== INFO ====* req_id_count= 11500 stream_id=45996 latency=0.936558 ms (tx_ts=157141407024280, rx_ts=157141407960838) request_id=588595 zil_blk_id=45996 ccf_commit_seqno=588597 nstreams_done_=11500 config.nstreams=20000 avg_latency=0.7774 ms avg throuhgput (requests/sec) = 87.2358 res=false
*==== INFO ====* req_id_count= 12000 stream_id=47996 latency=0.862643 ms (tx_ts=157147138059125, rx_ts=157147138921768) request_id=614230 zil_blk_id=47996 ccf_commit_seqno=614232 nstreams_done_=12000 config.nstreams=20000 avg_latency=0.7787 ms avg throuhgput (requests/sec) = 87.2362 res=false
*==== INFO ====* req_id_count= 12500 stream_id=49996 latency=0.666326 ms (tx_ts=157152837633790, rx_ts=157152838300116) request_id=639811 zil_blk_id=49996 ccf_commit_seqno=639811 nstreams_done_=12500 config.nstreams=20000 avg_latency=0.7773 ms avg throuhgput (requests/sec) = 87.2558 res=false
*==== INFO ====* req_id_count= 13000 stream_id=51996 latency=0.827668 ms (tx_ts=157158540785169, rx_ts=157158541612837) request_id=665376 zil_blk_id=51996 ccf_commit_seqno=665378 nstreams_done_=13000 config.nstreams=20000 avg_latency=0.7760 ms avg throuhgput (requests/sec) = 87.2716 res=false
*==== INFO ====* req_id_count= 13500 stream_id=53996 latency=0.599531 ms (tx_ts=157164243669488, rx_ts=157164244269019) request_id=690965 zil_blk_id=53996 ccf_commit_seqno=690965 nstreams_done_=13500 config.nstreams=20000 avg_latency=0.7750 ms avg throuhgput (requests/sec) = 87.2866 res=false
*==== INFO ====* req_id_count= 14000 stream_id=55996 latency=0.697053 ms (tx_ts=157169962834546, rx_ts=157169963531599) request_id=716582 zil_blk_id=55996 ccf_commit_seqno=716583 nstreams_done_=14000 config.nstreams=20000 avg_latency=0.7753 ms avg throuhgput (requests/sec) = 87.2915 res=false
*==== INFO ====* req_id_count= 14500 stream_id=57996 latency=0.552743 ms (tx_ts=157175649133570, rx_ts=157175649686313) request_id=742112 zil_blk_id=57996 ccf_commit_seqno=742112 nstreams_done_=14500 config.nstreams=20000 avg_latency=0.7740 ms avg throuhgput (requests/sec) = 87.3135 res=false
*==== INFO ====* req_id_count= 15000 stream_id=59996 latency=0.721910 ms (tx_ts=157181387153969, rx_ts=157181387875879) request_id=767706 zil_blk_id=59996 ccf_commit_seqno=767706 nstreams_done_=15000 config.nstreams=20000 avg_latency=0.7758 ms avg throuhgput (requests/sec) = 87.3075 res=false
*==== INFO ====* req_id_count= 15500 stream_id=61996 latency=0.549879 ms (tx_ts=157187094286739, rx_ts=157187094836618) request_id=793352 zil_blk_id=61996 ccf_commit_seqno=793352 nstreams_done_=15500 config.nstreams=20000 avg_latency=0.7748 ms avg throuhgput (requests/sec) = 87.3173 res=false
*==== INFO ====* req_id_count= 16000 stream_id=63996 latency=0.655396 ms (tx_ts=157192826580992, rx_ts=157192827236388) request_id=819033 zil_blk_id=63996 ccf_commit_seqno=819033 nstreams_done_=16000 config.nstreams=20000 avg_latency=0.7750 ms avg throuhgput (requests/sec) = 87.3144 res=false
*==== INFO ====* req_id_count= 16500 stream_id=65996 latency=0.667204 ms (tx_ts=157198544535944, rx_ts=157198545203148) request_id=844646 zil_blk_id=65996 ccf_commit_seqno=844646 nstreams_done_=16500 config.nstreams=20000 avg_latency=0.7751 ms avg throuhgput (requests/sec) = 87.3183 res=false
*==== INFO ====* req_id_count= 17000 stream_id=67996 latency=0.814223 ms (tx_ts=157204261566674, rx_ts=157204262380897) request_id=870316 zil_blk_id=67996 ccf_commit_seqno=870319 nstreams_done_=17000 config.nstreams=20000 avg_latency=0.7747 ms avg throuhgput (requests/sec) = 87.3223 res=false
*==== INFO ====* req_id_count= 17500 stream_id=69996 latency=0.743120 ms (tx_ts=157209945783546, rx_ts=157209946526666) request_id=895881 zil_blk_id=69996 ccf_commit_seqno=895881 nstreams_done_=17500 config.nstreams=20000 avg_latency=0.7739 ms avg throuhgput (requests/sec) = 87.3405 res=false
*==== INFO ====* req_id_count= 18000 stream_id=71996 latency=0.703950 ms (tx_ts=157215659810677, rx_ts=157215660514627) request_id=921544 zil_blk_id=71996 ccf_commit_seqno=921546 nstreams_done_=18000 config.nstreams=20000 avg_latency=0.7737 ms avg throuhgput (requests/sec) = 87.3451 res=false
*==== INFO ====* req_id_count= 18500 stream_id=73996 latency=0.717572 ms (tx_ts=157221392716613, rx_ts=157221393434185) request_id=947242 zil_blk_id=73996 ccf_commit_seqno=947242 nstreams_done_=18500 config.nstreams=20000 avg_latency=0.7736 ms avg throuhgput (requests/sec) = 87.3416 res=false
*==== INFO ====* req_id_count= 19000 stream_id=75996 latency=0.573994 ms (tx_ts=157227130358140, rx_ts=157227130932134) request_id=973006 zil_blk_id=75996 ccf_commit_seqno=973006 nstreams_done_=19000 config.nstreams=20000 avg_latency=0.7734 ms avg throuhgput (requests/sec) = 87.3364 res=false
*==== INFO ====* req_id_count= 19500 stream_id=77996 latency=0.755102 ms (tx_ts=157232844111346, rx_ts=157232844866448) request_id=998666 zil_blk_id=77996 ccf_commit_seqno=998666 nstreams_done_=19500 config.nstreams=20000 avg_latency=0.7732 ms avg throuhgput (requests/sec) = 87.3408 res=false
*==== INFO ====* http_end_stream ALL streams done! nstreams_done_=20000 avg_latency=0.7735 msreq_id_count= 20000
*==== INFO ====* req_id_count= 20000 stream_id=79996 latency=0.628145 ms (tx_ts=157238568562265, rx_ts=157238569190410) request_id=1022729 zil_blk_id=79996 ccf_commit_seqno=1022729 nstreams_done_=20000 config.nstreams=20000 avg_latency=0.7735 ms avg throuhgput (requests/sec) = 87.3409 res=true
