Uniform: 15178 897997 433731 45285 851914 
Exponential: -2147483648 -2147483648 -2147483648 -2147483648 -2147483648 
Truncated Normal: 11790 511852 574411 283951 54017 
*==== INFO ====* req_id_count= 500 stream_id=1996 latency=1.057237 ms (tx_ts=157015489305766, rx_ts=157015490363003) request_id=25772 zil_blk_id=1996 ccf_commit_seqno=25776 nstreams_done_=500 config.nstreams=20000 avg_latency=0.8870 ms avg throuhgput (requests/sec) = 84.7495 res=false
*==== INFO ====* req_id_count= 1000 stream_id=3996 latency=0.963082 ms (tx_ts=157021413159611, rx_ts=157021414122693) request_id=52086 zil_blk_id=3996 ccf_commit_seqno=52087 nstreams_done_=1000 config.nstreams=20000 avg_latency=0.9021 ms avg throuhgput (requests/sec) = 84.5773 res=false
*==== INFO ====* req_id_count= 1500 stream_id=5996 latency=0.774859 ms (tx_ts=157027263014273, rx_ts=157027263789132) request_id=78140 zil_blk_id=5996 ccf_commit_seqno=78140 nstreams_done_=1500 config.nstreams=20000 avg_latency=0.9017 ms avg throuhgput (requests/sec) = 84.8744 res=false
*==== INFO ====* req_id_count= 2000 stream_id=7996 latency=0.823181 ms (tx_ts=157033116017566, rx_ts=157033116840747) request_id=104165 zil_blk_id=7996 ccf_commit_seqno=104165 nstreams_done_=2000 config.nstreams=20000 avg_latency=0.9071 ms avg throuhgput (requests/sec) = 85.0115 res=false
*==== INFO ====* req_id_count= 2500 stream_id=9996 latency=1.018486 ms (tx_ts=157038928799132, rx_ts=157038929817618) request_id=130142 zil_blk_id=9996 ccf_commit_seqno=130142 nstreams_done_=2500 config.nstreams=20000 avg_latency=0.9160 ms avg throuhgput (requests/sec) = 85.2102 res=false
*==== INFO ====* req_id_count= 3000 stream_id=11996 latency=0.759942 ms (tx_ts=157044761311016, rx_ts=157044762070958) request_id=156197 zil_blk_id=11996 ccf_commit_seqno=156197 nstreams_done_=3000 config.nstreams=20000 avg_latency=0.9170 ms avg throuhgput (requests/sec) = 85.2965 res=false
*==== INFO ====* req_id_count= 3500 stream_id=13996 latency=0.962350 ms (tx_ts=157050624954934, rx_ts=157050625917284) request_id=182392 zil_blk_id=13996 ccf_commit_seqno=182395 nstreams_done_=3500 config.nstreams=20000 avg_latency=0.9155 ms avg throuhgput (requests/sec) = 85.2924 res=false
*==== INFO ====* req_id_count= 4000 stream_id=15996 latency=0.791911 ms (tx_ts=157056444670924, rx_ts=157056445462835) request_id=208368 zil_blk_id=15996 ccf_commit_seqno=208368 nstreams_done_=4000 config.nstreams=20000 avg_latency=0.9144 ms avg throuhgput (requests/sec) = 85.3700 res=false
*==== INFO ====* req_id_count= 4500 stream_id=17996 latency=0.698508 ms (tx_ts=157062251097316, rx_ts=157062251795824) request_id=234318 zil_blk_id=17996 ccf_commit_seqno=234318 nstreams_done_=4500 config.nstreams=20000 avg_latency=0.9108 ms avg throuhgput (requests/sec) = 85.4519 res=false
*==== INFO ====* req_id_count= 5000 stream_id=19996 latency=1.011712 ms (tx_ts=157068056946831, rx_ts=157068057958543) request_id=260285 zil_blk_id=19996 ccf_commit_seqno=260285 nstreams_done_=5000 config.nstreams=20000 avg_latency=0.9111 ms avg throuhgput (requests/sec) = 85.5178 res=false
*==== INFO ====* req_id_count= 5500 stream_id=21996 latency=0.865888 ms (tx_ts=157073896086523, rx_ts=157073896952411) request_id=286362 zil_blk_id=21996 ccf_commit_seqno=286363 nstreams_done_=5500 config.nstreams=20000 avg_latency=0.9102 ms avg throuhgput (requests/sec) = 85.5281 res=false
*==== INFO ====* req_id_count= 6000 stream_id=23996 latency=0.681284 ms (tx_ts=157079779742336, rx_ts=157079780423620) request_id=312699 zil_blk_id=23996 ccf_commit_seqno=312699 nstreams_done_=6000 config.nstreams=20000 avg_latency=0.9100 ms avg throuhgput (requests/sec) = 85.4825 res=false
*==== INFO ====* req_id_count= 6500 stream_id=25996 latency=0.999299 ms (tx_ts=157085611659639, rx_ts=157085612658938) request_id=338831 zil_blk_id=25996 ccf_commit_seqno=338832 nstreams_done_=6500 config.nstreams=20000 avg_latency=0.9085 ms avg throuhgput (requests/sec) = 85.5015 res=false
*==== INFO ====* req_id_count= 7000 stream_id=27996 latency=0.997767 ms (tx_ts=157091418982459, rx_ts=157091419980226) request_id=364842 zil_blk_id=27996 ccf_commit_seqno=364844 nstreams_done_=7000 config.nstreams=20000 avg_latency=0.9096 ms avg throuhgput (requests/sec) = 85.5439 res=false
*==== INFO ====* req_id_count= 7500 stream_id=29996 latency=0.861822 ms (tx_ts=157097278183905, rx_ts=157097279045727) request_id=391088 zil_blk_id=29996 ccf_commit_seqno=391088 nstreams_done_=7500 config.nstreams=20000 avg_latency=0.9083 ms avg throuhgput (requests/sec) = 85.5301 res=false
*==== INFO ====* req_id_count= 8000 stream_id=31996 latency=0.939936 ms (tx_ts=157103110198580, rx_ts=157103111138516) request_id=417144 zil_blk_id=31996 ccf_commit_seqno=417146 nstreams_done_=8000 config.nstreams=20000 avg_latency=0.9094 ms avg throuhgput (requests/sec) = 85.5427 res=false
*==== INFO ====* req_id_count= 8500 stream_id=33996 latency=0.859516 ms (tx_ts=157108933388553, rx_ts=157108934248069) request_id=443183 zil_blk_id=33996 ccf_commit_seqno=443184 nstreams_done_=8500 config.nstreams=20000 avg_latency=0.9099 ms avg throuhgput (requests/sec) = 85.5616 res=false
*==== INFO ====* req_id_count= 9000 stream_id=35996 latency=0.795637 ms (tx_ts=157114718424966, rx_ts=157114719220603) request_id=469072 zil_blk_id=35996 ccf_commit_seqno=469072 nstreams_done_=9000 config.nstreams=20000 avg_latency=0.9068 ms avg throuhgput (requests/sec) = 85.6094 res=false
*==== INFO ====* req_id_count= 9500 stream_id=37996 latency=0.977788 ms (tx_ts=157120516604388, rx_ts=157120517582176) request_id=494950 zil_blk_id=37996 ccf_commit_seqno=494950 nstreams_done_=9500 config.nstreams=20000 avg_latency=0.9077 ms avg throuhgput (requests/sec) = 85.6419 res=false
*==== INFO ====* req_id_count= 10000 stream_id=39996 latency=1.063539 ms (tx_ts=157126305205772, rx_ts=157126306269311) request_id=520828 zil_blk_id=39996 ccf_commit_seqno=520832 nstreams_done_=10000 config.nstreams=20000 avg_latency=0.9067 ms avg throuhgput (requests/sec) = 85.6783 res=false
*==== INFO ====* req_id_count= 10500 stream_id=41996 latency=0.750814 ms (tx_ts=157132072562533, rx_ts=157132073313347) request_id=546671 zil_blk_id=41996 ccf_commit_seqno=546671 nstreams_done_=10500 config.nstreams=20000 avg_latency=0.9051 ms avg throuhgput (requests/sec) = 85.7264 res=false
*==== INFO ====* req_id_count= 11000 stream_id=43996 latency=0.929558 ms (tx_ts=157137841790133, rx_ts=157137842719691) request_id=572585 zil_blk_id=43996 ccf_commit_seqno=572585 nstreams_done_=11000 config.nstreams=20000 avg_latency=0.9054 ms avg throuhgput (requests/sec) = 85.7686 res=false
*==== INFO ====* req_id_count= 11500 stream_id=45996 latency=0.707423 ms (tx_ts=157143635045865, rx_ts=157143635753288) request_id=598525 zil_blk_id=45996 ccf_commit_seqno=598525 nstreams_done_=11500 config.nstreams=20000 avg_latency=0.9056 ms avg throuhgput (requests/sec) = 85.7920 res=false
*==== INFO ====* req_id_count= 12000 stream_id=47996 latency=0.819853 ms (tx_ts=157149413347143, rx_ts=157149414166996) request_id=624427 zil_blk_id=47996 ccf_commit_seqno=624427 nstreams_done_=12000 config.nstreams=20000 avg_latency=0.9056 ms avg throuhgput (requests/sec) = 85.8225 res=false
*==== INFO ====* req_id_count= 12500 stream_id=49996 latency=0.793184 ms (tx_ts=157155184510503, rx_ts=157155185303687) request_id=650335 zil_blk_id=49996 ccf_commit_seqno=650336 nstreams_done_=12500 config.nstreams=20000 avg_latency=0.9044 ms avg throuhgput (requests/sec) = 85.8548 res=false
*==== INFO ====* req_id_count= 13000 stream_id=51996 latency=0.850591 ms (tx_ts=157160968504152, rx_ts=157160969354743) request_id=676278 zil_blk_id=51996 ccf_commit_seqno=676281 nstreams_done_=13000 config.nstreams=20000 avg_latency=0.9030 ms avg throuhgput (requests/sec) = 85.8773 res=false
*==== INFO ====* req_id_count= 13500 stream_id=53996 latency=0.695079 ms (tx_ts=157166737043721, rx_ts=157166737738800) request_id=702127 zil_blk_id=53996 ccf_commit_seqno=702127 nstreams_done_=13500 config.nstreams=20000 avg_latency=0.9024 ms avg throuhgput (requests/sec) = 85.9068 res=false
*==== INFO ====* req_id_count= 14000 stream_id=55996 latency=0.802902 ms (tx_ts=157172511226239, rx_ts=157172512029141) request_id=728041 zil_blk_id=55996 ccf_commit_seqno=728043 nstreams_done_=14000 config.nstreams=20000 avg_latency=0.9010 ms avg throuhgput (requests/sec) = 85.9310 res=false
*==== INFO ====* req_id_count= 14500 stream_id=57996 latency=0.830824 ms (tx_ts=157178315272997, rx_ts=157178316103821) request_id=753966 zil_blk_id=57996 ccf_commit_seqno=753966 nstreams_done_=14500 config.nstreams=20000 avg_latency=0.9022 ms avg throuhgput (requests/sec) = 85.9384 res=false
*==== INFO ====* req_id_count= 15000 stream_id=59996 latency=1.027382 ms (tx_ts=157184087800829, rx_ts=157184088828211) request_id=779829 zil_blk_id=59996 ccf_commit_seqno=779830 nstreams_done_=15000 config.nstreams=20000 avg_latency=0.9033 ms avg throuhgput (requests/sec) = 85.9608 res=false
*==== INFO ====* req_id_count= 15500 stream_id=61996 latency=0.899211 ms (tx_ts=157189872655574, rx_ts=157189873554785) request_id=805818 zil_blk_id=61996 ccf_commit_seqno=805820 nstreams_done_=15500 config.nstreams=20000 avg_latency=0.9035 ms avg throuhgput (requests/sec) = 85.9760 res=false
*==== INFO ====* req_id_count= 16000 stream_id=63996 latency=0.725628 ms (tx_ts=157195667101289, rx_ts=157195667826917) request_id=831752 zil_blk_id=63996 ccf_commit_seqno=831752 nstreams_done_=16000 config.nstreams=20000 avg_latency=0.9039 ms avg throuhgput (requests/sec) = 85.9858 res=false
*==== INFO ====* req_id_count= 16500 stream_id=65996 latency=0.681494 ms (tx_ts=157201454187210, rx_ts=157201454868704) request_id=857713 zil_blk_id=65996 ccf_commit_seqno=857713 nstreams_done_=16500 config.nstreams=20000 avg_latency=0.9031 ms avg throuhgput (requests/sec) = 85.9983 res=false
*==== INFO ====* req_id_count= 17000 stream_id=67996 latency=1.472322 ms (tx_ts=157207226254117, rx_ts=157207227726439) request_id=883658 zil_blk_id=67996 ccf_commit_seqno=883658 nstreams_done_=17000 config.nstreams=20000 avg_latency=0.9022 ms avg throuhgput (requests/sec) = 86.0162 res=false
*==== INFO ====* req_id_count= 17500 stream_id=69996 latency=0.677267 ms (tx_ts=157213009968215, rx_ts=157213010645482) request_id=909656 zil_blk_id=69996 ccf_commit_seqno=909656 nstreams_done_=17500 config.nstreams=20000 avg_latency=0.9013 ms avg throuhgput (requests/sec) = 86.0289 res=false
*==== INFO ====* req_id_count= 18000 stream_id=71996 latency=1.000181 ms (tx_ts=157218787882173, rx_ts=157218788882354) request_id=935572 zil_blk_id=71996 ccf_commit_seqno=935574 nstreams_done_=18000 config.nstreams=20000 avg_latency=0.9011 ms avg throuhgput (requests/sec) = 86.0428 res=false
*==== INFO ====* req_id_count= 18500 stream_id=73996 latency=0.661917 ms (tx_ts=157224570453133, rx_ts=157224571115050) request_id=961490 zil_blk_id=73996 ccf_commit_seqno=961490 nstreams_done_=18500 config.nstreams=20000 avg_latency=0.9009 ms avg throuhgput (requests/sec) = 86.0543 res=false
*==== INFO ====* req_id_count= 19000 stream_id=75996 latency=0.742388 ms (tx_ts=157230334315496, rx_ts=157230335057884) request_id=987417 zil_blk_id=75996 ccf_commit_seqno=987417 nstreams_done_=19000 config.nstreams=20000 avg_latency=0.8995 ms avg throuhgput (requests/sec) = 86.0724 res=false
*==== INFO ====* req_id_count= 19500 stream_id=77996 latency=0.939447 ms (tx_ts=157236134771289, rx_ts=157236135710736) request_id=1013057 zil_blk_id=77996 ccf_commit_seqno=1013057 nstreams_done_=19500 config.nstreams=20000 avg_latency=0.8997 ms avg throuhgput (requests/sec) = 86.0756 res=false
*==== INFO ====* http_end_stream ALL streams done! nstreams_done_=20000 avg_latency=0.8996 msreq_id_count= 20000
*==== INFO ====* req_id_count= 20000 stream_id=79996 latency=0.798264 ms (tx_ts=157241933179324, rx_ts=157241933977588) request_id=1032488 zil_blk_id=79996 ccf_commit_seqno=1032488 nstreams_done_=20000 config.nstreams=20000 avg_latency=0.8996 ms avg throuhgput (requests/sec) = 86.0795 res=true
