Uniform: 204366 979843 990165 469932 828952 
Exponential: -2147483648 -2147483648 -2147483648 -2147483648 -2147483648 
Truncated Normal: 276002 575210 258246 836242 402685 
*==== INFO ====* req_id_count= 500 stream_id=1996 latency=0.826936 ms (tx_ts=157015619155199, rx_ts=157015619982135) request_id=26333 zil_blk_id=1996 ccf_commit_seqno=26333 nstreams_done_=500 config.nstreams=20000 avg_latency=0.9721 ms avg throuhgput (requests/sec) = 83.0257 res=false
*==== INFO ====* req_id_count= 1000 stream_id=3996 latency=1.079700 ms (tx_ts=157021675991626, rx_ts=157021677071326) request_id=53250 zil_blk_id=3996 ccf_commit_seqno=53251 nstreams_done_=1000 config.nstreams=20000 avg_latency=0.9944 ms avg throuhgput (requests/sec) = 82.7861 res=false
*==== INFO ====* req_id_count= 1500 stream_id=5996 latency=1.046709 ms (tx_ts=157027698089849, rx_ts=157027699136558) request_id=80060 zil_blk_id=5996 ccf_commit_seqno=80060 nstreams_done_=1500 config.nstreams=20000 avg_latency=0.9855 ms avg throuhgput (requests/sec) = 82.8666 res=false
*==== INFO ====* req_id_count= 2000 stream_id=7996 latency=0.807717 ms (tx_ts=157033733518040, rx_ts=157033734325757) request_id=106913 zil_blk_id=7996 ccf_commit_seqno=106913 nstreams_done_=2000 config.nstreams=20000 avg_latency=0.9838 ms avg throuhgput (requests/sec) = 82.8618 res=false
*==== INFO ====* req_id_count= 2500 stream_id=9996 latency=0.893081 ms (tx_ts=157039748252604, rx_ts=157039749145685) request_id=133792 zil_blk_id=9996 ccf_commit_seqno=133792 nstreams_done_=2500 config.nstreams=20000 avg_latency=0.9822 ms avg throuhgput (requests/sec) = 82.9149 res=false
*==== INFO ====* req_id_count= 3000 stream_id=11996 latency=0.806186 ms (tx_ts=157045757799861, rx_ts=157045758606047) request_id=160642 zil_blk_id=11996 ccf_commit_seqno=160642 nstreams_done_=3000 config.nstreams=20000 avg_latency=0.9821 ms avg throuhgput (requests/sec) = 82.9626 res=false
*==== INFO ====* req_id_count= 3500 stream_id=13996 latency=0.754741 ms (tx_ts=157051768435561, rx_ts=157051769190302) request_id=187497 zil_blk_id=13996 ccf_commit_seqno=187498 nstreams_done_=3500 config.nstreams=20000 avg_latency=0.9840 ms avg throuhgput (requests/sec) = 82.9946 res=false
*==== INFO ====* req_id_count= 4000 stream_id=15996 latency=0.757877 ms (tx_ts=157057784148125, rx_ts=157057784906002) request_id=214338 zil_blk_id=15996 ccf_commit_seqno=214338 nstreams_done_=4000 config.nstreams=20000 avg_latency=0.9937 ms avg throuhgput (requests/sec) = 83.0097 res=false
*==== INFO ====* req_id_count= 4500 stream_id=17996 latency=1.032223 ms (tx_ts=157063751252279, rx_ts=157063752284502) request_id=240991 zil_blk_id=17996 ccf_commit_seqno=240993 nstreams_done_=4500 config.nstreams=20000 avg_latency=0.9924 ms avg throuhgput (requests/sec) = 83.0955 res=false
*==== INFO ====* req_id_count= 5000 stream_id=19996 latency=0.899752 ms (tx_ts=157069669612763, rx_ts=157069670512515) request_id=267483 zil_blk_id=19996 ccf_commit_seqno=267483 nstreams_done_=5000 config.nstreams=20000 avg_latency=0.9884 ms avg throuhgput (requests/sec) = 83.2324 res=false
*==== INFO ====* req_id_count= 5500 stream_id=21996 latency=0.952090 ms (tx_ts=157075621574998, rx_ts=157075622527088) request_id=294081 zil_blk_id=21996 ccf_commit_seqno=294082 nstreams_done_=5500 config.nstreams=20000 avg_latency=0.9892 ms avg throuhgput (requests/sec) = 83.3021 res=false
*==== INFO ====* req_id_count= 6000 stream_id=23996 latency=1.005941 ms (tx_ts=157081559507453, rx_ts=157081560513394) request_id=320679 zil_blk_id=23996 ccf_commit_seqno=320679 nstreams_done_=6000 config.nstreams=20000 avg_latency=0.9882 ms avg throuhgput (requests/sec) = 83.3765 res=false
*==== INFO ====* req_id_count= 6500 stream_id=25996 latency=1.029846 ms (tx_ts=157087495405055, rx_ts=157087496434901) request_id=347293 zil_blk_id=25996 ccf_commit_seqno=347294 nstreams_done_=6500 config.nstreams=20000 avg_latency=0.9853 ms avg throuhgput (requests/sec) = 83.4417 res=false
*==== INFO ====* req_id_count= 7000 stream_id=27996 latency=0.912476 ms (tx_ts=157093442353230, rx_ts=157093443265706) request_id=373911 zil_blk_id=27996 ccf_commit_seqno=373911 nstreams_done_=7000 config.nstreams=20000 avg_latency=0.9854 ms avg throuhgput (requests/sec) = 83.4869 res=false
*==== INFO ====* req_id_count= 7500 stream_id=29996 latency=0.997154 ms (tx_ts=157099383603500, rx_ts=157099384600654) request_id=400518 zil_blk_id=29996 ccf_commit_seqno=400519 nstreams_done_=7500 config.nstreams=20000 avg_latency=0.9845 ms avg throuhgput (requests/sec) = 83.5312 res=false
*==== INFO ====* req_id_count= 8000 stream_id=31996 latency=0.991299 ms (tx_ts=157105346825849, rx_ts=157105347817148) request_id=427120 zil_blk_id=31996 ccf_commit_seqno=427124 nstreams_done_=8000 config.nstreams=20000 avg_latency=0.9860 ms avg throuhgput (requests/sec) = 83.5509 res=false
*==== INFO ====* req_id_count= 8500 stream_id=33996 latency=0.758999 ms (tx_ts=157111264196430, rx_ts=157111264955429) request_id=453596 zil_blk_id=33996 ccf_commit_seqno=453596 nstreams_done_=8500 config.nstreams=20000 avg_latency=0.9849 ms avg throuhgput (requests/sec) = 83.6061 res=false
*==== INFO ====* req_id_count= 9000 stream_id=35996 latency=1.176019 ms (tx_ts=157117203019826, rx_ts=157117204195845) request_id=480217 zil_blk_id=35996 ccf_commit_seqno=480219 nstreams_done_=9000 config.nstreams=20000 avg_latency=0.9840 ms avg throuhgput (requests/sec) = 83.6381 res=false
*==== INFO ====* req_id_count= 9500 stream_id=37996 latency=0.743475 ms (tx_ts=157123163832127, rx_ts=157123164575602) request_id=506719 zil_blk_id=37996 ccf_commit_seqno=506719 nstreams_done_=9500 config.nstreams=20000 avg_latency=0.9885 ms avg throuhgput (requests/sec) = 83.6512 res=false
*==== INFO ====* req_id_count= 10000 stream_id=39996 latency=0.734774 ms (tx_ts=157129082466691, rx_ts=157129083201465) request_id=533250 zil_blk_id=39996 ccf_commit_seqno=533250 nstreams_done_=10000 config.nstreams=20000 avg_latency=0.9872 ms avg throuhgput (requests/sec) = 83.6922 res=false
*==== INFO ====* req_id_count= 10500 stream_id=41996 latency=0.968151 ms (tx_ts=157135007814406, rx_ts=157135008782557) request_id=559856 zil_blk_id=41996 ccf_commit_seqno=559856 nstreams_done_=10500 config.nstreams=20000 avg_latency=0.9865 ms avg throuhgput (requests/sec) = 83.7247 res=false
*==== INFO ====* req_id_count= 11000 stream_id=43996 latency=0.891064 ms (tx_ts=157140926359023, rx_ts=157140927250087) request_id=586430 zil_blk_id=43996 ccf_commit_seqno=586430 nstreams_done_=11000 config.nstreams=20000 avg_latency=0.9862 ms avg throuhgput (requests/sec) = 83.7588 res=false
*==== INFO ====* req_id_count= 11500 stream_id=45996 latency=0.889002 ms (tx_ts=157146869290071, rx_ts=157146870179073) request_id=613026 zil_blk_id=45996 ccf_commit_seqno=613026 nstreams_done_=11500 config.nstreams=20000 avg_latency=0.9850 ms avg throuhgput (requests/sec) = 83.7750 res=false
*==== INFO ====* req_id_count= 12000 stream_id=47996 latency=0.985763 ms (tx_ts=157152809893279, rx_ts=157152810879042) request_id=639683 zil_blk_id=47996 ccf_commit_seqno=639683 nstreams_done_=12000 config.nstreams=20000 avg_latency=0.9834 ms avg throuhgput (requests/sec) = 83.7912 res=false
*==== INFO ====* req_id_count= 12500 stream_id=49996 latency=0.890856 ms (tx_ts=157158745043538, rx_ts=157158745934394) request_id=666299 zil_blk_id=49996 ccf_commit_seqno=666299 nstreams_done_=12500 config.nstreams=20000 avg_latency=0.9824 ms avg throuhgput (requests/sec) = 83.8093 res=false
*==== INFO ====* req_id_count= 13000 stream_id=51996 latency=1.125164 ms (tx_ts=157164679713789, rx_ts=157164680838953) request_id=692924 zil_blk_id=51996 ccf_commit_seqno=692925 nstreams_done_=13000 config.nstreams=20000 avg_latency=0.9810 ms avg throuhgput (requests/sec) = 83.8260 res=false
*==== INFO ====* req_id_count= 13500 stream_id=53996 latency=0.820454 ms (tx_ts=157170636803625, rx_ts=157170637624079) request_id=719614 zil_blk_id=53996 ccf_commit_seqno=719614 nstreams_done_=13500 config.nstreams=20000 avg_latency=0.9806 ms avg throuhgput (requests/sec) = 83.8302 res=false
*==== INFO ====* req_id_count= 14000 stream_id=55996 latency=0.925050 ms (tx_ts=157176565466566, rx_ts=157176566391616) request_id=746119 zil_blk_id=55996 ccf_commit_seqno=746119 nstreams_done_=14000 config.nstreams=20000 avg_latency=0.9805 ms avg throuhgput (requests/sec) = 83.8481 res=false
*==== INFO ====* req_id_count= 14500 stream_id=57996 latency=0.736948 ms (tx_ts=157182494297796, rx_ts=157182495034744) request_id=772660 zil_blk_id=57996 ccf_commit_seqno=772660 nstreams_done_=14500 config.nstreams=20000 avg_latency=0.9806 ms avg throuhgput (requests/sec) = 83.8648 res=false
*==== INFO ====* req_id_count= 15000 stream_id=59996 latency=0.912086 ms (tx_ts=157188420876930, rx_ts=157188421789016) request_id=799311 zil_blk_id=59996 ccf_commit_seqno=799313 nstreams_done_=15000 config.nstreams=20000 avg_latency=0.9804 ms avg throuhgput (requests/sec) = 83.8813 res=false
*==== INFO ====* req_id_count= 15500 stream_id=61996 latency=1.025057 ms (tx_ts=157194374238121, rx_ts=157194375263178) request_id=825971 zil_blk_id=61996 ccf_commit_seqno=825971 nstreams_done_=15500 config.nstreams=20000 avg_latency=0.9806 ms avg throuhgput (requests/sec) = 83.8847 res=false
*==== INFO ====* req_id_count= 16000 stream_id=63996 latency=1.016150 ms (tx_ts=157200290874890, rx_ts=157200291891040) request_id=852493 zil_blk_id=63996 ccf_commit_seqno=852494 nstreams_done_=16000 config.nstreams=20000 avg_latency=0.9800 ms avg throuhgput (requests/sec) = 83.9040 res=false
*==== INFO ====* req_id_count= 16500 stream_id=65996 latency=0.767355 ms (tx_ts=157206193990994, rx_ts=157206194758349) request_id=879005 zil_blk_id=65996 ccf_commit_seqno=879005 nstreams_done_=16500 config.nstreams=20000 avg_latency=0.9794 ms avg throuhgput (requests/sec) = 83.9280 res=false
*==== INFO ====* req_id_count= 17000 stream_id=67996 latency=0.913942 ms (tx_ts=157212103689774, rx_ts=157212104603716) request_id=905584 zil_blk_id=67996 ccf_commit_seqno=905584 nstreams_done_=17000 config.nstreams=20000 avg_latency=0.9791 ms avg throuhgput (requests/sec) = 83.9478 res=false
*==== INFO ====* req_id_count= 17500 stream_id=69996 latency=0.890135 ms (tx_ts=157217995598241, rx_ts=157217996488376) request_id=932017 zil_blk_id=69996 ccf_commit_seqno=932018 nstreams_done_=17500 config.nstreams=20000 avg_latency=0.9791 ms avg throuhgput (requests/sec) = 83.9736 res=false
*==== INFO ====* req_id_count= 18000 stream_id=71996 latency=0.806779 ms (tx_ts=157223892742651, rx_ts=157223893549430) request_id=958442 zil_blk_id=71996 ccf_commit_seqno=958442 nstreams_done_=18000 config.nstreams=20000 avg_latency=0.9788 ms avg throuhgput (requests/sec) = 83.9960 res=false
*==== INFO ====* req_id_count= 18500 stream_id=73996 latency=0.891567 ms (tx_ts=157229763954979, rx_ts=157229764846546) request_id=984851 zil_blk_id=73996 ccf_commit_seqno=984851 nstreams_done_=18500 config.nstreams=20000 avg_latency=0.9782 ms avg throuhgput (requests/sec) = 84.0271 res=false
*==== INFO ====* req_id_count= 19000 stream_id=75996 latency=0.916434 ms (tx_ts=157235665109401, rx_ts=157235666025835) request_id=1011093 zil_blk_id=75996 ccf_commit_seqno=1011093 nstreams_done_=19000 config.nstreams=20000 avg_latency=0.9783 ms avg throuhgput (requests/sec) = 84.0454 res=false
*==== INFO ====* req_id_count= 19500 stream_id=77996 latency=0.741478 ms (tx_ts=157241560197790, rx_ts=157241560939268) request_id=1031664 zil_blk_id=77996 ccf_commit_seqno=1031664 nstreams_done_=19500 config.nstreams=20000 avg_latency=0.9770 ms avg throuhgput (requests/sec) = 84.0651 res=false
*==== INFO ====* http_end_stream ALL streams done! nstreams_done_=20000 avg_latency=0.9735 msreq_id_count= 20000
*==== INFO ====* req_id_count= 20000 stream_id=79996 latency=0.779208 ms (tx_ts=157247545440158, rx_ts=157247546219366) request_id=1039359 zil_blk_id=79996 ccf_commit_seqno=1039359 nstreams_done_=20000 config.nstreams=20000 avg_latency=0.9735 ms avg throuhgput (requests/sec) = 84.0518 res=true
