Uniform: 857767 855813 457572 675167 270389 
Exponential: -2147483648 -2147483648 -2147483648 -2147483648 -2147483648 
Truncated Normal: 332819 272315 202413 625481 390235 
*==== INFO ====* req_id_count= 500 stream_id=1996 latency=0.572291 ms (tx_ts=157015218689753, rx_ts=157015219262044) request_id=24593 zil_blk_id=619 ccf_commit_seqno=24593 nstreams_done_=500 config.nstreams=20000 avg_latency=0.6928 ms avg throuhgput (requests/sec) = 88.6030 res=false
*==== INFO ====* req_id_count= 1000 stream_id=3996 latency=0.543617 ms (tx_ts=157020931060361, rx_ts=157020931603978) request_id=49960 zil_blk_id=5954 ccf_commit_seqno=49960 nstreams_done_=1000 config.nstreams=20000 avg_latency=0.6825 ms avg throuhgput (requests/sec) = 88.0631 res=false
*==== INFO ====* req_id_count= 1500 stream_id=5996 latency=0.802682 ms (tx_ts=157026676825083, rx_ts=157026677627765) request_id=75544 zil_blk_id=11320 ccf_commit_seqno=75546 nstreams_done_=1500 config.nstreams=20000 avg_latency=0.6936 ms avg throuhgput (requests/sec) = 87.7115 res=false
*==== INFO ====* req_id_count= 2000 stream_id=7996 latency=0.623715 ms (tx_ts=157032423576780, rx_ts=157032424200495) request_id=101097 zil_blk_id=16686 ccf_commit_seqno=101097 nstreams_done_=2000 config.nstreams=20000 avg_latency=0.7052 ms avg throuhgput (requests/sec) = 87.5347 res=false
*==== INFO ====* req_id_count= 2500 stream_id=9996 latency=0.527738 ms (tx_ts=157037994154947, rx_ts=157037994682685) request_id=125981 zil_blk_id=21894 ccf_commit_seqno=125981 nstreams_done_=2500 config.nstreams=20000 avg_latency=0.7006 ms avg throuhgput (requests/sec) = 87.9706 res=false
*==== INFO ====* req_id_count= 3000 stream_id=11996 latency=0.583222 ms (tx_ts=157043713381943, rx_ts=157043713965165) request_id=151538 zil_blk_id=27229 ccf_commit_seqno=151538 nstreams_done_=3000 config.nstreams=20000 avg_latency=0.6993 ms avg throuhgput (requests/sec) = 87.8790 res=false
*==== INFO ====* req_id_count= 3500 stream_id=13996 latency=0.549087 ms (tx_ts=157049346823208, rx_ts=157049347372295) request_id=176696 zil_blk_id=32482 ccf_commit_seqno=176696 nstreams_done_=3500 config.nstreams=20000 avg_latency=0.6987 ms avg throuhgput (requests/sec) = 88.0032 res=false
*==== INFO ====* req_id_count= 4000 stream_id=15996 latency=0.859377 ms (tx_ts=157054908884312, rx_ts=157054909743689) request_id=201523 zil_blk_id=37680 ccf_commit_seqno=201524 nstreams_done_=4000 config.nstreams=20000 avg_latency=0.6993 ms avg throuhgput (requests/sec) = 88.2347 res=false
*==== INFO ====* req_id_count= 4500 stream_id=17996 latency=0.602466 ms (tx_ts=157060628370905, rx_ts=157060628973371) request_id=227071 zil_blk_id=43021 ccf_commit_seqno=227071 nstreams_done_=4500 config.nstreams=20000 avg_latency=0.6994 ms avg throuhgput (requests/sec) = 88.1439 res=false
*==== INFO ====* req_id_count= 5000 stream_id=19996 latency=0.797229 ms (tx_ts=157066355971277, rx_ts=157066356768506) request_id=252679 zil_blk_id=48362 ccf_commit_seqno=252679 nstreams_done_=5000 config.nstreams=20000 avg_latency=0.6987 ms avg throuhgput (requests/sec) = 88.0582 res=false
*==== INFO ====* req_id_count= 5500 stream_id=21996 latency=0.763187 ms (tx_ts=157072073558391, rx_ts=157072074321578) request_id=278242 zil_blk_id=53703 ccf_commit_seqno=278243 nstreams_done_=5500 config.nstreams=20000 avg_latency=0.6985 ms avg throuhgput (requests/sec) = 88.0025 res=false
*==== INFO ====* req_id_count= 6000 stream_id=23996 latency=0.732991 ms (tx_ts=157077822090968, rx_ts=157077822823959) request_id=303929 zil_blk_id=59072 ccf_commit_seqno=303930 nstreams_done_=6000 config.nstreams=20000 avg_latency=0.7004 ms avg throuhgput (requests/sec) = 87.9163 res=false
*==== INFO ====* req_id_count= 6500 stream_id=25996 latency=0.729254 ms (tx_ts=157083540644030, rx_ts=157083541373284) request_id=329564 zil_blk_id=64417 ccf_commit_seqno=329569 nstreams_done_=6500 config.nstreams=20000 avg_latency=0.6996 ms avg throuhgput (requests/sec) = 87.8791 res=false
*==== INFO ====* req_id_count= 7000 stream_id=27996 latency=0.535773 ms (tx_ts=157089252978192, rx_ts=157089253513965) request_id=355157 zil_blk_id=69774 ccf_commit_seqno=355157 nstreams_done_=7000 config.nstreams=20000 avg_latency=0.6979 ms avg throuhgput (requests/sec) = 87.8543 res=false
*==== INFO ====* req_id_count= 7500 stream_id=29996 latency=0.597657 ms (tx_ts=157094924062080, rx_ts=157094924659737) request_id=380558 zil_blk_id=75096 ccf_commit_seqno=380558 nstreams_done_=7500 config.nstreams=20000 avg_latency=0.6975 ms avg throuhgput (requests/sec) = 87.8750 res=false
*==== INFO ====* req_id_count= 8000 stream_id=31996 latency=0.698346 ms (tx_ts=157100609904005, rx_ts=157100610602351) request_id=406009 zil_blk_id=80433 ccf_commit_seqno=406009 nstreams_done_=8000 config.nstreams=20000 avg_latency=0.6980 ms avg throuhgput (requests/sec) = 87.8788 res=false
*==== INFO ====* req_id_count= 8500 stream_id=33996 latency=3.762832 ms (tx_ts=157106344968039, rx_ts=157106348730871) request_id=431595 zil_blk_id=85817 ccf_commit_seqno=431600 nstreams_done_=8500 config.nstreams=20000 avg_latency=0.6992 ms avg throuhgput (requests/sec) = 87.8348 res=false
*==== INFO ====* req_id_count= 9000 stream_id=35996 latency=0.741617 ms (tx_ts=157112079425454, rx_ts=157112080167071) request_id=457260 zil_blk_id=91196 ccf_commit_seqno=457260 nstreams_done_=9000 config.nstreams=20000 avg_latency=0.7011 ms avg throuhgput (requests/sec) = 87.8014 res=false
*==== INFO ====* req_id_count= 9500 stream_id=37996 latency=0.761935 ms (tx_ts=157117785317086, rx_ts=157117786079021) request_id=482738 zil_blk_id=96546 ccf_commit_seqno=482738 nstreams_done_=9500 config.nstreams=20000 avg_latency=0.7042 ms avg throuhgput (requests/sec) = 87.7923 res=false
*==== INFO ====* req_id_count= 10000 stream_id=39996 latency=0.647290 ms (tx_ts=157123546413476, rx_ts=157123547060766) request_id=508444 zil_blk_id=101951 ccf_commit_seqno=508445 nstreams_done_=10000 config.nstreams=20000 avg_latency=0.7064 ms avg throuhgput (requests/sec) = 87.7417 res=false
*==== INFO ====* req_id_count= 10500 stream_id=41996 latency=0.703450 ms (tx_ts=157129173153865, rx_ts=157129173857315) request_id=533657 zil_blk_id=107229 ccf_commit_seqno=533659 nstreams_done_=10500 config.nstreams=20000 avg_latency=0.7059 ms avg throuhgput (requests/sec) = 87.7943 res=false
*==== INFO ====* req_id_count= 11000 stream_id=43996 latency=0.817439 ms (tx_ts=157134709463015, rx_ts=157134710280454) request_id=558515 zil_blk_id=112421 ccf_commit_seqno=558516 nstreams_done_=11000 config.nstreams=20000 avg_latency=0.7056 ms avg throuhgput (requests/sec) = 87.9056 res=false
*==== INFO ====* req_id_count= 11500 stream_id=45996 latency=0.597488 ms (tx_ts=157140359338146, rx_ts=157140359935634) request_id=583895 zil_blk_id=117720 ccf_commit_seqno=583895 nstreams_done_=11500 config.nstreams=20000 avg_latency=0.7049 ms avg throuhgput (requests/sec) = 87.9314 res=false
*==== INFO ====* req_id_count= 12000 stream_id=47996 latency=0.831765 ms (tx_ts=157146079478884, rx_ts=157146080310649) request_id=609482 zil_blk_id=123084 ccf_commit_seqno=609484 nstreams_done_=12000 config.nstreams=20000 avg_latency=0.7045 ms avg throuhgput (requests/sec) = 87.9094 res=false
*==== INFO ====* req_id_count= 12500 stream_id=49996 latency=0.711982 ms (tx_ts=157151791746905, rx_ts=157151792458887) request_id=635115 zil_blk_id=128446 ccf_commit_seqno=635120 nstreams_done_=12500 config.nstreams=20000 avg_latency=0.7040 ms avg throuhgput (requests/sec) = 87.8943 res=false
*==== INFO ====* req_id_count= 13000 stream_id=51996 latency=0.635719 ms (tx_ts=157157513474065, rx_ts=157157514109784) request_id=660769 zil_blk_id=133815 ccf_commit_seqno=660770 nstreams_done_=13000 config.nstreams=20000 avg_latency=0.7031 ms avg throuhgput (requests/sec) = 87.8747 res=false
*==== INFO ====* req_id_count= 13500 stream_id=53996 latency=0.490647 ms (tx_ts=157163231671821, rx_ts=157163232162468) request_id=686415 zil_blk_id=139181 ccf_commit_seqno=686416 nstreams_done_=13500 config.nstreams=20000 avg_latency=0.7018 ms avg throuhgput (requests/sec) = 87.8586 res=false
*==== INFO ====* req_id_count= 14000 stream_id=55996 latency=0.549467 ms (tx_ts=157168947997790, rx_ts=157168948547257) request_id=712031 zil_blk_id=144546 ccf_commit_seqno=712031 nstreams_done_=14000 config.nstreams=20000 avg_latency=0.7022 ms avg throuhgput (requests/sec) = 87.8445 res=false
*==== INFO ====* req_id_count= 14500 stream_id=57996 latency=0.782163 ms (tx_ts=157174680406841, rx_ts=157174681189004) request_id=737755 zil_blk_id=149923 ccf_commit_seqno=737755 nstreams_done_=14500 config.nstreams=20000 avg_latency=0.7027 ms avg throuhgput (requests/sec) = 87.8229 res=false
*==== INFO ====* req_id_count= 15000 stream_id=59996 latency=0.791709 ms (tx_ts=157180433762638, rx_ts=157180434554347) request_id=763447 zil_blk_id=155322 ccf_commit_seqno=763449 nstreams_done_=15000 config.nstreams=20000 avg_latency=0.7043 ms avg throuhgput (requests/sec) = 87.7920 res=false
*==== INFO ====* req_id_count= 15500 stream_id=61996 latency=1.288590 ms (tx_ts=157185967094155, rx_ts=157185968382745) request_id=788281 zil_blk_id=160512 ccf_commit_seqno=788281 nstreams_done_=15500 config.nstreams=20000 avg_latency=0.7038 ms avg throuhgput (requests/sec) = 87.8723 res=false
*==== INFO ====* req_id_count= 16000 stream_id=63996 latency=0.584375 ms (tx_ts=157191502314243, rx_ts=157191502898618) request_id=813127 zil_blk_id=165704 ccf_commit_seqno=813127 nstreams_done_=16000 config.nstreams=20000 avg_latency=0.7032 ms avg throuhgput (requests/sec) = 87.9475 res=false
*==== INFO ====* req_id_count= 16500 stream_id=65996 latency=0.646929 ms (tx_ts=157197233585972, rx_ts=157197234232901) request_id=838787 zil_blk_id=171074 ccf_commit_seqno=838788 nstreams_done_=16500 config.nstreams=20000 avg_latency=0.7036 ms avg throuhgput (requests/sec) = 87.9259 res=false
*==== INFO ====* req_id_count= 17000 stream_id=67996 latency=1.191188 ms (tx_ts=157202925344712, rx_ts=157202926535900) request_id=864325 zil_blk_id=176409 ccf_commit_seqno=864326 nstreams_done_=17000 config.nstreams=20000 avg_latency=0.7037 ms avg throuhgput (requests/sec) = 87.9233 res=false
*==== INFO ====* req_id_count= 17500 stream_id=69996 latency=0.915913 ms (tx_ts=157208656848218, rx_ts=157208657764131) request_id=890093 zil_blk_id=181781 ccf_commit_seqno=890096 nstreams_done_=17500 config.nstreams=20000 avg_latency=0.7029 ms avg throuhgput (requests/sec) = 87.9036 res=false
*==== INFO ====* req_id_count= 18000 stream_id=71996 latency=0.677638 ms (tx_ts=157214368093466, rx_ts=157214368771104) request_id=915721 zil_blk_id=187136 ccf_commit_seqno=915722 nstreams_done_=18000 config.nstreams=20000 avg_latency=0.7032 ms avg throuhgput (requests/sec) = 87.8938 res=false
*==== INFO ====* req_id_count= 18500 stream_id=73996 latency=0.543296 ms (tx_ts=157220087367756, rx_ts=157220087911052) request_id=941378 zil_blk_id=192502 ccf_commit_seqno=941379 nstreams_done_=18500 config.nstreams=20000 avg_latency=0.7036 ms avg throuhgput (requests/sec) = 87.8811 res=false
*==== INFO ====* req_id_count= 19000 stream_id=75996 latency=0.810546 ms (tx_ts=157225807700541, rx_ts=157225808511087) request_id=967053 zil_blk_id=197868 ccf_commit_seqno=967055 nstreams_done_=19000 config.nstreams=20000 avg_latency=0.7037 ms avg throuhgput (requests/sec) = 87.8684 res=false
*==== INFO ====* req_id_count= 19500 stream_id=77996 latency=0.753790 ms (tx_ts=157231385879366, rx_ts=157231386633156) request_id=992147 zil_blk_id=203104 ccf_commit_seqno=992148 nstreams_done_=19500 config.nstreams=20000 avg_latency=0.7030 ms avg throuhgput (requests/sec) = 87.9129 res=false
*==== INFO ====* http_end_stream ALL streams done! nstreams_done_=20000 avg_latency=0.7031 msreq_id_count= 20000
*==== INFO ====* req_id_count= 20000 stream_id=79996 latency=0.678720 ms (tx_ts=157237075880720, rx_ts=157237076559440) request_id=1016936 zil_blk_id=208434 ccf_commit_seqno=1016936 nstreams_done_=20000 config.nstreams=20000 avg_latency=0.7031 ms avg throuhgput (requests/sec) = 87.9119 res=true
