Uniform: 408930 534240 70167 346137 629908 
Exponential: -2147483648 -2147483648 -2147483648 -2147483648 -2147483648 
Truncated Normal: 457447 533680 130667 403617 404844 
*==== INFO ====* req_id_count= 500 stream_id=1996 latency=0.796139 ms (tx_ts=157015405055857, rx_ts=157015405851996) request_id=25411 zil_blk_id=1996 ccf_commit_seqno=25412 nstreams_done_=500 config.nstreams=20000 avg_latency=0.7781 ms avg throuhgput (requests/sec) = 85.7755 res=false
*==== INFO ====* req_id_count= 1000 stream_id=3996 latency=0.705339 ms (tx_ts=157021263349099, rx_ts=157021264054438) request_id=51424 zil_blk_id=3996 ccf_commit_seqno=51424 nstreams_done_=1000 config.nstreams=20000 avg_latency=0.7706 ms avg throuhgput (requests/sec) = 85.5624 res=false
*==== INFO ====* req_id_count= 1500 stream_id=5996 latency=0.602367 ms (tx_ts=157027117096750, rx_ts=157027117699117) request_id=77496 zil_blk_id=5996 ccf_commit_seqno=77496 nstreams_done_=1500 config.nstreams=20000 avg_latency=0.7736 ms avg throuhgput (requests/sec) = 85.5139 res=false
*==== INFO ====* req_id_count= 2000 stream_id=7996 latency=0.602478 ms (tx_ts=157032896019488, rx_ts=157032896621966) request_id=103185 zil_blk_id=7996 ccf_commit_seqno=103185 nstreams_done_=2000 config.nstreams=20000 avg_latency=0.7788 ms avg throuhgput (requests/sec) = 85.7635 res=false
*==== INFO ====* req_id_count= 2500 stream_id=9996 latency=0.934168 ms (tx_ts=157038659558345, rx_ts=157038660492513) request_id=128946 zil_blk_id=9996 ccf_commit_seqno=128947 nstreams_done_=2500 config.nstreams=20000 avg_latency=0.7755 ms avg throuhgput (requests/sec) = 85.9585 res=false
*==== INFO ====* req_id_count= 3000 stream_id=11996 latency=0.850701 ms (tx_ts=157044424505982, rx_ts=157044425356683) request_id=154706 zil_blk_id=11996 ccf_commit_seqno=154706 nstreams_done_=3000 config.nstreams=20000 avg_latency=0.7723 ms avg throuhgput (requests/sec) = 86.0865 res=false
*==== INFO ====* req_id_count= 3500 stream_id=13996 latency=0.871651 ms (tx_ts=157050222692367, rx_ts=157050223564018) request_id=180598 zil_blk_id=13996 ccf_commit_seqno=180602 nstreams_done_=3500 config.nstreams=20000 avg_latency=0.7757 ms avg throuhgput (requests/sec) = 86.1075 res=false
*==== INFO ====* req_id_count= 4000 stream_id=15996 latency=0.664142 ms (tx_ts=157056004826227, rx_ts=157056005490369) request_id=206417 zil_blk_id=15996 ccf_commit_seqno=206418 nstreams_done_=4000 config.nstreams=20000 avg_latency=0.7758 ms avg throuhgput (requests/sec) = 86.1534 res=false
*==== INFO ====* req_id_count= 4500 stream_id=17996 latency=0.655835 ms (tx_ts=157061765223385, rx_ts=157061765879220) request_id=232157 zil_blk_id=17996 ccf_commit_seqno=232157 nstreams_done_=4500 config.nstreams=20000 avg_latency=0.7729 ms avg throuhgput (requests/sec) = 86.2247 res=false
*==== INFO ====* req_id_count= 5000 stream_id=19996 latency=0.620631 ms (tx_ts=157067549887673, rx_ts=157067550508304) request_id=258016 zil_blk_id=19996 ccf_commit_seqno=258016 nstreams_done_=5000 config.nstreams=20000 avg_latency=0.7723 ms avg throuhgput (requests/sec) = 86.2458 res=false
*==== INFO ====* req_id_count= 5500 stream_id=21996 latency=1.028032 ms (tx_ts=157073344395670, rx_ts=157073345423702) request_id=283890 zil_blk_id=21996 ccf_commit_seqno=283890 nstreams_done_=5500 config.nstreams=20000 avg_latency=0.7741 ms avg throuhgput (requests/sec) = 86.2492 res=false
*==== INFO ====* req_id_count= 6000 stream_id=23996 latency=0.785228 ms (tx_ts=157079125837014, rx_ts=157079126622242) request_id=309768 zil_blk_id=23996 ccf_commit_seqno=309768 nstreams_done_=6000 config.nstreams=20000 avg_latency=0.7717 ms avg throuhgput (requests/sec) = 86.2689 res=false
*==== INFO ====* req_id_count= 6500 stream_id=25996 latency=0.980774 ms (tx_ts=157084910790066, rx_ts=157084911770840) request_id=335697 zil_blk_id=25996 ccf_commit_seqno=335698 nstreams_done_=6500 config.nstreams=20000 avg_latency=0.7697 ms avg throuhgput (requests/sec) = 86.2812 res=false
*==== INFO ====* req_id_count= 7000 stream_id=27996 latency=0.838969 ms (tx_ts=157090688631706, rx_ts=157090689470675) request_id=361584 zil_blk_id=27996 ccf_commit_seqno=361585 nstreams_done_=7000 config.nstreams=20000 avg_latency=0.7689 ms avg throuhgput (requests/sec) = 86.2996 res=false
*==== INFO ====* req_id_count= 7500 stream_id=29996 latency=0.837977 ms (tx_ts=157096471414335, rx_ts=157096472252312) request_id=387479 zil_blk_id=29996 ccf_commit_seqno=387481 nstreams_done_=7500 config.nstreams=20000 avg_latency=0.7696 ms avg throuhgput (requests/sec) = 86.3105 res=false
*==== INFO ====* req_id_count= 8000 stream_id=31996 latency=0.628825 ms (tx_ts=157102242308864, rx_ts=157102242937689) request_id=413262 zil_blk_id=31996 ccf_commit_seqno=413264 nstreams_done_=8000 config.nstreams=20000 avg_latency=0.7698 ms avg throuhgput (requests/sec) = 86.3313 res=false
*==== INFO ====* req_id_count= 8500 stream_id=33996 latency=0.547772 ms (tx_ts=157108042292973, rx_ts=157108042840745) request_id=439210 zil_blk_id=33996 ccf_commit_seqno=439210 nstreams_done_=8500 config.nstreams=20000 avg_latency=0.7713 ms avg throuhgput (requests/sec) = 86.3241 res=false
*==== INFO ====* req_id_count= 9000 stream_id=35996 latency=0.832166 ms (tx_ts=157113831152709, rx_ts=157113831984875) request_id=465091 zil_blk_id=35996 ccf_commit_seqno=465094 nstreams_done_=9000 config.nstreams=20000 avg_latency=0.7714 ms avg throuhgput (requests/sec) = 86.3265 res=false
*==== INFO ====* req_id_count= 9500 stream_id=37996 latency=0.709597 ms (tx_ts=157119614952686, rx_ts=157119615662283) request_id=490930 zil_blk_id=37996 ccf_commit_seqno=490931 nstreams_done_=9500 config.nstreams=20000 avg_latency=0.7724 ms avg throuhgput (requests/sec) = 86.3330 res=false
*==== INFO ====* req_id_count= 10000 stream_id=39996 latency=0.832817 ms (tx_ts=157125418704436, rx_ts=157125419537253) request_id=516854 zil_blk_id=39996 ccf_commit_seqno=516854 nstreams_done_=10000 config.nstreams=20000 avg_latency=0.7746 ms avg throuhgput (requests/sec) = 86.3238 res=false
*==== INFO ====* req_id_count= 10500 stream_id=41996 latency=0.644796 ms (tx_ts=157131191097305, rx_ts=157131191742101) request_id=542715 zil_blk_id=41996 ccf_commit_seqno=542715 nstreams_done_=10500 config.nstreams=20000 avg_latency=0.7744 ms avg throuhgput (requests/sec) = 86.3380 res=false
*==== INFO ====* req_id_count= 11000 stream_id=43996 latency=0.576538 ms (tx_ts=157136934765623, rx_ts=157136935342161) request_id=568501 zil_blk_id=43996 ccf_commit_seqno=568501 nstreams_done_=11000 config.nstreams=20000 avg_latency=0.7726 ms avg throuhgput (requests/sec) = 86.3703 res=false
*==== INFO ====* req_id_count= 11500 stream_id=45996 latency=0.683959 ms (tx_ts=157142683347298, rx_ts=157142684031257) request_id=594304 zil_blk_id=45996 ccf_commit_seqno=594304 nstreams_done_=11500 config.nstreams=20000 avg_latency=0.7711 ms avg throuhgput (requests/sec) = 86.3964 res=false
*==== INFO ====* req_id_count= 12000 stream_id=47996 latency=0.626681 ms (tx_ts=157148475509011, rx_ts=157148476135692) request_id=620212 zil_blk_id=47996 ccf_commit_seqno=620212 nstreams_done_=12000 config.nstreams=20000 avg_latency=0.7717 ms avg throuhgput (requests/sec) = 86.3934 res=false
*==== INFO ====* req_id_count= 12500 stream_id=49996 latency=0.815836 ms (tx_ts=157154246638318, rx_ts=157154247454154) request_id=646130 zil_blk_id=49996 ccf_commit_seqno=646133 nstreams_done_=12500 config.nstreams=20000 avg_latency=0.7701 ms avg throuhgput (requests/sec) = 86.4031 res=false
*==== INFO ====* req_id_count= 13000 stream_id=51996 latency=0.603789 ms (tx_ts=157160015580490, rx_ts=157160016184279) request_id=671996 zil_blk_id=51996 ccf_commit_seqno=671996 nstreams_done_=13000 config.nstreams=20000 avg_latency=0.7692 ms avg throuhgput (requests/sec) = 86.4135 res=false
*==== INFO ====* req_id_count= 13500 stream_id=53996 latency=0.775770 ms (tx_ts=157165788117885, rx_ts=157165788893655) request_id=697879 zil_blk_id=53996 ccf_commit_seqno=697879 nstreams_done_=13500 config.nstreams=20000 avg_latency=0.7686 ms avg throuhgput (requests/sec) = 86.4209 res=false
*==== INFO ====* req_id_count= 14000 stream_id=55996 latency=0.631461 ms (tx_ts=157171558970143, rx_ts=157171559601604) request_id=723759 zil_blk_id=55996 ccf_commit_seqno=723759 nstreams_done_=14000 config.nstreams=20000 avg_latency=0.7687 ms avg throuhgput (requests/sec) = 86.4289 res=false
*==== INFO ====* req_id_count= 14500 stream_id=57996 latency=0.865539 ms (tx_ts=157177371518108, rx_ts=157177372383647) request_id=749731 zil_blk_id=57996 ccf_commit_seqno=749732 nstreams_done_=14500 config.nstreams=20000 avg_latency=0.7697 ms avg throuhgput (requests/sec) = 86.4146 res=false
*==== INFO ====* req_id_count= 15000 stream_id=59996 latency=0.714266 ms (tx_ts=157183151808395, rx_ts=157183152522661) request_id=775608 zil_blk_id=59996 ccf_commit_seqno=775609 nstreams_done_=15000 config.nstreams=20000 avg_latency=0.7700 ms avg throuhgput (requests/sec) = 86.4176 res=false
*==== INFO ====* req_id_count= 15500 stream_id=61996 latency=0.889433 ms (tx_ts=157188916287619, rx_ts=157188917177052) request_id=801516 zil_blk_id=61996 ccf_commit_seqno=801516 nstreams_done_=15500 config.nstreams=20000 avg_latency=0.7691 ms avg throuhgput (requests/sec) = 86.4278 res=false
*==== INFO ====* req_id_count= 16000 stream_id=63996 latency=0.697254 ms (tx_ts=157194679990984, rx_ts=157194680688238) request_id=827345 zil_blk_id=63996 ccf_commit_seqno=827345 nstreams_done_=16000 config.nstreams=20000 avg_latency=0.7695 ms avg throuhgput (requests/sec) = 86.4379 res=false
*==== INFO ====* req_id_count= 16500 stream_id=65996 latency=0.596525 ms (tx_ts=157200474242136, rx_ts=157200474838661) request_id=853316 zil_blk_id=65996 ccf_commit_seqno=853316 nstreams_done_=16500 config.nstreams=20000 avg_latency=0.7701 ms avg throuhgput (requests/sec) = 86.4335 res=false
*==== INFO ====* req_id_count= 17000 stream_id=67996 latency=0.627513 ms (tx_ts=157206241275650, rx_ts=157206241903163) request_id=879222 zil_blk_id=67996 ccf_commit_seqno=879222 nstreams_done_=17000 config.nstreams=20000 avg_latency=0.7699 ms avg throuhgput (requests/sec) = 86.4413 res=false
*==== INFO ====* req_id_count= 17500 stream_id=69996 latency=0.740785 ms (tx_ts=157212026097284, rx_ts=157212026838069) request_id=905234 zil_blk_id=69996 ccf_commit_seqno=905234 nstreams_done_=17500 config.nstreams=20000 avg_latency=0.7696 ms avg throuhgput (requests/sec) = 86.4410 res=false
*==== INFO ====* req_id_count= 18000 stream_id=71996 latency=0.669011 ms (tx_ts=157217791357149, rx_ts=157217792026160) request_id=931099 zil_blk_id=71996 ccf_commit_seqno=931099 nstreams_done_=18000 config.nstreams=20000 avg_latency=0.7693 ms avg throuhgput (requests/sec) = 86.4490 res=false
*==== INFO ====* req_id_count= 18500 stream_id=73996 latency=0.807389 ms (tx_ts=157223560102402, rx_ts=157223560909791) request_id=956956 zil_blk_id=73996 ccf_commit_seqno=956956 nstreams_done_=18500 config.nstreams=20000 avg_latency=0.7689 ms avg throuhgput (requests/sec) = 86.4550 res=false
*==== INFO ====* req_id_count= 19000 stream_id=75996 latency=0.747458 ms (tx_ts=157229327894880, rx_ts=157229328642338) request_id=982890 zil_blk_id=75996 ccf_commit_seqno=982891 nstreams_done_=19000 config.nstreams=20000 avg_latency=0.7686 ms avg throuhgput (requests/sec) = 86.4611 res=false
*==== INFO ====* req_id_count= 19500 stream_id=77996 latency=0.602827 ms (tx_ts=157235116929322, rx_ts=157235117532149) request_id=1008764 zil_blk_id=77996 ccf_commit_seqno=1008764 nstreams_done_=19500 config.nstreams=20000 avg_latency=0.7691 ms avg throuhgput (requests/sec) = 86.4588 res=false
*==== INFO ====* http_end_stream ALL streams done! nstreams_done_=20000 avg_latency=0.7682 msreq_id_count= 20000
*==== INFO ====* req_id_count= 20000 stream_id=79996 latency=0.685102 ms (tx_ts=157240873855150, rx_ts=157240874540252) request_id=1030093 zil_blk_id=79996 ccf_commit_seqno=1030093 nstreams_done_=20000 config.nstreams=20000 avg_latency=0.7682 ms avg throuhgput (requests/sec) = 86.4686 res=true
