Uniform: 90451 725525 592855 594154 663996 
Exponential: -2147483648 -2147483648 -2147483648 -2147483648 -2147483648 
Truncated Normal: 440068 781702 54912 439441 622660 
*==== INFO ====* req_id_count= 500 stream_id=1996 latency=0.836434 ms (tx_ts=157015393576285, rx_ts=157015394412719) request_id=25365 zil_blk_id=1996 ccf_commit_seqno=25366 nstreams_done_=500 config.nstreams=20000 avg_latency=0.7658 ms avg throuhgput (requests/sec) = 85.9641 res=false
*==== INFO ====* req_id_count= 1000 stream_id=3996 latency=0.587911 ms (tx_ts=157021179122002, rx_ts=157021179709913) request_id=51059 zil_blk_id=3996 ccf_commit_seqno=51059 nstreams_done_=1000 config.nstreams=20000 avg_latency=0.7671 ms avg throuhgput (requests/sec) = 86.1944 res=false
*==== INFO ====* req_id_count= 1500 stream_id=5996 latency=0.557122 ms (tx_ts=157026984649234, rx_ts=157026985206356) request_id=76907 zil_blk_id=5996 ccf_commit_seqno=76907 nstreams_done_=1500 config.nstreams=20000 avg_latency=0.7760 ms avg throuhgput (requests/sec) = 86.1714 res=false
*==== INFO ====* req_id_count= 2000 stream_id=7996 latency=0.579836 ms (tx_ts=157032764884135, rx_ts=157032765463971) request_id=102611 zil_blk_id=7996 ccf_commit_seqno=102611 nstreams_done_=2000 config.nstreams=20000 avg_latency=0.7726 ms avg throuhgput (requests/sec) = 86.2536 res=false
*==== INFO ====* req_id_count= 2500 stream_id=9996 latency=0.557413 ms (tx_ts=157038531200417, rx_ts=157038531757830) request_id=128376 zil_blk_id=9996 ccf_commit_seqno=128376 nstreams_done_=2500 config.nstreams=20000 avg_latency=0.7664 ms avg throuhgput (requests/sec) = 86.3447 res=false
*==== INFO ====* req_id_count= 3000 stream_id=11996 latency=0.562677 ms (tx_ts=157044286292418, rx_ts=157044286855095) request_id=154088 zil_blk_id=11996 ccf_commit_seqno=154088 nstreams_done_=3000 config.nstreams=20000 avg_latency=0.7630 ms avg throuhgput (requests/sec) = 86.4333 res=false
*==== INFO ====* req_id_count= 3500 stream_id=13996 latency=0.809043 ms (tx_ts=157050065928742, rx_ts=157050066737785) request_id=179907 zil_blk_id=13996 ccf_commit_seqno=179908 nstreams_done_=3500 config.nstreams=20000 avg_latency=0.7621 ms avg throuhgput (requests/sec) = 86.4439 res=false
*==== INFO ====* req_id_count= 4000 stream_id=15996 latency=0.579464 ms (tx_ts=157055830456193, rx_ts=157055831035657) request_id=205644 zil_blk_id=15996 ccf_commit_seqno=205644 nstreams_done_=4000 config.nstreams=20000 avg_latency=0.7632 ms avg throuhgput (requests/sec) = 86.4809 res=false
*==== INFO ====* req_id_count= 4500 stream_id=17996 latency=0.816976 ms (tx_ts=157061610395595, rx_ts=157061611212571) request_id=231465 zil_blk_id=17996 ccf_commit_seqno=231466 nstreams_done_=4500 config.nstreams=20000 avg_latency=0.7635 ms avg throuhgput (requests/sec) = 86.4833 res=false
*==== INFO ====* req_id_count= 5000 stream_id=19996 latency=0.910412 ms (tx_ts=157067373709221, rx_ts=157067374619633) request_id=257231 zil_blk_id=19996 ccf_commit_seqno=257232 nstreams_done_=5000 config.nstreams=20000 avg_latency=0.7658 ms avg throuhgput (requests/sec) = 86.5103 res=false
*==== INFO ====* req_id_count= 5500 stream_id=21996 latency=0.820063 ms (tx_ts=157073110621609, rx_ts=157073111441672) request_id=282845 zil_blk_id=21996 ccf_commit_seqno=282847 nstreams_done_=5500 config.nstreams=20000 avg_latency=0.7661 ms avg throuhgput (requests/sec) = 86.5686 res=false
*==== INFO ====* req_id_count= 6000 stream_id=23996 latency=0.744763 ms (tx_ts=157078846355803, rx_ts=157078847100566) request_id=308529 zil_blk_id=23996 ccf_commit_seqno=308529 nstreams_done_=6000 config.nstreams=20000 avg_latency=0.7638 ms avg throuhgput (requests/sec) = 86.6187 res=false
*==== INFO ====* req_id_count= 6500 stream_id=25996 latency=0.600863 ms (tx_ts=157084560448716, rx_ts=157084561049579) request_id=334133 zil_blk_id=25996 ccf_commit_seqno=334133 nstreams_done_=6500 config.nstreams=20000 avg_latency=0.7598 ms avg throuhgput (requests/sec) = 86.6863 res=false
*==== INFO ====* req_id_count= 7000 stream_id=27996 latency=0.662019 ms (tx_ts=157090286640575, rx_ts=157090287302594) request_id=359788 zil_blk_id=27996 ccf_commit_seqno=359790 nstreams_done_=7000 config.nstreams=20000 avg_latency=0.7590 ms avg throuhgput (requests/sec) = 86.7310 res=false
*==== INFO ====* req_id_count= 7500 stream_id=29996 latency=0.605151 ms (tx_ts=157096021850333, rx_ts=157096022455484) request_id=385472 zil_blk_id=29996 ccf_commit_seqno=385472 nstreams_done_=7500 config.nstreams=20000 avg_latency=0.7578 ms avg throuhgput (requests/sec) = 86.7609 res=false
*==== INFO ====* req_id_count= 8000 stream_id=31996 latency=0.621301 ms (tx_ts=157101747042112, rx_ts=157101747663413) request_id=411098 zil_blk_id=31996 ccf_commit_seqno=411098 nstreams_done_=8000 config.nstreams=20000 avg_latency=0.7564 ms avg throuhgput (requests/sec) = 86.7965 res=false
*==== INFO ====* req_id_count= 8500 stream_id=33996 latency=0.549837 ms (tx_ts=157107516678947, rx_ts=157107517228784) request_id=436855 zil_blk_id=33996 ccf_commit_seqno=436855 nstreams_done_=8500 config.nstreams=20000 avg_latency=0.7592 ms avg throuhgput (requests/sec) = 86.7885 res=false
*==== INFO ====* req_id_count= 9000 stream_id=35996 latency=0.769805 ms (tx_ts=157113259308051, rx_ts=157113260077856) request_id=462538 zil_blk_id=35996 ccf_commit_seqno=462539 nstreams_done_=9000 config.nstreams=20000 avg_latency=0.7596 ms avg throuhgput (requests/sec) = 86.8038 res=false
*==== INFO ====* req_id_count= 9500 stream_id=37996 latency=0.809644 ms (tx_ts=157119044762940, rx_ts=157119045572584) request_id=488390 zil_blk_id=37996 ccf_commit_seqno=488390 nstreams_done_=9500 config.nstreams=20000 avg_latency=0.7608 ms avg throuhgput (requests/sec) = 86.7837 res=false
*==== INFO ====* req_id_count= 10000 stream_id=39996 latency=0.554176 ms (tx_ts=157124815642595, rx_ts=157124816196771) request_id=514141 zil_blk_id=39996 ccf_commit_seqno=514141 nstreams_done_=10000 config.nstreams=20000 avg_latency=0.7615 ms avg throuhgput (requests/sec) = 86.7768 res=false
*==== INFO ====* req_id_count= 10500 stream_id=41996 latency=0.675813 ms (tx_ts=157130556601134, rx_ts=157130557276947) request_id=539876 zil_blk_id=41996 ccf_commit_seqno=539876 nstreams_done_=10500 config.nstreams=20000 avg_latency=0.7613 ms avg throuhgput (requests/sec) = 86.7917 res=false
*==== INFO ====* req_id_count= 11000 stream_id=43996 latency=0.535170 ms (tx_ts=157136286339347, rx_ts=157136286874517) request_id=565597 zil_blk_id=43996 ccf_commit_seqno=565597 nstreams_done_=11000 config.nstreams=20000 avg_latency=0.7604 ms avg throuhgput (requests/sec) = 86.8132 res=false
*==== INFO ====* req_id_count= 11500 stream_id=45996 latency=0.770204 ms (tx_ts=157142031155869, rx_ts=157142031926073) request_id=591384 zil_blk_id=45996 ccf_commit_seqno=591384 nstreams_done_=11500 config.nstreams=20000 avg_latency=0.7596 ms avg throuhgput (requests/sec) = 86.8227 res=false
*==== INFO ====* req_id_count= 12000 stream_id=47996 latency=0.987015 ms (tx_ts=157147785402749, rx_ts=157147786389764) request_id=617118 zil_blk_id=47996 ccf_commit_seqno=617119 nstreams_done_=12000 config.nstreams=20000 avg_latency=0.7598 ms avg throuhgput (requests/sec) = 86.8254 res=false
*==== INFO ====* req_id_count= 12500 stream_id=49996 latency=0.578041 ms (tx_ts=157153519616323, rx_ts=157153520194364) request_id=642873 zil_blk_id=49996 ccf_commit_seqno=642874 nstreams_done_=12500 config.nstreams=20000 avg_latency=0.7573 ms avg throuhgput (requests/sec) = 86.8404 res=false
*==== INFO ====* req_id_count= 13000 stream_id=51996 latency=0.652380 ms (tx_ts=157159227903141, rx_ts=157159228555521) request_id=668463 zil_blk_id=51996 ccf_commit_seqno=668463 nstreams_done_=13000 config.nstreams=20000 avg_latency=0.7563 ms avg throuhgput (requests/sec) = 86.8691 res=false
*==== INFO ====* req_id_count= 13500 stream_id=53996 latency=0.938515 ms (tx_ts=157164941423256, rx_ts=157164942361771) request_id=694092 zil_blk_id=53996 ccf_commit_seqno=694093 nstreams_done_=13500 config.nstreams=20000 avg_latency=0.7554 ms avg throuhgput (requests/sec) = 86.8925 res=false
*==== INFO ====* req_id_count= 14000 stream_id=55996 latency=0.867719 ms (tx_ts=157170667846370, rx_ts=157170668714089) request_id=719754 zil_blk_id=55996 ccf_commit_seqno=719755 nstreams_done_=14000 config.nstreams=20000 avg_latency=0.7553 ms avg throuhgput (requests/sec) = 86.9076 res=false
*==== INFO ====* req_id_count= 14500 stream_id=57996 latency=0.828069 ms (tx_ts=157176429463255, rx_ts=157176430291324) request_id=745508 zil_blk_id=57996 ccf_commit_seqno=745509 nstreams_done_=14500 config.nstreams=20000 avg_latency=0.7568 ms avg throuhgput (requests/sec) = 86.9032 res=false
*==== INFO ====* req_id_count= 15000 stream_id=59996 latency=0.613369 ms (tx_ts=157182150936430, rx_ts=157182151549799) request_id=771136 zil_blk_id=59996 ccf_commit_seqno=771136 nstreams_done_=15000 config.nstreams=20000 avg_latency=0.7568 ms avg throuhgput (requests/sec) = 86.9195 res=false
*==== INFO ====* req_id_count= 15500 stream_id=61996 latency=0.836415 ms (tx_ts=157187854876378, rx_ts=157187855712793) request_id=796778 zil_blk_id=61996 ccf_commit_seqno=796781 nstreams_done_=15500 config.nstreams=20000 avg_latency=0.7559 ms avg throuhgput (requests/sec) = 86.9430 res=false
*==== INFO ====* req_id_count= 16000 stream_id=63996 latency=0.666867 ms (tx_ts=157193593694343, rx_ts=157193594361210) request_id=822472 zil_blk_id=63996 ccf_commit_seqno=822472 nstreams_done_=16000 config.nstreams=20000 avg_latency=0.7569 ms avg throuhgput (requests/sec) = 86.9488 res=false
*==== INFO ====* req_id_count= 16500 stream_id=65996 latency=0.782383 ms (tx_ts=157199323304331, rx_ts=157199324086714) request_id=848156 zil_blk_id=65996 ccf_commit_seqno=848158 nstreams_done_=16500 config.nstreams=20000 avg_latency=0.7570 ms avg throuhgput (requests/sec) = 86.9583 res=false
*==== INFO ====* req_id_count= 17000 stream_id=67996 latency=0.608768 ms (tx_ts=157205044452877, rx_ts=157205045061645) request_id=873843 zil_blk_id=67996 ccf_commit_seqno=873843 nstreams_done_=17000 config.nstreams=20000 avg_latency=0.7566 ms avg throuhgput (requests/sec) = 86.9712 res=false
*==== INFO ====* req_id_count= 17500 stream_id=69996 latency=0.670774 ms (tx_ts=157210752907793, rx_ts=157210753578567) request_id=899520 zil_blk_id=69996 ccf_commit_seqno=899520 nstreams_done_=17500 config.nstreams=20000 avg_latency=0.7557 ms avg throuhgput (requests/sec) = 86.9887 res=false
*==== INFO ====* req_id_count= 18000 stream_id=71996 latency=0.706582 ms (tx_ts=157216468990587, rx_ts=157216469697169) request_id=925157 zil_blk_id=71996 ccf_commit_seqno=925160 nstreams_done_=18000 config.nstreams=20000 avg_latency=0.7560 ms avg throuhgput (requests/sec) = 87.0021 res=false
*==== INFO ====* req_id_count= 18500 stream_id=73996 latency=0.579323 ms (tx_ts=157222189855901, rx_ts=157222190435224) request_id=950811 zil_blk_id=73996 ccf_commit_seqno=950811 nstreams_done_=18500 config.nstreams=20000 avg_latency=0.7563 ms avg throuhgput (requests/sec) = 87.0128 res=false
*==== INFO ====* req_id_count= 19000 stream_id=75996 latency=0.526635 ms (tx_ts=157227887716020, rx_ts=157227888242655) request_id=976413 zil_blk_id=75996 ccf_commit_seqno=976413 nstreams_done_=19000 config.nstreams=20000 avg_latency=0.7558 ms avg throuhgput (requests/sec) = 87.0321 res=false
*==== INFO ====* req_id_count= 19500 stream_id=77996 latency=0.786611 ms (tx_ts=157233611159238, rx_ts=157233611945849) request_id=1002063 zil_blk_id=77996 ccf_commit_seqno=1002064 nstreams_done_=19500 config.nstreams=20000 avg_latency=0.7561 ms avg throuhgput (requests/sec) = 87.0404 res=false
*==== INFO ====* http_end_stream ALL streams done! nstreams_done_=20000 avg_latency=0.7552 msreq_id_count= 20000
*==== INFO ====* req_id_count= 20000 stream_id=79996 latency=0.613508 ms (tx_ts=157239316088646, rx_ts=157239316702154) request_id=1025384 zil_blk_id=79996 ccf_commit_seqno=1025384 nstreams_done_=20000 config.nstreams=20000 avg_latency=0.7552 ms avg throuhgput (requests/sec) = 87.0554 res=true
