Uniform: 869443 888106 343341 877654 134342 
Exponential: -2147483648 -2147483648 -2147483648 -2147483648 -2147483648 
Truncated Normal: 512504 413768 889777 729678 975985 
*==== INFO ====* req_id_count= 500 stream_id=1996 latency=0.815555 ms (tx_ts=157015535625656, rx_ts=157015536441211) request_id=25976 zil_blk_id=1996 ccf_commit_seqno=25976 nstreams_done_=500 config.nstreams=20000 avg_latency=0.9382 ms avg throuhgput (requests/sec) = 84.0564 res=false
*==== INFO ====* req_id_count= 1000 stream_id=3996 latency=0.759211 ms (tx_ts=157021507969880, rx_ts=157021508729091) request_id=52508 zil_blk_id=3996 ccf_commit_seqno=52508 nstreams_done_=1000 config.nstreams=20000 avg_latency=0.9464 ms avg throuhgput (requests/sec) = 83.8879 res=false
*==== INFO ====* req_id_count= 1500 stream_id=5996 latency=0.648473 ms (tx_ts=157027448902530, rx_ts=157027449551003) request_id=78958 zil_blk_id=5996 ccf_commit_seqno=78958 nstreams_done_=1500 config.nstreams=20000 avg_latency=0.9345 ms avg throuhgput (requests/sec) = 83.9795 res=false
*==== INFO ====* req_id_count= 2000 stream_id=7996 latency=0.620552 ms (tx_ts=157033422326312, rx_ts=157033422946864) request_id=105524 zil_blk_id=7996 ccf_commit_seqno=105524 nstreams_done_=2000 config.nstreams=20000 avg_latency=0.9337 ms avg throuhgput (requests/sec) = 83.9106 res=false
*==== INFO ====* req_id_count= 2500 stream_id=9996 latency=0.782354 ms (tx_ts=157039376293795, rx_ts=157039377076149) request_id=132130 zil_blk_id=9996 ccf_commit_seqno=132130 nstreams_done_=2500 config.nstreams=20000 avg_latency=0.9241 ms avg throuhgput (requests/sec) = 83.9235 res=false
*==== INFO ====* req_id_count= 3000 stream_id=11996 latency=0.663499 ms (tx_ts=157045315701867, rx_ts=157045316365366) request_id=158667 zil_blk_id=11996 ccf_commit_seqno=158667 nstreams_done_=3000 config.nstreams=20000 avg_latency=0.9186 ms avg throuhgput (requests/sec) = 83.9670 res=false
*==== INFO ====* req_id_count= 3500 stream_id=13996 latency=0.904302 ms (tx_ts=157051300940133, rx_ts=157051301844435) request_id=185410 zil_blk_id=13996 ccf_commit_seqno=185411 nstreams_done_=3500 config.nstreams=20000 avg_latency=0.9237 ms avg throuhgput (requests/sec) = 83.9051 res=false
*==== INFO ====* req_id_count= 4000 stream_id=15996 latency=0.831455 ms (tx_ts=157057222347195, rx_ts=157057223178650) request_id=211845 zil_blk_id=15996 ccf_commit_seqno=211847 nstreams_done_=4000 config.nstreams=20000 avg_latency=0.9244 ms avg throuhgput (requests/sec) = 83.9717 res=false
*==== INFO ====* req_id_count= 4500 stream_id=17996 latency=0.653080 ms (tx_ts=157063162274354, rx_ts=157063162927434) request_id=238395 zil_blk_id=17996 ccf_commit_seqno=238395 nstreams_done_=4500 config.nstreams=20000 avg_latency=0.9215 ms avg throuhgput (requests/sec) = 83.9946 res=false
*==== INFO ====* req_id_count= 5000 stream_id=19996 latency=0.701692 ms (tx_ts=157069096397388, rx_ts=157069097099080) request_id=264913 zil_blk_id=19996 ccf_commit_seqno=264913 nstreams_done_=5000 config.nstreams=20000 avg_latency=0.9185 ms avg throuhgput (requests/sec) = 84.0208 res=false
*==== INFO ====* req_id_count= 5500 stream_id=21996 latency=0.887019 ms (tx_ts=157075056958393, rx_ts=157075057845412) request_id=291552 zil_blk_id=21996 ccf_commit_seqno=291553 nstreams_done_=5500 config.nstreams=20000 avg_latency=0.9164 ms avg throuhgput (requests/sec) = 84.0082 res=false
*==== INFO ====* req_id_count= 6000 stream_id=23996 latency=0.620991 ms (tx_ts=157081032173931, rx_ts=157081032794922) request_id=318312 zil_blk_id=23996 ccf_commit_seqno=318312 nstreams_done_=6000 config.nstreams=20000 avg_latency=0.9176 ms avg throuhgput (requests/sec) = 83.9810 res=false
*==== INFO ====* req_id_count= 6500 stream_id=25996 latency=0.668671 ms (tx_ts=157086985225272, rx_ts=157086985893943) request_id=345002 zil_blk_id=25996 ccf_commit_seqno=345002 nstreams_done_=6500 config.nstreams=20000 avg_latency=0.9189 ms avg throuhgput (requests/sec) = 83.9817 res=false
*==== INFO ====* req_id_count= 7000 stream_id=27996 latency=0.775070 ms (tx_ts=157092881150504, rx_ts=157092881925574) request_id=371398 zil_blk_id=27996 ccf_commit_seqno=371399 nstreams_done_=7000 config.nstreams=20000 avg_latency=0.9176 ms avg throuhgput (requests/sec) = 84.0398 res=false
*==== INFO ====* req_id_count= 7500 stream_id=29996 latency=0.694980 ms (tx_ts=157098835644923, rx_ts=157098836339903) request_id=398073 zil_blk_id=29996 ccf_commit_seqno=398073 nstreams_done_=7500 config.nstreams=20000 avg_latency=0.9167 ms avg throuhgput (requests/sec) = 84.0352 res=false
*==== INFO ====* req_id_count= 8000 stream_id=31996 latency=0.979611 ms (tx_ts=157104804050702, rx_ts=157104805030313) request_id=424710 zil_blk_id=31996 ccf_commit_seqno=424711 nstreams_done_=8000 config.nstreams=20000 avg_latency=0.9205 ms avg throuhgput (requests/sec) = 84.0186 res=false
*==== INFO ====* req_id_count= 8500 stream_id=33996 latency=0.691553 ms (tx_ts=157110726673214, rx_ts=157110727364767) request_id=451186 zil_blk_id=33996 ccf_commit_seqno=451186 nstreams_done_=8500 config.nstreams=20000 avg_latency=0.9242 ms avg throuhgput (requests/sec) = 84.0425 res=false
*==== INFO ====* req_id_count= 9000 stream_id=35996 latency=1.555569 ms (tx_ts=157116643838924, rx_ts=157116645394493) request_id=477715 zil_blk_id=35996 ccf_commit_seqno=477717 nstreams_done_=9000 config.nstreams=20000 avg_latency=0.9228 ms avg throuhgput (requests/sec) = 84.0671 res=false
*==== INFO ====* req_id_count= 9500 stream_id=37996 latency=0.825643 ms (tx_ts=157122601673827, rx_ts=157122602499470) request_id=504209 zil_blk_id=37996 ccf_commit_seqno=504210 nstreams_done_=9500 config.nstreams=20000 avg_latency=0.9242 ms avg throuhgput (requests/sec) = 84.0601 res=false
*==== INFO ====* req_id_count= 10000 stream_id=39996 latency=0.898800 ms (tx_ts=157128514090082, rx_ts=157128514988882) request_id=530703 zil_blk_id=39996 ccf_commit_seqno=530704 nstreams_done_=10000 config.nstreams=20000 avg_latency=0.9215 ms avg throuhgput (requests/sec) = 84.0852 res=false
*==== INFO ====* req_id_count= 10500 stream_id=41996 latency=0.652951 ms (tx_ts=157134447851945, rx_ts=157134448504896) request_id=557339 zil_blk_id=41996 ccf_commit_seqno=557339 nstreams_done_=10500 config.nstreams=20000 avg_latency=0.9203 ms avg throuhgput (requests/sec) = 84.0939 res=false
*==== INFO ====* req_id_count= 11000 stream_id=43996 latency=0.881368 ms (tx_ts=157140374998147, rx_ts=157140375879515) request_id=583963 zil_blk_id=43996 ccf_commit_seqno=583963 nstreams_done_=11000 config.nstreams=20000 avg_latency=0.9177 ms avg throuhgput (requests/sec) = 84.1057 res=false
*==== INFO ====* req_id_count= 11500 stream_id=45996 latency=0.916814 ms (tx_ts=157146312289835, rx_ts=157146313206649) request_id=610523 zil_blk_id=45996 ccf_commit_seqno=610525 nstreams_done_=11500 config.nstreams=20000 avg_latency=0.9161 ms avg throuhgput (requests/sec) = 84.1103 res=false
*==== INFO ====* req_id_count= 12000 stream_id=47996 latency=0.849028 ms (tx_ts=157152249170617, rx_ts=157152250019645) request_id=637162 zil_blk_id=47996 ccf_commit_seqno=637164 nstreams_done_=12000 config.nstreams=20000 avg_latency=0.9142 ms avg throuhgput (requests/sec) = 84.1149 res=false
*==== INFO ====* req_id_count= 12500 stream_id=49996 latency=0.882370 ms (tx_ts=157158193810512, rx_ts=157158194692882) request_id=663822 zil_blk_id=49996 ccf_commit_seqno=663823 nstreams_done_=12500 config.nstreams=20000 avg_latency=0.9122 ms avg throuhgput (requests/sec) = 84.1147 res=false
*==== INFO ====* req_id_count= 13000 stream_id=51996 latency=0.697113 ms (tx_ts=157164156513778, rx_ts=157164157210891) request_id=690573 zil_blk_id=51996 ccf_commit_seqno=690574 nstreams_done_=13000 config.nstreams=20000 avg_latency=0.9121 ms avg throuhgput (requests/sec) = 84.1047 res=false
*==== INFO ====* req_id_count= 13500 stream_id=53996 latency=0.752678 ms (tx_ts=157170107397782, rx_ts=157170108150460) request_id=717234 zil_blk_id=53996 ccf_commit_seqno=717235 nstreams_done_=13500 config.nstreams=20000 avg_latency=0.9116 ms avg throuhgput (requests/sec) = 84.1016 res=false
*==== INFO ====* req_id_count= 14000 stream_id=55996 latency=0.686433 ms (tx_ts=157176069800638, rx_ts=157176070487071) request_id=743894 zil_blk_id=55996 ccf_commit_seqno=743894 nstreams_done_=14000 config.nstreams=20000 avg_latency=0.9131 ms avg throuhgput (requests/sec) = 84.0930 res=false
*==== INFO ====* req_id_count= 14500 stream_id=57996 latency=1.604561 ms (tx_ts=157182007684545, rx_ts=157182009289106) request_id=770492 zil_blk_id=57996 ccf_commit_seqno=770492 nstreams_done_=14500 config.nstreams=20000 avg_latency=0.9121 ms avg throuhgput (requests/sec) = 84.0964 res=false
*==== INFO ====* req_id_count= 15000 stream_id=59996 latency=0.812980 ms (tx_ts=157187929204617, rx_ts=157187930017597) request_id=797108 zil_blk_id=59996 ccf_commit_seqno=797109 nstreams_done_=15000 config.nstreams=20000 avg_latency=0.9106 ms avg throuhgput (requests/sec) = 84.1081 res=false
*==== INFO ====* req_id_count= 15500 stream_id=61996 latency=1.306253 ms (tx_ts=157193878027392, rx_ts=157193879333645) request_id=823741 zil_blk_id=61996 ccf_commit_seqno=823742 nstreams_done_=15500 config.nstreams=20000 avg_latency=0.9108 ms avg throuhgput (requests/sec) = 84.1060 res=false
*==== INFO ====* req_id_count= 16000 stream_id=63996 latency=1.011982 ms (tx_ts=157199774488345, rx_ts=157199775500327) request_id=850164 zil_blk_id=63996 ccf_commit_seqno=850164 nstreams_done_=16000 config.nstreams=20000 avg_latency=0.9114 ms avg throuhgput (requests/sec) = 84.1275 res=false
*==== INFO ====* req_id_count= 16500 stream_id=65996 latency=0.648864 ms (tx_ts=157205662277809, rx_ts=157205662926673) request_id=876616 zil_blk_id=65996 ccf_commit_seqno=876616 nstreams_done_=16500 config.nstreams=20000 avg_latency=0.9109 ms avg throuhgput (requests/sec) = 84.1515 res=false
*==== INFO ====* req_id_count= 17000 stream_id=67996 latency=0.792872 ms (tx_ts=157211574402734, rx_ts=157211575195606) request_id=903216 zil_blk_id=67996 ccf_commit_seqno=903217 nstreams_done_=17000 config.nstreams=20000 avg_latency=0.9093 ms avg throuhgput (requests/sec) = 84.1638 res=false
*==== INFO ====* req_id_count= 17500 stream_id=69996 latency=0.895675 ms (tx_ts=157217495922015, rx_ts=157217496817690) request_id=929776 zil_blk_id=69996 ccf_commit_seqno=929777 nstreams_done_=17500 config.nstreams=20000 avg_latency=0.9092 ms avg throuhgput (requests/sec) = 84.1715 res=false
*==== INFO ====* req_id_count= 18000 stream_id=71996 latency=0.646489 ms (tx_ts=157223479858441, rx_ts=157223480504930) request_id=956595 zil_blk_id=71996 ccf_commit_seqno=956595 nstreams_done_=18000 config.nstreams=20000 avg_latency=0.9113 ms avg throuhgput (requests/sec) = 84.1544 res=false
*==== INFO ====* req_id_count= 18500 stream_id=73996 latency=0.892870 ms (tx_ts=157229400316341, rx_ts=157229401209211) request_id=983216 zil_blk_id=73996 ccf_commit_seqno=983217 nstreams_done_=18500 config.nstreams=20000 avg_latency=0.9102 ms avg throuhgput (requests/sec) = 84.1624 res=false
*==== INFO ====* req_id_count= 19000 stream_id=75996 latency=1.009047 ms (tx_ts=157235373482138, rx_ts=157235374491185) request_id=1009853 zil_blk_id=75996 ccf_commit_seqno=1009855 nstreams_done_=19000 config.nstreams=20000 avg_latency=0.9111 ms avg throuhgput (requests/sec) = 84.1503 res=false
*==== INFO ====* req_id_count= 19500 stream_id=77996 latency=1.471934 ms (tx_ts=157241284109605, rx_ts=157241285581539) request_id=1031038 zil_blk_id=77996 ccf_commit_seqno=1031039 nstreams_done_=19500 config.nstreams=20000 avg_latency=0.9107 ms avg throuhgput (requests/sec) = 84.1615 res=false
*==== INFO ====* http_end_stream ALL streams done! nstreams_done_=20000 avg_latency=0.9071 msreq_id_count= 20000
*==== INFO ====* req_id_count= 20000 stream_id=79996 latency=0.673660 ms (tx_ts=157247254439743, rx_ts=157247255113403) request_id=1039205 zil_blk_id=79996 ccf_commit_seqno=1039205 nstreams_done_=20000 config.nstreams=20000 avg_latency=0.9071 ms avg throuhgput (requests/sec) = 84.1513 res=true
