Uniform: 674571 748635 684760 155707 596349 
Exponential: -2147483648 -2147483648 -2147483648 -2147483648 -2147483648 
Truncated Normal: 699565 481873 94154 512961 642752 
*==== INFO ====* req_id_count= 500 stream_id=1996 latency=0.801289 ms (tx_ts=157015404643660, rx_ts=157015405444949) request_id=25408 zil_blk_id=1996 ccf_commit_seqno=25408 nstreams_done_=500 config.nstreams=20000 avg_latency=0.7634 ms avg throuhgput (requests/sec) = 85.7906 res=false
*==== INFO ====* req_id_count= 1000 stream_id=3996 latency=0.766734 ms (tx_ts=157021213695096, rx_ts=157021214461830) request_id=51210 zil_blk_id=3996 ccf_commit_seqno=51210 nstreams_done_=1000 config.nstreams=20000 avg_latency=0.7746 ms avg throuhgput (requests/sec) = 85.9316 res=false
*==== INFO ====* req_id_count= 1500 stream_id=5996 latency=0.539915 ms (tx_ts=157027028921272, rx_ts=157027029461187) request_id=77103 zil_blk_id=5996 ccf_commit_seqno=77103 nstreams_done_=1500 config.nstreams=20000 avg_latency=0.7884 ms avg throuhgput (requests/sec) = 85.9492 res=false
*==== INFO ====* req_id_count= 2000 stream_id=7996 latency=0.808674 ms (tx_ts=157032855787494, rx_ts=157032856596168) request_id=103012 zil_blk_id=7996 ccf_commit_seqno=103013 nstreams_done_=2000 config.nstreams=20000 avg_latency=0.8006 ms avg throuhgput (requests/sec) = 85.9132 res=false
*==== INFO ====* req_id_count= 2500 stream_id=9996 latency=0.687146 ms (tx_ts=157038673444481, rx_ts=157038674131627) request_id=129010 zil_blk_id=9996 ccf_commit_seqno=129011 nstreams_done_=2500 config.nstreams=20000 avg_latency=0.8019 ms avg throuhgput (requests/sec) = 85.9200 res=false
*==== INFO ====* req_id_count= 3000 stream_id=11996 latency=0.916384 ms (tx_ts=157044470253632, rx_ts=157044471170016) request_id=154909 zil_blk_id=11996 ccf_commit_seqno=154912 nstreams_done_=3000 config.nstreams=20000 avg_latency=0.8046 ms avg throuhgput (requests/sec) = 85.9750 res=false
*==== INFO ====* req_id_count= 3500 stream_id=13996 latency=0.768348 ms (tx_ts=157050321450604, rx_ts=157050322218952) request_id=181046 zil_blk_id=13996 ccf_commit_seqno=181046 nstreams_done_=3500 config.nstreams=20000 avg_latency=0.8053 ms avg throuhgput (requests/sec) = 85.9003 res=false
*==== INFO ====* req_id_count= 4000 stream_id=15996 latency=0.700980 ms (tx_ts=157056117723561, rx_ts=157056118424541) request_id=206917 zil_blk_id=15996 ccf_commit_seqno=206918 nstreams_done_=4000 config.nstreams=20000 avg_latency=0.8014 ms avg throuhgput (requests/sec) = 85.9455 res=false
*==== INFO ====* req_id_count= 4500 stream_id=17996 latency=0.721508 ms (tx_ts=157061928694474, rx_ts=157061929415982) request_id=232883 zil_blk_id=17996 ccf_commit_seqno=232884 nstreams_done_=4500 config.nstreams=20000 avg_latency=0.8018 ms avg throuhgput (requests/sec) = 85.9564 res=false
*==== INFO ====* req_id_count= 5000 stream_id=19996 latency=0.858926 ms (tx_ts=157067775756948, rx_ts=157067776615874) request_id=259025 zil_blk_id=19996 ccf_commit_seqno=259026 nstreams_done_=5000 config.nstreams=20000 avg_latency=0.8042 ms avg throuhgput (requests/sec) = 85.9117 res=false
*==== INFO ====* req_id_count= 5500 stream_id=21996 latency=0.561099 ms (tx_ts=157073594008648, rx_ts=157073594569747) request_id=285006 zil_blk_id=21996 ccf_commit_seqno=285006 nstreams_done_=5500 config.nstreams=20000 avg_latency=0.8029 ms avg throuhgput (requests/sec) = 85.9143 res=false
*==== INFO ====* req_id_count= 6000 stream_id=23996 latency=0.658271 ms (tx_ts=157079399844184, rx_ts=157079400502455) request_id=310991 zil_blk_id=23996 ccf_commit_seqno=310991 nstreams_done_=6000 config.nstreams=20000 avg_latency=0.8001 ms avg throuhgput (requests/sec) = 85.9313 res=false
*==== INFO ====* req_id_count= 6500 stream_id=25996 latency=0.519471 ms (tx_ts=157085180411385, rx_ts=157085180930856) request_id=336901 zil_blk_id=25996 ccf_commit_seqno=336901 nstreams_done_=6500 config.nstreams=20000 avg_latency=0.7974 ms avg throuhgput (requests/sec) = 85.9747 res=false
*==== INFO ====* req_id_count= 7000 stream_id=27996 latency=0.692796 ms (tx_ts=157090948093292, rx_ts=157090948786088) request_id=362750 zil_blk_id=27996 ccf_commit_seqno=362750 nstreams_done_=7000 config.nstreams=20000 avg_latency=0.7949 ms avg throuhgput (requests/sec) = 86.0252 res=false
*==== INFO ====* req_id_count= 7500 stream_id=29996 latency=0.535431 ms (tx_ts=157096761646354, rx_ts=157096762181785) request_id=388781 zil_blk_id=29996 ccf_commit_seqno=388781 nstreams_done_=7500 config.nstreams=20000 avg_latency=0.7955 ms avg throuhgput (requests/sec) = 86.0241 res=false
*==== INFO ====* req_id_count= 8000 stream_id=31996 latency=0.591756 ms (tx_ts=157102495910146, rx_ts=157102496501902) request_id=414398 zil_blk_id=31996 ccf_commit_seqno=414398 nstreams_done_=8000 config.nstreams=20000 avg_latency=0.7947 ms avg throuhgput (requests/sec) = 86.0963 res=false
*==== INFO ====* req_id_count= 8500 stream_id=33996 latency=0.638433 ms (tx_ts=157108255948935, rx_ts=157108256587368) request_id=440145 zil_blk_id=33996 ccf_commit_seqno=440146 nstreams_done_=8500 config.nstreams=20000 avg_latency=0.7941 ms avg throuhgput (requests/sec) = 86.1376 res=false
*==== INFO ====* req_id_count= 9000 stream_id=35996 latency=0.759941 ms (tx_ts=157114021196552, rx_ts=157114021956493) request_id=465947 zil_blk_id=35996 ccf_commit_seqno=465948 nstreams_done_=9000 config.nstreams=20000 avg_latency=0.7947 ms avg throuhgput (requests/sec) = 86.1700 res=false
*==== INFO ====* req_id_count= 9500 stream_id=37996 latency=0.539829 ms (tx_ts=157119799094460, rx_ts=157119799634289) request_id=491761 zil_blk_id=37996 ccf_commit_seqno=491761 nstreams_done_=9500 config.nstreams=20000 avg_latency=0.7961 ms avg throuhgput (requests/sec) = 86.1894 res=false
*==== INFO ====* req_id_count= 10000 stream_id=39996 latency=0.606003 ms (tx_ts=157125538743696, rx_ts=157125539349699) request_id=517391 zil_blk_id=39996 ccf_commit_seqno=517391 nstreams_done_=10000 config.nstreams=20000 avg_latency=0.7962 ms avg throuhgput (requests/sec) = 86.2351 res=false
*==== INFO ====* req_id_count= 10500 stream_id=41996 latency=0.648503 ms (tx_ts=157131291221438, rx_ts=157131291869941) request_id=543168 zil_blk_id=41996 ccf_commit_seqno=543169 nstreams_done_=10500 config.nstreams=20000 avg_latency=0.7962 ms avg throuhgput (requests/sec) = 86.2674 res=false
*==== INFO ====* req_id_count= 11000 stream_id=43996 latency=0.755083 ms (tx_ts=157137026283828, rx_ts=157137027038911) request_id=568914 zil_blk_id=43996 ccf_commit_seqno=568914 nstreams_done_=11000 config.nstreams=20000 avg_latency=0.7949 ms avg throuhgput (requests/sec) = 86.3085 res=false
*==== INFO ====* req_id_count= 11500 stream_id=45996 latency=0.847976 ms (tx_ts=157142747685226, rx_ts=157142748533202) request_id=594589 zil_blk_id=45996 ccf_commit_seqno=594592 nstreams_done_=11500 config.nstreams=20000 avg_latency=0.7942 ms avg throuhgput (requests/sec) = 86.3550 res=false
*==== INFO ====* req_id_count= 12000 stream_id=47996 latency=0.807400 ms (tx_ts=157148499790779, rx_ts=157148500598179) request_id=620318 zil_blk_id=47996 ccf_commit_seqno=620320 nstreams_done_=12000 config.nstreams=20000 avg_latency=0.7942 ms avg throuhgput (requests/sec) = 86.3786 res=false
*==== INFO ====* req_id_count= 12500 stream_id=49996 latency=0.775210 ms (tx_ts=157154198488229, rx_ts=157154199263439) request_id=645919 zil_blk_id=49996 ccf_commit_seqno=645919 nstreams_done_=12500 config.nstreams=20000 avg_latency=0.7921 ms avg throuhgput (requests/sec) = 86.4322 res=false
*==== INFO ====* req_id_count= 13000 stream_id=51996 latency=0.827888 ms (tx_ts=157159938489123, rx_ts=157159939317011) request_id=671654 zil_blk_id=51996 ccf_commit_seqno=671656 nstreams_done_=13000 config.nstreams=20000 avg_latency=0.7922 ms avg throuhgput (requests/sec) = 86.4580 res=false
*==== INFO ====* req_id_count= 13500 stream_id=53996 latency=0.754130 ms (tx_ts=157165667189249, rx_ts=157165667943379) request_id=697341 zil_blk_id=53996 ccf_commit_seqno=697344 nstreams_done_=13500 config.nstreams=20000 avg_latency=0.7908 ms avg throuhgput (requests/sec) = 86.4882 res=false
*==== INFO ====* req_id_count= 14000 stream_id=55996 latency=0.718333 ms (tx_ts=157171426939186, rx_ts=157171427657519) request_id=723163 zil_blk_id=55996 ccf_commit_seqno=723163 nstreams_done_=14000 config.nstreams=20000 avg_latency=0.7910 ms avg throuhgput (requests/sec) = 86.4997 res=false
*==== INFO ====* req_id_count= 14500 stream_id=57996 latency=0.559166 ms (tx_ts=157177196145198, rx_ts=157177196704364) request_id=748941 zil_blk_id=57996 ccf_commit_seqno=748941 nstreams_done_=14500 config.nstreams=20000 avg_latency=0.7929 ms avg throuhgput (requests/sec) = 86.5055 res=false
*==== INFO ====* req_id_count= 15000 stream_id=59996 latency=2.894484 ms (tx_ts=157182989406995, rx_ts=157182992301479) request_id=774881 zil_blk_id=59996 ccf_commit_seqno=774882 nstreams_done_=15000 config.nstreams=20000 avg_latency=0.7955 ms avg throuhgput (requests/sec) = 86.4977 res=false
*==== INFO ====* req_id_count= 15500 stream_id=61996 latency=0.575416 ms (tx_ts=157188732096988, rx_ts=157188732672404) request_id=800689 zil_blk_id=61996 ccf_commit_seqno=800689 nstreams_done_=15500 config.nstreams=20000 avg_latency=0.7949 ms avg throuhgput (requests/sec) = 86.5171 res=false
*==== INFO ====* req_id_count= 16000 stream_id=63996 latency=0.755541 ms (tx_ts=157194482270566, rx_ts=157194483026107) request_id=826454 zil_blk_id=63996 ccf_commit_seqno=826455 nstreams_done_=16000 config.nstreams=20000 avg_latency=0.7958 ms avg throuhgput (requests/sec) = 86.5306 res=false
*==== INFO ====* req_id_count= 16500 stream_id=65996 latency=0.750032 ms (tx_ts=157200258060012, rx_ts=157200258810044) request_id=852349 zil_blk_id=65996 ccf_commit_seqno=852349 nstreams_done_=16500 config.nstreams=20000 avg_latency=0.7961 ms avg throuhgput (requests/sec) = 86.5317 res=false
*==== INFO ====* req_id_count= 17000 stream_id=67996 latency=0.854849 ms (tx_ts=157206027755984, rx_ts=157206028610833) request_id=878260 zil_blk_id=67996 ccf_commit_seqno=878260 nstreams_done_=17000 config.nstreams=20000 avg_latency=0.7957 ms avg throuhgput (requests/sec) = 86.5354 res=false
*==== INFO ====* req_id_count= 17500 stream_id=69996 latency=0.644725 ms (tx_ts=157211755442226, rx_ts=157211756086951) request_id=904030 zil_blk_id=69996 ccf_commit_seqno=904031 nstreams_done_=17500 config.nstreams=20000 avg_latency=0.7951 ms avg throuhgput (requests/sec) = 86.5571 res=false
*==== INFO ====* req_id_count= 18000 stream_id=71996 latency=0.528739 ms (tx_ts=157217472571989, rx_ts=157217473100728) request_id=929672 zil_blk_id=71996 ccf_commit_seqno=929672 nstreams_done_=18000 config.nstreams=20000 avg_latency=0.7941 ms avg throuhgput (requests/sec) = 86.5818 res=false
*==== INFO ====* req_id_count= 18500 stream_id=73996 latency=0.734885 ms (tx_ts=157223262385296, rx_ts=157223263120181) request_id=955624 zil_blk_id=73996 ccf_commit_seqno=955624 nstreams_done_=18500 config.nstreams=20000 avg_latency=0.7955 ms avg throuhgput (requests/sec) = 86.5757 res=false
*==== INFO ====* req_id_count= 19000 stream_id=75996 latency=0.562301 ms (tx_ts=157229005797576, rx_ts=157229006359877) request_id=981443 zil_blk_id=75996 ccf_commit_seqno=981443 nstreams_done_=19000 config.nstreams=20000 avg_latency=0.7946 ms avg throuhgput (requests/sec) = 86.5883 res=false
*==== INFO ====* req_id_count= 19500 stream_id=77996 latency=0.882190 ms (tx_ts=157234786958135, rx_ts=157234787840325) request_id=1007340 zil_blk_id=77996 ccf_commit_seqno=1007343 nstreams_done_=19500 config.nstreams=20000 avg_latency=0.7948 ms avg throuhgput (requests/sec) = 86.5856 res=false
*==== INFO ====* http_end_stream ALL streams done! nstreams_done_=20000 avg_latency=0.7936 msreq_id_count= 20000
*==== INFO ====* req_id_count= 20000 stream_id=79996 latency=0.587971 ms (tx_ts=157240527027398, rx_ts=157240527615369) request_id=1029186 zil_blk_id=79996 ccf_commit_seqno=1029186 nstreams_done_=20000 config.nstreams=20000 avg_latency=0.7936 ms avg throuhgput (requests/sec) = 86.5987 res=true
