Uniform: 708483 681555 527777 277270 636900 
Exponential: -2147483648 -2147483648 -2147483648 -2147483648 -2147483648 
Truncated Normal: 320296 359490 569147 526549 729784 
*==== INFO ====* req_id_count= 500 stream_id=1996 latency=1.132138 ms (tx_ts=157015691712219, rx_ts=157015692844357) request_id=26655 zil_blk_id=1996 ccf_commit_seqno=26655 nstreams_done_=500 config.nstreams=20000 avg_latency=1.0206 ms avg throuhgput (requests/sec) = 82.0179 res=false
*==== INFO ====* req_id_count= 1000 stream_id=3996 latency=0.844310 ms (tx_ts=157021785116545, rx_ts=157021785960855) request_id=53733 zil_blk_id=3996 ccf_commit_seqno=53733 nstreams_done_=1000 config.nstreams=20000 avg_latency=1.0100 ms avg throuhgput (requests/sec) = 82.0389 res=false
*==== INFO ====* req_id_count= 1500 stream_id=5996 latency=0.918759 ms (tx_ts=157027871712712, rx_ts=157027872631471) request_id=80832 zil_blk_id=5996 ccf_commit_seqno=80832 nstreams_done_=1500 config.nstreams=20000 avg_latency=1.0102 ms avg throuhgput (requests/sec) = 82.0748 res=false
*==== INFO ====* req_id_count= 2000 stream_id=7996 latency=0.810666 ms (tx_ts=157033938280871, rx_ts=157033939091537) request_id=107823 zil_blk_id=7996 ccf_commit_seqno=107823 nstreams_done_=2000 config.nstreams=20000 avg_latency=0.9990 ms avg throuhgput (requests/sec) = 82.1609 res=false
*==== INFO ====* req_id_count= 2500 stream_id=9996 latency=1.115818 ms (tx_ts=157039991522801, rx_ts=157039992638619) request_id=134887 zil_blk_id=9996 ccf_commit_seqno=134889 nstreams_done_=2500 config.nstreams=20000 avg_latency=0.9911 ms avg throuhgput (requests/sec) = 82.2476 res=false
*==== INFO ====* req_id_count= 3000 stream_id=11996 latency=0.977846 ms (tx_ts=157046078653052, rx_ts=157046079630898) request_id=162088 zil_blk_id=11996 ccf_commit_seqno=162090 nstreams_done_=3000 config.nstreams=20000 avg_latency=0.9906 ms avg throuhgput (requests/sec) = 82.2300 res=false
*==== INFO ====* req_id_count= 3500 stream_id=13996 latency=0.860900 ms (tx_ts=157052158958365, rx_ts=157052159819265) request_id=189253 zil_blk_id=13996 ccf_commit_seqno=189253 nstreams_done_=3500 config.nstreams=20000 avg_latency=0.9879 ms avg throuhgput (requests/sec) = 82.2306 res=false
*==== INFO ====* req_id_count= 4000 stream_id=15996 latency=0.779347 ms (tx_ts=157058227696364, rx_ts=157058228475711) request_id=216333 zil_blk_id=15996 ccf_commit_seqno=216333 nstreams_done_=4000 config.nstreams=20000 avg_latency=0.9879 ms avg throuhgput (requests/sec) = 82.2506 res=false
*==== INFO ====* req_id_count= 4500 stream_id=17996 latency=0.994478 ms (tx_ts=157064281998793, rx_ts=157064282993271) request_id=243368 zil_blk_id=17996 ccf_commit_seqno=243369 nstreams_done_=4500 config.nstreams=20000 avg_latency=0.9857 ms avg throuhgput (requests/sec) = 82.2874 res=false
*==== INFO ====* req_id_count= 5000 stream_id=19996 latency=1.155106 ms (tx_ts=157070355090028, rx_ts=157070356245134) request_id=270563 zil_blk_id=19996 ccf_commit_seqno=270565 nstreams_done_=5000 config.nstreams=20000 avg_latency=0.9850 ms avg throuhgput (requests/sec) = 82.2915 res=false
*==== INFO ====* req_id_count= 5500 stream_id=21996 latency=0.837706 ms (tx_ts=157076440347136, rx_ts=157076441184842) request_id=297739 zil_blk_id=21996 ccf_commit_seqno=297739 nstreams_done_=5500 config.nstreams=20000 avg_latency=0.9848 ms avg throuhgput (requests/sec) = 82.2804 res=false
*==== INFO ====* req_id_count= 6000 stream_id=23996 latency=0.945959 ms (tx_ts=157082516765344, rx_ts=157082517711303) request_id=324974 zil_blk_id=23996 ccf_commit_seqno=324974 nstreams_done_=6000 config.nstreams=20000 avg_latency=0.9838 ms avg throuhgput (requests/sec) = 82.2807 res=false
*==== INFO ====* req_id_count= 6500 stream_id=25996 latency=1.001714 ms (tx_ts=157088565035890, rx_ts=157088566037604) request_id=352076 zil_blk_id=25996 ccf_commit_seqno=352077 nstreams_done_=6500 config.nstreams=20000 avg_latency=0.9821 ms avg throuhgput (requests/sec) = 82.3103 res=false
*==== INFO ====* req_id_count= 7000 stream_id=27996 latency=0.828479 ms (tx_ts=157094636950159, rx_ts=157094637778638) request_id=379268 zil_blk_id=27996 ccf_commit_seqno=379268 nstreams_done_=7000 config.nstreams=20000 avg_latency=0.9828 ms avg throuhgput (requests/sec) = 82.3131 res=false
*==== INFO ====* req_id_count= 7500 stream_id=29996 latency=0.895404 ms (tx_ts=157100707452044, rx_ts=157100708347448) request_id=406447 zil_blk_id=29996 ccf_commit_seqno=406448 nstreams_done_=7500 config.nstreams=20000 avg_latency=0.9830 ms avg throuhgput (requests/sec) = 82.3165 res=false
*==== INFO ====* req_id_count= 8000 stream_id=31996 latency=1.209280 ms (tx_ts=157106781626812, rx_ts=157106782836092) request_id=433551 zil_blk_id=31996 ccf_commit_seqno=433553 nstreams_done_=8000 config.nstreams=20000 avg_latency=0.9858 ms avg throuhgput (requests/sec) = 82.3162 res=false
*==== INFO ====* req_id_count= 8500 stream_id=33996 latency=0.880557 ms (tx_ts=157112824633828, rx_ts=157112825514385) request_id=460589 zil_blk_id=33996 ccf_commit_seqno=460589 nstreams_done_=8500 config.nstreams=20000 avg_latency=0.9866 ms avg throuhgput (requests/sec) = 82.3413 res=false
*==== INFO ====* req_id_count= 9000 stream_id=35996 latency=0.773847 ms (tx_ts=157118870258215, rx_ts=157118871032062) request_id=487603 zil_blk_id=35996 ccf_commit_seqno=487603 nstreams_done_=9000 config.nstreams=20000 avg_latency=0.9861 ms avg throuhgput (requests/sec) = 82.3615 res=false
*==== INFO ====* req_id_count= 9500 stream_id=37996 latency=0.905413 ms (tx_ts=157124919484604, rx_ts=157124920390017) request_id=514612 zil_blk_id=37996 ccf_commit_seqno=514612 nstreams_done_=9500 config.nstreams=20000 avg_latency=0.9864 ms avg throuhgput (requests/sec) = 82.3768 res=false
*==== INFO ====* req_id_count= 10000 stream_id=39996 latency=0.884173 ms (tx_ts=157130980517607, rx_ts=157130981401780) request_id=541769 zil_blk_id=39996 ccf_commit_seqno=541769 nstreams_done_=10000 config.nstreams=20000 avg_latency=0.9875 ms avg throuhgput (requests/sec) = 82.3826 res=false
*==== INFO ====* req_id_count= 10500 stream_id=41996 latency=0.843267 ms (tx_ts=157137001460430, rx_ts=157137002303697) request_id=568803 zil_blk_id=41996 ccf_commit_seqno=568805 nstreams_done_=10500 config.nstreams=20000 avg_latency=0.9857 ms avg throuhgput (requests/sec) = 82.4139 res=false
*==== INFO ====* req_id_count= 11000 stream_id=43996 latency=0.760652 ms (tx_ts=157143050496134, rx_ts=157143051256786) request_id=595915 zil_blk_id=43996 ccf_commit_seqno=595915 nstreams_done_=11000 config.nstreams=20000 avg_latency=0.9849 ms avg throuhgput (requests/sec) = 82.4250 res=false
*==== INFO ====* req_id_count= 11500 stream_id=45996 latency=0.759941 ms (tx_ts=157149107342429, rx_ts=157149108102370) request_id=623051 zil_blk_id=45996 ccf_commit_seqno=623051 nstreams_done_=11500 config.nstreams=20000 avg_latency=0.9850 ms avg throuhgput (requests/sec) = 82.4305 res=false
*==== INFO ====* req_id_count= 12000 stream_id=47996 latency=1.042527 ms (tx_ts=157155149493463, rx_ts=157155150535990) request_id=650173 zil_blk_id=47996 ccf_commit_seqno=650178 nstreams_done_=12000 config.nstreams=20000 avg_latency=0.9838 ms avg throuhgput (requests/sec) = 82.4437 res=false
*==== INFO ====* req_id_count= 12500 stream_id=49996 latency=0.874696 ms (tx_ts=157161180018473, rx_ts=157161180893169) request_id=677225 zil_blk_id=49996 ccf_commit_seqno=677227 nstreams_done_=12500 config.nstreams=20000 avg_latency=0.9819 ms avg throuhgput (requests/sec) = 82.4624 res=false
*==== INFO ====* req_id_count= 13000 stream_id=51996 latency=0.711741 ms (tx_ts=157167208376568, rx_ts=157167209088309) request_id=704244 zil_blk_id=51996 ccf_commit_seqno=704244 nstreams_done_=13000 config.nstreams=20000 avg_latency=0.9806 ms avg throuhgput (requests/sec) = 82.4808 res=false
*==== INFO ====* req_id_count= 13500 stream_id=53996 latency=1.014857 ms (tx_ts=157173260061535, rx_ts=157173261076392) request_id=731390 zil_blk_id=53996 ccf_commit_seqno=731392 nstreams_done_=13500 config.nstreams=20000 avg_latency=0.9808 ms avg throuhgput (requests/sec) = 82.4858 res=false
*==== INFO ====* req_id_count= 14000 stream_id=55996 latency=0.805686 ms (tx_ts=157179317398241, rx_ts=157179318203927) request_id=758445 zil_blk_id=55996 ccf_commit_seqno=758445 nstreams_done_=14000 config.nstreams=20000 avg_latency=0.9824 ms avg throuhgput (requests/sec) = 82.4880 res=false
*==== INFO ====* req_id_count= 14500 stream_id=57996 latency=1.082154 ms (tx_ts=157185339451049, rx_ts=157185340533203) request_id=785453 zil_blk_id=57996 ccf_commit_seqno=785455 nstreams_done_=14500 config.nstreams=20000 avg_latency=0.9814 ms avg throuhgput (requests/sec) = 82.5064 res=false
*==== INFO ====* req_id_count= 15000 stream_id=59996 latency=1.059060 ms (tx_ts=157191337831448, rx_ts=157191338890508) request_id=812395 zil_blk_id=59996 ccf_commit_seqno=812395 nstreams_done_=15000 config.nstreams=20000 avg_latency=0.9799 ms avg throuhgput (requests/sec) = 82.5345 res=false
*==== INFO ====* req_id_count= 15500 stream_id=61996 latency=1.040565 ms (tx_ts=157197356623441, rx_ts=157197357664006) request_id=839342 zil_blk_id=61996 ccf_commit_seqno=839343 nstreams_done_=15500 config.nstreams=20000 avg_latency=0.9800 ms avg throuhgput (requests/sec) = 82.5517 res=false
*==== INFO ====* req_id_count= 16000 stream_id=63996 latency=0.747108 ms (tx_ts=157203355092303, rx_ts=157203355839411) request_id=866252 zil_blk_id=63996 ccf_commit_seqno=866252 nstreams_done_=16000 config.nstreams=20000 avg_latency=0.9796 ms avg throuhgput (requests/sec) = 82.5767 res=false
*==== INFO ====* req_id_count= 16500 stream_id=65996 latency=0.975754 ms (tx_ts=157209342467214, rx_ts=157209343442968) request_id=893166 zil_blk_id=65996 ccf_commit_seqno=893166 nstreams_done_=16500 config.nstreams=20000 avg_latency=0.9791 ms avg throuhgput (requests/sec) = 82.6046 res=false
*==== INFO ====* req_id_count= 17000 stream_id=67996 latency=0.871462 ms (tx_ts=157215344853871, rx_ts=157215345725333) request_id=920127 zil_blk_id=67996 ccf_commit_seqno=920127 nstreams_done_=17000 config.nstreams=20000 avg_latency=0.9787 ms avg throuhgput (requests/sec) = 82.6249 res=false
*==== INFO ====* req_id_count= 17500 stream_id=69996 latency=0.780730 ms (tx_ts=157221361455262, rx_ts=157221362235992) request_id=947102 zil_blk_id=69996 ccf_commit_seqno=947102 nstreams_done_=17500 config.nstreams=20000 avg_latency=0.9790 ms avg throuhgput (requests/sec) = 82.6385 res=false
*==== INFO ====* req_id_count= 18000 stream_id=71996 latency=0.899241 ms (tx_ts=157227354612910, rx_ts=157227355512151) request_id=974021 zil_blk_id=71996 ccf_commit_seqno=974021 nstreams_done_=18000 config.nstreams=20000 avg_latency=0.9785 ms avg throuhgput (requests/sec) = 82.6602 res=false
*==== INFO ====* req_id_count= 18500 stream_id=73996 latency=1.113212 ms (tx_ts=157233356916572, rx_ts=157233358029784) request_id=1000923 zil_blk_id=73996 ccf_commit_seqno=1000924 nstreams_done_=18500 config.nstreams=20000 avg_latency=0.9788 ms avg throuhgput (requests/sec) = 82.6773 res=false
*==== INFO ====* req_id_count= 19000 stream_id=75996 latency=0.776934 ms (tx_ts=157239365865432, rx_ts=157239366642366) request_id=1025553 zil_blk_id=75996 ccf_commit_seqno=1025553 nstreams_done_=19000 config.nstreams=20000 avg_latency=0.9789 ms avg throuhgput (requests/sec) = 82.6914 res=false
*==== INFO ====* req_id_count= 19500 stream_id=77996 latency=0.799415 ms (tx_ts=157245362844774, rx_ts=157245363644189) request_id=1037619 zil_blk_id=77996 ccf_commit_seqno=1037619 nstreams_done_=19500 config.nstreams=20000 avg_latency=0.9765 ms avg throuhgput (requests/sec) = 82.7088 res=false
*==== INFO ====* http_end_stream ALL streams done! nstreams_done_=20000 avg_latency=0.9782 msreq_id_count= 20000
*==== INFO ====* req_id_count= 20000 stream_id=79996 latency=1.269775 ms (tx_ts=157251603098152, rx_ts=157251604367927) request_id=1040000 zil_blk_id=79996 ccf_commit_seqno=1040000 nstreams_done_=20000 config.nstreams=20000 avg_latency=0.9782 ms avg throuhgput (requests/sec) = 82.6420 res=true
