Uniform: 851060 356267 575891 512374 461354 
Exponential: -2147483648 -2147483648 -2147483648 -2147483648 -2147483648 
Truncated Normal: 899326 224710 803086 602019 907288 
*==== INFO ====* req_id_count= 500 stream_id=1996 latency=0.650517 ms (tx_ts=157015411018263, rx_ts=157015411668780) request_id=25435 zil_blk_id=1996 ccf_commit_seqno=25435 nstreams_done_=500 config.nstreams=20000 avg_latency=0.7850 ms avg throuhgput (requests/sec) = 85.7082 res=false
*==== INFO ====* req_id_count= 1000 stream_id=3996 latency=0.735426 ms (tx_ts=157021233429195, rx_ts=157021234164621) request_id=51297 zil_blk_id=3996 ccf_commit_seqno=51298 nstreams_done_=1000 config.nstreams=20000 avg_latency=0.7782 ms avg throuhgput (requests/sec) = 85.7910 res=false
*==== INFO ====* req_id_count= 1500 stream_id=5996 latency=0.934699 ms (tx_ts=157027042533552, rx_ts=157027043468251) request_id=77161 zil_blk_id=5996 ccf_commit_seqno=77163 nstreams_done_=1500 config.nstreams=20000 avg_latency=0.7889 ms avg throuhgput (requests/sec) = 85.8834 res=false
*==== INFO ====* req_id_count= 2000 stream_id=7996 latency=0.660166 ms (tx_ts=157032881383165, rx_ts=157032882043331) request_id=103123 zil_blk_id=7996 ccf_commit_seqno=103123 nstreams_done_=2000 config.nstreams=20000 avg_latency=0.7964 ms avg throuhgput (requests/sec) = 85.8217 res=false
*==== INFO ====* req_id_count= 2500 stream_id=9996 latency=0.637983 ms (tx_ts=157038693835569, rx_ts=157038694473552) request_id=129102 zil_blk_id=9996 ccf_commit_seqno=129102 nstreams_done_=2500 config.nstreams=20000 avg_latency=0.7931 ms avg throuhgput (requests/sec) = 85.8618 res=false
*==== INFO ====* req_id_count= 3000 stream_id=11996 latency=0.614810 ms (tx_ts=157044490552845, rx_ts=157044491167655) request_id=154992 zil_blk_id=11996 ccf_commit_seqno=154992 nstreams_done_=3000 config.nstreams=20000 avg_latency=0.7936 ms avg throuhgput (requests/sec) = 85.9273 res=false
*==== INFO ====* req_id_count= 3500 stream_id=13996 latency=0.583777 ms (tx_ts=157050272623463, rx_ts=157050273207240) request_id=180831 zil_blk_id=13996 ccf_commit_seqno=180831 nstreams_done_=3500 config.nstreams=20000 avg_latency=0.7900 ms avg throuhgput (requests/sec) = 86.0051 res=false
*==== INFO ====* req_id_count= 4000 stream_id=15996 latency=0.702899 ms (tx_ts=157056091333804, rx_ts=157056092036703) request_id=206790 zil_blk_id=15996 ccf_commit_seqno=206791 nstreams_done_=4000 config.nstreams=20000 avg_latency=0.7963 ms avg throuhgput (requests/sec) = 85.9954 res=false
*==== INFO ====* req_id_count= 4500 stream_id=17996 latency=0.605020 ms (tx_ts=157061869224774, rx_ts=157061869829794) request_id=232612 zil_blk_id=17996 ccf_commit_seqno=232612 nstreams_done_=4500 config.nstreams=20000 avg_latency=0.7974 ms avg throuhgput (requests/sec) = 86.0554 res=false
*==== INFO ====* req_id_count= 5000 stream_id=19996 latency=0.884076 ms (tx_ts=157067636630784, rx_ts=157067637514860) request_id=258404 zil_blk_id=19996 ccf_commit_seqno=258404 nstreams_done_=5000 config.nstreams=20000 avg_latency=0.7964 ms avg throuhgput (requests/sec) = 86.1184 res=false
*==== INFO ====* req_id_count= 5500 stream_id=21996 latency=0.758358 ms (tx_ts=157073470663722, rx_ts=157073471422080) request_id=284454 zil_blk_id=21996 ccf_commit_seqno=284455 nstreams_done_=5500 config.nstreams=20000 avg_latency=0.8017 ms avg throuhgput (requests/sec) = 86.0807 res=false
*==== INFO ====* req_id_count= 6000 stream_id=23996 latency=0.878142 ms (tx_ts=157079223938448, rx_ts=157079224816590) request_id=310208 zil_blk_id=23996 ccf_commit_seqno=310211 nstreams_done_=6000 config.nstreams=20000 avg_latency=0.7992 ms avg throuhgput (requests/sec) = 86.1489 res=false
*==== INFO ====* req_id_count= 6500 stream_id=25996 latency=1.911335 ms (tx_ts=157085005192955, rx_ts=157085007104290) request_id=336115 zil_blk_id=25996 ccf_commit_seqno=336121 nstreams_done_=6500 config.nstreams=20000 avg_latency=0.7971 ms avg throuhgput (requests/sec) = 86.1735 res=false
*==== INFO ====* req_id_count= 7000 stream_id=27996 latency=0.620049 ms (tx_ts=157090766607209, rx_ts=157090767227258) request_id=361938 zil_blk_id=27996 ccf_commit_seqno=361938 nstreams_done_=7000 config.nstreams=20000 avg_latency=0.7965 ms avg throuhgput (requests/sec) = 86.2183 res=false
*==== INFO ====* req_id_count= 7500 stream_id=29996 latency=0.822408 ms (tx_ts=157096532230212, rx_ts=157096533052620) request_id=387750 zil_blk_id=29996 ccf_commit_seqno=387751 nstreams_done_=7500 config.nstreams=20000 avg_latency=0.7969 ms avg throuhgput (requests/sec) = 86.2514 res=false
*==== INFO ====* req_id_count= 8000 stream_id=31996 latency=0.855049 ms (tx_ts=157102314098742, rx_ts=157102314953791) request_id=413585 zil_blk_id=31996 ccf_commit_seqno=413585 nstreams_done_=8000 config.nstreams=20000 avg_latency=0.7974 ms avg throuhgput (requests/sec) = 86.2654 res=false
*==== INFO ====* req_id_count= 8500 stream_id=33996 latency=0.573331 ms (tx_ts=157108071166487, rx_ts=157108071739818) request_id=439337 zil_blk_id=33996 ccf_commit_seqno=439337 nstreams_done_=8500 config.nstreams=20000 avg_latency=0.7978 ms avg throuhgput (requests/sec) = 86.2998 res=false
*==== INFO ====* req_id_count= 9000 stream_id=35996 latency=0.895104 ms (tx_ts=157113867478481, rx_ts=157113868373585) request_id=465258 zil_blk_id=35996 ccf_commit_seqno=465258 nstreams_done_=9000 config.nstreams=20000 avg_latency=0.7987 ms avg throuhgput (requests/sec) = 86.2975 res=false
*==== INFO ====* req_id_count= 9500 stream_id=37996 latency=0.815945 ms (tx_ts=157119660551891, rx_ts=157119661367836) request_id=491137 zil_blk_id=37996 ccf_commit_seqno=491137 nstreams_done_=9500 config.nstreams=20000 avg_latency=0.7993 ms avg throuhgput (requests/sec) = 86.2982 res=false
*==== INFO ====* req_id_count= 10000 stream_id=39996 latency=0.851021 ms (tx_ts=157125437439902, rx_ts=157125438290923) request_id=516933 zil_blk_id=39996 ccf_commit_seqno=516938 nstreams_done_=10000 config.nstreams=20000 avg_latency=0.7993 ms avg throuhgput (requests/sec) = 86.3108 res=false
*==== INFO ====* req_id_count= 10500 stream_id=41996 latency=0.509622 ms (tx_ts=157131215764457, rx_ts=157131216274079) request_id=542827 zil_blk_id=41996 ccf_commit_seqno=542827 nstreams_done_=10500 config.nstreams=20000 avg_latency=0.7999 ms avg throuhgput (requests/sec) = 86.3215 res=false
*==== INFO ====* req_id_count= 11000 stream_id=43996 latency=0.563674 ms (tx_ts=157136990485954, rx_ts=157136991049628) request_id=568754 zil_blk_id=43996 ccf_commit_seqno=568755 nstreams_done_=11000 config.nstreams=20000 avg_latency=0.7986 ms avg throuhgput (requests/sec) = 86.3333 res=false
*==== INFO ====* req_id_count= 11500 stream_id=45996 latency=0.585727 ms (tx_ts=157142747663018, rx_ts=157142748248745) request_id=594588 zil_blk_id=45996 ccf_commit_seqno=594588 nstreams_done_=11500 config.nstreams=20000 avg_latency=0.7960 ms avg throuhgput (requests/sec) = 86.3556 res=false
*==== INFO ====* req_id_count= 12000 stream_id=47996 latency=0.661857 ms (tx_ts=157148505621911, rx_ts=157148506283768) request_id=620341 zil_blk_id=47996 ccf_commit_seqno=620341 nstreams_done_=12000 config.nstreams=20000 avg_latency=0.7959 ms avg throuhgput (requests/sec) = 86.3755 res=false
*==== INFO ====* req_id_count= 12500 stream_id=49996 latency=0.650717 ms (tx_ts=157154226552453, rx_ts=157154227203170) request_id=646042 zil_blk_id=49996 ccf_commit_seqno=646042 nstreams_done_=12500 config.nstreams=20000 avg_latency=0.7940 ms avg throuhgput (requests/sec) = 86.4159 res=false
*==== INFO ====* req_id_count= 13000 stream_id=51996 latency=0.569134 ms (tx_ts=157159972459113, rx_ts=157159973028247) request_id=671807 zil_blk_id=51996 ccf_commit_seqno=671807 nstreams_done_=13000 config.nstreams=20000 avg_latency=0.7933 ms avg throuhgput (requests/sec) = 86.4390 res=false
*==== INFO ====* req_id_count= 13500 stream_id=53996 latency=0.535701 ms (tx_ts=157165760659180, rx_ts=157165761194881) request_id=697753 zil_blk_id=53996 ccf_commit_seqno=697753 nstreams_done_=13500 config.nstreams=20000 avg_latency=0.7929 ms avg throuhgput (requests/sec) = 86.4369 res=false
*==== INFO ====* req_id_count= 14000 stream_id=55996 latency=0.721549 ms (tx_ts=157171542695008, rx_ts=157171543416557) request_id=723675 zil_blk_id=55996 ccf_commit_seqno=723680 nstreams_done_=14000 config.nstreams=20000 avg_latency=0.7945 ms avg throuhgput (requests/sec) = 86.4382 res=false
*==== INFO ====* req_id_count= 14500 stream_id=57996 latency=0.552013 ms (tx_ts=157177355017320, rx_ts=157177355569333) request_id=749652 zil_blk_id=57996 ccf_commit_seqno=749652 nstreams_done_=14500 config.nstreams=20000 avg_latency=0.7957 ms avg throuhgput (requests/sec) = 86.4239 res=false
*==== INFO ====* req_id_count= 15000 stream_id=59996 latency=0.605913 ms (tx_ts=157183125019761, rx_ts=157183125625674) request_id=775485 zil_blk_id=59996 ccf_commit_seqno=775485 nstreams_done_=15000 config.nstreams=20000 avg_latency=0.7961 ms avg throuhgput (requests/sec) = 86.4316 res=false
*==== INFO ====* req_id_count= 15500 stream_id=61996 latency=0.822138 ms (tx_ts=157188861814415, rx_ts=157188862636553) request_id=801269 zil_blk_id=61996 ccf_commit_seqno=801269 nstreams_done_=15500 config.nstreams=20000 avg_latency=0.7947 ms avg throuhgput (requests/sec) = 86.4547 res=false
*==== INFO ====* req_id_count= 16000 stream_id=63996 latency=0.705739 ms (tx_ts=157194644095835, rx_ts=157194644801574) request_id=827181 zil_blk_id=63996 ccf_commit_seqno=827183 nstreams_done_=16000 config.nstreams=20000 avg_latency=0.7945 ms avg throuhgput (requests/sec) = 86.4552 res=false
*==== INFO ====* req_id_count= 16500 stream_id=65996 latency=0.689529 ms (tx_ts=157200385009341, rx_ts=157200385698870) request_id=852918 zil_blk_id=65996 ccf_commit_seqno=852918 nstreams_done_=16500 config.nstreams=20000 avg_latency=0.7939 ms avg throuhgput (requests/sec) = 86.4745 res=false
*==== INFO ====* req_id_count= 17000 stream_id=67996 latency=0.808021 ms (tx_ts=157206158419547, rx_ts=157206159227568) request_id=878848 zil_blk_id=67996 ccf_commit_seqno=878849 nstreams_done_=17000 config.nstreams=20000 avg_latency=0.7940 ms avg throuhgput (requests/sec) = 86.4782 res=false
*==== INFO ====* req_id_count= 17500 stream_id=69996 latency=0.821325 ms (tx_ts=157211910658429, rx_ts=157211911479754) request_id=904724 zil_blk_id=69996 ccf_commit_seqno=904724 nstreams_done_=17500 config.nstreams=20000 avg_latency=0.7937 ms avg throuhgput (requests/sec) = 86.4908 res=false
*==== INFO ====* req_id_count= 18000 stream_id=71996 latency=0.784136 ms (tx_ts=157217690367747, rx_ts=157217691151883) request_id=930645 zil_blk_id=71996 ccf_commit_seqno=930645 nstreams_done_=18000 config.nstreams=20000 avg_latency=0.7943 ms avg throuhgput (requests/sec) = 86.4914 res=false
*==== INFO ====* req_id_count= 18500 stream_id=73996 latency=0.783526 ms (tx_ts=157223495294130, rx_ts=157223496077656) request_id=956668 zil_blk_id=73996 ccf_commit_seqno=956668 nstreams_done_=18500 config.nstreams=20000 avg_latency=0.7943 ms avg throuhgput (requests/sec) = 86.4817 res=false
*==== INFO ====* req_id_count= 19000 stream_id=75996 latency=0.525523 ms (tx_ts=157229243224120, rx_ts=157229243749643) request_id=982509 zil_blk_id=75996 ccf_commit_seqno=982509 nstreams_done_=19000 config.nstreams=20000 avg_latency=0.7932 ms avg throuhgput (requests/sec) = 86.4950 res=false
*==== INFO ====* req_id_count= 19500 stream_id=77996 latency=0.889122 ms (tx_ts=157235052851505, rx_ts=157235053740627) request_id=1008489 zil_blk_id=77996 ccf_commit_seqno=1008490 nstreams_done_=19500 config.nstreams=20000 avg_latency=0.7939 ms avg throuhgput (requests/sec) = 86.4838 res=false
*==== INFO ====* http_end_stream ALL streams done! nstreams_done_=20000 avg_latency=0.7937 msreq_id_count= 20000
*==== INFO ====* req_id_count= 20000 stream_id=79996 latency=0.800148 ms (tx_ts=157240825168416, rx_ts=157240825968564) request_id=1029972 zil_blk_id=79996 ccf_commit_seqno=1029973 nstreams_done_=20000 config.nstreams=20000 avg_latency=0.7937 ms avg throuhgput (requests/sec) = 86.4872 res=true
