Uniform: 780930 634353 498198 695561 633135 
Exponential: -2147483648 -2147483648 -2147483648 -2147483648 -2147483648 
Truncated Normal: 645082 575236 130706 606096 352683 
*==== INFO ====* req_id_count= 500 stream_id=1996 latency=0.690512 ms (tx_ts=157015429466098, rx_ts=157015430156610) request_id=25513 zil_blk_id=1996 ccf_commit_seqno=25513 nstreams_done_=500 config.nstreams=20000 avg_latency=0.8386 ms avg throuhgput (requests/sec) = 85.5790 res=false
*==== INFO ====* req_id_count= 1000 stream_id=3996 latency=0.640648 ms (tx_ts=157021266429558, rx_ts=157021267070206) request_id=51439 zil_blk_id=3996 ccf_commit_seqno=51439 nstreams_done_=1000 config.nstreams=20000 avg_latency=0.8577 ms avg throuhgput (requests/sec) = 85.6203 res=false
*==== INFO ====* req_id_count= 1500 stream_id=5996 latency=0.785129 ms (tx_ts=157027104457125, rx_ts=157027105242254) request_id=77438 zil_blk_id=5996 ccf_commit_seqno=77438 nstreams_done_=1500 config.nstreams=20000 avg_latency=0.8516 ms avg throuhgput (requests/sec) = 85.6280 res=false
*==== INFO ====* req_id_count= 2000 stream_id=7996 latency=0.888514 ms (tx_ts=157032960992863, rx_ts=157032961881377) request_id=103477 zil_blk_id=7996 ccf_commit_seqno=103477 nstreams_done_=2000 config.nstreams=20000 avg_latency=0.8538 ms avg throuhgput (requests/sec) = 85.5641 res=false
*==== INFO ====* req_id_count= 2500 stream_id=9996 latency=0.656589 ms (tx_ts=157038788624031, rx_ts=157038789280620) request_id=129527 zil_blk_id=9996 ccf_commit_seqno=129527 nstreams_done_=2500 config.nstreams=20000 avg_latency=0.8469 ms avg throuhgput (requests/sec) = 85.6115 res=false
*==== INFO ====* req_id_count= 3000 stream_id=11996 latency=0.913669 ms (tx_ts=157044619805425, rx_ts=157044620719094) request_id=155568 zil_blk_id=11996 ccf_commit_seqno=155569 nstreams_done_=3000 config.nstreams=20000 avg_latency=0.8465 ms avg throuhgput (requests/sec) = 85.6333 res=false
*==== INFO ====* req_id_count= 3500 stream_id=13996 latency=0.947953 ms (tx_ts=157050453416475, rx_ts=157050454364428) request_id=181626 zil_blk_id=13996 ccf_commit_seqno=181628 nstreams_done_=3500 config.nstreams=20000 avg_latency=0.8450 ms avg throuhgput (requests/sec) = 85.6442 res=false
*==== INFO ====* req_id_count= 4000 stream_id=15996 latency=0.594743 ms (tx_ts=157056299980451, rx_ts=157056300575194) request_id=207725 zil_blk_id=15996 ccf_commit_seqno=207725 nstreams_done_=4000 config.nstreams=20000 avg_latency=0.8451 ms avg throuhgput (requests/sec) = 85.6293 res=false
*==== INFO ====* req_id_count= 4500 stream_id=17996 latency=0.744260 ms (tx_ts=157062114392975, rx_ts=157062115137235) request_id=233714 zil_blk_id=17996 ccf_commit_seqno=233714 nstreams_done_=4500 config.nstreams=20000 avg_latency=0.8436 ms avg throuhgput (requests/sec) = 85.6694 res=false
*==== INFO ====* req_id_count= 5000 stream_id=19996 latency=0.708826 ms (tx_ts=157067932914508, rx_ts=157067933623334) request_id=259732 zil_blk_id=19996 ccf_commit_seqno=259732 nstreams_done_=5000 config.nstreams=20000 avg_latency=0.8414 ms avg throuhgput (requests/sec) = 85.6956 res=false
*==== INFO ====* req_id_count= 5500 stream_id=21996 latency=0.658912 ms (tx_ts=157073766253422, rx_ts=157073766912334) request_id=285782 zil_blk_id=21996 ccf_commit_seqno=285782 nstreams_done_=5500 config.nstreams=20000 avg_latency=0.8397 ms avg throuhgput (requests/sec) = 85.6974 res=false
*==== INFO ====* req_id_count= 6000 stream_id=23996 latency=0.864507 ms (tx_ts=157079604247134, rx_ts=157079605111641) request_id=311914 zil_blk_id=23996 ccf_commit_seqno=311914 nstreams_done_=6000 config.nstreams=20000 avg_latency=0.8385 ms avg throuhgput (requests/sec) = 85.6928 res=false
*==== INFO ====* req_id_count= 6500 stream_id=25996 latency=0.760964 ms (tx_ts=157085428421728, rx_ts=157085429182692) request_id=338013 zil_blk_id=25996 ccf_commit_seqno=338014 nstreams_done_=6500 config.nstreams=20000 avg_latency=0.8372 ms avg throuhgput (requests/sec) = 85.7050 res=false
*==== INFO ====* req_id_count= 7000 stream_id=27996 latency=0.863295 ms (tx_ts=157091255039729, rx_ts=157091255903024) request_id=364128 zil_blk_id=27996 ccf_commit_seqno=364128 nstreams_done_=7000 config.nstreams=20000 avg_latency=0.8376 ms avg throuhgput (requests/sec) = 85.7126 res=false
*==== INFO ====* req_id_count= 7500 stream_id=29996 latency=0.955587 ms (tx_ts=157097069796557, rx_ts=157097070752144) request_id=390161 zil_blk_id=29996 ccf_commit_seqno=390161 nstreams_done_=7500 config.nstreams=20000 avg_latency=0.8373 ms avg throuhgput (requests/sec) = 85.7308 res=false
*==== INFO ====* req_id_count= 8000 stream_id=31996 latency=0.630749 ms (tx_ts=157102910614367, rx_ts=157102911245116) request_id=416250 zil_blk_id=31996 ccf_commit_seqno=416250 nstreams_done_=8000 config.nstreams=20000 avg_latency=0.8394 ms avg throuhgput (requests/sec) = 85.7232 res=false
*==== INFO ====* req_id_count= 8500 stream_id=33996 latency=0.902187 ms (tx_ts=157108706642278, rx_ts=157108707544465) request_id=442162 zil_blk_id=33996 ccf_commit_seqno=442163 nstreams_done_=8500 config.nstreams=20000 avg_latency=0.8385 ms avg throuhgput (requests/sec) = 85.7547 res=false
*==== INFO ====* req_id_count= 9000 stream_id=35996 latency=0.723192 ms (tx_ts=157114528010043, rx_ts=157114528733235) request_id=468219 zil_blk_id=35996 ccf_commit_seqno=468219 nstreams_done_=9000 config.nstreams=20000 avg_latency=0.8393 ms avg throuhgput (requests/sec) = 85.7624 res=false
*==== INFO ====* req_id_count= 9500 stream_id=37996 latency=0.870187 ms (tx_ts=157120365398334, rx_ts=157120366268521) request_id=494281 zil_blk_id=37996 ccf_commit_seqno=494282 nstreams_done_=9500 config.nstreams=20000 avg_latency=0.8407 ms avg throuhgput (requests/sec) = 85.7566 res=false
*==== INFO ====* req_id_count= 10000 stream_id=39996 latency=0.749742 ms (tx_ts=157126156794889, rx_ts=157126157544631) request_id=520170 zil_blk_id=39996 ccf_commit_seqno=520171 nstreams_done_=10000 config.nstreams=20000 avg_latency=0.8426 ms avg throuhgput (requests/sec) = 85.7854 res=false
*==== INFO ====* req_id_count= 10500 stream_id=41996 latency=0.701271 ms (tx_ts=157131977860171, rx_ts=157131978561442) request_id=546250 zil_blk_id=41996 ccf_commit_seqno=546251 nstreams_done_=10500 config.nstreams=20000 avg_latency=0.8434 ms avg throuhgput (requests/sec) = 85.7906 res=false
*==== INFO ====* req_id_count= 11000 stream_id=43996 latency=0.799004 ms (tx_ts=157137750108273, rx_ts=157137750907277) request_id=572174 zil_blk_id=43996 ccf_commit_seqno=572175 nstreams_done_=11000 config.nstreams=20000 avg_latency=0.8426 ms avg throuhgput (requests/sec) = 85.8280 res=false
*==== INFO ====* req_id_count= 11500 stream_id=45996 latency=0.892678 ms (tx_ts=157143510698544, rx_ts=157143511591222) request_id=597969 zil_blk_id=45996 ccf_commit_seqno=597971 nstreams_done_=11500 config.nstreams=20000 avg_latency=0.8426 ms avg throuhgput (requests/sec) = 85.8696 res=false
*==== INFO ====* req_id_count= 12000 stream_id=47996 latency=0.897138 ms (tx_ts=157149275773663, rx_ts=157149276670801) request_id=623809 zil_blk_id=47996 ccf_commit_seqno=623813 nstreams_done_=12000 config.nstreams=20000 avg_latency=0.8433 ms avg throuhgput (requests/sec) = 85.9051 res=false
*==== INFO ====* req_id_count= 12500 stream_id=49996 latency=0.690512 ms (tx_ts=157155089962411, rx_ts=157155090652923) request_id=649914 zil_blk_id=49996 ccf_commit_seqno=649914 nstreams_done_=12500 config.nstreams=20000 avg_latency=0.8421 ms avg throuhgput (requests/sec) = 85.9089 res=false
*==== INFO ====* req_id_count= 13000 stream_id=51996 latency=0.630810 ms (tx_ts=157160878292759, rx_ts=157160878923569) request_id=675878 zil_blk_id=51996 ccf_commit_seqno=675878 nstreams_done_=13000 config.nstreams=20000 avg_latency=0.8412 ms avg throuhgput (requests/sec) = 85.9269 res=false
*==== INFO ====* req_id_count= 13500 stream_id=53996 latency=0.822458 ms (tx_ts=157166660234123, rx_ts=157166661056581) request_id=701782 zil_blk_id=53996 ccf_commit_seqno=701782 nstreams_done_=13500 config.nstreams=20000 avg_latency=0.8401 ms avg throuhgput (requests/sec) = 85.9470 res=false
*==== INFO ====* req_id_count= 14000 stream_id=55996 latency=0.894363 ms (tx_ts=157172399136418, rx_ts=157172400030781) request_id=727537 zil_blk_id=55996 ccf_commit_seqno=727539 nstreams_done_=14000 config.nstreams=20000 avg_latency=0.8395 ms avg throuhgput (requests/sec) = 85.9885 res=false
*==== INFO ====* req_id_count= 14500 stream_id=57996 latency=0.911564 ms (tx_ts=157178179453944, rx_ts=157178180365508) request_id=753356 zil_blk_id=57996 ccf_commit_seqno=753356 nstreams_done_=14500 config.nstreams=20000 avg_latency=0.8414 ms avg throuhgput (requests/sec) = 86.0061 res=false
*==== INFO ====* req_id_count= 15000 stream_id=59996 latency=0.881279 ms (tx_ts=157183944377337, rx_ts=157183945258616) request_id=779183 zil_blk_id=59996 ccf_commit_seqno=779185 nstreams_done_=15000 config.nstreams=20000 avg_latency=0.8419 ms avg throuhgput (requests/sec) = 86.0301 res=false
*==== INFO ====* req_id_count= 15500 stream_id=61996 latency=0.872031 ms (tx_ts=157189698594614, rx_ts=157189699466645) request_id=805036 zil_blk_id=61996 ccf_commit_seqno=805037 nstreams_done_=15500 config.nstreams=20000 avg_latency=0.8416 ms avg throuhgput (requests/sec) = 86.0576 res=false
*==== INFO ====* req_id_count= 16000 stream_id=63996 latency=0.721860 ms (tx_ts=157195479391346, rx_ts=157195480113206) request_id=830903 zil_blk_id=63996 ccf_commit_seqno=830903 nstreams_done_=16000 config.nstreams=20000 avg_latency=0.8421 ms avg throuhgput (requests/sec) = 86.0712 res=false
*==== INFO ====* req_id_count= 16500 stream_id=65996 latency=0.612575 ms (tx_ts=157201251624502, rx_ts=157201252237077) request_id=856809 zil_blk_id=65996 ccf_commit_seqno=856809 nstreams_done_=16500 config.nstreams=20000 avg_latency=0.8422 ms avg throuhgput (requests/sec) = 86.0879 res=false
*==== INFO ====* req_id_count= 17000 stream_id=67996 latency=0.679039 ms (tx_ts=157206986186890, rx_ts=157206986865929) request_id=882571 zil_blk_id=67996 ccf_commit_seqno=882571 nstreams_done_=17000 config.nstreams=20000 avg_latency=0.8420 ms avg throuhgput (requests/sec) = 86.1199 res=false
*==== INFO ====* req_id_count= 17500 stream_id=69996 latency=0.873343 ms (tx_ts=157212740037884, rx_ts=157212740911227) request_id=908431 zil_blk_id=69996 ccf_commit_seqno=908434 nstreams_done_=17500 config.nstreams=20000 avg_latency=0.8415 ms avg throuhgput (requests/sec) = 86.1418 res=false
*==== INFO ====* req_id_count= 18000 stream_id=71996 latency=0.878300 ms (tx_ts=157218498670330, rx_ts=157218499548630) request_id=934276 zil_blk_id=71996 ccf_commit_seqno=934276 nstreams_done_=18000 config.nstreams=20000 avg_latency=0.8416 ms avg throuhgput (requests/sec) = 86.1607 res=false
*==== INFO ====* req_id_count= 18500 stream_id=73996 latency=1.003997 ms (tx_ts=157224259226466, rx_ts=157224260230463) request_id=960091 zil_blk_id=73996 ccf_commit_seqno=960091 nstreams_done_=18500 config.nstreams=20000 avg_latency=0.8418 ms avg throuhgput (requests/sec) = 86.1777 res=false
*==== INFO ====* req_id_count= 19000 stream_id=75996 latency=0.945799 ms (tx_ts=157230008668970, rx_ts=157230009614769) request_id=985948 zil_blk_id=75996 ccf_commit_seqno=985949 nstreams_done_=19000 config.nstreams=20000 avg_latency=0.8410 ms avg throuhgput (requests/sec) = 86.1983 res=false
*==== INFO ====* req_id_count= 19500 stream_id=77996 latency=1.753339 ms (tx_ts=157235762876632, rx_ts=157235764629971) request_id=1011500 zil_blk_id=77996 ccf_commit_seqno=1011500 nstreams_done_=19500 config.nstreams=20000 avg_latency=0.8408 ms avg throuhgput (requests/sec) = 86.2157 res=false
*==== INFO ====* http_end_stream ALL streams done! nstreams_done_=20000 avg_latency=0.8403 msreq_id_count= 20000
*==== INFO ====* req_id_count= 20000 stream_id=79996 latency=0.726299 ms (tx_ts=157241533127935, rx_ts=157241533854234) request_id=1031605 zil_blk_id=79996 ccf_commit_seqno=1031605 nstreams_done_=20000 config.nstreams=20000 avg_latency=0.8403 ms avg throuhgput (requests/sec) = 86.2269 res=true
