Uniform: 786194 318029 902027 777125 276960 
Exponential: -2147483648 -2147483648 -2147483648 -2147483648 -2147483648 
Truncated Normal: 603306 480953 584667 752105 752864 
*==== INFO ====* req_id_count= 500 stream_id=1996 latency=0.936227 ms (tx_ts=157015478782556, rx_ts=157015479718783) request_id=25728 zil_blk_id=1996 ccf_commit_seqno=25731 nstreams_done_=500 config.nstreams=20000 avg_latency=0.8434 ms avg throuhgput (requests/sec) = 84.7848 res=false
*==== INFO ====* req_id_count= 1000 stream_id=3996 latency=0.577540 ms (tx_ts=157021390824733, rx_ts=157021391402273) request_id=51990 zil_blk_id=3996 ccf_commit_seqno=51990 nstreams_done_=1000 config.nstreams=20000 avg_latency=0.8521 ms avg throuhgput (requests/sec) = 84.6814 res=false
*==== INFO ====* req_id_count= 1500 stream_id=5996 latency=0.608418 ms (tx_ts=157027285823823, rx_ts=157027286432241) request_id=78239 zil_blk_id=5996 ccf_commit_seqno=78239 nstreams_done_=1500 config.nstreams=20000 avg_latency=0.8617 ms avg throuhgput (requests/sec) = 84.7266 res=false
*==== INFO ====* req_id_count= 2000 stream_id=7996 latency=0.927861 ms (tx_ts=157033164055100, rx_ts=157033164982961) request_id=104377 zil_blk_id=7996 ccf_commit_seqno=104380 nstreams_done_=2000 config.nstreams=20000 avg_latency=0.8653 ms avg throuhgput (requests/sec) = 84.8085 res=false
*==== INFO ====* req_id_count= 2500 stream_id=9996 latency=0.701122 ms (tx_ts=157039028686098, rx_ts=157039029387220) request_id=130585 zil_blk_id=9996 ccf_commit_seqno=130585 nstreams_done_=2500 config.nstreams=20000 avg_latency=0.8550 ms avg throuhgput (requests/sec) = 84.8984 res=false
*==== INFO ====* req_id_count= 3000 stream_id=11996 latency=0.899984 ms (tx_ts=157044906931913, rx_ts=157044907831897) request_id=156846 zil_blk_id=11996 ccf_commit_seqno=156847 nstreams_done_=3000 config.nstreams=20000 avg_latency=0.8495 ms avg throuhgput (requests/sec) = 84.9247 res=false
*==== INFO ====* req_id_count= 3500 stream_id=13996 latency=0.841615 ms (tx_ts=157050772627465, rx_ts=157050773469080) request_id=183046 zil_blk_id=13996 ccf_commit_seqno=183047 nstreams_done_=3500 config.nstreams=20000 avg_latency=0.8475 ms avg throuhgput (requests/sec) = 84.9699 res=false
*==== INFO ====* req_id_count= 4000 stream_id=15996 latency=1.082444 ms (tx_ts=157056655134133, rx_ts=157056656216577) request_id=209302 zil_blk_id=15996 ccf_commit_seqno=209306 nstreams_done_=4000 config.nstreams=20000 avg_latency=0.8510 ms avg throuhgput (requests/sec) = 84.9730 res=false
*==== INFO ====* req_id_count= 4500 stream_id=17996 latency=0.766913 ms (tx_ts=157062555371636, rx_ts=157062556138549) request_id=235677 zil_blk_id=17996 ccf_commit_seqno=235677 nstreams_done_=4500 config.nstreams=20000 avg_latency=0.8500 ms avg throuhgput (requests/sec) = 84.9478 res=false
*==== INFO ====* req_id_count= 5000 stream_id=19996 latency=0.928486 ms (tx_ts=157068445120858, rx_ts=157068446049344) request_id=262017 zil_blk_id=19996 ccf_commit_seqno=262017 nstreams_done_=5000 config.nstreams=20000 avg_latency=0.8497 ms avg throuhgput (requests/sec) = 84.9421 res=false
*==== INFO ====* req_id_count= 5500 stream_id=21996 latency=0.853966 ms (tx_ts=157074353210654, rx_ts=157074354064620) request_id=288400 zil_blk_id=21996 ccf_commit_seqno=288405 nstreams_done_=5500 config.nstreams=20000 avg_latency=0.8538 ms avg throuhgput (requests/sec) = 84.9137 res=false
*==== INFO ====* req_id_count= 6000 stream_id=23996 latency=0.684750 ms (tx_ts=157080248436409, rx_ts=157080249121159) request_id=314801 zil_blk_id=23996 ccf_commit_seqno=314801 nstreams_done_=6000 config.nstreams=20000 avg_latency=0.8512 ms avg throuhgput (requests/sec) = 84.9056 res=false
*==== INFO ====* req_id_count= 6500 stream_id=25996 latency=0.728814 ms (tx_ts=157086112947456, rx_ts=157086113676270) request_id=341082 zil_blk_id=25996 ccf_commit_seqno=341083 nstreams_done_=6500 config.nstreams=20000 avg_latency=0.8492 ms avg throuhgput (requests/sec) = 84.9326 res=false
*==== INFO ====* req_id_count= 7000 stream_id=27996 latency=0.613969 ms (tx_ts=157091959248093, rx_ts=157091959862062) request_id=367272 zil_blk_id=27996 ccf_commit_seqno=367272 nstreams_done_=7000 config.nstreams=20000 avg_latency=0.8463 ms avg throuhgput (requests/sec) = 84.9747 res=false
*==== INFO ====* req_id_count= 7500 stream_id=29996 latency=0.799996 ms (tx_ts=157097842588483, rx_ts=157097843388479) request_id=393623 zil_blk_id=29996 ccf_commit_seqno=393626 nstreams_done_=7500 config.nstreams=20000 avg_latency=0.8449 ms avg throuhgput (requests/sec) = 84.9753 res=false
*==== INFO ====* req_id_count= 8000 stream_id=31996 latency=0.953612 ms (tx_ts=157103717723196, rx_ts=157103718676808) request_id=419859 zil_blk_id=31996 ccf_commit_seqno=419864 nstreams_done_=8000 config.nstreams=20000 avg_latency=0.8448 ms avg throuhgput (requests/sec) = 84.9832 res=false
*==== INFO ====* req_id_count= 8500 stream_id=33996 latency=1.738230 ms (tx_ts=157109607589271, rx_ts=157109609327501) request_id=446201 zil_blk_id=33996 ccf_commit_seqno=446201 nstreams_done_=8500 config.nstreams=20000 avg_latency=0.8456 ms avg throuhgput (requests/sec) = 84.9771 res=false
*==== INFO ====* req_id_count= 9000 stream_id=35996 latency=0.883066 ms (tx_ts=157115492207864, rx_ts=157115493090930) request_id=472544 zil_blk_id=35996 ccf_commit_seqno=472545 nstreams_done_=9000 config.nstreams=20000 avg_latency=0.8463 ms avg throuhgput (requests/sec) = 84.9773 res=false
*==== INFO ====* req_id_count= 9500 stream_id=37996 latency=0.773655 ms (tx_ts=157121411677943, rx_ts=157121412451598) request_id=498896 zil_blk_id=37996 ccf_commit_seqno=498896 nstreams_done_=9500 config.nstreams=20000 avg_latency=0.8488 ms avg throuhgput (requests/sec) = 84.9504 res=false
*==== INFO ====* req_id_count= 10000 stream_id=39996 latency=0.757704 ms (tx_ts=157127310576500, rx_ts=157127311334204) request_id=525302 zil_blk_id=39996 ccf_commit_seqno=525302 nstreams_done_=10000 config.nstreams=20000 avg_latency=0.8505 ms avg throuhgput (requests/sec) = 84.9409 res=false
*==== INFO ====* req_id_count= 10500 stream_id=41996 latency=0.763647 ms (tx_ts=157133212352583, rx_ts=157133213116230) request_id=551783 zil_blk_id=41996 ccf_commit_seqno=551784 nstreams_done_=10500 config.nstreams=20000 avg_latency=0.8504 ms avg throuhgput (requests/sec) = 84.9304 res=false
*==== INFO ====* req_id_count= 11000 stream_id=43996 latency=0.869045 ms (tx_ts=157139084555848, rx_ts=157139085424893) request_id=578174 zil_blk_id=43996 ccf_commit_seqno=578174 nstreams_done_=11000 config.nstreams=20000 avg_latency=0.8492 ms avg throuhgput (requests/sec) = 84.9401 res=false
*==== INFO ====* req_id_count= 11500 stream_id=45996 latency=0.691854 ms (tx_ts=157144964263975, rx_ts=157144964955829) request_id=604490 zil_blk_id=45996 ccf_commit_seqno=604491 nstreams_done_=11500 config.nstreams=20000 avg_latency=0.8488 ms avg throuhgput (requests/sec) = 84.9445 res=false
*==== INFO ====* req_id_count= 12000 stream_id=47996 latency=0.693567 ms (tx_ts=157150854650063, rx_ts=157150855343630) request_id=630914 zil_blk_id=47996 ccf_commit_seqno=630915 nstreams_done_=12000 config.nstreams=20000 avg_latency=0.8476 ms avg throuhgput (requests/sec) = 84.9420 res=false
*==== INFO ====* req_id_count= 12500 stream_id=49996 latency=0.662459 ms (tx_ts=157156756283311, rx_ts=157156756945770) request_id=657376 zil_blk_id=49996 ccf_commit_seqno=657377 nstreams_done_=12500 config.nstreams=20000 avg_latency=0.8468 ms avg throuhgput (requests/sec) = 84.9332 res=false
*==== INFO ====* req_id_count= 13000 stream_id=51996 latency=0.897859 ms (tx_ts=157162646872363, rx_ts=157162647770222) request_id=683809 zil_blk_id=51996 ccf_commit_seqno=683810 nstreams_done_=13000 config.nstreams=20000 avg_latency=0.8464 ms avg throuhgput (requests/sec) = 84.9311 res=false
*==== INFO ====* req_id_count= 13500 stream_id=53996 latency=0.860929 ms (tx_ts=157168525989782, rx_ts=157168526850711) request_id=710154 zil_blk_id=53996 ccf_commit_seqno=710154 nstreams_done_=13500 config.nstreams=20000 avg_latency=0.8460 ms avg throuhgput (requests/sec) = 84.9354 res=false
*==== INFO ====* req_id_count= 14000 stream_id=55996 latency=0.907698 ms (tx_ts=157174417826057, rx_ts=157174418733755) request_id=736575 zil_blk_id=55996 ccf_commit_seqno=736577 nstreams_done_=14000 config.nstreams=20000 avg_latency=0.8461 ms avg throuhgput (requests/sec) = 84.9327 res=false
*==== INFO ====* req_id_count= 14500 stream_id=57996 latency=0.884514 ms (tx_ts=157180308011391, rx_ts=157180308895905) request_id=762892 zil_blk_id=57996 ccf_commit_seqno=762894 nstreams_done_=14500 config.nstreams=20000 avg_latency=0.8463 ms avg throuhgput (requests/sec) = 84.9312 res=false
*==== INFO ====* req_id_count= 15000 stream_id=59996 latency=0.720267 ms (tx_ts=157186174440998, rx_ts=157186175161265) request_id=789215 zil_blk_id=59996 ccf_commit_seqno=789215 nstreams_done_=15000 config.nstreams=20000 avg_latency=0.8456 ms avg throuhgput (requests/sec) = 84.9412 res=false
*==== INFO ====* req_id_count= 15500 stream_id=61996 latency=1.001423 ms (tx_ts=157192067276089, rx_ts=157192068277512) request_id=815624 zil_blk_id=61996 ccf_commit_seqno=815625 nstreams_done_=15500 config.nstreams=20000 avg_latency=0.8461 ms avg throuhgput (requests/sec) = 84.9381 res=false
*==== INFO ====* req_id_count= 16000 stream_id=63996 latency=0.900774 ms (tx_ts=157197931281318, rx_ts=157197932182092) request_id=841920 zil_blk_id=63996 ccf_commit_seqno=841925 nstreams_done_=16000 config.nstreams=20000 avg_latency=0.8455 ms avg throuhgput (requests/sec) = 84.9483 res=false
*==== INFO ====* req_id_count= 16500 stream_id=65996 latency=0.785732 ms (tx_ts=157203794583567, rx_ts=157203795369299) request_id=868222 zil_blk_id=65996 ccf_commit_seqno=868223 nstreams_done_=16500 config.nstreams=20000 avg_latency=0.8452 ms avg throuhgput (requests/sec) = 84.9583 res=false
*==== INFO ====* req_id_count= 17000 stream_id=67996 latency=0.924599 ms (tx_ts=157209645792128, rx_ts=157209646716727) request_id=894532 zil_blk_id=67996 ccf_commit_seqno=894535 nstreams_done_=17000 config.nstreams=20000 avg_latency=0.8443 ms avg throuhgput (requests/sec) = 84.9727 res=false
*==== INFO ====* req_id_count= 17500 stream_id=69996 latency=0.700329 ms (tx_ts=157215526074740, rx_ts=157215526775069) request_id=920946 zil_blk_id=69996 ccf_commit_seqno=920946 nstreams_done_=17500 config.nstreams=20000 avg_latency=0.8446 ms avg throuhgput (requests/sec) = 84.9744 res=false
*==== INFO ====* req_id_count= 18000 stream_id=71996 latency=1.078266 ms (tx_ts=157221401785543, rx_ts=157221402863809) request_id=947284 zil_blk_id=71996 ccf_commit_seqno=947287 nstreams_done_=18000 config.nstreams=20000 avg_latency=0.8439 ms avg throuhgput (requests/sec) = 84.9776 res=false
*==== INFO ====* req_id_count= 18500 stream_id=73996 latency=0.952148 ms (tx_ts=157227250695603, rx_ts=157227251647751) request_id=973551 zil_blk_id=73996 ccf_commit_seqno=973556 nstreams_done_=18500 config.nstreams=20000 avg_latency=0.8438 ms avg throuhgput (requests/sec) = 84.9913 res=false
*==== INFO ====* req_id_count= 19000 stream_id=75996 latency=0.842763 ms (tx_ts=157233111089102, rx_ts=157233111931865) request_id=999845 zil_blk_id=75996 ccf_commit_seqno=999847 nstreams_done_=19000 config.nstreams=20000 avg_latency=0.8435 ms avg throuhgput (requests/sec) = 85.0000 res=false
*==== INFO ====* req_id_count= 19500 stream_id=77996 latency=0.696674 ms (tx_ts=157238968263141, rx_ts=157238968959815) request_id=1024165 zil_blk_id=77996 ccf_commit_seqno=1024165 nstreams_done_=19500 config.nstreams=20000 avg_latency=0.8427 ms avg throuhgput (requests/sec) = 85.0094 res=false
*==== INFO ====* http_end_stream ALL streams done! nstreams_done_=20000 avg_latency=0.8404 msreq_id_count= 20000
*==== INFO ====* req_id_count= 20000 stream_id=79996 latency=0.617866 ms (tx_ts=157244870174402, rx_ts=157244870792268) request_id=1037107 zil_blk_id=79996 ccf_commit_seqno=1037107 nstreams_done_=20000 config.nstreams=20000 avg_latency=0.8404 ms avg throuhgput (requests/sec) = 85.0021 res=true
