Uniform: 796050 661677 597235 117136 938002 
Exponential: -2147483648 -2147483648 -2147483648 -2147483648 -2147483648 
Truncated Normal: 447631 695969 522975 892863 544894 
*==== INFO ====* req_id_count= 500 stream_id=1996 latency=1.021921 ms (tx_ts=157015573358594, rx_ts=157015574380515) request_id=26137 zil_blk_id=1996 ccf_commit_seqno=26138 nstreams_done_=500 config.nstreams=20000 avg_latency=0.9362 ms avg throuhgput (requests/sec) = 83.5705 res=false
*==== INFO ====* req_id_count= 1000 stream_id=3996 latency=0.973752 ms (tx_ts=157021524404460, rx_ts=157021525378212) request_id=52575 zil_blk_id=3996 ccf_commit_seqno=52576 nstreams_done_=1000 config.nstreams=20000 avg_latency=0.9482 ms avg throuhgput (requests/sec) = 83.7944 res=false
*==== INFO ====* req_id_count= 1500 stream_id=5996 latency=1.060234 ms (tx_ts=157027445249149, rx_ts=157027446309383) request_id=78944 zil_blk_id=5996 ccf_commit_seqno=78945 nstreams_done_=1500 config.nstreams=20000 avg_latency=0.9533 ms avg throuhgput (requests/sec) = 84.0105 res=false
*==== INFO ====* req_id_count= 2000 stream_id=7996 latency=0.733384 ms (tx_ts=157033405799631, rx_ts=157033406533015) request_id=105452 zil_blk_id=7996 ccf_commit_seqno=105452 nstreams_done_=2000 config.nstreams=20000 avg_latency=0.9714 ms avg throuhgput (requests/sec) = 83.9802 res=false
*==== INFO ====* req_id_count= 2500 stream_id=9996 latency=0.980796 ms (tx_ts=157039337689994, rx_ts=157039338670790) request_id=131956 zil_blk_id=9996 ccf_commit_seqno=131956 nstreams_done_=2500 config.nstreams=20000 avg_latency=0.9690 ms avg throuhgput (requests/sec) = 84.0413 res=false
*==== INFO ====* req_id_count= 3000 stream_id=11996 latency=0.726881 ms (tx_ts=157045241794900, rx_ts=157045242521781) request_id=158344 zil_blk_id=11996 ccf_commit_seqno=158344 nstreams_done_=3000 config.nstreams=20000 avg_latency=0.9644 ms avg throuhgput (requests/sec) = 84.1488 res=false
*==== INFO ====* req_id_count= 3500 stream_id=13996 latency=0.957458 ms (tx_ts=157051195467181, rx_ts=157051196424639) request_id=184942 zil_blk_id=13996 ccf_commit_seqno=184943 nstreams_done_=3500 config.nstreams=20000 avg_latency=0.9663 ms avg throuhgput (requests/sec) = 84.1245 res=false
*==== INFO ====* req_id_count= 4000 stream_id=15996 latency=0.962620 ms (tx_ts=157057141757688, rx_ts=157057142720308) request_id=211487 zil_blk_id=15996 ccf_commit_seqno=211487 nstreams_done_=4000 config.nstreams=20000 avg_latency=0.9732 ms avg throuhgput (requests/sec) = 84.1197 res=false
*==== INFO ====* req_id_count= 4500 stream_id=17996 latency=0.747426 ms (tx_ts=157063045567647, rx_ts=157063046315073) request_id=237868 zil_blk_id=17996 ccf_commit_seqno=237868 nstreams_done_=4500 config.nstreams=20000 avg_latency=0.9713 ms avg throuhgput (requests/sec) = 84.1831 res=false
*==== INFO ====* req_id_count= 5000 stream_id=19996 latency=0.749091 ms (tx_ts=157068966943949, rx_ts=157068967693040) request_id=264340 zil_blk_id=19996 ccf_commit_seqno=264340 nstreams_done_=5000 config.nstreams=20000 avg_latency=0.9689 ms avg throuhgput (requests/sec) = 84.2087 res=false
*==== INFO ====* req_id_count= 5500 stream_id=21996 latency=0.713884 ms (tx_ts=157074929044255, rx_ts=157074929758139) request_id=290981 zil_blk_id=21996 ccf_commit_seqno=290981 nstreams_done_=5500 config.nstreams=20000 avg_latency=0.9699 ms avg throuhgput (requests/sec) = 84.1772 res=false
*==== INFO ====* req_id_count= 6000 stream_id=23996 latency=0.874846 ms (tx_ts=157080833060397, rx_ts=157080833935243) request_id=317427 zil_blk_id=23996 ccf_commit_seqno=317428 nstreams_done_=6000 config.nstreams=20000 avg_latency=0.9682 ms avg throuhgput (requests/sec) = 84.2194 res=false
*==== INFO ====* req_id_count= 6500 stream_id=25996 latency=0.921994 ms (tx_ts=157086756718288, rx_ts=157086757640282) request_id=343977 zil_blk_id=25996 ccf_commit_seqno=343979 nstreams_done_=6500 config.nstreams=20000 avg_latency=0.9671 ms avg throuhgput (requests/sec) = 84.2337 res=false
*==== INFO ====* req_id_count= 7000 stream_id=27996 latency=0.765613 ms (tx_ts=157092693274028, rx_ts=157092694039641) request_id=370555 zil_blk_id=27996 ccf_commit_seqno=370555 nstreams_done_=7000 config.nstreams=20000 avg_latency=0.9686 ms avg throuhgput (requests/sec) = 84.2332 res=false
*==== INFO ====* req_id_count= 7500 stream_id=29996 latency=1.037380 ms (tx_ts=157098597236547, rx_ts=157098598273927) request_id=397005 zil_blk_id=29996 ccf_commit_seqno=397007 nstreams_done_=7500 config.nstreams=20000 avg_latency=0.9688 ms avg throuhgput (requests/sec) = 84.2632 res=false
*==== INFO ====* req_id_count= 8000 stream_id=31996 latency=0.700450 ms (tx_ts=157104561537779, rx_ts=157104562238229) request_id=423624 zil_blk_id=31996 ccf_commit_seqno=423624 nstreams_done_=8000 config.nstreams=20000 avg_latency=0.9717 ms avg throuhgput (requests/sec) = 84.2364 res=false
*==== INFO ====* req_id_count= 8500 stream_id=33996 latency=2.332532 ms (tx_ts=157110510709200, rx_ts=157110513041732) request_id=450237 zil_blk_id=33996 ccf_commit_seqno=450239 nstreams_done_=8500 config.nstreams=20000 avg_latency=0.9735 ms avg throuhgput (requests/sec) = 84.2238 res=false
*==== INFO ====* req_id_count= 9000 stream_id=35996 latency=1.639606 ms (tx_ts=157116410232408, rx_ts=157116411872014) request_id=476675 zil_blk_id=35996 ccf_commit_seqno=476675 nstreams_done_=9000 config.nstreams=20000 avg_latency=0.9725 ms avg throuhgput (requests/sec) = 84.2535 res=false
*==== INFO ====* req_id_count= 9500 stream_id=37996 latency=0.939871 ms (tx_ts=157122402773761, rx_ts=157122403713632) request_id=503324 zil_blk_id=37996 ccf_commit_seqno=503326 nstreams_done_=9500 config.nstreams=20000 avg_latency=0.9753 ms avg throuhgput (requests/sec) = 84.2107 res=false
*==== INFO ====* req_id_count= 10000 stream_id=39996 latency=0.698867 ms (tx_ts=157128323537186, rx_ts=157128324236053) request_id=529848 zil_blk_id=39996 ccf_commit_seqno=529848 nstreams_done_=10000 config.nstreams=20000 avg_latency=0.9740 ms avg throuhgput (requests/sec) = 84.2227 res=false
*==== INFO ====* req_id_count= 10500 stream_id=41996 latency=0.940769 ms (tx_ts=157134210153097, rx_ts=157134211093866) request_id=556270 zil_blk_id=41996 ccf_commit_seqno=556271 nstreams_done_=10500 config.nstreams=20000 avg_latency=0.9709 ms avg throuhgput (requests/sec) = 84.2564 res=false
*==== INFO ====* req_id_count= 11000 stream_id=43996 latency=0.718945 ms (tx_ts=157140085987682, rx_ts=157140086706627) request_id=582666 zil_blk_id=43996 ccf_commit_seqno=582666 nstreams_done_=11000 config.nstreams=20000 avg_latency=0.9679 ms avg throuhgput (requests/sec) = 84.2942 res=false
*==== INFO ====* req_id_count= 11500 stream_id=45996 latency=1.070912 ms (tx_ts=157146024066319, rx_ts=157146025137231) request_id=609236 zil_blk_id=45996 ccf_commit_seqno=609236 nstreams_done_=11500 config.nstreams=20000 avg_latency=0.9678 ms avg throuhgput (requests/sec) = 84.2900 res=false
*==== INFO ====* req_id_count= 12000 stream_id=47996 latency=0.947272 ms (tx_ts=157151920461548, rx_ts=157151921408820) request_id=635694 zil_blk_id=47996 ccf_commit_seqno=635697 nstreams_done_=12000 config.nstreams=20000 avg_latency=0.9659 ms avg throuhgput (requests/sec) = 84.3111 res=false
*==== INFO ====* req_id_count= 12500 stream_id=49996 latency=0.739022 ms (tx_ts=157157825115219, rx_ts=157157825854241) request_id=662166 zil_blk_id=49996 ccf_commit_seqno=662166 nstreams_done_=12500 config.nstreams=20000 avg_latency=0.9645 ms avg throuhgput (requests/sec) = 84.3259 res=false
*==== INFO ====* req_id_count= 13000 stream_id=51996 latency=4.440233 ms (tx_ts=157163761407108, rx_ts=157163765847341) request_id=688801 zil_blk_id=51996 ccf_commit_seqno=688805 nstreams_done_=13000 config.nstreams=20000 avg_latency=0.9636 ms avg throuhgput (requests/sec) = 84.3201 res=false
*==== INFO ====* req_id_count= 13500 stream_id=53996 latency=0.825955 ms (tx_ts=157169670967246, rx_ts=157169671793201) request_id=715272 zil_blk_id=53996 ccf_commit_seqno=715272 nstreams_done_=13500 config.nstreams=20000 avg_latency=0.9631 ms avg throuhgput (requests/sec) = 84.3326 res=false
*==== INFO ====* req_id_count= 14000 stream_id=55996 latency=0.975073 ms (tx_ts=157175594754425, rx_ts=157175595729498) request_id=741867 zil_blk_id=55996 ccf_commit_seqno=741868 nstreams_done_=14000 config.nstreams=20000 avg_latency=0.9633 ms avg throuhgput (requests/sec) = 84.3352 res=false
*==== INFO ====* req_id_count= 14500 stream_id=57996 latency=1.007815 ms (tx_ts=157181537215223, rx_ts=157181538223038) request_id=768383 zil_blk_id=57996 ccf_commit_seqno=768385 nstreams_done_=14500 config.nstreams=20000 avg_latency=0.9652 ms avg throuhgput (requests/sec) = 84.3284 res=false
*==== INFO ====* req_id_count= 15000 stream_id=59996 latency=0.829712 ms (tx_ts=157187420841973, rx_ts=157187421671685) request_id=794817 zil_blk_id=59996 ccf_commit_seqno=794818 nstreams_done_=15000 config.nstreams=20000 avg_latency=0.9641 ms avg throuhgput (requests/sec) = 84.3501 res=false
*==== INFO ====* req_id_count= 15500 stream_id=61996 latency=0.681915 ms (tx_ts=157193358190903, rx_ts=157193358872818) request_id=821413 zil_blk_id=61996 ccf_commit_seqno=821413 nstreams_done_=15500 config.nstreams=20000 avg_latency=0.9650 ms avg throuhgput (requests/sec) = 84.3457 res=false
*==== INFO ====* req_id_count= 16000 stream_id=63996 latency=0.886738 ms (tx_ts=157199298137581, rx_ts=157199299024319) request_id=848048 zil_blk_id=63996 ccf_commit_seqno=848048 nstreams_done_=16000 config.nstreams=20000 avg_latency=0.9654 ms avg throuhgput (requests/sec) = 84.3403 res=false
*==== INFO ====* req_id_count= 16500 stream_id=65996 latency=0.906505 ms (tx_ts=157205196323381, rx_ts=157205197229886) request_id=874528 zil_blk_id=65996 ccf_commit_seqno=874529 nstreams_done_=16500 config.nstreams=20000 avg_latency=0.9647 ms avg throuhgput (requests/sec) = 84.3533 res=false
*==== INFO ====* req_id_count= 17000 stream_id=67996 latency=0.785248 ms (tx_ts=157211088427072, rx_ts=157211089212320) request_id=901024 zil_blk_id=67996 ccf_commit_seqno=901025 nstreams_done_=17000 config.nstreams=20000 avg_latency=0.9638 ms avg throuhgput (requests/sec) = 84.3682 res=false
*==== INFO ====* req_id_count= 17500 stream_id=69996 latency=0.970097 ms (tx_ts=157217008239698, rx_ts=157217009209795) request_id=927577 zil_blk_id=69996 ccf_commit_seqno=927578 nstreams_done_=17500 config.nstreams=20000 avg_latency=0.9633 ms avg throuhgput (requests/sec) = 84.3708 res=false
*==== INFO ====* req_id_count= 18000 stream_id=71996 latency=0.712622 ms (tx_ts=157222948615267, rx_ts=157222949327889) request_id=954212 zil_blk_id=71996 ccf_commit_seqno=954212 nstreams_done_=18000 config.nstreams=20000 avg_latency=0.9637 ms avg throuhgput (requests/sec) = 84.3653 res=false
*==== INFO ====* req_id_count= 18500 stream_id=73996 latency=1.086532 ms (tx_ts=157228840791757, rx_ts=157228841878289) request_id=980702 zil_blk_id=73996 ccf_commit_seqno=980703 nstreams_done_=18500 config.nstreams=20000 avg_latency=0.9630 ms avg throuhgput (requests/sec) = 84.3784 res=false
*==== INFO ====* req_id_count= 19000 stream_id=75996 latency=0.793413 ms (tx_ts=157234812721594, rx_ts=157234813515007) request_id=1007451 zil_blk_id=75996 ccf_commit_seqno=1007452 nstreams_done_=19000 config.nstreams=20000 avg_latency=0.9643 ms avg throuhgput (requests/sec) = 84.3612 res=false
*==== INFO ====* req_id_count= 19500 stream_id=77996 latency=1.026681 ms (tx_ts=157240732570281, rx_ts=157240733596962) request_id=1029733 zil_blk_id=77996 ccf_commit_seqno=1029733 nstreams_done_=19500 config.nstreams=20000 avg_latency=0.9644 ms avg throuhgput (requests/sec) = 84.3637 res=false
*==== INFO ====* http_end_stream ALL streams done! nstreams_done_=20000 avg_latency=0.9622 msreq_id_count= 20000
*==== INFO ====* req_id_count= 20000 stream_id=79996 latency=0.745304 ms (tx_ts=157246709780621, rx_ts=157246710525925) request_id=1038846 zil_blk_id=79996 ccf_commit_seqno=1038846 nstreams_done_=20000 config.nstreams=20000 avg_latency=0.9622 ms avg throuhgput (requests/sec) = 84.3458 res=true
