Uniform: 686115 599822 911818 446480 35982 
Exponential: -2147483648 -2147483648 -2147483648 -2147483648 -2147483648 
Truncated Normal: 337324 863815 125059 200999 36147 
*==== INFO ====* req_id_count= 500 stream_id=1996 latency=0.701392 ms (tx_ts=157015497714476, rx_ts=157015498415868) request_id=25811 zil_blk_id=1996 ccf_commit_seqno=25811 nstreams_done_=500 config.nstreams=20000 avg_latency=0.9284 ms avg throuhgput (requests/sec) = 84.6546 res=false
*==== INFO ====* req_id_count= 1000 stream_id=3996 latency=0.873074 ms (tx_ts=157021392522256, rx_ts=157021393395330) request_id=51997 zil_blk_id=3996 ccf_commit_seqno=51997 nstreams_done_=1000 config.nstreams=20000 avg_latency=0.9149 ms avg throuhgput (requests/sec) = 84.7362 res=false
*==== INFO ====* req_id_count= 1500 stream_id=5996 latency=0.702634 ms (tx_ts=157027219684521, rx_ts=157027220387155) request_id=77946 zil_blk_id=5996 ccf_commit_seqno=77946 nstreams_done_=1500 config.nstreams=20000 avg_latency=0.9181 ms avg throuhgput (requests/sec) = 85.0903 res=false
*==== INFO ====* req_id_count= 2000 stream_id=7996 latency=0.859029 ms (tx_ts=157033074583726, rx_ts=157033075442755) request_id=103984 zil_blk_id=7996 ccf_commit_seqno=103984 nstreams_done_=2000 config.nstreams=20000 avg_latency=0.9220 ms avg throuhgput (requests/sec) = 85.1666 res=false
*==== INFO ====* req_id_count= 2500 stream_id=9996 latency=0.669302 ms (tx_ts=157038888152532, rx_ts=157038888821834) request_id=129963 zil_blk_id=9996 ccf_commit_seqno=129963 nstreams_done_=2500 config.nstreams=20000 avg_latency=0.9197 ms avg throuhgput (requests/sec) = 85.3337 res=false
*==== INFO ====* req_id_count= 3000 stream_id=11996 latency=1.123021 ms (tx_ts=157044712582047, rx_ts=157044713705068) request_id=155974 zil_blk_id=11996 ccf_commit_seqno=155977 nstreams_done_=3000 config.nstreams=20000 avg_latency=0.9187 ms avg throuhgput (requests/sec) = 85.4174 res=false
*==== INFO ====* req_id_count= 3500 stream_id=13996 latency=0.817278 ms (tx_ts=157050583759100, rx_ts=157050584576378) request_id=182205 zil_blk_id=13996 ccf_commit_seqno=182205 nstreams_done_=3500 config.nstreams=20000 avg_latency=0.9203 ms avg throuhgput (requests/sec) = 85.3814 res=false
*==== INFO ====* req_id_count= 4000 stream_id=15996 latency=0.992726 ms (tx_ts=157056461435599, rx_ts=157056462428325) request_id=208442 zil_blk_id=15996 ccf_commit_seqno=208443 nstreams_done_=4000 config.nstreams=20000 avg_latency=0.9246 ms avg throuhgput (requests/sec) = 85.3418 res=false
*==== INFO ====* req_id_count= 4500 stream_id=17996 latency=0.671826 ms (tx_ts=157062304212449, rx_ts=157062304884275) request_id=234560 zil_blk_id=17996 ccf_commit_seqno=234560 nstreams_done_=4500 config.nstreams=20000 avg_latency=0.9222 ms avg throuhgput (requests/sec) = 85.3682 res=false
*==== INFO ====* req_id_count= 5000 stream_id=19996 latency=1.024566 ms (tx_ts=157068131325499, rx_ts=157068132350065) request_id=260617 zil_blk_id=19996 ccf_commit_seqno=260617 nstreams_done_=5000 config.nstreams=20000 avg_latency=0.9233 ms avg throuhgput (requests/sec) = 85.4113 res=false
*==== INFO ====* req_id_count= 5500 stream_id=21996 latency=0.984741 ms (tx_ts=157073946155022, rx_ts=157073947139763) request_id=286586 zil_blk_id=21996 ccf_commit_seqno=286586 nstreams_done_=5500 config.nstreams=20000 avg_latency=0.9232 ms avg throuhgput (requests/sec) = 85.4633 res=false
*==== INFO ====* req_id_count= 6000 stream_id=23996 latency=1.174086 ms (tx_ts=157079761040001, rx_ts=157079762214087) request_id=312617 zil_blk_id=23996 ccf_commit_seqno=312620 nstreams_done_=6000 config.nstreams=20000 avg_latency=0.9198 ms avg throuhgput (requests/sec) = 85.5064 res=false
*==== INFO ====* req_id_count= 6500 stream_id=25996 latency=1.042630 ms (tx_ts=157085557930986, rx_ts=157085558973616) request_id=338589 zil_blk_id=25996 ccf_commit_seqno=338592 nstreams_done_=6500 config.nstreams=20000 avg_latency=0.9166 ms avg throuhgput (requests/sec) = 85.5636 res=false
*==== INFO ====* req_id_count= 7000 stream_id=27996 latency=0.671706 ms (tx_ts=157091386382902, rx_ts=157091387054608) request_id=364717 zil_blk_id=27996 ccf_commit_seqno=364717 nstreams_done_=7000 config.nstreams=20000 avg_latency=0.9149 ms avg throuhgput (requests/sec) = 85.5798 res=false
*==== INFO ====* req_id_count= 7500 stream_id=29996 latency=1.150943 ms (tx_ts=157097233704043, rx_ts=157097234854986) request_id=390891 zil_blk_id=29996 ccf_commit_seqno=390893 nstreams_done_=7500 config.nstreams=20000 avg_latency=0.9169 ms avg throuhgput (requests/sec) = 85.5746 res=false
*==== INFO ====* req_id_count= 8000 stream_id=31996 latency=0.797259 ms (tx_ts=157103049742511, rx_ts=157103050539770) request_id=416869 zil_blk_id=31996 ccf_commit_seqno=416869 nstreams_done_=8000 config.nstreams=20000 avg_latency=0.9171 ms avg throuhgput (requests/sec) = 85.5995 res=false
*==== INFO ====* req_id_count= 8500 stream_id=33996 latency=0.728672 ms (tx_ts=157108865268055, rx_ts=157108865996727) request_id=442873 zil_blk_id=33996 ccf_commit_seqno=442873 nstreams_done_=8500 config.nstreams=20000 avg_latency=0.9171 ms avg throuhgput (requests/sec) = 85.6217 res=false
*==== INFO ====* req_id_count= 9000 stream_id=35996 latency=0.859900 ms (tx_ts=157114662181177, rx_ts=157114663041077) request_id=468817 zil_blk_id=35996 ccf_commit_seqno=468818 nstreams_done_=9000 config.nstreams=20000 avg_latency=0.9175 ms avg throuhgput (requests/sec) = 85.6564 res=false
*==== INFO ====* req_id_count= 9500 stream_id=37996 latency=1.390110 ms (tx_ts=157120485135709, rx_ts=157120486525819) request_id=494813 zil_blk_id=37996 ccf_commit_seqno=494819 nstreams_done_=9500 config.nstreams=20000 avg_latency=0.9185 ms avg throuhgput (requests/sec) = 85.6670 res=false
*==== INFO ====* req_id_count= 10000 stream_id=39996 latency=1.015038 ms (tx_ts=157126282714771, rx_ts=157126283729809) request_id=520733 zil_blk_id=39996 ccf_commit_seqno=520733 nstreams_done_=10000 config.nstreams=20000 avg_latency=0.9193 ms avg throuhgput (requests/sec) = 85.6959 res=false
*==== INFO ====* req_id_count= 10500 stream_id=41996 latency=0.775700 ms (tx_ts=157132083244379, rx_ts=157132084020079) request_id=546720 zil_blk_id=41996 ccf_commit_seqno=546720 nstreams_done_=10500 config.nstreams=20000 avg_latency=0.9185 ms avg throuhgput (requests/sec) = 85.7199 res=false
*==== INFO ====* req_id_count= 11000 stream_id=43996 latency=0.959836 ms (tx_ts=157137881845868, rx_ts=157137882805704) request_id=572759 zil_blk_id=43996 ccf_commit_seqno=572759 nstreams_done_=11000 config.nstreams=20000 avg_latency=0.9184 ms avg throuhgput (requests/sec) = 85.7427 res=false
*==== INFO ====* req_id_count= 11500 stream_id=45996 latency=0.904662 ms (tx_ts=157143681681813, rx_ts=157143682586475) request_id=598740 zil_blk_id=45996 ccf_commit_seqno=598740 nstreams_done_=11500 config.nstreams=20000 avg_latency=0.9190 ms avg throuhgput (requests/sec) = 85.7630 res=false
*==== INFO ====* req_id_count= 12000 stream_id=47996 latency=0.727701 ms (tx_ts=157149498474414, rx_ts=157149499202115) request_id=624809 zil_blk_id=47996 ccf_commit_seqno=624810 nstreams_done_=12000 config.nstreams=20000 avg_latency=0.9189 ms avg throuhgput (requests/sec) = 85.7712 res=false
*==== INFO ====* req_id_count= 12500 stream_id=49996 latency=0.752677 ms (tx_ts=157155292679072, rx_ts=157155293431749) request_id=650817 zil_blk_id=49996 ccf_commit_seqno=650817 nstreams_done_=12500 config.nstreams=20000 avg_latency=0.9179 ms avg throuhgput (requests/sec) = 85.7919 res=false
*==== INFO ====* req_id_count= 13000 stream_id=51996 latency=0.828186 ms (tx_ts=157161108285417, rx_ts=157161109113603) request_id=676899 zil_blk_id=51996 ccf_commit_seqno=676899 nstreams_done_=13000 config.nstreams=20000 avg_latency=0.9173 ms avg throuhgput (requests/sec) = 85.7989 res=false
*==== INFO ====* req_id_count= 13500 stream_id=53996 latency=0.679811 ms (tx_ts=157166911146962, rx_ts=157166911826773) request_id=702904 zil_blk_id=53996 ccf_commit_seqno=702904 nstreams_done_=13500 config.nstreams=20000 avg_latency=0.9168 ms avg throuhgput (requests/sec) = 85.8125 res=false
*==== INFO ====* req_id_count= 14000 stream_id=55996 latency=0.650386 ms (tx_ts=157172731018040, rx_ts=157172731668426) request_id=729020 zil_blk_id=55996 ccf_commit_seqno=729020 nstreams_done_=14000 config.nstreams=20000 avg_latency=0.9166 ms avg throuhgput (requests/sec) = 85.8161 res=false
*==== INFO ====* req_id_count= 14500 stream_id=57996 latency=0.745434 ms (tx_ts=157178573516806, rx_ts=157178574262240) request_id=755106 zil_blk_id=57996 ccf_commit_seqno=755106 nstreams_done_=14500 config.nstreams=20000 avg_latency=0.9179 ms avg throuhgput (requests/sec) = 85.8079 res=false
*==== INFO ====* req_id_count= 15000 stream_id=59996 latency=0.997626 ms (tx_ts=157184380843364, rx_ts=157184381840990) request_id=781139 zil_blk_id=59996 ccf_commit_seqno=781141 nstreams_done_=15000 config.nstreams=20000 avg_latency=0.9181 ms avg throuhgput (requests/sec) = 85.8174 res=false
*==== INFO ====* req_id_count= 15500 stream_id=61996 latency=0.978019 ms (tx_ts=157190169189894, rx_ts=157190170167913) request_id=807151 zil_blk_id=61996 ccf_commit_seqno=807152 nstreams_done_=15500 config.nstreams=20000 avg_latency=0.9177 ms avg throuhgput (requests/sec) = 85.8354 res=false
*==== INFO ====* req_id_count= 16000 stream_id=63996 latency=2.109515 ms (tx_ts=157195984131257, rx_ts=157195986240772) request_id=833172 zil_blk_id=63996 ccf_commit_seqno=833175 nstreams_done_=16000 config.nstreams=20000 avg_latency=0.9181 ms avg throuhgput (requests/sec) = 85.8396 res=false
*==== INFO ====* req_id_count= 16500 stream_id=65996 latency=0.710438 ms (tx_ts=157201783331571, rx_ts=157201784042009) request_id=859195 zil_blk_id=65996 ccf_commit_seqno=859196 nstreams_done_=16500 config.nstreams=20000 avg_latency=0.9168 ms avg throuhgput (requests/sec) = 85.8517 res=false
*==== INFO ====* req_id_count= 17000 stream_id=67996 latency=0.760592 ms (tx_ts=157207583774193, rx_ts=157207584534785) request_id=885266 zil_blk_id=67996 ccf_commit_seqno=885266 nstreams_done_=17000 config.nstreams=20000 avg_latency=0.9167 ms avg throuhgput (requests/sec) = 85.8618 res=false
*==== INFO ====* req_id_count= 17500 stream_id=69996 latency=1.082965 ms (tx_ts=157213385795486, rx_ts=157213386878451) request_id=911299 zil_blk_id=69996 ccf_commit_seqno=911300 nstreams_done_=17500 config.nstreams=20000 avg_latency=0.9161 ms avg throuhgput (requests/sec) = 85.8707 res=false
*==== INFO ====* req_id_count= 18000 stream_id=71996 latency=0.807029 ms (tx_ts=157219183625364, rx_ts=157219184432393) request_id=937328 zil_blk_id=71996 ccf_commit_seqno=937329 nstreams_done_=18000 config.nstreams=20000 avg_latency=0.9161 ms avg throuhgput (requests/sec) = 85.8810 res=false
*==== INFO ====* req_id_count= 18500 stream_id=73996 latency=0.937212 ms (tx_ts=157225025261156, rx_ts=157225026198368) request_id=963536 zil_blk_id=73996 ccf_commit_seqno=963537 nstreams_done_=18500 config.nstreams=20000 avg_latency=0.9172 ms avg throuhgput (requests/sec) = 85.8731 res=false
*==== INFO ====* req_id_count= 19000 stream_id=75996 latency=0.734634 ms (tx_ts=157230824685819, rx_ts=157230825420453) request_id=989627 zil_blk_id=75996 ccf_commit_seqno=989627 nstreams_done_=19000 config.nstreams=20000 avg_latency=0.9171 ms avg throuhgput (requests/sec) = 85.8822 res=false
*==== INFO ====* req_id_count= 19500 stream_id=77996 latency=0.979816 ms (tx_ts=157236664087634, rx_ts=157236665067450) request_id=1015251 zil_blk_id=77996 ccf_commit_seqno=1015251 nstreams_done_=19500 config.nstreams=20000 avg_latency=0.9180 ms avg throuhgput (requests/sec) = 85.8755 res=false
*==== INFO ====* http_end_stream ALL streams done! nstreams_done_=20000 avg_latency=0.9164 msreq_id_count= 20000
*==== INFO ====* req_id_count= 20000 stream_id=79996 latency=1.060013 ms (tx_ts=157242470650464, rx_ts=157242471710477) request_id=1033595 zil_blk_id=79996 ccf_commit_seqno=1033595 nstreams_done_=20000 config.nstreams=20000 avg_latency=0.9164 ms avg throuhgput (requests/sec) = 85.8813 res=true
