Uniform: 958314 187969 404201 21871 342075 
Exponential: -2147483648 -2147483648 -2147483648 -2147483648 -2147483648 
Truncated Normal: 623183 441381 618955 207415 593940 
*==== INFO ====* req_id_count= 500 stream_id=1996 latency=1.080331 ms (tx_ts=157015475032442, rx_ts=157015476112773) request_id=25713 zil_blk_id=1996 ccf_commit_seqno=25713 nstreams_done_=500 config.nstreams=20000 avg_latency=0.9302 ms avg throuhgput (requests/sec) = 85.0172 res=false
*==== INFO ====* req_id_count= 1000 stream_id=3996 latency=0.790600 ms (tx_ts=157021359838619, rx_ts=157021360629219) request_id=51856 zil_blk_id=3996 ccf_commit_seqno=51856 nstreams_done_=1000 config.nstreams=20000 avg_latency=0.9413 ms avg throuhgput (requests/sec) = 84.9930 res=false
*==== INFO ====* req_id_count= 1500 stream_id=5996 latency=1.142076 ms (tx_ts=157027316886987, rx_ts=157027318029063) request_id=78376 zil_blk_id=5996 ccf_commit_seqno=78376 nstreams_done_=1500 config.nstreams=20000 avg_latency=0.9524 ms avg throuhgput (requests/sec) = 84.6354 res=false
*==== INFO ====* req_id_count= 2000 stream_id=7996 latency=0.861974 ms (tx_ts=157033253837640, rx_ts=157033254699614) request_id=104780 zil_blk_id=7996 ccf_commit_seqno=104780 nstreams_done_=2000 config.nstreams=20000 avg_latency=0.9555 ms avg throuhgput (requests/sec) = 84.5317 res=false
*==== INFO ====* req_id_count= 2500 stream_id=9996 latency=0.788987 ms (tx_ts=157039155687195, rx_ts=157039156476182) request_id=131150 zil_blk_id=9996 ccf_commit_seqno=131150 nstreams_done_=2500 config.nstreams=20000 avg_latency=0.9527 ms avg throuhgput (requests/sec) = 84.5694 res=false
*==== INFO ====* req_id_count= 3000 stream_id=11996 latency=1.088997 ms (tx_ts=157045035199211, rx_ts=157045036288208) request_id=157420 zil_blk_id=11996 ccf_commit_seqno=157421 nstreams_done_=3000 config.nstreams=20000 avg_latency=0.9503 ms avg throuhgput (requests/sec) = 84.6469 res=false
*==== INFO ====* req_id_count= 3500 stream_id=13996 latency=1.124333 ms (tx_ts=157050939498417, rx_ts=157050940622750) request_id=183798 zil_blk_id=13996 ccf_commit_seqno=183799 nstreams_done_=3500 config.nstreams=20000 avg_latency=0.9491 ms avg throuhgput (requests/sec) = 84.6521 res=false
*==== INFO ====* req_id_count= 4000 stream_id=15996 latency=0.788375 ms (tx_ts=157056819088631, rx_ts=157056819877006) request_id=210045 zil_blk_id=15996 ccf_commit_seqno=210045 nstreams_done_=4000 config.nstreams=20000 avg_latency=0.9485 ms avg throuhgput (requests/sec) = 84.7010 res=false
*==== INFO ====* req_id_count= 4500 stream_id=17996 latency=1.009947 ms (tx_ts=157062709575628, rx_ts=157062710585575) request_id=236370 zil_blk_id=17996 ccf_commit_seqno=236370 nstreams_done_=4500 config.nstreams=20000 avg_latency=0.9488 ms avg throuhgput (requests/sec) = 84.7208 res=false
*==== INFO ====* req_id_count= 5000 stream_id=19996 latency=2.025958 ms (tx_ts=157068599607500, rx_ts=157068601633458) request_id=262701 zil_blk_id=19996 ccf_commit_seqno=262701 nstreams_done_=5000 config.nstreams=20000 avg_latency=0.9489 ms avg throuhgput (requests/sec) = 84.7362 res=false
*==== INFO ====* req_id_count= 5500 stream_id=21996 latency=0.972950 ms (tx_ts=157074473853578, rx_ts=157074474826528) request_id=288945 zil_blk_id=21996 ccf_commit_seqno=288945 nstreams_done_=5500 config.nstreams=20000 avg_latency=0.9476 ms avg throuhgput (requests/sec) = 84.7720 res=false
*==== INFO ====* req_id_count= 6000 stream_id=23996 latency=0.903269 ms (tx_ts=157080349665385, rx_ts=157080350568654) request_id=315253 zil_blk_id=23996 ccf_commit_seqno=315253 nstreams_done_=6000 config.nstreams=20000 avg_latency=0.9462 ms avg throuhgput (requests/sec) = 84.7989 res=false
*==== INFO ====* req_id_count= 6500 stream_id=25996 latency=1.027052 ms (tx_ts=157086222807518, rx_ts=157086223834570) request_id=341573 zil_blk_id=25996 ccf_commit_seqno=341575 nstreams_done_=6500 config.nstreams=20000 avg_latency=0.9447 ms avg throuhgput (requests/sec) = 84.8244 res=false
*==== INFO ====* req_id_count= 7000 stream_id=27996 latency=0.992797 ms (tx_ts=157092092506861, rx_ts=157092093499658) request_id=367876 zil_blk_id=27996 ccf_commit_seqno=367876 nstreams_done_=7000 config.nstreams=20000 avg_latency=0.9436 ms avg throuhgput (requests/sec) = 84.8500 res=false
*==== INFO ====* req_id_count= 7500 stream_id=29996 latency=0.798834 ms (tx_ts=157097954039912, rx_ts=157097954838746) request_id=394125 zil_blk_id=29996 ccf_commit_seqno=394126 nstreams_done_=7500 config.nstreams=20000 avg_latency=0.9426 ms avg throuhgput (requests/sec) = 84.8801 res=false
*==== INFO ====* req_id_count= 8000 stream_id=31996 latency=0.882269 ms (tx_ts=157103839996500, rx_ts=157103840878769) request_id=420411 zil_blk_id=31996 ccf_commit_seqno=420411 nstreams_done_=8000 config.nstreams=20000 avg_latency=0.9462 ms avg throuhgput (requests/sec) = 84.8843 res=false
*==== INFO ====* req_id_count= 8500 stream_id=33996 latency=0.709186 ms (tx_ts=157109731468818, rx_ts=157109732178004) request_id=446756 zil_blk_id=33996 ccf_commit_seqno=446756 nstreams_done_=8500 config.nstreams=20000 avg_latency=0.9477 ms avg throuhgput (requests/sec) = 84.8835 res=false
*==== INFO ====* req_id_count= 9000 stream_id=35996 latency=0.864035 ms (tx_ts=157115613538397, rx_ts=157115614402432) request_id=473081 zil_blk_id=35996 ccf_commit_seqno=473083 nstreams_done_=9000 config.nstreams=20000 avg_latency=0.9474 ms avg throuhgput (requests/sec) = 84.8901 res=false
*==== INFO ====* req_id_count= 9500 stream_id=37996 latency=0.765412 ms (tx_ts=157121520101698, rx_ts=157121520867110) request_id=499372 zil_blk_id=37996 ccf_commit_seqno=499372 nstreams_done_=9500 config.nstreams=20000 avg_latency=0.9503 ms avg throuhgput (requests/sec) = 84.8776 res=false
*==== INFO ====* req_id_count= 10000 stream_id=39996 latency=0.730867 ms (tx_ts=157127409850874, rx_ts=157127410581741) request_id=525746 zil_blk_id=39996 ccf_commit_seqno=525746 nstreams_done_=10000 config.nstreams=20000 avg_latency=0.9500 ms avg throuhgput (requests/sec) = 84.8784 res=false
*==== INFO ====* req_id_count= 10500 stream_id=41996 latency=0.982968 ms (tx_ts=157133292813335, rx_ts=157133293796303) request_id=552142 zil_blk_id=41996 ccf_commit_seqno=552145 nstreams_done_=10500 config.nstreams=20000 avg_latency=0.9493 ms avg throuhgput (requests/sec) = 84.8836 res=false
*==== INFO ====* req_id_count= 11000 stream_id=43996 latency=0.711561 ms (tx_ts=157139150695405, rx_ts=157139151406966) request_id=578463 zil_blk_id=43996 ccf_commit_seqno=578463 nstreams_done_=11000 config.nstreams=20000 avg_latency=0.9478 ms avg throuhgput (requests/sec) = 84.9051 res=false
*==== INFO ====* req_id_count= 11500 stream_id=45996 latency=0.906806 ms (tx_ts=157145050845089, rx_ts=157145051751895) request_id=604881 zil_blk_id=45996 ccf_commit_seqno=604882 nstreams_done_=11500 config.nstreams=20000 avg_latency=0.9489 ms avg throuhgput (requests/sec) = 84.8979 res=false
*==== INFO ====* req_id_count= 12000 stream_id=47996 latency=1.032441 ms (tx_ts=157150951810170, rx_ts=157150952842611) request_id=631346 zil_blk_id=47996 ccf_commit_seqno=631347 nstreams_done_=12000 config.nstreams=20000 avg_latency=0.9485 ms avg throuhgput (requests/sec) = 84.8909 res=false
*==== INFO ====* req_id_count= 12500 stream_id=49996 latency=0.756455 ms (tx_ts=157156835237244, rx_ts=157156835993699) request_id=657729 zil_blk_id=49996 ccf_commit_seqno=657729 nstreams_done_=12500 config.nstreams=20000 avg_latency=0.9471 ms avg throuhgput (requests/sec) = 84.8948 res=false
*==== INFO ====* req_id_count= 13000 stream_id=51996 latency=0.786421 ms (tx_ts=157162715182507, rx_ts=157162715968928) request_id=684113 zil_blk_id=51996 ccf_commit_seqno=684114 nstreams_done_=13000 config.nstreams=20000 avg_latency=0.9456 ms avg throuhgput (requests/sec) = 84.9002 res=false
*==== INFO ====* req_id_count= 13500 stream_id=53996 latency=0.965736 ms (tx_ts=157168600294845, rx_ts=157168601260581) request_id=710482 zil_blk_id=53996 ccf_commit_seqno=710482 nstreams_done_=13500 config.nstreams=20000 avg_latency=0.9452 ms avg throuhgput (requests/sec) = 84.9023 res=false
*==== INFO ====* req_id_count= 14000 stream_id=55996 latency=1.085480 ms (tx_ts=157174483695279, rx_ts=157174484780759) request_id=736874 zil_blk_id=55996 ccf_commit_seqno=736875 nstreams_done_=14000 config.nstreams=20000 avg_latency=0.9442 ms avg throuhgput (requests/sec) = 84.9052 res=false
*==== INFO ====* req_id_count= 14500 stream_id=57996 latency=0.731918 ms (tx_ts=157180372243577, rx_ts=157180372975495) request_id=763181 zil_blk_id=57996 ccf_commit_seqno=763181 nstreams_done_=14500 config.nstreams=20000 avg_latency=0.9447 ms avg throuhgput (requests/sec) = 84.9055 res=false
*==== INFO ====* req_id_count= 15000 stream_id=59996 latency=0.919348 ms (tx_ts=157186247281992, rx_ts=157186248201340) request_id=789535 zil_blk_id=59996 ccf_commit_seqno=789536 nstreams_done_=15000 config.nstreams=20000 avg_latency=0.9447 ms avg throuhgput (requests/sec) = 84.9121 res=false
*==== INFO ====* req_id_count= 15500 stream_id=61996 latency=0.874035 ms (tx_ts=157192140335397, rx_ts=157192141209432) request_id=815947 zil_blk_id=61996 ccf_commit_seqno=815947 nstreams_done_=15500 config.nstreams=20000 avg_latency=0.9447 ms avg throuhgput (requests/sec) = 84.9100 res=false
*==== INFO ====* req_id_count= 16000 stream_id=63996 latency=0.893961 ms (tx_ts=157198029247048, rx_ts=157198030141009) request_id=842357 zil_blk_id=63996 ccf_commit_seqno=842358 nstreams_done_=16000 config.nstreams=20000 avg_latency=0.9451 ms avg throuhgput (requests/sec) = 84.9098 res=false
*==== INFO ====* req_id_count= 16500 stream_id=65996 latency=0.829411 ms (tx_ts=157203913413131, rx_ts=157203914242542) request_id=868756 zil_blk_id=65996 ccf_commit_seqno=868756 nstreams_done_=16500 config.nstreams=20000 avg_latency=0.9449 ms avg throuhgput (requests/sec) = 84.9118 res=false
*==== INFO ====* req_id_count= 17000 stream_id=67996 latency=1.065652 ms (tx_ts=157209786972205, rx_ts=157209788037857) request_id=895163 zil_blk_id=67996 ccf_commit_seqno=895164 nstreams_done_=17000 config.nstreams=20000 avg_latency=0.9444 ms avg throuhgput (requests/sec) = 84.9180 res=false
*==== INFO ====* req_id_count= 17500 stream_id=69996 latency=1.013495 ms (tx_ts=157215674330537, rx_ts=157215675344032) request_id=921615 zil_blk_id=69996 ccf_commit_seqno=921617 nstreams_done_=17500 config.nstreams=20000 avg_latency=0.9453 ms avg throuhgput (requests/sec) = 84.9183 res=false
*==== INFO ====* req_id_count= 18000 stream_id=71996 latency=0.804875 ms (tx_ts=157221544236796, rx_ts=157221545041671) request_id=947924 zil_blk_id=71996 ccf_commit_seqno=947924 nstreams_done_=18000 config.nstreams=20000 avg_latency=0.9449 ms avg throuhgput (requests/sec) = 84.9257 res=false
*==== INFO ====* req_id_count= 18500 stream_id=73996 latency=0.816206 ms (tx_ts=157227423866915, rx_ts=157227424683121) request_id=974323 zil_blk_id=73996 ccf_commit_seqno=974323 nstreams_done_=18500 config.nstreams=20000 avg_latency=0.9444 ms avg throuhgput (requests/sec) = 84.9287 res=false
*==== INFO ====* req_id_count= 19000 stream_id=75996 latency=0.776101 ms (tx_ts=157233306971540, rx_ts=157233307747641) request_id=1000701 zil_blk_id=75996 ccf_commit_seqno=1000701 nstreams_done_=19000 config.nstreams=20000 avg_latency=0.9449 ms avg throuhgput (requests/sec) = 84.9303 res=false
*==== INFO ====* req_id_count= 19500 stream_id=77996 latency=0.874597 ms (tx_ts=157239178522038, rx_ts=157239179396635) request_id=1024896 zil_blk_id=77996 ccf_commit_seqno=1024897 nstreams_done_=19500 config.nstreams=20000 avg_latency=0.9444 ms avg throuhgput (requests/sec) = 84.9361 res=false
*==== INFO ====* http_end_stream ALL streams done! nstreams_done_=20000 avg_latency=0.9422 msreq_id_count= 20000
*==== INFO ====* req_id_count= 20000 stream_id=79996 latency=0.817990 ms (tx_ts=157245094098380, rx_ts=157245094916370) request_id=1037350 zil_blk_id=79996 ccf_commit_seqno=1037350 nstreams_done_=20000 config.nstreams=20000 avg_latency=0.9422 ms avg throuhgput (requests/sec) = 84.9257 res=true
