Uniform: 218324 277143 939867 276072 458406 
Exponential: -2147483648 -2147483648 -2147483648 -2147483648 -2147483648 
Truncated Normal: 299453 488053 745739 709065 31005 
*==== INFO ====* req_id_count= 500 stream_id=1996 latency=1.201237 ms (tx_ts=157015640405706, rx_ts=157015641606943) request_id=26426 zil_blk_id=1996 ccf_commit_seqno=26427 nstreams_done_=500 config.nstreams=20000 avg_latency=0.9652 ms avg throuhgput (requests/sec) = 82.7429 res=false
*==== INFO ====* req_id_count= 1000 stream_id=3996 latency=0.970847 ms (tx_ts=157021702478843, rx_ts=157021703449690) request_id=53360 zil_blk_id=3996 ccf_commit_seqno=53360 nstreams_done_=1000 config.nstreams=20000 avg_latency=0.9822 ms avg throuhgput (requests/sec) = 82.6128 res=false
*==== INFO ====* req_id_count= 1500 stream_id=5996 latency=1.057479 ms (tx_ts=157027698104999, rx_ts=157027699162478) request_id=80059 zil_blk_id=5996 ccf_commit_seqno=80060 nstreams_done_=1500 config.nstreams=20000 avg_latency=0.9829 ms avg throuhgput (requests/sec) = 82.8712 res=false
*==== INFO ====* req_id_count= 2000 stream_id=7996 latency=0.994101 ms (tx_ts=157033719281478, rx_ts=157033720275579) request_id=106850 zil_blk_id=7996 ccf_commit_seqno=106851 nstreams_done_=2000 config.nstreams=20000 avg_latency=1.0015 ms avg throuhgput (requests/sec) = 82.9136 res=false
*==== INFO ====* req_id_count= 2500 stream_id=9996 latency=0.779720 ms (tx_ts=157039682366658, rx_ts=157039683146378) request_id=133501 zil_blk_id=9996 ccf_commit_seqno=133501 nstreams_done_=2500 config.nstreams=20000 avg_latency=0.9916 ms avg throuhgput (requests/sec) = 83.0997 res=false
*==== INFO ====* req_id_count= 3000 stream_id=11996 latency=0.836653 ms (tx_ts=157045678716374, rx_ts=157045679553027) request_id=160292 zil_blk_id=11996 ccf_commit_seqno=160292 nstreams_done_=3000 config.nstreams=20000 avg_latency=0.9924 ms avg throuhgput (requests/sec) = 83.1468 res=false
*==== INFO ====* req_id_count= 3500 stream_id=13996 latency=0.879295 ms (tx_ts=157051674760573, rx_ts=157051675639868) request_id=187081 zil_blk_id=13996 ccf_commit_seqno=187081 nstreams_done_=3500 config.nstreams=20000 avg_latency=0.9906 ms avg throuhgput (requests/sec) = 83.1811 res=false
*==== INFO ====* req_id_count= 4000 stream_id=15996 latency=1.011231 ms (tx_ts=157057657423018, rx_ts=157057658434249) request_id=213777 zil_blk_id=15996 ccf_commit_seqno=213777 nstreams_done_=4000 config.nstreams=20000 avg_latency=0.9909 ms avg throuhgput (requests/sec) = 83.2299 res=false
*==== INFO ====* req_id_count= 4500 stream_id=17996 latency=1.791528 ms (tx_ts=157063646188636, rx_ts=157063647980164) request_id=240527 zil_blk_id=17996 ccf_commit_seqno=240529 nstreams_done_=4500 config.nstreams=20000 avg_latency=0.9888 ms avg throuhgput (requests/sec) = 83.2575 res=false
*==== INFO ====* req_id_count= 5000 stream_id=19996 latency=0.748129 ms (tx_ts=157069621276435, rx_ts=157069622024564) request_id=267264 zil_blk_id=19996 ccf_commit_seqno=267264 nstreams_done_=5000 config.nstreams=20000 avg_latency=0.9880 ms avg throuhgput (requests/sec) = 83.3011 res=false
*==== INFO ====* req_id_count= 5500 stream_id=21996 latency=1.100989 ms (tx_ts=157075595943612, rx_ts=157075597044601) request_id=293965 zil_blk_id=21996 ccf_commit_seqno=293966 nstreams_done_=5500 config.nstreams=20000 avg_latency=0.9886 ms avg throuhgput (requests/sec) = 83.3355 res=false
*==== INFO ====* req_id_count= 6000 stream_id=23996 latency=0.908448 ms (tx_ts=157081582379197, rx_ts=157081583287645) request_id=320779 zil_blk_id=23996 ccf_commit_seqno=320779 nstreams_done_=6000 config.nstreams=20000 avg_latency=0.9866 ms avg throuhgput (requests/sec) = 83.3513 res=false
*==== INFO ====* req_id_count= 6500 stream_id=25996 latency=0.982057 ms (tx_ts=157087549472119, rx_ts=157087550454176) request_id=347531 zil_blk_id=25996 ccf_commit_seqno=347532 nstreams_done_=6500 config.nstreams=20000 avg_latency=0.9853 ms avg throuhgput (requests/sec) = 83.3850 res=false
*==== INFO ====* req_id_count= 7000 stream_id=27996 latency=0.818118 ms (tx_ts=157093554329040, rx_ts=157093555147158) request_id=374419 zil_blk_id=27996 ccf_commit_seqno=374419 nstreams_done_=7000 config.nstreams=20000 avg_latency=0.9880 ms avg throuhgput (requests/sec) = 83.3767 res=false
*==== INFO ====* req_id_count= 7500 stream_id=29996 latency=1.020489 ms (tx_ts=157099551084941, rx_ts=157099552105430) request_id=401262 zil_blk_id=29996 ccf_commit_seqno=401263 nstreams_done_=7500 config.nstreams=20000 avg_latency=0.9905 ms avg throuhgput (requests/sec) = 83.3766 res=false
*==== INFO ====* req_id_count= 8000 stream_id=31996 latency=0.992946 ms (tx_ts=157105549393087, rx_ts=157105550386033) request_id=428030 zil_blk_id=31996 ccf_commit_seqno=428030 nstreams_done_=8000 config.nstreams=20000 avg_latency=0.9912 ms avg throuhgput (requests/sec) = 83.3754 res=false
*==== INFO ====* req_id_count= 8500 stream_id=33996 latency=0.939296 ms (tx_ts=157111526991793, rx_ts=157111527931089) request_id=454782 zil_blk_id=33996 ccf_commit_seqno=454783 nstreams_done_=8500 config.nstreams=20000 avg_latency=0.9926 ms avg throuhgput (requests/sec) = 83.3913 res=false
*==== INFO ====* req_id_count= 9000 stream_id=35996 latency=1.085921 ms (tx_ts=157117499171685, rx_ts=157117500257606) request_id=481540 zil_blk_id=35996 ccf_commit_seqno=481540 nstreams_done_=9000 config.nstreams=20000 avg_latency=0.9904 ms avg throuhgput (requests/sec) = 83.4094 res=false
*==== INFO ====* req_id_count= 9500 stream_id=37996 latency=1.074990 ms (tx_ts=157123502323740, rx_ts=157123503398730) request_id=508247 zil_blk_id=37996 ccf_commit_seqno=508249 nstreams_done_=9500 config.nstreams=20000 avg_latency=0.9921 ms avg throuhgput (requests/sec) = 83.4031 res=false
*==== INFO ====* req_id_count= 10000 stream_id=39996 latency=0.843587 ms (tx_ts=157129485069755, rx_ts=157129485913342) request_id=535058 zil_blk_id=39996 ccf_commit_seqno=535058 nstreams_done_=10000 config.nstreams=20000 avg_latency=0.9914 ms avg throuhgput (requests/sec) = 83.4118 res=false
*==== INFO ====* req_id_count= 10500 stream_id=41996 latency=0.989190 ms (tx_ts=157135454880957, rx_ts=157135455870147) request_id=561862 zil_blk_id=41996 ccf_commit_seqno=561863 nstreams_done_=10500 config.nstreams=20000 avg_latency=0.9896 ms avg throuhgput (requests/sec) = 83.4280 res=false
*==== INFO ====* req_id_count= 11000 stream_id=43996 latency=0.863325 ms (tx_ts=157141434089455, rx_ts=157141434952780) request_id=588718 zil_blk_id=43996 ccf_commit_seqno=588718 nstreams_done_=11000 config.nstreams=20000 avg_latency=0.9882 ms avg throuhgput (requests/sec) = 83.4369 res=false
*==== INFO ====* req_id_count= 11500 stream_id=45996 latency=0.960476 ms (tx_ts=157147423450126, rx_ts=157147424410602) request_id=615513 zil_blk_id=45996 ccf_commit_seqno=615514 nstreams_done_=11500 config.nstreams=20000 avg_latency=0.9878 ms avg throuhgput (requests/sec) = 83.4388 res=false
*==== INFO ====* req_id_count= 12000 stream_id=47996 latency=1.027141 ms (tx_ts=157153410422188, rx_ts=157153411449329) request_id=642384 zil_blk_id=47996 ccf_commit_seqno=642384 nstreams_done_=12000 config.nstreams=20000 avg_latency=0.9866 ms avg throuhgput (requests/sec) = 83.4419 res=false
*==== INFO ====* req_id_count= 12500 stream_id=49996 latency=1.020348 ms (tx_ts=157159404062924, rx_ts=157159405083272) request_id=669251 zil_blk_id=49996 ccf_commit_seqno=669252 nstreams_done_=12500 config.nstreams=20000 avg_latency=0.9855 ms avg throuhgput (requests/sec) = 83.4411 res=false
*==== INFO ====* req_id_count= 13000 stream_id=51996 latency=0.737149 ms (tx_ts=157165389125182, rx_ts=157165389862331) request_id=696095 zil_blk_id=51996 ccf_commit_seqno=696095 nstreams_done_=13000 config.nstreams=20000 avg_latency=0.9842 ms avg throuhgput (requests/sec) = 83.4451 res=false
*==== INFO ====* req_id_count= 13500 stream_id=53996 latency=0.800166 ms (tx_ts=157171381668826, rx_ts=157171382468992) request_id=722959 zil_blk_id=53996 ccf_commit_seqno=722959 nstreams_done_=13500 config.nstreams=20000 avg_latency=0.9839 ms avg throuhgput (requests/sec) = 83.4448 res=false
*==== INFO ====* req_id_count= 14000 stream_id=55996 latency=1.057237 ms (tx_ts=157177384306453, rx_ts=157177385363690) request_id=749788 zil_blk_id=55996 ccf_commit_seqno=749789 nstreams_done_=14000 config.nstreams=20000 avg_latency=0.9851 ms avg throuhgput (requests/sec) = 83.4393 res=false
*==== INFO ====* req_id_count= 14500 stream_id=57996 latency=0.812760 ms (tx_ts=157183365775497, rx_ts=157183366588257) request_id=776572 zil_blk_id=57996 ccf_commit_seqno=776572 nstreams_done_=14500 config.nstreams=20000 avg_latency=0.9852 ms avg throuhgput (requests/sec) = 83.4447 res=false
*==== INFO ====* req_id_count= 15000 stream_id=59996 latency=0.884755 ms (tx_ts=157189339452843, rx_ts=157189340337598) request_id=803420 zil_blk_id=59996 ccf_commit_seqno=803420 nstreams_done_=15000 config.nstreams=20000 avg_latency=0.9846 ms avg throuhgput (requests/sec) = 83.4532 res=false
*==== INFO ====* req_id_count= 15500 stream_id=61996 latency=1.005720 ms (tx_ts=157195309464159, rx_ts=157195310469879) request_id=830153 zil_blk_id=61996 ccf_commit_seqno=830153 nstreams_done_=15500 config.nstreams=20000 avg_latency=0.9841 ms avg throuhgput (requests/sec) = 83.4627 res=false
*==== INFO ====* req_id_count= 16000 stream_id=63996 latency=1.122078 ms (tx_ts=157201297028173, rx_ts=157201298150251) request_id=857013 zil_blk_id=63996 ccf_commit_seqno=857014 nstreams_done_=16000 config.nstreams=20000 avg_latency=0.9843 ms avg throuhgput (requests/sec) = 83.4640 res=false
*==== INFO ====* req_id_count= 16500 stream_id=65996 latency=0.900664 ms (tx_ts=157207264013580, rx_ts=157207264914244) request_id=883824 zil_blk_id=65996 ccf_commit_seqno=883824 nstreams_done_=16500 config.nstreams=20000 avg_latency=0.9839 ms avg throuhgput (requests/sec) = 83.4741 res=false
*==== INFO ====* req_id_count= 17000 stream_id=67996 latency=1.062437 ms (tx_ts=157213247595115, rx_ts=157213248657552) request_id=910675 zil_blk_id=67996 ccf_commit_seqno=910675 nstreams_done_=17000 config.nstreams=20000 avg_latency=0.9844 ms avg throuhgput (requests/sec) = 83.4766 res=false
*==== INFO ====* req_id_count= 17500 stream_id=69996 latency=1.019176 ms (tx_ts=157219208664566, rx_ts=157219209683742) request_id=937457 zil_blk_id=69996 ccf_commit_seqno=937457 nstreams_done_=17500 config.nstreams=20000 avg_latency=0.9845 ms avg throuhgput (requests/sec) = 83.4880 res=false
*==== INFO ====* req_id_count= 18000 stream_id=71996 latency=1.047999 ms (tx_ts=157225177786992, rx_ts=157225178834991) request_id=964222 zil_blk_id=71996 ccf_commit_seqno=964223 nstreams_done_=18000 config.nstreams=20000 avg_latency=0.9840 ms avg throuhgput (requests/sec) = 83.4957 res=false
*==== INFO ====* req_id_count= 18500 stream_id=73996 latency=1.006930 ms (tx_ts=157231136412230, rx_ts=157231137419160) request_id=991026 zil_blk_id=73996 ccf_commit_seqno=991026 nstreams_done_=18500 config.nstreams=20000 avg_latency=0.9838 ms avg throuhgput (requests/sec) = 83.5069 res=false
*==== INFO ====* req_id_count= 19000 stream_id=75996 latency=0.838969 ms (tx_ts=157237127961061, rx_ts=157237128800030) request_id=1017144 zil_blk_id=75996 ccf_commit_seqno=1017145 nstreams_done_=19000 config.nstreams=20000 avg_latency=0.9848 ms avg throuhgput (requests/sec) = 83.5055 res=false
*==== INFO ====* req_id_count= 19500 stream_id=77996 latency=0.776583 ms (tx_ts=157243121151921, rx_ts=157243121928504) request_id=1034736 zil_blk_id=77996 ccf_commit_seqno=1034736 nstreams_done_=19500 config.nstreams=20000 avg_latency=0.9853 ms avg throuhgput (requests/sec) = 83.5035 res=false
*==== INFO ====* http_end_stream ALL streams done! nstreams_done_=20000 avg_latency=0.9836 msreq_id_count= 20000
*==== INFO ====* req_id_count= 20000 stream_id=79996 latency=1.248154 ms (tx_ts=157249210636094, rx_ts=157249211884248) request_id=1039813 zil_blk_id=79996 ccf_commit_seqno=1039813 nstreams_done_=20000 config.nstreams=20000 avg_latency=0.9836 ms avg throuhgput (requests/sec) = 83.4679 res=true
