Uniform: 188119 641664 479846 478356 26376 
Exponential: -2147483648 -2147483648 -2147483648 -2147483648 -2147483648 
Truncated Normal: 283028 609722 176431 247457 631316 
*==== INFO ====* req_id_count= 500 stream_id=1996 latency=0.986475 ms (tx_ts=157015593301810, rx_ts=157015594288285) request_id=26216 zil_blk_id=1996 ccf_commit_seqno=26216 nstreams_done_=500 config.nstreams=20000 avg_latency=0.9623 ms avg throuhgput (requests/sec) = 83.3454 res=false
*==== INFO ====* req_id_count= 1000 stream_id=3996 latency=0.886787 ms (tx_ts=157021548805045, rx_ts=157021549691832) request_id=52682 zil_blk_id=3996 ccf_commit_seqno=52683 nstreams_done_=1000 config.nstreams=20000 avg_latency=0.9589 ms avg throuhgput (requests/sec) = 83.6503 res=false
*==== INFO ====* req_id_count= 1500 stream_id=5996 latency=0.998217 ms (tx_ts=157027503172966, rx_ts=157027504171183) request_id=79199 zil_blk_id=5996 ccf_commit_seqno=79200 nstreams_done_=1500 config.nstreams=20000 avg_latency=0.9626 ms avg throuhgput (requests/sec) = 83.7567 res=false
*==== INFO ====* req_id_count= 2000 stream_id=7996 latency=0.937319 ms (tx_ts=157033445217494, rx_ts=157033446154813) request_id=105627 zil_blk_id=7996 ccf_commit_seqno=105627 nstreams_done_=2000 config.nstreams=20000 avg_latency=0.9628 ms avg throuhgput (requests/sec) = 83.8539 res=false
*==== INFO ====* req_id_count= 2500 stream_id=9996 latency=0.959035 ms (tx_ts=157039361301936, rx_ts=157039362260971) request_id=132059 zil_blk_id=9996 ccf_commit_seqno=132060 nstreams_done_=2500 config.nstreams=20000 avg_latency=0.9585 ms avg throuhgput (requests/sec) = 83.9853 res=false
*==== INFO ====* req_id_count= 3000 stream_id=11996 latency=1.009075 ms (tx_ts=157045317188989, rx_ts=157045318198064) request_id=158672 zil_blk_id=11996 ccf_commit_seqno=158675 nstreams_done_=3000 config.nstreams=20000 avg_latency=0.9561 ms avg throuhgput (requests/sec) = 83.9794 res=false
*==== INFO ====* req_id_count= 3500 stream_id=13996 latency=1.043001 ms (tx_ts=157051251696896, rx_ts=157051252739897) request_id=185190 zil_blk_id=13996 ccf_commit_seqno=185192 nstreams_done_=3500 config.nstreams=20000 avg_latency=0.9577 ms avg throuhgput (requests/sec) = 84.0183 res=false
*==== INFO ====* req_id_count= 4000 stream_id=15996 latency=1.088830 ms (tx_ts=157057184203975, rx_ts=157057185292805) request_id=211671 zil_blk_id=15996 ccf_commit_seqno=211673 nstreams_done_=4000 config.nstreams=20000 avg_latency=0.9629 ms avg throuhgput (requests/sec) = 84.0510 res=false
*==== INFO ====* req_id_count= 4500 stream_id=17996 latency=0.789205 ms (tx_ts=157063105201171, rx_ts=157063105990376) request_id=238138 zil_blk_id=17996 ccf_commit_seqno=238138 nstreams_done_=4500 config.nstreams=20000 avg_latency=0.9599 ms avg throuhgput (requests/sec) = 84.0951 res=false
*==== INFO ====* req_id_count= 5000 stream_id=19996 latency=1.021280 ms (tx_ts=157069053824148, rx_ts=157069054845428) request_id=264725 zil_blk_id=19996 ccf_commit_seqno=264725 nstreams_done_=5000 config.nstreams=20000 avg_latency=0.9618 ms avg throuhgput (requests/sec) = 84.0906 res=false
*==== INFO ====* req_id_count= 5500 stream_id=21996 latency=0.867911 ms (tx_ts=157074990903236, rx_ts=157074991771147) request_id=291254 zil_blk_id=21996 ccf_commit_seqno=291254 nstreams_done_=5500 config.nstreams=20000 avg_latency=0.9592 ms avg throuhgput (requests/sec) = 84.1022 res=false
*==== INFO ====* req_id_count= 6000 stream_id=23996 latency=0.811648 ms (tx_ts=157080918431295, rx_ts=157080919242943) request_id=317798 zil_blk_id=23996 ccf_commit_seqno=317798 nstreams_done_=6000 config.nstreams=20000 avg_latency=0.9586 ms avg throuhgput (requests/sec) = 84.1231 res=false
*==== INFO ====* req_id_count= 6500 stream_id=25996 latency=0.902408 ms (tx_ts=157086837575695, rx_ts=157086838478103) request_id=344339 zil_blk_id=25996 ccf_commit_seqno=344340 nstreams_done_=6500 config.nstreams=20000 avg_latency=0.9563 ms avg throuhgput (requests/sec) = 84.1497 res=false
*==== INFO ====* req_id_count= 7000 stream_id=27996 latency=1.037611 ms (tx_ts=157092742260519, rx_ts=157092743298130) request_id=370781 zil_blk_id=27996 ccf_commit_seqno=370782 nstreams_done_=7000 config.nstreams=20000 avg_latency=0.9557 ms avg throuhgput (requests/sec) = 84.1871 res=false
*==== INFO ====* req_id_count= 7500 stream_id=29996 latency=0.943274 ms (tx_ts=157098643362203, rx_ts=157098644305477) request_id=397211 zil_blk_id=29996 ccf_commit_seqno=397212 nstreams_done_=7500 config.nstreams=20000 avg_latency=0.9543 ms avg throuhgput (requests/sec) = 84.2232 res=false
*==== INFO ====* req_id_count= 8000 stream_id=31996 latency=0.743683 ms (tx_ts=157104546347678, rx_ts=157104547091361) request_id=423563 zil_blk_id=31996 ccf_commit_seqno=423563 nstreams_done_=8000 config.nstreams=20000 avg_latency=0.9552 ms avg throuhgput (requests/sec) = 84.2532 res=false
*==== INFO ====* req_id_count= 8500 stream_id=33996 latency=0.969052 ms (tx_ts=157110489223884, rx_ts=157110490192936) request_id=450139 zil_blk_id=33996 ccf_commit_seqno=450139 nstreams_done_=8500 config.nstreams=20000 avg_latency=0.9569 ms avg throuhgput (requests/sec) = 84.2460 res=false
*==== INFO ====* req_id_count= 9000 stream_id=35996 latency=0.772665 ms (tx_ts=157116413275580, rx_ts=157116414048245) request_id=476682 zil_blk_id=35996 ccf_commit_seqno=476682 nstreams_done_=9000 config.nstreams=20000 avg_latency=0.9567 ms avg throuhgput (requests/sec) = 84.2548 res=false
*==== INFO ====* req_id_count= 9500 stream_id=37996 latency=1.072676 ms (tx_ts=157122377977461, rx_ts=157122379050137) request_id=503210 zil_blk_id=37996 ccf_commit_seqno=503212 nstreams_done_=9500 config.nstreams=20000 avg_latency=0.9604 ms avg throuhgput (requests/sec) = 84.2319 res=false
*==== INFO ====* req_id_count= 10000 stream_id=39996 latency=0.892839 ms (tx_ts=157128296886430, rx_ts=157128297779269) request_id=529729 zil_blk_id=39996 ccf_commit_seqno=529729 nstreams_done_=10000 config.nstreams=20000 avg_latency=0.9602 ms avg throuhgput (requests/sec) = 84.2441 res=false
*==== INFO ====* req_id_count= 10500 stream_id=41996 latency=0.792121 ms (tx_ts=157134195086988, rx_ts=157134195879109) request_id=556201 zil_blk_id=41996 ccf_commit_seqno=556201 nstreams_done_=10500 config.nstreams=20000 avg_latency=0.9594 ms avg throuhgput (requests/sec) = 84.2692 res=false
*==== INFO ====* req_id_count= 11000 stream_id=43996 latency=0.737169 ms (tx_ts=157140097361093, rx_ts=157140098098262) request_id=582716 zil_blk_id=43996 ccf_commit_seqno=582716 nstreams_done_=11000 config.nstreams=20000 avg_latency=0.9590 ms avg throuhgput (requests/sec) = 84.2893 res=false
*==== INFO ====* req_id_count= 11500 stream_id=45996 latency=0.949084 ms (tx_ts=157146030683342, rx_ts=157146031632426) request_id=609269 zil_blk_id=45996 ccf_commit_seqno=609270 nstreams_done_=11500 config.nstreams=20000 avg_latency=0.9601 ms avg throuhgput (requests/sec) = 84.2883 res=false
*==== INFO ====* req_id_count= 12000 stream_id=47996 latency=0.912166 ms (tx_ts=157151946740617, rx_ts=157151947652783) request_id=635811 zil_blk_id=47996 ccf_commit_seqno=635811 nstreams_done_=12000 config.nstreams=20000 avg_latency=0.9592 ms avg throuhgput (requests/sec) = 84.2978 res=false
*==== INFO ====* req_id_count= 12500 stream_id=49996 latency=0.909291 ms (tx_ts=157157852740152, rx_ts=157157853649443) request_id=662290 zil_blk_id=49996 ccf_commit_seqno=662290 nstreams_done_=12500 config.nstreams=20000 avg_latency=0.9580 ms avg throuhgput (requests/sec) = 84.3122 res=false
*==== INFO ====* req_id_count= 13000 stream_id=51996 latency=1.084498 ms (tx_ts=157163772489020, rx_ts=157163773573518) request_id=688849 zil_blk_id=51996 ccf_commit_seqno=688850 nstreams_done_=13000 config.nstreams=20000 avg_latency=0.9576 ms avg throuhgput (requests/sec) = 84.3179 res=false
*==== INFO ====* req_id_count= 13500 stream_id=53996 latency=0.933215 ms (tx_ts=157169674107289, rx_ts=157169675040504) request_id=715284 zil_blk_id=53996 ccf_commit_seqno=715286 nstreams_done_=13500 config.nstreams=20000 avg_latency=0.9573 ms avg throuhgput (requests/sec) = 84.3329 res=false
*==== INFO ====* req_id_count= 14000 stream_id=55996 latency=0.955106 ms (tx_ts=157175569544964, rx_ts=157175570500070) request_id=741756 zil_blk_id=55996 ccf_commit_seqno=741756 nstreams_done_=14000 config.nstreams=20000 avg_latency=0.9567 ms avg throuhgput (requests/sec) = 84.3499 res=false
*==== INFO ====* req_id_count= 14500 stream_id=57996 latency=0.839933 ms (tx_ts=157181440989705, rx_ts=157181441829638) request_id=767949 zil_blk_id=57996 ccf_commit_seqno=767949 nstreams_done_=14500 config.nstreams=20000 avg_latency=0.9575 ms avg throuhgput (requests/sec) = 84.3775 res=false
*==== INFO ====* req_id_count= 15000 stream_id=59996 latency=0.776432 ms (tx_ts=157187290449583, rx_ts=157187291226015) request_id=794232 zil_blk_id=59996 ccf_commit_seqno=794232 nstreams_done_=15000 config.nstreams=20000 avg_latency=0.9568 ms avg throuhgput (requests/sec) = 84.4138 res=false
*==== INFO ====* req_id_count= 15500 stream_id=61996 latency=0.899112 ms (tx_ts=157193167120519, rx_ts=157193168019631) request_id=820559 zil_blk_id=61996 ccf_commit_seqno=820559 nstreams_done_=15500 config.nstreams=20000 avg_latency=0.9576 ms avg throuhgput (requests/sec) = 84.4351 res=false
*==== INFO ====* req_id_count= 16000 stream_id=63996 latency=0.786501 ms (tx_ts=157199037518601, rx_ts=157199038305102) request_id=846871 zil_blk_id=63996 ccf_commit_seqno=846871 nstreams_done_=16000 config.nstreams=20000 avg_latency=0.9583 ms avg throuhgput (requests/sec) = 84.4581 res=false
*==== INFO ====* req_id_count= 16500 stream_id=65996 latency=0.980661 ms (tx_ts=157204886505295, rx_ts=157204887485956) request_id=873135 zil_blk_id=65996 ccf_commit_seqno=873136 nstreams_done_=16500 config.nstreams=20000 avg_latency=0.9577 ms avg throuhgput (requests/sec) = 84.4887 res=false
*==== INFO ====* req_id_count= 17000 stream_id=67996 latency=0.928155 ms (tx_ts=157210724133234, rx_ts=157210725061389) request_id=899391 zil_blk_id=67996 ccf_commit_seqno=899391 nstreams_done_=17000 config.nstreams=20000 avg_latency=0.9570 ms avg throuhgput (requests/sec) = 84.5225 res=false
*==== INFO ====* req_id_count= 17500 stream_id=69996 latency=1.116769 ms (tx_ts=157216602506527, rx_ts=157216603623296) request_id=925755 zil_blk_id=69996 ccf_commit_seqno=925755 nstreams_done_=17500 config.nstreams=20000 avg_latency=0.9580 ms avg throuhgput (requests/sec) = 84.5376 res=false
*==== INFO ====* req_id_count= 18000 stream_id=71996 latency=1.068568 ms (tx_ts=157222471502841, rx_ts=157222472571409) request_id=952072 zil_blk_id=71996 ccf_commit_seqno=952074 nstreams_done_=18000 config.nstreams=20000 avg_latency=0.9582 ms avg throuhgput (requests/sec) = 84.5557 res=false
*==== INFO ====* req_id_count= 18500 stream_id=73996 latency=0.925639 ms (tx_ts=157228324431149, rx_ts=157228325356788) request_id=978378 zil_blk_id=73996 ccf_commit_seqno=978378 nstreams_done_=18500 config.nstreams=20000 avg_latency=0.9582 ms avg throuhgput (requests/sec) = 84.5791 res=false
*==== INFO ====* req_id_count= 19000 stream_id=75996 latency=0.730065 ms (tx_ts=157234174553261, rx_ts=157234175283326) request_id=1004597 zil_blk_id=75996 ccf_commit_seqno=1004597 nstreams_done_=19000 config.nstreams=20000 avg_latency=0.9581 ms avg throuhgput (requests/sec) = 84.6023 res=false
*==== INFO ====* req_id_count= 19500 stream_id=77996 latency=0.760513 ms (tx_ts=157240033408606, rx_ts=157240034169119) request_id=1027705 zil_blk_id=77996 ccf_commit_seqno=1027705 nstreams_done_=19500 config.nstreams=20000 avg_latency=0.9577 ms avg throuhgput (requests/sec) = 84.6211 res=false
*==== INFO ====* http_end_stream ALL streams done! nstreams_done_=20000 avg_latency=0.9565 msreq_id_count= 20000
*==== INFO ====* req_id_count= 20000 stream_id=79996 latency=0.781452 ms (tx_ts=157245981268107, rx_ts=157245982049559) request_id=1038231 zil_blk_id=79996 ccf_commit_seqno=1038231 nstreams_done_=20000 config.nstreams=20000 avg_latency=0.9565 ms avg throuhgput (requests/sec) = 84.6071 res=true
