Uniform: 103321 134157 853453 196772 448247 
Exponential: -2147483648 -2147483648 -2147483648 -2147483648 -2147483648 
Truncated Normal: 324202 740517 591963 800603 726021 
*==== INFO ====* req_id_count= 500 stream_id=1996 latency=0.659573 ms (tx_ts=157015185140219, rx_ts=157015185799792) request_id=24446 zil_blk_id=588 ccf_commit_seqno=24447 nstreams_done_=500 config.nstreams=20000 avg_latency=0.6846 ms avg throuhgput (requests/sec) = 89.1713 res=false
*==== INFO ====* req_id_count= 1000 stream_id=3996 latency=0.586176 ms (tx_ts=157020849323678, rx_ts=157020849909854) request_id=49599 zil_blk_id=5887 ccf_commit_seqno=49599 nstreams_done_=1000 config.nstreams=20000 avg_latency=0.6721 ms avg throuhgput (requests/sec) = 88.7210 res=false
*==== INFO ====* req_id_count= 1500 stream_id=5996 latency=0.488414 ms (tx_ts=157026519236825, rx_ts=157026519725239) request_id=74871 zil_blk_id=11176 ccf_commit_seqno=74871 nstreams_done_=1500 config.nstreams=20000 avg_latency=0.6693 ms avg throuhgput (requests/sec) = 88.5420 res=false
*==== INFO ====* req_id_count= 2000 stream_id=7996 latency=0.791429 ms (tx_ts=157032192988834, rx_ts=157032193780263) request_id=100073 zil_blk_id=16476 ccf_commit_seqno=100075 nstreams_done_=2000 config.nstreams=20000 avg_latency=0.6762 ms avg throuhgput (requests/sec) = 88.4362 res=false
*==== INFO ====* req_id_count= 2500 stream_id=9996 latency=0.576830 ms (tx_ts=157037840211929, rx_ts=157037840788759) request_id=125296 zil_blk_id=21747 ccf_commit_seqno=125296 nstreams_done_=2500 config.nstreams=20000 avg_latency=0.6660 ms avg throuhgput (requests/sec) = 88.4575 res=false
*==== INFO ====* req_id_count= 3000 stream_id=11996 latency=0.806429 ms (tx_ts=157043507359806, rx_ts=157043508166235) request_id=150620 zil_blk_id=27047 ccf_commit_seqno=150620 nstreams_done_=3000 config.nstreams=20000 avg_latency=0.6654 ms avg throuhgput (requests/sec) = 88.4185 res=false
*==== INFO ====* req_id_count= 3500 stream_id=13996 latency=0.619279 ms (tx_ts=157049187309258, rx_ts=157049187928537) request_id=175982 zil_blk_id=32375 ccf_commit_seqno=175985 nstreams_done_=3500 config.nstreams=20000 avg_latency=0.6662 ms avg throuhgput (requests/sec) = 88.3631 res=false
*==== INFO ====* req_id_count= 4000 stream_id=15996 latency=0.561179 ms (tx_ts=157054848012031, rx_ts=157054848573210) request_id=201252 zil_blk_id=37685 ccf_commit_seqno=201252 nstreams_done_=4000 config.nstreams=20000 avg_latency=0.6655 ms avg throuhgput (requests/sec) = 88.3588 res=false
*==== INFO ====* req_id_count= 4500 stream_id=17996 latency=0.776843 ms (tx_ts=157060517564785, rx_ts=157060518341628) request_id=226574 zil_blk_id=43006 ccf_commit_seqno=226576 nstreams_done_=4500 config.nstreams=20000 avg_latency=0.6652 ms avg throuhgput (requests/sec) = 88.3397 res=false
*==== INFO ====* req_id_count= 5000 stream_id=19996 latency=0.817928 ms (tx_ts=157066140985244, rx_ts=157066141803172) request_id=251710 zil_blk_id=48283 ccf_commit_seqno=251712 nstreams_done_=5000 config.nstreams=20000 avg_latency=0.6653 ms avg throuhgput (requests/sec) = 88.3967 res=false
*==== INFO ====* req_id_count= 5500 stream_id=21996 latency=0.632343 ms (tx_ts=157071667981665, rx_ts=157071668614008) request_id=276421 zil_blk_id=53464 ccf_commit_seqno=276421 nstreams_done_=5500 config.nstreams=20000 avg_latency=0.6640 ms avg throuhgput (requests/sec) = 88.5811 res=false
*==== INFO ====* req_id_count= 6000 stream_id=23996 latency=0.529009 ms (tx_ts=157077302652314, rx_ts=157077303181323) request_id=301600 zil_blk_id=58748 ccf_commit_seqno=301600 nstreams_done_=6000 config.nstreams=20000 avg_latency=0.6645 ms avg throuhgput (requests/sec) = 88.5941 res=false
*==== INFO ====* req_id_count= 6500 stream_id=25996 latency=0.653201 ms (tx_ts=157082904604811, rx_ts=157082905258012) request_id=326720 zil_blk_id=63983 ccf_commit_seqno=326720 nstreams_done_=6500 config.nstreams=20000 avg_latency=0.6624 ms avg throuhgput (requests/sec) = 88.6445 res=false
*==== INFO ====* req_id_count= 7000 stream_id=27996 latency=0.683188 ms (tx_ts=157088560201989, rx_ts=157088560885177) request_id=352056 zil_blk_id=69265 ccf_commit_seqno=352056 nstreams_done_=7000 config.nstreams=20000 avg_latency=0.6613 ms avg throuhgput (requests/sec) = 88.6275 res=false
*==== INFO ====* req_id_count= 7500 stream_id=29996 latency=0.640528 ms (tx_ts=157094223382564, rx_ts=157094224023092) request_id=377410 zil_blk_id=74552 ccf_commit_seqno=377411 nstreams_done_=7500 config.nstreams=20000 avg_latency=0.6613 ms avg throuhgput (requests/sec) = 88.6049 res=false
*==== INFO ====* req_id_count= 8000 stream_id=31996 latency=0.505466 ms (tx_ts=157099870486950, rx_ts=157099870992416) request_id=402692 zil_blk_id=79819 ccf_commit_seqno=402692 nstreams_done_=8000 config.nstreams=20000 avg_latency=0.6594 ms avg throuhgput (requests/sec) = 88.6011 res=false
*==== INFO ====* req_id_count= 8500 stream_id=33996 latency=0.707963 ms (tx_ts=157105496035947, rx_ts=157105496743910) request_id=427792 zil_blk_id=85067 ccf_commit_seqno=427793 nstreams_done_=8500 config.nstreams=20000 avg_latency=0.6610 ms avg throuhgput (requests/sec) = 88.6172 res=false
*==== INFO ====* req_id_count= 9000 stream_id=35996 latency=0.832416 ms (tx_ts=157111175092261, rx_ts=157111175924677) request_id=453196 zil_blk_id=90367 ccf_commit_seqno=453196 nstreams_done_=9000 config.nstreams=20000 avg_latency=0.6621 ms avg throuhgput (requests/sec) = 88.5850 res=false
*==== INFO ====* req_id_count= 9500 stream_id=37996 latency=0.819903 ms (tx_ts=157116831925209, rx_ts=157116832745112) request_id=478555 zil_blk_id=95637 ccf_commit_seqno=478556 nstreams_done_=9500 config.nstreams=20000 avg_latency=0.6610 ms avg throuhgput (requests/sec) = 88.5747 res=false
*==== INFO ====* req_id_count= 10000 stream_id=39996 latency=0.539759 ms (tx_ts=157122514683166, rx_ts=157122515222925) request_id=503821 zil_blk_id=100967 ccf_commit_seqno=503821 nstreams_done_=10000 config.nstreams=20000 avg_latency=0.6639 ms avg throuhgput (requests/sec) = 88.5452 res=false
*==== INFO ====* req_id_count= 10500 stream_id=41996 latency=0.501157 ms (tx_ts=157128120178310, rx_ts=157128120679467) request_id=528933 zil_blk_id=106224 ccf_commit_seqno=528933 nstreams_done_=10500 config.nstreams=20000 avg_latency=0.6632 ms avg throuhgput (requests/sec) = 88.5762 res=false
*==== INFO ====* req_id_count= 11000 stream_id=43996 latency=0.486329 ms (tx_ts=157133616782131, rx_ts=157133617268460) request_id=553593 zil_blk_id=111380 ccf_commit_seqno=553593 nstreams_done_=11000 config.nstreams=20000 avg_latency=0.6619 ms avg throuhgput (requests/sec) = 88.6820 res=false
*==== INFO ====* req_id_count= 11500 stream_id=45996 latency=0.745113 ms (tx_ts=157139180481941, rx_ts=157139181227054) request_id=578598 zil_blk_id=116594 ccf_commit_seqno=578601 nstreams_done_=11500 config.nstreams=20000 avg_latency=0.6612 ms avg throuhgput (requests/sec) = 88.7328 res=false
*==== INFO ====* req_id_count= 12000 stream_id=47996 latency=0.498349 ms (tx_ts=157144807945693, rx_ts=157144808444042) request_id=603790 zil_blk_id=121853 ccf_commit_seqno=603790 nstreams_done_=12000 config.nstreams=20000 avg_latency=0.6610 ms avg throuhgput (requests/sec) = 88.7378 res=false
*==== INFO ====* req_id_count= 12500 stream_id=49996 latency=0.671596 ms (tx_ts=157150325778657, rx_ts=157150326450253) request_id=628530 zil_blk_id=127031 ccf_commit_seqno=628532 nstreams_done_=12500 config.nstreams=20000 avg_latency=0.6613 ms avg throuhgput (requests/sec) = 88.8113 res=false
*==== INFO ====* req_id_count= 13000 stream_id=51996 latency=0.703295 ms (tx_ts=157155902628613, rx_ts=157155903331908) request_id=653556 zil_blk_id=132263 ccf_commit_seqno=653557 nstreams_done_=13000 config.nstreams=20000 avg_latency=0.6610 ms avg throuhgput (requests/sec) = 88.8435 res=false
*==== INFO ====* req_id_count= 13500 stream_id=53996 latency=0.539639 ms (tx_ts=157161561922540, rx_ts=157161562462179) request_id=678939 zil_blk_id=137569 ccf_commit_seqno=678939 nstreams_done_=13500 config.nstreams=20000 avg_latency=0.6609 ms avg throuhgput (requests/sec) = 88.8252 res=false
*==== INFO ====* req_id_count= 14000 stream_id=55996 latency=0.467354 ms (tx_ts=157167228354454, rx_ts=157167228821808) request_id=704337 zil_blk_id=142883 ccf_commit_seqno=704337 nstreams_done_=14000 config.nstreams=20000 avg_latency=0.6612 ms avg throuhgput (requests/sec) = 88.8042 res=false
*==== INFO ====* req_id_count= 14500 stream_id=57996 latency=0.755362 ms (tx_ts=157172888645350, rx_ts=157172889400712) request_id=729732 zil_blk_id=148194 ccf_commit_seqno=729732 nstreams_done_=14500 config.nstreams=20000 avg_latency=0.6611 ms avg throuhgput (requests/sec) = 88.7878 res=false
*==== INFO ====* req_id_count= 15000 stream_id=59996 latency=0.810415 ms (tx_ts=157178569836972, rx_ts=157178570647387) request_id=755091 zil_blk_id=153527 ccf_commit_seqno=755092 nstreams_done_=15000 config.nstreams=20000 avg_latency=0.6623 ms avg throuhgput (requests/sec) = 88.7616 res=false
*==== INFO ====* req_id_count= 15500 stream_id=61996 latency=0.515113 ms (tx_ts=157184229131846, rx_ts=157184229646959) request_id=780464 zil_blk_id=158835 ccf_commit_seqno=780465 nstreams_done_=15500 config.nstreams=20000 avg_latency=0.6617 ms avg throuhgput (requests/sec) = 88.7484 res=false
*==== INFO ====* req_id_count= 16000 stream_id=63996 latency=0.787559 ms (tx_ts=157189902264102, rx_ts=157189903051661) request_id=805946 zil_blk_id=164154 ccf_commit_seqno=805948 nstreams_done_=16000 config.nstreams=20000 avg_latency=0.6620 ms avg throuhgput (requests/sec) = 88.7290 res=false
*==== INFO ====* req_id_count= 16500 stream_id=65996 latency=0.805878 ms (tx_ts=157195512282838, rx_ts=157195513088716) request_id=831055 zil_blk_id=169415 ccf_commit_seqno=831056 nstreams_done_=16500 config.nstreams=20000 avg_latency=0.6628 ms avg throuhgput (requests/sec) = 88.7409 res=false
*==== INFO ====* req_id_count= 17000 stream_id=67996 latency=0.572220 ms (tx_ts=157201171421034, rx_ts=157201171993254) request_id=856454 zil_blk_id=174721 ccf_commit_seqno=856454 nstreams_done_=17000 config.nstreams=20000 avg_latency=0.6631 ms avg throuhgput (requests/sec) = 88.7296 res=false
*==== INFO ====* req_id_count= 17500 stream_id=69996 latency=0.651335 ms (tx_ts=157206819585402, rx_ts=157206820236737) request_id=881828 zil_blk_id=180018 ccf_commit_seqno=881829 nstreams_done_=17500 config.nstreams=20000 avg_latency=0.6633 ms avg throuhgput (requests/sec) = 88.7237 res=false
*==== INFO ====* req_id_count= 18000 stream_id=71996 latency=0.711455 ms (tx_ts=157212411243252, rx_ts=157212411954707) request_id=906958 zil_blk_id=185268 ccf_commit_seqno=906962 nstreams_done_=18000 config.nstreams=20000 avg_latency=0.6634 ms avg throuhgput (requests/sec) = 88.7428 res=false
*==== INFO ====* req_id_count= 18500 stream_id=73996 latency=0.455642 ms (tx_ts=157218065643110, rx_ts=157218066098752) request_id=932331 zil_blk_id=190573 ccf_commit_seqno=932331 nstreams_done_=18500 config.nstreams=20000 avg_latency=0.6633 ms avg throuhgput (requests/sec) = 88.7343 res=false
*==== INFO ====* req_id_count= 19000 stream_id=75996 latency=0.530191 ms (tx_ts=157223656609250, rx_ts=157223657139441) request_id=957388 zil_blk_id=195817 ccf_commit_seqno=957388 nstreams_done_=19000 config.nstreams=20000 avg_latency=0.6635 ms avg throuhgput (requests/sec) = 88.7525 res=false
*==== INFO ====* req_id_count= 19500 stream_id=77996 latency=0.605843 ms (tx_ts=157229295370043, rx_ts=157229295975886) request_id=982746 zil_blk_id=201101 ccf_commit_seqno=982747 nstreams_done_=19500 config.nstreams=20000 avg_latency=0.6634 ms avg throuhgput (requests/sec) = 88.7504 res=false
*==== INFO ====* http_end_stream ALL streams done! nstreams_done_=20000 avg_latency=0.6641 msreq_id_count= 20000
*==== INFO ====* req_id_count= 20000 stream_id=79996 latency=0.612255 ms (tx_ts=157234852293828, rx_ts=157234852906083) request_id=1007625 zil_blk_id=206310 ccf_commit_seqno=1007627 nstreams_done_=20000 config.nstreams=20000 avg_latency=0.6641 ms avg throuhgput (requests/sec) = 88.7807 res=true
