Uniform: 289015 324432 853797 43076 500477 
Exponential: -2147483648 -2147483648 -2147483648 -2147483648 -2147483648 
Truncated Normal: 469313 817210 432158 209631 551046 
*==== INFO ====* req_id_count= 500 stream_id=1996 latency=0.665104 ms (tx_ts=157015244534954, rx_ts=157015245200058) request_id=24710 zil_blk_id=1996 ccf_commit_seqno=24710 nstreams_done_=500 config.nstreams=20000 avg_latency=0.6901 ms avg throuhgput (requests/sec) = 88.2381 res=false
*==== INFO ====* req_id_count= 1000 stream_id=3996 latency=0.614659 ms (tx_ts=157020928157913, rx_ts=157020928772572) request_id=49952 zil_blk_id=3996 ccf_commit_seqno=49952 nstreams_done_=1000 config.nstreams=20000 avg_latency=0.6940 ms avg throuhgput (requests/sec) = 88.1053 res=false
*==== INFO ====* req_id_count= 1500 stream_id=5996 latency=0.563915 ms (tx_ts=157026614359334, rx_ts=157026614923249) request_id=75263 zil_blk_id=5996 ccf_commit_seqno=75263 nstreams_done_=1500 config.nstreams=20000 avg_latency=0.7019 ms avg throuhgput (requests/sec) = 88.0478 res=false
*==== INFO ====* req_id_count= 2000 stream_id=7996 latency=0.902390 ms (tx_ts=157032317346572, rx_ts=157032318248962) request_id=100622 zil_blk_id=7996 ccf_commit_seqno=100624 nstreams_done_=2000 config.nstreams=20000 avg_latency=0.7118 ms avg throuhgput (requests/sec) = 87.9525 res=false
*==== INFO ====* req_id_count= 2500 stream_id=9996 latency=0.925162 ms (tx_ts=157037990150240, rx_ts=157037991075402) request_id=125962 zil_blk_id=9996 ccf_commit_seqno=125963 nstreams_done_=2500 config.nstreams=20000 avg_latency=0.7059 ms avg throuhgput (requests/sec) = 87.9899 res=false
*==== INFO ====* req_id_count= 3000 stream_id=11996 latency=0.500356 ms (tx_ts=157043679571848, rx_ts=157043680072204) request_id=151383 zil_blk_id=11996 ccf_commit_seqno=151383 nstreams_done_=3000 config.nstreams=20000 avg_latency=0.7065 ms avg throuhgput (requests/sec) = 87.9730 res=false
*==== INFO ====* req_id_count= 3500 stream_id=13996 latency=0.911125 ms (tx_ts=157049366247836, rx_ts=157049367158961) request_id=176780 zil_blk_id=13996 ccf_commit_seqno=176781 nstreams_done_=3500 config.nstreams=20000 avg_latency=0.7077 ms avg throuhgput (requests/sec) = 87.9652 res=false
*==== INFO ====* req_id_count= 4000 stream_id=15996 latency=0.634757 ms (tx_ts=157055061139218, rx_ts=157055061773975) request_id=202205 zil_blk_id=15996 ccf_commit_seqno=202206 nstreams_done_=4000 config.nstreams=20000 avg_latency=0.7050 ms avg throuhgput (requests/sec) = 87.9448 res=false
*==== INFO ====* req_id_count= 4500 stream_id=17996 latency=0.654424 ms (tx_ts=157060758316447, rx_ts=157060758970871) request_id=227645 zil_blk_id=17996 ccf_commit_seqno=227646 nstreams_done_=4500 config.nstreams=20000 avg_latency=0.7068 ms avg throuhgput (requests/sec) = 87.9245 res=false
*==== INFO ====* req_id_count= 5000 stream_id=19996 latency=0.658520 ms (tx_ts=157066443359912, rx_ts=157066444018432) request_id=253068 zil_blk_id=19996 ccf_commit_seqno=253068 nstreams_done_=5000 config.nstreams=20000 avg_latency=0.7070 ms avg throuhgput (requests/sec) = 87.9271 res=false
*==== INFO ====* req_id_count= 5500 stream_id=21996 latency=0.534850 ms (tx_ts=157072133326058, rx_ts=157072133860908) request_id=278512 zil_blk_id=21996 ccf_commit_seqno=278512 nstreams_done_=5500 config.nstreams=20000 avg_latency=0.7054 ms avg throuhgput (requests/sec) = 87.9224 res=false
*==== INFO ====* req_id_count= 6000 stream_id=23996 latency=0.513039 ms (tx_ts=157077823473698, rx_ts=157077823986737) request_id=303936 zil_blk_id=23996 ccf_commit_seqno=303936 nstreams_done_=6000 config.nstreams=20000 avg_latency=0.7070 ms avg throuhgput (requests/sec) = 87.9182 res=false
*==== INFO ====* req_id_count= 6500 stream_id=25996 latency=0.526995 ms (tx_ts=157083495835380, rx_ts=157083496362375) request_id=329366 zil_blk_id=25996 ccf_commit_seqno=329366 nstreams_done_=6500 config.nstreams=20000 avg_latency=0.7043 ms avg throuhgput (requests/sec) = 87.9357 res=false
*==== INFO ====* req_id_count= 7000 stream_id=27996 latency=0.598790 ms (tx_ts=157089186307981, rx_ts=157089186906771) request_id=354861 zil_blk_id=27996 ccf_commit_seqno=354863 nstreams_done_=7000 config.nstreams=20000 avg_latency=0.7033 ms avg throuhgput (requests/sec) = 87.9306 res=false
*==== INFO ====* req_id_count= 7500 stream_id=29996 latency=0.583130 ms (tx_ts=157094861457519, rx_ts=157094862040649) request_id=380274 zil_blk_id=29996 ccf_commit_seqno=380274 nstreams_done_=7500 config.nstreams=20000 avg_latency=0.7029 ms avg throuhgput (requests/sec) = 87.9422 res=false
*==== INFO ====* req_id_count= 8000 stream_id=31996 latency=0.580505 ms (tx_ts=157100541149261, rx_ts=157100541729766) request_id=405701 zil_blk_id=31996 ccf_commit_seqno=405701 nstreams_done_=8000 config.nstreams=20000 avg_latency=0.7021 ms avg throuhgput (requests/sec) = 87.9478 res=false
*==== INFO ====* req_id_count= 8500 stream_id=33996 latency=0.769878 ms (tx_ts=157106239050524, rx_ts=157106239820402) request_id=431119 zil_blk_id=33996 ccf_commit_seqno=431121 nstreams_done_=8500 config.nstreams=20000 avg_latency=0.7034 ms avg throuhgput (requests/sec) = 87.9361 res=false
*==== INFO ====* req_id_count= 9000 stream_id=35996 latency=0.620390 ms (tx_ts=157111928263309, rx_ts=157111928883699) request_id=456583 zil_blk_id=35996 ccf_commit_seqno=456583 nstreams_done_=9000 config.nstreams=20000 avg_latency=0.7034 ms avg throuhgput (requests/sec) = 87.9334 res=false
*==== INFO ====* req_id_count= 9500 stream_id=37996 latency=4.159274 ms (tx_ts=157117603931589, rx_ts=157117608090863) request_id=481960 zil_blk_id=37996 ccf_commit_seqno=481961 nstreams_done_=9500 config.nstreams=20000 avg_latency=0.7026 ms avg throuhgput (requests/sec) = 87.9390 res=false
*==== INFO ====* req_id_count= 10000 stream_id=39996 latency=0.743039 ms (tx_ts=157123305296805, rx_ts=157123306039844) request_id=507357 zil_blk_id=39996 ccf_commit_seqno=507360 nstreams_done_=10000 config.nstreams=20000 avg_latency=0.7037 ms avg throuhgput (requests/sec) = 87.9296 res=false
*==== INFO ====* req_id_count= 10500 stream_id=41996 latency=0.492871 ms (tx_ts=157128980280213, rx_ts=157128980773084) request_id=532791 zil_blk_id=41996 ccf_commit_seqno=532791 nstreams_done_=10500 config.nstreams=20000 avg_latency=0.7029 ms avg throuhgput (requests/sec) = 87.9382 res=false
*==== INFO ====* req_id_count= 11000 stream_id=43996 latency=0.620681 ms (tx_ts=157134665316639, rx_ts=157134665937320) request_id=558317 zil_blk_id=43996 ccf_commit_seqno=558317 nstreams_done_=11000 config.nstreams=20000 avg_latency=0.7028 ms avg throuhgput (requests/sec) = 87.9386 res=false
*==== INFO ====* req_id_count= 11500 stream_id=45996 latency=0.608999 ms (tx_ts=157140341499983, rx_ts=157140342108982) request_id=583815 zil_blk_id=45996 ccf_commit_seqno=583815 nstreams_done_=11500 config.nstreams=20000 avg_latency=0.7020 ms avg throuhgput (requests/sec) = 87.9451 res=false
*==== INFO ====* req_id_count= 12000 stream_id=47996 latency=0.921052 ms (tx_ts=157146030173256, rx_ts=157146031094308) request_id=609265 zil_blk_id=47996 ccf_commit_seqno=609266 nstreams_done_=12000 config.nstreams=20000 avg_latency=0.7033 ms avg throuhgput (requests/sec) = 87.9428 res=false
*==== INFO ====* req_id_count= 12500 stream_id=49996 latency=0.511787 ms (tx_ts=157151700325341, rx_ts=157151700837128) request_id=634714 zil_blk_id=49996 ccf_commit_seqno=634714 nstreams_done_=12500 config.nstreams=20000 avg_latency=0.7020 ms avg throuhgput (requests/sec) = 87.9525 res=false
*==== INFO ====* req_id_count= 13000 stream_id=51996 latency=0.502369 ms (tx_ts=157157367463956, rx_ts=157157367966325) request_id=660111 zil_blk_id=51996 ccf_commit_seqno=660111 nstreams_done_=13000 config.nstreams=20000 avg_latency=0.7018 ms avg throuhgput (requests/sec) = 87.9631 res=false
*==== INFO ====* req_id_count= 13500 stream_id=53996 latency=0.763158 ms (tx_ts=157163042751157, rx_ts=157163043514315) request_id=685573 zil_blk_id=53996 ccf_commit_seqno=685573 nstreams_done_=13500 config.nstreams=20000 avg_latency=0.7013 ms avg throuhgput (requests/sec) = 87.9681 res=false
*==== INFO ====* req_id_count= 14000 stream_id=55996 latency=0.813671 ms (tx_ts=157168722179291, rx_ts=157168722992962) request_id=711015 zil_blk_id=55996 ccf_commit_seqno=711017 nstreams_done_=14000 config.nstreams=20000 avg_latency=0.7011 ms avg throuhgput (requests/sec) = 87.9705 res=false
*==== INFO ====* req_id_count= 14500 stream_id=57996 latency=0.813041 ms (tx_ts=157174399940215, rx_ts=157174400753256) request_id=736498 zil_blk_id=57996 ccf_commit_seqno=736498 nstreams_done_=14500 config.nstreams=20000 avg_latency=0.7005 ms avg throuhgput (requests/sec) = 87.9737 res=false
*==== INFO ====* req_id_count= 15000 stream_id=59996 latency=0.603729 ms (tx_ts=157180099303000, rx_ts=157180099906729) request_id=761953 zil_blk_id=59996 ccf_commit_seqno=761955 nstreams_done_=15000 config.nstreams=20000 avg_latency=0.7017 ms avg throuhgput (requests/sec) = 87.9656 res=false
*==== INFO ====* req_id_count= 15500 stream_id=61996 latency=0.706802 ms (tx_ts=157185781878355, rx_ts=157185782585157) request_id=787442 zil_blk_id=61996 ccf_commit_seqno=787442 nstreams_done_=15500 config.nstreams=20000 avg_latency=0.7021 ms avg throuhgput (requests/sec) = 87.9663 res=false
*==== INFO ====* req_id_count= 16000 stream_id=63996 latency=1.511066 ms (tx_ts=157191466024438, rx_ts=157191467535504) request_id=812969 zil_blk_id=63996 ccf_commit_seqno=812970 nstreams_done_=16000 config.nstreams=20000 avg_latency=0.7019 ms avg throuhgput (requests/sec) = 87.9658 res=false
*==== INFO ====* req_id_count= 16500 stream_id=65996 latency=0.838438 ms (tx_ts=157197162693258, rx_ts=157197163531696) request_id=838472 zil_blk_id=65996 ccf_commit_seqno=838474 nstreams_done_=16500 config.nstreams=20000 avg_latency=0.7020 ms avg throuhgput (requests/sec) = 87.9602 res=false
*==== INFO ====* req_id_count= 17000 stream_id=67996 latency=0.630690 ms (tx_ts=157202844977731, rx_ts=157202845608421) request_id=863961 zil_blk_id=67996 ccf_commit_seqno=863962 nstreams_done_=17000 config.nstreams=20000 avg_latency=0.7016 ms avg throuhgput (requests/sec) = 87.9613 res=false
*==== INFO ====* req_id_count= 17500 stream_id=69996 latency=0.715117 ms (tx_ts=157208520132080, rx_ts=157208520847197) request_id=889483 zil_blk_id=69996 ccf_commit_seqno=889483 nstreams_done_=17500 config.nstreams=20000 avg_latency=0.7011 ms avg throuhgput (requests/sec) = 87.9653 res=false
*==== INFO ====* req_id_count= 18000 stream_id=71996 latency=0.612836 ms (tx_ts=157214201381680, rx_ts=157214201994516) request_id=914973 zil_blk_id=71996 ccf_commit_seqno=914974 nstreams_done_=18000 config.nstreams=20000 avg_latency=0.7010 ms avg throuhgput (requests/sec) = 87.9665 res=false
*==== INFO ====* req_id_count= 18500 stream_id=73996 latency=0.847024 ms (tx_ts=157219862744790, rx_ts=157219863591814) request_id=940389 zil_blk_id=73996 ccf_commit_seqno=940390 nstreams_done_=18500 config.nstreams=20000 avg_latency=0.7012 ms avg throuhgput (requests/sec) = 87.9759 res=false
*==== INFO ====* req_id_count= 19000 stream_id=75996 latency=0.648383 ms (tx_ts=157225548990328, rx_ts=157225549638711) request_id=965888 zil_blk_id=75996 ccf_commit_seqno=965889 nstreams_done_=19000 config.nstreams=20000 avg_latency=0.7010 ms avg throuhgput (requests/sec) = 87.9748 res=false
*==== INFO ====* req_id_count= 19500 stream_id=77996 latency=0.802761 ms (tx_ts=157231218107862, rx_ts=157231218910623) request_id=991392 zil_blk_id=77996 ccf_commit_seqno=991392 nstreams_done_=19500 config.nstreams=20000 avg_latency=0.7004 ms avg throuhgput (requests/sec) = 87.9804 res=false
*==== INFO ====* http_end_stream ALL streams done! nstreams_done_=20000 avg_latency=0.7009 msreq_id_count= 20000
*==== INFO ====* req_id_count= 20000 stream_id=79996 latency=0.709450 ms (tx_ts=157236906464790, rx_ts=157236907174240) request_id=1016252 zil_blk_id=79996 ccf_commit_seqno=1016256 nstreams_done_=20000 config.nstreams=20000 avg_latency=0.7009 ms avg throuhgput (requests/sec) = 87.9784 res=true
