Uniform: 706568 257824 955360 414043 979911 
Exponential: -2147483648 -2147483648 -2147483648 -2147483648 -2147483648 
Truncated Normal: 897780 396595 752852 569273 313709 
*==== INFO ====* req_id_count= 500 stream_id=1996 latency=0.883212 ms (tx_ts=157015369832006, rx_ts=157015370715218) request_id=25262 zil_blk_id=1996 ccf_commit_seqno=25264 nstreams_done_=500 config.nstreams=20000 avg_latency=0.8836 ms avg throuhgput (requests/sec) = 86.4775 res=false
*==== INFO ====* req_id_count= 1000 stream_id=3996 latency=0.734674 ms (tx_ts=157021127202101, rx_ts=157021127936775) request_id=50826 zil_blk_id=3996 ccf_commit_seqno=50826 nstreams_done_=1000 config.nstreams=20000 avg_latency=0.8718 ms avg throuhgput (requests/sec) = 86.6621 res=false
*==== INFO ====* req_id_count= 1500 stream_id=5996 latency=0.893302 ms (tx_ts=157026906069149, rx_ts=157026906962451) request_id=76564 zil_blk_id=5996 ccf_commit_seqno=76565 nstreams_done_=1500 config.nstreams=20000 avg_latency=0.8788 ms avg throuhgput (requests/sec) = 86.6146 res=false
*==== INFO ====* req_id_count= 2000 stream_id=7996 latency=1.711145 ms (tx_ts=157032690557348, rx_ts=157032692268493) request_id=102283 zil_blk_id=7996 ccf_commit_seqno=102284 nstreams_done_=2000 config.nstreams=20000 avg_latency=0.8817 ms avg throuhgput (requests/sec) = 86.5673 res=false
*==== INFO ====* req_id_count= 2500 stream_id=9996 latency=0.700892 ms (tx_ts=157038470716569, rx_ts=157038471417461) request_id=128110 zil_blk_id=9996 ccf_commit_seqno=128110 nstreams_done_=2500 config.nstreams=20000 avg_latency=0.8769 ms avg throuhgput (requests/sec) = 86.5574 res=false
*==== INFO ====* req_id_count= 3000 stream_id=11996 latency=0.845011 ms (tx_ts=157044243063134, rx_ts=157044243908145) request_id=153903 zil_blk_id=11996 ccf_commit_seqno=153905 nstreams_done_=3000 config.nstreams=20000 avg_latency=0.8749 ms avg throuhgput (requests/sec) = 86.5675 res=false
*==== INFO ====* req_id_count= 3500 stream_id=13996 latency=0.662068 ms (tx_ts=157050028979142, rx_ts=157050029641210) request_id=179740 zil_blk_id=13996 ccf_commit_seqno=179740 nstreams_done_=3500 config.nstreams=20000 avg_latency=0.8724 ms avg throuhgput (requests/sec) = 86.5463 res=false
*==== INFO ====* req_id_count= 4000 stream_id=15996 latency=0.912266 ms (tx_ts=157055831250889, rx_ts=157055832163155) request_id=205648 zil_blk_id=15996 ccf_commit_seqno=205649 nstreams_done_=4000 config.nstreams=20000 avg_latency=0.8742 ms avg throuhgput (requests/sec) = 86.4990 res=false
*==== INFO ====* req_id_count= 4500 stream_id=17996 latency=0.845720 ms (tx_ts=157061619218237, rx_ts=157061620063957) request_id=231511 zil_blk_id=17996 ccf_commit_seqno=231511 nstreams_done_=4500 config.nstreams=20000 avg_latency=0.8708 ms avg throuhgput (requests/sec) = 86.4866 res=false
*==== INFO ====* req_id_count= 5000 stream_id=19996 latency=0.873553 ms (tx_ts=157067386466229, rx_ts=157067387339782) request_id=257286 zil_blk_id=19996 ccf_commit_seqno=257288 nstreams_done_=5000 config.nstreams=20000 avg_latency=0.8720 ms avg throuhgput (requests/sec) = 86.5075 res=false
*==== INFO ====* req_id_count= 5500 stream_id=21996 latency=0.616001 ms (tx_ts=157073192284957, rx_ts=157073192900958) request_id=283209 zil_blk_id=21996 ccf_commit_seqno=283209 nstreams_done_=5500 config.nstreams=20000 avg_latency=0.8733 ms avg throuhgput (requests/sec) = 86.4725 res=false
*==== INFO ====* req_id_count= 6000 stream_id=23996 latency=0.751368 ms (tx_ts=157078941492541, rx_ts=157078942243909) request_id=308945 zil_blk_id=23996 ccf_commit_seqno=308945 nstreams_done_=6000 config.nstreams=20000 avg_latency=0.8718 ms avg throuhgput (requests/sec) = 86.5134 res=false
*==== INFO ====* req_id_count= 6500 stream_id=25996 latency=0.909882 ms (tx_ts=157084696551116, rx_ts=157084697460998) request_id=334732 zil_blk_id=25996 ccf_commit_seqno=334737 nstreams_done_=6500 config.nstreams=20000 avg_latency=0.8694 ms avg throuhgput (requests/sec) = 86.5414 res=false
*==== INFO ====* req_id_count= 7000 stream_id=27996 latency=0.929559 ms (tx_ts=157090448984524, rx_ts=157090449914083) request_id=360512 zil_blk_id=27996 ccf_commit_seqno=360514 nstreams_done_=7000 config.nstreams=20000 avg_latency=0.8681 ms avg throuhgput (requests/sec) = 86.5683 res=false
*==== INFO ====* req_id_count= 7500 stream_id=29996 latency=0.639376 ms (tx_ts=157096200783240, rx_ts=157096201422616) request_id=386276 zil_blk_id=29996 ccf_commit_seqno=386276 nstreams_done_=7500 config.nstreams=20000 avg_latency=0.8666 ms avg throuhgput (requests/sec) = 86.5925 res=false
*==== INFO ====* req_id_count= 8000 stream_id=31996 latency=0.684660 ms (tx_ts=157101977300005, rx_ts=157101977984665) request_id=412124 zil_blk_id=31996 ccf_commit_seqno=412124 nstreams_done_=8000 config.nstreams=20000 avg_latency=0.8675 ms avg throuhgput (requests/sec) = 86.5903 res=false
*==== INFO ====* req_id_count= 8500 stream_id=33996 latency=0.752763 ms (tx_ts=157107780383787, rx_ts=157107781136550) request_id=438037 zil_blk_id=33996 ccf_commit_seqno=438038 nstreams_done_=8500 config.nstreams=20000 avg_latency=0.8716 ms avg throuhgput (requests/sec) = 86.5649 res=false
*==== INFO ====* req_id_count= 9000 stream_id=35996 latency=1.836244 ms (tx_ts=157113547866589, rx_ts=157113549702833) request_id=463833 zil_blk_id=35996 ccf_commit_seqno=463838 nstreams_done_=9000 config.nstreams=20000 avg_latency=0.8722 ms avg throuhgput (requests/sec) = 86.5711 res=false
*==== INFO ====* req_id_count= 9500 stream_id=37996 latency=0.881478 ms (tx_ts=157119324728942, rx_ts=157119325610420) request_id=489638 zil_blk_id=37996 ccf_commit_seqno=489639 nstreams_done_=9500 config.nstreams=20000 avg_latency=0.8729 ms avg throuhgput (requests/sec) = 86.5708 res=false
*==== INFO ====* req_id_count= 10000 stream_id=39996 latency=1.003206 ms (tx_ts=157125100800981, rx_ts=157125101804187) request_id=515426 zil_blk_id=39996 ccf_commit_seqno=515429 nstreams_done_=10000 config.nstreams=20000 avg_latency=0.8730 ms avg throuhgput (requests/sec) = 86.5704 res=false
*==== INFO ====* req_id_count= 10500 stream_id=41996 latency=0.952260 ms (tx_ts=157130874865108, rx_ts=157130875817368) request_id=541299 zil_blk_id=41996 ccf_commit_seqno=541300 nstreams_done_=10500 config.nstreams=20000 avg_latency=0.8723 ms avg throuhgput (requests/sec) = 86.5716 res=false
*==== INFO ====* req_id_count= 11000 stream_id=43996 latency=0.839811 ms (tx_ts=157136656846532, rx_ts=157136657686343) request_id=567259 zil_blk_id=43996 ccf_commit_seqno=567260 nstreams_done_=11000 config.nstreams=20000 avg_latency=0.8716 ms avg throuhgput (requests/sec) = 86.5673 res=false
*==== INFO ====* req_id_count= 11500 stream_id=45996 latency=1.870758 ms (tx_ts=157142425936830, rx_ts=157142427807588) request_id=593155 zil_blk_id=45996 ccf_commit_seqno=593161 nstreams_done_=11500 config.nstreams=20000 avg_latency=0.8714 ms avg throuhgput (requests/sec) = 86.5710 res=false
*==== INFO ====* req_id_count= 12000 stream_id=47996 latency=0.702233 ms (tx_ts=157148200617761, rx_ts=157148201319994) request_id=618978 zil_blk_id=47996 ccf_commit_seqno=618980 nstreams_done_=12000 config.nstreams=20000 avg_latency=0.8721 ms avg throuhgput (requests/sec) = 86.5723 res=false
*==== INFO ====* req_id_count= 12500 stream_id=49996 latency=0.824278 ms (tx_ts=157153974250448, rx_ts=157153975074726) request_id=644914 zil_blk_id=49996 ccf_commit_seqno=644914 nstreams_done_=12500 config.nstreams=20000 avg_latency=0.8710 ms avg throuhgput (requests/sec) = 86.5734 res=false
*==== INFO ====* req_id_count= 13000 stream_id=51996 latency=0.727711 ms (tx_ts=157159748116593, rx_ts=157159748844304) request_id=670797 zil_blk_id=51996 ccf_commit_seqno=670799 nstreams_done_=13000 config.nstreams=20000 avg_latency=0.8705 ms avg throuhgput (requests/sec) = 86.5743 res=false
*==== INFO ====* req_id_count= 13500 stream_id=53996 latency=1.077916 ms (tx_ts=157165512396068, rx_ts=157165513473984) request_id=696651 zil_blk_id=53996 ccf_commit_seqno=696653 nstreams_done_=13500 config.nstreams=20000 avg_latency=0.8692 ms avg throuhgput (requests/sec) = 86.5803 res=false
*==== INFO ====* req_id_count= 14000 stream_id=55996 latency=0.954194 ms (tx_ts=157171291248717, rx_ts=157171292202911) request_id=722557 zil_blk_id=55996 ccf_commit_seqno=722557 nstreams_done_=14000 config.nstreams=20000 avg_latency=0.8692 ms avg throuhgput (requests/sec) = 86.5783 res=false
*==== INFO ====* req_id_count= 14500 stream_id=57996 latency=0.908509 ms (tx_ts=157177079949949, rx_ts=157177080858458) request_id=748423 zil_blk_id=57996 ccf_commit_seqno=748428 nstreams_done_=14500 config.nstreams=20000 avg_latency=0.8698 ms avg throuhgput (requests/sec) = 86.5713 res=false
*==== INFO ====* req_id_count= 15000 stream_id=59996 latency=0.704227 ms (tx_ts=157182855407747, rx_ts=157182856111974) request_id=774275 zil_blk_id=59996 ccf_commit_seqno=774275 nstreams_done_=15000 config.nstreams=20000 avg_latency=0.8702 ms avg throuhgput (requests/sec) = 86.5715 res=false
*==== INFO ====* req_id_count= 15500 stream_id=61996 latency=0.889554 ms (tx_ts=157188604607047, rx_ts=157188605496601) request_id=800107 zil_blk_id=61996 ccf_commit_seqno=800107 nstreams_done_=15500 config.nstreams=20000 avg_latency=0.8698 ms avg throuhgput (requests/sec) = 86.5841 res=false
*==== INFO ====* req_id_count= 16000 stream_id=63996 latency=0.889172 ms (tx_ts=157194395522803, rx_ts=157194396411975) request_id=826068 zil_blk_id=63996 ccf_commit_seqno=826069 nstreams_done_=16000 config.nstreams=20000 avg_latency=0.8704 ms avg throuhgput (requests/sec) = 86.5766 res=false
*==== INFO ====* req_id_count= 16500 stream_id=65996 latency=0.653071 ms (tx_ts=157200165536821, rx_ts=157200166189892) request_id=851929 zil_blk_id=65996 ccf_commit_seqno=851929 nstreams_done_=16500 config.nstreams=20000 avg_latency=0.8701 ms avg throuhgput (requests/sec) = 86.5790 res=false
*==== INFO ====* req_id_count= 17000 stream_id=67996 latency=0.759326 ms (tx_ts=157205937050419, rx_ts=157205937809745) request_id=877851 zil_blk_id=67996 ccf_commit_seqno=877852 nstreams_done_=17000 config.nstreams=20000 avg_latency=0.8693 ms avg throuhgput (requests/sec) = 86.5806 res=false
*==== INFO ====* req_id_count= 17500 stream_id=69996 latency=0.641008 ms (tx_ts=157211700828453, rx_ts=157211701469461) request_id=903781 zil_blk_id=69996 ccf_commit_seqno=903781 nstreams_done_=17500 config.nstreams=20000 avg_latency=0.8694 ms avg throuhgput (requests/sec) = 86.5854 res=false
*==== INFO ====* req_id_count= 18000 stream_id=71996 latency=0.849519 ms (tx_ts=157217489331439, rx_ts=157217490180958) request_id=929737 zil_blk_id=71996 ccf_commit_seqno=929738 nstreams_done_=18000 config.nstreams=20000 avg_latency=0.8699 ms avg throuhgput (requests/sec) = 86.5795 res=false
*==== INFO ====* req_id_count= 18500 stream_id=73996 latency=0.870328 ms (tx_ts=157223256124541, rx_ts=157223256994869) request_id=955591 zil_blk_id=73996 ccf_commit_seqno=955592 nstreams_done_=18500 config.nstreams=20000 avg_latency=0.8698 ms avg throuhgput (requests/sec) = 86.5829 res=false
*==== INFO ====* req_id_count= 19000 stream_id=75996 latency=0.954815 ms (tx_ts=157229028132301, rx_ts=157229029087116) request_id=981542 zil_blk_id=75996 ccf_commit_seqno=981543 nstreams_done_=19000 config.nstreams=20000 avg_latency=0.8697 ms avg throuhgput (requests/sec) = 86.5839 res=false
*==== INFO ====* req_id_count= 19500 stream_id=77996 latency=0.786721 ms (tx_ts=157234789856083, rx_ts=157234790642804) request_id=1007352 zil_blk_id=77996 ccf_commit_seqno=1007352 nstreams_done_=19500 config.nstreams=20000 avg_latency=0.8698 ms avg throuhgput (requests/sec) = 86.5890 res=false
*==== INFO ====* http_end_stream ALL streams done! nstreams_done_=20000 avg_latency=0.8690 msreq_id_count= 20000
*==== INFO ====* req_id_count= 20000 stream_id=79996 latency=0.658712 ms (tx_ts=157240591558489, rx_ts=157240592217201) request_id=1029362 zil_blk_id=79996 ccf_commit_seqno=1029362 nstreams_done_=20000 config.nstreams=20000 avg_latency=0.8690 ms avg throuhgput (requests/sec) = 86.5788 res=true
