Uniform: 790753 353230 300104 696401 479333 
Exponential: -2147483648 -2147483648 -2147483648 -2147483648 -2147483648 
Truncated Normal: 123763 865873 325077 29388 933124 
*==== INFO ====* req_id_count= 500 stream_id=1996 latency=0.906476 ms (tx_ts=157015371118088, rx_ts=157015372024564) request_id=25270 zil_blk_id=1996 ccf_commit_seqno=25273 nstreams_done_=500 config.nstreams=20000 avg_latency=0.7631 ms avg throuhgput (requests/sec) = 86.2711 res=false
*==== INFO ====* req_id_count= 1000 stream_id=3996 latency=0.735306 ms (tx_ts=157021189361384, rx_ts=157021190096690) request_id=51103 zil_blk_id=3996 ccf_commit_seqno=51104 nstreams_done_=1000 config.nstreams=20000 avg_latency=0.7480 ms avg throuhgput (requests/sec) = 86.1048 res=false
*==== INFO ====* req_id_count= 1500 stream_id=5996 latency=0.675564 ms (tx_ts=157026965228972, rx_ts=157026965904536) request_id=76827 zil_blk_id=5996 ccf_commit_seqno=76828 nstreams_done_=1500 config.nstreams=20000 avg_latency=0.7529 ms avg throuhgput (requests/sec) = 86.2586 res=false
*==== INFO ====* req_id_count= 2000 stream_id=7996 latency=0.825028 ms (tx_ts=157032742491677, rx_ts=157032743316705) request_id=102511 zil_blk_id=7996 ccf_commit_seqno=102512 nstreams_done_=2000 config.nstreams=20000 avg_latency=0.7554 ms avg throuhgput (requests/sec) = 86.3298 res=false
*==== INFO ====* req_id_count= 2500 stream_id=9996 latency=0.767486 ms (tx_ts=157038484698032, rx_ts=157038485465518) request_id=128175 zil_blk_id=9996 ccf_commit_seqno=128175 nstreams_done_=2500 config.nstreams=20000 avg_latency=0.7462 ms avg throuhgput (requests/sec) = 86.4779 res=false
*==== INFO ====* req_id_count= 3000 stream_id=11996 latency=0.822648 ms (tx_ts=157044242022991, rx_ts=157044242845639) request_id=153897 zil_blk_id=11996 ccf_commit_seqno=153899 nstreams_done_=3000 config.nstreams=20000 avg_latency=0.7430 ms avg throuhgput (requests/sec) = 86.5389 res=false
*==== INFO ====* req_id_count= 3500 stream_id=13996 latency=1.590785 ms (tx_ts=157049989197680, rx_ts=157049990788465) request_id=179564 zil_blk_id=13996 ccf_commit_seqno=179569 nstreams_done_=3500 config.nstreams=20000 avg_latency=0.7451 ms avg throuhgput (requests/sec) = 86.6027 res=false
*==== INFO ====* req_id_count= 4000 stream_id=15996 latency=0.787262 ms (tx_ts=157055759016452, rx_ts=157055759803714) request_id=205324 zil_blk_id=15996 ccf_commit_seqno=205325 nstreams_done_=4000 config.nstreams=20000 avg_latency=0.7459 ms avg throuhgput (requests/sec) = 86.6111 res=false
*==== INFO ====* req_id_count= 4500 stream_id=17996 latency=0.540480 ms (tx_ts=157061511725708, rx_ts=157061512266188) request_id=231027 zil_blk_id=17996 ccf_commit_seqno=231027 nstreams_done_=4500 config.nstreams=20000 avg_latency=0.7457 ms avg throuhgput (requests/sec) = 86.6452 res=false
*==== INFO ====* req_id_count= 5000 stream_id=19996 latency=0.577611 ms (tx_ts=157067294179378, rx_ts=157067294756989) request_id=256876 zil_blk_id=19996 ccf_commit_seqno=256876 nstreams_done_=5000 config.nstreams=20000 avg_latency=0.7485 ms avg throuhgput (requests/sec) = 86.6275 res=false
*==== INFO ====* req_id_count= 5500 stream_id=21996 latency=0.865448 ms (tx_ts=157073069731808, rx_ts=157073070597256) request_id=282664 zil_blk_id=21996 ccf_commit_seqno=282666 nstreams_done_=5500 config.nstreams=20000 avg_latency=0.7496 ms avg throuhgput (requests/sec) = 86.6220 res=false
*==== INFO ====* req_id_count= 6000 stream_id=23996 latency=0.866140 ms (tx_ts=157078842122571, rx_ts=157078842988711) request_id=308508 zil_blk_id=23996 ccf_commit_seqno=308511 nstreams_done_=6000 config.nstreams=20000 avg_latency=0.7487 ms avg throuhgput (requests/sec) = 86.6218 res=false
*==== INFO ====* req_id_count= 6500 stream_id=25996 latency=0.551551 ms (tx_ts=157084554262486, rx_ts=157084554814037) request_id=334102 zil_blk_id=25996 ccf_commit_seqno=334102 nstreams_done_=6500 config.nstreams=20000 avg_latency=0.7445 ms avg throuhgput (requests/sec) = 86.6915 res=false
*==== INFO ====* req_id_count= 7000 stream_id=27996 latency=0.584483 ms (tx_ts=157090286691395, rx_ts=157090287275878) request_id=359789 zil_blk_id=27996 ccf_commit_seqno=359790 nstreams_done_=7000 config.nstreams=20000 avg_latency=0.7423 ms avg throuhgput (requests/sec) = 86.7293 res=false
*==== INFO ====* req_id_count= 7500 stream_id=29996 latency=0.854308 ms (tx_ts=157096001158657, rx_ts=157096002012965) request_id=385378 zil_blk_id=29996 ccf_commit_seqno=385380 nstreams_done_=7500 config.nstreams=20000 avg_latency=0.7401 ms avg throuhgput (requests/sec) = 86.7798 res=false
*==== INFO ====* req_id_count= 8000 stream_id=31996 latency=0.709066 ms (tx_ts=157101734418550, rx_ts=157101735127616) request_id=411037 zil_blk_id=31996 ccf_commit_seqno=411039 nstreams_done_=8000 config.nstreams=20000 avg_latency=0.7393 ms avg throuhgput (requests/sec) = 86.8067 res=false
*==== INFO ====* req_id_count= 8500 stream_id=33996 latency=0.794225 ms (tx_ts=157107513725340, rx_ts=157107514519565) request_id=436841 zil_blk_id=33996 ccf_commit_seqno=436843 nstreams_done_=8500 config.nstreams=20000 avg_latency=0.7426 ms avg throuhgput (requests/sec) = 86.7894 res=false
*==== INFO ====* req_id_count= 9000 stream_id=35996 latency=0.553064 ms (tx_ts=157113290050805, rx_ts=157113290603869) request_id=462675 zil_blk_id=35996 ccf_commit_seqno=462675 nstreams_done_=9000 config.nstreams=20000 avg_latency=0.7446 ms avg throuhgput (requests/sec) = 86.7769 res=false
*==== INFO ====* req_id_count= 9500 stream_id=37996 latency=0.547223 ms (tx_ts=157119080820747, rx_ts=157119081367970) request_id=488546 zil_blk_id=37996 ccf_commit_seqno=488546 nstreams_done_=9500 config.nstreams=20000 avg_latency=0.7466 ms avg throuhgput (requests/sec) = 86.7540 res=false
*==== INFO ====* req_id_count= 10000 stream_id=39996 latency=0.766784 ms (tx_ts=157124839389457, rx_ts=157124840156241) request_id=514250 zil_blk_id=39996 ccf_commit_seqno=514251 nstreams_done_=10000 config.nstreams=20000 avg_latency=0.7482 ms avg throuhgput (requests/sec) = 86.7575 res=false
*==== INFO ====* req_id_count= 10500 stream_id=41996 latency=0.863084 ms (tx_ts=157130564966462, rx_ts=157130565829546) request_id=539912 zil_blk_id=41996 ccf_commit_seqno=539913 nstreams_done_=10500 config.nstreams=20000 avg_latency=0.7477 ms avg throuhgput (requests/sec) = 86.7844 res=false
*==== INFO ====* req_id_count= 11000 stream_id=43996 latency=1.286717 ms (tx_ts=157136325660185, rx_ts=157136326946902) request_id=565774 zil_blk_id=43996 ccf_commit_seqno=565780 nstreams_done_=11000 config.nstreams=20000 avg_latency=0.7470 ms avg throuhgput (requests/sec) = 86.7846 res=false
*==== INFO ====* req_id_count= 11500 stream_id=45996 latency=0.738671 ms (tx_ts=157142056115540, rx_ts=157142056854211) request_id=591499 zil_blk_id=45996 ccf_commit_seqno=591500 nstreams_done_=11500 config.nstreams=20000 avg_latency=0.7455 ms avg throuhgput (requests/sec) = 86.8052 res=false
*==== INFO ====* req_id_count= 12000 stream_id=47996 latency=0.517107 ms (tx_ts=157147811529232, rx_ts=157147812046339) request_id=617232 zil_blk_id=47996 ccf_commit_seqno=617232 nstreams_done_=12000 config.nstreams=20000 avg_latency=0.7459 ms avg throuhgput (requests/sec) = 86.8083 res=false
*==== INFO ====* req_id_count= 12500 stream_id=49996 latency=0.930480 ms (tx_ts=157153526484962, rx_ts=157153527415442) request_id=642907 zil_blk_id=49996 ccf_commit_seqno=642909 nstreams_done_=12500 config.nstreams=20000 avg_latency=0.7440 ms avg throuhgput (requests/sec) = 86.8351 res=false
*==== INFO ====* req_id_count= 13000 stream_id=51996 latency=0.690832 ms (tx_ts=157159266221024, rx_ts=157159266911856) request_id=668633 zil_blk_id=51996 ccf_commit_seqno=668634 nstreams_done_=13000 config.nstreams=20000 avg_latency=0.7440 ms avg throuhgput (requests/sec) = 86.8458 res=false
*==== INFO ====* req_id_count= 13500 stream_id=53996 latency=0.613397 ms (tx_ts=157165002680176, rx_ts=157165003293573) request_id=694367 zil_blk_id=53996 ccf_commit_seqno=694367 nstreams_done_=13500 config.nstreams=20000 avg_latency=0.7428 ms avg throuhgput (requests/sec) = 86.8575 res=false
*==== INFO ====* req_id_count= 14000 stream_id=55996 latency=0.871590 ms (tx_ts=157170742525273, rx_ts=157170743396863) request_id=720087 zil_blk_id=55996 ccf_commit_seqno=720088 nstreams_done_=14000 config.nstreams=20000 avg_latency=0.7429 ms avg throuhgput (requests/sec) = 86.8664 res=false
*==== INFO ====* req_id_count= 14500 stream_id=57996 latency=0.756765 ms (tx_ts=157176539907652, rx_ts=157176540664417) request_id=746007 zil_blk_id=57996 ccf_commit_seqno=746008 nstreams_done_=14500 config.nstreams=20000 avg_latency=0.7449 ms avg throuhgput (requests/sec) = 86.8449 res=false
*==== INFO ====* req_id_count= 15000 stream_id=59996 latency=1.316262 ms (tx_ts=157182292349909, rx_ts=157182293666171) request_id=771777 zil_blk_id=59996 ccf_commit_seqno=771779 nstreams_done_=15000 config.nstreams=20000 avg_latency=0.7448 ms avg throuhgput (requests/sec) = 86.8471 res=false
*==== INFO ====* req_id_count= 15500 stream_id=61996 latency=0.792923 ms (tx_ts=157188010949304, rx_ts=157188011742227) request_id=797475 zil_blk_id=61996 ccf_commit_seqno=797475 nstreams_done_=15500 config.nstreams=20000 avg_latency=0.7432 ms avg throuhgput (requests/sec) = 86.8662 res=false
*==== INFO ====* req_id_count= 16000 stream_id=63996 latency=0.670083 ms (tx_ts=157193774928809, rx_ts=157193775598892) request_id=823283 zil_blk_id=63996 ccf_commit_seqno=823283 nstreams_done_=16000 config.nstreams=20000 avg_latency=0.7436 ms avg throuhgput (requests/sec) = 86.8625 res=false
*==== INFO ====* req_id_count= 16500 stream_id=65996 latency=0.865867 ms (tx_ts=157199536706835, rx_ts=157199537572702) request_id=849115 zil_blk_id=65996 ccf_commit_seqno=849118 nstreams_done_=16500 config.nstreams=20000 avg_latency=0.7444 ms avg throuhgput (requests/sec) = 86.8598 res=false
*==== INFO ====* req_id_count= 17000 stream_id=67996 latency=0.512649 ms (tx_ts=157205299431178, rx_ts=157205299943827) request_id=874992 zil_blk_id=67996 ccf_commit_seqno=874992 nstreams_done_=17000 config.nstreams=20000 avg_latency=0.7441 ms avg throuhgput (requests/sec) = 86.8572 res=false
*==== INFO ====* req_id_count= 17500 stream_id=69996 latency=0.719866 ms (tx_ts=157211046319567, rx_ts=157211047039433) request_id=900837 zil_blk_id=69996 ccf_commit_seqno=900837 nstreams_done_=17500 config.nstreams=20000 avg_latency=0.7435 ms avg throuhgput (requests/sec) = 86.8613 res=false
*==== INFO ====* req_id_count= 18000 stream_id=71996 latency=0.859047 ms (tx_ts=157216793090322, rx_ts=157216793949369) request_id=926607 zil_blk_id=71996 ccf_commit_seqno=926609 nstreams_done_=18000 config.nstreams=20000 avg_latency=0.7436 ms avg throuhgput (requests/sec) = 86.8652 res=false
*==== INFO ====* req_id_count= 18500 stream_id=73996 latency=0.574144 ms (tx_ts=157222533091789, rx_ts=157222533665933) request_id=952345 zil_blk_id=73996 ccf_commit_seqno=952345 nstreams_done_=18500 config.nstreams=20000 avg_latency=0.7437 ms avg throuhgput (requests/sec) = 86.8719 res=false
*==== INFO ====* req_id_count= 19000 stream_id=75996 latency=0.859267 ms (tx_ts=157228270376700, rx_ts=157228271235967) request_id=978135 zil_blk_id=75996 ccf_commit_seqno=978136 nstreams_done_=19000 config.nstreams=20000 avg_latency=0.7429 ms avg throuhgput (requests/sec) = 86.8790 res=false
*==== INFO ====* req_id_count= 19500 stream_id=77996 latency=0.637462 ms (tx_ts=157234037958658, rx_ts=157234038596120) request_id=1003978 zil_blk_id=77996 ccf_commit_seqno=1003978 nstreams_done_=19500 config.nstreams=20000 avg_latency=0.7425 ms avg throuhgput (requests/sec) = 86.8743 res=false
*==== INFO ====* http_end_stream ALL streams done! nstreams_done_=20000 avg_latency=0.7418 msreq_id_count= 20000
*==== INFO ====* req_id_count= 20000 stream_id=79996 latency=0.620761 ms (tx_ts=157239755806081, rx_ts=157239756426842) request_id=1026836 zil_blk_id=79996 ccf_commit_seqno=1026837 nstreams_done_=20000 config.nstreams=20000 avg_latency=0.7418 ms avg throuhgput (requests/sec) = 86.8885 res=true
