Uniform: 496006 251786 709089 728935 702378 
Exponential: -2147483648 -2147483648 -2147483648 -2147483648 -2147483648 
Truncated Normal: 521393 519115 501686 372201 859630 
*==== INFO ====* req_id_count= 500 stream_id=1996 latency=1.007214 ms (tx_ts=157015618440768, rx_ts=157015619447982) request_id=26330 zil_blk_id=1996 ccf_commit_seqno=26332 nstreams_done_=500 config.nstreams=20000 avg_latency=1.0139 ms avg throuhgput (requests/sec) = 83.0619 res=false
*==== INFO ====* req_id_count= 1000 stream_id=3996 latency=0.773888 ms (tx_ts=157021672860460, rx_ts=157021673634348) request_id=53240 zil_blk_id=3996 ccf_commit_seqno=53240 nstreams_done_=1000 config.nstreams=20000 avg_latency=1.0169 ms avg throuhgput (requests/sec) = 82.8240 res=false
*==== INFO ====* req_id_count= 1500 stream_id=5996 latency=0.910153 ms (tx_ts=157027706126866, rx_ts=157027707037019) request_id=80096 zil_blk_id=5996 ccf_commit_seqno=80096 nstreams_done_=1500 config.nstreams=20000 avg_latency=1.0109 ms avg throuhgput (requests/sec) = 82.8400 res=false
*==== INFO ====* req_id_count= 2000 stream_id=7996 latency=0.842097 ms (tx_ts=157033763715035, rx_ts=157033764557132) request_id=107044 zil_blk_id=7996 ccf_commit_seqno=107045 nstreams_done_=2000 config.nstreams=20000 avg_latency=1.0100 ms avg throuhgput (requests/sec) = 82.7653 res=false
*==== INFO ====* req_id_count= 2500 stream_id=9996 latency=1.033795 ms (tx_ts=157039784605942, rx_ts=157039785639737) request_id=133955 zil_blk_id=9996 ccf_commit_seqno=133958 nstreams_done_=2500 config.nstreams=20000 avg_latency=1.0035 ms avg throuhgput (requests/sec) = 82.8204 res=false
*==== INFO ====* req_id_count= 3000 stream_id=11996 latency=0.909699 ms (tx_ts=157045817189923, rx_ts=157045818099622) request_id=160910 zil_blk_id=11996 ccf_commit_seqno=160910 nstreams_done_=3000 config.nstreams=20000 avg_latency=1.0028 ms avg throuhgput (requests/sec) = 82.8311 res=false
*==== INFO ====* req_id_count= 3500 stream_id=13996 latency=0.920623 ms (tx_ts=157051888103295, rx_ts=157051889023918) request_id=188040 zil_blk_id=13996 ccf_commit_seqno=188040 nstreams_done_=3500 config.nstreams=20000 avg_latency=1.0088 ms avg throuhgput (requests/sec) = 82.7635 res=false
*==== INFO ====* req_id_count= 4000 stream_id=15996 latency=1.007765 ms (tx_ts=157057884898249, rx_ts=157057885906014) request_id=214796 zil_blk_id=15996 ccf_commit_seqno=214796 nstreams_done_=4000 config.nstreams=20000 avg_latency=1.0084 ms avg throuhgput (requests/sec) = 82.8396 res=false
*==== INFO ====* req_id_count= 4500 stream_id=17996 latency=1.034647 ms (tx_ts=157063861873232, rx_ts=157063862907879) request_id=241484 zil_blk_id=17996 ccf_commit_seqno=241487 nstreams_done_=4500 config.nstreams=20000 avg_latency=1.0104 ms avg throuhgput (requests/sec) = 82.9293 res=false
*==== INFO ====* req_id_count= 5000 stream_id=19996 latency=0.857080 ms (tx_ts=157069837497219, rx_ts=157069838354299) request_id=268235 zil_blk_id=19996 ccf_commit_seqno=268235 nstreams_done_=5000 config.nstreams=20000 avg_latency=1.0102 ms avg throuhgput (requests/sec) = 83.0034 res=false
*==== INFO ====* req_id_count= 5500 stream_id=21996 latency=1.061624 ms (tx_ts=157075848450049, rx_ts=157075849511673) request_id=295089 zil_blk_id=21996 ccf_commit_seqno=295091 nstreams_done_=5500 config.nstreams=20000 avg_latency=1.0112 ms avg throuhgput (requests/sec) = 83.0193 res=false
*==== INFO ====* req_id_count= 6000 stream_id=23996 latency=1.058451 ms (tx_ts=157081800199448, rx_ts=157081801257899) request_id=321753 zil_blk_id=23996 ccf_commit_seqno=321755 nstreams_done_=6000 config.nstreams=20000 avg_latency=1.0058 ms avg throuhgput (requests/sec) = 83.1009 res=false
*==== INFO ====* req_id_count= 6500 stream_id=25996 latency=1.042024 ms (tx_ts=157087772378219, rx_ts=157087773420243) request_id=348527 zil_blk_id=25996 ccf_commit_seqno=348529 nstreams_done_=6500 config.nstreams=20000 avg_latency=1.0068 ms avg throuhgput (requests/sec) = 83.1483 res=false
*==== INFO ====* req_id_count= 7000 stream_id=27996 latency=0.903189 ms (tx_ts=157093751148602, rx_ts=157093752051791) request_id=375290 zil_blk_id=27996 ccf_commit_seqno=375291 nstreams_done_=7000 config.nstreams=20000 avg_latency=1.0056 ms avg throuhgput (requests/sec) = 83.1826 res=false
*==== INFO ====* req_id_count= 7500 stream_id=29996 latency=0.765932 ms (tx_ts=157099730187227, rx_ts=157099730953159) request_id=402056 zil_blk_id=29996 ccf_commit_seqno=402056 nstreams_done_=7500 config.nstreams=20000 avg_latency=1.0066 ms avg throuhgput (requests/sec) = 83.2121 res=false
*==== INFO ====* req_id_count= 8000 stream_id=31996 latency=0.887558 ms (tx_ts=157105706097035, rx_ts=157105706984593) request_id=428726 zil_blk_id=31996 ccf_commit_seqno=428726 nstreams_done_=8000 config.nstreams=20000 avg_latency=1.0079 ms avg throuhgput (requests/sec) = 83.2404 res=false
*==== INFO ====* req_id_count= 8500 stream_id=33996 latency=1.144048 ms (tx_ts=157111701475538, rx_ts=157111702619586) request_id=455557 zil_blk_id=33996 ccf_commit_seqno=455559 nstreams_done_=8500 config.nstreams=20000 avg_latency=1.0098 ms avg throuhgput (requests/sec) = 83.2494 res=false
*==== INFO ====* req_id_count= 9000 stream_id=35996 latency=1.027541 ms (tx_ts=157117686881355, rx_ts=157117687908896) request_id=482298 zil_blk_id=35996 ccf_commit_seqno=482301 nstreams_done_=9000 config.nstreams=20000 avg_latency=1.0114 ms avg throuhgput (requests/sec) = 83.2654 res=false
*==== INFO ====* req_id_count= 9500 stream_id=37996 latency=1.069480 ms (tx_ts=157123687309308, rx_ts=157123688378788) request_id=509073 zil_blk_id=37996 ccf_commit_seqno=509075 nstreams_done_=9500 config.nstreams=20000 avg_latency=1.0129 ms avg throuhgput (requests/sec) = 83.2687 res=false
*==== INFO ====* req_id_count= 10000 stream_id=39996 latency=1.074759 ms (tx_ts=157129646447366, rx_ts=157129647522125) request_id=535781 zil_blk_id=39996 ccf_commit_seqno=535784 nstreams_done_=10000 config.nstreams=20000 avg_latency=1.0124 ms avg throuhgput (requests/sec) = 83.3002 res=false
*==== INFO ====* req_id_count= 10500 stream_id=41996 latency=0.748390 ms (tx_ts=157135602588531, rx_ts=157135603336921) request_id=562523 zil_blk_id=41996 ccf_commit_seqno=562523 nstreams_done_=10500 config.nstreams=20000 avg_latency=1.0106 ms avg throuhgput (requests/sec) = 83.3310 res=false
*==== INFO ====* req_id_count= 11000 stream_id=43996 latency=0.766043 ms (tx_ts=157141561767646, rx_ts=157141562533689) request_id=589269 zil_blk_id=43996 ccf_commit_seqno=589270 nstreams_done_=11000 config.nstreams=20000 avg_latency=1.0091 ms avg throuhgput (requests/sec) = 83.3569 res=false
*==== INFO ====* req_id_count= 11500 stream_id=45996 latency=0.809985 ms (tx_ts=157147526215743, rx_ts=157147527025728) request_id=615967 zil_blk_id=45996 ccf_commit_seqno=615967 nstreams_done_=11500 config.nstreams=20000 avg_latency=1.0073 ms avg throuhgput (requests/sec) = 83.3773 res=false
*==== INFO ====* req_id_count= 12000 stream_id=47996 latency=0.843354 ms (tx_ts=157153516744220, rx_ts=157153517587574) request_id=642866 zil_blk_id=47996 ccf_commit_seqno=642866 nstreams_done_=12000 config.nstreams=20000 avg_latency=1.0073 ms avg throuhgput (requests/sec) = 83.3810 res=false
*==== INFO ====* req_id_count= 12500 stream_id=49996 latency=0.780359 ms (tx_ts=157159475884447, rx_ts=157159476664806) request_id=669571 zil_blk_id=49996 ccf_commit_seqno=669571 nstreams_done_=12500 config.nstreams=20000 avg_latency=1.0063 ms avg throuhgput (requests/sec) = 83.4018 res=false
*==== INFO ====* req_id_count= 13000 stream_id=51996 latency=0.990552 ms (tx_ts=157165432959183, rx_ts=157165433949735) request_id=696292 zil_blk_id=51996 ccf_commit_seqno=696293 nstreams_done_=13000 config.nstreams=20000 avg_latency=1.0049 ms avg throuhgput (requests/sec) = 83.4220 res=false
*==== INFO ====* req_id_count= 13500 stream_id=53996 latency=0.899071 ms (tx_ts=157171414432129, rx_ts=157171415331200) request_id=723106 zil_blk_id=53996 ccf_commit_seqno=723107 nstreams_done_=13500 config.nstreams=20000 avg_latency=1.0044 ms avg throuhgput (requests/sec) = 83.4284 res=false
*==== INFO ====* req_id_count= 14000 stream_id=55996 latency=0.878092 ms (tx_ts=157177393225801, rx_ts=157177394103893) request_id=749825 zil_blk_id=55996 ccf_commit_seqno=749826 nstreams_done_=14000 config.nstreams=20000 avg_latency=1.0044 ms avg throuhgput (requests/sec) = 83.4355 res=false
*==== INFO ====* req_id_count= 14500 stream_id=57996 latency=0.784006 ms (tx_ts=157183385011387, rx_ts=157183385795393) request_id=776657 zil_blk_id=57996 ccf_commit_seqno=776657 nstreams_done_=14500 config.nstreams=20000 avg_latency=1.0051 ms avg throuhgput (requests/sec) = 83.4360 res=false
*==== INFO ====* req_id_count= 15000 stream_id=59996 latency=1.069780 ms (tx_ts=157189367132866, rx_ts=157189368202646) request_id=803547 zil_blk_id=59996 ccf_commit_seqno=803547 nstreams_done_=15000 config.nstreams=20000 avg_latency=1.0053 ms avg throuhgput (requests/sec) = 83.4407 res=false
*==== INFO ====* req_id_count= 15500 stream_id=61996 latency=0.946627 ms (tx_ts=157195306470941, rx_ts=157195307417568) request_id=830147 zil_blk_id=61996 ccf_commit_seqno=830147 nstreams_done_=15500 config.nstreams=20000 avg_latency=1.0052 ms avg throuhgput (requests/sec) = 83.4646 res=false
*==== INFO ====* req_id_count= 16000 stream_id=63996 latency=0.937133 ms (tx_ts=157201258871251, rx_ts=157201259808384) request_id=856839 zil_blk_id=63996 ccf_commit_seqno=856840 nstreams_done_=16000 config.nstreams=20000 avg_latency=1.0047 ms avg throuhgput (requests/sec) = 83.4812 res=false
*==== INFO ====* req_id_count= 16500 stream_id=65996 latency=0.904210 ms (tx_ts=157207220821037, rx_ts=157207221725247) request_id=883629 zil_blk_id=65996 ccf_commit_seqno=883631 nstreams_done_=16500 config.nstreams=20000 avg_latency=1.0048 ms avg throuhgput (requests/sec) = 83.4928 res=false
*==== INFO ====* req_id_count= 17000 stream_id=67996 latency=1.059901 ms (tx_ts=157213188087278, rx_ts=157213189147179) request_id=910416 zil_blk_id=67996 ccf_commit_seqno=910416 nstreams_done_=17000 config.nstreams=20000 avg_latency=1.0054 ms avg throuhgput (requests/sec) = 83.5014 res=false
*==== INFO ====* req_id_count= 17500 stream_id=69996 latency=1.060921 ms (tx_ts=157219171535118, rx_ts=157219172596039) request_id=937275 zil_blk_id=69996 ccf_commit_seqno=937275 nstreams_done_=17500 config.nstreams=20000 avg_latency=1.0053 ms avg throuhgput (requests/sec) = 83.5032 res=false
*==== INFO ====* req_id_count= 18000 stream_id=71996 latency=1.068239 ms (tx_ts=157225143436795, rx_ts=157225144505034) request_id=964067 zil_blk_id=71996 ccf_commit_seqno=964071 nstreams_done_=18000 config.nstreams=20000 avg_latency=1.0050 ms avg throuhgput (requests/sec) = 83.5094 res=false
*==== INFO ====* req_id_count= 18500 stream_id=73996 latency=1.037721 ms (tx_ts=157231099200378, rx_ts=157231100238099) request_id=990855 zil_blk_id=73996 ccf_commit_seqno=990858 nstreams_done_=18500 config.nstreams=20000 avg_latency=1.0042 ms avg throuhgput (requests/sec) = 83.5213 res=false
*==== INFO ====* req_id_count= 19000 stream_id=75996 latency=0.828680 ms (tx_ts=157237102622073, rx_ts=157237103450753) request_id=1017040 zil_blk_id=75996 ccf_commit_seqno=1017040 nstreams_done_=19000 config.nstreams=20000 avg_latency=1.0041 ms avg throuhgput (requests/sec) = 83.5152 res=false
*==== INFO ====* req_id_count= 19500 stream_id=77996 latency=0.780339 ms (tx_ts=157243083602654, rx_ts=157243084382993) request_id=1034672 zil_blk_id=77996 ccf_commit_seqno=1034672 nstreams_done_=19500 config.nstreams=20000 avg_latency=1.0033 ms avg throuhgput (requests/sec) = 83.5173 res=false
*==== INFO ====* http_end_stream ALL streams done! nstreams_done_=20000 avg_latency=1.0009 msreq_id_count= 20000
*==== INFO ====* req_id_count= 20000 stream_id=79996 latency=0.886188 ms (tx_ts=157249151697309, rx_ts=157249152583497) request_id=1039804 zil_blk_id=79996 ccf_commit_seqno=1039804 nstreams_done_=20000 config.nstreams=20000 avg_latency=1.0009 ms avg throuhgput (requests/sec) = 83.4889 res=true
