Uniform: 703388 404872 428561 104381 346946 
Exponential: -2147483648 -2147483648 -2147483648 -2147483648 -2147483648 
Truncated Normal: 684814 876952 716711 492282 618641 
*==== INFO ====* req_id_count= 500 stream_id=1996 latency=0.646509 ms (tx_ts=157015391384237, rx_ts=157015392030746) request_id=25349 zil_blk_id=1996 ccf_commit_seqno=25349 nstreams_done_=500 config.nstreams=20000 avg_latency=0.7216 ms avg throuhgput (requests/sec) = 85.9680 res=false
*==== INFO ====* req_id_count= 1000 stream_id=3996 latency=0.515274 ms (tx_ts=157021254071565, rx_ts=157021254586839) request_id=51385 zil_blk_id=3996 ccf_commit_seqno=51385 nstreams_done_=1000 config.nstreams=20000 avg_latency=0.7293 ms avg throuhgput (requests/sec) = 85.6262 res=false
*==== INFO ====* req_id_count= 1500 stream_id=5996 latency=0.537476 ms (tx_ts=157026996115243, rx_ts=157026996652719) request_id=76959 zil_blk_id=5996 ccf_commit_seqno=76959 nstreams_done_=1500 config.nstreams=20000 avg_latency=0.7350 ms avg throuhgput (requests/sec) = 86.1043 res=false
*==== INFO ====* req_id_count= 2000 stream_id=7996 latency=0.630864 ms (tx_ts=157032764469769, rx_ts=157032765100633) request_id=102608 zil_blk_id=7996 ccf_commit_seqno=102608 nstreams_done_=2000 config.nstreams=20000 avg_latency=0.7480 ms avg throuhgput (requests/sec) = 86.2471 res=false
*==== INFO ====* req_id_count= 2500 stream_id=9996 latency=0.546713 ms (tx_ts=157038500024416, rx_ts=157038500571129) request_id=128240 zil_blk_id=9996 ccf_commit_seqno=128240 nstreams_done_=2500 config.nstreams=20000 avg_latency=0.7433 ms avg throuhgput (requests/sec) = 86.4315 res=false
*==== INFO ====* req_id_count= 3000 stream_id=11996 latency=0.534029 ms (tx_ts=157044242928446, rx_ts=157044243462475) request_id=153901 zil_blk_id=11996 ccf_commit_seqno=153901 nstreams_done_=3000 config.nstreams=20000 avg_latency=0.7383 ms avg throuhgput (requests/sec) = 86.5363 res=false
*==== INFO ====* req_id_count= 3500 stream_id=13996 latency=0.752067 ms (tx_ts=157049987184502, rx_ts=157049987936569) request_id=179556 zil_blk_id=13996 ccf_commit_seqno=179556 nstreams_done_=3500 config.nstreams=20000 avg_latency=0.7403 ms avg throuhgput (requests/sec) = 86.6079 res=false
*==== INFO ====* req_id_count= 4000 stream_id=15996 latency=0.901456 ms (tx_ts=157055750305103, rx_ts=157055751206559) request_id=205284 zil_blk_id=15996 ccf_commit_seqno=205284 nstreams_done_=4000 config.nstreams=20000 avg_latency=0.7432 ms avg throuhgput (requests/sec) = 86.6264 res=false
*==== INFO ====* req_id_count= 4500 stream_id=17996 latency=0.839275 ms (tx_ts=157061493874645, rx_ts=157061494713920) request_id=230944 zil_blk_id=17996 ccf_commit_seqno=230946 nstreams_done_=4500 config.nstreams=20000 avg_latency=0.7445 ms avg throuhgput (requests/sec) = 86.6738 res=false
*==== INFO ====* req_id_count= 5000 stream_id=19996 latency=0.788414 ms (tx_ts=157067263862158, rx_ts=157067264650572) request_id=256739 zil_blk_id=19996 ccf_commit_seqno=256739 nstreams_done_=5000 config.nstreams=20000 avg_latency=0.7488 ms avg throuhgput (requests/sec) = 86.6720 res=false
*==== INFO ====* req_id_count= 5500 stream_id=21996 latency=0.675653 ms (tx_ts=157073017703247, rx_ts=157073018378900) request_id=282428 zil_blk_id=21996 ccf_commit_seqno=282428 nstreams_done_=5500 config.nstreams=20000 avg_latency=0.7503 ms avg throuhgput (requests/sec) = 86.6927 res=false
*==== INFO ====* req_id_count= 6000 stream_id=23996 latency=0.627644 ms (tx_ts=157078761472612, rx_ts=157078762100256) request_id=308147 zil_blk_id=23996 ccf_commit_seqno=308147 nstreams_done_=6000 config.nstreams=20000 avg_latency=0.7472 ms avg throuhgput (requests/sec) = 86.7225 res=false
*==== INFO ====* req_id_count= 6500 stream_id=25996 latency=0.804645 ms (tx_ts=157084491720067, rx_ts=157084492524712) request_id=333826 zil_blk_id=25996 ccf_commit_seqno=333828 nstreams_done_=6500 config.nstreams=20000 avg_latency=0.7431 ms avg throuhgput (requests/sec) = 86.7631 res=false
*==== INFO ====* req_id_count= 7000 stream_id=27996 latency=0.866952 ms (tx_ts=157090228995396, rx_ts=157090229862348) request_id=359529 zil_blk_id=27996 ccf_commit_seqno=359530 nstreams_done_=7000 config.nstreams=20000 avg_latency=0.7425 ms avg throuhgput (requests/sec) = 86.7905 res=false
*==== INFO ====* req_id_count= 7500 stream_id=29996 latency=0.609740 ms (tx_ts=157095965758785, rx_ts=157095966368525) request_id=385223 zil_blk_id=29996 ccf_commit_seqno=385223 nstreams_done_=7500 config.nstreams=20000 avg_latency=0.7407 ms avg throuhgput (requests/sec) = 86.8151 res=false
*==== INFO ====* req_id_count= 8000 stream_id=31996 latency=0.732739 ms (tx_ts=157101696020137, rx_ts=157101696752876) request_id=410864 zil_blk_id=31996 ccf_commit_seqno=410864 nstreams_done_=8000 config.nstreams=20000 avg_latency=0.7403 ms avg throuhgput (requests/sec) = 86.8425 res=false
*==== INFO ====* req_id_count= 8500 stream_id=33996 latency=0.527436 ms (tx_ts=157107455092934, rx_ts=157107455620370) request_id=436580 zil_blk_id=33996 ccf_commit_seqno=436580 nstreams_done_=8500 config.nstreams=20000 avg_latency=0.7424 ms avg throuhgput (requests/sec) = 86.8413 res=false
*==== INFO ====* req_id_count= 9000 stream_id=35996 latency=0.802705 ms (tx_ts=157113224335987, rx_ts=157113225138692) request_id=462380 zil_blk_id=35996 ccf_commit_seqno=462381 nstreams_done_=9000 config.nstreams=20000 avg_latency=0.7443 ms avg throuhgput (requests/sec) = 86.8313 res=false
*==== INFO ====* req_id_count= 9500 stream_id=37996 latency=0.620620 ms (tx_ts=157118994059081, rx_ts=157118994679701) request_id=488166 zil_blk_id=37996 ccf_commit_seqno=488166 nstreams_done_=9500 config.nstreams=20000 avg_latency=0.7461 ms avg throuhgput (requests/sec) = 86.8224 res=false
*==== INFO ====* req_id_count= 10000 stream_id=39996 latency=0.625900 ms (tx_ts=157124764942581, rx_ts=157124765568481) request_id=513922 zil_blk_id=39996 ccf_commit_seqno=513922 nstreams_done_=10000 config.nstreams=20000 avg_latency=0.7472 ms avg throuhgput (requests/sec) = 86.8134 res=false
*==== INFO ====* req_id_count= 10500 stream_id=41996 latency=0.649975 ms (tx_ts=157130533489111, rx_ts=157130534139086) request_id=539774 zil_blk_id=41996 ccf_commit_seqno=539774 nstreams_done_=10500 config.nstreams=20000 avg_latency=0.7477 ms avg throuhgput (requests/sec) = 86.8068 res=false
*==== INFO ====* req_id_count= 11000 stream_id=43996 latency=0.596135 ms (tx_ts=157136267603742, rx_ts=157136268199877) request_id=565514 zil_blk_id=43996 ccf_commit_seqno=565514 nstreams_done_=11000 config.nstreams=20000 avg_latency=0.7472 ms avg throuhgput (requests/sec) = 86.8245 res=false
*==== INFO ====* req_id_count= 11500 stream_id=45996 latency=0.780971 ms (tx_ts=157142006437996, rx_ts=157142007218967) request_id=591268 zil_blk_id=45996 ccf_commit_seqno=591270 nstreams_done_=11500 config.nstreams=20000 avg_latency=0.7466 ms avg throuhgput (requests/sec) = 86.8375 res=false
*==== INFO ====* req_id_count= 12000 stream_id=47996 latency=0.790888 ms (tx_ts=157147750019286, rx_ts=157147750810174) request_id=616958 zil_blk_id=47996 ccf_commit_seqno=616959 nstreams_done_=12000 config.nstreams=20000 avg_latency=0.7477 ms avg throuhgput (requests/sec) = 86.8465 res=false
*==== INFO ====* req_id_count= 12500 stream_id=49996 latency=0.844971 ms (tx_ts=157153474693675, rx_ts=157153475538646) request_id=642668 zil_blk_id=49996 ccf_commit_seqno=642668 nstreams_done_=12500 config.nstreams=20000 avg_latency=0.7465 ms avg throuhgput (requests/sec) = 86.8661 res=false
*==== INFO ====* req_id_count= 13000 stream_id=51996 latency=0.761484 ms (tx_ts=157159201021920, rx_ts=157159201783404) request_id=668339 zil_blk_id=51996 ccf_commit_seqno=668339 nstreams_done_=13000 config.nstreams=20000 avg_latency=0.7444 ms avg throuhgput (requests/sec) = 86.8834 res=false
*==== INFO ====* req_id_count= 13500 stream_id=53996 latency=0.542073 ms (tx_ts=157164931692158, rx_ts=157164932234231) request_id=694051 zil_blk_id=53996 ccf_commit_seqno=694051 nstreams_done_=13500 config.nstreams=20000 avg_latency=0.7436 ms avg throuhgput (requests/sec) = 86.8970 res=false
*==== INFO ====* req_id_count= 14000 stream_id=55996 latency=0.532476 ms (tx_ts=157170667833527, rx_ts=157170668366003) request_id=719753 zil_blk_id=55996 ccf_commit_seqno=719753 nstreams_done_=14000 config.nstreams=20000 avg_latency=0.7439 ms avg throuhgput (requests/sec) = 86.9066 res=false
*==== INFO ====* req_id_count= 14500 stream_id=57996 latency=0.853135 ms (tx_ts=157176366216438, rx_ts=157176367069573) request_id=745225 zil_blk_id=57996 ccf_commit_seqno=745227 nstreams_done_=14500 config.nstreams=20000 avg_latency=0.7444 ms avg throuhgput (requests/sec) = 86.9351 res=false
*==== INFO ====* req_id_count= 15000 stream_id=59996 latency=1.802230 ms (tx_ts=157182104244056, rx_ts=157182106046286) request_id=770931 zil_blk_id=59996 ccf_commit_seqno=770934 nstreams_done_=15000 config.nstreams=20000 avg_latency=0.7437 ms avg throuhgput (requests/sec) = 86.9413 res=false
*==== INFO ====* req_id_count= 15500 stream_id=61996 latency=0.769636 ms (tx_ts=157187846383320, rx_ts=157187847152956) request_id=796739 zil_blk_id=61996 ccf_commit_seqno=796739 nstreams_done_=15500 config.nstreams=20000 avg_latency=0.7433 ms avg throuhgput (requests/sec) = 86.9462 res=false
*==== INFO ====* req_id_count= 16000 stream_id=63996 latency=0.773938 ms (tx_ts=157193598553526, rx_ts=157193599327464) request_id=822495 zil_blk_id=63996 ccf_commit_seqno=822497 nstreams_done_=16000 config.nstreams=20000 avg_latency=0.7434 ms avg throuhgput (requests/sec) = 86.9455 res=false
*==== INFO ====* req_id_count= 16500 stream_id=65996 latency=0.739292 ms (tx_ts=157199330208768, rx_ts=157199330948060) request_id=848186 zil_blk_id=65996 ccf_commit_seqno=848188 nstreams_done_=16500 config.nstreams=20000 avg_latency=0.7424 ms avg throuhgput (requests/sec) = 86.9542 res=false
*==== INFO ====* req_id_count= 17000 stream_id=67996 latency=0.520537 ms (tx_ts=157205051165963, rx_ts=157205051686500) request_id=873874 zil_blk_id=67996 ccf_commit_seqno=873874 nstreams_done_=17000 config.nstreams=20000 avg_latency=0.7418 ms avg throuhgput (requests/sec) = 86.9673 res=false
*==== INFO ====* req_id_count= 17500 stream_id=69996 latency=0.609740 ms (tx_ts=157210771964049, rx_ts=157210772573789) request_id=899604 zil_blk_id=69996 ccf_commit_seqno=899604 nstreams_done_=17500 config.nstreams=20000 avg_latency=0.7411 ms avg throuhgput (requests/sec) = 86.9796 res=false
*==== INFO ====* req_id_count= 18000 stream_id=71996 latency=0.625289 ms (tx_ts=157216525946989, rx_ts=157216526572278) request_id=925414 zil_blk_id=71996 ccf_commit_seqno=925414 nstreams_done_=18000 config.nstreams=20000 avg_latency=0.7418 ms avg throuhgput (requests/sec) = 86.9773 res=false
*==== INFO ====* req_id_count= 18500 stream_id=73996 latency=0.549778 ms (tx_ts=157222255891205, rx_ts=157222256440983) request_id=951103 zil_blk_id=73996 ccf_commit_seqno=951103 nstreams_done_=18500 config.nstreams=20000 avg_latency=0.7413 ms avg throuhgput (requests/sec) = 86.9849 res=false
*==== INFO ====* req_id_count= 19000 stream_id=75996 latency=0.557333 ms (tx_ts=157227976975355, rx_ts=157227977532688) request_id=976813 zil_blk_id=75996 ccf_commit_seqno=976813 nstreams_done_=19000 config.nstreams=20000 avg_latency=0.7404 ms avg throuhgput (requests/sec) = 86.9957 res=false
*==== INFO ====* req_id_count= 19500 stream_id=77996 latency=0.787222 ms (tx_ts=157233754304193, rx_ts=157233755091415) request_id=1002705 zil_blk_id=77996 ccf_commit_seqno=1002706 nstreams_done_=19500 config.nstreams=20000 avg_latency=0.7418 ms avg throuhgput (requests/sec) = 86.9840 res=false
*==== INFO ====* http_end_stream ALL streams done! nstreams_done_=20000 avg_latency=0.7408 msreq_id_count= 20000
*==== INFO ====* req_id_count= 20000 stream_id=79996 latency=0.783306 ms (tx_ts=157239486710687, rx_ts=157239487493993) request_id=1025961 zil_blk_id=79996 ccf_commit_seqno=1025962 nstreams_done_=20000 config.nstreams=20000 avg_latency=0.7408 ms avg throuhgput (requests/sec) = 86.9900 res=true
