Uniform: 153407 556248 18459 416366 75985 
Exponential: -2147483648 -2147483648 -2147483648 -2147483648 -2147483648 
Truncated Normal: 875228 716595 453579 783295 359767 
*==== INFO ====* req_id_count= 500 stream_id=1996 latency=1.048237 ms (tx_ts=157015582372027, rx_ts=157015583420264) request_id=26173 zil_blk_id=1996 ccf_commit_seqno=26176 nstreams_done_=500 config.nstreams=20000 avg_latency=0.9674 ms avg throuhgput (requests/sec) = 83.5052 res=false
*==== INFO ====* req_id_count= 1000 stream_id=3996 latency=0.901923 ms (tx_ts=157021550896000, rx_ts=157021551797923) request_id=52694 zil_blk_id=3996 ccf_commit_seqno=52694 nstreams_done_=1000 config.nstreams=20000 avg_latency=0.9660 ms avg throuhgput (requests/sec) = 83.6398 res=false
*==== INFO ====* req_id_count= 1500 stream_id=5996 latency=1.121016 ms (tx_ts=157027529873743, rx_ts=157027530994759) request_id=79315 zil_blk_id=5996 ccf_commit_seqno=79316 nstreams_done_=1500 config.nstreams=20000 avg_latency=0.9655 ms avg throuhgput (requests/sec) = 83.6343 res=false
*==== INFO ====* req_id_count= 2000 stream_id=7996 latency=1.070966 ms (tx_ts=157033506400467, rx_ts=157033507471433) request_id=105903 zil_blk_id=7996 ccf_commit_seqno=105904 nstreams_done_=2000 config.nstreams=20000 avg_latency=0.9720 ms avg throuhgput (requests/sec) = 83.6411 res=false
*==== INFO ====* req_id_count= 2500 stream_id=9996 latency=1.058250 ms (tx_ts=157039455177199, rx_ts=157039456235449) request_id=132479 zil_blk_id=9996 ccf_commit_seqno=132479 nstreams_done_=2500 config.nstreams=20000 avg_latency=0.9674 ms avg throuhgput (requests/sec) = 83.7227 res=false
*==== INFO ====* req_id_count= 3000 stream_id=11996 latency=0.957749 ms (tx_ts=157045360571532, rx_ts=157045361529281) request_id=158869 zil_blk_id=11996 ccf_commit_seqno=158869 nstreams_done_=3000 config.nstreams=20000 avg_latency=0.9667 ms avg throuhgput (requests/sec) = 83.8791 res=false
*==== INFO ====* req_id_count= 3500 stream_id=13996 latency=0.942363 ms (tx_ts=157051263664227, rx_ts=157051264606590) request_id=185243 zil_blk_id=13996 ccf_commit_seqno=185245 nstreams_done_=3500 config.nstreams=20000 avg_latency=0.9665 ms avg throuhgput (requests/sec) = 83.9956 res=false
*==== INFO ====* req_id_count= 4000 stream_id=15996 latency=0.977718 ms (tx_ts=157057186974224, rx_ts=157057187951942) request_id=211687 zil_blk_id=15996 ccf_commit_seqno=211688 nstreams_done_=4000 config.nstreams=20000 avg_latency=0.9684 ms avg throuhgput (requests/sec) = 84.0474 res=false
*==== INFO ====* req_id_count= 4500 stream_id=17996 latency=0.796679 ms (tx_ts=157063123642963, rx_ts=157063124439642) request_id=238218 zil_blk_id=17996 ccf_commit_seqno=238218 nstreams_done_=4500 config.nstreams=20000 avg_latency=0.9693 ms avg throuhgput (requests/sec) = 84.0671 res=false
*==== INFO ====* req_id_count= 5000 stream_id=19996 latency=0.871398 ms (tx_ts=157069064124751, rx_ts=157069064996149) request_id=264765 zil_blk_id=19996 ccf_commit_seqno=264765 nstreams_done_=5000 config.nstreams=20000 avg_latency=0.9731 ms avg throuhgput (requests/sec) = 84.0771 res=false
*==== INFO ====* req_id_count= 5500 stream_id=21996 latency=0.840281 ms (tx_ts=157074961845494, rx_ts=157074962685775) request_id=291130 zil_blk_id=21996 ccf_commit_seqno=291131 nstreams_done_=5500 config.nstreams=20000 avg_latency=0.9746 ms avg throuhgput (requests/sec) = 84.1404 res=false
*==== INFO ====* req_id_count= 6000 stream_id=23996 latency=0.770211 ms (tx_ts=157080872787916, rx_ts=157080873558127) request_id=317592 zil_blk_id=23996 ccf_commit_seqno=317592 nstreams_done_=6000 config.nstreams=20000 avg_latency=0.9718 ms avg throuhgput (requests/sec) = 84.1777 res=false
*==== INFO ====* req_id_count= 6500 stream_id=25996 latency=0.851327 ms (tx_ts=157086787687990, rx_ts=157086788539317) request_id=344117 zil_blk_id=25996 ccf_commit_seqno=344117 nstreams_done_=6500 config.nstreams=20000 avg_latency=0.9712 ms avg throuhgput (requests/sec) = 84.2048 res=false
*==== INFO ====* req_id_count= 7000 stream_id=27996 latency=0.843027 ms (tx_ts=157092708209432, rx_ts=157092709052459) request_id=370628 zil_blk_id=27996 ccf_commit_seqno=370628 nstreams_done_=7000 config.nstreams=20000 avg_latency=0.9711 ms avg throuhgput (requests/sec) = 84.2224 res=false
*==== INFO ====* req_id_count= 7500 stream_id=29996 latency=1.128330 ms (tx_ts=157098618838983, rx_ts=157098619967313) request_id=397099 zil_blk_id=29996 ccf_commit_seqno=397100 nstreams_done_=7500 config.nstreams=20000 avg_latency=0.9698 ms avg throuhgput (requests/sec) = 84.2468 res=false
*==== INFO ====* req_id_count= 8000 stream_id=31996 latency=0.992002 ms (tx_ts=157104566620662, rx_ts=157104567612664) request_id=423651 zil_blk_id=31996 ccf_commit_seqno=423651 nstreams_done_=8000 config.nstreams=20000 avg_latency=0.9713 ms avg throuhgput (requests/sec) = 84.2355 res=false
*==== INFO ====* req_id_count= 8500 stream_id=33996 latency=1.043350 ms (tx_ts=157110487231336, rx_ts=157110488274686) request_id=450125 zil_blk_id=33996 ccf_commit_seqno=450130 nstreams_done_=8500 config.nstreams=20000 avg_latency=0.9727 ms avg throuhgput (requests/sec) = 84.2481 res=false
*==== INFO ====* req_id_count= 9000 stream_id=35996 latency=0.762716 ms (tx_ts=157116413602635, rx_ts=157116414365351) request_id=476683 zil_blk_id=35996 ccf_commit_seqno=476683 nstreams_done_=9000 config.nstreams=20000 avg_latency=0.9719 ms avg throuhgput (requests/sec) = 84.2550 res=false
*==== INFO ====* req_id_count= 9500 stream_id=37996 latency=1.426237 ms (tx_ts=157122364167536, rx_ts=157122365593773) request_id=503155 zil_blk_id=37996 ccf_commit_seqno=503155 nstreams_done_=9500 config.nstreams=20000 avg_latency=0.9744 ms avg throuhgput (requests/sec) = 84.2424 res=false
*==== INFO ====* req_id_count= 10000 stream_id=39996 latency=0.832727 ms (tx_ts=157128296552325, rx_ts=157128297385052) request_id=529726 zil_blk_id=39996 ccf_commit_seqno=529726 nstreams_done_=10000 config.nstreams=20000 avg_latency=0.9758 ms avg throuhgput (requests/sec) = 84.2449 res=false
*==== INFO ====* req_id_count= 10500 stream_id=41996 latency=0.763458 ms (tx_ts=157134252896842, rx_ts=157134253660300) request_id=556460 zil_blk_id=41996 ccf_commit_seqno=556460 nstreams_done_=10500 config.nstreams=20000 avg_latency=0.9761 ms avg throuhgput (requests/sec) = 84.2305 res=false
*==== INFO ====* req_id_count= 11000 stream_id=43996 latency=1.181400 ms (tx_ts=157140161261103, rx_ts=157140162442503) request_id=583005 zil_blk_id=43996 ccf_commit_seqno=583006 nstreams_done_=11000 config.nstreams=20000 avg_latency=0.9742 ms avg throuhgput (requests/sec) = 84.2481 res=false
*==== INFO ====* req_id_count= 11500 stream_id=45996 latency=1.017803 ms (tx_ts=157146096596602, rx_ts=157146097614405) request_id=609558 zil_blk_id=45996 ccf_commit_seqno=609558 nstreams_done_=11500 config.nstreams=20000 avg_latency=0.9758 ms avg throuhgput (requests/sec) = 84.2479 res=false
*==== INFO ====* req_id_count= 12000 stream_id=47996 latency=0.978760 ms (tx_ts=157152007141045, rx_ts=157152008119805) request_id=636087 zil_blk_id=47996 ccf_commit_seqno=636088 nstreams_done_=12000 config.nstreams=20000 avg_latency=0.9744 ms avg throuhgput (requests/sec) = 84.2624 res=false
*==== INFO ====* req_id_count= 12500 stream_id=49996 latency=1.134561 ms (tx_ts=157157905488115, rx_ts=157157906622676) request_id=662525 zil_blk_id=49996 ccf_commit_seqno=662528 nstreams_done_=12500 config.nstreams=20000 avg_latency=0.9727 ms avg throuhgput (requests/sec) = 84.2824 res=false
*==== INFO ====* req_id_count= 13000 stream_id=51996 latency=1.055223 ms (tx_ts=157163826190139, rx_ts=157163827245362) request_id=689096 zil_blk_id=51996 ccf_commit_seqno=689096 nstreams_done_=13000 config.nstreams=20000 avg_latency=0.9714 ms avg throuhgput (requests/sec) = 84.2889 res=false
*==== INFO ====* req_id_count= 13500 stream_id=53996 latency=1.061846 ms (tx_ts=157169755832087, rx_ts=157169756893933) request_id=715657 zil_blk_id=53996 ccf_commit_seqno=715659 nstreams_done_=13500 config.nstreams=20000 avg_latency=0.9717 ms avg throuhgput (requests/sec) = 84.2901 res=false
*==== INFO ====* req_id_count= 14000 stream_id=55996 latency=0.888642 ms (tx_ts=157175664722498, rx_ts=157175665611140) request_id=742181 zil_blk_id=55996 ccf_commit_seqno=742181 nstreams_done_=14000 config.nstreams=20000 avg_latency=0.9702 ms avg throuhgput (requests/sec) = 84.3019 res=false
*==== INFO ====* req_id_count= 14500 stream_id=57996 latency=0.963181 ms (tx_ts=157181603087547, rx_ts=157181604050728) request_id=768675 zil_blk_id=57996 ccf_commit_seqno=768676 nstreams_done_=14500 config.nstreams=20000 avg_latency=0.9722 ms avg throuhgput (requests/sec) = 84.2983 res=false
*==== INFO ====* req_id_count= 15000 stream_id=59996 latency=0.910342 ms (tx_ts=157187506895244, rx_ts=157187507805586) request_id=795212 zil_blk_id=59996 ccf_commit_seqno=795213 nstreams_done_=15000 config.nstreams=20000 avg_latency=0.9719 ms avg throuhgput (requests/sec) = 84.3113 res=false
*==== INFO ====* req_id_count= 15500 stream_id=61996 latency=0.835552 ms (tx_ts=157193429483372, rx_ts=157193430318924) request_id=821737 zil_blk_id=61996 ccf_commit_seqno=821737 nstreams_done_=15500 config.nstreams=20000 avg_latency=0.9724 ms avg throuhgput (requests/sec) = 84.3149 res=false
*==== INFO ====* req_id_count= 16000 stream_id=63996 latency=1.132642 ms (tx_ts=157199341133698, rx_ts=157199342266340) request_id=848231 zil_blk_id=63996 ccf_commit_seqno=848234 nstreams_done_=16000 config.nstreams=20000 avg_latency=0.9716 ms avg throuhgput (requests/sec) = 84.3230 res=false
*==== INFO ====* req_id_count= 16500 stream_id=65996 latency=0.930891 ms (tx_ts=157205224872483, rx_ts=157205225803374) request_id=874654 zil_blk_id=65996 ccf_commit_seqno=874654 nstreams_done_=16500 config.nstreams=20000 avg_latency=0.9711 ms avg throuhgput (requests/sec) = 84.3429 res=false
*==== INFO ====* req_id_count= 17000 stream_id=67996 latency=1.118401 ms (tx_ts=157211096813871, rx_ts=157211097932272) request_id=901057 zil_blk_id=67996 ccf_commit_seqno=901061 nstreams_done_=17000 config.nstreams=20000 avg_latency=0.9706 ms avg throuhgput (requests/sec) = 84.3663 res=false
*==== INFO ====* req_id_count= 17500 stream_id=69996 latency=0.896236 ms (tx_ts=157217020768348, rx_ts=157217021664584) request_id=927635 zil_blk_id=69996 ccf_commit_seqno=927635 nstreams_done_=17500 config.nstreams=20000 avg_latency=0.9717 ms avg throuhgput (requests/sec) = 84.3675 res=false
*==== INFO ====* req_id_count= 18000 stream_id=71996 latency=0.764439 ms (tx_ts=157222922167347, rx_ts=157222922931786) request_id=954101 zil_blk_id=71996 ccf_commit_seqno=954101 nstreams_done_=18000 config.nstreams=20000 avg_latency=0.9717 ms avg throuhgput (requests/sec) = 84.3774 res=false
*==== INFO ====* req_id_count= 18500 stream_id=73996 latency=0.935830 ms (tx_ts=157228796377330, rx_ts=157228797313160) request_id=980503 zil_blk_id=73996 ccf_commit_seqno=980504 nstreams_done_=18500 config.nstreams=20000 avg_latency=0.9710 ms avg throuhgput (requests/sec) = 84.3972 res=false
*==== INFO ====* req_id_count= 19000 stream_id=75996 latency=0.972358 ms (tx_ts=157234719331693, rx_ts=157234720304051) request_id=1007043 zil_blk_id=75996 ccf_commit_seqno=1007043 nstreams_done_=19000 config.nstreams=20000 avg_latency=0.9720 ms avg throuhgput (requests/sec) = 84.3977 res=false
*==== INFO ====* req_id_count= 19500 stream_id=77996 latency=0.835564 ms (tx_ts=157240632153290, rx_ts=157240632988854) request_id=1029468 zil_blk_id=77996 ccf_commit_seqno=1029468 nstreams_done_=19500 config.nstreams=20000 avg_latency=0.9712 ms avg throuhgput (requests/sec) = 84.4020 res=false
*==== INFO ====* http_end_stream ALL streams done! nstreams_done_=20000 avg_latency=0.9691 msreq_id_count= 20000
*==== INFO ====* req_id_count= 20000 stream_id=79996 latency=0.830193 ms (tx_ts=157246619344815, rx_ts=157246620175008) request_id=1038778 zil_blk_id=79996 ccf_commit_seqno=1038778 nstreams_done_=20000 config.nstreams=20000 avg_latency=0.9691 ms avg throuhgput (requests/sec) = 84.3795 res=true
