Uniform: 864665 824782 3451 928710 931717 
Exponential: -2147483648 -2147483648 -2147483648 -2147483648 -2147483648 
Truncated Normal: 499883 277672 776925 722956 785738 
*==== INFO ====* req_id_count= 500 stream_id=1996 latency=0.811848 ms (tx_ts=157015434337222, rx_ts=157015435149070) request_id=25536 zil_blk_id=1996 ccf_commit_seqno=25537 nstreams_done_=500 config.nstreams=20000 avg_latency=0.8299 ms avg throuhgput (requests/sec) = 85.4637 res=false
*==== INFO ====* req_id_count= 1000 stream_id=3996 latency=0.622581 ms (tx_ts=157021250502965, rx_ts=157021251125546) request_id=51369 zil_blk_id=3996 ccf_commit_seqno=51370 nstreams_done_=1000 config.nstreams=20000 avg_latency=0.8216 ms avg throuhgput (requests/sec) = 85.7161 res=false
*==== INFO ====* req_id_count= 1500 stream_id=5996 latency=0.886739 ms (tx_ts=157027089879050, rx_ts=157027090765789) request_id=77369 zil_blk_id=5996 ccf_commit_seqno=77369 nstreams_done_=1500 config.nstreams=20000 avg_latency=0.8145 ms avg throuhgput (requests/sec) = 85.6846 res=false
*==== INFO ====* req_id_count= 2000 stream_id=7996 latency=0.895967 ms (tx_ts=157032956237600, rx_ts=157032957133567) request_id=103452 zil_blk_id=7996 ccf_commit_seqno=103452 nstreams_done_=2000 config.nstreams=20000 avg_latency=0.8204 ms avg throuhgput (requests/sec) = 85.5709 res=false
*==== INFO ====* req_id_count= 2500 stream_id=9996 latency=0.600634 ms (tx_ts=157038786132605, rx_ts=157038786733239) request_id=129513 zil_blk_id=9996 ccf_commit_seqno=129513 nstreams_done_=2500 config.nstreams=20000 avg_latency=0.8191 ms avg throuhgput (requests/sec) = 85.6105 res=false
*==== INFO ====* req_id_count= 3000 stream_id=11996 latency=0.770131 ms (tx_ts=157044589880444, rx_ts=157044590650575) request_id=155442 zil_blk_id=11996 ccf_commit_seqno=155442 nstreams_done_=3000 config.nstreams=20000 avg_latency=0.8177 ms avg throuhgput (requests/sec) = 85.6997 res=false
*==== INFO ====* req_id_count= 3500 stream_id=13996 latency=0.811381 ms (tx_ts=157050382707942, rx_ts=157050383519323) request_id=181307 zil_blk_id=13996 ccf_commit_seqno=181310 nstreams_done_=3500 config.nstreams=20000 avg_latency=0.8185 ms avg throuhgput (requests/sec) = 85.7868 res=false
*==== INFO ====* req_id_count= 4000 stream_id=15996 latency=0.743771 ms (tx_ts=157056182993496, rx_ts=157056183737267) request_id=207206 zil_blk_id=15996 ccf_commit_seqno=207207 nstreams_done_=4000 config.nstreams=20000 avg_latency=0.8204 ms avg throuhgput (requests/sec) = 85.8387 res=false
*==== INFO ====* req_id_count= 4500 stream_id=17996 latency=0.848272 ms (tx_ts=157061936772228, rx_ts=157061937620500) request_id=232917 zil_blk_id=17996 ccf_commit_seqno=232917 nstreams_done_=4500 config.nstreams=20000 avg_latency=0.8200 ms avg throuhgput (requests/sec) = 85.9551 res=false
*==== INFO ====* req_id_count= 5000 stream_id=19996 latency=0.785832 ms (tx_ts=157067699156436, rx_ts=157067699942268) request_id=258689 zil_blk_id=19996 ccf_commit_seqno=258689 nstreams_done_=5000 config.nstreams=20000 avg_latency=0.8180 ms avg throuhgput (requests/sec) = 86.0360 res=false
*==== INFO ====* req_id_count= 5500 stream_id=21996 latency=0.676324 ms (tx_ts=157073483943793, rx_ts=157073484620117) request_id=284515 zil_blk_id=21996 ccf_commit_seqno=284515 nstreams_done_=5500 config.nstreams=20000 avg_latency=0.8196 ms avg throuhgput (requests/sec) = 86.0721 res=false
*==== INFO ====* req_id_count= 6000 stream_id=23996 latency=0.886919 ms (tx_ts=157079220366512, rx_ts=157079221253431) request_id=310189 zil_blk_id=23996 ccf_commit_seqno=310191 nstreams_done_=6000 config.nstreams=20000 avg_latency=0.8171 ms avg throuhgput (requests/sec) = 86.1617 res=false
*==== INFO ====* req_id_count= 6500 stream_id=25996 latency=0.961818 ms (tx_ts=157084952737863, rx_ts=157084953699681) request_id=335879 zil_blk_id=25996 ccf_commit_seqno=335881 nstreams_done_=6500 config.nstreams=20000 avg_latency=0.8142 ms avg throuhgput (requests/sec) = 86.2424 res=false
*==== INFO ====* req_id_count= 7000 stream_id=27996 latency=1.077607 ms (tx_ts=157090716036301, rx_ts=157090717113908) request_id=361711 zil_blk_id=27996 ccf_commit_seqno=361712 nstreams_done_=7000 config.nstreams=20000 avg_latency=0.8137 ms avg throuhgput (requests/sec) = 86.2787 res=false
*==== INFO ====* req_id_count= 7500 stream_id=29996 latency=0.582920 ms (tx_ts=157096493956882, rx_ts=157096494539802) request_id=387582 zil_blk_id=29996 ccf_commit_seqno=387582 nstreams_done_=7500 config.nstreams=20000 avg_latency=0.8121 ms avg throuhgput (requests/sec) = 86.2963 res=false
*==== INFO ====* req_id_count= 8000 stream_id=31996 latency=0.851101 ms (tx_ts=157102248687176, rx_ts=157102249538277) request_id=413294 zil_blk_id=31996 ccf_commit_seqno=413294 nstreams_done_=8000 config.nstreams=20000 avg_latency=0.8120 ms avg throuhgput (requests/sec) = 86.3326 res=false
*==== INFO ====* req_id_count= 8500 stream_id=33996 latency=0.687014 ms (tx_ts=157108012331185, rx_ts=157108013018199) request_id=439078 zil_blk_id=33996 ccf_commit_seqno=439078 nstreams_done_=8500 config.nstreams=20000 avg_latency=0.8136 ms avg throuhgput (requests/sec) = 86.3573 res=false
*==== INFO ====* req_id_count= 9000 stream_id=35996 latency=0.584012 ms (tx_ts=157113789695550, rx_ts=157113790279562) request_id=464906 zil_blk_id=35996 ccf_commit_seqno=464906 nstreams_done_=9000 config.nstreams=20000 avg_latency=0.8137 ms avg throuhgput (requests/sec) = 86.3677 res=false
*==== INFO ====* req_id_count= 9500 stream_id=37996 latency=0.602069 ms (tx_ts=157119566109616, rx_ts=157119566711685) request_id=490715 zil_blk_id=37996 ccf_commit_seqno=490715 nstreams_done_=9500 config.nstreams=20000 avg_latency=0.8139 ms avg throuhgput (requests/sec) = 86.3778 res=false
*==== INFO ====* req_id_count= 10000 stream_id=39996 latency=0.606274 ms (tx_ts=157125361885505, rx_ts=157125362491779) request_id=516598 zil_blk_id=39996 ccf_commit_seqno=516598 nstreams_done_=10000 config.nstreams=20000 avg_latency=0.8136 ms avg throuhgput (requests/sec) = 86.3724 res=false
*==== INFO ====* req_id_count= 10500 stream_id=41996 latency=0.633425 ms (tx_ts=157131158952514, rx_ts=157131159585939) request_id=542571 zil_blk_id=41996 ccf_commit_seqno=542571 nstreams_done_=10500 config.nstreams=20000 avg_latency=0.8132 ms avg throuhgput (requests/sec) = 86.3665 res=false
*==== INFO ====* req_id_count= 11000 stream_id=43996 latency=0.703526 ms (tx_ts=157136935779860, rx_ts=157136936483386) request_id=568504 zil_blk_id=43996 ccf_commit_seqno=568504 nstreams_done_=11000 config.nstreams=20000 avg_latency=0.8131 ms avg throuhgput (requests/sec) = 86.3749 res=false
*==== INFO ====* req_id_count= 11500 stream_id=45996 latency=0.636731 ms (tx_ts=157142704765672, rx_ts=157142705402403) request_id=594396 zil_blk_id=45996 ccf_commit_seqno=594396 nstreams_done_=11500 config.nstreams=20000 avg_latency=0.8121 ms avg throuhgput (requests/sec) = 86.3878 res=false
*==== INFO ====* req_id_count= 12000 stream_id=47996 latency=0.783776 ms (tx_ts=157148494928393, rx_ts=157148495712169) request_id=620296 zil_blk_id=47996 ccf_commit_seqno=620296 nstreams_done_=12000 config.nstreams=20000 avg_latency=0.8128 ms avg throuhgput (requests/sec) = 86.3862 res=false
*==== INFO ====* req_id_count= 12500 stream_id=49996 latency=0.589974 ms (tx_ts=157154255956546, rx_ts=157154256546520) request_id=646173 zil_blk_id=49996 ccf_commit_seqno=646173 nstreams_done_=12500 config.nstreams=20000 avg_latency=0.8112 ms avg throuhgput (requests/sec) = 86.4024 res=false
*==== INFO ====* req_id_count= 13000 stream_id=51996 latency=0.725286 ms (tx_ts=157159981671146, rx_ts=157159982396432) request_id=671844 zil_blk_id=51996 ccf_commit_seqno=671845 nstreams_done_=13000 config.nstreams=20000 avg_latency=0.8104 ms avg throuhgput (requests/sec) = 86.4375 res=false
*==== INFO ====* req_id_count= 13500 stream_id=53996 latency=0.915682 ms (tx_ts=157165706155671, rx_ts=157165707071353) request_id=697514 zil_blk_id=53996 ccf_commit_seqno=697515 nstreams_done_=13500 config.nstreams=20000 avg_latency=0.8091 ms avg throuhgput (requests/sec) = 86.4706 res=false
*==== INFO ====* req_id_count= 14000 stream_id=55996 latency=0.807680 ms (tx_ts=157171465497883, rx_ts=157171466305563) request_id=723338 zil_blk_id=55996 ccf_commit_seqno=723338 nstreams_done_=14000 config.nstreams=20000 avg_latency=0.8099 ms avg throuhgput (requests/sec) = 86.4830 res=false
*==== INFO ====* req_id_count= 14500 stream_id=57996 latency=0.718083 ms (tx_ts=157177232995902, rx_ts=157177233713985) request_id=749108 zil_blk_id=57996 ccf_commit_seqno=749108 nstreams_done_=14500 config.nstreams=20000 avg_latency=0.8105 ms avg throuhgput (requests/sec) = 86.4902 res=false
*==== INFO ====* req_id_count= 15000 stream_id=59996 latency=0.613959 ms (tx_ts=157182987137808, rx_ts=157182987751767) request_id=774872 zil_blk_id=59996 ccf_commit_seqno=774872 nstreams_done_=15000 config.nstreams=20000 avg_latency=0.8112 ms avg throuhgput (requests/sec) = 86.5037 res=false
*==== INFO ====* req_id_count= 15500 stream_id=61996 latency=0.873624 ms (tx_ts=157188721056674, rx_ts=157188721930298) request_id=800639 zil_blk_id=61996 ccf_commit_seqno=800640 nstreams_done_=15500 config.nstreams=20000 avg_latency=0.8109 ms avg throuhgput (requests/sec) = 86.5258 res=false
*==== INFO ====* req_id_count= 16000 stream_id=63996 latency=0.764119 ms (tx_ts=157194464357766, rx_ts=157194465121885) request_id=826376 zil_blk_id=63996 ccf_commit_seqno=826377 nstreams_done_=16000 config.nstreams=20000 avg_latency=0.8111 ms avg throuhgput (requests/sec) = 86.5424 res=false
*==== INFO ====* req_id_count= 16500 stream_id=65996 latency=0.815745 ms (tx_ts=157200205704086, rx_ts=157200206519831) request_id=852109 zil_blk_id=65996 ccf_commit_seqno=852111 nstreams_done_=16500 config.nstreams=20000 avg_latency=0.8116 ms avg throuhgput (requests/sec) = 86.5588 res=false
*==== INFO ====* req_id_count= 17000 stream_id=67996 latency=0.620559 ms (tx_ts=157205932855972, rx_ts=157205933476531) request_id=877831 zil_blk_id=67996 ccf_commit_seqno=877831 nstreams_done_=17000 config.nstreams=20000 avg_latency=0.8107 ms avg throuhgput (requests/sec) = 86.5806 res=false
*==== INFO ====* req_id_count= 17500 stream_id=69996 latency=0.584062 ms (tx_ts=157211654633557, rx_ts=157211655217619) request_id=903575 zil_blk_id=69996 ccf_commit_seqno=903575 nstreams_done_=17500 config.nstreams=20000 avg_latency=0.8097 ms avg throuhgput (requests/sec) = 86.6034 res=false
*==== INFO ====* req_id_count= 18000 stream_id=71996 latency=0.743574 ms (tx_ts=157217391834987, rx_ts=157217392578561) request_id=929309 zil_blk_id=71996 ccf_commit_seqno=929309 nstreams_done_=18000 config.nstreams=20000 avg_latency=0.8093 ms avg throuhgput (requests/sec) = 86.6185 res=false
*==== INFO ====* req_id_count= 18500 stream_id=73996 latency=0.871410 ms (tx_ts=157223136360746, rx_ts=157223137232156) request_id=955055 zil_blk_id=73996 ccf_commit_seqno=955056 nstreams_done_=18500 config.nstreams=20000 avg_latency=0.8095 ms avg throuhgput (requests/sec) = 86.6297 res=false
*==== INFO ====* req_id_count= 19000 stream_id=75996 latency=1.003116 ms (tx_ts=157228869160045, rx_ts=157228870163161) request_id=980824 zil_blk_id=75996 ccf_commit_seqno=980827 nstreams_done_=19000 config.nstreams=20000 avg_latency=0.8090 ms avg throuhgput (requests/sec) = 86.6451 res=false
*==== INFO ====* req_id_count= 19500 stream_id=77996 latency=0.810135 ms (tx_ts=157234621776426, rx_ts=157234622586561) request_id=1006608 zil_blk_id=77996 ccf_commit_seqno=1006608 nstreams_done_=19500 config.nstreams=20000 avg_latency=0.8092 ms avg throuhgput (requests/sec) = 86.6521 res=false
*==== INFO ====* http_end_stream ALL streams done! nstreams_done_=20000 avg_latency=0.8081 msreq_id_count= 20000
*==== INFO ====* req_id_count= 20000 stream_id=79996 latency=0.706963 ms (tx_ts=157240345856372, rx_ts=157240346563335) request_id=1028665 zil_blk_id=79996 ccf_commit_seqno=1028666 nstreams_done_=20000 config.nstreams=20000 avg_latency=0.8081 ms avg throuhgput (requests/sec) = 86.6694 res=true
