Uniform: 718273 542498 460128 649237 993568 
Exponential: -2147483648 -2147483648 -2147483648 -2147483648 -2147483648 
Truncated Normal: 196544 215936 408951 634254 270930 
*==== INFO ====* req_id_count= 500 stream_id=1996 latency=0.562342 ms (tx_ts=157015329796383, rx_ts=157015330358725) request_id=25086 zil_blk_id=1996 ccf_commit_seqno=25086 nstreams_done_=500 config.nstreams=20000 avg_latency=0.7310 ms avg throuhgput (requests/sec) = 86.9129 res=false
*==== INFO ====* req_id_count= 1000 stream_id=3996 latency=0.630209 ms (tx_ts=157021096915570, rx_ts=157021097545779) request_id=50694 zil_blk_id=3996 ccf_commit_seqno=50694 nstreams_done_=1000 config.nstreams=20000 avg_latency=0.7325 ms avg throuhgput (requests/sec) = 86.8050 res=false
*==== INFO ====* req_id_count= 1500 stream_id=5996 latency=0.832578 ms (tx_ts=157026866769504, rx_ts=157026867602082) request_id=76392 zil_blk_id=5996 ccf_commit_seqno=76393 nstreams_done_=1500 config.nstreams=20000 avg_latency=0.7338 ms avg throuhgput (requests/sec) = 86.7547 res=false
*==== INFO ====* req_id_count= 2000 stream_id=7996 latency=0.610844 ms (tx_ts=157032666763103, rx_ts=157032667373947) request_id=102176 zil_blk_id=7996 ccf_commit_seqno=102176 nstreams_done_=2000 config.nstreams=20000 avg_latency=0.7372 ms avg throuhgput (requests/sec) = 86.6179 res=false
*==== INFO ====* req_id_count= 2500 stream_id=9996 latency=0.685292 ms (tx_ts=157038393483223, rx_ts=157038394168515) request_id=127769 zil_blk_id=9996 ccf_commit_seqno=127769 nstreams_done_=2500 config.nstreams=20000 avg_latency=0.7327 ms avg throuhgput (requests/sec) = 86.7553 res=false
*==== INFO ====* req_id_count= 3000 stream_id=11996 latency=0.522444 ms (tx_ts=157044128419943, rx_ts=157044128942387) request_id=153399 zil_blk_id=11996 ccf_commit_seqno=153399 nstreams_done_=3000 config.nstreams=20000 avg_latency=0.7337 ms avg throuhgput (requests/sec) = 86.8270 res=false
*==== INFO ====* req_id_count= 3500 stream_id=13996 latency=0.711270 ms (tx_ts=157049838742901, rx_ts=157049839454171) request_id=178893 zil_blk_id=13996 ccf_commit_seqno=178896 nstreams_done_=3500 config.nstreams=20000 avg_latency=0.7321 ms avg throuhgput (requests/sec) = 86.9306 res=false
*==== INFO ====* req_id_count= 4000 stream_id=15996 latency=0.637232 ms (tx_ts=157055479937798, rx_ts=157055480575030) request_id=204079 zil_blk_id=15996 ccf_commit_seqno=204080 nstreams_done_=4000 config.nstreams=20000 avg_latency=0.7323 ms avg throuhgput (requests/sec) = 87.1401 res=false
*==== INFO ====* req_id_count= 4500 stream_id=17996 latency=0.528559 ms (tx_ts=157061190383157, rx_ts=157061190911716) request_id=229587 zil_blk_id=17996 ccf_commit_seqno=229587 nstreams_done_=4500 config.nstreams=20000 avg_latency=0.7345 ms avg throuhgput (requests/sec) = 87.1866 res=false
*==== INFO ====* req_id_count= 5000 stream_id=19996 latency=0.512557 ms (tx_ts=157066891407858, rx_ts=157066891920415) request_id=255080 zil_blk_id=19996 ccf_commit_seqno=255080 nstreams_done_=5000 config.nstreams=20000 avg_latency=0.7346 ms avg throuhgput (requests/sec) = 87.2380 res=false
*==== INFO ====* req_id_count= 5500 stream_id=21996 latency=0.828640 ms (tx_ts=157072586862215, rx_ts=157072587690855) request_id=280538 zil_blk_id=21996 ccf_commit_seqno=280539 nstreams_done_=5500 config.nstreams=20000 avg_latency=0.7339 ms avg throuhgput (requests/sec) = 87.2874 res=false
*==== INFO ====* req_id_count= 6000 stream_id=23996 latency=0.719887 ms (tx_ts=157078278778095, rx_ts=157078279497982) request_id=305985 zil_blk_id=23996 ccf_commit_seqno=305985 nstreams_done_=6000 config.nstreams=20000 avg_latency=0.7343 ms avg throuhgput (requests/sec) = 87.3337 res=false
*==== INFO ====* req_id_count= 6500 stream_id=25996 latency=0.758501 ms (tx_ts=157083953167956, rx_ts=157083953926457) request_id=331409 zil_blk_id=25996 ccf_commit_seqno=331411 nstreams_done_=6500 config.nstreams=20000 avg_latency=0.7330 ms avg throuhgput (requests/sec) = 87.3932 res=false
*==== INFO ====* req_id_count= 7000 stream_id=27996 latency=0.894935 ms (tx_ts=157089659602433, rx_ts=157089660497368) request_id=356964 zil_blk_id=27996 ccf_commit_seqno=356965 nstreams_done_=7000 config.nstreams=20000 avg_latency=0.7315 ms avg throuhgput (requests/sec) = 87.4093 res=false
*==== INFO ====* req_id_count= 7500 stream_id=29996 latency=0.721129 ms (tx_ts=157095352451180, rx_ts=157095353172309) request_id=382479 zil_blk_id=29996 ccf_commit_seqno=382481 nstreams_done_=7500 config.nstreams=20000 avg_latency=0.7291 ms avg throuhgput (requests/sec) = 87.4374 res=false
*==== INFO ====* req_id_count= 8000 stream_id=31996 latency=0.775610 ms (tx_ts=157101059491909, rx_ts=157101060267519) request_id=408016 zil_blk_id=31996 ccf_commit_seqno=408017 nstreams_done_=8000 config.nstreams=20000 avg_latency=0.7290 ms avg throuhgput (requests/sec) = 87.4481 res=false
*==== INFO ====* req_id_count= 8500 stream_id=33996 latency=0.713303 ms (tx_ts=157106777322638, rx_ts=157106778035941) request_id=433525 zil_blk_id=33996 ccf_commit_seqno=433526 nstreams_done_=8500 config.nstreams=20000 avg_latency=0.7296 ms avg throuhgput (requests/sec) = 87.4481 res=false
*==== INFO ====* req_id_count= 9000 stream_id=35996 latency=0.619418 ms (tx_ts=157112465745388, rx_ts=157112466364806) request_id=458986 zil_blk_id=35996 ccf_commit_seqno=458986 nstreams_done_=9000 config.nstreams=20000 avg_latency=0.7283 ms avg throuhgput (requests/sec) = 87.4730 res=false
*==== INFO ====* req_id_count= 9500 stream_id=37996 latency=0.775661 ms (tx_ts=157118185019827, rx_ts=157118185795488) request_id=484528 zil_blk_id=37996 ccf_commit_seqno=484529 nstreams_done_=9500 config.nstreams=20000 avg_latency=0.7292 ms avg throuhgput (requests/sec) = 87.4703 res=false
*==== INFO ====* req_id_count= 10000 stream_id=39996 latency=0.643293 ms (tx_ts=157123888422793, rx_ts=157123889066086) request_id=509976 zil_blk_id=39996 ccf_commit_seqno=509976 nstreams_done_=10000 config.nstreams=20000 avg_latency=0.7305 ms avg throuhgput (requests/sec) = 87.4802 res=false
*==== INFO ====* req_id_count= 10500 stream_id=41996 latency=0.631661 ms (tx_ts=157129590179025, rx_ts=157129590810686) request_id=535529 zil_blk_id=41996 ccf_commit_seqno=535529 nstreams_done_=10500 config.nstreams=20000 avg_latency=0.7311 ms avg throuhgput (requests/sec) = 87.4903 res=false
*==== INFO ====* req_id_count= 11000 stream_id=43996 latency=0.997726 ms (tx_ts=157135274037559, rx_ts=157135275035285) request_id=561049 zil_blk_id=43996 ccf_commit_seqno=561053 nstreams_done_=11000 config.nstreams=20000 avg_latency=0.7314 ms avg throuhgput (requests/sec) = 87.5116 res=false
*==== INFO ====* req_id_count= 11500 stream_id=45996 latency=1.028444 ms (tx_ts=157140983387646, rx_ts=157140984416090) request_id=586689 zil_blk_id=45996 ccf_commit_seqno=586693 nstreams_done_=11500 config.nstreams=20000 avg_latency=0.7324 ms avg throuhgput (requests/sec) = 87.5144 res=false
*==== INFO ====* req_id_count= 12000 stream_id=47996 latency=0.625079 ms (tx_ts=157146703035668, rx_ts=157146703660747) request_id=612272 zil_blk_id=47996 ccf_commit_seqno=612273 nstreams_done_=12000 config.nstreams=20000 avg_latency=0.7338 ms avg throuhgput (requests/sec) = 87.5106 res=false
*==== INFO ====* req_id_count= 12500 stream_id=49996 latency=0.668280 ms (tx_ts=157152377462838, rx_ts=157152378131118) request_id=637741 zil_blk_id=49996 ccf_commit_seqno=637741 nstreams_done_=12500 config.nstreams=20000 avg_latency=0.7327 ms avg throuhgput (requests/sec) = 87.5346 res=false
*==== INFO ====* req_id_count= 13000 stream_id=51996 latency=0.537926 ms (tx_ts=157158087583066, rx_ts=157158088120992) request_id=663345 zil_blk_id=51996 ccf_commit_seqno=663345 nstreams_done_=13000 config.nstreams=20000 avg_latency=0.7319 ms avg throuhgput (requests/sec) = 87.5358 res=false
*==== INFO ====* req_id_count= 13500 stream_id=53996 latency=0.643915 ms (tx_ts=157163768814521, rx_ts=157163769458436) request_id=688836 zil_blk_id=53996 ccf_commit_seqno=688836 nstreams_done_=13500 config.nstreams=20000 avg_latency=0.7307 ms avg throuhgput (requests/sec) = 87.5532 res=false
*==== INFO ====* req_id_count= 14000 stream_id=55996 latency=0.500936 ms (tx_ts=157169502253137, rx_ts=157169502754073) request_id=714513 zil_blk_id=55996 ccf_commit_seqno=714513 nstreams_done_=14000 config.nstreams=20000 avg_latency=0.7327 ms avg throuhgput (requests/sec) = 87.5409 res=false
*==== INFO ====* req_id_count= 14500 stream_id=57996 latency=0.592347 ms (tx_ts=157175196942852, rx_ts=157175197535199) request_id=740083 zil_blk_id=57996 ccf_commit_seqno=740083 nstreams_done_=14500 config.nstreams=20000 avg_latency=0.7323 ms avg throuhgput (requests/sec) = 87.5498 res=false
*==== INFO ====* req_id_count= 15000 stream_id=59996 latency=0.887300 ms (tx_ts=157180921961901, rx_ts=157180922849201) request_id=765623 zil_blk_id=59996 ccf_commit_seqno=765624 nstreams_done_=15000 config.nstreams=20000 avg_latency=0.7337 ms avg throuhgput (requests/sec) = 87.5425 res=false
*==== INFO ====* req_id_count= 15500 stream_id=61996 latency=0.690743 ms (tx_ts=157186637741150, rx_ts=157186638431893) request_id=791289 zil_blk_id=61996 ccf_commit_seqno=791289 nstreams_done_=15500 config.nstreams=20000 avg_latency=0.7349 ms avg throuhgput (requests/sec) = 87.5405 res=false
*==== INFO ====* req_id_count= 16000 stream_id=63996 latency=0.836935 ms (tx_ts=157192343777766, rx_ts=157192344614701) request_id=816866 zil_blk_id=63996 ccf_commit_seqno=816868 nstreams_done_=16000 config.nstreams=20000 avg_latency=0.7350 ms avg throuhgput (requests/sec) = 87.5431 res=false
*==== INFO ====* req_id_count= 16500 stream_id=65996 latency=0.779598 ms (tx_ts=157198040567534, rx_ts=157198041347132) request_id=842407 zil_blk_id=65996 ccf_commit_seqno=842408 nstreams_done_=16500 config.nstreams=20000 avg_latency=0.7351 ms avg throuhgput (requests/sec) = 87.5499 res=false
*==== INFO ====* req_id_count= 17000 stream_id=67996 latency=1.104395 ms (tx_ts=157203748456960, rx_ts=157203749561355) request_id=868017 zil_blk_id=67996 ccf_commit_seqno=868019 nstreams_done_=17000 config.nstreams=20000 avg_latency=0.7365 ms avg throuhgput (requests/sec) = 87.5512 res=false
*==== INFO ====* req_id_count= 17500 stream_id=69996 latency=0.576087 ms (tx_ts=157209448173087, rx_ts=157209448749174) request_id=893643 zil_blk_id=69996 ccf_commit_seqno=893643 nstreams_done_=17500 config.nstreams=20000 avg_latency=0.7367 ms avg throuhgput (requests/sec) = 87.5564 res=false
*==== INFO ====* req_id_count= 18000 stream_id=71996 latency=0.818911 ms (tx_ts=157215157141575, rx_ts=157215157960486) request_id=919280 zil_blk_id=71996 ccf_commit_seqno=919280 nstreams_done_=18000 config.nstreams=20000 avg_latency=0.7374 ms avg throuhgput (requests/sec) = 87.5569 res=false
*==== INFO ====* req_id_count= 18500 stream_id=73996 latency=0.780593 ms (tx_ts=157220873598157, rx_ts=157220874378750) request_id=944909 zil_blk_id=73996 ccf_commit_seqno=944910 nstreams_done_=18500 config.nstreams=20000 avg_latency=0.7375 ms avg throuhgput (requests/sec) = 87.5545 res=false
*==== INFO ====* req_id_count= 19000 stream_id=75996 latency=0.783675 ms (tx_ts=157226575648251, rx_ts=157226576431926) request_id=970510 zil_blk_id=75996 ccf_commit_seqno=970511 nstreams_done_=19000 config.nstreams=20000 avg_latency=0.7378 ms avg throuhgput (requests/sec) = 87.5580 res=false
*==== INFO ====* req_id_count= 19500 stream_id=77996 latency=0.656287 ms (tx_ts=157232258017132, rx_ts=157232258673419) request_id=996070 zil_blk_id=77996 ccf_commit_seqno=996071 nstreams_done_=19500 config.nstreams=20000 avg_latency=0.7365 ms avg throuhgput (requests/sec) = 87.5691 res=false
*==== INFO ====* http_end_stream ALL streams done! nstreams_done_=20000 avg_latency=0.7359 msreq_id_count= 20000
*==== INFO ====* req_id_count= 20000 stream_id=79996 latency=0.835564 ms (tx_ts=157237971385635, rx_ts=157237972221199) request_id=1020462 zil_blk_id=79996 ccf_commit_seqno=1020462 nstreams_done_=20000 config.nstreams=20000 avg_latency=0.7359 ms avg throuhgput (requests/sec) = 87.5677 res=true
