Uniform: 153420 174315 450435 16641 111567 
Exponential: -2147483648 -2147483648 -2147483648 -2147483648 -2147483648 
Truncated Normal: 791378 396726 441782 318243 770575 
*==== INFO ====* req_id_count= 500 stream_id=1996 latency=0.984171 ms (tx_ts=157015586266938, rx_ts=157015587251109) request_id=26191 zil_blk_id=1996 ccf_commit_seqno=26192 nstreams_done_=500 config.nstreams=20000 avg_latency=0.9720 ms avg throuhgput (requests/sec) = 83.4320 res=false
*==== INFO ====* req_id_count= 1000 stream_id=3996 latency=1.090884 ms (tx_ts=157021579621870, rx_ts=157021580712754) request_id=52824 zil_blk_id=3996 ccf_commit_seqno=52824 nstreams_done_=1000 config.nstreams=20000 avg_latency=0.9845 ms avg throuhgput (requests/sec) = 83.4281 res=false
*==== INFO ====* req_id_count= 1500 stream_id=5996 latency=0.753790 ms (tx_ts=157027533815146, rx_ts=157027534568936) request_id=79329 zil_blk_id=5996 ccf_commit_seqno=79329 nstreams_done_=1500 config.nstreams=20000 avg_latency=0.9719 ms avg throuhgput (requests/sec) = 83.6110 res=false
*==== INFO ====* req_id_count= 2000 stream_id=7996 latency=0.868947 ms (tx_ts=157033494399748, rx_ts=157033495268695) request_id=105850 zil_blk_id=7996 ccf_commit_seqno=105851 nstreams_done_=2000 config.nstreams=20000 avg_latency=0.9701 ms avg throuhgput (requests/sec) = 83.6788 res=false
*==== INFO ====* req_id_count= 2500 stream_id=9996 latency=1.043724 ms (tx_ts=157039435517240, rx_ts=157039436560964) request_id=132390 zil_blk_id=9996 ccf_commit_seqno=132392 nstreams_done_=2500 config.nstreams=20000 avg_latency=0.9688 ms avg throuhgput (requests/sec) = 83.7739 res=false
*==== INFO ====* req_id_count= 3000 stream_id=11996 latency=0.817984 ms (tx_ts=157045376099624, rx_ts=157045376917608) request_id=158930 zil_blk_id=11996 ccf_commit_seqno=158932 nstreams_done_=3000 config.nstreams=20000 avg_latency=0.9678 ms avg throuhgput (requests/sec) = 83.8397 res=false
*==== INFO ====* req_id_count= 3500 stream_id=13996 latency=0.985343 ms (tx_ts=157051307124569, rx_ts=157051308109912) request_id=185432 zil_blk_id=13996 ccf_commit_seqno=185432 nstreams_done_=3500 config.nstreams=20000 avg_latency=0.9650 ms avg throuhgput (requests/sec) = 83.9052 res=false
*==== INFO ====* req_id_count= 4000 stream_id=15996 latency=1.324416 ms (tx_ts=157057263983080, rx_ts=157057265307496) request_id=212025 zil_blk_id=15996 ccf_commit_seqno=212026 nstreams_done_=4000 config.nstreams=20000 avg_latency=0.9711 ms avg throuhgput (requests/sec) = 83.9085 res=false
*==== INFO ====* req_id_count= 4500 stream_id=17996 latency=1.117588 ms (tx_ts=157063195206730, rx_ts=157063196324318) request_id=238542 zil_blk_id=17996 ccf_commit_seqno=238543 nstreams_done_=4500 config.nstreams=20000 avg_latency=0.9667 ms avg throuhgput (requests/sec) = 83.9521 res=false
*==== INFO ====* req_id_count= 5000 stream_id=19996 latency=0.721680 ms (tx_ts=157069142912883, rx_ts=157069143634563) request_id=265122 zil_blk_id=19996 ccf_commit_seqno=265122 nstreams_done_=5000 config.nstreams=20000 avg_latency=0.9672 ms avg throuhgput (requests/sec) = 83.9641 res=false
*==== INFO ====* req_id_count= 5500 stream_id=21996 latency=0.809934 ms (tx_ts=157075084428143, rx_ts=157075085238077) request_id=291673 zil_blk_id=21996 ccf_commit_seqno=291673 nstreams_done_=5500 config.nstreams=20000 avg_latency=0.9680 ms avg throuhgput (requests/sec) = 83.9811 res=false
*==== INFO ====* req_id_count= 6000 stream_id=23996 latency=1.086653 ms (tx_ts=157081016359731, rx_ts=157081017446384) request_id=318243 zil_blk_id=23996 ccf_commit_seqno=318243 nstreams_done_=6000 config.nstreams=20000 avg_latency=0.9665 ms avg throuhgput (requests/sec) = 84.0064 res=false
*==== INFO ====* req_id_count= 6500 stream_id=25996 latency=0.945148 ms (tx_ts=157086957776550, rx_ts=157086958721698) request_id=344879 zil_blk_id=25996 ccf_commit_seqno=344879 nstreams_done_=6500 config.nstreams=20000 avg_latency=0.9645 ms avg throuhgput (requests/sec) = 84.0180 res=false
*==== INFO ====* req_id_count= 7000 stream_id=27996 latency=0.966332 ms (tx_ts=157092888911346, rx_ts=157092889877678) request_id=371433 zil_blk_id=27996 ccf_commit_seqno=371435 nstreams_done_=7000 config.nstreams=20000 avg_latency=0.9644 ms avg throuhgput (requests/sec) = 84.0381 res=false
*==== INFO ====* req_id_count= 7500 stream_id=29996 latency=1.067577 ms (tx_ts=157098825093390, rx_ts=157098826160967) request_id=398024 zil_blk_id=29996 ccf_commit_seqno=398024 nstreams_done_=7500 config.nstreams=20000 avg_latency=0.9630 ms avg throuhgput (requests/sec) = 84.0507 res=false
*==== INFO ====* req_id_count= 8000 stream_id=31996 latency=1.140391 ms (tx_ts=157104802342247, rx_ts=157104803482638) request_id=424701 zil_blk_id=31996 ccf_commit_seqno=424703 nstreams_done_=8000 config.nstreams=20000 avg_latency=0.9656 ms avg throuhgput (requests/sec) = 84.0255 res=false
*==== INFO ====* req_id_count= 8500 stream_id=33996 latency=0.779728 ms (tx_ts=157110744485019, rx_ts=157110745264747) request_id=451263 zil_blk_id=33996 ccf_commit_seqno=451263 nstreams_done_=8500 config.nstreams=20000 avg_latency=0.9676 ms avg throuhgput (requests/sec) = 84.0328 res=false
*==== INFO ====* req_id_count= 9000 stream_id=35996 latency=1.081993 ms (tx_ts=157116663088494, rx_ts=157116664170487) request_id=477797 zil_blk_id=35996 ccf_commit_seqno=477798 nstreams_done_=9000 config.nstreams=20000 avg_latency=0.9660 ms avg throuhgput (requests/sec) = 84.0573 res=false
*==== INFO ====* req_id_count= 9500 stream_id=37996 latency=0.865028 ms (tx_ts=157122619278631, rx_ts=157122620143659) request_id=504289 zil_blk_id=37996 ccf_commit_seqno=504289 nstreams_done_=9500 config.nstreams=20000 avg_latency=0.9710 ms avg throuhgput (requests/sec) = 84.0516 res=false
*==== INFO ====* req_id_count= 10000 stream_id=39996 latency=0.754001 ms (tx_ts=157128536547228, rx_ts=157128537301229) request_id=530804 zil_blk_id=39996 ccf_commit_seqno=530804 nstreams_done_=10000 config.nstreams=20000 avg_latency=0.9706 ms avg throuhgput (requests/sec) = 84.0739 res=false
*==== INFO ====* req_id_count= 10500 stream_id=41996 latency=0.888472 ms (tx_ts=157134457480084, rx_ts=157134458368556) request_id=557386 zil_blk_id=41996 ccf_commit_seqno=557386 nstreams_done_=10500 config.nstreams=20000 avg_latency=0.9692 ms avg throuhgput (requests/sec) = 84.0915 res=false
*==== INFO ====* req_id_count= 11000 stream_id=43996 latency=0.713765 ms (tx_ts=157140383510892, rx_ts=157140384224657) request_id=584001 zil_blk_id=43996 ccf_commit_seqno=584001 nstreams_done_=11000 config.nstreams=20000 avg_latency=0.9688 ms avg throuhgput (requests/sec) = 84.1044 res=false
*==== INFO ====* req_id_count= 11500 stream_id=45996 latency=0.901486 ms (tx_ts=157146309465189, rx_ts=157146310366675) request_id=610511 zil_blk_id=45996 ccf_commit_seqno=610511 nstreams_done_=11500 config.nstreams=20000 avg_latency=0.9706 ms avg throuhgput (requests/sec) = 84.1160 res=false
*==== INFO ====* req_id_count= 12000 stream_id=47996 latency=0.819282 ms (tx_ts=157152249595303, rx_ts=157152250414585) request_id=637167 zil_blk_id=47996 ccf_commit_seqno=637167 nstreams_done_=12000 config.nstreams=20000 avg_latency=0.9692 ms avg throuhgput (requests/sec) = 84.1184 res=false
*==== INFO ====* req_id_count= 12500 stream_id=49996 latency=0.953774 ms (tx_ts=157158203383059, rx_ts=157158204336833) request_id=663866 zil_blk_id=49996 ccf_commit_seqno=663867 nstreams_done_=12500 config.nstreams=20000 avg_latency=0.9686 ms avg throuhgput (requests/sec) = 84.1128 res=false
*==== INFO ====* req_id_count= 13000 stream_id=51996 latency=1.042649 ms (tx_ts=157164127333749, rx_ts=157164128376398) request_id=690439 zil_blk_id=51996 ccf_commit_seqno=690439 nstreams_done_=13000 config.nstreams=20000 avg_latency=0.9671 ms avg throuhgput (requests/sec) = 84.1239 res=false
*==== INFO ====* req_id_count= 13500 stream_id=53996 latency=0.911485 ms (tx_ts=157170062038854, rx_ts=157170062950339) request_id=717030 zil_blk_id=53996 ccf_commit_seqno=717031 nstreams_done_=13500 config.nstreams=20000 avg_latency=0.9678 ms avg throuhgput (requests/sec) = 84.1286 res=false
*==== INFO ====* req_id_count= 14000 stream_id=55996 latency=0.948881 ms (tx_ts=157176027781730, rx_ts=157176028730611) request_id=743714 zil_blk_id=55996 ccf_commit_seqno=743715 nstreams_done_=14000 config.nstreams=20000 avg_latency=0.9682 ms avg throuhgput (requests/sec) = 84.1172 res=false
*==== INFO ====* req_id_count= 14500 stream_id=57996 latency=0.959077 ms (tx_ts=157181971975580, rx_ts=157181972934657) request_id=770335 zil_blk_id=57996 ccf_commit_seqno=770335 nstreams_done_=14500 config.nstreams=20000 avg_latency=0.9690 ms avg throuhgput (requests/sec) = 84.1172 res=false
*==== INFO ====* req_id_count= 15000 stream_id=59996 latency=0.887210 ms (tx_ts=157187901978100, rx_ts=157187902865310) request_id=796993 zil_blk_id=59996 ccf_commit_seqno=796993 nstreams_done_=15000 config.nstreams=20000 avg_latency=0.9689 ms avg throuhgput (requests/sec) = 84.1239 res=false
*==== INFO ====* req_id_count= 15500 stream_id=61996 latency=0.814553 ms (tx_ts=157193848628377, rx_ts=157193849442930) request_id=823613 zil_blk_id=61996 ccf_commit_seqno=823613 nstreams_done_=15500 config.nstreams=20000 avg_latency=0.9694 ms avg throuhgput (requests/sec) = 84.1225 res=false
*==== INFO ====* req_id_count= 16000 stream_id=63996 latency=1.028894 ms (tx_ts=157199775723760, rx_ts=157199776752654) request_id=850182 zil_blk_id=63996 ccf_commit_seqno=850184 nstreams_done_=16000 config.nstreams=20000 avg_latency=0.9697 ms avg throuhgput (requests/sec) = 84.1298 res=false
*==== INFO ====* req_id_count= 16500 stream_id=65996 latency=0.919980 ms (tx_ts=157205720431311, rx_ts=157205721351291) request_id=876874 zil_blk_id=65996 ccf_commit_seqno=876875 nstreams_done_=16500 config.nstreams=20000 avg_latency=0.9698 ms avg throuhgput (requests/sec) = 84.1292 res=false
*==== INFO ====* req_id_count= 17000 stream_id=67996 latency=0.727140 ms (tx_ts=157211655445342, rx_ts=157211656172482) request_id=903576 zil_blk_id=67996 ccf_commit_seqno=903576 nstreams_done_=17000 config.nstreams=20000 avg_latency=0.9688 ms avg throuhgput (requests/sec) = 84.1327 res=false
*==== INFO ====* req_id_count= 17500 stream_id=69996 latency=1.126837 ms (tx_ts=157217599974820, rx_ts=157217601101657) request_id=930239 zil_blk_id=69996 ccf_commit_seqno=930241 nstreams_done_=17500 config.nstreams=20000 avg_latency=0.9687 ms avg throuhgput (requests/sec) = 84.1319 res=false
*==== INFO ====* req_id_count= 18000 stream_id=71996 latency=0.832948 ms (tx_ts=157223553283478, rx_ts=157223554116426) request_id=956923 zil_blk_id=71996 ccf_commit_seqno=956923 nstreams_done_=18000 config.nstreams=20000 avg_latency=0.9690 ms avg throuhgput (requests/sec) = 84.1280 res=false
*==== INFO ====* req_id_count= 18500 stream_id=73996 latency=0.830152 ms (tx_ts=157229488539735, rx_ts=157229489369887) request_id=983607 zil_blk_id=73996 ccf_commit_seqno=983608 nstreams_done_=18500 config.nstreams=20000 avg_latency=0.9683 ms avg throuhgput (requests/sec) = 84.1311 res=false
*==== INFO ====* req_id_count= 19000 stream_id=75996 latency=0.876088 ms (tx_ts=157235432746148, rx_ts=157235433622236) request_id=1010104 zil_blk_id=75996 ccf_commit_seqno=1010104 nstreams_done_=19000 config.nstreams=20000 avg_latency=0.9691 ms avg throuhgput (requests/sec) = 84.1306 res=false
*==== INFO ====* req_id_count= 19500 stream_id=77996 latency=0.728283 ms (tx_ts=157241370501847, rx_ts=157241371230130) request_id=1031235 zil_blk_id=77996 ccf_commit_seqno=1031235 nstreams_done_=19500 config.nstreams=20000 avg_latency=0.9684 ms avg throuhgput (requests/sec) = 84.1326 res=false
*==== INFO ====* http_end_stream ALL streams done! nstreams_done_=20000 avg_latency=0.9660 msreq_id_count= 20000
*==== INFO ====* req_id_count= 20000 stream_id=79996 latency=0.841484 ms (tx_ts=157247384916606, rx_ts=157247385758090) request_id=1039280 zil_blk_id=79996 ccf_commit_seqno=1039280 nstreams_done_=20000 config.nstreams=20000 avg_latency=0.9660 ms avg throuhgput (requests/sec) = 84.1073 res=true
