Uniform: 906566 156154 846083 113916 931500 
Exponential: -2147483648 -2147483648 -2147483648 -2147483648 -2147483648 
Truncated Normal: 389585 467494 424509 171109 178434 
*==== INFO ====* req_id_count= 500 stream_id=1996 latency=0.939487 ms (tx_ts=157015586621806, rx_ts=157015587561293) request_id=26193 zil_blk_id=1996 ccf_commit_seqno=26194 nstreams_done_=500 config.nstreams=20000 avg_latency=0.9389 ms avg throuhgput (requests/sec) = 83.3577 res=false
*==== INFO ====* req_id_count= 1000 stream_id=3996 latency=0.771003 ms (tx_ts=157021596780600, rx_ts=157021597551603) request_id=52896 zil_blk_id=3996 ccf_commit_seqno=52897 nstreams_done_=1000 config.nstreams=20000 avg_latency=0.9391 ms avg throuhgput (requests/sec) = 83.2762 res=false
*==== INFO ====* req_id_count= 1500 stream_id=5996 latency=0.953534 ms (tx_ts=157027596953670, rx_ts=157027597907204) request_id=79608 zil_blk_id=5996 ccf_commit_seqno=79609 nstreams_done_=1500 config.nstreams=20000 avg_latency=0.9363 ms avg throuhgput (requests/sec) = 83.2936 res=false
*==== INFO ====* req_id_count= 2000 stream_id=7996 latency=0.908161 ms (tx_ts=157033634655294, rx_ts=157033635563455) request_id=106472 zil_blk_id=7996 ccf_commit_seqno=106472 nstreams_done_=2000 config.nstreams=20000 avg_latency=0.9368 ms avg throuhgput (requests/sec) = 83.1731 res=false
*==== INFO ====* req_id_count= 2500 stream_id=9996 latency=0.979463 ms (tx_ts=157039632553164, rx_ts=157039633532627) request_id=133275 zil_blk_id=9996 ccf_commit_seqno=133276 nstreams_done_=2500 config.nstreams=20000 avg_latency=0.9333 ms avg throuhgput (requests/sec) = 83.2107 res=false
*==== INFO ====* req_id_count= 3000 stream_id=11996 latency=0.892036 ms (tx_ts=157045635961515, rx_ts=157045636853551) request_id=160099 zil_blk_id=11996 ccf_commit_seqno=160099 nstreams_done_=3000 config.nstreams=20000 avg_latency=0.9286 ms avg throuhgput (requests/sec) = 83.2234 res=false
*==== INFO ====* req_id_count= 3500 stream_id=13996 latency=0.981456 ms (tx_ts=157051643365178, rx_ts=157051644346634) request_id=186935 zil_blk_id=13996 ccf_commit_seqno=186937 nstreams_done_=3500 config.nstreams=20000 avg_latency=0.9299 ms avg throuhgput (requests/sec) = 83.2243 res=false
*==== INFO ====* req_id_count= 4000 stream_id=15996 latency=0.719466 ms (tx_ts=157057631957391, rx_ts=157057632676857) request_id=213662 zil_blk_id=15996 ccf_commit_seqno=213662 nstreams_done_=4000 config.nstreams=20000 avg_latency=0.9322 ms avg throuhgput (requests/sec) = 83.2581 res=false
*==== INFO ====* req_id_count= 4500 stream_id=17996 latency=1.144260 ms (tx_ts=157063623746753, rx_ts=157063624891013) request_id=240428 zil_blk_id=17996 ccf_commit_seqno=240432 nstreams_done_=4500 config.nstreams=20000 avg_latency=0.9326 ms avg throuhgput (requests/sec) = 83.2785 res=false
*==== INFO ====* req_id_count= 5000 stream_id=19996 latency=0.994950 ms (tx_ts=157069561949184, rx_ts=157069562944134) request_id=267001 zil_blk_id=19996 ccf_commit_seqno=267002 nstreams_done_=5000 config.nstreams=20000 avg_latency=0.9316 ms avg throuhgput (requests/sec) = 83.3700 res=false
*==== INFO ====* req_id_count= 5500 stream_id=21996 latency=0.705319 ms (tx_ts=157075537081590, rx_ts=157075537786909) request_id=293702 zil_blk_id=21996 ccf_commit_seqno=293702 nstreams_done_=5500 config.nstreams=20000 avg_latency=0.9325 ms avg throuhgput (requests/sec) = 83.3984 res=false
*==== INFO ====* req_id_count= 6000 stream_id=23996 latency=0.744202 ms (tx_ts=157081457807792, rx_ts=157081458551994) request_id=320221 zil_blk_id=23996 ccf_commit_seqno=320221 nstreams_done_=6000 config.nstreams=20000 avg_latency=0.9307 ms avg throuhgput (requests/sec) = 83.4850 res=false
*==== INFO ====* req_id_count= 6500 stream_id=25996 latency=0.737460 ms (tx_ts=157087397644783, rx_ts=157087398382243) request_id=346845 zil_blk_id=25996 ccf_commit_seqno=346845 nstreams_done_=6500 config.nstreams=20000 avg_latency=0.9289 ms avg throuhgput (requests/sec) = 83.5378 res=false
*==== INFO ====* req_id_count= 7000 stream_id=27996 latency=0.864757 ms (tx_ts=157093320884533, rx_ts=157093321749290) request_id=373370 zil_blk_id=27996 ccf_commit_seqno=373372 nstreams_done_=7000 config.nstreams=20000 avg_latency=0.9263 ms avg throuhgput (requests/sec) = 83.5996 res=false
*==== INFO ====* req_id_count= 7500 stream_id=29996 latency=0.938635 ms (tx_ts=157099263825542, rx_ts=157099264764177) request_id=399992 zil_blk_id=29996 ccf_commit_seqno=399993 nstreams_done_=7500 config.nstreams=20000 avg_latency=0.9251 ms avg throuhgput (requests/sec) = 83.6349 res=false
*==== INFO ====* req_id_count= 8000 stream_id=31996 latency=0.877720 ms (tx_ts=157105217780370, rx_ts=157105218658090) request_id=426546 zil_blk_id=31996 ccf_commit_seqno=426546 nstreams_done_=8000 config.nstreams=20000 avg_latency=0.9274 ms avg throuhgput (requests/sec) = 83.6563 res=false
*==== INFO ====* req_id_count= 8500 stream_id=33996 latency=1.047679 ms (tx_ts=157111189010997, rx_ts=157111190058676) request_id=453256 zil_blk_id=33996 ccf_commit_seqno=453256 nstreams_done_=8500 config.nstreams=20000 avg_latency=0.9272 ms avg throuhgput (requests/sec) = 83.6608 res=false
*==== INFO ====* req_id_count= 9000 stream_id=35996 latency=0.731908 ms (tx_ts=157117155570884, rx_ts=157117156302792) request_id=480004 zil_blk_id=35996 ccf_commit_seqno=480004 nstreams_done_=9000 config.nstreams=20000 avg_latency=0.9284 ms avg throuhgput (requests/sec) = 83.6688 res=false
*==== INFO ====* req_id_count= 9500 stream_id=37996 latency=1.107865 ms (tx_ts=157123116658643, rx_ts=157123117766508) request_id=506515 zil_blk_id=37996 ccf_commit_seqno=506516 nstreams_done_=9500 config.nstreams=20000 avg_latency=0.9313 ms avg throuhgput (requests/sec) = 83.6795 res=false
*==== INFO ====* req_id_count= 10000 stream_id=39996 latency=1.045655 ms (tx_ts=157129073381857, rx_ts=157129074427512) request_id=533210 zil_blk_id=39996 ccf_commit_seqno=533211 nstreams_done_=10000 config.nstreams=20000 avg_latency=0.9317 ms avg throuhgput (requests/sec) = 83.6924 res=false
*==== INFO ====* req_id_count= 10500 stream_id=41996 latency=1.113072 ms (tx_ts=157135023771492, rx_ts=157135024884564) request_id=559930 zil_blk_id=41996 ccf_commit_seqno=559931 nstreams_done_=10500 config.nstreams=20000 avg_latency=0.9315 ms avg throuhgput (requests/sec) = 83.7083 res=false
*==== INFO ====* req_id_count= 11000 stream_id=43996 latency=0.943154 ms (tx_ts=157141013336071, rx_ts=157141014279225) request_id=586821 zil_blk_id=43996 ccf_commit_seqno=586824 nstreams_done_=11000 config.nstreams=20000 avg_latency=0.9321 ms avg throuhgput (requests/sec) = 83.6979 res=false
*==== INFO ====* req_id_count= 11500 stream_id=45996 latency=0.855339 ms (tx_ts=157146973392385, rx_ts=157146974247724) request_id=613490 zil_blk_id=45996 ccf_commit_seqno=613490 nstreams_done_=11500 config.nstreams=20000 avg_latency=0.9325 ms avg throuhgput (requests/sec) = 83.7064 res=false
*==== INFO ====* req_id_count= 12000 stream_id=47996 latency=0.697946 ms (tx_ts=157152921510630, rx_ts=157152922208576) request_id=640182 zil_blk_id=47996 ccf_commit_seqno=640182 nstreams_done_=12000 config.nstreams=20000 avg_latency=0.9304 ms avg throuhgput (requests/sec) = 83.7212 res=false
*==== INFO ====* req_id_count= 12500 stream_id=49996 latency=0.793324 ms (tx_ts=157158899851237, rx_ts=157158900644561) request_id=666990 zil_blk_id=49996 ccf_commit_seqno=666990 nstreams_done_=12500 config.nstreams=20000 avg_latency=0.9298 ms avg throuhgput (requests/sec) = 83.7177 res=false
*==== INFO ====* req_id_count= 13000 stream_id=51996 latency=0.824081 ms (tx_ts=157164830425755, rx_ts=157164831249836) request_id=693603 zil_blk_id=51996 ccf_commit_seqno=693603 nstreams_done_=13000 config.nstreams=20000 avg_latency=0.9284 ms avg throuhgput (requests/sec) = 83.7403 res=false
*==== INFO ====* req_id_count= 13500 stream_id=53996 latency=0.688017 ms (tx_ts=157170803881036, rx_ts=157170804569053) request_id=720361 zil_blk_id=53996 ccf_commit_seqno=720361 nstreams_done_=13500 config.nstreams=20000 avg_latency=0.9283 ms avg throuhgput (requests/sec) = 83.7390 res=false
*==== INFO ====* req_id_count= 14000 stream_id=55996 latency=2.941965 ms (tx_ts=157176816876504, rx_ts=157176819818469) request_id=747243 zil_blk_id=55996 ccf_commit_seqno=747243 nstreams_done_=14000 config.nstreams=20000 avg_latency=0.9303 ms avg throuhgput (requests/sec) = 83.7168 res=false
*==== INFO ====* req_id_count= 14500 stream_id=57996 latency=0.901076 ms (tx_ts=157182793381309, rx_ts=157182794282385) request_id=773999 zil_blk_id=57996 ccf_commit_seqno=774000 nstreams_done_=14500 config.nstreams=20000 avg_latency=0.9308 ms avg throuhgput (requests/sec) = 83.7158 res=false
*==== INFO ====* req_id_count= 15000 stream_id=59996 latency=0.994229 ms (tx_ts=157188736797703, rx_ts=157188737791932) request_id=800707 zil_blk_id=59996 ccf_commit_seqno=800708 nstreams_done_=15000 config.nstreams=20000 avg_latency=0.9299 ms avg throuhgput (requests/sec) = 83.7294 res=false
*==== INFO ====* req_id_count= 15500 stream_id=61996 latency=1.009027 ms (tx_ts=157194679167050, rx_ts=157194680176077) request_id=827339 zil_blk_id=61996 ccf_commit_seqno=827341 nstreams_done_=15500 config.nstreams=20000 avg_latency=0.9300 ms avg throuhgput (requests/sec) = 83.7427 res=false
*==== INFO ====* req_id_count= 16000 stream_id=63996 latency=0.900364 ms (tx_ts=157200647554225, rx_ts=157200648454589) request_id=854087 zil_blk_id=63996 ccf_commit_seqno=854088 nstreams_done_=16000 config.nstreams=20000 avg_latency=0.9304 ms avg throuhgput (requests/sec) = 83.7437 res=false
*==== INFO ====* req_id_count= 16500 stream_id=65996 latency=0.725937 ms (tx_ts=157206588668439, rx_ts=157206589394376) request_id=880785 zil_blk_id=65996 ccf_commit_seqno=880785 nstreams_done_=16500 config.nstreams=20000 avg_latency=0.9298 ms avg throuhgput (requests/sec) = 83.7563 res=false
*==== INFO ====* req_id_count= 17000 stream_id=67996 latency=0.961828 ms (tx_ts=157212524228912, rx_ts=157212525190740) request_id=907470 zil_blk_id=67996 ccf_commit_seqno=907471 nstreams_done_=17000 config.nstreams=20000 avg_latency=0.9300 ms avg throuhgput (requests/sec) = 83.7703 res=false
*==== INFO ====* req_id_count= 17500 stream_id=69996 latency=1.012043 ms (tx_ts=157218461741992, rx_ts=157218462754035) request_id=934113 zil_blk_id=69996 ccf_commit_seqno=934115 nstreams_done_=17500 config.nstreams=20000 avg_latency=0.9307 ms avg throuhgput (requests/sec) = 83.7828 res=false
*==== INFO ====* req_id_count= 18000 stream_id=71996 latency=1.124693 ms (tx_ts=157224393218970, rx_ts=157224394343663) request_id=960694 zil_blk_id=71996 ccf_commit_seqno=960698 nstreams_done_=18000 config.nstreams=20000 avg_latency=0.9315 ms avg throuhgput (requests/sec) = 83.7969 res=false
*==== INFO ====* req_id_count= 18500 stream_id=73996 latency=1.016070 ms (tx_ts=157230305334083, rx_ts=157230306350153) request_id=987290 zil_blk_id=73996 ccf_commit_seqno=987292 nstreams_done_=18500 config.nstreams=20000 avg_latency=0.9300 ms avg throuhgput (requests/sec) = 83.8177 res=false
*==== INFO ====* req_id_count= 19000 stream_id=75996 latency=0.951099 ms (tx_ts=157236224617384, rx_ts=157236225568483) request_id=1013428 zil_blk_id=75996 ccf_commit_seqno=1013429 nstreams_done_=19000 config.nstreams=20000 avg_latency=0.9296 ms avg throuhgput (requests/sec) = 83.8348 res=false
*==== INFO ====* req_id_count= 19500 stream_id=77996 latency=1.754734 ms (tx_ts=157242164689071, rx_ts=157242166443805) request_id=1032984 zil_blk_id=77996 ccf_commit_seqno=1032984 nstreams_done_=19500 config.nstreams=20000 avg_latency=0.9293 ms avg throuhgput (requests/sec) = 83.8432 res=false
*==== INFO ====* http_end_stream ALL streams done! nstreams_done_=20000 avg_latency=0.9255 msreq_id_count= 20000
*==== INFO ====* req_id_count= 20000 stream_id=79996 latency=0.762357 ms (tx_ts=157248204788503, rx_ts=157248205550860) request_id=1039573 zil_blk_id=79996 ccf_commit_seqno=1039573 nstreams_done_=20000 config.nstreams=20000 avg_latency=0.9255 ms avg throuhgput (requests/sec) = 83.8166 res=true
