Uniform: 335322 884110 247057 404284 933048 
Exponential: -2147483648 -2147483648 -2147483648 -2147483648 -2147483648 
Truncated Normal: 212131 324578 434551 546361 283667 
*==== INFO ====* req_id_count= 500 stream_id=1996 latency=0.899392 ms (tx_ts=157015572163045, rx_ts=157015573062437) request_id=26134 zil_blk_id=1996 ccf_commit_seqno=26134 nstreams_done_=500 config.nstreams=20000 avg_latency=0.9375 ms avg throuhgput (requests/sec) = 83.5438 res=false
*==== INFO ====* req_id_count= 1000 stream_id=3996 latency=0.896677 ms (tx_ts=157021527606164, rx_ts=157021528502841) request_id=52592 zil_blk_id=3996 ccf_commit_seqno=52594 nstreams_done_=1000 config.nstreams=20000 avg_latency=0.9290 ms avg throuhgput (requests/sec) = 83.7498 res=false
*==== INFO ====* req_id_count= 1500 stream_id=5996 latency=0.887197 ms (tx_ts=157027388249320, rx_ts=157027389136517) request_id=78691 zil_blk_id=5996 ccf_commit_seqno=78691 nstreams_done_=1500 config.nstreams=20000 avg_latency=0.9318 ms avg throuhgput (requests/sec) = 84.2651 res=false
*==== INFO ====* req_id_count= 2000 stream_id=7996 latency=0.775252 ms (tx_ts=157033227040481, rx_ts=157033227815733) request_id=104665 zil_blk_id=7996 ccf_commit_seqno=104665 nstreams_done_=2000 config.nstreams=20000 avg_latency=0.9333 ms avg throuhgput (requests/sec) = 84.6037 res=false
*==== INFO ====* req_id_count= 2500 stream_id=9996 latency=0.895445 ms (tx_ts=157039060193947, rx_ts=157039061089392) request_id=130724 zil_blk_id=9996 ccf_commit_seqno=130724 nstreams_done_=2500 config.nstreams=20000 avg_latency=0.9294 ms avg throuhgput (requests/sec) = 84.8237 res=false
*==== INFO ====* req_id_count= 3000 stream_id=11996 latency=0.986960 ms (tx_ts=157044897760788, rx_ts=157044898747748) request_id=156807 zil_blk_id=11996 ccf_commit_seqno=156810 nstreams_done_=3000 config.nstreams=20000 avg_latency=0.9262 ms avg throuhgput (requests/sec) = 84.9604 res=false
*==== INFO ====* req_id_count= 3500 stream_id=13996 latency=0.741717 ms (tx_ts=157050763383687, rx_ts=157050764125404) request_id=183006 zil_blk_id=13996 ccf_commit_seqno=183006 nstreams_done_=3500 config.nstreams=20000 avg_latency=0.9300 ms avg throuhgput (requests/sec) = 85.0011 res=false
*==== INFO ====* req_id_count= 4000 stream_id=15996 latency=0.706170 ms (tx_ts=157056647441715, rx_ts=157056648147885) request_id=209271 zil_blk_id=15996 ccf_commit_seqno=209271 nstreams_done_=4000 config.nstreams=20000 avg_latency=0.9311 ms avg throuhgput (requests/sec) = 84.9979 res=false
*==== INFO ====* req_id_count= 4500 stream_id=17996 latency=1.027685 ms (tx_ts=157062508332542, rx_ts=157062509360227) request_id=235469 zil_blk_id=17996 ccf_commit_seqno=235470 nstreams_done_=4500 config.nstreams=20000 avg_latency=0.9305 ms avg throuhgput (requests/sec) = 85.0321 res=false
*==== INFO ====* req_id_count= 5000 stream_id=19996 latency=0.983700 ms (tx_ts=157068364521237, rx_ts=157068365504937) request_id=261655 zil_blk_id=19996 ccf_commit_seqno=261656 nstreams_done_=5000 config.nstreams=20000 avg_latency=0.9332 ms avg throuhgput (requests/sec) = 85.0668 res=false
*==== INFO ====* req_id_count= 5500 stream_id=21996 latency=0.647010 ms (tx_ts=157074207857517, rx_ts=157074208504527) request_id=287749 zil_blk_id=21996 ccf_commit_seqno=287749 nstreams_done_=5500 config.nstreams=20000 avg_latency=0.9342 ms avg throuhgput (requests/sec) = 85.1125 res=false
*==== INFO ====* req_id_count= 6000 stream_id=23996 latency=0.694679 ms (tx_ts=157080026094853, rx_ts=157080026789532) request_id=313802 zil_blk_id=23996 ccf_commit_seqno=313802 nstreams_done_=6000 config.nstreams=20000 avg_latency=0.9303 ms avg throuhgput (requests/sec) = 85.1806 res=false
*==== INFO ====* req_id_count= 6500 stream_id=25996 latency=0.935069 ms (tx_ts=157085845346033, rx_ts=157085846281102) request_id=339878 zil_blk_id=25996 ccf_commit_seqno=339879 nstreams_done_=6500 config.nstreams=20000 avg_latency=0.9269 ms avg throuhgput (requests/sec) = 85.2368 res=false
*==== INFO ====* req_id_count= 7000 stream_id=27996 latency=0.978140 ms (tx_ts=157091688959013, rx_ts=157091689937153) request_id=366055 zil_blk_id=27996 ccf_commit_seqno=366055 nstreams_done_=7000 config.nstreams=20000 avg_latency=0.9292 ms avg throuhgput (requests/sec) = 85.2601 res=false
*==== INFO ====* req_id_count= 7500 stream_id=29996 latency=0.793144 ms (tx_ts=157097503393643, rx_ts=157097504186787) request_id=392093 zil_blk_id=29996 ccf_commit_seqno=392093 nstreams_done_=7500 config.nstreams=20000 avg_latency=0.9265 ms avg throuhgput (requests/sec) = 85.3087 res=false
*==== INFO ====* req_id_count= 8000 stream_id=31996 latency=0.812532 ms (tx_ts=157103346699530, rx_ts=157103347512062) request_id=418196 zil_blk_id=31996 ccf_commit_seqno=418197 nstreams_done_=8000 config.nstreams=20000 avg_latency=0.9268 ms avg throuhgput (requests/sec) = 85.3248 res=false
*==== INFO ====* req_id_count= 8500 stream_id=33996 latency=0.754239 ms (tx_ts=157109185808215, rx_ts=157109186562454) request_id=444309 zil_blk_id=33996 ccf_commit_seqno=444309 nstreams_done_=8500 config.nstreams=20000 avg_latency=0.9267 ms avg throuhgput (requests/sec) = 85.3428 res=false
*==== INFO ====* req_id_count= 9000 stream_id=35996 latency=1.015048 ms (tx_ts=157115001379830, rx_ts=157115002394878) request_id=470336 zil_blk_id=35996 ccf_commit_seqno=470338 nstreams_done_=9000 config.nstreams=20000 avg_latency=0.9247 ms avg throuhgput (requests/sec) = 85.3775 res=false
*==== INFO ====* req_id_count= 9500 stream_id=37996 latency=0.843888 ms (tx_ts=157120870771820, rx_ts=157120871615708) request_id=496471 zil_blk_id=37996 ccf_commit_seqno=496471 nstreams_done_=9500 config.nstreams=20000 avg_latency=0.9271 ms avg throuhgput (requests/sec) = 85.3676 res=false
*==== INFO ====* req_id_count= 10000 stream_id=39996 latency=0.735436 ms (tx_ts=157126692860255, rx_ts=157126693595691) request_id=522564 zil_blk_id=39996 ccf_commit_seqno=522564 nstreams_done_=10000 config.nstreams=20000 avg_latency=0.9264 ms avg throuhgput (requests/sec) = 85.3931 res=false
*==== INFO ====* req_id_count= 10500 stream_id=41996 latency=0.828289 ms (tx_ts=157132517771034, rx_ts=157132518599323) request_id=548670 zil_blk_id=41996 ccf_commit_seqno=548671 nstreams_done_=10500 config.nstreams=20000 avg_latency=0.9249 ms avg throuhgput (requests/sec) = 85.4142 res=false
*==== INFO ====* req_id_count= 11000 stream_id=43996 latency=0.737950 ms (tx_ts=157138340500696, rx_ts=157138341238646) request_id=574819 zil_blk_id=43996 ccf_commit_seqno=574819 nstreams_done_=11000 config.nstreams=20000 avg_latency=0.9244 ms avg throuhgput (requests/sec) = 85.4349 res=false
*==== INFO ====* req_id_count= 11500 stream_id=45996 latency=0.961699 ms (tx_ts=157144178685149, rx_ts=157144179646848) request_id=600961 zil_blk_id=45996 ccf_commit_seqno=600963 nstreams_done_=11500 config.nstreams=20000 avg_latency=0.9247 ms avg throuhgput (requests/sec) = 85.4438 res=false
*==== INFO ====* req_id_count= 12000 stream_id=47996 latency=0.831685 ms (tx_ts=157150017461225, rx_ts=157150018292910) request_id=627150 zil_blk_id=47996 ccf_commit_seqno=627150 nstreams_done_=12000 config.nstreams=20000 avg_latency=0.9250 ms avg throuhgput (requests/sec) = 85.4518 res=false
*==== INFO ====* req_id_count= 12500 stream_id=49996 latency=0.717652 ms (tx_ts=157155846312113, rx_ts=157155847029765) request_id=653301 zil_blk_id=49996 ccf_commit_seqno=653301 nstreams_done_=12500 config.nstreams=20000 avg_latency=0.9245 ms avg throuhgput (requests/sec) = 85.4649 res=false
*==== INFO ====* req_id_count= 13000 stream_id=51996 latency=0.795878 ms (tx_ts=157161641671306, rx_ts=157161642467184) request_id=679299 zil_blk_id=51996 ccf_commit_seqno=679299 nstreams_done_=13000 config.nstreams=20000 avg_latency=0.9224 ms avg throuhgput (requests/sec) = 85.4958 res=false
*==== INFO ====* req_id_count= 13500 stream_id=53996 latency=1.112460 ms (tx_ts=157167462600531, rx_ts=157167463712991) request_id=705384 zil_blk_id=53996 ccf_commit_seqno=705384 nstreams_done_=13500 config.nstreams=20000 avg_latency=0.9217 ms avg throuhgput (requests/sec) = 85.5104 res=false
*==== INFO ====* req_id_count= 14000 stream_id=55996 latency=0.824291 ms (tx_ts=157173306362096, rx_ts=157173307186387) request_id=731596 zil_blk_id=55996 ccf_commit_seqno=731597 nstreams_done_=14000 config.nstreams=20000 avg_latency=0.9221 ms avg throuhgput (requests/sec) = 85.5124 res=false
*==== INFO ====* req_id_count= 14500 stream_id=57996 latency=0.975288 ms (tx_ts=157179177630793, rx_ts=157179178606081) request_id=757816 zil_blk_id=57996 ccf_commit_seqno=757817 nstreams_done_=14500 config.nstreams=20000 avg_latency=0.9235 ms avg throuhgput (requests/sec) = 85.5001 res=false
*==== INFO ====* req_id_count= 15000 stream_id=59996 latency=0.909772 ms (tx_ts=157185026844939, rx_ts=157185027754711) request_id=784049 zil_blk_id=59996 ccf_commit_seqno=784049 nstreams_done_=15000 config.nstreams=20000 avg_latency=0.9236 ms avg throuhgput (requests/sec) = 85.4995 res=false
*==== INFO ====* req_id_count= 15500 stream_id=61996 latency=0.749091 ms (tx_ts=157190853084979, rx_ts=157190853834070) request_id=810219 zil_blk_id=61996 ccf_commit_seqno=810219 nstreams_done_=15500 config.nstreams=20000 avg_latency=0.9235 ms avg throuhgput (requests/sec) = 85.5099 res=false
*==== INFO ====* req_id_count= 16000 stream_id=63996 latency=1.110589 ms (tx_ts=157196671110403, rx_ts=157196672220992) request_id=836256 zil_blk_id=63996 ccf_commit_seqno=836263 nstreams_done_=16000 config.nstreams=20000 avg_latency=0.9230 ms avg throuhgput (requests/sec) = 85.5231 res=false
*==== INFO ====* req_id_count= 16500 stream_id=65996 latency=0.828342 ms (tx_ts=157202495992486, rx_ts=157202496820828) request_id=862399 zil_blk_id=65996 ccf_commit_seqno=862399 nstreams_done_=16500 config.nstreams=20000 avg_latency=0.9225 ms avg throuhgput (requests/sec) = 85.5327 res=false
*==== INFO ====* req_id_count= 17000 stream_id=67996 latency=0.650747 ms (tx_ts=157208319340948, rx_ts=157208319991695) request_id=888577 zil_blk_id=67996 ccf_commit_seqno=888577 nstreams_done_=17000 config.nstreams=20000 avg_latency=0.9215 ms avg throuhgput (requests/sec) = 85.5424 res=false
*==== INFO ====* req_id_count= 17500 stream_id=69996 latency=0.777945 ms (tx_ts=157214155676658, rx_ts=157214156454603) request_id=914770 zil_blk_id=69996 ccf_commit_seqno=914770 nstreams_done_=17500 config.nstreams=20000 avg_latency=0.9218 ms avg throuhgput (requests/sec) = 85.5460 res=false
*==== INFO ====* req_id_count= 18000 stream_id=71996 latency=1.157214 ms (tx_ts=157219972826030, rx_ts=157219973983244) request_id=940870 zil_blk_id=71996 ccf_commit_seqno=940873 nstreams_done_=18000 config.nstreams=20000 avg_latency=0.9212 ms avg throuhgput (requests/sec) = 85.5571 res=false
*==== INFO ====* req_id_count= 18500 stream_id=73996 latency=0.878582 ms (tx_ts=157225810422585, rx_ts=157225811301167) request_id=967068 zil_blk_id=73996 ccf_commit_seqno=967068 nstreams_done_=18500 config.nstreams=20000 avg_latency=0.9212 ms avg throuhgput (requests/sec) = 85.5598 res=false
*==== INFO ====* req_id_count= 19000 stream_id=75996 latency=0.834971 ms (tx_ts=157231614431632, rx_ts=157231615266603) request_id=993176 zil_blk_id=75996 ccf_commit_seqno=993176 nstreams_done_=19000 config.nstreams=20000 avg_latency=0.9204 ms avg throuhgput (requests/sec) = 85.5751 res=false
*==== INFO ====* req_id_count= 19500 stream_id=77996 latency=0.801350 ms (tx_ts=157237462415356, rx_ts=157237463216706) request_id=1018472 zil_blk_id=77996 ccf_commit_seqno=1018472 nstreams_done_=19500 config.nstreams=20000 avg_latency=0.9211 ms avg throuhgput (requests/sec) = 85.5732 res=false
*==== INFO ====* http_end_stream ALL streams done! nstreams_done_=20000 avg_latency=0.9201 msreq_id_count= 20000
*==== INFO ====* req_id_count= 20000 stream_id=79996 latency=0.813331 ms (tx_ts=157243322800620, rx_ts=157243323613951) request_id=1035063 zil_blk_id=79996 ccf_commit_seqno=1035063 nstreams_done_=20000 config.nstreams=20000 avg_latency=0.9201 ms avg throuhgput (requests/sec) = 85.5668 res=true
