Uniform: 171758 134961 263769 991878 606047 
Exponential: -2147483648 -2147483648 -2147483648 -2147483648 -2147483648 
Truncated Normal: 357159 609569 405059 226677 292900 
*==== INFO ====* req_id_count= 500 stream_id=1996 latency=0.561249 ms (tx_ts=157015180307891, rx_ts=157015180869140) request_id=24424 zil_blk_id=583 ccf_commit_seqno=24424 nstreams_done_=500 config.nstreams=20000 avg_latency=0.6770 ms avg throuhgput (requests/sec) = 89.2051 res=false
*==== INFO ====* req_id_count= 1000 stream_id=3996 latency=0.596385 ms (tx_ts=157020872376185, rx_ts=157020872972570) request_id=49701 zil_blk_id=5897 ccf_commit_seqno=49701 nstreams_done_=1000 config.nstreams=20000 avg_latency=0.6761 ms avg throuhgput (requests/sec) = 88.5178 res=false
*==== INFO ====* req_id_count= 1500 stream_id=5996 latency=0.695712 ms (tx_ts=157026550502198, rx_ts=157026551197910) request_id=75011 zil_blk_id=11201 ccf_commit_seqno=75013 nstreams_done_=1500 config.nstreams=20000 avg_latency=0.6738 ms avg throuhgput (requests/sec) = 88.3632 res=false
*==== INFO ====* req_id_count= 2000 stream_id=7996 latency=0.543859 ms (tx_ts=157032256800690, rx_ts=157032257344549) request_id=100355 zil_blk_id=16535 ccf_commit_seqno=100356 nstreams_done_=2000 config.nstreams=20000 avg_latency=0.6862 ms avg throuhgput (requests/sec) = 88.1774 res=false
*==== INFO ====* req_id_count= 2500 stream_id=9996 latency=0.607743 ms (tx_ts=157037913563485, rx_ts=157037914171228) request_id=125620 zil_blk_id=21818 ccf_commit_seqno=125621 nstreams_done_=2500 config.nstreams=20000 avg_latency=0.6816 ms avg throuhgput (requests/sec) = 88.2196 res=false
*==== INFO ====* req_id_count= 3000 stream_id=11996 latency=0.824152 ms (tx_ts=157043451367810, rx_ts=157043452191962) request_id=150363 zil_blk_id=26993 ccf_commit_seqno=150364 nstreams_done_=3000 config.nstreams=20000 avg_latency=0.6811 ms avg throuhgput (requests/sec) = 88.5573 res=false
*==== INFO ====* req_id_count= 3500 stream_id=13996 latency=0.712673 ms (tx_ts=157049147192672, rx_ts=157049147905345) request_id=175806 zil_blk_id=32305 ccf_commit_seqno=175806 nstreams_done_=3500 config.nstreams=20000 avg_latency=0.6803 ms avg throuhgput (requests/sec) = 88.4462 res=false
*==== INFO ====* req_id_count= 4000 stream_id=15996 latency=0.729253 ms (tx_ts=157054832452503, rx_ts=157054833181756) request_id=201181 zil_blk_id=37618 ccf_commit_seqno=201183 nstreams_done_=4000 config.nstreams=20000 avg_latency=0.6827 ms avg throuhgput (requests/sec) = 88.3834 res=false
*==== INFO ====* req_id_count= 4500 stream_id=17996 latency=0.926613 ms (tx_ts=157060517894042, rx_ts=157060518820655) request_id=226581 zil_blk_id=42944 ccf_commit_seqno=226583 nstreams_done_=4500 config.nstreams=20000 avg_latency=0.6851 ms avg throuhgput (requests/sec) = 88.3340 res=false
*==== INFO ====* req_id_count= 5000 stream_id=19996 latency=0.482030 ms (tx_ts=157066221245396, rx_ts=157066221727426) request_id=252068 zil_blk_id=48295 ccf_commit_seqno=252068 nstreams_done_=5000 config.nstreams=20000 avg_latency=0.6864 ms avg throuhgput (requests/sec) = 88.2676 res=false
*==== INFO ====* req_id_count= 5500 stream_id=21996 latency=0.731184 ms (tx_ts=157071905221553, rx_ts=157071905952737) request_id=277488 zil_blk_id=53623 ccf_commit_seqno=277488 nstreams_done_=5500 config.nstreams=20000 avg_latency=0.6854 ms avg throuhgput (requests/sec) = 88.2398 res=false
*==== INFO ====* req_id_count= 6000 stream_id=23996 latency=0.913228 ms (tx_ts=157077569491751, rx_ts=157077570404979) request_id=302800 zil_blk_id=58936 ccf_commit_seqno=302801 nstreams_done_=6000 config.nstreams=20000 avg_latency=0.6853 ms avg throuhgput (requests/sec) = 88.2423 res=false
*==== INFO ====* req_id_count= 6500 stream_id=25996 latency=0.541222 ms (tx_ts=157083217749755, rx_ts=157083218290977) request_id=328118 zil_blk_id=64234 ccf_commit_seqno=328119 nstreams_done_=6500 config.nstreams=20000 avg_latency=0.6834 ms avg throuhgput (requests/sec) = 88.2643 res=false
*==== INFO ====* req_id_count= 7000 stream_id=27996 latency=0.882551 ms (tx_ts=157088885361745, rx_ts=157088886244296) request_id=353516 zil_blk_id=69550 ccf_commit_seqno=353517 nstreams_done_=7000 config.nstreams=20000 avg_latency=0.6828 ms avg throuhgput (requests/sec) = 88.2608 res=false
*==== INFO ====* req_id_count= 7500 stream_id=29996 latency=0.478455 ms (tx_ts=157094564340687, rx_ts=157094564819142) request_id=378944 zil_blk_id=74878 ccf_commit_seqno=378944 nstreams_done_=7500 config.nstreams=20000 avg_latency=0.6817 ms avg throuhgput (requests/sec) = 88.2467 res=false
*==== INFO ====* req_id_count= 8000 stream_id=31996 latency=0.764249 ms (tx_ts=157100227513885, rx_ts=157100228278134) request_id=404284 zil_blk_id=80188 ccf_commit_seqno=404285 nstreams_done_=8000 config.nstreams=20000 avg_latency=0.6816 ms avg throuhgput (requests/sec) = 88.2491 res=false
*==== INFO ====* req_id_count= 8500 stream_id=33996 latency=0.854807 ms (tx_ts=157105920757484, rx_ts=157105921612291) request_id=429689 zil_blk_id=85533 ccf_commit_seqno=429690 nstreams_done_=8500 config.nstreams=20000 avg_latency=0.6834 ms avg throuhgput (requests/sec) = 88.2239 res=false
*==== INFO ====* req_id_count= 9000 stream_id=35996 latency=0.837817 ms (tx_ts=157111604371650, rx_ts=157111605209467) request_id=455124 zil_blk_id=90866 ccf_commit_seqno=455127 nstreams_done_=9000 config.nstreams=20000 avg_latency=0.6849 ms avg throuhgput (requests/sec) = 88.2099 res=false
*==== INFO ====* req_id_count= 9500 stream_id=37996 latency=0.551431 ms (tx_ts=157117264130967, rx_ts=157117264682398) request_id=480489 zil_blk_id=96175 ccf_commit_seqno=480489 nstreams_done_=9500 config.nstreams=20000 avg_latency=0.6841 ms avg throuhgput (requests/sec) = 88.2171 res=false
*==== INFO ====* req_id_count= 10000 stream_id=39996 latency=0.808592 ms (tx_ts=157122954543444, rx_ts=157122955352036) request_id=505784 zil_blk_id=101513 ccf_commit_seqno=505786 nstreams_done_=10000 config.nstreams=20000 avg_latency=0.6872 ms avg throuhgput (requests/sec) = 88.1993 res=false
*==== INFO ====* req_id_count= 10500 stream_id=41996 latency=0.657920 ms (tx_ts=157128631991364, rx_ts=157128632649284) request_id=531226 zil_blk_id=106840 ccf_commit_seqno=531226 nstreams_done_=10500 config.nstreams=20000 avg_latency=0.6869 ms avg throuhgput (requests/sec) = 88.1932 res=false
*==== INFO ====* req_id_count= 11000 stream_id=43996 latency=0.800437 ms (tx_ts=157134300063318, rx_ts=157134300863755) request_id=556668 zil_blk_id=112146 ccf_commit_seqno=556669 nstreams_done_=11000 config.nstreams=20000 avg_latency=0.6863 ms avg throuhgput (requests/sec) = 88.1940 res=false
*==== INFO ====* req_id_count= 11500 stream_id=45996 latency=0.637472 ms (tx_ts=157139948341780, rx_ts=157139948979252) request_id=582049 zil_blk_id=117424 ccf_commit_seqno=582050 nstreams_done_=11500 config.nstreams=20000 avg_latency=0.6851 ms avg throuhgput (requests/sec) = 88.2083 res=false
*==== INFO ====* req_id_count= 12000 stream_id=47996 latency=0.599481 ms (tx_ts=157145632032601, rx_ts=157145632632082) request_id=607473 zil_blk_id=122741 ccf_commit_seqno=607473 nstreams_done_=12000 config.nstreams=20000 avg_latency=0.6853 ms avg throuhgput (requests/sec) = 88.1984 res=false
*==== INFO ====* req_id_count= 12500 stream_id=49996 latency=0.690852 ms (tx_ts=157151302736692, rx_ts=157151303427544) request_id=632926 zil_blk_id=128061 ccf_commit_seqno=632926 nstreams_done_=12500 config.nstreams=20000 avg_latency=0.6840 ms avg throuhgput (requests/sec) = 88.1973 res=false
*==== INFO ====* req_id_count= 13000 stream_id=51996 latency=1.099467 ms (tx_ts=157156978898736, rx_ts=157156979998203) request_id=658371 zil_blk_id=133383 ccf_commit_seqno=658373 nstreams_done_=13000 config.nstreams=20000 avg_latency=0.6831 ms avg throuhgput (requests/sec) = 88.1929 res=false
*==== INFO ====* req_id_count= 13500 stream_id=53996 latency=0.711196 ms (tx_ts=157162636754196, rx_ts=157162637465392) request_id=683765 zil_blk_id=138687 ccf_commit_seqno=683766 nstreams_done_=13500 config.nstreams=20000 avg_latency=0.6822 ms avg throuhgput (requests/sec) = 88.1998 res=false
*==== INFO ====* req_id_count= 14000 stream_id=55996 latency=0.468396 ms (tx_ts=157168251802915, rx_ts=157168252271311) request_id=708919 zil_blk_id=143956 ccf_commit_seqno=708919 nstreams_done_=14000 config.nstreams=20000 avg_latency=0.6823 ms avg throuhgput (requests/sec) = 88.2298 res=false
*==== INFO ====* req_id_count= 14500 stream_id=57996 latency=0.566900 ms (tx_ts=157173774661307, rx_ts=157173775228207) request_id=733682 zil_blk_id=149137 ccf_commit_seqno=733682 nstreams_done_=14500 config.nstreams=20000 avg_latency=0.6820 ms avg throuhgput (requests/sec) = 88.3073 res=false
*==== INFO ====* req_id_count= 15000 stream_id=59996 latency=0.541008 ms (tx_ts=157179412107291, rx_ts=157179412648299) request_id=758864 zil_blk_id=154424 ccf_commit_seqno=758864 nstreams_done_=15000 config.nstreams=20000 avg_latency=0.6833 ms avg throuhgput (requests/sec) = 88.3201 res=false
*==== INFO ====* req_id_count= 15500 stream_id=61996 latency=0.702995 ms (tx_ts=157185082503221, rx_ts=157185083206216) request_id=784299 zil_blk_id=159739 ccf_commit_seqno=784301 nstreams_done_=15500 config.nstreams=20000 avg_latency=0.6834 ms avg throuhgput (requests/sec) = 88.3154 res=false
*==== INFO ====* req_id_count= 16000 stream_id=63996 latency=0.625059 ms (tx_ts=157190754852819, rx_ts=157190755477878) request_id=809784 zil_blk_id=165060 ccf_commit_seqno=809784 nstreams_done_=16000 config.nstreams=20000 avg_latency=0.6835 ms avg throuhgput (requests/sec) = 88.3101 res=false
*==== INFO ====* req_id_count= 16500 stream_id=65996 latency=0.558073 ms (tx_ts=157196433992275, rx_ts=157196434550348) request_id=835191 zil_blk_id=170385 ccf_commit_seqno=835192 nstreams_done_=16500 config.nstreams=20000 avg_latency=0.6841 ms avg throuhgput (requests/sec) = 88.3020 res=false
*==== INFO ====* req_id_count= 17000 stream_id=67996 latency=0.621893 ms (tx_ts=157202105010776, rx_ts=157202105632669) request_id=860641 zil_blk_id=175706 ccf_commit_seqno=860641 nstreams_done_=17000 config.nstreams=20000 avg_latency=0.6839 ms avg throuhgput (requests/sec) = 88.2980 res=false
*==== INFO ====* req_id_count= 17500 stream_id=69996 latency=0.603758 ms (tx_ts=157207772726414, rx_ts=157207773330172) request_id=886110 zil_blk_id=181024 ccf_commit_seqno=886112 nstreams_done_=17500 config.nstreams=20000 avg_latency=0.6832 ms avg throuhgput (requests/sec) = 88.2958 res=false
*==== INFO ====* req_id_count= 18000 stream_id=71996 latency=0.755363 ms (tx_ts=157213442067088, rx_ts=157213442822451) request_id=911547 zil_blk_id=186341 ccf_commit_seqno=911549 nstreams_done_=18000 config.nstreams=20000 avg_latency=0.6834 ms avg throuhgput (requests/sec) = 88.2929 res=false
*==== INFO ====* req_id_count= 18500 stream_id=73996 latency=0.679321 ms (tx_ts=157219111759370, rx_ts=157219112438691) request_id=937026 zil_blk_id=191663 ccf_commit_seqno=937029 nstreams_done_=18500 config.nstreams=20000 avg_latency=0.6833 ms avg throuhgput (requests/sec) = 88.2901 res=false
*==== INFO ====* req_id_count= 19000 stream_id=75996 latency=0.473807 ms (tx_ts=157224792291763, rx_ts=157224792765570) request_id=962484 zil_blk_id=196997 ccf_commit_seqno=962484 nstreams_done_=19000 config.nstreams=20000 avg_latency=0.6833 ms avg throuhgput (requests/sec) = 88.2830 res=false
*==== INFO ====* req_id_count= 19500 stream_id=77996 latency=0.681174 ms (tx_ts=157230447218144, rx_ts=157230447899318) request_id=987924 zil_blk_id=202303 ccf_commit_seqno=987924 nstreams_done_=19500 config.nstreams=20000 avg_latency=0.6828 ms avg throuhgput (requests/sec) = 88.2864 res=false
*==== INFO ====* http_end_stream ALL streams done! nstreams_done_=20000 avg_latency=0.6831 msreq_id_count= 20000
*==== INFO ====* req_id_count= 20000 stream_id=79996 latency=0.664673 ms (tx_ts=157236073549597, rx_ts=157236074214270) request_id=1012811 zil_blk_id=207578 ccf_commit_seqno=1012811 nstreams_done_=20000 config.nstreams=20000 avg_latency=0.6831 ms avg throuhgput (requests/sec) = 88.3008 res=true
