Uniform: 746145 824023 741154 178728 74057 
Exponential: -2147483648 -2147483648 -2147483648 -2147483648 -2147483648 
Truncated Normal: 601801 766107 144137 894049 552356 
*==== INFO ====* req_id_count= 500 stream_id=1996 latency=0.790137 ms (tx_ts=157015367575265, rx_ts=157015368365402) request_id=25248 zil_blk_id=1996 ccf_commit_seqno=25248 nstreams_done_=500 config.nstreams=20000 avg_latency=0.7705 ms avg throuhgput (requests/sec) = 86.3701 res=false
*==== INFO ====* req_id_count= 1000 stream_id=3996 latency=0.554895 ms (tx_ts=157021172322481, rx_ts=157021172877376) request_id=51028 zil_blk_id=3996 ccf_commit_seqno=51028 nstreams_done_=1000 config.nstreams=20000 avg_latency=0.7837 ms avg throuhgput (requests/sec) = 86.2548 res=false
*==== INFO ====* req_id_count= 1500 stream_id=5996 latency=0.635189 ms (tx_ts=157026935146264, rx_ts=157026935781453) request_id=76693 zil_blk_id=5996 ccf_commit_seqno=76693 nstreams_done_=1500 config.nstreams=20000 avg_latency=0.7730 ms avg throuhgput (requests/sec) = 86.4232 res=false
*==== INFO ====* req_id_count= 2000 stream_id=7996 latency=0.593521 ms (tx_ts=157032698628408, rx_ts=157032699221929) request_id=102318 zil_blk_id=7996 ccf_commit_seqno=102318 nstreams_done_=2000 config.nstreams=20000 avg_latency=0.7733 ms avg throuhgput (requests/sec) = 86.5056 res=false
*==== INFO ====* req_id_count= 2500 stream_id=9996 latency=5.189302 ms (tx_ts=157038419050022, rx_ts=157038424239324) request_id=127900 zil_blk_id=9996 ccf_commit_seqno=127901 nstreams_done_=2500 config.nstreams=20000 avg_latency=0.7704 ms avg throuhgput (requests/sec) = 86.6704 res=false
*==== INFO ====* req_id_count= 3000 stream_id=11996 latency=0.699021 ms (tx_ts=157044169668225, rx_ts=157044170367246) request_id=153574 zil_blk_id=11996 ccf_commit_seqno=153576 nstreams_done_=3000 config.nstreams=20000 avg_latency=0.7670 ms avg throuhgput (requests/sec) = 86.7276 res=false
*==== INFO ====* req_id_count= 3500 stream_id=13996 latency=0.572631 ms (tx_ts=157049917019726, rx_ts=157049917592357) request_id=179240 zil_blk_id=13996 ccf_commit_seqno=179240 nstreams_done_=3500 config.nstreams=20000 avg_latency=0.7659 ms avg throuhgput (requests/sec) = 86.7662 res=false
*==== INFO ====* req_id_count= 4000 stream_id=15996 latency=0.958783 ms (tx_ts=157055668424371, rx_ts=157055669383154) request_id=204924 zil_blk_id=15996 ccf_commit_seqno=204924 nstreams_done_=4000 config.nstreams=20000 avg_latency=0.7702 ms avg throuhgput (requests/sec) = 86.7866 res=false
*==== INFO ====* req_id_count= 4500 stream_id=17996 latency=0.554977 ms (tx_ts=157061397120785, rx_ts=157061397675762) request_id=230508 zil_blk_id=17996 ccf_commit_seqno=230508 nstreams_done_=4500 config.nstreams=20000 avg_latency=0.7692 ms avg throuhgput (requests/sec) = 86.8418 res=false
*==== INFO ====* req_id_count= 5000 stream_id=19996 latency=0.896527 ms (tx_ts=157067128333556, rx_ts=157067129230083) request_id=256142 zil_blk_id=19996 ccf_commit_seqno=256142 nstreams_done_=5000 config.nstreams=20000 avg_latency=0.7709 ms avg throuhgput (requests/sec) = 86.8811 res=false
*==== INFO ====* req_id_count= 5500 stream_id=21996 latency=0.614940 ms (tx_ts=157072841261573, rx_ts=157072841876513) request_id=281677 zil_blk_id=21996 ccf_commit_seqno=281677 nstreams_done_=5500 config.nstreams=20000 avg_latency=0.7697 ms avg throuhgput (requests/sec) = 86.9393 res=false
*==== INFO ====* req_id_count= 6000 stream_id=23996 latency=0.623676 ms (tx_ts=157078562697028, rx_ts=157078563320704) request_id=307260 zil_blk_id=23996 ccf_commit_seqno=307260 nstreams_done_=6000 config.nstreams=20000 avg_latency=0.7682 ms avg throuhgput (requests/sec) = 86.9767 res=false
*==== INFO ====* req_id_count= 6500 stream_id=25996 latency=0.742050 ms (tx_ts=157084295131134, rx_ts=157084295873184) request_id=332942 zil_blk_id=25996 ccf_commit_seqno=332944 nstreams_done_=6500 config.nstreams=20000 avg_latency=0.7673 ms avg throuhgput (requests/sec) = 86.9955 res=false
*==== INFO ====* req_id_count= 7000 stream_id=27996 latency=0.798704 ms (tx_ts=157090016545007, rx_ts=157090017343711) request_id=358572 zil_blk_id=27996 ccf_commit_seqno=358572 nstreams_done_=7000 config.nstreams=20000 avg_latency=0.7674 ms avg throuhgput (requests/sec) = 87.0235 res=false
*==== INFO ====* req_id_count= 7500 stream_id=29996 latency=0.662068 ms (tx_ts=157095745862899, rx_ts=157095746524967) request_id=384238 zil_blk_id=29996 ccf_commit_seqno=384239 nstreams_done_=7500 config.nstreams=20000 avg_latency=0.7671 ms avg throuhgput (requests/sec) = 87.0401 res=false
*==== INFO ====* req_id_count= 8000 stream_id=31996 latency=0.595914 ms (tx_ts=157101480884672, rx_ts=157101481480586) request_id=409900 zil_blk_id=31996 ccf_commit_seqno=409900 nstreams_done_=8000 config.nstreams=20000 avg_latency=0.7671 ms avg throuhgput (requests/sec) = 87.0491 res=false
*==== INFO ====* req_id_count= 8500 stream_id=33996 latency=0.579463 ms (tx_ts=157107244127266, rx_ts=157107244706729) request_id=435630 zil_blk_id=33996 ccf_commit_seqno=435630 nstreams_done_=8500 config.nstreams=20000 avg_latency=0.7691 ms avg throuhgput (requests/sec) = 87.0319 res=false
*==== INFO ====* req_id_count= 9000 stream_id=35996 latency=0.713966 ms (tx_ts=157112969847240, rx_ts=157112970561206) request_id=461241 zil_blk_id=35996 ccf_commit_seqno=461241 nstreams_done_=9000 config.nstreams=20000 avg_latency=0.7699 ms avg throuhgput (requests/sec) = 87.0480 res=false
*==== INFO ====* req_id_count= 9500 stream_id=37996 latency=0.762445 ms (tx_ts=157118750108870, rx_ts=157118750871315) request_id=487063 zil_blk_id=37996 ccf_commit_seqno=487063 nstreams_done_=9500 config.nstreams=20000 avg_latency=0.7724 ms avg throuhgput (requests/sec) = 87.0190 res=false
*==== INFO ====* req_id_count= 10000 stream_id=39996 latency=0.856999 ms (tx_ts=157124487293945, rx_ts=157124488150944) request_id=512670 zil_blk_id=39996 ccf_commit_seqno=512670 nstreams_done_=10000 config.nstreams=20000 avg_latency=0.7741 ms avg throuhgput (requests/sec) = 87.0255 res=false
*==== INFO ====* req_id_count= 10500 stream_id=41996 latency=0.774628 ms (tx_ts=157130220779118, rx_ts=157130221553746) request_id=538362 zil_blk_id=41996 ccf_commit_seqno=538365 nstreams_done_=10500 config.nstreams=20000 avg_latency=0.7744 ms avg throuhgput (requests/sec) = 87.0342 res=false
*==== INFO ====* req_id_count= 11000 stream_id=43996 latency=0.616052 ms (tx_ts=157135954850199, rx_ts=157135955466251) request_id=564104 zil_blk_id=43996 ccf_commit_seqno=564106 nstreams_done_=11000 config.nstreams=20000 avg_latency=0.7731 ms avg throuhgput (requests/sec) = 87.0417 res=false
*==== INFO ====* req_id_count= 11500 stream_id=45996 latency=0.670704 ms (tx_ts=157141696688014, rx_ts=157141697358718) request_id=589875 zil_blk_id=45996 ccf_commit_seqno=589875 nstreams_done_=11500 config.nstreams=20000 avg_latency=0.7738 ms avg throuhgput (requests/sec) = 87.0434 res=false
*==== INFO ====* req_id_count= 12000 stream_id=47996 latency=0.631571 ms (tx_ts=157147450850452, rx_ts=157147451482023) request_id=615636 zil_blk_id=47996 ccf_commit_seqno=615636 nstreams_done_=12000 config.nstreams=20000 avg_latency=0.7736 ms avg throuhgput (requests/sec) = 87.0372 res=false
*==== INFO ====* req_id_count= 12500 stream_id=49996 latency=0.810356 ms (tx_ts=157153172792751, rx_ts=157153173603107) request_id=641315 zil_blk_id=49996 ccf_commit_seqno=641316 nstreams_done_=12500 config.nstreams=20000 avg_latency=0.7725 ms avg throuhgput (requests/sec) = 87.0508 res=false
*==== INFO ====* req_id_count= 13000 stream_id=51996 latency=0.777804 ms (tx_ts=157158890844674, rx_ts=157158891622478) request_id=666952 zil_blk_id=51996 ccf_commit_seqno=666952 nstreams_done_=13000 config.nstreams=20000 avg_latency=0.7729 ms avg throuhgput (requests/sec) = 87.0658 res=false
*==== INFO ====* req_id_count= 13500 stream_id=53996 latency=0.816918 ms (tx_ts=157164586853761, rx_ts=157164587670679) request_id=692503 zil_blk_id=53996 ccf_commit_seqno=692504 nstreams_done_=13500 config.nstreams=20000 avg_latency=0.7719 ms avg throuhgput (requests/sec) = 87.0921 res=false
*==== INFO ====* req_id_count= 14000 stream_id=55996 latency=0.603007 ms (tx_ts=157170283389230, rx_ts=157170283992237) request_id=718028 zil_blk_id=55996 ccf_commit_seqno=718029 nstreams_done_=14000 config.nstreams=20000 avg_latency=0.7718 ms avg throuhgput (requests/sec) = 87.1163 res=false
*==== INFO ====* req_id_count= 14500 stream_id=57996 latency=0.849325 ms (tx_ts=157176023201279, rx_ts=157176024050604) request_id=743686 zil_blk_id=57996 ccf_commit_seqno=743689 nstreams_done_=14500 config.nstreams=20000 avg_latency=0.7729 ms avg throuhgput (requests/sec) = 87.1160 res=false
*==== INFO ====* req_id_count= 15000 stream_id=59996 latency=0.717803 ms (tx_ts=157181749921855, rx_ts=157181750639658) request_id=769341 zil_blk_id=59996 ccf_commit_seqno=769342 nstreams_done_=15000 config.nstreams=20000 avg_latency=0.7724 ms avg throuhgput (requests/sec) = 87.1225 res=false
*==== INFO ====* req_id_count= 15500 stream_id=61996 latency=0.882731 ms (tx_ts=157187481172336, rx_ts=157187482055067) request_id=795096 zil_blk_id=61996 ccf_commit_seqno=795099 nstreams_done_=15500 config.nstreams=20000 avg_latency=0.7726 ms avg throuhgput (requests/sec) = 87.1263 res=false
*==== INFO ====* req_id_count= 16000 stream_id=63996 latency=0.670895 ms (tx_ts=157193209906723, rx_ts=157193210577618) request_id=820746 zil_blk_id=63996 ccf_commit_seqno=820747 nstreams_done_=16000 config.nstreams=20000 avg_latency=0.7736 ms avg throuhgput (requests/sec) = 87.1311 res=false
*==== INFO ====* req_id_count= 16500 stream_id=65996 latency=0.747568 ms (tx_ts=157198932674548, rx_ts=157198933422116) request_id=846399 zil_blk_id=65996 ccf_commit_seqno=846400 nstreams_done_=16500 config.nstreams=20000 avg_latency=0.7742 ms avg throuhgput (requests/sec) = 87.1383 res=false
*==== INFO ====* req_id_count= 17000 stream_id=67996 latency=0.585875 ms (tx_ts=157204634061844, rx_ts=157204634647719) request_id=871995 zil_blk_id=67996 ccf_commit_seqno=871995 nstreams_done_=17000 config.nstreams=20000 avg_latency=0.7735 ms avg throuhgput (requests/sec) = 87.1548 res=false
*==== INFO ====* req_id_count= 17500 stream_id=69996 latency=0.827196 ms (tx_ts=157210340970476, rx_ts=157210341797672) request_id=897665 zil_blk_id=69996 ccf_commit_seqno=897665 nstreams_done_=17500 config.nstreams=20000 avg_latency=0.7737 ms avg throuhgput (requests/sec) = 87.1677 res=false
*==== INFO ====* req_id_count= 18000 stream_id=71996 latency=0.956001 ms (tx_ts=157216061113354, rx_ts=157216062069355) request_id=923355 zil_blk_id=71996 ccf_commit_seqno=923355 nstreams_done_=18000 config.nstreams=20000 avg_latency=0.7738 ms avg throuhgput (requests/sec) = 87.1744 res=false
*==== INFO ====* req_id_count= 18500 stream_id=73996 latency=0.812319 ms (tx_ts=157221796875844, rx_ts=157221797688163) request_id=949056 zil_blk_id=73996 ccf_commit_seqno=949057 nstreams_done_=18500 config.nstreams=20000 avg_latency=0.7742 ms avg throuhgput (requests/sec) = 87.1744 res=false
*==== INFO ====* req_id_count= 19000 stream_id=75996 latency=0.921553 ms (tx_ts=157227506828560, rx_ts=157227507750113) request_id=974702 zil_blk_id=75996 ccf_commit_seqno=974703 nstreams_done_=19000 config.nstreams=20000 avg_latency=0.7738 ms avg throuhgput (requests/sec) = 87.1846 res=false
*==== INFO ====* req_id_count= 19500 stream_id=77996 latency=1.386613 ms (tx_ts=157233244753948, rx_ts=157233246140561) request_id=1000427 zil_blk_id=77996 ccf_commit_seqno=1000435 nstreams_done_=19500 config.nstreams=20000 avg_latency=0.7742 ms avg throuhgput (requests/sec) = 87.1832 res=false
*==== INFO ====* http_end_stream ALL streams done! nstreams_done_=20000 avg_latency=0.7736 msreq_id_count= 20000
*==== INFO ====* req_id_count= 20000 stream_id=79996 latency=0.557513 ms (tx_ts=157238955240541, rx_ts=157238955798054) request_id=1024122 zil_blk_id=79996 ccf_commit_seqno=1024122 nstreams_done_=20000 config.nstreams=20000 avg_latency=0.7736 ms avg throuhgput (requests/sec) = 87.1929 res=true
