Uniform: 974325 872825 739942 415672 118363 
Exponential: -2147483648 -2147483648 -2147483648 -2147483648 -2147483648 
Truncated Normal: 321130 305085 700354 277488 448503 
*==== INFO ====* req_id_count= 500 stream_id=1996 latency=0.847986 ms (tx_ts=157015367135885, rx_ts=157015367983871) request_id=25246 zil_blk_id=1996 ccf_commit_seqno=25246 nstreams_done_=500 config.nstreams=20000 avg_latency=0.7579 ms avg throuhgput (requests/sec) = 86.3691 res=false
*==== INFO ====* req_id_count= 1000 stream_id=3996 latency=0.709447 ms (tx_ts=157021129714704, rx_ts=157021130424151) request_id=50838 zil_blk_id=3996 ccf_commit_seqno=50839 nstreams_done_=1000 config.nstreams=20000 avg_latency=0.7764 ms avg throuhgput (requests/sec) = 86.5685 res=false
*==== INFO ====* req_id_count= 1500 stream_id=5996 latency=0.759461 ms (tx_ts=157026896418617, rx_ts=157026897178078) request_id=76523 zil_blk_id=5996 ccf_commit_seqno=76524 nstreams_done_=1500 config.nstreams=20000 avg_latency=0.7923 ms avg throuhgput (requests/sec) = 86.6136 res=false
*==== INFO ====* req_id_count= 2000 stream_id=7996 latency=0.605253 ms (tx_ts=157032629862491, rx_ts=157032630467744) request_id=102008 zil_blk_id=7996 ccf_commit_seqno=102008 nstreams_done_=2000 config.nstreams=20000 avg_latency=0.7926 ms avg throuhgput (requests/sec) = 86.7619 res=false
*==== INFO ====* req_id_count= 2500 stream_id=9996 latency=0.667059 ms (tx_ts=157038393841136, rx_ts=157038394508195) request_id=127771 zil_blk_id=9996 ccf_commit_seqno=127772 nstreams_done_=2500 config.nstreams=20000 avg_latency=0.7943 ms avg throuhgput (requests/sec) = 86.7585 res=false
*==== INFO ====* req_id_count= 3000 stream_id=11996 latency=0.567292 ms (tx_ts=157044154281194, rx_ts=157044154848486) request_id=153511 zil_blk_id=11996 ccf_commit_seqno=153511 nstreams_done_=3000 config.nstreams=20000 avg_latency=0.7946 ms avg throuhgput (requests/sec) = 86.7655 res=false
*==== INFO ====* req_id_count= 3500 stream_id=13996 latency=0.804896 ms (tx_ts=157049915391526, rx_ts=157049916196422) request_id=179235 zil_blk_id=13996 ccf_commit_seqno=179235 nstreams_done_=3500 config.nstreams=20000 avg_latency=0.7947 ms avg throuhgput (requests/sec) = 86.7683 res=false
*==== INFO ====* req_id_count= 4000 stream_id=15996 latency=0.870939 ms (tx_ts=157055690860865, rx_ts=157055691731804) request_id=205016 zil_blk_id=15996 ccf_commit_seqno=205018 nstreams_done_=4000 config.nstreams=20000 avg_latency=0.7971 ms avg throuhgput (requests/sec) = 86.7437 res=false
*==== INFO ====* req_id_count= 4500 stream_id=17996 latency=0.851231 ms (tx_ts=157061459863619, rx_ts=157061460714850) request_id=230791 zil_blk_id=17996 ccf_commit_seqno=230797 nstreams_done_=4500 config.nstreams=20000 avg_latency=0.7984 ms avg throuhgput (requests/sec) = 86.7356 res=false
*==== INFO ====* req_id_count= 5000 stream_id=19996 latency=0.604982 ms (tx_ts=157067221350925, rx_ts=157067221955907) request_id=256554 zil_blk_id=19996 ccf_commit_seqno=256555 nstreams_done_=5000 config.nstreams=20000 avg_latency=0.8009 ms avg throuhgput (requests/sec) = 86.7407 res=false
*==== INFO ====* req_id_count= 5500 stream_id=21996 latency=0.706201 ms (tx_ts=157072995938799, rx_ts=157072996645000) request_id=282326 zil_blk_id=21996 ccf_commit_seqno=282326 nstreams_done_=5500 config.nstreams=20000 avg_latency=0.8021 ms avg throuhgput (requests/sec) = 86.7265 res=false
*==== INFO ====* req_id_count= 6000 stream_id=23996 latency=0.820745 ms (tx_ts=157078729315400, rx_ts=157078730136145) request_id=308007 zil_blk_id=23996 ccf_commit_seqno=308008 nstreams_done_=6000 config.nstreams=20000 avg_latency=0.7992 ms avg throuhgput (requests/sec) = 86.7663 res=false
*==== INFO ====* req_id_count= 6500 stream_id=25996 latency=0.819874 ms (tx_ts=157084481337638, rx_ts=157084482157512) request_id=333778 zil_blk_id=25996 ccf_commit_seqno=333778 nstreams_done_=6500 config.nstreams=20000 avg_latency=0.7980 ms avg throuhgput (requests/sec) = 86.7786 res=false
*==== INFO ====* req_id_count= 7000 stream_id=27996 latency=0.693708 ms (tx_ts=157090241224760, rx_ts=157090241918468) request_id=359585 zil_blk_id=27996 ccf_commit_seqno=359585 nstreams_done_=7000 config.nstreams=20000 avg_latency=0.7987 ms avg throuhgput (requests/sec) = 86.7808 res=false
*==== INFO ====* req_id_count= 7500 stream_id=29996 latency=0.622378 ms (tx_ts=157096005156598, rx_ts=157096005778976) request_id=385401 zil_blk_id=29996 ccf_commit_seqno=385401 nstreams_done_=7500 config.nstreams=20000 avg_latency=0.7975 ms avg throuhgput (requests/sec) = 86.7785 res=false
*==== INFO ====* req_id_count= 8000 stream_id=31996 latency=0.612514 ms (tx_ts=157101757312108, rx_ts=157101757924622) request_id=411140 zil_blk_id=31996 ccf_commit_seqno=411140 nstreams_done_=8000 config.nstreams=20000 avg_latency=0.7981 ms avg throuhgput (requests/sec) = 86.7876 res=false
*==== INFO ====* req_id_count= 8500 stream_id=33996 latency=0.672507 ms (tx_ts=157107523185810, rx_ts=157107523858317) request_id=436881 zil_blk_id=33996 ccf_commit_seqno=436883 nstreams_done_=8500 config.nstreams=20000 avg_latency=0.7990 ms avg throuhgput (requests/sec) = 86.7834 res=false
*==== INFO ====* req_id_count= 9000 stream_id=35996 latency=0.835182 ms (tx_ts=157113286628070, rx_ts=157113287463252) request_id=462662 zil_blk_id=35996 ccf_commit_seqno=462664 nstreams_done_=9000 config.nstreams=20000 avg_latency=0.7993 ms avg throuhgput (requests/sec) = 86.7816 res=false
*==== INFO ====* req_id_count= 9500 stream_id=37996 latency=0.660545 ms (tx_ts=157119052209052, rx_ts=157119052869597) request_id=488425 zil_blk_id=37996 ccf_commit_seqno=488425 nstreams_done_=9500 config.nstreams=20000 avg_latency=0.8012 ms avg throuhgput (requests/sec) = 86.7786 res=false
*==== INFO ====* req_id_count= 10000 stream_id=39996 latency=0.617304 ms (tx_ts=157124838254619, rx_ts=157124838871923) request_id=514245 zil_blk_id=39996 ccf_commit_seqno=514245 nstreams_done_=10000 config.nstreams=20000 avg_latency=0.8028 ms avg throuhgput (requests/sec) = 86.7604 res=false
*==== INFO ====* req_id_count= 10500 stream_id=41996 latency=0.656588 ms (tx_ts=157130598148561, rx_ts=157130598805149) request_id=540056 zil_blk_id=41996 ccf_commit_seqno=540058 nstreams_done_=10500 config.nstreams=20000 avg_latency=0.8035 ms avg throuhgput (requests/sec) = 86.7626 res=false
*==== INFO ====* req_id_count= 11000 stream_id=43996 latency=0.914490 ms (tx_ts=157136321391674, rx_ts=157136322306164) request_id=565755 zil_blk_id=43996 ccf_commit_seqno=565758 nstreams_done_=11000 config.nstreams=20000 avg_latency=0.8017 ms avg throuhgput (requests/sec) = 86.7895 res=false
*==== INFO ====* req_id_count= 11500 stream_id=45996 latency=0.588421 ms (tx_ts=157142052285841, rx_ts=157142052874262) request_id=591473 zil_blk_id=45996 ccf_commit_seqno=591474 nstreams_done_=11500 config.nstreams=20000 avg_latency=0.8004 ms avg throuhgput (requests/sec) = 86.8095 res=false
*==== INFO ====* req_id_count= 12000 stream_id=47996 latency=0.654568 ms (tx_ts=157147807066171, rx_ts=157147807720739) request_id=617216 zil_blk_id=47996 ccf_commit_seqno=617216 nstreams_done_=12000 config.nstreams=20000 avg_latency=0.8002 ms avg throuhgput (requests/sec) = 86.8126 res=false
*==== INFO ====* req_id_count= 12500 stream_id=49996 latency=1.236172 ms (tx_ts=157153515443960, rx_ts=157153516680132) request_id=642859 zil_blk_id=49996 ccf_commit_seqno=642862 nstreams_done_=12500 config.nstreams=20000 avg_latency=0.7987 ms avg throuhgput (requests/sec) = 86.8431 res=false
*==== INFO ====* req_id_count= 13000 stream_id=51996 latency=0.589001 ms (tx_ts=157159276268215, rx_ts=157159276857216) request_id=668677 zil_blk_id=51996 ccf_commit_seqno=668677 nstreams_done_=13000 config.nstreams=20000 avg_latency=0.7983 ms avg throuhgput (requests/sec) = 86.8415 res=false
*==== INFO ====* req_id_count= 13500 stream_id=53996 latency=0.819112 ms (tx_ts=157165020277983, rx_ts=157165021097095) request_id=694448 zil_blk_id=53996 ccf_commit_seqno=694448 nstreams_done_=13500 config.nstreams=20000 avg_latency=0.7984 ms avg throuhgput (requests/sec) = 86.8490 res=false
*==== INFO ====* req_id_count= 14000 stream_id=55996 latency=0.747267 ms (tx_ts=157170781449547, rx_ts=157170782196814) request_id=720260 zil_blk_id=55996 ccf_commit_seqno=720261 nstreams_done_=14000 config.nstreams=20000 avg_latency=0.7986 ms avg throuhgput (requests/sec) = 86.8468 res=false
*==== INFO ====* req_id_count= 14500 stream_id=57996 latency=0.821126 ms (tx_ts=157176572145628, rx_ts=157176572966754) request_id=746143 zil_blk_id=57996 ccf_commit_seqno=746143 nstreams_done_=14500 config.nstreams=20000 avg_latency=0.8000 ms avg throuhgput (requests/sec) = 86.8294 res=false
*==== INFO ====* req_id_count= 15000 stream_id=59996 latency=0.981498 ms (tx_ts=157182338463292, rx_ts=157182339444790) request_id=771966 zil_blk_id=59996 ccf_commit_seqno=771971 nstreams_done_=15000 config.nstreams=20000 avg_latency=0.8010 ms avg throuhgput (requests/sec) = 86.8254 res=false
*==== INFO ====* req_id_count= 15500 stream_id=61996 latency=2.073388 ms (tx_ts=157188061784498, rx_ts=157188063857886) request_id=797709 zil_blk_id=61996 ccf_commit_seqno=797710 nstreams_done_=15500 config.nstreams=20000 avg_latency=0.7995 ms avg throuhgput (requests/sec) = 86.8420 res=false
*==== INFO ====* req_id_count= 16000 stream_id=63996 latency=0.560157 ms (tx_ts=157193851308985, rx_ts=157193851869142) request_id=823622 zil_blk_id=63996 ccf_commit_seqno=823622 nstreams_done_=16000 config.nstreams=20000 avg_latency=0.8014 ms avg throuhgput (requests/sec) = 86.8277 res=false
*==== INFO ====* req_id_count= 16500 stream_id=65996 latency=1.275555 ms (tx_ts=157199618617030, rx_ts=157199619892585) request_id=849482 zil_blk_id=65996 ccf_commit_seqno=849482 nstreams_done_=16500 config.nstreams=20000 avg_latency=0.8015 ms avg throuhgput (requests/sec) = 86.8234 res=false
*==== INFO ====* req_id_count= 17000 stream_id=67996 latency=0.580075 ms (tx_ts=157205341596645, rx_ts=157205342176720) request_id=875179 zil_blk_id=67996 ccf_commit_seqno=875179 nstreams_done_=17000 config.nstreams=20000 avg_latency=0.7998 ms avg throuhgput (requests/sec) = 86.8396 res=false
*==== INFO ====* req_id_count= 17500 stream_id=69996 latency=0.692394 ms (tx_ts=157211087301972, rx_ts=157211087994366) request_id=901017 zil_blk_id=69996 ccf_commit_seqno=901017 nstreams_done_=17500 config.nstreams=20000 avg_latency=0.7994 ms avg throuhgput (requests/sec) = 86.8447 res=false
*==== INFO ====* req_id_count= 18000 stream_id=71996 latency=0.631711 ms (tx_ts=157216841420372, rx_ts=157216842052083) request_id=926827 zil_blk_id=71996 ccf_commit_seqno=926827 nstreams_done_=18000 config.nstreams=20000 avg_latency=0.7994 ms avg throuhgput (requests/sec) = 86.8461 res=false
*==== INFO ====* req_id_count= 18500 stream_id=73996 latency=0.610762 ms (tx_ts=157222610906068, rx_ts=157222611516830) request_id=952695 zil_blk_id=73996 ccf_commit_seqno=952695 nstreams_done_=18500 config.nstreams=20000 avg_latency=0.8005 ms avg throuhgput (requests/sec) = 86.8412 res=false
*==== INFO ====* req_id_count= 19000 stream_id=75996 latency=0.885135 ms (tx_ts=157228366312636, rx_ts=157228367197771) request_id=978566 zil_blk_id=75996 ccf_commit_seqno=978570 nstreams_done_=19000 config.nstreams=20000 avg_latency=0.8002 ms avg throuhgput (requests/sec) = 86.8419 res=false
*==== INFO ====* req_id_count= 19500 stream_id=77996 latency=0.742679 ms (tx_ts=157234161394816, rx_ts=157234162137495) request_id=1004539 zil_blk_id=77996 ccf_commit_seqno=1004539 nstreams_done_=19500 config.nstreams=20000 avg_latency=0.8012 ms avg throuhgput (requests/sec) = 86.8275 res=false
*==== INFO ====* http_end_stream ALL streams done! nstreams_done_=20000 avg_latency=0.8005 msreq_id_count= 20000
*==== INFO ====* req_id_count= 20000 stream_id=79996 latency=0.766985 ms (tx_ts=157239898252213, rx_ts=157239899019198) request_id=1027294 zil_blk_id=79996 ccf_commit_seqno=1027294 nstreams_done_=20000 config.nstreams=20000 avg_latency=0.8005 ms avg throuhgput (requests/sec) = 86.8357 res=true
