Uniform: 919451 904894 475347 585198 733347 
Exponential: -2147483648 -2147483648 -2147483648 -2147483648 -2147483648 
Truncated Normal: 451669 717832 385367 394322 191589 
*==== INFO ====* req_id_count= 500 stream_id=1996 latency=0.809443 ms (tx_ts=157015158405174, rx_ts=157015159214617) request_id=24325 zil_blk_id=562 ccf_commit_seqno=24327 nstreams_done_=500 config.nstreams=20000 avg_latency=0.6756 ms avg throuhgput (requests/sec) = 89.5963 res=false
*==== INFO ====* req_id_count= 1000 stream_id=3996 latency=0.592308 ms (tx_ts=157020835441595, rx_ts=157020836033903) request_id=49539 zil_blk_id=5873 ccf_commit_seqno=49539 nstreams_done_=1000 config.nstreams=20000 avg_latency=0.6761 ms avg throuhgput (requests/sec) = 88.8304 res=false
*==== INFO ====* req_id_count= 1500 stream_id=5996 latency=0.484747 ms (tx_ts=157026504389411, rx_ts=157026504874158) request_id=74809 zil_blk_id=11163 ccf_commit_seqno=74809 nstreams_done_=1500 config.nstreams=20000 avg_latency=0.6786 ms avg throuhgput (requests/sec) = 88.6198 res=false
*==== INFO ====* req_id_count= 2000 stream_id=7996 latency=0.509354 ms (tx_ts=157032189115540, rx_ts=157032189624894) request_id=100049 zil_blk_id=16468 ccf_commit_seqno=100049 nstreams_done_=2000 config.nstreams=20000 avg_latency=0.6878 ms avg throuhgput (requests/sec) = 88.4525 res=false
*==== INFO ====* req_id_count= 2500 stream_id=9996 latency=2.820332 ms (tx_ts=157037738361965, rx_ts=157037741182297) request_id=124846 zil_blk_id=21644 ccf_commit_seqno=124852 nstreams_done_=2500 config.nstreams=20000 avg_latency=0.6861 ms avg throuhgput (requests/sec) = 88.7703 res=false
*==== INFO ====* req_id_count= 3000 stream_id=11996 latency=0.767631 ms (tx_ts=157043259934924, rx_ts=157043260702555) request_id=149521 zil_blk_id=26800 ccf_commit_seqno=149522 nstreams_done_=3000 config.nstreams=20000 avg_latency=0.6846 ms avg throuhgput (requests/sec) = 89.0681 res=false
*==== INFO ====* req_id_count= 3500 stream_id=13996 latency=0.543175 ms (tx_ts=157048831596502, rx_ts=157048832139677) request_id=174393 zil_blk_id=32026 ccf_commit_seqno=174393 nstreams_done_=3500 config.nstreams=20000 avg_latency=0.6846 ms avg throuhgput (requests/sec) = 89.1640 res=false
*==== INFO ====* req_id_count= 4000 stream_id=15996 latency=0.532005 ms (tx_ts=157054514952587, rx_ts=157054515484592) request_id=199769 zil_blk_id=37356 ccf_commit_seqno=199769 nstreams_done_=4000 config.nstreams=20000 avg_latency=0.6868 ms avg throuhgput (requests/sec) = 89.0138 res=false
*==== INFO ====* req_id_count= 4500 stream_id=17996 latency=0.831375 ms (tx_ts=157060198688835, rx_ts=157060199520210) request_id=225152 zil_blk_id=42679 ccf_commit_seqno=225154 nstreams_done_=4500 config.nstreams=20000 avg_latency=0.6901 ms avg throuhgput (requests/sec) = 88.8961 res=false
*==== INFO ====* req_id_count= 5000 stream_id=19996 latency=0.778715 ms (tx_ts=157065864629752, rx_ts=157065865408467) request_id=250468 zil_blk_id=47992 ccf_commit_seqno=250469 nstreams_done_=5000 config.nstreams=20000 avg_latency=0.6902 ms avg throuhgput (requests/sec) = 88.8308 res=false
*==== INFO ====* req_id_count= 5500 stream_id=21996 latency=0.582248 ms (tx_ts=157071538442608, rx_ts=157071539024856) request_id=275839 zil_blk_id=53310 ccf_commit_seqno=275839 nstreams_done_=5500 config.nstreams=20000 avg_latency=0.6886 ms avg throuhgput (requests/sec) = 88.7664 res=false
*==== INFO ====* req_id_count= 6000 stream_id=23996 latency=0.502359 ms (tx_ts=157077208576989, rx_ts=157077209079348) request_id=301177 zil_blk_id=58630 ccf_commit_seqno=301177 nstreams_done_=6000 config.nstreams=20000 avg_latency=0.6888 ms avg throuhgput (requests/sec) = 88.7174 res=false
*==== INFO ====* req_id_count= 6500 stream_id=25996 latency=0.834531 ms (tx_ts=157082838258157, rx_ts=157082839092688) request_id=326415 zil_blk_id=63904 ccf_commit_seqno=326415 nstreams_done_=6500 config.nstreams=20000 avg_latency=0.6848 ms avg throuhgput (requests/sec) = 88.7245 res=false
*==== INFO ====* req_id_count= 7000 stream_id=27996 latency=0.715599 ms (tx_ts=157088500163080, rx_ts=157088500878679) request_id=351787 zil_blk_id=69212 ccf_commit_seqno=351788 nstreams_done_=7000 config.nstreams=20000 avg_latency=0.6834 ms avg throuhgput (requests/sec) = 88.6949 res=false
*==== INFO ====* req_id_count= 7500 stream_id=29996 latency=0.562702 ms (tx_ts=157094178801415, rx_ts=157094179364117) request_id=377210 zil_blk_id=74536 ccf_commit_seqno=377210 nstreams_done_=7500 config.nstreams=20000 avg_latency=0.6852 ms avg throuhgput (requests/sec) = 88.6517 res=false
*==== INFO ====* req_id_count= 8000 stream_id=31996 latency=0.718794 ms (tx_ts=157099836154382, rx_ts=157099836873176) request_id=402537 zil_blk_id=79843 ccf_commit_seqno=402539 nstreams_done_=8000 config.nstreams=20000 avg_latency=0.6827 ms avg throuhgput (requests/sec) = 88.6346 res=false
*==== INFO ====* req_id_count= 8500 stream_id=33996 latency=0.532255 ms (tx_ts=157105524979822, rx_ts=157105525512077) request_id=427922 zil_blk_id=85179 ccf_commit_seqno=427922 nstreams_done_=8500 config.nstreams=20000 avg_latency=0.6839 ms avg throuhgput (requests/sec) = 88.5907 res=false
*==== INFO ====* req_id_count= 9000 stream_id=35996 latency=0.738090 ms (tx_ts=157111169680586, rx_ts=157111170418676) request_id=453174 zil_blk_id=90473 ccf_commit_seqno=453176 nstreams_done_=9000 config.nstreams=20000 avg_latency=0.6856 ms avg throuhgput (requests/sec) = 88.5898 res=false
*==== INFO ====* req_id_count= 9500 stream_id=37996 latency=0.579433 ms (tx_ts=157116717886403, rx_ts=157116718465836) request_id=478044 zil_blk_id=95674 ccf_commit_seqno=478045 nstreams_done_=9500 config.nstreams=20000 avg_latency=0.6861 ms avg throuhgput (requests/sec) = 88.6692 res=false
*==== INFO ====* req_id_count= 10000 stream_id=39996 latency=0.481380 ms (tx_ts=157122444865166, rx_ts=157122445346546) request_id=503508 zil_blk_id=101044 ccf_commit_seqno=503508 nstreams_done_=10000 config.nstreams=20000 avg_latency=0.6899 ms avg throuhgput (requests/sec) = 88.6001 res=false
*==== INFO ====* req_id_count= 10500 stream_id=41996 latency=0.709126 ms (tx_ts=157127996648984, rx_ts=157127997358110) request_id=528382 zil_blk_id=106248 ccf_commit_seqno=528384 nstreams_done_=10500 config.nstreams=20000 avg_latency=0.6909 ms avg throuhgput (requests/sec) = 88.6684 res=false
*==== INFO ====* req_id_count= 11000 stream_id=43996 latency=0.510294 ms (tx_ts=157133508659654, rx_ts=157133509169948) request_id=553117 zil_blk_id=111418 ccf_commit_seqno=553117 nstreams_done_=11000 config.nstreams=20000 avg_latency=0.6898 ms avg throuhgput (requests/sec) = 88.7594 res=false
*==== INFO ====* req_id_count= 11500 stream_id=45996 latency=0.721941 ms (tx_ts=157139028971241, rx_ts=157139029693182) request_id=577921 zil_blk_id=116598 ccf_commit_seqno=577921 nstreams_done_=11500 config.nstreams=20000 avg_latency=0.6900 ms avg throuhgput (requests/sec) = 88.8367 res=false
*==== INFO ====* req_id_count= 12000 stream_id=47996 latency=0.463116 ms (tx_ts=157144680873900, rx_ts=157144681337016) request_id=603214 zil_blk_id=121898 ccf_commit_seqno=603214 nstreams_done_=12000 config.nstreams=20000 avg_latency=0.6897 ms avg throuhgput (requests/sec) = 88.8213 res=false
*==== INFO ====* req_id_count= 12500 stream_id=49996 latency=0.591887 ms (tx_ts=157150354112209, rx_ts=157150354704096) request_id=628651 zil_blk_id=127217 ccf_commit_seqno=628653 nstreams_done_=12500 config.nstreams=20000 avg_latency=0.6889 ms avg throuhgput (requests/sec) = 88.7935 res=false
*==== INFO ====* req_id_count= 13000 stream_id=51996 latency=0.675453 ms (tx_ts=157156008976534, rx_ts=157156009651987) request_id=654021 zil_blk_id=132519 ccf_commit_seqno=654024 nstreams_done_=13000 config.nstreams=20000 avg_latency=0.6877 ms avg throuhgput (requests/sec) = 88.7790 res=false
*==== INFO ====* req_id_count= 13500 stream_id=53996 latency=0.595654 ms (tx_ts=157161653317904, rx_ts=157161653913558) request_id=679351 zil_blk_id=137812 ccf_commit_seqno=679351 nstreams_done_=13500 config.nstreams=20000 avg_latency=0.6863 ms avg throuhgput (requests/sec) = 88.7718 res=false
*==== INFO ====* req_id_count= 14000 stream_id=55996 latency=0.708048 ms (tx_ts=157167313691628, rx_ts=157167314399676) request_id=704716 zil_blk_id=143117 ccf_commit_seqno=704716 nstreams_done_=14000 config.nstreams=20000 avg_latency=0.6853 ms avg throuhgput (requests/sec) = 88.7560 res=false
*==== INFO ====* req_id_count= 14500 stream_id=57996 latency=0.731789 ms (tx_ts=157172988216327, rx_ts=157172988948116) request_id=730171 zil_blk_id=148436 ccf_commit_seqno=730171 nstreams_done_=14500 config.nstreams=20000 avg_latency=0.6856 ms avg throuhgput (requests/sec) = 88.7337 res=false
*==== INFO ====* req_id_count= 15000 stream_id=59996 latency=0.793393 ms (tx_ts=157178670508526, rx_ts=157178671301919) request_id=755540 zil_blk_id=153762 ccf_commit_seqno=755541 nstreams_done_=15000 config.nstreams=20000 avg_latency=0.6863 ms avg throuhgput (requests/sec) = 88.7088 res=false
*==== INFO ====* req_id_count= 15500 stream_id=61996 latency=0.474087 ms (tx_ts=157184353689457, rx_ts=157184354163544) request_id=781021 zil_blk_id=159089 ccf_commit_seqno=781021 nstreams_done_=15500 config.nstreams=20000 avg_latency=0.6868 ms avg throuhgput (requests/sec) = 88.6852 res=false
*==== INFO ====* req_id_count= 16000 stream_id=63996 latency=0.846884 ms (tx_ts=157189889376442, rx_ts=157189890223326) request_id=805890 zil_blk_id=164275 ccf_commit_seqno=805890 nstreams_done_=16000 config.nstreams=20000 avg_latency=0.6867 ms avg throuhgput (requests/sec) = 88.7353 res=false
*==== INFO ====* req_id_count= 16500 stream_id=65996 latency=0.664883 ms (tx_ts=157195542104624, rx_ts=157195542769507) request_id=831194 zil_blk_id=169576 ccf_commit_seqno=831194 nstreams_done_=16500 config.nstreams=20000 avg_latency=0.6875 ms avg throuhgput (requests/sec) = 88.7268 res=false
*==== INFO ====* req_id_count= 17000 stream_id=67996 latency=0.479466 ms (tx_ts=157201190087983, rx_ts=157201190567449) request_id=856531 zil_blk_id=174873 ccf_commit_seqno=856531 nstreams_done_=17000 config.nstreams=20000 avg_latency=0.6867 ms avg throuhgput (requests/sec) = 88.7210 res=false
*==== INFO ====* req_id_count= 17500 stream_id=69996 latency=3.164775 ms (tx_ts=157206784241234, rx_ts=157206787406009) request_id=881672 zil_blk_id=180114 ccf_commit_seqno=881675 nstreams_done_=17500 config.nstreams=20000 avg_latency=0.6869 ms avg throuhgput (requests/sec) = 88.7384 res=false
*==== INFO ====* req_id_count= 18000 stream_id=71996 latency=0.566399 ms (tx_ts=157212399556384, rx_ts=157212400122783) request_id=906903 zil_blk_id=185380 ccf_commit_seqno=906905 nstreams_done_=18000 config.nstreams=20000 avg_latency=0.6865 ms avg throuhgput (requests/sec) = 88.7480 res=false
*==== INFO ====* req_id_count= 18500 stream_id=73996 latency=0.750033 ms (tx_ts=157218064622631, rx_ts=157218065372664) request_id=932329 zil_blk_id=190692 ccf_commit_seqno=932329 nstreams_done_=18500 config.nstreams=20000 avg_latency=0.6865 ms avg throuhgput (requests/sec) = 88.7347 res=false
*==== INFO ====* req_id_count= 19000 stream_id=75996 latency=0.525392 ms (tx_ts=157223747133190, rx_ts=157223747658582) request_id=957793 zil_blk_id=196020 ccf_commit_seqno=957793 nstreams_done_=19000 config.nstreams=20000 avg_latency=0.6864 ms avg throuhgput (requests/sec) = 88.7150 res=false
*==== INFO ====* req_id_count= 19500 stream_id=77996 latency=0.610701 ms (tx_ts=157229417458108, rx_ts=157229418068809) request_id=983289 zil_blk_id=201333 ccf_commit_seqno=983289 nstreams_done_=19500 config.nstreams=20000 avg_latency=0.6860 ms avg throuhgput (requests/sec) = 88.7011 res=false
*==== INFO ====* http_end_stream ALL streams done! nstreams_done_=20000 avg_latency=0.6860 msreq_id_count= 20000
*==== INFO ====* req_id_count= 20000 stream_id=79996 latency=0.711370 ms (tx_ts=157235102232188, rx_ts=157235102943558) request_id=1008709 zil_blk_id=206660 ccf_commit_seqno=1008710 nstreams_done_=20000 config.nstreams=20000 avg_latency=0.6860 ms avg throuhgput (requests/sec) = 88.6822 res=true
