Uniform: 463792 166222 819616 33852 655357 
Exponential: -2147483648 -2147483648 -2147483648 -2147483648 -2147483648 
Truncated Normal: 495402 417994 689657 396884 534540 
*==== INFO ====* req_id_count= 500 stream_id=1996 latency=0.689640 ms (tx_ts=157015364914171, rx_ts=157015365603811) request_id=25239 zil_blk_id=756 ccf_commit_seqno=25240 nstreams_done_=500 config.nstreams=20000 avg_latency=0.7232 ms avg throuhgput (requests/sec) = 86.3583 res=false
*==== INFO ====* req_id_count= 1000 stream_id=3996 latency=0.574365 ms (tx_ts=157021203300692, rx_ts=157021203875057) request_id=51161 zil_blk_id=6223 ccf_commit_seqno=51161 nstreams_done_=1000 config.nstreams=20000 avg_latency=0.7328 ms avg throuhgput (requests/sec) = 85.9985 res=false
*==== INFO ====* req_id_count= 1500 stream_id=5996 latency=0.537496 ms (tx_ts=157026989644415, rx_ts=157026990181911) request_id=76929 zil_blk_id=11631 ccf_commit_seqno=76929 nstreams_done_=1500 config.nstreams=20000 avg_latency=0.7258 ms avg throuhgput (requests/sec) = 86.1356 res=false
*==== INFO ====* req_id_count= 2000 stream_id=7996 latency=0.563405 ms (tx_ts=157032768878583, rx_ts=157032769441988) request_id=102628 zil_blk_id=17028 ccf_commit_seqno=102629 nstreams_done_=2000 config.nstreams=20000 avg_latency=0.7219 ms avg throuhgput (requests/sec) = 86.2304 res=false
*==== INFO ====* req_id_count= 2500 stream_id=9996 latency=0.724967 ms (tx_ts=157038552814060, rx_ts=157038553539027) request_id=128469 zil_blk_id=22423 ccf_commit_seqno=128469 nstreams_done_=2500 config.nstreams=20000 avg_latency=0.7190 ms avg throuhgput (requests/sec) = 86.2730 res=false
*==== INFO ====* req_id_count= 3000 stream_id=11996 latency=0.703556 ms (tx_ts=157044353209403, rx_ts=157044353912959) request_id=154388 zil_blk_id=27841 ccf_commit_seqno=154388 nstreams_done_=3000 config.nstreams=20000 avg_latency=0.7279 ms avg throuhgput (requests/sec) = 86.2611 res=false
*==== INFO ====* req_id_count= 3500 stream_id=13996 latency=0.880257 ms (tx_ts=157050102384817, rx_ts=157050103265074) request_id=180067 zil_blk_id=33212 ccf_commit_seqno=180069 nstreams_done_=3500 config.nstreams=20000 avg_latency=0.7233 ms avg throuhgput (requests/sec) = 86.3611 res=false
*==== INFO ====* req_id_count= 4000 stream_id=15996 latency=0.674211 ms (tx_ts=157055862529842, rx_ts=157055863204053) request_id=205783 zil_blk_id=38597 ccf_commit_seqno=205784 nstreams_done_=4000 config.nstreams=20000 avg_latency=0.7219 ms avg throuhgput (requests/sec) = 86.4165 res=false
*==== INFO ====* req_id_count= 4500 stream_id=17996 latency=0.791840 ms (tx_ts=157061642421053, rx_ts=157061643212893) request_id=231611 zil_blk_id=44021 ccf_commit_seqno=231611 nstreams_done_=4500 config.nstreams=20000 avg_latency=0.7208 ms avg throuhgput (requests/sec) = 86.4264 res=false
*==== INFO ====* req_id_count= 5000 stream_id=19996 latency=0.763087 ms (tx_ts=157067419488683, rx_ts=157067420251770) request_id=257434 zil_blk_id=49437 ccf_commit_seqno=257435 nstreams_done_=5000 config.nstreams=20000 avg_latency=0.7197 ms avg throuhgput (requests/sec) = 86.4387 res=false
*==== INFO ====* req_id_count= 5500 stream_id=21996 latency=0.643803 ms (tx_ts=157073219989873, rx_ts=157073220633676) request_id=283335 zil_blk_id=54881 ccf_commit_seqno=283336 nstreams_done_=5500 config.nstreams=20000 avg_latency=0.7207 ms avg throuhgput (requests/sec) = 86.4170 res=false
*==== INFO ====* req_id_count= 6000 stream_id=23996 latency=0.518169 ms (tx_ts=157078995128829, rx_ts=157078995646998) request_id=309180 zil_blk_id=60302 ccf_commit_seqno=309180 nstreams_done_=6000 config.nstreams=20000 avg_latency=0.7179 ms avg throuhgput (requests/sec) = 86.4306 res=false
*==== INFO ====* req_id_count= 6500 stream_id=25996 latency=0.690321 ms (tx_ts=157084722221255, rx_ts=157084722911576) request_id=334850 zil_blk_id=65677 ccf_commit_seqno=334850 nstreams_done_=6500 config.nstreams=20000 avg_latency=0.7161 ms avg throuhgput (requests/sec) = 86.4970 res=false
*==== INFO ====* req_id_count= 7000 stream_id=27996 latency=0.686564 ms (tx_ts=157090460998669, rx_ts=157090461685233) request_id=360570 zil_blk_id=71062 ccf_commit_seqno=360570 nstreams_done_=7000 config.nstreams=20000 avg_latency=0.7148 ms avg throuhgput (requests/sec) = 86.5416 res=false
*==== INFO ====* req_id_count= 7500 stream_id=29996 latency=0.587568 ms (tx_ts=157096214621087, rx_ts=157096215208655) request_id=386333 zil_blk_id=76459 ccf_commit_seqno=386333 nstreams_done_=7500 config.nstreams=20000 avg_latency=0.7154 ms avg throuhgput (requests/sec) = 86.5657 res=false
*==== INFO ====* req_id_count= 8000 stream_id=31996 latency=0.699918 ms (tx_ts=157101941149172, rx_ts=157101941849090) request_id=411966 zil_blk_id=81829 ccf_commit_seqno=411968 nstreams_done_=8000 config.nstreams=20000 avg_latency=0.7146 ms avg throuhgput (requests/sec) = 86.6119 res=false
*==== INFO ====* req_id_count= 8500 stream_id=33996 latency=0.559285 ms (tx_ts=157107695722353, rx_ts=157107696281638) request_id=437659 zil_blk_id=87225 ccf_commit_seqno=437659 nstreams_done_=8500 config.nstreams=20000 avg_latency=0.7153 ms avg throuhgput (requests/sec) = 86.6282 res=false
*==== INFO ====* req_id_count= 9000 stream_id=35996 latency=0.752777 ms (tx_ts=157113445878329, rx_ts=157113446631106) request_id=463371 zil_blk_id=92615 ccf_commit_seqno=463372 nstreams_done_=9000 config.nstreams=20000 avg_latency=0.7160 ms avg throuhgput (requests/sec) = 86.6461 res=false
*==== INFO ====* req_id_count= 9500 stream_id=37996 latency=0.901694 ms (tx_ts=157119160989669, rx_ts=157119161891363) request_id=488907 zil_blk_id=97973 ccf_commit_seqno=488908 nstreams_done_=9500 config.nstreams=20000 avg_latency=0.7166 ms avg throuhgput (requests/sec) = 86.6898 res=false
*==== INFO ====* req_id_count= 10000 stream_id=39996 latency=0.813291 ms (tx_ts=157124897673706, rx_ts=157124898486997) request_id=514514 zil_blk_id=103352 ccf_commit_seqno=514514 nstreams_done_=10000 config.nstreams=20000 avg_latency=0.7175 ms avg throuhgput (requests/sec) = 86.7132 res=false
*==== INFO ====* req_id_count= 10500 stream_id=41996 latency=0.841523 ms (tx_ts=157130639415436, rx_ts=157130640256959) request_id=540245 zil_blk_id=108737 ccf_commit_seqno=540246 nstreams_done_=10500 config.nstreams=20000 avg_latency=0.7163 ms avg throuhgput (requests/sec) = 86.7306 res=false
*==== INFO ====* req_id_count= 11000 stream_id=43996 latency=0.726559 ms (tx_ts=157136408165298, rx_ts=157136408891857) request_id=566138 zil_blk_id=114147 ccf_commit_seqno=566139 nstreams_done_=11000 config.nstreams=20000 avg_latency=0.7155 ms avg throuhgput (requests/sec) = 86.7281 res=false
*==== INFO ====* req_id_count= 11500 stream_id=45996 latency=0.560227 ms (tx_ts=157142160534091, rx_ts=157142161094318) request_id=591962 zil_blk_id=119542 ccf_commit_seqno=591962 nstreams_done_=11500 config.nstreams=20000 avg_latency=0.7142 ms avg throuhgput (requests/sec) = 86.7366 res=false
*==== INFO ====* req_id_count= 12000 stream_id=47996 latency=0.598970 ms (tx_ts=157147920882725, rx_ts=157147921481695) request_id=617720 zil_blk_id=124946 ccf_commit_seqno=617720 nstreams_done_=12000 config.nstreams=20000 avg_latency=0.7147 ms avg throuhgput (requests/sec) = 86.7392 res=false
*==== INFO ====* req_id_count= 12500 stream_id=49996 latency=0.530352 ms (tx_ts=157153598423188, rx_ts=157153598953540) request_id=643228 zil_blk_id=130274 ccf_commit_seqno=643228 nstreams_done_=12500 config.nstreams=20000 avg_latency=0.7143 ms avg throuhgput (requests/sec) = 86.7916 res=false
*==== INFO ====* req_id_count= 13000 stream_id=51996 latency=1.073988 ms (tx_ts=157159293697057, rx_ts=157159294771045) request_id=668754 zil_blk_id=135617 ccf_commit_seqno=668756 nstreams_done_=13000 config.nstreams=20000 avg_latency=0.7137 ms avg throuhgput (requests/sec) = 86.8293 res=false
*==== INFO ====* req_id_count= 13500 stream_id=53996 latency=0.688207 ms (tx_ts=157165018593301, rx_ts=157165019281508) request_id=694439 zil_blk_id=140984 ccf_commit_seqno=694440 nstreams_done_=13500 config.nstreams=20000 avg_latency=0.7141 ms avg throuhgput (requests/sec) = 86.8483 res=false
*==== INFO ====* req_id_count= 14000 stream_id=55996 latency=0.537295 ms (tx_ts=157170749937151, rx_ts=157170750474446) request_id=720122 zil_blk_id=146360 ccf_commit_seqno=720122 nstreams_done_=14000 config.nstreams=20000 avg_latency=0.7147 ms avg throuhgput (requests/sec) = 86.8623 res=false
*==== INFO ====* req_id_count= 14500 stream_id=57996 latency=0.567331 ms (tx_ts=157176461169567, rx_ts=157176461736898) request_id=745651 zil_blk_id=151726 ccf_commit_seqno=745651 nstreams_done_=14500 config.nstreams=20000 avg_latency=0.7149 ms avg throuhgput (requests/sec) = 86.8857 res=false
*==== INFO ====* req_id_count= 15000 stream_id=59996 latency=0.852034 ms (tx_ts=157182173715914, rx_ts=157182174567948) request_id=771238 zil_blk_id=157093 ccf_commit_seqno=771241 nstreams_done_=15000 config.nstreams=20000 avg_latency=0.7147 ms avg throuhgput (requests/sec) = 86.9067 res=false
*==== INFO ====* req_id_count= 15500 stream_id=61996 latency=0.686945 ms (tx_ts=157187892163766, rx_ts=157187892850711) request_id=796945 zil_blk_id=162457 ccf_commit_seqno=796946 nstreams_done_=15500 config.nstreams=20000 avg_latency=0.7148 ms avg throuhgput (requests/sec) = 86.9238 res=false
*==== INFO ====* req_id_count= 16000 stream_id=63996 latency=0.702824 ms (tx_ts=157193619343245, rx_ts=157193620046069) request_id=822582 zil_blk_id=167831 ccf_commit_seqno=822584 nstreams_done_=16000 config.nstreams=20000 avg_latency=0.7153 ms avg throuhgput (requests/sec) = 86.9356 res=false
*==== INFO ====* req_id_count= 16500 stream_id=65996 latency=0.773276 ms (tx_ts=157199331640369, rx_ts=157199332413645) request_id=848194 zil_blk_id=173192 ccf_commit_seqno=848195 nstreams_done_=16500 config.nstreams=20000 avg_latency=0.7152 ms avg throuhgput (requests/sec) = 86.9535 res=false
*==== INFO ====* req_id_count= 17000 stream_id=67996 latency=0.553665 ms (tx_ts=157205070127620, rx_ts=157205070681285) request_id=873960 zil_blk_id=178577 ccf_commit_seqno=873960 nstreams_done_=17000 config.nstreams=20000 avg_latency=0.7158 ms avg throuhgput (requests/sec) = 86.9588 res=false
*==== INFO ====* req_id_count= 17500 stream_id=69996 latency=0.612515 ms (tx_ts=157210757199738, rx_ts=157210757812253) request_id=899540 zil_blk_id=183910 ccf_commit_seqno=899540 nstreams_done_=17500 config.nstreams=20000 avg_latency=0.7151 ms avg throuhgput (requests/sec) = 86.9859 res=false
*==== INFO ====* req_id_count= 18000 stream_id=71996 latency=0.733482 ms (tx_ts=157216468591382, rx_ts=157216469324864) request_id=925151 zil_blk_id=189269 ccf_commit_seqno=925156 nstreams_done_=18000 config.nstreams=20000 avg_latency=0.7153 ms avg throuhgput (requests/sec) = 87.0013 res=false
*==== INFO ====* req_id_count= 18500 stream_id=73996 latency=1.049984 ms (tx_ts=157222187069488, rx_ts=157222188119472) request_id=950797 zil_blk_id=194628 ccf_commit_seqno=950800 nstreams_done_=18500 config.nstreams=20000 avg_latency=0.7161 ms avg throuhgput (requests/sec) = 87.0128 res=false
*==== INFO ====* req_id_count= 19000 stream_id=75996 latency=0.769609 ms (tx_ts=157227903914893, rx_ts=157227904684502) request_id=976488 zil_blk_id=199985 ccf_commit_seqno=976488 nstreams_done_=19000 config.nstreams=20000 avg_latency=0.7160 ms avg throuhgput (requests/sec) = 87.0247 res=false
*==== INFO ====* req_id_count= 19500 stream_id=77996 latency=0.723443 ms (tx_ts=157233624091052, rx_ts=157233624814495) request_id=1002121 zil_blk_id=205346 ccf_commit_seqno=1002122 nstreams_done_=19500 config.nstreams=20000 avg_latency=0.7161 ms avg throuhgput (requests/sec) = 87.0345 res=false
*==== INFO ====* http_end_stream ALL streams done! nstreams_done_=20000 avg_latency=0.7156 msreq_id_count= 20000
*==== INFO ====* req_id_count= 20000 stream_id=79996 latency=0.679622 ms (tx_ts=157239353444299, rx_ts=157239354123921) request_id=1025511 zil_blk_id=210718 ccf_commit_seqno=1025512 nstreams_done_=20000 config.nstreams=20000 avg_latency=0.7156 ms avg throuhgput (requests/sec) = 87.0404 res=true
