Uniform: 495920 315439 764755 282752 262414 
Exponential: -2147483648 -2147483648 -2147483648 -2147483648 -2147483648 
Truncated Normal: 522042 430638 518757 737006 618932 
*==== INFO ====* req_id_count= 500 stream_id=1996 latency=0.970094 ms (tx_ts=157015538398753, rx_ts=157015539368847) request_id=25985 zil_blk_id=1996 ccf_commit_seqno=25986 nstreams_done_=500 config.nstreams=20000 avg_latency=0.8824 ms avg throuhgput (requests/sec) = 84.0304 res=false
*==== INFO ====* req_id_count= 1000 stream_id=3996 latency=0.663050 ms (tx_ts=157021534151796, rx_ts=157021534814846) request_id=52624 zil_blk_id=3996 ccf_commit_seqno=52624 nstreams_done_=1000 config.nstreams=20000 avg_latency=0.8989 ms avg throuhgput (requests/sec) = 83.7123 res=false
*==== INFO ====* req_id_count= 1500 stream_id=5996 latency=1.112462 ms (tx_ts=157027529812945, rx_ts=157027530925407) request_id=79316 zil_blk_id=5996 ccf_commit_seqno=79316 nstreams_done_=1500 config.nstreams=20000 avg_latency=0.9066 ms avg throuhgput (requests/sec) = 83.6037 res=false
*==== INFO ====* req_id_count= 2000 stream_id=7996 latency=0.728814 ms (tx_ts=157033525585494, rx_ts=157033526314308) request_id=105981 zil_blk_id=7996 ccf_commit_seqno=105981 nstreams_done_=2000 config.nstreams=20000 avg_latency=0.9088 ms avg throuhgput (requests/sec) = 83.5521 res=false
*==== INFO ====* req_id_count= 2500 stream_id=9996 latency=0.670765 ms (tx_ts=157039487753642, rx_ts=157039488424407) request_id=132625 zil_blk_id=9996 ccf_commit_seqno=132625 nstreams_done_=2500 config.nstreams=20000 avg_latency=0.9073 ms avg throuhgput (requests/sec) = 83.6141 res=false
*==== INFO ====* req_id_count= 3000 stream_id=11996 latency=0.705568 ms (tx_ts=157045444035975, rx_ts=157045444741543) request_id=159238 zil_blk_id=11996 ccf_commit_seqno=159238 nstreams_done_=3000 config.nstreams=20000 avg_latency=0.9084 ms avg throuhgput (requests/sec) = 83.6689 res=false
*==== INFO ====* req_id_count= 3500 stream_id=13996 latency=0.790108 ms (tx_ts=157051396374749, rx_ts=157051397164857) request_id=185828 zil_blk_id=13996 ccf_commit_seqno=185828 nstreams_done_=3500 config.nstreams=20000 avg_latency=0.9107 ms avg throuhgput (requests/sec) = 83.7160 res=false
*==== INFO ====* req_id_count= 4000 stream_id=15996 latency=0.961167 ms (tx_ts=157057340029100, rx_ts=157057340990267) request_id=212367 zil_blk_id=15996 ccf_commit_seqno=212367 nstreams_done_=4000 config.nstreams=20000 avg_latency=0.9123 ms avg throuhgput (requests/sec) = 83.7664 res=false
*==== INFO ====* req_id_count= 4500 stream_id=17996 latency=0.875696 ms (tx_ts=157063291499599, rx_ts=157063292375295) request_id=238973 zil_blk_id=17996 ccf_commit_seqno=238973 nstreams_done_=4500 config.nstreams=20000 avg_latency=0.9118 ms avg throuhgput (requests/sec) = 83.7938 res=false
*==== INFO ====* req_id_count= 5000 stream_id=19996 latency=0.870667 ms (tx_ts=157069255158063, rx_ts=157069256028730) request_id=265629 zil_blk_id=19996 ccf_commit_seqno=265629 nstreams_done_=5000 config.nstreams=20000 avg_latency=0.9101 ms avg throuhgput (requests/sec) = 83.7986 res=false
*==== INFO ====* req_id_count= 5500 stream_id=21996 latency=0.928280 ms (tx_ts=157075221731575, rx_ts=157075222659855) request_id=292289 zil_blk_id=21996 ccf_commit_seqno=292289 nstreams_done_=5500 config.nstreams=20000 avg_latency=0.9112 ms avg throuhgput (requests/sec) = 83.7986 res=false
*==== INFO ====* req_id_count= 6000 stream_id=23996 latency=0.907387 ms (tx_ts=157081174218512, rx_ts=157081175125899) request_id=318951 zil_blk_id=23996 ccf_commit_seqno=318952 nstreams_done_=6000 config.nstreams=20000 avg_latency=0.9104 ms avg throuhgput (requests/sec) = 83.8153 res=false
*==== INFO ====* req_id_count= 6500 stream_id=25996 latency=0.979453 ms (tx_ts=157087109167916, rx_ts=157087110147369) request_id=345558 zil_blk_id=25996 ccf_commit_seqno=345560 nstreams_done_=6500 config.nstreams=20000 avg_latency=0.9092 ms avg throuhgput (requests/sec) = 83.8482 res=false
*==== INFO ====* req_id_count= 7000 stream_id=27996 latency=0.900534 ms (tx_ts=157093052379418, rx_ts=157093053279952) request_id=372167 zil_blk_id=27996 ccf_commit_seqno=372169 nstreams_done_=7000 config.nstreams=20000 avg_latency=0.9077 ms avg throuhgput (requests/sec) = 83.8684 res=false
*==== INFO ====* req_id_count= 7500 stream_id=29996 latency=3.052909 ms (tx_ts=157099012860558, rx_ts=157099015913467) request_id=398865 zil_blk_id=29996 ccf_commit_seqno=398867 nstreams_done_=7500 config.nstreams=20000 avg_latency=0.9073 ms avg throuhgput (requests/sec) = 83.8675 res=false
*==== INFO ====* req_id_count= 8000 stream_id=31996 latency=0.862923 ms (tx_ts=157104985723447, rx_ts=157104986586370) request_id=425520 zil_blk_id=31996 ccf_commit_seqno=425523 nstreams_done_=8000 config.nstreams=20000 avg_latency=0.9077 ms avg throuhgput (requests/sec) = 83.8597 res=false
*==== INFO ====* req_id_count= 8500 stream_id=33996 latency=0.991123 ms (tx_ts=157110944221055, rx_ts=157110945212178) request_id=452162 zil_blk_id=33996 ccf_commit_seqno=452166 nstreams_done_=8500 config.nstreams=20000 avg_latency=0.9078 ms avg throuhgput (requests/sec) = 83.8628 res=false
*==== INFO ====* req_id_count= 9000 stream_id=35996 latency=0.933129 ms (tx_ts=157116893429408, rx_ts=157116894362537) request_id=478830 zil_blk_id=35996 ccf_commit_seqno=478831 nstreams_done_=9000 config.nstreams=20000 avg_latency=0.9066 ms avg throuhgput (requests/sec) = 83.8729 res=false
*==== INFO ====* req_id_count= 9500 stream_id=37996 latency=0.816216 ms (tx_ts=157122885842685, rx_ts=157122886658901) request_id=505480 zil_blk_id=37996 ccf_commit_seqno=505481 nstreams_done_=9500 config.nstreams=20000 avg_latency=0.9103 ms avg throuhgput (requests/sec) = 83.8500 res=false
*==== INFO ====* req_id_count= 10000 stream_id=39996 latency=0.838560 ms (tx_ts=157128849014978, rx_ts=157128849853538) request_id=532203 zil_blk_id=39996 ccf_commit_seqno=532204 nstreams_done_=10000 config.nstreams=20000 avg_latency=0.9092 ms avg throuhgput (requests/sec) = 83.8499 res=false
*==== INFO ====* req_id_count= 10500 stream_id=41996 latency=0.955597 ms (tx_ts=157134802170396, rx_ts=157134803125993) request_id=558933 zil_blk_id=41996 ccf_commit_seqno=558934 nstreams_done_=10500 config.nstreams=20000 avg_latency=0.9065 ms avg throuhgput (requests/sec) = 83.8564 res=false
*==== INFO ====* req_id_count= 11000 stream_id=43996 latency=0.942814 ms (tx_ts=157140762374469, rx_ts=157140763317283) request_id=585706 zil_blk_id=43996 ccf_commit_seqno=585708 nstreams_done_=11000 config.nstreams=20000 avg_latency=0.9051 ms avg throuhgput (requests/sec) = 83.8580 res=false
*==== INFO ====* req_id_count= 11500 stream_id=45996 latency=1.167580 ms (tx_ts=157146727593339, rx_ts=157146728760919) request_id=612386 zil_blk_id=45996 ccf_commit_seqno=612390 nstreams_done_=11500 config.nstreams=20000 avg_latency=0.9052 ms avg throuhgput (requests/sec) = 83.8561 res=false
*==== INFO ====* req_id_count= 12000 stream_id=47996 latency=0.816447 ms (tx_ts=157152669943868, rx_ts=157152670760315) request_id=639056 zil_blk_id=47996 ccf_commit_seqno=639057 nstreams_done_=12000 config.nstreams=20000 avg_latency=0.9044 ms avg throuhgput (requests/sec) = 83.8682 res=false
*==== INFO ====* req_id_count= 12500 stream_id=49996 latency=1.628947 ms (tx_ts=157158635150203, rx_ts=157158636779150) request_id=665802 zil_blk_id=49996 ccf_commit_seqno=665802 nstreams_done_=12500 config.nstreams=20000 avg_latency=0.9039 ms avg throuhgput (requests/sec) = 83.8658 res=false
*==== INFO ====* req_id_count= 13000 stream_id=51996 latency=0.875668 ms (tx_ts=157164574774453, rx_ts=157164575650121) request_id=692450 zil_blk_id=51996 ccf_commit_seqno=692450 nstreams_done_=13000 config.nstreams=20000 avg_latency=0.9025 ms avg throuhgput (requests/sec) = 83.8783 res=false
*==== INFO ====* req_id_count= 13500 stream_id=53996 latency=0.841433 ms (tx_ts=157170390640145, rx_ts=157170391481578) request_id=718501 zil_blk_id=53996 ccf_commit_seqno=718502 nstreams_done_=13500 config.nstreams=20000 avg_latency=0.9016 ms avg throuhgput (requests/sec) = 83.9540 res=false
*==== INFO ====* req_id_count= 14000 stream_id=55996 latency=0.927094 ms (tx_ts=157176212290923, rx_ts=157176213218017) request_id=744537 zil_blk_id=55996 ccf_commit_seqno=744537 nstreams_done_=14000 config.nstreams=20000 avg_latency=0.9020 ms avg throuhgput (requests/sec) = 84.0215 res=false
*==== INFO ====* req_id_count= 14500 stream_id=57996 latency=0.696413 ms (tx_ts=157182057232180, rx_ts=157182057928593) request_id=770719 zil_blk_id=57996 ccf_commit_seqno=770719 nstreams_done_=14500 config.nstreams=20000 avg_latency=0.9020 ms avg throuhgput (requests/sec) = 84.0732 res=false
*==== INFO ====* req_id_count= 15000 stream_id=59996 latency=0.823660 ms (tx_ts=157187896539818, rx_ts=157187897363478) request_id=796962 zil_blk_id=59996 ccf_commit_seqno=796962 nstreams_done_=15000 config.nstreams=20000 avg_latency=0.9018 ms avg throuhgput (requests/sec) = 84.1240 res=false
*==== INFO ====* req_id_count= 15500 stream_id=61996 latency=0.747938 ms (tx_ts=157193722054394, rx_ts=157193722802332) request_id=823045 zil_blk_id=61996 ccf_commit_seqno=823046 nstreams_done_=15500 config.nstreams=20000 avg_latency=0.9021 ms avg throuhgput (requests/sec) = 84.1780 res=false
*==== INFO ====* req_id_count= 16000 stream_id=63996 latency=0.791190 ms (tx_ts=157199535090127, rx_ts=157199535881317) request_id=849103 zil_blk_id=63996 ccf_commit_seqno=849103 nstreams_done_=16000 config.nstreams=20000 avg_latency=0.9010 ms avg throuhgput (requests/sec) = 84.2341 res=false
*==== INFO ====* req_id_count= 16500 stream_id=65996 latency=0.756404 ms (tx_ts=157205355048690, rx_ts=157205355805094) request_id=875239 zil_blk_id=65996 ccf_commit_seqno=875240 nstreams_done_=16500 config.nstreams=20000 avg_latency=0.9006 ms avg throuhgput (requests/sec) = 84.2840 res=false
*==== INFO ====* req_id_count= 17000 stream_id=67996 latency=0.837666 ms (tx_ts=157211156268047, rx_ts=157211157105713) request_id=901327 zil_blk_id=67996 ccf_commit_seqno=901331 nstreams_done_=17000 config.nstreams=20000 avg_latency=0.8995 ms avg throuhgput (requests/sec) = 84.3388 res=false
*==== INFO ====* req_id_count= 17500 stream_id=69996 latency=0.672798 ms (tx_ts=157216970320492, rx_ts=157216970993290) request_id=927407 zil_blk_id=69996 ccf_commit_seqno=927407 nstreams_done_=17500 config.nstreams=20000 avg_latency=0.8982 ms avg throuhgput (requests/sec) = 84.3854 res=false
*==== INFO ====* req_id_count= 18000 stream_id=71996 latency=1.009695 ms (tx_ts=157222792438365, rx_ts=157222793448060) request_id=953516 zil_blk_id=71996 ccf_commit_seqno=953517 nstreams_done_=18000 config.nstreams=20000 avg_latency=0.8987 ms avg throuhgput (requests/sec) = 84.4261 res=false
*==== INFO ====* req_id_count= 18500 stream_id=73996 latency=1.252652 ms (tx_ts=157228600865699, rx_ts=157228602118351) request_id=979627 zil_blk_id=73996 ccf_commit_seqno=979628 nstreams_done_=18500 config.nstreams=20000 avg_latency=0.8976 ms avg throuhgput (requests/sec) = 84.4699 res=false
*==== INFO ====* req_id_count= 19000 stream_id=75996 latency=0.678849 ms (tx_ts=157234449940205, rx_ts=157234450619054) request_id=1005834 zil_blk_id=75996 ccf_commit_seqno=1005834 nstreams_done_=19000 config.nstreams=20000 avg_latency=0.8980 ms avg throuhgput (requests/sec) = 84.4965 res=false
*==== INFO ====* req_id_count= 19500 stream_id=77996 latency=0.674743 ms (tx_ts=157240268635242, rx_ts=157240269309985) request_id=1028434 zil_blk_id=77996 ccf_commit_seqno=1028434 nstreams_done_=19500 config.nstreams=20000 avg_latency=0.8969 ms avg throuhgput (requests/sec) = 84.5326 res=false
*==== INFO ====* http_end_stream ALL streams done! nstreams_done_=20000 avg_latency=0.8940 msreq_id_count= 20000
*==== INFO ====* req_id_count= 20000 stream_id=79996 latency=0.660275 ms (tx_ts=157246206869530, rx_ts=157246207529805) request_id=1038438 zil_blk_id=79996 ccf_commit_seqno=1038438 nstreams_done_=20000 config.nstreams=20000 avg_latency=0.8940 ms avg throuhgput (requests/sec) = 84.5243 res=true
