Uniform: 673200 674921 944160 183029 305962 
Exponential: -2147483648 -2147483648 -2147483648 -2147483648 -2147483648 
Truncated Normal: 385382 440414 638574 177431 644574 
*==== INFO ====* req_id_count= 500 stream_id=1996 latency=0.762347 ms (tx_ts=160083940872790, rx_ts=160083941635137) request_id=7132 zil_blk_id=5153 ccf_commit_seqno=7132 nstreams_done_=500 config.nstreams=50000 avg_latency=0.6365 ms avg throuhgput (requests/sec) = 91.1705 res=false
*==== INFO ====* req_id_count= 1000 stream_id=3996 latency=0.520895 ms (tx_ts=160089443689755, rx_ts=160089444210650) request_id=11116 zil_blk_id=10312 ccf_commit_seqno=11116 nstreams_done_=1000 config.nstreams=50000 avg_latency=0.6381 ms avg throuhgput (requests/sec) = 91.0183 res=false
*==== INFO ====* req_id_count= 1500 stream_id=5996 latency=0.536463 ms (tx_ts=160094931547182, rx_ts=160094932083645) request_id=15096 zil_blk_id=15459 ccf_commit_seqno=15096 nstreams_done_=1500 config.nstreams=50000 avg_latency=0.6282 ms avg throuhgput (requests/sec) = 91.0488 res=false
*==== INFO ====* req_id_count= 2000 stream_id=7996 latency=0.686755 ms (tx_ts=160100439578977, rx_ts=160100440265732) request_id=19087 zil_blk_id=20624 ccf_commit_seqno=19087 nstreams_done_=2000 config.nstreams=50000 avg_latency=0.6334 ms avg throuhgput (requests/sec) = 90.9800 res=false
*==== INFO ====* req_id_count= 2500 stream_id=9996 latency=2.484418 ms (tx_ts=160105931930330, rx_ts=160105934414748) request_id=23064 zil_blk_id=25771 ccf_commit_seqno=23064 nstreams_done_=2500 config.nstreams=50000 avg_latency=0.6307 ms avg throuhgput (requests/sec) = 90.9852 res=false
*==== INFO ====* req_id_count= 3000 stream_id=11996 latency=0.529090 ms (tx_ts=160111413548840, rx_ts=160111414077930) request_id=27029 zil_blk_id=30913 ccf_commit_seqno=27029 nstreams_done_=3000 config.nstreams=50000 avg_latency=0.6250 ms avg throuhgput (requests/sec) = 91.0286 res=false
*==== INFO ====* req_id_count= 3500 stream_id=13996 latency=0.582619 ms (tx_ts=160116928730471, rx_ts=160116929313090) request_id=31020 zil_blk_id=36083 ccf_commit_seqno=31020 nstreams_done_=3500 config.nstreams=50000 avg_latency=0.6253 ms avg throuhgput (requests/sec) = 90.9755 res=false
*==== INFO ====* req_id_count= 4000 stream_id=15996 latency=0.525183 ms (tx_ts=160122404151280, rx_ts=160122404676463) request_id=34992 zil_blk_id=41217 ccf_commit_seqno=34992 nstreams_done_=4000 config.nstreams=50000 avg_latency=0.6193 ms avg throuhgput (requests/sec) = 91.0182 res=false
*==== INFO ====* req_id_count= 4500 stream_id=17996 latency=0.532316 ms (tx_ts=160128134993653, rx_ts=160128135525969) request_id=39013 zil_blk_id=46593 ccf_commit_seqno=39013 nstreams_done_=4500 config.nstreams=50000 avg_latency=0.6185 ms avg throuhgput (requests/sec) = 90.5831 res=false
*==== INFO ====* req_id_count= 5000 stream_id=19996 latency=0.479156 ms (tx_ts=160133638051669, rx_ts=160133638530825) request_id=42819 zil_blk_id=51755 ccf_commit_seqno=42819 nstreams_done_=5000 config.nstreams=50000 avg_latency=0.6193 ms avg throuhgput (requests/sec) = 90.6107 res=false
*==== INFO ====* req_id_count= 5500 stream_id=21996 latency=0.606775 ms (tx_ts=160139120463300, rx_ts=160139121070075) request_id=46677 zil_blk_id=56899 ccf_commit_seqno=46677 nstreams_done_=5500 config.nstreams=50000 avg_latency=0.6157 ms avg throuhgput (requests/sec) = 90.6638 res=false
*==== INFO ====* req_id_count= 6000 stream_id=23996 latency=0.485348 ms (tx_ts=160144615093465, rx_ts=160144615578813) request_id=50544 zil_blk_id=62051 ccf_commit_seqno=50544 nstreams_done_=6000 config.nstreams=50000 avg_latency=0.6160 ms avg throuhgput (requests/sec) = 90.6917 res=false
*==== INFO ====* req_id_count= 6500 stream_id=25996 latency=0.567301 ms (tx_ts=160150121515349, rx_ts=160150122082650) request_id=54440 zil_blk_id=67216 ccf_commit_seqno=54440 nstreams_done_=6500 config.nstreams=50000 avg_latency=0.6183 ms avg throuhgput (requests/sec) = 90.7002 res=false
*==== INFO ====* req_id_count= 7000 stream_id=27996 latency=0.503131 ms (tx_ts=160155608356190, rx_ts=160155608859321) request_id=58350 zil_blk_id=72365 ccf_commit_seqno=58350 nstreams_done_=7000 config.nstreams=50000 avg_latency=0.6169 ms avg throuhgput (requests/sec) = 90.7306 res=false
*==== INFO ====* req_id_count= 7500 stream_id=29996 latency=0.555940 ms (tx_ts=160161100531681, rx_ts=160161101087621) request_id=62289 zil_blk_id=77522 ccf_commit_seqno=62289 nstreams_done_=7500 config.nstreams=50000 avg_latency=0.6166 ms avg throuhgput (requests/sec) = 90.7510 res=false
*==== INFO ====* req_id_count= 8000 stream_id=31996 latency=0.554467 ms (tx_ts=160166600781046, rx_ts=160166601335513) request_id=66243 zil_blk_id=82688 ccf_commit_seqno=66243 nstreams_done_=8000 config.nstreams=50000 avg_latency=0.6177 ms avg throuhgput (requests/sec) = 90.7606 res=false
*==== INFO ====* req_id_count= 8500 stream_id=33996 latency=0.504093 ms (tx_ts=160172108812747, rx_ts=160172109316840) request_id=70233 zil_blk_id=87856 ccf_commit_seqno=70233 nstreams_done_=8500 config.nstreams=50000 avg_latency=0.6189 ms avg throuhgput (requests/sec) = 90.7616 res=false
*==== INFO ====* req_id_count= 9000 stream_id=35996 latency=0.534219 ms (tx_ts=160177628387831, rx_ts=160177628922050) request_id=74227 zil_blk_id=93036 ccf_commit_seqno=74227 nstreams_done_=9000 config.nstreams=50000 avg_latency=0.6209 ms avg throuhgput (requests/sec) = 90.7519 res=false
*==== INFO ====* req_id_count= 9500 stream_id=37996 latency=0.568012 ms (tx_ts=160183111496082, rx_ts=160183112064094) request_id=78205 zil_blk_id=98183 ccf_commit_seqno=78205 nstreams_done_=9500 config.nstreams=50000 avg_latency=0.6195 ms avg throuhgput (requests/sec) = 90.7747 res=false
*==== INFO ====* req_id_count= 10000 stream_id=39996 latency=0.549888 ms (tx_ts=160188573288530, rx_ts=160188573838418) request_id=82171 zil_blk_id=103309 ccf_commit_seqno=82171 nstreams_done_=10000 config.nstreams=50000 avg_latency=0.6167 ms avg throuhgput (requests/sec) = 90.8130 res=false
*==== INFO ====* req_id_count= 10500 stream_id=41996 latency=0.557672 ms (tx_ts=160194058419961, rx_ts=160194058977633) request_id=86151 zil_blk_id=108459 ccf_commit_seqno=86151 nstreams_done_=10500 config.nstreams=50000 avg_latency=0.6163 ms avg throuhgput (requests/sec) = 90.8292 res=false
*==== INFO ====* req_id_count= 11000 stream_id=43996 latency=1.112881 ms (tx_ts=160199550965869, rx_ts=160199552078750) request_id=90134 zil_blk_id=113617 ccf_commit_seqno=90134 nstreams_done_=11000 config.nstreams=50000 avg_latency=0.6166 ms avg throuhgput (requests/sec) = 90.8380 res=false
*==== INFO ====* req_id_count= 11500 stream_id=45996 latency=0.508881 ms (tx_ts=160205042836245, rx_ts=160205043345126) request_id=94116 zil_blk_id=118772 ccf_commit_seqno=94116 nstreams_done_=11500 config.nstreams=50000 avg_latency=0.6165 ms avg throuhgput (requests/sec) = 90.8474 res=false
*==== INFO ====* req_id_count= 12000 stream_id=47996 latency=0.521115 ms (tx_ts=160210509451143, rx_ts=160210509972258) request_id=98087 zil_blk_id=123904 ccf_commit_seqno=98087 nstreams_done_=12000 config.nstreams=50000 avg_latency=0.6148 ms avg throuhgput (requests/sec) = 90.8729 res=false
*==== INFO ====* req_id_count= 12500 stream_id=49996 latency=0.568022 ms (tx_ts=160216007325227, rx_ts=160216007893249) request_id=102073 zil_blk_id=129070 ccf_commit_seqno=102073 nstreams_done_=12500 config.nstreams=50000 avg_latency=0.6154 ms avg throuhgput (requests/sec) = 90.8757 res=false
*==== INFO ====* req_id_count= 13000 stream_id=51996 latency=0.616744 ms (tx_ts=160221515636697, rx_ts=160221516253441) request_id=106063 zil_blk_id=134240 ccf_commit_seqno=106063 nstreams_done_=13000 config.nstreams=50000 avg_latency=0.6164 ms avg throuhgput (requests/sec) = 90.8717 res=false
*==== INFO ====* req_id_count= 13500 stream_id=53996 latency=0.528909 ms (tx_ts=160227020267321, rx_ts=160227020796230) request_id=110050 zil_blk_id=139406 ccf_commit_seqno=110050 nstreams_done_=13500 config.nstreams=50000 avg_latency=0.6171 ms avg throuhgput (requests/sec) = 90.8703 res=false
*==== INFO ====* req_id_count= 14000 stream_id=55996 latency=0.546793 ms (tx_ts=160232501039301, rx_ts=160232501586094) request_id=114029 zil_blk_id=144554 ccf_commit_seqno=114029 nstreams_done_=14000 config.nstreams=50000 avg_latency=0.6162 ms avg throuhgput (requests/sec) = 90.8830 res=false
*==== INFO ====* req_id_count= 14500 stream_id=57996 latency=0.683008 ms (tx_ts=160237996614432, rx_ts=160237997297440) request_id=118017 zil_blk_id=149709 ccf_commit_seqno=118017 nstreams_done_=14500 config.nstreams=50000 avg_latency=0.6163 ms avg throuhgput (requests/sec) = 90.8864 res=false
*==== INFO ====* req_id_count= 15000 stream_id=59996 latency=0.536954 ms (tx_ts=160243486453529, rx_ts=160243486990483) request_id=121997 zil_blk_id=154857 ccf_commit_seqno=121997 nstreams_done_=15000 config.nstreams=50000 avg_latency=0.6162 ms avg throuhgput (requests/sec) = 90.8928 res=false
*==== INFO ====* req_id_count= 15500 stream_id=61996 latency=0.542662 ms (tx_ts=160248985686542, rx_ts=160248986229204) request_id=125978 zil_blk_id=160022 ccf_commit_seqno=125978 nstreams_done_=15500 config.nstreams=50000 avg_latency=0.6162 ms avg throuhgput (requests/sec) = 90.8937 res=false
*==== INFO ====* req_id_count= 16000 stream_id=63996 latency=0.520713 ms (tx_ts=160254484686904, rx_ts=160254485207617) request_id=129965 zil_blk_id=165185 ccf_commit_seqno=129965 nstreams_done_=16000 config.nstreams=50000 avg_latency=0.6165 ms avg throuhgput (requests/sec) = 90.8947 res=false
*==== INFO ====* req_id_count= 16500 stream_id=65996 latency=0.533087 ms (tx_ts=160259982719138, rx_ts=160259983252225) request_id=133949 zil_blk_id=170352 ccf_commit_seqno=133949 nstreams_done_=16500 config.nstreams=50000 avg_latency=0.6165 ms avg throuhgput (requests/sec) = 90.8961 res=false
*==== INFO ====* req_id_count= 17000 stream_id=67996 latency=0.701442 ms (tx_ts=160265467905404, rx_ts=160265468606846) request_id=137930 zil_blk_id=175504 ccf_commit_seqno=137930 nstreams_done_=17000 config.nstreams=50000 avg_latency=0.6163 ms avg throuhgput (requests/sec) = 90.9036 res=false
*==== INFO ====* req_id_count= 17500 stream_id=69996 latency=0.524732 ms (tx_ts=160270937733634, rx_ts=160270938258366) request_id=141901 zil_blk_id=180636 ccf_commit_seqno=141901 nstreams_done_=17500 config.nstreams=50000 avg_latency=0.6150 ms avg throuhgput (requests/sec) = 90.9181 res=false
*==== INFO ====* req_id_count= 18000 stream_id=71996 latency=0.548606 ms (tx_ts=160276418165125, rx_ts=160276418713731) request_id=145876 zil_blk_id=185786 ccf_commit_seqno=145876 nstreams_done_=18000 config.nstreams=50000 avg_latency=0.6143 ms avg throuhgput (requests/sec) = 90.9269 res=false
*==== INFO ====* req_id_count= 18500 stream_id=73996 latency=0.511980 ms (tx_ts=160281900974525, rx_ts=160281901486505) request_id=149858 zil_blk_id=190931 ccf_commit_seqno=149858 nstreams_done_=18500 config.nstreams=50000 avg_latency=0.6138 ms avg throuhgput (requests/sec) = 90.9341 res=false
*==== INFO ====* req_id_count= 19000 stream_id=75996 latency=0.510144 ms (tx_ts=160287388401261, rx_ts=160287388911405) request_id=153830 zil_blk_id=196084 ccf_commit_seqno=153830 nstreams_done_=19000 config.nstreams=50000 avg_latency=0.6138 ms avg throuhgput (requests/sec) = 90.9389 res=false
*==== INFO ====* req_id_count= 19500 stream_id=77996 latency=0.515925 ms (tx_ts=160292889283901, rx_ts=160292889799826) request_id=157821 zil_blk_id=201245 ccf_commit_seqno=157821 nstreams_done_=19500 config.nstreams=50000 avg_latency=0.6143 ms avg throuhgput (requests/sec) = 90.9378 res=false
*==== INFO ====* req_id_count= 20000 stream_id=79996 latency=0.532638 ms (tx_ts=160298357456358, rx_ts=160298357988996) request_id=161783 zil_blk_id=206372 ccf_commit_seqno=161783 nstreams_done_=20000 config.nstreams=50000 avg_latency=0.6133 ms avg throuhgput (requests/sec) = 90.9502 res=false
*==== INFO ====* req_id_count= 20500 stream_id=81996 latency=0.537756 ms (tx_ts=160303852973937, rx_ts=160303853511693) request_id=165762 zil_blk_id=211534 ccf_commit_seqno=165762 nstreams_done_=20500 config.nstreams=50000 avg_latency=0.6137 ms avg throuhgput (requests/sec) = 90.9510 res=false
*==== INFO ====* req_id_count= 21000 stream_id=83996 latency=0.594852 ms (tx_ts=160309338565790, rx_ts=160309339160642) request_id=169737 zil_blk_id=216686 ccf_commit_seqno=169737 nstreams_done_=21000 config.nstreams=50000 avg_latency=0.6132 ms avg throuhgput (requests/sec) = 90.9556 res=false
*==== INFO ====* req_id_count= 21500 stream_id=85996 latency=0.530923 ms (tx_ts=160314817767117, rx_ts=160314818298040) request_id=173715 zil_blk_id=221832 ccf_commit_seqno=173715 nstreams_done_=21500 config.nstreams=50000 avg_latency=0.6125 ms avg throuhgput (requests/sec) = 90.9626 res=false
*==== INFO ====* req_id_count= 22000 stream_id=87996 latency=2.023043 ms (tx_ts=160320303021060, rx_ts=160320305044103) request_id=177688 zil_blk_id=226976 ccf_commit_seqno=177688 nstreams_done_=22000 config.nstreams=50000 avg_latency=0.6122 ms avg throuhgput (requests/sec) = 90.9664 res=false
*==== INFO ====* req_id_count= 22500 stream_id=89996 latency=0.567172 ms (tx_ts=160325803978456, rx_ts=160325804545628) request_id=181679 zil_blk_id=232132 ccf_commit_seqno=181679 nstreams_done_=22500 config.nstreams=50000 avg_latency=0.6122 ms avg throuhgput (requests/sec) = 90.9653 res=false
*==== INFO ====* req_id_count= 23000 stream_id=91996 latency=0.538216 ms (tx_ts=160331589659654, rx_ts=160331590197870) request_id=185843 zil_blk_id=237561 ccf_commit_seqno=185843 nstreams_done_=23000 config.nstreams=50000 avg_latency=0.6125 ms avg throuhgput (requests/sec) = 90.8614 res=false
*==== INFO ====* req_id_count= 23500 stream_id=93996 latency=0.652179 ms (tx_ts=160337075645113, rx_ts=160337076297292) request_id=189822 zil_blk_id=242713 ccf_commit_seqno=189822 nstreams_done_=23500 config.nstreams=50000 avg_latency=0.6125 ms avg throuhgput (requests/sec) = 90.8673 res=false
*==== INFO ====* req_id_count= 24000 stream_id=95996 latency=0.519101 ms (tx_ts=160342552107376, rx_ts=160342552626477) request_id=193799 zil_blk_id=247859 ccf_commit_seqno=193799 nstreams_done_=24000 config.nstreams=50000 avg_latency=0.6118 ms avg throuhgput (requests/sec) = 90.8763 res=false
*==== INFO ====* req_id_count= 24500 stream_id=97996 latency=0.528969 ms (tx_ts=160348047060814, rx_ts=160348047589783) request_id=197770 zil_blk_id=253017 ccf_commit_seqno=197770 nstreams_done_=24500 config.nstreams=50000 avg_latency=0.6118 ms avg throuhgput (requests/sec) = 90.8787 res=false
*==== INFO ====* req_id_count= 25000 stream_id=99996 latency=0.584223 ms (tx_ts=160353535127016, rx_ts=160353535711239) request_id=201744 zil_blk_id=258167 ccf_commit_seqno=201744 nstreams_done_=25000 config.nstreams=50000 avg_latency=0.6116 ms avg throuhgput (requests/sec) = 90.8832 res=false
*==== INFO ====* req_id_count= 25500 stream_id=101996 latency=0.495677 ms (tx_ts=160359002461404, rx_ts=160359002957081) request_id=205709 zil_blk_id=263297 ccf_commit_seqno=205709 nstreams_done_=25500 config.nstreams=50000 avg_latency=0.6111 ms avg throuhgput (requests/sec) = 90.8943 res=false
*==== INFO ====* req_id_count= 26000 stream_id=103996 latency=0.507138 ms (tx_ts=160364492241449, rx_ts=160364492748587) request_id=209688 zil_blk_id=268450 ccf_commit_seqno=209688 nstreams_done_=26000 config.nstreams=50000 avg_latency=0.6111 ms avg throuhgput (requests/sec) = 90.8979 res=false
*==== INFO ====* req_id_count= 26500 stream_id=105996 latency=0.536403 ms (tx_ts=160369969576625, rx_ts=160369970113028) request_id=213648 zil_blk_id=273590 ccf_commit_seqno=213648 nstreams_done_=26500 config.nstreams=50000 avg_latency=0.6108 ms avg throuhgput (requests/sec) = 90.9051 res=false
*==== INFO ====* req_id_count= 27000 stream_id=107996 latency=0.535791 ms (tx_ts=160375460558636, rx_ts=160375461094427) request_id=217626 zil_blk_id=278740 ccf_commit_seqno=217626 nstreams_done_=27000 config.nstreams=50000 avg_latency=0.6108 ms avg throuhgput (requests/sec) = 90.9080 res=false
*==== INFO ====* req_id_count= 27500 stream_id=109996 latency=0.528809 ms (tx_ts=160380945287347, rx_ts=160380945816156) request_id=221603 zil_blk_id=283887 ccf_commit_seqno=221603 nstreams_done_=27500 config.nstreams=50000 avg_latency=0.6105 ms avg throuhgput (requests/sec) = 90.9126 res=false
*==== INFO ====* req_id_count= 28000 stream_id=111996 latency=0.536172 ms (tx_ts=160386442365180, rx_ts=160386442901352) request_id=225591 zil_blk_id=289045 ccf_commit_seqno=225591 nstreams_done_=28000 config.nstreams=50000 avg_latency=0.6106 ms avg throuhgput (requests/sec) = 90.9134 res=false
*==== INFO ====* req_id_count= 28500 stream_id=113996 latency=0.518049 ms (tx_ts=160391929198309, rx_ts=160391929716358) request_id=229562 zil_blk_id=294192 ccf_commit_seqno=229562 nstreams_done_=28500 config.nstreams=50000 avg_latency=0.6104 ms avg throuhgput (requests/sec) = 90.9171 res=false
*==== INFO ====* req_id_count= 29000 stream_id=115996 latency=0.521856 ms (tx_ts=160397390435255, rx_ts=160397390957111) request_id=233531 zil_blk_id=299318 ccf_commit_seqno=233532 nstreams_done_=29000 config.nstreams=50000 avg_latency=0.6096 ms avg throuhgput (requests/sec) = 90.9280 res=false
*==== INFO ====* req_id_count= 29500 stream_id=117996 latency=0.564916 ms (tx_ts=160402873490204, rx_ts=160402874055120) request_id=237510 zil_blk_id=304463 ccf_commit_seqno=237510 nstreams_done_=29500 config.nstreams=50000 avg_latency=0.6092 ms avg throuhgput (requests/sec) = 90.9324 res=false
*==== INFO ====* req_id_count= 30000 stream_id=119996 latency=0.494776 ms (tx_ts=160408365797753, rx_ts=160408366292529) request_id=241485 zil_blk_id=309624 ccf_commit_seqno=241485 nstreams_done_=30000 config.nstreams=50000 avg_latency=0.6093 ms avg throuhgput (requests/sec) = 90.9342 res=false
*==== INFO ====* req_id_count= 30500 stream_id=121996 latency=0.519091 ms (tx_ts=160413864055395, rx_ts=160413864574486) request_id=245469 zil_blk_id=314784 ccf_commit_seqno=245469 nstreams_done_=30500 config.nstreams=50000 avg_latency=0.6096 ms avg throuhgput (requests/sec) = 90.9343 res=false
*==== INFO ====* req_id_count= 31000 stream_id=123996 latency=0.633304 ms (tx_ts=160419365411943, rx_ts=160419366045247) request_id=249457 zil_blk_id=319949 ccf_commit_seqno=249457 nstreams_done_=31000 config.nstreams=50000 avg_latency=0.6100 ms avg throuhgput (requests/sec) = 90.9335 res=false
*==== INFO ====* req_id_count= 31500 stream_id=125996 latency=0.593249 ms (tx_ts=160424835783133, rx_ts=160424836376382) request_id=253434 zil_blk_id=325080 ccf_commit_seqno=253434 nstreams_done_=31500 config.nstreams=50000 avg_latency=0.6095 ms avg throuhgput (requests/sec) = 90.9409 res=false
*==== INFO ====* req_id_count= 32000 stream_id=127996 latency=0.499584 ms (tx_ts=160430334651026, rx_ts=160430335150610) request_id=257421 zil_blk_id=330238 ccf_commit_seqno=257421 nstreams_done_=32000 config.nstreams=50000 avg_latency=0.6096 ms avg throuhgput (requests/sec) = 90.9407 res=false
*==== INFO ====* req_id_count= 32500 stream_id=129996 latency=0.547174 ms (tx_ts=160435825728210, rx_ts=160435826275384) request_id=261403 zil_blk_id=335387 ccf_commit_seqno=261403 nstreams_done_=32500 config.nstreams=50000 avg_latency=0.6098 ms avg throuhgput (requests/sec) = 90.9424 res=false
*==== INFO ====* req_id_count= 33000 stream_id=131996 latency=0.552693 ms (tx_ts=160441326267675, rx_ts=160441326820368) request_id=265390 zil_blk_id=340551 ccf_commit_seqno=265390 nstreams_done_=33000 config.nstreams=50000 avg_latency=0.6097 ms avg throuhgput (requests/sec) = 90.9418 res=false
*==== INFO ====* req_id_count= 33500 stream_id=133996 latency=0.524852 ms (tx_ts=160446804581844, rx_ts=160446805106696) request_id=269362 zil_blk_id=345693 ccf_commit_seqno=269362 nstreams_done_=33500 config.nstreams=50000 avg_latency=0.6096 ms avg throuhgput (requests/sec) = 90.9467 res=false
*==== INFO ====* req_id_count= 34000 stream_id=135996 latency=0.522457 ms (tx_ts=160452290149315, rx_ts=160452290671772) request_id=273344 zil_blk_id=350833 ccf_commit_seqno=273344 nstreams_done_=34000 config.nstreams=50000 avg_latency=0.6094 ms avg throuhgput (requests/sec) = 90.9496 res=false
*==== INFO ====* req_id_count= 34500 stream_id=137996 latency=0.927685 ms (tx_ts=160457786115931, rx_ts=160457787043616) request_id=277331 zil_blk_id=355981 ccf_commit_seqno=277331 nstreams_done_=34500 config.nstreams=50000 avg_latency=0.6097 ms avg throuhgput (requests/sec) = 90.9499 res=false
*==== INFO ====* req_id_count= 35000 stream_id=139996 latency=0.483995 ms (tx_ts=160463262326417, rx_ts=160463262810412) request_id=281309 zil_blk_id=361113 ccf_commit_seqno=281309 nstreams_done_=35000 config.nstreams=50000 avg_latency=0.6094 ms avg throuhgput (requests/sec) = 90.9551 res=false
*==== INFO ====* req_id_count= 35500 stream_id=141996 latency=0.528668 ms (tx_ts=160468766957767, rx_ts=160468767486435) request_id=285291 zil_blk_id=366271 ccf_commit_seqno=285291 nstreams_done_=35500 config.nstreams=50000 avg_latency=0.6097 ms avg throuhgput (requests/sec) = 90.9533 res=false
*==== INFO ====* req_id_count= 36000 stream_id=143996 latency=0.906165 ms (tx_ts=160474254386799, rx_ts=160474255292964) request_id=289268 zil_blk_id=371422 ccf_commit_seqno=289268 nstreams_done_=36000 config.nstreams=50000 avg_latency=0.6097 ms avg throuhgput (requests/sec) = 90.9555 res=false
*==== INFO ====* req_id_count= 36500 stream_id=145996 latency=0.549908 ms (tx_ts=160479772256798, rx_ts=160479772806706) request_id=293266 zil_blk_id=376602 ccf_commit_seqno=293266 nstreams_done_=36500 config.nstreams=50000 avg_latency=0.6104 ms avg throuhgput (requests/sec) = 90.9509 res=false
*==== INFO ====* req_id_count= 37000 stream_id=147996 latency=0.559015 ms (tx_ts=160485267556810, rx_ts=160485268115825) request_id=297252 zil_blk_id=381754 ccf_commit_seqno=297252 nstreams_done_=37000 config.nstreams=50000 avg_latency=0.6105 ms avg throuhgput (requests/sec) = 90.9514 res=false
*==== INFO ====* req_id_count= 37500 stream_id=149996 latency=0.546142 ms (tx_ts=160490786520990, rx_ts=160490787067132) request_id=301245 zil_blk_id=386936 ccf_commit_seqno=301245 nstreams_done_=37500 config.nstreams=50000 avg_latency=0.6111 ms avg throuhgput (requests/sec) = 90.9466 res=false
*==== INFO ====* req_id_count= 38000 stream_id=151996 latency=0.518160 ms (tx_ts=160496274622590, rx_ts=160496275140750) request_id=305221 zil_blk_id=392086 ccf_commit_seqno=305221 nstreams_done_=38000 config.nstreams=50000 avg_latency=0.6111 ms avg throuhgput (requests/sec) = 90.9487 res=false
*==== INFO ====* req_id_count= 38500 stream_id=153996 latency=0.486791 ms (tx_ts=160501750535304, rx_ts=160501751022095) request_id=309196 zil_blk_id=397227 ccf_commit_seqno=309196 nstreams_done_=38500 config.nstreams=50000 avg_latency=0.6107 ms avg throuhgput (requests/sec) = 90.9534 res=false
*==== INFO ====* req_id_count= 39000 stream_id=155996 latency=0.605793 ms (tx_ts=160507260974649, rx_ts=160507261580442) request_id=313185 zil_blk_id=402398 ccf_commit_seqno=313185 nstreams_done_=39000 config.nstreams=50000 avg_latency=0.6110 ms avg throuhgput (requests/sec) = 90.9506 res=false
*==== INFO ====* req_id_count= 39500 stream_id=157996 latency=0.536604 ms (tx_ts=160512751408190, rx_ts=160512751944794) request_id=317166 zil_blk_id=407548 ccf_commit_seqno=317166 nstreams_done_=39500 config.nstreams=50000 avg_latency=0.6108 ms avg throuhgput (requests/sec) = 90.9521 res=false
*==== INFO ====* req_id_count= 40000 stream_id=159996 latency=0.536123 ms (tx_ts=160518242634193, rx_ts=160518243170316) request_id=321140 zil_blk_id=412704 ccf_commit_seqno=321140 nstreams_done_=40000 config.nstreams=50000 avg_latency=0.6108 ms avg throuhgput (requests/sec) = 90.9534 res=false
*==== INFO ====* req_id_count= 40500 stream_id=161996 latency=0.558425 ms (tx_ts=160523724566016, rx_ts=160523725124441) request_id=325114 zil_blk_id=417855 ccf_commit_seqno=325114 nstreams_done_=40500 config.nstreams=50000 avg_latency=0.6106 ms avg throuhgput (requests/sec) = 90.9565 res=false
*==== INFO ====* req_id_count= 41000 stream_id=163996 latency=0.519061 ms (tx_ts=160529209854615, rx_ts=160529210373676) request_id=329089 zil_blk_id=423009 ccf_commit_seqno=329089 nstreams_done_=41000 config.nstreams=50000 avg_latency=0.6106 ms avg throuhgput (requests/sec) = 90.9589 res=false
*==== INFO ====* req_id_count= 41500 stream_id=165996 latency=0.522648 ms (tx_ts=160534705026035, rx_ts=160534705548683) request_id=333066 zil_blk_id=428172 ccf_commit_seqno=333066 nstreams_done_=41500 config.nstreams=50000 avg_latency=0.6107 ms avg throuhgput (requests/sec) = 90.9593 res=false
*==== INFO ====* req_id_count= 42000 stream_id=167996 latency=0.543306 ms (tx_ts=160540198242699, rx_ts=160540198786005) request_id=337040 zil_blk_id=433328 ccf_commit_seqno=337040 nstreams_done_=42000 config.nstreams=50000 avg_latency=0.6109 ms avg throuhgput (requests/sec) = 90.9600 res=false
*==== INFO ====* req_id_count= 42500 stream_id=169996 latency=0.584802 ms (tx_ts=160545682189181, rx_ts=160545682773983) request_id=341020 zil_blk_id=438471 ccf_commit_seqno=341021 nstreams_done_=42500 config.nstreams=50000 avg_latency=0.6106 ms avg throuhgput (requests/sec) = 90.9625 res=false
*==== INFO ====* req_id_count= 43000 stream_id=171996 latency=0.667889 ms (tx_ts=160551164513789, rx_ts=160551165181678) request_id=345000 zil_blk_id=443617 ccf_commit_seqno=345000 nstreams_done_=43000 config.nstreams=50000 avg_latency=0.6104 ms avg throuhgput (requests/sec) = 90.9653 res=false
*==== INFO ====* req_id_count= 43500 stream_id=173996 latency=0.572671 ms (tx_ts=160556648797098, rx_ts=160556649369769) request_id=348981 zil_blk_id=448763 ccf_commit_seqno=348981 nstreams_done_=43500 config.nstreams=50000 avg_latency=0.6103 ms avg throuhgput (requests/sec) = 90.9677 res=false
*==== INFO ====* req_id_count= 44000 stream_id=175996 latency=0.543627 ms (tx_ts=160562134528656, rx_ts=160562135072283) request_id=352959 zil_blk_id=453914 ccf_commit_seqno=352959 nstreams_done_=44000 config.nstreams=50000 avg_latency=0.6103 ms avg throuhgput (requests/sec) = 90.9697 res=false
*==== INFO ====* req_id_count= 44500 stream_id=177996 latency=2.199173 ms (tx_ts=160567646701535, rx_ts=160567648900708) request_id=356950 zil_blk_id=459082 ccf_commit_seqno=356951 nstreams_done_=44500 config.nstreams=50000 avg_latency=0.6107 ms avg throuhgput (requests/sec) = 90.9664 res=false
*==== INFO ====* req_id_count= 45000 stream_id=179996 latency=0.588321 ms (tx_ts=160573179965826, rx_ts=160573180554147) request_id=360962 zil_blk_id=464278 ccf_commit_seqno=360962 nstreams_done_=45000 config.nstreams=50000 avg_latency=0.6110 ms avg throuhgput (requests/sec) = 90.9600 res=false
*==== INFO ====* req_id_count= 45500 stream_id=181996 latency=0.624649 ms (tx_ts=160578646342735, rx_ts=160578646967384) request_id=364930 zil_blk_id=469406 ccf_commit_seqno=364930 nstreams_done_=45500 config.nstreams=50000 avg_latency=0.6107 ms avg throuhgput (requests/sec) = 90.9655 res=false
*==== INFO ====* req_id_count= 46000 stream_id=183996 latency=0.514883 ms (tx_ts=160584142538278, rx_ts=160584143053161) request_id=368885 zil_blk_id=474566 ccf_commit_seqno=368885 nstreams_done_=46000 config.nstreams=50000 avg_latency=0.6109 ms avg throuhgput (requests/sec) = 90.9656 res=false
*==== INFO ====* req_id_count= 46500 stream_id=185996 latency=0.519030 ms (tx_ts=160589630295456, rx_ts=160589630814486) request_id=372798 zil_blk_id=479717 ccf_commit_seqno=372798 nstreams_done_=46500 config.nstreams=50000 avg_latency=0.6108 ms avg throuhgput (requests/sec) = 90.9672 res=false
*==== INFO ====* req_id_count= 47000 stream_id=187996 latency=0.520915 ms (tx_ts=160595119380452, rx_ts=160595119901367) request_id=376726 zil_blk_id=484864 ccf_commit_seqno=376726 nstreams_done_=47000 config.nstreams=50000 avg_latency=0.6108 ms avg throuhgput (requests/sec) = 90.9685 res=false
*==== INFO ====* req_id_count= 47500 stream_id=189996 latency=0.602558 ms (tx_ts=160600603431518, rx_ts=160600604034076) request_id=380672 zil_blk_id=490009 ccf_commit_seqno=380672 nstreams_done_=47500 config.nstreams=50000 avg_latency=0.6106 ms avg throuhgput (requests/sec) = 90.9706 res=false
*==== INFO ====* req_id_count= 48000 stream_id=191996 latency=0.518440 ms (tx_ts=160606097537966, rx_ts=160606098056406) request_id=384641 zil_blk_id=495164 ccf_commit_seqno=384641 nstreams_done_=48000 config.nstreams=50000 avg_latency=0.6106 ms avg throuhgput (requests/sec) = 90.9710 res=false
*==== INFO ====* req_id_count= 48500 stream_id=193996 latency=0.535992 ms (tx_ts=160611580310496, rx_ts=160611580846488) request_id=388624 zil_blk_id=500305 ccf_commit_seqno=388624 nstreams_done_=48500 config.nstreams=50000 avg_latency=0.6103 ms avg throuhgput (requests/sec) = 90.9733 res=false
*==== INFO ====* req_id_count= 49000 stream_id=195996 latency=0.529450 ms (tx_ts=160617047931736, rx_ts=160617048461186) request_id=392599 zil_blk_id=505438 ccf_commit_seqno=392599 nstreams_done_=49000 config.nstreams=50000 avg_latency=0.6100 ms avg throuhgput (requests/sec) = 90.9781 res=false
*==== INFO ====* req_id_count= 49500 stream_id=197996 latency=0.543016 ms (tx_ts=160622543607621, rx_ts=160622544150637) request_id=396577 zil_blk_id=510595 ccf_commit_seqno=396577 nstreams_done_=49500 config.nstreams=50000 avg_latency=0.6100 ms avg throuhgput (requests/sec) = 90.9781 res=false
*==== INFO ====* http_end_stream ALL streams done! nstreams_done_=50000 avg_latency=0.6103 msreq_id_count= 50000
*==== INFO ====* req_id_count= 50000 stream_id=199996 latency=0.611484 ms (tx_ts=160628057612258, rx_ts=160628058223742) request_id=399695 zil_blk_id=515767 ccf_commit_seqno=399695 nstreams_done_=50000 config.nstreams=50000 avg_latency=0.6103 ms avg throuhgput (requests/sec) = 90.9751 res=true
ngtcp2_conn_read_pkt: ERR_DRAINING
