Uniform: 957725 44140 783574 464689 477616 
Exponential: -2147483648 -2147483648 -2147483648 -2147483648 -2147483648 
Truncated Normal: 116987 913826 730492 715287 691621 
*==== INFO ====* req_id_count= 500 stream_id=1996 latency=0.553836 ms (tx_ts=160078975565980, rx_ts=160078976119816) request_id=3538 zil_blk_id=500 ccf_commit_seqno=3538 nstreams_done_=500 config.nstreams=50000 avg_latency=0.6632 ms avg throuhgput (requests/sec) = 90.6873 res=false
*==== INFO ====* req_id_count= 1000 stream_id=3996 latency=0.721961 ms (tx_ts=160084523032750, rx_ts=160084523754711) request_id=7550 zil_blk_id=5706 ccf_commit_seqno=7550 nstreams_done_=1000 config.nstreams=50000 avg_latency=0.6665 ms avg throuhgput (requests/sec) = 90.4070 res=false
*==== INFO ====* req_id_count= 1500 stream_id=5996 latency=0.685653 ms (tx_ts=160090060312225, rx_ts=160090060997878) request_id=11561 zil_blk_id=10902 ccf_commit_seqno=11561 nstreams_done_=1500 config.nstreams=50000 avg_latency=0.6658 ms avg throuhgput (requests/sec) = 90.3705 res=false
*==== INFO ====* req_id_count= 2000 stream_id=7996 latency=0.612316 ms (tx_ts=160095608590573, rx_ts=160095609202889) request_id=15582 zil_blk_id=16106 ccf_commit_seqno=15582 nstreams_done_=2000 config.nstreams=50000 avg_latency=0.6654 ms avg throuhgput (requests/sec) = 90.3076 res=false
*==== INFO ====* req_id_count= 2500 stream_id=9996 latency=0.677227 ms (tx_ts=160101178906495, rx_ts=160101179583722) request_id=19616 zil_blk_id=21324 ccf_commit_seqno=19616 nstreams_done_=2500 config.nstreams=50000 avg_latency=0.6686 ms avg throuhgput (requests/sec) = 90.1976 res=false
*==== INFO ====* req_id_count= 3000 stream_id=11996 latency=0.629498 ms (tx_ts=160106744358855, rx_ts=160106744988353) request_id=23647 zil_blk_id=26539 ccf_commit_seqno=23647 nstreams_done_=3000 config.nstreams=50000 avg_latency=0.6694 ms avg throuhgput (requests/sec) = 90.1379 res=false
*==== INFO ====* req_id_count= 3500 stream_id=13996 latency=0.588791 ms (tx_ts=160112297128116, rx_ts=160112297716907) request_id=27666 zil_blk_id=31741 ccf_commit_seqno=27666 nstreams_done_=3500 config.nstreams=50000 avg_latency=0.6689 ms avg throuhgput (requests/sec) = 90.1248 res=false
*==== INFO ====* req_id_count= 4000 stream_id=15996 latency=0.577140 ms (tx_ts=160117841261643, rx_ts=160117841838783) request_id=31677 zil_blk_id=36944 ccf_commit_seqno=31677 nstreams_done_=4000 config.nstreams=50000 avg_latency=0.6665 ms avg throuhgput (requests/sec) = 90.1324 res=false
*==== INFO ====* req_id_count= 4500 stream_id=17996 latency=0.581168 ms (tx_ts=160123371315186, rx_ts=160123371896354) request_id=35689 zil_blk_id=42130 ccf_commit_seqno=35689 nstreams_done_=4500 config.nstreams=50000 avg_latency=0.6656 ms avg throuhgput (requests/sec) = 90.1637 res=false
*==== INFO ====* req_id_count= 5000 stream_id=19996 latency=0.549198 ms (tx_ts=160128909881545, rx_ts=160128910430743) request_id=39544 zil_blk_id=47325 ccf_commit_seqno=39544 nstreams_done_=5000 config.nstreams=50000 avg_latency=0.6654 ms avg throuhgput (requests/sec) = 90.1750 res=false
*==== INFO ====* req_id_count= 5500 stream_id=21996 latency=0.578612 ms (tx_ts=160134444812381, rx_ts=160134445390993) request_id=43378 zil_blk_id=52517 ccf_commit_seqno=43378 nstreams_done_=5500 config.nstreams=50000 avg_latency=0.6654 ms avg throuhgput (requests/sec) = 90.1895 res=false
*==== INFO ====* req_id_count= 6000 stream_id=23996 latency=0.623277 ms (tx_ts=160139969441239, rx_ts=160139970064516) request_id=47275 zil_blk_id=57701 ccf_commit_seqno=47275 nstreams_done_=6000 config.nstreams=50000 avg_latency=0.6643 ms avg throuhgput (requests/sec) = 90.2155 res=false
*==== INFO ====* req_id_count= 6500 stream_id=25996 latency=0.551810 ms (tx_ts=160145507953418, rx_ts=160145508505228) request_id=51172 zil_blk_id=62900 ccf_commit_seqno=51172 nstreams_done_=6500 config.nstreams=50000 avg_latency=0.6641 ms avg throuhgput (requests/sec) = 90.2203 res=false
*==== INFO ====* req_id_count= 7000 stream_id=27996 latency=0.567101 ms (tx_ts=160151051933913, rx_ts=160151052501014) request_id=55102 zil_blk_id=68103 ccf_commit_seqno=55102 nstreams_done_=7000 config.nstreams=50000 avg_latency=0.6635 ms avg throuhgput (requests/sec) = 90.2180 res=false
*==== INFO ====* req_id_count= 7500 stream_id=29996 latency=0.640498 ms (tx_ts=160156592580786, rx_ts=160156593221284) request_id=59050 zil_blk_id=73304 ccf_commit_seqno=59050 nstreams_done_=7500 config.nstreams=50000 avg_latency=0.6625 ms avg throuhgput (requests/sec) = 90.2195 res=false
*==== INFO ====* req_id_count= 8000 stream_id=31996 latency=0.674001 ms (tx_ts=160162140688214, rx_ts=160162141362215) request_id=63034 zil_blk_id=78514 ccf_commit_seqno=63034 nstreams_done_=8000 config.nstreams=50000 avg_latency=0.6620 ms avg throuhgput (requests/sec) = 90.2133 res=false
*==== INFO ====* req_id_count= 8500 stream_id=33996 latency=0.571769 ms (tx_ts=160167707707011, rx_ts=160167708278780) request_id=67041 zil_blk_id=83734 ccf_commit_seqno=67041 nstreams_done_=8500 config.nstreams=50000 avg_latency=0.6623 ms avg throuhgput (requests/sec) = 90.1899 res=false
*==== INFO ====* req_id_count= 9000 stream_id=35996 latency=0.614439 ms (tx_ts=160173248119508, rx_ts=160173248733947) request_id=71052 zil_blk_id=88931 ccf_commit_seqno=71052 nstreams_done_=9000 config.nstreams=50000 avg_latency=0.6626 ms avg throuhgput (requests/sec) = 90.1930 res=false
*==== INFO ====* req_id_count= 9500 stream_id=37996 latency=0.549124 ms (tx_ts=160178778722369, rx_ts=160178779271493) request_id=75060 zil_blk_id=94115 ccf_commit_seqno=75060 nstreams_done_=9500 config.nstreams=50000 avg_latency=0.6628 ms avg throuhgput (requests/sec) = 90.2042 res=false
*==== INFO ====* req_id_count= 10000 stream_id=39996 latency=0.571119 ms (tx_ts=160184317662126, rx_ts=160184318233245) request_id=79081 zil_blk_id=99310 ccf_commit_seqno=79081 nstreams_done_=10000 config.nstreams=50000 avg_latency=0.6621 ms avg throuhgput (requests/sec) = 90.2075 res=false
*==== INFO ====* req_id_count= 10500 stream_id=41996 latency=0.619348 ms (tx_ts=160189853995225, rx_ts=160189854614573) request_id=83101 zil_blk_id=104503 ccf_commit_seqno=83101 nstreams_done_=10500 config.nstreams=50000 avg_latency=0.6628 ms avg throuhgput (requests/sec) = 90.2124 res=false
*==== INFO ====* req_id_count= 11000 stream_id=43996 latency=0.551952 ms (tx_ts=160195396147317, rx_ts=160195396699269) request_id=87119 zil_blk_id=109699 ccf_commit_seqno=87119 nstreams_done_=11000 config.nstreams=50000 avg_latency=0.6628 ms avg throuhgput (requests/sec) = 90.2127 res=false
*==== INFO ====* req_id_count= 11500 stream_id=45996 latency=0.598860 ms (tx_ts=160200906887025, rx_ts=160200907485885) request_id=91120 zil_blk_id=114862 ccf_commit_seqno=91120 nstreams_done_=11500 config.nstreams=50000 avg_latency=0.6612 ms avg throuhgput (requests/sec) = 90.2351 res=false
*==== INFO ====* req_id_count= 12000 stream_id=47996 latency=0.615621 ms (tx_ts=160206442944331, rx_ts=160206443559952) request_id=95133 zil_blk_id=120054 ccf_commit_seqno=95133 nstreams_done_=12000 config.nstreams=50000 avg_latency=0.6615 ms avg throuhgput (requests/sec) = 90.2385 res=false
*==== INFO ====* req_id_count= 12500 stream_id=49996 latency=0.552463 ms (tx_ts=160211960348186, rx_ts=160211960900649) request_id=99138 zil_blk_id=125222 ccf_commit_seqno=99138 nstreams_done_=12500 config.nstreams=50000 avg_latency=0.6606 ms avg throuhgput (requests/sec) = 90.2539 res=false
*==== INFO ====* req_id_count= 13000 stream_id=51996 latency=0.565428 ms (tx_ts=160217490224107, rx_ts=160217490789535) request_id=103143 zil_blk_id=130407 ccf_commit_seqno=103143 nstreams_done_=13000 config.nstreams=50000 avg_latency=0.6609 ms avg throuhgput (requests/sec) = 90.2602 res=false
*==== INFO ====* req_id_count= 13500 stream_id=53996 latency=0.603579 ms (tx_ts=160223029796626, rx_ts=160223030400205) request_id=107160 zil_blk_id=135602 ccf_commit_seqno=107160 nstreams_done_=13500 config.nstreams=50000 avg_latency=0.6611 ms avg throuhgput (requests/sec) = 90.2601 res=false
*==== INFO ====* req_id_count= 14000 stream_id=55996 latency=0.732510 ms (tx_ts=160228573866296, rx_ts=160228574598806) request_id=111176 zil_blk_id=140800 ccf_commit_seqno=111176 nstreams_done_=14000 config.nstreams=50000 avg_latency=0.6615 ms avg throuhgput (requests/sec) = 90.2574 res=false
*==== INFO ====* req_id_count= 14500 stream_id=57996 latency=1.312554 ms (tx_ts=160234112770598, rx_ts=160234114083152) request_id=115200 zil_blk_id=145993 ccf_commit_seqno=115200 nstreams_done_=14500 config.nstreams=50000 avg_latency=0.6613 ms avg throuhgput (requests/sec) = 90.2575 res=false
*==== INFO ====* req_id_count= 15000 stream_id=59996 latency=0.590273 ms (tx_ts=160239655900089, rx_ts=160239656490362) request_id=119221 zil_blk_id=151192 ccf_commit_seqno=119221 nstreams_done_=15000 config.nstreams=50000 avg_latency=0.6616 ms avg throuhgput (requests/sec) = 90.2561 res=false
*==== INFO ====* req_id_count= 15500 stream_id=61996 latency=0.623677 ms (tx_ts=160245204971512, rx_ts=160245205595189) request_id=123243 zil_blk_id=156394 ccf_commit_seqno=123244 nstreams_done_=15500 config.nstreams=50000 avg_latency=0.6618 ms avg throuhgput (requests/sec) = 90.2512 res=false
*==== INFO ====* req_id_count= 16000 stream_id=63996 latency=0.552273 ms (tx_ts=160250757547894, rx_ts=160250758100167) request_id=127260 zil_blk_id=161599 ccf_commit_seqno=127260 nstreams_done_=16000 config.nstreams=50000 avg_latency=0.6625 ms avg throuhgput (requests/sec) = 90.2449 res=false
*==== INFO ====* req_id_count= 16500 stream_id=65996 latency=0.577290 ms (tx_ts=160256291895757, rx_ts=160256292473047) request_id=131271 zil_blk_id=166790 ccf_commit_seqno=131271 nstreams_done_=16500 config.nstreams=50000 avg_latency=0.6623 ms avg throuhgput (requests/sec) = 90.2479 res=false
*==== INFO ====* req_id_count= 17000 stream_id=67996 latency=0.594041 ms (tx_ts=160261828750998, rx_ts=160261829345039) request_id=135291 zil_blk_id=171981 ccf_commit_seqno=135291 nstreams_done_=17000 config.nstreams=50000 avg_latency=0.6620 ms avg throuhgput (requests/sec) = 90.2495 res=false
*==== INFO ====* req_id_count= 17500 stream_id=69996 latency=0.707123 ms (tx_ts=160267371812610, rx_ts=160267372519733) request_id=139313 zil_blk_id=177180 ccf_commit_seqno=139313 nstreams_done_=17500 config.nstreams=50000 avg_latency=0.6622 ms avg throuhgput (requests/sec) = 90.2481 res=false
*==== INFO ====* req_id_count= 18000 stream_id=71996 latency=1.155171 ms (tx_ts=160272903596442, rx_ts=160272904751613) request_id=143328 zil_blk_id=182367 ccf_commit_seqno=143328 nstreams_done_=18000 config.nstreams=50000 avg_latency=0.6622 ms avg throuhgput (requests/sec) = 90.2518 res=false
*==== INFO ====* req_id_count= 18500 stream_id=73996 latency=0.590635 ms (tx_ts=160278420489410, rx_ts=160278421080045) request_id=147329 zil_blk_id=187541 ccf_commit_seqno=147329 nstreams_done_=18500 config.nstreams=50000 avg_latency=0.6613 ms avg throuhgput (requests/sec) = 90.2622 res=false
*==== INFO ====* req_id_count= 19000 stream_id=75996 latency=3.454149 ms (tx_ts=160283953580230, rx_ts=160283957034379) request_id=151342 zil_blk_id=192730 ccf_commit_seqno=151342 nstreams_done_=19000 config.nstreams=50000 avg_latency=0.6611 ms avg throuhgput (requests/sec) = 90.2637 res=false
*==== INFO ====* req_id_count= 19500 stream_id=77996 latency=0.616062 ms (tx_ts=160289503886228, rx_ts=160289504502290) request_id=155364 zil_blk_id=197935 ccf_commit_seqno=155364 nstreams_done_=19500 config.nstreams=50000 avg_latency=0.6614 ms avg throuhgput (requests/sec) = 90.2603 res=false
*==== INFO ====* req_id_count= 20000 stream_id=79996 latency=0.546091 ms (tx_ts=160295035017333, rx_ts=160295035563424) request_id=159374 zil_blk_id=203125 ccf_commit_seqno=159374 nstreams_done_=20000 config.nstreams=50000 avg_latency=0.6611 ms avg throuhgput (requests/sec) = 90.2637 res=false
*==== INFO ====* req_id_count= 20500 stream_id=81996 latency=0.905764 ms (tx_ts=160300580235403, rx_ts=160300581141167) request_id=163388 zil_blk_id=208334 ccf_commit_seqno=163388 nstreams_done_=20500 config.nstreams=50000 avg_latency=0.6618 ms avg throuhgput (requests/sec) = 90.2613 res=false
*==== INFO ====* req_id_count= 21000 stream_id=83996 latency=0.618226 ms (tx_ts=160306115204369, rx_ts=160306115822595) request_id=167398 zil_blk_id=213528 ccf_commit_seqno=167398 nstreams_done_=21000 config.nstreams=50000 avg_latency=0.6617 ms avg throuhgput (requests/sec) = 90.2631 res=false
*==== INFO ====* req_id_count= 21500 stream_id=85996 latency=0.558214 ms (tx_ts=160311630744724, rx_ts=160311631302938) request_id=171396 zil_blk_id=218702 ccf_commit_seqno=171396 nstreams_done_=21500 config.nstreams=50000 avg_latency=0.6609 ms avg throuhgput (requests/sec) = 90.2722 res=false
*==== INFO ====* req_id_count= 22000 stream_id=87996 latency=0.783785 ms (tx_ts=160317173430178, rx_ts=160317174213963) request_id=175422 zil_blk_id=223902 ccf_commit_seqno=175422 nstreams_done_=22000 config.nstreams=50000 avg_latency=0.6609 ms avg throuhgput (requests/sec) = 90.2707 res=false
*==== INFO ====* req_id_count= 22500 stream_id=89996 latency=0.617706 ms (tx_ts=160322732918437, rx_ts=160322733536143) request_id=179454 zil_blk_id=229118 ccf_commit_seqno=179454 nstreams_done_=22500 config.nstreams=50000 avg_latency=0.6614 ms avg throuhgput (requests/sec) = 90.2633 res=false
*==== INFO ====* req_id_count= 23000 stream_id=91996 latency=0.716891 ms (tx_ts=160328288344531, rx_ts=160328289061422) request_id=183463 zil_blk_id=234332 ccf_commit_seqno=183463 nstreams_done_=23000 config.nstreams=50000 avg_latency=0.6613 ms avg throuhgput (requests/sec) = 90.2575 res=false
*==== INFO ====* req_id_count= 23500 stream_id=93996 latency=0.629147 ms (tx_ts=160333822356882, rx_ts=160333822986029) request_id=187463 zil_blk_id=239524 ccf_commit_seqno=187463 nstreams_done_=23500 config.nstreams=50000 avg_latency=0.6614 ms avg throuhgput (requests/sec) = 90.2595 res=false
*==== INFO ====* req_id_count= 24000 stream_id=95996 latency=0.678820 ms (tx_ts=160339378724889, rx_ts=160339379403709) request_id=191496 zil_blk_id=244737 ccf_commit_seqno=191496 nstreams_done_=24000 config.nstreams=50000 avg_latency=0.6614 ms avg throuhgput (requests/sec) = 90.2538 res=false
*==== INFO ====* req_id_count= 24500 stream_id=97996 latency=0.647250 ms (tx_ts=160344943658817, rx_ts=160344944306067) request_id=195526 zil_blk_id=249960 ccf_commit_seqno=195526 nstreams_done_=24500 config.nstreams=50000 avg_latency=0.6616 ms avg throuhgput (requests/sec) = 90.2455 res=false
*==== INFO ====* req_id_count= 25000 stream_id=99996 latency=0.625911 ms (tx_ts=160350509038600, rx_ts=160350509664511) request_id=199552 zil_blk_id=255180 ccf_commit_seqno=199552 nstreams_done_=25000 config.nstreams=50000 avg_latency=0.6618 ms avg throuhgput (requests/sec) = 90.2374 res=false
*==== INFO ====* req_id_count= 25500 stream_id=101996 latency=0.685201 ms (tx_ts=160356058895209, rx_ts=160356059580410) request_id=203573 zil_blk_id=260386 ccf_commit_seqno=203573 nstreams_done_=25500 config.nstreams=50000 avg_latency=0.6617 ms avg throuhgput (requests/sec) = 90.2345 res=false
*==== INFO ====* req_id_count= 26000 stream_id=103996 latency=0.843948 ms (tx_ts=160361615724541, rx_ts=160361616568489) request_id=207603 zil_blk_id=265601 ccf_commit_seqno=207603 nstreams_done_=26000 config.nstreams=50000 avg_latency=0.6617 ms avg throuhgput (requests/sec) = 90.2296 res=false
*==== INFO ====* req_id_count= 26500 stream_id=105996 latency=0.640138 ms (tx_ts=160367160648634, rx_ts=160367161288772) request_id=211619 zil_blk_id=270803 ccf_commit_seqno=211619 nstreams_done_=26500 config.nstreams=50000 avg_latency=0.6613 ms avg throuhgput (requests/sec) = 90.2285 res=false
*==== INFO ====* req_id_count= 27000 stream_id=107996 latency=0.579850 ms (tx_ts=160372724084019, rx_ts=160372724663869) request_id=215644 zil_blk_id=276021 ccf_commit_seqno=215644 nstreams_done_=27000 config.nstreams=50000 avg_latency=0.6613 ms avg throuhgput (requests/sec) = 90.2219 res=false
*==== INFO ====* req_id_count= 27500 stream_id=109996 latency=1.018755 ms (tx_ts=160378272951022, rx_ts=160378273969777) request_id=219665 zil_blk_id=281226 ccf_commit_seqno=219665 nstreams_done_=27500 config.nstreams=50000 avg_latency=0.6612 ms avg throuhgput (requests/sec) = 90.2198 res=false
*==== INFO ====* req_id_count= 28000 stream_id=111996 latency=0.610612 ms (tx_ts=160383812579331, rx_ts=160383813189943) request_id=223682 zil_blk_id=286422 ccf_commit_seqno=223682 nstreams_done_=28000 config.nstreams=50000 avg_latency=0.6610 ms avg throuhgput (requests/sec) = 90.2206 res=false
*==== INFO ====* req_id_count= 28500 stream_id=113996 latency=0.545048 ms (tx_ts=160389354912582, rx_ts=160389355457630) request_id=227698 zil_blk_id=291620 ccf_commit_seqno=227698 nstreams_done_=28500 config.nstreams=50000 avg_latency=0.6615 ms avg throuhgput (requests/sec) = 90.2205 res=false
*==== INFO ====* req_id_count= 29000 stream_id=115996 latency=0.572441 ms (tx_ts=160394889457776, rx_ts=160394890030217) request_id=231713 zil_blk_id=296812 ccf_commit_seqno=231713 nstreams_done_=29000 config.nstreams=50000 avg_latency=0.6618 ms avg throuhgput (requests/sec) = 90.2226 res=false
*==== INFO ====* req_id_count= 29500 stream_id=117996 latency=0.648453 ms (tx_ts=160400408390798, rx_ts=160400409039251) request_id=235721 zil_blk_id=301991 ccf_commit_seqno=235721 nstreams_done_=29500 config.nstreams=50000 avg_latency=0.6613 ms avg throuhgput (requests/sec) = 90.2289 res=false
*==== INFO ====* req_id_count= 30000 stream_id=119996 latency=0.679861 ms (tx_ts=160405985454495, rx_ts=160405986134356) request_id=239762 zil_blk_id=307228 ccf_commit_seqno=239762 nstreams_done_=30000 config.nstreams=50000 avg_latency=0.6617 ms avg throuhgput (requests/sec) = 90.2192 res=false
*==== INFO ====* req_id_count= 30500 stream_id=121996 latency=0.608168 ms (tx_ts=160411567127549, rx_ts=160411567735717) request_id=243806 zil_blk_id=312457 ccf_commit_seqno=243806 nstreams_done_=30500 config.nstreams=50000 avg_latency=0.6621 ms avg throuhgput (requests/sec) = 90.2086 res=false
*==== INFO ====* req_id_count= 31000 stream_id=123996 latency=0.565688 ms (tx_ts=160417134049039, rx_ts=160417134614727) request_id=247839 zil_blk_id=317684 ccf_commit_seqno=247839 nstreams_done_=31000 config.nstreams=50000 avg_latency=0.6622 ms avg throuhgput (requests/sec) = 90.2023 res=false
*==== INFO ====* req_id_count= 31500 stream_id=125996 latency=0.568693 ms (tx_ts=160422654798934, rx_ts=160422655367627) request_id=251852 zil_blk_id=322867 ccf_commit_seqno=251852 nstreams_done_=31500 config.nstreams=50000 avg_latency=0.6621 ms avg throuhgput (requests/sec) = 90.2081 res=false
*==== INFO ====* req_id_count= 32000 stream_id=127996 latency=0.538076 ms (tx_ts=160428177258632, rx_ts=160428177796708) request_id=255858 zil_blk_id=328047 ccf_commit_seqno=255858 nstreams_done_=32000 config.nstreams=50000 avg_latency=0.6619 ms avg throuhgput (requests/sec) = 90.2132 res=false
*==== INFO ====* req_id_count= 32500 stream_id=129996 latency=0.606835 ms (tx_ts=160433684584886, rx_ts=160433685191721) request_id=259856 zil_blk_id=333213 ccf_commit_seqno=259856 nstreams_done_=32500 config.nstreams=50000 avg_latency=0.6615 ms avg throuhgput (requests/sec) = 90.2220 res=false
*==== INFO ====* req_id_count= 33000 stream_id=131996 latency=0.678700 ms (tx_ts=160439207821560, rx_ts=160439208500260) request_id=263856 zil_blk_id=338396 ccf_commit_seqno=263856 nstreams_done_=33000 config.nstreams=50000 avg_latency=0.6613 ms avg throuhgput (requests/sec) = 90.2266 res=false
*==== INFO ====* req_id_count= 33500 stream_id=133996 latency=0.589801 ms (tx_ts=160444723181729, rx_ts=160444723771530) request_id=267853 zil_blk_id=343576 ccf_commit_seqno=267853 nstreams_done_=33500 config.nstreams=50000 avg_latency=0.6610 ms avg throuhgput (requests/sec) = 90.2330 res=false
*==== INFO ====* req_id_count= 34000 stream_id=135996 latency=0.629046 ms (tx_ts=160450262447716, rx_ts=160450263076762) request_id=271870 zil_blk_id=348773 ccf_commit_seqno=271870 nstreams_done_=34000 config.nstreams=50000 avg_latency=0.6612 ms avg throuhgput (requests/sec) = 90.2334 res=false
*==== INFO ====* req_id_count= 34500 stream_id=137996 latency=0.633264 ms (tx_ts=160455787558788, rx_ts=160455788192052) request_id=275880 zil_blk_id=353958 ccf_commit_seqno=275880 nstreams_done_=34500 config.nstreams=50000 avg_latency=0.6611 ms avg throuhgput (requests/sec) = 90.2372 res=false
*==== INFO ====* req_id_count= 35000 stream_id=139996 latency=0.569074 ms (tx_ts=160461322467444, rx_ts=160461323036518) request_id=279902 zil_blk_id=359158 ccf_commit_seqno=279902 nstreams_done_=35000 config.nstreams=50000 avg_latency=0.6608 ms avg throuhgput (requests/sec) = 90.2387 res=false
*==== INFO ====* req_id_count= 35500 stream_id=141996 latency=0.557913 ms (tx_ts=160466890863431, rx_ts=160466891421344) request_id=283933 zil_blk_id=364377 ccf_commit_seqno=283933 nstreams_done_=35500 config.nstreams=50000 avg_latency=0.6613 ms avg throuhgput (requests/sec) = 90.2323 res=false
*==== INFO ====* req_id_count= 36000 stream_id=143996 latency=0.587990 ms (tx_ts=160472435029993, rx_ts=160472435617983) request_id=287953 zil_blk_id=369577 ccf_commit_seqno=287954 nstreams_done_=36000 config.nstreams=50000 avg_latency=0.6613 ms avg throuhgput (requests/sec) = 90.2317 res=false
*==== INFO ====* req_id_count= 36500 stream_id=145996 latency=0.590274 ms (tx_ts=160477988116575, rx_ts=160477988706849) request_id=291971 zil_blk_id=374786 ccf_commit_seqno=291971 nstreams_done_=36500 config.nstreams=50000 avg_latency=0.6615 ms avg throuhgput (requests/sec) = 90.2290 res=false
*==== INFO ====* req_id_count= 37000 stream_id=147996 latency=0.698236 ms (tx_ts=160483520454969, rx_ts=160483521153205) request_id=295984 zil_blk_id=379975 ccf_commit_seqno=295984 nstreams_done_=37000 config.nstreams=50000 avg_latency=0.6614 ms avg throuhgput (requests/sec) = 90.2310 res=false
*==== INFO ====* req_id_count= 37500 stream_id=149996 latency=0.539319 ms (tx_ts=160489071300541, rx_ts=160489071839860) request_id=300007 zil_blk_id=385185 ccf_commit_seqno=300007 nstreams_done_=37500 config.nstreams=50000 avg_latency=0.6615 ms avg throuhgput (requests/sec) = 90.2290 res=false
*==== INFO ====* req_id_count= 38000 stream_id=151996 latency=0.579947 ms (tx_ts=160494583501967, rx_ts=160494584081914) request_id=304006 zil_blk_id=390360 ccf_commit_seqno=304006 nstreams_done_=38000 config.nstreams=50000 avg_latency=0.6611 ms avg throuhgput (requests/sec) = 90.2353 res=false
*==== INFO ====* req_id_count= 38500 stream_id=153996 latency=0.666366 ms (tx_ts=160500136556952, rx_ts=160500137223318) request_id=308022 zil_blk_id=395573 ccf_commit_seqno=308022 nstreams_done_=38500 config.nstreams=50000 avg_latency=0.6614 ms avg throuhgput (requests/sec) = 90.2327 res=false
*==== INFO ====* req_id_count= 39000 stream_id=155996 latency=0.622164 ms (tx_ts=160505692682037, rx_ts=160505693304201) request_id=312049 zil_blk_id=400791 ccf_commit_seqno=312049 nstreams_done_=39000 config.nstreams=50000 avg_latency=0.6615 ms avg throuhgput (requests/sec) = 90.2296 res=false
*==== INFO ====* req_id_count= 39500 stream_id=157996 latency=0.573603 ms (tx_ts=160511248795303, rx_ts=160511249368906) request_id=316079 zil_blk_id=406005 ccf_commit_seqno=316079 nstreams_done_=39500 config.nstreams=50000 avg_latency=0.6618 ms avg throuhgput (requests/sec) = 90.2266 res=false
*==== INFO ====* req_id_count= 40000 stream_id=159996 latency=0.607155 ms (tx_ts=160516806419723, rx_ts=160516807026878) request_id=320106 zil_blk_id=411220 ccf_commit_seqno=320106 nstreams_done_=40000 config.nstreams=50000 avg_latency=0.6620 ms avg throuhgput (requests/sec) = 90.2233 res=false
*==== INFO ====* req_id_count= 40500 stream_id=161996 latency=0.626000 ms (tx_ts=160522359725208, rx_ts=160522360351208) request_id=324126 zil_blk_id=416431 ccf_commit_seqno=324126 nstreams_done_=40500 config.nstreams=50000 avg_latency=0.6619 ms avg throuhgput (requests/sec) = 90.2210 res=false
*==== INFO ====* req_id_count= 41000 stream_id=163996 latency=0.606655 ms (tx_ts=160527903255331, rx_ts=160527903861986) request_id=328145 zil_blk_id=421631 ccf_commit_seqno=328145 nstreams_done_=41000 config.nstreams=50000 avg_latency=0.6619 ms avg throuhgput (requests/sec) = 90.2207 res=false
*==== INFO ====* req_id_count= 41500 stream_id=165996 latency=0.627473 ms (tx_ts=160533458452328, rx_ts=160533459079801) request_id=332165 zil_blk_id=426841 ccf_commit_seqno=332165 nstreams_done_=41500 config.nstreams=50000 avg_latency=0.6620 ms avg throuhgput (requests/sec) = 90.2181 res=false
*==== INFO ====* req_id_count= 42000 stream_id=167996 latency=0.622254 ms (tx_ts=160539042918007, rx_ts=160539043540261) request_id=336204 zil_blk_id=432080 ccf_commit_seqno=336204 nstreams_done_=42000 config.nstreams=50000 avg_latency=0.6624 ms avg throuhgput (requests/sec) = 90.2099 res=false
*==== INFO ====* req_id_count= 42500 stream_id=169996 latency=0.604049 ms (tx_ts=160544590789724, rx_ts=160544591393773) request_id=340227 zil_blk_id=437285 ccf_commit_seqno=340227 nstreams_done_=42500 config.nstreams=50000 avg_latency=0.6623 ms avg throuhgput (requests/sec) = 90.2089 res=false
*==== INFO ====* req_id_count= 43000 stream_id=171996 latency=0.631430 ms (tx_ts=160550130234209, rx_ts=160550130865639) request_id=344252 zil_blk_id=442481 ccf_commit_seqno=344252 nstreams_done_=43000 config.nstreams=50000 avg_latency=0.6624 ms avg throuhgput (requests/sec) = 90.2095 res=false
*==== INFO ====* req_id_count= 43500 stream_id=173996 latency=0.639556 ms (tx_ts=160555668955350, rx_ts=160555669594906) request_id=348268 zil_blk_id=447676 ccf_commit_seqno=348268 nstreams_done_=43500 config.nstreams=50000 avg_latency=0.6623 ms avg throuhgput (requests/sec) = 90.2102 res=false
*==== INFO ====* req_id_count= 44000 stream_id=175996 latency=0.681214 ms (tx_ts=160561222475230, rx_ts=160561223156444) request_id=352297 zil_blk_id=452887 ccf_commit_seqno=352297 nstreams_done_=44000 config.nstreams=50000 avg_latency=0.6624 ms avg throuhgput (requests/sec) = 90.2082 res=false
*==== INFO ====* req_id_count= 44500 stream_id=177996 latency=0.552673 ms (tx_ts=160566775525488, rx_ts=160566776078161) request_id=356320 zil_blk_id=458093 ccf_commit_seqno=356320 nstreams_done_=44500 config.nstreams=50000 avg_latency=0.6625 ms avg throuhgput (requests/sec) = 90.2063 res=false
*==== INFO ====* req_id_count= 45000 stream_id=179996 latency=0.713355 ms (tx_ts=160572297965610, rx_ts=160572298678965) request_id=360325 zil_blk_id=463266 ccf_commit_seqno=360325 nstreams_done_=45000 config.nstreams=50000 avg_latency=0.6624 ms avg throuhgput (requests/sec) = 90.2100 res=false
*==== INFO ====* req_id_count= 45500 stream_id=181996 latency=0.648633 ms (tx_ts=160577834574143, rx_ts=160577835222776) request_id=364340 zil_blk_id=468456 ccf_commit_seqno=364340 nstreams_done_=45500 config.nstreams=50000 avg_latency=0.6621 ms avg throuhgput (requests/sec) = 90.2111 res=false
*==== INFO ====* req_id_count= 46000 stream_id=183996 latency=0.683529 ms (tx_ts=160583385042208, rx_ts=160583385725737) request_id=368347 zil_blk_id=473664 ccf_commit_seqno=368347 nstreams_done_=46000 config.nstreams=50000 avg_latency=0.6622 ms avg throuhgput (requests/sec) = 90.2097 res=false
*==== INFO ====* req_id_count= 46500 stream_id=185996 latency=0.645447 ms (tx_ts=160588935509239, rx_ts=160588936154686) request_id=372302 zil_blk_id=478874 ccf_commit_seqno=372302 nstreams_done_=46500 config.nstreams=50000 avg_latency=0.6621 ms avg throuhgput (requests/sec) = 90.2083 res=false
*==== INFO ====* req_id_count= 47000 stream_id=187996 latency=0.676436 ms (tx_ts=160594489350608, rx_ts=160594490027044) request_id=376270 zil_blk_id=484082 ccf_commit_seqno=376270 nstreams_done_=47000 config.nstreams=50000 avg_latency=0.6620 ms avg throuhgput (requests/sec) = 90.2064 res=false
*==== INFO ====* req_id_count= 47500 stream_id=189996 latency=0.630870 ms (tx_ts=160600040594838, rx_ts=160600041225708) request_id=380266 zil_blk_id=489291 ccf_commit_seqno=380267 nstreams_done_=47500 config.nstreams=50000 avg_latency=0.6619 ms avg throuhgput (requests/sec) = 90.2050 res=false
*==== INFO ====* req_id_count= 48000 stream_id=191996 latency=0.716019 ms (tx_ts=160605594878628, rx_ts=160605595594647) request_id=384277 zil_blk_id=494502 ccf_commit_seqno=384277 nstreams_done_=48000 config.nstreams=50000 avg_latency=0.6618 ms avg throuhgput (requests/sec) = 90.2030 res=false
*==== INFO ====* req_id_count= 48500 stream_id=193996 latency=0.627865 ms (tx_ts=160611142396321, rx_ts=160611143024186) request_id=388305 zil_blk_id=499710 ccf_commit_seqno=388305 nstreams_done_=48500 config.nstreams=50000 avg_latency=0.6617 ms avg throuhgput (requests/sec) = 90.2023 res=false
*==== INFO ====* req_id_count= 49000 stream_id=195996 latency=0.632433 ms (tx_ts=160616695908471, rx_ts=160616696540904) request_id=392344 zil_blk_id=504923 ccf_commit_seqno=392344 nstreams_done_=49000 config.nstreams=50000 avg_latency=0.6617 ms avg throuhgput (requests/sec) = 90.2006 res=false
*==== INFO ====* req_id_count= 49500 stream_id=197996 latency=0.646298 ms (tx_ts=160622262976104, rx_ts=160622263622402) request_id=396376 zil_blk_id=510148 ccf_commit_seqno=396376 nstreams_done_=49500 config.nstreams=50000 avg_latency=0.6617 ms avg throuhgput (requests/sec) = 90.1966 res=false
*==== INFO ====* http_end_stream ALL streams done! nstreams_done_=50000 avg_latency=0.6616 msreq_id_count= 50000
*==== INFO ====* req_id_count= 50000 stream_id=199996 latency=0.667749 ms (tx_ts=160627818681169, rx_ts=160627819348918) request_id=399630 zil_blk_id=515360 ccf_commit_seqno=399630 nstreams_done_=50000 config.nstreams=50000 avg_latency=0.6616 ms avg throuhgput (requests/sec) = 90.1946 res=true
