Uniform: 380868 620677 689274 933889 452749 
Exponential: -2147483648 -2147483648 -2147483648 -2147483648 -2147483648 
Truncated Normal: 504753 613189 503972 467314 511255 
*==== INFO ====* req_id_count= 500 stream_id=1996 latency=0.629828 ms (tx_ts=160078971907691, rx_ts=160078972537519) request_id=3536 zil_blk_id=494 ccf_commit_seqno=3536 nstreams_done_=500 config.nstreams=50000 avg_latency=0.6372 ms avg throuhgput (requests/sec) = 90.7457 res=false
*==== INFO ====* req_id_count= 1000 stream_id=3996 latency=1.603481 ms (tx_ts=160084472921351, rx_ts=160084474524832) request_id=7515 zil_blk_id=5659 ccf_commit_seqno=7517 nstreams_done_=1000 config.nstreams=50000 avg_latency=0.6288 ms avg throuhgput (requests/sec) = 90.8109 res=false
*==== INFO ====* req_id_count= 1500 stream_id=5996 latency=0.538026 ms (tx_ts=160089978321760, rx_ts=160089978859786) request_id=11503 zil_blk_id=10824 ccf_commit_seqno=11503 nstreams_done_=1500 config.nstreams=50000 avg_latency=0.6316 ms avg throuhgput (requests/sec) = 90.8198 res=false
*==== INFO ====* req_id_count= 2000 stream_id=7996 latency=0.588521 ms (tx_ts=160095483452022, rx_ts=160095484040543) request_id=15498 zil_blk_id=15987 ccf_commit_seqno=15498 nstreams_done_=2000 config.nstreams=50000 avg_latency=0.6315 ms avg throuhgput (requests/sec) = 90.8207 res=false
*==== INFO ====* req_id_count= 2500 stream_id=9996 latency=0.586869 ms (tx_ts=160100997967483, rx_ts=160100998554352) request_id=19487 zil_blk_id=21159 ccf_commit_seqno=19487 nstreams_done_=2500 config.nstreams=50000 avg_latency=0.6354 ms avg throuhgput (requests/sec) = 90.7905 res=false
*==== INFO ====* req_id_count= 3000 stream_id=11996 latency=0.582139 ms (tx_ts=160106515929752, rx_ts=160106516511891) request_id=23486 zil_blk_id=26334 ccf_commit_seqno=23486 nstreams_done_=3000 config.nstreams=50000 avg_latency=0.6367 ms avg throuhgput (requests/sec) = 90.7609 res=false
*==== INFO ====* req_id_count= 3500 stream_id=13996 latency=0.599371 ms (tx_ts=160112070248479, rx_ts=160112070847850) request_id=27504 zil_blk_id=31542 ccf_commit_seqno=27504 nstreams_done_=3500 config.nstreams=50000 avg_latency=0.6424 ms avg throuhgput (requests/sec) = 90.6543 res=false
*==== INFO ====* req_id_count= 4000 stream_id=15996 latency=0.632042 ms (tx_ts=160117624601273, rx_ts=160117625233315) request_id=31521 zil_blk_id=36757 ccf_commit_seqno=31521 nstreams_done_=4000 config.nstreams=50000 avg_latency=0.6455 ms avg throuhgput (requests/sec) = 90.5744 res=false
*==== INFO ====* req_id_count= 4500 stream_id=17996 latency=0.598189 ms (tx_ts=160123162746338, rx_ts=160123163344527) request_id=35541 zil_blk_id=41950 ccf_commit_seqno=35541 nstreams_done_=4500 config.nstreams=50000 avg_latency=0.6455 ms avg throuhgput (requests/sec) = 90.5420 res=false
*==== INFO ====* req_id_count= 5000 stream_id=19996 latency=0.608850 ms (tx_ts=160128991887753, rx_ts=160128992496603) request_id=39598 zil_blk_id=47414 ccf_commit_seqno=39598 nstreams_done_=5000 config.nstreams=50000 avg_latency=0.6464 ms avg throuhgput (requests/sec) = 90.0416 res=false
*==== INFO ====* req_id_count= 5500 stream_id=21996 latency=0.582930 ms (tx_ts=160134976613696, rx_ts=160134977196626) request_id=43751 zil_blk_id=53026 ccf_commit_seqno=43751 nstreams_done_=5500 config.nstreams=50000 avg_latency=0.6493 ms avg throuhgput (requests/sec) = 89.4097 res=false
*==== INFO ====* req_id_count= 6000 stream_id=23996 latency=0.684120 ms (tx_ts=160140933179494, rx_ts=160140933863614) request_id=47954 zil_blk_id=58610 ccf_commit_seqno=47954 nstreams_done_=6000 config.nstreams=50000 avg_latency=0.6470 ms avg throuhgput (requests/sec) = 88.9268 res=false
*==== INFO ====* req_id_count= 6500 stream_id=25996 latency=0.572719 ms (tx_ts=160146886580315, rx_ts=160146887153034) request_id=52144 zil_blk_id=64193 ccf_commit_seqno=52144 nstreams_done_=6500 config.nstreams=50000 avg_latency=0.6453 ms avg throuhgput (requests/sec) = 88.5263 res=false
*==== INFO ====* req_id_count= 7000 stream_id=27996 latency=0.526525 ms (tx_ts=160152812422133, rx_ts=160152812948658) request_id=56355 zil_blk_id=69752 ccf_commit_seqno=56355 nstreams_done_=7000 config.nstreams=50000 avg_latency=0.6422 ms avg throuhgput (requests/sec) = 88.2164 res=false
*==== INFO ====* req_id_count= 7500 stream_id=29996 latency=0.622004 ms (tx_ts=160158592127371, rx_ts=160158592749375) request_id=60487 zil_blk_id=75174 ccf_commit_seqno=60487 nstreams_done_=7500 config.nstreams=50000 avg_latency=0.6410 ms avg throuhgput (requests/sec) = 88.1004 res=false
*==== INFO ====* req_id_count= 8000 stream_id=31996 latency=0.508711 ms (tx_ts=160164101380074, rx_ts=160164101888785) request_id=64442 zil_blk_id=80341 ccf_commit_seqno=64442 nstreams_done_=8000 config.nstreams=50000 avg_latency=0.6411 ms avg throuhgput (requests/sec) = 88.2620 res=false
*==== INFO ====* req_id_count= 8500 stream_id=33996 latency=0.690452 ms (tx_ts=160169617353049, rx_ts=160169618043501) request_id=68426 zil_blk_id=85513 ccf_commit_seqno=68426 nstreams_done_=8500 config.nstreams=50000 avg_latency=0.6415 ms avg throuhgput (requests/sec) = 88.3986 res=false
*==== INFO ====* req_id_count= 9000 stream_id=35996 latency=0.568353 ms (tx_ts=160175147339668, rx_ts=160175147908021) request_id=72431 zil_blk_id=90696 ccf_commit_seqno=72431 nstreams_done_=9000 config.nstreams=50000 avg_latency=0.6439 ms avg throuhgput (requests/sec) = 88.5084 res=false
*==== INFO ====* req_id_count= 9500 stream_id=37996 latency=0.522067 ms (tx_ts=160180644652782, rx_ts=160180645174849) request_id=76415 zil_blk_id=95851 ccf_commit_seqno=76415 nstreams_done_=9500 config.nstreams=50000 avg_latency=0.6423 ms avg throuhgput (requests/sec) = 88.6338 res=false
*==== INFO ====* req_id_count= 10000 stream_id=39996 latency=0.730627 ms (tx_ts=160186149369498, rx_ts=160186150100125) request_id=80412 zil_blk_id=101015 ccf_commit_seqno=80412 nstreams_done_=10000 config.nstreams=50000 avg_latency=0.6421 ms avg throuhgput (requests/sec) = 88.7410 res=false
*==== INFO ====* req_id_count= 10500 stream_id=41996 latency=0.517308 ms (tx_ts=160191667593993, rx_ts=160191668111301) request_id=84417 zil_blk_id=106190 ccf_commit_seqno=84417 nstreams_done_=10500 config.nstreams=50000 avg_latency=0.6421 ms avg throuhgput (requests/sec) = 88.8284 res=false
*==== INFO ====* req_id_count= 11000 stream_id=43996 latency=0.531544 ms (tx_ts=160197176932504, rx_ts=160197177464048) request_id=88408 zil_blk_id=111357 ccf_commit_seqno=88408 nstreams_done_=11000 config.nstreams=50000 avg_latency=0.6428 ms avg throuhgput (requests/sec) = 88.9142 res=false
*==== INFO ====* req_id_count= 11500 stream_id=45996 latency=0.535140 ms (tx_ts=160202664278318, rx_ts=160202664813458) request_id=92391 zil_blk_id=116503 ccf_commit_seqno=92391 nstreams_done_=11500 config.nstreams=50000 avg_latency=0.6416 ms avg throuhgput (requests/sec) = 89.0078 res=false
*==== INFO ====* req_id_count= 12000 stream_id=47996 latency=0.554597 ms (tx_ts=160208172759989, rx_ts=160208173314586) request_id=96386 zil_blk_id=121669 ccf_commit_seqno=96386 nstreams_done_=12000 config.nstreams=50000 avg_latency=0.6417 ms avg throuhgput (requests/sec) = 89.0798 res=false
*==== INFO ====* req_id_count= 12500 stream_id=49996 latency=0.628045 ms (tx_ts=160213696127205, rx_ts=160213696755250) request_id=100395 zil_blk_id=126850 ccf_commit_seqno=100395 nstreams_done_=12500 config.nstreams=50000 avg_latency=0.6419 ms avg throuhgput (requests/sec) = 89.1367 res=false
*==== INFO ====* req_id_count= 13000 stream_id=51996 latency=0.552574 ms (tx_ts=160219234330115, rx_ts=160219234882689) request_id=104407 zil_blk_id=132055 ccf_commit_seqno=104407 nstreams_done_=13000 config.nstreams=50000 avg_latency=0.6428 ms avg throuhgput (requests/sec) = 89.1802 res=false
*==== INFO ====* req_id_count= 13500 stream_id=53996 latency=0.587149 ms (tx_ts=160224747668170, rx_ts=160224748255319) request_id=108403 zil_blk_id=137236 ccf_commit_seqno=108403 nstreams_done_=13500 config.nstreams=50000 avg_latency=0.6428 ms avg throuhgput (requests/sec) = 89.2352 res=false
*==== INFO ====* req_id_count= 14000 stream_id=55996 latency=0.530652 ms (tx_ts=160230243667146, rx_ts=160230244197798) request_id=112394 zil_blk_id=142401 ccf_commit_seqno=112394 nstreams_done_=14000 config.nstreams=50000 avg_latency=0.6419 ms avg throuhgput (requests/sec) = 89.2962 res=false
*==== INFO ====* req_id_count= 14500 stream_id=57996 latency=0.704397 ms (tx_ts=160235757584675, rx_ts=160235758289072) request_id=116393 zil_blk_id=147582 ccf_commit_seqno=116393 nstreams_done_=14500 config.nstreams=50000 avg_latency=0.6418 ms avg throuhgput (requests/sec) = 89.3431 res=false
*==== INFO ====* req_id_count= 15000 stream_id=59996 latency=0.677347 ms (tx_ts=160241291945636, rx_ts=160241292622983) request_id=120405 zil_blk_id=152767 ccf_commit_seqno=120405 nstreams_done_=15000 config.nstreams=50000 avg_latency=0.6417 ms avg throuhgput (requests/sec) = 89.3762 res=false
*==== INFO ====* req_id_count= 15500 stream_id=61996 latency=0.632312 ms (tx_ts=160246833058368, rx_ts=160246833690680) request_id=124426 zil_blk_id=157965 ccf_commit_seqno=124426 nstreams_done_=15500 config.nstreams=50000 avg_latency=0.6421 ms avg throuhgput (requests/sec) = 89.4036 res=false
*==== INFO ====* req_id_count= 16000 stream_id=63996 latency=0.590244 ms (tx_ts=160252379716905, rx_ts=160252380307149) request_id=128439 zil_blk_id=163170 ccf_commit_seqno=128439 nstreams_done_=16000 config.nstreams=50000 avg_latency=0.6427 ms avg throuhgput (requests/sec) = 89.4266 res=false
*==== INFO ====* req_id_count= 16500 stream_id=65996 latency=0.512899 ms (tx_ts=160257883778066, rx_ts=160257884290965) request_id=132428 zil_blk_id=168334 ccf_commit_seqno=132428 nstreams_done_=16500 config.nstreams=50000 avg_latency=0.6423 ms avg throuhgput (requests/sec) = 89.4689 res=false
*==== INFO ====* req_id_count= 17000 stream_id=67996 latency=0.534429 ms (tx_ts=160263364751714, rx_ts=160263365286143) request_id=136404 zil_blk_id=173475 ccf_commit_seqno=136404 nstreams_done_=17000 config.nstreams=50000 avg_latency=0.6406 ms avg throuhgput (requests/sec) = 89.5196 res=false
*==== INFO ====* req_id_count= 17500 stream_id=69996 latency=0.591306 ms (tx_ts=160268853150719, rx_ts=160268853742025) request_id=140384 zil_blk_id=178629 ccf_commit_seqno=140384 nstreams_done_=17500 config.nstreams=50000 avg_latency=0.6395 ms avg throuhgput (requests/sec) = 89.5640 res=false
*==== INFO ====* req_id_count= 18000 stream_id=71996 latency=1.413620 ms (tx_ts=160274342268716, rx_ts=160274343682336) request_id=144372 zil_blk_id=183777 ccf_commit_seqno=144372 nstreams_done_=18000 config.nstreams=50000 avg_latency=0.6386 ms avg throuhgput (requests/sec) = 89.6053 res=false
*==== INFO ====* req_id_count= 18500 stream_id=73996 latency=0.643293 ms (tx_ts=160279827886958, rx_ts=160279828530251) request_id=148355 zil_blk_id=188926 ccf_commit_seqno=148355 nstreams_done_=18500 config.nstreams=50000 avg_latency=0.6380 ms avg throuhgput (requests/sec) = 89.6466 res=false
*==== INFO ====* req_id_count= 19000 stream_id=75996 latency=0.561530 ms (tx_ts=160285347244645, rx_ts=160285347806175) request_id=152348 zil_blk_id=194103 ccf_commit_seqno=152348 nstreams_done_=19000 config.nstreams=50000 avg_latency=0.6386 ms avg throuhgput (requests/sec) = 89.6712 res=false
*==== INFO ====* req_id_count= 19500 stream_id=77996 latency=0.650446 ms (tx_ts=160290845149578, rx_ts=160290845800024) request_id=156339 zil_blk_id=199261 ccf_commit_seqno=156339 nstreams_done_=19500 config.nstreams=50000 avg_latency=0.6378 ms avg throuhgput (requests/sec) = 89.7034 res=false
*==== INFO ====* req_id_count= 20000 stream_id=79996 latency=0.789015 ms (tx_ts=160296334122592, rx_ts=160296334911607) request_id=160315 zil_blk_id=204411 ccf_commit_seqno=160315 nstreams_done_=20000 config.nstreams=50000 avg_latency=0.6372 ms avg throuhgput (requests/sec) = 89.7375 res=false
*==== INFO ====* req_id_count= 20500 stream_id=81996 latency=0.625891 ms (tx_ts=160301836357357, rx_ts=160301836983248) request_id=164298 zil_blk_id=209574 ccf_commit_seqno=164299 nstreams_done_=20500 config.nstreams=50000 avg_latency=0.6368 ms avg throuhgput (requests/sec) = 89.7649 res=false
*==== INFO ====* req_id_count= 21000 stream_id=83996 latency=0.601235 ms (tx_ts=160307353121449, rx_ts=160307353722684) request_id=168296 zil_blk_id=214752 ccf_commit_seqno=168296 nstreams_done_=21000 config.nstreams=50000 avg_latency=0.6369 ms avg throuhgput (requests/sec) = 89.7854 res=false
*==== INFO ====* req_id_count= 21500 stream_id=85996 latency=0.538437 ms (tx_ts=160312864907188, rx_ts=160312865445625) request_id=172296 zil_blk_id=219924 ccf_commit_seqno=172296 nstreams_done_=21500 config.nstreams=50000 avg_latency=0.6368 ms avg throuhgput (requests/sec) = 89.8068 res=false
*==== INFO ====* req_id_count= 22000 stream_id=87996 latency=0.793534 ms (tx_ts=160318359260736, rx_ts=160318360054270) request_id=176281 zil_blk_id=225079 ccf_commit_seqno=176281 nstreams_done_=22000 config.nstreams=50000 avg_latency=0.6365 ms avg throuhgput (requests/sec) = 89.8335 res=false
*==== INFO ====* req_id_count= 22500 stream_id=89996 latency=0.538448 ms (tx_ts=160323858129119, rx_ts=160323858667567) request_id=180269 zil_blk_id=230238 ccf_commit_seqno=180269 nstreams_done_=22500 config.nstreams=50000 avg_latency=0.6364 ms avg throuhgput (requests/sec) = 89.8577 res=false
*==== INFO ====* req_id_count= 23000 stream_id=91996 latency=0.525332 ms (tx_ts=160329380770658, rx_ts=160329381295990) request_id=184252 zil_blk_id=235421 ccf_commit_seqno=184252 nstreams_done_=23000 config.nstreams=50000 avg_latency=0.6368 ms avg throuhgput (requests/sec) = 89.8723 res=false
*==== INFO ====* req_id_count= 23500 stream_id=93996 latency=0.608278 ms (tx_ts=160334865808015, rx_ts=160334866416293) request_id=188224 zil_blk_id=240562 ccf_commit_seqno=188224 nstreams_done_=23500 config.nstreams=50000 avg_latency=0.6362 ms avg throuhgput (requests/sec) = 89.8992 res=false
*==== INFO ====* req_id_count= 24000 stream_id=95996 latency=0.619368 ms (tx_ts=160340393773088, rx_ts=160340394392456) request_id=192233 zil_blk_id=245757 ccf_commit_seqno=192233 nstreams_done_=24000 config.nstreams=50000 avg_latency=0.6364 ms avg throuhgput (requests/sec) = 89.9106 res=false
*==== INFO ====* req_id_count= 24500 stream_id=97996 latency=0.578031 ms (tx_ts=160345928753143, rx_ts=160345929331174) request_id=196235 zil_blk_id=250954 ccf_commit_seqno=196235 nstreams_done_=24500 config.nstreams=50000 avg_latency=0.6369 ms avg throuhgput (requests/sec) = 89.9192 res=false
*==== INFO ====* req_id_count= 25000 stream_id=99996 latency=0.574745 ms (tx_ts=160351454931181, rx_ts=160351455505926) request_id=200234 zil_blk_id=256144 ccf_commit_seqno=200234 nstreams_done_=25000 config.nstreams=50000 avg_latency=0.6372 ms avg throuhgput (requests/sec) = 89.9304 res=false
*==== INFO ====* req_id_count= 25500 stream_id=101996 latency=0.543296 ms (tx_ts=160356955952631, rx_ts=160356956495927) request_id=204222 zil_blk_id=261307 ccf_commit_seqno=204222 nstreams_done_=25500 config.nstreams=50000 avg_latency=0.6371 ms avg throuhgput (requests/sec) = 89.9490 res=false
*==== INFO ====* req_id_count= 26000 stream_id=103996 latency=0.610131 ms (tx_ts=160362451628595, rx_ts=160362452238726) request_id=208207 zil_blk_id=266469 ccf_commit_seqno=208207 nstreams_done_=26000 config.nstreams=50000 avg_latency=0.6369 ms avg throuhgput (requests/sec) = 89.9686 res=false
*==== INFO ====* req_id_count= 26500 stream_id=105996 latency=0.609560 ms (tx_ts=160367959195552, rx_ts=160367959805112) request_id=212196 zil_blk_id=271638 ccf_commit_seqno=212196 nstreams_done_=26500 config.nstreams=50000 avg_latency=0.6368 ms avg throuhgput (requests/sec) = 89.9839 res=false
*==== INFO ====* req_id_count= 27000 stream_id=107996 latency=0.631892 ms (tx_ts=160373493267829, rx_ts=160373493899721) request_id=216204 zil_blk_id=276832 ccf_commit_seqno=216204 nstreams_done_=27000 config.nstreams=50000 avg_latency=0.6371 ms avg throuhgput (requests/sec) = 89.9906 res=false
*==== INFO ====* req_id_count= 27500 stream_id=109996 latency=0.695662 ms (tx_ts=160379013630893, rx_ts=160379014326555) request_id=220204 zil_blk_id=282013 ccf_commit_seqno=220204 nstreams_done_=27500 config.nstreams=50000 avg_latency=0.6373 ms avg throuhgput (requests/sec) = 90.0011 res=false
*==== INFO ====* req_id_count= 28000 stream_id=111996 latency=0.534099 ms (tx_ts=160384549033361, rx_ts=160384549567460) request_id=224217 zil_blk_id=287207 ccf_commit_seqno=224217 nstreams_done_=28000 config.nstreams=50000 avg_latency=0.6381 ms avg throuhgput (requests/sec) = 90.0070 res=false
*==== INFO ====* req_id_count= 28500 stream_id=113996 latency=0.547825 ms (tx_ts=160390064918109, rx_ts=160390065465934) request_id=228212 zil_blk_id=292382 ccf_commit_seqno=228212 nstreams_done_=28500 config.nstreams=50000 avg_latency=0.6383 ms avg throuhgput (requests/sec) = 90.0181 res=false
*==== INFO ====* req_id_count= 29000 stream_id=115996 latency=0.572019 ms (tx_ts=160395564678365, rx_ts=160395565250384) request_id=232202 zil_blk_id=297537 ccf_commit_seqno=232202 nstreams_done_=29000 config.nstreams=50000 avg_latency=0.6379 ms avg throuhgput (requests/sec) = 90.0334 res=false
*==== INFO ====* req_id_count= 29500 stream_id=117996 latency=0.577130 ms (tx_ts=160401044629810, rx_ts=160401045206940) request_id=236185 zil_blk_id=302674 ccf_commit_seqno=236185 nstreams_done_=29500 config.nstreams=50000 avg_latency=0.6370 ms avg throuhgput (requests/sec) = 90.0536 res=false
*==== INFO ====* req_id_count= 30000 stream_id=119996 latency=0.636139 ms (tx_ts=160406578357890, rx_ts=160406578994029) request_id=240190 zil_blk_id=307873 ccf_commit_seqno=240190 nstreams_done_=30000 config.nstreams=50000 avg_latency=0.6371 ms avg throuhgput (requests/sec) = 90.0586 res=false
*==== INFO ====* req_id_count= 30500 stream_id=121996 latency=0.581337 ms (tx_ts=160412099187904, rx_ts=160412099769241) request_id=244189 zil_blk_id=313058 ccf_commit_seqno=244189 nstreams_done_=30500 config.nstreams=50000 avg_latency=0.6373 ms avg throuhgput (requests/sec) = 90.0669 res=false
*==== INFO ====* req_id_count= 31000 stream_id=123996 latency=0.599121 ms (tx_ts=160417603996268, rx_ts=160417604595389) request_id=248179 zil_blk_id=318218 ccf_commit_seqno=248179 nstreams_done_=31000 config.nstreams=50000 avg_latency=0.6372 ms avg throuhgput (requests/sec) = 90.0791 res=false
*==== INFO ====* req_id_count= 31500 stream_id=125996 latency=0.568383 ms (tx_ts=160423105653398, rx_ts=160423106221781) request_id=252179 zil_blk_id=323370 ccf_commit_seqno=252179 nstreams_done_=31500 config.nstreams=50000 avg_latency=0.6369 ms avg throuhgput (requests/sec) = 90.0917 res=false
*==== INFO ====* req_id_count= 32000 stream_id=127996 latency=0.716029 ms (tx_ts=160428624366631, rx_ts=160428625082660) request_id=256180 zil_blk_id=328544 ccf_commit_seqno=256181 nstreams_done_=32000 config.nstreams=50000 avg_latency=0.6369 ms avg throuhgput (requests/sec) = 90.0996 res=false
*==== INFO ====* req_id_count= 32500 stream_id=129996 latency=0.695280 ms (tx_ts=160434149747881, rx_ts=160434150443161) request_id=260193 zil_blk_id=333726 ccf_commit_seqno=260193 nstreams_done_=32500 config.nstreams=50000 avg_latency=0.6371 ms avg throuhgput (requests/sec) = 90.1056 res=false
*==== INFO ====* req_id_count= 33000 stream_id=131996 latency=0.625149 ms (tx_ts=160439675597191, rx_ts=160439676222340) request_id=264194 zil_blk_id=338910 ccf_commit_seqno=264194 nstreams_done_=33000 config.nstreams=50000 avg_latency=0.6372 ms avg throuhgput (requests/sec) = 90.1113 res=false
*==== INFO ====* req_id_count= 33500 stream_id=133996 latency=0.573483 ms (tx_ts=160445208848441, rx_ts=160445209421924) request_id=268203 zil_blk_id=344106 ccf_commit_seqno=268203 nstreams_done_=33500 config.nstreams=50000 avg_latency=0.6374 ms avg throuhgput (requests/sec) = 90.1151 res=false
*==== INFO ====* req_id_count= 34000 stream_id=135996 latency=0.551632 ms (tx_ts=160450708945432, rx_ts=160450709497064) request_id=272195 zil_blk_id=349272 ccf_commit_seqno=272195 nstreams_done_=34000 config.nstreams=50000 avg_latency=0.6373 ms avg throuhgput (requests/sec) = 90.1267 res=false
*==== INFO ====* req_id_count= 34500 stream_id=137996 latency=0.524709 ms (tx_ts=160456205516039, rx_ts=160456206040748) request_id=276182 zil_blk_id=354431 ccf_commit_seqno=276182 nstreams_done_=34500 config.nstreams=50000 avg_latency=0.6369 ms avg throuhgput (requests/sec) = 90.1387 res=false
*==== INFO ====* req_id_count= 35000 stream_id=139996 latency=0.573963 ms (tx_ts=160461704123462, rx_ts=160461704697425) request_id=280175 zil_blk_id=359598 ccf_commit_seqno=280175 nstreams_done_=35000 config.nstreams=50000 avg_latency=0.6367 ms avg throuhgput (requests/sec) = 90.1499 res=false
*==== INFO ====* req_id_count= 35500 stream_id=141996 latency=0.543556 ms (tx_ts=160467221157165, rx_ts=160467221700721) request_id=284171 zil_blk_id=364781 ccf_commit_seqno=284171 nstreams_done_=35500 config.nstreams=50000 avg_latency=0.6369 ms avg throuhgput (requests/sec) = 90.1567 res=false
*==== INFO ====* req_id_count= 36000 stream_id=143996 latency=0.553274 ms (tx_ts=160472731570259, rx_ts=160472732123533) request_id=288169 zil_blk_id=369951 ccf_commit_seqno=288169 nstreams_done_=36000 config.nstreams=50000 avg_latency=0.6367 ms avg throuhgput (requests/sec) = 90.1647 res=false
*==== INFO ====* req_id_count= 36500 stream_id=145996 latency=0.547103 ms (tx_ts=160478277811090, rx_ts=160478278358193) request_id=292182 zil_blk_id=375153 ccf_commit_seqno=292182 nstreams_done_=36500 config.nstreams=50000 avg_latency=0.6371 ms avg throuhgput (requests/sec) = 90.1645 res=false
*==== INFO ====* req_id_count= 37000 stream_id=147996 latency=0.637592 ms (tx_ts=160483806504546, rx_ts=160483807142138) request_id=296192 zil_blk_id=380338 ccf_commit_seqno=296192 nstreams_done_=37000 config.nstreams=50000 avg_latency=0.6372 ms avg throuhgput (requests/sec) = 90.1681 res=false
*==== INFO ====* req_id_count= 37500 stream_id=149996 latency=0.558754 ms (tx_ts=160489312845070, rx_ts=160489313403824) request_id=300179 zil_blk_id=385508 ccf_commit_seqno=300179 nstreams_done_=37500 config.nstreams=50000 avg_latency=0.6373 ms avg throuhgput (requests/sec) = 90.1766 res=false
*==== INFO ====* req_id_count= 38000 stream_id=151996 latency=0.613838 ms (tx_ts=160494813641283, rx_ts=160494814255121) request_id=304172 zil_blk_id=390669 ccf_commit_seqno=304172 nstreams_done_=38000 config.nstreams=50000 avg_latency=0.6372 ms avg throuhgput (requests/sec) = 90.1860 res=false
*==== INFO ====* req_id_count= 38500 stream_id=153996 latency=0.582930 ms (tx_ts=160500344342517, rx_ts=160500344925447) request_id=308171 zil_blk_id=395854 ccf_commit_seqno=308171 nstreams_done_=38500 config.nstreams=50000 avg_latency=0.6375 ms avg throuhgput (requests/sec) = 90.1888 res=false
*==== INFO ====* req_id_count= 39000 stream_id=155996 latency=0.608959 ms (tx_ts=160505862789527, rx_ts=160505863398486) request_id=312169 zil_blk_id=401030 ccf_commit_seqno=312169 nstreams_done_=39000 config.nstreams=50000 avg_latency=0.6375 ms avg throuhgput (requests/sec) = 90.1941 res=false
*==== INFO ====* req_id_count= 39500 stream_id=157996 latency=0.667658 ms (tx_ts=160511347122299, rx_ts=160511347789957) request_id=316149 zil_blk_id=406178 ccf_commit_seqno=316149 nstreams_done_=39500 config.nstreams=50000 avg_latency=0.6370 ms avg throuhgput (requests/sec) = 90.2063 res=false
*==== INFO ====* req_id_count= 40000 stream_id=159996 latency=0.691764 ms (tx_ts=160516850091369, rx_ts=160516850783133) request_id=320137 zil_blk_id=411343 ccf_commit_seqno=320137 nstreams_done_=40000 config.nstreams=50000 avg_latency=0.6369 ms avg throuhgput (requests/sec) = 90.2144 res=false
*==== INFO ====* req_id_count= 40500 stream_id=161996 latency=0.589943 ms (tx_ts=160522392500916, rx_ts=160522393090859) request_id=324148 zil_blk_id=416547 ccf_commit_seqno=324148 nstreams_done_=40500 config.nstreams=50000 avg_latency=0.6371 ms avg throuhgput (requests/sec) = 90.2144 res=false
*==== INFO ====* req_id_count= 41000 stream_id=163996 latency=0.692706 ms (tx_ts=160527933832177, rx_ts=160527934524883) request_id=328164 zil_blk_id=421752 ccf_commit_seqno=328164 nstreams_done_=41000 config.nstreams=50000 avg_latency=0.6374 ms avg throuhgput (requests/sec) = 90.2146 res=false
*==== INFO ====* req_id_count= 41500 stream_id=165996 latency=0.562583 ms (tx_ts=160533469035116, rx_ts=160533469597699) request_id=332172 zil_blk_id=426951 ccf_commit_seqno=332172 nstreams_done_=41500 config.nstreams=50000 avg_latency=0.6375 ms avg throuhgput (requests/sec) = 90.2160 res=false
*==== INFO ====* req_id_count= 42000 stream_id=167996 latency=0.543396 ms (tx_ts=160538974722655, rx_ts=160538975266051) request_id=336154 zil_blk_id=432119 ccf_commit_seqno=336154 nstreams_done_=42000 config.nstreams=50000 avg_latency=0.6374 ms avg throuhgput (requests/sec) = 90.2231 res=false
*==== INFO ====* req_id_count= 42500 stream_id=169996 latency=0.641920 ms (tx_ts=160544513250073, rx_ts=160544513891993) request_id=340173 zil_blk_id=437314 ccf_commit_seqno=340173 nstreams_done_=42500 config.nstreams=50000 avg_latency=0.6376 ms avg throuhgput (requests/sec) = 90.2237 res=false
*==== INFO ====* req_id_count= 43000 stream_id=171996 latency=0.569435 ms (tx_ts=160550034287599, rx_ts=160550034857034) request_id=344182 zil_blk_id=442491 ccf_commit_seqno=344182 nstreams_done_=43000 config.nstreams=50000 avg_latency=0.6377 ms avg throuhgput (requests/sec) = 90.2277 res=false
*==== INFO ====* req_id_count= 43500 stream_id=173996 latency=0.602397 ms (tx_ts=160555526877297, rx_ts=160555527479694) request_id=348167 zil_blk_id=447639 ccf_commit_seqno=348167 nstreams_done_=43500 config.nstreams=50000 avg_latency=0.6374 ms avg throuhgput (requests/sec) = 90.2368 res=false
*==== INFO ====* req_id_count= 44000 stream_id=175996 latency=0.555459 ms (tx_ts=160561030028806, rx_ts=160561030584265) request_id=352158 zil_blk_id=452799 ccf_commit_seqno=352158 nstreams_done_=44000 config.nstreams=50000 avg_latency=0.6372 ms avg throuhgput (requests/sec) = 90.2438 res=false
*==== INFO ====* req_id_count= 44500 stream_id=177996 latency=0.610612 ms (tx_ts=160566544306107, rx_ts=160566544916719) request_id=356150 zil_blk_id=457970 ccf_commit_seqno=356151 nstreams_done_=44500 config.nstreams=50000 avg_latency=0.6372 ms avg throuhgput (requests/sec) = 90.2486 res=false
*==== INFO ====* req_id_count= 45000 stream_id=179996 latency=0.557503 ms (tx_ts=160572031203455, rx_ts=160572031760958) request_id=360131 zil_blk_id=463120 ccf_commit_seqno=360131 nstreams_done_=45000 config.nstreams=50000 avg_latency=0.6370 ms avg throuhgput (requests/sec) = 90.2583 res=false
*==== INFO ====* req_id_count= 45500 stream_id=181996 latency=0.589052 ms (tx_ts=160577549150998, rx_ts=160577549740050) request_id=364135 zil_blk_id=468299 ccf_commit_seqno=364135 nstreams_done_=45500 config.nstreams=50000 avg_latency=0.6370 ms avg throuhgput (requests/sec) = 90.2622 res=false
*==== INFO ====* req_id_count= 46000 stream_id=183996 latency=0.552022 ms (tx_ts=160583051359830, rx_ts=160583051911852) request_id=368107 zil_blk_id=473464 ccf_commit_seqno=368107 nstreams_done_=46000 config.nstreams=50000 avg_latency=0.6369 ms avg throuhgput (requests/sec) = 90.2688 res=false
*==== INFO ====* req_id_count= 46500 stream_id=185996 latency=0.602257 ms (tx_ts=160588570699065, rx_ts=160588571301322) request_id=372041 zil_blk_id=478644 ccf_commit_seqno=372041 nstreams_done_=46500 config.nstreams=50000 avg_latency=0.6370 ms avg throuhgput (requests/sec) = 90.2722 res=false
*==== INFO ====* req_id_count= 47000 stream_id=187996 latency=0.596906 ms (tx_ts=160594065291768, rx_ts=160594065888674) request_id=375966 zil_blk_id=483801 ccf_commit_seqno=375966 nstreams_done_=47000 config.nstreams=50000 avg_latency=0.6368 ms avg throuhgput (requests/sec) = 90.2799 res=false
*==== INFO ====* req_id_count= 47500 stream_id=189996 latency=0.545652 ms (tx_ts=160599556378566, rx_ts=160599556924218) request_id=379918 zil_blk_id=488954 ccf_commit_seqno=379918 nstreams_done_=47500 config.nstreams=50000 avg_latency=0.6367 ms avg throuhgput (requests/sec) = 90.2880 res=false
*==== INFO ====* req_id_count= 48000 stream_id=191996 latency=0.552754 ms (tx_ts=160605050031465, rx_ts=160605050584219) request_id=383882 zil_blk_id=494110 ccf_commit_seqno=383882 nstreams_done_=48000 config.nstreams=50000 avg_latency=0.6365 ms avg throuhgput (requests/sec) = 90.2955 res=false
*==== INFO ====* req_id_count= 48500 stream_id=193996 latency=0.529411 ms (tx_ts=160610549418809, rx_ts=160610549948220) request_id=387875 zil_blk_id=499265 ccf_commit_seqno=387875 nstreams_done_=48500 config.nstreams=50000 avg_latency=0.6363 ms avg throuhgput (requests/sec) = 90.3019 res=false
*==== INFO ====* req_id_count= 49000 stream_id=195996 latency=0.533278 ms (tx_ts=160616039296763, rx_ts=160616039830041) request_id=391865 zil_blk_id=504415 ccf_commit_seqno=391865 nstreams_done_=49000 config.nstreams=50000 avg_latency=0.6361 ms avg throuhgput (requests/sec) = 90.3097 res=false
*==== INFO ====* req_id_count= 49500 stream_id=197996 latency=0.538507 ms (tx_ts=160621557576487, rx_ts=160621558114994) request_id=395865 zil_blk_id=509595 ccf_commit_seqno=395865 nstreams_done_=49500 config.nstreams=50000 avg_latency=0.6362 ms avg throuhgput (requests/sec) = 90.3127 res=false
*==== INFO ====* http_end_stream ALL streams done! nstreams_done_=50000 avg_latency=0.6360 msreq_id_count= 50000
*==== INFO ====* req_id_count= 50000 stream_id=199996 latency=0.559738 ms (tx_ts=160627050089097, rx_ts=160627050648835) request_id=399352 zil_blk_id=514754 ccf_commit_seqno=399352 nstreams_done_=50000 config.nstreams=50000 avg_latency=0.6360 ms avg throuhgput (requests/sec) = 90.3199 res=true
