Uniform: 94583 56684 621988 769638 520378 
Exponential: -2147483648 -2147483648 -2147483648 -2147483648 -2147483648 
Truncated Normal: 285513 256868 426897 579407 511208 
*==== INFO ====* req_id_count= 500 stream_id=1996 latency=1.651027 ms (tx_ts=160078982804981, rx_ts=160078984456008) request_id=3543 zil_blk_id=504 ccf_commit_seqno=3543 nstreams_done_=500 config.nstreams=50000 avg_latency=0.6660 ms avg throuhgput (requests/sec) = 90.5558 res=false
*==== INFO ====* req_id_count= 1000 stream_id=3996 latency=0.545571 ms (tx_ts=160084518982960, rx_ts=160084519528531) request_id=7549 zil_blk_id=5702 ccf_commit_seqno=7549 nstreams_done_=1000 config.nstreams=50000 avg_latency=0.6837 ms avg throuhgput (requests/sec) = 90.4443 res=false
*==== INFO ====* req_id_count= 1500 stream_id=5996 latency=0.542886 ms (tx_ts=160090011261813, rx_ts=160090011804699) request_id=11526 zil_blk_id=10855 ccf_commit_seqno=11526 nstreams_done_=1500 config.nstreams=50000 avg_latency=0.6636 ms avg throuhgput (requests/sec) = 90.6410 res=false
*==== INFO ====* req_id_count= 2000 stream_id=7996 latency=0.639818 ms (tx_ts=160095503386334, rx_ts=160095504026152) request_id=15509 zil_blk_id=16002 ccf_commit_seqno=15509 nstreams_done_=2000 config.nstreams=50000 avg_latency=0.6526 ms avg throuhgput (requests/sec) = 90.7399 res=false
*==== INFO ====* req_id_count= 2500 stream_id=9996 latency=0.572983 ms (tx_ts=160101022424096, rx_ts=160101022997079) request_id=19502 zil_blk_id=21176 ccf_commit_seqno=19502 nstreams_done_=2500 config.nstreams=50000 avg_latency=0.6576 ms avg throuhgput (requests/sec) = 90.7112 res=false
*==== INFO ====* req_id_count= 3000 stream_id=11996 latency=0.711381 ms (tx_ts=160106528094834, rx_ts=160106528806215) request_id=23495 zil_blk_id=26341 ccf_commit_seqno=23495 nstreams_done_=3000 config.nstreams=50000 avg_latency=0.6547 ms avg throuhgput (requests/sec) = 90.7282 res=false
*==== INFO ====* req_id_count= 3500 stream_id=13996 latency=0.546352 ms (tx_ts=160112035919837, rx_ts=160112036466189) request_id=27479 zil_blk_id=31508 ccf_commit_seqno=27479 nstreams_done_=3500 config.nstreams=50000 avg_latency=0.6517 ms avg throuhgput (requests/sec) = 90.7359 res=false
*==== INFO ====* req_id_count= 4000 stream_id=15996 latency=0.586216 ms (tx_ts=160117561502682, rx_ts=160117562088898) request_id=31476 zil_blk_id=36691 ccf_commit_seqno=31476 nstreams_done_=4000 config.nstreams=50000 avg_latency=0.6543 ms avg throuhgput (requests/sec) = 90.7048 res=false
*==== INFO ====* req_id_count= 4500 stream_id=17996 latency=0.537034 ms (tx_ts=160123060911602, rx_ts=160123061448636) request_id=35469 zil_blk_id=41846 ccf_commit_seqno=35469 nstreams_done_=4500 config.nstreams=50000 avg_latency=0.6511 ms avg throuhgput (requests/sec) = 90.7286 res=false
*==== INFO ====* req_id_count= 5000 stream_id=19996 latency=0.571369 ms (tx_ts=160128880865110, rx_ts=160128881436479) request_id=39524 zil_blk_id=47304 ccf_commit_seqno=39524 nstreams_done_=5000 config.nstreams=50000 avg_latency=0.6533 ms avg throuhgput (requests/sec) = 90.2227 res=false
*==== INFO ====* req_id_count= 5500 stream_id=21996 latency=0.619448 ms (tx_ts=160134810066167, rx_ts=160134810685615) request_id=43633 zil_blk_id=52862 ccf_commit_seqno=43633 nstreams_done_=5500 config.nstreams=50000 avg_latency=0.6504 ms avg throuhgput (requests/sec) = 89.6529 res=false
*==== INFO ====* req_id_count= 6000 stream_id=23996 latency=0.666026 ms (tx_ts=160140315747126, rx_ts=160140316413152) request_id=47519 zil_blk_id=58027 ccf_commit_seqno=47519 nstreams_done_=6000 config.nstreams=50000 avg_latency=0.6490 ms avg throuhgput (requests/sec) = 89.7486 res=false
*==== INFO ====* req_id_count= 6500 stream_id=25996 latency=0.524870 ms (tx_ts=160145825678030, rx_ts=160145826202900) request_id=51395 zil_blk_id=63205 ccf_commit_seqno=51395 nstreams_done_=6500 config.nstreams=50000 avg_latency=0.6496 ms avg throuhgput (requests/sec) = 89.8247 res=false
*==== INFO ====* req_id_count= 7000 stream_id=27996 latency=0.570688 ms (tx_ts=160151350375024, rx_ts=160151350945712) request_id=55314 zil_blk_id=68394 ccf_commit_seqno=55314 nstreams_done_=7000 config.nstreams=50000 avg_latency=0.6516 ms avg throuhgput (requests/sec) = 89.8727 res=false
*==== INFO ====* req_id_count= 7500 stream_id=29996 latency=0.550650 ms (tx_ts=160156835090368, rx_ts=160156835641018) request_id=59223 zil_blk_id=73541 ccf_commit_seqno=59223 nstreams_done_=7500 config.nstreams=50000 avg_latency=0.6489 ms avg throuhgput (requests/sec) = 89.9576 res=false
*==== INFO ====* req_id_count= 8000 stream_id=31996 latency=0.534440 ms (tx_ts=160162337828475, rx_ts=160162338362915) request_id=63176 zil_blk_id=78702 ccf_commit_seqno=63176 nstreams_done_=8000 config.nstreams=50000 avg_latency=0.6470 ms avg throuhgput (requests/sec) = 90.0137 res=false
*==== INFO ====* req_id_count= 8500 stream_id=33996 latency=0.561560 ms (tx_ts=160167844096438, rx_ts=160167844657998) request_id=67139 zil_blk_id=83871 ccf_commit_seqno=67139 nstreams_done_=8500 config.nstreams=50000 avg_latency=0.6465 ms avg throuhgput (requests/sec) = 90.0599 res=false
*==== INFO ====* req_id_count= 9000 stream_id=35996 latency=0.562312 ms (tx_ts=160173348220440, rx_ts=160173348782752) request_id=71126 zil_blk_id=89037 ccf_commit_seqno=71126 nstreams_done_=9000 config.nstreams=50000 avg_latency=0.6467 ms avg throuhgput (requests/sec) = 90.1029 res=false
*==== INFO ====* req_id_count= 9500 stream_id=37996 latency=0.996393 ms (tx_ts=160178864281568, rx_ts=160178865277961) request_id=75122 zil_blk_id=94215 ccf_commit_seqno=75122 nstreams_done_=9500 config.nstreams=50000 avg_latency=0.6476 ms avg throuhgput (requests/sec) = 90.1309 res=false
*==== INFO ====* req_id_count= 10000 stream_id=39996 latency=0.518429 ms (tx_ts=160184361888868, rx_ts=160184362407297) request_id=79115 zil_blk_id=99376 ccf_commit_seqno=79115 nstreams_done_=10000 config.nstreams=50000 avg_latency=0.6467 ms avg throuhgput (requests/sec) = 90.1718 res=false
*==== INFO ====* req_id_count= 10500 stream_id=41996 latency=0.584213 ms (tx_ts=160189875163642, rx_ts=160189875747855) request_id=83114 zil_blk_id=104554 ccf_commit_seqno=83114 nstreams_done_=10500 config.nstreams=50000 avg_latency=0.6478 ms avg throuhgput (requests/sec) = 90.1963 res=false
*==== INFO ====* req_id_count= 11000 stream_id=43996 latency=0.551712 ms (tx_ts=160195378058505, rx_ts=160195378610217) request_id=87109 zil_blk_id=109720 ccf_commit_seqno=87109 nstreams_done_=11000 config.nstreams=50000 avg_latency=0.6471 ms avg throuhgput (requests/sec) = 90.2263 res=false
*==== INFO ====* req_id_count= 11500 stream_id=45996 latency=0.511367 ms (tx_ts=160200895701530, rx_ts=160200896212897) request_id=91112 zil_blk_id=114901 ccf_commit_seqno=91112 nstreams_done_=11500 config.nstreams=50000 avg_latency=0.6479 ms avg throuhgput (requests/sec) = 90.2433 res=false
*==== INFO ====* req_id_count= 12000 stream_id=47996 latency=0.572832 ms (tx_ts=160206397661376, rx_ts=160206398234208) request_id=95099 zil_blk_id=120062 ccf_commit_seqno=95099 nstreams_done_=12000 config.nstreams=50000 avg_latency=0.6474 ms avg throuhgput (requests/sec) = 90.2695 res=false
*==== INFO ====* req_id_count= 12500 stream_id=49996 latency=0.601141 ms (tx_ts=160211888768412, rx_ts=160211889369553) request_id=99085 zil_blk_id=125216 ccf_commit_seqno=99086 nstreams_done_=12500 config.nstreams=50000 avg_latency=0.6455 ms avg throuhgput (requests/sec) = 90.3007 res=false
*==== INFO ====* req_id_count= 13000 stream_id=51996 latency=0.525903 ms (tx_ts=160217400140189, rx_ts=160217400666092) request_id=103078 zil_blk_id=130382 ccf_commit_seqno=103078 nstreams_done_=13000 config.nstreams=50000 avg_latency=0.6460 ms avg throuhgput (requests/sec) = 90.3169 res=false
*==== INFO ====* req_id_count= 13500 stream_id=53996 latency=0.562663 ms (tx_ts=160222920174130, rx_ts=160222920736793) request_id=107081 zil_blk_id=135556 ccf_commit_seqno=107081 nstreams_done_=13500 config.nstreams=50000 avg_latency=0.6466 ms avg throuhgput (requests/sec) = 90.3265 res=false
*==== INFO ====* req_id_count= 14000 stream_id=55996 latency=0.552734 ms (tx_ts=160228428629697, rx_ts=160228429182431) request_id=111073 zil_blk_id=140725 ccf_commit_seqno=111073 nstreams_done_=14000 config.nstreams=50000 avg_latency=0.6465 ms avg throuhgput (requests/sec) = 90.3423 res=false
*==== INFO ====* req_id_count= 14500 stream_id=57996 latency=0.563544 ms (tx_ts=160233938355947, rx_ts=160233938919491) request_id=115073 zil_blk_id=145903 ccf_commit_seqno=115073 nstreams_done_=14500 config.nstreams=50000 avg_latency=0.6462 ms avg throuhgput (requests/sec) = 90.3562 res=false
*==== INFO ====* req_id_count= 15000 stream_id=59996 latency=0.602757 ms (tx_ts=160239433906483, rx_ts=160239434509240) request_id=119057 zil_blk_id=151050 ccf_commit_seqno=119057 nstreams_done_=15000 config.nstreams=50000 avg_latency=0.6454 ms avg throuhgput (requests/sec) = 90.3770 res=false
*==== INFO ====* req_id_count= 15500 stream_id=61996 latency=0.510715 ms (tx_ts=160244929670336, rx_ts=160244930181051) request_id=123047 zil_blk_id=156203 ccf_commit_seqno=123047 nstreams_done_=15500 config.nstreams=50000 avg_latency=0.6444 ms avg throuhgput (requests/sec) = 90.3963 res=false
*==== INFO ====* req_id_count= 16000 stream_id=63996 latency=0.749521 ms (tx_ts=160250460234633, rx_ts=160250460984154) request_id=127047 zil_blk_id=161391 ccf_commit_seqno=127047 nstreams_done_=16000 config.nstreams=50000 avg_latency=0.6445 ms avg throuhgput (requests/sec) = 90.3965 res=false
*==== INFO ====* req_id_count= 16500 stream_id=65996 latency=0.650927 ms (tx_ts=160255995571005, rx_ts=160255996221932) request_id=131058 zil_blk_id=166585 ccf_commit_seqno=131058 nstreams_done_=16500 config.nstreams=50000 avg_latency=0.6444 ms avg throuhgput (requests/sec) = 90.3945 res=false
*==== INFO ====* req_id_count= 17000 stream_id=67996 latency=0.614018 ms (tx_ts=160261529238339, rx_ts=160261529852357) request_id=135071 zil_blk_id=171777 ccf_commit_seqno=135071 nstreams_done_=17000 config.nstreams=50000 avg_latency=0.6444 ms avg throuhgput (requests/sec) = 90.3934 res=false
*==== INFO ====* req_id_count= 17500 stream_id=69996 latency=0.624308 ms (tx_ts=160267073688845, rx_ts=160267074313153) request_id=139096 zil_blk_id=176980 ccf_commit_seqno=139096 nstreams_done_=17500 config.nstreams=50000 avg_latency=0.6450 ms avg throuhgput (requests/sec) = 90.3873 res=false
*==== INFO ====* req_id_count= 18000 stream_id=71996 latency=0.589613 ms (tx_ts=160272610028289, rx_ts=160272610617902) request_id=143117 zil_blk_id=182175 ccf_commit_seqno=143117 nstreams_done_=18000 config.nstreams=50000 avg_latency=0.6452 ms avg throuhgput (requests/sec) = 90.3852 res=false
*==== INFO ====* req_id_count= 18500 stream_id=73996 latency=0.664633 ms (tx_ts=160278145726614, rx_ts=160278146391247) request_id=147131 zil_blk_id=187369 ccf_commit_seqno=147131 nstreams_done_=18500 config.nstreams=50000 avg_latency=0.6449 ms avg throuhgput (requests/sec) = 90.3835 res=false
*==== INFO ====* req_id_count= 19000 stream_id=75996 latency=0.607336 ms (tx_ts=160283691088707, rx_ts=160283691696043) request_id=151153 zil_blk_id=192572 ccf_commit_seqno=151153 nstreams_done_=19000 config.nstreams=50000 avg_latency=0.6452 ms avg throuhgput (requests/sec) = 90.3778 res=false
*==== INFO ====* req_id_count= 19500 stream_id=77996 latency=0.609340 ms (tx_ts=160289241130408, rx_ts=160289241739748) request_id=155174 zil_blk_id=197781 ccf_commit_seqno=155174 nstreams_done_=19500 config.nstreams=50000 avg_latency=0.6458 ms avg throuhgput (requests/sec) = 90.3703 res=false
*==== INFO ====* req_id_count= 20000 stream_id=79996 latency=0.622404 ms (tx_ts=160294779819437, rx_ts=160294780441841) request_id=159190 zil_blk_id=202976 ccf_commit_seqno=159190 nstreams_done_=20000 config.nstreams=50000 avg_latency=0.6458 ms avg throuhgput (requests/sec) = 90.3679 res=false
*==== INFO ====* req_id_count= 20500 stream_id=81996 latency=0.617245 ms (tx_ts=160300325724524, rx_ts=160300326341769) request_id=163203 zil_blk_id=208186 ccf_commit_seqno=163203 nstreams_done_=20500 config.nstreams=50000 avg_latency=0.6460 ms avg throuhgput (requests/sec) = 90.3628 res=false
*==== INFO ====* req_id_count= 21000 stream_id=83996 latency=0.626672 ms (tx_ts=160305863075772, rx_ts=160305863702444) request_id=167219 zil_blk_id=213380 ccf_commit_seqno=167219 nstreams_done_=21000 config.nstreams=50000 avg_latency=0.6461 ms avg throuhgput (requests/sec) = 90.3612 res=false
*==== INFO ====* req_id_count= 21500 stream_id=85996 latency=0.522116 ms (tx_ts=160311423183034, rx_ts=160311423705150) request_id=171245 zil_blk_id=218587 ccf_commit_seqno=171245 nstreams_done_=21500 config.nstreams=50000 avg_latency=0.6470 ms avg throuhgput (requests/sec) = 90.3511 res=false
*==== INFO ====* req_id_count= 22000 stream_id=87996 latency=0.585405 ms (tx_ts=160316908981683, rx_ts=160316909567088) request_id=175230 zil_blk_id=223733 ccf_commit_seqno=175230 nstreams_done_=22000 config.nstreams=50000 avg_latency=0.6461 ms avg throuhgput (requests/sec) = 90.3689 res=false
*==== INFO ====* req_id_count= 22500 stream_id=89996 latency=0.583361 ms (tx_ts=160322415807485, rx_ts=160322416390846) request_id=179223 zil_blk_id=228899 ccf_commit_seqno=179223 nstreams_done_=22500 config.nstreams=50000 avg_latency=0.6457 ms avg throuhgput (requests/sec) = 90.3784 res=false
*==== INFO ====* req_id_count= 23000 stream_id=91996 latency=0.579537 ms (tx_ts=160327927191358, rx_ts=160327927770895) request_id=183203 zil_blk_id=234072 ccf_commit_seqno=183203 nstreams_done_=23000 config.nstreams=50000 avg_latency=0.6456 ms avg throuhgput (requests/sec) = 90.3858 res=false
*==== INFO ====* req_id_count= 23500 stream_id=93996 latency=2.179015 ms (tx_ts=160333441791290, rx_ts=160333443970305) request_id=187188 zil_blk_id=239247 ccf_commit_seqno=187188 nstreams_done_=23500 config.nstreams=50000 avg_latency=0.6460 ms avg throuhgput (requests/sec) = 90.3912 res=false
*==== INFO ====* req_id_count= 24000 stream_id=95996 latency=0.576128 ms (tx_ts=160338947509734, rx_ts=160338948085862) request_id=191183 zil_blk_id=244413 ccf_commit_seqno=191183 nstreams_done_=24000 config.nstreams=50000 avg_latency=0.6459 ms avg throuhgput (requests/sec) = 90.4006 res=false
*==== INFO ====* req_id_count= 24500 stream_id=97996 latency=0.540552 ms (tx_ts=160344465879268, rx_ts=160344466419820) request_id=195178 zil_blk_id=249595 ccf_commit_seqno=195178 nstreams_done_=24500 config.nstreams=50000 avg_latency=0.6463 ms avg throuhgput (requests/sec) = 90.4048 res=false
*==== INFO ====* req_id_count= 25000 stream_id=99996 latency=0.520775 ms (tx_ts=160349992763508, rx_ts=160349993284283) request_id=199179 zil_blk_id=254786 ccf_commit_seqno=199179 nstreams_done_=25000 config.nstreams=50000 avg_latency=0.6471 ms avg throuhgput (requests/sec) = 90.4060 res=false
*==== INFO ====* req_id_count= 25500 stream_id=101996 latency=0.549087 ms (tx_ts=160355503975387, rx_ts=160355504524474) request_id=203170 zil_blk_id=259959 ccf_commit_seqno=203170 nstreams_done_=25500 config.nstreams=50000 avg_latency=0.6473 ms avg throuhgput (requests/sec) = 90.4122 res=false
*==== INFO ====* req_id_count= 26000 stream_id=103996 latency=0.549658 ms (tx_ts=160361005519345, rx_ts=160361006069003) request_id=207162 zil_blk_id=265122 ccf_commit_seqno=207162 nstreams_done_=26000 config.nstreams=50000 avg_latency=0.6472 ms avg throuhgput (requests/sec) = 90.4212 res=false
*==== INFO ====* req_id_count= 26500 stream_id=105996 latency=0.538597 ms (tx_ts=160366526099055, rx_ts=160366526637652) request_id=211159 zil_blk_id=270305 ccf_commit_seqno=211159 nstreams_done_=26500 config.nstreams=50000 avg_latency=0.6477 ms avg throuhgput (requests/sec) = 90.4240 res=false
*==== INFO ====* req_id_count= 27000 stream_id=107996 latency=0.554857 ms (tx_ts=160372051465500, rx_ts=160372052020357) request_id=215156 zil_blk_id=275483 ccf_commit_seqno=215156 nstreams_done_=27000 config.nstreams=50000 avg_latency=0.6481 ms avg throuhgput (requests/sec) = 90.4253 res=false
*==== INFO ====* req_id_count= 27500 stream_id=109996 latency=0.524131 ms (tx_ts=160377556664095, rx_ts=160377557188226) request_id=219147 zil_blk_id=280640 ccf_commit_seqno=219147 nstreams_done_=27500 config.nstreams=50000 avg_latency=0.6480 ms avg throuhgput (requests/sec) = 90.4325 res=false
*==== INFO ====* req_id_count= 28000 stream_id=111996 latency=0.542244 ms (tx_ts=160383070054776, rx_ts=160383070597020) request_id=223147 zil_blk_id=285807 ccf_commit_seqno=223147 nstreams_done_=28000 config.nstreams=50000 avg_latency=0.6479 ms avg throuhgput (requests/sec) = 90.4371 res=false
*==== INFO ====* req_id_count= 28500 stream_id=113996 latency=0.566719 ms (tx_ts=160388585094108, rx_ts=160388585660827) request_id=227138 zil_blk_id=290980 ccf_commit_seqno=227138 nstreams_done_=28500 config.nstreams=50000 avg_latency=0.6481 ms avg throuhgput (requests/sec) = 90.4410 res=false
*==== INFO ====* req_id_count= 29000 stream_id=115996 latency=0.514222 ms (tx_ts=160394073673874, rx_ts=160394074188096) request_id=231123 zil_blk_id=296131 ccf_commit_seqno=231123 nstreams_done_=29000 config.nstreams=50000 avg_latency=0.6476 ms avg throuhgput (requests/sec) = 90.4522 res=false
*==== INFO ====* req_id_count= 29500 stream_id=117996 latency=0.600393 ms (tx_ts=160399579765749, rx_ts=160399580366142) request_id=235118 zil_blk_id=301297 ccf_commit_seqno=235118 nstreams_done_=29500 config.nstreams=50000 avg_latency=0.6473 ms avg throuhgput (requests/sec) = 90.4582 res=false
*==== INFO ====* req_id_count= 30000 stream_id=119996 latency=0.557022 ms (tx_ts=160405071398916, rx_ts=160405071955938) request_id=239101 zil_blk_id=306453 ccf_commit_seqno=239101 nstreams_done_=30000 config.nstreams=50000 avg_latency=0.6470 ms avg throuhgput (requests/sec) = 90.4680 res=false
*==== INFO ====* req_id_count= 30500 stream_id=121996 latency=0.544238 ms (tx_ts=160410577869989, rx_ts=160410578414227) request_id=243087 zil_blk_id=311621 ccf_commit_seqno=243087 nstreams_done_=30500 config.nstreams=50000 avg_latency=0.6469 ms avg throuhgput (requests/sec) = 90.4735 res=false
*==== INFO ====* req_id_count= 31000 stream_id=123996 latency=0.680543 ms (tx_ts=160416066284214, rx_ts=160416066964757) request_id=247066 zil_blk_id=316769 ccf_commit_seqno=247066 nstreams_done_=31000 config.nstreams=50000 avg_latency=0.6465 ms avg throuhgput (requests/sec) = 90.4835 res=false
*==== INFO ====* req_id_count= 31500 stream_id=125996 latency=0.828349 ms (tx_ts=160421583836365, rx_ts=160421584664714) request_id=251071 zil_blk_id=321949 ccf_commit_seqno=251072 nstreams_done_=31500 config.nstreams=50000 avg_latency=0.6466 ms avg throuhgput (requests/sec) = 90.4856 res=false
*==== INFO ====* req_id_count= 32000 stream_id=127996 latency=0.577590 ms (tx_ts=160427068135046, rx_ts=160427068712636) request_id=255052 zil_blk_id=327092 ccf_commit_seqno=255052 nstreams_done_=32000 config.nstreams=50000 avg_latency=0.6459 ms avg throuhgput (requests/sec) = 90.4963 res=false
*==== INFO ====* req_id_count= 32500 stream_id=129996 latency=0.594234 ms (tx_ts=160432565427063, rx_ts=160432566021297) request_id=259042 zil_blk_id=332248 ccf_commit_seqno=259042 nstreams_done_=32500 config.nstreams=50000 avg_latency=0.6457 ms avg throuhgput (requests/sec) = 90.5033 res=false
*==== INFO ====* req_id_count= 33000 stream_id=131996 latency=0.578141 ms (tx_ts=160438072482206, rx_ts=160438073060347) request_id=263031 zil_blk_id=337415 ccf_commit_seqno=263031 nstreams_done_=33000 config.nstreams=50000 avg_latency=0.6457 ms avg throuhgput (requests/sec) = 90.5077 res=false
*==== INFO ====* req_id_count= 33500 stream_id=133996 latency=0.566358 ms (tx_ts=160443588259231, rx_ts=160443588825589) request_id=267032 zil_blk_id=342592 ccf_commit_seqno=267032 nstreams_done_=33500 config.nstreams=50000 avg_latency=0.6457 ms avg throuhgput (requests/sec) = 90.5098 res=false
*==== INFO ====* req_id_count= 34000 stream_id=135996 latency=0.552664 ms (tx_ts=160449092425988, rx_ts=160449092978652) request_id=271025 zil_blk_id=347756 ccf_commit_seqno=271025 nstreams_done_=34000 config.nstreams=50000 avg_latency=0.6454 ms avg throuhgput (requests/sec) = 90.5146 res=false
*==== INFO ====* req_id_count= 34500 stream_id=137996 latency=0.602978 ms (tx_ts=160454615152869, rx_ts=160454615755847) request_id=275026 zil_blk_id=352936 ccf_commit_seqno=275026 nstreams_done_=34500 config.nstreams=50000 avg_latency=0.6456 ms avg throuhgput (requests/sec) = 90.5149 res=false
*==== INFO ====* req_id_count= 35000 stream_id=139996 latency=0.558074 ms (tx_ts=160460121579696, rx_ts=160460122137770) request_id=279029 zil_blk_id=358104 ccf_commit_seqno=279029 nstreams_done_=35000 config.nstreams=50000 avg_latency=0.6457 ms avg throuhgput (requests/sec) = 90.5190 res=false
*==== INFO ====* req_id_count= 35500 stream_id=141996 latency=0.570326 ms (tx_ts=160465620450932, rx_ts=160465621021258) request_id=283011 zil_blk_id=363263 ccf_commit_seqno=283011 nstreams_done_=35500 config.nstreams=50000 avg_latency=0.6455 ms avg throuhgput (requests/sec) = 90.5247 res=false
*==== INFO ====* req_id_count= 36000 stream_id=143996 latency=0.616934 ms (tx_ts=160471140406123, rx_ts=160471141023057) request_id=287012 zil_blk_id=368441 ccf_commit_seqno=287012 nstreams_done_=36000 config.nstreams=50000 avg_latency=0.6456 ms avg throuhgput (requests/sec) = 90.5255 res=false
*==== INFO ====* req_id_count= 36500 stream_id=145996 latency=0.593149 ms (tx_ts=160476665010313, rx_ts=160476665603462) request_id=291009 zil_blk_id=373625 ccf_commit_seqno=291010 nstreams_done_=36500 config.nstreams=50000 avg_latency=0.6460 ms avg throuhgput (requests/sec) = 90.5252 res=false
*==== INFO ====* req_id_count= 37000 stream_id=147996 latency=0.849248 ms (tx_ts=160482195354693, rx_ts=160482196203941) request_id=295020 zil_blk_id=378814 ccf_commit_seqno=295020 nstreams_done_=37000 config.nstreams=50000 avg_latency=0.6467 ms avg throuhgput (requests/sec) = 90.5236 res=false
*==== INFO ====* req_id_count= 37500 stream_id=149996 latency=0.553405 ms (tx_ts=160487756881284, rx_ts=160487757434689) request_id=299058 zil_blk_id=384031 ccf_commit_seqno=299058 nstreams_done_=37500 config.nstreams=50000 avg_latency=0.6479 ms avg throuhgput (requests/sec) = 90.5153 res=false
*==== INFO ====* req_id_count= 38000 stream_id=151996 latency=0.520905 ms (tx_ts=160493276571210, rx_ts=160493277092115) request_id=303052 zil_blk_id=389209 ccf_commit_seqno=303052 nstreams_done_=38000 config.nstreams=50000 avg_latency=0.6482 ms avg throuhgput (requests/sec) = 90.5163 res=false
*==== INFO ====* req_id_count= 38500 stream_id=153996 latency=0.639265 ms (tx_ts=160498791439550, rx_ts=160498792078815) request_id=307046 zil_blk_id=394381 ccf_commit_seqno=307046 nstreams_done_=38500 config.nstreams=50000 avg_latency=0.6484 ms avg throuhgput (requests/sec) = 90.5181 res=false
*==== INFO ====* req_id_count= 39000 stream_id=155996 latency=0.558355 ms (tx_ts=160504277627524, rx_ts=160504278185879) request_id=311025 zil_blk_id=399526 ccf_commit_seqno=311025 nstreams_done_=39000 config.nstreams=50000 avg_latency=0.6479 ms avg throuhgput (requests/sec) = 90.5261 res=false
*==== INFO ====* req_id_count= 39500 stream_id=157996 latency=0.548286 ms (tx_ts=160509792377861, rx_ts=160509792926147) request_id=315022 zil_blk_id=404700 ccf_commit_seqno=315022 nstreams_done_=39500 config.nstreams=50000 avg_latency=0.6480 ms avg throuhgput (requests/sec) = 90.5278 res=false
*==== INFO ====* req_id_count= 40000 stream_id=159996 latency=0.587178 ms (tx_ts=160515312568355, rx_ts=160515313155533) request_id=319020 zil_blk_id=409885 ccf_commit_seqno=319020 nstreams_done_=40000 config.nstreams=50000 avg_latency=0.6482 ms avg throuhgput (requests/sec) = 90.5284 res=false
*==== INFO ====* req_id_count= 40500 stream_id=161996 latency=0.618346 ms (tx_ts=160520808465914, rx_ts=160520809084260) request_id=322999 zil_blk_id=415048 ccf_commit_seqno=322999 nstreams_done_=40500 config.nstreams=50000 avg_latency=0.6481 ms avg throuhgput (requests/sec) = 90.5339 res=false
*==== INFO ====* req_id_count= 41000 stream_id=163996 latency=0.742148 ms (tx_ts=160526322739477, rx_ts=160526323481625) request_id=326997 zil_blk_id=420228 ccf_commit_seqno=326997 nstreams_done_=41000 config.nstreams=50000 avg_latency=0.6483 ms avg throuhgput (requests/sec) = 90.5356 res=false
*==== INFO ====* req_id_count= 41500 stream_id=165996 latency=2.057368 ms (tx_ts=160531830872331, rx_ts=160531832929699) request_id=330987 zil_blk_id=425396 ccf_commit_seqno=330987 nstreams_done_=41500 config.nstreams=50000 avg_latency=0.6483 ms avg throuhgput (requests/sec) = 90.5382 res=false
*==== INFO ====* req_id_count= 42000 stream_id=167996 latency=0.747408 ms (tx_ts=160537342525219, rx_ts=160537343272627) request_id=334974 zil_blk_id=430566 ccf_commit_seqno=334974 nstreams_done_=42000 config.nstreams=50000 avg_latency=0.6483 ms avg throuhgput (requests/sec) = 90.5406 res=false
*==== INFO ====* req_id_count= 42500 stream_id=169996 latency=0.579865 ms (tx_ts=160542848829817, rx_ts=160542849409682) request_id=338961 zil_blk_id=435734 ccf_commit_seqno=338961 nstreams_done_=42500 config.nstreams=50000 avg_latency=0.6483 ms avg throuhgput (requests/sec) = 90.5437 res=false
*==== INFO ====* req_id_count= 43000 stream_id=171996 latency=0.538267 ms (tx_ts=160548335094101, rx_ts=160548335632368) request_id=342948 zil_blk_id=440879 ccf_commit_seqno=342948 nstreams_done_=43000 config.nstreams=50000 avg_latency=0.6479 ms avg throuhgput (requests/sec) = 90.5506 res=false
*==== INFO ====* req_id_count= 43500 stream_id=173996 latency=0.526565 ms (tx_ts=160553837088513, rx_ts=160553837615078) request_id=346938 zil_blk_id=446040 ccf_commit_seqno=346938 nstreams_done_=43500 config.nstreams=50000 avg_latency=0.6479 ms avg throuhgput (requests/sec) = 90.5543 res=false
*==== INFO ====* req_id_count= 44000 stream_id=175996 latency=0.559246 ms (tx_ts=160559337733895, rx_ts=160559338293141) request_id=350927 zil_blk_id=451200 ccf_commit_seqno=350927 nstreams_done_=44000 config.nstreams=50000 avg_latency=0.6476 ms avg throuhgput (requests/sec) = 90.5582 res=false
*==== INFO ====* req_id_count= 44500 stream_id=177996 latency=0.718123 ms (tx_ts=160564851738191, rx_ts=160564852456314) request_id=354926 zil_blk_id=456372 ccf_commit_seqno=354926 nstreams_done_=44500 config.nstreams=50000 avg_latency=0.6477 ms avg throuhgput (requests/sec) = 90.5595 res=false
*==== INFO ====* req_id_count= 45000 stream_id=179996 latency=0.573383 ms (tx_ts=160570371665799, rx_ts=160570372239182) request_id=358925 zil_blk_id=461550 ccf_commit_seqno=358925 nstreams_done_=45000 config.nstreams=50000 avg_latency=0.6479 ms avg throuhgput (requests/sec) = 90.5598 res=false
*==== INFO ====* req_id_count= 45500 stream_id=181996 latency=0.531295 ms (tx_ts=160575862093453, rx_ts=160575862624748) request_id=362906 zil_blk_id=466702 ccf_commit_seqno=362906 nstreams_done_=45500 config.nstreams=50000 avg_latency=0.6476 ms avg throuhgput (requests/sec) = 90.5654 res=false
*==== INFO ====* req_id_count= 46000 stream_id=183996 latency=0.583231 ms (tx_ts=160581388323522, rx_ts=160581388906753) request_id=366912 zil_blk_id=471884 ccf_commit_seqno=366912 nstreams_done_=46000 config.nstreams=50000 avg_latency=0.6474 ms avg throuhgput (requests/sec) = 90.5644 res=false
*==== INFO ====* req_id_count= 46500 stream_id=185996 latency=0.581789 ms (tx_ts=160587317162594, rx_ts=160587317744383) request_id=371146 zil_blk_id=477443 ccf_commit_seqno=371146 nstreams_done_=46500 config.nstreams=50000 avg_latency=0.6472 ms avg throuhgput (requests/sec) = 90.4925 res=false
*==== INFO ====* req_id_count= 47000 stream_id=187996 latency=0.522368 ms (tx_ts=160593200250360, rx_ts=160593200772728) request_id=375347 zil_blk_id=482953 ccf_commit_seqno=375347 nstreams_done_=47000 config.nstreams=50000 avg_latency=0.6467 ms avg throuhgput (requests/sec) = 90.4302 res=false
*==== INFO ====* req_id_count= 47500 stream_id=189996 latency=0.519872 ms (tx_ts=160598696018309, rx_ts=160598696538181) request_id=379302 zil_blk_id=488108 ccf_commit_seqno=379302 nstreams_done_=47500 config.nstreams=50000 avg_latency=0.6465 ms avg throuhgput (requests/sec) = 90.4360 res=false
*==== INFO ====* req_id_count= 48000 stream_id=191996 latency=1.619760 ms (tx_ts=160604202269872, rx_ts=160604203889632) request_id=383265 zil_blk_id=493275 ccf_commit_seqno=383265 nstreams_done_=48000 config.nstreams=50000 avg_latency=0.6465 ms avg throuhgput (requests/sec) = 90.4396 res=false
*==== INFO ====* req_id_count= 48500 stream_id=193996 latency=0.590344 ms (tx_ts=160609719691484, rx_ts=160609720281828) request_id=387271 zil_blk_id=498450 ccf_commit_seqno=387271 nstreams_done_=48500 config.nstreams=50000 avg_latency=0.6467 ms avg throuhgput (requests/sec) = 90.4417 res=false
*==== INFO ====* req_id_count= 49000 stream_id=195996 latency=0.519862 ms (tx_ts=160615192740995, rx_ts=160615193260857) request_id=391248 zil_blk_id=503588 ccf_commit_seqno=391248 nstreams_done_=49000 config.nstreams=50000 avg_latency=0.6461 ms avg throuhgput (requests/sec) = 90.4509 res=false
*==== INFO ====* req_id_count= 49500 stream_id=197996 latency=0.527627 ms (tx_ts=160620698672427, rx_ts=160620699200054) request_id=395239 zil_blk_id=508758 ccf_commit_seqno=395239 nstreams_done_=49500 config.nstreams=50000 avg_latency=0.6461 ms avg throuhgput (requests/sec) = 90.4545 res=false
*==== INFO ====* http_end_stream ALL streams done! nstreams_done_=50000 avg_latency=0.6460 msreq_id_count= 50000
*==== INFO ====* req_id_count= 50000 stream_id=199996 latency=0.557623 ms (tx_ts=160626200958112, rx_ts=160626201515735) request_id=398967 zil_blk_id=513921 ccf_commit_seqno=398967 nstreams_done_=50000 config.nstreams=50000 avg_latency=0.6460 ms avg throuhgput (requests/sec) = 90.4587 res=true
