Uniform: 667773 997143 21088 545796 97667 
Exponential: -2147483648 -2147483648 -2147483648 -2147483648 -2147483648 
Truncated Normal: 578472 290918 112625 737901 549934 
*==== INFO ====* req_id_count= 500 stream_id=1996 latency=0.533868 ms (tx_ts=160078954899078, rx_ts=160078955432946) request_id=3524 zil_blk_id=478 ccf_commit_seqno=3524 nstreams_done_=500 config.nstreams=50000 avg_latency=0.6543 ms avg throuhgput (requests/sec) = 91.0304 res=false
*==== INFO ====* req_id_count= 1000 stream_id=3996 latency=0.546252 ms (tx_ts=160084486010583, rx_ts=160084486556835) request_id=7525 zil_blk_id=5667 ccf_commit_seqno=7525 nstreams_done_=1000 config.nstreams=50000 avg_latency=0.6648 ms avg throuhgput (requests/sec) = 90.7129 res=false
*==== INFO ====* req_id_count= 1500 stream_id=5996 latency=0.510034 ms (tx_ts=160089979869857, rx_ts=160089980379891) request_id=11507 zil_blk_id=10818 ccf_commit_seqno=11507 nstreams_done_=1500 config.nstreams=50000 avg_latency=0.6469 ms avg throuhgput (requests/sec) = 90.8121 res=false
*==== INFO ====* req_id_count= 2000 stream_id=7996 latency=0.700621 ms (tx_ts=160095492393836, rx_ts=160095493094457) request_id=15503 zil_blk_id=15991 ccf_commit_seqno=15503 nstreams_done_=2000 config.nstreams=50000 avg_latency=0.6498 ms avg throuhgput (requests/sec) = 90.7839 res=false
*==== INFO ====* req_id_count= 2500 stream_id=9996 latency=0.646730 ms (tx_ts=160101004188078, rx_ts=160101004834808) request_id=19494 zil_blk_id=21158 ccf_commit_seqno=19494 nstreams_done_=2500 config.nstreams=50000 avg_latency=0.6486 ms avg throuhgput (requests/sec) = 90.7702 res=false
*==== INFO ====* req_id_count= 3000 stream_id=11996 latency=0.625069 ms (tx_ts=160106518298717, rx_ts=160106518923786) request_id=23489 zil_blk_id=26330 ccf_commit_seqno=23490 nstreams_done_=3000 config.nstreams=50000 avg_latency=0.6467 ms avg throuhgput (requests/sec) = 90.7546 res=false
*==== INFO ====* req_id_count= 3500 stream_id=13996 latency=0.569596 ms (tx_ts=160112018846235, rx_ts=160112019415831) request_id=27468 zil_blk_id=31490 ccf_commit_seqno=27468 nstreams_done_=3500 config.nstreams=50000 avg_latency=0.6451 ms avg throuhgput (requests/sec) = 90.7755 res=false
*==== INFO ====* req_id_count= 4000 stream_id=15996 latency=0.570387 ms (tx_ts=160117531547366, rx_ts=160117532117753) request_id=31456 zil_blk_id=36661 ccf_commit_seqno=31456 nstreams_done_=4000 config.nstreams=50000 avg_latency=0.6466 ms avg throuhgput (requests/sec) = 90.7660 res=false
*==== INFO ====* req_id_count= 4500 stream_id=17996 latency=1.179156 ms (tx_ts=160123026127089, rx_ts=160123027306245) request_id=35442 zil_blk_id=41820 ccf_commit_seqno=35442 nstreams_done_=4500 config.nstreams=50000 avg_latency=0.6431 ms avg throuhgput (requests/sec) = 90.7907 res=false
*==== INFO ====* req_id_count= 5000 stream_id=19996 latency=0.582720 ms (tx_ts=160128835308721, rx_ts=160128835891441) request_id=39494 zil_blk_id=47267 ccf_commit_seqno=39494 nstreams_done_=5000 config.nstreams=50000 avg_latency=0.6430 ms avg throuhgput (requests/sec) = 90.2965 res=false
*==== INFO ====* req_id_count= 5500 stream_id=21996 latency=0.513871 ms (tx_ts=160134605709240, rx_ts=160134606223111) request_id=43491 zil_blk_id=52679 ccf_commit_seqno=43491 nstreams_done_=5500 config.nstreams=50000 avg_latency=0.6428 ms avg throuhgput (requests/sec) = 89.9524 res=false
*==== INFO ====* req_id_count= 6000 stream_id=23996 latency=0.511948 ms (tx_ts=160140093340193, rx_ts=160140093852141) request_id=47362 zil_blk_id=57825 ccf_commit_seqno=47362 nstreams_done_=6000 config.nstreams=50000 avg_latency=0.6409 ms avg throuhgput (requests/sec) = 90.0481 res=false
*==== INFO ====* req_id_count= 6500 stream_id=25996 latency=0.533286 ms (tx_ts=160145594996095, rx_ts=160145595529381) request_id=51232 zil_blk_id=62984 ccf_commit_seqno=51232 nstreams_done_=6500 config.nstreams=50000 avg_latency=0.6405 ms avg throuhgput (requests/sec) = 90.1116 res=false
*==== INFO ====* req_id_count= 7000 stream_id=27996 latency=0.547274 ms (tx_ts=160151106384185, rx_ts=160151106931459) request_id=55141 zil_blk_id=68151 ccf_commit_seqno=55141 nstreams_done_=7000 config.nstreams=50000 avg_latency=0.6409 ms avg throuhgput (requests/sec) = 90.1549 res=false
*==== INFO ====* req_id_count= 7500 stream_id=29996 latency=0.613096 ms (tx_ts=160156597490952, rx_ts=160156598104048) request_id=59055 zil_blk_id=73306 ccf_commit_seqno=59055 nstreams_done_=7500 config.nstreams=50000 avg_latency=0.6382 ms avg throuhgput (requests/sec) = 90.2143 res=false
*==== INFO ====* req_id_count= 8000 stream_id=31996 latency=0.571058 ms (tx_ts=160162085588687, rx_ts=160162086159745) request_id=62995 zil_blk_id=78457 ccf_commit_seqno=62995 nstreams_done_=8000 config.nstreams=50000 avg_latency=0.6353 ms avg throuhgput (requests/sec) = 90.2696 res=false
*==== INFO ====* req_id_count= 8500 stream_id=33996 latency=3.999120 ms (tx_ts=160167581601232, rx_ts=160167585600352) request_id=66951 zil_blk_id=83618 ccf_commit_seqno=66951 nstreams_done_=8500 config.nstreams=50000 avg_latency=0.6351 ms avg throuhgput (requests/sec) = 90.3075 res=false
*==== INFO ====* req_id_count= 9000 stream_id=35996 latency=0.542385 ms (tx_ts=160173105659193, rx_ts=160173106201578) request_id=70955 zil_blk_id=88794 ccf_commit_seqno=70955 nstreams_done_=9000 config.nstreams=50000 avg_latency=0.6352 ms avg throuhgput (requests/sec) = 90.3221 res=false
*==== INFO ====* req_id_count= 9500 stream_id=37996 latency=0.527176 ms (tx_ts=160178622279830, rx_ts=160178622807006) request_id=74951 zil_blk_id=93972 ccf_commit_seqno=74951 nstreams_done_=9500 config.nstreams=50000 avg_latency=0.6354 ms avg throuhgput (requests/sec) = 90.3385 res=false
*==== INFO ====* req_id_count= 10000 stream_id=39996 latency=0.501848 ms (tx_ts=160184132778282, rx_ts=160184133280130) request_id=78948 zil_blk_id=99141 ccf_commit_seqno=78948 nstreams_done_=10000 config.nstreams=50000 avg_latency=0.6350 ms avg throuhgput (requests/sec) = 90.3583 res=false
*==== INFO ====* req_id_count= 10500 stream_id=41996 latency=0.585155 ms (tx_ts=160189631800837, rx_ts=160189632385992) request_id=82937 zil_blk_id=104299 ccf_commit_seqno=82937 nstreams_done_=10500 config.nstreams=50000 avg_latency=0.6343 ms avg throuhgput (requests/sec) = 90.3851 res=false
*==== INFO ====* req_id_count= 11000 stream_id=43996 latency=0.575295 ms (tx_ts=160195120189704, rx_ts=160195120764999) request_id=86919 zil_blk_id=109448 ccf_commit_seqno=86919 nstreams_done_=11000 config.nstreams=50000 avg_latency=0.6331 ms avg throuhgput (requests/sec) = 90.4174 res=false
*==== INFO ====* req_id_count= 11500 stream_id=45996 latency=0.562833 ms (tx_ts=160200640735220, rx_ts=160200641298053) request_id=90924 zil_blk_id=114631 ccf_commit_seqno=90924 nstreams_done_=11500 config.nstreams=50000 avg_latency=0.6329 ms avg throuhgput (requests/sec) = 90.4241 res=false
*==== INFO ====* req_id_count= 12000 stream_id=47996 latency=0.647322 ms (tx_ts=160206155777130, rx_ts=160206156424452) request_id=94923 zil_blk_id=119809 ccf_commit_seqno=94923 nstreams_done_=12000 config.nstreams=50000 avg_latency=0.6330 ms avg throuhgput (requests/sec) = 90.4339 res=false
*==== INFO ====* req_id_count= 12500 stream_id=49996 latency=0.533398 ms (tx_ts=160211646528925, rx_ts=160211647062323) request_id=98910 zil_blk_id=124960 ccf_commit_seqno=98910 nstreams_done_=12500 config.nstreams=50000 avg_latency=0.6323 ms avg throuhgput (requests/sec) = 90.4589 res=false
*==== INFO ====* req_id_count= 13000 stream_id=51996 latency=0.627685 ms (tx_ts=160217137342928, rx_ts=160217137970613) request_id=102890 zil_blk_id=130116 ccf_commit_seqno=102890 nstreams_done_=13000 config.nstreams=50000 avg_latency=0.6315 ms avg throuhgput (requests/sec) = 90.4819 res=false
*==== INFO ====* req_id_count= 13500 stream_id=53996 latency=0.520634 ms (tx_ts=160222636730263, rx_ts=160222637250897) request_id=106876 zil_blk_id=135281 ccf_commit_seqno=106876 nstreams_done_=13500 config.nstreams=50000 avg_latency=0.6316 ms avg throuhgput (requests/sec) = 90.4980 res=false
*==== INFO ====* req_id_count= 14000 stream_id=55996 latency=0.596616 ms (tx_ts=160228150363644, rx_ts=160228150960260) request_id=110868 zil_blk_id=140461 ccf_commit_seqno=110868 nstreams_done_=14000 config.nstreams=50000 avg_latency=0.6324 ms avg throuhgput (requests/sec) = 90.5046 res=false
*==== INFO ====* req_id_count= 14500 stream_id=57996 latency=0.562542 ms (tx_ts=160233670517116, rx_ts=160233671079658) request_id=114878 zil_blk_id=145640 ccf_commit_seqno=114878 nstreams_done_=14500 config.nstreams=50000 avg_latency=0.6324 ms avg throuhgput (requests/sec) = 90.5072 res=false
*==== INFO ====* req_id_count= 15000 stream_id=59996 latency=0.537596 ms (tx_ts=160239169610580, rx_ts=160239170148176) request_id=118868 zil_blk_id=150802 ccf_commit_seqno=118868 nstreams_done_=15000 config.nstreams=50000 avg_latency=0.6324 ms avg throuhgput (requests/sec) = 90.5210 res=false
*==== INFO ====* req_id_count= 15500 stream_id=61996 latency=0.583582 ms (tx_ts=160244676048077, rx_ts=160244676631659) request_id=122862 zil_blk_id=155971 ccf_commit_seqno=122862 nstreams_done_=15500 config.nstreams=50000 avg_latency=0.6326 ms avg throuhgput (requests/sec) = 90.5300 res=false
*==== INFO ====* req_id_count= 16000 stream_id=63996 latency=0.571158 ms (tx_ts=160250169586231, rx_ts=160250170157389) request_id=126836 zil_blk_id=161128 ccf_commit_seqno=126836 nstreams_done_=16000 config.nstreams=50000 avg_latency=0.6321 ms avg throuhgput (requests/sec) = 90.5452 res=false
*==== INFO ====* req_id_count= 16500 stream_id=65996 latency=0.539850 ms (tx_ts=160255672392373, rx_ts=160255672932223) request_id=130822 zil_blk_id=166298 ccf_commit_seqno=130822 nstreams_done_=16500 config.nstreams=50000 avg_latency=0.6324 ms avg throuhgput (requests/sec) = 90.5548 res=false
*==== INFO ====* req_id_count= 17000 stream_id=67996 latency=0.516177 ms (tx_ts=160261154236559, rx_ts=160261154752736) request_id=134804 zil_blk_id=171450 ccf_commit_seqno=134804 nstreams_done_=17000 config.nstreams=50000 avg_latency=0.6316 ms avg throuhgput (requests/sec) = 90.5739 res=false
*==== INFO ====* req_id_count= 17500 stream_id=69996 latency=0.515564 ms (tx_ts=160266633113687, rx_ts=160266633629251) request_id=138778 zil_blk_id=176599 ccf_commit_seqno=138778 nstreams_done_=17500 config.nstreams=50000 avg_latency=0.6303 ms avg throuhgput (requests/sec) = 90.5934 res=false
*==== INFO ====* req_id_count= 18000 stream_id=71996 latency=0.521195 ms (tx_ts=160272128588268, rx_ts=160272129109463) request_id=142766 zil_blk_id=181762 ccf_commit_seqno=142766 nstreams_done_=18000 config.nstreams=50000 avg_latency=0.6301 ms avg throuhgput (requests/sec) = 90.6042 res=false
*==== INFO ====* req_id_count= 18500 stream_id=73996 latency=0.561921 ms (tx_ts=160277630009263, rx_ts=160277630571184) request_id=146758 zil_blk_id=186932 ccf_commit_seqno=146758 nstreams_done_=18500 config.nstreams=50000 avg_latency=0.6305 ms avg throuhgput (requests/sec) = 90.6117 res=false
*==== INFO ====* req_id_count= 19000 stream_id=75996 latency=0.556410 ms (tx_ts=160283117374737, rx_ts=160283117931147) request_id=150739 zil_blk_id=192086 ccf_commit_seqno=150739 nstreams_done_=19000 config.nstreams=50000 avg_latency=0.6299 ms avg throuhgput (requests/sec) = 90.6250 res=false
*==== INFO ====* req_id_count= 19500 stream_id=77996 latency=0.530923 ms (tx_ts=160288599080899, rx_ts=160288599611822) request_id=154710 zil_blk_id=197234 ccf_commit_seqno=154710 nstreams_done_=19500 config.nstreams=50000 avg_latency=0.6289 ms avg throuhgput (requests/sec) = 90.6400 res=false
*==== INFO ====* req_id_count= 20000 stream_id=79996 latency=0.529009 ms (tx_ts=160294099848749, rx_ts=160294100377758) request_id=158699 zil_blk_id=202394 ccf_commit_seqno=158699 nstreams_done_=20000 config.nstreams=50000 avg_latency=0.6289 ms avg throuhgput (requests/sec) = 90.6464 res=false
*==== INFO ====* req_id_count= 20500 stream_id=81996 latency=0.516806 ms (tx_ts=160299604393953, rx_ts=160299604910759) request_id=162681 zil_blk_id=207554 ccf_commit_seqno=162681 nstreams_done_=20500 config.nstreams=50000 avg_latency=0.6290 ms avg throuhgput (requests/sec) = 90.6509 res=false
*==== INFO ====* req_id_count= 21000 stream_id=83996 latency=0.570838 ms (tx_ts=160305096927554, rx_ts=160305097498392) request_id=166660 zil_blk_id=212704 ccf_commit_seqno=166660 nstreams_done_=21000 config.nstreams=50000 avg_latency=0.6289 ms avg throuhgput (requests/sec) = 90.6600 res=false
*==== INFO ====* req_id_count= 21500 stream_id=85996 latency=0.582740 ms (tx_ts=160310593204649, rx_ts=160310593787389) request_id=170644 zil_blk_id=217864 ccf_commit_seqno=170644 nstreams_done_=21500 config.nstreams=50000 avg_latency=0.6284 ms avg throuhgput (requests/sec) = 90.6672 res=false
*==== INFO ====* req_id_count= 22000 stream_id=87996 latency=1.964233 ms (tx_ts=160316101382402, rx_ts=160316103346635) request_id=174646 zil_blk_id=223040 ccf_commit_seqno=174646 nstreams_done_=22000 config.nstreams=50000 avg_latency=0.6287 ms avg throuhgput (requests/sec) = 90.6691 res=false
*==== INFO ====* req_id_count= 22500 stream_id=89996 latency=0.564377 ms (tx_ts=160321611933345, rx_ts=160321612497722) request_id=178639 zil_blk_id=228217 ccf_commit_seqno=178639 nstreams_done_=22500 config.nstreams=50000 avg_latency=0.6288 ms avg throuhgput (requests/sec) = 90.6711 res=false
*==== INFO ====* req_id_count= 23000 stream_id=91996 latency=0.578211 ms (tx_ts=160327108360563, rx_ts=160327108938774) request_id=182613 zil_blk_id=233379 ccf_commit_seqno=182613 nstreams_done_=23000 config.nstreams=50000 avg_latency=0.6286 ms avg throuhgput (requests/sec) = 90.6775 res=false
*==== INFO ====* req_id_count= 23500 stream_id=93996 latency=0.552564 ms (tx_ts=160332607295321, rx_ts=160332607847885) request_id=186581 zil_blk_id=238546 ccf_commit_seqno=186581 nstreams_done_=23500 config.nstreams=50000 avg_latency=0.6285 ms avg throuhgput (requests/sec) = 90.6828 res=false
*==== INFO ====* req_id_count= 24000 stream_id=95996 latency=0.548927 ms (tx_ts=160338108503868, rx_ts=160338109052795) request_id=190572 zil_blk_id=243708 ccf_commit_seqno=190572 nstreams_done_=24000 config.nstreams=50000 avg_latency=0.6284 ms avg throuhgput (requests/sec) = 90.6871 res=false
*==== INFO ====* req_id_count= 24500 stream_id=97996 latency=1.397574 ms (tx_ts=160343602050524, rx_ts=160343603448098) request_id=194552 zil_blk_id=248861 ccf_commit_seqno=194552 nstreams_done_=24500 config.nstreams=50000 avg_latency=0.6281 ms avg throuhgput (requests/sec) = 90.6935 res=false
*==== INFO ====* req_id_count= 25000 stream_id=99996 latency=1.669813 ms (tx_ts=160349121252094, rx_ts=160349122921907) request_id=198551 zil_blk_id=254042 ccf_commit_seqno=198551 nstreams_done_=25000 config.nstreams=50000 avg_latency=0.6287 ms avg throuhgput (requests/sec) = 90.6914 res=false
*==== INFO ====* req_id_count= 25500 stream_id=101996 latency=0.553004 ms (tx_ts=160354631628006, rx_ts=160354632181010) request_id=202535 zil_blk_id=259212 ccf_commit_seqno=202535 nstreams_done_=25500 config.nstreams=50000 avg_latency=0.6289 ms avg throuhgput (requests/sec) = 90.6927 res=false
*==== INFO ====* req_id_count= 26000 stream_id=103996 latency=0.673760 ms (tx_ts=160360128072874, rx_ts=160360128746634) request_id=206527 zil_blk_id=264370 ccf_commit_seqno=206527 nstreams_done_=26000 config.nstreams=50000 avg_latency=0.6286 ms avg throuhgput (requests/sec) = 90.6979 res=false
*==== INFO ====* req_id_count= 26500 stream_id=105996 latency=0.618707 ms (tx_ts=160365658859858, rx_ts=160365659478565) request_id=210527 zil_blk_id=269567 ccf_commit_seqno=210527 nstreams_done_=26500 config.nstreams=50000 avg_latency=0.6295 ms avg throuhgput (requests/sec) = 90.6923 res=false
*==== INFO ====* req_id_count= 27000 stream_id=107996 latency=0.566410 ms (tx_ts=160371185085552, rx_ts=160371185651962) request_id=214527 zil_blk_id=274755 ccf_commit_seqno=214527 nstreams_done_=27000 config.nstreams=50000 avg_latency=0.6298 ms avg throuhgput (requests/sec) = 90.6884 res=false
*==== INFO ====* req_id_count= 27500 stream_id=109996 latency=0.599090 ms (tx_ts=160376707028206, rx_ts=160376707627296) request_id=218531 zil_blk_id=279933 ccf_commit_seqno=218531 nstreams_done_=27500 config.nstreams=50000 avg_latency=0.6301 ms avg throuhgput (requests/sec) = 90.6858 res=false
*==== INFO ====* req_id_count= 28000 stream_id=111996 latency=0.616374 ms (tx_ts=160382212414926, rx_ts=160382213031300) request_id=222524 zil_blk_id=285096 ccf_commit_seqno=222524 nstreams_done_=28000 config.nstreams=50000 avg_latency=0.6301 ms avg throuhgput (requests/sec) = 90.6882 res=false
*==== INFO ====* req_id_count= 28500 stream_id=113996 latency=0.563674 ms (tx_ts=160387737610956, rx_ts=160387738174630) request_id=226521 zil_blk_id=290281 ccf_commit_seqno=226521 nstreams_done_=28500 config.nstreams=50000 avg_latency=0.6308 ms avg throuhgput (requests/sec) = 90.6848 res=false
*==== INFO ====* req_id_count= 29000 stream_id=115996 latency=0.590154 ms (tx_ts=160393253131521, rx_ts=160393253721675) request_id=230526 zil_blk_id=295458 ccf_commit_seqno=230526 nstreams_done_=29000 config.nstreams=50000 avg_latency=0.6309 ms avg throuhgput (requests/sec) = 90.6842 res=false
*==== INFO ====* req_id_count= 29500 stream_id=117996 latency=0.597728 ms (tx_ts=160398782711667, rx_ts=160398783309395) request_id=234539 zil_blk_id=300647 ccf_commit_seqno=234539 nstreams_done_=29500 config.nstreams=50000 avg_latency=0.6311 ms avg throuhgput (requests/sec) = 90.6798 res=false
*==== INFO ====* req_id_count= 30000 stream_id=119996 latency=0.567491 ms (tx_ts=160404299690402, rx_ts=160404300257893) request_id=238542 zil_blk_id=305817 ccf_commit_seqno=238542 nstreams_done_=30000 config.nstreams=50000 avg_latency=0.6314 ms avg throuhgput (requests/sec) = 90.6790 res=false
*==== INFO ====* req_id_count= 30500 stream_id=121996 latency=0.532827 ms (tx_ts=160409814292104, rx_ts=160409814824931) request_id=242533 zil_blk_id=310993 ccf_commit_seqno=242533 nstreams_done_=30500 config.nstreams=50000 avg_latency=0.6317 ms avg throuhgput (requests/sec) = 90.6788 res=false
*==== INFO ====* req_id_count= 31000 stream_id=123996 latency=0.527416 ms (tx_ts=160415335129689, rx_ts=160415335657105) request_id=246536 zil_blk_id=316175 ccf_commit_seqno=246536 nstreams_done_=31000 config.nstreams=50000 avg_latency=0.6318 ms avg throuhgput (requests/sec) = 90.6770 res=false
*==== INFO ====* req_id_count= 31500 stream_id=125996 latency=0.553876 ms (tx_ts=160420820146690, rx_ts=160420820700566) request_id=250517 zil_blk_id=321319 ccf_commit_seqno=250517 nstreams_done_=31500 config.nstreams=50000 avg_latency=0.6315 ms avg throuhgput (requests/sec) = 90.6846 res=false
*==== INFO ====* req_id_count= 32000 stream_id=127996 latency=0.564185 ms (tx_ts=160426325434926, rx_ts=160426325999111) request_id=254513 zil_blk_id=326480 ccf_commit_seqno=254513 nstreams_done_=32000 config.nstreams=50000 avg_latency=0.6317 ms avg throuhgput (requests/sec) = 90.6867 res=false
*==== INFO ====* req_id_count= 32500 stream_id=129996 latency=0.549647 ms (tx_ts=160431839254354, rx_ts=160431839804001) request_id=258512 zil_blk_id=331648 ccf_commit_seqno=258512 nstreams_done_=32500 config.nstreams=50000 avg_latency=0.6318 ms avg throuhgput (requests/sec) = 90.6866 res=false
*==== INFO ====* req_id_count= 33000 stream_id=131996 latency=0.543306 ms (tx_ts=160437351187899, rx_ts=160437351731205) request_id=262510 zil_blk_id=336816 ccf_commit_seqno=262510 nstreams_done_=33000 config.nstreams=50000 avg_latency=0.6320 ms avg throuhgput (requests/sec) = 90.6870 res=false
*==== INFO ====* req_id_count= 33500 stream_id=133996 latency=0.564725 ms (tx_ts=160442848691792, rx_ts=160442849256517) request_id=266492 zil_blk_id=341969 ccf_commit_seqno=266492 nstreams_done_=33500 config.nstreams=50000 avg_latency=0.6320 ms avg throuhgput (requests/sec) = 90.6909 res=false
*==== INFO ====* req_id_count= 34000 stream_id=135996 latency=0.531207 ms (tx_ts=160448349255857, rx_ts=160448349787064) request_id=270485 zil_blk_id=347130 ccf_commit_seqno=270485 nstreams_done_=34000 config.nstreams=50000 avg_latency=0.6320 ms avg throuhgput (requests/sec) = 90.6940 res=false
*==== INFO ====* req_id_count= 34500 stream_id=137996 latency=0.592168 ms (tx_ts=160453876763255, rx_ts=160453877355423) request_id=274494 zil_blk_id=352316 ccf_commit_seqno=274494 nstreams_done_=34500 config.nstreams=50000 avg_latency=0.6321 ms avg throuhgput (requests/sec) = 90.6905 res=false
*==== INFO ====* req_id_count= 35000 stream_id=139996 latency=0.536938 ms (tx_ts=160459370752673, rx_ts=160459371289611) request_id=278481 zil_blk_id=357476 ccf_commit_seqno=278481 nstreams_done_=35000 config.nstreams=50000 avg_latency=0.6318 ms avg throuhgput (requests/sec) = 90.6951 res=false
*==== INFO ====* req_id_count= 35500 stream_id=141996 latency=0.596255 ms (tx_ts=160464884871449, rx_ts=160464885467704) request_id=282477 zil_blk_id=362652 ccf_commit_seqno=282477 nstreams_done_=35500 config.nstreams=50000 avg_latency=0.6321 ms avg throuhgput (requests/sec) = 90.6948 res=false
*==== INFO ====* req_id_count= 36000 stream_id=143996 latency=0.549497 ms (tx_ts=160470378899610, rx_ts=160470379449107) request_id=286457 zil_blk_id=367811 ccf_commit_seqno=286457 nstreams_done_=36000 config.nstreams=50000 avg_latency=0.6318 ms avg throuhgput (requests/sec) = 90.6991 res=false
*==== INFO ====* req_id_count= 36500 stream_id=145996 latency=0.568063 ms (tx_ts=160475868047359, rx_ts=160475868615422) request_id=290432 zil_blk_id=372971 ccf_commit_seqno=290432 nstreams_done_=36500 config.nstreams=50000 avg_latency=0.6314 ms avg throuhgput (requests/sec) = 90.7044 res=false
*==== INFO ====* req_id_count= 37000 stream_id=147996 latency=0.713445 ms (tx_ts=160481356147699, rx_ts=160481356861144) request_id=294413 zil_blk_id=378124 ccf_commit_seqno=294413 nstreams_done_=37000 config.nstreams=50000 avg_latency=0.6312 ms avg throuhgput (requests/sec) = 90.7098 res=false
*==== INFO ====* req_id_count= 37500 stream_id=149996 latency=0.513952 ms (tx_ts=160486835895176, rx_ts=160486836409128) request_id=298386 zil_blk_id=383270 ccf_commit_seqno=298386 nstreams_done_=37500 config.nstreams=50000 avg_latency=0.6307 ms avg throuhgput (requests/sec) = 90.7170 res=false
*==== INFO ====* req_id_count= 38000 stream_id=151996 latency=0.730295 ms (tx_ts=160492336999242, rx_ts=160492337729537) request_id=302370 zil_blk_id=388431 ccf_commit_seqno=302370 nstreams_done_=38000 config.nstreams=50000 avg_latency=0.6306 ms avg throuhgput (requests/sec) = 90.7192 res=false
*==== INFO ====* req_id_count= 38500 stream_id=153996 latency=0.557323 ms (tx_ts=160497847678333, rx_ts=160497848235656) request_id=306363 zil_blk_id=393608 ccf_commit_seqno=306363 nstreams_done_=38500 config.nstreams=50000 avg_latency=0.6308 ms avg throuhgput (requests/sec) = 90.7194 res=false
*==== INFO ====* req_id_count= 39000 stream_id=155996 latency=0.577660 ms (tx_ts=160503369760069, rx_ts=160503370337729) request_id=310368 zil_blk_id=398792 ccf_commit_seqno=310368 nstreams_done_=39000 config.nstreams=50000 avg_latency=0.6311 ms avg throuhgput (requests/sec) = 90.7172 res=false
*==== INFO ====* req_id_count= 39500 stream_id=157996 latency=0.550039 ms (tx_ts=160508870655840, rx_ts=160508871205879) request_id=314351 zil_blk_id=403954 ccf_commit_seqno=314351 nstreams_done_=39500 config.nstreams=50000 avg_latency=0.6310 ms avg throuhgput (requests/sec) = 90.7194 res=false
*==== INFO ====* req_id_count= 40000 stream_id=159996 latency=0.601776 ms (tx_ts=160514380021118, rx_ts=160514380622894) request_id=318343 zil_blk_id=409128 ccf_commit_seqno=318343 nstreams_done_=40000 config.nstreams=50000 avg_latency=0.6309 ms avg throuhgput (requests/sec) = 90.7198 res=false
*==== INFO ====* req_id_count= 40500 stream_id=161996 latency=0.664653 ms (tx_ts=160519916992018, rx_ts=160519917656671) request_id=322354 zil_blk_id=414331 ccf_commit_seqno=322354 nstreams_done_=40500 config.nstreams=50000 avg_latency=0.6310 ms avg throuhgput (requests/sec) = 90.7147 res=false
*==== INFO ====* req_id_count= 41000 stream_id=163996 latency=0.583792 ms (tx_ts=160525453756764, rx_ts=160525454340556) request_id=326367 zil_blk_id=419528 ccf_commit_seqno=326367 nstreams_done_=41000 config.nstreams=50000 avg_latency=0.6312 ms avg throuhgput (requests/sec) = 90.7097 res=false
*==== INFO ====* req_id_count= 41500 stream_id=165996 latency=0.640006 ms (tx_ts=160530999025587, rx_ts=160530999665593) request_id=330385 zil_blk_id=424734 ccf_commit_seqno=330385 nstreams_done_=41500 config.nstreams=50000 avg_latency=0.6316 ms avg throuhgput (requests/sec) = 90.7031 res=false
*==== INFO ====* req_id_count= 42000 stream_id=167996 latency=0.657359 ms (tx_ts=160536533648745, rx_ts=160536534306104) request_id=334390 zil_blk_id=429931 ccf_commit_seqno=334390 nstreams_done_=42000 config.nstreams=50000 avg_latency=0.6317 ms avg throuhgput (requests/sec) = 90.6987 res=false
*==== INFO ====* req_id_count= 42500 stream_id=169996 latency=0.677056 ms (tx_ts=160542062665504, rx_ts=160542063342560) request_id=338393 zil_blk_id=435121 ccf_commit_seqno=338393 nstreams_done_=42500 config.nstreams=50000 avg_latency=0.6318 ms avg throuhgput (requests/sec) = 90.6956 res=false
*==== INFO ====* req_id_count= 43000 stream_id=171996 latency=0.631161 ms (tx_ts=160547545870166, rx_ts=160547546501327) request_id=342375 zil_blk_id=440266 ccf_commit_seqno=342375 nstreams_done_=43000 config.nstreams=50000 avg_latency=0.6313 ms avg throuhgput (requests/sec) = 90.7013 res=false
*==== INFO ====* req_id_count= 43500 stream_id=173996 latency=0.548786 ms (tx_ts=160553042830923, rx_ts=160553043379709) request_id=346364 zil_blk_id=445424 ccf_commit_seqno=346364 nstreams_done_=43500 config.nstreams=50000 avg_latency=0.6312 ms avg throuhgput (requests/sec) = 90.7042 res=false
*==== INFO ====* req_id_count= 44000 stream_id=175996 latency=0.769208 ms (tx_ts=160558545455318, rx_ts=160558546224526) request_id=350353 zil_blk_id=450586 ccf_commit_seqno=350353 nstreams_done_=44000 config.nstreams=50000 avg_latency=0.6312 ms avg throuhgput (requests/sec) = 90.7060 res=false
*==== INFO ====* req_id_count= 44500 stream_id=177996 latency=0.525623 ms (tx_ts=160564052192381, rx_ts=160564052718004) request_id=354349 zil_blk_id=455753 ccf_commit_seqno=354349 nstreams_done_=44500 config.nstreams=50000 avg_latency=0.6311 ms avg throuhgput (requests/sec) = 90.7071 res=false
*==== INFO ====* req_id_count= 45000 stream_id=179996 latency=0.590925 ms (tx_ts=160569554234249, rx_ts=160569554825174) request_id=358331 zil_blk_id=460918 ccf_commit_seqno=358331 nstreams_done_=45000 config.nstreams=50000 avg_latency=0.6309 ms avg throuhgput (requests/sec) = 90.7090 res=false
*==== INFO ====* req_id_count= 45500 stream_id=181996 latency=0.594232 ms (tx_ts=160575067317808, rx_ts=160575067912040) request_id=362329 zil_blk_id=466095 ccf_commit_seqno=362329 nstreams_done_=45500 config.nstreams=50000 avg_latency=0.6310 ms avg throuhgput (requests/sec) = 90.7088 res=false
*==== INFO ====* req_id_count= 46000 stream_id=183996 latency=0.576919 ms (tx_ts=160580550016788, rx_ts=160580550593707) request_id=366312 zil_blk_id=471237 ccf_commit_seqno=366312 nstreams_done_=46000 config.nstreams=50000 avg_latency=0.6307 ms avg throuhgput (requests/sec) = 90.7141 res=false
*==== INFO ====* req_id_count= 46500 stream_id=185996 latency=0.541222 ms (tx_ts=160586297724446, rx_ts=160586298265668) request_id=370423 zil_blk_id=476627 ccf_commit_seqno=370423 nstreams_done_=46500 config.nstreams=50000 avg_latency=0.6306 ms avg throuhgput (requests/sec) = 90.6723 res=false
*==== INFO ====* req_id_count= 47000 stream_id=187996 latency=0.581207 ms (tx_ts=160592202613472, rx_ts=160592203194679) request_id=374633 zil_blk_id=482159 ccf_commit_seqno=374633 nstreams_done_=47000 config.nstreams=50000 avg_latency=0.6304 ms avg throuhgput (requests/sec) = 90.6041 res=false
*==== INFO ====* req_id_count= 47500 stream_id=189996 latency=0.658311 ms (tx_ts=160598094822487, rx_ts=160598095480798) request_id=378869 zil_blk_id=487682 ccf_commit_seqno=378869 nstreams_done_=47500 config.nstreams=50000 avg_latency=0.6304 ms avg throuhgput (requests/sec) = 90.5395 res=false
*==== INFO ====* req_id_count= 48000 stream_id=191996 latency=0.602477 ms (tx_ts=160603936558705, rx_ts=160603937161182) request_id=383072 zil_blk_id=493164 ccf_commit_seqno=383072 nstreams_done_=48000 config.nstreams=50000 avg_latency=0.6304 ms avg throuhgput (requests/sec) = 90.4850 res=false
*==== INFO ====* req_id_count= 48500 stream_id=193996 latency=0.614439 ms (tx_ts=160609421519786, rx_ts=160609422134225) request_id=387051 zil_blk_id=498312 ccf_commit_seqno=387051 nstreams_done_=48500 config.nstreams=50000 avg_latency=0.6301 ms avg throuhgput (requests/sec) = 90.4919 res=false
*==== INFO ====* req_id_count= 49000 stream_id=195996 latency=0.586857 ms (tx_ts=160614922123447, rx_ts=160614922710304) request_id=391052 zil_blk_id=503473 ccf_commit_seqno=391052 nstreams_done_=49000 config.nstreams=50000 avg_latency=0.6301 ms avg throuhgput (requests/sec) = 90.4961 res=false
*==== INFO ====* req_id_count= 49500 stream_id=197996 latency=0.553045 ms (tx_ts=160620412824275, rx_ts=160620413377320) request_id=395034 zil_blk_id=508623 ccf_commit_seqno=395034 nstreams_done_=49500 config.nstreams=50000 avg_latency=0.6300 ms avg throuhgput (requests/sec) = 90.5018 res=false
*==== INFO ====* http_end_stream ALL streams done! nstreams_done_=50000 avg_latency=0.6300 msreq_id_count= 50000
*==== INFO ====* req_id_count= 50000 stream_id=199996 latency=0.591357 ms (tx_ts=160625915341558, rx_ts=160625915932915) request_id=398809 zil_blk_id=513785 ccf_commit_seqno=398809 nstreams_done_=50000 config.nstreams=50000 avg_latency=0.6300 ms avg throuhgput (requests/sec) = 90.5054 res=true
