Uniform: 131403 279152 137377 349032 356401 
Exponential: -2147483648 -2147483648 -2147483648 -2147483648 -2147483648 
Truncated Normal: 416814 489939 563964 148715 141630 
*==== INFO ====* req_id_count= 500 stream_id=1996 latency=1.120826 ms (tx_ts=160078992906625, rx_ts=160078994027451) request_id=3549 zil_blk_id=513 ccf_commit_seqno=3549 nstreams_done_=500 config.nstreams=50000 avg_latency=0.6819 ms avg throuhgput (requests/sec) = 90.3994 res=false
*==== INFO ====* req_id_count= 1000 stream_id=3996 latency=0.651199 ms (tx_ts=160084529182682, rx_ts=160084529833881) request_id=7555 zil_blk_id=5705 ccf_commit_seqno=7556 nstreams_done_=1000 config.nstreams=50000 avg_latency=0.6828 ms avg throuhgput (requests/sec) = 90.3602 res=false
*==== INFO ====* req_id_count= 1500 stream_id=5996 latency=0.576489 ms (tx_ts=160090067544757, rx_ts=160090068121246) request_id=11568 zil_blk_id=10905 ccf_commit_seqno=11568 nstreams_done_=1500 config.nstreams=50000 avg_latency=0.6760 ms avg throuhgput (requests/sec) = 90.3337 res=false
*==== INFO ====* req_id_count= 2000 stream_id=7996 latency=0.615813 ms (tx_ts=160095582474404, rx_ts=160095583090217) request_id=15565 zil_blk_id=16078 ccf_commit_seqno=15565 nstreams_done_=2000 config.nstreams=50000 avg_latency=0.6671 ms avg throuhgput (requests/sec) = 90.4156 res=false
*==== INFO ====* req_id_count= 2500 stream_id=9996 latency=0.648072 ms (tx_ts=160101124612332, rx_ts=160101125260404) request_id=19577 zil_blk_id=21275 ccf_commit_seqno=19577 nstreams_done_=2500 config.nstreams=50000 avg_latency=0.6689 ms avg throuhgput (requests/sec) = 90.3759 res=false
*==== INFO ====* req_id_count= 3000 stream_id=11996 latency=0.656829 ms (tx_ts=160106669297438, rx_ts=160106669954267) request_id=23594 zil_blk_id=26479 ccf_commit_seqno=23594 nstreams_done_=3000 config.nstreams=50000 avg_latency=0.6701 ms avg throuhgput (requests/sec) = 90.3426 res=false
*==== INFO ====* req_id_count= 3500 stream_id=13996 latency=0.702343 ms (tx_ts=160112242181986, rx_ts=160112242884329) request_id=27626 zil_blk_id=31708 ccf_commit_seqno=27626 nstreams_done_=3500 config.nstreams=50000 avg_latency=0.6741 ms avg throuhgput (requests/sec) = 90.2530 res=false
*==== INFO ====* req_id_count= 4000 stream_id=15996 latency=0.608528 ms (tx_ts=160117811230012, rx_ts=160117811838540) request_id=31655 zil_blk_id=36933 ccf_commit_seqno=31655 nstreams_done_=4000 config.nstreams=50000 avg_latency=0.6749 ms avg throuhgput (requests/sec) = 90.1941 res=false
*==== INFO ====* req_id_count= 4500 stream_id=17996 latency=0.579805 ms (tx_ts=160123335978788, rx_ts=160123336558593) request_id=35663 zil_blk_id=42120 ccf_commit_seqno=35663 nstreams_done_=4500 config.nstreams=50000 avg_latency=0.6734 ms avg throuhgput (requests/sec) = 90.2282 res=false
*==== INFO ====* req_id_count= 5000 stream_id=19996 latency=0.571158 ms (tx_ts=160129202725895, rx_ts=160129203297053) request_id=39743 zil_blk_id=47619 ccf_commit_seqno=39743 nstreams_done_=5000 config.nstreams=50000 avg_latency=0.6746 ms avg throuhgput (requests/sec) = 89.7017 res=false
*==== INFO ====* req_id_count= 5500 stream_id=21996 latency=0.580887 ms (tx_ts=160135200781084, rx_ts=160135201361971) request_id=43909 zil_blk_id=53239 ccf_commit_seqno=43909 nstreams_done_=5500 config.nstreams=50000 avg_latency=0.6718 ms avg throuhgput (requests/sec) = 89.0856 res=false
*==== INFO ====* req_id_count= 6000 stream_id=23996 latency=0.600994 ms (tx_ts=160141181480047, rx_ts=160141182081041) request_id=48128 zil_blk_id=58851 ccf_commit_seqno=48128 nstreams_done_=6000 config.nstreams=50000 avg_latency=0.6719 ms avg throuhgput (requests/sec) = 88.6013 res=false
*==== INFO ====* req_id_count= 6500 stream_id=25996 latency=0.608657 ms (tx_ts=160147128788151, rx_ts=160147129396808) request_id=52314 zil_blk_id=64440 ccf_commit_seqno=52314 nstreams_done_=6500 config.nstreams=50000 avg_latency=0.6722 ms avg throuhgput (requests/sec) = 88.2356 res=false
*==== INFO ====* req_id_count= 7000 stream_id=27996 latency=0.648744 ms (tx_ts=160152667875894, rx_ts=160152668524638) request_id=56253 zil_blk_id=69637 ccf_commit_seqno=56253 nstreams_done_=7000 config.nstreams=50000 avg_latency=0.6721 ms avg throuhgput (requests/sec) = 88.3777 res=false
*==== INFO ====* req_id_count= 7500 stream_id=29996 latency=0.602276 ms (tx_ts=160158200583587, rx_ts=160158201185863) request_id=60205 zil_blk_id=74825 ccf_commit_seqno=60205 nstreams_done_=7500 config.nstreams=50000 avg_latency=0.6707 ms avg throuhgput (requests/sec) = 88.5079 res=false
*==== INFO ====* req_id_count= 8000 stream_id=31996 latency=0.562742 ms (tx_ts=160163724833596, rx_ts=160163725396338) request_id=64170 zil_blk_id=80013 ccf_commit_seqno=64170 nstreams_done_=8000 config.nstreams=50000 avg_latency=0.6695 ms avg throuhgput (requests/sec) = 88.6305 res=false
*==== INFO ====* req_id_count= 8500 stream_id=33996 latency=0.572430 ms (tx_ts=160169263161564, rx_ts=160169263733994) request_id=68170 zil_blk_id=85212 ccf_commit_seqno=68170 nstreams_done_=8500 config.nstreams=50000 avg_latency=0.6702 ms avg throuhgput (requests/sec) = 88.7259 res=false
*==== INFO ====* req_id_count= 9000 stream_id=35996 latency=0.586697 ms (tx_ts=160174802520212, rx_ts=160174803106909) request_id=72180 zil_blk_id=90411 ccf_commit_seqno=72180 nstreams_done_=9000 config.nstreams=50000 avg_latency=0.6707 ms avg throuhgput (requests/sec) = 88.8099 res=false
*==== INFO ====* req_id_count= 9500 stream_id=37996 latency=0.630328 ms (tx_ts=160180347014309, rx_ts=160180347644637) request_id=76199 zil_blk_id=95612 ccf_commit_seqno=76199 nstreams_done_=9500 config.nstreams=50000 avg_latency=0.6712 ms avg throuhgput (requests/sec) = 88.8809 res=false
*==== INFO ====* req_id_count= 10000 stream_id=39996 latency=0.674151 ms (tx_ts=160185873470651, rx_ts=160185874144802) request_id=80211 zil_blk_id=100801 ccf_commit_seqno=80211 nstreams_done_=10000 config.nstreams=50000 avg_latency=0.6707 ms avg throuhgput (requests/sec) = 88.9592 res=false
*==== INFO ====* req_id_count= 10500 stream_id=41996 latency=0.572180 ms (tx_ts=160191400028821, rx_ts=160191400601001) request_id=84222 zil_blk_id=105989 ccf_commit_seqno=84222 nstreams_done_=10500 config.nstreams=50000 avg_latency=0.6706 ms avg throuhgput (requests/sec) = 89.0301 res=false
*==== INFO ====* req_id_count= 11000 stream_id=43996 latency=0.580325 ms (tx_ts=160196935186105, rx_ts=160196935766430) request_id=88236 zil_blk_id=111185 ccf_commit_seqno=88236 nstreams_done_=11000 config.nstreams=50000 avg_latency=0.6707 ms avg throuhgput (requests/sec) = 89.0885 res=false
*==== INFO ====* req_id_count= 11500 stream_id=45996 latency=0.634014 ms (tx_ts=160202456538580, rx_ts=160202457172594) request_id=92241 zil_blk_id=116373 ccf_commit_seqno=92241 nstreams_done_=11500 config.nstreams=50000 avg_latency=0.6700 ms avg throuhgput (requests/sec) = 89.1513 res=false
*==== INFO ====* req_id_count= 12000 stream_id=47996 latency=0.665394 ms (tx_ts=160208005371943, rx_ts=160208006037337) request_id=96265 zil_blk_id=121579 ccf_commit_seqno=96265 nstreams_done_=12000 config.nstreams=50000 avg_latency=0.6699 ms avg throuhgput (requests/sec) = 89.1908 res=false
*==== INFO ====* req_id_count= 12500 stream_id=49996 latency=0.560999 ms (tx_ts=160213532363207, rx_ts=160213532924206) request_id=100281 zil_blk_id=126762 ccf_commit_seqno=100281 nstreams_done_=12500 config.nstreams=50000 avg_latency=0.6697 ms avg throuhgput (requests/sec) = 89.2412 res=false
*==== INFO ====* req_id_count= 13000 stream_id=51996 latency=1.226784 ms (tx_ts=160219070912650, rx_ts=160219072139434) request_id=104292 zil_blk_id=131957 ccf_commit_seqno=104292 nstreams_done_=13000 config.nstreams=50000 avg_latency=0.6700 ms avg throuhgput (requests/sec) = 89.2801 res=false
*==== INFO ====* req_id_count= 13500 stream_id=53996 latency=0.609369 ms (tx_ts=160224624161092, rx_ts=160224624770461) request_id=108314 zil_blk_id=137168 ccf_commit_seqno=108314 nstreams_done_=13500 config.nstreams=50000 avg_latency=0.6701 ms avg throuhgput (requests/sec) = 89.3083 res=false
*==== INFO ====* req_id_count= 14000 stream_id=55996 latency=0.610111 ms (tx_ts=160230153257671, rx_ts=160230153867782) request_id=112328 zil_blk_id=142354 ccf_commit_seqno=112328 nstreams_done_=14000 config.nstreams=50000 avg_latency=0.6687 ms avg throuhgput (requests/sec) = 89.3479 res=false
*==== INFO ====* req_id_count= 14500 stream_id=57996 latency=0.612179 ms (tx_ts=160235675479089, rx_ts=160235676091268) request_id=116335 zil_blk_id=147530 ccf_commit_seqno=116335 nstreams_done_=14500 config.nstreams=50000 avg_latency=0.6682 ms avg throuhgput (requests/sec) = 89.3886 res=false
*==== INFO ====* req_id_count= 15000 stream_id=59996 latency=0.614099 ms (tx_ts=160241204849200, rx_ts=160241205463299) request_id=120343 zil_blk_id=152710 ccf_commit_seqno=120343 nstreams_done_=15000 config.nstreams=50000 avg_latency=0.6679 ms avg throuhgput (requests/sec) = 89.4228 res=false
*==== INFO ====* req_id_count= 15500 stream_id=61996 latency=0.612045 ms (tx_ts=160246733035970, rx_ts=160246733648015) request_id=124351 zil_blk_id=157891 ccf_commit_seqno=124351 nstreams_done_=15500 config.nstreams=50000 avg_latency=0.6678 ms avg throuhgput (requests/sec) = 89.4554 res=false
*==== INFO ====* req_id_count= 16000 stream_id=63996 latency=0.634226 ms (tx_ts=160252255018739, rx_ts=160252255652965) request_id=128346 zil_blk_id=163073 ccf_commit_seqno=128346 nstreams_done_=16000 config.nstreams=50000 avg_latency=0.6672 ms avg throuhgput (requests/sec) = 89.4891 res=false
*==== INFO ====* req_id_count= 16500 stream_id=65996 latency=0.636670 ms (tx_ts=160257807338603, rx_ts=160257807975273) request_id=132373 zil_blk_id=168281 ccf_commit_seqno=132373 nstreams_done_=16500 config.nstreams=50000 avg_latency=0.6672 ms avg throuhgput (requests/sec) = 89.5061 res=false
*==== INFO ====* req_id_count= 17000 stream_id=67996 latency=0.664974 ms (tx_ts=160263360793214, rx_ts=160263361458188) request_id=136401 zil_blk_id=173497 ccf_commit_seqno=136401 nstreams_done_=17000 config.nstreams=50000 avg_latency=0.6673 ms avg throuhgput (requests/sec) = 89.5215 res=false
*==== INFO ====* req_id_count= 17500 stream_id=69996 latency=0.640167 ms (tx_ts=160268910985661, rx_ts=160268911625828) request_id=140430 zil_blk_id=178706 ccf_commit_seqno=140430 nstreams_done_=17500 config.nstreams=50000 avg_latency=0.6670 ms avg throuhgput (requests/sec) = 89.5376 res=false
*==== INFO ====* req_id_count= 18000 stream_id=71996 latency=0.720175 ms (tx_ts=160274461467058, rx_ts=160274462187233) request_id=144458 zil_blk_id=183916 ccf_commit_seqno=144458 nstreams_done_=18000 config.nstreams=50000 avg_latency=0.6667 ms avg throuhgput (requests/sec) = 89.5526 res=false
*==== INFO ====* req_id_count= 18500 stream_id=73996 latency=0.604741 ms (tx_ts=160280034325682, rx_ts=160280034930423) request_id=148503 zil_blk_id=189141 ccf_commit_seqno=148503 nstreams_done_=18500 config.nstreams=50000 avg_latency=0.6671 ms avg throuhgput (requests/sec) = 89.5572 res=false
*==== INFO ====* req_id_count= 19000 stream_id=75996 latency=0.592658 ms (tx_ts=160285602271306, rx_ts=160285602863964) request_id=152534 zil_blk_id=194365 ccf_commit_seqno=152534 nstreams_done_=19000 config.nstreams=50000 avg_latency=0.6673 ms avg throuhgput (requests/sec) = 89.5636 res=false
*==== INFO ====* req_id_count= 19500 stream_id=77996 latency=0.616352 ms (tx_ts=160291149901051, rx_ts=160291150517403) request_id=156560 zil_blk_id=199571 ccf_commit_seqno=156560 nstreams_done_=19500 config.nstreams=50000 avg_latency=0.6669 ms avg throuhgput (requests/sec) = 89.5780 res=false
*==== INFO ====* req_id_count= 20000 stream_id=79996 latency=0.672939 ms (tx_ts=160296729402349, rx_ts=160296730075288) request_id=160603 zil_blk_id=204808 ccf_commit_seqno=160603 nstreams_done_=20000 config.nstreams=50000 avg_latency=0.6673 ms avg throuhgput (requests/sec) = 89.5788 res=false
*==== INFO ====* req_id_count= 20500 stream_id=81996 latency=0.648844 ms (tx_ts=160302319231853, rx_ts=160302319880697) request_id=164649 zil_blk_id=210056 ccf_commit_seqno=164649 nstreams_done_=20500 config.nstreams=50000 avg_latency=0.6682 ms avg throuhgput (requests/sec) = 89.5756 res=false
*==== INFO ====* req_id_count= 21000 stream_id=83996 latency=0.645136 ms (tx_ts=160307850615014, rx_ts=160307851260150) request_id=168657 zil_blk_id=215249 ccf_commit_seqno=168657 nstreams_done_=21000 config.nstreams=50000 avg_latency=0.6685 ms avg throuhgput (requests/sec) = 89.5949 res=false
*==== INFO ====* req_id_count= 21500 stream_id=85996 latency=0.608411 ms (tx_ts=160313367564259, rx_ts=160313368172670) request_id=172662 zil_blk_id=220430 ccf_commit_seqno=172662 nstreams_done_=21500 config.nstreams=50000 avg_latency=0.6679 ms avg throuhgput (requests/sec) = 89.6188 res=false
*==== INFO ====* req_id_count= 22000 stream_id=87996 latency=0.630800 ms (tx_ts=160318913263243, rx_ts=160318913894043) request_id=176682 zil_blk_id=225640 ccf_commit_seqno=176682 nstreams_done_=22000 config.nstreams=50000 avg_latency=0.6684 ms avg throuhgput (requests/sec) = 89.6310 res=false
*==== INFO ====* req_id_count= 22500 stream_id=89996 latency=0.621464 ms (tx_ts=160324454136927, rx_ts=160324454758391) request_id=180703 zil_blk_id=230843 ccf_commit_seqno=180703 nstreams_done_=22500 config.nstreams=50000 avg_latency=0.6683 ms avg throuhgput (requests/sec) = 89.6444 res=false
*==== INFO ====* req_id_count= 23000 stream_id=91996 latency=0.551451 ms (tx_ts=160330002686184, rx_ts=160330003237635) request_id=184700 zil_blk_id=236056 ccf_commit_seqno=184700 nstreams_done_=23000 config.nstreams=50000 avg_latency=0.6681 ms avg throuhgput (requests/sec) = 89.6546 res=false
*==== INFO ====* req_id_count= 23500 stream_id=93996 latency=0.586247 ms (tx_ts=160335521370720, rx_ts=160335521956967) request_id=188699 zil_blk_id=241236 ccf_commit_seqno=188699 nstreams_done_=23500 config.nstreams=50000 avg_latency=0.6676 ms avg throuhgput (requests/sec) = 89.6745 res=false
*==== INFO ====* req_id_count= 24000 stream_id=95996 latency=0.614199 ms (tx_ts=160341045109551, rx_ts=160341045723750) request_id=192704 zil_blk_id=246413 ccf_commit_seqno=192704 nstreams_done_=24000 config.nstreams=50000 avg_latency=0.6674 ms avg throuhgput (requests/sec) = 89.6919 res=false
*==== INFO ====* req_id_count= 24500 stream_id=97996 latency=0.597257 ms (tx_ts=160346580727497, rx_ts=160346581324754) request_id=196708 zil_blk_id=251606 ccf_commit_seqno=196708 nstreams_done_=24500 config.nstreams=50000 avg_latency=0.6675 ms avg throuhgput (requests/sec) = 89.7047 res=false
*==== INFO ====* req_id_count= 25000 stream_id=99996 latency=1.309509 ms (tx_ts=160352103920242, rx_ts=160352105229751) request_id=200708 zil_blk_id=256784 ccf_commit_seqno=200708 nstreams_done_=25000 config.nstreams=50000 avg_latency=0.6673 ms avg throuhgput (requests/sec) = 89.7208 res=false
*==== INFO ====* req_id_count= 25500 stream_id=101996 latency=0.633955 ms (tx_ts=160357631137561, rx_ts=160357631771516) request_id=204713 zil_blk_id=261965 ccf_commit_seqno=204713 nstreams_done_=25500 config.nstreams=50000 avg_latency=0.6671 ms avg throuhgput (requests/sec) = 89.7354 res=false
*==== INFO ====* req_id_count= 26000 stream_id=103996 latency=0.600964 ms (tx_ts=160363180511487, rx_ts=160363181112451) request_id=208736 zil_blk_id=267176 ccf_commit_seqno=208736 nstreams_done_=26000 config.nstreams=50000 avg_latency=0.6673 ms avg throuhgput (requests/sec) = 89.7424 res=false
*==== INFO ====* req_id_count= 26500 stream_id=105996 latency=0.630610 ms (tx_ts=160368713355919, rx_ts=160368713986529) request_id=212741 zil_blk_id=272369 ccf_commit_seqno=212741 nstreams_done_=26500 config.nstreams=50000 avg_latency=0.6675 ms avg throuhgput (requests/sec) = 89.7542 res=false
*==== INFO ====* req_id_count= 27000 stream_id=107996 latency=0.585054 ms (tx_ts=160374245675867, rx_ts=160374246260921) request_id=216747 zil_blk_id=277559 ccf_commit_seqno=216747 nstreams_done_=27000 config.nstreams=50000 avg_latency=0.6676 ms avg throuhgput (requests/sec) = 89.7656 res=false
*==== INFO ====* req_id_count= 27500 stream_id=109996 latency=0.638885 ms (tx_ts=160379774125139, rx_ts=160379774764024) request_id=220758 zil_blk_id=282742 ccf_commit_seqno=220758 nstreams_done_=27500 config.nstreams=50000 avg_latency=0.6674 ms avg throuhgput (requests/sec) = 89.7778 res=false
*==== INFO ====* req_id_count= 28000 stream_id=111996 latency=0.592398 ms (tx_ts=160385299230226, rx_ts=160385299822624) request_id=224761 zil_blk_id=287922 ccf_commit_seqno=224761 nstreams_done_=28000 config.nstreams=50000 avg_latency=0.6673 ms avg throuhgput (requests/sec) = 89.7906 res=false
*==== INFO ====* req_id_count= 28500 stream_id=113996 latency=3.072595 ms (tx_ts=160390857115242, rx_ts=160390860187837) request_id=228788 zil_blk_id=293136 ccf_commit_seqno=228790 nstreams_done_=28500 config.nstreams=50000 avg_latency=0.6683 ms avg throuhgput (requests/sec) = 89.7929 res=false
*==== INFO ====* req_id_count= 29000 stream_id=115996 latency=0.562923 ms (tx_ts=160396393578532, rx_ts=160396394141455) request_id=232808 zil_blk_id=298329 ccf_commit_seqno=232808 nstreams_done_=29000 config.nstreams=50000 avg_latency=0.6685 ms avg throuhgput (requests/sec) = 89.8024 res=false
*==== INFO ====* req_id_count= 29500 stream_id=117996 latency=0.611343 ms (tx_ts=160401928060290, rx_ts=160401928671633) request_id=236823 zil_blk_id=303522 ccf_commit_seqno=236823 nstreams_done_=29500 config.nstreams=50000 avg_latency=0.6687 ms avg throuhgput (requests/sec) = 89.8115 res=false
*==== INFO ====* req_id_count= 30000 stream_id=119996 latency=0.568483 ms (tx_ts=160407463485652, rx_ts=160407464054135) request_id=240835 zil_blk_id=308714 ccf_commit_seqno=240835 nstreams_done_=30000 config.nstreams=50000 avg_latency=0.6690 ms avg throuhgput (requests/sec) = 89.8201 res=false
*==== INFO ====* req_id_count= 30500 stream_id=121996 latency=0.603879 ms (tx_ts=160412998555970, rx_ts=160412999159849) request_id=244840 zil_blk_id=313901 ccf_commit_seqno=244840 nstreams_done_=30500 config.nstreams=50000 avg_latency=0.6692 ms avg throuhgput (requests/sec) = 89.8284 res=false
*==== INFO ====* req_id_count= 31000 stream_id=123996 latency=0.608338 ms (tx_ts=160418523290982, rx_ts=160418523899320) request_id=248845 zil_blk_id=319088 ccf_commit_seqno=248845 nstreams_done_=31000 config.nstreams=50000 avg_latency=0.6690 ms avg throuhgput (requests/sec) = 89.8392 res=false
*==== INFO ====* req_id_count= 31500 stream_id=125996 latency=0.615878 ms (tx_ts=160424041621698, rx_ts=160424042237576) request_id=252859 zil_blk_id=324263 ccf_commit_seqno=252859 nstreams_done_=31500 config.nstreams=50000 avg_latency=0.6688 ms avg throuhgput (requests/sec) = 89.8513 res=false
*==== INFO ====* req_id_count= 32000 stream_id=127996 latency=0.589122 ms (tx_ts=160429562291099, rx_ts=160429562880221) request_id=256864 zil_blk_id=329445 ccf_commit_seqno=256864 nstreams_done_=32000 config.nstreams=50000 avg_latency=0.6685 ms avg throuhgput (requests/sec) = 89.8624 res=false
*==== INFO ====* req_id_count= 32500 stream_id=129996 latency=0.585856 ms (tx_ts=160435113516015, rx_ts=160435114101871) request_id=260891 zil_blk_id=334653 ccf_commit_seqno=260891 nstreams_done_=32500 config.nstreams=50000 avg_latency=0.6684 ms avg throuhgput (requests/sec) = 89.8656 res=false
*==== INFO ====* req_id_count= 33000 stream_id=131996 latency=0.685492 ms (tx_ts=160440673416327, rx_ts=160440674101819) request_id=264917 zil_blk_id=339871 ccf_commit_seqno=264917 nstreams_done_=33000 config.nstreams=50000 avg_latency=0.6687 ms avg throuhgput (requests/sec) = 89.8666 res=false
*==== INFO ====* req_id_count= 33500 stream_id=133996 latency=0.621082 ms (tx_ts=160446217456001, rx_ts=160446218077083) request_id=268936 zil_blk_id=345073 ccf_commit_seqno=268936 nstreams_done_=33500 config.nstreams=50000 avg_latency=0.6685 ms avg throuhgput (requests/sec) = 89.8713 res=false
*==== INFO ====* req_id_count= 34000 stream_id=135996 latency=0.666496 ms (tx_ts=160451761820234, rx_ts=160451762486730) request_id=272961 zil_blk_id=350280 ccf_commit_seqno=272961 nstreams_done_=34000 config.nstreams=50000 avg_latency=0.6683 ms avg throuhgput (requests/sec) = 89.8759 res=false
*==== INFO ====* req_id_count= 34500 stream_id=137996 latency=0.612896 ms (tx_ts=160457281637634, rx_ts=160457282250530) request_id=276966 zil_blk_id=355467 ccf_commit_seqno=276966 nstreams_done_=34500 config.nstreams=50000 avg_latency=0.6680 ms avg throuhgput (requests/sec) = 89.8861 res=false
*==== INFO ====* req_id_count= 35000 stream_id=139996 latency=0.647261 ms (tx_ts=160462815659901, rx_ts=160462816307162) request_id=280982 zil_blk_id=360665 ccf_commit_seqno=280983 nstreams_done_=35000 config.nstreams=50000 avg_latency=0.6680 ms avg throuhgput (requests/sec) = 89.8927 res=false
*==== INFO ====* req_id_count= 35500 stream_id=141996 latency=0.740665 ms (tx_ts=160468348922556, rx_ts=160468349663221) request_id=284988 zil_blk_id=365850 ccf_commit_seqno=284988 nstreams_done_=35500 config.nstreams=50000 avg_latency=0.6679 ms avg throuhgput (requests/sec) = 89.8992 res=false
*==== INFO ====* req_id_count= 36000 stream_id=143996 latency=0.575804 ms (tx_ts=160473883097536, rx_ts=160473883673340) request_id=289001 zil_blk_id=371044 ccf_commit_seqno=289001 nstreams_done_=36000 config.nstreams=50000 avg_latency=0.6680 ms avg throuhgput (requests/sec) = 89.9055 res=false
*==== INFO ====* req_id_count= 36500 stream_id=145996 latency=0.604491 ms (tx_ts=160479421550857, rx_ts=160479422155348) request_id=293011 zil_blk_id=376245 ccf_commit_seqno=293011 nstreams_done_=36500 config.nstreams=50000 avg_latency=0.6682 ms avg throuhgput (requests/sec) = 89.9105 res=false
*==== INFO ====* req_id_count= 37000 stream_id=147996 latency=0.572119 ms (tx_ts=160484943274530, rx_ts=160484943846649) request_id=297017 zil_blk_id=381421 ccf_commit_seqno=297017 nstreams_done_=37000 config.nstreams=50000 avg_latency=0.6681 ms avg throuhgput (requests/sec) = 89.9191 res=false
*==== INFO ====* req_id_count= 37500 stream_id=149996 latency=0.640097 ms (tx_ts=160490466340507, rx_ts=160490466980604) request_id=301015 zil_blk_id=386603 ccf_commit_seqno=301015 nstreams_done_=37500 config.nstreams=50000 avg_latency=0.6679 ms avg throuhgput (requests/sec) = 89.9272 res=false
*==== INFO ====* req_id_count= 38000 stream_id=151996 latency=0.779718 ms (tx_ts=160495999778479, rx_ts=160496000558197) request_id=305026 zil_blk_id=391800 ccf_commit_seqno=305026 nstreams_done_=38000 config.nstreams=50000 avg_latency=0.6680 ms avg throuhgput (requests/sec) = 89.9328 res=false
*==== INFO ====* req_id_count= 38500 stream_id=153996 latency=0.612876 ms (tx_ts=160501529860509, rx_ts=160501530473385) request_id=309037 zil_blk_id=396992 ccf_commit_seqno=309037 nstreams_done_=38500 config.nstreams=50000 avg_latency=0.6679 ms avg throuhgput (requests/sec) = 89.9391 res=false
*==== INFO ====* req_id_count= 39000 stream_id=155996 latency=0.713385 ms (tx_ts=160507063733089, rx_ts=160507064446474) request_id=313043 zil_blk_id=402182 ccf_commit_seqno=313043 nstreams_done_=39000 config.nstreams=50000 avg_latency=0.6677 ms avg throuhgput (requests/sec) = 89.9444 res=false
*==== INFO ====* req_id_count= 39500 stream_id=157996 latency=0.689148 ms (tx_ts=160512634272060, rx_ts=160512634961208) request_id=317083 zil_blk_id=407407 ccf_commit_seqno=317083 nstreams_done_=39500 config.nstreams=50000 avg_latency=0.6681 ms avg throuhgput (requests/sec) = 89.9420 res=false
*==== INFO ====* req_id_count= 40000 stream_id=159996 latency=0.600473 ms (tx_ts=160518171183297, rx_ts=160518171783770) request_id=321090 zil_blk_id=412605 ccf_commit_seqno=321090 nstreams_done_=40000 config.nstreams=50000 avg_latency=0.6681 ms avg throuhgput (requests/sec) = 89.9465 res=false
*==== INFO ====* req_id_count= 40500 stream_id=161996 latency=0.566990 ms (tx_ts=160523697340875, rx_ts=160523697907865) request_id=325097 zil_blk_id=417795 ccf_commit_seqno=325097 nstreams_done_=40500 config.nstreams=50000 avg_latency=0.6680 ms avg throuhgput (requests/sec) = 89.9530 res=false
*==== INFO ====* req_id_count= 41000 stream_id=163996 latency=0.639035 ms (tx_ts=160529216238021, rx_ts=160529216877056) request_id=329093 zil_blk_id=422978 ccf_commit_seqno=329094 nstreams_done_=41000 config.nstreams=50000 avg_latency=0.6678 ms avg throuhgput (requests/sec) = 89.9608 res=false
*==== INFO ====* req_id_count= 41500 stream_id=165996 latency=0.594011 ms (tx_ts=160534753521622, rx_ts=160534754115633) request_id=333101 zil_blk_id=428180 ccf_commit_seqno=333101 nstreams_done_=41500 config.nstreams=50000 avg_latency=0.6678 ms avg throuhgput (requests/sec) = 89.9649 res=false
*==== INFO ====* req_id_count= 42000 stream_id=167996 latency=0.624157 ms (tx_ts=160540286640511, rx_ts=160540287264668) request_id=337103 zil_blk_id=433373 ccf_commit_seqno=337103 nstreams_done_=42000 config.nstreams=50000 avg_latency=0.6680 ms avg throuhgput (requests/sec) = 89.9696 res=false
*==== INFO ====* req_id_count= 42500 stream_id=169996 latency=0.616642 ms (tx_ts=160545817127293, rx_ts=160545817743935) request_id=341120 zil_blk_id=438564 ccf_commit_seqno=341120 nstreams_done_=42500 config.nstreams=50000 avg_latency=0.6679 ms avg throuhgput (requests/sec) = 89.9748 res=false
*==== INFO ====* req_id_count= 43000 stream_id=171996 latency=0.552153 ms (tx_ts=160551345685976, rx_ts=160551346238129) request_id=345132 zil_blk_id=443751 ccf_commit_seqno=345132 nstreams_done_=43000 config.nstreams=50000 avg_latency=0.6679 ms avg throuhgput (requests/sec) = 89.9801 res=false
*==== INFO ====* req_id_count= 43500 stream_id=173996 latency=0.576688 ms (tx_ts=160556864449455, rx_ts=160556865026143) request_id=349136 zil_blk_id=448934 ccf_commit_seqno=349136 nstreams_done_=43500 config.nstreams=50000 avg_latency=0.6676 ms avg throuhgput (requests/sec) = 89.9872 res=false
*==== INFO ====* req_id_count= 44000 stream_id=175996 latency=0.618026 ms (tx_ts=160562391362484, rx_ts=160562391980510) request_id=353146 zil_blk_id=454124 ccf_commit_seqno=353146 nstreams_done_=44000 config.nstreams=50000 avg_latency=0.6676 ms avg throuhgput (requests/sec) = 89.9926 res=false
*==== INFO ====* req_id_count= 44500 stream_id=177996 latency=0.579544 ms (tx_ts=160567922475160, rx_ts=160567923054704) request_id=357152 zil_blk_id=459314 ccf_commit_seqno=357152 nstreams_done_=44500 config.nstreams=50000 avg_latency=0.6676 ms avg throuhgput (requests/sec) = 89.9972 res=false
*==== INFO ====* req_id_count= 45000 stream_id=179996 latency=0.592031 ms (tx_ts=160573455623242, rx_ts=160573456215273) request_id=361164 zil_blk_id=464510 ccf_commit_seqno=361164 nstreams_done_=45000 config.nstreams=50000 avg_latency=0.6675 ms avg throuhgput (requests/sec) = 90.0012 res=false
*==== INFO ====* req_id_count= 45500 stream_id=181996 latency=0.560268 ms (tx_ts=160578977027002, rx_ts=160578977587270) request_id=365171 zil_blk_id=469691 ccf_commit_seqno=365171 nstreams_done_=45500 config.nstreams=50000 avg_latency=0.6674 ms avg throuhgput (requests/sec) = 90.0073 res=false
*==== INFO ====* req_id_count= 46000 stream_id=183996 latency=0.572811 ms (tx_ts=160584519113569, rx_ts=160584519686380) request_id=369153 zil_blk_id=474887 ccf_commit_seqno=369153 nstreams_done_=46000 config.nstreams=50000 avg_latency=0.6676 ms avg throuhgput (requests/sec) = 90.0096 res=false
*==== INFO ====* req_id_count= 46500 stream_id=185996 latency=0.621042 ms (tx_ts=160590047431652, rx_ts=160590048052694) request_id=373097 zil_blk_id=480071 ccf_commit_seqno=373097 nstreams_done_=46500 config.nstreams=50000 avg_latency=0.6676 ms avg throuhgput (requests/sec) = 90.0142 res=false
*==== INFO ====* req_id_count= 47000 stream_id=187996 latency=0.628806 ms (tx_ts=160595581350620, rx_ts=160595581979426) request_id=377054 zil_blk_id=485259 ccf_commit_seqno=377054 nstreams_done_=47000 config.nstreams=50000 avg_latency=0.6676 ms avg throuhgput (requests/sec) = 90.0178 res=false
*==== INFO ====* req_id_count= 47500 stream_id=189996 latency=0.615681 ms (tx_ts=160601112750246, rx_ts=160601113365927) request_id=381037 zil_blk_id=490442 ccf_commit_seqno=381037 nstreams_done_=47500 config.nstreams=50000 avg_latency=0.6677 ms avg throuhgput (requests/sec) = 90.0217 res=false
*==== INFO ====* req_id_count= 48000 stream_id=191996 latency=0.591777 ms (tx_ts=160606643477882, rx_ts=160606644069659) request_id=385040 zil_blk_id=495630 ccf_commit_seqno=385040 nstreams_done_=48000 config.nstreams=50000 avg_latency=0.6677 ms avg throuhgput (requests/sec) = 90.0257 res=false
*==== INFO ====* req_id_count= 48500 stream_id=193996 latency=0.635509 ms (tx_ts=160612188693309, rx_ts=160612189328818) request_id=389066 zil_blk_id=500837 ccf_commit_seqno=389066 nstreams_done_=48500 config.nstreams=50000 avg_latency=0.6677 ms avg throuhgput (requests/sec) = 90.0272 res=false
*==== INFO ====* req_id_count= 49000 stream_id=195996 latency=0.631862 ms (tx_ts=160617735668162, rx_ts=160617736300024) request_id=393098 zil_blk_id=506041 ccf_commit_seqno=393098 nstreams_done_=49000 config.nstreams=50000 avg_latency=0.6679 ms avg throuhgput (requests/sec) = 90.0283 res=false
*==== INFO ====* req_id_count= 49500 stream_id=197996 latency=0.832527 ms (tx_ts=160623276942534, rx_ts=160623277775061) request_id=397109 zil_blk_id=511241 ccf_commit_seqno=397109 nstreams_done_=49500 config.nstreams=50000 avg_latency=0.6681 ms avg throuhgput (requests/sec) = 90.0303 res=false
*==== INFO ====* http_end_stream ALL streams done! nstreams_done_=50000 avg_latency=0.6681 msreq_id_count= 50000
*==== INFO ====* req_id_count= 50000 stream_id=199996 latency=0.572160 ms (tx_ts=160628811756786, rx_ts=160628812328946) request_id=399831 zil_blk_id=516441 ccf_commit_seqno=399831 nstreams_done_=50000 config.nstreams=50000 avg_latency=0.6681 ms avg throuhgput (requests/sec) = 90.0334 res=true
