Uniform: 920804 455871 498696 46728 59841 
Exponential: -2147483648 -2147483648 -2147483648 -2147483648 -2147483648 
Truncated Normal: 603335 828101 291636 425795 931700 
*==== INFO ====* req_id_count= 500 stream_id=1996 latency=0.617344 ms (tx_ts=160079015218037, rx_ts=160079015835381) request_id=3562 zil_blk_id=1996 ccf_commit_seqno=3562 nstreams_done_=500 config.nstreams=50000 avg_latency=0.6898 ms avg throuhgput (requests/sec) = 90.0527 res=false
*==== INFO ====* req_id_count= 1000 stream_id=3996 latency=0.609320 ms (tx_ts=160084580380671, rx_ts=160084580989991) request_id=7588 zil_blk_id=3996 ccf_commit_seqno=7588 nstreams_done_=1000 config.nstreams=50000 avg_latency=0.6874 ms avg throuhgput (requests/sec) = 89.9486 res=false
*==== INFO ====* req_id_count= 1500 stream_id=5996 latency=0.607647 ms (tx_ts=160090154728956, rx_ts=160090155336603) request_id=11630 zil_blk_id=5996 ccf_commit_seqno=11630 nstreams_done_=1500 config.nstreams=50000 avg_latency=0.6910 ms avg throuhgput (requests/sec) = 89.8644 res=false
*==== INFO ====* req_id_count= 2000 stream_id=7996 latency=0.634838 ms (tx_ts=160095719747236, rx_ts=160095720382074) request_id=15663 zil_blk_id=7996 ccf_commit_seqno=15663 nstreams_done_=2000 config.nstreams=50000 avg_latency=0.6892 ms avg throuhgput (requests/sec) = 89.8600 res=false
*==== INFO ====* req_id_count= 2500 stream_id=9996 latency=0.569666 ms (tx_ts=160101246179578, rx_ts=160101246749244) request_id=19663 zil_blk_id=9996 ccf_commit_seqno=19663 nstreams_done_=2500 config.nstreams=50000 avg_latency=0.6849 ms avg throuhgput (requests/sec) = 89.9824 res=false
*==== INFO ====* req_id_count= 3000 stream_id=11996 latency=0.601265 ms (tx_ts=160106773462720, rx_ts=160106774063985) request_id=23668 zil_blk_id=11996 ccf_commit_seqno=23668 nstreams_done_=3000 config.nstreams=50000 avg_latency=0.6802 ms avg throuhgput (requests/sec) = 90.0616 res=false
*==== INFO ====* req_id_count= 3500 stream_id=13996 latency=0.619569 ms (tx_ts=160112315425235, rx_ts=160112316044804) request_id=27676 zil_blk_id=13996 ccf_commit_seqno=27676 nstreams_done_=3500 config.nstreams=50000 avg_latency=0.6784 ms avg throuhgput (requests/sec) = 90.0843 res=false
*==== INFO ====* req_id_count= 4000 stream_id=15996 latency=0.577189 ms (tx_ts=160117838628871, rx_ts=160117839206060) request_id=31674 zil_blk_id=15996 ccf_commit_seqno=31674 nstreams_done_=4000 config.nstreams=50000 avg_latency=0.6756 ms avg throuhgput (requests/sec) = 90.1395 res=false
*==== INFO ====* req_id_count= 4500 stream_id=17996 latency=0.593821 ms (tx_ts=160123358875056, rx_ts=160123359468877) request_id=35679 zil_blk_id=17996 ccf_commit_seqno=35679 nstreams_done_=4500 config.nstreams=50000 avg_latency=0.6735 ms avg throuhgput (requests/sec) = 90.1877 res=false
*==== INFO ====* req_id_count= 5000 stream_id=19996 latency=0.604871 ms (tx_ts=160129220318668, rx_ts=160129220923539) request_id=39755 zil_blk_id=19996 ccf_commit_seqno=39755 nstreams_done_=5000 config.nstreams=50000 avg_latency=0.6736 ms avg throuhgput (requests/sec) = 89.6742 res=false
*==== INFO ====* req_id_count= 5500 stream_id=21996 latency=0.590995 ms (tx_ts=160135193063586, rx_ts=160135193654581) request_id=43902 zil_blk_id=21996 ccf_commit_seqno=43902 nstreams_done_=5500 config.nstreams=50000 avg_latency=0.6712 ms avg throuhgput (requests/sec) = 89.0975 res=false
*==== INFO ====* req_id_count= 6000 stream_id=23996 latency=0.682507 ms (tx_ts=160141175841987, rx_ts=160141176524494) request_id=48123 zil_blk_id=23996 ccf_commit_seqno=48123 nstreams_done_=6000 config.nstreams=50000 avg_latency=0.6723 ms avg throuhgput (requests/sec) = 88.6093 res=false
*==== INFO ====* req_id_count= 6500 stream_id=25996 latency=0.702071 ms (tx_ts=160147213675562, rx_ts=160147214377633) request_id=52372 zil_blk_id=25996 ccf_commit_seqno=52372 nstreams_done_=6500 config.nstreams=50000 avg_latency=0.6767 ms avg throuhgput (requests/sec) = 88.1346 res=false
*==== INFO ====* req_id_count= 7000 stream_id=27996 latency=0.645838 ms (tx_ts=160153220524964, rx_ts=160153221170802) request_id=56648 zil_blk_id=27996 ccf_commit_seqno=56648 nstreams_done_=7000 config.nstreams=50000 avg_latency=0.6796 ms avg throuhgput (requests/sec) = 87.7659 res=false
*==== INFO ====* req_id_count= 7500 stream_id=29996 latency=0.666928 ms (tx_ts=160159224311961, rx_ts=160159224978889) request_id=60939 zil_blk_id=29996 ccf_commit_seqno=60939 nstreams_done_=7500 config.nstreams=50000 avg_latency=0.6819 ms avg throuhgput (requests/sec) = 87.4519 res=false
*==== INFO ====* req_id_count= 8000 stream_id=31996 latency=0.615881 ms (tx_ts=160165225252975, rx_ts=160165225868856) request_id=65248 zil_blk_id=31996 ccf_commit_seqno=65248 nstreams_done_=8000 config.nstreams=50000 avg_latency=0.6832 ms avg throuhgput (requests/sec) = 87.1817 res=false
*==== INFO ====* req_id_count= 8500 stream_id=33996 latency=0.678949 ms (tx_ts=160170769756474, rx_ts=160170770435423) request_id=69262 zil_blk_id=33996 ccf_commit_seqno=69262 nstreams_done_=8500 config.nstreams=50000 avg_latency=0.6831 ms avg throuhgput (requests/sec) = 87.3525 res=false
*==== INFO ====* req_id_count= 9000 stream_id=35996 latency=0.731869 ms (tx_ts=160176317689828, rx_ts=160176318421697) request_id=73279 zil_blk_id=35996 ccf_commit_seqno=73279 nstreams_done_=9000 config.nstreams=50000 avg_latency=0.6831 ms avg throuhgput (requests/sec) = 87.5019 res=false
*==== INFO ====* req_id_count= 9500 stream_id=37996 latency=0.594192 ms (tx_ts=160181880818392, rx_ts=160181881412584) request_id=77315 zil_blk_id=37996 ccf_commit_seqno=77315 nstreams_done_=9500 config.nstreams=50000 avg_latency=0.6829 ms avg throuhgput (requests/sec) = 87.6239 res=false
*==== INFO ====* req_id_count= 10000 stream_id=39996 latency=0.711109 ms (tx_ts=160187411579749, rx_ts=160187412290858) request_id=81326 zil_blk_id=39996 ccf_commit_seqno=81326 nstreams_done_=10000 config.nstreams=50000 avg_latency=0.6820 ms avg throuhgput (requests/sec) = 87.7587 res=false
*==== INFO ====* req_id_count= 10500 stream_id=41996 latency=0.728352 ms (tx_ts=160192949207326, rx_ts=160192949935678) request_id=85345 zil_blk_id=41996 ccf_commit_seqno=85347 nstreams_done_=10500 config.nstreams=50000 avg_latency=0.6817 ms avg throuhgput (requests/sec) = 87.8761 res=false
*==== INFO ====* req_id_count= 11000 stream_id=43996 latency=0.615541 ms (tx_ts=160198481897174, rx_ts=160198482512715) request_id=89357 zil_blk_id=43996 ccf_commit_seqno=89357 nstreams_done_=11000 config.nstreams=50000 avg_latency=0.6807 ms avg throuhgput (requests/sec) = 87.9866 res=false
*==== INFO ====* req_id_count= 11500 stream_id=45996 latency=0.606644 ms (tx_ts=160204017595056, rx_ts=160204018201700) request_id=93369 zil_blk_id=45996 ccf_commit_seqno=93369 nstreams_done_=11500 config.nstreams=50000 avg_latency=0.6798 ms avg throuhgput (requests/sec) = 88.0857 res=false
*==== INFO ====* req_id_count= 12000 stream_id=47996 latency=0.721139 ms (tx_ts=160209560132332, rx_ts=160209560853471) request_id=97398 zil_blk_id=47996 ccf_commit_seqno=97399 nstreams_done_=12000 config.nstreams=50000 avg_latency=0.6794 ms avg throuhgput (requests/sec) = 88.1722 res=false
*==== INFO ====* req_id_count= 12500 stream_id=49996 latency=0.680533 ms (tx_ts=160215113891878, rx_ts=160215114572411) request_id=101425 zil_blk_id=49996 ccf_commit_seqno=101425 nstreams_done_=12500 config.nstreams=50000 avg_latency=0.6792 ms avg throuhgput (requests/sec) = 88.2450 res=false
*==== INFO ====* req_id_count= 13000 stream_id=51996 latency=0.753389 ms (tx_ts=160220653797732, rx_ts=160220654551121) request_id=105438 zil_blk_id=51996 ccf_commit_seqno=105438 nstreams_done_=13000 config.nstreams=50000 avg_latency=0.6791 ms avg throuhgput (requests/sec) = 88.3206 res=false
*==== INFO ====* req_id_count= 13500 stream_id=53996 latency=0.569886 ms (tx_ts=160226191391224, rx_ts=160226191961110) request_id=109449 zil_blk_id=53996 ccf_commit_seqno=109449 nstreams_done_=13500 config.nstreams=50000 avg_latency=0.6787 ms avg throuhgput (requests/sec) = 88.3922 res=false
*==== INFO ====* req_id_count= 14000 stream_id=55996 latency=0.578512 ms (tx_ts=160231710578427, rx_ts=160231711156939) request_id=113457 zil_blk_id=55996 ccf_commit_seqno=113457 nstreams_done_=14000 config.nstreams=50000 avg_latency=0.6774 ms avg throuhgput (requests/sec) = 88.4689 res=false
*==== INFO ====* req_id_count= 14500 stream_id=57996 latency=0.593440 ms (tx_ts=160237239619182, rx_ts=160237240212622) request_id=117469 zil_blk_id=57996 ccf_commit_seqno=117469 nstreams_done_=14500 config.nstreams=50000 avg_latency=0.6768 ms avg throuhgput (requests/sec) = 88.5352 res=false
*==== INFO ====* req_id_count= 15000 stream_id=59996 latency=0.604531 ms (tx_ts=160242773115875, rx_ts=160242773720406) request_id=121481 zil_blk_id=59996 ccf_commit_seqno=121481 nstreams_done_=15000 config.nstreams=50000 avg_latency=0.6767 ms avg throuhgput (requests/sec) = 88.5948 res=false
*==== INFO ====* req_id_count= 15500 stream_id=61996 latency=0.641189 ms (tx_ts=160248311910016, rx_ts=160248312551205) request_id=125496 zil_blk_id=61996 ccf_commit_seqno=125496 nstreams_done_=15500 config.nstreams=50000 avg_latency=0.6766 ms avg throuhgput (requests/sec) = 88.6479 res=false
*==== INFO ====* req_id_count= 16000 stream_id=63996 latency=0.563565 ms (tx_ts=160253859614487, rx_ts=160253860178052) request_id=129516 zil_blk_id=63996 ccf_commit_seqno=129516 nstreams_done_=16000 config.nstreams=50000 avg_latency=0.6770 ms avg throuhgput (requests/sec) = 88.6934 res=false
*==== INFO ====* req_id_count= 16500 stream_id=65996 latency=0.575105 ms (tx_ts=160259397607036, rx_ts=160259398182141) request_id=133530 zil_blk_id=65996 ccf_commit_seqno=133530 nstreams_done_=16500 config.nstreams=50000 avg_latency=0.6771 ms avg throuhgput (requests/sec) = 88.7409 res=false
*==== INFO ====* req_id_count= 17000 stream_id=67996 latency=0.613958 ms (tx_ts=160264935546057, rx_ts=160264936160015) request_id=137545 zil_blk_id=67996 ccf_commit_seqno=137545 nstreams_done_=17000 config.nstreams=50000 avg_latency=0.6773 ms avg throuhgput (requests/sec) = 88.7855 res=false
*==== INFO ====* req_id_count= 17500 stream_id=69996 latency=0.603639 ms (tx_ts=160270464631760, rx_ts=160270465235399) request_id=141556 zil_blk_id=69996 ccf_commit_seqno=141556 nstreams_done_=17500 config.nstreams=50000 avg_latency=0.6767 ms avg throuhgput (requests/sec) = 88.8317 res=false
*==== INFO ====* req_id_count= 18000 stream_id=71996 latency=0.606474 ms (tx_ts=160276001232779, rx_ts=160276001839253) request_id=145575 zil_blk_id=71996 ccf_commit_seqno=145575 nstreams_done_=18000 config.nstreams=50000 avg_latency=0.6764 ms avg throuhgput (requests/sec) = 88.8721 res=false
*==== INFO ====* req_id_count= 18500 stream_id=73996 latency=0.677266 ms (tx_ts=160281512087895, rx_ts=160281512765161) request_id=149578 zil_blk_id=73996 ccf_commit_seqno=149578 nstreams_done_=18500 config.nstreams=50000 avg_latency=0.6752 ms avg throuhgput (requests/sec) = 88.9213 res=false
*==== INFO ====* req_id_count= 19000 stream_id=75996 latency=1.149129 ms (tx_ts=160287050385842, rx_ts=160287051534971) request_id=153586 zil_blk_id=75996 ccf_commit_seqno=153586 nstreams_done_=19000 config.nstreams=50000 avg_latency=0.6751 ms avg throuhgput (requests/sec) = 88.9563 res=false
*==== INFO ====* req_id_count= 19500 stream_id=77996 latency=1.514602 ms (tx_ts=160292580462326, rx_ts=160292581976928) request_id=157597 zil_blk_id=77996 ccf_commit_seqno=157597 nstreams_done_=19500 config.nstreams=50000 avg_latency=0.6745 ms avg throuhgput (requests/sec) = 88.9930 res=false
*==== INFO ====* req_id_count= 20000 stream_id=79996 latency=0.591738 ms (tx_ts=160298115702712, rx_ts=160298116294450) request_id=161611 zil_blk_id=79996 ccf_commit_seqno=161611 nstreams_done_=20000 config.nstreams=50000 avg_latency=0.6746 ms avg throuhgput (requests/sec) = 89.0263 res=false
*==== INFO ====* req_id_count= 20500 stream_id=81996 latency=0.656136 ms (tx_ts=160303650989673, rx_ts=160303651645809) request_id=165614 zil_blk_id=81996 ccf_commit_seqno=165614 nstreams_done_=20500 config.nstreams=50000 avg_latency=0.6748 ms avg throuhgput (requests/sec) = 89.0576 res=false
*==== INFO ====* req_id_count= 21000 stream_id=83996 latency=0.602677 ms (tx_ts=160309184037798, rx_ts=160309184640475) request_id=169623 zil_blk_id=83996 ccf_commit_seqno=169623 nstreams_done_=21000 config.nstreams=50000 avg_latency=0.6745 ms avg throuhgput (requests/sec) = 89.0883 res=false
*==== INFO ====* req_id_count= 21500 stream_id=85996 latency=0.602397 ms (tx_ts=160314710689324, rx_ts=160314711291721) request_id=173638 zil_blk_id=85996 ccf_commit_seqno=173638 nstreams_done_=21500 config.nstreams=50000 avg_latency=0.6741 ms avg throuhgput (requests/sec) = 89.1200 res=false
*==== INFO ====* req_id_count= 22000 stream_id=87996 latency=0.613107 ms (tx_ts=160320248416977, rx_ts=160320249030084) request_id=177649 zil_blk_id=87996 ccf_commit_seqno=177649 nstreams_done_=22000 config.nstreams=50000 avg_latency=0.6741 ms avg throuhgput (requests/sec) = 89.1462 res=false
*==== INFO ====* req_id_count= 22500 stream_id=89996 latency=0.790430 ms (tx_ts=160325793839879, rx_ts=160325794630309) request_id=181672 zil_blk_id=89996 ccf_commit_seqno=181672 nstreams_done_=22500 config.nstreams=50000 avg_latency=0.6743 ms avg throuhgput (requests/sec) = 89.1686 res=false
*==== INFO ====* req_id_count= 23000 stream_id=91996 latency=0.611864 ms (tx_ts=160331349384689, rx_ts=160331349996553) request_id=185672 zil_blk_id=91996 ccf_commit_seqno=185672 nstreams_done_=23000 config.nstreams=50000 avg_latency=0.6747 ms avg throuhgput (requests/sec) = 89.1865 res=false
*==== INFO ====* req_id_count= 23500 stream_id=93996 latency=0.598069 ms (tx_ts=160336895598030, rx_ts=160336896196099) request_id=189693 zil_blk_id=93996 ccf_commit_seqno=189693 nstreams_done_=23500 config.nstreams=50000 avg_latency=0.6746 ms avg throuhgput (requests/sec) = 89.2069 res=false
*==== INFO ====* req_id_count= 24000 stream_id=95996 latency=0.672447 ms (tx_ts=160342435029585, rx_ts=160342435702032) request_id=193713 zil_blk_id=95996 ccf_commit_seqno=193713 nstreams_done_=24000 config.nstreams=50000 avg_latency=0.6744 ms avg throuhgput (requests/sec) = 89.2286 res=false
*==== INFO ====* req_id_count= 24500 stream_id=97996 latency=0.729354 ms (tx_ts=160348000465826, rx_ts=160348001195180) request_id=197737 zil_blk_id=97996 ccf_commit_seqno=197737 nstreams_done_=24500 config.nstreams=50000 avg_latency=0.6752 ms avg throuhgput (requests/sec) = 89.2409 res=false
*==== INFO ====* req_id_count= 25000 stream_id=99996 latency=0.669663 ms (tx_ts=160353580665044, rx_ts=160353581334707) request_id=201777 zil_blk_id=99996 ccf_commit_seqno=201777 nstreams_done_=25000 config.nstreams=50000 avg_latency=0.6756 ms avg throuhgput (requests/sec) = 89.2482 res=false
*==== INFO ====* req_id_count= 25500 stream_id=101996 latency=0.661847 ms (tx_ts=160359154512555, rx_ts=160359155174402) request_id=205819 zil_blk_id=101996 ccf_commit_seqno=205819 nstreams_done_=25500 config.nstreams=50000 avg_latency=0.6759 ms avg throuhgput (requests/sec) = 89.2571 res=false
*==== INFO ====* req_id_count= 26000 stream_id=103996 latency=0.658331 ms (tx_ts=160364718160802, rx_ts=160364718819133) request_id=209851 zil_blk_id=103996 ccf_commit_seqno=209851 nstreams_done_=26000 config.nstreams=50000 avg_latency=0.6760 ms avg throuhgput (requests/sec) = 89.2688 res=false
*==== INFO ====* req_id_count= 26500 stream_id=105996 latency=0.648283 ms (tx_ts=160370278938248, rx_ts=160370279586531) request_id=213871 zil_blk_id=105996 ccf_commit_seqno=213871 nstreams_done_=26500 config.nstreams=50000 avg_latency=0.6758 ms avg throuhgput (requests/sec) = 89.2809 res=false
*==== INFO ====* req_id_count= 27000 stream_id=107996 latency=0.685603 ms (tx_ts=160375835113971, rx_ts=160375835799574) request_id=217896 zil_blk_id=107996 ccf_commit_seqno=217896 nstreams_done_=27000 config.nstreams=50000 avg_latency=0.6759 ms avg throuhgput (requests/sec) = 89.2939 res=false
*==== INFO ====* req_id_count= 27500 stream_id=109996 latency=0.601325 ms (tx_ts=160381370863741, rx_ts=160381371465066) request_id=221913 zil_blk_id=109996 ccf_commit_seqno=221913 nstreams_done_=27500 config.nstreams=50000 avg_latency=0.6756 ms avg throuhgput (requests/sec) = 89.3124 res=false
*==== INFO ====* req_id_count= 28000 stream_id=111996 latency=0.683077 ms (tx_ts=160386907354448, rx_ts=160386908037525) request_id=225926 zil_blk_id=111996 ccf_commit_seqno=225926 nstreams_done_=28000 config.nstreams=50000 avg_latency=0.6753 ms avg throuhgput (requests/sec) = 89.3300 res=false
*==== INFO ====* req_id_count= 28500 stream_id=113996 latency=0.658041 ms (tx_ts=160392465230328, rx_ts=160392465888369) request_id=229954 zil_blk_id=113996 ccf_commit_seqno=229954 nstreams_done_=28500 config.nstreams=50000 avg_latency=0.6753 ms avg throuhgput (requests/sec) = 89.3410 res=false
*==== INFO ====* req_id_count= 29000 stream_id=115996 latency=0.578152 ms (tx_ts=160398009239878, rx_ts=160398009818030) request_id=233981 zil_blk_id=115996 ccf_commit_seqno=233981 nstreams_done_=29000 config.nstreams=50000 avg_latency=0.6752 ms avg throuhgput (requests/sec) = 89.3555 res=false
*==== INFO ====* req_id_count= 29500 stream_id=117996 latency=0.626131 ms (tx_ts=160403560019463, rx_ts=160403560645594) request_id=238008 zil_blk_id=117996 ccf_commit_seqno=238008 nstreams_done_=29500 config.nstreams=50000 avg_latency=0.6752 ms avg throuhgput (requests/sec) = 89.3676 res=false
*==== INFO ====* req_id_count= 30000 stream_id=119996 latency=0.627744 ms (tx_ts=160409096480330, rx_ts=160409097108074) request_id=242015 zil_blk_id=119996 ccf_commit_seqno=242015 nstreams_done_=30000 config.nstreams=50000 avg_latency=0.6751 ms avg throuhgput (requests/sec) = 89.3832 res=false
*==== INFO ====* req_id_count= 30500 stream_id=121996 latency=0.578542 ms (tx_ts=160414621591814, rx_ts=160414622170356) request_id=246019 zil_blk_id=121996 ccf_commit_seqno=246019 nstreams_done_=30500 config.nstreams=50000 avg_latency=0.6748 ms avg throuhgput (requests/sec) = 89.4012 res=false
*==== INFO ====* req_id_count= 31000 stream_id=123996 latency=0.567171 ms (tx_ts=160420148953171, rx_ts=160420149520342) request_id=250026 zil_blk_id=123996 ccf_commit_seqno=250026 nstreams_done_=31000 config.nstreams=50000 avg_latency=0.6745 ms avg throuhgput (requests/sec) = 89.4181 res=false
*==== INFO ====* req_id_count= 31500 stream_id=125996 latency=0.665334 ms (tx_ts=160425671661109, rx_ts=160425672326443) request_id=254037 zil_blk_id=125996 ccf_commit_seqno=254038 nstreams_done_=31500 config.nstreams=50000 avg_latency=0.6742 ms avg throuhgput (requests/sec) = 89.4356 res=false
*==== INFO ====* req_id_count= 32000 stream_id=127996 latency=0.636583 ms (tx_ts=160431194092105, rx_ts=160431194728688) request_id=258045 zil_blk_id=127996 ccf_commit_seqno=258045 nstreams_done_=32000 config.nstreams=50000 avg_latency=0.6737 ms avg throuhgput (requests/sec) = 89.4526 res=false
*==== INFO ====* req_id_count= 32500 stream_id=129996 latency=0.616413 ms (tx_ts=160436743032481, rx_ts=160436743648894) request_id=262070 zil_blk_id=129996 ccf_commit_seqno=262070 nstreams_done_=32500 config.nstreams=50000 avg_latency=0.6739 ms avg throuhgput (requests/sec) = 89.4626 res=false
*==== INFO ====* req_id_count= 33000 stream_id=131996 latency=0.589010 ms (tx_ts=160442271050201, rx_ts=160442271639211) request_id=266076 zil_blk_id=131996 ccf_commit_seqno=266076 nstreams_done_=33000 config.nstreams=50000 avg_latency=0.6736 ms avg throuhgput (requests/sec) = 89.4774 res=false
*==== INFO ====* req_id_count= 33500 stream_id=133996 latency=0.631681 ms (tx_ts=160447810600086, rx_ts=160447811231767) request_id=270097 zil_blk_id=133996 ccf_commit_seqno=270097 nstreams_done_=33500 config.nstreams=50000 avg_latency=0.6737 ms avg throuhgput (requests/sec) = 89.4890 res=false
*==== INFO ====* req_id_count= 34000 stream_id=135996 latency=0.582239 ms (tx_ts=160453356846870, rx_ts=160453357429109) request_id=274120 zil_blk_id=135996 ccf_commit_seqno=274120 nstreams_done_=34000 config.nstreams=50000 avg_latency=0.6739 ms avg throuhgput (requests/sec) = 89.4987 res=false
*==== INFO ====* req_id_count= 34500 stream_id=137996 latency=3.087984 ms (tx_ts=160458891821958, rx_ts=160458894909942) request_id=278136 zil_blk_id=137996 ccf_commit_seqno=278136 nstreams_done_=34500 config.nstreams=50000 avg_latency=0.6738 ms avg throuhgput (requests/sec) = 89.5101 res=false
*==== INFO ====* req_id_count= 35000 stream_id=139996 latency=0.613908 ms (tx_ts=160464431187478, rx_ts=160464431801386) request_id=282147 zil_blk_id=139996 ccf_commit_seqno=282147 nstreams_done_=35000 config.nstreams=50000 avg_latency=0.6736 ms avg throuhgput (requests/sec) = 89.5213 res=false
*==== INFO ====* req_id_count= 35500 stream_id=141996 latency=0.688938 ms (tx_ts=160469977393718, rx_ts=160469978082656) request_id=286169 zil_blk_id=141996 ccf_commit_seqno=286169 nstreams_done_=35500 config.nstreams=50000 avg_latency=0.6736 ms avg throuhgput (requests/sec) = 89.5301 res=false
*==== INFO ====* req_id_count= 36000 stream_id=143996 latency=0.565788 ms (tx_ts=160475518607650, rx_ts=160475519173438) request_id=290180 zil_blk_id=143996 ccf_commit_seqno=290180 nstreams_done_=36000 config.nstreams=50000 avg_latency=0.6733 ms avg throuhgput (requests/sec) = 89.5398 res=false
*==== INFO ====* req_id_count= 36500 stream_id=145996 latency=0.664262 ms (tx_ts=160481046193071, rx_ts=160481046857333) request_id=294190 zil_blk_id=145996 ccf_commit_seqno=294190 nstreams_done_=36500 config.nstreams=50000 avg_latency=0.6729 ms avg throuhgput (requests/sec) = 89.5522 res=false
*==== INFO ====* req_id_count= 37000 stream_id=147996 latency=0.620490 ms (tx_ts=160486587221679, rx_ts=160486587842169) request_id=298206 zil_blk_id=147996 ccf_commit_seqno=298206 nstreams_done_=37000 config.nstreams=50000 avg_latency=0.6730 ms avg throuhgput (requests/sec) = 89.5614 res=false
*==== INFO ====* req_id_count= 37500 stream_id=149996 latency=0.659112 ms (tx_ts=160492152181880, rx_ts=160492152840992) request_id=302238 zil_blk_id=149996 ccf_commit_seqno=302238 nstreams_done_=37500 config.nstreams=50000 avg_latency=0.6731 ms avg throuhgput (requests/sec) = 89.5652 res=false
*==== INFO ====* req_id_count= 38000 stream_id=151996 latency=0.612686 ms (tx_ts=160497695644725, rx_ts=160497696257411) request_id=306254 zil_blk_id=151996 ccf_commit_seqno=306254 nstreams_done_=38000 config.nstreams=50000 avg_latency=0.6733 ms avg throuhgput (requests/sec) = 89.5735 res=false
*==== INFO ====* req_id_count= 38500 stream_id=153996 latency=0.591567 ms (tx_ts=160503236024905, rx_ts=160503236616472) request_id=310272 zil_blk_id=153996 ccf_commit_seqno=310272 nstreams_done_=38500 config.nstreams=50000 avg_latency=0.6733 ms avg throuhgput (requests/sec) = 89.5822 res=false
*==== INFO ====* req_id_count= 39000 stream_id=155996 latency=0.668059 ms (tx_ts=160508785647377, rx_ts=160508786315436) request_id=314291 zil_blk_id=155996 ccf_commit_seqno=314291 nstreams_done_=39000 config.nstreams=50000 avg_latency=0.6733 ms avg throuhgput (requests/sec) = 89.5887 res=false
*==== INFO ====* req_id_count= 39500 stream_id=157996 latency=0.626612 ms (tx_ts=160514335676529, rx_ts=160514336303141) request_id=318311 zil_blk_id=157996 ccf_commit_seqno=318311 nstreams_done_=39500 config.nstreams=50000 avg_latency=0.6732 ms avg throuhgput (requests/sec) = 89.5950 res=false
*==== INFO ====* req_id_count= 40000 stream_id=159996 latency=0.669412 ms (tx_ts=160519885046601, rx_ts=160519885716013) request_id=322332 zil_blk_id=159996 ccf_commit_seqno=322332 nstreams_done_=40000 config.nstreams=50000 avg_latency=0.6731 ms avg throuhgput (requests/sec) = 89.6013 res=false
*==== INFO ====* req_id_count= 40500 stream_id=161996 latency=0.630149 ms (tx_ts=160525423304687, rx_ts=160525423934836) request_id=326347 zil_blk_id=161996 ccf_commit_seqno=326347 nstreams_done_=40500 config.nstreams=50000 avg_latency=0.6728 ms avg throuhgput (requests/sec) = 89.6096 res=false
*==== INFO ====* req_id_count= 41000 stream_id=163996 latency=1.421218 ms (tx_ts=160530948217071, rx_ts=160530949638289) request_id=330350 zil_blk_id=163996 ccf_commit_seqno=330350 nstreams_done_=41000 config.nstreams=50000 avg_latency=0.6726 ms avg throuhgput (requests/sec) = 89.6202 res=false
*==== INFO ====* req_id_count= 41500 stream_id=165996 latency=0.667940 ms (tx_ts=160536477773953, rx_ts=160536478441893) request_id=334347 zil_blk_id=165996 ccf_commit_seqno=334347 nstreams_done_=41500 config.nstreams=50000 avg_latency=0.6725 ms avg throuhgput (requests/sec) = 89.6299 res=false
*==== INFO ====* req_id_count= 42000 stream_id=167996 latency=0.582740 ms (tx_ts=160542013227040, rx_ts=160542013809780) request_id=338357 zil_blk_id=167996 ccf_commit_seqno=338357 nstreams_done_=42000 config.nstreams=50000 avg_latency=0.6725 ms avg throuhgput (requests/sec) = 89.6382 res=false
*==== INFO ====* req_id_count= 42500 stream_id=169996 latency=0.670053 ms (tx_ts=160547542233524, rx_ts=160547542903577) request_id=342373 zil_blk_id=169996 ccf_commit_seqno=342373 nstreams_done_=42500 config.nstreams=50000 avg_latency=0.6723 ms avg throuhgput (requests/sec) = 89.6474 res=false
*==== INFO ====* req_id_count= 43000 stream_id=171996 latency=0.626131 ms (tx_ts=160553087182365, rx_ts=160553087808496) request_id=346396 zil_blk_id=171996 ccf_commit_seqno=346396 nstreams_done_=43000 config.nstreams=50000 avg_latency=0.6723 ms avg throuhgput (requests/sec) = 89.6535 res=false
*==== INFO ====* req_id_count= 43500 stream_id=173996 latency=0.633635 ms (tx_ts=160558633364509, rx_ts=160558633998144) request_id=350413 zil_blk_id=173996 ccf_commit_seqno=350413 nstreams_done_=43500 config.nstreams=50000 avg_latency=0.6724 ms avg throuhgput (requests/sec) = 89.6592 res=false
*==== INFO ====* req_id_count= 44000 stream_id=175996 latency=0.633816 ms (tx_ts=160564184501896, rx_ts=160564185135712) request_id=354441 zil_blk_id=175996 ccf_commit_seqno=354441 nstreams_done_=44000 config.nstreams=50000 avg_latency=0.6724 ms avg throuhgput (requests/sec) = 89.6639 res=false
*==== INFO ====* req_id_count= 44500 stream_id=177996 latency=0.649936 ms (tx_ts=160569737556091, rx_ts=160569738206027) request_id=358465 zil_blk_id=177996 ccf_commit_seqno=358465 nstreams_done_=44500 config.nstreams=50000 avg_latency=0.6726 ms avg throuhgput (requests/sec) = 89.6681 res=false
*==== INFO ====* req_id_count= 45000 stream_id=179996 latency=0.679441 ms (tx_ts=160575295117887, rx_ts=160575295797328) request_id=362495 zil_blk_id=179996 ccf_commit_seqno=362495 nstreams_done_=45000 config.nstreams=50000 avg_latency=0.6726 ms avg throuhgput (requests/sec) = 89.6714 res=false
*==== INFO ====* req_id_count= 45500 stream_id=181996 latency=0.648764 ms (tx_ts=160580862780474, rx_ts=160580863429238) request_id=366541 zil_blk_id=181996 ccf_commit_seqno=366541 nstreams_done_=45500 config.nstreams=50000 avg_latency=0.6726 ms avg throuhgput (requests/sec) = 89.6729 res=false
*==== INFO ====* req_id_count= 46000 stream_id=183996 latency=0.638976 ms (tx_ts=160586415161473, rx_ts=160586415800449) request_id=370507 zil_blk_id=183996 ccf_commit_seqno=370507 nstreams_done_=46000 config.nstreams=50000 avg_latency=0.6727 ms avg throuhgput (requests/sec) = 89.6770 res=false
*==== INFO ====* req_id_count= 46500 stream_id=185996 latency=0.565128 ms (tx_ts=160591946259998, rx_ts=160591946825126) request_id=374450 zil_blk_id=185996 ccf_commit_seqno=374450 nstreams_done_=46500 config.nstreams=50000 avg_latency=0.6725 ms avg throuhgput (requests/sec) = 89.6847 res=false
*==== INFO ====* req_id_count= 47000 stream_id=187996 latency=0.595393 ms (tx_ts=160597481091875, rx_ts=160597481687268) request_id=378424 zil_blk_id=187996 ccf_commit_seqno=378424 nstreams_done_=47000 config.nstreams=50000 avg_latency=0.6727 ms avg throuhgput (requests/sec) = 89.6915 res=false
*==== INFO ====* req_id_count= 47500 stream_id=189996 latency=0.687606 ms (tx_ts=160603003426231, rx_ts=160603004113837) request_id=382394 zil_blk_id=189996 ccf_commit_seqno=382396 nstreams_done_=47500 config.nstreams=50000 avg_latency=0.6725 ms avg throuhgput (requests/sec) = 89.7004 res=false
*==== INFO ====* req_id_count= 48000 stream_id=191996 latency=0.611935 ms (tx_ts=160608537502244, rx_ts=160608538114179) request_id=386413 zil_blk_id=191996 ccf_commit_seqno=386413 nstreams_done_=48000 config.nstreams=50000 avg_latency=0.6725 ms avg throuhgput (requests/sec) = 89.7071 res=false
*==== INFO ====* req_id_count= 48500 stream_id=193996 latency=0.790308 ms (tx_ts=160614049426269, rx_ts=160614050216577) request_id=390418 zil_blk_id=193996 ccf_commit_seqno=390418 nstreams_done_=48500 config.nstreams=50000 avg_latency=0.6722 ms avg throuhgput (requests/sec) = 89.7173 res=false
*==== INFO ====* req_id_count= 49000 stream_id=195996 latency=0.632283 ms (tx_ts=160619571831642, rx_ts=160619572463925) request_id=394422 zil_blk_id=195996 ccf_commit_seqno=394422 nstreams_done_=49000 config.nstreams=50000 avg_latency=0.6718 ms avg throuhgput (requests/sec) = 89.7257 res=false
*==== INFO ====* req_id_count= 49500 stream_id=197996 latency=0.650908 ms (tx_ts=160625108574261, rx_ts=160625109225169) request_id=398300 zil_blk_id=197996 ccf_commit_seqno=398300 nstreams_done_=49500 config.nstreams=50000 avg_latency=0.6718 ms avg throuhgput (requests/sec) = 89.7315 res=false
*==== INFO ====* http_end_stream ALL streams done! nstreams_done_=50000 avg_latency=0.6735 msreq_id_count= 50000
*==== INFO ====* req_id_count= 50000 stream_id=199996 latency=3.029657 ms (tx_ts=160630937854781, rx_ts=160630940884438) request_id=400000 zil_blk_id=199996 ccf_commit_seqno=400000 nstreams_done_=50000 config.nstreams=50000 avg_latency=0.6735 ms avg throuhgput (requests/sec) = 89.6897 res=true
