Uniform: 826549 68435 449724 15759 731507 
Exponential: -2147483648 -2147483648 -2147483648 -2147483648 -2147483648 
Truncated Normal: 783959 544138 742901 421966 531240 
*==== INFO ====* req_id_count= 500 stream_id=1996 latency=0.511817 ms (tx_ts=160079000617598, rx_ts=160079001129415) request_id=3553 zil_blk_id=523 ccf_commit_seqno=3553 nstreams_done_=500 config.nstreams=50000 avg_latency=0.6698 ms avg throuhgput (requests/sec) = 90.2829 res=false
*==== INFO ====* req_id_count= 1000 stream_id=3996 latency=0.623237 ms (tx_ts=160084497210932, rx_ts=160084497834169) request_id=7534 zil_blk_id=5677 ccf_commit_seqno=7534 nstreams_done_=1000 config.nstreams=50000 avg_latency=0.6362 ms avg throuhgput (requests/sec) = 90.6219 res=false
*==== INFO ====* req_id_count= 1500 stream_id=5996 latency=0.524431 ms (tx_ts=160090032510438, rx_ts=160090033034869) request_id=11541 zil_blk_id=10866 ccf_commit_seqno=11541 nstreams_done_=1500 config.nstreams=50000 avg_latency=0.6462 ms avg throuhgput (requests/sec) = 90.5247 res=false
*==== INFO ====* req_id_count= 2000 stream_id=7996 latency=0.587900 ms (tx_ts=160095538691998, rx_ts=160095539279898) request_id=15536 zil_blk_id=16029 ccf_commit_seqno=15536 nstreams_done_=2000 config.nstreams=50000 avg_latency=0.6417 ms avg throuhgput (requests/sec) = 90.5949 res=false
*==== INFO ====* req_id_count= 2500 stream_id=9996 latency=0.543918 ms (tx_ts=160101055278987, rx_ts=160101055822905) request_id=19527 zil_blk_id=21203 ccf_commit_seqno=19527 nstreams_done_=2500 config.nstreams=50000 avg_latency=0.6420 ms avg throuhgput (requests/sec) = 90.6032 res=false
*==== INFO ====* req_id_count= 3000 stream_id=11996 latency=0.499695 ms (tx_ts=160106550943206, rx_ts=160106551442901) request_id=23511 zil_blk_id=26355 ccf_commit_seqno=23511 nstreams_done_=3000 config.nstreams=50000 avg_latency=0.6387 ms avg throuhgput (requests/sec) = 90.6660 res=false
*==== INFO ====* req_id_count= 3500 stream_id=13996 latency=0.897129 ms (tx_ts=160112066212040, rx_ts=160112067109169) request_id=27500 zil_blk_id=31525 ccf_commit_seqno=27500 nstreams_done_=3500 config.nstreams=50000 avg_latency=0.6415 ms avg throuhgput (requests/sec) = 90.6639 res=false
*==== INFO ====* req_id_count= 4000 stream_id=15996 latency=0.610252 ms (tx_ts=160117552013949, rx_ts=160117552624201) request_id=31470 zil_blk_id=36669 ccf_commit_seqno=31470 nstreams_done_=4000 config.nstreams=50000 avg_latency=0.6358 ms avg throuhgput (requests/sec) = 90.7243 res=false
*==== INFO ====* req_id_count= 4500 stream_id=17996 latency=0.591878 ms (tx_ts=160123071366374, rx_ts=160123071958252) request_id=35475 zil_blk_id=41842 ccf_commit_seqno=35475 nstreams_done_=4500 config.nstreams=50000 avg_latency=0.6354 ms avg throuhgput (requests/sec) = 90.7094 res=false
*==== INFO ====* req_id_count= 5000 stream_id=19996 latency=0.570798 ms (tx_ts=160128598506759, rx_ts=160128599077557) request_id=39332 zil_blk_id=47020 ccf_commit_seqno=39332 nstreams_done_=5000 config.nstreams=50000 avg_latency=0.6359 ms avg throuhgput (requests/sec) = 90.6847 res=false
*==== INFO ====* req_id_count= 5500 stream_id=21996 latency=1.430385 ms (tx_ts=160134135619175, rx_ts=160134137049560) request_id=43161 zil_blk_id=52214 ccf_commit_seqno=43161 nstreams_done_=5500 config.nstreams=50000 avg_latency=0.6399 ms avg throuhgput (requests/sec) = 90.6483 res=false
*==== INFO ====* req_id_count= 6000 stream_id=23996 latency=0.741026 ms (tx_ts=160139641131200, rx_ts=160139641872226) request_id=47046 zil_blk_id=57382 ccf_commit_seqno=47046 nstreams_done_=6000 config.nstreams=50000 avg_latency=0.6389 ms avg throuhgput (requests/sec) = 90.6633 res=false
*==== INFO ====* req_id_count= 6500 stream_id=25996 latency=0.607751 ms (tx_ts=160145179765889, rx_ts=160145180373640) request_id=50941 zil_blk_id=62581 ccf_commit_seqno=50941 nstreams_done_=6500 config.nstreams=50000 avg_latency=0.6426 ms avg throuhgput (requests/sec) = 90.6335 res=false
*==== INFO ====* req_id_count= 7000 stream_id=27996 latency=0.571589 ms (tx_ts=160150709799316, rx_ts=160150710370905) request_id=54859 zil_blk_id=67769 ccf_commit_seqno=54859 nstreams_done_=7000 config.nstreams=50000 avg_latency=0.6431 ms avg throuhgput (requests/sec) = 90.6179 res=false
*==== INFO ====* req_id_count= 7500 stream_id=29996 latency=0.598880 ms (tx_ts=160156205376433, rx_ts=160156205975313) request_id=58775 zil_blk_id=72927 ccf_commit_seqno=58775 nstreams_done_=7500 config.nstreams=50000 avg_latency=0.6412 ms avg throuhgput (requests/sec) = 90.6421 res=false
*==== INFO ====* req_id_count= 8000 stream_id=31996 latency=0.616403 ms (tx_ts=160161713981701, rx_ts=160161714598104) request_id=62731 zil_blk_id=78099 ccf_commit_seqno=62731 nstreams_done_=8000 config.nstreams=50000 avg_latency=0.6400 ms avg throuhgput (requests/sec) = 90.6499 res=false
*==== INFO ====* req_id_count= 8500 stream_id=33996 latency=0.634296 ms (tx_ts=160167253704041, rx_ts=160167254338337) request_id=66717 zil_blk_id=83295 ccf_commit_seqno=66717 nstreams_done_=8500 config.nstreams=50000 avg_latency=0.6413 ms avg throuhgput (requests/sec) = 90.6267 res=false
*==== INFO ====* req_id_count= 9000 stream_id=35996 latency=0.528468 ms (tx_ts=160172752453278, rx_ts=160172752981746) request_id=70698 zil_blk_id=88451 ccf_commit_seqno=70698 nstreams_done_=9000 config.nstreams=50000 avg_latency=0.6403 ms avg throuhgput (requests/sec) = 90.6436 res=false
*==== INFO ====* req_id_count= 9500 stream_id=37996 latency=0.549567 ms (tx_ts=160178249500942, rx_ts=160178250050509) request_id=74681 zil_blk_id=93599 ccf_commit_seqno=74681 nstreams_done_=9500 config.nstreams=50000 avg_latency=0.6398 ms avg throuhgput (requests/sec) = 90.6600 res=false
*==== INFO ====* req_id_count= 10000 stream_id=39996 latency=0.554748 ms (tx_ts=160183751675140, rx_ts=160183752229888) request_id=78670 zil_blk_id=98761 ccf_commit_seqno=78670 nstreams_done_=10000 config.nstreams=50000 avg_latency=0.6383 ms avg throuhgput (requests/sec) = 90.6707 res=false
*==== INFO ====* req_id_count= 10500 stream_id=41996 latency=0.574223 ms (tx_ts=160189250548325, rx_ts=160189251122548) request_id=82665 zil_blk_id=103918 ccf_commit_seqno=82665 nstreams_done_=10500 config.nstreams=50000 avg_latency=0.6370 ms avg throuhgput (requests/sec) = 90.6829 res=false
*==== INFO ====* req_id_count= 11000 stream_id=43996 latency=0.603238 ms (tx_ts=160194752630234, rx_ts=160194753233472) request_id=86656 zil_blk_id=109079 ccf_commit_seqno=86656 nstreams_done_=11000 config.nstreams=50000 avg_latency=0.6363 ms avg throuhgput (requests/sec) = 90.6915 res=false
*==== INFO ====* req_id_count= 11500 stream_id=45996 latency=0.534168 ms (tx_ts=160200282581387, rx_ts=160200283115555) request_id=90665 zil_blk_id=114270 ccf_commit_seqno=90665 nstreams_done_=11500 config.nstreams=50000 avg_latency=0.6364 ms avg throuhgput (requests/sec) = 90.6796 res=false
*==== INFO ====* req_id_count= 12000 stream_id=47996 latency=0.680583 ms (tx_ts=160205796460767, rx_ts=160205797141350) request_id=94662 zil_blk_id=119442 ccf_commit_seqno=94662 nstreams_done_=12000 config.nstreams=50000 avg_latency=0.6370 ms avg throuhgput (requests/sec) = 90.6795 res=false
*==== INFO ====* req_id_count= 12500 stream_id=49996 latency=0.580296 ms (tx_ts=160211289018375, rx_ts=160211289598671) request_id=98653 zil_blk_id=124589 ccf_commit_seqno=98653 nstreams_done_=12500 config.nstreams=50000 avg_latency=0.6360 ms avg throuhgput (requests/sec) = 90.6937 res=false
*==== INFO ====* req_id_count= 13000 stream_id=51996 latency=0.645788 ms (tx_ts=160216792038394, rx_ts=160216792684182) request_id=102641 zil_blk_id=129752 ccf_commit_seqno=102641 nstreams_done_=13000 config.nstreams=50000 avg_latency=0.6355 ms avg throuhgput (requests/sec) = 90.7000 res=false
*==== INFO ====* req_id_count= 13500 stream_id=53996 latency=0.564596 ms (tx_ts=160222298375941, rx_ts=160222298940537) request_id=106628 zil_blk_id=134923 ccf_commit_seqno=106628 nstreams_done_=13500 config.nstreams=50000 avg_latency=0.6357 ms avg throuhgput (requests/sec) = 90.7039 res=false
*==== INFO ====* req_id_count= 14000 stream_id=55996 latency=0.537726 ms (tx_ts=160227796528119, rx_ts=160227797065845) request_id=110615 zil_blk_id=140086 ccf_commit_seqno=110615 nstreams_done_=14000 config.nstreams=50000 avg_latency=0.6348 ms avg throuhgput (requests/sec) = 90.7123 res=false
*==== INFO ====* req_id_count= 14500 stream_id=57996 latency=0.526345 ms (tx_ts=160233264984529, rx_ts=160233265510874) request_id=114586 zil_blk_id=145211 ccf_commit_seqno=114586 nstreams_done_=14500 config.nstreams=50000 avg_latency=0.6329 ms avg throuhgput (requests/sec) = 90.7370 res=false
*==== INFO ====* req_id_count= 15000 stream_id=59996 latency=0.535172 ms (tx_ts=160238767244059, rx_ts=160238767779231) request_id=118576 zil_blk_id=150371 ccf_commit_seqno=118576 nstreams_done_=15000 config.nstreams=50000 avg_latency=0.6328 ms avg throuhgput (requests/sec) = 90.7415 res=false
*==== INFO ====* req_id_count= 15500 stream_id=61996 latency=0.537205 ms (tx_ts=160244262441294, rx_ts=160244262978499) request_id=122561 zil_blk_id=155526 ccf_commit_seqno=122561 nstreams_done_=15500 config.nstreams=50000 avg_latency=0.6323 ms avg throuhgput (requests/sec) = 90.7494 res=false
*==== INFO ====* req_id_count= 16000 stream_id=63996 latency=0.533177 ms (tx_ts=160249765401744, rx_ts=160249765934921) request_id=126544 zil_blk_id=160688 ccf_commit_seqno=126544 nstreams_done_=16000 config.nstreams=50000 avg_latency=0.6321 ms avg throuhgput (requests/sec) = 90.7529 res=false
*==== INFO ====* req_id_count= 16500 stream_id=65996 latency=0.560919 ms (tx_ts=160255263943765, rx_ts=160255264504684) request_id=130529 zil_blk_id=165849 ccf_commit_seqno=130530 nstreams_done_=16500 config.nstreams=50000 avg_latency=0.6318 ms avg throuhgput (requests/sec) = 90.7583 res=false
*==== INFO ====* req_id_count= 17000 stream_id=67996 latency=0.491139 ms (tx_ts=160260741128854, rx_ts=160260741619993) request_id=134502 zil_blk_id=170992 ccf_commit_seqno=134502 nstreams_done_=17000 config.nstreams=50000 avg_latency=0.6306 ms avg throuhgput (requests/sec) = 90.7738 res=false
*==== INFO ====* req_id_count= 17500 stream_id=69996 latency=0.564426 ms (tx_ts=160266229474687, rx_ts=160266230039113) request_id=138481 zil_blk_id=176151 ccf_commit_seqno=138481 nstreams_done_=17500 config.nstreams=50000 avg_latency=0.6294 ms avg throuhgput (requests/sec) = 90.7831 res=false
*==== INFO ====* req_id_count= 18000 stream_id=71996 latency=0.562793 ms (tx_ts=160271703466072, rx_ts=160271704028865) request_id=142455 zil_blk_id=181291 ccf_commit_seqno=142455 nstreams_done_=18000 config.nstreams=50000 avg_latency=0.6279 ms avg throuhgput (requests/sec) = 90.7986 res=false
*==== INFO ====* req_id_count= 18500 stream_id=73996 latency=0.530592 ms (tx_ts=160277191027303, rx_ts=160277191557895) request_id=146439 zil_blk_id=186437 ccf_commit_seqno=146439 nstreams_done_=18500 config.nstreams=50000 avg_latency=0.6274 ms avg throuhgput (requests/sec) = 90.8071 res=false
*==== INFO ====* req_id_count= 19000 stream_id=75996 latency=0.526995 ms (tx_ts=160282677737406, rx_ts=160282678264401) request_id=150420 zil_blk_id=191575 ccf_commit_seqno=150420 nstreams_done_=19000 config.nstreams=50000 avg_latency=0.6267 ms avg throuhgput (requests/sec) = 90.8155 res=false
*==== INFO ====* req_id_count= 19500 stream_id=77996 latency=0.495951 ms (tx_ts=160288161030646, rx_ts=160288161526597) request_id=154393 zil_blk_id=196720 ccf_commit_seqno=154393 nstreams_done_=19500 config.nstreams=50000 avg_latency=0.6260 ms avg throuhgput (requests/sec) = 90.8250 res=false
*==== INFO ====* req_id_count= 20000 stream_id=79996 latency=0.664282 ms (tx_ts=160293647285522, rx_ts=160293647949804) request_id=158369 zil_blk_id=201868 ccf_commit_seqno=158369 nstreams_done_=20000 config.nstreams=50000 avg_latency=0.6253 ms avg throuhgput (requests/sec) = 90.8327 res=false
*==== INFO ====* req_id_count= 20500 stream_id=81996 latency=0.505215 ms (tx_ts=160299164060387, rx_ts=160299164565602) request_id=162364 zil_blk_id=207040 ccf_commit_seqno=162364 nstreams_done_=20500 config.nstreams=50000 avg_latency=0.6261 ms avg throuhgput (requests/sec) = 90.8279 res=false
*==== INFO ====* req_id_count= 21000 stream_id=83996 latency=0.560969 ms (tx_ts=160304666789062, rx_ts=160304667350031) request_id=166353 zil_blk_id=212200 ccf_commit_seqno=166353 nstreams_done_=21000 config.nstreams=50000 avg_latency=0.6259 ms avg throuhgput (requests/sec) = 90.8287 res=false
*==== INFO ====* req_id_count= 21500 stream_id=85996 latency=0.566650 ms (tx_ts=160310168083950, rx_ts=160310168650600) request_id=170336 zil_blk_id=217357 ccf_commit_seqno=170336 nstreams_done_=21500 config.nstreams=50000 avg_latency=0.6257 ms avg throuhgput (requests/sec) = 90.8301 res=false
*==== INFO ====* req_id_count= 22000 stream_id=87996 latency=0.582990 ms (tx_ts=160315684972676, rx_ts=160315685555666) request_id=174347 zil_blk_id=222529 ccf_commit_seqno=174347 nstreams_done_=22000 config.nstreams=50000 avg_latency=0.6256 ms avg throuhgput (requests/sec) = 90.8256 res=false
*==== INFO ====* req_id_count= 22500 stream_id=89996 latency=0.563213 ms (tx_ts=160321190464447, rx_ts=160321191027660) request_id=178332 zil_blk_id=227687 ccf_commit_seqno=178332 nstreams_done_=22500 config.nstreams=50000 avg_latency=0.6258 ms avg throuhgput (requests/sec) = 90.8254 res=false
*==== INFO ====* req_id_count= 23000 stream_id=91996 latency=0.557954 ms (tx_ts=160326681532097, rx_ts=160326682090051) request_id=182313 zil_blk_id=232835 ccf_commit_seqno=182313 nstreams_done_=23000 config.nstreams=50000 avg_latency=0.6254 ms avg throuhgput (requests/sec) = 90.8304 res=false
*==== INFO ====* req_id_count= 23500 stream_id=93996 latency=0.632673 ms (tx_ts=160332175638644, rx_ts=160332176271317) request_id=186273 zil_blk_id=237987 ccf_commit_seqno=186273 nstreams_done_=23500 config.nstreams=50000 avg_latency=0.6249 ms avg throuhgput (requests/sec) = 90.8341 res=false
*==== INFO ====* req_id_count= 24000 stream_id=95996 latency=0.537235 ms (tx_ts=160337676731644, rx_ts=160337677268879) request_id=190259 zil_blk_id=243146 ccf_commit_seqno=190259 nstreams_done_=24000 config.nstreams=50000 avg_latency=0.6245 ms avg throuhgput (requests/sec) = 90.8354 res=false
*==== INFO ====* req_id_count= 24500 stream_id=97996 latency=3.157247 ms (tx_ts=160343162656092, rx_ts=160343165813339) request_id=194241 zil_blk_id=248287 ccf_commit_seqno=194241 nstreams_done_=24500 config.nstreams=50000 avg_latency=0.6242 ms avg throuhgput (requests/sec) = 90.8407 res=false
*==== INFO ====* req_id_count= 25000 stream_id=99996 latency=1.575827 ms (tx_ts=160348680822108, rx_ts=160348682397935) request_id=198230 zil_blk_id=253463 ccf_commit_seqno=198230 nstreams_done_=25000 config.nstreams=50000 avg_latency=0.6250 ms avg throuhgput (requests/sec) = 90.8366 res=false
*==== INFO ====* req_id_count= 25500 stream_id=101996 latency=3.518520 ms (tx_ts=160354185182141, rx_ts=160354188700661) request_id=202216 zil_blk_id=258625 ccf_commit_seqno=202216 nstreams_done_=25500 config.nstreams=50000 avg_latency=0.6252 ms avg throuhgput (requests/sec) = 90.8360 res=false
*==== INFO ====* req_id_count= 26000 stream_id=103996 latency=0.526334 ms (tx_ts=160359681129718, rx_ts=160359681656052) request_id=206200 zil_blk_id=263783 ccf_commit_seqno=206200 nstreams_done_=26000 config.nstreams=50000 avg_latency=0.6250 ms avg throuhgput (requests/sec) = 90.8396 res=false
*==== INFO ====* req_id_count= 26500 stream_id=105996 latency=0.575556 ms (tx_ts=160365176380348, rx_ts=160365176955904) request_id=210180 zil_blk_id=268946 ccf_commit_seqno=210180 nstreams_done_=26500 config.nstreams=50000 avg_latency=0.6248 ms avg throuhgput (requests/sec) = 90.8424 res=false
*==== INFO ====* req_id_count= 27000 stream_id=107996 latency=0.533047 ms (tx_ts=160370679153125, rx_ts=160370679686172) request_id=214161 zil_blk_id=274113 ccf_commit_seqno=214161 nstreams_done_=27000 config.nstreams=50000 avg_latency=0.6247 ms avg throuhgput (requests/sec) = 90.8428 res=false
*==== INFO ====* req_id_count= 27500 stream_id=109996 latency=0.601565 ms (tx_ts=160376166200309, rx_ts=160376166801874) request_id=218139 zil_blk_id=279259 ccf_commit_seqno=218139 nstreams_done_=27500 config.nstreams=50000 avg_latency=0.6243 ms avg throuhgput (requests/sec) = 90.8479 res=false
*==== INFO ====* req_id_count= 28000 stream_id=111996 latency=0.537215 ms (tx_ts=160381647817373, rx_ts=160381648354588) request_id=222110 zil_blk_id=284399 ccf_commit_seqno=222110 nstreams_done_=28000 config.nstreams=50000 avg_latency=0.6237 ms avg throuhgput (requests/sec) = 90.8544 res=false
*==== INFO ====* req_id_count= 28500 stream_id=113996 latency=0.531627 ms (tx_ts=160387143380757, rx_ts=160387143912384) request_id=226091 zil_blk_id=289550 ccf_commit_seqno=226091 nstreams_done_=28500 config.nstreams=50000 avg_latency=0.6236 ms avg throuhgput (requests/sec) = 90.8567 res=false
*==== INFO ====* req_id_count= 29000 stream_id=115996 latency=0.540120 ms (tx_ts=160392618235351, rx_ts=160392618775471) request_id=230065 zil_blk_id=294686 ccf_commit_seqno=230065 nstreams_done_=29000 config.nstreams=50000 avg_latency=0.6230 ms avg throuhgput (requests/sec) = 90.8647 res=false
*==== INFO ====* req_id_count= 29500 stream_id=117996 latency=0.536263 ms (tx_ts=160398102013939, rx_ts=160398102550202) request_id=234047 zil_blk_id=299826 ccf_commit_seqno=234047 nstreams_done_=29500 config.nstreams=50000 avg_latency=0.6225 ms avg throuhgput (requests/sec) = 90.8700 res=false
*==== INFO ====* req_id_count= 30000 stream_id=119996 latency=0.600763 ms (tx_ts=160403590933205, rx_ts=160403591533968) request_id=238026 zil_blk_id=304976 ccf_commit_seqno=238026 nstreams_done_=30000 config.nstreams=50000 avg_latency=0.6221 ms avg throuhgput (requests/sec) = 90.8737 res=false
*==== INFO ====* req_id_count= 30500 stream_id=121996 latency=0.583101 ms (tx_ts=160409085090944, rx_ts=160409085674045) request_id=242005 zil_blk_id=310129 ccf_commit_seqno=242005 nstreams_done_=30500 config.nstreams=50000 avg_latency=0.6219 ms avg throuhgput (requests/sec) = 90.8759 res=false
*==== INFO ====* req_id_count= 31000 stream_id=123996 latency=0.545881 ms (tx_ts=160414599350982, rx_ts=160414599896863) request_id=246002 zil_blk_id=315300 ccf_commit_seqno=246002 nstreams_done_=31000 config.nstreams=50000 avg_latency=0.6221 ms avg throuhgput (requests/sec) = 90.8726 res=false
*==== INFO ====* req_id_count= 31500 stream_id=125996 latency=0.594011 ms (tx_ts=160420117624407, rx_ts=160420118218418) request_id=250006 zil_blk_id=320477 ccf_commit_seqno=250006 nstreams_done_=31500 config.nstreams=50000 avg_latency=0.6222 ms avg throuhgput (requests/sec) = 90.8684 res=false
*==== INFO ====* req_id_count= 32000 stream_id=127996 latency=0.555749 ms (tx_ts=160425638517613, rx_ts=160425639073362) request_id=254017 zil_blk_id=325657 ccf_commit_seqno=254017 nstreams_done_=32000 config.nstreams=50000 avg_latency=0.6224 ms avg throuhgput (requests/sec) = 90.8636 res=false
*==== INFO ====* req_id_count= 32500 stream_id=129996 latency=0.567361 ms (tx_ts=160431144486129, rx_ts=160431145053490) request_id=258009 zil_blk_id=330826 ccf_commit_seqno=258009 nstreams_done_=32500 config.nstreams=50000 avg_latency=0.6223 ms avg throuhgput (requests/sec) = 90.8628 res=false
*==== INFO ====* req_id_count= 33000 stream_id=131996 latency=0.511026 ms (tx_ts=160436623858678, rx_ts=160436624369704) request_id=261984 zil_blk_id=335970 ccf_commit_seqno=261984 nstreams_done_=33000 config.nstreams=50000 avg_latency=0.6218 ms avg throuhgput (requests/sec) = 90.8687 res=false
*==== INFO ====* req_id_count= 33500 stream_id=133996 latency=0.609910 ms (tx_ts=160442128806871, rx_ts=160442129416781) request_id=265975 zil_blk_id=341138 ccf_commit_seqno=265975 nstreams_done_=33500 config.nstreams=50000 avg_latency=0.6218 ms avg throuhgput (requests/sec) = 90.8680 res=false
*==== INFO ====* req_id_count= 34000 stream_id=135996 latency=0.532275 ms (tx_ts=160447626094996, rx_ts=160447626627271) request_id=269963 zil_blk_id=346301 ccf_commit_seqno=269963 nstreams_done_=34000 config.nstreams=50000 avg_latency=0.6218 ms avg throuhgput (requests/sec) = 90.8693 res=false
*==== INFO ====* req_id_count= 34500 stream_id=137996 latency=0.715919 ms (tx_ts=160453117223963, rx_ts=160453117939882) request_id=273945 zil_blk_id=351462 ccf_commit_seqno=273945 nstreams_done_=34500 config.nstreams=50000 avg_latency=0.6216 ms avg throuhgput (requests/sec) = 90.8720 res=false
*==== INFO ====* req_id_count= 35000 stream_id=139996 latency=0.555118 ms (tx_ts=160458614027606, rx_ts=160458614582724) request_id=277932 zil_blk_id=356624 ccf_commit_seqno=277932 nstreams_done_=35000 config.nstreams=50000 avg_latency=0.6215 ms avg throuhgput (requests/sec) = 90.8733 res=false
*==== INFO ====* req_id_count= 35500 stream_id=141996 latency=0.556069 ms (tx_ts=160464124020470, rx_ts=160464124576539) request_id=281930 zil_blk_id=361797 ccf_commit_seqno=281930 nstreams_done_=35500 config.nstreams=50000 avg_latency=0.6219 ms avg throuhgput (requests/sec) = 90.8715 res=false
*==== INFO ====* req_id_count= 36000 stream_id=143996 latency=0.531603 ms (tx_ts=160469629960565, rx_ts=160469630492168) request_id=285916 zil_blk_id=366970 ccf_commit_seqno=285916 nstreams_done_=36000 config.nstreams=50000 avg_latency=0.6221 ms avg throuhgput (requests/sec) = 90.8707 res=false
*==== INFO ====* req_id_count= 36500 stream_id=145996 latency=0.571679 ms (tx_ts=160475130377521, rx_ts=160475130949200) request_id=289902 zil_blk_id=372139 ccf_commit_seqno=289902 nstreams_done_=36500 config.nstreams=50000 avg_latency=0.6219 ms avg throuhgput (requests/sec) = 90.8711 res=false
*==== INFO ====* req_id_count= 37000 stream_id=147996 latency=0.541462 ms (tx_ts=160480623398393, rx_ts=160480623939855) request_id=293881 zil_blk_id=377302 ccf_commit_seqno=293881 nstreams_done_=37000 config.nstreams=50000 avg_latency=0.6217 ms avg throuhgput (requests/sec) = 90.8732 res=false
*==== INFO ====* req_id_count= 37500 stream_id=149996 latency=0.533107 ms (tx_ts=160486105067779, rx_ts=160486105600886) request_id=297855 zil_blk_id=382446 ccf_commit_seqno=297855 nstreams_done_=37500 config.nstreams=50000 avg_latency=0.6213 ms avg throuhgput (requests/sec) = 90.8777 res=false
*==== INFO ====* req_id_count= 38000 stream_id=151996 latency=0.614278 ms (tx_ts=160491617422954, rx_ts=160491618037232) request_id=301850 zil_blk_id=387619 ccf_commit_seqno=301850 nstreams_done_=38000 config.nstreams=50000 avg_latency=0.6214 ms avg throuhgput (requests/sec) = 90.8754 res=false
*==== INFO ====* req_id_count= 38500 stream_id=153996 latency=0.539786 ms (tx_ts=160497158331001, rx_ts=160497158870787) request_id=305864 zil_blk_id=392824 ccf_commit_seqno=305864 nstreams_done_=38500 config.nstreams=50000 avg_latency=0.6222 ms avg throuhgput (requests/sec) = 90.8671 res=false
*==== INFO ====* req_id_count= 39000 stream_id=155996 latency=0.573422 ms (tx_ts=160502631127357, rx_ts=160502631700779) request_id=309835 zil_blk_id=397961 ccf_commit_seqno=309835 nstreams_done_=39000 config.nstreams=50000 avg_latency=0.6217 ms avg throuhgput (requests/sec) = 90.8734 res=false
*==== INFO ====* req_id_count= 39500 stream_id=157996 latency=0.526595 ms (tx_ts=160508143290662, rx_ts=160508143817257) request_id=313826 zil_blk_id=403137 ccf_commit_seqno=313826 nstreams_done_=39500 config.nstreams=50000 avg_latency=0.6220 ms avg throuhgput (requests/sec) = 90.8713 res=false
*==== INFO ====* req_id_count= 40000 stream_id=159996 latency=0.643003 ms (tx_ts=160513628343002, rx_ts=160513628986005) request_id=317799 zil_blk_id=408277 ccf_commit_seqno=317799 nstreams_done_=40000 config.nstreams=50000 avg_latency=0.6217 ms avg throuhgput (requests/sec) = 90.8748 res=false
*==== INFO ====* req_id_count= 40500 stream_id=161996 latency=0.573723 ms (tx_ts=160519129060851, rx_ts=160519129634574) request_id=321781 zil_blk_id=413438 ccf_commit_seqno=321781 nstreams_done_=40500 config.nstreams=50000 avg_latency=0.6219 ms avg throuhgput (requests/sec) = 90.8751 res=false
*==== INFO ====* req_id_count= 41000 stream_id=163996 latency=0.570207 ms (tx_ts=160524602028998, rx_ts=160524602599205) request_id=325749 zil_blk_id=418574 ccf_commit_seqno=325749 nstreams_done_=41000 config.nstreams=50000 avg_latency=0.6213 ms avg throuhgput (requests/sec) = 90.8810 res=false
*==== INFO ====* req_id_count= 41500 stream_id=165996 latency=0.659163 ms (tx_ts=160530076791153, rx_ts=160530077450316) request_id=329718 zil_blk_id=423710 ccf_commit_seqno=329718 nstreams_done_=41500 config.nstreams=50000 avg_latency=0.6209 ms avg throuhgput (requests/sec) = 90.8863 res=false
*==== INFO ====* req_id_count= 42000 stream_id=167996 latency=0.631040 ms (tx_ts=160535608188717, rx_ts=160535608819757) request_id=333719 zil_blk_id=428907 ccf_commit_seqno=333719 nstreams_done_=42000 config.nstreams=50000 avg_latency=0.6213 ms avg throuhgput (requests/sec) = 90.8804 res=false
*==== INFO ====* req_id_count= 42500 stream_id=169996 latency=0.512088 ms (tx_ts=160541128391429, rx_ts=160541128903517) request_id=337717 zil_blk_id=434090 ccf_commit_seqno=337717 nstreams_done_=42500 config.nstreams=50000 avg_latency=0.6214 ms avg throuhgput (requests/sec) = 90.8768 res=false
*==== INFO ====* req_id_count= 43000 stream_id=171996 latency=0.518377 ms (tx_ts=160546619708018, rx_ts=160546620226395) request_id=341702 zil_blk_id=439248 ccf_commit_seqno=341702 nstreams_done_=43000 config.nstreams=50000 avg_latency=0.6212 ms avg throuhgput (requests/sec) = 90.8789 res=false
*==== INFO ====* req_id_count= 43500 stream_id=173996 latency=0.665014 ms (tx_ts=160552102720743, rx_ts=160552103385757) request_id=345680 zil_blk_id=444396 ccf_commit_seqno=345681 nstreams_done_=43500 config.nstreams=50000 avg_latency=0.6210 ms avg throuhgput (requests/sec) = 90.8824 res=false
*==== INFO ====* req_id_count= 44000 stream_id=175996 latency=0.546522 ms (tx_ts=160557639843261, rx_ts=160557640389783) request_id=349692 zil_blk_id=449596 ccf_commit_seqno=349692 nstreams_done_=44000 config.nstreams=50000 avg_latency=0.6217 ms avg throuhgput (requests/sec) = 90.8758 res=false
*==== INFO ====* req_id_count= 44500 stream_id=177996 latency=0.559977 ms (tx_ts=160563124240032, rx_ts=160563124800009) request_id=353678 zil_blk_id=454740 ccf_commit_seqno=353678 nstreams_done_=44500 config.nstreams=50000 avg_latency=0.6214 ms avg throuhgput (requests/sec) = 90.8790 res=false
*==== INFO ====* req_id_count= 45000 stream_id=179996 latency=0.531915 ms (tx_ts=160568632217726, rx_ts=160568632749641) request_id=357661 zil_blk_id=459906 ccf_commit_seqno=357661 nstreams_done_=45000 config.nstreams=50000 avg_latency=0.6215 ms avg throuhgput (requests/sec) = 90.8779 res=false
*==== INFO ====* req_id_count= 45500 stream_id=181996 latency=0.550600 ms (tx_ts=160574110106334, rx_ts=160574110656934) request_id=361638 zil_blk_id=465049 ccf_commit_seqno=361638 nstreams_done_=45500 config.nstreams=50000 avg_latency=0.6210 ms avg throuhgput (requests/sec) = 90.8823 res=false
*==== INFO ====* req_id_count= 46000 stream_id=183996 latency=0.578783 ms (tx_ts=160579599060177, rx_ts=160579599638960) request_id=365621 zil_blk_id=470200 ccf_commit_seqno=365621 nstreams_done_=46000 config.nstreams=50000 avg_latency=0.6209 ms avg throuhgput (requests/sec) = 90.8845 res=false
*==== INFO ====* req_id_count= 46500 stream_id=185996 latency=0.512429 ms (tx_ts=160585080326042, rx_ts=160585080838471) request_id=369556 zil_blk_id=475341 ccf_commit_seqno=369556 nstreams_done_=46500 config.nstreams=50000 avg_latency=0.6206 ms avg throuhgput (requests/sec) = 90.8881 res=false
*==== INFO ====* req_id_count= 47000 stream_id=187996 latency=0.527567 ms (tx_ts=160590577857744, rx_ts=160590578385311) request_id=373473 zil_blk_id=480496 ccf_commit_seqno=373473 nstreams_done_=47000 config.nstreams=50000 avg_latency=0.6206 ms avg throuhgput (requests/sec) = 90.8888 res=false
*==== INFO ====* req_id_count= 47500 stream_id=189996 latency=0.674883 ms (tx_ts=160596100213242, rx_ts=160596100888125) request_id=377427 zil_blk_id=485678 ccf_commit_seqno=377427 nstreams_done_=47500 config.nstreams=50000 avg_latency=0.6210 ms avg throuhgput (requests/sec) = 90.8851 res=false
*==== INFO ====* req_id_count= 48000 stream_id=191996 latency=0.577260 ms (tx_ts=160601597372730, rx_ts=160601597949990) request_id=381384 zil_blk_id=490837 ccf_commit_seqno=381384 nstreams_done_=48000 config.nstreams=50000 avg_latency=0.6211 ms avg throuhgput (requests/sec) = 90.8859 res=false
*==== INFO ====* req_id_count= 48500 stream_id=193996 latency=0.583271 ms (tx_ts=160607091216587, rx_ts=160607091799858) request_id=385362 zil_blk_id=495990 ccf_commit_seqno=385363 nstreams_done_=48500 config.nstreams=50000 avg_latency=0.6210 ms avg throuhgput (requests/sec) = 90.8871 res=false
*==== INFO ====* req_id_count= 49000 stream_id=195996 latency=0.567070 ms (tx_ts=160612576511738, rx_ts=160612577078808) request_id=389347 zil_blk_id=501139 ccf_commit_seqno=389347 nstreams_done_=49000 config.nstreams=50000 avg_latency=0.6209 ms avg throuhgput (requests/sec) = 90.8899 res=false
*==== INFO ====* req_id_count= 49500 stream_id=197996 latency=0.603058 ms (tx_ts=160618067265266, rx_ts=160618067868324) request_id=393332 zil_blk_id=506293 ccf_commit_seqno=393332 nstreams_done_=49500 config.nstreams=50000 avg_latency=0.6208 ms avg throuhgput (requests/sec) = 90.8916 res=false
*==== INFO ====* http_end_stream ALL streams done! nstreams_done_=50000 avg_latency=0.6209 msreq_id_count= 50000
*==== INFO ====* req_id_count= 50000 stream_id=199996 latency=0.555359 ms (tx_ts=160623586141219, rx_ts=160623586696578) request_id=397331 zil_blk_id=511473 ccf_commit_seqno=397331 nstreams_done_=50000 config.nstreams=50000 avg_latency=0.6209 ms avg throuhgput (requests/sec) = 90.8886 res=true
