Uniform: 530198 956666 550534 29183 891104 
Exponential: -2147483648 -2147483648 -2147483648 -2147483648 -2147483648 
Truncated Normal: 970661 484878 667428 803490 583219 
*==== INFO ====* req_id_count= 500 stream_id=1996 latency=0.658592 ms (tx_ts=161145559823968, rx_ts=161145560482560) request_id=15434 zil_blk_id=1996 ccf_commit_seqno=15434 nstreams_done_=500 config.nstreams=20000 avg_latency=0.7561 ms avg throuhgput (requests/sec) = 87.7611 res=false
*==== INFO ====* req_id_count= 1000 stream_id=3996 latency=0.927365 ms (tx_ts=161151456113564, rx_ts=161151457040929) request_id=31788 zil_blk_id=3996 ccf_commit_seqno=31788 nstreams_done_=1000 config.nstreams=20000 avg_latency=0.7727 ms avg throuhgput (requests/sec) = 86.2527 res=false
*==== INFO ====* req_id_count= 1500 stream_id=5996 latency=0.612816 ms (tx_ts=161157356984950, rx_ts=161157357597766) request_id=48199 zil_blk_id=5996 ccf_commit_seqno=48199 nstreams_done_=1500 config.nstreams=20000 avg_latency=0.7752 ms avg throuhgput (requests/sec) = 85.7417 res=false
*==== INFO ====* req_id_count= 2000 stream_id=7996 latency=0.599402 ms (tx_ts=161163230625363, rx_ts=161163231224765) request_id=64574 zil_blk_id=7996 ccf_commit_seqno=64574 nstreams_done_=2000 config.nstreams=20000 avg_latency=0.7644 ms avg throuhgput (requests/sec) = 85.5870 res=false
*==== INFO ====* req_id_count= 2500 stream_id=9996 latency=0.617726 ms (tx_ts=161169138490333, rx_ts=161169139108059) request_id=80990 zil_blk_id=9996 ccf_commit_seqno=80990 nstreams_done_=2500 config.nstreams=20000 avg_latency=0.7618 ms avg throuhgput (requests/sec) = 85.3944 res=false
*==== INFO ====* req_id_count= 3000 stream_id=11996 latency=0.743371 ms (tx_ts=161175023766199, rx_ts=161175024509570) request_id=97373 zil_blk_id=11996 ccf_commit_seqno=97373 nstreams_done_=3000 config.nstreams=20000 avg_latency=0.7630 ms avg throuhgput (requests/sec) = 85.3210 res=false
*==== INFO ====* req_id_count= 3500 stream_id=13996 latency=0.858666 ms (tx_ts=161180896966075, rx_ts=161180897824741) request_id=113751 zil_blk_id=13996 ccf_commit_seqno=113752 nstreams_done_=3500 config.nstreams=20000 avg_latency=0.7610 ms avg throuhgput (requests/sec) = 85.2938 res=false
*==== INFO ====* req_id_count= 4000 stream_id=15996 latency=0.591262 ms (tx_ts=161186786120598, rx_ts=161186786711860) request_id=130197 zil_blk_id=15996 ccf_commit_seqno=130197 nstreams_done_=4000 config.nstreams=20000 avg_latency=0.7617 ms avg throuhgput (requests/sec) = 85.2451 res=false
*==== INFO ====* req_id_count= 4500 stream_id=17996 latency=0.585885 ms (tx_ts=161192679231269, rx_ts=161192679817154) request_id=146628 zil_blk_id=17996 ccf_commit_seqno=146628 nstreams_done_=4500 config.nstreams=20000 avg_latency=0.7620 ms avg throuhgput (requests/sec) = 85.2005 res=false
*==== INFO ====* req_id_count= 5000 stream_id=19996 latency=0.587829 ms (tx_ts=161198564086489, rx_ts=161198564674318) request_id=163030 zil_blk_id=19996 ccf_commit_seqno=163030 nstreams_done_=5000 config.nstreams=20000 avg_latency=0.7600 ms avg throuhgput (requests/sec) = 85.1767 res=false
*==== INFO ====* req_id_count= 5500 stream_id=21996 latency=0.649554 ms (tx_ts=161204458993519, rx_ts=161204459643073) request_id=179438 zil_blk_id=21996 ccf_commit_seqno=179438 nstreams_done_=5500 config.nstreams=20000 avg_latency=0.7623 ms avg throuhgput (requests/sec) = 85.1440 res=false
*==== INFO ====* req_id_count= 6000 stream_id=23996 latency=0.749341 ms (tx_ts=161210331618776, rx_ts=161210332368117) request_id=195694 zil_blk_id=23996 ccf_commit_seqno=195695 nstreams_done_=6000 config.nstreams=20000 avg_latency=0.7632 ms avg throuhgput (requests/sec) = 85.1436 res=false
*==== INFO ====* req_id_count= 6500 stream_id=25996 latency=0.768908 ms (tx_ts=161216254127126, rx_ts=161216254896034) request_id=212110 zil_blk_id=25996 ccf_commit_seqno=212110 nstreams_done_=6500 config.nstreams=20000 avg_latency=0.7680 ms avg throuhgput (requests/sec) = 85.0878 res=false
*==== INFO ====* req_id_count= 7000 stream_id=27996 latency=0.671667 ms (tx_ts=161222143020422, rx_ts=161222143692089) request_id=228430 zil_blk_id=27996 ccf_commit_seqno=228430 nstreams_done_=7000 config.nstreams=20000 avg_latency=0.7682 ms avg throuhgput (requests/sec) = 85.0748 res=false
*==== INFO ====* req_id_count= 7500 stream_id=29996 latency=0.678613 ms (tx_ts=161228044501523, rx_ts=161228045180136) request_id=244844 zil_blk_id=29996 ccf_commit_seqno=244844 nstreams_done_=7500 config.nstreams=20000 avg_latency=0.7690 ms avg throuhgput (requests/sec) = 85.0514 res=false
*==== INFO ====* req_id_count= 8000 stream_id=31996 latency=0.620572 ms (tx_ts=161233921588432, rx_ts=161233922209004) request_id=261213 zil_blk_id=31996 ccf_commit_seqno=261213 nstreams_done_=8000 config.nstreams=20000 avg_latency=0.7684 ms avg throuhgput (requests/sec) = 85.0530 res=false
*==== INFO ====* req_id_count= 8500 stream_id=33996 latency=0.592599 ms (tx_ts=161239792265409, rx_ts=161239792858008) request_id=277565 zil_blk_id=33996 ccf_commit_seqno=277565 nstreams_done_=8500 config.nstreams=20000 avg_latency=0.7673 ms avg throuhgput (requests/sec) = 85.0598 res=false
*==== INFO ====* req_id_count= 9000 stream_id=35996 latency=0.664383 ms (tx_ts=161245669704358, rx_ts=161245670368741) request_id=293934 zil_blk_id=35996 ccf_commit_seqno=293934 nstreams_done_=9000 config.nstreams=20000 avg_latency=0.7664 ms avg throuhgput (requests/sec) = 85.0604 res=false
*==== INFO ====* req_id_count= 9500 stream_id=37996 latency=0.602108 ms (tx_ts=161251575199734, rx_ts=161251575801842) request_id=310427 zil_blk_id=37996 ccf_commit_seqno=310427 nstreams_done_=9500 config.nstreams=20000 avg_latency=0.7680 ms avg throuhgput (requests/sec) = 85.0396 res=false
*==== INFO ====* req_id_count= 10000 stream_id=39996 latency=0.625449 ms (tx_ts=161257466960268, rx_ts=161257467585717) request_id=326875 zil_blk_id=39996 ccf_commit_seqno=326875 nstreams_done_=10000 config.nstreams=20000 avg_latency=0.7684 ms avg throuhgput (requests/sec) = 85.0308 res=false
*==== INFO ====* req_id_count= 10500 stream_id=41996 latency=0.619249 ms (tx_ts=161263343038219, rx_ts=161263343657468) request_id=343287 zil_blk_id=41996 ccf_commit_seqno=343287 nstreams_done_=10500 config.nstreams=20000 avg_latency=0.7680 ms avg throuhgput (requests/sec) = 85.0337 res=false
*==== INFO ====* req_id_count= 11000 stream_id=43996 latency=0.801780 ms (tx_ts=161269210238723, rx_ts=161269211040503) request_id=359659 zil_blk_id=43996 ccf_commit_seqno=359659 nstreams_done_=11000 config.nstreams=20000 avg_latency=0.7674 ms avg throuhgput (requests/sec) = 85.0420 res=false
*==== INFO ====* req_id_count= 11500 stream_id=45996 latency=0.697585 ms (tx_ts=161275060989905, rx_ts=161275061687490) request_id=375981 zil_blk_id=45996 ccf_commit_seqno=375981 nstreams_done_=11500 config.nstreams=20000 avg_latency=0.7669 ms avg throuhgput (requests/sec) = 85.0601 res=false
*==== INFO ====* req_id_count= 12000 stream_id=47996 latency=0.833980 ms (tx_ts=161280962932770, rx_ts=161280963766750) request_id=392383 zil_blk_id=47996 ccf_commit_seqno=392383 nstreams_done_=12000 config.nstreams=20000 avg_latency=0.7678 ms avg throuhgput (requests/sec) = 85.0457 res=false
*==== INFO ====* req_id_count= 12500 stream_id=49996 latency=0.600423 ms (tx_ts=161286818552036, rx_ts=161286819152459) request_id=408659 zil_blk_id=49996 ccf_commit_seqno=408659 nstreams_done_=12500 config.nstreams=20000 avg_latency=0.7664 ms avg throuhgput (requests/sec) = 85.0595 res=false
*==== INFO ====* req_id_count= 13000 stream_id=51996 latency=0.607847 ms (tx_ts=161292702374296, rx_ts=161292702982143) request_id=425003 zil_blk_id=51996 ccf_commit_seqno=425003 nstreams_done_=13000 config.nstreams=20000 avg_latency=0.7663 ms avg throuhgput (requests/sec) = 85.0564 res=false
*==== INFO ====* req_id_count= 13500 stream_id=53996 latency=0.624839 ms (tx_ts=161298556768799, rx_ts=161298557393638) request_id=441255 zil_blk_id=53996 ccf_commit_seqno=441255 nstreams_done_=13500 config.nstreams=20000 avg_latency=0.7654 ms avg throuhgput (requests/sec) = 85.0693 res=false
*==== INFO ====* req_id_count= 14000 stream_id=55996 latency=0.809704 ms (tx_ts=161304419482767, rx_ts=161304420292471) request_id=457525 zil_blk_id=55996 ccf_commit_seqno=457526 nstreams_done_=14000 config.nstreams=20000 avg_latency=0.7650 ms avg throuhgput (requests/sec) = 85.0769 res=false
*==== INFO ====* req_id_count= 14500 stream_id=57996 latency=0.670133 ms (tx_ts=161310298221057, rx_ts=161310298891190) request_id=473818 zil_blk_id=57996 ccf_commit_seqno=473818 nstreams_done_=14500 config.nstreams=20000 avg_latency=0.7647 ms avg throuhgput (requests/sec) = 85.0761 res=false
*==== INFO ====* req_id_count= 15000 stream_id=59996 latency=0.939529 ms (tx_ts=161316170524495, rx_ts=161316171464024) request_id=490123 zil_blk_id=59996 ccf_commit_seqno=490124 nstreams_done_=15000 config.nstreams=20000 avg_latency=0.7649 ms avg throuhgput (requests/sec) = 85.0783 res=false
*==== INFO ====* req_id_count= 15500 stream_id=61996 latency=0.761243 ms (tx_ts=161322047534790, rx_ts=161322048296033) request_id=506414 zil_blk_id=61996 ccf_commit_seqno=506414 nstreams_done_=15500 config.nstreams=20000 avg_latency=0.7651 ms avg throuhgput (requests/sec) = 85.0783 res=false
*==== INFO ====* req_id_count= 16000 stream_id=63996 latency=0.659603 ms (tx_ts=161327921197919, rx_ts=161327921857522) request_id=522599 zil_blk_id=63996 ccf_commit_seqno=522600 nstreams_done_=16000 config.nstreams=20000 avg_latency=0.7653 ms avg throuhgput (requests/sec) = 85.0798 res=false
*==== INFO ====* req_id_count= 16500 stream_id=65996 latency=0.589543 ms (tx_ts=161333780854103, rx_ts=161333781443646) request_id=538832 zil_blk_id=65996 ccf_commit_seqno=538832 nstreams_done_=16500 config.nstreams=20000 avg_latency=0.7647 ms avg throuhgput (requests/sec) = 85.0874 res=false
*==== INFO ====* req_id_count= 17000 stream_id=67996 latency=0.782834 ms (tx_ts=161339643169023, rx_ts=161339643951857) request_id=555117 zil_blk_id=67996 ccf_commit_seqno=555118 nstreams_done_=17000 config.nstreams=20000 avg_latency=0.7640 ms avg throuhgput (requests/sec) = 85.0933 res=false
*==== INFO ====* req_id_count= 17500 stream_id=69996 latency=0.634407 ms (tx_ts=161345519520931, rx_ts=161345520155338) request_id=571412 zil_blk_id=69996 ccf_commit_seqno=571412 nstreams_done_=17500 config.nstreams=20000 avg_latency=0.7642 ms avg throuhgput (requests/sec) = 85.0932 res=false
*==== INFO ====* req_id_count= 18000 stream_id=71996 latency=0.617595 ms (tx_ts=161351378886539, rx_ts=161351379504134) request_id=587672 zil_blk_id=71996 ccf_commit_seqno=587672 nstreams_done_=18000 config.nstreams=20000 avg_latency=0.7635 ms avg throuhgput (requests/sec) = 85.0998 res=false
*==== INFO ====* req_id_count= 18500 stream_id=73996 latency=0.720427 ms (tx_ts=161357235350948, rx_ts=161357236071375) request_id=603952 zil_blk_id=73996 ccf_commit_seqno=603953 nstreams_done_=18500 config.nstreams=20000 avg_latency=0.7627 ms avg throuhgput (requests/sec) = 85.1072 res=false
*==== INFO ====* req_id_count= 19000 stream_id=75996 latency=0.833580 ms (tx_ts=161363107643293, rx_ts=161363108476873) request_id=619676 zil_blk_id=75996 ccf_commit_seqno=619676 nstreams_done_=19000 config.nstreams=20000 avg_latency=0.7624 ms avg throuhgput (requests/sec) = 85.1082 res=false
*==== INFO ====* req_id_count= 19500 stream_id=77996 latency=0.854178 ms (tx_ts=161369022310847, rx_ts=161369023165025) request_id=631490 zil_blk_id=77996 ccf_commit_seqno=631490 nstreams_done_=19500 config.nstreams=20000 avg_latency=0.7618 ms avg throuhgput (requests/sec) = 85.0934 res=false
*==== INFO ====* http_end_stream ALL streams done! nstreams_done_=20000 avg_latency=0.7608 msreq_id_count= 20000
*==== INFO ====* req_id_count= 20000 stream_id=79996 latency=0.656459 ms (tx_ts=161374988693863, rx_ts=161374989350322) request_id=639764 zil_blk_id=79996 ccf_commit_seqno=639764 nstreams_done_=20000 config.nstreams=20000 avg_latency=0.7608 ms avg throuhgput (requests/sec) = 85.0607 res=true
