Uniform: 254278 528440 428116 316593 907381 
Exponential: -2147483648 -2147483648 -2147483648 -2147483648 -2147483648 
Truncated Normal: 583892 254320 218090 757954 142536 
*==== INFO ====* req_id_count= 500 stream_id=1996 latency=0.594993 ms (tx_ts=161145646085190, rx_ts=161145646680183) request_id=15674 zil_blk_id=1996 ccf_commit_seqno=15674 nstreams_done_=500 config.nstreams=20000 avg_latency=0.6880 ms avg throuhgput (requests/sec) = 86.4186 res=false
*==== INFO ====* req_id_count= 1000 stream_id=3996 latency=0.581919 ms (tx_ts=161151473998745, rx_ts=161151474580664) request_id=31838 zil_blk_id=3996 ccf_commit_seqno=31838 nstreams_done_=1000 config.nstreams=20000 avg_latency=0.6764 ms avg throuhgput (requests/sec) = 86.1052 res=false
*==== INFO ====* req_id_count= 1500 stream_id=5996 latency=0.851324 ms (tx_ts=161157149550560, rx_ts=161157150401884) request_id=47624 zil_blk_id=5996 ccf_commit_seqno=47625 nstreams_done_=1500 config.nstreams=20000 avg_latency=0.6818 ms avg throuhgput (requests/sec) = 86.7578 res=false
*==== INFO ====* req_id_count= 2000 stream_id=7996 latency=0.738522 ms (tx_ts=161162675370410, rx_ts=161162676108932) request_id=63024 zil_blk_id=7996 ccf_commit_seqno=63024 nstreams_done_=2000 config.nstreams=20000 avg_latency=0.6828 ms avg throuhgput (requests/sec) = 87.6608 res=false
*==== INFO ====* req_id_count= 2500 stream_id=9996 latency=0.946381 ms (tx_ts=161168312094820, rx_ts=161168313041201) request_id=78695 zil_blk_id=9996 ccf_commit_seqno=78700 nstreams_done_=2500 config.nstreams=20000 avg_latency=0.6891 ms avg throuhgput (requests/sec) = 87.8668 res=false
*==== INFO ====* req_id_count= 3000 stream_id=11996 latency=0.737500 ms (tx_ts=161174143522190, rx_ts=161174144259690) request_id=94923 zil_blk_id=11996 ccf_commit_seqno=94923 nstreams_done_=3000 config.nstreams=20000 avg_latency=0.6857 ms avg throuhgput (requests/sec) = 87.5060 res=false
*==== INFO ====* req_id_count= 3500 stream_id=13996 latency=0.587379 ms (tx_ts=161179966546552, rx_ts=161179967133931) request_id=111162 zil_blk_id=13996 ccf_commit_seqno=111162 nstreams_done_=3500 config.nstreams=20000 avg_latency=0.6825 ms avg throuhgput (requests/sec) = 87.2682 res=false
*==== INFO ====* req_id_count= 4000 stream_id=15996 latency=0.780169 ms (tx_ts=161185795046174, rx_ts=161185795826343) request_id=127438 zil_blk_id=15996 ccf_commit_seqno=127439 nstreams_done_=4000 config.nstreams=20000 avg_latency=0.6809 ms avg throuhgput (requests/sec) = 87.0797 res=false
*==== INFO ====* req_id_count= 4500 stream_id=17996 latency=0.582830 ms (tx_ts=161191641319017, rx_ts=161191641901847) request_id=143743 zil_blk_id=17996 ccf_commit_seqno=143743 nstreams_done_=4500 config.nstreams=20000 avg_latency=0.6814 ms avg throuhgput (requests/sec) = 86.9044 res=false
*==== INFO ====* req_id_count= 5000 stream_id=19996 latency=0.625140 ms (tx_ts=161197463715927, rx_ts=161197464341067) request_id=159972 zil_blk_id=19996 ccf_commit_seqno=159972 nstreams_done_=5000 config.nstreams=20000 avg_latency=0.6801 ms avg throuhgput (requests/sec) = 86.8003 res=false
*==== INFO ====* req_id_count= 5500 stream_id=21996 latency=0.787362 ms (tx_ts=161203305261048, rx_ts=161203306048410) request_id=176238 zil_blk_id=21996 ccf_commit_seqno=176238 nstreams_done_=5500 config.nstreams=20000 avg_latency=0.6807 ms avg throuhgput (requests/sec) = 86.6890 res=false
*==== INFO ====* req_id_count= 6000 stream_id=23996 latency=0.598088 ms (tx_ts=161209124867617, rx_ts=161209125465705) request_id=192354 zil_blk_id=23996 ccf_commit_seqno=192354 nstreams_done_=6000 config.nstreams=20000 avg_latency=0.6780 ms avg throuhgput (requests/sec) = 86.6244 res=false
*==== INFO ====* req_id_count= 6500 stream_id=25996 latency=0.571990 ms (tx_ts=161214938795866, rx_ts=161214939367856) request_id=208465 zil_blk_id=25996 ccf_commit_seqno=208465 nstreams_done_=6500 config.nstreams=20000 avg_latency=0.6780 ms avg throuhgput (requests/sec) = 86.5761 res=false
*==== INFO ====* req_id_count= 7000 stream_id=27996 latency=0.608953 ms (tx_ts=161220756497055, rx_ts=161220757106008) request_id=224591 zil_blk_id=27996 ccf_commit_seqno=224591 nstreams_done_=7000 config.nstreams=20000 avg_latency=0.6781 ms avg throuhgput (requests/sec) = 86.5306 res=false
*==== INFO ====* req_id_count= 7500 stream_id=29996 latency=0.621796 ms (tx_ts=161226599979757, rx_ts=161226600601553) request_id=240811 zil_blk_id=29996 ccf_commit_seqno=240811 nstreams_done_=7500 config.nstreams=20000 avg_latency=0.6796 ms avg throuhgput (requests/sec) = 86.4656 res=false
*==== INFO ====* req_id_count= 8000 stream_id=31996 latency=0.600974 ms (tx_ts=161232439548405, rx_ts=161232440149379) request_id=257095 zil_blk_id=31996 ccf_commit_seqno=257095 nstreams_done_=8000 config.nstreams=20000 avg_latency=0.6796 ms avg throuhgput (requests/sec) = 86.4124 res=false
*==== INFO ====* req_id_count= 8500 stream_id=33996 latency=0.555377 ms (tx_ts=161238272776599, rx_ts=161238273331976) request_id=273334 zil_blk_id=33996 ccf_commit_seqno=273334 nstreams_done_=8500 config.nstreams=20000 avg_latency=0.6789 ms avg throuhgput (requests/sec) = 86.3712 res=false
*==== INFO ====* req_id_count= 9000 stream_id=35996 latency=0.804154 ms (tx_ts=161244119475387, rx_ts=161244120279541) request_id=289624 zil_blk_id=35996 ccf_commit_seqno=289624 nstreams_done_=9000 config.nstreams=20000 avg_latency=0.6797 ms avg throuhgput (requests/sec) = 86.3232 res=false
*==== INFO ====* req_id_count= 9500 stream_id=37996 latency=0.587308 ms (tx_ts=161249933092019, rx_ts=161249933679327) request_id=305851 zil_blk_id=37996 ccf_commit_seqno=305851 nstreams_done_=9500 config.nstreams=20000 avg_latency=0.6789 ms avg throuhgput (requests/sec) = 86.3065 res=false
*==== INFO ====* req_id_count= 10000 stream_id=39996 latency=0.745675 ms (tx_ts=161255754886252, rx_ts=161255755631927) request_id=322105 zil_blk_id=39996 ccf_commit_seqno=322106 nstreams_done_=10000 config.nstreams=20000 avg_latency=0.6782 ms avg throuhgput (requests/sec) = 86.2852 res=false
*==== INFO ====* req_id_count= 10500 stream_id=41996 latency=0.583481 ms (tx_ts=161261594177940, rx_ts=161261594761421) request_id=338414 zil_blk_id=41996 ccf_commit_seqno=338414 nstreams_done_=10500 config.nstreams=20000 avg_latency=0.6780 ms avg throuhgput (requests/sec) = 86.2537 res=false
*==== INFO ====* req_id_count= 11000 stream_id=43996 latency=0.557586 ms (tx_ts=161267177278852, rx_ts=161267177836438) request_id=354003 zil_blk_id=43996 ccf_commit_seqno=354003 nstreams_done_=11000 config.nstreams=20000 avg_latency=0.6786 ms avg throuhgput (requests/sec) = 86.3986 res=false
*==== INFO ====* req_id_count= 11500 stream_id=45996 latency=0.743080 ms (tx_ts=161272698867272, rx_ts=161272699610352) request_id=369406 zil_blk_id=45996 ccf_commit_seqno=369406 nstreams_done_=11500 config.nstreams=20000 avg_latency=0.6787 ms avg throuhgput (requests/sec) = 86.5711 res=false
*==== INFO ====* req_id_count= 12000 stream_id=47996 latency=0.649027 ms (tx_ts=161278226056370, rx_ts=161278226705397) request_id=384789 zil_blk_id=47996 ccf_commit_seqno=384789 nstreams_done_=12000 config.nstreams=20000 avg_latency=0.6789 ms avg throuhgput (requests/sec) = 86.7266 res=false
*==== INFO ====* req_id_count= 12500 stream_id=49996 latency=0.746456 ms (tx_ts=161283744703640, rx_ts=161283745450096) request_id=400120 zil_blk_id=49996 ccf_commit_seqno=400120 nstreams_done_=12500 config.nstreams=20000 avg_latency=0.6788 ms avg throuhgput (requests/sec) = 86.8752 res=false
*==== INFO ====* req_id_count= 13000 stream_id=51996 latency=0.864327 ms (tx_ts=161289270762374, rx_ts=161289271626701) request_id=415480 zil_blk_id=51996 ccf_commit_seqno=415480 nstreams_done_=13000 config.nstreams=20000 avg_latency=0.6791 ms avg throuhgput (requests/sec) = 87.0085 res=false
*==== INFO ====* req_id_count= 13500 stream_id=53996 latency=0.572411 ms (tx_ts=161294796347369, rx_ts=161294796919780) request_id=430815 zil_blk_id=53996 ccf_commit_seqno=430815 nstreams_done_=13500 config.nstreams=20000 avg_latency=0.6794 ms avg throuhgput (requests/sec) = 87.1327 res=false
*==== INFO ====* req_id_count= 14000 stream_id=55996 latency=0.642492 ms (tx_ts=161300429695543, rx_ts=161300430338035) request_id=446456 zil_blk_id=55996 ccf_commit_seqno=446456 nstreams_done_=14000 config.nstreams=20000 avg_latency=0.6791 ms avg throuhgput (requests/sec) = 87.1897 res=false
*==== INFO ====* req_id_count= 14500 stream_id=57996 latency=0.760122 ms (tx_ts=161306275619955, rx_ts=161306276380077) request_id=462659 zil_blk_id=57996 ccf_commit_seqno=462660 nstreams_done_=14500 config.nstreams=20000 avg_latency=0.6794 ms avg throuhgput (requests/sec) = 87.1313 res=false
*==== INFO ====* req_id_count= 15000 stream_id=59996 latency=0.637793 ms (tx_ts=161312111620413, rx_ts=161312112258206) request_id=478858 zil_blk_id=59996 ccf_commit_seqno=478858 nstreams_done_=15000 config.nstreams=20000 avg_latency=0.6795 ms avg throuhgput (requests/sec) = 87.0820 res=false
*==== INFO ====* req_id_count= 15500 stream_id=61996 latency=0.567381 ms (tx_ts=161317956927625, rx_ts=161317957495006) request_id=495063 zil_blk_id=61996 ccf_commit_seqno=495063 nstreams_done_=15500 config.nstreams=20000 avg_latency=0.6797 ms avg throuhgput (requests/sec) = 87.0314 res=false
*==== INFO ====* req_id_count= 16000 stream_id=63996 latency=0.559466 ms (tx_ts=161323795182208, rx_ts=161323795741674) request_id=511220 zil_blk_id=63996 ccf_commit_seqno=511220 nstreams_done_=16000 config.nstreams=20000 avg_latency=0.6802 ms avg throuhgput (requests/sec) = 86.9873 res=false
*==== INFO ====* req_id_count= 16500 stream_id=65996 latency=0.571780 ms (tx_ts=161329634513052, rx_ts=161329635084832) request_id=527322 zil_blk_id=65996 ccf_commit_seqno=527322 nstreams_done_=16500 config.nstreams=20000 avg_latency=0.6810 ms avg throuhgput (requests/sec) = 86.9454 res=false
*==== INFO ====* req_id_count= 17000 stream_id=67996 latency=0.582036 ms (tx_ts=161335468241512, rx_ts=161335468823548) request_id=543523 zil_blk_id=67996 ccf_commit_seqno=543523 nstreams_done_=17000 config.nstreams=20000 avg_latency=0.6816 ms avg throuhgput (requests/sec) = 86.9085 res=false
*==== INFO ====* req_id_count= 17500 stream_id=69996 latency=0.581538 ms (tx_ts=161341302742864, rx_ts=161341303324402) request_id=559737 zil_blk_id=69996 ccf_commit_seqno=559737 nstreams_done_=17500 config.nstreams=20000 avg_latency=0.6819 ms avg throuhgput (requests/sec) = 86.8735 res=false
*==== INFO ====* req_id_count= 18000 stream_id=71996 latency=0.568731 ms (tx_ts=161347131886549, rx_ts=161347132455280) request_id=575892 zil_blk_id=71996 ccf_commit_seqno=575892 nstreams_done_=18000 config.nstreams=20000 avg_latency=0.6820 ms avg throuhgput (requests/sec) = 86.8426 res=false
*==== INFO ====* req_id_count= 18500 stream_id=73996 latency=0.574223 ms (tx_ts=161352656582212, rx_ts=161352657156435) request_id=591224 zil_blk_id=73996 ccf_commit_seqno=591224 nstreams_done_=18500 config.nstreams=20000 avg_latency=0.6821 ms avg throuhgput (requests/sec) = 86.9376 res=false
*==== INFO ====* req_id_count= 19000 stream_id=75996 latency=0.563053 ms (tx_ts=161358284596991, rx_ts=161358285160044) request_id=606866 zil_blk_id=75996 ccf_commit_seqno=606866 nstreams_done_=19000 config.nstreams=20000 avg_latency=0.6820 ms avg throuhgput (requests/sec) = 86.9867 res=false
*==== INFO ====* req_id_count= 19500 stream_id=77996 latency=0.571640 ms (tx_ts=161364105797246, rx_ts=161364106368886) request_id=622083 zil_blk_id=77996 ccf_commit_seqno=622083 nstreams_done_=19500 config.nstreams=20000 avg_latency=0.6814 ms avg throuhgput (requests/sec) = 86.9583 res=false
*==== INFO ====* http_end_stream ALL streams done! nstreams_done_=20000 avg_latency=0.6807 msreq_id_count= 20000
*==== INFO ====* req_id_count= 20000 stream_id=79996 latency=0.582360 ms (tx_ts=161369981191117, rx_ts=161369981773477) request_id=633182 zil_blk_id=79996 ccf_commit_seqno=633182 nstreams_done_=20000 config.nstreams=20000 avg_latency=0.6807 ms avg throuhgput (requests/sec) = 86.9108 res=true
