Uniform: 138363 579716 373626 621421 474585 
Exponential: -2147483648 -2147483648 -2147483648 -2147483648 -2147483648 
Truncated Normal: 325263 719174 543862 254248 593528 
*==== INFO ====* req_id_count= 500 stream_id=1996 latency=0.661648 ms (tx_ts=161145758862059, rx_ts=161145759523707) request_id=15978 zil_blk_id=1996 ccf_commit_seqno=15978 nstreams_done_=500 config.nstreams=20000 avg_latency=0.7819 ms avg throuhgput (requests/sec) = 84.8903 res=false
*==== INFO ====* req_id_count= 1000 stream_id=3996 latency=0.620170 ms (tx_ts=161151684042488, rx_ts=161151684662658) request_id=32409 zil_blk_id=3996 ccf_commit_seqno=32409 nstreams_done_=1000 config.nstreams=20000 avg_latency=0.7941 ms avg throuhgput (requests/sec) = 84.6375 res=false
*==== INFO ====* req_id_count= 1500 stream_id=5996 latency=0.845192 ms (tx_ts=161157580542813, rx_ts=161157581388005) request_id=48815 zil_blk_id=5996 ccf_commit_seqno=48815 nstreams_done_=1500 config.nstreams=20000 avg_latency=0.7895 ms avg throuhgput (requests/sec) = 84.6892 res=false
*==== INFO ====* req_id_count= 2000 stream_id=7996 latency=0.819103 ms (tx_ts=161163489317774, rx_ts=161163490136877) request_id=65278 zil_blk_id=7996 ccf_commit_seqno=65278 nstreams_done_=2000 config.nstreams=20000 avg_latency=0.7932 ms avg throuhgput (requests/sec) = 84.6720 res=false
*==== INFO ====* req_id_count= 2500 stream_id=9996 latency=0.798725 ms (tx_ts=161169377224528, rx_ts=161169378023253) request_id=81649 zil_blk_id=9996 ccf_commit_seqno=81649 nstreams_done_=2500 config.nstreams=20000 avg_latency=0.7920 ms avg throuhgput (requests/sec) = 84.7215 res=false
*==== INFO ====* req_id_count= 3000 stream_id=11996 latency=0.670093 ms (tx_ts=161175260838597, rx_ts=161175261508690) request_id=98030 zil_blk_id=11996 ccf_commit_seqno=98030 nstreams_done_=3000 config.nstreams=20000 avg_latency=0.7875 ms avg throuhgput (requests/sec) = 84.7651 res=false
*==== INFO ====* req_id_count= 3500 stream_id=13996 latency=0.638624 ms (tx_ts=161181142546033, rx_ts=161181143184657) request_id=114431 zil_blk_id=13996 ccf_commit_seqno=114431 nstreams_done_=3500 config.nstreams=20000 avg_latency=0.7837 ms avg throuhgput (requests/sec) = 84.7999 res=false
*==== INFO ====* req_id_count= 4000 stream_id=15996 latency=0.855084 ms (tx_ts=161187022067986, rx_ts=161187022923070) request_id=130851 zil_blk_id=15996 ccf_commit_seqno=130852 nstreams_done_=4000 config.nstreams=20000 avg_latency=0.7844 ms avg throuhgput (requests/sec) = 84.8296 res=false
*==== INFO ====* req_id_count= 4500 stream_id=17996 latency=0.955097 ms (tx_ts=161192917247646, rx_ts=161192918202743) request_id=147279 zil_blk_id=17996 ccf_commit_seqno=147280 nstreams_done_=4500 config.nstreams=20000 avg_latency=0.7822 ms avg throuhgput (requests/sec) = 84.8278 res=false
*==== INFO ====* req_id_count= 5000 stream_id=19996 latency=0.678258 ms (tx_ts=161198813867677, rx_ts=161198814545935) request_id=163724 zil_blk_id=19996 ccf_commit_seqno=163724 nstreams_done_=5000 config.nstreams=20000 avg_latency=0.7805 ms avg throuhgput (requests/sec) = 84.8249 res=false
*==== INFO ====* req_id_count= 5500 stream_id=21996 latency=0.756183 ms (tx_ts=161204727731186, rx_ts=161204728487369) request_id=180183 zil_blk_id=21996 ccf_commit_seqno=180184 nstreams_done_=5500 config.nstreams=20000 avg_latency=0.7843 ms avg throuhgput (requests/sec) = 84.7994 res=false
*==== INFO ====* req_id_count= 6000 stream_id=23996 latency=0.780911 ms (tx_ts=161210638153378, rx_ts=161210638934289) request_id=196539 zil_blk_id=23996 ccf_commit_seqno=196539 nstreams_done_=6000 config.nstreams=20000 avg_latency=0.7872 ms avg throuhgput (requests/sec) = 84.7824 res=false
*==== INFO ====* req_id_count= 6500 stream_id=25996 latency=0.816433 ms (tx_ts=161216509932667, rx_ts=161216510749100) request_id=212817 zil_blk_id=25996 ccf_commit_seqno=212817 nstreams_done_=6500 config.nstreams=20000 avg_latency=0.7872 ms avg throuhgput (requests/sec) = 84.8108 res=false
*==== INFO ====* req_id_count= 7000 stream_id=27996 latency=0.660333 ms (tx_ts=161222386305078, rx_ts=161222386965411) request_id=229103 zil_blk_id=27996 ccf_commit_seqno=229103 nstreams_done_=7000 config.nstreams=20000 avg_latency=0.7867 ms avg throuhgput (requests/sec) = 84.8306 res=false
*==== INFO ====* req_id_count= 7500 stream_id=29996 latency=0.691486 ms (tx_ts=161228285171800, rx_ts=161228285863286) request_id=245511 zil_blk_id=29996 ccf_commit_seqno=245511 nstreams_done_=7500 config.nstreams=20000 avg_latency=0.7875 ms avg throuhgput (requests/sec) = 84.8260 res=false
*==== INFO ====* req_id_count= 8000 stream_id=31996 latency=0.732681 ms (tx_ts=161234161648478, rx_ts=161234162381159) request_id=261878 zil_blk_id=31996 ccf_commit_seqno=261878 nstreams_done_=8000 config.nstreams=20000 avg_latency=0.7888 ms avg throuhgput (requests/sec) = 84.8421 res=false
*==== INFO ====* req_id_count= 8500 stream_id=33996 latency=0.690352 ms (tx_ts=161240059371546, rx_ts=161240060061898) request_id=278310 zil_blk_id=33996 ccf_commit_seqno=278310 nstreams_done_=8500 config.nstreams=20000 avg_latency=0.7903 ms avg throuhgput (requests/sec) = 84.8384 res=false
*==== INFO ====* req_id_count= 9000 stream_id=35996 latency=0.854218 ms (tx_ts=161245972254079, rx_ts=161245973108297) request_id=294776 zil_blk_id=35996 ccf_commit_seqno=294776 nstreams_done_=9000 config.nstreams=20000 avg_latency=0.7916 ms avg throuhgput (requests/sec) = 84.8228 res=false
*==== INFO ====* req_id_count= 9500 stream_id=37996 latency=0.650709 ms (tx_ts=161251841819063, rx_ts=161251842469772) request_id=311170 zil_blk_id=37996 ccf_commit_seqno=311170 nstreams_done_=9500 config.nstreams=20000 avg_latency=0.7909 ms avg throuhgput (requests/sec) = 84.8420 res=false
*==== INFO ====* req_id_count= 10000 stream_id=39996 latency=0.656949 ms (tx_ts=161257724015824, rx_ts=161257724672773) request_id=327593 zil_blk_id=39996 ccf_commit_seqno=327593 nstreams_done_=10000 config.nstreams=20000 avg_latency=0.7904 ms avg throuhgput (requests/sec) = 84.8500 res=false
*==== INFO ====* req_id_count= 10500 stream_id=41996 latency=0.646740 ms (tx_ts=161263594202773, rx_ts=161263594849513) request_id=343982 zil_blk_id=41996 ccf_commit_seqno=343982 nstreams_done_=10500 config.nstreams=20000 avg_latency=0.7894 ms avg throuhgput (requests/sec) = 84.8654 res=false
*==== INFO ====* req_id_count= 11000 stream_id=43996 latency=0.636069 ms (tx_ts=161269460421833, rx_ts=161269461057902) request_id=360358 zil_blk_id=43996 ccf_commit_seqno=360358 nstreams_done_=11000 config.nstreams=20000 avg_latency=0.7893 ms avg throuhgput (requests/sec) = 84.8821 res=false
*==== INFO ====* req_id_count= 11500 stream_id=45996 latency=0.668040 ms (tx_ts=161275331378609, rx_ts=161275332046649) request_id=376728 zil_blk_id=45996 ccf_commit_seqno=376728 nstreams_done_=11500 config.nstreams=20000 avg_latency=0.7899 ms avg throuhgput (requests/sec) = 84.8944 res=false
*==== INFO ====* req_id_count= 12000 stream_id=47996 latency=0.836725 ms (tx_ts=161281230227908, rx_ts=161281231064633) request_id=393126 zil_blk_id=47996 ccf_commit_seqno=393126 nstreams_done_=12000 config.nstreams=20000 avg_latency=0.7908 ms avg throuhgput (requests/sec) = 84.8887 res=false
*==== INFO ====* req_id_count= 12500 stream_id=49996 latency=0.847545 ms (tx_ts=161287130636597, rx_ts=161287131484142) request_id=409528 zil_blk_id=49996 ccf_commit_seqno=409528 nstreams_done_=12500 config.nstreams=20000 avg_latency=0.7925 ms avg throuhgput (requests/sec) = 84.8828 res=false
*==== INFO ====* req_id_count= 13000 stream_id=51996 latency=0.709136 ms (tx_ts=161293009658537, rx_ts=161293010367673) request_id=425854 zil_blk_id=51996 ccf_commit_seqno=425854 nstreams_done_=13000 config.nstreams=20000 avg_latency=0.7924 ms avg throuhgput (requests/sec) = 84.8892 res=false
*==== INFO ====* req_id_count= 13500 stream_id=53996 latency=0.623376 ms (tx_ts=161298884374374, rx_ts=161298884997750) request_id=442166 zil_blk_id=53996 ccf_commit_seqno=442166 nstreams_done_=13500 config.nstreams=20000 avg_latency=0.7924 ms avg throuhgput (requests/sec) = 84.8974 res=false
*==== INFO ====* req_id_count= 14000 stream_id=55996 latency=0.832297 ms (tx_ts=161304777023603, rx_ts=161304777855900) request_id=458513 zil_blk_id=55996 ccf_commit_seqno=458513 nstreams_done_=14000 config.nstreams=20000 avg_latency=0.7927 ms avg throuhgput (requests/sec) = 84.8957 res=false
*==== INFO ====* req_id_count= 14500 stream_id=57996 latency=0.773607 ms (tx_ts=161310666134502, rx_ts=161310666908109) request_id=474842 zil_blk_id=57996 ccf_commit_seqno=474842 nstreams_done_=14500 config.nstreams=20000 avg_latency=0.7935 ms avg throuhgput (requests/sec) = 84.8959 res=false
*==== INFO ====* req_id_count= 15000 stream_id=59996 latency=0.880497 ms (tx_ts=161316527583299, rx_ts=161316528463796) request_id=491110 zil_blk_id=59996 ccf_commit_seqno=491111 nstreams_done_=15000 config.nstreams=20000 avg_latency=0.7925 ms avg throuhgput (requests/sec) = 84.9094 res=false
*==== INFO ====* req_id_count= 15500 stream_id=61996 latency=0.836986 ms (tx_ts=161322413200023, rx_ts=161322414037009) request_id=507431 zil_blk_id=61996 ccf_commit_seqno=507432 nstreams_done_=15500 config.nstreams=20000 avg_latency=0.7927 ms avg throuhgput (requests/sec) = 84.9108 res=false
*==== INFO ====* req_id_count= 16000 stream_id=63996 latency=0.904271 ms (tx_ts=161328297084842, rx_ts=161328297989113) request_id=523645 zil_blk_id=63996 ccf_commit_seqno=523645 nstreams_done_=16000 config.nstreams=20000 avg_latency=0.7929 ms avg throuhgput (requests/sec) = 84.9129 res=false
*==== INFO ====* req_id_count= 16500 stream_id=65996 latency=0.614269 ms (tx_ts=161334158102738, rx_ts=161334158717007) request_id=539879 zil_blk_id=65996 ccf_commit_seqno=539879 nstreams_done_=16500 config.nstreams=20000 avg_latency=0.7926 ms avg throuhgput (requests/sec) = 84.9250 res=false
*==== INFO ====* req_id_count= 17000 stream_id=67996 latency=0.714437 ms (tx_ts=161340013882615, rx_ts=161340014597052) request_id=556146 zil_blk_id=67996 ccf_commit_seqno=556146 nstreams_done_=17000 config.nstreams=20000 avg_latency=0.7922 ms avg throuhgput (requests/sec) = 84.9384 res=false
*==== INFO ====* req_id_count= 17500 stream_id=69996 latency=0.898661 ms (tx_ts=161345868130117, rx_ts=161345869028778) request_id=572379 zil_blk_id=69996 ccf_commit_seqno=572379 nstreams_done_=17500 config.nstreams=20000 avg_latency=0.7921 ms avg throuhgput (requests/sec) = 84.9517 res=false
*==== INFO ====* req_id_count= 18000 stream_id=71996 latency=0.683428 ms (tx_ts=161351742672085, rx_ts=161351743355513) request_id=588683 zil_blk_id=71996 ccf_commit_seqno=588683 nstreams_done_=18000 config.nstreams=20000 avg_latency=0.7920 ms avg throuhgput (requests/sec) = 84.9562 res=false
*==== INFO ====* req_id_count= 18500 stream_id=73996 latency=0.828299 ms (tx_ts=161357611671579, rx_ts=161357612499878) request_id=604992 zil_blk_id=73996 ccf_commit_seqno=604992 nstreams_done_=18500 config.nstreams=20000 avg_latency=0.7916 ms avg throuhgput (requests/sec) = 84.9626 res=false
*==== INFO ====* req_id_count= 19000 stream_id=75996 latency=2.315372 ms (tx_ts=161363482728050, rx_ts=161363485043422) request_id=620582 zil_blk_id=75996 ccf_commit_seqno=620582 nstreams_done_=19000 config.nstreams=20000 avg_latency=0.7920 ms avg throuhgput (requests/sec) = 84.9673 res=false
*==== INFO ====* req_id_count= 19500 stream_id=77996 latency=0.752778 ms (tx_ts=161369408522118, rx_ts=161369409274896) request_id=632171 zil_blk_id=77996 ccf_commit_seqno=632171 nstreams_done_=19500 config.nstreams=20000 avg_latency=0.7923 ms avg throuhgput (requests/sec) = 84.9526 res=false
*==== INFO ====* http_end_stream ALL streams done! nstreams_done_=20000 avg_latency=0.7932 msreq_id_count= 20000
*==== INFO ====* req_id_count= 20000 stream_id=79996 latency=1.308960 ms (tx_ts=161375405635652, rx_ts=161375406944612) request_id=639876 zil_blk_id=79996 ccf_commit_seqno=639877 nstreams_done_=20000 config.nstreams=20000 avg_latency=0.7932 ms avg throuhgput (requests/sec) = 84.9122 res=true
