Uniform: 797322 69145 948309 524647 982767 
Exponential: -2147483648 -2147483648 -2147483648 -2147483648 -2147483648 
Truncated Normal: 512262 653259 456552 758329 720195 
*==== INFO ====* req_id_count= 500 stream_id=1996 latency=0.662198 ms (tx_ts=161145717655998, rx_ts=161145718318196) request_id=15871 zil_blk_id=1996 ccf_commit_seqno=15871 nstreams_done_=500 config.nstreams=20000 avg_latency=0.7738 ms avg throuhgput (requests/sec) = 85.4675 res=false
*==== INFO ====* req_id_count= 1000 stream_id=3996 latency=0.707094 ms (tx_ts=161151582898169, rx_ts=161151583605263) request_id=32136 zil_blk_id=3996 ccf_commit_seqno=32136 nstreams_done_=1000 config.nstreams=20000 avg_latency=0.7754 ms avg throuhgput (requests/sec) = 85.3573 res=false
*==== INFO ====* req_id_count= 1500 stream_id=5996 latency=0.740546 ms (tx_ts=161157453697372, rx_ts=161157454437918) request_id=48467 zil_blk_id=5996 ccf_commit_seqno=48467 nstreams_done_=1500 config.nstreams=20000 avg_latency=0.7772 ms avg throuhgput (requests/sec) = 85.2937 res=false
*==== INFO ====* req_id_count= 2000 stream_id=7996 latency=0.687446 ms (tx_ts=161163307040615, rx_ts=161163307728061) request_id=64786 zil_blk_id=7996 ccf_commit_seqno=64786 nstreams_done_=2000 config.nstreams=20000 avg_latency=0.7712 ms avg throuhgput (requests/sec) = 85.3257 res=false
*==== INFO ====* req_id_count= 2500 stream_id=9996 latency=0.839502 ms (tx_ts=161169182127167, rx_ts=161169182966669) request_id=81110 zil_blk_id=9996 ccf_commit_seqno=81110 nstreams_done_=2500 config.nstreams=20000 avg_latency=0.7734 ms avg throuhgput (requests/sec) = 85.2811 res=false
*==== INFO ====* req_id_count= 3000 stream_id=11996 latency=0.876260 ms (tx_ts=161175030387084, rx_ts=161175031263344) request_id=97391 zil_blk_id=11996 ccf_commit_seqno=97391 nstreams_done_=3000 config.nstreams=20000 avg_latency=0.7679 ms avg throuhgput (requests/sec) = 85.3167 res=false
*==== INFO ====* req_id_count= 3500 stream_id=13996 latency=0.669802 ms (tx_ts=161180879153572, rx_ts=161180879823374) request_id=113707 zil_blk_id=13996 ccf_commit_seqno=113707 nstreams_done_=3500 config.nstreams=20000 avg_latency=0.7650 ms avg throuhgput (requests/sec) = 85.3415 res=false
*==== INFO ====* req_id_count= 4000 stream_id=15996 latency=0.853471 ms (tx_ts=161186721885386, rx_ts=161186722738857) request_id=130018 zil_blk_id=15996 ccf_commit_seqno=130020 nstreams_done_=4000 config.nstreams=20000 avg_latency=0.7613 ms avg throuhgput (requests/sec) = 85.3705 res=false
*==== INFO ====* req_id_count= 4500 stream_id=17996 latency=0.633806 ms (tx_ts=161192563340943, rx_ts=161192563974749) request_id=146303 zil_blk_id=17996 ccf_commit_seqno=146303 nstreams_done_=4500 config.nstreams=20000 avg_latency=0.7602 ms avg throuhgput (requests/sec) = 85.3957 res=false
*==== INFO ====* req_id_count= 5000 stream_id=19996 latency=0.633434 ms (tx_ts=161198393740903, rx_ts=161198394374337) request_id=162562 zil_blk_id=19996 ccf_commit_seqno=162562 nstreams_done_=5000 config.nstreams=20000 avg_latency=0.7576 ms avg throuhgput (requests/sec) = 85.4318 res=false
*==== INFO ====* req_id_count= 5500 stream_id=21996 latency=0.676865 ms (tx_ts=161204250622463, rx_ts=161204251299328) request_id=178863 zil_blk_id=21996 ccf_commit_seqno=178863 nstreams_done_=5500 config.nstreams=20000 avg_latency=0.7564 ms avg throuhgput (requests/sec) = 85.4261 res=false
*==== INFO ====* req_id_count= 6000 stream_id=23996 latency=0.634766 ms (tx_ts=161210056731594, rx_ts=161210057366360) request_id=194936 zil_blk_id=23996 ccf_commit_seqno=194936 nstreams_done_=6000 config.nstreams=20000 avg_latency=0.7562 ms avg throuhgput (requests/sec) = 85.4832 res=false
*==== INFO ====* req_id_count= 6500 stream_id=25996 latency=0.651248 ms (tx_ts=161215879883811, rx_ts=161215880535059) request_id=211076 zil_blk_id=25996 ccf_commit_seqno=211076 nstreams_done_=6500 config.nstreams=20000 avg_latency=0.7562 ms avg throuhgput (requests/sec) = 85.5124 res=false
*==== INFO ====* req_id_count= 7000 stream_id=27996 latency=0.786482 ms (tx_ts=161221708020038, rx_ts=161221708806520) request_id=227226 zil_blk_id=27996 ccf_commit_seqno=227226 nstreams_done_=7000 config.nstreams=20000 avg_latency=0.7560 ms avg throuhgput (requests/sec) = 85.5321 res=false
*==== INFO ====* req_id_count= 7500 stream_id=29996 latency=0.622677 ms (tx_ts=161227538645816, rx_ts=161227539268493) request_id=243432 zil_blk_id=29996 ccf_commit_seqno=243432 nstreams_done_=7500 config.nstreams=20000 avg_latency=0.7554 ms avg throuhgput (requests/sec) = 85.5470 res=false
*==== INFO ====* req_id_count= 8000 stream_id=31996 latency=0.837367 ms (tx_ts=161233373854290, rx_ts=161233374691657) request_id=259699 zil_blk_id=31996 ccf_commit_seqno=259699 nstreams_done_=8000 config.nstreams=20000 avg_latency=0.7540 ms avg throuhgput (requests/sec) = 85.5555 res=false
*==== INFO ====* req_id_count= 8500 stream_id=33996 latency=0.738094 ms (tx_ts=161239205835357, rx_ts=161239206573451) request_id=275936 zil_blk_id=33996 ccf_commit_seqno=275937 nstreams_done_=8500 config.nstreams=20000 avg_latency=0.7530 ms avg throuhgput (requests/sec) = 85.5661 res=false
*==== INFO ====* req_id_count= 9000 stream_id=35996 latency=0.643434 ms (tx_ts=161245064385069, rx_ts=161245065028503) request_id=292253 zil_blk_id=35996 ccf_commit_seqno=292253 nstreams_done_=9000 config.nstreams=20000 avg_latency=0.7555 ms avg throuhgput (requests/sec) = 85.5539 res=false
*==== INFO ====* req_id_count= 9500 stream_id=37996 latency=0.837339 ms (tx_ts=161250895453404, rx_ts=161250896290743) request_id=308532 zil_blk_id=37996 ccf_commit_seqno=308533 nstreams_done_=9500 config.nstreams=20000 avg_latency=0.7554 ms avg throuhgput (requests/sec) = 85.5639 res=false
*==== INFO ====* req_id_count= 10000 stream_id=39996 latency=0.680102 ms (tx_ts=161256736012391, rx_ts=161256736692493) request_id=324835 zil_blk_id=39996 ccf_commit_seqno=324835 nstreams_done_=10000 config.nstreams=20000 avg_latency=0.7552 ms avg throuhgput (requests/sec) = 85.5662 res=false
*==== INFO ====* req_id_count= 10500 stream_id=41996 latency=0.732400 ms (tx_ts=161262568306798, rx_ts=161262569039198) request_id=341134 zil_blk_id=41996 ccf_commit_seqno=341134 nstreams_done_=10500 config.nstreams=20000 avg_latency=0.7551 ms avg throuhgput (requests/sec) = 85.5739 res=false
*==== INFO ====* req_id_count= 11000 stream_id=43996 latency=0.678139 ms (tx_ts=161268404053089, rx_ts=161268404731228) request_id=357412 zil_blk_id=43996 ccf_commit_seqno=357412 nstreams_done_=11000 config.nstreams=20000 avg_latency=0.7546 ms avg throuhgput (requests/sec) = 85.5787 res=false
*==== INFO ====* req_id_count= 11500 stream_id=45996 latency=0.874626 ms (tx_ts=161274221670575, rx_ts=161274222545201) request_id=373648 zil_blk_id=45996 ccf_commit_seqno=373649 nstreams_done_=11500 config.nstreams=20000 avg_latency=0.7543 ms avg throuhgput (requests/sec) = 85.5945 res=false
*==== INFO ====* req_id_count= 12000 stream_id=47996 latency=0.649525 ms (tx_ts=161280063943283, rx_ts=161280064592808) request_id=389891 zil_blk_id=47996 ccf_commit_seqno=389891 nstreams_done_=12000 config.nstreams=20000 avg_latency=0.7553 ms avg throuhgput (requests/sec) = 85.5942 res=false
*==== INFO ====* req_id_count= 12500 stream_id=49996 latency=0.639275 ms (tx_ts=161285894624939, rx_ts=161285895264214) request_id=406098 zil_blk_id=49996 ccf_commit_seqno=406098 nstreams_done_=12500 config.nstreams=20000 avg_latency=0.7554 ms avg throuhgput (requests/sec) = 85.6005 res=false
*==== INFO ====* req_id_count= 13000 stream_id=51996 latency=0.645728 ms (tx_ts=161291723590082, rx_ts=161291724235810) request_id=422296 zil_blk_id=51996 ccf_commit_seqno=422296 nstreams_done_=13000 config.nstreams=20000 avg_latency=0.7555 ms avg throuhgput (requests/sec) = 85.6074 res=false
*==== INFO ====* req_id_count= 13500 stream_id=53996 latency=0.682738 ms (tx_ts=161297550829985, rx_ts=161297551512723) request_id=438474 zil_blk_id=53996 ccf_commit_seqno=438474 nstreams_done_=13500 config.nstreams=20000 avg_latency=0.7559 ms avg throuhgput (requests/sec) = 85.6146 res=false
*==== INFO ====* req_id_count= 14000 stream_id=55996 latency=0.823510 ms (tx_ts=161303380211993, rx_ts=161303381035503) request_id=454641 zil_blk_id=55996 ccf_commit_seqno=454643 nstreams_done_=14000 config.nstreams=20000 avg_latency=0.7555 ms avg throuhgput (requests/sec) = 85.6202 res=false
*==== INFO ====* req_id_count= 14500 stream_id=57996 latency=0.942302 ms (tx_ts=161309228393877, rx_ts=161309229336179) request_id=470856 zil_blk_id=57996 ccf_commit_seqno=470856 nstreams_done_=14500 config.nstreams=20000 avg_latency=0.7557 ms avg throuhgput (requests/sec) = 85.6158 res=false
*==== INFO ====* req_id_count= 15000 stream_id=59996 latency=0.827297 ms (tx_ts=161315045661209, rx_ts=161315046488506) request_id=487003 zil_blk_id=59996 ccf_commit_seqno=487004 nstreams_done_=15000 config.nstreams=20000 avg_latency=0.7556 ms avg throuhgput (requests/sec) = 85.6270 res=false
*==== INFO ====* req_id_count= 15500 stream_id=61996 latency=0.910012 ms (tx_ts=161320899192826, rx_ts=161320900102838) request_id=503225 zil_blk_id=61996 ccf_commit_seqno=503225 nstreams_done_=15500 config.nstreams=20000 avg_latency=0.7569 ms avg throuhgput (requests/sec) = 85.6202 res=false
*==== INFO ====* req_id_count= 16000 stream_id=63996 latency=0.895424 ms (tx_ts=161326733805978, rx_ts=161326734701402) request_id=519310 zil_blk_id=63996 ccf_commit_seqno=519311 nstreams_done_=16000 config.nstreams=20000 avg_latency=0.7578 ms avg throuhgput (requests/sec) = 85.6226 res=false
*==== INFO ====* req_id_count= 16500 stream_id=65996 latency=0.863726 ms (tx_ts=161332569366453, rx_ts=161332570230179) request_id=535469 zil_blk_id=65996 ccf_commit_seqno=535470 nstreams_done_=16500 config.nstreams=20000 avg_latency=0.7586 ms avg throuhgput (requests/sec) = 85.6244 res=false
*==== INFO ====* req_id_count= 17000 stream_id=67996 latency=0.802982 ms (tx_ts=161338395304201, rx_ts=161338396107183) request_id=551653 zil_blk_id=67996 ccf_commit_seqno=551653 nstreams_done_=17000 config.nstreams=20000 avg_latency=0.7586 ms avg throuhgput (requests/sec) = 85.6303 res=false
*==== INFO ====* req_id_count= 17500 stream_id=69996 latency=0.648463 ms (tx_ts=161344233325469, rx_ts=161344233973932) request_id=567849 zil_blk_id=69996 ccf_commit_seqno=567849 nstreams_done_=17500 config.nstreams=20000 avg_latency=0.7593 ms avg throuhgput (requests/sec) = 85.6308 res=false
*==== INFO ====* req_id_count= 18000 stream_id=71996 latency=0.939897 ms (tx_ts=161350066096613, rx_ts=161350067036510) request_id=584043 zil_blk_id=71996 ccf_commit_seqno=584044 nstreams_done_=18000 config.nstreams=20000 avg_latency=0.7596 ms avg throuhgput (requests/sec) = 85.6332 res=false
*==== INFO ====* req_id_count= 18500 stream_id=73996 latency=0.855046 ms (tx_ts=161355921881004, rx_ts=161355922736050) request_id=600304 zil_blk_id=73996 ccf_commit_seqno=600305 nstreams_done_=18500 config.nstreams=20000 avg_latency=0.7605 ms avg throuhgput (requests/sec) = 85.6265 res=false
*==== INFO ====* req_id_count= 19000 stream_id=75996 latency=0.742248 ms (tx_ts=161361760209604, rx_ts=161361760951852) request_id=616234 zil_blk_id=75996 ccf_commit_seqno=616235 nstreams_done_=19000 config.nstreams=20000 avg_latency=0.7609 ms avg throuhgput (requests/sec) = 85.6269 res=false
*==== INFO ====* req_id_count= 19500 stream_id=77996 latency=0.646670 ms (tx_ts=161367613294038, rx_ts=161367613940708) request_id=628994 zil_blk_id=77996 ccf_commit_seqno=628994 nstreams_done_=19500 config.nstreams=20000 avg_latency=0.7603 ms avg throuhgput (requests/sec) = 85.6218 res=false
*==== INFO ====* http_end_stream ALL streams done! nstreams_done_=20000 avg_latency=0.7593 msreq_id_count= 20000
*==== INFO ====* req_id_count= 20000 stream_id=79996 latency=0.648704 ms (tx_ts=161373538476380, rx_ts=161373539125084) request_id=638581 zil_blk_id=79996 ccf_commit_seqno=638581 nstreams_done_=20000 config.nstreams=20000 avg_latency=0.7593 ms avg throuhgput (requests/sec) = 85.5904 res=true
