Uniform: 563625 927433 322058 227656 913120 
Exponential: -2147483648 -2147483648 -2147483648 -2147483648 -2147483648 
Truncated Normal: 328927 895186 562559 440031 195551 
*==== INFO ====* req_id_count= 500 stream_id=1996 latency=0.600694 ms (tx_ts=161145595265942, rx_ts=161145595866636) request_id=15536 zil_blk_id=1996 ccf_commit_seqno=15536 nstreams_done_=500 config.nstreams=20000 avg_latency=0.7268 ms avg throuhgput (requests/sec) = 87.2237 res=false
*==== INFO ====* req_id_count= 1000 stream_id=3996 latency=0.576518 ms (tx_ts=161151405298214, rx_ts=161151405874732) request_id=31649 zil_blk_id=3996 ccf_commit_seqno=31649 nstreams_done_=1000 config.nstreams=20000 avg_latency=0.7147 ms avg throuhgput (requests/sec) = 86.6371 res=false
*==== INFO ====* req_id_count= 1500 stream_id=5996 latency=0.737059 ms (tx_ts=161157235550909, rx_ts=161157236287968) request_id=47864 zil_blk_id=5996 ccf_commit_seqno=47864 nstreams_done_=1500 config.nstreams=20000 avg_latency=0.7176 ms avg throuhgput (requests/sec) = 86.3418 res=false
*==== INFO ====* req_id_count= 2000 stream_id=7996 latency=0.567863 ms (tx_ts=161163066670242, rx_ts=161163067238105) request_id=64120 zil_blk_id=7996 ccf_commit_seqno=64120 nstreams_done_=2000 config.nstreams=20000 avg_latency=0.7195 ms avg throuhgput (requests/sec) = 86.1929 res=false
*==== INFO ====* req_id_count= 2500 stream_id=9996 latency=0.597208 ms (tx_ts=161168879727912, rx_ts=161168880325120) request_id=80269 zil_blk_id=9996 ccf_commit_seqno=80269 nstreams_done_=2500 config.nstreams=20000 avg_latency=0.7168 ms avg throuhgput (requests/sec) = 86.1568 res=false
*==== INFO ====* req_id_count= 3000 stream_id=11996 latency=0.703266 ms (tx_ts=161174683184510, rx_ts=161174683887776) request_id=96430 zil_blk_id=11996 ccf_commit_seqno=96432 nstreams_done_=3000 config.nstreams=20000 avg_latency=0.7100 ms avg throuhgput (requests/sec) = 86.1564 res=false
*==== INFO ====* req_id_count= 3500 stream_id=13996 latency=0.638034 ms (tx_ts=161180503047016, rx_ts=161180503685050) request_id=112654 zil_blk_id=13996 ccf_commit_seqno=112654 nstreams_done_=3500 config.nstreams=20000 avg_latency=0.7063 ms avg throuhgput (requests/sec) = 86.1216 res=false
*==== INFO ====* req_id_count= 4000 stream_id=15996 latency=0.700520 ms (tx_ts=161186301743662, rx_ts=161186302444182) request_id=128851 zil_blk_id=15996 ccf_commit_seqno=128851 nstreams_done_=4000 config.nstreams=20000 avg_latency=0.7021 ms avg throuhgput (requests/sec) = 86.1346 res=false
*==== INFO ====* req_id_count= 4500 stream_id=17996 latency=0.586558 ms (tx_ts=161192109359615, rx_ts=161192109946173) request_id=145042 zil_blk_id=17996 ccf_commit_seqno=145042 nstreams_done_=4500 config.nstreams=20000 avg_latency=0.6973 ms avg throuhgput (requests/sec) = 86.1302 res=false
*==== INFO ====* req_id_count= 5000 stream_id=19996 latency=0.670664 ms (tx_ts=161197925892851, rx_ts=161197926563515) request_id=161257 zil_blk_id=19996 ccf_commit_seqno=161257 nstreams_done_=5000 config.nstreams=20000 avg_latency=0.6968 ms avg throuhgput (requests/sec) = 86.1132 res=false
*==== INFO ====* req_id_count= 5500 stream_id=21996 latency=0.679129 ms (tx_ts=161203739174521, rx_ts=161203739853650) request_id=177442 zil_blk_id=21996 ccf_commit_seqno=177442 nstreams_done_=5500 config.nstreams=20000 avg_latency=0.6972 ms avg throuhgput (requests/sec) = 86.1038 res=false
*==== INFO ====* req_id_count= 6000 stream_id=23996 latency=0.727300 ms (tx_ts=161209580512893, rx_ts=161209581240193) request_id=193617 zil_blk_id=23996 ccf_commit_seqno=193617 nstreams_done_=6000 config.nstreams=20000 avg_latency=0.7029 ms avg throuhgput (requests/sec) = 86.0613 res=false
*==== INFO ====* req_id_count= 6500 stream_id=25996 latency=0.614219 ms (tx_ts=161215383307786, rx_ts=161215383922005) request_id=209698 zil_blk_id=25996 ccf_commit_seqno=209698 nstreams_done_=6500 config.nstreams=20000 avg_latency=0.7030 ms avg throuhgput (requests/sec) = 86.0694 res=false
*==== INFO ====* req_id_count= 7000 stream_id=27996 latency=0.608418 ms (tx_ts=161221176825341, rx_ts=161221177433759) request_id=225756 zil_blk_id=27996 ccf_commit_seqno=225756 nstreams_done_=7000 config.nstreams=20000 avg_latency=0.7013 ms avg throuhgput (requests/sec) = 86.0861 res=false
*==== INFO ====* req_id_count= 7500 stream_id=29996 latency=0.635632 ms (tx_ts=161227002970418, rx_ts=161227003606050) request_id=241936 zil_blk_id=29996 ccf_commit_seqno=241936 nstreams_done_=7500 config.nstreams=20000 avg_latency=0.7026 ms avg throuhgput (requests/sec) = 86.0683 res=false
*==== INFO ====* req_id_count= 8000 stream_id=31996 latency=0.640589 ms (tx_ts=161232816474746, rx_ts=161232817115335) request_id=258146 zil_blk_id=31996 ccf_commit_seqno=258146 nstreams_done_=8000 config.nstreams=20000 avg_latency=0.7018 ms avg throuhgput (requests/sec) = 86.0644 res=false
*==== INFO ====* req_id_count= 8500 stream_id=33996 latency=0.625360 ms (tx_ts=161238623887177, rx_ts=161238624512537) request_id=274312 zil_blk_id=33996 ccf_commit_seqno=274312 nstreams_done_=8500 config.nstreams=20000 avg_latency=0.7016 ms avg throuhgput (requests/sec) = 86.0663 res=false
*==== INFO ====* req_id_count= 9000 stream_id=35996 latency=0.641231 ms (tx_ts=161244438490864, rx_ts=161244439132095) request_id=290513 zil_blk_id=35996 ccf_commit_seqno=290513 nstreams_done_=9000 config.nstreams=20000 avg_latency=0.7008 ms avg throuhgput (requests/sec) = 86.0621 res=false
*==== INFO ====* req_id_count= 9500 stream_id=37996 latency=0.638234 ms (tx_ts=161250230509008, rx_ts=161250231147242) request_id=306680 zil_blk_id=37996 ccf_commit_seqno=306680 nstreams_done_=9500 config.nstreams=20000 avg_latency=0.7000 ms avg throuhgput (requests/sec) = 86.0759 res=false
*==== INFO ====* req_id_count= 10000 stream_id=39996 latency=0.601295 ms (tx_ts=161256058056490, rx_ts=161256058657785) request_id=322945 zil_blk_id=39996 ccf_commit_seqno=322945 nstreams_done_=10000 config.nstreams=20000 avg_latency=0.7007 ms avg throuhgput (requests/sec) = 86.0621 res=false
*==== INFO ====* req_id_count= 10500 stream_id=41996 latency=0.677107 ms (tx_ts=161261865976333, rx_ts=161261866653440) request_id=339173 zil_blk_id=41996 ccf_commit_seqno=339173 nstreams_done_=10500 config.nstreams=20000 avg_latency=0.6997 ms avg throuhgput (requests/sec) = 86.0633 res=false
*==== INFO ====* req_id_count= 11000 stream_id=43996 latency=0.636290 ms (tx_ts=161267674704402, rx_ts=161267675340692) request_id=355381 zil_blk_id=43996 ccf_commit_seqno=355381 nstreams_done_=11000 config.nstreams=20000 avg_latency=0.6994 ms avg throuhgput (requests/sec) = 86.0640 res=false
*==== INFO ====* req_id_count= 11500 stream_id=45996 latency=0.606224 ms (tx_ts=161273469990082, rx_ts=161273470596306) request_id=371560 zil_blk_id=45996 ccf_commit_seqno=371560 nstreams_done_=11500 config.nstreams=20000 avg_latency=0.6998 ms avg throuhgput (requests/sec) = 86.0733 res=false
*==== INFO ====* req_id_count= 12000 stream_id=47996 latency=0.657590 ms (tx_ts=161279294093572, rx_ts=161279294751162) request_id=387750 zil_blk_id=47996 ccf_commit_seqno=387750 nstreams_done_=12000 config.nstreams=20000 avg_latency=0.7001 ms avg throuhgput (requests/sec) = 86.0639 res=false
*==== INFO ====* req_id_count= 12500 stream_id=49996 latency=0.576869 ms (tx_ts=161285102256746, rx_ts=161285102833615) request_id=403895 zil_blk_id=49996 ccf_commit_seqno=403895 nstreams_done_=12500 config.nstreams=20000 avg_latency=0.7002 ms avg throuhgput (requests/sec) = 86.0648 res=false
*==== INFO ====* req_id_count= 13000 stream_id=51996 latency=0.668440 ms (tx_ts=161290900555880, rx_ts=161290901224320) request_id=420008 zil_blk_id=51996 ccf_commit_seqno=420008 nstreams_done_=13000 config.nstreams=20000 avg_latency=0.6994 ms avg throuhgput (requests/sec) = 86.0712 res=false
*==== INFO ====* req_id_count= 13500 stream_id=53996 latency=0.595264 ms (tx_ts=161296705023198, rx_ts=161296705618462) request_id=436123 zil_blk_id=53996 ccf_commit_seqno=436123 nstreams_done_=13500 config.nstreams=20000 avg_latency=0.7002 ms avg throuhgput (requests/sec) = 86.0738 res=false
*==== INFO ====* req_id_count= 14000 stream_id=55996 latency=0.759010 ms (tx_ts=161302485501719, rx_ts=161302486260729) request_id=452166 zil_blk_id=55996 ccf_commit_seqno=452166 nstreams_done_=14000 config.nstreams=20000 avg_latency=0.6998 ms avg throuhgput (requests/sec) = 86.0888 res=false
*==== INFO ====* req_id_count= 14500 stream_id=57996 latency=0.635052 ms (tx_ts=161308319047872, rx_ts=161308319682924) request_id=468330 zil_blk_id=57996 ccf_commit_seqno=468330 nstreams_done_=14500 config.nstreams=20000 avg_latency=0.7007 ms avg throuhgput (requests/sec) = 86.0758 res=false
*==== INFO ====* req_id_count= 15000 stream_id=59996 latency=0.587368 ms (tx_ts=161314110534561, rx_ts=161314111121929) request_id=484408 zil_blk_id=59996 ccf_commit_seqno=484408 nstreams_done_=15000 config.nstreams=20000 avg_latency=0.7005 ms avg throuhgput (requests/sec) = 86.0844 res=false
*==== INFO ====* req_id_count= 15500 stream_id=61996 latency=0.635588 ms (tx_ts=161319919339358, rx_ts=161319919974946) request_id=500510 zil_blk_id=61996 ccf_commit_seqno=500511 nstreams_done_=15500 config.nstreams=20000 avg_latency=0.7001 ms avg throuhgput (requests/sec) = 86.0841 res=false
*==== INFO ====* req_id_count= 16000 stream_id=63996 latency=0.604791 ms (tx_ts=161325734226945, rx_ts=161325734831736) request_id=516548 zil_blk_id=63996 ccf_commit_seqno=516548 nstreams_done_=16000 config.nstreams=20000 avg_latency=0.7005 ms avg throuhgput (requests/sec) = 86.0810 res=false
*==== INFO ====* req_id_count= 16500 stream_id=65996 latency=0.694219 ms (tx_ts=161331522359771, rx_ts=161331523053990) request_id=532570 zil_blk_id=65996 ccf_commit_seqno=532570 nstreams_done_=16500 config.nstreams=20000 avg_latency=0.7000 ms avg throuhgput (requests/sec) = 86.0901 res=false
*==== INFO ====* req_id_count= 17000 stream_id=67996 latency=0.577220 ms (tx_ts=161337308612896, rx_ts=161337309190116) request_id=548643 zil_blk_id=67996 ccf_commit_seqno=548643 nstreams_done_=17000 config.nstreams=20000 avg_latency=0.6995 ms avg throuhgput (requests/sec) = 86.0996 res=false
*==== INFO ====* req_id_count= 17500 stream_id=69996 latency=0.624037 ms (tx_ts=161343121256922, rx_ts=161343121880959) request_id=564764 zil_blk_id=69996 ccf_commit_seqno=564764 nstreams_done_=17500 config.nstreams=20000 avg_latency=0.7004 ms avg throuhgput (requests/sec) = 86.0973 res=false
*==== INFO ====* req_id_count= 18000 stream_id=71996 latency=0.609770 ms (tx_ts=161348924223367, rx_ts=161348924833137) request_id=580867 zil_blk_id=71996 ccf_commit_seqno=580867 nstreams_done_=18000 config.nstreams=20000 avg_latency=0.7000 ms avg throuhgput (requests/sec) = 86.0991 res=false
*==== INFO ====* req_id_count= 18500 stream_id=73996 latency=0.785740 ms (tx_ts=161354709391482, rx_ts=161354710177222) request_id=596938 zil_blk_id=73996 ccf_commit_seqno=596939 nstreams_done_=18500 config.nstreams=20000 avg_latency=0.6999 ms avg throuhgput (requests/sec) = 86.1079 res=false
*==== INFO ====* req_id_count= 19000 stream_id=75996 latency=0.667839 ms (tx_ts=161360535768172, rx_ts=161360536436011) request_id=612968 zil_blk_id=75996 ccf_commit_seqno=612968 nstreams_done_=19000 config.nstreams=20000 avg_latency=0.6997 ms avg throuhgput (requests/sec) = 86.1003 res=false
*==== INFO ====* req_id_count= 19500 stream_id=77996 latency=0.690782 ms (tx_ts=161366360706846, rx_ts=161366361397628) request_id=626770 zil_blk_id=77996 ccf_commit_seqno=626770 nstreams_done_=19500 config.nstreams=20000 avg_latency=0.6999 ms avg throuhgput (requests/sec) = 86.0935 res=false
*==== INFO ====* http_end_stream ALL streams done! nstreams_done_=20000 avg_latency=0.6995 msreq_id_count= 20000
*==== INFO ====* req_id_count= 20000 stream_id=79996 latency=0.586427 ms (tx_ts=161372259611269, rx_ts=161372260197696) request_id=636803 zil_blk_id=79996 ccf_commit_seqno=636803 nstreams_done_=20000 config.nstreams=20000 avg_latency=0.6995 ms avg throuhgput (requests/sec) = 86.0597 res=true
