Uniform: 388926 840257 713098 479720 703154 
Exponential: -2147483648 -2147483648 -2147483648 -2147483648 -2147483648 
Truncated Normal: 708707 196811 703200 667036 206261 
*==== INFO ====* req_id_count= 500 stream_id=1996 latency=0.437999 ms (tx_ts=161150311810814, rx_ts=161150312248813) request_id=28626 zil_blk_id=5133 ccf_commit_seqno=28626 nstreams_done_=500 config.nstreams=20000 avg_latency=0.6037 ms avg throuhgput (requests/sec) = 91.5447 res=false
*==== INFO ====* req_id_count= 1000 stream_id=3996 latency=0.751376 ms (tx_ts=161155780035096, rx_ts=161155780786472) request_id=43811 zil_blk_id=10260 ccf_commit_seqno=43813 nstreams_done_=1000 config.nstreams=20000 avg_latency=0.5999 ms avg throuhgput (requests/sec) = 91.4884 res=false
*==== INFO ====* req_id_count= 1500 stream_id=5996 latency=1.512270 ms (tx_ts=161161246487013, rx_ts=161161247999283) request_id=59041 zil_blk_id=15388 ccf_commit_seqno=59041 nstreams_done_=1500 config.nstreams=20000 avg_latency=0.5976 ms avg throuhgput (requests/sec) = 91.4770 res=false
*==== INFO ====* req_id_count= 2000 stream_id=7996 latency=0.507230 ms (tx_ts=161166754944574, rx_ts=161166755451804) request_id=74377 zil_blk_id=20555 ccf_commit_seqno=74377 nstreams_done_=2000 config.nstreams=20000 avg_latency=0.6076 ms avg throuhgput (requests/sec) = 91.3033 res=false
*==== INFO ====* req_id_count= 2500 stream_id=9996 latency=0.756124 ms (tx_ts=161172238460875, rx_ts=161172239216999) request_id=89624 zil_blk_id=25700 ccf_commit_seqno=89626 nstreams_done_=2500 config.nstreams=20000 avg_latency=0.6082 ms avg throuhgput (requests/sec) = 91.2782 res=false
*==== INFO ====* req_id_count= 3000 stream_id=11996 latency=0.524702 ms (tx_ts=161177714108503, rx_ts=161177714633205) request_id=104869 zil_blk_id=30837 ccf_commit_seqno=104869 nstreams_done_=3000 config.nstreams=20000 avg_latency=0.6088 ms avg throuhgput (requests/sec) = 91.2847 res=false
*==== INFO ====* req_id_count= 3500 stream_id=13996 latency=0.482964 ms (tx_ts=161183164036792, rx_ts=161183164519756) request_id=120092 zil_blk_id=35946 ccf_commit_seqno=120092 nstreams_done_=3500 config.nstreams=20000 avg_latency=0.6024 ms avg throuhgput (requests/sec) = 91.3502 res=false
*==== INFO ====* req_id_count= 4000 stream_id=15996 latency=0.842561 ms (tx_ts=161188639316723, rx_ts=161188640159284) request_id=135378 zil_blk_id=41081 ccf_commit_seqno=135379 nstreams_done_=4000 config.nstreams=20000 avg_latency=0.6033 ms avg throuhgput (requests/sec) = 91.3456 res=false
*==== INFO ====* req_id_count= 4500 stream_id=17996 latency=0.450804 ms (tx_ts=161194113927704, rx_ts=161194114378508) request_id=150620 zil_blk_id=46216 ccf_commit_seqno=150620 nstreams_done_=4500 config.nstreams=20000 avg_latency=0.6030 ms avg throuhgput (requests/sec) = 91.3447 res=false
*==== INFO ====* req_id_count= 5000 stream_id=19996 latency=0.497850 ms (tx_ts=161199598459738, rx_ts=161199598957588) request_id=165915 zil_blk_id=51360 ccf_commit_seqno=165915 nstreams_done_=5000 config.nstreams=20000 avg_latency=0.6036 ms avg throuhgput (requests/sec) = 91.3267 res=false
*==== INFO ====* req_id_count= 5500 stream_id=21996 latency=0.489896 ms (tx_ts=161205073723291, rx_ts=161205074213187) request_id=181148 zil_blk_id=56498 ccf_commit_seqno=181148 nstreams_done_=5500 config.nstreams=20000 avg_latency=0.6038 ms avg throuhgput (requests/sec) = 91.3261 res=false
*==== INFO ====* req_id_count= 6000 stream_id=23996 latency=0.594181 ms (tx_ts=161210765693211, rx_ts=161210766287392) request_id=196895 zil_blk_id=61840 ccf_commit_seqno=196895 nstreams_done_=6000 config.nstreams=20000 avg_latency=0.6015 ms avg throuhgput (requests/sec) = 91.0251 res=false
*==== INFO ====* req_id_count= 6500 stream_id=25996 latency=0.480089 ms (tx_ts=161216525835595, rx_ts=161216526315684) request_id=212858 zil_blk_id=67244 ccf_commit_seqno=212858 nstreams_done_=6500 config.nstreams=20000 avg_latency=0.5997 ms avg throuhgput (requests/sec) = 90.6860 res=false
*==== INFO ====* req_id_count= 7000 stream_id=27996 latency=0.476873 ms (tx_ts=161222286474394, rx_ts=161222286951267) request_id=228828 zil_blk_id=72650 ccf_commit_seqno=228828 nstreams_done_=7000 config.nstreams=20000 avg_latency=0.5959 ms avg throuhgput (requests/sec) = 90.3966 res=false
*==== INFO ====* req_id_count= 7500 stream_id=29996 latency=0.681678 ms (tx_ts=161228058684912, rx_ts=161228059366590) request_id=244879 zil_blk_id=78066 ccf_commit_seqno=244879 nstreams_done_=7500 config.nstreams=20000 avg_latency=0.5936 ms avg throuhgput (requests/sec) = 90.1346 res=false
*==== INFO ====* req_id_count= 8000 stream_id=31996 latency=0.516596 ms (tx_ts=161233826297784, rx_ts=161233826814380) request_id=260948 zil_blk_id=83475 ccf_commit_seqno=260948 nstreams_done_=8000 config.nstreams=20000 avg_latency=0.5928 ms avg throuhgput (requests/sec) = 89.9115 res=false
*==== INFO ====* req_id_count= 8500 stream_id=33996 latency=0.486080 ms (tx_ts=161239548758081, rx_ts=161239549244161) request_id=276887 zil_blk_id=88843 ccf_commit_seqno=276887 nstreams_done_=8500 config.nstreams=20000 avg_latency=0.5918 ms avg throuhgput (requests/sec) = 89.7583 res=false
*==== INFO ====* req_id_count= 9000 stream_id=35996 latency=1.738591 ms (tx_ts=161245020859750, rx_ts=161245022598341) request_id=292132 zil_blk_id=93976 ccf_commit_seqno=292132 nstreams_done_=9000 config.nstreams=20000 avg_latency=0.5926 ms avg throuhgput (requests/sec) = 89.8453 res=false
*==== INFO ====* req_id_count= 9500 stream_id=37996 latency=0.472665 ms (tx_ts=161250499213908, rx_ts=161250499686573) request_id=307429 zil_blk_id=99115 ccf_commit_seqno=307429 nstreams_done_=9500 config.nstreams=20000 avg_latency=0.5934 ms avg throuhgput (requests/sec) = 89.9202 res=false
*==== INFO ====* req_id_count= 10000 stream_id=39996 latency=0.732200 ms (tx_ts=161255965486165, rx_ts=161255966218365) request_id=322693 zil_blk_id=104241 ccf_commit_seqno=322694 nstreams_done_=10000 config.nstreams=20000 avg_latency=0.5934 ms avg throuhgput (requests/sec) = 89.9962 res=false
*==== INFO ====* req_id_count= 10500 stream_id=41996 latency=1.371646 ms (tx_ts=161261443387210, rx_ts=161261444758856) request_id=337994 zil_blk_id=109378 ccf_commit_seqno=337994 nstreams_done_=10500 config.nstreams=20000 avg_latency=0.5941 ms avg throuhgput (requests/sec) = 90.0558 res=false
*==== INFO ====* req_id_count= 11000 stream_id=43996 latency=0.493483 ms (tx_ts=161266923965434, rx_ts=161266924458917) request_id=353293 zil_blk_id=114521 ccf_commit_seqno=353293 nstreams_done_=11000 config.nstreams=20000 avg_latency=0.5951 ms avg throuhgput (requests/sec) = 90.1093 res=false
*==== INFO ====* req_id_count= 11500 stream_id=45996 latency=0.512289 ms (tx_ts=161272410908367, rx_ts=161272411420656) request_id=368600 zil_blk_id=119670 ccf_commit_seqno=368600 nstreams_done_=11500 config.nstreams=20000 avg_latency=0.5961 ms avg throuhgput (requests/sec) = 90.1530 res=false
*==== INFO ====* req_id_count= 12000 stream_id=47996 latency=0.456184 ms (tx_ts=161277875572349, rx_ts=161277876028533) request_id=383818 zil_blk_id=124802 ccf_commit_seqno=383818 nstreams_done_=12000 config.nstreams=20000 avg_latency=0.5957 ms avg throuhgput (requests/sec) = 90.2082 res=false
*==== INFO ====* req_id_count= 12500 stream_id=49996 latency=0.517538 ms (tx_ts=161283368149167, rx_ts=161283368666705) request_id=399065 zil_blk_id=129952 ccf_commit_seqno=399065 nstreams_done_=12500 config.nstreams=20000 avg_latency=0.5972 ms avg throuhgput (requests/sec) = 90.2408 res=false
*==== INFO ====* req_id_count= 13000 stream_id=51996 latency=0.585935 ms (tx_ts=161288849894810, rx_ts=161288850480745) request_id=414309 zil_blk_id=135093 ccf_commit_seqno=414309 nstreams_done_=13000 config.nstreams=20000 avg_latency=0.5981 ms avg throuhgput (requests/sec) = 90.2777 res=false
*==== INFO ====* req_id_count= 13500 stream_id=53996 latency=0.590555 ms (tx_ts=161294324496171, rx_ts=161294325086726) request_id=429507 zil_blk_id=140220 ccf_commit_seqno=429508 nstreams_done_=13500 config.nstreams=20000 avg_latency=0.5980 ms avg throuhgput (requests/sec) = 90.3163 res=false
*==== INFO ====* req_id_count= 14000 stream_id=55996 latency=0.513560 ms (tx_ts=161299791139392, rx_ts=161299791652952) request_id=444680 zil_blk_id=145339 ccf_commit_seqno=444680 nstreams_done_=14000 config.nstreams=20000 avg_latency=0.5977 ms avg throuhgput (requests/sec) = 90.3568 res=false
*==== INFO ====* req_id_count= 14500 stream_id=57996 latency=0.577640 ms (tx_ts=161305277645519, rx_ts=161305278223159) request_id=459900 zil_blk_id=150468 ccf_commit_seqno=459901 nstreams_done_=14500 config.nstreams=20000 avg_latency=0.5987 ms avg throuhgput (requests/sec) = 90.3833 res=false
*==== INFO ====* req_id_count= 15000 stream_id=59996 latency=0.579057 ms (tx_ts=161310751586705, rx_ts=161310752165762) request_id=475079 zil_blk_id=155593 ccf_commit_seqno=475079 nstreams_done_=15000 config.nstreams=20000 avg_latency=0.5990 ms avg throuhgput (requests/sec) = 90.4150 res=false
*==== INFO ====* req_id_count= 15500 stream_id=61996 latency=0.486940 ms (tx_ts=161316225603607, rx_ts=161316226090547) request_id=490269 zil_blk_id=160716 ccf_commit_seqno=490269 nstreams_done_=15500 config.nstreams=20000 avg_latency=0.5991 ms avg throuhgput (requests/sec) = 90.4446 res=false
*==== INFO ====* req_id_count= 16000 stream_id=63996 latency=0.610472 ms (tx_ts=161321694549592, rx_ts=161321695160064) request_id=505436 zil_blk_id=165838 ccf_commit_seqno=505437 nstreams_done_=16000 config.nstreams=20000 avg_latency=0.5990 ms avg throuhgput (requests/sec) = 90.4749 res=false
*==== INFO ====* req_id_count= 16500 stream_id=65996 latency=0.611874 ms (tx_ts=161327282356083, rx_ts=161327282967957) request_id=520834 zil_blk_id=171072 ccf_commit_seqno=520834 nstreams_done_=16500 config.nstreams=20000 avg_latency=0.5995 ms avg throuhgput (requests/sec) = 90.4444 res=false
*==== INFO ====* req_id_count= 17000 stream_id=67996 latency=0.728713 ms (tx_ts=161332763179017, rx_ts=161332763907730) request_id=536006 zil_blk_id=176202 ccf_commit_seqno=536006 nstreams_done_=17000 config.nstreams=20000 avg_latency=0.5996 ms avg throuhgput (requests/sec) = 90.4672 res=false
*==== INFO ====* req_id_count= 17500 stream_id=69996 latency=0.592628 ms (tx_ts=161338230364267, rx_ts=161338230956895) request_id=551194 zil_blk_id=181326 ccf_commit_seqno=551194 nstreams_done_=17500 config.nstreams=20000 avg_latency=0.5994 ms avg throuhgput (requests/sec) = 90.4952 res=false
*==== INFO ====* req_id_count= 18000 stream_id=71996 latency=0.605532 ms (tx_ts=161343773595948, rx_ts=161343774201480) request_id=566575 zil_blk_id=186513 ccf_commit_seqno=566575 nstreams_done_=18000 config.nstreams=20000 avg_latency=0.5999 ms avg throuhgput (requests/sec) = 90.4869 res=false
*==== INFO ====* req_id_count= 18500 stream_id=73996 latency=0.540802 ms (tx_ts=161349254017110, rx_ts=161349254557912) request_id=581781 zil_blk_id=191650 ccf_commit_seqno=581781 nstreams_done_=18500 config.nstreams=20000 avg_latency=0.6002 ms avg throuhgput (requests/sec) = 90.5070 res=false
*==== INFO ====* req_id_count= 19000 stream_id=75996 latency=0.493593 ms (tx_ts=161354742953767, rx_ts=161354743447360) request_id=597034 zil_blk_id=196798 ccf_commit_seqno=597034 nstreams_done_=19000 config.nstreams=20000 avg_latency=0.6011 ms avg throuhgput (requests/sec) = 90.5223 res=false
*==== INFO ====* req_id_count= 19500 stream_id=77996 latency=0.600793 ms (tx_ts=161360222126845, rx_ts=161360222727638) request_id=612129 zil_blk_id=201931 ccf_commit_seqno=612130 nstreams_done_=19500 config.nstreams=20000 avg_latency=0.6012 ms avg throuhgput (requests/sec) = 90.5409 res=false
*==== INFO ====* http_end_stream ALL streams done! nstreams_done_=20000 avg_latency=0.6007 msreq_id_count= 20000
*==== INFO ====* req_id_count= 20000 stream_id=79996 latency=0.631321 ms (tx_ts=161365683014046, rx_ts=161365683645367) request_id=625564 zil_blk_id=207048 ccf_commit_seqno=625565 nstreams_done_=20000 config.nstreams=20000 avg_latency=0.6007 ms avg throuhgput (requests/sec) = 90.5661 res=true
ngtcp2_conn_read_pkt: ERR_DRAINING
