Uniform: 296198 139566 688043 961341 297251 
Exponential: -2147483648 -2147483648 -2147483648 -2147483648 -2147483648 
Truncated Normal: 277626 245459 639375 712926 681350 
*==== INFO ====* req_id_count= 500 stream_id=1996 latency=0.773206 ms (tx_ts=161145531252569, rx_ts=161145532025775) request_id=15363 zil_blk_id=1996 ccf_commit_seqno=15363 nstreams_done_=500 config.nstreams=20000 avg_latency=0.7013 ms avg throuhgput (requests/sec) = 88.1274 res=false
*==== INFO ====* req_id_count= 1000 stream_id=3996 latency=0.610933 ms (tx_ts=161151350415151, rx_ts=161151351026084) request_id=31496 zil_blk_id=3996 ccf_commit_seqno=31496 nstreams_done_=1000 config.nstreams=20000 avg_latency=0.6934 ms avg throuhgput (requests/sec) = 87.0125 res=false
*==== INFO ====* req_id_count= 1500 stream_id=5996 latency=0.551071 ms (tx_ts=161156885676010, rx_ts=161156886227081) request_id=46890 zil_blk_id=5996 ccf_commit_seqno=46890 nstreams_done_=1500 config.nstreams=20000 avg_latency=0.6936 ms avg throuhgput (requests/sec) = 88.0912 res=false
*==== INFO ====* req_id_count= 2000 stream_id=7996 latency=0.747707 ms (tx_ts=161162411970244, rx_ts=161162412717951) request_id=62286 zil_blk_id=7996 ccf_commit_seqno=62288 nstreams_done_=2000 config.nstreams=20000 avg_latency=0.6931 ms avg throuhgput (requests/sec) = 88.6749 res=false
*==== INFO ====* req_id_count= 2500 stream_id=9996 latency=0.603329 ms (tx_ts=161167946863250, rx_ts=161167947466579) request_id=77676 zil_blk_id=9996 ccf_commit_seqno=77676 nstreams_done_=2500 config.nstreams=20000 avg_latency=0.6941 ms avg throuhgput (requests/sec) = 89.0027 res=false
*==== INFO ====* req_id_count= 3000 stream_id=11996 latency=0.671947 ms (tx_ts=161173477390402, rx_ts=161173478062349) request_id=93068 zil_blk_id=11996 ccf_commit_seqno=93068 nstreams_done_=3000 config.nstreams=20000 avg_latency=0.6940 ms avg throuhgput (requests/sec) = 89.2335 res=false
*==== INFO ====* req_id_count= 3500 stream_id=13996 latency=0.585576 ms (tx_ts=161178996091589, rx_ts=161178996677165) request_id=108448 zil_blk_id=13996 ccf_commit_seqno=108448 nstreams_done_=3500 config.nstreams=20000 avg_latency=0.6912 ms avg throuhgput (requests/sec) = 89.4266 res=false
*==== INFO ====* req_id_count= 4000 stream_id=15996 latency=0.750324 ms (tx_ts=161184519009050, rx_ts=161184519759374) request_id=123868 zil_blk_id=15996 ccf_commit_seqno=123868 nstreams_done_=4000 config.nstreams=20000 avg_latency=0.6896 ms avg throuhgput (requests/sec) = 89.5629 res=false
*==== INFO ====* req_id_count= 4500 stream_id=17996 latency=0.804786 ms (tx_ts=161190041213613, rx_ts=161190042018399) request_id=139277 zil_blk_id=17996 ccf_commit_seqno=139279 nstreams_done_=4500 config.nstreams=20000 avg_latency=0.6888 ms avg throuhgput (requests/sec) = 89.6707 res=false
*==== INFO ====* req_id_count= 5000 stream_id=19996 latency=0.567842 ms (tx_ts=161195575298415, rx_ts=161195575866257) request_id=154701 zil_blk_id=19996 ccf_commit_seqno=154701 nstreams_done_=5000 config.nstreams=20000 avg_latency=0.6902 ms avg throuhgput (requests/sec) = 89.7385 res=false
*==== INFO ====* req_id_count= 5500 stream_id=21996 latency=0.600924 ms (tx_ts=161201100787986, rx_ts=161201101388910) request_id=170093 zil_blk_id=21996 ccf_commit_seqno=170093 nstreams_done_=5500 config.nstreams=20000 avg_latency=0.6900 ms avg throuhgput (requests/sec) = 89.8062 res=false
*==== INFO ====* req_id_count= 6000 stream_id=23996 latency=0.522817 ms (tx_ts=161206623051284, rx_ts=161206623574101) request_id=185435 zil_blk_id=23996 ccf_commit_seqno=185435 nstreams_done_=6000 config.nstreams=20000 avg_latency=0.6890 ms avg throuhgput (requests/sec) = 89.8672 res=false
*==== INFO ====* req_id_count= 6500 stream_id=25996 latency=0.735375 ms (tx_ts=161212145220910, rx_ts=161212145956285) request_id=200717 zil_blk_id=25996 ccf_commit_seqno=200717 nstreams_done_=6500 config.nstreams=20000 avg_latency=0.6883 ms avg throuhgput (requests/sec) = 89.9187 res=false
*==== INFO ====* req_id_count= 7000 stream_id=27996 latency=0.593330 ms (tx_ts=161217785849797, rx_ts=161217786443127) request_id=216356 zil_blk_id=27996 ccf_commit_seqno=216356 nstreams_done_=7000 config.nstreams=20000 avg_latency=0.6873 ms avg throuhgput (requests/sec) = 89.8265 res=false
*==== INFO ====* req_id_count= 7500 stream_id=29996 latency=0.731900 ms (tx_ts=161223616359356, rx_ts=161223617091256) request_id=232512 zil_blk_id=29996 ccf_commit_seqno=232512 nstreams_done_=7500 config.nstreams=20000 avg_latency=0.6871 ms avg throuhgput (requests/sec) = 89.5430 res=false
*==== INFO ====* req_id_count= 8000 stream_id=31996 latency=0.714850 ms (tx_ts=161229320420020, rx_ts=161229321134870) request_id=248399 zil_blk_id=31996 ccf_commit_seqno=248400 nstreams_done_=8000 config.nstreams=20000 avg_latency=0.6880 ms avg throuhgput (requests/sec) = 89.4227 res=false
*==== INFO ====* req_id_count= 8500 stream_id=33996 latency=0.838168 ms (tx_ts=161234845414139, rx_ts=161234846252307) request_id=263771 zil_blk_id=33996 ccf_commit_seqno=263771 nstreams_done_=8500 config.nstreams=20000 avg_latency=0.6879 ms avg throuhgput (requests/sec) = 89.4851 res=false
*==== INFO ====* req_id_count= 9000 stream_id=35996 latency=0.557142 ms (tx_ts=161240363149894, rx_ts=161240363707036) request_id=279155 zil_blk_id=35996 ccf_commit_seqno=279155 nstreams_done_=9000 config.nstreams=20000 avg_latency=0.6868 ms avg throuhgput (requests/sec) = 89.5475 res=false
*==== INFO ====* req_id_count= 9500 stream_id=37996 latency=0.611905 ms (tx_ts=161245895331139, rx_ts=161245895943044) request_id=294562 zil_blk_id=37996 ccf_commit_seqno=294562 nstreams_done_=9500 config.nstreams=20000 avg_latency=0.6876 ms avg throuhgput (requests/sec) = 89.5909 res=false
*==== INFO ====* req_id_count= 10000 stream_id=39996 latency=0.573665 ms (tx_ts=161251440828094, rx_ts=161251441401759) request_id=310053 zil_blk_id=39996 ccf_commit_seqno=310053 nstreams_done_=10000 config.nstreams=20000 avg_latency=0.6887 ms avg throuhgput (requests/sec) = 89.6194 res=false
*==== INFO ====* req_id_count= 10500 stream_id=41996 latency=0.578742 ms (tx_ts=161256973137033, rx_ts=161256973715775) request_id=325499 zil_blk_id=41996 ccf_commit_seqno=325499 nstreams_done_=10500 config.nstreams=20000 avg_latency=0.6886 ms avg throuhgput (requests/sec) = 89.6552 res=false
*==== INFO ====* req_id_count= 11000 stream_id=43996 latency=0.784197 ms (tx_ts=161262492243422, rx_ts=161262493027619) request_id=340924 zil_blk_id=43996 ccf_commit_seqno=340925 nstreams_done_=11000 config.nstreams=20000 avg_latency=0.6878 ms avg throuhgput (requests/sec) = 89.6974 res=false
*==== INFO ====* req_id_count= 11500 stream_id=45996 latency=0.576518 ms (tx_ts=161268129814329, rx_ts=161268130390847) request_id=356649 zil_blk_id=45996 ccf_commit_seqno=356649 nstreams_done_=11500 config.nstreams=20000 avg_latency=0.6875 ms avg throuhgput (requests/sec) = 89.6533 res=false
*==== INFO ====* req_id_count= 12000 stream_id=47996 latency=0.772575 ms (tx_ts=161273957785454, rx_ts=161273958558029) request_id=372915 zil_blk_id=47996 ccf_commit_seqno=372916 nstreams_done_=12000 config.nstreams=20000 avg_latency=0.6868 ms avg throuhgput (requests/sec) = 89.4854 res=false
*==== INFO ====* req_id_count= 12500 stream_id=49996 latency=0.792201 ms (tx_ts=161279800144909, rx_ts=161279800937110) request_id=389162 zil_blk_id=49996 ccf_commit_seqno=389162 nstreams_done_=12500 config.nstreams=20000 avg_latency=0.6867 ms avg throuhgput (requests/sec) = 89.3224 res=false
*==== INFO ====* req_id_count= 13000 stream_id=51996 latency=0.605673 ms (tx_ts=161285645174693, rx_ts=161285645780366) request_id=405405 zil_blk_id=51996 ccf_commit_seqno=405405 nstreams_done_=13000 config.nstreams=20000 avg_latency=0.6864 ms avg throuhgput (requests/sec) = 89.1710 res=false
*==== INFO ====* req_id_count= 13500 stream_id=53996 latency=0.613717 ms (tx_ts=161291494445427, rx_ts=161291495059144) request_id=421664 zil_blk_id=53996 ccf_commit_seqno=421664 nstreams_done_=13500 config.nstreams=20000 avg_latency=0.6871 ms avg throuhgput (requests/sec) = 89.0286 res=false
*==== INFO ====* req_id_count= 14000 stream_id=55996 latency=0.567000 ms (tx_ts=161297322164534, rx_ts=161297322731534) request_id=437841 zil_blk_id=55996 ccf_commit_seqno=437841 nstreams_done_=14000 config.nstreams=20000 avg_latency=0.6867 ms avg throuhgput (requests/sec) = 88.9090 res=false
*==== INFO ====* req_id_count= 14500 stream_id=57996 latency=0.554137 ms (tx_ts=161303144917820, rx_ts=161303145471957) request_id=453992 zil_blk_id=57996 ccf_commit_seqno=453992 nstreams_done_=14500 config.nstreams=20000 avg_latency=0.6861 ms avg throuhgput (requests/sec) = 88.8007 res=false
*==== INFO ====* req_id_count= 15000 stream_id=59996 latency=0.630476 ms (tx_ts=161309005341082, rx_ts=161309005971558) request_id=470240 zil_blk_id=59996 ccf_commit_seqno=470240 nstreams_done_=15000 config.nstreams=20000 avg_latency=0.6864 ms avg throuhgput (requests/sec) = 88.6800 res=false
*==== INFO ====* req_id_count= 15500 stream_id=61996 latency=0.583240 ms (tx_ts=161314871032132, rx_ts=161314871615372) request_id=486520 zil_blk_id=61996 ccf_commit_seqno=486520 nstreams_done_=15500 config.nstreams=20000 avg_latency=0.6871 ms avg throuhgput (requests/sec) = 88.5648 res=false
*==== INFO ====* req_id_count= 16000 stream_id=63996 latency=0.810141 ms (tx_ts=161320712765689, rx_ts=161320713575830) request_id=502708 zil_blk_id=63996 ccf_commit_seqno=502708 nstreams_done_=16000 config.nstreams=20000 avg_latency=0.6869 ms avg throuhgput (requests/sec) = 88.4686 res=false
*==== INFO ====* req_id_count= 16500 stream_id=65996 latency=0.579102 ms (tx_ts=161326556284829, rx_ts=161326556863931) request_id=518822 zil_blk_id=65996 ccf_commit_seqno=518822 nstreams_done_=16500 config.nstreams=20000 avg_latency=0.6869 ms avg throuhgput (requests/sec) = 88.3778 res=false
*==== INFO ====* req_id_count= 17000 stream_id=67996 latency=0.578652 ms (tx_ts=161332105968430, rx_ts=161332106547082) request_id=534184 zil_blk_id=67996 ccf_commit_seqno=534184 nstreams_done_=17000 config.nstreams=20000 avg_latency=0.6876 ms avg throuhgput (requests/sec) = 88.4274 res=false
*==== INFO ====* req_id_count= 17500 stream_id=69996 latency=0.776121 ms (tx_ts=161337635825481, rx_ts=161337636601602) request_id=549548 zil_blk_id=69996 ccf_commit_seqno=549548 nstreams_done_=17500 config.nstreams=20000 avg_latency=0.6874 ms avg throuhgput (requests/sec) = 88.4830 res=false
*==== INFO ====* req_id_count= 18000 stream_id=71996 latency=0.573793 ms (tx_ts=161343192202339, rx_ts=161343192776132) request_id=564961 zil_blk_id=71996 ccf_commit_seqno=564961 nstreams_done_=18000 config.nstreams=20000 avg_latency=0.6874 ms avg throuhgput (requests/sec) = 88.5241 res=false
*==== INFO ====* req_id_count= 18500 stream_id=73996 latency=0.715308 ms (tx_ts=161349010234073, rx_ts=161349010949381) request_id=581104 zil_blk_id=73996 ccf_commit_seqno=581104 nstreams_done_=18500 config.nstreams=20000 avg_latency=0.6866 ms avg throuhgput (requests/sec) = 88.4522 res=false
*==== INFO ====* req_id_count= 19000 stream_id=75996 latency=0.563586 ms (tx_ts=161354732818386, rx_ts=161354733381972) request_id=597005 zil_blk_id=75996 ccf_commit_seqno=597005 nstreams_done_=19000 config.nstreams=20000 avg_latency=0.6869 ms avg throuhgput (requests/sec) = 88.4235 res=false
*==== INFO ====* req_id_count= 19500 stream_id=77996 latency=0.737460 ms (tx_ts=161360267122269, rx_ts=161360267859729) request_id=612251 zil_blk_id=77996 ccf_commit_seqno=612251 nstreams_done_=19500 config.nstreams=20000 avg_latency=0.6872 ms avg throuhgput (requests/sec) = 88.4717 res=false
*==== INFO ====* http_end_stream ALL streams done! nstreams_done_=20000 avg_latency=0.6870 msreq_id_count= 20000
*==== INFO ====* req_id_count= 20000 stream_id=79996 latency=0.561100 ms (tx_ts=161365792036026, rx_ts=161365792597126) request_id=625768 zil_blk_id=79996 ccf_commit_seqno=625768 nstreams_done_=20000 config.nstreams=20000 avg_latency=0.6870 ms avg throuhgput (requests/sec) = 88.5214 res=true
