Uniform: 495340 363691 747635 417977 401413 
Exponential: -2147483648 -2147483648 -2147483648 -2147483648 -2147483648 
Truncated Normal: 387810 650291 109618 255894 539075 
*==== INFO ====* req_id_count= 500 stream_id=1996 latency=0.706802 ms (tx_ts=161145724045707, rx_ts=161145724752509) request_id=15885 zil_blk_id=1996 ccf_commit_seqno=15885 nstreams_done_=500 config.nstreams=20000 avg_latency=0.7410 ms avg throuhgput (requests/sec) = 85.3294 res=false
*==== INFO ====* req_id_count= 1000 stream_id=3996 latency=0.658021 ms (tx_ts=161151612608883, rx_ts=161151613266904) request_id=32214 zil_blk_id=3996 ccf_commit_seqno=32214 nstreams_done_=1000 config.nstreams=20000 avg_latency=0.7452 ms avg throuhgput (requests/sec) = 85.1197 res=false
*==== INFO ====* req_id_count= 1500 stream_id=5996 latency=0.635540 ms (tx_ts=161157523305414, rx_ts=161157523940954) request_id=48660 zil_blk_id=5996 ccf_commit_seqno=48660 nstreams_done_=1500 config.nstreams=20000 avg_latency=0.7558 ms avg throuhgput (requests/sec) = 84.9433 res=false
*==== INFO ====* req_id_count= 2000 stream_id=7996 latency=0.621263 ms (tx_ts=161163426822121, rx_ts=161163427443384) request_id=65111 zil_blk_id=7996 ccf_commit_seqno=65111 nstreams_done_=2000 config.nstreams=20000 avg_latency=0.7573 ms avg throuhgput (requests/sec) = 84.8812 res=false
*==== INFO ====* req_id_count= 2500 stream_id=9996 latency=0.858196 ms (tx_ts=161169333176451, rx_ts=161169334034647) request_id=81530 zil_blk_id=9996 ccf_commit_seqno=81530 nstreams_done_=2500 config.nstreams=20000 avg_latency=0.7579 ms avg throuhgput (requests/sec) = 84.8351 res=false
*==== INFO ====* req_id_count= 3000 stream_id=11996 latency=0.609690 ms (tx_ts=161175224714114, rx_ts=161175225323804) request_id=97931 zil_blk_id=11996 ccf_commit_seqno=97931 nstreams_done_=3000 config.nstreams=20000 avg_latency=0.7580 ms avg throuhgput (requests/sec) = 84.8411 res=false
*==== INFO ====* req_id_count= 3500 stream_id=13996 latency=0.812941 ms (tx_ts=161181108212531, rx_ts=161181109025472) request_id=114337 zil_blk_id=13996 ccf_commit_seqno=114337 nstreams_done_=3500 config.nstreams=20000 avg_latency=0.7549 ms avg throuhgput (requests/sec) = 84.8610 res=false
*==== INFO ====* req_id_count= 4000 stream_id=15996 latency=0.699344 ms (tx_ts=161186993154129, rx_ts=161186993853473) request_id=130774 zil_blk_id=15996 ccf_commit_seqno=130774 nstreams_done_=4000 config.nstreams=20000 avg_latency=0.7534 ms avg throuhgput (requests/sec) = 84.8739 res=false
*==== INFO ====* req_id_count= 4500 stream_id=17996 latency=1.748991 ms (tx_ts=161192884465561, rx_ts=161192886214552) request_id=147199 zil_blk_id=17996 ccf_commit_seqno=147200 nstreams_done_=4500 config.nstreams=20000 avg_latency=0.7511 ms avg throuhgput (requests/sec) = 84.8719 res=false
*==== INFO ====* req_id_count= 5000 stream_id=19996 latency=0.621272 ms (tx_ts=161198757685097, rx_ts=161198758306369) request_id=163567 zil_blk_id=19996 ccf_commit_seqno=163567 nstreams_done_=5000 config.nstreams=20000 avg_latency=0.7498 ms avg throuhgput (requests/sec) = 84.8994 res=false
*==== INFO ====* req_id_count= 5500 stream_id=21996 latency=0.721937 ms (tx_ts=161204657707314, rx_ts=161204658429251) request_id=179992 zil_blk_id=21996 ccf_commit_seqno=179992 nstreams_done_=5500 config.nstreams=20000 avg_latency=0.7534 ms avg throuhgput (requests/sec) = 84.8853 res=false
*==== INFO ====* req_id_count= 6000 stream_id=23996 latency=0.673128 ms (tx_ts=161210600545266, rx_ts=161210601218394) request_id=196435 zil_blk_id=23996 ccf_commit_seqno=196435 nstreams_done_=6000 config.nstreams=20000 avg_latency=0.7597 ms avg throuhgput (requests/sec) = 84.8223 res=false
*==== INFO ====* req_id_count= 6500 stream_id=25996 latency=0.819623 ms (tx_ts=161216496252737, rx_ts=161216497072360) request_id=212777 zil_blk_id=25996 ccf_commit_seqno=212778 nstreams_done_=6500 config.nstreams=20000 avg_latency=0.7610 ms avg throuhgput (requests/sec) = 84.8210 res=false
*==== INFO ====* req_id_count= 7000 stream_id=27996 latency=0.630020 ms (tx_ts=161222393815223, rx_ts=161222394445243) request_id=229123 zil_blk_id=27996 ccf_commit_seqno=229123 nstreams_done_=7000 config.nstreams=20000 avg_latency=0.7610 ms avg throuhgput (requests/sec) = 84.8183 res=false
*==== INFO ====* req_id_count= 7500 stream_id=29996 latency=0.627857 ms (tx_ts=161228279556727, rx_ts=161228280184584) request_id=245494 zil_blk_id=29996 ccf_commit_seqno=245494 nstreams_done_=7500 config.nstreams=20000 avg_latency=0.7603 ms avg throuhgput (requests/sec) = 84.8272 res=false
*==== INFO ====* req_id_count= 8000 stream_id=31996 latency=0.812160 ms (tx_ts=161234163490535, rx_ts=161234164302695) request_id=261885 zil_blk_id=31996 ccf_commit_seqno=261886 nstreams_done_=8000 config.nstreams=20000 avg_latency=0.7596 ms avg throuhgput (requests/sec) = 84.8364 res=false
*==== INFO ====* req_id_count= 8500 stream_id=33996 latency=0.786181 ms (tx_ts=161240036415326, rx_ts=161240037201507) request_id=278248 zil_blk_id=33996 ccf_commit_seqno=278248 nstreams_done_=8500 config.nstreams=20000 avg_latency=0.7583 ms avg throuhgput (requests/sec) = 84.8540 res=false
*==== INFO ====* req_id_count= 9000 stream_id=35996 latency=0.651909 ms (tx_ts=161245920613965, rx_ts=161245921265874) request_id=294634 zil_blk_id=35996 ccf_commit_seqno=294634 nstreams_done_=9000 config.nstreams=20000 avg_latency=0.7572 ms avg throuhgput (requests/sec) = 84.8607 res=false
*==== INFO ====* req_id_count= 9500 stream_id=37996 latency=0.681877 ms (tx_ts=161251799930051, rx_ts=161251800611928) request_id=311052 zil_blk_id=37996 ccf_commit_seqno=311052 nstreams_done_=9500 config.nstreams=20000 avg_latency=0.7572 ms avg throuhgput (requests/sec) = 84.8703 res=false
*==== INFO ====* req_id_count= 10000 stream_id=39996 latency=0.661437 ms (tx_ts=161257705785535, rx_ts=161257706446972) request_id=327540 zil_blk_id=39996 ccf_commit_seqno=327540 nstreams_done_=10000 config.nstreams=20000 avg_latency=0.7569 ms avg throuhgput (requests/sec) = 84.8599 res=false
*==== INFO ====* req_id_count= 10500 stream_id=41996 latency=0.812279 ms (tx_ts=161263594017751, rx_ts=161263594830030) request_id=343981 zil_blk_id=41996 ccf_commit_seqno=343982 nstreams_done_=10500 config.nstreams=20000 avg_latency=0.7563 ms avg throuhgput (requests/sec) = 84.8624 res=false
*==== INFO ====* req_id_count= 11000 stream_id=43996 latency=0.825153 ms (tx_ts=161269472916028, rx_ts=161269473741181) request_id=360393 zil_blk_id=43996 ccf_commit_seqno=360393 nstreams_done_=11000 config.nstreams=20000 avg_latency=0.7564 ms avg throuhgput (requests/sec) = 84.8709 res=false
*==== INFO ====* req_id_count= 11500 stream_id=45996 latency=0.683909 ms (tx_ts=161275365337949, rx_ts=161275366021858) request_id=376825 zil_blk_id=45996 ccf_commit_seqno=376825 nstreams_done_=11500 config.nstreams=20000 avg_latency=0.7567 ms avg throuhgput (requests/sec) = 84.8703 res=false
*==== INFO ====* req_id_count= 12000 stream_id=47996 latency=0.648924 ms (tx_ts=161281247839907, rx_ts=161281248488831) request_id=393173 zil_blk_id=47996 ccf_commit_seqno=393173 nstreams_done_=12000 config.nstreams=20000 avg_latency=0.7563 ms avg throuhgput (requests/sec) = 84.8756 res=false
*==== INFO ====* req_id_count= 12500 stream_id=49996 latency=0.633304 ms (tx_ts=161287127668463, rx_ts=161287128301767) request_id=409516 zil_blk_id=49996 ccf_commit_seqno=409516 nstreams_done_=12500 config.nstreams=20000 avg_latency=0.7562 ms avg throuhgput (requests/sec) = 84.8820 res=false
*==== INFO ====* req_id_count= 13000 stream_id=51996 latency=0.624799 ms (tx_ts=161293015086583, rx_ts=161293015711382) request_id=425868 zil_blk_id=51996 ccf_commit_seqno=425868 nstreams_done_=13000 config.nstreams=20000 avg_latency=0.7573 ms avg throuhgput (requests/sec) = 84.8838 res=false
*==== INFO ====* req_id_count= 13500 stream_id=53996 latency=0.647922 ms (tx_ts=161298895938759, rx_ts=161298896586681) request_id=442197 zil_blk_id=53996 ccf_commit_seqno=442197 nstreams_done_=13500 config.nstreams=20000 avg_latency=0.7582 ms avg throuhgput (requests/sec) = 84.8889 res=false
*==== INFO ====* req_id_count= 14000 stream_id=55996 latency=0.767065 ms (tx_ts=161304785415252, rx_ts=161304786182317) request_id=458537 zil_blk_id=55996 ccf_commit_seqno=458538 nstreams_done_=14000 config.nstreams=20000 avg_latency=0.7589 ms avg throuhgput (requests/sec) = 84.8891 res=false
*==== INFO ====* req_id_count= 14500 stream_id=57996 latency=0.867546 ms (tx_ts=161310668781130, rx_ts=161310669648676) request_id=474850 zil_blk_id=57996 ccf_commit_seqno=474852 nstreams_done_=14500 config.nstreams=20000 avg_latency=0.7591 ms avg throuhgput (requests/sec) = 84.8924 res=false
*==== INFO ====* req_id_count= 15000 stream_id=59996 latency=0.863124 ms (tx_ts=161316538585510, rx_ts=161316539448634) request_id=491140 zil_blk_id=59996 ccf_commit_seqno=491141 nstreams_done_=15000 config.nstreams=20000 avg_latency=0.7588 ms avg throuhgput (requests/sec) = 84.9020 res=false
*==== INFO ====* req_id_count= 15500 stream_id=61996 latency=0.756455 ms (tx_ts=161322414148927, rx_ts=161322414905382) request_id=507435 zil_blk_id=61996 ccf_commit_seqno=507436 nstreams_done_=15500 config.nstreams=20000 avg_latency=0.7592 ms avg throuhgput (requests/sec) = 84.9083 res=false
*==== INFO ====* req_id_count= 16000 stream_id=63996 latency=0.667649 ms (tx_ts=161328307474296, rx_ts=161328308141945) request_id=523672 zil_blk_id=63996 ccf_commit_seqno=523672 nstreams_done_=16000 config.nstreams=20000 avg_latency=0.7607 ms avg throuhgput (requests/sec) = 84.9063 res=false
*==== INFO ====* req_id_count= 16500 stream_id=65996 latency=0.714337 ms (tx_ts=161334160602870, rx_ts=161334161317207) request_id=539883 zil_blk_id=65996 ccf_commit_seqno=539883 nstreams_done_=16500 config.nstreams=20000 avg_latency=0.7605 ms avg throuhgput (requests/sec) = 84.9219 res=false
*==== INFO ====* req_id_count= 17000 stream_id=67996 latency=0.719456 ms (tx_ts=161339996558799, rx_ts=161339997278255) request_id=556097 zil_blk_id=67996 ccf_commit_seqno=556097 nstreams_done_=17000 config.nstreams=20000 avg_latency=0.7601 ms avg throuhgput (requests/sec) = 84.9439 res=false
*==== INFO ====* req_id_count= 17500 stream_id=69996 latency=0.720187 ms (tx_ts=161345860610741, rx_ts=161345861330928) request_id=572357 zil_blk_id=69996 ccf_commit_seqno=572357 nstreams_done_=17500 config.nstreams=20000 avg_latency=0.7607 ms avg throuhgput (requests/sec) = 84.9530 res=false
*==== INFO ====* req_id_count= 18000 stream_id=71996 latency=0.778455 ms (tx_ts=161351720491669, rx_ts=161351721270124) request_id=588621 zil_blk_id=71996 ccf_commit_seqno=588621 nstreams_done_=18000 config.nstreams=20000 avg_latency=0.7608 ms avg throuhgput (requests/sec) = 84.9633 res=false
*==== INFO ====* req_id_count= 18500 stream_id=73996 latency=0.739523 ms (tx_ts=161357596048389, rx_ts=161357596787912) request_id=604951 zil_blk_id=73996 ccf_commit_seqno=604951 nstreams_done_=18500 config.nstreams=20000 avg_latency=0.7610 ms avg throuhgput (requests/sec) = 84.9670 res=false
*==== INFO ====* req_id_count= 19000 stream_id=75996 latency=0.631682 ms (tx_ts=161363462413963, rx_ts=161363463045645) request_id=620532 zil_blk_id=75996 ccf_commit_seqno=620532 nstreams_done_=19000 config.nstreams=20000 avg_latency=0.7611 ms avg throuhgput (requests/sec) = 84.9740 res=false
*==== INFO ====* req_id_count= 19500 stream_id=77996 latency=0.795077 ms (tx_ts=161369392010320, rx_ts=161369392805397) request_id=632145 zil_blk_id=77996 ccf_commit_seqno=632145 nstreams_done_=19500 config.nstreams=20000 avg_latency=0.7615 ms avg throuhgput (requests/sec) = 84.9571 res=false
*==== INFO ====* http_end_stream ALL streams done! nstreams_done_=20000 avg_latency=0.7638 msreq_id_count= 20000
*==== INFO ====* req_id_count= 20000 stream_id=79996 latency=1.504806 ms (tx_ts=161375430524419, rx_ts=161375432029225) request_id=639881 zil_blk_id=79996 ccf_commit_seqno=639881 nstreams_done_=20000 config.nstreams=20000 avg_latency=0.7638 ms avg throuhgput (requests/sec) = 84.9016 res=true
