Uniform: 997660 367686 118600 123719 102134 
Exponential: -2147483648 -2147483648 -2147483648 -2147483648 -2147483648 
Truncated Normal: 534341 283800 579366 191556 196153 
*==== INFO ====* req_id_count= 500 stream_id=1996 latency=0.789477 ms (tx_ts=161145799878991, rx_ts=161145800668468) request_id=16086 zil_blk_id=1996 ccf_commit_seqno=16086 nstreams_done_=500 config.nstreams=20000 avg_latency=0.8070 ms avg throuhgput (requests/sec) = 84.2813 res=false
*==== INFO ====* req_id_count= 1000 stream_id=3996 latency=0.764059 ms (tx_ts=161151754017625, rx_ts=161151754781684) request_id=32603 zil_blk_id=3996 ccf_commit_seqno=32603 nstreams_done_=1000 config.nstreams=20000 avg_latency=0.8046 ms avg throuhgput (requests/sec) = 84.1281 res=false
*==== INFO ====* req_id_count= 1500 stream_id=5996 latency=0.953145 ms (tx_ts=161157705982547, rx_ts=161157706935692) request_id=49158 zil_blk_id=5996 ccf_commit_seqno=49159 nstreams_done_=1500 config.nstreams=20000 avg_latency=0.8044 ms avg throuhgput (requests/sec) = 84.0864 res=false
*==== INFO ====* req_id_count= 2000 stream_id=7996 latency=0.795158 ms (tx_ts=161163665336177, rx_ts=161163666131335) request_id=65771 zil_blk_id=7996 ccf_commit_seqno=65771 nstreams_done_=2000 config.nstreams=20000 avg_latency=0.8105 ms avg throuhgput (requests/sec) = 84.0407 res=false
*==== INFO ====* req_id_count= 2500 stream_id=9996 latency=0.788216 ms (tx_ts=161169623886837, rx_ts=161169624675053) request_id=82337 zil_blk_id=9996 ccf_commit_seqno=82338 nstreams_done_=2500 config.nstreams=20000 avg_latency=0.8178 ms avg throuhgput (requests/sec) = 84.0152 res=false
*==== INFO ====* req_id_count= 3000 stream_id=11996 latency=0.810347 ms (tx_ts=161175544939788, rx_ts=161175545750135) request_id=98824 zil_blk_id=11996 ccf_commit_seqno=98824 nstreams_done_=3000 config.nstreams=20000 avg_latency=0.8142 ms avg throuhgput (requests/sec) = 84.0864 res=false
*==== INFO ====* req_id_count= 3500 stream_id=13996 latency=0.859969 ms (tx_ts=161181486429522, rx_ts=161181487289491) request_id=115394 zil_blk_id=13996 ccf_commit_seqno=115395 nstreams_done_=3500 config.nstreams=20000 avg_latency=0.8158 ms avg throuhgput (requests/sec) = 84.0959 res=false
*==== INFO ====* req_id_count= 4000 stream_id=15996 latency=0.825359 ms (tx_ts=161187389011611, rx_ts=161187389836970) request_id=131880 zil_blk_id=15996 ccf_commit_seqno=131880 nstreams_done_=4000 config.nstreams=20000 avg_latency=0.8141 ms avg throuhgput (requests/sec) = 84.1721 res=false
*==== INFO ====* req_id_count= 4500 stream_id=17996 latency=0.749963 ms (tx_ts=161193317836010, rx_ts=161193318585973) request_id=148402 zil_blk_id=17996 ccf_commit_seqno=148402 nstreams_done_=4500 config.nstreams=20000 avg_latency=0.8136 ms avg throuhgput (requests/sec) = 84.1901 res=false
*==== INFO ====* req_id_count= 5000 stream_id=19996 latency=0.786074 ms (tx_ts=161199236040590, rx_ts=161199236826664) request_id=164898 zil_blk_id=19996 ccf_commit_seqno=164899 nstreams_done_=5000 config.nstreams=20000 avg_latency=0.8133 ms avg throuhgput (requests/sec) = 84.2195 res=false
*==== INFO ====* req_id_count= 5500 stream_id=21996 latency=0.813280 ms (tx_ts=161205167796933, rx_ts=161205168610213) request_id=181410 zil_blk_id=21996 ccf_commit_seqno=181410 nstreams_done_=5500 config.nstreams=20000 avg_latency=0.8151 ms avg throuhgput (requests/sec) = 84.2261 res=false
*==== INFO ====* req_id_count= 6000 stream_id=23996 latency=0.774679 ms (tx_ts=161211083373944, rx_ts=161211084148623) request_id=197775 zil_blk_id=23996 ccf_commit_seqno=197775 nstreams_done_=6000 config.nstreams=20000 avg_latency=0.8142 ms avg throuhgput (requests/sec) = 84.2507 res=false
*==== INFO ====* req_id_count= 6500 stream_id=25996 latency=0.741517 ms (tx_ts=161216999201995, rx_ts=161216999943512) request_id=214173 zil_blk_id=25996 ccf_commit_seqno=214173 nstreams_done_=6500 config.nstreams=20000 avg_latency=0.8151 ms avg throuhgput (requests/sec) = 84.2713 res=false
*==== INFO ====* req_id_count= 7000 stream_id=27996 latency=0.886850 ms (tx_ts=161222917819585, rx_ts=161222918706435) request_id=230572 zil_blk_id=27996 ccf_commit_seqno=230572 nstreams_done_=7000 config.nstreams=20000 avg_latency=0.8169 ms avg throuhgput (requests/sec) = 84.2860 res=false
*==== INFO ====* req_id_count= 7500 stream_id=29996 latency=0.895939 ms (tx_ts=161228832284467, rx_ts=161228833180406) request_id=247032 zil_blk_id=29996 ccf_commit_seqno=247033 nstreams_done_=7500 config.nstreams=20000 avg_latency=0.8158 ms avg throuhgput (requests/sec) = 84.3028 res=false
*==== INFO ====* req_id_count= 8000 stream_id=31996 latency=0.724914 ms (tx_ts=161234762526301, rx_ts=161234763251215) request_id=263544 zil_blk_id=31996 ccf_commit_seqno=263544 nstreams_done_=8000 config.nstreams=20000 avg_latency=0.8171 ms avg throuhgput (requests/sec) = 84.3036 res=false
*==== INFO ====* req_id_count= 8500 stream_id=33996 latency=0.690327 ms (tx_ts=161240684836624, rx_ts=161240685526951) request_id=280050 zil_blk_id=33996 ccf_commit_seqno=280050 nstreams_done_=8500 config.nstreams=20000 avg_latency=0.8169 ms avg throuhgput (requests/sec) = 84.3109 res=false
*==== INFO ====* req_id_count= 9000 stream_id=35996 latency=0.913939 ms (tx_ts=161246617355888, rx_ts=161246618269827) request_id=296579 zil_blk_id=35996 ccf_commit_seqno=296579 nstreams_done_=9000 config.nstreams=20000 avg_latency=0.8169 ms avg throuhgput (requests/sec) = 84.3090 res=false
*==== INFO ====* req_id_count= 9500 stream_id=37996 latency=0.822751 ms (tx_ts=161252527900366, rx_ts=161252528723117) request_id=313089 zil_blk_id=37996 ccf_commit_seqno=313090 nstreams_done_=9500 config.nstreams=20000 avg_latency=0.8168 ms avg throuhgput (requests/sec) = 84.3241 res=false
*==== INFO ====* req_id_count= 10000 stream_id=39996 latency=0.884975 ms (tx_ts=161258441509596, rx_ts=161258442394571) request_id=329595 zil_blk_id=39996 ccf_commit_seqno=329597 nstreams_done_=10000 config.nstreams=20000 avg_latency=0.8160 ms avg throuhgput (requests/sec) = 84.3353 res=false
*==== INFO ====* req_id_count= 10500 stream_id=41996 latency=0.699709 ms (tx_ts=161264375063188, rx_ts=161264375762897) request_id=346163 zil_blk_id=41996 ccf_commit_seqno=346163 nstreams_done_=10500 config.nstreams=20000 avg_latency=0.8165 ms avg throuhgput (requests/sec) = 84.3322 res=false
*==== INFO ====* req_id_count= 11000 stream_id=43996 latency=2.310833 ms (tx_ts=161270283047530, rx_ts=161270285358363) request_id=362666 zil_blk_id=43996 ccf_commit_seqno=362666 nstreams_done_=11000 config.nstreams=20000 avg_latency=0.8165 ms avg throuhgput (requests/sec) = 84.3447 res=false
*==== INFO ====* req_id_count= 11500 stream_id=45996 latency=0.846383 ms (tx_ts=161276194428418, rx_ts=161276195274801) request_id=379135 zil_blk_id=45996 ccf_commit_seqno=379135 nstreams_done_=11500 config.nstreams=20000 avg_latency=0.8174 ms avg throuhgput (requests/sec) = 84.3559 res=false
*==== INFO ====* req_id_count= 12000 stream_id=47996 latency=0.666868 ms (tx_ts=161282097768258, rx_ts=161282098435126) request_id=395536 zil_blk_id=47996 ccf_commit_seqno=395536 nstreams_done_=12000 config.nstreams=20000 avg_latency=0.8169 ms avg throuhgput (requests/sec) = 84.3702 res=false
*==== INFO ====* req_id_count= 12500 stream_id=49996 latency=0.678376 ms (tx_ts=161288014643988, rx_ts=161288015322364) request_id=411983 zil_blk_id=49996 ccf_commit_seqno=411983 nstreams_done_=12500 config.nstreams=20000 avg_latency=0.8159 ms avg throuhgput (requests/sec) = 84.3756 res=false
*==== INFO ====* req_id_count= 13000 stream_id=51996 latency=0.660456 ms (tx_ts=161293937529949, rx_ts=161293938190405) request_id=428431 zil_blk_id=51996 ccf_commit_seqno=428431 nstreams_done_=13000 config.nstreams=20000 avg_latency=0.8150 ms avg throuhgput (requests/sec) = 84.3772 res=false
*==== INFO ====* req_id_count= 13500 stream_id=53996 latency=0.685572 ms (tx_ts=161299866114660, rx_ts=161299866800232) request_id=444885 zil_blk_id=53996 ccf_commit_seqno=444886 nstreams_done_=13500 config.nstreams=20000 avg_latency=0.8148 ms avg throuhgput (requests/sec) = 84.3757 res=false
*==== INFO ====* req_id_count= 14000 stream_id=55996 latency=0.666307 ms (tx_ts=161305760218801, rx_ts=161305760885108) request_id=461233 zil_blk_id=55996 ccf_commit_seqno=461233 nstreams_done_=14000 config.nstreams=20000 avg_latency=0.8136 ms avg throuhgput (requests/sec) = 84.3919 res=false
*==== INFO ====* req_id_count= 14500 stream_id=57996 latency=0.655505 ms (tx_ts=161311685921348, rx_ts=161311686576853) request_id=477678 zil_blk_id=57996 ccf_commit_seqno=477678 nstreams_done_=14500 config.nstreams=20000 avg_latency=0.8139 ms avg throuhgput (requests/sec) = 84.3914 res=false
*==== INFO ====* req_id_count= 15000 stream_id=59996 latency=0.948523 ms (tx_ts=161317617110723, rx_ts=161317618059246) request_id=494117 zil_blk_id=59996 ccf_commit_seqno=494117 nstreams_done_=15000 config.nstreams=20000 avg_latency=0.8138 ms avg throuhgput (requests/sec) = 84.3882 res=false
*==== INFO ====* req_id_count= 15500 stream_id=61996 latency=0.639806 ms (tx_ts=161323550703665, rx_ts=161323551343471) request_id=510545 zil_blk_id=61996 ccf_commit_seqno=510545 nstreams_done_=15500 config.nstreams=20000 avg_latency=0.8143 ms avg throuhgput (requests/sec) = 84.3844 res=false
*==== INFO ====* req_id_count= 16000 stream_id=63996 latency=0.652089 ms (tx_ts=161329485543439, rx_ts=161329486195528) request_id=526911 zil_blk_id=63996 ccf_commit_seqno=526911 nstreams_done_=16000 config.nstreams=20000 avg_latency=0.8143 ms avg throuhgput (requests/sec) = 84.3802 res=false
*==== INFO ====* req_id_count= 16500 stream_id=65996 latency=0.658912 ms (tx_ts=161335409195222, rx_ts=161335409854134) request_id=543355 zil_blk_id=65996 ccf_commit_seqno=543355 nstreams_done_=16500 config.nstreams=20000 avg_latency=0.8139 ms avg throuhgput (requests/sec) = 84.3810 res=false
*==== INFO ====* req_id_count= 17000 stream_id=67996 latency=0.779638 ms (tx_ts=161341298908860, rx_ts=161341299688498) request_id=559728 zil_blk_id=67996 ccf_commit_seqno=559728 nstreams_done_=17000 config.nstreams=20000 avg_latency=0.8136 ms avg throuhgput (requests/sec) = 84.3959 res=false
*==== INFO ====* req_id_count= 17500 stream_id=69996 latency=0.832717 ms (tx_ts=161347176219691, rx_ts=161347177052408) request_id=576011 zil_blk_id=69996 ccf_commit_seqno=576012 nstreams_done_=17500 config.nstreams=20000 avg_latency=0.8133 ms avg throuhgput (requests/sec) = 84.4151 res=false
*==== INFO ====* req_id_count= 18000 stream_id=71996 latency=0.692494 ms (tx_ts=161353060339634, rx_ts=161353061032128) request_id=592350 zil_blk_id=71996 ccf_commit_seqno=592350 nstreams_done_=18000 config.nstreams=20000 avg_latency=0.8128 ms avg throuhgput (requests/sec) = 84.4306 res=false
*==== INFO ====* req_id_count= 18500 stream_id=73996 latency=0.932364 ms (tx_ts=161358948502658, rx_ts=161358949435022) request_id=608709 zil_blk_id=73996 ccf_commit_seqno=608709 nstreams_done_=18500 config.nstreams=20000 avg_latency=0.8126 ms avg throuhgput (requests/sec) = 84.4435 res=false
*==== INFO ====* req_id_count= 19000 stream_id=75996 latency=0.806829 ms (tx_ts=161364855786165, rx_ts=161364856592994) request_id=623829 zil_blk_id=75996 ccf_commit_seqno=623829 nstreams_done_=19000 config.nstreams=20000 avg_latency=0.8120 ms avg throuhgput (requests/sec) = 84.4488 res=false
*==== INFO ====* req_id_count= 19500 stream_id=77996 latency=0.662420 ms (tx_ts=161370829512437, rx_ts=161370830174857) request_id=634533 zil_blk_id=77996 ccf_commit_seqno=634533 nstreams_done_=19500 config.nstreams=20000 avg_latency=0.8116 ms avg throuhgput (requests/sec) = 84.4295 res=false
*==== INFO ====* http_end_stream ALL streams done! nstreams_done_=20000 avg_latency=0.8133 msreq_id_count= 20000
*==== INFO ====* req_id_count= 20000 stream_id=79996 latency=1.299721 ms (tx_ts=161376926370414, rx_ts=161376927670135) request_id=640000 zil_blk_id=79996 ccf_commit_seqno=640000 nstreams_done_=20000 config.nstreams=20000 avg_latency=0.8133 ms avg throuhgput (requests/sec) = 84.3670 res=true
