Uniform: 313893 173028 808744 967526 583912 
Exponential: -2147483648 -2147483648 -2147483648 -2147483648 -2147483648 
Truncated Normal: 685449 426936 490464 484722 172670 
*==== INFO ====* req_id_count= 500 stream_id=1996 latency=0.675574 ms (tx_ts=161145358958916, rx_ts=161145359634490) request_id=14887 zil_blk_id=487 ccf_commit_seqno=14887 nstreams_done_=500 config.nstreams=20000 avg_latency=0.6568 ms avg throuhgput (requests/sec) = 90.8680 res=false
*==== INFO ====* req_id_count= 1000 stream_id=3996 latency=0.548807 ms (tx_ts=161150858097457, rx_ts=161150858646264) request_id=30139 zil_blk_id=5634 ccf_commit_seqno=30139 nstreams_done_=1000 config.nstreams=20000 avg_latency=0.6460 ms avg throuhgput (requests/sec) = 90.8967 res=false
*==== INFO ====* req_id_count= 1500 stream_id=5996 latency=0.514733 ms (tx_ts=161156374939342, rx_ts=161156375454075) request_id=45466 zil_blk_id=10808 ccf_commit_seqno=45466 nstreams_done_=1500 config.nstreams=20000 avg_latency=0.6503 ms avg throuhgput (requests/sec) = 90.8083 res=false
*==== INFO ====* req_id_count= 2000 stream_id=7996 latency=0.593972 ms (tx_ts=161161903158487, rx_ts=161161903752459) request_id=60874 zil_blk_id=15992 ccf_commit_seqno=60874 nstreams_done_=2000 config.nstreams=20000 avg_latency=0.6618 ms avg throuhgput (requests/sec) = 90.7169 res=false
*==== INFO ====* req_id_count= 2500 stream_id=9996 latency=0.559748 ms (tx_ts=161167493695271, rx_ts=161167494255019) request_id=76421 zil_blk_id=21232 ccf_commit_seqno=76421 nstreams_done_=2500 config.nstreams=20000 avg_latency=0.6668 ms avg throuhgput (requests/sec) = 90.4581 res=false
*==== INFO ====* req_id_count= 3000 stream_id=11996 latency=0.572271 ms (tx_ts=161173178125854, rx_ts=161173178698125) request_id=92230 zil_blk_id=26562 ccf_commit_seqno=92230 nstreams_done_=3000 config.nstreams=20000 avg_latency=0.6666 ms avg throuhgput (requests/sec) = 90.0318 res=false
*==== INFO ====* req_id_count= 3500 stream_id=13996 latency=0.562252 ms (tx_ts=161178684675630, rx_ts=161178685237882) request_id=107577 zil_blk_id=31725 ccf_commit_seqno=107577 nstreams_done_=3500 config.nstreams=20000 avg_latency=0.6638 ms avg throuhgput (requests/sec) = 90.1409 res=false
*==== INFO ====* req_id_count= 4000 stream_id=15996 latency=0.714907 ms (tx_ts=161184225092789, rx_ts=161184225807696) request_id=123051 zil_blk_id=36918 ccf_commit_seqno=123051 nstreams_done_=4000 config.nstreams=20000 avg_latency=0.6663 ms avg throuhgput (requests/sec) = 90.1537 res=false
*==== INFO ====* req_id_count= 4500 stream_id=17996 latency=0.482552 ms (tx_ts=161189743140779, rx_ts=161189743623331) request_id=138442 zil_blk_id=42091 ccf_commit_seqno=138442 nstreams_done_=4500 config.nstreams=20000 avg_latency=0.6678 ms avg throuhgput (requests/sec) = 90.2048 res=false
*==== INFO ====* req_id_count= 5000 stream_id=19996 latency=0.507169 ms (tx_ts=161195265892007, rx_ts=161195266399176) request_id=153838 zil_blk_id=47271 ccf_commit_seqno=153838 nstreams_done_=5000 config.nstreams=20000 avg_latency=0.6685 ms avg throuhgput (requests/sec) = 90.2376 res=false
*==== INFO ====* req_id_count= 5500 stream_id=21996 latency=0.523349 ms (tx_ts=161200784889069, rx_ts=161200785412418) request_id=169211 zil_blk_id=52451 ccf_commit_seqno=169211 nstreams_done_=5500 config.nstreams=20000 avg_latency=0.6685 ms avg throuhgput (requests/sec) = 90.2701 res=false
*==== INFO ====* req_id_count= 6000 stream_id=23996 latency=0.610061 ms (tx_ts=161206304782670, rx_ts=161206305392731) request_id=184551 zil_blk_id=57627 ccf_commit_seqno=184551 nstreams_done_=6000 config.nstreams=20000 avg_latency=0.6688 ms avg throuhgput (requests/sec) = 90.2958 res=false
*==== INFO ====* req_id_count= 6500 stream_id=25996 latency=0.525483 ms (tx_ts=161211823545278, rx_ts=161211824070761) request_id=199825 zil_blk_id=62805 ccf_commit_seqno=199825 nstreams_done_=6500 config.nstreams=20000 avg_latency=0.6675 ms avg throuhgput (requests/sec) = 90.3193 res=false
*==== INFO ====* req_id_count= 7000 stream_id=27996 latency=0.551807 ms (tx_ts=161217337050779, rx_ts=161217337602586) request_id=215109 zil_blk_id=67979 ccf_commit_seqno=215109 nstreams_done_=7000 config.nstreams=20000 avg_latency=0.6671 ms avg throuhgput (requests/sec) = 90.3454 res=false
*==== INFO ====* req_id_count= 7500 stream_id=29996 latency=0.610022 ms (tx_ts=161222860287930, rx_ts=161222860897952) request_id=230412 zil_blk_id=73162 ccf_commit_seqno=230412 nstreams_done_=7500 config.nstreams=20000 avg_latency=0.6681 ms avg throuhgput (requests/sec) = 90.3574 res=false
*==== INFO ====* req_id_count= 8000 stream_id=31996 latency=0.550479 ms (tx_ts=161228384870447, rx_ts=161228385420926) request_id=245789 zil_blk_id=78347 ccf_commit_seqno=245789 nstreams_done_=8000 config.nstreams=20000 avg_latency=0.6690 ms avg throuhgput (requests/sec) = 90.3666 res=false
*==== INFO ====* req_id_count= 8500 stream_id=33996 latency=0.591036 ms (tx_ts=161233887450152, rx_ts=161233888041188) request_id=261118 zil_blk_id=83507 ccf_commit_seqno=261118 nstreams_done_=8500 config.nstreams=20000 avg_latency=0.6671 ms avg throuhgput (requests/sec) = 90.3958 res=false
*==== INFO ====* req_id_count= 9000 stream_id=35996 latency=0.526676 ms (tx_ts=161239404911965, rx_ts=161239405438641) request_id=276484 zil_blk_id=88667 ccf_commit_seqno=276484 nstreams_done_=9000 config.nstreams=20000 avg_latency=0.6675 ms avg throuhgput (requests/sec) = 90.4084 res=false
*==== INFO ====* req_id_count= 9500 stream_id=37996 latency=0.696853 ms (tx_ts=161244934579319, rx_ts=161244935276172) request_id=291893 zil_blk_id=93843 ccf_commit_seqno=291895 nstreams_done_=9500 config.nstreams=20000 avg_latency=0.6686 ms avg throuhgput (requests/sec) = 90.4089 res=false
*==== INFO ====* req_id_count= 10000 stream_id=39996 latency=0.532507 ms (tx_ts=161250465203782, rx_ts=161250465736289) request_id=307330 zil_blk_id=99019 ccf_commit_seqno=307330 nstreams_done_=10000 config.nstreams=20000 avg_latency=0.6698 ms avg throuhgput (requests/sec) = 90.4089 res=false
*==== INFO ====* req_id_count= 10500 stream_id=41996 latency=0.513411 ms (tx_ts=161255979531155, rx_ts=161255980044566) request_id=322729 zil_blk_id=104178 ccf_commit_seqno=322729 nstreams_done_=10500 config.nstreams=20000 avg_latency=0.6700 ms avg throuhgput (requests/sec) = 90.4214 res=false
*==== INFO ====* req_id_count= 11000 stream_id=43996 latency=0.596436 ms (tx_ts=161261500866810, rx_ts=161261501463246) request_id=338153 zil_blk_id=109340 ccf_commit_seqno=338153 nstreams_done_=11000 config.nstreams=20000 avg_latency=0.6707 ms avg throuhgput (requests/sec) = 90.4276 res=false
*==== INFO ====* req_id_count= 11500 stream_id=45996 latency=0.701481 ms (tx_ts=161267020588660, rx_ts=161267021290141) request_id=353562 zil_blk_id=114496 ccf_commit_seqno=353562 nstreams_done_=11500 config.nstreams=20000 avg_latency=0.6710 ms avg throuhgput (requests/sec) = 90.4343 res=false
*==== INFO ====* req_id_count= 12000 stream_id=47996 latency=0.628626 ms (tx_ts=161272541705797, rx_ts=161272542334423) request_id=368968 zil_blk_id=119637 ccf_commit_seqno=368968 nstreams_done_=12000 config.nstreams=20000 avg_latency=0.6712 ms avg throuhgput (requests/sec) = 90.4396 res=false
*==== INFO ====* req_id_count= 12500 stream_id=49996 latency=0.568944 ms (tx_ts=161278069043704, rx_ts=161278069612648) request_id=384351 zil_blk_id=124798 ccf_commit_seqno=384351 nstreams_done_=12500 config.nstreams=20000 avg_latency=0.6719 ms avg throuhgput (requests/sec) = 90.4405 res=false
*==== INFO ====* req_id_count= 13000 stream_id=51996 latency=0.702574 ms (tx_ts=161283590814287, rx_ts=161283591516861) request_id=399687 zil_blk_id=129953 ccf_commit_seqno=399688 nstreams_done_=13000 config.nstreams=20000 avg_latency=0.6721 ms avg throuhgput (requests/sec) = 90.4446 res=false
*==== INFO ====* req_id_count= 13500 stream_id=53996 latency=0.811047 ms (tx_ts=161289113583189, rx_ts=161289114394236) request_id=415036 zil_blk_id=135096 ccf_commit_seqno=415036 nstreams_done_=13500 config.nstreams=20000 avg_latency=0.6723 ms avg throuhgput (requests/sec) = 90.4479 res=false
*==== INFO ====* req_id_count= 14000 stream_id=55996 latency=0.768337 ms (tx_ts=161294642341802, rx_ts=161294643110139) request_id=430391 zil_blk_id=140259 ccf_commit_seqno=430392 nstreams_done_=14000 config.nstreams=20000 avg_latency=0.6731 ms avg throuhgput (requests/sec) = 90.4475 res=false
*==== INFO ====* req_id_count= 14500 stream_id=57996 latency=1.374240 ms (tx_ts=161300226600380, rx_ts=161300227974620) request_id=445894 zil_blk_id=145468 ccf_commit_seqno=445899 nstreams_done_=14500 config.nstreams=20000 avg_latency=0.6731 ms avg throuhgput (requests/sec) = 90.4154 res=false
*==== INFO ====* req_id_count= 15000 stream_id=59996 latency=0.636851 ms (tx_ts=161305755171315, rx_ts=161305755808166) request_id=461223 zil_blk_id=150628 ccf_commit_seqno=461223 nstreams_done_=15000 config.nstreams=20000 avg_latency=0.6733 ms avg throuhgput (requests/sec) = 90.4166 res=false
*==== INFO ====* req_id_count= 15500 stream_id=61996 latency=0.676124 ms (tx_ts=161311273520687, rx_ts=161311274196811) request_id=476528 zil_blk_id=155785 ccf_commit_seqno=476528 nstreams_done_=15500 config.nstreams=20000 avg_latency=0.6732 ms avg throuhgput (requests/sec) = 90.4227 res=false
*==== INFO ====* req_id_count= 16000 stream_id=63996 latency=0.555428 ms (tx_ts=161316800777357, rx_ts=161316801332785) request_id=491861 zil_blk_id=160963 ccf_commit_seqno=491861 nstreams_done_=16000 config.nstreams=20000 avg_latency=0.6737 ms avg throuhgput (requests/sec) = 90.4240 res=false
*==== INFO ====* req_id_count= 16500 stream_id=65996 latency=0.705821 ms (tx_ts=161322323377413, rx_ts=161322324083234) request_id=507185 zil_blk_id=166136 ccf_commit_seqno=507186 nstreams_done_=16500 config.nstreams=20000 avg_latency=0.6737 ms avg throuhgput (requests/sec) = 90.4273 res=false
*==== INFO ====* req_id_count= 17000 stream_id=67996 latency=0.715167 ms (tx_ts=161328099873535, rx_ts=161328100588702) request_id=523097 zil_blk_id=171546 ccf_commit_seqno=523098 nstreams_done_=17000 config.nstreams=20000 avg_latency=0.6734 ms avg throuhgput (requests/sec) = 90.3086 res=false
*==== INFO ====* req_id_count= 17500 stream_id=69996 latency=0.528399 ms (tx_ts=161333854955633, rx_ts=161333855484032) request_id=539033 zil_blk_id=176931 ccf_commit_seqno=539033 nstreams_done_=17500 config.nstreams=20000 avg_latency=0.6720 ms avg throuhgput (requests/sec) = 90.2070 res=false
*==== INFO ====* req_id_count= 18000 stream_id=71996 latency=0.560308 ms (tx_ts=161339376457153, rx_ts=161339377017461) request_id=554374 zil_blk_id=182102 ccf_commit_seqno=554374 nstreams_done_=18000 config.nstreams=20000 avg_latency=0.6721 ms avg throuhgput (requests/sec) = 90.2166 res=false
*==== INFO ====* req_id_count= 18500 stream_id=73996 latency=0.728172 ms (tx_ts=161344902152381, rx_ts=161344902880553) request_id=569705 zil_blk_id=187279 ccf_commit_seqno=569705 nstreams_done_=18500 config.nstreams=20000 avg_latency=0.6723 ms avg throuhgput (requests/sec) = 90.2238 res=false
*==== INFO ====* req_id_count= 19000 stream_id=75996 latency=0.621192 ms (tx_ts=161350425632612, rx_ts=161350426253804) request_id=585035 zil_blk_id=192449 ccf_commit_seqno=585036 nstreams_done_=19000 config.nstreams=20000 avg_latency=0.6729 ms avg throuhgput (requests/sec) = 90.2317 res=false
*==== INFO ====* req_id_count= 19500 stream_id=77996 latency=0.567221 ms (tx_ts=161355947385204, rx_ts=161355947952425) request_id=600378 zil_blk_id=197618 ccf_commit_seqno=600378 nstreams_done_=19500 config.nstreams=20000 avg_latency=0.6731 ms avg throuhgput (requests/sec) = 90.2398 res=false
*==== INFO ====* http_end_stream ALL streams done! nstreams_done_=20000 avg_latency=0.6733 msreq_id_count= 20000
*==== INFO ====* req_id_count= 20000 stream_id=79996 latency=0.541804 ms (tx_ts=161361472392926, rx_ts=161361472934730) request_id=615486 zil_blk_id=202784 ccf_commit_seqno=615486 nstreams_done_=20000 config.nstreams=20000 avg_latency=0.6733 ms avg throuhgput (requests/sec) = 90.2463 res=true
