Uniform: 262194 936170 663399 265842 286650 
Exponential: -2147483648 -2147483648 -2147483648 -2147483648 -2147483648 
Truncated Normal: 474140 841193 38208 444985 979941 
*==== INFO ====* req_id_count= 500 stream_id=1996 latency=0.538818 ms (tx_ts=161145462099238, rx_ts=161145462638056) request_id=15172 zil_blk_id=1996 ccf_commit_seqno=15172 nstreams_done_=500 config.nstreams=20000 avg_latency=0.6171 ms avg throuhgput (requests/sec) = 89.2205 res=false
*==== INFO ====* req_id_count= 1000 stream_id=3996 latency=0.521426 ms (tx_ts=161151249636671, rx_ts=161151250158097) request_id=31221 zil_blk_id=3996 ccf_commit_seqno=31221 nstreams_done_=1000 config.nstreams=20000 avg_latency=0.6233 ms avg throuhgput (requests/sec) = 87.7839 res=false
*==== INFO ====* req_id_count= 1500 stream_id=5996 latency=0.688238 ms (tx_ts=161157028244519, rx_ts=161157028932757) request_id=47286 zil_blk_id=5996 ccf_commit_seqno=47287 nstreams_done_=1500 config.nstreams=20000 avg_latency=0.6254 ms avg throuhgput (requests/sec) = 87.3597 res=false
*==== INFO ====* req_id_count= 2000 stream_id=7996 latency=0.531515 ms (tx_ts=161162802315292, rx_ts=161162802846807) request_id=63382 zil_blk_id=7996 ccf_commit_seqno=63382 nstreams_done_=2000 config.nstreams=20000 avg_latency=0.6241 ms avg throuhgput (requests/sec) = 87.1676 res=false
*==== INFO ====* req_id_count= 2500 stream_id=9996 latency=0.487502 ms (tx_ts=161168588400837, rx_ts=161168588888339) request_id=79462 zil_blk_id=9996 ccf_commit_seqno=79462 nstreams_done_=2500 config.nstreams=20000 avg_latency=0.6277 ms avg throuhgput (requests/sec) = 87.0160 res=false
*==== INFO ====* req_id_count= 3000 stream_id=11996 latency=0.563395 ms (tx_ts=161174363893008, rx_ts=161174364456403) request_id=95536 zil_blk_id=11996 ccf_commit_seqno=95536 nstreams_done_=3000 config.nstreams=20000 avg_latency=0.6255 ms avg throuhgput (requests/sec) = 86.9416 res=false
*==== INFO ====* req_id_count= 3500 stream_id=13996 latency=0.538287 ms (tx_ts=161180174679202, rx_ts=161180175217489) request_id=111742 zil_blk_id=13996 ccf_commit_seqno=111742 nstreams_done_=3500 config.nstreams=20000 avg_latency=0.6279 ms avg throuhgput (requests/sec) = 86.8127 res=false
*==== INFO ====* req_id_count= 4000 stream_id=15996 latency=0.530403 ms (tx_ts=161185960132394, rx_ts=161185960662797) request_id=127897 zil_blk_id=15996 ccf_commit_seqno=127897 nstreams_done_=4000 config.nstreams=20000 avg_latency=0.6266 ms avg throuhgput (requests/sec) = 86.7639 res=false
*==== INFO ====* req_id_count= 4500 stream_id=17996 latency=0.656398 ms (tx_ts=161191753135441, rx_ts=161191753791839) request_id=144054 zil_blk_id=17996 ccf_commit_seqno=144056 nstreams_done_=4500 config.nstreams=20000 avg_latency=0.6266 ms avg throuhgput (requests/sec) = 86.7131 res=false
*==== INFO ====* req_id_count= 5000 stream_id=19996 latency=0.529400 ms (tx_ts=161197559465466, rx_ts=161197559994866) request_id=160233 zil_blk_id=19996 ccf_commit_seqno=160233 nstreams_done_=5000 config.nstreams=20000 avg_latency=0.6278 ms avg throuhgput (requests/sec) = 86.6529 res=false
*==== INFO ====* req_id_count= 5500 stream_id=21996 latency=0.548917 ms (tx_ts=161203343604771, rx_ts=161203344153688) request_id=176339 zil_blk_id=21996 ccf_commit_seqno=176339 nstreams_done_=5500 config.nstreams=20000 avg_latency=0.6271 ms avg throuhgput (requests/sec) = 86.6338 res=false
*==== INFO ====* req_id_count= 6000 stream_id=23996 latency=0.625212 ms (tx_ts=161209122020637, rx_ts=161209122645849) request_id=192349 zil_blk_id=23996 ccf_commit_seqno=192349 nstreams_done_=6000 config.nstreams=20000 avg_latency=0.6251 ms avg throuhgput (requests/sec) = 86.6250 res=false
*==== INFO ====* req_id_count= 6500 stream_id=25996 latency=0.631211 ms (tx_ts=161214648265176, rx_ts=161214648896387) request_id=207658 zil_blk_id=25996 ccf_commit_seqno=207659 nstreams_done_=6500 config.nstreams=20000 avg_latency=0.6286 ms avg throuhgput (requests/sec) = 86.9096 res=false
*==== INFO ====* req_id_count= 7000 stream_id=27996 latency=0.733624 ms (tx_ts=161220142825768, rx_ts=161220143559392) request_id=222894 zil_blk_id=27996 ccf_commit_seqno=222895 nstreams_done_=7000 config.nstreams=20000 avg_latency=0.6300 ms avg throuhgput (requests/sec) = 87.1894 res=false
*==== INFO ====* req_id_count= 7500 stream_id=29996 latency=0.748160 ms (tx_ts=161225641409137, rx_ts=161225642157297) request_id=238149 zil_blk_id=29996 ccf_commit_seqno=238150 nstreams_done_=7500 config.nstreams=20000 avg_latency=0.6318 ms avg throuhgput (requests/sec) = 87.4293 res=false
*==== INFO ====* req_id_count= 8000 stream_id=31996 latency=0.682086 ms (tx_ts=161231159520239, rx_ts=161231160202325) request_id=253534 zil_blk_id=31996 ccf_commit_seqno=253535 nstreams_done_=8000 config.nstreams=20000 avg_latency=0.6352 ms avg throuhgput (requests/sec) = 87.6216 res=false
*==== INFO ====* req_id_count= 8500 stream_id=33996 latency=0.736275 ms (tx_ts=161236672921278, rx_ts=161236673657553) request_id=268870 zil_blk_id=33996 ccf_commit_seqno=268870 nstreams_done_=8500 config.nstreams=20000 avg_latency=0.6372 ms avg throuhgput (requests/sec) = 87.7962 res=false
*==== INFO ====* req_id_count= 9000 stream_id=35996 latency=0.605974 ms (tx_ts=161242188835634, rx_ts=161242189441608) request_id=284244 zil_blk_id=35996 ccf_commit_seqno=284244 nstreams_done_=9000 config.nstreams=20000 avg_latency=0.6389 ms avg throuhgput (requests/sec) = 87.9500 res=false
*==== INFO ====* req_id_count= 9500 stream_id=37996 latency=0.616593 ms (tx_ts=161247687888333, rx_ts=161247688504926) request_id=299581 zil_blk_id=37996 ccf_commit_seqno=299581 nstreams_done_=9500 config.nstreams=20000 avg_latency=0.6394 ms avg throuhgput (requests/sec) = 88.1017 res=false
*==== INFO ====* req_id_count= 10000 stream_id=39996 latency=0.877393 ms (tx_ts=161253208401577, rx_ts=161253209278970) request_id=314985 zil_blk_id=39996 ccf_commit_seqno=314985 nstreams_done_=10000 config.nstreams=20000 avg_latency=0.6414 ms avg throuhgput (requests/sec) = 88.2218 res=false
*==== INFO ====* req_id_count= 10500 stream_id=41996 latency=0.565908 ms (tx_ts=161258722107732, rx_ts=161258722673640) request_id=330378 zil_blk_id=41996 ccf_commit_seqno=330378 nstreams_done_=10500 config.nstreams=20000 avg_latency=0.6429 ms avg throuhgput (requests/sec) = 88.3362 res=false
*==== INFO ====* req_id_count= 11000 stream_id=43996 latency=0.737610 ms (tx_ts=161264226389614, rx_ts=161264227127224) request_id=345752 zil_blk_id=43996 ccf_commit_seqno=345752 nstreams_done_=11000 config.nstreams=20000 avg_latency=0.6435 ms avg throuhgput (requests/sec) = 88.4468 res=false
*==== INFO ====* req_id_count= 11500 stream_id=45996 latency=0.600703 ms (tx_ts=161269717937006, rx_ts=161269718537709) request_id=361079 zil_blk_id=45996 ccf_commit_seqno=361080 nstreams_done_=11500 config.nstreams=20000 avg_latency=0.6436 ms avg throuhgput (requests/sec) = 88.5569 res=false
*==== INFO ====* req_id_count= 12000 stream_id=47996 latency=0.636891 ms (tx_ts=161275229463522, rx_ts=161275230100413) request_id=376445 zil_blk_id=47996 ccf_commit_seqno=376445 nstreams_done_=12000 config.nstreams=20000 avg_latency=0.6444 ms avg throuhgput (requests/sec) = 88.6449 res=false
*==== INFO ====* req_id_count= 12500 stream_id=49996 latency=0.547978 ms (tx_ts=161280734013713, rx_ts=161280734561691) request_id=391747 zil_blk_id=49996 ccf_commit_seqno=391747 nstreams_done_=12500 config.nstreams=20000 avg_latency=0.6449 ms avg throuhgput (requests/sec) = 88.7305 res=false
*==== INFO ====* req_id_count= 13000 stream_id=51996 latency=0.622574 ms (tx_ts=161286241083886, rx_ts=161286241706460) request_id=407052 zil_blk_id=51996 ccf_commit_seqno=407052 nstreams_done_=13000 config.nstreams=20000 avg_latency=0.6453 ms avg throuhgput (requests/sec) = 88.8080 res=false
*==== INFO ====* req_id_count= 13500 stream_id=53996 latency=1.871991 ms (tx_ts=161291746398796, rx_ts=161291748270787) request_id=422358 zil_blk_id=53996 ccf_commit_seqno=422358 nstreams_done_=13500 config.nstreams=20000 avg_latency=0.6462 ms avg throuhgput (requests/sec) = 88.8803 res=false
*==== INFO ====* req_id_count= 14000 stream_id=55996 latency=0.592758 ms (tx_ts=161297262135609, rx_ts=161297262728367) request_id=437675 zil_blk_id=55996 ccf_commit_seqno=437676 nstreams_done_=14000 config.nstreams=20000 avg_latency=0.6478 ms avg throuhgput (requests/sec) = 88.9430 res=false
*==== INFO ====* req_id_count= 14500 stream_id=57996 latency=0.731749 ms (tx_ts=161302764476738, rx_ts=161302765208487) request_id=452937 zil_blk_id=57996 ccf_commit_seqno=452937 nstreams_done_=14500 config.nstreams=20000 avg_latency=0.6479 ms avg throuhgput (requests/sec) = 89.0080 res=false
*==== INFO ====* req_id_count= 15000 stream_id=59996 latency=0.607847 ms (tx_ts=161308280858229, rx_ts=161308281466076) request_id=468226 zil_blk_id=59996 ccf_commit_seqno=468226 nstreams_done_=15000 config.nstreams=20000 avg_latency=0.6492 ms avg throuhgput (requests/sec) = 89.0615 res=false
*==== INFO ====* req_id_count= 15500 stream_id=61996 latency=0.535000 ms (tx_ts=161313780335986, rx_ts=161313780870986) request_id=483491 zil_blk_id=61996 ccf_commit_seqno=483491 nstreams_done_=15500 config.nstreams=20000 avg_latency=0.6494 ms avg throuhgput (requests/sec) = 89.1202 res=false
*==== INFO ====* req_id_count= 16000 stream_id=63996 latency=0.586356 ms (tx_ts=161319288543443, rx_ts=161319289129799) request_id=498758 zil_blk_id=63996 ccf_commit_seqno=498758 nstreams_done_=16000 config.nstreams=20000 avg_latency=0.6501 ms avg throuhgput (requests/sec) = 89.1710 res=false
*==== INFO ====* req_id_count= 16500 stream_id=65996 latency=0.633714 ms (tx_ts=161324910325000, rx_ts=161324910958714) request_id=514282 zil_blk_id=65996 ccf_commit_seqno=514282 nstreams_done_=16500 config.nstreams=20000 avg_latency=0.6510 ms avg throuhgput (requests/sec) = 89.1639 res=false
*==== INFO ====* req_id_count= 17000 stream_id=67996 latency=0.588972 ms (tx_ts=161330682455561, rx_ts=161330683044533) request_id=530236 zil_blk_id=67996 ccf_commit_seqno=530237 nstreams_done_=17000 config.nstreams=20000 avg_latency=0.6498 ms avg throuhgput (requests/sec) = 89.0871 res=false
*==== INFO ====* req_id_count= 17500 stream_id=69996 latency=0.739965 ms (tx_ts=161336462012610, rx_ts=161336462752575) request_id=546287 zil_blk_id=69996 ccf_commit_seqno=546287 nstreams_done_=17500 config.nstreams=20000 avg_latency=0.6489 ms avg throuhgput (requests/sec) = 89.0113 res=false
*==== INFO ====* req_id_count= 18000 stream_id=71996 latency=0.736798 ms (tx_ts=161342233303400, rx_ts=161342234040198) request_id=562325 zil_blk_id=71996 ccf_commit_seqno=562326 nstreams_done_=18000 config.nstreams=20000 avg_latency=0.6484 ms avg throuhgput (requests/sec) = 88.9436 res=false
*==== INFO ====* req_id_count= 18500 stream_id=73996 latency=0.799345 ms (tx_ts=161347750293322, rx_ts=161347751092667) request_id=577608 zil_blk_id=73996 ccf_commit_seqno=577609 nstreams_done_=18500 config.nstreams=20000 avg_latency=0.6491 ms avg throuhgput (requests/sec) = 88.9883 res=false
*==== INFO ====* req_id_count= 19000 stream_id=75996 latency=0.618657 ms (tx_ts=161353251766980, rx_ts=161353252385637) request_id=592886 zil_blk_id=75996 ccf_commit_seqno=592886 nstreams_done_=19000 config.nstreams=20000 avg_latency=0.6495 ms avg throuhgput (requests/sec) = 89.0372 res=false
*==== INFO ====* req_id_count= 19500 stream_id=77996 latency=0.697805 ms (tx_ts=161358767687905, rx_ts=161358768385710) request_id=608209 zil_blk_id=77996 ccf_commit_seqno=608209 nstreams_done_=19500 config.nstreams=20000 avg_latency=0.6503 ms avg throuhgput (requests/sec) = 89.0778 res=false
*==== INFO ====* http_end_stream ALL streams done! nstreams_done_=20000 avg_latency=0.6507 msreq_id_count= 20000
*==== INFO ====* req_id_count= 20000 stream_id=79996 latency=0.524221 ms (tx_ts=161364270064904, rx_ts=161364270589125) request_id=622481 zil_blk_id=79996 ccf_commit_seqno=622481 nstreams_done_=20000 config.nstreams=20000 avg_latency=0.6507 ms avg throuhgput (requests/sec) = 89.1218 res=true
