Uniform: 419853 368345 32270 696916 677309 
Exponential: -2147483648 -2147483648 -2147483648 -2147483648 -2147483648 
Truncated Normal: 400487 124011 433901 830784 974382 
*==== INFO ====* req_id_count= 500 stream_id=1996 latency=0.582910 ms (tx_ts=161145693843849, rx_ts=161145694426759) request_id=15810 zil_blk_id=1996 ccf_commit_seqno=15810 nstreams_done_=500 config.nstreams=20000 avg_latency=0.7293 ms avg throuhgput (requests/sec) = 85.6980 res=false
*==== INFO ====* req_id_count= 1000 stream_id=3996 latency=0.566340 ms (tx_ts=161151564158951, rx_ts=161151564725291) request_id=32084 zil_blk_id=3996 ccf_commit_seqno=32084 nstreams_done_=1000 config.nstreams=20000 avg_latency=0.7385 ms avg throuhgput (requests/sec) = 85.4355 res=false
*==== INFO ====* req_id_count= 1500 stream_id=5996 latency=0.582991 ms (tx_ts=161157422455722, rx_ts=161157423038713) request_id=48381 zil_blk_id=5996 ccf_commit_seqno=48381 nstreams_done_=1500 config.nstreams=20000 avg_latency=0.7289 ms avg throuhgput (requests/sec) = 85.4066 res=false
*==== INFO ====* req_id_count= 2000 stream_id=7996 latency=0.710260 ms (tx_ts=161163295177150, rx_ts=161163295887410) request_id=64753 zil_blk_id=7996 ccf_commit_seqno=64753 nstreams_done_=2000 config.nstreams=20000 avg_latency=0.7269 ms avg throuhgput (requests/sec) = 85.3392 res=false
*==== INFO ====* req_id_count= 2500 stream_id=9996 latency=0.741498 ms (tx_ts=161169211991831, rx_ts=161169212733329) request_id=81194 zil_blk_id=9996 ccf_commit_seqno=81194 nstreams_done_=2500 config.nstreams=20000 avg_latency=0.7382 ms avg throuhgput (requests/sec) = 85.1709 res=false
*==== INFO ====* req_id_count= 3000 stream_id=11996 latency=0.815276 ms (tx_ts=161175112637228, rx_ts=161175113452504) request_id=97617 zil_blk_id=11996 ccf_commit_seqno=97619 nstreams_done_=3000 config.nstreams=20000 avg_latency=0.7372 ms avg throuhgput (requests/sec) = 85.0980 res=false
*==== INFO ====* req_id_count= 3500 stream_id=13996 latency=0.801369 ms (tx_ts=161180982858837, rx_ts=161180983660206) request_id=113990 zil_blk_id=13996 ccf_commit_seqno=113991 nstreams_done_=3500 config.nstreams=20000 avg_latency=0.7353 ms avg throuhgput (requests/sec) = 85.1091 res=false
*==== INFO ====* req_id_count= 4000 stream_id=15996 latency=0.571767 ms (tx_ts=161186824968336, rx_ts=161186825540103) request_id=130308 zil_blk_id=15996 ccf_commit_seqno=130308 nstreams_done_=4000 config.nstreams=20000 avg_latency=0.7302 ms avg throuhgput (requests/sec) = 85.1688 res=false
*==== INFO ====* req_id_count= 4500 stream_id=17996 latency=0.603519 ms (tx_ts=161192682813604, rx_ts=161192683417123) request_id=146635 zil_blk_id=17996 ccf_commit_seqno=146635 nstreams_done_=4500 config.nstreams=20000 avg_latency=0.7291 ms avg throuhgput (requests/sec) = 85.1895 res=false
*==== INFO ====* req_id_count= 5000 stream_id=19996 latency=0.590815 ms (tx_ts=161198520713352, rx_ts=161198521304167) request_id=162910 zil_blk_id=19996 ccf_commit_seqno=162910 nstreams_done_=5000 config.nstreams=20000 avg_latency=0.7266 ms avg throuhgput (requests/sec) = 85.2350 res=false
*==== INFO ====* req_id_count= 5500 stream_id=21996 latency=0.821846 ms (tx_ts=161204388617869, rx_ts=161204389439715) request_id=179245 zil_blk_id=21996 ccf_commit_seqno=179245 nstreams_done_=5500 config.nstreams=20000 avg_latency=0.7269 ms avg throuhgput (requests/sec) = 85.2324 res=false
*==== INFO ====* req_id_count= 6000 stream_id=23996 latency=0.808371 ms (tx_ts=161210228310718, rx_ts=161210229119089) request_id=195409 zil_blk_id=23996 ccf_commit_seqno=195409 nstreams_done_=6000 config.nstreams=20000 avg_latency=0.7266 ms avg throuhgput (requests/sec) = 85.2647 res=false
*==== INFO ====* req_id_count= 6500 stream_id=25996 latency=0.615652 ms (tx_ts=161216060435238, rx_ts=161216061050890) request_id=211575 zil_blk_id=25996 ccf_commit_seqno=211575 nstreams_done_=6500 config.nstreams=20000 avg_latency=0.7249 ms avg throuhgput (requests/sec) = 85.3006 res=false
*==== INFO ====* req_id_count= 7000 stream_id=27996 latency=0.587460 ms (tx_ts=161221906528380, rx_ts=161221907115840) request_id=227778 zil_blk_id=27996 ccf_commit_seqno=227778 nstreams_done_=7000 config.nstreams=20000 avg_latency=0.7221 ms avg throuhgput (requests/sec) = 85.3168 res=false
*==== INFO ====* req_id_count= 7500 stream_id=29996 latency=0.611747 ms (tx_ts=161227773915920, rx_ts=161227774527667) request_id=244085 zil_blk_id=29996 ccf_commit_seqno=244085 nstreams_done_=7500 config.nstreams=20000 avg_latency=0.7227 ms avg throuhgput (requests/sec) = 85.3101 res=false
*==== INFO ====* req_id_count= 8000 stream_id=31996 latency=0.613458 ms (tx_ts=161233626238197, rx_ts=161233626851655) request_id=260397 zil_blk_id=31996 ccf_commit_seqno=260397 nstreams_done_=8000 config.nstreams=20000 avg_latency=0.7207 ms avg throuhgput (requests/sec) = 85.3180 res=false
*==== INFO ====* req_id_count= 8500 stream_id=33996 latency=0.644055 ms (tx_ts=161239492334082, rx_ts=161239492978137) request_id=276726 zil_blk_id=33996 ccf_commit_seqno=276726 nstreams_done_=8500 config.nstreams=20000 avg_latency=0.7207 ms avg throuhgput (requests/sec) = 85.3131 res=false
*==== INFO ====* req_id_count= 9000 stream_id=35996 latency=0.703655 ms (tx_ts=161245344799071, rx_ts=161245345502726) request_id=293035 zil_blk_id=35996 ccf_commit_seqno=293035 nstreams_done_=9000 config.nstreams=20000 avg_latency=0.7201 ms avg throuhgput (requests/sec) = 85.3198 res=false
*==== INFO ====* req_id_count= 9500 stream_id=37996 latency=0.611495 ms (tx_ts=161251207125959, rx_ts=161251207737454) request_id=309400 zil_blk_id=37996 ccf_commit_seqno=309400 nstreams_done_=9500 config.nstreams=20000 avg_latency=0.7204 ms avg throuhgput (requests/sec) = 85.3183 res=false
*==== INFO ====* req_id_count= 10000 stream_id=39996 latency=0.652100 ms (tx_ts=161257091880613, rx_ts=161257092532713) request_id=325830 zil_blk_id=39996 ccf_commit_seqno=325830 nstreams_done_=10000 config.nstreams=20000 avg_latency=0.7218 ms avg throuhgput (requests/sec) = 85.3005 res=false
*==== INFO ====* req_id_count= 10500 stream_id=41996 latency=0.790318 ms (tx_ts=161262950043929, rx_ts=161262950834247) request_id=342194 zil_blk_id=41996 ccf_commit_seqno=342194 nstreams_done_=10500 config.nstreams=20000 avg_latency=0.7205 ms avg throuhgput (requests/sec) = 85.3028 res=false
*==== INFO ====* req_id_count= 11000 stream_id=43996 latency=0.786421 ms (tx_ts=161268806592727, rx_ts=161268807379148) request_id=358535 zil_blk_id=43996 ccf_commit_seqno=358535 nstreams_done_=11000 config.nstreams=20000 avg_latency=0.7205 ms avg throuhgput (requests/sec) = 85.3061 res=false
*==== INFO ====* req_id_count= 11500 stream_id=45996 latency=1.166522 ms (tx_ts=161274668730789, rx_ts=161274669897311) request_id=374892 zil_blk_id=45996 ccf_commit_seqno=374892 nstreams_done_=11500 config.nstreams=20000 avg_latency=0.7199 ms avg throuhgput (requests/sec) = 85.3053 res=false
*==== INFO ====* req_id_count= 12000 stream_id=47996 latency=0.665334 ms (tx_ts=161280528357510, rx_ts=161280529022844) request_id=391179 zil_blk_id=47996 ccf_commit_seqno=391179 nstreams_done_=12000 config.nstreams=20000 avg_latency=0.7192 ms avg throuhgput (requests/sec) = 85.3066 res=false
*==== INFO ====* req_id_count= 12500 stream_id=49996 latency=0.824552 ms (tx_ts=161286385841264, rx_ts=161286386665816) request_id=407458 zil_blk_id=49996 ccf_commit_seqno=407458 nstreams_done_=12500 config.nstreams=20000 avg_latency=0.7190 ms avg throuhgput (requests/sec) = 85.3087 res=false
*==== INFO ====* req_id_count= 13000 stream_id=51996 latency=0.724124 ms (tx_ts=161292243295147, rx_ts=161292244019271) request_id=423735 zil_blk_id=51996 ccf_commit_seqno=423736 nstreams_done_=13000 config.nstreams=20000 avg_latency=0.7186 ms avg throuhgput (requests/sec) = 85.3108 res=false
*==== INFO ====* req_id_count= 13500 stream_id=53996 latency=0.615662 ms (tx_ts=161298087051762, rx_ts=161298087667424) request_id=439952 zil_blk_id=53996 ccf_commit_seqno=439952 nstreams_done_=13500 config.nstreams=20000 avg_latency=0.7178 ms avg throuhgput (requests/sec) = 85.3201 res=false
*==== INFO ====* req_id_count= 14000 stream_id=55996 latency=0.818991 ms (tx_ts=161303957210331, rx_ts=161303958029322) request_id=456245 zil_blk_id=55996 ccf_commit_seqno=456246 nstreams_done_=14000 config.nstreams=20000 avg_latency=0.7188 ms avg throuhgput (requests/sec) = 85.3149 res=false
*==== INFO ====* req_id_count= 14500 stream_id=57996 latency=0.811257 ms (tx_ts=161309827079408, rx_ts=161309827890665) request_id=472509 zil_blk_id=57996 ccf_commit_seqno=472509 nstreams_done_=14500 config.nstreams=20000 avg_latency=0.7191 ms avg throuhgput (requests/sec) = 85.3102 res=false
*==== INFO ====* req_id_count= 15000 stream_id=59996 latency=0.789436 ms (tx_ts=161315687620964, rx_ts=161315688410400) request_id=488785 zil_blk_id=59996 ccf_commit_seqno=488786 nstreams_done_=15000 config.nstreams=20000 avg_latency=0.7186 ms avg throuhgput (requests/sec) = 85.3104 res=false
*==== INFO ====* req_id_count= 15500 stream_id=61996 latency=0.589322 ms (tx_ts=161321580811372, rx_ts=161321581400694) request_id=505120 zil_blk_id=61996 ccf_commit_seqno=505120 nstreams_done_=15500 config.nstreams=20000 avg_latency=0.7208 ms avg throuhgput (requests/sec) = 85.2954 res=false
*==== INFO ====* req_id_count= 16000 stream_id=63996 latency=0.652710 ms (tx_ts=161327465689799, rx_ts=161327466342509) request_id=521336 zil_blk_id=63996 ccf_commit_seqno=521336 nstreams_done_=16000 config.nstreams=20000 avg_latency=0.7225 ms avg throuhgput (requests/sec) = 85.2850 res=false
*==== INFO ====* req_id_count= 16500 stream_id=65996 latency=0.829813 ms (tx_ts=161333354564550, rx_ts=161333355394363) request_id=537647 zil_blk_id=65996 ccf_commit_seqno=537648 nstreams_done_=16500 config.nstreams=20000 avg_latency=0.7247 ms avg throuhgput (requests/sec) = 85.2733 res=false
*==== INFO ====* req_id_count= 17000 stream_id=67996 latency=0.743861 ms (tx_ts=161339237764066, rx_ts=161339238507927) request_id=553989 zil_blk_id=67996 ccf_commit_seqno=553989 nstreams_done_=17000 config.nstreams=20000 avg_latency=0.7258 ms avg throuhgput (requests/sec) = 85.2650 res=false
*==== INFO ====* req_id_count= 17500 stream_id=69996 latency=0.586697 ms (tx_ts=161345090388475, rx_ts=161345090975172) request_id=570224 zil_blk_id=69996 ccf_commit_seqno=570224 nstreams_done_=17500 config.nstreams=20000 avg_latency=0.7256 ms avg throuhgput (requests/sec) = 85.2698 res=false
*==== INFO ====* req_id_count= 18000 stream_id=71996 latency=0.611513 ms (tx_ts=161350933235895, rx_ts=161350933847408) request_id=586439 zil_blk_id=71996 ccf_commit_seqno=586439 nstreams_done_=18000 config.nstreams=20000 avg_latency=0.7254 ms avg throuhgput (requests/sec) = 85.2782 res=false
*==== INFO ====* req_id_count= 18500 stream_id=73996 latency=0.816396 ms (tx_ts=161356798736559, rx_ts=161356799552955) request_id=602742 zil_blk_id=73996 ccf_commit_seqno=602742 nstreams_done_=18500 config.nstreams=20000 avg_latency=0.7253 ms avg throuhgput (requests/sec) = 85.2772 res=false
*==== INFO ====* req_id_count= 19000 stream_id=75996 latency=0.645307 ms (tx_ts=161362646114167, rx_ts=161362646759474) request_id=618527 zil_blk_id=75996 ccf_commit_seqno=618527 nstreams_done_=19000 config.nstreams=20000 avg_latency=0.7249 ms avg throuhgput (requests/sec) = 85.2833 res=false
*==== INFO ====* req_id_count= 19500 stream_id=77996 latency=0.725628 ms (tx_ts=161368555471833, rx_ts=161368556197461) request_id=630664 zil_blk_id=77996 ccf_commit_seqno=630664 nstreams_done_=19500 config.nstreams=20000 avg_latency=0.7250 ms avg throuhgput (requests/sec) = 85.2660 res=false
*==== INFO ====* http_end_stream ALL streams done! nstreams_done_=20000 avg_latency=0.7267 msreq_id_count= 20000
*==== INFO ====* req_id_count= 20000 stream_id=79996 latency=0.720899 ms (tx_ts=161374565786812, rx_ts=161374566507711) request_id=639550 zil_blk_id=79996 ccf_commit_seqno=639550 nstreams_done_=20000 config.nstreams=20000 avg_latency=0.7267 ms avg throuhgput (requests/sec) = 85.2128 res=true
