Uniform: 596602 345287 358103 190387 728753 
Exponential: -2147483648 -2147483648 -2147483648 -2147483648 -2147483648 
Truncated Normal: 140923 641339 53769 633048 863972 
*==== INFO ====* req_id_count= 500 stream_id=1996 latency=0.706272 ms (tx_ts=161145635748935, rx_ts=161145636455207) request_id=15646 zil_blk_id=1996 ccf_commit_seqno=15646 nstreams_done_=500 config.nstreams=20000 avg_latency=0.6773 ms avg throuhgput (requests/sec) = 86.5754 res=false
*==== INFO ====* req_id_count= 1000 stream_id=3996 latency=0.590105 ms (tx_ts=161151449659199, rx_ts=161151450249304) request_id=31773 zil_blk_id=3996 ccf_commit_seqno=31773 nstreams_done_=1000 config.nstreams=20000 avg_latency=0.6730 ms avg throuhgput (requests/sec) = 86.2879 res=false
*==== INFO ====* req_id_count= 1500 stream_id=5996 latency=0.539590 ms (tx_ts=161157270151852, rx_ts=161157270691442) request_id=47961 zil_blk_id=5996 ccf_commit_seqno=47961 nstreams_done_=1500 config.nstreams=20000 avg_latency=0.6766 ms avg throuhgput (requests/sec) = 86.1596 res=false
*==== INFO ====* req_id_count= 2000 stream_id=7996 latency=0.587429 ms (tx_ts=161163085167405, rx_ts=161163085754834) request_id=64167 zil_blk_id=7996 ccf_commit_seqno=64167 nstreams_done_=2000 config.nstreams=20000 avg_latency=0.6722 ms avg throuhgput (requests/sec) = 86.1155 res=false
*==== INFO ====* req_id_count= 2500 stream_id=9996 latency=0.687527 ms (tx_ts=161168925087364, rx_ts=161168925774891) request_id=80397 zil_blk_id=9996 ccf_commit_seqno=80397 nstreams_done_=2500 config.nstreams=20000 avg_latency=0.6762 ms avg throuhgput (requests/sec) = 86.0152 res=false
*==== INFO ====* req_id_count= 3000 stream_id=11996 latency=0.544780 ms (tx_ts=161174738568426, rx_ts=161174739113206) request_id=96585 zil_blk_id=11996 ccf_commit_seqno=96585 nstreams_done_=3000 config.nstreams=20000 avg_latency=0.6773 ms avg throuhgput (requests/sec) = 86.0142 res=false
*==== INFO ====* req_id_count= 3500 stream_id=13996 latency=0.600874 ms (tx_ts=161180527542862, rx_ts=161180528143736) request_id=112727 zil_blk_id=13996 ccf_commit_seqno=112727 nstreams_done_=3500 config.nstreams=20000 avg_latency=0.6752 ms avg throuhgput (requests/sec) = 86.0649 res=false
*==== INFO ====* req_id_count= 4000 stream_id=15996 latency=0.538027 ms (tx_ts=161186298535168, rx_ts=161186299073195) request_id=128845 zil_blk_id=15996 ccf_commit_seqno=128845 nstreams_done_=4000 config.nstreams=20000 avg_latency=0.6765 ms avg throuhgput (requests/sec) = 86.1365 res=false
*==== INFO ====* req_id_count= 4500 stream_id=17996 latency=0.599050 ms (tx_ts=161192100053414, rx_ts=161192100652464) request_id=145017 zil_blk_id=17996 ccf_commit_seqno=145017 nstreams_done_=4500 config.nstreams=20000 avg_latency=0.6746 ms avg throuhgput (requests/sec) = 86.1417 res=false
*==== INFO ====* req_id_count= 5000 stream_id=19996 latency=0.601164 ms (tx_ts=161197886896821, rx_ts=161197887497985) request_id=161150 zil_blk_id=19996 ccf_commit_seqno=161150 nstreams_done_=5000 config.nstreams=20000 avg_latency=0.6734 ms avg throuhgput (requests/sec) = 86.1677 res=false
*==== INFO ====* req_id_count= 5500 stream_id=21996 latency=0.593720 ms (tx_ts=161203704698988, rx_ts=161203705292708) request_id=177347 zil_blk_id=21996 ccf_commit_seqno=177347 nstreams_done_=5500 config.nstreams=20000 avg_latency=0.6728 ms avg throuhgput (requests/sec) = 86.1473 res=false
*==== INFO ====* req_id_count= 6000 stream_id=23996 latency=0.537455 ms (tx_ts=161209504786386, rx_ts=161209505323841) request_id=193404 zil_blk_id=23996 ccf_commit_seqno=193404 nstreams_done_=6000 config.nstreams=20000 avg_latency=0.6727 ms avg throuhgput (requests/sec) = 86.1522 res=false
*==== INFO ====* req_id_count= 6500 stream_id=25996 latency=0.563313 ms (tx_ts=161215303850798, rx_ts=161215304414111) request_id=209480 zil_blk_id=25996 ccf_commit_seqno=209480 nstreams_done_=6500 config.nstreams=20000 avg_latency=0.6743 ms avg throuhgput (requests/sec) = 86.1574 res=false
*==== INFO ====* req_id_count= 7000 stream_id=27996 latency=0.755174 ms (tx_ts=161221114698487, rx_ts=161221115453661) request_id=225586 zil_blk_id=27996 ccf_commit_seqno=225587 nstreams_done_=7000 config.nstreams=20000 avg_latency=0.6760 ms avg throuhgput (requests/sec) = 86.1493 res=false
*==== INFO ====* req_id_count= 7500 stream_id=29996 latency=0.748153 ms (tx_ts=161226890872005, rx_ts=161226891620158) request_id=241625 zil_blk_id=29996 ccf_commit_seqno=241627 nstreams_done_=7500 config.nstreams=20000 avg_latency=0.6756 ms avg throuhgput (requests/sec) = 86.1767 res=false
*==== INFO ====* req_id_count= 8000 stream_id=31996 latency=0.705901 ms (tx_ts=161232543130694, rx_ts=161232543836595) request_id=257388 zil_blk_id=31996 ccf_commit_seqno=257388 nstreams_done_=8000 config.nstreams=20000 avg_latency=0.6741 ms avg throuhgput (requests/sec) = 86.3160 res=false
*==== INFO ====* req_id_count= 8500 stream_id=33996 latency=0.614999 ms (tx_ts=161238361205175, rx_ts=161238361820174) request_id=273575 zil_blk_id=33996 ccf_commit_seqno=273575 nstreams_done_=8500 config.nstreams=20000 avg_latency=0.6745 ms avg throuhgput (requests/sec) = 86.2938 res=false
*==== INFO ====* req_id_count= 9000 stream_id=35996 latency=0.579755 ms (tx_ts=161244163259569, rx_ts=161244163839324) request_id=289742 zil_blk_id=35996 ccf_commit_seqno=289742 nstreams_done_=9000 config.nstreams=20000 avg_latency=0.6749 ms avg throuhgput (requests/sec) = 86.2873 res=false
*==== INFO ====* req_id_count= 9500 stream_id=37996 latency=0.592228 ms (tx_ts=161249958232829, rx_ts=161249958825057) request_id=305920 zil_blk_id=37996 ccf_commit_seqno=305920 nstreams_done_=9500 config.nstreams=20000 avg_latency=0.6747 ms avg throuhgput (requests/sec) = 86.2870 res=false
*==== INFO ====* req_id_count= 10000 stream_id=39996 latency=0.555388 ms (tx_ts=161255784311490, rx_ts=161255784866878) request_id=322189 zil_blk_id=39996 ccf_commit_seqno=322189 nstreams_done_=10000 config.nstreams=20000 avg_latency=0.6751 ms avg throuhgput (requests/sec) = 86.2636 res=false
*==== INFO ====* req_id_count= 10500 stream_id=41996 latency=0.564967 ms (tx_ts=161261613747419, rx_ts=161261614312386) request_id=338467 zil_blk_id=41996 ccf_commit_seqno=338467 nstreams_done_=10500 config.nstreams=20000 avg_latency=0.6760 ms avg throuhgput (requests/sec) = 86.2401 res=false
*==== INFO ====* req_id_count= 11000 stream_id=43996 latency=0.574916 ms (tx_ts=161267452134054, rx_ts=161267452708970) request_id=354765 zil_blk_id=43996 ccf_commit_seqno=354765 nstreams_done_=11000 config.nstreams=20000 avg_latency=0.6778 ms avg throuhgput (requests/sec) = 86.2126 res=false
*==== INFO ====* req_id_count= 11500 stream_id=45996 latency=0.580315 ms (tx_ts=161273227562099, rx_ts=161273228142414) request_id=370883 zil_blk_id=45996 ccf_commit_seqno=370883 nstreams_done_=11500 config.nstreams=20000 avg_latency=0.6778 ms avg throuhgput (requests/sec) = 86.2282 res=false
*==== INFO ====* req_id_count= 12000 stream_id=47996 latency=0.600553 ms (tx_ts=161279029385028, rx_ts=161279029985581) request_id=387015 zil_blk_id=47996 ccf_commit_seqno=387015 nstreams_done_=12000 config.nstreams=20000 avg_latency=0.6779 ms avg throuhgput (requests/sec) = 86.2262 res=false
*==== INFO ====* req_id_count= 12500 stream_id=49996 latency=0.608779 ms (tx_ts=161284842537130, rx_ts=161284843145909) request_id=403171 zil_blk_id=49996 ccf_commit_seqno=403171 nstreams_done_=12500 config.nstreams=20000 avg_latency=0.6782 ms avg throuhgput (requests/sec) = 86.2176 res=false
*==== INFO ====* req_id_count= 13000 stream_id=51996 latency=0.706048 ms (tx_ts=161290653440827, rx_ts=161290654146875) request_id=419323 zil_blk_id=51996 ccf_commit_seqno=419323 nstreams_done_=13000 config.nstreams=20000 avg_latency=0.6780 ms avg throuhgput (requests/sec) = 86.2109 res=false
*==== INFO ====* req_id_count= 13500 stream_id=53996 latency=0.716630 ms (tx_ts=161296445766001, rx_ts=161296446482631) request_id=435403 zil_blk_id=53996 ccf_commit_seqno=435403 nstreams_done_=13500 config.nstreams=20000 avg_latency=0.6778 ms avg throuhgput (requests/sec) = 86.2150 res=false
*==== INFO ====* req_id_count= 14000 stream_id=55996 latency=0.786921 ms (tx_ts=161302250468069, rx_ts=161302251254990) request_id=451512 zil_blk_id=55996 ccf_commit_seqno=451512 nstreams_done_=14000 config.nstreams=20000 avg_latency=0.6780 ms avg throuhgput (requests/sec) = 86.2121 res=false
*==== INFO ====* req_id_count= 14500 stream_id=57996 latency=0.572200 ms (tx_ts=161308035609578, rx_ts=161308036181778) request_id=467546 zil_blk_id=57996 ccf_commit_seqno=467546 nstreams_done_=14500 config.nstreams=20000 avg_latency=0.6781 ms avg throuhgput (requests/sec) = 86.2197 res=false
*==== INFO ====* req_id_count= 15000 stream_id=59996 latency=0.561681 ms (tx_ts=161313844690514, rx_ts=161313845252195) request_id=483670 zil_blk_id=59996 ccf_commit_seqno=483670 nstreams_done_=15000 config.nstreams=20000 avg_latency=0.6782 ms avg throuhgput (requests/sec) = 86.2148 res=false
*==== INFO ====* req_id_count= 15500 stream_id=61996 latency=0.626681 ms (tx_ts=161319666767539, rx_ts=161319667394220) request_id=499810 zil_blk_id=61996 ccf_commit_seqno=499810 nstreams_done_=15500 config.nstreams=20000 avg_latency=0.6788 ms avg throuhgput (requests/sec) = 86.2039 res=false
*==== INFO ====* req_id_count= 16000 stream_id=63996 latency=0.571901 ms (tx_ts=161325466510494, rx_ts=161325467082395) request_id=515813 zil_blk_id=63996 ccf_commit_seqno=515813 nstreams_done_=16000 config.nstreams=20000 avg_latency=0.6791 ms avg throuhgput (requests/sec) = 86.2041 res=false
*==== INFO ====* req_id_count= 16500 stream_id=65996 latency=0.743300 ms (tx_ts=161331251673151, rx_ts=161331252416451) request_id=531819 zil_blk_id=65996 ccf_commit_seqno=531820 nstreams_done_=16500 config.nstreams=20000 avg_latency=0.6788 ms avg throuhgput (requests/sec) = 86.2108 res=false
*==== INFO ====* req_id_count= 17000 stream_id=67996 latency=0.711261 ms (tx_ts=161337053629606, rx_ts=161337054340867) request_id=547932 zil_blk_id=67996 ccf_commit_seqno=547932 nstreams_done_=17000 config.nstreams=20000 avg_latency=0.6788 ms avg throuhgput (requests/sec) = 86.2099 res=false
*==== INFO ====* req_id_count= 17500 stream_id=69996 latency=0.893591 ms (tx_ts=161342868246868, rx_ts=161342869140459) request_id=564064 zil_blk_id=69996 ccf_commit_seqno=564065 nstreams_done_=17500 config.nstreams=20000 avg_latency=0.6794 ms avg throuhgput (requests/sec) = 86.2035 res=false
*==== INFO ====* req_id_count= 18000 stream_id=71996 latency=0.548826 ms (tx_ts=161348683736755, rx_ts=161348684285581) request_id=580195 zil_blk_id=71996 ccf_commit_seqno=580195 nstreams_done_=18000 config.nstreams=20000 avg_latency=0.6797 ms avg throuhgput (requests/sec) = 86.1973 res=false
*==== INFO ====* req_id_count= 18500 stream_id=73996 latency=0.546842 ms (tx_ts=161354488674693, rx_ts=161354489221535) request_id=596320 zil_blk_id=73996 ccf_commit_seqno=596320 nstreams_done_=18500 config.nstreams=20000 avg_latency=0.6791 ms avg throuhgput (requests/sec) = 86.1956 res=false
*==== INFO ====* req_id_count= 19000 stream_id=75996 latency=0.665705 ms (tx_ts=161360314017545, rx_ts=161360314683250) request_id=612374 zil_blk_id=75996 ccf_commit_seqno=612374 nstreams_done_=19000 config.nstreams=20000 avg_latency=0.6801 ms avg throuhgput (requests/sec) = 86.1860 res=false
*==== INFO ====* req_id_count= 19500 stream_id=77996 latency=0.628485 ms (tx_ts=161366119701194, rx_ts=161366120329679) request_id=626344 zil_blk_id=77996 ccf_commit_seqno=626344 nstreams_done_=19500 config.nstreams=20000 avg_latency=0.6797 ms avg throuhgput (requests/sec) = 86.1843 res=false
*==== INFO ====* http_end_stream ALL streams done! nstreams_done_=20000 avg_latency=0.6792 msreq_id_count= 20000
*==== INFO ====* req_id_count= 20000 stream_id=79996 latency=0.612727 ms (tx_ts=161372007598747, rx_ts=161372008211474) request_id=636417 zil_blk_id=79996 ccf_commit_seqno=636417 nstreams_done_=20000 config.nstreams=20000 avg_latency=0.6792 ms avg throuhgput (requests/sec) = 86.1523 res=true
