Uniform: 88570 465489 933323 626819 725730 
Exponential: -2147483648 -2147483648 -2147483648 -2147483648 -2147483648 
Truncated Normal: 779727 755254 343289 456480 342136 
*==== INFO ====* req_id_count= 500 stream_id=1996 latency=0.639857 ms (tx_ts=161145686490763, rx_ts=161145687130620) request_id=15785 zil_blk_id=1996 ccf_commit_seqno=15785 nstreams_done_=500 config.nstreams=20000 avg_latency=0.7104 ms avg throuhgput (requests/sec) = 85.8742 res=false
*==== INFO ====* req_id_count= 1000 stream_id=3996 latency=0.716009 ms (tx_ts=161151521304155, rx_ts=161151522020164) request_id=31967 zil_blk_id=3996 ccf_commit_seqno=31967 nstreams_done_=1000 config.nstreams=20000 avg_latency=0.7034 ms avg throuhgput (requests/sec) = 85.7827 res=false
*==== INFO ====* req_id_count= 1500 stream_id=5996 latency=0.637302 ms (tx_ts=161157366163911, rx_ts=161157366801213) request_id=48226 zil_blk_id=5996 ccf_commit_seqno=48226 nstreams_done_=1500 config.nstreams=20000 avg_latency=0.7083 ms avg throuhgput (requests/sec) = 85.7038 res=false
*==== INFO ====* req_id_count= 2000 stream_id=7996 latency=0.618287 ms (tx_ts=161163193676663, rx_ts=161163194294950) request_id=64472 zil_blk_id=7996 ccf_commit_seqno=64472 nstreams_done_=2000 config.nstreams=20000 avg_latency=0.7091 ms avg throuhgput (requests/sec) = 85.7279 res=false
*==== INFO ====* req_id_count= 2500 stream_id=9996 latency=0.806219 ms (tx_ts=161169045018294, rx_ts=161169045824513) request_id=80732 zil_blk_id=9996 ccf_commit_seqno=80733 nstreams_done_=2500 config.nstreams=20000 avg_latency=0.7117 ms avg throuhgput (requests/sec) = 85.6717 res=false
*==== INFO ====* req_id_count= 3000 stream_id=11996 latency=0.660225 ms (tx_ts=161174877849699, rx_ts=161174878509924) request_id=96970 zil_blk_id=11996 ccf_commit_seqno=96970 nstreams_done_=3000 config.nstreams=20000 avg_latency=0.7084 ms avg throuhgput (requests/sec) = 85.6804 res=false
*==== INFO ====* req_id_count= 3500 stream_id=13996 latency=0.836255 ms (tx_ts=161180715885633, rx_ts=161180716721888) request_id=113253 zil_blk_id=13996 ccf_commit_seqno=113255 nstreams_done_=3500 config.nstreams=20000 avg_latency=0.7098 ms avg throuhgput (requests/sec) = 85.6750 res=false
*==== INFO ====* req_id_count= 4000 stream_id=15996 latency=0.749166 ms (tx_ts=161186537314464, rx_ts=161186538063630) request_id=129509 zil_blk_id=15996 ccf_commit_seqno=129509 nstreams_done_=4000 config.nstreams=20000 avg_latency=0.7103 ms avg throuhgput (requests/sec) = 85.7019 res=false
*==== INFO ====* req_id_count= 4500 stream_id=17996 latency=0.581688 ms (tx_ts=161192372212940, rx_ts=161192372794628) request_id=145773 zil_blk_id=17996 ccf_commit_seqno=145773 nstreams_done_=4500 config.nstreams=20000 avg_latency=0.7117 ms avg throuhgput (requests/sec) = 85.7010 res=false
*==== INFO ====* req_id_count= 5000 stream_id=19996 latency=0.635569 ms (tx_ts=161198200265102, rx_ts=161198200900671) request_id=162023 zil_blk_id=19996 ccf_commit_seqno=162023 nstreams_done_=5000 config.nstreams=20000 avg_latency=0.7113 ms avg throuhgput (requests/sec) = 85.7100 res=false
*==== INFO ====* req_id_count= 5500 stream_id=21996 latency=0.599430 ms (tx_ts=161204056024899, rx_ts=161204056624329) request_id=178324 zil_blk_id=21996 ccf_commit_seqno=178324 nstreams_done_=5500 config.nstreams=20000 avg_latency=0.7114 ms avg throuhgput (requests/sec) = 85.6805 res=false
*==== INFO ====* req_id_count= 6000 stream_id=23996 latency=0.598158 ms (tx_ts=161209882370728, rx_ts=161209882968886) request_id=194449 zil_blk_id=23996 ccf_commit_seqno=194449 nstreams_done_=6000 config.nstreams=20000 avg_latency=0.7114 ms avg throuhgput (requests/sec) = 85.6919 res=false
*==== INFO ====* req_id_count= 6500 stream_id=25996 latency=0.658842 ms (tx_ts=161215699035387, rx_ts=161215699694229) request_id=210576 zil_blk_id=25996 ccf_commit_seqno=210576 nstreams_done_=6500 config.nstreams=20000 avg_latency=0.7111 ms avg throuhgput (requests/sec) = 85.7124 res=false
*==== INFO ====* req_id_count= 7000 stream_id=27996 latency=0.587791 ms (tx_ts=161221502991191, rx_ts=161221503578982) request_id=226663 zil_blk_id=27996 ccf_commit_seqno=226663 nstreams_done_=7000 config.nstreams=20000 avg_latency=0.7109 ms avg throuhgput (requests/sec) = 85.7434 res=false
*==== INFO ====* req_id_count= 7500 stream_id=29996 latency=0.803676 ms (tx_ts=161227349950537, rx_ts=161227350754213) request_id=242905 zil_blk_id=29996 ccf_commit_seqno=242906 nstreams_done_=7500 config.nstreams=20000 avg_latency=0.7111 ms avg throuhgput (requests/sec) = 85.7279 res=false
*==== INFO ====* req_id_count= 8000 stream_id=31996 latency=0.793845 ms (tx_ts=161233169295149, rx_ts=161233170088994) request_id=259125 zil_blk_id=31996 ccf_commit_seqno=259125 nstreams_done_=8000 config.nstreams=20000 avg_latency=0.7107 ms avg throuhgput (requests/sec) = 85.7399 res=false
*==== INFO ====* req_id_count= 8500 stream_id=33996 latency=0.845482 ms (tx_ts=161239000467490, rx_ts=161239001312972) request_id=275364 zil_blk_id=33996 ccf_commit_seqno=275364 nstreams_done_=8500 config.nstreams=20000 avg_latency=0.7103 ms avg throuhgput (requests/sec) = 85.7402 res=false
*==== INFO ====* req_id_count= 9000 stream_id=35996 latency=0.670244 ms (tx_ts=161244832018675, rx_ts=161244832688919) request_id=291609 zil_blk_id=35996 ccf_commit_seqno=291609 nstreams_done_=9000 config.nstreams=20000 avg_latency=0.7114 ms avg throuhgput (requests/sec) = 85.7404 res=false
*==== INFO ====* req_id_count= 9500 stream_id=37996 latency=0.588161 ms (tx_ts=161250655594794, rx_ts=161250656182955) request_id=307869 zil_blk_id=37996 ccf_commit_seqno=307869 nstreams_done_=9500 config.nstreams=20000 avg_latency=0.7101 ms avg throuhgput (requests/sec) = 85.7466 res=false
*==== INFO ====* req_id_count= 10000 stream_id=39996 latency=0.654854 ms (tx_ts=161256501248059, rx_ts=161256501902913) request_id=324191 zil_blk_id=39996 ccf_commit_seqno=324191 nstreams_done_=10000 config.nstreams=20000 avg_latency=0.7109 ms avg throuhgput (requests/sec) = 85.7359 res=false
*==== INFO ====* req_id_count= 10500 stream_id=41996 latency=0.609355 ms (tx_ts=161262334294377, rx_ts=161262334903732) request_id=340477 zil_blk_id=41996 ccf_commit_seqno=340477 nstreams_done_=10500 config.nstreams=20000 avg_latency=0.7111 ms avg throuhgput (requests/sec) = 85.7351 res=false
*==== INFO ====* req_id_count= 11000 stream_id=43996 latency=0.616022 ms (tx_ts=161268148081583, rx_ts=161268148697605) request_id=356702 zil_blk_id=43996 ccf_commit_seqno=356702 nstreams_done_=11000 config.nstreams=20000 avg_latency=0.7103 ms avg throuhgput (requests/sec) = 85.7472 res=false
*==== INFO ====* req_id_count= 11500 stream_id=45996 latency=0.635198 ms (tx_ts=161273988011105, rx_ts=161273988646303) request_id=372998 zil_blk_id=45996 ccf_commit_seqno=372998 nstreams_done_=11500 config.nstreams=20000 avg_latency=0.7102 ms avg throuhgput (requests/sec) = 85.7416 res=false
*==== INFO ====* req_id_count= 12000 stream_id=47996 latency=0.868755 ms (tx_ts=161279827175561, rx_ts=161279828044316) request_id=389233 zil_blk_id=47996 ccf_commit_seqno=389233 nstreams_done_=12000 config.nstreams=20000 avg_latency=0.7112 ms avg throuhgput (requests/sec) = 85.7367 res=false
*==== INFO ====* req_id_count= 12500 stream_id=49996 latency=0.646099 ms (tx_ts=161285646225339, rx_ts=161285646871438) request_id=405406 zil_blk_id=49996 ccf_commit_seqno=405406 nstreams_done_=12500 config.nstreams=20000 avg_latency=0.7113 ms avg throuhgput (requests/sec) = 85.7443 res=false
*==== INFO ====* req_id_count= 13000 stream_id=51996 latency=0.603870 ms (tx_ts=161291479299285, rx_ts=161291479903155) request_id=421619 zil_blk_id=51996 ccf_commit_seqno=421619 nstreams_done_=13000 config.nstreams=20000 avg_latency=0.7112 ms avg throuhgput (requests/sec) = 85.7434 res=false
*==== INFO ====* req_id_count= 13500 stream_id=53996 latency=0.639279 ms (tx_ts=161297306650983, rx_ts=161297307290262) request_id=437794 zil_blk_id=53996 ccf_commit_seqno=437794 nstreams_done_=13500 config.nstreams=20000 avg_latency=0.7120 ms avg throuhgput (requests/sec) = 85.7455 res=false
*==== INFO ====* req_id_count= 14000 stream_id=55996 latency=0.714397 ms (tx_ts=161303137570772, rx_ts=161303138285169) request_id=453970 zil_blk_id=55996 ccf_commit_seqno=453971 nstreams_done_=14000 config.nstreams=20000 avg_latency=0.7119 ms avg throuhgput (requests/sec) = 85.7456 res=false
*==== INFO ====* req_id_count= 14500 stream_id=57996 latency=0.845991 ms (tx_ts=161308974326887, rx_ts=161308975172878) request_id=470153 zil_blk_id=57996 ccf_commit_seqno=470153 nstreams_done_=14500 config.nstreams=20000 avg_latency=0.7122 ms avg throuhgput (requests/sec) = 85.7427 res=false
*==== INFO ====* req_id_count= 15000 stream_id=59996 latency=0.711961 ms (tx_ts=161314793504946, rx_ts=161314794216907) request_id=486305 zil_blk_id=59996 ccf_commit_seqno=486305 nstreams_done_=15000 config.nstreams=20000 avg_latency=0.7125 ms avg throuhgput (requests/sec) = 85.7488 res=false
*==== INFO ====* req_id_count= 15500 stream_id=61996 latency=0.673429 ms (tx_ts=161320625205518, rx_ts=161320625878947) request_id=502465 zil_blk_id=61996 ccf_commit_seqno=502465 nstreams_done_=15500 config.nstreams=20000 avg_latency=0.7125 ms avg throuhgput (requests/sec) = 85.7485 res=false
*==== INFO ====* req_id_count= 16000 stream_id=63996 latency=0.655705 ms (tx_ts=161326441220284, rx_ts=161326441875989) request_id=518503 zil_blk_id=63996 ccf_commit_seqno=518503 nstreams_done_=16000 config.nstreams=20000 avg_latency=0.7124 ms avg throuhgput (requests/sec) = 85.7554 res=false
*==== INFO ====* req_id_count= 16500 stream_id=65996 latency=0.604401 ms (tx_ts=161332269079768, rx_ts=161332269684169) request_id=534636 zil_blk_id=65996 ccf_commit_seqno=534636 nstreams_done_=16500 config.nstreams=20000 avg_latency=0.7127 ms avg throuhgput (requests/sec) = 85.7566 res=false
*==== INFO ====* req_id_count= 17000 stream_id=67996 latency=0.800046 ms (tx_ts=161338083431912, rx_ts=161338084231958) request_id=550786 zil_blk_id=67996 ccf_commit_seqno=550786 nstreams_done_=17000 config.nstreams=20000 avg_latency=0.7128 ms avg throuhgput (requests/sec) = 85.7635 res=false
*==== INFO ====* req_id_count= 17500 stream_id=69996 latency=0.661386 ms (tx_ts=161343904192080, rx_ts=161343904853466) request_id=566936 zil_blk_id=69996 ccf_commit_seqno=566936 nstreams_done_=17500 config.nstreams=20000 avg_latency=0.7131 ms avg throuhgput (requests/sec) = 85.7674 res=false
*==== INFO ====* req_id_count= 18000 stream_id=71996 latency=0.568543 ms (tx_ts=161349726788808, rx_ts=161349727357351) request_id=583099 zil_blk_id=71996 ccf_commit_seqno=583099 nstreams_done_=18000 config.nstreams=20000 avg_latency=0.7138 ms avg throuhgput (requests/sec) = 85.7704 res=false
*==== INFO ====* req_id_count= 18500 stream_id=73996 latency=0.660976 ms (tx_ts=161355551297074, rx_ts=161355551958050) request_id=599282 zil_blk_id=73996 ccf_commit_seqno=599282 nstreams_done_=18500 config.nstreams=20000 avg_latency=0.7135 ms avg throuhgput (requests/sec) = 85.7723 res=false
*==== INFO ====* req_id_count= 19000 stream_id=75996 latency=0.813472 ms (tx_ts=161361363390036, rx_ts=161361364203508) request_id=615194 zil_blk_id=75996 ccf_commit_seqno=615194 nstreams_done_=19000 config.nstreams=20000 avg_latency=0.7129 ms avg throuhgput (requests/sec) = 85.7790 res=false
*==== INFO ====* req_id_count= 19500 stream_id=77996 latency=0.600995 ms (tx_ts=161367240967689, rx_ts=161367241568684) request_id=628332 zil_blk_id=77996 ccf_commit_seqno=628332 nstreams_done_=19500 config.nstreams=20000 avg_latency=0.7135 ms avg throuhgput (requests/sec) = 85.7607 res=false
*==== INFO ====* http_end_stream ALL streams done! nstreams_done_=20000 avg_latency=0.7126 msreq_id_count= 20000
*==== INFO ====* req_id_count= 20000 stream_id=79996 latency=0.583933 ms (tx_ts=161373148548566, rx_ts=161373149132499) request_id=638072 zil_blk_id=79996 ccf_commit_seqno=638072 nstreams_done_=20000 config.nstreams=20000 avg_latency=0.7126 ms avg throuhgput (requests/sec) = 85.7322 res=true
