Uniform: 609477 668241 558924 764587 624809 
Exponential: -2147483648 -2147483648 -2147483648 -2147483648 -2147483648 
Truncated Normal: 603481 477288 338354 842292 675302 
*==== INFO ====* req_id_count= 500 stream_id=1996 latency=0.575186 ms (tx_ts=161145339719372, rx_ts=161145340294558) request_id=14840 zil_blk_id=469 ccf_commit_seqno=14840 nstreams_done_=500 config.nstreams=20000 avg_latency=0.6320 ms avg throuhgput (requests/sec) = 91.2354 res=false
*==== INFO ====* req_id_count= 1000 stream_id=3996 latency=0.528168 ms (tx_ts=161150813350104, rx_ts=161150813878272) request_id=30013 zil_blk_id=5600 ccf_commit_seqno=30013 nstreams_done_=1000 config.nstreams=20000 avg_latency=0.6184 ms avg throuhgput (requests/sec) = 91.2916 res=false
*==== INFO ====* req_id_count= 1500 stream_id=5996 latency=0.509594 ms (tx_ts=161156300882828, rx_ts=161156301392422) request_id=45265 zil_blk_id=10735 ccf_commit_seqno=45265 nstreams_done_=1500 config.nstreams=20000 avg_latency=0.6196 ms avg throuhgput (requests/sec) = 91.2330 res=false
*==== INFO ====* req_id_count= 2000 stream_id=7996 latency=0.691274 ms (tx_ts=161161801603974, rx_ts=161161802295248) request_id=60589 zil_blk_id=15885 ccf_commit_seqno=60589 nstreams_done_=2000 config.nstreams=20000 avg_latency=0.6291 ms avg throuhgput (requests/sec) = 91.1480 res=false
*==== INFO ====* req_id_count= 2500 stream_id=9996 latency=0.521015 ms (tx_ts=161167295829301, rx_ts=161167296350316) request_id=75874 zil_blk_id=21024 ccf_commit_seqno=75874 nstreams_done_=2500 config.nstreams=20000 avg_latency=0.6308 ms avg throuhgput (requests/sec) = 91.1199 res=false
*==== INFO ====* req_id_count= 3000 stream_id=11996 latency=0.609030 ms (tx_ts=161172783811753, rx_ts=161172784420783) request_id=91139 zil_blk_id=26159 ccf_commit_seqno=91139 nstreams_done_=3000 config.nstreams=20000 avg_latency=0.6292 ms avg throuhgput (requests/sec) = 91.1177 res=false
*==== INFO ====* req_id_count= 3500 stream_id=13996 latency=0.517288 ms (tx_ts=161178296782990, rx_ts=161178297300278) request_id=106495 zil_blk_id=31334 ccf_commit_seqno=106495 nstreams_done_=3500 config.nstreams=20000 avg_latency=0.6350 ms avg throuhgput (requests/sec) = 91.0573 res=false
*==== INFO ====* req_id_count= 4000 stream_id=15996 latency=0.686464 ms (tx_ts=161183779565245, rx_ts=161183780251709) request_id=121812 zil_blk_id=36484 ccf_commit_seqno=121813 nstreams_done_=4000 config.nstreams=20000 avg_latency=0.6335 ms avg throuhgput (requests/sec) = 91.0741 res=false
*==== INFO ====* req_id_count= 4500 stream_id=17996 latency=0.529691 ms (tx_ts=161189275604140, rx_ts=161189276133831) request_id=137140 zil_blk_id=41643 ccf_commit_seqno=137140 nstreams_done_=4500 config.nstreams=20000 avg_latency=0.6350 ms avg throuhgput (requests/sec) = 91.0633 res=false
*==== INFO ====* req_id_count= 5000 stream_id=19996 latency=0.683929 ms (tx_ts=161194771469838, rx_ts=161194772153767) request_id=152458 zil_blk_id=46797 ccf_commit_seqno=152458 nstreams_done_=5000 config.nstreams=20000 avg_latency=0.6358 ms avg throuhgput (requests/sec) = 91.0545 res=false
*==== INFO ====* req_id_count= 5500 stream_id=21996 latency=1.421891 ms (tx_ts=161200269844547, rx_ts=161200271266438) request_id=167779 zil_blk_id=51955 ccf_commit_seqno=167779 nstreams_done_=5500 config.nstreams=20000 avg_latency=0.6370 ms avg throuhgput (requests/sec) = 91.0426 res=false
*==== INFO ====* req_id_count= 6000 stream_id=23996 latency=0.597738 ms (tx_ts=161205770584313, rx_ts=161205771182051) request_id=183079 zil_blk_id=57101 ccf_commit_seqno=183080 nstreams_done_=6000 config.nstreams=20000 avg_latency=0.6380 ms avg throuhgput (requests/sec) = 91.0315 res=false
*==== INFO ====* req_id_count= 6500 stream_id=25996 latency=0.518990 ms (tx_ts=161211273095033, rx_ts=161211273614023) request_id=198297 zil_blk_id=62254 ccf_commit_seqno=198297 nstreams_done_=6500 config.nstreams=20000 avg_latency=0.6391 ms avg throuhgput (requests/sec) = 91.0190 res=false
*==== INFO ====* req_id_count= 7000 stream_id=27996 latency=0.613608 ms (tx_ts=161216772237100, rx_ts=161216772850708) request_id=213544 zil_blk_id=67411 ccf_commit_seqno=213544 nstreams_done_=7000 config.nstreams=20000 avg_latency=0.6397 ms avg throuhgput (requests/sec) = 91.0121 res=false
*==== INFO ====* req_id_count= 7500 stream_id=29996 latency=0.523300 ms (tx_ts=161222264670123, rx_ts=161222265193423) request_id=228768 zil_blk_id=72564 ccf_commit_seqno=228768 nstreams_done_=7500 config.nstreams=20000 avg_latency=0.6389 ms avg throuhgput (requests/sec) = 91.0136 res=false
*==== INFO ====* req_id_count= 8000 stream_id=31996 latency=0.504435 ms (tx_ts=161227766941266, rx_ts=161227767445701) request_id=244067 zil_blk_id=77728 ccf_commit_seqno=244067 nstreams_done_=8000 config.nstreams=20000 avg_latency=0.6391 ms avg throuhgput (requests/sec) = 91.0048 res=false
*==== INFO ====* req_id_count= 8500 stream_id=33996 latency=0.519512 ms (tx_ts=161233482660323, rx_ts=161233483179835) request_id=259998 zil_blk_id=83090 ccf_commit_seqno=259998 nstreams_done_=8500 config.nstreams=20000 avg_latency=0.6364 ms avg throuhgput (requests/sec) = 90.7894 res=false
*==== INFO ====* req_id_count= 9000 stream_id=35996 latency=0.578005 ms (tx_ts=161239226051963, rx_ts=161239226629968) request_id=275993 zil_blk_id=88478 ccf_commit_seqno=275993 nstreams_done_=9000 config.nstreams=20000 avg_latency=0.6345 ms avg throuhgput (requests/sec) = 90.5736 res=false
*==== INFO ====* req_id_count= 9500 stream_id=37996 latency=0.588080 ms (tx_ts=161244926739468, rx_ts=161244927327548) request_id=291874 zil_blk_id=93830 ccf_commit_seqno=291874 nstreams_done_=9500 config.nstreams=20000 avg_latency=0.6336 ms avg throuhgput (requests/sec) = 90.4182 res=false
*==== INFO ====* req_id_count= 10000 stream_id=39996 latency=0.521707 ms (tx_ts=161250698959816, rx_ts=161250699481523) request_id=307984 zil_blk_id=99251 ccf_commit_seqno=307984 nstreams_done_=10000 config.nstreams=20000 avg_latency=0.6330 ms avg throuhgput (requests/sec) = 90.2205 res=false
*==== INFO ====* req_id_count= 10500 stream_id=41996 latency=0.602917 ms (tx_ts=161256467102307, rx_ts=161256467705224) request_id=324096 zil_blk_id=104667 ccf_commit_seqno=324096 nstreams_done_=10500 config.nstreams=20000 avg_latency=0.6313 ms avg throuhgput (requests/sec) = 90.0455 res=false
*==== INFO ====* req_id_count= 11000 stream_id=43996 latency=0.547284 ms (tx_ts=161262226876954, rx_ts=161262227424238) request_id=340177 zil_blk_id=110072 ccf_commit_seqno=340177 nstreams_done_=11000 config.nstreams=20000 avg_latency=0.6294 ms avg throuhgput (requests/sec) = 89.8932 res=false
*==== INFO ====* req_id_count= 11500 stream_id=45996 latency=0.692194 ms (tx_ts=161267975017899, rx_ts=161267975710093) request_id=356220 zil_blk_id=115460 ccf_commit_seqno=356221 nstreams_done_=11500 config.nstreams=20000 avg_latency=0.6287 ms avg throuhgput (requests/sec) = 89.7626 res=false
*==== INFO ====* req_id_count= 12000 stream_id=47996 latency=0.526555 ms (tx_ts=161273730985749, rx_ts=161273731512304) request_id=372284 zil_blk_id=120853 ccf_commit_seqno=372284 nstreams_done_=12000 config.nstreams=20000 avg_latency=0.6282 ms avg throuhgput (requests/sec) = 89.6382 res=false
*==== INFO ====* req_id_count= 12500 stream_id=49996 latency=0.541693 ms (tx_ts=161279480887061, rx_ts=161279481428754) request_id=388272 zil_blk_id=126241 ccf_commit_seqno=388272 nstreams_done_=12500 config.nstreams=20000 avg_latency=0.6276 ms avg throuhgput (requests/sec) = 89.5278 res=false
*==== INFO ====* req_id_count= 13000 stream_id=51996 latency=0.568453 ms (tx_ts=161285249156145, rx_ts=161285249724598) request_id=404301 zil_blk_id=131647 ccf_commit_seqno=404301 nstreams_done_=13000 config.nstreams=20000 avg_latency=0.6268 ms avg throuhgput (requests/sec) = 89.4148 res=false
*==== INFO ====* req_id_count= 13500 stream_id=53996 latency=0.539268 ms (tx_ts=161291014964051, rx_ts=161291015503319) request_id=420326 zil_blk_id=137057 ccf_commit_seqno=420326 nstreams_done_=13500 config.nstreams=20000 avg_latency=0.6263 ms avg throuhgput (requests/sec) = 89.3120 res=false
*==== INFO ====* req_id_count= 14000 stream_id=55996 latency=0.672628 ms (tx_ts=161296778261985, rx_ts=161296778934613) request_id=436330 zil_blk_id=142464 ccf_commit_seqno=436331 nstreams_done_=14000 config.nstreams=20000 avg_latency=0.6255 ms avg throuhgput (requests/sec) = 89.2180 res=false
*==== INFO ====* req_id_count= 14500 stream_id=57996 latency=0.522687 ms (tx_ts=161302560655400, rx_ts=161302561178087) request_id=452375 zil_blk_id=147889 ccf_commit_seqno=452375 nstreams_done_=14500 config.nstreams=20000 avg_latency=0.6249 ms avg throuhgput (requests/sec) = 89.1204 res=false
*==== INFO ====* req_id_count= 15000 stream_id=59996 latency=0.622073 ms (tx_ts=161308340864098, rx_ts=161308341486171) request_id=468392 zil_blk_id=153311 ccf_commit_seqno=468392 nstreams_done_=15000 config.nstreams=20000 avg_latency=0.6248 ms avg throuhgput (requests/sec) = 89.0305 res=false
*==== INFO ====* req_id_count= 15500 stream_id=61996 latency=0.522558 ms (tx_ts=161314106238010, rx_ts=161314106760568) request_id=484396 zil_blk_id=158717 ccf_commit_seqno=484396 nstreams_done_=15500 config.nstreams=20000 avg_latency=0.6244 ms avg throuhgput (requests/sec) = 88.9543 res=false
*==== INFO ====* req_id_count= 16000 stream_id=63996 latency=0.517268 ms (tx_ts=161319885533732, rx_ts=161319886051000) request_id=500411 zil_blk_id=164136 ccf_commit_seqno=500411 nstreams_done_=16000 config.nstreams=20000 avg_latency=0.6239 ms avg throuhgput (requests/sec) = 88.8760 res=false
*==== INFO ====* req_id_count= 16500 stream_id=65996 latency=0.710729 ms (tx_ts=161325664984096, rx_ts=161325665694825) request_id=516360 zil_blk_id=169550 ccf_commit_seqno=516360 nstreams_done_=16500 config.nstreams=20000 avg_latency=0.6238 ms avg throuhgput (requests/sec) = 88.8024 res=false
*==== INFO ====* req_id_count= 17000 stream_id=67996 latency=0.621312 ms (tx_ts=161331421532611, rx_ts=161331422153923) request_id=532285 zil_blk_id=174945 ccf_commit_seqno=532286 nstreams_done_=17000 config.nstreams=20000 avg_latency=0.6231 ms avg throuhgput (requests/sec) = 88.7440 res=false
*==== INFO ====* req_id_count= 17500 stream_id=69996 latency=0.516646 ms (tx_ts=161336905308581, rx_ts=161336905825227) request_id=547517 zil_blk_id=180083 ccf_commit_seqno=547517 nstreams_done_=17500 config.nstreams=20000 avg_latency=0.6233 ms avg throuhgput (requests/sec) = 88.8118 res=false
*==== INFO ====* req_id_count= 18000 stream_id=71996 latency=0.557663 ms (tx_ts=161342387330702, rx_ts=161342387888365) request_id=562757 zil_blk_id=185222 ccf_commit_seqno=562757 nstreams_done_=18000 config.nstreams=20000 avg_latency=0.6233 ms avg throuhgput (requests/sec) = 88.8766 res=false
*==== INFO ====* req_id_count= 18500 stream_id=73996 latency=0.741316 ms (tx_ts=161347982313697, rx_ts=161347983055013) request_id=578255 zil_blk_id=190459 ccf_commit_seqno=578255 nstreams_done_=18500 config.nstreams=20000 avg_latency=0.6241 ms avg throuhgput (requests/sec) = 88.8897 res=false
*==== INFO ====* req_id_count= 19000 stream_id=75996 latency=0.512699 ms (tx_ts=161353656909023, rx_ts=161353657421722) request_id=594011 zil_blk_id=195771 ccf_commit_seqno=594011 nstreams_done_=19000 config.nstreams=20000 avg_latency=0.6242 ms avg throuhgput (requests/sec) = 88.8692 res=false
*==== INFO ====* req_id_count= 19500 stream_id=77996 latency=0.543737 ms (tx_ts=161359422582655, rx_ts=161359423126392) request_id=609984 zil_blk_id=201179 ccf_commit_seqno=609984 nstreams_done_=19500 config.nstreams=20000 avg_latency=0.6233 ms avg throuhgput (requests/sec) = 88.8127 res=false
*==== INFO ====* http_end_stream ALL streams done! nstreams_done_=20000 avg_latency=0.6230 msreq_id_count= 20000
*==== INFO ====* req_id_count= 20000 stream_id=79996 latency=0.523600 ms (tx_ts=161365208518471, rx_ts=161365209042071) request_id=624591 zil_blk_id=206605 ccf_commit_seqno=624591 nstreams_done_=20000 config.nstreams=20000 avg_latency=0.6230 ms avg throuhgput (requests/sec) = 88.7512 res=true
