Uniform: 278942 187210 249688 53641 260113 
Exponential: -2147483648 -2147483648 -2147483648 -2147483648 -2147483648 
Truncated Normal: 433811 226148 356707 724560 599941 
*==== INFO ====* req_id_count= 500 stream_id=1996 latency=0.853106 ms (tx_ts=161145682180775, rx_ts=161145683033881) request_id=15778 zil_blk_id=1996 ccf_commit_seqno=15778 nstreams_done_=500 config.nstreams=20000 avg_latency=0.7119 ms avg throuhgput (requests/sec) = 85.8501 res=false
*==== INFO ====* req_id_count= 1000 stream_id=3996 latency=0.558345 ms (tx_ts=161151516370630, rx_ts=161151516928975) request_id=31956 zil_blk_id=3996 ccf_commit_seqno=31956 nstreams_done_=1000 config.nstreams=20000 avg_latency=0.7086 ms avg throuhgput (requests/sec) = 85.7780 res=false
*==== INFO ====* req_id_count= 1500 stream_id=5996 latency=0.742380 ms (tx_ts=161157357735930, rx_ts=161157358478310) request_id=48205 zil_blk_id=5996 ccf_commit_seqno=48205 nstreams_done_=1500 config.nstreams=20000 avg_latency=0.6974 ms avg throuhgput (requests/sec) = 85.7165 res=false
*==== INFO ====* req_id_count= 2000 stream_id=7996 latency=0.672940 ms (tx_ts=161163184944206, rx_ts=161163185617146) request_id=64446 zil_blk_id=7996 ccf_commit_seqno=64447 nstreams_done_=2000 config.nstreams=20000 avg_latency=0.6960 ms avg throuhgput (requests/sec) = 85.7387 res=false
*==== INFO ====* req_id_count= 2500 stream_id=9996 latency=1.220214 ms (tx_ts=161169032311832, rx_ts=161169033532046) request_id=80694 zil_blk_id=9996 ccf_commit_seqno=80694 nstreams_done_=2500 config.nstreams=20000 avg_latency=0.7001 ms avg throuhgput (requests/sec) = 85.6910 res=false
*==== INFO ====* req_id_count= 3000 stream_id=11996 latency=0.707063 ms (tx_ts=161174876019603, rx_ts=161174876726666) request_id=96965 zil_blk_id=11996 ccf_commit_seqno=96966 nstreams_done_=3000 config.nstreams=20000 avg_latency=0.7034 ms avg throuhgput (requests/sec) = 85.6707 res=false
*==== INFO ====* req_id_count= 3500 stream_id=13996 latency=0.818401 ms (tx_ts=161180717344393, rx_ts=161180718162794) request_id=113257 zil_blk_id=13996 ccf_commit_seqno=113257 nstreams_done_=3500 config.nstreams=20000 avg_latency=0.7009 ms avg throuhgput (requests/sec) = 85.6599 res=false
*==== INFO ====* req_id_count= 4000 stream_id=15996 latency=0.587325 ms (tx_ts=161186556612193, rx_ts=161186557199518) request_id=129557 zil_blk_id=15996 ccf_commit_seqno=129557 nstreams_done_=4000 config.nstreams=20000 avg_latency=0.7014 ms avg throuhgput (requests/sec) = 85.6563 res=false
*==== INFO ====* req_id_count= 4500 stream_id=17996 latency=0.587839 ms (tx_ts=161192398877444, rx_ts=161192399465283) request_id=145846 zil_blk_id=17996 ccf_commit_seqno=145846 nstreams_done_=4500 config.nstreams=20000 avg_latency=0.7015 ms avg throuhgput (requests/sec) = 85.6482 res=false
*==== INFO ====* req_id_count= 5000 stream_id=19996 latency=0.769328 ms (tx_ts=161198270528785, rx_ts=161198271298113) request_id=162222 zil_blk_id=19996 ccf_commit_seqno=162222 nstreams_done_=5000 config.nstreams=20000 avg_latency=0.7075 ms avg throuhgput (requests/sec) = 85.5983 res=false
*==== INFO ====* req_id_count= 5500 stream_id=21996 latency=0.847294 ms (tx_ts=161204104665781, rx_ts=161204105513075) request_id=178457 zil_blk_id=21996 ccf_commit_seqno=178457 nstreams_done_=5500 config.nstreams=20000 avg_latency=0.7057 ms avg throuhgput (requests/sec) = 85.6077 res=false
*==== INFO ====* req_id_count= 6000 stream_id=23996 latency=0.621653 ms (tx_ts=161209963580135, rx_ts=161209964201788) request_id=194677 zil_blk_id=23996 ccf_commit_seqno=194677 nstreams_done_=6000 config.nstreams=20000 avg_latency=0.7078 ms avg throuhgput (requests/sec) = 85.5856 res=false
*==== INFO ====* req_id_count= 6500 stream_id=25996 latency=0.810626 ms (tx_ts=161215819426003, rx_ts=161215820236629) request_id=210913 zil_blk_id=25996 ccf_commit_seqno=210913 nstreams_done_=6500 config.nstreams=20000 avg_latency=0.7083 ms avg throuhgput (requests/sec) = 85.5699 res=false
*==== INFO ====* req_id_count= 7000 stream_id=27996 latency=0.608349 ms (tx_ts=161221657902906, rx_ts=161221658511255) request_id=227090 zil_blk_id=27996 ccf_commit_seqno=227090 nstreams_done_=7000 config.nstreams=20000 avg_latency=0.7075 ms avg throuhgput (requests/sec) = 85.5750 res=false
*==== INFO ====* req_id_count= 7500 stream_id=29996 latency=0.586300 ms (tx_ts=161227504047717, rx_ts=161227504634017) request_id=243337 zil_blk_id=29996 ccf_commit_seqno=243337 nstreams_done_=7500 config.nstreams=20000 avg_latency=0.7060 ms avg throuhgput (requests/sec) = 85.5718 res=false
*==== INFO ====* req_id_count= 8000 stream_id=31996 latency=0.662589 ms (tx_ts=161233359826594, rx_ts=161233360489183) request_id=259657 zil_blk_id=31996 ccf_commit_seqno=259657 nstreams_done_=8000 config.nstreams=20000 avg_latency=0.7066 ms avg throuhgput (requests/sec) = 85.5601 res=false
*==== INFO ====* req_id_count= 8500 stream_id=33996 latency=0.576449 ms (tx_ts=161239195850285, rx_ts=161239196426734) request_id=275910 zil_blk_id=33996 ccf_commit_seqno=275910 nstreams_done_=8500 config.nstreams=20000 avg_latency=0.7050 ms avg throuhgput (requests/sec) = 85.5669 res=false
*==== INFO ====* req_id_count= 9000 stream_id=35996 latency=0.608077 ms (tx_ts=161245096326106, rx_ts=161245096934183) request_id=292342 zil_blk_id=35996 ccf_commit_seqno=292342 nstreams_done_=9000 config.nstreams=20000 avg_latency=0.7076 ms avg throuhgput (requests/sec) = 85.5204 res=false
*==== INFO ====* req_id_count= 9500 stream_id=37996 latency=0.654315 ms (tx_ts=161250926272720, rx_ts=161250926927035) request_id=308617 zil_blk_id=37996 ccf_commit_seqno=308617 nstreams_done_=9500 config.nstreams=20000 avg_latency=0.7059 ms avg throuhgput (requests/sec) = 85.5332 res=false
*==== INFO ====* req_id_count= 10000 stream_id=39996 latency=0.543486 ms (tx_ts=161256764674131, rx_ts=161256765217617) request_id=324920 zil_blk_id=39996 ccf_commit_seqno=324920 nstreams_done_=10000 config.nstreams=20000 avg_latency=0.7061 ms avg throuhgput (requests/sec) = 85.5386 res=false
*==== INFO ====* req_id_count= 10500 stream_id=41996 latency=0.759441 ms (tx_ts=161262607063215, rx_ts=161262607822656) request_id=341238 zil_blk_id=41996 ccf_commit_seqno=341238 nstreams_done_=10500 config.nstreams=20000 avg_latency=0.7065 ms avg throuhgput (requests/sec) = 85.5405 res=false
*==== INFO ====* req_id_count= 11000 stream_id=43996 latency=0.696620 ms (tx_ts=161268446435014, rx_ts=161268447131634) request_id=357533 zil_blk_id=43996 ccf_commit_seqno=357534 nstreams_done_=11000 config.nstreams=20000 avg_latency=0.7067 ms avg throuhgput (requests/sec) = 85.5444 res=false
*==== INFO ====* req_id_count= 11500 stream_id=45996 latency=0.791560 ms (tx_ts=161274266300406, rx_ts=161274267091966) request_id=373774 zil_blk_id=45996 ccf_commit_seqno=373774 nstreams_done_=11500 config.nstreams=20000 avg_latency=0.7060 ms avg throuhgput (requests/sec) = 85.5603 res=false
*==== INFO ====* req_id_count= 12000 stream_id=47996 latency=0.584684 ms (tx_ts=161280104618372, rx_ts=161280105203056) request_id=390002 zil_blk_id=47996 ccf_commit_seqno=390002 nstreams_done_=12000 config.nstreams=20000 avg_latency=0.7056 ms avg throuhgput (requests/sec) = 85.5638 res=false
*==== INFO ====* req_id_count= 12500 stream_id=49996 latency=0.835402 ms (tx_ts=161285951414258, rx_ts=161285952249660) request_id=406255 zil_blk_id=49996 ccf_commit_seqno=406256 nstreams_done_=12500 config.nstreams=20000 avg_latency=0.7059 ms avg throuhgput (requests/sec) = 85.5617 res=false
*==== INFO ====* req_id_count= 13000 stream_id=51996 latency=0.722321 ms (tx_ts=161291817885230, rx_ts=161291818607551) request_id=422557 zil_blk_id=51996 ccf_commit_seqno=422557 nstreams_done_=13000 config.nstreams=20000 avg_latency=0.7079 ms avg throuhgput (requests/sec) = 85.5490 res=false
*==== INFO ====* req_id_count= 13500 stream_id=53996 latency=1.096932 ms (tx_ts=161297686133409, rx_ts=161297687230341) request_id=438846 zil_blk_id=53996 ccf_commit_seqno=438847 nstreams_done_=13500 config.nstreams=20000 avg_latency=0.7096 ms avg throuhgput (requests/sec) = 85.5360 res=false
*==== INFO ====* req_id_count= 14000 stream_id=55996 latency=1.359834 ms (tx_ts=161303534211303, rx_ts=161303535571137) request_id=455070 zil_blk_id=55996 ccf_commit_seqno=455070 nstreams_done_=14000 config.nstreams=20000 avg_latency=0.7099 ms avg throuhgput (requests/sec) = 85.5345 res=false
*==== INFO ====* req_id_count= 14500 stream_id=57996 latency=0.700891 ms (tx_ts=161309365028357, rx_ts=161309365729248) request_id=471231 zil_blk_id=57996 ccf_commit_seqno=471232 nstreams_done_=14500 config.nstreams=20000 avg_latency=0.7090 ms avg throuhgput (requests/sec) = 85.5423 res=false
*==== INFO ====* req_id_count= 15000 stream_id=59996 latency=0.599360 ms (tx_ts=161315206854194, rx_ts=161315207453554) request_id=487449 zil_blk_id=59996 ccf_commit_seqno=487449 nstreams_done_=15000 config.nstreams=20000 avg_latency=0.7084 ms avg throuhgput (requests/sec) = 85.5439 res=false
*==== INFO ====* req_id_count= 15500 stream_id=61996 latency=0.810356 ms (tx_ts=161321052657077, rx_ts=161321053467433) request_id=503655 zil_blk_id=61996 ccf_commit_seqno=503656 nstreams_done_=15500 config.nstreams=20000 avg_latency=0.7079 ms avg throuhgput (requests/sec) = 85.5434 res=false
*==== INFO ====* req_id_count= 16000 stream_id=63996 latency=0.709136 ms (tx_ts=161326900324851, rx_ts=161326901033987) request_id=519775 zil_blk_id=63996 ccf_commit_seqno=519775 nstreams_done_=16000 config.nstreams=20000 avg_latency=0.7077 ms avg throuhgput (requests/sec) = 85.5422 res=false
*==== INFO ====* req_id_count= 16500 stream_id=65996 latency=0.801349 ms (tx_ts=161332737352545, rx_ts=161332738153894) request_id=535933 zil_blk_id=65996 ccf_commit_seqno=535933 nstreams_done_=16500 config.nstreams=20000 avg_latency=0.7079 ms avg throuhgput (requests/sec) = 85.5458 res=false
*==== INFO ====* req_id_count= 17000 stream_id=67996 latency=0.833809 ms (tx_ts=161338584844593, rx_ts=161338585678402) request_id=552182 zil_blk_id=67996 ccf_commit_seqno=552183 nstreams_done_=17000 config.nstreams=20000 avg_latency=0.7085 ms avg throuhgput (requests/sec) = 85.5446 res=false
*==== INFO ====* req_id_count= 17500 stream_id=69996 latency=0.735736 ms (tx_ts=161344399455887, rx_ts=161344400191623) request_id=568312 zil_blk_id=69996 ccf_commit_seqno=568313 nstreams_done_=17500 config.nstreams=20000 avg_latency=0.7079 ms avg throuhgput (requests/sec) = 85.5573 res=false
*==== INFO ====* req_id_count= 18000 stream_id=71996 latency=0.580405 ms (tx_ts=161350228517794, rx_ts=161350229098199) request_id=584489 zil_blk_id=71996 ccf_commit_seqno=584489 nstreams_done_=18000 config.nstreams=20000 avg_latency=0.7075 ms avg throuhgput (requests/sec) = 85.5635 res=false
*==== INFO ====* req_id_count= 18500 stream_id=73996 latency=0.603469 ms (tx_ts=161356064922131, rx_ts=161356065525600) request_id=600700 zil_blk_id=73996 ccf_commit_seqno=600700 nstreams_done_=18500 config.nstreams=20000 avg_latency=0.7072 ms avg throuhgput (requests/sec) = 85.5663 res=false
*==== INFO ====* req_id_count= 19000 stream_id=75996 latency=0.790368 ms (tx_ts=161361881497514, rx_ts=161361882287882) request_id=616551 zil_blk_id=75996 ccf_commit_seqno=616551 nstreams_done_=19000 config.nstreams=20000 avg_latency=0.7068 ms avg throuhgput (requests/sec) = 85.5766 res=false
*==== INFO ====* req_id_count= 19500 stream_id=77996 latency=0.617074 ms (tx_ts=161367757652849, rx_ts=161367758269923) request_id=629249 zil_blk_id=77996 ccf_commit_seqno=629249 nstreams_done_=19500 config.nstreams=20000 avg_latency=0.7066 ms avg throuhgput (requests/sec) = 85.5641 res=false
*==== INFO ====* http_end_stream ALL streams done! nstreams_done_=20000 avg_latency=0.7062 msreq_id_count= 20000
*==== INFO ====* req_id_count= 20000 stream_id=79996 latency=0.610914 ms (tx_ts=161373698959462, rx_ts=161373699570376) request_id=638769 zil_blk_id=79996 ccf_commit_seqno=638769 nstreams_done_=20000 config.nstreams=20000 avg_latency=0.7062 ms avg throuhgput (requests/sec) = 85.5283 res=true
