Uniform: 421857 662771 47640 658031 300861 
Exponential: -2147483648 -2147483648 -2147483648 -2147483648 -2147483648 
Truncated Normal: 574942 303540 941396 288587 536929 
*==== INFO ====* req_id_count= 500 stream_id=1996 latency=3.194306 ms (tx_ts=161145361321671, rx_ts=161145364515977) request_id=14899 zil_blk_id=1996 ccf_commit_seqno=14901 nstreams_done_=500 config.nstreams=20000 avg_latency=0.6821 ms avg throuhgput (requests/sec) = 90.8482 res=false
*==== INFO ====* req_id_count= 1000 stream_id=3996 latency=0.729164 ms (tx_ts=161150964844029, rx_ts=161150965573193) request_id=30433 zil_blk_id=3996 ccf_commit_seqno=30434 nstreams_done_=1000 config.nstreams=20000 avg_latency=0.6737 ms avg throuhgput (requests/sec) = 90.0516 res=false
*==== INFO ====* req_id_count= 1500 stream_id=5996 latency=0.568564 ms (tx_ts=161156704470867, rx_ts=161156705039431) request_id=46381 zil_blk_id=5996 ccf_commit_seqno=46381 nstreams_done_=1500 config.nstreams=20000 avg_latency=0.6734 ms avg throuhgput (requests/sec) = 89.0514 res=false
*==== INFO ====* req_id_count= 2000 stream_id=7996 latency=0.529491 ms (tx_ts=161162231837221, rx_ts=161162232366712) request_id=61786 zil_blk_id=7996 ccf_commit_seqno=61786 nstreams_done_=2000 config.nstreams=20000 avg_latency=0.6790 ms avg throuhgput (requests/sec) = 89.3993 res=false
*==== INFO ====* req_id_count= 2500 stream_id=9996 latency=0.700701 ms (tx_ts=161167750062351, rx_ts=161167750763052) request_id=77133 zil_blk_id=9996 ccf_commit_seqno=77133 nstreams_done_=2500 config.nstreams=20000 avg_latency=0.6807 ms avg throuhgput (requests/sec) = 89.6381 res=false
*==== INFO ====* req_id_count= 3000 stream_id=11996 latency=0.662870 ms (tx_ts=161173267355857, rx_ts=161173268018727) request_id=92485 zil_blk_id=11996 ccf_commit_seqno=92485 nstreams_done_=3000 config.nstreams=20000 avg_latency=0.6818 ms avg throuhgput (requests/sec) = 89.8010 res=false
*==== INFO ====* req_id_count= 3500 stream_id=13996 latency=0.605132 ms (tx_ts=161178829850280, rx_ts=161178830455412) request_id=107977 zil_blk_id=13996 ccf_commit_seqno=107977 nstreams_done_=3500 config.nstreams=20000 avg_latency=0.6841 ms avg throuhgput (requests/sec) = 89.8135 res=false
*==== INFO ====* req_id_count= 4000 stream_id=15996 latency=0.678810 ms (tx_ts=161184356428730, rx_ts=161184357107540) request_id=123418 zil_blk_id=15996 ccf_commit_seqno=123419 nstreams_done_=4000 config.nstreams=20000 avg_latency=0.6850 ms avg throuhgput (requests/sec) = 89.8952 res=false
*==== INFO ====* req_id_count= 4500 stream_id=17996 latency=0.580696 ms (tx_ts=161189851521711, rx_ts=161189852102407) request_id=138742 zil_blk_id=17996 ccf_commit_seqno=138743 nstreams_done_=4500 config.nstreams=20000 avg_latency=0.6811 ms avg throuhgput (requests/sec) = 90.0157 res=false
*==== INFO ====* req_id_count= 5000 stream_id=19996 latency=0.779984 ms (tx_ts=161195344436751, rx_ts=161195345216735) request_id=154058 zil_blk_id=19996 ccf_commit_seqno=154059 nstreams_done_=5000 config.nstreams=20000 avg_latency=0.6777 ms avg throuhgput (requests/sec) = 90.1154 res=false
*==== INFO ====* req_id_count= 5500 stream_id=21996 latency=0.603439 ms (tx_ts=161200863583159, rx_ts=161200864186598) request_id=169430 zil_blk_id=21996 ccf_commit_seqno=169430 nstreams_done_=5500 config.nstreams=20000 avg_latency=0.6774 ms avg throuhgput (requests/sec) = 90.1590 res=false
*==== INFO ====* req_id_count= 6000 stream_id=23996 latency=0.547854 ms (tx_ts=161206646569084, rx_ts=161206647116938) request_id=185500 zil_blk_id=23996 ccf_commit_seqno=185500 nstreams_done_=6000 config.nstreams=20000 avg_latency=0.6754 ms avg throuhgput (requests/sec) = 89.8388 res=false
*==== INFO ====* req_id_count= 6500 stream_id=25996 latency=0.586938 ms (tx_ts=161212360385415, rx_ts=161212360972353) request_id=201309 zil_blk_id=25996 ccf_commit_seqno=201309 nstreams_done_=6500 config.nstreams=20000 avg_latency=0.6747 ms avg throuhgput (requests/sec) = 89.6550 res=false
*==== INFO ====* req_id_count= 7000 stream_id=27996 latency=0.649304 ms (tx_ts=161218152954525, rx_ts=161218153603829) request_id=217370 zil_blk_id=27996 ccf_commit_seqno=217370 nstreams_done_=7000 config.nstreams=20000 avg_latency=0.6737 ms avg throuhgput (requests/sec) = 89.4080 res=false
*==== INFO ====* req_id_count= 7500 stream_id=29996 latency=0.792835 ms (tx_ts=161223904427764, rx_ts=161223905220599) request_id=233315 zil_blk_id=29996 ccf_commit_seqno=233316 nstreams_done_=7500 config.nstreams=20000 avg_latency=0.6731 ms avg throuhgput (requests/sec) = 89.2386 res=false
*==== INFO ====* req_id_count= 8000 stream_id=31996 latency=0.617749 ms (tx_ts=161229419670910, rx_ts=161229420288659) request_id=248675 zil_blk_id=31996 ccf_commit_seqno=248675 nstreams_done_=8000 config.nstreams=20000 avg_latency=0.6739 ms avg throuhgput (requests/sec) = 89.3261 res=false
*==== INFO ====* req_id_count= 8500 stream_id=33996 latency=0.766742 ms (tx_ts=161234936124468, rx_ts=161234936891210) request_id=264024 zil_blk_id=33996 ccf_commit_seqno=264024 nstreams_done_=8500 config.nstreams=20000 avg_latency=0.6740 ms avg throuhgput (requests/sec) = 89.4021 res=false
*==== INFO ====* req_id_count= 9000 stream_id=35996 latency=0.599522 ms (tx_ts=161240449090642, rx_ts=161240449690164) request_id=279393 zil_blk_id=35996 ccf_commit_seqno=279393 nstreams_done_=9000 config.nstreams=20000 avg_latency=0.6742 ms avg throuhgput (requests/sec) = 89.4731 res=false
*==== INFO ====* req_id_count= 9500 stream_id=37996 latency=0.627994 ms (tx_ts=161245961467261, rx_ts=161245962095255) request_id=294745 zil_blk_id=37996 ccf_commit_seqno=294745 nstreams_done_=9500 config.nstreams=20000 avg_latency=0.6745 ms avg throuhgput (requests/sec) = 89.5371 res=false
*==== INFO ====* req_id_count= 10000 stream_id=39996 latency=0.852317 ms (tx_ts=161251477570007, rx_ts=161251478422324) request_id=310154 zil_blk_id=39996 ccf_commit_seqno=310154 nstreams_done_=10000 config.nstreams=20000 avg_latency=0.6748 ms avg throuhgput (requests/sec) = 89.5916 res=false
*==== INFO ====* req_id_count= 10500 stream_id=41996 latency=0.650307 ms (tx_ts=161256979202623, rx_ts=161256979852930) request_id=325513 zil_blk_id=41996 ccf_commit_seqno=325515 nstreams_done_=10500 config.nstreams=20000 avg_latency=0.6737 ms avg throuhgput (requests/sec) = 89.6524 res=false
*==== INFO ====* req_id_count= 11000 stream_id=43996 latency=0.555289 ms (tx_ts=161262501937925, rx_ts=161262502493214) request_id=340945 zil_blk_id=43996 ccf_commit_seqno=340945 nstreams_done_=11000 config.nstreams=20000 avg_latency=0.6733 ms avg throuhgput (requests/sec) = 89.6922 res=false
*==== INFO ====* req_id_count= 11500 stream_id=45996 latency=0.548716 ms (tx_ts=161268283268971, rx_ts=161268283817687) request_id=357076 zil_blk_id=45996 ccf_commit_seqno=357076 nstreams_done_=11500 config.nstreams=20000 avg_latency=0.6741 ms avg throuhgput (requests/sec) = 89.5478 res=false
*==== INFO ====* req_id_count= 12000 stream_id=47996 latency=0.594792 ms (tx_ts=161274066568355, rx_ts=161274067163147) request_id=373220 zil_blk_id=47996 ccf_commit_seqno=373220 nstreams_done_=12000 config.nstreams=20000 avg_latency=0.6725 ms avg throuhgput (requests/sec) = 89.4146 res=false
*==== INFO ====* req_id_count= 12500 stream_id=49996 latency=0.591136 ms (tx_ts=161279891918720, rx_ts=161279892509856) request_id=389411 zil_blk_id=49996 ccf_commit_seqno=389412 nstreams_done_=12500 config.nstreams=20000 avg_latency=0.6726 ms avg throuhgput (requests/sec) = 89.2655 res=false
*==== INFO ====* req_id_count= 13000 stream_id=51996 latency=0.695012 ms (tx_ts=161285702392789, rx_ts=161285703087801) request_id=405559 zil_blk_id=51996 ccf_commit_seqno=405559 nstreams_done_=13000 config.nstreams=20000 avg_latency=0.6719 ms avg throuhgput (requests/sec) = 89.1374 res=false
*==== INFO ====* req_id_count= 13500 stream_id=53996 latency=0.514622 ms (tx_ts=161291496272640, rx_ts=161291496787262) request_id=421671 zil_blk_id=53996 ccf_commit_seqno=421671 nstreams_done_=13500 config.nstreams=20000 avg_latency=0.6713 ms avg throuhgput (requests/sec) = 89.0290 res=false
*==== INFO ====* req_id_count= 14000 stream_id=55996 latency=0.743972 ms (tx_ts=161297294988296, rx_ts=161297295732268) request_id=437763 zil_blk_id=55996 ccf_commit_seqno=437765 nstreams_done_=14000 config.nstreams=20000 avg_latency=0.6705 ms avg throuhgput (requests/sec) = 88.9256 res=false
*==== INFO ====* req_id_count= 14500 stream_id=57996 latency=0.563534 ms (tx_ts=161302867596459, rx_ts=161302868159993) request_id=453226 zil_blk_id=57996 ccf_commit_seqno=453226 nstreams_done_=14500 config.nstreams=20000 avg_latency=0.6714 ms avg throuhgput (requests/sec) = 88.9531 res=false
*==== INFO ====* req_id_count= 15000 stream_id=59996 latency=0.721554 ms (tx_ts=161308407440073, rx_ts=161308408161627) request_id=468575 zil_blk_id=59996 ccf_commit_seqno=468575 nstreams_done_=15000 config.nstreams=20000 avg_latency=0.6731 ms avg throuhgput (requests/sec) = 88.9958 res=false
*==== INFO ====* req_id_count= 15500 stream_id=61996 latency=0.500225 ms (tx_ts=161313929683606, rx_ts=161313930183831) request_id=483903 zil_blk_id=61996 ccf_commit_seqno=483903 nstreams_done_=15500 config.nstreams=20000 avg_latency=0.6737 ms avg throuhgput (requests/sec) = 89.0450 res=false
*==== INFO ====* req_id_count= 16000 stream_id=63996 latency=0.570677 ms (tx_ts=161319445456909, rx_ts=161319446027586) request_id=499197 zil_blk_id=63996 ccf_commit_seqno=499197 nstreams_done_=16000 config.nstreams=20000 avg_latency=0.6739 ms avg throuhgput (requests/sec) = 89.0942 res=false
*==== INFO ====* req_id_count= 16500 stream_id=65996 latency=0.714604 ms (tx_ts=161325081069215, rx_ts=161325081783819) request_id=514752 zil_blk_id=65996 ccf_commit_seqno=514752 nstreams_done_=16500 config.nstreams=20000 avg_latency=0.6746 ms avg throuhgput (requests/sec) = 89.0828 res=false
*==== INFO ====* req_id_count= 17000 stream_id=67996 latency=0.566259 ms (tx_ts=161330886483442, rx_ts=161330887049701) request_id=530804 zil_blk_id=67996 ccf_commit_seqno=530804 nstreams_done_=17000 config.nstreams=20000 avg_latency=0.6743 ms avg throuhgput (requests/sec) = 88.9930 res=false
*==== INFO ====* req_id_count= 17500 stream_id=69996 latency=0.821457 ms (tx_ts=161336708796462, rx_ts=161336709617919) request_id=546971 zil_blk_id=69996 ccf_commit_seqno=546973 nstreams_done_=17500 config.nstreams=20000 avg_latency=0.6742 ms avg throuhgput (requests/sec) = 88.9007 res=false
*==== INFO ====* req_id_count= 18000 stream_id=71996 latency=0.599782 ms (tx_ts=161342501443147, rx_ts=161342502042929) request_id=563072 zil_blk_id=71996 ccf_commit_seqno=563072 nstreams_done_=18000 config.nstreams=20000 avg_latency=0.6733 ms avg throuhgput (requests/sec) = 88.8269 res=false
*==== INFO ====* req_id_count= 18500 stream_id=73996 latency=0.541826 ms (tx_ts=161348307053470, rx_ts=161348307595296) request_id=579153 zil_blk_id=73996 ccf_commit_seqno=579153 nstreams_done_=18500 config.nstreams=20000 avg_latency=0.6728 ms avg throuhgput (requests/sec) = 88.7517 res=false
*==== INFO ====* req_id_count= 19000 stream_id=75996 latency=0.503211 ms (tx_ts=161353936291717, rx_ts=161353936794928) request_id=594789 zil_blk_id=75996 ccf_commit_seqno=594789 nstreams_done_=19000 config.nstreams=20000 avg_latency=0.6722 ms avg throuhgput (requests/sec) = 88.7535 res=false
*==== INFO ====* req_id_count= 19500 stream_id=77996 latency=0.757186 ms (tx_ts=161359438395144, rx_ts=161359439152330) request_id=610022 zil_blk_id=77996 ccf_commit_seqno=610022 nstreams_done_=19500 config.nstreams=20000 avg_latency=0.6722 ms avg throuhgput (requests/sec) = 88.8066 res=false
*==== INFO ====* http_end_stream ALL streams done! nstreams_done_=20000 avg_latency=0.6725 msreq_id_count= 20000
*==== INFO ====* req_id_count= 20000 stream_id=79996 latency=0.539457 ms (tx_ts=161364950993022, rx_ts=161364951532479) request_id=624038 zil_blk_id=79996 ccf_commit_seqno=624038 nstreams_done_=20000 config.nstreams=20000 avg_latency=0.6725 ms avg throuhgput (requests/sec) = 88.8531 res=true
