Uniform: 849564 182056 133896 111428 340740 
Exponential: -2147483648 -2147483648 -2147483648 -2147483648 -2147483648 
Truncated Normal: 479610 466690 622842 771173 625888 
*==== INFO ====* req_id_count= 500 stream_id=1996 latency=0.726369 ms (tx_ts=161145375407321, rx_ts=161145376133690) request_id=14931 zil_blk_id=503 ccf_commit_seqno=14932 nstreams_done_=500 config.nstreams=20000 avg_latency=0.6656 ms avg throuhgput (requests/sec) = 90.5878 res=false
*==== INFO ====* req_id_count= 1000 stream_id=3996 latency=0.503994 ms (tx_ts=161150908109579, rx_ts=161150908613573) request_id=30273 zil_blk_id=5684 ccf_commit_seqno=30273 nstreams_done_=1000 config.nstreams=20000 avg_latency=0.6788 ms avg throuhgput (requests/sec) = 90.4814 res=false
*==== INFO ====* req_id_count= 1500 stream_id=5996 latency=0.710129 ms (tx_ts=161156443417472, rx_ts=161156444127601) request_id=45659 zil_blk_id=10875 ccf_commit_seqno=45660 nstreams_done_=1500 config.nstreams=20000 avg_latency=0.6824 ms avg throuhgput (requests/sec) = 90.4295 res=false
*==== INFO ====* req_id_count= 2000 stream_id=7996 latency=0.716561 ms (tx_ts=161161968111341, rx_ts=161161968827902) request_id=61051 zil_blk_id=16058 ccf_commit_seqno=61052 nstreams_done_=2000 config.nstreams=20000 avg_latency=0.6794 ms avg throuhgput (requests/sec) = 90.4478 res=false
*==== INFO ====* req_id_count= 2500 stream_id=9996 latency=0.515675 ms (tx_ts=161167495232163, rx_ts=161167495747838) request_id=76428 zil_blk_id=21243 ccf_commit_seqno=76428 nstreams_done_=2500 config.nstreams=20000 avg_latency=0.6788 ms avg throuhgput (requests/sec) = 90.4515 res=false
*==== INFO ====* req_id_count= 3000 stream_id=11996 latency=0.556712 ms (tx_ts=161173013597538, rx_ts=161173014154250) request_id=91775 zil_blk_id=26423 ccf_commit_seqno=91775 nstreams_done_=3000 config.nstreams=20000 avg_latency=0.6760 ms avg throuhgput (requests/sec) = 90.4772 res=false
*==== INFO ====* req_id_count= 3500 stream_id=13996 latency=0.773708 ms (tx_ts=161178529180674, rx_ts=161178529954382) request_id=107142 zil_blk_id=31601 ccf_commit_seqno=107142 nstreams_done_=3500 config.nstreams=20000 avg_latency=0.6741 ms avg throuhgput (requests/sec) = 90.5016 res=false
*==== INFO ====* req_id_count= 4000 stream_id=15996 latency=0.618377 ms (tx_ts=161184054845131, rx_ts=161184055463508) request_id=122583 zil_blk_id=36792 ccf_commit_seqno=122583 nstreams_done_=4000 config.nstreams=20000 avg_latency=0.6726 ms avg throuhgput (requests/sec) = 90.5001 res=false
*==== INFO ====* req_id_count= 4500 stream_id=17996 latency=1.005060 ms (tx_ts=161189566734803, rx_ts=161189567739863) request_id=137957 zil_blk_id=41966 ccf_commit_seqno=137957 nstreams_done_=4500 config.nstreams=20000 avg_latency=0.6696 ms avg throuhgput (requests/sec) = 90.5230 res=false
*==== INFO ====* req_id_count= 5000 stream_id=19996 latency=0.788846 ms (tx_ts=161195136411677, rx_ts=161195137200523) request_id=153482 zil_blk_id=47186 ccf_commit_seqno=153482 nstreams_done_=5000 config.nstreams=20000 avg_latency=0.6729 ms avg throuhgput (requests/sec) = 90.4477 res=false
*==== INFO ====* req_id_count= 5500 stream_id=21996 latency=0.579153 ms (tx_ts=161200671602830, rx_ts=161200672181983) request_id=168897 zil_blk_id=52378 ccf_commit_seqno=168897 nstreams_done_=5500 config.nstreams=20000 avg_latency=0.6721 ms avg throuhgput (requests/sec) = 90.4374 res=false
*==== INFO ====* req_id_count= 6000 stream_id=23996 latency=0.566930 ms (tx_ts=161206263686338, rx_ts=161206264253268) request_id=184444 zil_blk_id=57622 ccf_commit_seqno=184444 nstreams_done_=6000 config.nstreams=20000 avg_latency=0.6731 ms avg throuhgput (requests/sec) = 90.3511 res=false
*==== INFO ====* req_id_count= 6500 stream_id=25996 latency=0.737784 ms (tx_ts=161212017878004, rx_ts=161212018615788) request_id=200369 zil_blk_id=63025 ccf_commit_seqno=200369 nstreams_done_=6500 config.nstreams=20000 avg_latency=0.6817 ms avg throuhgput (requests/sec) = 90.0751 res=false
*==== INFO ====* req_id_count= 7000 stream_id=27996 latency=0.532225 ms (tx_ts=161217547687845, rx_ts=161217548220070) request_id=215698 zil_blk_id=68217 ccf_commit_seqno=215698 nstreams_done_=7000 config.nstreams=20000 avg_latency=0.6794 ms avg throuhgput (requests/sec) = 90.0998 res=false
*==== INFO ====* req_id_count= 7500 stream_id=29996 latency=0.742440 ms (tx_ts=161223099688157, rx_ts=161223100430597) request_id=231076 zil_blk_id=73423 ccf_commit_seqno=231077 nstreams_done_=7500 config.nstreams=20000 avg_latency=0.6807 ms avg throuhgput (requests/sec) = 90.0968 res=false
*==== INFO ====* req_id_count= 8000 stream_id=31996 latency=0.649107 ms (tx_ts=161228651221333, rx_ts=161228651870440) request_id=246529 zil_blk_id=78634 ccf_commit_seqno=246529 nstreams_done_=8000 config.nstreams=20000 avg_latency=0.6817 ms avg throuhgput (requests/sec) = 90.0949 res=false
*==== INFO ====* req_id_count= 8500 stream_id=33996 latency=0.499565 ms (tx_ts=161234196273811, rx_ts=161234196773376) request_id=261974 zil_blk_id=83839 ccf_commit_seqno=261974 nstreams_done_=8500 config.nstreams=20000 avg_latency=0.6820 ms avg throuhgput (requests/sec) = 90.0995 res=false
*==== INFO ====* req_id_count= 9000 stream_id=35996 latency=0.560338 ms (tx_ts=161239711989764, rx_ts=161239712550102) request_id=277341 zil_blk_id=89009 ccf_commit_seqno=277341 nstreams_done_=9000 config.nstreams=20000 avg_latency=0.6810 ms avg throuhgput (requests/sec) = 90.1299 res=false
*==== INFO ====* req_id_count= 9500 stream_id=37996 latency=0.507469 ms (tx_ts=161245253376184, rx_ts=161245253883653) request_id=292780 zil_blk_id=94212 ccf_commit_seqno=292780 nstreams_done_=9500 config.nstreams=20000 avg_latency=0.6806 ms avg throuhgput (requests/sec) = 90.1352 res=false
*==== INFO ====* req_id_count= 10000 stream_id=39996 latency=0.752800 ms (tx_ts=161250811198297, rx_ts=161250811951097) request_id=308301 zil_blk_id=99423 ccf_commit_seqno=308301 nstreams_done_=10000 config.nstreams=20000 avg_latency=0.6814 ms avg throuhgput (requests/sec) = 90.1264 res=false
*==== INFO ====* req_id_count= 10500 stream_id=41996 latency=0.650226 ms (tx_ts=161256330176287, rx_ts=161256330826513) request_id=323707 zil_blk_id=104588 ccf_commit_seqno=323707 nstreams_done_=10500 config.nstreams=20000 avg_latency=0.6802 ms avg throuhgput (requests/sec) = 90.1487 res=false
*==== INFO ====* req_id_count= 11000 stream_id=43996 latency=0.667739 ms (tx_ts=161261857885646, rx_ts=161261858553385) request_id=339154 zil_blk_id=109756 ccf_commit_seqno=339154 nstreams_done_=11000 config.nstreams=20000 avg_latency=0.6797 ms avg throuhgput (requests/sec) = 90.1625 res=false
*==== INFO ====* req_id_count= 11500 stream_id=45996 latency=0.669923 ms (tx_ts=161267417827294, rx_ts=161267418497217) request_id=354670 zil_blk_id=114947 ccf_commit_seqno=354670 nstreams_done_=11500 config.nstreams=20000 avg_latency=0.6803 ms avg throuhgput (requests/sec) = 90.1523 res=false
*==== INFO ====* req_id_count= 12000 stream_id=47996 latency=0.712062 ms (tx_ts=161272989233267, rx_ts=161272989945329) request_id=370221 zil_blk_id=120149 ccf_commit_seqno=370221 nstreams_done_=12000 config.nstreams=20000 avg_latency=0.6814 ms avg throuhgput (requests/sec) = 90.1352 res=false
*==== INFO ====* req_id_count= 12500 stream_id=49996 latency=0.741537 ms (tx_ts=161278563927152, rx_ts=161278564668689) request_id=385726 zil_blk_id=125368 ccf_commit_seqno=385727 nstreams_done_=12500 config.nstreams=20000 avg_latency=0.6828 ms avg throuhgput (requests/sec) = 90.1173 res=false
*==== INFO ====* req_id_count= 13000 stream_id=51996 latency=0.522286 ms (tx_ts=161284082651956, rx_ts=161284083174242) request_id=401055 zil_blk_id=130536 ccf_commit_seqno=401055 nstreams_done_=13000 config.nstreams=20000 avg_latency=0.6819 ms avg throuhgput (requests/sec) = 90.1360 res=false
*==== INFO ====* req_id_count= 13500 stream_id=53996 latency=0.578412 ms (tx_ts=161289609824051, rx_ts=161289610402463) request_id=416419 zil_blk_id=135713 ccf_commit_seqno=416419 nstreams_done_=13500 config.nstreams=20000 avg_latency=0.6819 ms avg throuhgput (requests/sec) = 90.1480 res=false
*==== INFO ====* req_id_count= 14000 stream_id=55996 latency=0.524712 ms (tx_ts=161295134852600, rx_ts=161295135377312) request_id=431752 zil_blk_id=140888 ccf_commit_seqno=431752 nstreams_done_=14000 config.nstreams=20000 avg_latency=0.6820 ms avg throuhgput (requests/sec) = 90.1604 res=false
*==== INFO ====* req_id_count= 14500 stream_id=57996 latency=0.518550 ms (tx_ts=161300685366425, rx_ts=161300685884975) request_id=447162 zil_blk_id=146076 ccf_commit_seqno=447162 nstreams_done_=14500 config.nstreams=20000 avg_latency=0.6823 ms avg throuhgput (requests/sec) = 90.1577 res=false
*==== INFO ====* req_id_count= 15000 stream_id=59996 latency=0.606284 ms (tx_ts=161306205743882, rx_ts=161306206350166) request_id=462468 zil_blk_id=151238 ccf_commit_seqno=462468 nstreams_done_=15000 config.nstreams=20000 avg_latency=0.6817 ms avg throuhgput (requests/sec) = 90.1715 res=false
*==== INFO ====* req_id_count= 15500 stream_id=61996 latency=0.599731 ms (tx_ts=161311726868412, rx_ts=161311727468143) request_id=477788 zil_blk_id=156392 ccf_commit_seqno=477788 nstreams_done_=15500 config.nstreams=20000 avg_latency=0.6814 ms avg throuhgput (requests/sec) = 90.1840 res=false
*==== INFO ====* req_id_count= 16000 stream_id=63996 latency=0.544078 ms (tx_ts=161317254304327, rx_ts=161317254848405) request_id=493115 zil_blk_id=161555 ccf_commit_seqno=493115 nstreams_done_=16000 config.nstreams=20000 avg_latency=0.6812 ms avg throuhgput (requests/sec) = 90.1926 res=false
*==== INFO ====* req_id_count= 16500 stream_id=65996 latency=0.692374 ms (tx_ts=161322776301859, rx_ts=161322776994233) request_id=508424 zil_blk_id=166710 ccf_commit_seqno=508424 nstreams_done_=16500 config.nstreams=20000 avg_latency=0.6803 ms avg throuhgput (requests/sec) = 90.2032 res=false
*==== INFO ====* req_id_count= 17000 stream_id=67996 latency=0.723053 ms (tx_ts=161328507675884, rx_ts=161328508398937) request_id=524225 zil_blk_id=172055 ccf_commit_seqno=524225 nstreams_done_=17000 config.nstreams=20000 avg_latency=0.6802 ms avg throuhgput (requests/sec) = 90.1131 res=false
*==== INFO ====* req_id_count= 17500 stream_id=69996 latency=0.570076 ms (tx_ts=161334032451861, rx_ts=161334033021937) request_id=539529 zil_blk_id=177228 ccf_commit_seqno=539529 nstreams_done_=17500 config.nstreams=20000 avg_latency=0.6800 ms avg throuhgput (requests/sec) = 90.1242 res=false
*==== INFO ====* req_id_count= 18000 stream_id=71996 latency=0.690882 ms (tx_ts=161339560178136, rx_ts=161339560869018) request_id=554889 zil_blk_id=182407 ccf_commit_seqno=554889 nstreams_done_=18000 config.nstreams=20000 avg_latency=0.6793 ms avg throuhgput (requests/sec) = 90.1333 res=false
*==== INFO ====* req_id_count= 18500 stream_id=73996 latency=0.528108 ms (tx_ts=161345214114429, rx_ts=161345214642537) request_id=570566 zil_blk_id=187699 ccf_commit_seqno=570566 nstreams_done_=18500 config.nstreams=20000 avg_latency=0.6787 ms avg throuhgput (requests/sec) = 90.0866 res=false
*==== INFO ====* req_id_count= 19000 stream_id=75996 latency=0.935148 ms (tx_ts=161351019830762, rx_ts=161351020765910) request_id=586681 zil_blk_id=193130 ccf_commit_seqno=586681 nstreams_done_=19000 config.nstreams=20000 avg_latency=0.6773 ms avg throuhgput (requests/sec) = 89.9774 res=false
*==== INFO ====* req_id_count= 19500 stream_id=77996 latency=0.756886 ms (tx_ts=161356813663796, rx_ts=161356814420682) request_id=602785 zil_blk_id=198566 ccf_commit_seqno=602786 nstreams_done_=19500 config.nstreams=20000 avg_latency=0.6754 ms avg throuhgput (requests/sec) = 89.8792 res=false
*==== INFO ====* http_end_stream ALL streams done! nstreams_done_=20000 avg_latency=0.6739 msreq_id_count= 20000
*==== INFO ====* req_id_count= 20000 stream_id=79996 latency=0.572240 ms (tx_ts=161362616613873, rx_ts=161362617186113) request_id=618456 zil_blk_id=204011 ccf_commit_seqno=618456 nstreams_done_=20000 config.nstreams=20000 avg_latency=0.6739 ms avg throuhgput (requests/sec) = 89.7825 res=true
