Uniform: 721315 612842 598267 138268 764907 
Exponential: -2147483648 -2147483648 -2147483648 -2147483648 -2147483648 
Truncated Normal: 855319 470063 417743 390482 573150 
*==== INFO ====* req_id_count= 500 stream_id=1996 latency=0.863795 ms (tx_ts=161145687310855, rx_ts=161145688174650) request_id=15789 zil_blk_id=1996 ccf_commit_seqno=15789 nstreams_done_=500 config.nstreams=20000 avg_latency=0.7435 ms avg throuhgput (requests/sec) = 85.9088 res=false
*==== INFO ====* req_id_count= 1000 stream_id=3996 latency=0.847435 ms (tx_ts=161151548330187, rx_ts=161151549177622) request_id=32038 zil_blk_id=3996 ccf_commit_seqno=32039 nstreams_done_=1000 config.nstreams=20000 avg_latency=0.7528 ms avg throuhgput (requests/sec) = 85.6082 res=false
*==== INFO ====* req_id_count= 1500 stream_id=5996 latency=0.651650 ms (tx_ts=161157404588110, rx_ts=161157405239760) request_id=48329 zil_blk_id=5996 ccf_commit_seqno=48329 nstreams_done_=1500 config.nstreams=20000 avg_latency=0.7528 ms avg throuhgput (requests/sec) = 85.5325 res=false
*==== INFO ====* req_id_count= 2000 stream_id=7996 latency=0.960287 ms (tx_ts=161163271170322, rx_ts=161163272130609) request_id=64680 zil_blk_id=7996 ccf_commit_seqno=64680 nstreams_done_=2000 config.nstreams=20000 avg_latency=0.7555 ms avg throuhgput (requests/sec) = 85.4552 res=false
*==== INFO ====* req_id_count= 2500 stream_id=9996 latency=0.640058 ms (tx_ts=161169107109700, rx_ts=161169107749758) request_id=80901 zil_blk_id=9996 ccf_commit_seqno=80901 nstreams_done_=2500 config.nstreams=20000 avg_latency=0.7588 ms avg throuhgput (requests/sec) = 85.5002 res=false
*==== INFO ====* req_id_count= 3000 stream_id=11996 latency=0.793655 ms (tx_ts=161174940084488, rx_ts=161174940878143) request_id=97143 zil_blk_id=11996 ccf_commit_seqno=97143 nstreams_done_=3000 config.nstreams=20000 avg_latency=0.7598 ms avg throuhgput (requests/sec) = 85.5363 res=false
*==== INFO ====* req_id_count= 3500 stream_id=13996 latency=0.633044 ms (tx_ts=161180750221888, rx_ts=161180750854932) request_id=113348 zil_blk_id=13996 ccf_commit_seqno=113348 nstreams_done_=3500 config.nstreams=20000 avg_latency=0.7568 ms avg throuhgput (requests/sec) = 85.6106 res=false
*==== INFO ====* req_id_count= 4000 stream_id=15996 latency=0.835798 ms (tx_ts=161186590970717, rx_ts=161186591806515) request_id=129655 zil_blk_id=15996 ccf_commit_seqno=129656 nstreams_done_=4000 config.nstreams=20000 avg_latency=0.7570 ms avg throuhgput (requests/sec) = 85.6096 res=false
*==== INFO ====* req_id_count= 4500 stream_id=17996 latency=0.652591 ms (tx_ts=161192445393243, rx_ts=161192446045834) request_id=145981 zil_blk_id=17996 ccf_commit_seqno=145981 nstreams_done_=4500 config.nstreams=20000 avg_latency=0.7578 ms avg throuhgput (requests/sec) = 85.5871 res=false
*==== INFO ====* req_id_count= 5000 stream_id=19996 latency=0.621512 ms (tx_ts=161198271667197, rx_ts=161198272288709) request_id=162223 zil_blk_id=19996 ccf_commit_seqno=162223 nstreams_done_=5000 config.nstreams=20000 avg_latency=0.7563 ms avg throuhgput (requests/sec) = 85.6102 res=false
*==== INFO ====* req_id_count= 5500 stream_id=21996 latency=1.658951 ms (tx_ts=161204128652315, rx_ts=161204130311266) request_id=178526 zil_blk_id=21996 ccf_commit_seqno=178526 nstreams_done_=5500 config.nstreams=20000 avg_latency=0.7586 ms avg throuhgput (requests/sec) = 85.5868 res=false
*==== INFO ====* req_id_count= 6000 stream_id=23996 latency=0.647303 ms (tx_ts=161209951538621, rx_ts=161209952185924) request_id=194643 zil_blk_id=23996 ccf_commit_seqno=194643 nstreams_done_=6000 config.nstreams=20000 avg_latency=0.7582 ms avg throuhgput (requests/sec) = 85.6114 res=false
*==== INFO ====* req_id_count= 6500 stream_id=25996 latency=1.059101 ms (tx_ts=161215768284000, rx_ts=161215769343101) request_id=210769 zil_blk_id=25996 ccf_commit_seqno=210770 nstreams_done_=6500 config.nstreams=20000 avg_latency=0.7570 ms avg throuhgput (requests/sec) = 85.6375 res=false
*==== INFO ====* req_id_count= 7000 stream_id=27996 latency=0.633065 ms (tx_ts=161221593210541, rx_ts=161221593843606) request_id=226915 zil_blk_id=27996 ccf_commit_seqno=226915 nstreams_done_=7000 config.nstreams=20000 avg_latency=0.7566 ms avg throuhgput (requests/sec) = 85.6523 res=false
*==== INFO ====* req_id_count= 7500 stream_id=29996 latency=0.633427 ms (tx_ts=161227441573994, rx_ts=161227442207421) request_id=243163 zil_blk_id=29996 ccf_commit_seqno=243163 nstreams_done_=7500 config.nstreams=20000 avg_latency=0.7579 ms avg throuhgput (requests/sec) = 85.6417 res=false
*==== INFO ====* req_id_count= 8000 stream_id=31996 latency=0.938596 ms (tx_ts=161233273906248, rx_ts=161233274844844) request_id=259418 zil_blk_id=31996 ccf_commit_seqno=259419 nstreams_done_=8000 config.nstreams=20000 avg_latency=0.7586 ms avg throuhgput (requests/sec) = 85.6469 res=false
*==== INFO ====* req_id_count= 8500 stream_id=33996 latency=0.661067 ms (tx_ts=161239100801832, rx_ts=161239101462899) request_id=275641 zil_blk_id=33996 ccf_commit_seqno=275641 nstreams_done_=8500 config.nstreams=20000 avg_latency=0.7584 ms avg throuhgput (requests/sec) = 85.6566 res=false
*==== INFO ====* req_id_count= 9000 stream_id=35996 latency=0.696523 ms (tx_ts=161244918048558, rx_ts=161244918745081) request_id=291850 zil_blk_id=35996 ccf_commit_seqno=291850 nstreams_done_=9000 config.nstreams=20000 avg_latency=0.7578 ms avg throuhgput (requests/sec) = 85.6729 res=false
*==== INFO ====* req_id_count= 9500 stream_id=37996 latency=0.848108 ms (tx_ts=161250757697025, rx_ts=161250758545133) request_id=308150 zil_blk_id=37996 ccf_commit_seqno=308151 nstreams_done_=9500 config.nstreams=20000 avg_latency=0.7589 ms avg throuhgput (requests/sec) = 85.6701 res=false
*==== INFO ====* req_id_count= 10000 stream_id=39996 latency=0.646579 ms (tx_ts=161256607769610, rx_ts=161256608416189) request_id=324480 zil_blk_id=39996 ccf_commit_seqno=324480 nstreams_done_=10000 config.nstreams=20000 avg_latency=0.7592 ms avg throuhgput (requests/sec) = 85.6602 res=false
*==== INFO ====* req_id_count= 10500 stream_id=41996 latency=0.702825 ms (tx_ts=161262455780410, rx_ts=161262456483235) request_id=340816 zil_blk_id=41996 ccf_commit_seqno=340816 nstreams_done_=10500 config.nstreams=20000 avg_latency=0.7594 ms avg throuhgput (requests/sec) = 85.6525 res=false
*==== INFO ====* req_id_count= 11000 stream_id=43996 latency=0.644775 ms (tx_ts=161268291514939, rx_ts=161268292159714) request_id=357100 zil_blk_id=43996 ccf_commit_seqno=357100 nstreams_done_=11000 config.nstreams=20000 avg_latency=0.7593 ms avg throuhgput (requests/sec) = 85.6537 res=false
*==== INFO ====* req_id_count= 11500 stream_id=45996 latency=0.713674 ms (tx_ts=161274109410528, rx_ts=161274110124202) request_id=373336 zil_blk_id=45996 ccf_commit_seqno=373336 nstreams_done_=11500 config.nstreams=20000 avg_latency=0.7596 ms avg throuhgput (requests/sec) = 85.6661 res=false
*==== INFO ====* req_id_count= 12000 stream_id=47996 latency=0.896917 ms (tx_ts=161279948437761, rx_ts=161279949334678) request_id=389567 zil_blk_id=47996 ccf_commit_seqno=389568 nstreams_done_=12000 config.nstreams=20000 avg_latency=0.7598 ms avg throuhgput (requests/sec) = 85.6645 res=false
*==== INFO ====* req_id_count= 12500 stream_id=49996 latency=0.637322 ms (tx_ts=161285778933607, rx_ts=161285779570929) request_id=405771 zil_blk_id=49996 ccf_commit_seqno=405771 nstreams_done_=12500 config.nstreams=20000 avg_latency=0.7596 ms avg throuhgput (requests/sec) = 85.6684 res=false
*==== INFO ====* req_id_count= 13000 stream_id=51996 latency=0.654814 ms (tx_ts=161291617743262, rx_ts=161291618398076) request_id=422006 zil_blk_id=51996 ccf_commit_seqno=422006 nstreams_done_=13000 config.nstreams=20000 avg_latency=0.7595 ms avg throuhgput (requests/sec) = 85.6670 res=false
*==== INFO ====* req_id_count= 13500 stream_id=53996 latency=0.678981 ms (tx_ts=161297432157143, rx_ts=161297432836124) request_id=438141 zil_blk_id=53996 ccf_commit_seqno=438141 nstreams_done_=13500 config.nstreams=20000 avg_latency=0.7587 ms avg throuhgput (requests/sec) = 85.6790 res=false
*==== INFO ====* req_id_count= 14000 stream_id=55996 latency=0.731869 ms (tx_ts=161303254948321, rx_ts=161303255680190) request_id=454299 zil_blk_id=55996 ccf_commit_seqno=454299 nstreams_done_=14000 config.nstreams=20000 avg_latency=0.7591 ms avg throuhgput (requests/sec) = 85.6858 res=false
*==== INFO ====* req_id_count= 14500 stream_id=57996 latency=0.871310 ms (tx_ts=161309078836637, rx_ts=161309079707947) request_id=470443 zil_blk_id=57996 ccf_commit_seqno=470443 nstreams_done_=14500 config.nstreams=20000 avg_latency=0.7591 ms avg throuhgput (requests/sec) = 85.6915 res=false
*==== INFO ====* req_id_count= 15000 stream_id=59996 latency=0.662796 ms (tx_ts=161314894953477, rx_ts=161314895616273) request_id=486584 zil_blk_id=59996 ccf_commit_seqno=486584 nstreams_done_=15000 config.nstreams=20000 avg_latency=0.7594 ms avg throuhgput (requests/sec) = 85.7008 res=false
*==== INFO ====* req_id_count= 15500 stream_id=61996 latency=0.638384 ms (tx_ts=161320742020568, rx_ts=161320742658952) request_id=502790 zil_blk_id=61996 ccf_commit_seqno=502790 nstreams_done_=15500 config.nstreams=20000 avg_latency=0.7599 ms avg throuhgput (requests/sec) = 85.6947 res=false
*==== INFO ====* req_id_count= 16000 stream_id=63996 latency=0.677135 ms (tx_ts=161326585069724, rx_ts=161326585746859) request_id=518900 zil_blk_id=63996 ccf_commit_seqno=518900 nstreams_done_=16000 config.nstreams=20000 avg_latency=0.7611 ms avg throuhgput (requests/sec) = 85.6909 res=false
*==== INFO ====* req_id_count= 16500 stream_id=65996 latency=0.872583 ms (tx_ts=161332406644381, rx_ts=161332407516964) request_id=535021 zil_blk_id=65996 ccf_commit_seqno=535021 nstreams_done_=16500 config.nstreams=20000 avg_latency=0.7611 ms avg throuhgput (requests/sec) = 85.6967 res=false
*==== INFO ====* req_id_count= 17000 stream_id=67996 latency=0.811347 ms (tx_ts=161338210613017, rx_ts=161338211424364) request_id=551143 zil_blk_id=67996 ccf_commit_seqno=551143 nstreams_done_=17000 config.nstreams=20000 avg_latency=0.7607 ms avg throuhgput (requests/sec) = 85.7099 res=false
*==== INFO ====* req_id_count= 17500 stream_id=69996 latency=0.812980 ms (tx_ts=161344051869370, rx_ts=161344052682350) request_id=567343 zil_blk_id=69996 ccf_commit_seqno=567343 nstreams_done_=17500 config.nstreams=20000 avg_latency=0.7611 ms avg throuhgput (requests/sec) = 85.7067 res=false
*==== INFO ====* req_id_count= 18000 stream_id=71996 latency=0.786310 ms (tx_ts=161349876248659, rx_ts=161349877034969) request_id=583510 zil_blk_id=71996 ccf_commit_seqno=583511 nstreams_done_=18000 config.nstreams=20000 avg_latency=0.7610 ms avg throuhgput (requests/sec) = 85.7106 res=false
*==== INFO ====* req_id_count= 18500 stream_id=73996 latency=0.648443 ms (tx_ts=161355715624444, rx_ts=161355716272887) request_id=599738 zil_blk_id=73996 ccf_commit_seqno=599738 nstreams_done_=18500 config.nstreams=20000 avg_latency=0.7611 ms avg throuhgput (requests/sec) = 85.7084 res=false
*==== INFO ====* req_id_count= 19000 stream_id=75996 latency=0.819192 ms (tx_ts=161361554511739, rx_ts=161361555330931) request_id=615708 zil_blk_id=75996 ccf_commit_seqno=615708 nstreams_done_=19000 config.nstreams=20000 avg_latency=0.7613 ms avg throuhgput (requests/sec) = 85.7063 res=false
*==== INFO ====* req_id_count= 19500 stream_id=77996 latency=0.638274 ms (tx_ts=161367415042480, rx_ts=161367415680754) request_id=628640 zil_blk_id=77996 ccf_commit_seqno=628640 nstreams_done_=19500 config.nstreams=20000 avg_latency=0.7606 ms avg throuhgput (requests/sec) = 85.6963 res=false
*==== INFO ====* http_end_stream ALL streams done! nstreams_done_=20000 avg_latency=0.7598 msreq_id_count= 20000
*==== INFO ====* req_id_count= 20000 stream_id=79996 latency=0.662400 ms (tx_ts=161373331194190, rx_ts=161373331856590) request_id=638317 zil_blk_id=79996 ccf_commit_seqno=638317 nstreams_done_=20000 config.nstreams=20000 avg_latency=0.7598 ms avg throuhgput (requests/sec) = 85.6664 res=true
