Uniform: 205556 425191 858384 449772 706056 
Exponential: -2147483648 -2147483648 -2147483648 -2147483648 -2147483648 
Truncated Normal: 641329 265628 623522 240052 338019 
*==== INFO ====* req_id_count= 500 stream_id=1996 latency=0.759190 ms (tx_ts=161145754610380, rx_ts=161145755369570) request_id=15963 zil_blk_id=1996 ccf_commit_seqno=15963 nstreams_done_=500 config.nstreams=20000 avg_latency=0.7924 ms avg throuhgput (requests/sec) = 84.9393 res=false
*==== INFO ====* req_id_count= 1000 stream_id=3996 latency=0.798394 ms (tx_ts=161151668819387, rx_ts=161151669617781) request_id=32365 zil_blk_id=3996 ccf_commit_seqno=32365 nstreams_done_=1000 config.nstreams=20000 avg_latency=0.7895 ms avg throuhgput (requests/sec) = 84.7400 res=false
*==== INFO ====* req_id_count= 1500 stream_id=5996 latency=0.930366 ms (tx_ts=161157589762234, rx_ts=161157590692600) request_id=48840 zil_blk_id=5996 ccf_commit_seqno=48840 nstreams_done_=1500 config.nstreams=20000 avg_latency=0.7911 ms avg throuhgput (requests/sec) = 84.6411 res=false
*==== INFO ====* req_id_count= 2000 stream_id=7996 latency=0.744884 ms (tx_ts=161163497454718, rx_ts=161163498199602) request_id=65303 zil_blk_id=7996 ccf_commit_seqno=65303 nstreams_done_=2000 config.nstreams=20000 avg_latency=0.7874 ms avg throuhgput (requests/sec) = 84.6404 res=false
*==== INFO ====* req_id_count= 2500 stream_id=9996 latency=0.892951 ms (tx_ts=161169399648117, rx_ts=161169400541068) request_id=81711 zil_blk_id=9996 ccf_commit_seqno=81711 nstreams_done_=2500 config.nstreams=20000 avg_latency=0.7896 ms avg throuhgput (requests/sec) = 84.6547 res=false
*==== INFO ====* req_id_count= 3000 stream_id=11996 latency=0.699679 ms (tx_ts=161175267862936, rx_ts=161175268562615) request_id=98050 zil_blk_id=11996 ccf_commit_seqno=98050 nstreams_done_=3000 config.nstreams=20000 avg_latency=0.7884 ms avg throuhgput (requests/sec) = 84.7464 res=false
*==== INFO ====* req_id_count= 3500 stream_id=13996 latency=0.693117 ms (tx_ts=161181153490232, rx_ts=161181154183349) request_id=114462 zil_blk_id=13996 ccf_commit_seqno=114462 nstreams_done_=3500 config.nstreams=20000 avg_latency=0.7905 ms avg throuhgput (requests/sec) = 84.7758 res=false
*==== INFO ====* req_id_count= 4000 stream_id=15996 latency=0.653879 ms (tx_ts=161187035363704, rx_ts=161187036017583) request_id=130892 zil_blk_id=15996 ccf_commit_seqno=130892 nstreams_done_=4000 config.nstreams=20000 avg_latency=0.7931 ms avg throuhgput (requests/sec) = 84.8047 res=false
*==== INFO ====* req_id_count= 4500 stream_id=17996 latency=0.942643 ms (tx_ts=161192918224022, rx_ts=161192919166665) request_id=147288 zil_blk_id=17996 ccf_commit_seqno=147290 nstreams_done_=4500 config.nstreams=20000 avg_latency=0.7936 ms avg throuhgput (requests/sec) = 84.8251 res=false
*==== INFO ====* req_id_count= 5000 stream_id=19996 latency=0.709026 ms (tx_ts=161198793097167, rx_ts=161198793806193) request_id=163666 zil_blk_id=19996 ccf_commit_seqno=163666 nstreams_done_=5000 config.nstreams=20000 avg_latency=0.7929 ms avg throuhgput (requests/sec) = 84.8536 res=false
*==== INFO ====* req_id_count= 5500 stream_id=21996 latency=0.854458 ms (tx_ts=161204664296498, rx_ts=161204665150956) request_id=180011 zil_blk_id=21996 ccf_commit_seqno=180011 nstreams_done_=5500 config.nstreams=20000 avg_latency=0.7930 ms avg throuhgput (requests/sec) = 84.8813 res=false
*==== INFO ====* req_id_count= 6000 stream_id=23996 latency=0.866230 ms (tx_ts=161210529201177, rx_ts=161210530067407) request_id=196239 zil_blk_id=23996 ccf_commit_seqno=196239 nstreams_done_=6000 config.nstreams=20000 avg_latency=0.7928 ms avg throuhgput (requests/sec) = 84.9122 res=false
*==== INFO ====* req_id_count= 6500 stream_id=25996 latency=0.771793 ms (tx_ts=161216394903615, rx_ts=161216395675408) request_id=212502 zil_blk_id=25996 ccf_commit_seqno=212502 nstreams_done_=6500 config.nstreams=20000 avg_latency=0.7930 ms avg throuhgput (requests/sec) = 84.9375 res=false
*==== INFO ====* req_id_count= 7000 stream_id=27996 latency=0.837148 ms (tx_ts=161222251419113, rx_ts=161222252256261) request_id=228730 zil_blk_id=27996 ccf_commit_seqno=228731 nstreams_done_=7000 config.nstreams=20000 avg_latency=0.7924 ms avg throuhgput (requests/sec) = 84.9685 res=false
*==== INFO ====* req_id_count= 7500 stream_id=29996 latency=0.851396 ms (tx_ts=161228133292647, rx_ts=161228134144043) request_id=245086 zil_blk_id=29996 ccf_commit_seqno=245086 nstreams_done_=7500 config.nstreams=20000 avg_latency=0.7918 ms avg throuhgput (requests/sec) = 84.9711 res=false
*==== INFO ====* req_id_count= 8000 stream_id=31996 latency=0.703657 ms (tx_ts=161234006832076, rx_ts=161234007535733) request_id=261444 zil_blk_id=31996 ccf_commit_seqno=261444 nstreams_done_=8000 config.nstreams=20000 avg_latency=0.7914 ms avg throuhgput (requests/sec) = 84.9810 res=false
*==== INFO ====* req_id_count= 8500 stream_id=33996 latency=0.680243 ms (tx_ts=161239881938925, rx_ts=161239882619168) request_id=277814 zil_blk_id=33996 ccf_commit_seqno=277814 nstreams_done_=8500 config.nstreams=20000 avg_latency=0.7913 ms avg throuhgput (requests/sec) = 84.9883 res=false
*==== INFO ====* req_id_count= 9000 stream_id=35996 latency=0.774298 ms (tx_ts=161245758019873, rx_ts=161245758794171) request_id=294181 zil_blk_id=35996 ccf_commit_seqno=294181 nstreams_done_=9000 config.nstreams=20000 avg_latency=0.7916 ms avg throuhgput (requests/sec) = 84.9939 res=false
*==== INFO ====* req_id_count= 9500 stream_id=37996 latency=0.845323 ms (tx_ts=161251608147465, rx_ts=161251608992788) request_id=310519 zil_blk_id=37996 ccf_commit_seqno=310520 nstreams_done_=9500 config.nstreams=20000 avg_latency=0.7909 ms avg throuhgput (requests/sec) = 85.0187 res=false
*==== INFO ====* req_id_count= 10000 stream_id=39996 latency=0.883192 ms (tx_ts=161257470646375, rx_ts=161257471529567) request_id=326890 zil_blk_id=39996 ccf_commit_seqno=326890 nstreams_done_=10000 config.nstreams=20000 avg_latency=0.7903 ms avg throuhgput (requests/sec) = 85.0321 res=false
*==== INFO ====* req_id_count= 10500 stream_id=41996 latency=0.662790 ms (tx_ts=161263356905731, rx_ts=161263357568521) request_id=343323 zil_blk_id=41996 ccf_commit_seqno=343323 nstreams_done_=10500 config.nstreams=20000 avg_latency=0.7900 ms avg throuhgput (requests/sec) = 85.0280 res=false
*==== INFO ====* req_id_count= 11000 stream_id=43996 latency=0.829942 ms (tx_ts=161269226706796, rx_ts=161269227536738) request_id=359705 zil_blk_id=43996 ccf_commit_seqno=359705 nstreams_done_=11000 config.nstreams=20000 avg_latency=0.7906 ms avg throuhgput (requests/sec) = 85.0349 res=false
*==== INFO ====* req_id_count= 11500 stream_id=45996 latency=0.652661 ms (tx_ts=161275079670742, rx_ts=161275080323403) request_id=376035 zil_blk_id=45996 ccf_commit_seqno=376035 nstreams_done_=11500 config.nstreams=20000 avg_latency=0.7904 ms avg throuhgput (requests/sec) = 85.0519 res=false
*==== INFO ====* req_id_count= 12000 stream_id=47996 latency=0.790238 ms (tx_ts=161280957438283, rx_ts=161280958228521) request_id=392370 zil_blk_id=47996 ccf_commit_seqno=392370 nstreams_done_=12000 config.nstreams=20000 avg_latency=0.7910 ms avg throuhgput (requests/sec) = 85.0524 res=false
*==== INFO ====* req_id_count= 12500 stream_id=49996 latency=0.807389 ms (tx_ts=161286844230113, rx_ts=161286845037502) request_id=408735 zil_blk_id=49996 ccf_commit_seqno=408735 nstreams_done_=12500 config.nstreams=20000 avg_latency=0.7918 ms avg throuhgput (requests/sec) = 85.0478 res=false
*==== INFO ====* req_id_count= 13000 stream_id=51996 latency=0.689940 ms (tx_ts=161292707972873, rx_ts=161292708662813) request_id=425018 zil_blk_id=51996 ccf_commit_seqno=425018 nstreams_done_=13000 config.nstreams=20000 avg_latency=0.7917 ms avg throuhgput (requests/sec) = 85.0564 res=false
*==== INFO ====* req_id_count= 13500 stream_id=53996 latency=1.332961 ms (tx_ts=161298573522460, rx_ts=161298574855421) request_id=441299 zil_blk_id=53996 ccf_commit_seqno=441300 nstreams_done_=13500 config.nstreams=20000 avg_latency=0.7917 ms avg throuhgput (requests/sec) = 85.0629 res=false
*==== INFO ====* req_id_count= 14000 stream_id=55996 latency=0.687065 ms (tx_ts=161304448101930, rx_ts=161304448788995) request_id=457601 zil_blk_id=55996 ccf_commit_seqno=457601 nstreams_done_=14000 config.nstreams=20000 avg_latency=0.7916 ms avg throuhgput (requests/sec) = 85.0650 res=false
*==== INFO ====* req_id_count= 14500 stream_id=57996 latency=0.757817 ms (tx_ts=161310339291815, rx_ts=161310340049632) request_id=473934 zil_blk_id=57996 ccf_commit_seqno=473934 nstreams_done_=14500 config.nstreams=20000 avg_latency=0.7923 ms avg throuhgput (requests/sec) = 85.0583 res=false
*==== INFO ====* req_id_count= 15000 stream_id=59996 latency=1.664191 ms (tx_ts=161316201144845, rx_ts=161316202809036) request_id=490204 zil_blk_id=59996 ccf_commit_seqno=490204 nstreams_done_=15000 config.nstreams=20000 avg_latency=0.7924 ms avg throuhgput (requests/sec) = 85.0658 res=false
*==== INFO ====* req_id_count= 15500 stream_id=61996 latency=0.691493 ms (tx_ts=161322069626676, rx_ts=161322070318169) request_id=506474 zil_blk_id=61996 ccf_commit_seqno=506474 nstreams_done_=15500 config.nstreams=20000 avg_latency=0.7924 ms avg throuhgput (requests/sec) = 85.0706 res=false
*==== INFO ====* req_id_count= 16000 stream_id=63996 latency=0.657750 ms (tx_ts=161327925709705, rx_ts=161327926367455) request_id=522612 zil_blk_id=63996 ccf_commit_seqno=522612 nstreams_done_=16000 config.nstreams=20000 avg_latency=0.7925 ms avg throuhgput (requests/sec) = 85.0803 res=false
*==== INFO ====* req_id_count= 16500 stream_id=65996 latency=0.660235 ms (tx_ts=161333798755543, rx_ts=161333799415778) request_id=538877 zil_blk_id=65996 ccf_commit_seqno=538877 nstreams_done_=16500 config.nstreams=20000 avg_latency=0.7930 ms avg throuhgput (requests/sec) = 85.0820 res=false
*==== INFO ====* req_id_count= 17000 stream_id=67996 latency=0.837737 ms (tx_ts=161339673781930, rx_ts=161339674619667) request_id=555205 zil_blk_id=67996 ccf_commit_seqno=555205 nstreams_done_=17000 config.nstreams=20000 avg_latency=0.7929 ms avg throuhgput (requests/sec) = 85.0826 res=false
*==== INFO ====* req_id_count= 17500 stream_id=69996 latency=0.802881 ms (tx_ts=161345553825635, rx_ts=161345554628516) request_id=571510 zil_blk_id=69996 ccf_commit_seqno=571510 nstreams_done_=17500 config.nstreams=20000 avg_latency=0.7931 ms avg throuhgput (requests/sec) = 85.0812 res=false
*==== INFO ====* req_id_count= 18000 stream_id=71996 latency=0.816066 ms (tx_ts=161351450252887, rx_ts=161351451068953) request_id=587871 zil_blk_id=71996 ccf_commit_seqno=587871 nstreams_done_=18000 config.nstreams=20000 avg_latency=0.7940 ms avg throuhgput (requests/sec) = 85.0733 res=false
*==== INFO ====* req_id_count= 18500 stream_id=73996 latency=0.704647 ms (tx_ts=161357312475624, rx_ts=161357313180271) request_id=604164 zil_blk_id=73996 ccf_commit_seqno=604164 nstreams_done_=18500 config.nstreams=20000 avg_latency=0.7940 ms avg throuhgput (requests/sec) = 85.0792 res=false
*==== INFO ====* req_id_count= 19000 stream_id=75996 latency=0.715278 ms (tx_ts=161363185745008, rx_ts=161363186460286) request_id=619863 zil_blk_id=75996 ccf_commit_seqno=619863 nstreams_done_=19000 config.nstreams=20000 avg_latency=0.7938 ms avg throuhgput (requests/sec) = 85.0806 res=false
*==== INFO ====* req_id_count= 19500 stream_id=77996 latency=0.689367 ms (tx_ts=161369121902644, rx_ts=161369122592011) request_id=631663 zil_blk_id=77996 ccf_commit_seqno=631663 nstreams_done_=19500 config.nstreams=20000 avg_latency=0.7948 ms avg throuhgput (requests/sec) = 85.0586 res=false
*==== INFO ====* http_end_stream ALL streams done! nstreams_done_=20000 avg_latency=0.7936 msreq_id_count= 20000
*==== INFO ====* req_id_count= 20000 stream_id=79996 latency=0.705400 ms (tx_ts=161375087332634, rx_ts=161375088038034) request_id=639798 zil_blk_id=79996 ccf_commit_seqno=639798 nstreams_done_=20000 config.nstreams=20000 avg_latency=0.7936 ms avg throuhgput (requests/sec) = 85.0271 res=true
