Uniform: 561976 485534 264120 170678 242770 
Exponential: -2147483648 -2147483648 -2147483648 -2147483648 -2147483648 
Truncated Normal: 223201 585158 428059 793267 766631 
*==== INFO ====* req_id_count= 500 stream_id=1996 latency=0.572931 ms (tx_ts=161145360305757, rx_ts=161145360878688) request_id=14890 zil_blk_id=491 ccf_commit_seqno=14890 nstreams_done_=500 config.nstreams=20000 avg_latency=0.6645 ms avg throuhgput (requests/sec) = 90.8347 res=false
*==== INFO ====* req_id_count= 1000 stream_id=3996 latency=0.526856 ms (tx_ts=161150885521387, rx_ts=161150886048243) request_id=30210 zil_blk_id=5673 ccf_commit_seqno=30210 nstreams_done_=1000 config.nstreams=20000 avg_latency=0.6703 ms avg throuhgput (requests/sec) = 90.6645 res=false
*==== INFO ====* req_id_count= 1500 stream_id=5996 latency=0.732070 ms (tx_ts=161156397132111, rx_ts=161156397864181) request_id=45530 zil_blk_id=10831 ccf_commit_seqno=45530 nstreams_done_=1500 config.nstreams=20000 avg_latency=0.6657 ms avg throuhgput (requests/sec) = 90.6811 res=false
*==== INFO ====* req_id_count= 2000 stream_id=7996 latency=1.518672 ms (tx_ts=161161910854556, rx_ts=161161912373228) request_id=60895 zil_blk_id=15990 ccf_commit_seqno=60895 nstreams_done_=2000 config.nstreams=20000 avg_latency=0.6651 ms avg throuhgput (requests/sec) = 90.6783 res=false
*==== INFO ====* req_id_count= 2500 stream_id=9996 latency=0.701202 ms (tx_ts=161167440718383, rx_ts=161167441419585) request_id=76278 zil_blk_id=21166 ccf_commit_seqno=76278 nstreams_done_=2500 config.nstreams=20000 avg_latency=0.6701 ms avg throuhgput (requests/sec) = 90.6288 res=false
*==== INFO ====* req_id_count= 3000 stream_id=11996 latency=0.623907 ms (tx_ts=161172956682729, rx_ts=161172957306636) request_id=91615 zil_blk_id=26323 ccf_commit_seqno=91615 nstreams_done_=3000 config.nstreams=20000 avg_latency=0.6690 ms avg throuhgput (requests/sec) = 90.6319 res=false
*==== INFO ====* req_id_count= 3500 stream_id=13996 latency=0.488574 ms (tx_ts=161178731020138, rx_ts=161178731508712) request_id=107705 zil_blk_id=31726 ccf_commit_seqno=107705 nstreams_done_=3500 config.nstreams=20000 avg_latency=0.6603 ms avg throuhgput (requests/sec) = 90.0318 res=false
*==== INFO ====* req_id_count= 4000 stream_id=15996 latency=0.745114 ms (tx_ts=161184242118475, rx_ts=161184242863589) request_id=123096 zil_blk_id=36885 ccf_commit_seqno=123097 nstreams_done_=4000 config.nstreams=20000 avg_latency=0.6587 ms avg throuhgput (requests/sec) = 90.1175 res=false
*==== INFO ====* req_id_count= 4500 stream_id=17996 latency=0.519602 ms (tx_ts=161189752783401, rx_ts=161189753303003) request_id=138468 zil_blk_id=42037 ccf_commit_seqno=138468 nstreams_done_=4500 config.nstreams=20000 avg_latency=0.6571 ms avg throuhgput (requests/sec) = 90.1859 res=false
*==== INFO ====* req_id_count= 5000 stream_id=19996 latency=0.549998 ms (tx_ts=161195265421078, rx_ts=161195265971076) request_id=153837 zil_blk_id=47199 ccf_commit_seqno=153837 nstreams_done_=5000 config.nstreams=20000 avg_latency=0.6568 ms avg throuhgput (requests/sec) = 90.2371 res=false
*==== INFO ====* req_id_count= 5500 stream_id=21996 latency=0.568644 ms (tx_ts=161200781171467, rx_ts=161200781740111) request_id=169203 zil_blk_id=52357 ccf_commit_seqno=169203 nstreams_done_=5500 config.nstreams=20000 avg_latency=0.6572 ms avg throuhgput (requests/sec) = 90.2744 res=false
*==== INFO ====* req_id_count= 6000 stream_id=23996 latency=0.540931 ms (tx_ts=161206292525329, rx_ts=161206293066260) request_id=184518 zil_blk_id=57513 ccf_commit_seqno=184518 nstreams_done_=6000 config.nstreams=20000 avg_latency=0.6567 ms avg throuhgput (requests/sec) = 90.3115 res=false
*==== INFO ====* req_id_count= 6500 stream_id=25996 latency=0.546949 ms (tx_ts=161212092532667, rx_ts=161212093079616) request_id=200569 zil_blk_id=62942 ccf_commit_seqno=200569 nstreams_done_=6500 config.nstreams=20000 avg_latency=0.6588 ms avg throuhgput (requests/sec) = 89.9820 res=false
*==== INFO ====* req_id_count= 7000 stream_id=27996 latency=0.513220 ms (tx_ts=161217895566667, rx_ts=161217896079887) request_id=216658 zil_blk_id=68373 ccf_commit_seqno=216658 nstreams_done_=7000 config.nstreams=20000 avg_latency=0.6568 ms avg throuhgput (requests/sec) = 89.6979 res=false
*==== INFO ====* req_id_count= 7500 stream_id=29996 latency=0.643324 ms (tx_ts=161223719898259, rx_ts=161223720541583) request_id=232802 zil_blk_id=73824 ccf_commit_seqno=232802 nstreams_done_=7500 config.nstreams=20000 avg_latency=0.6560 ms avg throuhgput (requests/sec) = 89.4303 res=false
*==== INFO ====* req_id_count= 8000 stream_id=31996 latency=0.520846 ms (tx_ts=161229538230046, rx_ts=161229538750892) request_id=249006 zil_blk_id=79269 ccf_commit_seqno=249006 nstreams_done_=8000 config.nstreams=20000 avg_latency=0.6540 ms avg throuhgput (requests/sec) = 89.2037 res=false
*==== INFO ====* req_id_count= 8500 stream_id=33996 latency=0.496707 ms (tx_ts=161235352358572, rx_ts=161235352855279) request_id=265185 zil_blk_id=84712 ccf_commit_seqno=265185 nstreams_done_=8500 config.nstreams=20000 avg_latency=0.6524 ms avg throuhgput (requests/sec) = 89.0085 res=false
*==== INFO ====* req_id_count= 9000 stream_id=35996 latency=0.518239 ms (tx_ts=161241168831861, rx_ts=161241169350100) request_id=281397 zil_blk_id=90157 ccf_commit_seqno=281397 nstreams_done_=9000 config.nstreams=20000 avg_latency=0.6504 ms avg throuhgput (requests/sec) = 88.8336 res=false
*==== INFO ====* req_id_count= 9500 stream_id=37996 latency=0.565217 ms (tx_ts=161246910658237, rx_ts=161246911223454) request_id=297399 zil_blk_id=95532 ccf_commit_seqno=297399 nstreams_done_=9500 config.nstreams=20000 avg_latency=0.6503 ms avg throuhgput (requests/sec) = 88.7396 res=false
*==== INFO ====* req_id_count= 10000 stream_id=39996 latency=0.528931 ms (tx_ts=161252448135468, rx_ts=161252448664399) request_id=312863 zil_blk_id=100712 ccf_commit_seqno=312863 nstreams_done_=10000 config.nstreams=20000 avg_latency=0.6524 ms avg throuhgput (requests/sec) = 88.8160 res=false
*==== INFO ====* req_id_count= 10500 stream_id=41996 latency=0.606684 ms (tx_ts=161257971523184, rx_ts=161257972129868) request_id=328282 zil_blk_id=105884 ccf_commit_seqno=328285 nstreams_done_=10500 config.nstreams=20000 avg_latency=0.6532 ms avg throuhgput (requests/sec) = 88.8958 res=false
*==== INFO ====* req_id_count= 11000 stream_id=43996 latency=0.735115 ms (tx_ts=161263494511168, rx_ts=161263495246283) request_id=343705 zil_blk_id=111045 ccf_commit_seqno=343705 nstreams_done_=11000 config.nstreams=20000 avg_latency=0.6533 ms avg throuhgput (requests/sec) = 88.9688 res=false
*==== INFO ====* req_id_count= 11500 stream_id=45996 latency=0.679581 ms (tx_ts=161269025231070, rx_ts=161269025910651) request_id=359145 zil_blk_id=116215 ccf_commit_seqno=359145 nstreams_done_=11500 config.nstreams=20000 avg_latency=0.6542 ms avg throuhgput (requests/sec) = 89.0303 res=false
*==== INFO ====* req_id_count= 12000 stream_id=47996 latency=0.721039 ms (tx_ts=161274545040376, rx_ts=161274545761415) request_id=374543 zil_blk_id=121374 ccf_commit_seqno=374545 nstreams_done_=12000 config.nstreams=20000 avg_latency=0.6546 ms avg throuhgput (requests/sec) = 89.0939 res=false
*==== INFO ====* req_id_count= 12500 stream_id=49996 latency=1.779849 ms (tx_ts=161280047656794, rx_ts=161280049436643) request_id=389844 zil_blk_id=126523 ccf_commit_seqno=389844 nstreams_done_=12500 config.nstreams=20000 avg_latency=0.6538 ms avg throuhgput (requests/sec) = 89.1628 res=false
*==== INFO ====* req_id_count= 13000 stream_id=51996 latency=0.677945 ms (tx_ts=161285559428361, rx_ts=161285560106306) request_id=405168 zil_blk_id=131682 ccf_commit_seqno=405168 nstreams_done_=13000 config.nstreams=20000 avg_latency=0.6540 ms avg throuhgput (requests/sec) = 89.2222 res=false
*==== INFO ====* req_id_count= 13500 stream_id=53996 latency=0.579284 ms (tx_ts=161291075444044, rx_ts=161291076023328) request_id=420494 zil_blk_id=136848 ccf_commit_seqno=420494 nstreams_done_=13500 config.nstreams=20000 avg_latency=0.6542 ms avg throuhgput (requests/sec) = 89.2741 res=false
*==== INFO ====* req_id_count= 14000 stream_id=55996 latency=0.541934 ms (tx_ts=161296598909449, rx_ts=161296599451383) request_id=435826 zil_blk_id=142021 ccf_commit_seqno=435826 nstreams_done_=14000 config.nstreams=20000 avg_latency=0.6550 ms avg throuhgput (requests/sec) = 89.3181 res=false
*==== INFO ====* req_id_count= 14500 stream_id=57996 latency=0.621332 ms (tx_ts=161302121468278, rx_ts=161302122089610) request_id=451159 zil_blk_id=147189 ccf_commit_seqno=451159 nstreams_done_=14500 config.nstreams=20000 avg_latency=0.6551 ms avg throuhgput (requests/sec) = 89.3596 res=false
*==== INFO ====* req_id_count= 15000 stream_id=59996 latency=0.539519 ms (tx_ts=161307637260058, rx_ts=161307637799577) request_id=466439 zil_blk_id=152353 ccf_commit_seqno=466439 nstreams_done_=15000 config.nstreams=20000 avg_latency=0.6554 ms avg throuhgput (requests/sec) = 89.4020 res=false
*==== INFO ====* req_id_count= 15500 stream_id=61996 latency=0.537145 ms (tx_ts=161313157361235, rx_ts=161313157898380) request_id=481755 zil_blk_id=157524 ccf_commit_seqno=481755 nstreams_done_=15500 config.nstreams=20000 avg_latency=0.6560 ms avg throuhgput (requests/sec) = 89.4395 res=false
*==== INFO ====* req_id_count= 16000 stream_id=63996 latency=0.643213 ms (tx_ts=161318678420080, rx_ts=161318679063293) request_id=497065 zil_blk_id=162692 ccf_commit_seqno=497065 nstreams_done_=16000 config.nstreams=20000 avg_latency=0.6563 ms avg throuhgput (requests/sec) = 89.4741 res=false
*==== INFO ====* req_id_count= 16500 stream_id=65996 latency=0.567201 ms (tx_ts=161324268559943, rx_ts=161324269127144) request_id=512518 zil_blk_id=167927 ccf_commit_seqno=512518 nstreams_done_=16500 config.nstreams=20000 avg_latency=0.6565 ms avg throuhgput (requests/sec) = 89.4732 res=false
*==== INFO ====* req_id_count= 17000 stream_id=67996 latency=0.713745 ms (tx_ts=161329874774396, rx_ts=161329875488141) request_id=527990 zil_blk_id=173176 ccf_commit_seqno=527990 nstreams_done_=17000 config.nstreams=20000 avg_latency=0.6567 ms avg throuhgput (requests/sec) = 89.4647 res=false
*==== INFO ====* req_id_count= 17500 stream_id=69996 latency=0.517518 ms (tx_ts=161335408814435, rx_ts=161335409331953) request_id=543354 zil_blk_id=178352 ccf_commit_seqno=543354 nstreams_done_=17500 config.nstreams=20000 avg_latency=0.6573 ms avg throuhgput (requests/sec) = 89.4898 res=false
*==== INFO ====* req_id_count= 18000 stream_id=71996 latency=0.532926 ms (tx_ts=161340923453356, rx_ts=161340923986282) request_id=558677 zil_blk_id=183519 ccf_commit_seqno=558677 nstreams_done_=18000 config.nstreams=20000 avg_latency=0.6575 ms avg throuhgput (requests/sec) = 89.5221 res=false
*==== INFO ====* req_id_count= 18500 stream_id=73996 latency=0.543576 ms (tx_ts=161346449714179, rx_ts=161346450257755) request_id=573999 zil_blk_id=188692 ccf_commit_seqno=573999 nstreams_done_=18500 config.nstreams=20000 avg_latency=0.6580 ms avg throuhgput (requests/sec) = 89.5477 res=false
*==== INFO ====* req_id_count= 19000 stream_id=75996 latency=0.547785 ms (tx_ts=161351967215154, rx_ts=161351967762939) request_id=589307 zil_blk_id=193852 ccf_commit_seqno=589307 nstreams_done_=19000 config.nstreams=20000 avg_latency=0.6579 ms avg throuhgput (requests/sec) = 89.5756 res=false
*==== INFO ====* req_id_count= 19500 stream_id=77996 latency=0.625560 ms (tx_ts=161357486114289, rx_ts=161357486739849) request_id=604646 zil_blk_id=199016 ccf_commit_seqno=604646 nstreams_done_=19500 config.nstreams=20000 avg_latency=0.6580 ms avg throuhgput (requests/sec) = 89.6015 res=false
*==== INFO ====* http_end_stream ALL streams done! nstreams_done_=20000 avg_latency=0.6575 msreq_id_count= 20000
*==== INFO ====* req_id_count= 20000 stream_id=79996 latency=0.639847 ms (tx_ts=161362989272063, rx_ts=161362989911910) request_id=619389 zil_blk_id=204169 ccf_commit_seqno=619389 nstreams_done_=20000 config.nstreams=20000 avg_latency=0.6575 ms avg throuhgput (requests/sec) = 89.6324 res=true
