Uniform: 147012 3050 836805 27665 719243 
Exponential: -2147483648 -2147483648 -2147483648 -2147483648 -2147483648 
Truncated Normal: 579529 302042 576975 489409 666030 
*==== INFO ====* req_id_count= 500 stream_id=1996 latency=0.639977 ms (tx_ts=161145714089132, rx_ts=161145714729109) request_id=15857 zil_blk_id=1996 ccf_commit_seqno=15857 nstreams_done_=500 config.nstreams=20000 avg_latency=0.7526 ms avg throuhgput (requests/sec) = 85.4548 res=false
*==== INFO ====* req_id_count= 1000 stream_id=3996 latency=0.736778 ms (tx_ts=161151586020101, rx_ts=161151586756879) request_id=32145 zil_blk_id=3996 ccf_commit_seqno=32145 nstreams_done_=1000 config.nstreams=20000 avg_latency=0.7525 ms avg throuhgput (requests/sec) = 85.3018 res=false
*==== INFO ====* req_id_count= 1500 stream_id=5996 latency=0.627415 ms (tx_ts=161157445419398, rx_ts=161157446046813) request_id=48446 zil_blk_id=5996 ccf_commit_seqno=48446 nstreams_done_=1500 config.nstreams=20000 avg_latency=0.7485 ms avg throuhgput (requests/sec) = 85.3127 res=false
*==== INFO ====* req_id_count= 2000 stream_id=7996 latency=0.782274 ms (tx_ts=161163305788895, rx_ts=161163306571169) request_id=64779 zil_blk_id=7996 ccf_commit_seqno=64781 nstreams_done_=2000 config.nstreams=20000 avg_latency=0.7466 ms avg throuhgput (requests/sec) = 85.3137 res=false
*==== INFO ====* req_id_count= 2500 stream_id=9996 latency=0.697465 ms (tx_ts=161169173788751, rx_ts=161169174486216) request_id=81089 zil_blk_id=9996 ccf_commit_seqno=81089 nstreams_done_=2500 config.nstreams=20000 avg_latency=0.7459 ms avg throuhgput (requests/sec) = 85.2928 res=false
*==== INFO ====* req_id_count= 3000 stream_id=11996 latency=0.760043 ms (tx_ts=161175025636172, rx_ts=161175026396215) request_id=97383 zil_blk_id=11996 ccf_commit_seqno=97383 nstreams_done_=3000 config.nstreams=20000 avg_latency=0.7438 ms avg throuhgput (requests/sec) = 85.3176 res=false
*==== INFO ====* req_id_count= 3500 stream_id=13996 latency=0.627670 ms (tx_ts=161180896973349, rx_ts=161180897601019) request_id=113750 zil_blk_id=13996 ccf_commit_seqno=113750 nstreams_done_=3500 config.nstreams=20000 avg_latency=0.7453 ms avg throuhgput (requests/sec) = 85.2953 res=false
*==== INFO ====* req_id_count= 4000 stream_id=15996 latency=0.614897 ms (tx_ts=161186764544028, rx_ts=161186765158925) request_id=130136 zil_blk_id=15996 ccf_commit_seqno=130136 nstreams_done_=4000 config.nstreams=20000 avg_latency=0.7471 ms avg throuhgput (requests/sec) = 85.2852 res=false
*==== INFO ====* req_id_count= 4500 stream_id=17996 latency=0.606555 ms (tx_ts=161192634326181, rx_ts=161192634932736) request_id=146502 zil_blk_id=17996 ccf_commit_seqno=146502 nstreams_done_=4500 config.nstreams=20000 avg_latency=0.7478 ms avg throuhgput (requests/sec) = 85.2737 res=false
*==== INFO ====* req_id_count= 5000 stream_id=19996 latency=0.804475 ms (tx_ts=161198484791091, rx_ts=161198485595566) request_id=162815 zil_blk_id=19996 ccf_commit_seqno=162816 nstreams_done_=5000 config.nstreams=20000 avg_latency=0.7453 ms avg throuhgput (requests/sec) = 85.2923 res=false
*==== INFO ====* req_id_count= 5500 stream_id=21996 latency=0.699748 ms (tx_ts=161204338340687, rx_ts=161204339040435) request_id=179106 zil_blk_id=21996 ccf_commit_seqno=179106 nstreams_done_=5500 config.nstreams=20000 avg_latency=0.7436 ms avg throuhgput (requests/sec) = 85.3039 res=false
*==== INFO ====* req_id_count= 6000 stream_id=23996 latency=0.641248 ms (tx_ts=161210174906528, rx_ts=161210175547776) request_id=195260 zil_blk_id=23996 ccf_commit_seqno=195260 nstreams_done_=6000 config.nstreams=20000 avg_latency=0.7425 ms avg throuhgput (requests/sec) = 85.3341 res=false
*==== INFO ====* req_id_count= 6500 stream_id=25996 latency=0.678740 ms (tx_ts=161216022249098, rx_ts=161216022927838) request_id=211468 zil_blk_id=25996 ccf_commit_seqno=211468 nstreams_done_=6500 config.nstreams=20000 avg_latency=0.7409 ms avg throuhgput (requests/sec) = 85.3475 res=false
*==== INFO ====* req_id_count= 7000 stream_id=27996 latency=0.557444 ms (tx_ts=161221851730018, rx_ts=161221852287462) request_id=227628 zil_blk_id=27996 ccf_commit_seqno=227628 nstreams_done_=7000 config.nstreams=20000 avg_latency=0.7389 ms avg throuhgput (requests/sec) = 85.3777 res=false
*==== INFO ====* req_id_count= 7500 stream_id=29996 latency=0.785743 ms (tx_ts=161227705318696, rx_ts=161227706104439) request_id=243895 zil_blk_id=29996 ccf_commit_seqno=243895 nstreams_done_=7500 config.nstreams=20000 avg_latency=0.7386 ms avg throuhgput (requests/sec) = 85.3802 res=false
*==== INFO ====* req_id_count= 8000 stream_id=31996 latency=0.835874 ms (tx_ts=161233545656032, rx_ts=161233546491906) request_id=260169 zil_blk_id=31996 ccf_commit_seqno=260170 nstreams_done_=8000 config.nstreams=20000 avg_latency=0.7398 ms avg throuhgput (requests/sec) = 85.3945 res=false
*==== INFO ====* req_id_count= 8500 stream_id=33996 latency=0.782044 ms (tx_ts=161239393693223, rx_ts=161239394475267) request_id=276456 zil_blk_id=33996 ccf_commit_seqno=276456 nstreams_done_=8500 config.nstreams=20000 avg_latency=0.7397 ms avg throuhgput (requests/sec) = 85.4007 res=false
*==== INFO ====* req_id_count= 9000 stream_id=35996 latency=0.612851 ms (tx_ts=161245243769946, rx_ts=161245244382797) request_id=292754 zil_blk_id=35996 ccf_commit_seqno=292754 nstreams_done_=9000 config.nstreams=20000 avg_latency=0.7393 ms avg throuhgput (requests/sec) = 85.4046 res=false
*==== INFO ====* req_id_count= 9500 stream_id=37996 latency=0.682198 ms (tx_ts=161251087180865, rx_ts=161251087863063) request_id=309067 zil_blk_id=37996 ccf_commit_seqno=309067 nstreams_done_=9500 config.nstreams=20000 avg_latency=0.7389 ms avg throuhgput (requests/sec) = 85.4131 res=false
*==== INFO ====* req_id_count= 10000 stream_id=39996 latency=0.600975 ms (tx_ts=161256929176151, rx_ts=161256929777126) request_id=325377 zil_blk_id=39996 ccf_commit_seqno=325377 nstreams_done_=10000 config.nstreams=20000 avg_latency=0.7383 ms avg throuhgput (requests/sec) = 85.4218 res=false
*==== INFO ====* req_id_count= 10500 stream_id=41996 latency=0.624659 ms (tx_ts=161262786787558, rx_ts=161262787412217) request_id=341735 zil_blk_id=41996 ccf_commit_seqno=341735 nstreams_done_=10500 config.nstreams=20000 avg_latency=0.7375 ms avg throuhgput (requests/sec) = 85.4188 res=false
*==== INFO ====* req_id_count= 11000 stream_id=43996 latency=0.611854 ms (tx_ts=161268631347590, rx_ts=161268631959444) request_id=358050 zil_blk_id=43996 ccf_commit_seqno=358050 nstreams_done_=11000 config.nstreams=20000 avg_latency=0.7373 ms avg throuhgput (requests/sec) = 85.4248 res=false
*==== INFO ====* req_id_count= 11500 stream_id=45996 latency=0.848667 ms (tx_ts=161274469969565, rx_ts=161274470818232) request_id=374340 zil_blk_id=45996 ccf_commit_seqno=374341 nstreams_done_=11500 config.nstreams=20000 avg_latency=0.7377 ms avg throuhgput (requests/sec) = 85.4338 res=false
*==== INFO ====* req_id_count= 12000 stream_id=47996 latency=0.620169 ms (tx_ts=161280298493934, rx_ts=161280299114103) request_id=390542 zil_blk_id=47996 ccf_commit_seqno=390542 nstreams_done_=12000 config.nstreams=20000 avg_latency=0.7376 ms avg throuhgput (requests/sec) = 85.4485 res=false
*==== INFO ====* req_id_count= 12500 stream_id=49996 latency=0.809333 ms (tx_ts=161286130746618, rx_ts=161286131555951) request_id=406748 zil_blk_id=49996 ccf_commit_seqno=406750 nstreams_done_=12500 config.nstreams=20000 avg_latency=0.7371 ms avg throuhgput (requests/sec) = 85.4596 res=false
*==== INFO ====* req_id_count= 13000 stream_id=51996 latency=0.796639 ms (tx_ts=161292001890064, rx_ts=161292002686703) request_id=423065 zil_blk_id=51996 ccf_commit_seqno=423067 nstreams_done_=13000 config.nstreams=20000 avg_latency=0.7384 ms avg throuhgput (requests/sec) = 85.4482 res=false
*==== INFO ====* req_id_count= 13500 stream_id=53996 latency=0.712724 ms (tx_ts=161297858444961, rx_ts=161297859157685) request_id=439321 zil_blk_id=53996 ccf_commit_seqno=439321 nstreams_done_=13500 config.nstreams=20000 avg_latency=0.7392 ms avg throuhgput (requests/sec) = 85.4455 res=false
*==== INFO ====* req_id_count= 14000 stream_id=55996 latency=0.635939 ms (tx_ts=161303689633879, rx_ts=161303690269818) request_id=455498 zil_blk_id=55996 ccf_commit_seqno=455498 nstreams_done_=14000 config.nstreams=20000 avg_latency=0.7385 ms avg throuhgput (requests/sec) = 85.4562 res=false
*==== INFO ====* req_id_count= 14500 stream_id=57996 latency=0.742047 ms (tx_ts=161309555857292, rx_ts=161309556599339) request_id=471764 zil_blk_id=57996 ccf_commit_seqno=471765 nstreams_done_=14500 config.nstreams=20000 avg_latency=0.7391 ms avg throuhgput (requests/sec) = 85.4485 res=false
*==== INFO ====* req_id_count= 15000 stream_id=59996 latency=0.725687 ms (tx_ts=161315414738984, rx_ts=161315415464671) request_id=488024 zil_blk_id=59996 ccf_commit_seqno=488024 nstreams_done_=15000 config.nstreams=20000 avg_latency=0.7395 ms avg throuhgput (requests/sec) = 85.4449 res=false
*==== INFO ====* req_id_count= 15500 stream_id=61996 latency=0.779312 ms (tx_ts=161321265650870, rx_ts=161321266430182) request_id=504245 zil_blk_id=61996 ccf_commit_seqno=504246 nstreams_done_=15500 config.nstreams=20000 avg_latency=0.7391 ms avg throuhgput (requests/sec) = 85.4452 res=false
*==== INFO ====* req_id_count= 16000 stream_id=63996 latency=0.631000 ms (tx_ts=161327110114594, rx_ts=161327110745594) request_id=520355 zil_blk_id=63996 ccf_commit_seqno=520355 nstreams_done_=16000 config.nstreams=20000 avg_latency=0.7390 ms avg throuhgput (requests/sec) = 85.4486 res=false
*==== INFO ====* req_id_count= 16500 stream_id=65996 latency=0.657230 ms (tx_ts=161332936374252, rx_ts=161332937031482) request_id=536485 zil_blk_id=65996 ccf_commit_seqno=536485 nstreams_done_=16500 config.nstreams=20000 avg_latency=0.7389 ms avg throuhgput (requests/sec) = 85.4597 res=false
*==== INFO ====* req_id_count= 17000 stream_id=67996 latency=0.737028 ms (tx_ts=161338767219639, rx_ts=161338767956667) request_id=552687 zil_blk_id=67996 ccf_commit_seqno=552687 nstreams_done_=17000 config.nstreams=20000 avg_latency=0.7384 ms avg throuhgput (requests/sec) = 85.4682 res=false
*==== INFO ====* req_id_count= 17500 stream_id=69996 latency=0.871119 ms (tx_ts=161344635731166, rx_ts=161344636602285) request_id=568962 zil_blk_id=69996 ccf_commit_seqno=568962 nstreams_done_=17500 config.nstreams=20000 avg_latency=0.7393 ms avg throuhgput (requests/sec) = 85.4605 res=false
*==== INFO ====* req_id_count= 18000 stream_id=71996 latency=0.708986 ms (tx_ts=161350479899481, rx_ts=161350480608467) request_id=585183 zil_blk_id=71996 ccf_commit_seqno=585183 nstreams_done_=18000 config.nstreams=20000 avg_latency=0.7390 ms avg throuhgput (requests/sec) = 85.4632 res=false
*==== INFO ====* req_id_count= 18500 stream_id=73996 latency=0.654844 ms (tx_ts=161356337728278, rx_ts=161356338383122) request_id=601463 zil_blk_id=73996 ccf_commit_seqno=601463 nstreams_done_=18500 config.nstreams=20000 avg_latency=0.7391 ms avg throuhgput (requests/sec) = 85.4603 res=false
*==== INFO ====* req_id_count= 19000 stream_id=75996 latency=0.697925 ms (tx_ts=161362170236818, rx_ts=161362170934743) request_id=617294 zil_blk_id=75996 ccf_commit_seqno=617294 nstreams_done_=19000 config.nstreams=20000 avg_latency=0.7383 ms avg throuhgput (requests/sec) = 85.4673 res=false
*==== INFO ====* req_id_count= 19500 stream_id=77996 latency=0.662309 ms (tx_ts=161368055603262, rx_ts=161368056265571) request_id=629777 zil_blk_id=77996 ccf_commit_seqno=629777 nstreams_done_=19500 config.nstreams=20000 avg_latency=0.7382 ms avg throuhgput (requests/sec) = 85.4541 res=false
*==== INFO ====* http_end_stream ALL streams done! nstreams_done_=20000 avg_latency=0.7377 msreq_id_count= 20000
*==== INFO ====* req_id_count= 20000 stream_id=79996 latency=0.660055 ms (tx_ts=161374001382215, rx_ts=161374002042270) request_id=639098 zil_blk_id=79996 ccf_commit_seqno=639098 nstreams_done_=20000 config.nstreams=20000 avg_latency=0.7377 ms avg throuhgput (requests/sec) = 85.4196 res=true
