Uniform: 519815 833064 447121 185753 267160 
Exponential: -2147483648 -2147483648 -2147483648 -2147483648 -2147483648 
Truncated Normal: 160150 162725 477608 163771 492694 
*==== INFO ====* req_id_count= 500 stream_id=1996 latency=0.859258 ms (tx_ts=161145742640257, rx_ts=161145743499515) request_id=15933 zil_blk_id=1996 ccf_commit_seqno=15933 nstreams_done_=500 config.nstreams=20000 avg_latency=0.7527 ms avg throuhgput (requests/sec) = 85.0367 res=false
*==== INFO ====* req_id_count= 1000 stream_id=3996 latency=0.612466 ms (tx_ts=161151596212035, rx_ts=161151596824501) request_id=32170 zil_blk_id=3996 ccf_commit_seqno=32170 nstreams_done_=1000 config.nstreams=20000 avg_latency=0.7357 ms avg throuhgput (requests/sec) = 85.2287 res=false
*==== INFO ====* req_id_count= 1500 stream_id=5996 latency=0.819914 ms (tx_ts=161157460551703, rx_ts=161157461371617) request_id=48483 zil_blk_id=5996 ccf_commit_seqno=48483 nstreams_done_=1500 config.nstreams=20000 avg_latency=0.7391 ms avg throuhgput (requests/sec) = 85.2385 res=false
*==== INFO ====* req_id_count= 2000 stream_id=7996 latency=0.619199 ms (tx_ts=161163326131515, rx_ts=161163326750714) request_id=64829 zil_blk_id=7996 ccf_commit_seqno=64829 nstreams_done_=2000 config.nstreams=20000 avg_latency=0.7375 ms avg throuhgput (requests/sec) = 85.2404 res=false
*==== INFO ====* req_id_count= 2500 stream_id=9996 latency=0.620942 ms (tx_ts=161169190641365, rx_ts=161169191262307) request_id=81134 zil_blk_id=9996 ccf_commit_seqno=81134 nstreams_done_=2500 config.nstreams=20000 avg_latency=0.7402 ms avg throuhgput (requests/sec) = 85.2440 res=false
*==== INFO ====* req_id_count= 3000 stream_id=11996 latency=0.780030 ms (tx_ts=161175045448058, rx_ts=161175046228088) request_id=97429 zil_blk_id=11996 ccf_commit_seqno=97429 nstreams_done_=3000 config.nstreams=20000 avg_latency=0.7336 ms avg throuhgput (requests/sec) = 85.2696 res=false
*==== INFO ====* req_id_count= 3500 stream_id=13996 latency=0.569175 ms (tx_ts=161180899360779, rx_ts=161180899929954) request_id=113762 zil_blk_id=13996 ccf_commit_seqno=113762 nstreams_done_=3500 config.nstreams=20000 avg_latency=0.7298 ms avg throuhgput (requests/sec) = 85.2905 res=false
*==== INFO ====* req_id_count= 4000 stream_id=15996 latency=0.637797 ms (tx_ts=161186765428650, rx_ts=161186766066447) request_id=130142 zil_blk_id=15996 ccf_commit_seqno=130142 nstreams_done_=4000 config.nstreams=20000 avg_latency=0.7304 ms avg throuhgput (requests/sec) = 85.2835 res=false
*==== INFO ====* req_id_count= 4500 stream_id=17996 latency=0.708626 ms (tx_ts=161192616103658, rx_ts=161192616812284) request_id=146452 zil_blk_id=17996 ccf_commit_seqno=146452 nstreams_done_=4500 config.nstreams=20000 avg_latency=0.7305 ms avg throuhgput (requests/sec) = 85.3030 res=false
*==== INFO ====* req_id_count= 5000 stream_id=19996 latency=0.773777 ms (tx_ts=161198463193886, rx_ts=161198463967663) request_id=162755 zil_blk_id=19996 ccf_commit_seqno=162756 nstreams_done_=5000 config.nstreams=20000 avg_latency=0.7303 ms avg throuhgput (requests/sec) = 85.3238 res=false
*==== INFO ====* req_id_count= 5500 stream_id=21996 latency=0.743200 ms (tx_ts=161204323969667, rx_ts=161204324712867) request_id=179066 zil_blk_id=21996 ccf_commit_seqno=179066 nstreams_done_=5500 config.nstreams=20000 avg_latency=0.7322 ms avg throuhgput (requests/sec) = 85.3229 res=false
*==== INFO ====* req_id_count= 6000 stream_id=23996 latency=0.810054 ms (tx_ts=161210164040833, rx_ts=161210164850887) request_id=195230 zil_blk_id=23996 ccf_commit_seqno=195231 nstreams_done_=6000 config.nstreams=20000 avg_latency=0.7337 ms avg throuhgput (requests/sec) = 85.3471 res=false
*==== INFO ====* req_id_count= 6500 stream_id=25996 latency=0.721019 ms (tx_ts=161216001355377, rx_ts=161216002076396) request_id=211414 zil_blk_id=25996 ccf_commit_seqno=211415 nstreams_done_=6500 config.nstreams=20000 avg_latency=0.7340 ms avg throuhgput (requests/sec) = 85.3709 res=false
*==== INFO ====* req_id_count= 7000 stream_id=27996 latency=0.606115 ms (tx_ts=161221834483443, rx_ts=161221835089558) request_id=227576 zil_blk_id=27996 ccf_commit_seqno=227576 nstreams_done_=7000 config.nstreams=20000 avg_latency=0.7334 ms avg throuhgput (requests/sec) = 85.3956 res=false
*==== INFO ====* req_id_count= 7500 stream_id=29996 latency=0.644187 ms (tx_ts=161227699770703, rx_ts=161227700414890) request_id=243877 zil_blk_id=29996 ccf_commit_seqno=243877 nstreams_done_=7500 config.nstreams=20000 avg_latency=0.7320 ms avg throuhgput (requests/sec) = 85.3857 res=false
*==== INFO ====* req_id_count= 8000 stream_id=31996 latency=0.609791 ms (tx_ts=161233537700460, rx_ts=161233538310251) request_id=260152 zil_blk_id=31996 ccf_commit_seqno=260152 nstreams_done_=8000 config.nstreams=20000 avg_latency=0.7309 ms avg throuhgput (requests/sec) = 85.4020 res=false
*==== INFO ====* req_id_count= 8500 stream_id=33996 latency=0.616213 ms (tx_ts=161239388853245, rx_ts=161239389469458) request_id=276440 zil_blk_id=33996 ccf_commit_seqno=276440 nstreams_done_=8500 config.nstreams=20000 avg_latency=0.7299 ms avg throuhgput (requests/sec) = 85.4050 res=false
*==== INFO ====* req_id_count= 9000 stream_id=35996 latency=0.819704 ms (tx_ts=161245250374462, rx_ts=161245251194166) request_id=292774 zil_blk_id=35996 ccf_commit_seqno=292774 nstreams_done_=9000 config.nstreams=20000 avg_latency=0.7301 ms avg throuhgput (requests/sec) = 85.3991 res=false
*==== INFO ====* req_id_count= 9500 stream_id=37996 latency=0.866182 ms (tx_ts=161251087213980, rx_ts=161251088080162) request_id=309068 zil_blk_id=37996 ccf_commit_seqno=309070 nstreams_done_=9500 config.nstreams=20000 avg_latency=0.7286 ms avg throuhgput (requests/sec) = 85.4129 res=false
*==== INFO ====* req_id_count= 10000 stream_id=39996 latency=0.787243 ms (tx_ts=161256925767384, rx_ts=161256926554627) request_id=325365 zil_blk_id=39996 ccf_commit_seqno=325365 nstreams_done_=10000 config.nstreams=20000 avg_latency=0.7275 ms avg throuhgput (requests/sec) = 85.4242 res=false
*==== INFO ====* req_id_count= 10500 stream_id=41996 latency=0.718283 ms (tx_ts=161262765340634, rx_ts=161262766058917) request_id=341679 zil_blk_id=41996 ccf_commit_seqno=341679 nstreams_done_=10500 config.nstreams=20000 avg_latency=0.7271 ms avg throuhgput (requests/sec) = 85.4337 res=false
*==== INFO ====* req_id_count= 11000 stream_id=43996 latency=0.628396 ms (tx_ts=161268613119885, rx_ts=161268613748281) request_id=357993 zil_blk_id=43996 ccf_commit_seqno=357993 nstreams_done_=11000 config.nstreams=20000 avg_latency=0.7273 ms avg throuhgput (requests/sec) = 85.4369 res=false
*==== INFO ====* req_id_count= 11500 stream_id=45996 latency=0.681545 ms (tx_ts=161274447108288, rx_ts=161274447789833) request_id=374272 zil_blk_id=45996 ccf_commit_seqno=374274 nstreams_done_=11500 config.nstreams=20000 avg_latency=0.7262 ms avg throuhgput (requests/sec) = 85.4484 res=false
*==== INFO ====* req_id_count= 12000 stream_id=47996 latency=0.804676 ms (tx_ts=161280329948443, rx_ts=161280330753119) request_id=390629 zil_blk_id=47996 ccf_commit_seqno=390629 nstreams_done_=12000 config.nstreams=20000 avg_latency=0.7270 ms avg throuhgput (requests/sec) = 85.4293 res=false
*==== INFO ====* req_id_count= 12500 stream_id=49996 latency=0.616503 ms (tx_ts=161286183014750, rx_ts=161286183631253) request_id=406893 zil_blk_id=49996 ccf_commit_seqno=406893 nstreams_done_=12500 config.nstreams=20000 avg_latency=0.7272 ms avg throuhgput (requests/sec) = 85.4292 res=false
*==== INFO ====* req_id_count= 13000 stream_id=51996 latency=0.597117 ms (tx_ts=161292043489457, rx_ts=161292044086574) request_id=423177 zil_blk_id=51996 ccf_commit_seqno=423177 nstreams_done_=13000 config.nstreams=20000 avg_latency=0.7275 ms avg throuhgput (requests/sec) = 85.4249 res=false
*==== INFO ====* req_id_count= 13500 stream_id=53996 latency=1.072794 ms (tx_ts=161297912755075, rx_ts=161297913827869) request_id=439471 zil_blk_id=53996 ccf_commit_seqno=439471 nstreams_done_=13500 config.nstreams=20000 avg_latency=0.7276 ms avg throuhgput (requests/sec) = 85.4159 res=false
*==== INFO ====* req_id_count= 14000 stream_id=55996 latency=2.149461 ms (tx_ts=161303755290303, rx_ts=161303757439764) request_id=455683 zil_blk_id=55996 ccf_commit_seqno=455686 nstreams_done_=14000 config.nstreams=20000 avg_latency=0.7277 ms avg throuhgput (requests/sec) = 85.4212 res=false
*==== INFO ====* req_id_count= 14500 stream_id=57996 latency=0.599170 ms (tx_ts=161309628033999, rx_ts=161309628633169) request_id=471959 zil_blk_id=57996 ccf_commit_seqno=471959 nstreams_done_=14500 config.nstreams=20000 avg_latency=0.7285 ms avg throuhgput (requests/sec) = 85.4122 res=false
*==== INFO ====* req_id_count= 15000 stream_id=59996 latency=0.633064 ms (tx_ts=161315482399170, rx_ts=161315483032234) request_id=488211 zil_blk_id=59996 ccf_commit_seqno=488211 nstreams_done_=15000 config.nstreams=20000 avg_latency=0.7285 ms avg throuhgput (requests/sec) = 85.4120 res=false
*==== INFO ====* req_id_count= 15500 stream_id=61996 latency=0.704958 ms (tx_ts=161321334269759, rx_ts=161321334974717) request_id=504440 zil_blk_id=61996 ccf_commit_seqno=504440 nstreams_done_=15500 config.nstreams=20000 avg_latency=0.7288 ms avg throuhgput (requests/sec) = 85.4130 res=false
*==== INFO ====* req_id_count= 16000 stream_id=63996 latency=0.610732 ms (tx_ts=161327177094027, rx_ts=161327177704759) request_id=520540 zil_blk_id=63996 ccf_commit_seqno=520540 nstreams_done_=16000 config.nstreams=20000 avg_latency=0.7290 ms avg throuhgput (requests/sec) = 85.4181 res=false
*==== INFO ====* req_id_count= 16500 stream_id=65996 latency=0.596085 ms (tx_ts=161333038958014, rx_ts=161333039554099) request_id=536773 zil_blk_id=65996 ccf_commit_seqno=536773 nstreams_done_=16500 config.nstreams=20000 avg_latency=0.7299 ms avg throuhgput (requests/sec) = 85.4144 res=false
*==== INFO ====* req_id_count= 17000 stream_id=67996 latency=0.864066 ms (tx_ts=161338876023366, rx_ts=161338876887432) request_id=552986 zil_blk_id=67996 ccf_commit_seqno=552986 nstreams_done_=17000 config.nstreams=20000 avg_latency=0.7300 ms avg throuhgput (requests/sec) = 85.4215 res=false
*==== INFO ====* req_id_count= 17500 stream_id=69996 latency=0.679621 ms (tx_ts=161344721567264, rx_ts=161344722246885) request_id=569204 zil_blk_id=69996 ccf_commit_seqno=569204 nstreams_done_=17500 config.nstreams=20000 avg_latency=0.7299 ms avg throuhgput (requests/sec) = 85.4248 res=false
*==== INFO ====* req_id_count= 18000 stream_id=71996 latency=1.653091 ms (tx_ts=161350577653730, rx_ts=161350579306821) request_id=585454 zil_blk_id=71996 ccf_commit_seqno=585454 nstreams_done_=18000 config.nstreams=20000 avg_latency=0.7300 ms avg throuhgput (requests/sec) = 85.4232 res=false
*==== INFO ====* req_id_count= 18500 stream_id=73996 latency=1.233136 ms (tx_ts=161356425810252, rx_ts=161356427043388) request_id=601706 zil_blk_id=73996 ccf_commit_seqno=601706 nstreams_done_=18500 config.nstreams=20000 avg_latency=0.7302 ms avg throuhgput (requests/sec) = 85.4253 res=false
*==== INFO ====* req_id_count= 19000 stream_id=75996 latency=0.838297 ms (tx_ts=161362266740919, rx_ts=161362267579216) request_id=617550 zil_blk_id=75996 ccf_commit_seqno=617550 nstreams_done_=19000 config.nstreams=20000 avg_latency=0.7294 ms avg throuhgput (requests/sec) = 85.4302 res=false
*==== INFO ====* req_id_count= 19500 stream_id=77996 latency=0.647090 ms (tx_ts=161368154518889, rx_ts=161368155165979) request_id=629953 zil_blk_id=77996 ccf_commit_seqno=629953 nstreams_done_=19500 config.nstreams=20000 avg_latency=0.7294 ms avg throuhgput (requests/sec) = 85.4171 res=false
*==== INFO ====* http_end_stream ALL streams done! nstreams_done_=20000 avg_latency=0.7290 msreq_id_count= 20000
*==== INFO ====* req_id_count= 20000 stream_id=79996 latency=0.624589 ms (tx_ts=161374094265781, rx_ts=161374094890370) request_id=639184 zil_blk_id=79996 ccf_commit_seqno=639184 nstreams_done_=20000 config.nstreams=20000 avg_latency=0.7290 ms avg throuhgput (requests/sec) = 85.3857 res=true
