Uniform: 741622 850524 266685 715299 255008 
Exponential: -2147483648 -2147483648 -2147483648 -2147483648 -2147483648 
Truncated Normal: 552547 138462 287166 396236 134835 
*==== INFO ====* req_id_count= 500 stream_id=1996 latency=0.648753 ms (tx_ts=161145350166070, rx_ts=161145350814823) request_id=14868 zil_blk_id=1996 ccf_commit_seqno=14869 nstreams_done_=500 config.nstreams=20000 avg_latency=0.6520 ms avg throuhgput (requests/sec) = 91.0749 res=false
*==== INFO ====* req_id_count= 1000 stream_id=3996 latency=0.589452 ms (tx_ts=161150874866215, rx_ts=161150875455667) request_id=30181 zil_blk_id=3996 ccf_commit_seqno=30182 nstreams_done_=1000 config.nstreams=20000 avg_latency=0.6693 ms avg throuhgput (requests/sec) = 90.7884 res=false
*==== INFO ====* req_id_count= 1500 stream_id=5996 latency=0.536754 ms (tx_ts=161156411446126, rx_ts=161156411982880) request_id=45571 zil_blk_id=5996 ccf_commit_seqno=45571 nstreams_done_=1500 config.nstreams=20000 avg_latency=0.6787 ms avg throuhgput (requests/sec) = 90.6281 res=false
*==== INFO ====* req_id_count= 2000 stream_id=7996 latency=0.732732 ms (tx_ts=161161933537791, rx_ts=161161934270523) request_id=60955 zil_blk_id=7996 ccf_commit_seqno=60955 nstreams_done_=2000 config.nstreams=20000 avg_latency=0.6789 ms avg throuhgput (requests/sec) = 90.6066 res=false
*==== INFO ====* req_id_count= 2500 stream_id=9996 latency=0.615121 ms (tx_ts=161167451318135, rx_ts=161167451933256) request_id=76305 zil_blk_id=9996 ccf_commit_seqno=76306 nstreams_done_=2500 config.nstreams=20000 avg_latency=0.6786 ms avg throuhgput (requests/sec) = 90.6089 res=false
*==== INFO ====* req_id_count= 3000 stream_id=11996 latency=0.597928 ms (tx_ts=161172981489918, rx_ts=161172982087846) request_id=91690 zil_blk_id=11996 ccf_commit_seqno=91690 nstreams_done_=3000 config.nstreams=20000 avg_latency=0.6779 ms avg throuhgput (requests/sec) = 90.5763 res=false
*==== INFO ====* req_id_count= 3500 stream_id=13996 latency=0.567051 ms (tx_ts=161178511977546, rx_ts=161178512544597) request_id=107100 zil_blk_id=13996 ccf_commit_seqno=107100 nstreams_done_=3500 config.nstreams=20000 avg_latency=0.6768 ms avg throuhgput (requests/sec) = 90.5523 res=false
*==== INFO ====* req_id_count= 4000 stream_id=15996 latency=0.775701 ms (tx_ts=161184065631225, rx_ts=161184066406926) request_id=122610 zil_blk_id=15996 ccf_commit_seqno=122610 nstreams_done_=4000 config.nstreams=20000 avg_latency=0.6796 ms avg throuhgput (requests/sec) = 90.4863 res=false
*==== INFO ====* req_id_count= 4500 stream_id=17996 latency=0.521556 ms (tx_ts=161189610587172, rx_ts=161189611108728) request_id=138073 zil_blk_id=17996 ccf_commit_seqno=138073 nstreams_done_=4500 config.nstreams=20000 avg_latency=0.6795 ms avg throuhgput (requests/sec) = 90.4517 res=false
*==== INFO ====* req_id_count= 5000 stream_id=19996 latency=0.527437 ms (tx_ts=161195122640585, rx_ts=161195123168022) request_id=153437 zil_blk_id=19996 ccf_commit_seqno=153437 nstreams_done_=5000 config.nstreams=20000 avg_latency=0.6797 ms avg throuhgput (requests/sec) = 90.4775 res=false
*==== INFO ====* req_id_count= 5500 stream_id=21996 latency=0.644475 ms (tx_ts=161200637729795, rx_ts=161200638374270) request_id=168802 zil_blk_id=21996 ccf_commit_seqno=168802 nstreams_done_=5500 config.nstreams=20000 avg_latency=0.6791 ms avg throuhgput (requests/sec) = 90.4939 res=false
*==== INFO ====* req_id_count= 6000 stream_id=23996 latency=0.818710 ms (tx_ts=161206198220520, rx_ts=161206199039230) request_id=184263 zil_blk_id=23996 ccf_commit_seqno=184263 nstreams_done_=6000 config.nstreams=20000 avg_latency=0.6768 ms avg throuhgput (requests/sec) = 90.4456 res=false
*==== INFO ====* req_id_count= 6500 stream_id=25996 latency=0.598249 ms (tx_ts=161212049432596, rx_ts=161212050030845) request_id=200451 zil_blk_id=25996 ccf_commit_seqno=200452 nstreams_done_=6500 config.nstreams=20000 avg_latency=0.6762 ms avg throuhgput (requests/sec) = 90.0412 res=false
*==== INFO ====* req_id_count= 7000 stream_id=27996 latency=1.619159 ms (tx_ts=161217800061424, rx_ts=161217801680583) request_id=216397 zil_blk_id=27996 ccf_commit_seqno=216397 nstreams_done_=7000 config.nstreams=20000 avg_latency=0.6746 ms avg throuhgput (requests/sec) = 89.8117 res=false
*==== INFO ====* req_id_count= 7500 stream_id=29996 latency=0.564748 ms (tx_ts=161223321625649, rx_ts=161223322190397) request_id=231691 zil_blk_id=29996 ccf_commit_seqno=231691 nstreams_done_=7500 config.nstreams=20000 avg_latency=0.6759 ms avg throuhgput (requests/sec) = 89.8619 res=false
*==== INFO ====* req_id_count= 8000 stream_id=31996 latency=2.299010 ms (tx_ts=161228823305885, rx_ts=161228825604895) request_id=247009 zil_blk_id=31996 ccf_commit_seqno=247012 nstreams_done_=8000 config.nstreams=20000 avg_latency=0.6751 ms avg throuhgput (requests/sec) = 89.9232 res=false
*==== INFO ====* req_id_count= 8500 stream_id=33996 latency=0.556270 ms (tx_ts=161234342734763, rx_ts=161234343291033) request_id=262369 zil_blk_id=33996 ccf_commit_seqno=262369 nstreams_done_=8500 config.nstreams=20000 avg_latency=0.6758 ms avg throuhgput (requests/sec) = 89.9638 res=false
*==== INFO ====* req_id_count= 9000 stream_id=35996 latency=0.586978 ms (tx_ts=161239870924715, rx_ts=161239871511693) request_id=277783 zil_blk_id=35996 ccf_commit_seqno=277783 nstreams_done_=9000 config.nstreams=20000 avg_latency=0.6762 ms avg throuhgput (requests/sec) = 89.9904 res=false
*==== INFO ====* req_id_count= 9500 stream_id=37996 latency=0.550750 ms (tx_ts=161245402676108, rx_ts=161245403226858) request_id=293199 zil_blk_id=37996 ccf_commit_seqno=293199 nstreams_done_=9500 config.nstreams=20000 avg_latency=0.6759 ms avg throuhgput (requests/sec) = 90.0112 res=false
*==== INFO ====* req_id_count= 10000 stream_id=39996 latency=0.610643 ms (tx_ts=161250965036799, rx_ts=161250965647442) request_id=308726 zil_blk_id=39996 ccf_commit_seqno=308726 nstreams_done_=10000 config.nstreams=20000 avg_latency=0.6773 ms avg throuhgput (requests/sec) = 90.0051 res=false
*==== INFO ====* req_id_count= 10500 stream_id=41996 latency=0.666917 ms (tx_ts=161256497456358, rx_ts=161256498123275) request_id=324170 zil_blk_id=41996 ccf_commit_seqno=324171 nstreams_done_=10500 config.nstreams=20000 avg_latency=0.6777 ms avg throuhgput (requests/sec) = 90.0227 res=false
*==== INFO ====* req_id_count= 11000 stream_id=43996 latency=0.708555 ms (tx_ts=161262021702163, rx_ts=161262022410718) request_id=339607 zil_blk_id=43996 ccf_commit_seqno=339608 nstreams_done_=11000 config.nstreams=20000 avg_latency=0.6782 ms avg throuhgput (requests/sec) = 90.0447 res=false
*==== INFO ====* req_id_count= 11500 stream_id=45996 latency=0.716089 ms (tx_ts=161267565954847, rx_ts=161267566670936) request_id=355088 zil_blk_id=45996 ccf_commit_seqno=355088 nstreams_done_=11500 config.nstreams=20000 avg_latency=0.6788 ms avg throuhgput (requests/sec) = 90.0507 res=false
*==== INFO ====* req_id_count= 12000 stream_id=47996 latency=0.669502 ms (tx_ts=161273125048672, rx_ts=161273125718174) request_id=370597 zil_blk_id=47996 ccf_commit_seqno=370597 nstreams_done_=12000 config.nstreams=20000 avg_latency=0.6797 ms avg throuhgput (requests/sec) = 90.0462 res=false
*==== INFO ====* req_id_count= 12500 stream_id=49996 latency=0.807260 ms (tx_ts=161278805989608, rx_ts=161278806796868) request_id=386398 zil_blk_id=49996 ccf_commit_seqno=386398 nstreams_done_=12500 config.nstreams=20000 avg_latency=0.6812 ms avg throuhgput (requests/sec) = 89.9630 res=false
*==== INFO ====* req_id_count= 13000 stream_id=51996 latency=0.589472 ms (tx_ts=161284605455070, rx_ts=161284606044542) request_id=402508 zil_blk_id=51996 ccf_commit_seqno=402508 nstreams_done_=13000 config.nstreams=20000 avg_latency=0.6793 ms avg throuhgput (requests/sec) = 89.8130 res=false
*==== INFO ====* req_id_count= 13500 stream_id=53996 latency=0.775871 ms (tx_ts=161290391752572, rx_ts=161290392528443) request_id=418596 zil_blk_id=53996 ccf_commit_seqno=418597 nstreams_done_=13500 config.nstreams=20000 avg_latency=0.6801 ms avg throuhgput (requests/sec) = 89.6821 res=false
*==== INFO ====* req_id_count= 14000 stream_id=55996 latency=0.597177 ms (tx_ts=161296186348973, rx_ts=161296186946150) request_id=434683 zil_blk_id=55996 ccf_commit_seqno=434683 nstreams_done_=14000 config.nstreams=20000 avg_latency=0.6828 ms avg throuhgput (requests/sec) = 89.5564 res=false
*==== INFO ====* req_id_count= 14500 stream_id=57996 latency=0.522337 ms (tx_ts=161301998427050, rx_ts=161301998949387) request_id=450814 zil_blk_id=57996 ccf_commit_seqno=450814 nstreams_done_=14500 config.nstreams=20000 avg_latency=0.6828 ms avg throuhgput (requests/sec) = 89.4299 res=false
*==== INFO ====* req_id_count= 15000 stream_id=59996 latency=0.578041 ms (tx_ts=161307782345380, rx_ts=161307782923421) request_id=466843 zil_blk_id=59996 ccf_commit_seqno=466843 nstreams_done_=15000 config.nstreams=20000 avg_latency=0.6818 ms avg throuhgput (requests/sec) = 89.3271 res=false
*==== INFO ====* req_id_count= 15500 stream_id=61996 latency=0.581217 ms (tx_ts=161313554894521, rx_ts=161313555475738) request_id=482862 zil_blk_id=61996 ccf_commit_seqno=482863 nstreams_done_=15500 config.nstreams=20000 avg_latency=0.6824 ms avg throuhgput (requests/sec) = 89.2371 res=false
*==== INFO ====* req_id_count= 16000 stream_id=63996 latency=0.564786 ms (tx_ts=161319358964576, rx_ts=161319359529362) request_id=498957 zil_blk_id=63996 ccf_commit_seqno=498957 nstreams_done_=16000 config.nstreams=20000 avg_latency=0.6810 ms avg throuhgput (requests/sec) = 89.1371 res=false
*==== INFO ====* req_id_count= 16500 stream_id=65996 latency=0.549126 ms (tx_ts=161325165207206, rx_ts=161325165756332) request_id=514981 zil_blk_id=65996 ccf_commit_seqno=514981 nstreams_done_=16500 config.nstreams=20000 avg_latency=0.6803 ms avg throuhgput (requests/sec) = 89.0424 res=false
*==== INFO ====* req_id_count= 17000 stream_id=67996 latency=0.720408 ms (tx_ts=161330945673828, rx_ts=161330946394236) request_id=530968 zil_blk_id=67996 ccf_commit_seqno=530968 nstreams_done_=17000 config.nstreams=20000 avg_latency=0.6787 ms avg throuhgput (requests/sec) = 88.9654 res=false
*==== INFO ====* req_id_count= 17500 stream_id=69996 latency=0.765201 ms (tx_ts=161336728759278, rx_ts=161336729524479) request_id=547023 zil_blk_id=69996 ccf_commit_seqno=547023 nstreams_done_=17500 config.nstreams=20000 avg_latency=0.6771 ms avg throuhgput (requests/sec) = 88.8917 res=false
*==== INFO ====* req_id_count= 18000 stream_id=71996 latency=0.611654 ms (tx_ts=161342513220488, rx_ts=161342513832142) request_id=563104 zil_blk_id=71996 ccf_commit_seqno=563104 nstreams_done_=18000 config.nstreams=20000 avg_latency=0.6766 ms avg throuhgput (requests/sec) = 88.8218 res=false
*==== INFO ====* req_id_count= 18500 stream_id=73996 latency=0.529590 ms (tx_ts=161348289208487, rx_ts=161348289738077) request_id=579099 zil_blk_id=73996 ccf_commit_seqno=579099 nstreams_done_=18500 config.nstreams=20000 avg_latency=0.6759 ms avg throuhgput (requests/sec) = 88.7593 res=false
*==== INFO ====* req_id_count= 19000 stream_id=75996 latency=0.690501 ms (tx_ts=161354048378713, rx_ts=161354049069214) request_id=595101 zil_blk_id=75996 ccf_commit_seqno=595101 nstreams_done_=19000 config.nstreams=20000 avg_latency=0.6750 ms avg throuhgput (requests/sec) = 88.7070 res=false
*==== INFO ====* req_id_count= 19500 stream_id=77996 latency=0.553194 ms (tx_ts=161359842835143, rx_ts=161359843388337) request_id=611111 zil_blk_id=77996 ccf_commit_seqno=611111 nstreams_done_=19500 config.nstreams=20000 avg_latency=0.6739 ms avg throuhgput (requests/sec) = 88.6434 res=false
*==== INFO ====* http_end_stream ALL streams done! nstreams_done_=20000 avg_latency=0.6722 msreq_id_count= 20000
*==== INFO ====* req_id_count= 20000 stream_id=79996 latency=0.547344 ms (tx_ts=161365644951157, rx_ts=161365645498501) request_id=625485 zil_blk_id=79996 ccf_commit_seqno=625485 nstreams_done_=20000 config.nstreams=20000 avg_latency=0.6722 ms avg throuhgput (requests/sec) = 88.5800 res=true
