Uniform: 784940 278754 639581 380232 139410 
Exponential: -2147483648 -2147483648 -2147483648 -2147483648 -2147483648 
Truncated Normal: 733073 723465 831615 331152 960747 
*==== INFO ====* req_id_count= 500 stream_id=1996 latency=0.783366 ms (tx_ts=161145704763909, rx_ts=161145705547275) request_id=15838 zil_blk_id=1996 ccf_commit_seqno=15838 nstreams_done_=500 config.nstreams=20000 avg_latency=0.8204 ms avg throuhgput (requests/sec) = 85.6839 res=false
*==== INFO ====* req_id_count= 1000 stream_id=3996 latency=0.897459 ms (tx_ts=161151536120196, rx_ts=161151537017655) request_id=32005 zil_blk_id=3996 ccf_commit_seqno=32005 nstreams_done_=1000 config.nstreams=20000 avg_latency=0.8138 ms avg throuhgput (requests/sec) = 85.7128 res=false
*==== INFO ====* req_id_count= 1500 stream_id=5996 latency=0.870759 ms (tx_ts=161157357521080, rx_ts=161157358391839) request_id=48203 zil_blk_id=5996 ccf_commit_seqno=48203 nstreams_done_=1500 config.nstreams=20000 avg_latency=0.8132 ms avg throuhgput (requests/sec) = 85.7719 res=false
*==== INFO ====* req_id_count= 2000 stream_id=7996 latency=0.856773 ms (tx_ts=161163224917977, rx_ts=161163225774750) request_id=64556 zil_blk_id=7996 ccf_commit_seqno=64557 nstreams_done_=2000 config.nstreams=20000 avg_latency=0.8133 ms avg throuhgput (requests/sec) = 85.6325 res=false
*==== INFO ====* req_id_count= 2500 stream_id=9996 latency=0.731429 ms (tx_ts=161169109420363, rx_ts=161169110151792) request_id=80909 zil_blk_id=9996 ccf_commit_seqno=80909 nstreams_done_=2500 config.nstreams=20000 avg_latency=0.8143 ms avg throuhgput (requests/sec) = 85.4993 res=false
*==== INFO ====* req_id_count= 3000 stream_id=11996 latency=0.708165 ms (tx_ts=161174947317577, rx_ts=161174948025742) request_id=97160 zil_blk_id=11996 ccf_commit_seqno=97160 nstreams_done_=3000 config.nstreams=20000 avg_latency=0.8082 ms avg throuhgput (requests/sec) = 85.5240 res=false
*==== INFO ====* req_id_count= 3500 stream_id=13996 latency=0.651088 ms (tx_ts=161180810500131, rx_ts=161180811151219) request_id=113511 zil_blk_id=13996 ccf_commit_seqno=113511 nstreams_done_=3500 config.nstreams=20000 avg_latency=0.8040 ms avg throuhgput (requests/sec) = 85.4889 res=false
*==== INFO ====* req_id_count= 4000 stream_id=15996 latency=0.834956 ms (tx_ts=161186661653990, rx_ts=161186662488946) request_id=129855 zil_blk_id=15996 ccf_commit_seqno=129855 nstreams_done_=4000 config.nstreams=20000 avg_latency=0.8054 ms avg throuhgput (requests/sec) = 85.4841 res=false
*==== INFO ====* req_id_count= 4500 stream_id=17996 latency=0.795528 ms (tx_ts=161192513329594, rx_ts=161192514125122) request_id=146174 zil_blk_id=17996 ccf_commit_seqno=146174 nstreams_done_=4500 config.nstreams=20000 avg_latency=0.8030 ms avg throuhgput (requests/sec) = 85.4799 res=false
*==== INFO ====* req_id_count= 5000 stream_id=19996 latency=0.720688 ms (tx_ts=161198382121374, rx_ts=161198382842062) request_id=162529 zil_blk_id=19996 ccf_commit_seqno=162529 nstreams_done_=5000 config.nstreams=20000 avg_latency=0.8011 ms avg throuhgput (requests/sec) = 85.4515 res=false
*==== INFO ====* req_id_count= 5500 stream_id=21996 latency=0.691433 ms (tx_ts=161204240671247, rx_ts=161204241362680) request_id=178836 zil_blk_id=21996 ccf_commit_seqno=178836 nstreams_done_=5500 config.nstreams=20000 avg_latency=0.8001 ms avg throuhgput (requests/sec) = 85.4419 res=false
*==== INFO ====* req_id_count= 6000 stream_id=23996 latency=0.703024 ms (tx_ts=161210082583022, rx_ts=161210083286046) request_id=195006 zil_blk_id=23996 ccf_commit_seqno=195006 nstreams_done_=6000 config.nstreams=20000 avg_latency=0.7979 ms avg throuhgput (requests/sec) = 85.4541 res=false
*==== INFO ====* req_id_count= 6500 stream_id=25996 latency=0.636941 ms (tx_ts=161215921329866, rx_ts=161215921966807) request_id=211194 zil_blk_id=25996 ccf_commit_seqno=211194 nstreams_done_=6500 config.nstreams=20000 avg_latency=0.7962 ms avg throuhgput (requests/sec) = 85.4680 res=false
*==== INFO ====* req_id_count= 7000 stream_id=27996 latency=0.654224 ms (tx_ts=161221762494660, rx_ts=161221763148884) request_id=227376 zil_blk_id=27996 ccf_commit_seqno=227376 nstreams_done_=7000 config.nstreams=20000 avg_latency=0.7954 ms avg throuhgput (requests/sec) = 85.4774 res=false
*==== INFO ====* req_id_count= 7500 stream_id=29996 latency=0.745768 ms (tx_ts=161227608402784, rx_ts=161227609148552) request_id=243627 zil_blk_id=29996 ccf_commit_seqno=243627 nstreams_done_=7500 config.nstreams=20000 avg_latency=0.7940 ms avg throuhgput (requests/sec) = 85.4808 res=false
*==== INFO ====* req_id_count= 8000 stream_id=31996 latency=0.864706 ms (tx_ts=161233475249368, rx_ts=161233476114074) request_id=259975 zil_blk_id=31996 ccf_commit_seqno=259976 nstreams_done_=8000 config.nstreams=20000 avg_latency=0.7954 ms avg throuhgput (requests/sec) = 85.4646 res=false
*==== INFO ====* req_id_count= 8500 stream_id=33996 latency=0.827799 ms (tx_ts=161239310705633, rx_ts=161239311533432) request_id=276228 zil_blk_id=33996 ccf_commit_seqno=276228 nstreams_done_=8500 config.nstreams=20000 avg_latency=0.7949 ms avg throuhgput (requests/sec) = 85.4775 res=false
*==== INFO ====* req_id_count= 9000 stream_id=35996 latency=0.654354 ms (tx_ts=161245178723107, rx_ts=161245179377461) request_id=292571 zil_blk_id=35996 ccf_commit_seqno=292571 nstreams_done_=9000 config.nstreams=20000 avg_latency=0.7963 ms avg throuhgput (requests/sec) = 85.4626 res=false
*==== INFO ====* req_id_count= 9500 stream_id=37996 latency=0.845824 ms (tx_ts=161251026326979, rx_ts=161251027172803) request_id=308893 zil_blk_id=37996 ccf_commit_seqno=308894 nstreams_done_=9500 config.nstreams=20000 avg_latency=0.7976 ms avg throuhgput (requests/sec) = 85.4647 res=false
*==== INFO ====* req_id_count= 10000 stream_id=39996 latency=0.785409 ms (tx_ts=161256883841056, rx_ts=161256884626465) request_id=325252 zil_blk_id=39996 ccf_commit_seqno=325252 nstreams_done_=10000 config.nstreams=20000 avg_latency=0.8003 ms avg throuhgput (requests/sec) = 85.4595 res=false
*==== INFO ====* req_id_count= 10500 stream_id=41996 latency=0.779728 ms (tx_ts=161262715576568, rx_ts=161262716356296) request_id=341544 zil_blk_id=41996 ccf_commit_seqno=341544 nstreams_done_=10500 config.nstreams=20000 avg_latency=0.8001 ms avg throuhgput (requests/sec) = 85.4727 res=false
*==== INFO ====* req_id_count= 11000 stream_id=43996 latency=0.751125 ms (tx_ts=161268538627461, rx_ts=161268539378586) request_id=357786 zil_blk_id=43996 ccf_commit_seqno=357787 nstreams_done_=11000 config.nstreams=20000 avg_latency=0.7993 ms avg throuhgput (requests/sec) = 85.4905 res=false
*==== INFO ====* req_id_count= 11500 stream_id=45996 latency=0.897007 ms (tx_ts=161274392828618, rx_ts=161274393725625) request_id=374126 zil_blk_id=45996 ccf_commit_seqno=374127 nstreams_done_=11500 config.nstreams=20000 avg_latency=0.7999 ms avg throuhgput (requests/sec) = 85.4869 res=false
*==== INFO ====* req_id_count= 12000 stream_id=47996 latency=0.828850 ms (tx_ts=161280260034156, rx_ts=161280260863006) request_id=390438 zil_blk_id=47996 ccf_commit_seqno=390438 nstreams_done_=12000 config.nstreams=20000 avg_latency=0.8005 ms avg throuhgput (requests/sec) = 85.4757 res=false
*==== INFO ====* req_id_count= 12500 stream_id=49996 latency=0.739763 ms (tx_ts=161286114608243, rx_ts=161286115348006) request_id=406706 zil_blk_id=49996 ccf_commit_seqno=406706 nstreams_done_=12500 config.nstreams=20000 avg_latency=0.8016 ms avg throuhgput (requests/sec) = 85.4729 res=false
*==== INFO ====* req_id_count= 13000 stream_id=51996 latency=0.761274 ms (tx_ts=161291925443876, rx_ts=161291926205150) request_id=422852 zil_blk_id=51996 ccf_commit_seqno=422852 nstreams_done_=13000 config.nstreams=20000 avg_latency=0.8022 ms avg throuhgput (requests/sec) = 85.4948 res=false
*==== INFO ====* req_id_count= 13500 stream_id=53996 latency=0.856222 ms (tx_ts=161297744492135, rx_ts=161297745348357) request_id=439004 zil_blk_id=53996 ccf_commit_seqno=439005 nstreams_done_=13500 config.nstreams=20000 avg_latency=0.8041 ms avg throuhgput (requests/sec) = 85.5106 res=false
*==== INFO ====* req_id_count= 14000 stream_id=55996 latency=0.836865 ms (tx_ts=161303594305316, rx_ts=161303595142181) request_id=455241 zil_blk_id=55996 ccf_commit_seqno=455242 nstreams_done_=14000 config.nstreams=20000 avg_latency=0.8041 ms avg throuhgput (requests/sec) = 85.5092 res=false
*==== INFO ====* req_id_count= 14500 stream_id=57996 latency=0.893671 ms (tx_ts=161309452173097, rx_ts=161309453066768) request_id=471475 zil_blk_id=57996 ccf_commit_seqno=471475 nstreams_done_=14500 config.nstreams=20000 avg_latency=0.8047 ms avg throuhgput (requests/sec) = 85.5039 res=false
*==== INFO ====* req_id_count= 15000 stream_id=59996 latency=0.862944 ms (tx_ts=161315295612946, rx_ts=161315296475890) request_id=487691 zil_blk_id=59996 ccf_commit_seqno=487691 nstreams_done_=15000 config.nstreams=20000 avg_latency=0.8050 ms avg throuhgput (requests/sec) = 85.5060 res=false
*==== INFO ====* req_id_count= 15500 stream_id=61996 latency=0.660716 ms (tx_ts=161321174740189, rx_ts=161321175400905) request_id=503992 zil_blk_id=61996 ccf_commit_seqno=503992 nstreams_done_=15500 config.nstreams=20000 avg_latency=0.8056 ms avg throuhgput (requests/sec) = 85.4912 res=false
*==== INFO ====* req_id_count= 16000 stream_id=63996 latency=0.664061 ms (tx_ts=161327045468363, rx_ts=161327046132424) request_id=520175 zil_blk_id=63996 ccf_commit_seqno=520175 nstreams_done_=16000 config.nstreams=20000 avg_latency=0.8062 ms avg throuhgput (requests/sec) = 85.4810 res=false
*==== INFO ====* req_id_count= 16500 stream_id=65996 latency=0.750103 ms (tx_ts=161332905955562, rx_ts=161332906705665) request_id=536404 zil_blk_id=65996 ccf_commit_seqno=536404 nstreams_done_=16500 config.nstreams=20000 avg_latency=0.8068 ms avg throuhgput (requests/sec) = 85.4760 res=false
*==== INFO ====* req_id_count= 17000 stream_id=67996 latency=0.723914 ms (tx_ts=161338737558385, rx_ts=161338738282299) request_id=552604 zil_blk_id=67996 ccf_commit_seqno=552604 nstreams_done_=17000 config.nstreams=20000 avg_latency=0.8067 ms avg throuhgput (requests/sec) = 85.4838 res=false
*==== INFO ====* req_id_count= 17500 stream_id=69996 latency=0.817710 ms (tx_ts=161344585231437, rx_ts=161344586049147) request_id=568830 zil_blk_id=69996 ccf_commit_seqno=568830 nstreams_done_=17500 config.nstreams=20000 avg_latency=0.8064 ms avg throuhgput (requests/sec) = 85.4843 res=false
*==== INFO ====* req_id_count= 18000 stream_id=71996 latency=0.666096 ms (tx_ts=161350421771945, rx_ts=161350422438041) request_id=585025 zil_blk_id=71996 ccf_commit_seqno=585025 nstreams_done_=18000 config.nstreams=20000 avg_latency=0.8059 ms avg throuhgput (requests/sec) = 85.4895 res=false
*==== INFO ====* req_id_count= 18500 stream_id=73996 latency=0.769219 ms (tx_ts=161356285309390, rx_ts=161356286078609) request_id=601315 zil_blk_id=73996 ccf_commit_seqno=601315 nstreams_done_=18500 config.nstreams=20000 avg_latency=0.8057 ms avg throuhgput (requests/sec) = 85.4835 res=false
*==== INFO ====* req_id_count= 19000 stream_id=75996 latency=0.703556 ms (tx_ts=161362119608106, rx_ts=161362120311662) request_id=617166 zil_blk_id=75996 ccf_commit_seqno=617166 nstreams_done_=19000 config.nstreams=20000 avg_latency=0.8052 ms avg throuhgput (requests/sec) = 85.4892 res=false
*==== INFO ====* req_id_count= 19500 stream_id=77996 latency=0.910564 ms (tx_ts=161368054186625, rx_ts=161368055097189) request_id=629775 zil_blk_id=77996 ccf_commit_seqno=629776 nstreams_done_=19500 config.nstreams=20000 avg_latency=0.8068 ms avg throuhgput (requests/sec) = 85.4570 res=false
*==== INFO ====* http_end_stream ALL streams done! nstreams_done_=20000 avg_latency=0.8078 msreq_id_count= 20000
*==== INFO ====* req_id_count= 20000 stream_id=79996 latency=0.691784 ms (tx_ts=161374020515033, rx_ts=161374021206817) request_id=639116 zil_blk_id=79996 ccf_commit_seqno=639116 nstreams_done_=20000 config.nstreams=20000 avg_latency=0.8078 ms avg throuhgput (requests/sec) = 85.4149 res=true
