Uniform: 686151 66349 155123 870752 399568 
Exponential: -2147483648 -2147483648 -2147483648 -2147483648 -2147483648 
Truncated Normal: 158078 483933 187930 275652 842038 
*==== INFO ====* req_id_count= 500 stream_id=1996 latency=0.621823 ms (tx_ts=161145724741997, rx_ts=161145725363820) request_id=15886 zil_blk_id=1996 ccf_commit_seqno=15886 nstreams_done_=500 config.nstreams=20000 avg_latency=0.7434 ms avg throuhgput (requests/sec) = 85.3470 res=false
*==== INFO ====* req_id_count= 1000 stream_id=3996 latency=0.626683 ms (tx_ts=161151608706164, rx_ts=161151609332847) request_id=32202 zil_blk_id=3996 ccf_commit_seqno=32202 nstreams_done_=1000 config.nstreams=20000 avg_latency=0.7474 ms avg throuhgput (requests/sec) = 85.1614 res=false
*==== INFO ====* req_id_count= 1500 stream_id=5996 latency=0.697476 ms (tx_ts=161157512341051, rx_ts=161157513038527) request_id=48630 zil_blk_id=5996 ccf_commit_seqno=48630 nstreams_done_=1500 config.nstreams=20000 avg_latency=0.7579 ms avg throuhgput (requests/sec) = 85.0046 res=false
*==== INFO ====* req_id_count= 2000 stream_id=7996 latency=0.673490 ms (tx_ts=161163404346907, rx_ts=161163405020397) request_id=65045 zil_blk_id=7996 ccf_commit_seqno=65045 nstreams_done_=2000 config.nstreams=20000 avg_latency=0.7567 ms avg throuhgput (requests/sec) = 84.9686 res=false
*==== INFO ====* req_id_count= 2500 stream_id=9996 latency=0.675765 ms (tx_ts=161169277489150, rx_ts=161169278164915) request_id=81378 zil_blk_id=9996 ccf_commit_seqno=81378 nstreams_done_=2500 config.nstreams=20000 avg_latency=0.7547 ms avg throuhgput (requests/sec) = 85.0015 res=false
*==== INFO ====* req_id_count= 3000 stream_id=11996 latency=0.648173 ms (tx_ts=161175198311711, rx_ts=161175198959884) request_id=97852 zil_blk_id=11996 ccf_commit_seqno=97852 nstreams_done_=3000 config.nstreams=20000 avg_latency=0.7581 ms avg throuhgput (requests/sec) = 84.9088 res=false
*==== INFO ====* req_id_count= 3500 stream_id=13996 latency=0.689961 ms (tx_ts=161181064282272, rx_ts=161181064972233) request_id=114217 zil_blk_id=13996 ccf_commit_seqno=114217 nstreams_done_=3500 config.nstreams=20000 avg_latency=0.7525 ms avg throuhgput (requests/sec) = 84.9555 res=false
*==== INFO ====* req_id_count= 4000 stream_id=15996 latency=0.603555 ms (tx_ts=161186948662114, rx_ts=161186949265669) request_id=130651 zil_blk_id=15996 ccf_commit_seqno=130651 nstreams_done_=4000 config.nstreams=20000 avg_latency=0.7503 ms avg throuhgput (requests/sec) = 84.9575 res=false
*==== INFO ====* req_id_count= 4500 stream_id=17996 latency=0.593991 ms (tx_ts=161192799805820, rx_ts=161192800399811) request_id=146961 zil_blk_id=17996 ccf_commit_seqno=146961 nstreams_done_=4500 config.nstreams=20000 avg_latency=0.7464 ms avg throuhgput (requests/sec) = 85.0124 res=false
*==== INFO ====* req_id_count= 5000 stream_id=19996 latency=0.744011 ms (tx_ts=161198665136326, rx_ts=161198665880337) request_id=163312 zil_blk_id=19996 ccf_commit_seqno=163312 nstreams_done_=5000 config.nstreams=20000 avg_latency=0.7457 ms avg throuhgput (requests/sec) = 85.0355 res=false
*==== INFO ====* req_id_count= 5500 stream_id=21996 latency=0.697874 ms (tx_ts=161204520152669, rx_ts=161204520850543) request_id=179609 zil_blk_id=21996 ccf_commit_seqno=179609 nstreams_done_=5500 config.nstreams=20000 avg_latency=0.7461 ms avg throuhgput (requests/sec) = 85.0683 res=false
*==== INFO ====* req_id_count= 6000 stream_id=23996 latency=0.613654 ms (tx_ts=161210367343732, rx_ts=161210367957386) request_id=195791 zil_blk_id=23996 ccf_commit_seqno=195791 nstreams_done_=6000 config.nstreams=20000 avg_latency=0.7443 ms avg throuhgput (requests/sec) = 85.1051 res=false
*==== INFO ====* req_id_count= 6500 stream_id=25996 latency=0.938415 ms (tx_ts=161216204388651, rx_ts=161216205327066) request_id=211971 zil_blk_id=25996 ccf_commit_seqno=211971 nstreams_done_=6500 config.nstreams=20000 avg_latency=0.7431 ms avg throuhgput (requests/sec) = 85.1472 res=false
*==== INFO ====* req_id_count= 7000 stream_id=27996 latency=0.778247 ms (tx_ts=161222042146387, rx_ts=161222042924634) request_id=228152 zil_blk_id=27996 ccf_commit_seqno=228153 nstreams_done_=7000 config.nstreams=20000 avg_latency=0.7405 ms avg throuhgput (requests/sec) = 85.1830 res=false
*==== INFO ====* req_id_count= 7500 stream_id=29996 latency=0.663193 ms (tx_ts=161227897202294, rx_ts=161227897865487) request_id=244429 zil_blk_id=29996 ccf_commit_seqno=244429 nstreams_done_=7500 config.nstreams=20000 avg_latency=0.7409 ms avg throuhgput (requests/sec) = 85.1973 res=false
*==== INFO ====* req_id_count= 8000 stream_id=31996 latency=0.724466 ms (tx_ts=161233754535897, rx_ts=161233755260363) request_id=260750 zil_blk_id=31996 ccf_commit_seqno=260751 nstreams_done_=8000 config.nstreams=20000 avg_latency=0.7413 ms avg throuhgput (requests/sec) = 85.2076 res=false
*==== INFO ====* req_id_count= 8500 stream_id=33996 latency=0.623456 ms (tx_ts=161239601175505, rx_ts=161239601798961) request_id=277027 zil_blk_id=33996 ccf_commit_seqno=277027 nstreams_done_=8500 config.nstreams=20000 avg_latency=0.7399 ms avg throuhgput (requests/sec) = 85.2260 res=false
*==== INFO ====* req_id_count= 9000 stream_id=35996 latency=0.870412 ms (tx_ts=161245449353175, rx_ts=161245450223587) request_id=293325 zil_blk_id=35996 ccf_commit_seqno=293326 nstreams_done_=9000 config.nstreams=20000 avg_latency=0.7398 ms avg throuhgput (requests/sec) = 85.2408 res=false
*==== INFO ====* req_id_count= 9500 stream_id=37996 latency=0.607467 ms (tx_ts=161251283762640, rx_ts=161251284370107) request_id=309613 zil_blk_id=37996 ccf_commit_seqno=309613 nstreams_done_=9500 config.nstreams=20000 avg_latency=0.7387 ms avg throuhgput (requests/sec) = 85.2649 res=false
*==== INFO ====* req_id_count= 10000 stream_id=39996 latency=0.670063 ms (tx_ts=161257145843386, rx_ts=161257146513449) request_id=325974 zil_blk_id=39996 ccf_commit_seqno=325974 nstreams_done_=10000 config.nstreams=20000 avg_latency=0.7390 ms avg throuhgput (requests/sec) = 85.2663 res=false
*==== INFO ====* req_id_count= 10500 stream_id=41996 latency=0.798254 ms (tx_ts=161262996260223, rx_ts=161262997058477) request_id=342318 zil_blk_id=41996 ccf_commit_seqno=342319 nstreams_done_=10500 config.nstreams=20000 avg_latency=0.7393 ms avg throuhgput (requests/sec) = 85.2756 res=false
*==== INFO ====* req_id_count= 11000 stream_id=43996 latency=0.592277 ms (tx_ts=161268864240330, rx_ts=161268864832607) request_id=358697 zil_blk_id=43996 ccf_commit_seqno=358697 nstreams_done_=11000 config.nstreams=20000 avg_latency=0.7401 ms avg throuhgput (requests/sec) = 85.2727 res=false
*==== INFO ====* req_id_count= 11500 stream_id=45996 latency=0.627313 ms (tx_ts=161274707369463, rx_ts=161274707996776) request_id=374993 zil_blk_id=45996 ccf_commit_seqno=374993 nstreams_done_=11500 config.nstreams=20000 avg_latency=0.7403 ms avg throuhgput (requests/sec) = 85.2856 res=false
*==== INFO ====* req_id_count= 12000 stream_id=47996 latency=0.628075 ms (tx_ts=161280561016683, rx_ts=161280561644758) request_id=391268 zil_blk_id=47996 ccf_commit_seqno=391268 nstreams_done_=12000 config.nstreams=20000 avg_latency=0.7398 ms avg throuhgput (requests/sec) = 85.2910 res=false
*==== INFO ====* req_id_count= 12500 stream_id=49996 latency=0.640768 ms (tx_ts=161286433214512, rx_ts=161286433855280) request_id=407589 zil_blk_id=49996 ccf_commit_seqno=407589 nstreams_done_=12500 config.nstreams=20000 avg_latency=0.7399 ms avg throuhgput (requests/sec) = 85.2853 res=false
*==== INFO ====* req_id_count= 13000 stream_id=51996 latency=1.914962 ms (tx_ts=161292285419847, rx_ts=161292287334809) request_id=423848 zil_blk_id=51996 ccf_commit_seqno=423849 nstreams_done_=13000 config.nstreams=20000 avg_latency=0.7401 ms avg throuhgput (requests/sec) = 85.2904 res=false
*==== INFO ====* req_id_count= 13500 stream_id=53996 latency=0.725988 ms (tx_ts=161298133236023, rx_ts=161298133962011) request_id=440078 zil_blk_id=53996 ccf_commit_seqno=440078 nstreams_done_=13500 config.nstreams=20000 avg_latency=0.7398 ms avg throuhgput (requests/sec) = 85.2989 res=false
*==== INFO ====* req_id_count= 14000 stream_id=55996 latency=0.843698 ms (tx_ts=161303977793267, rx_ts=161303978636965) request_id=456301 zil_blk_id=55996 ccf_commit_seqno=456302 nstreams_done_=14000 config.nstreams=20000 avg_latency=0.7400 ms avg throuhgput (requests/sec) = 85.3077 res=false
*==== INFO ====* req_id_count= 14500 stream_id=57996 latency=0.667958 ms (tx_ts=161309850798629, rx_ts=161309851466587) request_id=472576 zil_blk_id=57996 ccf_commit_seqno=472576 nstreams_done_=14500 config.nstreams=20000 avg_latency=0.7406 ms avg throuhgput (requests/sec) = 85.3019 res=false
*==== INFO ====* req_id_count= 15000 stream_id=59996 latency=0.910813 ms (tx_ts=161315706382836, rx_ts=161315707293649) request_id=488837 zil_blk_id=59996 ccf_commit_seqno=488838 nstreams_done_=15000 config.nstreams=20000 avg_latency=0.7407 ms avg throuhgput (requests/sec) = 85.3046 res=false
*==== INFO ====* req_id_count= 15500 stream_id=61996 latency=0.610542 ms (tx_ts=161321560187739, rx_ts=161321560798281) request_id=505062 zil_blk_id=61996 ccf_commit_seqno=505062 nstreams_done_=15500 config.nstreams=20000 avg_latency=0.7410 ms avg throuhgput (requests/sec) = 85.3083 res=false
*==== INFO ====* req_id_count= 16000 stream_id=63996 latency=0.807931 ms (tx_ts=161327421448432, rx_ts=161327422256363) request_id=521216 zil_blk_id=63996 ccf_commit_seqno=521217 nstreams_done_=16000 config.nstreams=20000 avg_latency=0.7422 ms avg throuhgput (requests/sec) = 85.3082 res=false
*==== INFO ====* req_id_count= 16500 stream_id=65996 latency=0.817139 ms (tx_ts=161333281200986, rx_ts=161333282018125) request_id=537442 zil_blk_id=65996 ccf_commit_seqno=537442 nstreams_done_=16500 config.nstreams=20000 avg_latency=0.7432 ms avg throuhgput (requests/sec) = 85.3088 res=false
*==== INFO ====* req_id_count= 17000 stream_id=67996 latency=0.629718 ms (tx_ts=161339121358713, rx_ts=161339121988431) request_id=553670 zil_blk_id=67996 ccf_commit_seqno=553670 nstreams_done_=17000 config.nstreams=20000 avg_latency=0.7429 ms avg throuhgput (requests/sec) = 85.3178 res=false
*==== INFO ====* req_id_count= 17500 stream_id=69996 latency=0.793695 ms (tx_ts=161344961971268, rx_ts=161344962764963) request_id=569868 zil_blk_id=69996 ccf_commit_seqno=569869 nstreams_done_=17500 config.nstreams=20000 avg_latency=0.7432 ms avg throuhgput (requests/sec) = 85.3260 res=false
*==== INFO ====* req_id_count= 18000 stream_id=71996 latency=0.826866 ms (tx_ts=161350813220626, rx_ts=161350814047492) request_id=586110 zil_blk_id=71996 ccf_commit_seqno=586110 nstreams_done_=18000 config.nstreams=20000 avg_latency=0.7431 ms avg throuhgput (requests/sec) = 85.3294 res=false
*==== INFO ====* req_id_count= 18500 stream_id=73996 latency=0.637803 ms (tx_ts=161356673211199, rx_ts=161356673849002) request_id=602396 zil_blk_id=73996 ccf_commit_seqno=602396 nstreams_done_=18500 config.nstreams=20000 avg_latency=0.7433 ms avg throuhgput (requests/sec) = 85.3294 res=false
*==== INFO ====* req_id_count= 19000 stream_id=75996 latency=0.631922 ms (tx_ts=161362509858580, rx_ts=161362510490502) request_id=618178 zil_blk_id=75996 ccf_commit_seqno=618178 nstreams_done_=19000 config.nstreams=20000 avg_latency=0.7428 ms avg throuhgput (requests/sec) = 85.3382 res=false
*==== INFO ====* req_id_count= 19500 stream_id=77996 latency=0.894703 ms (tx_ts=161368385364841, rx_ts=161368386259544) request_id=630362 zil_blk_id=77996 ccf_commit_seqno=630362 nstreams_done_=19500 config.nstreams=20000 avg_latency=0.7422 ms avg throuhgput (requests/sec) = 85.3319 res=false
*==== INFO ====* http_end_stream ALL streams done! nstreams_done_=20000 avg_latency=0.7412 msreq_id_count= 20000
*==== INFO ====* req_id_count= 20000 stream_id=79996 latency=0.666518 ms (tx_ts=161374339327497, rx_ts=161374339994015) request_id=639389 zil_blk_id=79996 ccf_commit_seqno=639389 nstreams_done_=20000 config.nstreams=20000 avg_latency=0.7412 ms avg throuhgput (requests/sec) = 85.2976 res=true
