Uniform: 630720 987073 182278 86730 378373 
Exponential: -2147483648 -2147483648 -2147483648 -2147483648 -2147483648 
Truncated Normal: 672925 487030 59103 690478 881269 
*==== INFO ====* req_id_count= 500 stream_id=1996 latency=0.817436 ms (tx_ts=161145726062628, rx_ts=161145726880064) request_id=15893 zil_blk_id=1996 ccf_commit_seqno=15894 nstreams_done_=500 config.nstreams=20000 avg_latency=0.7760 ms avg throuhgput (requests/sec) = 85.2931 res=false
*==== INFO ====* req_id_count= 1000 stream_id=3996 latency=0.626221 ms (tx_ts=161151623333438, rx_ts=161151623959659) request_id=32243 zil_blk_id=3996 ccf_commit_seqno=32243 nstreams_done_=1000 config.nstreams=20000 avg_latency=0.7624 ms avg throuhgput (requests/sec) = 85.0397 res=false
*==== INFO ====* req_id_count= 1500 stream_id=5996 latency=0.915904 ms (tx_ts=161157511201342, rx_ts=161157512117246) request_id=48628 zil_blk_id=5996 ccf_commit_seqno=48629 nstreams_done_=1500 config.nstreams=20000 avg_latency=0.7630 ms avg throuhgput (requests/sec) = 84.9985 res=false
*==== INFO ====* req_id_count= 2000 stream_id=7996 latency=0.702405 ms (tx_ts=161163407342884, rx_ts=161163408045289) request_id=65060 zil_blk_id=7996 ccf_commit_seqno=65060 nstreams_done_=2000 config.nstreams=20000 avg_latency=0.7645 ms avg throuhgput (requests/sec) = 84.9499 res=false
*==== INFO ====* req_id_count= 2500 stream_id=9996 latency=0.817229 ms (tx_ts=161169298794576, rx_ts=161169299611805) request_id=81434 zil_blk_id=9996 ccf_commit_seqno=81437 nstreams_done_=2500 config.nstreams=20000 avg_latency=0.7643 ms avg throuhgput (requests/sec) = 84.9333 res=false
*==== INFO ====* req_id_count= 3000 stream_id=11996 latency=0.798405 ms (tx_ts=161175159339543, rx_ts=161175160137948) request_id=97752 zil_blk_id=11996 ccf_commit_seqno=97753 nstreams_done_=3000 config.nstreams=20000 avg_latency=0.7619 ms avg throuhgput (requests/sec) = 84.9969 res=false
*==== INFO ====* req_id_count= 3500 stream_id=13996 latency=0.745685 ms (tx_ts=161180999463701, rx_ts=161181000209386) request_id=114037 zil_blk_id=13996 ccf_commit_seqno=114038 nstreams_done_=3500 config.nstreams=20000 avg_latency=0.7610 ms avg throuhgput (requests/sec) = 85.0847 res=false
*==== INFO ====* req_id_count= 4000 stream_id=15996 latency=0.685438 ms (tx_ts=161186835833625, rx_ts=161186836519063) request_id=130339 zil_blk_id=15996 ccf_commit_seqno=130339 nstreams_done_=4000 config.nstreams=20000 avg_latency=0.7606 ms avg throuhgput (requests/sec) = 85.1575 res=false
*==== INFO ====* req_id_count= 4500 stream_id=17996 latency=0.761624 ms (tx_ts=161192702093099, rx_ts=161192702854723) request_id=146692 zil_blk_id=17996 ccf_commit_seqno=146692 nstreams_done_=4500 config.nstreams=20000 avg_latency=0.7608 ms avg throuhgput (requests/sec) = 85.1658 res=false
*==== INFO ====* req_id_count= 5000 stream_id=19996 latency=0.827147 ms (tx_ts=161198552632426, rx_ts=161198553459573) request_id=162999 zil_blk_id=19996 ccf_commit_seqno=162999 nstreams_done_=5000 config.nstreams=20000 avg_latency=0.7590 ms avg throuhgput (requests/sec) = 85.1953 res=false
*==== INFO ====* req_id_count= 5500 stream_id=21996 latency=0.816236 ms (tx_ts=161204429671604, rx_ts=161204430487840) request_id=179360 zil_blk_id=21996 ccf_commit_seqno=179361 nstreams_done_=5500 config.nstreams=20000 avg_latency=0.7593 ms avg throuhgput (requests/sec) = 85.1845 res=false
*==== INFO ====* req_id_count= 6000 stream_id=23996 latency=0.697073 ms (tx_ts=161210287433873, rx_ts=161210288130946) request_id=195573 zil_blk_id=23996 ccf_commit_seqno=195573 nstreams_done_=6000 config.nstreams=20000 avg_latency=0.7590 ms avg throuhgput (requests/sec) = 85.1990 res=false
*==== INFO ====* req_id_count= 6500 stream_id=25996 latency=0.668501 ms (tx_ts=161216130267395, rx_ts=161216130935896) request_id=211766 zil_blk_id=25996 ccf_commit_seqno=211766 nstreams_done_=6500 config.nstreams=20000 avg_latency=0.7595 ms avg throuhgput (requests/sec) = 85.2278 res=false
*==== INFO ====* req_id_count= 7000 stream_id=27996 latency=0.786862 ms (tx_ts=161221975697041, rx_ts=161221976483903) request_id=227971 zil_blk_id=27996 ccf_commit_seqno=227971 nstreams_done_=7000 config.nstreams=20000 avg_latency=0.7585 ms avg throuhgput (requests/sec) = 85.2497 res=false
*==== INFO ====* req_id_count= 7500 stream_id=29996 latency=0.617868 ms (tx_ts=161227835456396, rx_ts=161227836074264) request_id=244257 zil_blk_id=29996 ccf_commit_seqno=244257 nstreams_done_=7500 config.nstreams=20000 avg_latency=0.7575 ms avg throuhgput (requests/sec) = 85.2550 res=false
*==== INFO ====* req_id_count= 8000 stream_id=31996 latency=0.783405 ms (tx_ts=161233679930337, rx_ts=161233680713742) request_id=260542 zil_blk_id=31996 ccf_commit_seqno=260542 nstreams_done_=8000 config.nstreams=20000 avg_latency=0.7569 ms avg throuhgput (requests/sec) = 85.2733 res=false
*==== INFO ====* req_id_count= 8500 stream_id=33996 latency=0.617306 ms (tx_ts=161239529093449, rx_ts=161239529710755) request_id=276834 zil_blk_id=33996 ccf_commit_seqno=276834 nstreams_done_=8500 config.nstreams=20000 avg_latency=0.7569 ms avg throuhgput (requests/sec) = 85.2857 res=false
*==== INFO ====* req_id_count= 9000 stream_id=35996 latency=0.608859 ms (tx_ts=161245392839030, rx_ts=161245393447889) request_id=293170 zil_blk_id=35996 ccf_commit_seqno=293170 nstreams_done_=9000 config.nstreams=20000 avg_latency=0.7565 ms avg throuhgput (requests/sec) = 85.2849 res=false
*==== INFO ====* req_id_count= 9500 stream_id=37996 latency=0.747340 ms (tx_ts=161251262090264, rx_ts=161251262837604) request_id=309555 zil_blk_id=37996 ccf_commit_seqno=309556 nstreams_done_=9500 config.nstreams=20000 avg_latency=0.7584 ms avg throuhgput (requests/sec) = 85.2797 res=false
*==== INFO ====* req_id_count= 10000 stream_id=39996 latency=0.624048 ms (tx_ts=161257108041379, rx_ts=161257108665427) request_id=325873 zil_blk_id=39996 ccf_commit_seqno=325873 nstreams_done_=10000 config.nstreams=20000 avg_latency=0.7579 ms avg throuhgput (requests/sec) = 85.2923 res=false
*==== INFO ====* req_id_count= 10500 stream_id=41996 latency=0.765301 ms (tx_ts=161262956294105, rx_ts=161262957059406) request_id=342213 zil_blk_id=41996 ccf_commit_seqno=342214 nstreams_done_=10500 config.nstreams=20000 avg_latency=0.7579 ms avg throuhgput (requests/sec) = 85.3018 res=false
*==== INFO ====* req_id_count= 11000 stream_id=43996 latency=0.889464 ms (tx_ts=161268812330023, rx_ts=161268813219487) request_id=358550 zil_blk_id=43996 ccf_commit_seqno=358550 nstreams_done_=11000 config.nstreams=20000 avg_latency=0.7578 ms avg throuhgput (requests/sec) = 85.3054 res=false
*==== INFO ====* req_id_count= 11500 stream_id=45996 latency=0.810305 ms (tx_ts=161274667462599, rx_ts=161274668272904) request_id=374888 zil_blk_id=45996 ccf_commit_seqno=374891 nstreams_done_=11500 config.nstreams=20000 avg_latency=0.7583 ms avg throuhgput (requests/sec) = 85.3093 res=false
*==== INFO ====* req_id_count= 12000 stream_id=47996 latency=0.629668 ms (tx_ts=161280549173858, rx_ts=161280549803526) request_id=391236 zil_blk_id=47996 ccf_commit_seqno=391236 nstreams_done_=12000 config.nstreams=20000 avg_latency=0.7592 ms avg throuhgput (requests/sec) = 85.2969 res=false
*==== INFO ====* req_id_count= 12500 stream_id=49996 latency=0.856130 ms (tx_ts=161286405189091, rx_ts=161286406045221) request_id=407512 zil_blk_id=49996 ccf_commit_seqno=407514 nstreams_done_=12500 config.nstreams=20000 avg_latency=0.7592 ms avg throuhgput (requests/sec) = 85.3002 res=false
*==== INFO ====* req_id_count= 13000 stream_id=51996 latency=0.821336 ms (tx_ts=161292277898504, rx_ts=161292278719840) request_id=423831 zil_blk_id=51996 ccf_commit_seqno=423831 nstreams_done_=13000 config.nstreams=20000 avg_latency=0.7597 ms avg throuhgput (requests/sec) = 85.2940 res=false
*==== INFO ====* req_id_count= 13500 stream_id=53996 latency=0.665941 ms (tx_ts=161298137880637, rx_ts=161298138546578) request_id=440093 zil_blk_id=53996 ccf_commit_seqno=440094 nstreams_done_=13500 config.nstreams=20000 avg_latency=0.7601 ms avg throuhgput (requests/sec) = 85.2952 res=false
*==== INFO ====* req_id_count= 14000 stream_id=55996 latency=0.871502 ms (tx_ts=161303999166919, rx_ts=161304000038421) request_id=456355 zil_blk_id=55996 ccf_commit_seqno=456355 nstreams_done_=14000 config.nstreams=20000 avg_latency=0.7604 ms avg throuhgput (requests/sec) = 85.2955 res=false
*==== INFO ====* req_id_count= 14500 stream_id=57996 latency=0.744733 ms (tx_ts=161309871274174, rx_ts=161309872018907) request_id=472635 zil_blk_id=57996 ccf_commit_seqno=472635 nstreams_done_=14500 config.nstreams=20000 avg_latency=0.7607 ms avg throuhgput (requests/sec) = 85.2905 res=false
*==== INFO ====* req_id_count= 15000 stream_id=59996 latency=0.630569 ms (tx_ts=161315735129537, rx_ts=161315735760106) request_id=488914 zil_blk_id=59996 ccf_commit_seqno=488914 nstreams_done_=15000 config.nstreams=20000 avg_latency=0.7610 ms avg throuhgput (requests/sec) = 85.2898 res=false
*==== INFO ====* req_id_count= 15500 stream_id=61996 latency=0.661457 ms (tx_ts=161321598258434, rx_ts=161321598919891) request_id=505169 zil_blk_id=61996 ccf_commit_seqno=505169 nstreams_done_=15500 config.nstreams=20000 avg_latency=0.7610 ms avg throuhgput (requests/sec) = 85.2894 res=false
*==== INFO ====* req_id_count= 16000 stream_id=63996 latency=0.855670 ms (tx_ts=161327469764086, rx_ts=161327470619756) request_id=521353 zil_blk_id=63996 ccf_commit_seqno=521354 nstreams_done_=16000 config.nstreams=20000 avg_latency=0.7616 ms avg throuhgput (requests/sec) = 85.2852 res=false
*==== INFO ====* req_id_count= 16500 stream_id=65996 latency=0.811688 ms (tx_ts=161333306533071, rx_ts=161333307344759) request_id=537512 zil_blk_id=65996 ccf_commit_seqno=537514 nstreams_done_=16500 config.nstreams=20000 avg_latency=0.7612 ms avg throuhgput (requests/sec) = 85.2966 res=false
*==== INFO ====* req_id_count= 17000 stream_id=67996 latency=0.642221 ms (tx_ts=161339157490236, rx_ts=161339158132457) request_id=553770 zil_blk_id=67996 ccf_commit_seqno=553770 nstreams_done_=17000 config.nstreams=20000 avg_latency=0.7610 ms avg throuhgput (requests/sec) = 85.3014 res=false
*==== INFO ====* req_id_count= 17500 stream_id=69996 latency=0.644095 ms (tx_ts=161345041317583, rx_ts=161345041961678) request_id=570085 zil_blk_id=69996 ccf_commit_seqno=570085 nstreams_done_=17500 config.nstreams=20000 avg_latency=0.7622 ms avg throuhgput (requests/sec) = 85.2921 res=false
*==== INFO ====* req_id_count= 18000 stream_id=71996 latency=0.655516 ms (tx_ts=161350892090648, rx_ts=161350892746164) request_id=586327 zil_blk_id=71996 ccf_commit_seqno=586327 nstreams_done_=18000 config.nstreams=20000 avg_latency=0.7627 ms avg throuhgput (requests/sec) = 85.2967 res=false
*==== INFO ====* req_id_count= 18500 stream_id=73996 latency=0.622564 ms (tx_ts=161356759170785, rx_ts=161356759793349) request_id=602631 zil_blk_id=73996 ccf_commit_seqno=602631 nstreams_done_=18500 config.nstreams=20000 avg_latency=0.7625 ms avg throuhgput (requests/sec) = 85.2947 res=false
*==== INFO ====* req_id_count= 19000 stream_id=75996 latency=0.654464 ms (tx_ts=161362608829932, rx_ts=161362609484396) request_id=618434 zil_blk_id=75996 ccf_commit_seqno=618435 nstreams_done_=19000 config.nstreams=20000 avg_latency=0.7617 ms avg throuhgput (requests/sec) = 85.2994 res=false
*==== INFO ====* req_id_count= 19500 stream_id=77996 latency=0.905454 ms (tx_ts=161368513039641, rx_ts=161368513945095) request_id=630587 zil_blk_id=77996 ccf_commit_seqno=630587 nstreams_done_=19500 config.nstreams=20000 avg_latency=0.7617 ms avg throuhgput (requests/sec) = 85.2835 res=false
*==== INFO ====* http_end_stream ALL streams done! nstreams_done_=20000 avg_latency=0.7612 msreq_id_count= 20000
*==== INFO ====* req_id_count= 20000 stream_id=79996 latency=0.668201 ms (tx_ts=161374458140000, rx_ts=161374458808201) request_id=639478 zil_blk_id=79996 ccf_commit_seqno=639478 nstreams_done_=20000 config.nstreams=20000 avg_latency=0.7612 ms avg throuhgput (requests/sec) = 85.2536 res=true
