Uniform: 295262 451495 592651 36647 280410 
Exponential: -2147483648 -2147483648 -2147483648 -2147483648 -2147483648 
Truncated Normal: 585539 485717 506562 575622 250263 
*==== INFO ====* req_id_count= 500 stream_id=1996 latency=0.555339 ms (tx_ts=161145619963648, rx_ts=161145620518987) request_id=15603 zil_blk_id=729 ccf_commit_seqno=15603 nstreams_done_=500 config.nstreams=20000 avg_latency=0.6126 ms avg throuhgput (requests/sec) = 86.7456 res=false
*==== INFO ====* req_id_count= 1000 stream_id=3996 latency=0.526836 ms (tx_ts=161151395767350, rx_ts=161151396294186) request_id=31623 zil_blk_id=6141 ccf_commit_seqno=31623 nstreams_done_=1000 config.nstreams=20000 avg_latency=0.6042 ms avg throuhgput (requests/sec) = 86.6569 res=false
*==== INFO ====* req_id_count= 1500 stream_id=5996 latency=0.532837 ms (tx_ts=161156883148272, rx_ts=161156883681109) request_id=46882 zil_blk_id=11279 ccf_commit_seqno=46882 nstreams_done_=1500 config.nstreams=20000 avg_latency=0.6072 ms avg throuhgput (requests/sec) = 88.0946 res=false
*==== INFO ====* req_id_count= 2000 stream_id=7996 latency=0.546323 ms (tx_ts=161162386157355, rx_ts=161162386703678) request_id=62214 zil_blk_id=16437 ccf_commit_seqno=62214 nstreams_done_=2000 config.nstreams=20000 avg_latency=0.6198 ms avg throuhgput (requests/sec) = 88.7699 res=false
*==== INFO ====* req_id_count= 2500 stream_id=9996 latency=0.575407 ms (tx_ts=161167947655908, rx_ts=161167948231315) request_id=77681 zil_blk_id=21651 ccf_commit_seqno=77681 nstreams_done_=2500 config.nstreams=20000 avg_latency=0.6216 ms avg throuhgput (requests/sec) = 88.9943 res=false
*==== INFO ====* req_id_count= 3000 stream_id=11996 latency=0.702004 ms (tx_ts=161173431656406, rx_ts=161173432358410) request_id=92939 zil_blk_id=26793 ccf_commit_seqno=92940 nstreams_done_=3000 config.nstreams=20000 avg_latency=0.6224 ms avg throuhgput (requests/sec) = 89.3500 res=false
*==== INFO ====* req_id_count= 3500 stream_id=13996 latency=0.605653 ms (tx_ts=161178911764353, rx_ts=161178912370006) request_id=108208 zil_blk_id=31934 ccf_commit_seqno=108208 nstreams_done_=3500 config.nstreams=20000 avg_latency=0.6225 ms avg throuhgput (requests/sec) = 89.6153 res=false
*==== INFO ====* req_id_count= 4000 stream_id=15996 latency=0.517685 ms (tx_ts=161184412758818, rx_ts=161184413276503) request_id=123572 zil_blk_id=37090 ccf_commit_seqno=123572 nstreams_done_=4000 config.nstreams=20000 avg_latency=0.6252 ms avg throuhgput (requests/sec) = 89.7732 res=false
*==== INFO ====* req_id_count= 4500 stream_id=17996 latency=2.123850 ms (tx_ts=161189907531387, rx_ts=161189909655237) request_id=138908 zil_blk_id=42244 ccf_commit_seqno=138908 nstreams_done_=4500 config.nstreams=20000 avg_latency=0.6262 ms avg throuhgput (requests/sec) = 89.9045 res=false
*==== INFO ====* req_id_count= 5000 stream_id=19996 latency=0.713645 ms (tx_ts=161195395775356, rx_ts=161195396489001) request_id=154197 zil_blk_id=47390 ccf_commit_seqno=154197 nstreams_done_=5000 config.nstreams=20000 avg_latency=0.6273 ms avg throuhgput (requests/sec) = 90.0253 res=false
*==== INFO ====* req_id_count= 5500 stream_id=21996 latency=0.690131 ms (tx_ts=161200900724054, rx_ts=161200901414185) request_id=169530 zil_blk_id=52555 ccf_commit_seqno=169530 nstreams_done_=5500 config.nstreams=20000 avg_latency=0.6303 ms avg throuhgput (requests/sec) = 90.0977 res=false
*==== INFO ====* req_id_count= 6000 stream_id=23996 latency=0.488283 ms (tx_ts=161206414478599, rx_ts=161206414966882) request_id=184858 zil_blk_id=57727 ccf_commit_seqno=184858 nstreams_done_=6000 config.nstreams=20000 avg_latency=0.6319 ms avg throuhgput (requests/sec) = 90.1464 res=false
*==== INFO ====* req_id_count= 6500 stream_id=25996 latency=0.605302 ms (tx_ts=161212183613404, rx_ts=161212184218706) request_id=200821 zil_blk_id=63139 ccf_commit_seqno=200821 nstreams_done_=6500 config.nstreams=20000 avg_latency=0.6290 ms avg throuhgput (requests/sec) = 89.8688 res=false
*==== INFO ====* req_id_count= 7000 stream_id=27996 latency=0.529640 ms (tx_ts=161217956761453, rx_ts=161217957291093) request_id=216828 zil_blk_id=68557 ccf_commit_seqno=216828 nstreams_done_=7000 config.nstreams=20000 avg_latency=0.6278 ms avg throuhgput (requests/sec) = 89.6278 res=false
*==== INFO ====* req_id_count= 7500 stream_id=29996 latency=0.583202 ms (tx_ts=161223640648746, rx_ts=161223641231948) request_id=232582 zil_blk_id=73878 ccf_commit_seqno=232582 nstreams_done_=7500 config.nstreams=20000 avg_latency=0.6263 ms avg throuhgput (requests/sec) = 89.5152 res=false
*==== INFO ====* req_id_count= 8000 stream_id=31996 latency=0.596688 ms (tx_ts=161229140892849, rx_ts=161229141489537) request_id=247896 zil_blk_id=79026 ccf_commit_seqno=247896 nstreams_done_=8000 config.nstreams=20000 avg_latency=0.6279 ms avg throuhgput (requests/sec) = 89.6008 res=false
*==== INFO ====* req_id_count= 8500 stream_id=33996 latency=0.563392 ms (tx_ts=161234649734886, rx_ts=161234650298278) request_id=263227 zil_blk_id=84185 ccf_commit_seqno=263227 nstreams_done_=8500 config.nstreams=20000 avg_latency=0.6306 ms avg throuhgput (requests/sec) = 89.6683 res=false
*==== INFO ====* req_id_count= 9000 stream_id=35996 latency=0.669672 ms (tx_ts=161240149973548, rx_ts=161240150643220) request_id=278560 zil_blk_id=89335 ccf_commit_seqno=278560 nstreams_done_=9000 config.nstreams=20000 avg_latency=0.6324 ms avg throuhgput (requests/sec) = 89.7361 res=false
*==== INFO ====* req_id_count= 9500 stream_id=37996 latency=0.504360 ms (tx_ts=161245662842400, rx_ts=161245663346760) request_id=293914 zil_blk_id=94493 ccf_commit_seqno=293914 nstreams_done_=9500 config.nstreams=20000 avg_latency=0.6342 ms avg throuhgput (requests/sec) = 89.7863 res=false
*==== INFO ====* req_id_count= 10000 stream_id=39996 latency=0.503533 ms (tx_ts=161251150338786, rx_ts=161251150842319) request_id=309239 zil_blk_id=99630 ccf_commit_seqno=309239 nstreams_done_=10000 config.nstreams=20000 avg_latency=0.6336 ms avg throuhgput (requests/sec) = 89.8519 res=false
*==== INFO ====* req_id_count= 10500 stream_id=41996 latency=0.600774 ms (tx_ts=161256641710136, rx_ts=161256642310910) request_id=324578 zil_blk_id=104764 ccf_commit_seqno=324578 nstreams_done_=10500 config.nstreams=20000 avg_latency=0.6335 ms avg throuhgput (requests/sec) = 89.9082 res=false
*==== INFO ====* req_id_count= 11000 stream_id=43996 latency=0.626081 ms (tx_ts=161262117452923, rx_ts=161262118079004) request_id=339875 zil_blk_id=109893 ccf_commit_seqno=339876 nstreams_done_=11000 config.nstreams=20000 avg_latency=0.6328 ms avg throuhgput (requests/sec) = 89.9711 res=false
*==== INFO ====* req_id_count= 11500 stream_id=45996 latency=0.585605 ms (tx_ts=161267627396057, rx_ts=161267627981662) request_id=355248 zil_blk_id=115043 ccf_commit_seqno=355248 nstreams_done_=11500 config.nstreams=20000 avg_latency=0.6337 ms avg throuhgput (requests/sec) = 90.0045 res=false
*==== INFO ====* req_id_count= 12000 stream_id=47996 latency=2.840633 ms (tx_ts=161273125446420, rx_ts=161273128287053) request_id=370608 zil_blk_id=120188 ccf_commit_seqno=370608 nstreams_done_=12000 config.nstreams=20000 avg_latency=0.6341 ms avg throuhgput (requests/sec) = 90.0416 res=false
*==== INFO ====* req_id_count= 12500 stream_id=49996 latency=0.633465 ms (tx_ts=161278629170832, rx_ts=161278629804297) request_id=385904 zil_blk_id=125338 ccf_commit_seqno=385904 nstreams_done_=12500 config.nstreams=20000 avg_latency=0.6356 ms avg throuhgput (requests/sec) = 90.0750 res=false
*==== INFO ====* req_id_count= 13000 stream_id=51996 latency=0.529039 ms (tx_ts=161284127493253, rx_ts=161284128022292) request_id=401178 zil_blk_id=130478 ccf_commit_seqno=401178 nstreams_done_=13000 config.nstreams=20000 avg_latency=0.6366 ms avg throuhgput (requests/sec) = 90.1079 res=false
*==== INFO ====* req_id_count= 13500 stream_id=53996 latency=0.529450 ms (tx_ts=161289631047089, rx_ts=161289631576539) request_id=416475 zil_blk_id=135625 ccf_commit_seqno=416475 nstreams_done_=13500 config.nstreams=20000 avg_latency=0.6371 ms avg throuhgput (requests/sec) = 90.1352 res=false
*==== INFO ====* req_id_count= 14000 stream_id=55996 latency=0.505105 ms (tx_ts=161295359461600, rx_ts=161295359966705) request_id=432376 zil_blk_id=140988 ccf_commit_seqno=432376 nstreams_done_=14000 config.nstreams=20000 avg_latency=0.6365 ms avg throuhgput (requests/sec) = 90.0302 res=false
*==== INFO ====* req_id_count= 14500 stream_id=57996 latency=0.541232 ms (tx_ts=161301132087339, rx_ts=161301132628571) request_id=448404 zil_blk_id=146391 ccf_commit_seqno=448405 nstreams_done_=14500 config.nstreams=20000 avg_latency=0.6350 ms avg throuhgput (requests/sec) = 89.9079 res=false
*==== INFO ====* req_id_count= 15000 stream_id=59996 latency=0.759758 ms (tx_ts=161306920323707, rx_ts=161306921083465) request_id=464450 zil_blk_id=151809 ccf_commit_seqno=464451 nstreams_done_=15000 config.nstreams=20000 avg_latency=0.6349 ms avg throuhgput (requests/sec) = 89.7857 res=false
*==== INFO ====* req_id_count= 15500 stream_id=61996 latency=0.714526 ms (tx_ts=161312694408620, rx_ts=161312695123146) request_id=480474 zil_blk_id=157209 ccf_commit_seqno=480474 nstreams_done_=15500 config.nstreams=20000 avg_latency=0.6343 ms avg throuhgput (requests/sec) = 89.6790 res=false
*==== INFO ====* req_id_count= 16000 stream_id=63996 latency=0.568603 ms (tx_ts=161318487183421, rx_ts=161318487752024) request_id=496532 zil_blk_id=162630 ccf_commit_seqno=496532 nstreams_done_=16000 config.nstreams=20000 avg_latency=0.6340 ms avg throuhgput (requests/sec) = 89.5700 res=false
*==== INFO ====* req_id_count= 16500 stream_id=65996 latency=0.673439 ms (tx_ts=161324264629993, rx_ts=161324265303432) request_id=512507 zil_blk_id=168033 ccf_commit_seqno=512507 nstreams_done_=16500 config.nstreams=20000 avg_latency=0.6342 ms avg throuhgput (requests/sec) = 89.4751 res=false
*==== INFO ====* req_id_count= 17000 stream_id=67996 latency=0.505976 ms (tx_ts=161330038133411, rx_ts=161330038639387) request_id=528445 zil_blk_id=173446 ccf_commit_seqno=528445 nstreams_done_=17000 config.nstreams=20000 avg_latency=0.6340 ms avg throuhgput (requests/sec) = 89.3880 res=false
*==== INFO ====* req_id_count= 17500 stream_id=69996 latency=0.534721 ms (tx_ts=161335796245789, rx_ts=161335796780510) request_id=544436 zil_blk_id=178840 ccf_commit_seqno=544436 nstreams_done_=17500 config.nstreams=20000 avg_latency=0.6323 ms avg throuhgput (requests/sec) = 89.3129 res=false
*==== INFO ====* req_id_count= 18000 stream_id=71996 latency=0.724085 ms (tx_ts=161341538760399, rx_ts=161341539484484) request_id=560393 zil_blk_id=184213 ccf_commit_seqno=560394 nstreams_done_=18000 config.nstreams=20000 avg_latency=0.6315 ms avg throuhgput (requests/sec) = 89.2490 res=false
*==== INFO ====* req_id_count= 18500 stream_id=73996 latency=0.732470 ms (tx_ts=161347298624421, rx_ts=161347299356891) request_id=576351 zil_blk_id=189610 ccf_commit_seqno=576352 nstreams_done_=18500 config.nstreams=20000 avg_latency=0.6313 ms avg throuhgput (requests/sec) = 89.1812 res=false
*==== INFO ====* req_id_count= 19000 stream_id=75996 latency=0.674992 ms (tx_ts=161353064614770, rx_ts=161353065289762) request_id=592362 zil_blk_id=195016 ccf_commit_seqno=592363 nstreams_done_=19000 config.nstreams=20000 avg_latency=0.6305 ms avg throuhgput (requests/sec) = 89.1145 res=false
*==== INFO ====* req_id_count= 19500 stream_id=77996 latency=0.512930 ms (tx_ts=161358843313733, rx_ts=161358843826663) request_id=608416 zil_blk_id=200432 ccf_commit_seqno=608416 nstreams_done_=19500 config.nstreams=20000 avg_latency=0.6302 ms avg throuhgput (requests/sec) = 89.0463 res=false
*==== INFO ====* http_end_stream ALL streams done! nstreams_done_=20000 avg_latency=0.6294 msreq_id_count= 20000
*==== INFO ====* req_id_count= 20000 stream_id=79996 latency=0.635429 ms (tx_ts=161364635615308, rx_ts=161364636250737) request_id=623334 zil_blk_id=205870 ccf_commit_seqno=623334 nstreams_done_=20000 config.nstreams=20000 avg_latency=0.6294 ms avg throuhgput (requests/sec) = 88.9760 res=true
