Uniform: 546471 627373 876728 671270 539728 
Exponential: -2147483648 -2147483648 -2147483648 -2147483648 -2147483648 
Truncated Normal: 468923 260712 275127 444102 317953 
*==== INFO ====* req_id_count= 500 stream_id=1996 latency=0.856703 ms (tx_ts=161145738524088, rx_ts=161145739380791) request_id=15925 zil_blk_id=1996 ccf_commit_seqno=15925 nstreams_done_=500 config.nstreams=20000 avg_latency=0.7674 ms avg throuhgput (requests/sec) = 85.1335 res=false
*==== INFO ====* req_id_count= 1000 stream_id=3996 latency=0.690141 ms (tx_ts=161151632953089, rx_ts=161151633643230) request_id=32268 zil_blk_id=3996 ccf_commit_seqno=32268 nstreams_done_=1000 config.nstreams=20000 avg_latency=0.7599 ms avg throuhgput (requests/sec) = 84.9806 res=false
*==== INFO ====* req_id_count= 1500 stream_id=5996 latency=0.865449 ms (tx_ts=161157543585646, rx_ts=161157544451095) request_id=48709 zil_blk_id=5996 ccf_commit_seqno=48710 nstreams_done_=1500 config.nstreams=20000 avg_latency=0.7668 ms avg throuhgput (requests/sec) = 84.8503 res=false
*==== INFO ====* req_id_count= 2000 stream_id=7996 latency=0.686625 ms (tx_ts=161163419351658, rx_ts=161163420038283) request_id=65091 zil_blk_id=7996 ccf_commit_seqno=65091 nstreams_done_=2000 config.nstreams=20000 avg_latency=0.7657 ms avg throuhgput (requests/sec) = 84.9121 res=false
*==== INFO ====* req_id_count= 2500 stream_id=9996 latency=0.724949 ms (tx_ts=161169288802141, rx_ts=161169289527090) request_id=81410 zil_blk_id=9996 ccf_commit_seqno=81410 nstreams_done_=2500 config.nstreams=20000 avg_latency=0.7706 ms avg throuhgput (requests/sec) = 84.9668 res=false
*==== INFO ====* req_id_count= 3000 stream_id=11996 latency=0.650857 ms (tx_ts=161175161970639, rx_ts=161175162621496) request_id=97756 zil_blk_id=11996 ccf_commit_seqno=97756 nstreams_done_=3000 config.nstreams=20000 avg_latency=0.7704 ms avg throuhgput (requests/sec) = 84.9946 res=false
*==== INFO ====* req_id_count= 3500 stream_id=13996 latency=0.807511 ms (tx_ts=161181022093377, rx_ts=161181022900888) request_id=114099 zil_blk_id=13996 ccf_commit_seqno=114099 nstreams_done_=3500 config.nstreams=20000 avg_latency=0.7689 ms avg throuhgput (requests/sec) = 85.0409 res=false
*==== INFO ====* req_id_count= 4000 stream_id=15996 latency=0.760177 ms (tx_ts=161186863433596, rx_ts=161186864193773) request_id=130411 zil_blk_id=15996 ccf_commit_seqno=130412 nstreams_done_=4000 config.nstreams=20000 avg_latency=0.7651 ms avg throuhgput (requests/sec) = 85.1101 res=false
*==== INFO ====* req_id_count= 4500 stream_id=17996 latency=0.680984 ms (tx_ts=161192738368829, rx_ts=161192739049813) request_id=146787 zil_blk_id=17996 ccf_commit_seqno=146787 nstreams_done_=4500 config.nstreams=20000 avg_latency=0.7640 ms avg throuhgput (requests/sec) = 85.1099 res=false
*==== INFO ====* req_id_count= 5000 stream_id=19996 latency=0.737669 ms (tx_ts=161198595411120, rx_ts=161198596148789) request_id=163119 zil_blk_id=19996 ccf_commit_seqno=163119 nstreams_done_=5000 config.nstreams=20000 avg_latency=0.7634 ms avg throuhgput (requests/sec) = 85.1355 res=false
*==== INFO ====* req_id_count= 5500 stream_id=21996 latency=1.522152 ms (tx_ts=161204457203200, rx_ts=161204458725352) request_id=179434 zil_blk_id=21996 ccf_commit_seqno=179434 nstreams_done_=5500 config.nstreams=20000 avg_latency=0.7631 ms avg throuhgput (requests/sec) = 85.1492 res=false
*==== INFO ====* req_id_count= 6000 stream_id=23996 latency=0.830743 ms (tx_ts=161210305588369, rx_ts=161210306419112) request_id=195621 zil_blk_id=23996 ccf_commit_seqno=195621 nstreams_done_=6000 config.nstreams=20000 avg_latency=0.7628 ms avg throuhgput (requests/sec) = 85.1787 res=false
*==== INFO ====* req_id_count= 6500 stream_id=25996 latency=0.714857 ms (tx_ts=161216167940000, rx_ts=161216168654857) request_id=211868 zil_blk_id=25996 ccf_commit_seqno=211868 nstreams_done_=6500 config.nstreams=20000 avg_latency=0.7623 ms avg throuhgput (requests/sec) = 85.1874 res=false
*==== INFO ====* req_id_count= 7000 stream_id=27996 latency=0.793155 ms (tx_ts=161222024522266, rx_ts=161222025315421) request_id=228104 zil_blk_id=27996 ccf_commit_seqno=228104 nstreams_done_=7000 config.nstreams=20000 avg_latency=0.7630 ms avg throuhgput (requests/sec) = 85.2006 res=false
*==== INFO ====* req_id_count= 7500 stream_id=29996 latency=0.781044 ms (tx_ts=161227867417275, rx_ts=161227868198319) request_id=244349 zil_blk_id=29996 ccf_commit_seqno=244349 nstreams_done_=7500 config.nstreams=20000 avg_latency=0.7621 ms avg throuhgput (requests/sec) = 85.2254 res=false
*==== INFO ====* req_id_count= 8000 stream_id=31996 latency=0.667119 ms (tx_ts=161233722778745, rx_ts=161233723445864) request_id=260660 zil_blk_id=31996 ccf_commit_seqno=260660 nstreams_done_=8000 config.nstreams=20000 avg_latency=0.7616 ms avg throuhgput (requests/sec) = 85.2359 res=false
*==== INFO ====* req_id_count= 8500 stream_id=33996 latency=0.729976 ms (tx_ts=161239593343540, rx_ts=161239594073516) request_id=277009 zil_blk_id=33996 ccf_commit_seqno=277010 nstreams_done_=8500 config.nstreams=20000 avg_latency=0.7614 ms avg throuhgput (requests/sec) = 85.2320 res=false
*==== INFO ====* req_id_count= 9000 stream_id=35996 latency=0.786381 ms (tx_ts=161245492551970, rx_ts=161245493338351) request_id=293445 zil_blk_id=35996 ccf_commit_seqno=293445 nstreams_done_=9000 config.nstreams=20000 avg_latency=0.7639 ms avg throuhgput (requests/sec) = 85.2054 res=false
*==== INFO ====* req_id_count= 9500 stream_id=37996 latency=0.793696 ms (tx_ts=161251380857631, rx_ts=161251381651327) request_id=309886 zil_blk_id=37996 ccf_commit_seqno=309887 nstreams_done_=9500 config.nstreams=20000 avg_latency=0.7668 ms avg throuhgput (requests/sec) = 85.1900 res=false
*==== INFO ====* req_id_count= 10000 stream_id=39996 latency=0.626802 ms (tx_ts=161257252290524, rx_ts=161257252917326) request_id=326274 zil_blk_id=39996 ccf_commit_seqno=326274 nstreams_done_=10000 config.nstreams=20000 avg_latency=0.7664 ms avg throuhgput (requests/sec) = 85.1886 res=false
*==== INFO ====* req_id_count= 10500 stream_id=41996 latency=0.817098 ms (tx_ts=161263118645017, rx_ts=161263119462115) request_id=342662 zil_blk_id=41996 ccf_commit_seqno=342662 nstreams_done_=10500 config.nstreams=20000 avg_latency=0.7656 ms avg throuhgput (requests/sec) = 85.1905 res=false
*==== INFO ====* req_id_count= 11000 stream_id=43996 latency=0.645568 ms (tx_ts=161268986322069, rx_ts=161268986967637) request_id=359037 zil_blk_id=43996 ccf_commit_seqno=359037 nstreams_done_=11000 config.nstreams=20000 avg_latency=0.7654 ms avg throuhgput (requests/sec) = 85.1916 res=false
*==== INFO ====* req_id_count= 11500 stream_id=45996 latency=0.632557 ms (tx_ts=161274845512305, rx_ts=161274846144862) request_id=375380 zil_blk_id=45996 ccf_commit_seqno=375380 nstreams_done_=11500 config.nstreams=20000 avg_latency=0.7654 ms avg throuhgput (requests/sec) = 85.1979 res=false
*==== INFO ====* req_id_count= 12000 stream_id=47996 latency=0.666076 ms (tx_ts=161280713476231, rx_ts=161280714142307) request_id=391692 zil_blk_id=47996 ccf_commit_seqno=391692 nstreams_done_=12000 config.nstreams=20000 avg_latency=0.7660 ms avg throuhgput (requests/sec) = 85.1983 res=false
*==== INFO ====* req_id_count= 12500 stream_id=49996 latency=0.832076 ms (tx_ts=161286567856400, rx_ts=161286568688476) request_id=407963 zil_blk_id=49996 ccf_commit_seqno=407963 nstreams_done_=12500 config.nstreams=20000 avg_latency=0.7653 ms avg throuhgput (requests/sec) = 85.2065 res=false
*==== INFO ====* req_id_count= 13000 stream_id=51996 latency=0.884544 ms (tx_ts=161292422431449, rx_ts=161292423315993) request_id=424229 zil_blk_id=51996 ccf_commit_seqno=424229 nstreams_done_=13000 config.nstreams=20000 avg_latency=0.7650 ms avg throuhgput (requests/sec) = 85.2140 res=false
*==== INFO ====* req_id_count= 13500 stream_id=53996 latency=0.642932 ms (tx_ts=161298278821146, rx_ts=161298279464078) request_id=440480 zil_blk_id=53996 ccf_commit_seqno=440480 nstreams_done_=13500 config.nstreams=20000 avg_latency=0.7646 ms avg throuhgput (requests/sec) = 85.2202 res=false
*==== INFO ====* req_id_count= 14000 stream_id=55996 latency=0.704147 ms (tx_ts=161304131506483, rx_ts=161304132210630) request_id=456728 zil_blk_id=55996 ccf_commit_seqno=456728 nstreams_done_=14000 config.nstreams=20000 avg_latency=0.7641 ms avg throuhgput (requests/sec) = 85.2276 res=false
*==== INFO ====* req_id_count= 14500 stream_id=57996 latency=0.633484 ms (tx_ts=161310016387700, rx_ts=161310017021184) request_id=473041 zil_blk_id=57996 ccf_commit_seqno=473041 nstreams_done_=14500 config.nstreams=20000 avg_latency=0.7647 ms avg throuhgput (requests/sec) = 85.2185 res=false
*==== INFO ====* req_id_count= 15000 stream_id=59996 latency=0.771923 ms (tx_ts=161315869114805, rx_ts=161315869886728) request_id=489286 zil_blk_id=59996 ccf_commit_seqno=489286 nstreams_done_=15000 config.nstreams=20000 avg_latency=0.7644 ms avg throuhgput (requests/sec) = 85.2255 res=false
*==== INFO ====* req_id_count= 15500 stream_id=61996 latency=0.793394 ms (tx_ts=161321735647862, rx_ts=161321736441256) request_id=505549 zil_blk_id=61996 ccf_commit_seqno=505549 nstreams_done_=15500 config.nstreams=20000 avg_latency=0.7644 ms avg throuhgput (requests/sec) = 85.2256 res=false
*==== INFO ====* req_id_count= 16000 stream_id=63996 latency=0.709337 ms (tx_ts=161327609794038, rx_ts=161327610503375) request_id=521741 zil_blk_id=63996 ccf_commit_seqno=521741 nstreams_done_=16000 config.nstreams=20000 avg_latency=0.7656 ms avg throuhgput (requests/sec) = 85.2223 res=false
*==== INFO ====* req_id_count= 16500 stream_id=65996 latency=0.668310 ms (tx_ts=161333483262889, rx_ts=161333483931199) request_id=538002 zil_blk_id=65996 ccf_commit_seqno=538002 nstreams_done_=16500 config.nstreams=20000 avg_latency=0.7662 ms avg throuhgput (requests/sec) = 85.2195 res=false
*==== INFO ====* req_id_count= 17000 stream_id=67996 latency=0.892750 ms (tx_ts=161339337703149, rx_ts=161339338595899) request_id=554268 zil_blk_id=67996 ccf_commit_seqno=554268 nstreams_done_=17000 config.nstreams=20000 avg_latency=0.7663 ms avg throuhgput (requests/sec) = 85.2248 res=false
*==== INFO ====* req_id_count= 17500 stream_id=69996 latency=0.800697 ms (tx_ts=161345190101781, rx_ts=161345190902478) request_id=570501 zil_blk_id=69996 ccf_commit_seqno=570501 nstreams_done_=17500 config.nstreams=20000 avg_latency=0.7662 ms avg throuhgput (requests/sec) = 85.2309 res=false
*==== INFO ====* req_id_count= 18000 stream_id=71996 latency=0.796399 ms (tx_ts=161351062512253, rx_ts=161351063308652) request_id=586795 zil_blk_id=71996 ccf_commit_seqno=586795 nstreams_done_=18000 config.nstreams=20000 avg_latency=0.7669 ms avg throuhgput (requests/sec) = 85.2285 res=false
*==== INFO ====* req_id_count= 18500 stream_id=73996 latency=0.909341 ms (tx_ts=161356909208488, rx_ts=161356910117829) request_id=603048 zil_blk_id=73996 ccf_commit_seqno=603048 nstreams_done_=18500 config.nstreams=20000 avg_latency=0.7666 ms avg throuhgput (requests/sec) = 85.2362 res=false
*==== INFO ====* req_id_count= 19000 stream_id=75996 latency=0.624939 ms (tx_ts=161362761443824, rx_ts=161362762068763) request_id=618818 zil_blk_id=75996 ccf_commit_seqno=618818 nstreams_done_=19000 config.nstreams=20000 avg_latency=0.7663 ms avg throuhgput (requests/sec) = 85.2416 res=false
*==== INFO ====* req_id_count= 19500 stream_id=77996 latency=0.704480 ms (tx_ts=161368662350627, rx_ts=161368663055107) request_id=630853 zil_blk_id=77996 ccf_commit_seqno=630853 nstreams_done_=19500 config.nstreams=20000 avg_latency=0.7661 ms avg throuhgput (requests/sec) = 85.2285 res=false
*==== INFO ====* http_end_stream ALL streams done! nstreams_done_=20000 avg_latency=0.7650 msreq_id_count= 20000
*==== INFO ====* req_id_count= 20000 stream_id=79996 latency=0.702995 ms (tx_ts=161374606291772, rx_ts=161374606994767) request_id=639575 zil_blk_id=79996 ccf_commit_seqno=639575 nstreams_done_=20000 config.nstreams=20000 avg_latency=0.7650 ms avg throuhgput (requests/sec) = 85.2004 res=true
