Uniform: 910397 99917 548116 777511 239479 
Exponential: -2147483648 -2147483648 -2147483648 -2147483648 -2147483648 
Truncated Normal: 84795 626668 248050 599065 162747 
*==== INFO ====* req_id_count= 500 stream_id=1996 latency=0.592257 ms (tx_ts=161145547313675, rx_ts=161145547905932) request_id=15401 zil_blk_id=1996 ccf_commit_seqno=15401 nstreams_done_=500 config.nstreams=20000 avg_latency=0.7009 ms avg throuhgput (requests/sec) = 87.8890 res=false
*==== INFO ====* req_id_count= 1000 stream_id=3996 latency=0.836014 ms (tx_ts=161151395056662, rx_ts=161151395892676) request_id=31622 zil_blk_id=3996 ccf_commit_seqno=31622 nstreams_done_=1000 config.nstreams=20000 avg_latency=0.7078 ms avg throuhgput (requests/sec) = 86.6778 res=false
*==== INFO ====* req_id_count= 1500 stream_id=5996 latency=0.561641 ms (tx_ts=161157274432219, rx_ts=161157274993860) request_id=47968 zil_blk_id=5996 ccf_commit_seqno=47968 nstreams_done_=1500 config.nstreams=20000 avg_latency=0.7175 ms avg throuhgput (requests/sec) = 86.1273 res=false
*==== INFO ====* req_id_count= 2000 stream_id=7996 latency=0.848007 ms (tx_ts=161163132323890, rx_ts=161163133171897) request_id=64303 zil_blk_id=7996 ccf_commit_seqno=64303 nstreams_done_=2000 config.nstreams=20000 avg_latency=0.7153 ms avg throuhgput (requests/sec) = 85.9318 res=false
*==== INFO ====* req_id_count= 2500 stream_id=9996 latency=0.585546 ms (tx_ts=161169000531163, rx_ts=161169001116709) request_id=80606 zil_blk_id=9996 ccf_commit_seqno=80606 nstreams_done_=2500 config.nstreams=20000 avg_latency=0.7194 ms avg throuhgput (requests/sec) = 85.7862 res=false
*==== INFO ====* req_id_count= 3000 stream_id=11996 latency=0.611023 ms (tx_ts=161174838577542, rx_ts=161174839188565) request_id=96863 zil_blk_id=11996 ccf_commit_seqno=96864 nstreams_done_=3000 config.nstreams=20000 avg_latency=0.7118 ms avg throuhgput (requests/sec) = 85.7626 res=false
*==== INFO ====* req_id_count= 3500 stream_id=13996 latency=0.590855 ms (tx_ts=161180373432639, rx_ts=161180374023494) request_id=112298 zil_blk_id=13996 ccf_commit_seqno=112298 nstreams_done_=3500 config.nstreams=20000 avg_latency=0.7109 ms avg throuhgput (requests/sec) = 86.3875 res=false
*==== INFO ====* req_id_count= 4000 stream_id=15996 latency=0.773687 ms (tx_ts=161185919949112, rx_ts=161185920722799) request_id=127787 zil_blk_id=15996 ccf_commit_seqno=127789 nstreams_done_=4000 config.nstreams=20000 avg_latency=0.7135 ms avg throuhgput (requests/sec) = 86.8398 res=false
*==== INFO ====* req_id_count= 4500 stream_id=17996 latency=0.593671 ms (tx_ts=161191632561103, rx_ts=161191633154774) request_id=143715 zil_blk_id=17996 ccf_commit_seqno=143715 nstreams_done_=4500 config.nstreams=20000 avg_latency=0.7132 ms avg throuhgput (requests/sec) = 86.9158 res=false
*==== INFO ====* req_id_count= 5000 stream_id=19996 latency=0.598179 ms (tx_ts=161197469039823, rx_ts=161197469638002) request_id=159985 zil_blk_id=19996 ccf_commit_seqno=159985 nstreams_done_=5000 config.nstreams=20000 avg_latency=0.7113 ms avg throuhgput (requests/sec) = 86.7894 res=false
*==== INFO ====* req_id_count= 5500 stream_id=21996 latency=0.602316 ms (tx_ts=161203310982496, rx_ts=161203311584812) request_id=176249 zil_blk_id=21996 ccf_commit_seqno=176249 nstreams_done_=5500 config.nstreams=20000 avg_latency=0.7105 ms avg throuhgput (requests/sec) = 86.6788 res=false
*==== INFO ====* req_id_count= 6000 stream_id=23996 latency=0.571608 ms (tx_ts=161209159907594, rx_ts=161209160479202) request_id=192452 zil_blk_id=23996 ccf_commit_seqno=192452 nstreams_done_=6000 config.nstreams=20000 avg_latency=0.7099 ms avg throuhgput (requests/sec) = 86.5781 res=false
*==== INFO ====* req_id_count= 6500 stream_id=25996 latency=0.589794 ms (tx_ts=161215000856045, rx_ts=161215001445839) request_id=208642 zil_blk_id=25996 ccf_commit_seqno=208642 nstreams_done_=6500 config.nstreams=20000 avg_latency=0.7101 ms avg throuhgput (requests/sec) = 86.5023 res=false
*==== INFO ====* req_id_count= 7000 stream_id=27996 latency=0.650818 ms (tx_ts=161220836404768, rx_ts=161220837055586) request_id=224815 zil_blk_id=27996 ccf_commit_seqno=224815 nstreams_done_=7000 config.nstreams=20000 avg_latency=0.7096 ms avg throuhgput (requests/sec) = 86.4431 res=false
*==== INFO ====* req_id_count= 7500 stream_id=29996 latency=0.563717 ms (tx_ts=161226605109677, rx_ts=161226605673394) request_id=240830 zil_blk_id=29996 ccf_commit_seqno=240830 nstreams_done_=7500 config.nstreams=20000 avg_latency=0.7085 ms avg throuhgput (requests/sec) = 86.4586 res=false
*==== INFO ====* req_id_count= 8000 stream_id=31996 latency=0.793122 ms (tx_ts=161232130106038, rx_ts=161232130899160) request_id=256234 zil_blk_id=31996 ccf_commit_seqno=256235 nstreams_done_=8000 config.nstreams=20000 avg_latency=0.7070 ms avg throuhgput (requests/sec) = 86.7002 res=false
*==== INFO ====* req_id_count= 8500 stream_id=33996 latency=0.703665 ms (tx_ts=161237657192778, rx_ts=161237657896443) request_id=271622 zil_blk_id=33996 ccf_commit_seqno=271622 nstreams_done_=8500 config.nstreams=20000 avg_latency=0.7061 ms avg throuhgput (requests/sec) = 86.9130 res=false
*==== INFO ====* req_id_count= 9000 stream_id=35996 latency=0.622719 ms (tx_ts=161243194753501, rx_ts=161243195376220) request_id=287043 zil_blk_id=35996 ccf_commit_seqno=287043 nstreams_done_=9000 config.nstreams=20000 avg_latency=0.7060 ms avg throuhgput (requests/sec) = 87.0941 res=false
*==== INFO ====* req_id_count= 9500 stream_id=37996 latency=0.772775 ms (tx_ts=161248725552194, rx_ts=161248726324969) request_id=302477 zil_blk_id=37996 ccf_commit_seqno=302478 nstreams_done_=9500 config.nstreams=20000 avg_latency=0.7058 ms avg throuhgput (requests/sec) = 87.2621 res=false
*==== INFO ====* req_id_count= 10000 stream_id=39996 latency=0.577130 ms (tx_ts=161254258819994, rx_ts=161254259397124) request_id=317920 zil_blk_id=39996 ccf_commit_seqno=317920 nstreams_done_=10000 config.nstreams=20000 avg_latency=0.7056 ms avg throuhgput (requests/sec) = 87.4122 res=false
*==== INFO ====* req_id_count= 10500 stream_id=41996 latency=0.670745 ms (tx_ts=161259792624776, rx_ts=161259793295521) request_id=333378 zil_blk_id=41996 ccf_commit_seqno=333378 nstreams_done_=10500 config.nstreams=20000 avg_latency=0.7054 ms avg throuhgput (requests/sec) = 87.5479 res=false
*==== INFO ====* req_id_count= 11000 stream_id=43996 latency=0.752848 ms (tx_ts=161265337755001, rx_ts=161265338507849) request_id=348863 zil_blk_id=43996 ccf_commit_seqno=348863 nstreams_done_=11000 config.nstreams=20000 avg_latency=0.7058 ms avg throuhgput (requests/sec) = 87.6637 res=false
*==== INFO ====* req_id_count= 11500 stream_id=45996 latency=0.838699 ms (tx_ts=161270872354319, rx_ts=161270873193018) request_id=364309 zil_blk_id=45996 ccf_commit_seqno=364309 nstreams_done_=11500 config.nstreams=20000 avg_latency=0.7053 ms avg throuhgput (requests/sec) = 87.7767 res=false
*==== INFO ====* req_id_count= 12000 stream_id=47996 latency=0.682576 ms (tx_ts=161276409124695, rx_ts=161276409807271) request_id=379729 zil_blk_id=47996 ccf_commit_seqno=379729 nstreams_done_=12000 config.nstreams=20000 avg_latency=0.7056 ms avg throuhgput (requests/sec) = 87.8793 res=false
*==== INFO ====* req_id_count= 12500 stream_id=49996 latency=0.846320 ms (tx_ts=161282197349871, rx_ts=161282198196191) request_id=395809 zil_blk_id=49996 ccf_commit_seqno=395810 nstreams_done_=12500 config.nstreams=20000 avg_latency=0.7059 ms avg throuhgput (requests/sec) = 87.8183 res=false
*==== INFO ====* req_id_count= 13000 stream_id=51996 latency=0.860850 ms (tx_ts=161288046948165, rx_ts=161288047809015) request_id=412074 zil_blk_id=51996 ccf_commit_seqno=412074 nstreams_done_=13000 config.nstreams=20000 avg_latency=0.7061 ms avg throuhgput (requests/sec) = 87.7259 res=false
*==== INFO ====* req_id_count= 13500 stream_id=53996 latency=0.597798 ms (tx_ts=161293903311288, rx_ts=161293903909086) request_id=428337 zil_blk_id=53996 ccf_commit_seqno=428337 nstreams_done_=13500 config.nstreams=20000 avg_latency=0.7063 ms avg throuhgput (requests/sec) = 87.6367 res=false
*==== INFO ====* req_id_count= 14000 stream_id=55996 latency=0.625440 ms (tx_ts=161299743406113, rx_ts=161299744031553) request_id=444547 zil_blk_id=55996 ccf_commit_seqno=444547 nstreams_done_=14000 config.nstreams=20000 avg_latency=0.7059 ms avg throuhgput (requests/sec) = 87.5629 res=false
*==== INFO ====* req_id_count= 14500 stream_id=57996 latency=0.686254 ms (tx_ts=161305597624408, rx_ts=161305598310662) request_id=460791 zil_blk_id=57996 ccf_commit_seqno=460791 nstreams_done_=14500 config.nstreams=20000 avg_latency=0.7059 ms avg throuhgput (requests/sec) = 87.4867 res=false
*==== INFO ====* req_id_count= 15000 stream_id=59996 latency=0.609380 ms (tx_ts=161311449531418, rx_ts=161311450140798) request_id=477016 zil_blk_id=59996 ccf_commit_seqno=477016 nstreams_done_=15000 config.nstreams=20000 avg_latency=0.7061 ms avg throuhgput (requests/sec) = 87.4171 res=false
*==== INFO ====* req_id_count= 15500 stream_id=61996 latency=0.854240 ms (tx_ts=161317287243733, rx_ts=161317288097973) request_id=493208 zil_blk_id=61996 ccf_commit_seqno=493209 nstreams_done_=15500 config.nstreams=20000 avg_latency=0.7066 ms avg throuhgput (requests/sec) = 87.3588 res=false
*==== INFO ====* req_id_count= 16000 stream_id=63996 latency=0.797511 ms (tx_ts=161323135997631, rx_ts=161323136795142) request_id=509405 zil_blk_id=63996 ccf_commit_seqno=509405 nstreams_done_=16000 config.nstreams=20000 avg_latency=0.7069 ms avg throuhgput (requests/sec) = 87.2991 res=false
*==== INFO ====* req_id_count= 16500 stream_id=65996 latency=0.586677 ms (tx_ts=161328976591717, rx_ts=161328977178394) request_id=525497 zil_blk_id=65996 ccf_commit_seqno=525497 nstreams_done_=16500 config.nstreams=20000 avg_latency=0.7073 ms avg throuhgput (requests/sec) = 87.2470 res=false
*==== INFO ====* req_id_count= 17000 stream_id=67996 latency=0.686495 ms (tx_ts=161334813348926, rx_ts=161334814035421) request_id=541701 zil_blk_id=67996 ccf_commit_seqno=541702 nstreams_done_=17000 config.nstreams=20000 avg_latency=0.7079 ms avg throuhgput (requests/sec) = 87.1996 res=false
*==== INFO ====* req_id_count= 17500 stream_id=69996 latency=0.743490 ms (tx_ts=161340653481566, rx_ts=161340654225056) request_id=557929 zil_blk_id=69996 ccf_commit_seqno=557929 nstreams_done_=17500 config.nstreams=20000 avg_latency=0.7084 ms avg throuhgput (requests/sec) = 87.1534 res=false
*==== INFO ====* req_id_count= 18000 stream_id=71996 latency=0.580846 ms (tx_ts=161346493918522, rx_ts=161346494499368) request_id=574120 zil_blk_id=71996 ccf_commit_seqno=574120 nstreams_done_=18000 config.nstreams=20000 avg_latency=0.7086 ms avg throuhgput (requests/sec) = 87.1099 res=false
*==== INFO ====* req_id_count= 18500 stream_id=73996 latency=0.829170 ms (tx_ts=161352333508995, rx_ts=161352334338165) request_id=590327 zil_blk_id=73996 ccf_commit_seqno=590328 nstreams_done_=18500 config.nstreams=20000 avg_latency=0.7088 ms avg throuhgput (requests/sec) = 87.0689 res=false
*==== INFO ====* req_id_count= 19000 stream_id=75996 latency=0.716049 ms (tx_ts=161358173124059, rx_ts=161358173840108) request_id=606556 zil_blk_id=75996 ccf_commit_seqno=606556 nstreams_done_=19000 config.nstreams=20000 avg_latency=0.7090 ms avg throuhgput (requests/sec) = 87.0302 res=false
*==== INFO ====* req_id_count= 19500 stream_id=77996 latency=0.817429 ms (tx_ts=161364018621487, rx_ts=161364019438916) request_id=621876 zil_blk_id=77996 ccf_commit_seqno=621876 nstreams_done_=19500 config.nstreams=20000 avg_latency=0.7088 ms avg throuhgput (requests/sec) = 86.9912 res=false
*==== INFO ====* http_end_stream ALL streams done! nstreams_done_=20000 avg_latency=0.7081 msreq_id_count= 20000
*==== INFO ====* req_id_count= 20000 stream_id=79996 latency=0.613037 ms (tx_ts=161369933260716, rx_ts=161369933873753) request_id=633099 zil_blk_id=79996 ccf_commit_seqno=633099 nstreams_done_=20000 config.nstreams=20000 avg_latency=0.7081 ms avg throuhgput (requests/sec) = 86.9282 res=true
