Uniform: 349535 818477 62824 18408 400671 
Exponential: -2147483648 -2147483648 -2147483648 -2147483648 -2147483648 
Truncated Normal: 649565 254378 653510 322145 776038 
*==== INFO ====* req_id_count= 500 stream_id=1996 latency=0.671867 ms (tx_ts=161145740645691, rx_ts=161145741317558) request_id=15930 zil_blk_id=1996 ccf_commit_seqno=15930 nstreams_done_=500 config.nstreams=20000 avg_latency=0.8449 ms avg throuhgput (requests/sec) = 85.2096 res=false
*==== INFO ====* req_id_count= 1000 stream_id=3996 latency=0.728703 ms (tx_ts=161151633181301, rx_ts=161151633910004) request_id=32270 zil_blk_id=3996 ccf_commit_seqno=32270 nstreams_done_=1000 config.nstreams=20000 avg_latency=0.8082 ms avg throuhgput (requests/sec) = 85.0306 res=false
*==== INFO ====* req_id_count= 1500 stream_id=5996 latency=0.676907 ms (tx_ts=161157550410122, rx_ts=161157551087029) request_id=48726 zil_blk_id=5996 ccf_commit_seqno=48726 nstreams_done_=1500 config.nstreams=20000 avg_latency=0.8096 ms avg throuhgput (requests/sec) = 84.8529 res=false
*==== INFO ====* req_id_count= 2000 stream_id=7996 latency=0.677879 ms (tx_ts=161163481437588, rx_ts=161163482115467) request_id=65260 zil_blk_id=7996 ccf_commit_seqno=65260 nstreams_done_=2000 config.nstreams=20000 avg_latency=0.8104 ms avg throuhgput (requests/sec) = 84.7146 res=false
*==== INFO ====* req_id_count= 2500 stream_id=9996 latency=0.668912 ms (tx_ts=161169390874554, rx_ts=161169391543466) request_id=81688 zil_blk_id=9996 ccf_commit_seqno=81688 nstreams_done_=2500 config.nstreams=20000 avg_latency=0.8051 ms avg throuhgput (requests/sec) = 84.6938 res=false
*==== INFO ====* req_id_count= 3000 stream_id=11996 latency=0.711462 ms (tx_ts=161175281097151, rx_ts=161175281808613) request_id=98087 zil_blk_id=11996 ccf_commit_seqno=98087 nstreams_done_=3000 config.nstreams=20000 avg_latency=0.7986 ms avg throuhgput (requests/sec) = 84.7257 res=false
*==== INFO ====* req_id_count= 3500 stream_id=13996 latency=0.654003 ms (tx_ts=161181158563512, rx_ts=161181159217515) request_id=114477 zil_blk_id=13996 ccf_commit_seqno=114477 nstreams_done_=3500 config.nstreams=20000 avg_latency=0.7962 ms avg throuhgput (requests/sec) = 84.7749 res=false
*==== INFO ====* req_id_count= 4000 stream_id=15996 latency=0.653238 ms (tx_ts=161187032249712, rx_ts=161187032902950) request_id=130877 zil_blk_id=15996 ccf_commit_seqno=130877 nstreams_done_=4000 config.nstreams=20000 avg_latency=0.7961 ms avg throuhgput (requests/sec) = 84.8186 res=false
*==== INFO ====* req_id_count= 4500 stream_id=17996 latency=0.641470 ms (tx_ts=161192918855364, rx_ts=161192919496834) request_id=147291 zil_blk_id=17996 ccf_commit_seqno=147291 nstreams_done_=4500 config.nstreams=20000 avg_latency=0.7952 ms avg throuhgput (requests/sec) = 84.8319 res=false
*==== INFO ====* req_id_count= 5000 stream_id=19996 latency=0.699248 ms (tx_ts=161198794017770, rx_ts=161198794717018) request_id=163668 zil_blk_id=19996 ccf_commit_seqno=163668 nstreams_done_=5000 config.nstreams=20000 avg_latency=0.7938 ms avg throuhgput (requests/sec) = 84.8590 res=false
*==== INFO ====* req_id_count= 5500 stream_id=21996 latency=0.662238 ms (tx_ts=161204672737108, rx_ts=161204673399346) request_id=180030 zil_blk_id=21996 ccf_commit_seqno=180030 nstreams_done_=5500 config.nstreams=20000 avg_latency=0.7966 ms avg throuhgput (requests/sec) = 84.8766 res=false
*==== INFO ====* req_id_count= 6000 stream_id=23996 latency=0.729074 ms (tx_ts=161210535425753, rx_ts=161210536154827) request_id=196258 zil_blk_id=23996 ccf_commit_seqno=196258 nstreams_done_=6000 config.nstreams=20000 avg_latency=0.7994 ms avg throuhgput (requests/sec) = 84.9104 res=false
*==== INFO ====* req_id_count= 6500 stream_id=25996 latency=0.666346 ms (tx_ts=161216389629164, rx_ts=161216390295510) request_id=212481 zil_blk_id=25996 ccf_commit_seqno=212481 nstreams_done_=6500 config.nstreams=20000 avg_latency=0.7980 ms avg throuhgput (requests/sec) = 84.9486 res=false
*==== INFO ====* req_id_count= 7000 stream_id=27996 latency=0.643746 ms (tx_ts=161222238502585, rx_ts=161222239146331) request_id=228695 zil_blk_id=27996 ccf_commit_seqno=228695 nstreams_done_=7000 config.nstreams=20000 avg_latency=0.7974 ms avg throuhgput (requests/sec) = 84.9868 res=false
*==== INFO ====* req_id_count= 7500 stream_id=29996 latency=0.905381 ms (tx_ts=161228106846680, rx_ts=161228107752061) request_id=245012 zil_blk_id=29996 ccf_commit_seqno=245012 nstreams_done_=7500 config.nstreams=20000 avg_latency=0.7969 ms avg throuhgput (requests/sec) = 85.0009 res=false
*==== INFO ====* req_id_count= 8000 stream_id=31996 latency=0.647201 ms (tx_ts=161233965072019, rx_ts=161233965719220) request_id=261335 zil_blk_id=31996 ccf_commit_seqno=261335 nstreams_done_=8000 config.nstreams=20000 avg_latency=0.7974 ms avg throuhgput (requests/sec) = 85.0229 res=false
*==== INFO ====* req_id_count= 8500 stream_id=33996 latency=0.772104 ms (tx_ts=161239836124607, rx_ts=161239836896711) request_id=277685 zil_blk_id=33996 ccf_commit_seqno=277685 nstreams_done_=8500 config.nstreams=20000 avg_latency=0.7969 ms avg throuhgput (requests/sec) = 85.0311 res=false
*==== INFO ====* req_id_count= 9000 stream_id=35996 latency=0.729704 ms (tx_ts=161245718209710, rx_ts=161245718939414) request_id=294066 zil_blk_id=35996 ccf_commit_seqno=294066 nstreams_done_=9000 config.nstreams=20000 avg_latency=0.7969 ms avg throuhgput (requests/sec) = 85.0296 res=false
*==== INFO ====* req_id_count= 9500 stream_id=37996 latency=0.651249 ms (tx_ts=161251569472001, rx_ts=161251570123250) request_id=310411 zil_blk_id=37996 ccf_commit_seqno=310411 nstreams_done_=9500 config.nstreams=20000 avg_latency=0.7963 ms avg throuhgput (requests/sec) = 85.0518 res=false
*==== INFO ====* req_id_count= 10000 stream_id=39996 latency=0.703206 ms (tx_ts=161257425550086, rx_ts=161257426253292) request_id=326764 zil_blk_id=39996 ccf_commit_seqno=326764 nstreams_done_=10000 config.nstreams=20000 avg_latency=0.7972 ms avg throuhgput (requests/sec) = 85.0681 res=false
*==== INFO ====* req_id_count= 10500 stream_id=41996 latency=0.821256 ms (tx_ts=161263286331741, rx_ts=161263287152997) request_id=343131 zil_blk_id=41996 ccf_commit_seqno=343131 nstreams_done_=10500 config.nstreams=20000 avg_latency=0.7962 ms avg throuhgput (requests/sec) = 85.0797 res=false
*==== INFO ====* req_id_count= 11000 stream_id=43996 latency=0.795728 ms (tx_ts=161269185343831, rx_ts=161269186139559) request_id=359591 zil_blk_id=43996 ccf_commit_seqno=359591 nstreams_done_=11000 config.nstreams=20000 avg_latency=0.7987 ms avg throuhgput (requests/sec) = 85.0651 res=false
*==== INFO ====* req_id_count= 11500 stream_id=45996 latency=0.887641 ms (tx_ts=161275066032697, rx_ts=161275066920338) request_id=375995 zil_blk_id=45996 ccf_commit_seqno=375995 nstreams_done_=11500 config.nstreams=20000 avg_latency=0.7994 ms avg throuhgput (requests/sec) = 85.0633 res=false
*==== INFO ====* req_id_count= 12000 stream_id=47996 latency=0.678489 ms (tx_ts=161280954941239, rx_ts=161280955619728) request_id=392356 zil_blk_id=47996 ccf_commit_seqno=392356 nstreams_done_=12000 config.nstreams=20000 avg_latency=0.8000 ms avg throuhgput (requests/sec) = 85.0568 res=false
*==== INFO ====* req_id_count= 12500 stream_id=49996 latency=0.817329 ms (tx_ts=161286841802532, rx_ts=161286842619861) request_id=408725 zil_blk_id=49996 ccf_commit_seqno=408725 nstreams_done_=12500 config.nstreams=20000 avg_latency=0.8010 ms avg throuhgput (requests/sec) = 85.0518 res=false
*==== INFO ====* req_id_count= 13000 stream_id=51996 latency=0.744032 ms (tx_ts=161292716440342, rx_ts=161292717184374) request_id=425042 zil_blk_id=51996 ccf_commit_seqno=425042 nstreams_done_=13000 config.nstreams=20000 avg_latency=0.8018 ms avg throuhgput (requests/sec) = 85.0542 res=false
*==== INFO ====* req_id_count= 13500 stream_id=53996 latency=0.684230 ms (tx_ts=161298555526663, rx_ts=161298556210893) request_id=441252 zil_blk_id=53996 ccf_commit_seqno=441252 nstreams_done_=13500 config.nstreams=20000 avg_latency=0.8012 ms avg throuhgput (requests/sec) = 85.0754 res=false
*==== INFO ====* req_id_count= 14000 stream_id=55996 latency=0.673728 ms (tx_ts=161304412544820, rx_ts=161304413218548) request_id=457505 zil_blk_id=55996 ccf_commit_seqno=457505 nstreams_done_=14000 config.nstreams=20000 avg_latency=0.8012 ms avg throuhgput (requests/sec) = 85.0858 res=false
*==== INFO ====* req_id_count= 14500 stream_id=57996 latency=0.862142 ms (tx_ts=161310286102254, rx_ts=161310286964396) request_id=473786 zil_blk_id=57996 ccf_commit_seqno=473787 nstreams_done_=14500 config.nstreams=20000 avg_latency=0.8015 ms avg throuhgput (requests/sec) = 85.0871 res=false
*==== INFO ====* req_id_count= 15000 stream_id=59996 latency=0.713824 ms (tx_ts=161316133346451, rx_ts=161316134060275) request_id=490020 zil_blk_id=59996 ccf_commit_seqno=490020 nstreams_done_=15000 config.nstreams=20000 avg_latency=0.8010 ms avg throuhgput (requests/sec) = 85.1013 res=false
*==== INFO ====* req_id_count= 15500 stream_id=61996 latency=0.743020 ms (tx_ts=161322009873491, rx_ts=161322010616511) request_id=506311 zil_blk_id=61996 ccf_commit_seqno=506311 nstreams_done_=15500 config.nstreams=20000 avg_latency=0.8016 ms avg throuhgput (requests/sec) = 85.1007 res=false
*==== INFO ====* req_id_count= 16000 stream_id=63996 latency=0.664864 ms (tx_ts=161327876506121, rx_ts=161327877170985) request_id=522478 zil_blk_id=63996 ccf_commit_seqno=522478 nstreams_done_=16000 config.nstreams=20000 avg_latency=0.8016 ms avg throuhgput (requests/sec) = 85.1047 res=false
*==== INFO ====* req_id_count= 16500 stream_id=65996 latency=0.845091 ms (tx_ts=161333760700839, rx_ts=161333761545930) request_id=538776 zil_blk_id=65996 ccf_commit_seqno=538777 nstreams_done_=16500 config.nstreams=20000 avg_latency=0.8023 ms avg throuhgput (requests/sec) = 85.1006 res=false
*==== INFO ====* req_id_count= 17000 stream_id=67996 latency=0.748160 ms (tx_ts=161339614246667, rx_ts=161339614994827) request_id=555037 zil_blk_id=67996 ccf_commit_seqno=555037 nstreams_done_=17000 config.nstreams=20000 avg_latency=0.8022 ms avg throuhgput (requests/sec) = 85.1100 res=false
*==== INFO ====* req_id_count= 17500 stream_id=69996 latency=0.830664 ms (tx_ts=161345456859405, rx_ts=161345457690069) request_id=571243 zil_blk_id=69996 ccf_commit_seqno=571243 nstreams_done_=17500 config.nstreams=20000 avg_latency=0.8016 ms avg throuhgput (requests/sec) = 85.1232 res=false
*==== INFO ====* req_id_count= 18000 stream_id=71996 latency=1.044694 ms (tx_ts=161351316425111, rx_ts=161351317469805) request_id=587500 zil_blk_id=71996 ccf_commit_seqno=587501 nstreams_done_=18000 config.nstreams=20000 avg_latency=0.8016 ms avg throuhgput (requests/sec) = 85.1289 res=false
*==== INFO ====* req_id_count= 18500 stream_id=73996 latency=0.865048 ms (tx_ts=161357211831650, rx_ts=161357212696698) request_id=603886 zil_blk_id=73996 ccf_commit_seqno=603886 nstreams_done_=18500 config.nstreams=20000 avg_latency=0.8018 ms avg throuhgput (requests/sec) = 85.1204 res=false
*==== INFO ====* req_id_count= 19000 stream_id=75996 latency=0.813873 ms (tx_ts=161363115651706, rx_ts=161363116465579) request_id=619696 zil_blk_id=75996 ccf_commit_seqno=619696 nstreams_done_=19000 config.nstreams=20000 avg_latency=0.8027 ms avg throuhgput (requests/sec) = 85.1090 res=false
*==== INFO ====* req_id_count= 19500 stream_id=77996 latency=0.987758 ms (tx_ts=161369030404878, rx_ts=161369031392636) request_id=631503 zil_blk_id=77996 ccf_commit_seqno=631505 nstreams_done_=19500 config.nstreams=20000 avg_latency=0.8027 ms avg throuhgput (requests/sec) = 85.0941 res=false
*==== INFO ====* http_end_stream ALL streams done! nstreams_done_=20000 avg_latency=0.8021 msreq_id_count= 20000
*==== INFO ====* req_id_count= 20000 stream_id=79996 latency=0.733543 ms (tx_ts=161374991644156, rx_ts=161374992377699) request_id=639766 zil_blk_id=79996 ccf_commit_seqno=639766 nstreams_done_=20000 config.nstreams=20000 avg_latency=0.8021 ms avg throuhgput (requests/sec) = 85.0633 res=true
