Uniform: 213959 345493 924144 915397 942306 
Exponential: -2147483648 -2147483648 -2147483648 -2147483648 -2147483648 
Truncated Normal: 35130 432705 406371 647385 874773 
*==== INFO ====* req_id_count= 500 stream_id=1996 latency=0.498582 ms (tx_ts=161145305983473, rx_ts=161145306482055) request_id=14743 zil_blk_id=440 ccf_commit_seqno=14743 nstreams_done_=500 config.nstreams=20000 avg_latency=0.5789 ms avg throuhgput (requests/sec) = 91.8165 res=false
*==== INFO ====* req_id_count= 1000 stream_id=3996 latency=0.587197 ms (tx_ts=161150785552407, rx_ts=161150786139604) request_id=29935 zil_blk_id=5571 ccf_commit_seqno=29935 nstreams_done_=1000 config.nstreams=20000 avg_latency=0.5949 ms avg throuhgput (requests/sec) = 91.5307 res=false
*==== INFO ====* req_id_count= 1500 stream_id=5996 latency=0.722439 ms (tx_ts=161156255227814, rx_ts=161156255950253) request_id=45138 zil_blk_id=10694 ccf_commit_seqno=45139 nstreams_done_=1500 config.nstreams=20000 avg_latency=0.5961 ms avg throuhgput (requests/sec) = 91.4907 res=false
*==== INFO ====* req_id_count= 2000 stream_id=7996 latency=0.745215 ms (tx_ts=161161725184714, rx_ts=161161725929929) request_id=60381 zil_blk_id=15816 ccf_commit_seqno=60381 nstreams_done_=2000 config.nstreams=20000 avg_latency=0.5960 ms avg throuhgput (requests/sec) = 91.4700 res=false
*==== INFO ====* req_id_count= 2500 stream_id=9996 latency=0.481561 ms (tx_ts=161167196841399, rx_ts=161167197322960) request_id=75603 zil_blk_id=20939 ccf_commit_seqno=75603 nstreams_done_=2500 config.nstreams=20000 avg_latency=0.5951 ms avg throuhgput (requests/sec) = 91.4529 res=false
*==== INFO ====* req_id_count= 3000 stream_id=11996 latency=0.478485 ms (tx_ts=161172680171381, rx_ts=161172680649866) request_id=90850 zil_blk_id=26071 ccf_commit_seqno=90850 nstreams_done_=3000 config.nstreams=20000 avg_latency=0.5966 ms avg throuhgput (requests/sec) = 91.4082 res=false
*==== INFO ====* req_id_count= 3500 stream_id=13996 latency=0.558295 ms (tx_ts=161178148106809, rx_ts=161178148665104) request_id=106083 zil_blk_id=31188 ccf_commit_seqno=106083 nstreams_done_=3500 config.nstreams=20000 avg_latency=0.5977 ms avg throuhgput (requests/sec) = 91.4129 res=false
*==== INFO ====* req_id_count= 4000 stream_id=15996 latency=0.580856 ms (tx_ts=161183607189435, rx_ts=161183607770291) request_id=121335 zil_blk_id=36300 ccf_commit_seqno=121335 nstreams_done_=4000 config.nstreams=20000 avg_latency=0.5942 ms avg throuhgput (requests/sec) = 91.4350 res=false
*==== INFO ====* req_id_count= 4500 stream_id=17996 latency=0.679281 ms (tx_ts=161189080338608, rx_ts=161189081017889) request_id=136599 zil_blk_id=41419 ccf_commit_seqno=136599 nstreams_done_=4500 config.nstreams=20000 avg_latency=0.5944 ms avg throuhgput (requests/sec) = 91.4259 res=false
*==== INFO ====* req_id_count= 5000 stream_id=19996 latency=0.483073 ms (tx_ts=161194552163216, rx_ts=161194552646289) request_id=151843 zil_blk_id=46543 ccf_commit_seqno=151843 nstreams_done_=5000 config.nstreams=20000 avg_latency=0.5949 ms avg throuhgput (requests/sec) = 91.4214 res=false
*==== INFO ====* req_id_count= 5500 stream_id=21996 latency=0.564175 ms (tx_ts=161200012327446, rx_ts=161200012891621) request_id=167065 zil_blk_id=51652 ccf_commit_seqno=167065 nstreams_done_=5500 config.nstreams=20000 avg_latency=0.5935 ms avg throuhgput (requests/sec) = 91.4349 res=false
*==== INFO ====* req_id_count= 6000 stream_id=23996 latency=0.547714 ms (tx_ts=161205497137685, rx_ts=161205497685399) request_id=182319 zil_blk_id=56786 ccf_commit_seqno=182319 nstreams_done_=6000 config.nstreams=20000 avg_latency=0.5948 ms avg throuhgput (requests/sec) = 91.4121 res=false
*==== INFO ====* req_id_count= 6500 stream_id=25996 latency=1.938445 ms (tx_ts=161210962155738, rx_ts=161210964094183) request_id=197438 zil_blk_id=61898 ccf_commit_seqno=197438 nstreams_done_=6500 config.nstreams=20000 avg_latency=0.5945 ms avg throuhgput (requests/sec) = 91.4163 res=false
*==== INFO ====* req_id_count= 7000 stream_id=27996 latency=0.613999 ms (tx_ts=161216437589519, rx_ts=161216438203518) request_id=212614 zil_blk_id=67021 ccf_commit_seqno=212614 nstreams_done_=7000 config.nstreams=20000 avg_latency=0.5955 ms avg throuhgput (requests/sec) = 91.4108 res=false
*==== INFO ====* req_id_count= 7500 stream_id=29996 latency=0.572892 ms (tx_ts=161221926377288, rx_ts=161221926950180) request_id=227830 zil_blk_id=72157 ccf_commit_seqno=227831 nstreams_done_=7500 config.nstreams=20000 avg_latency=0.5979 ms avg throuhgput (requests/sec) = 91.3897 res=false
*==== INFO ====* req_id_count= 8000 stream_id=31996 latency=0.635161 ms (tx_ts=161227403224820, rx_ts=161227403859981) request_id=243051 zil_blk_id=77297 ccf_commit_seqno=243051 nstreams_done_=8000 config.nstreams=20000 avg_latency=0.5979 ms avg throuhgput (requests/sec) = 91.3836 res=false
*==== INFO ====* req_id_count= 8500 stream_id=33996 latency=0.639797 ms (tx_ts=161232878417850, rx_ts=161232879057647) request_id=258321 zil_blk_id=82435 ccf_commit_seqno=258321 nstreams_done_=8500 config.nstreams=20000 avg_latency=0.5987 ms avg throuhgput (requests/sec) = 91.3799 res=false
*==== INFO ====* req_id_count= 9000 stream_id=35996 latency=0.551039 ms (tx_ts=161238361803521, rx_ts=161238362354560) request_id=273579 zil_blk_id=87581 ccf_commit_seqno=273579 nstreams_done_=9000 config.nstreams=20000 avg_latency=0.6001 ms avg throuhgput (requests/sec) = 91.3692 res=false
*==== INFO ====* req_id_count= 9500 stream_id=37996 latency=0.573663 ms (tx_ts=161243834275438, rx_ts=161243834849101) request_id=288828 zil_blk_id=92715 ccf_commit_seqno=288828 nstreams_done_=9500 config.nstreams=20000 avg_latency=0.6003 ms avg throuhgput (requests/sec) = 91.3690 res=false
*==== INFO ====* req_id_count= 10000 stream_id=39996 latency=0.738922 ms (tx_ts=161249317200979, rx_ts=161249317939901) request_id=304127 zil_blk_id=97858 ccf_commit_seqno=304128 nstreams_done_=10000 config.nstreams=20000 avg_latency=0.6013 ms avg throuhgput (requests/sec) = 91.3600 res=false
*==== INFO ====* req_id_count= 10500 stream_id=41996 latency=0.630139 ms (tx_ts=161254804646600, rx_ts=161254805276739) request_id=319443 zil_blk_id=103012 ccf_commit_seqno=319444 nstreams_done_=10500 config.nstreams=20000 avg_latency=0.6027 ms avg throuhgput (requests/sec) = 91.3485 res=false
*==== INFO ====* req_id_count= 11000 stream_id=43996 latency=0.467164 ms (tx_ts=161260265013884, rx_ts=161260265481048) request_id=334699 zil_blk_id=108138 ccf_commit_seqno=334699 nstreams_done_=11000 config.nstreams=20000 avg_latency=0.6016 ms avg throuhgput (requests/sec) = 91.3586 res=false
*==== INFO ====* req_id_count= 11500 stream_id=45996 latency=0.620972 ms (tx_ts=161265727000143, rx_ts=161265727621115) request_id=349950 zil_blk_id=113266 ccf_commit_seqno=349951 nstreams_done_=11500 config.nstreams=20000 avg_latency=0.6009 ms avg throuhgput (requests/sec) = 91.3664 res=false
*==== INFO ====* req_id_count= 12000 stream_id=47996 latency=0.583852 ms (tx_ts=161271215736860, rx_ts=161271216320712) request_id=365263 zil_blk_id=118417 ccf_commit_seqno=365264 nstreams_done_=12000 config.nstreams=20000 avg_latency=0.6022 ms avg throuhgput (requests/sec) = 91.3552 res=false
*==== INFO ====* req_id_count= 12500 stream_id=49996 latency=0.462946 ms (tx_ts=161276685638331, rx_ts=161276686101277) request_id=380501 zil_blk_id=123553 ccf_commit_seqno=380501 nstreams_done_=12500 config.nstreams=20000 avg_latency=0.6020 ms avg throuhgput (requests/sec) = 91.3574 res=false
*==== INFO ====* req_id_count= 13000 stream_id=51996 latency=0.695260 ms (tx_ts=161282165605821, rx_ts=161282166301081) request_id=395728 zil_blk_id=128692 ccf_commit_seqno=395729 nstreams_done_=13000 config.nstreams=20000 avg_latency=0.6022 ms avg throuhgput (requests/sec) = 91.3528 res=false
*==== INFO ====* req_id_count= 13500 stream_id=53996 latency=0.574445 ms (tx_ts=161287624512594, rx_ts=161287625087039) request_id=410900 zil_blk_id=133810 ccf_commit_seqno=410900 nstreams_done_=13500 config.nstreams=20000 avg_latency=0.6012 ms avg throuhgput (requests/sec) = 91.3617 res=false
*==== INFO ====* req_id_count= 14000 stream_id=55996 latency=0.604651 ms (tx_ts=161293100393647, rx_ts=161293100998298) request_id=426106 zil_blk_id=138943 ccf_commit_seqno=426106 nstreams_done_=14000 config.nstreams=20000 avg_latency=0.6013 ms avg throuhgput (requests/sec) = 91.3599 res=false
*==== INFO ====* req_id_count= 14500 stream_id=57996 latency=0.923646 ms (tx_ts=161298576220298, rx_ts=161298577143944) request_id=441307 zil_blk_id=144078 ccf_commit_seqno=441307 nstreams_done_=14500 config.nstreams=20000 avg_latency=0.6015 ms avg throuhgput (requests/sec) = 91.3580 res=false
*==== INFO ====* req_id_count= 15000 stream_id=59996 latency=0.630769 ms (tx_ts=161304050802344, rx_ts=161304051433113) request_id=456501 zil_blk_id=149216 ccf_commit_seqno=456501 nstreams_done_=15000 config.nstreams=20000 avg_latency=0.6015 ms avg throuhgput (requests/sec) = 91.3572 res=false
*==== INFO ====* req_id_count= 15500 stream_id=61996 latency=0.802280 ms (tx_ts=161309512925315, rx_ts=161309513727595) request_id=471645 zil_blk_id=154333 ccf_commit_seqno=471645 nstreams_done_=15500 config.nstreams=20000 avg_latency=0.6010 ms avg throuhgput (requests/sec) = 91.3630 res=false
*==== INFO ====* req_id_count= 16000 stream_id=63996 latency=0.506978 ms (tx_ts=161314983132591, rx_ts=161314983639569) request_id=486832 zil_blk_id=159451 ccf_commit_seqno=486832 nstreams_done_=16000 config.nstreams=20000 avg_latency=0.6010 ms avg throuhgput (requests/sec) = 91.3645 res=false
*==== INFO ====* req_id_count= 16500 stream_id=65996 latency=0.494224 ms (tx_ts=161320458581795, rx_ts=161320459076019) request_id=502003 zil_blk_id=164579 ccf_commit_seqno=502003 nstreams_done_=16500 config.nstreams=20000 avg_latency=0.6011 ms avg throuhgput (requests/sec) = 91.3630 res=false
*==== INFO ====* req_id_count= 17000 stream_id=67996 latency=0.609078 ms (tx_ts=161325942333323, rx_ts=161325942942401) request_id=517127 zil_blk_id=169712 ccf_commit_seqno=517127 nstreams_done_=17000 config.nstreams=20000 avg_latency=0.6015 ms avg throuhgput (requests/sec) = 91.3575 res=false
*==== INFO ====* req_id_count= 17500 stream_id=69996 latency=0.486049 ms (tx_ts=161331433917985, rx_ts=161331434404034) request_id=532320 zil_blk_id=174850 ccf_commit_seqno=532320 nstreams_done_=17500 config.nstreams=20000 avg_latency=0.6026 ms avg throuhgput (requests/sec) = 91.3487 res=false
*==== INFO ====* req_id_count= 18000 stream_id=71996 latency=0.469698 ms (tx_ts=161336913511973, rx_ts=161336913981671) request_id=547542 zil_blk_id=179979 ccf_commit_seqno=547542 nstreams_done_=18000 config.nstreams=20000 avg_latency=0.6028 ms avg throuhgput (requests/sec) = 91.3459 res=false
*==== INFO ====* req_id_count= 18500 stream_id=73996 latency=0.582369 ms (tx_ts=161342398303153, rx_ts=161342398885522) request_id=562786 zil_blk_id=185112 ccf_commit_seqno=562786 nstreams_done_=18500 config.nstreams=20000 avg_latency=0.6031 ms avg throuhgput (requests/sec) = 91.3409 res=false
*==== INFO ====* req_id_count= 19000 stream_id=75996 latency=0.676786 ms (tx_ts=161347891534931, rx_ts=161347892211717) request_id=578000 zil_blk_id=190256 ccf_commit_seqno=578000 nstreams_done_=19000 config.nstreams=20000 avg_latency=0.6041 ms avg throuhgput (requests/sec) = 91.3324 res=false
*==== INFO ====* req_id_count= 19500 stream_id=77996 latency=0.504894 ms (tx_ts=161353368836892, rx_ts=161353369341786) request_id=593211 zil_blk_id=195377 ccf_commit_seqno=593211 nstreams_done_=19500 config.nstreams=20000 avg_latency=0.6045 ms avg throuhgput (requests/sec) = 91.3313 res=false
*==== INFO ====* http_end_stream ALL streams done! nstreams_done_=20000 avg_latency=0.6039 msreq_id_count= 20000
*==== INFO ====* req_id_count= 20000 stream_id=79996 latency=0.457496 ms (tx_ts=161358955293419, rx_ts=161358955750915) request_id=608729 zil_blk_id=200605 ccf_commit_seqno=608729 nstreams_done_=20000 config.nstreams=20000 avg_latency=0.6039 ms avg throuhgput (requests/sec) = 91.2846 res=true
