Uniform: 495151 961845 538439 245896 758745 
Exponential: -2147483648 -2147483648 -2147483648 -2147483648 -2147483648 
Truncated Normal: 127156 181803 250408 434007 495539 
*==== INFO ====* req_id_count= 500 stream_id=1996 latency=0.981185 ms (tx_ts=158800167632548, rx_ts=158800168613733) request_id=39393 zil_blk_id=1996 ccf_commit_seqno=39394 nstreams_done_=500 config.nstreams=20000 avg_latency=1.0106 ms avg throuhgput (requests/sec) = 82.1501 res=false
*==== INFO ====* req_id_count= 1000 stream_id=3996 latency=1.135954 ms (tx_ts=158806236063528, rx_ts=158806237199482) request_id=79398 zil_blk_id=3996 ccf_commit_seqno=79400 nstreams_done_=1000 config.nstreams=20000 avg_latency=0.9922 ms avg throuhgput (requests/sec) = 82.2706 res=false
*==== INFO ====* req_id_count= 1500 stream_id=5996 latency=1.060884 ms (tx_ts=158812314364383, rx_ts=158812315425267) request_id=119544 zil_blk_id=5996 ccf_commit_seqno=119547 nstreams_done_=1500 config.nstreams=20000 avg_latency=0.9908 ms avg throuhgput (requests/sec) = 82.2674 res=false
*==== INFO ====* req_id_count= 2000 stream_id=7996 latency=0.916214 ms (tx_ts=158818424280817, rx_ts=158818425197031) request_id=159966 zil_blk_id=7996 ccf_commit_seqno=159969 nstreams_done_=2000 config.nstreams=20000 avg_latency=0.9989 ms avg throuhgput (requests/sec) = 82.1591 res=false
*==== INFO ====* req_id_count= 2500 stream_id=9996 latency=0.745236 ms (tx_ts=158824455026322, rx_ts=158824455771558) request_id=199967 zil_blk_id=9996 ccf_commit_seqno=199968 nstreams_done_=2500 config.nstreams=20000 avg_latency=0.9928 ms avg throuhgput (requests/sec) = 82.3084 res=false
*==== INFO ====* req_id_count= 3000 stream_id=11996 latency=0.977498 ms (tx_ts=158830482852695, rx_ts=158830483830193) request_id=239939 zil_blk_id=11996 ccf_commit_seqno=239941 nstreams_done_=3000 config.nstreams=20000 avg_latency=0.9876 ms avg throuhgput (requests/sec) = 82.4139 res=false
*==== INFO ====* req_id_count= 3500 stream_id=13996 latency=0.872190 ms (tx_ts=158836517120970, rx_ts=158836517993160) request_id=279943 zil_blk_id=13996 ccf_commit_seqno=279948 nstreams_done_=3500 config.nstreams=20000 avg_latency=0.9930 ms avg throuhgput (requests/sec) = 82.4775 res=false
*==== INFO ====* req_id_count= 4000 stream_id=15996 latency=1.423612 ms (tx_ts=158842567676266, rx_ts=158842569099878) request_id=320156 zil_blk_id=15996 ccf_commit_seqno=320159 nstreams_done_=4000 config.nstreams=20000 avg_latency=0.9934 ms avg throuhgput (requests/sec) = 82.4965 res=false
*==== INFO ====* req_id_count= 4500 stream_id=17996 latency=0.910960 ms (tx_ts=158848649135383, rx_ts=158848650046343) request_id=360580 zil_blk_id=17996 ccf_commit_seqno=360582 nstreams_done_=4500 config.nstreams=20000 avg_latency=0.9947 ms avg throuhgput (requests/sec) = 82.4661 res=false
*==== INFO ====* req_id_count= 5000 stream_id=19996 latency=1.011061 ms (tx_ts=158854604041753, rx_ts=158854605052814) request_id=400148 zil_blk_id=19996 ccf_commit_seqno=400151 nstreams_done_=5000 config.nstreams=20000 avg_latency=0.9930 ms avg throuhgput (requests/sec) = 82.6134 res=false
*==== INFO ====* req_id_count= 5500 stream_id=21996 latency=0.861291 ms (tx_ts=158860506982741, rx_ts=158860507844032) request_id=439421 zil_blk_id=21996 ccf_commit_seqno=439423 nstreams_done_=5500 config.nstreams=20000 avg_latency=0.9923 ms avg throuhgput (requests/sec) = 82.7993 res=false
*==== INFO ====* req_id_count= 6000 stream_id=23996 latency=0.720587 ms (tx_ts=158866416948238, rx_ts=158866417668825) request_id=478700 zil_blk_id=23996 ccf_commit_seqno=478700 nstreams_done_=6000 config.nstreams=20000 avg_latency=0.9940 ms avg throuhgput (requests/sec) = 82.9469 res=false
*==== INFO ====* req_id_count= 6500 stream_id=25996 latency=0.829371 ms (tx_ts=158872332443202, rx_ts=158872333272573) request_id=518046 zil_blk_id=25996 ccf_commit_seqno=518046 nstreams_done_=6500 config.nstreams=20000 avg_latency=0.9975 ms avg throuhgput (requests/sec) = 83.0659 res=false
*==== INFO ====* req_id_count= 7000 stream_id=27996 latency=0.986755 ms (tx_ts=158878254193315, rx_ts=158878255180070) request_id=557433 zil_blk_id=27996 ccf_commit_seqno=557434 nstreams_done_=7000 config.nstreams=20000 avg_latency=1.0009 ms avg throuhgput (requests/sec) = 83.1621 res=false
*==== INFO ====* req_id_count= 7500 stream_id=29996 latency=1.176442 ms (tx_ts=158884173481240, rx_ts=158884174657682) request_id=596766 zil_blk_id=29996 ccf_commit_seqno=596771 nstreams_done_=7500 config.nstreams=20000 avg_latency=1.0004 ms avg throuhgput (requests/sec) = 83.2478 res=false
*==== INFO ====* req_id_count= 8000 stream_id=31996 latency=0.911294 ms (tx_ts=158890094661296, rx_ts=158890095572590) request_id=636262 zil_blk_id=31996 ccf_commit_seqno=636263 nstreams_done_=8000 config.nstreams=20000 avg_latency=1.0026 ms avg throuhgput (requests/sec) = 83.3217 res=false
*==== INFO ====* req_id_count= 8500 stream_id=33996 latency=0.778957 ms (tx_ts=158895998752045, rx_ts=158895999531002) request_id=675610 zil_blk_id=33996 ccf_commit_seqno=675612 nstreams_done_=8500 config.nstreams=20000 avg_latency=1.0021 ms avg throuhgput (requests/sec) = 83.4009 res=false
*==== INFO ====* req_id_count= 9000 stream_id=35996 latency=0.764775 ms (tx_ts=158901896507735, rx_ts=158901897272510) request_id=714932 zil_blk_id=35996 ccf_commit_seqno=714932 nstreams_done_=9000 config.nstreams=20000 avg_latency=1.0010 ms avg throuhgput (requests/sec) = 83.4763 res=false
*==== INFO ====* req_id_count= 9500 stream_id=37996 latency=1.091722 ms (tx_ts=158907818364708, rx_ts=158907819456430) request_id=754376 zil_blk_id=37996 ccf_commit_seqno=754377 nstreams_done_=9500 config.nstreams=20000 avg_latency=1.0016 ms avg throuhgput (requests/sec) = 83.5258 res=false
*==== INFO ====* req_id_count= 10000 stream_id=39996 latency=0.809974 ms (tx_ts=158913703934887, rx_ts=158913704744861) request_id=793647 zil_blk_id=39996 ccf_commit_seqno=793647 nstreams_done_=10000 config.nstreams=20000 avg_latency=0.9992 ms avg throuhgput (requests/sec) = 83.5963 res=false
*==== INFO ====* req_id_count= 10500 stream_id=41996 latency=1.154870 ms (tx_ts=158919626191185, rx_ts=158919627346055) request_id=833106 zil_blk_id=41996 ccf_commit_seqno=833108 nstreams_done_=10500 config.nstreams=20000 avg_latency=1.0018 ms avg throuhgput (requests/sec) = 83.6352 res=false
*==== INFO ====* req_id_count= 11000 stream_id=43996 latency=0.863649 ms (tx_ts=158925513820356, rx_ts=158925514684005) request_id=872479 zil_blk_id=43996 ccf_commit_seqno=872480 nstreams_done_=11000 config.nstreams=20000 avg_latency=1.0011 ms avg throuhgput (requests/sec) = 83.6932 res=false
*==== INFO ====* req_id_count= 11500 stream_id=45996 latency=1.025777 ms (tx_ts=158931396724514, rx_ts=158931397750291) request_id=911845 zil_blk_id=45996 ccf_commit_seqno=911847 nstreams_done_=11500 config.nstreams=20000 avg_latency=0.9994 ms avg throuhgput (requests/sec) = 83.7487 res=false
*==== INFO ====* req_id_count= 12000 stream_id=47996 latency=1.110386 ms (tx_ts=158937283643446, rx_ts=158937284753832) request_id=951191 zil_blk_id=47996 ccf_commit_seqno=951198 nstreams_done_=12000 config.nstreams=20000 avg_latency=0.9980 ms avg throuhgput (requests/sec) = 83.7974 res=false
*==== INFO ====* req_id_count= 12500 stream_id=49996 latency=0.856110 ms (tx_ts=158943172609316, rx_ts=158943173465426) request_id=990533 zil_blk_id=49996 ccf_commit_seqno=990534 nstreams_done_=12500 config.nstreams=20000 avg_latency=0.9967 ms avg throuhgput (requests/sec) = 83.8413 res=false
*==== INFO ====* req_id_count= 13000 stream_id=51996 latency=0.789957 ms (tx_ts=158949060935351, rx_ts=158949061725308) request_id=1029821 zil_blk_id=51996 ccf_commit_seqno=1029822 nstreams_done_=13000 config.nstreams=20000 avg_latency=0.9957 ms avg throuhgput (requests/sec) = 83.8820 res=false
*==== INFO ====* req_id_count= 13500 stream_id=53996 latency=0.871850 ms (tx_ts=158954977772689, rx_ts=158954978644539) request_id=1069249 zil_blk_id=53996 ccf_commit_seqno=1069249 nstreams_done_=13500 config.nstreams=20000 avg_latency=0.9969 ms avg throuhgput (requests/sec) = 83.9049 res=false
*==== INFO ====* req_id_count= 14000 stream_id=55996 latency=1.694878 ms (tx_ts=158960872257492, rx_ts=158960873952370) request_id=1108648 zil_blk_id=55996 ccf_commit_seqno=1108652 nstreams_done_=14000 config.nstreams=20000 avg_latency=0.9966 ms avg throuhgput (requests/sec) = 83.9370 res=false
*==== INFO ====* req_id_count= 14500 stream_id=57996 latency=0.784717 ms (tx_ts=158966804609301, rx_ts=158966805394018) request_id=1148267 zil_blk_id=57996 ccf_commit_seqno=1148267 nstreams_done_=14500 config.nstreams=20000 avg_latency=0.9974 ms avg throuhgput (requests/sec) = 83.9493 res=false
*==== INFO ====* req_id_count= 15000 stream_id=59996 latency=1.022739 ms (tx_ts=158972684840750, rx_ts=158972685863489) request_id=1187610 zil_blk_id=59996 ccf_commit_seqno=1187612 nstreams_done_=15000 config.nstreams=20000 avg_latency=0.9961 ms avg throuhgput (requests/sec) = 83.9848 res=false
*==== INFO ====* req_id_count= 15500 stream_id=61996 latency=1.460181 ms (tx_ts=158978574778171, rx_ts=158978576238352) request_id=1226972 zil_blk_id=61996 ccf_commit_seqno=1226973 nstreams_done_=15500 config.nstreams=20000 avg_latency=0.9957 ms avg throuhgput (requests/sec) = 84.0136 res=false
*==== INFO ====* req_id_count= 16000 stream_id=63996 latency=0.945347 ms (tx_ts=158984478497014, rx_ts=158984479442361) request_id=1266440 zil_blk_id=63996 ccf_commit_seqno=1266440 nstreams_done_=16000 config.nstreams=20000 avg_latency=0.9954 ms avg throuhgput (requests/sec) = 84.0348 res=false
*==== INFO ====* req_id_count= 16500 stream_id=65996 latency=0.798553 ms (tx_ts=158990408459473, rx_ts=158990409258026) request_id=1306098 zil_blk_id=65996 ccf_commit_seqno=1306098 nstreams_done_=16500 config.nstreams=20000 avg_latency=0.9959 ms avg throuhgput (requests/sec) = 84.0434 res=false
*==== INFO ====* req_id_count= 17000 stream_id=67996 latency=1.098273 ms (tx_ts=158996313044442, rx_ts=158996314142715) request_id=1345611 zil_blk_id=67996 ccf_commit_seqno=1345614 nstreams_done_=17000 config.nstreams=20000 avg_latency=0.9958 ms avg throuhgput (requests/sec) = 84.0619 res=false
*==== INFO ====* req_id_count= 17500 stream_id=69996 latency=0.778054 ms (tx_ts=159002199263545, rx_ts=159002200041599) request_id=1385029 zil_blk_id=69996 ccf_commit_seqno=1385029 nstreams_done_=17500 config.nstreams=20000 avg_latency=0.9957 ms avg throuhgput (requests/sec) = 84.0870 res=false
*==== INFO ====* req_id_count= 18000 stream_id=71996 latency=1.083897 ms (tx_ts=159008072610711, rx_ts=159008073694608) request_id=1424402 zil_blk_id=71996 ccf_commit_seqno=1424406 nstreams_done_=18000 config.nstreams=20000 avg_latency=0.9940 ms avg throuhgput (requests/sec) = 84.1155 res=false
*==== INFO ====* req_id_count= 18500 stream_id=73996 latency=0.741457 ms (tx_ts=159013942040081, rx_ts=159013942781538) request_id=1463819 zil_blk_id=73996 ccf_commit_seqno=1463819 nstreams_done_=18500 config.nstreams=20000 avg_latency=0.9929 ms avg throuhgput (requests/sec) = 84.1442 res=false
*==== INFO ====* req_id_count= 19000 stream_id=75996 latency=0.935599 ms (tx_ts=159019839494314, rx_ts=159019840429913) request_id=1503334 zil_blk_id=75996 ccf_commit_seqno=1503335 nstreams_done_=19000 config.nstreams=20000 avg_latency=0.9926 ms avg throuhgput (requests/sec) = 84.1608 res=false
*==== INFO ====* req_id_count= 19500 stream_id=77996 latency=0.759410 ms (tx_ts=159025728753877, rx_ts=159025729513287) request_id=1542744 zil_blk_id=77996 ccf_commit_seqno=1542744 nstreams_done_=19500 config.nstreams=20000 avg_latency=0.9925 ms avg throuhgput (requests/sec) = 84.1797 res=false
*==== INFO ====* http_end_stream ALL streams done! nstreams_done_=20000 avg_latency=0.9912 msreq_id_count= 20000
*==== INFO ====* req_id_count= 20000 stream_id=79996 latency=1.127588 ms (tx_ts=159031613926470, rx_ts=159031615054058) request_id=1576302 zil_blk_id=79996 ccf_commit_seqno=1576304 nstreams_done_=20000 config.nstreams=20000 avg_latency=0.9912 ms avg throuhgput (requests/sec) = 84.1989 res=true
