Uniform: 169068 625834 416373 710495 225573 
Exponential: -2147483648 -2147483648 -2147483648 -2147483648 -2147483648 
Truncated Normal: 403544 493680 838058 763671 297567 
*==== INFO ====* req_id_count= 500 stream_id=1996 latency=0.992616 ms (tx_ts=158800178155351, rx_ts=158800179147967) request_id=39453 zil_blk_id=1996 ccf_commit_seqno=39453 nstreams_done_=500 config.nstreams=20000 avg_latency=1.2894 ms avg throuhgput (requests/sec) = 82.4263 res=false
*==== INFO ====* req_id_count= 1000 stream_id=3996 latency=1.427549 ms (tx_ts=158806172518683, rx_ts=158806173946232) request_id=78984 zil_blk_id=3996 ccf_commit_seqno=78989 nstreams_done_=1000 config.nstreams=20000 avg_latency=1.2804 ms avg throuhgput (requests/sec) = 82.9131 res=false
*==== INFO ====* req_id_count= 1500 stream_id=5996 latency=1.325058 ms (tx_ts=158812183353502, rx_ts=158812184678560) request_id=118685 zil_blk_id=5996 ccf_commit_seqno=118685 nstreams_done_=1500 config.nstreams=20000 avg_latency=1.2751 ms avg throuhgput (requests/sec) = 83.0034 res=false
*==== INFO ====* req_id_count= 2000 stream_id=7996 latency=1.053170 ms (tx_ts=158818177339328, rx_ts=158818178392498) request_id=158323 zil_blk_id=7996 ccf_commit_seqno=158323 nstreams_done_=2000 config.nstreams=20000 avg_latency=1.2724 ms avg throuhgput (requests/sec) = 83.1073 res=false
*==== INFO ====* req_id_count= 2500 stream_id=9996 latency=1.426842 ms (tx_ts=158824183058364, rx_ts=158824184485206) request_id=198171 zil_blk_id=9996 ccf_commit_seqno=198177 nstreams_done_=2500 config.nstreams=20000 avg_latency=1.2728 ms avg throuhgput (requests/sec) = 83.1356 res=false
*==== INFO ====* req_id_count= 3000 stream_id=11996 latency=1.989969 ms (tx_ts=158830172095772, rx_ts=158830174085741) request_id=237889 zil_blk_id=11996 ccf_commit_seqno=237889 nstreams_done_=3000 config.nstreams=20000 avg_latency=1.2742 ms avg throuhgput (requests/sec) = 83.1925 res=false
*==== INFO ====* req_id_count= 3500 stream_id=13996 latency=1.096850 ms (tx_ts=158836171051113, rx_ts=158836172147963) request_id=277643 zil_blk_id=13996 ccf_commit_seqno=277645 nstreams_done_=3500 config.nstreams=20000 avg_latency=1.2732 ms avg throuhgput (requests/sec) = 83.2164 res=false
*==== INFO ====* req_id_count= 4000 stream_id=15996 latency=1.232514 ms (tx_ts=158842174759199, rx_ts=158842175991713) request_id=317538 zil_blk_id=15996 ccf_commit_seqno=317541 nstreams_done_=4000 config.nstreams=20000 avg_latency=1.2753 ms avg throuhgput (requests/sec) = 83.2243 res=false
*==== INFO ====* req_id_count= 4500 stream_id=17996 latency=1.399681 ms (tx_ts=158848165790808, rx_ts=158848167190489) request_id=357362 zil_blk_id=17996 ccf_commit_seqno=357367 nstreams_done_=4500 config.nstreams=20000 avg_latency=1.2739 ms avg throuhgput (requests/sec) = 83.2500 res=false
*==== INFO ====* req_id_count= 5000 stream_id=19996 latency=1.319507 ms (tx_ts=158854155124312, rx_ts=158854156443819) request_id=397181 zil_blk_id=19996 ccf_commit_seqno=397181 nstreams_done_=5000 config.nstreams=20000 avg_latency=1.2748 ms avg throuhgput (requests/sec) = 83.2732 res=false
*==== INFO ====* req_id_count= 5500 stream_id=21996 latency=1.234919 ms (tx_ts=158860135323562, rx_ts=158860136558481) request_id=436951 zil_blk_id=21996 ccf_commit_seqno=436952 nstreams_done_=5500 config.nstreams=20000 avg_latency=1.2731 ms avg throuhgput (requests/sec) = 83.3038 res=false
*==== INFO ====* req_id_count= 6000 stream_id=23996 latency=1.066293 ms (tx_ts=158866119255002, rx_ts=158866120321295) request_id=476716 zil_blk_id=23996 ccf_commit_seqno=476716 nstreams_done_=6000 config.nstreams=20000 avg_latency=1.2736 ms avg throuhgput (requests/sec) = 83.3250 res=false
*==== INFO ====* req_id_count= 6500 stream_id=25996 latency=1.208780 ms (tx_ts=158872114814745, rx_ts=158872116023525) request_id=516597 zil_blk_id=25996 ccf_commit_seqno=516600 nstreams_done_=6500 config.nstreams=20000 avg_latency=1.2740 ms avg throuhgput (requests/sec) = 83.3302 res=false
*==== INFO ====* req_id_count= 7000 stream_id=27996 latency=0.986722 ms (tx_ts=158878100447736, rx_ts=158878101434458) request_id=556410 zil_blk_id=27996 ccf_commit_seqno=556410 nstreams_done_=7000 config.nstreams=20000 avg_latency=1.2747 ms avg throuhgput (requests/sec) = 83.3449 res=false
*==== INFO ====* req_id_count= 7500 stream_id=29996 latency=1.532235 ms (tx_ts=158884125959791, rx_ts=158884127492026) request_id=596456 zil_blk_id=29996 ccf_commit_seqno=596459 nstreams_done_=7500 config.nstreams=20000 avg_latency=1.2774 ms avg throuhgput (requests/sec) = 83.3200 res=false
*==== INFO ====* req_id_count= 8000 stream_id=31996 latency=1.306883 ms (tx_ts=158890099375876, rx_ts=158890100682759) request_id=636302 zil_blk_id=31996 ccf_commit_seqno=636304 nstreams_done_=8000 config.nstreams=20000 avg_latency=1.2756 ms avg throuhgput (requests/sec) = 83.3441 res=false
*==== INFO ====* req_id_count= 8500 stream_id=33996 latency=1.339215 ms (tx_ts=158896095363604, rx_ts=158896096702819) request_id=676257 zil_blk_id=33996 ccf_commit_seqno=676257 nstreams_done_=8500 config.nstreams=20000 avg_latency=1.2768 ms avg throuhgput (requests/sec) = 83.3467 res=false
*==== INFO ====* req_id_count= 9000 stream_id=35996 latency=1.362377 ms (tx_ts=158902090804929, rx_ts=158902092167306) request_id=716222 zil_blk_id=35996 ccf_commit_seqno=716225 nstreams_done_=9000 config.nstreams=20000 avg_latency=1.2773 ms avg throuhgput (requests/sec) = 83.3495 res=false
*==== INFO ====* req_id_count= 9500 stream_id=37996 latency=1.421649 ms (tx_ts=158908113890850, rx_ts=158908115312499) request_id=756351 zil_blk_id=37996 ccf_commit_seqno=756352 nstreams_done_=9500 config.nstreams=20000 avg_latency=1.2789 ms avg throuhgput (requests/sec) = 83.3317 res=false
*==== INFO ====* req_id_count= 10000 stream_id=39996 latency=1.173834 ms (tx_ts=158914107400476, rx_ts=158914108574310) request_id=796326 zil_blk_id=39996 ccf_commit_seqno=796328 nstreams_done_=10000 config.nstreams=20000 avg_latency=1.2777 ms avg throuhgput (requests/sec) = 83.3365 res=false
*==== INFO ====* req_id_count= 10500 stream_id=41996 latency=1.270042 ms (tx_ts=158920080885476, rx_ts=158920082155518) request_id=836129 zil_blk_id=41996 ccf_commit_seqno=836133 nstreams_done_=10500 config.nstreams=20000 avg_latency=1.2765 ms avg throuhgput (requests/sec) = 83.3538 res=false
*==== INFO ====* req_id_count= 11000 stream_id=43996 latency=1.259906 ms (tx_ts=158926051028504, rx_ts=158926052288410) request_id=876066 zil_blk_id=43996 ccf_commit_seqno=876069 nstreams_done_=11000 config.nstreams=20000 avg_latency=1.2748 ms avg throuhgput (requests/sec) = 83.3718 res=false
*==== INFO ====* req_id_count= 11500 stream_id=45996 latency=0.946639 ms (tx_ts=158932020379163, rx_ts=158932021325802) request_id=916016 zil_blk_id=45996 ccf_commit_seqno=916016 nstreams_done_=11500 config.nstreams=20000 avg_latency=1.2723 ms avg throuhgput (requests/sec) = 83.3888 res=false
*==== INFO ====* req_id_count= 12000 stream_id=47996 latency=1.152425 ms (tx_ts=158937988106529, rx_ts=158937989258954) request_id=955899 zil_blk_id=47996 ccf_commit_seqno=955900 nstreams_done_=12000 config.nstreams=20000 avg_latency=1.2708 ms avg throuhgput (requests/sec) = 83.4051 res=false
*==== INFO ====* req_id_count= 12500 stream_id=49996 latency=1.454570 ms (tx_ts=158943956570266, rx_ts=158943958024836) request_id=995779 zil_blk_id=49996 ccf_commit_seqno=995779 nstreams_done_=12500 config.nstreams=20000 avg_latency=1.2701 ms avg throuhgput (requests/sec) = 83.4196 res=false
*==== INFO ====* req_id_count= 13000 stream_id=51996 latency=1.182358 ms (tx_ts=158949955467580, rx_ts=158949956649938) request_id=1035820 zil_blk_id=51996 ccf_commit_seqno=1035820 nstreams_done_=13000 config.nstreams=20000 avg_latency=1.2710 ms avg throuhgput (requests/sec) = 83.4170 res=false
*==== INFO ====* req_id_count= 13500 stream_id=53996 latency=1.360574 ms (tx_ts=158955972479444, rx_ts=158955973840018) request_id=1075894 zil_blk_id=53996 ccf_commit_seqno=1075894 nstreams_done_=13500 config.nstreams=20000 avg_latency=1.2727 ms avg throuhgput (requests/sec) = 83.4050 res=false
*==== INFO ====* req_id_count= 14000 stream_id=55996 latency=1.127619 ms (tx_ts=158961962933317, rx_ts=158961964060936) request_id=1115943 zil_blk_id=55996 ccf_commit_seqno=1115945 nstreams_done_=14000 config.nstreams=20000 avg_latency=1.2717 ms avg throuhgput (requests/sec) = 83.4073 res=false
*==== INFO ====* req_id_count= 14500 stream_id=57996 latency=1.400027 ms (tx_ts=158967951921046, rx_ts=158967953321073) request_id=1155921 zil_blk_id=57996 ccf_commit_seqno=1155924 nstreams_done_=14500 config.nstreams=20000 avg_latency=1.2718 ms avg throuhgput (requests/sec) = 83.4099 res=false
*==== INFO ====* req_id_count= 15000 stream_id=59996 latency=1.495820 ms (tx_ts=158973927451097, rx_ts=158973928946917) request_id=1195902 zil_blk_id=59996 ccf_commit_seqno=1195909 nstreams_done_=15000 config.nstreams=20000 avg_latency=1.2709 ms avg throuhgput (requests/sec) = 83.4187 res=false
*==== INFO ====* req_id_count= 15500 stream_id=61996 latency=1.323015 ms (tx_ts=158979910932758, rx_ts=158979912255773) request_id=1235931 zil_blk_id=61996 ccf_commit_seqno=1235932 nstreams_done_=15500 config.nstreams=20000 avg_latency=1.2709 ms avg throuhgput (requests/sec) = 83.4234 res=false
*==== INFO ====* req_id_count= 16000 stream_id=63996 latency=1.324497 ms (tx_ts=158985906094763, rx_ts=158985907419260) request_id=1275987 zil_blk_id=63996 ccf_commit_seqno=1275988 nstreams_done_=16000 config.nstreams=20000 avg_latency=1.2711 ms avg throuhgput (requests/sec) = 83.4227 res=false
*==== INFO ====* req_id_count= 16500 stream_id=65996 latency=1.254595 ms (tx_ts=158991902273012, rx_ts=158991903527607) request_id=1316117 zil_blk_id=65996 ccf_commit_seqno=1316121 nstreams_done_=16500 config.nstreams=20000 avg_latency=1.2709 ms avg throuhgput (requests/sec) = 83.4216 res=false
*==== INFO ====* req_id_count= 17000 stream_id=67996 latency=1.193762 ms (tx_ts=158997881206613, rx_ts=158997882400375) request_id=1356098 zil_blk_id=67996 ccf_commit_seqno=1356098 nstreams_done_=17000 config.nstreams=20000 avg_latency=1.2703 ms avg throuhgput (requests/sec) = 83.4277 res=false
*==== INFO ====* req_id_count= 17500 stream_id=69996 latency=1.385971 ms (tx_ts=159003838319090, rx_ts=159003839705061) request_id=1396025 zil_blk_id=69996 ccf_commit_seqno=1396030 nstreams_done_=17500 config.nstreams=20000 avg_latency=1.2693 ms avg throuhgput (requests/sec) = 83.4420 res=false
*==== INFO ====* req_id_count= 18000 stream_id=71996 latency=1.152017 ms (tx_ts=159009784941066, rx_ts=159009786093083) request_id=1435916 zil_blk_id=71996 ccf_commit_seqno=1435917 nstreams_done_=18000 config.nstreams=20000 avg_latency=1.2682 ms avg throuhgput (requests/sec) = 83.4597 res=false
*==== INFO ====* req_id_count= 18500 stream_id=73996 latency=1.333623 ms (tx_ts=159015759979705, rx_ts=159015761313328) request_id=1476003 zil_blk_id=73996 ccf_commit_seqno=1476008 nstreams_done_=18500 config.nstreams=20000 avg_latency=1.2674 ms avg throuhgput (requests/sec) = 83.4656 res=false
*==== INFO ====* req_id_count= 19000 stream_id=75996 latency=1.097011 ms (tx_ts=159021753683955, rx_ts=159021754780966) request_id=1516153 zil_blk_id=75996 ccf_commit_seqno=1516153 nstreams_done_=19000 config.nstreams=20000 avg_latency=1.2676 ms avg throuhgput (requests/sec) = 83.4645 res=false
*==== INFO ====* req_id_count= 19500 stream_id=77996 latency=1.019947 ms (tx_ts=159027726184702, rx_ts=159027727204649) request_id=1555743 zil_blk_id=77996 ccf_commit_seqno=1555743 nstreams_done_=19500 config.nstreams=20000 avg_latency=1.2671 ms avg throuhgput (requests/sec) = 83.4710 res=false
*==== INFO ====* http_end_stream ALL streams done! nstreams_done_=20000 avg_latency=1.2661 msreq_id_count= 20000
*==== INFO ====* req_id_count= 20000 stream_id=79996 latency=0.942788 ms (tx_ts=159033728322320, rx_ts=159033729265108) request_id=1583986 zil_blk_id=79996 ccf_commit_seqno=1583986 nstreams_done_=20000 config.nstreams=20000 avg_latency=1.2661 ms avg throuhgput (requests/sec) = 83.4668 res=true
