Uniform: 364267 186389 857078 373369 611592 
Exponential: -2147483648 -2147483648 -2147483648 -2147483648 -2147483648 
Truncated Normal: 586158 160839 600275 391254 988099 
*==== INFO ====* req_id_count= 500 stream_id=1996 latency=1.310771 ms (tx_ts=158800298090960, rx_ts=158800299401731) request_id=40233 zil_blk_id=1996 ccf_commit_seqno=40236 nstreams_done_=500 config.nstreams=20000 avg_latency=1.1442 ms avg throuhgput (requests/sec) = 80.6589 res=false
*==== INFO ====* req_id_count= 1000 stream_id=3996 latency=0.807921 ms (tx_ts=158806532568350, rx_ts=158806533376271) request_id=81337 zil_blk_id=3996 ccf_commit_seqno=81337 nstreams_done_=1000 config.nstreams=20000 avg_latency=1.1400 ms avg throuhgput (requests/sec) = 80.4316 res=false
*==== INFO ====* req_id_count= 1500 stream_id=5996 latency=1.418533 ms (tx_ts=158812756204265, rx_ts=158812757622798) request_id=122446 zil_blk_id=5996 ccf_commit_seqno=122449 nstreams_done_=1500 config.nstreams=20000 avg_latency=1.1390 ms avg throuhgput (requests/sec) = 80.3981 res=false
*==== INFO ====* req_id_count= 2000 stream_id=7996 latency=0.953863 ms (tx_ts=158818990114473, rx_ts=158818991068336) request_id=163705 zil_blk_id=7996 ccf_commit_seqno=163706 nstreams_done_=2000 config.nstreams=20000 avg_latency=1.1434 ms avg throuhgput (requests/sec) = 80.3516 res=false
*==== INFO ====* req_id_count= 2500 stream_id=9996 latency=1.112373 ms (tx_ts=158825199901467, rx_ts=158825201013840) request_id=204886 zil_blk_id=9996 ccf_commit_seqno=204887 nstreams_done_=2500 config.nstreams=20000 avg_latency=1.1401 ms avg throuhgput (requests/sec) = 80.3844 res=false
*==== INFO ====* req_id_count= 3000 stream_id=11996 latency=1.123205 ms (tx_ts=158831433501635, rx_ts=158831434624840) request_id=246237 zil_blk_id=11996 ccf_commit_seqno=246239 nstreams_done_=3000 config.nstreams=20000 avg_latency=1.1401 ms avg throuhgput (requests/sec) = 80.3553 res=false
*==== INFO ====* req_id_count= 3500 stream_id=13996 latency=0.849689 ms (tx_ts=158837643122049, rx_ts=158837643971738) request_id=287433 zil_blk_id=13996 ccf_commit_seqno=287433 nstreams_done_=3500 config.nstreams=20000 avg_latency=1.1406 ms avg throuhgput (requests/sec) = 80.3794 res=false
*==== INFO ====* req_id_count= 4000 stream_id=15996 latency=1.026630 ms (tx_ts=158843827539916, rx_ts=158843828566546) request_id=328524 zil_blk_id=15996 ccf_commit_seqno=328526 nstreams_done_=4000 config.nstreams=20000 avg_latency=1.1364 ms avg throuhgput (requests/sec) = 80.4374 res=false
*==== INFO ====* req_id_count= 4500 stream_id=17996 latency=0.894973 ms (tx_ts=158850011450468, rx_ts=158850012345441) request_id=369612 zil_blk_id=17996 ccf_commit_seqno=369612 nstreams_done_=4500 config.nstreams=20000 avg_latency=1.1316 ms avg throuhgput (requests/sec) = 80.4838 res=false
*==== INFO ====* req_id_count= 5000 stream_id=19996 latency=0.985002 ms (tx_ts=158856218748334, rx_ts=158856219733336) request_id=410888 zil_blk_id=19996 ccf_commit_seqno=410888 nstreams_done_=5000 config.nstreams=20000 avg_latency=1.1318 ms avg throuhgput (requests/sec) = 80.4903 res=false
*==== INFO ====* req_id_count= 5500 stream_id=21996 latency=1.074980 ms (tx_ts=158862428769137, rx_ts=158862429844117) request_id=452204 zil_blk_id=21996 ccf_commit_seqno=452205 nstreams_done_=5500 config.nstreams=20000 avg_latency=1.1325 ms avg throuhgput (requests/sec) = 80.4925 res=false
*==== INFO ====* req_id_count= 6000 stream_id=23996 latency=1.034374 ms (tx_ts=158868631707111, rx_ts=158868632741485) request_id=493424 zil_blk_id=23996 ccf_commit_seqno=493425 nstreams_done_=6000 config.nstreams=20000 avg_latency=1.1335 ms avg throuhgput (requests/sec) = 80.5020 res=false
*==== INFO ====* req_id_count= 6500 stream_id=25996 latency=1.190719 ms (tx_ts=158874849091997, rx_ts=158874850282716) request_id=534765 zil_blk_id=25996 ccf_commit_seqno=534766 nstreams_done_=6500 config.nstreams=20000 avg_latency=1.1345 ms avg throuhgput (requests/sec) = 80.4955 res=false
*==== INFO ====* req_id_count= 7000 stream_id=27996 latency=1.277839 ms (tx_ts=158881059781062, rx_ts=158881061058901) request_id=576142 zil_blk_id=27996 ccf_commit_seqno=576145 nstreams_done_=7000 config.nstreams=20000 avg_latency=1.1353 ms avg throuhgput (requests/sec) = 80.4962 res=false
*==== INFO ====* req_id_count= 7500 stream_id=29996 latency=1.118652 ms (tx_ts=158887274941978, rx_ts=158887276060630) request_id=617455 zil_blk_id=29996 ccf_commit_seqno=617458 nstreams_done_=7500 config.nstreams=20000 avg_latency=1.1364 ms avg throuhgput (requests/sec) = 80.4932 res=false
*==== INFO ====* req_id_count= 8000 stream_id=31996 latency=1.088532 ms (tx_ts=158893474351825, rx_ts=158893475440357) request_id=658806 zil_blk_id=31996 ccf_commit_seqno=658808 nstreams_done_=8000 config.nstreams=20000 avg_latency=1.1362 ms avg throuhgput (requests/sec) = 80.5032 res=false
*==== INFO ====* req_id_count= 8500 stream_id=33996 latency=0.956428 ms (tx_ts=158899693843455, rx_ts=158899694799883) request_id=700235 zil_blk_id=33996 ccf_commit_seqno=700236 nstreams_done_=8500 config.nstreams=20000 avg_latency=1.1366 ms avg throuhgput (requests/sec) = 80.4967 res=false
*==== INFO ====* req_id_count= 9000 stream_id=35996 latency=2.433240 ms (tx_ts=158905911153568, rx_ts=158905913586808) request_id=741683 zil_blk_id=35996 ccf_commit_seqno=741685 nstreams_done_=9000 config.nstreams=20000 avg_latency=1.1375 ms avg throuhgput (requests/sec) = 80.4914 res=false
*==== INFO ====* req_id_count= 9500 stream_id=37996 latency=1.320249 ms (tx_ts=158912135876512, rx_ts=158912137196761) request_id=783197 zil_blk_id=37996 ccf_commit_seqno=783202 nstreams_done_=9500 config.nstreams=20000 avg_latency=1.1374 ms avg throuhgput (requests/sec) = 80.4834 res=false
*==== INFO ====* req_id_count= 10000 stream_id=39996 latency=1.169319 ms (tx_ts=158918337891796, rx_ts=158918339061115) request_id=824531 zil_blk_id=39996 ccf_commit_seqno=824535 nstreams_done_=10000 config.nstreams=20000 avg_latency=1.1373 ms avg throuhgput (requests/sec) = 80.4903 res=false
*==== INFO ====* req_id_count= 10500 stream_id=41996 latency=0.888359 ms (tx_ts=158924529632617, rx_ts=158924530520976) request_id=865881 zil_blk_id=41996 ccf_commit_seqno=865881 nstreams_done_=10500 config.nstreams=20000 avg_latency=1.1365 ms avg throuhgput (requests/sec) = 80.5029 res=false
*==== INFO ====* req_id_count= 11000 stream_id=43996 latency=1.254074 ms (tx_ts=158930699486410, rx_ts=158930700740484) request_id=907176 zil_blk_id=43996 ccf_commit_seqno=907179 nstreams_done_=11000 config.nstreams=20000 avg_latency=1.1340 ms avg throuhgput (requests/sec) = 80.5269 res=false
*==== INFO ====* req_id_count= 11500 stream_id=45996 latency=1.123722 ms (tx_ts=158936874812485, rx_ts=158936875936207) request_id=948471 zil_blk_id=45996 ccf_commit_seqno=948472 nstreams_done_=11500 config.nstreams=20000 avg_latency=1.1329 ms avg throuhgput (requests/sec) = 80.5460 res=false
*==== INFO ====* req_id_count= 12000 stream_id=47996 latency=1.120184 ms (tx_ts=158943055582898, rx_ts=158943056703082) request_id=989759 zil_blk_id=47996 ccf_commit_seqno=989760 nstreams_done_=12000 config.nstreams=20000 avg_latency=1.1317 ms avg throuhgput (requests/sec) = 80.5606 res=false
*==== INFO ====* req_id_count= 12500 stream_id=49996 latency=0.805967 ms (tx_ts=158949262135827, rx_ts=158949262941794) request_id=1031172 zil_blk_id=49996 ccf_commit_seqno=1031172 nstreams_done_=12500 config.nstreams=20000 avg_latency=1.1317 ms avg throuhgput (requests/sec) = 80.5607 res=false
*==== INFO ====* req_id_count= 13000 stream_id=51996 latency=0.994349 ms (tx_ts=158955495682714, rx_ts=158955496677063) request_id=1072706 zil_blk_id=51996 ccf_commit_seqno=1072706 nstreams_done_=13000 config.nstreams=20000 avg_latency=1.1329 ms avg throuhgput (requests/sec) = 80.5471 res=false
*==== INFO ====* req_id_count= 13500 stream_id=53996 latency=0.980493 ms (tx_ts=158961689319771, rx_ts=158961690300264) request_id=1114111 zil_blk_id=53996 ccf_commit_seqno=1114114 nstreams_done_=13500 config.nstreams=20000 avg_latency=1.1323 ms avg throuhgput (requests/sec) = 80.5538 res=false
*==== INFO ====* req_id_count= 14000 stream_id=55996 latency=1.278730 ms (tx_ts=158967910326908, rx_ts=158967911605638) request_id=1155657 zil_blk_id=55996 ccf_commit_seqno=1155661 nstreams_done_=14000 config.nstreams=20000 avg_latency=1.1331 ms avg throuhgput (requests/sec) = 80.5472 res=false
*==== INFO ====* req_id_count= 14500 stream_id=57996 latency=1.236692 ms (tx_ts=158974116476205, rx_ts=158974117712897) request_id=1197171 zil_blk_id=57996 ccf_commit_seqno=1197176 nstreams_done_=14500 config.nstreams=20000 avg_latency=1.1329 ms avg throuhgput (requests/sec) = 80.5478 res=false
*==== INFO ====* req_id_count= 15000 stream_id=59996 latency=0.924799 ms (tx_ts=158980313664521, rx_ts=158980314589320) request_id=1238630 zil_blk_id=59996 ccf_commit_seqno=1238630 nstreams_done_=15000 config.nstreams=20000 avg_latency=1.1321 ms avg throuhgput (requests/sec) = 80.5524 res=false
*==== INFO ====* req_id_count= 15500 stream_id=61996 latency=1.293478 ms (tx_ts=158986525478548, rx_ts=158986526772026) request_id=1280129 zil_blk_id=61996 ccf_commit_seqno=1280132 nstreams_done_=15500 config.nstreams=20000 avg_latency=1.1323 ms avg throuhgput (requests/sec) = 80.5503 res=false
*==== INFO ====* req_id_count= 16000 stream_id=63996 latency=0.908038 ms (tx_ts=158992718502769, rx_ts=158992719410807) request_id=1321564 zil_blk_id=63996 ccf_commit_seqno=1321564 nstreams_done_=16000 config.nstreams=20000 avg_latency=1.1312 ms avg throuhgput (requests/sec) = 80.5563 res=false
*==== INFO ====* req_id_count= 16500 stream_id=65996 latency=1.892509 ms (tx_ts=158998921204441, rx_ts=158998923096950) request_id=1363061 zil_blk_id=65996 ccf_commit_seqno=1363063 nstreams_done_=16500 config.nstreams=20000 avg_latency=1.1312 ms avg throuhgput (requests/sec) = 80.5575 res=false
*==== INFO ====* req_id_count= 17000 stream_id=67996 latency=1.021671 ms (tx_ts=159005092708581, rx_ts=159005093730252) request_id=1404401 zil_blk_id=67996 ccf_commit_seqno=1404402 nstreams_done_=17000 config.nstreams=20000 avg_latency=1.1302 ms avg throuhgput (requests/sec) = 80.5713 res=false
*==== INFO ====* req_id_count= 17500 stream_id=69996 latency=0.831294 ms (tx_ts=159011266527275, rx_ts=159011267358569) request_id=1445880 zil_blk_id=69996 ccf_commit_seqno=1445880 nstreams_done_=17500 config.nstreams=20000 avg_latency=1.1296 ms avg throuhgput (requests/sec) = 80.5832 res=false
*==== INFO ====* req_id_count= 18000 stream_id=71996 latency=1.478510 ms (tx_ts=159017459536266, rx_ts=159017461014776) request_id=1487413 zil_blk_id=71996 ccf_commit_seqno=1487417 nstreams_done_=18000 config.nstreams=20000 avg_latency=1.1291 ms avg throuhgput (requests/sec) = 80.5872 res=false
*==== INFO ====* req_id_count= 18500 stream_id=73996 latency=0.822899 ms (tx_ts=159023654856597, rx_ts=159023655679496) request_id=1528872 zil_blk_id=73996 ccf_commit_seqno=1528872 nstreams_done_=18500 config.nstreams=20000 avg_latency=1.1290 ms avg throuhgput (requests/sec) = 80.5906 res=false
*==== INFO ====* req_id_count= 19000 stream_id=75996 latency=1.302184 ms (tx_ts=159029849343654, rx_ts=159029850645838) request_id=1567883 zil_blk_id=75996 ccf_commit_seqno=1567885 nstreams_done_=19000 config.nstreams=20000 avg_latency=1.1289 ms avg throuhgput (requests/sec) = 80.5938 res=false
*==== INFO ====* req_id_count= 19500 stream_id=77996 latency=0.792481 ms (tx_ts=159036013919272, rx_ts=159036014711753) request_id=1589655 zil_blk_id=77996 ccf_commit_seqno=1589655 nstreams_done_=19500 config.nstreams=20000 avg_latency=1.1265 ms avg throuhgput (requests/sec) = 80.6071 res=false
*==== INFO ====* http_end_stream ALL streams done! nstreams_done_=20000 avg_latency=1.1220 msreq_id_count= 20000
*==== INFO ====* req_id_count= 20000 stream_id=79996 latency=0.899832 ms (tx_ts=159042150712059, rx_ts=159042151611891) request_id=1598407 zil_blk_id=79996 ccf_commit_seqno=1598407 nstreams_done_=20000 config.nstreams=20000 avg_latency=1.1220 ms avg throuhgput (requests/sec) = 80.6285 res=true
