Uniform: 924458 485921 514150 586647 439047 
Exponential: -2147483648 -2147483648 -2147483648 -2147483648 -2147483648 
Truncated Normal: 319614 739206 435216 6948 489235 
*==== INFO ====* req_id_count= 500 stream_id=1996 latency=0.968872 ms (tx_ts=158800230769467, rx_ts=158800231738339) request_id=39801 zil_blk_id=1996 ccf_commit_seqno=39802 nstreams_done_=500 config.nstreams=20000 avg_latency=1.0585 ms avg throuhgput (requests/sec) = 81.4441 res=false
*==== INFO ====* req_id_count= 1000 stream_id=3996 latency=1.167172 ms (tx_ts=158806406368325, rx_ts=158806407535497) request_id=80512 zil_blk_id=3996 ccf_commit_seqno=80514 nstreams_done_=1000 config.nstreams=20000 avg_latency=1.0694 ms avg throuhgput (requests/sec) = 81.2019 res=false
*==== INFO ====* req_id_count= 1500 stream_id=5996 latency=0.839425 ms (tx_ts=158812506500518, rx_ts=158812507339943) request_id=120804 zil_blk_id=5996 ccf_commit_seqno=120804 nstreams_done_=1500 config.nstreams=20000 avg_latency=1.0740 ms avg throuhgput (requests/sec) = 81.4563 res=false
*==== INFO ====* req_id_count= 2000 stream_id=7996 latency=0.989881 ms (tx_ts=158818477493768, rx_ts=158818478483649) request_id=160314 zil_blk_id=7996 ccf_commit_seqno=160314 nstreams_done_=2000 config.nstreams=20000 avg_latency=1.0765 ms avg throuhgput (requests/sec) = 82.0145 res=false
*==== INFO ====* req_id_count= 2500 stream_id=9996 latency=1.071236 ms (tx_ts=158824418829563, rx_ts=158824419900799) request_id=199730 zil_blk_id=9996 ccf_commit_seqno=199731 nstreams_done_=2500 config.nstreams=20000 avg_latency=1.0679 ms avg throuhgput (requests/sec) = 82.4339 res=false
*==== INFO ====* req_id_count= 3000 stream_id=11996 latency=1.312435 ms (tx_ts=158830396716877, rx_ts=158830398029312) request_id=239372 zil_blk_id=11996 ccf_commit_seqno=239373 nstreams_done_=3000 config.nstreams=20000 avg_latency=1.0719 ms avg throuhgput (requests/sec) = 82.6322 res=false
*==== INFO ====* req_id_count= 3500 stream_id=13996 latency=1.158957 ms (tx_ts=158836348999468, rx_ts=158836350158425) request_id=278833 zil_blk_id=13996 ccf_commit_seqno=278834 nstreams_done_=3500 config.nstreams=20000 avg_latency=1.0696 ms avg throuhgput (requests/sec) = 82.8253 res=false
*==== INFO ====* req_id_count= 4000 stream_id=15996 latency=0.751455 ms (tx_ts=158842309338377, rx_ts=158842310089832) request_id=318434 zil_blk_id=15996 ccf_commit_seqno=318434 nstreams_done_=4000 config.nstreams=20000 avg_latency=1.0693 ms avg throuhgput (requests/sec) = 82.9574 res=false
*==== INFO ====* req_id_count= 4500 stream_id=17996 latency=0.898907 ms (tx_ts=158848242298296, rx_ts=158848243197203) request_id=357878 zil_blk_id=17996 ccf_commit_seqno=357878 nstreams_done_=4500 config.nstreams=20000 avg_latency=1.0671 ms avg throuhgput (requests/sec) = 83.1015 res=false
*==== INFO ====* req_id_count= 5000 stream_id=19996 latency=0.972335 ms (tx_ts=158854209025465, rx_ts=158854209997800) request_id=397531 zil_blk_id=19996 ccf_commit_seqno=397533 nstreams_done_=5000 config.nstreams=20000 avg_latency=1.0655 ms avg throuhgput (requests/sec) = 83.1705 res=false
*==== INFO ====* req_id_count= 5500 stream_id=21996 latency=0.756785 ms (tx_ts=158860162748757, rx_ts=158860163505542) request_id=437133 zil_blk_id=21996 ccf_commit_seqno=437133 nstreams_done_=5500 config.nstreams=20000 avg_latency=1.0646 ms avg throuhgput (requests/sec) = 83.2438 res=false
*==== INFO ====* req_id_count= 6000 stream_id=23996 latency=1.075140 ms (tx_ts=158866138392329, rx_ts=158866139467469) request_id=476842 zil_blk_id=23996 ccf_commit_seqno=476842 nstreams_done_=6000 config.nstreams=20000 avg_latency=1.0694 ms avg throuhgput (requests/sec) = 83.2791 res=false
*==== INFO ====* req_id_count= 6500 stream_id=25996 latency=1.001412 ms (tx_ts=158872103358150, rx_ts=158872104359562) request_id=516520 zil_blk_id=25996 ccf_commit_seqno=516523 nstreams_done_=6500 config.nstreams=20000 avg_latency=1.0697 ms avg throuhgput (requests/sec) = 83.3207 res=false
*==== INFO ====* req_id_count= 7000 stream_id=27996 latency=1.297867 ms (tx_ts=158878087649438, rx_ts=158878088947305) request_id=556326 zil_blk_id=27996 ccf_commit_seqno=556329 nstreams_done_=7000 config.nstreams=20000 avg_latency=1.0735 ms avg throuhgput (requests/sec) = 83.3369 res=false
*==== INFO ====* req_id_count= 7500 stream_id=29996 latency=0.801709 ms (tx_ts=158884072222522, rx_ts=158884073024231) request_id=596087 zil_blk_id=29996 ccf_commit_seqno=596087 nstreams_done_=7500 config.nstreams=20000 avg_latency=1.0752 ms avg throuhgput (requests/sec) = 83.3514 res=false
*==== INFO ====* req_id_count= 8000 stream_id=31996 latency=1.087710 ms (tx_ts=158890014542993, rx_ts=158890015630703) request_id=635728 zil_blk_id=31996 ccf_commit_seqno=635730 nstreams_done_=8000 config.nstreams=20000 avg_latency=1.0736 ms avg throuhgput (requests/sec) = 83.4002 res=false
*==== INFO ====* req_id_count= 8500 stream_id=33996 latency=1.008296 ms (tx_ts=158895939428401, rx_ts=158895940436697) request_id=675206 zil_blk_id=33996 ccf_commit_seqno=675208 nstreams_done_=8500 config.nstreams=20000 avg_latency=1.0718 ms avg throuhgput (requests/sec) = 83.4578 res=false
*==== INFO ====* req_id_count= 9000 stream_id=35996 latency=1.097833 ms (tx_ts=158901889140806, rx_ts=158901890238639) request_id=714879 zil_blk_id=35996 ccf_commit_seqno=714882 nstreams_done_=9000 config.nstreams=20000 avg_latency=1.0712 ms avg throuhgput (requests/sec) = 83.4897 res=false
*==== INFO ====* req_id_count= 9500 stream_id=37996 latency=1.079619 ms (tx_ts=158907856947292, rx_ts=158907858026911) request_id=754628 zil_blk_id=37996 ccf_commit_seqno=754628 nstreams_done_=9500 config.nstreams=20000 avg_latency=1.0715 ms avg throuhgput (requests/sec) = 83.5051 res=false
*==== INFO ====* req_id_count= 10000 stream_id=39996 latency=0.805646 ms (tx_ts=158913805504263, rx_ts=158913806309909) request_id=794324 zil_blk_id=39996 ccf_commit_seqno=794324 nstreams_done_=10000 config.nstreams=20000 avg_latency=1.0707 ms avg throuhgput (requests/sec) = 83.5326 res=false
*==== INFO ====* req_id_count= 10500 stream_id=41996 latency=0.828748 ms (tx_ts=158919761526551, rx_ts=158919762355299) request_id=834007 zil_blk_id=41996 ccf_commit_seqno=834007 nstreams_done_=10500 config.nstreams=20000 avg_latency=1.0712 ms avg throuhgput (requests/sec) = 83.5523 res=false
*==== INFO ====* req_id_count= 11000 stream_id=43996 latency=1.288499 ms (tx_ts=158925691546036, rx_ts=158925692834535) request_id=873655 zil_blk_id=43996 ccf_commit_seqno=873656 nstreams_done_=11000 config.nstreams=20000 avg_latency=1.0704 ms avg throuhgput (requests/sec) = 83.5864 res=false
*==== INFO ====* req_id_count= 11500 stream_id=45996 latency=0.820633 ms (tx_ts=158931627354220, rx_ts=158931628174853) request_id=913387 zil_blk_id=45996 ccf_commit_seqno=913388 nstreams_done_=11500 config.nstreams=20000 avg_latency=1.0694 ms avg throuhgput (requests/sec) = 83.6147 res=false
*==== INFO ====* req_id_count= 12000 stream_id=47996 latency=1.262467 ms (tx_ts=158937565105603, rx_ts=158937566368070) request_id=953070 zil_blk_id=47996 ccf_commit_seqno=953071 nstreams_done_=12000 config.nstreams=20000 avg_latency=1.0679 ms avg throuhgput (requests/sec) = 83.6390 res=false
*==== INFO ====* req_id_count= 12500 stream_id=49996 latency=0.750122 ms (tx_ts=158943500949954, rx_ts=158943501700076) request_id=992746 zil_blk_id=49996 ccf_commit_seqno=992746 nstreams_done_=12500 config.nstreams=20000 avg_latency=1.0671 ms avg throuhgput (requests/sec) = 83.6629 res=false
*==== INFO ====* req_id_count= 13000 stream_id=51996 latency=1.041237 ms (tx_ts=158949476322924, rx_ts=158949477364161) request_id=1032613 zil_blk_id=51996 ccf_commit_seqno=1032615 nstreams_done_=13000 config.nstreams=20000 avg_latency=1.0680 ms avg throuhgput (requests/sec) = 83.6633 res=false
*==== INFO ====* req_id_count= 13500 stream_id=53996 latency=1.097432 ms (tx_ts=158955460212297, rx_ts=158955461309729) request_id=1072468 zil_blk_id=53996 ccf_commit_seqno=1072471 nstreams_done_=13500 config.nstreams=20000 avg_latency=1.0706 ms avg throuhgput (requests/sec) = 83.6593 res=false
*==== INFO ====* req_id_count= 14000 stream_id=55996 latency=0.836451 ms (tx_ts=158961409295966, rx_ts=158961410132417) request_id=1112235 zil_blk_id=55996 ccf_commit_seqno=1112235 nstreams_done_=14000 config.nstreams=20000 avg_latency=1.0703 ms avg throuhgput (requests/sec) = 83.6732 res=false
*==== INFO ====* req_id_count= 14500 stream_id=57996 latency=1.194390 ms (tx_ts=158967365838326, rx_ts=158967367032716) request_id=1152025 zil_blk_id=57996 ccf_commit_seqno=1152030 nstreams_done_=14500 config.nstreams=20000 avg_latency=1.0695 ms avg throuhgput (requests/sec) = 83.6823 res=false
*==== INFO ====* req_id_count= 15000 stream_id=59996 latency=1.036681 ms (tx_ts=158973302251044, rx_ts=158973303287725) request_id=1191724 zil_blk_id=59996 ccf_commit_seqno=1191725 nstreams_done_=15000 config.nstreams=20000 avg_latency=1.0691 ms avg throuhgput (requests/sec) = 83.7003 res=false
*==== INFO ====* req_id_count= 15500 stream_id=61996 latency=1.024096 ms (tx_ts=158979250184774, rx_ts=158979251208870) request_id=1231504 zil_blk_id=61996 ccf_commit_seqno=1231507 nstreams_done_=15500 config.nstreams=20000 avg_latency=1.0692 ms avg throuhgput (requests/sec) = 83.7120 res=false
*==== INFO ====* req_id_count= 16000 stream_id=63996 latency=1.191287 ms (tx_ts=158985215502699, rx_ts=158985216693986) request_id=1271362 zil_blk_id=63996 ccf_commit_seqno=1271365 nstreams_done_=16000 config.nstreams=20000 avg_latency=1.0695 ms avg throuhgput (requests/sec) = 83.7152 res=false
*==== INFO ====* req_id_count= 16500 stream_id=65996 latency=1.160636 ms (tx_ts=158991166537087, rx_ts=158991167697723) request_id=1311177 zil_blk_id=65996 ccf_commit_seqno=1311181 nstreams_done_=16500 config.nstreams=20000 avg_latency=1.0691 ms avg throuhgput (requests/sec) = 83.7244 res=false
*==== INFO ====* req_id_count= 17000 stream_id=67996 latency=0.948984 ms (tx_ts=158997123242025, rx_ts=158997124191009) request_id=1351019 zil_blk_id=67996 ccf_commit_seqno=1351020 nstreams_done_=17000 config.nstreams=20000 avg_latency=1.0692 ms avg throuhgput (requests/sec) = 83.7308 res=false
*==== INFO ====* req_id_count= 17500 stream_id=69996 latency=0.768067 ms (tx_ts=159003054381906, rx_ts=159003055149973) request_id=1390773 zil_blk_id=69996 ccf_commit_seqno=1390773 nstreams_done_=17500 config.nstreams=20000 avg_latency=1.0690 ms avg throuhgput (requests/sec) = 83.7470 res=false
*==== INFO ====* req_id_count= 18000 stream_id=71996 latency=1.141013 ms (tx_ts=159008981245183, rx_ts=159008982386196) request_id=1430522 zil_blk_id=71996 ccf_commit_seqno=1430524 nstreams_done_=18000 config.nstreams=20000 avg_latency=1.0674 ms avg throuhgput (requests/sec) = 83.7639 res=false
*==== INFO ====* req_id_count= 18500 stream_id=73996 latency=0.942091 ms (tx_ts=159014914612368, rx_ts=159014915554459) request_id=1470331 zil_blk_id=73996 ccf_commit_seqno=1470331 nstreams_done_=18500 config.nstreams=20000 avg_latency=1.0673 ms avg throuhgput (requests/sec) = 83.7775 res=false
*==== INFO ====* req_id_count= 19000 stream_id=75996 latency=4.065338 ms (tx_ts=159020854551132, rx_ts=159020858616470) request_id=1510127 zil_blk_id=75996 ccf_commit_seqno=1510129 nstreams_done_=19000 config.nstreams=20000 avg_latency=1.0668 ms avg throuhgput (requests/sec) = 83.7868 res=false
*==== INFO ====* req_id_count= 19500 stream_id=77996 latency=1.168003 ms (tx_ts=159026797851756, rx_ts=159026799019759) request_id=1549840 zil_blk_id=77996 ccf_commit_seqno=1549844 nstreams_done_=19500 config.nstreams=20000 avg_latency=1.0665 ms avg throuhgput (requests/sec) = 83.7966 res=false
*==== INFO ====* http_end_stream ALL streams done! nstreams_done_=20000 avg_latency=1.0646 msreq_id_count= 20000
*==== INFO ====* req_id_count= 20000 stream_id=79996 latency=0.896386 ms (tx_ts=159032725715660, rx_ts=159032726612046) request_id=1580566 zil_blk_id=79996 ccf_commit_seqno=1580567 nstreams_done_=20000 config.nstreams=20000 avg_latency=1.0646 ms avg throuhgput (requests/sec) = 83.8103 res=true
