Uniform: 371795 352717 28982 42644 348963 
Exponential: -2147483648 -2147483648 -2147483648 -2147483648 -2147483648 
Truncated Normal: 451767 804588 338931 258547 499534 
*==== INFO ====* req_id_count= 500 stream_id=1996 latency=1.064510 ms (tx_ts=158800259239175, rx_ts=158800260303685) request_id=39985 zil_blk_id=1996 ccf_commit_seqno=39987 nstreams_done_=500 config.nstreams=20000 avg_latency=1.1454 ms avg throuhgput (requests/sec) = 81.1797 res=false
*==== INFO ====* req_id_count= 1000 stream_id=3996 latency=0.900414 ms (tx_ts=158806384145903, rx_ts=158806385046317) request_id=80368 zil_blk_id=3996 ccf_commit_seqno=80368 nstreams_done_=1000 config.nstreams=20000 avg_latency=1.1494 ms avg throuhgput (requests/sec) = 81.4073 res=false
*==== INFO ====* req_id_count= 1500 stream_id=5996 latency=1.217187 ms (tx_ts=158812377124862, rx_ts=158812378342049) request_id=119953 zil_blk_id=5996 ccf_commit_seqno=119955 nstreams_done_=1500 config.nstreams=20000 avg_latency=1.1444 ms avg throuhgput (requests/sec) = 82.0694 res=false
*==== INFO ====* req_id_count= 2000 stream_id=7996 latency=0.901606 ms (tx_ts=158818382732231, rx_ts=158818383633837) request_id=159683 zil_blk_id=7996 ccf_commit_seqno=159683 nstreams_done_=2000 config.nstreams=20000 avg_latency=1.1406 ms avg throuhgput (requests/sec) = 82.3638 res=false
*==== INFO ====* req_id_count= 2500 stream_id=9996 latency=0.875175 ms (tx_ts=158824390551095, rx_ts=158824391426270) request_id=199540 zil_blk_id=9996 ccf_commit_seqno=199542 nstreams_done_=2500 config.nstreams=20000 avg_latency=1.1367 ms avg throuhgput (requests/sec) = 82.5347 res=false
*==== INFO ====* req_id_count= 3000 stream_id=11996 latency=1.250608 ms (tx_ts=158830418992171, rx_ts=158830420242779) request_id=239514 zil_blk_id=11996 ccf_commit_seqno=239516 nstreams_done_=3000 config.nstreams=20000 avg_latency=1.1400 ms avg throuhgput (requests/sec) = 82.6011 res=false
*==== INFO ====* req_id_count= 3500 stream_id=13996 latency=0.874945 ms (tx_ts=158836436324972, rx_ts=158836437199917) request_id=279413 zil_blk_id=13996 ccf_commit_seqno=279414 nstreams_done_=3500 config.nstreams=20000 avg_latency=1.1383 ms avg throuhgput (requests/sec) = 82.6718 res=false
*==== INFO ====* req_id_count= 4000 stream_id=15996 latency=0.980784 ms (tx_ts=158842415511964, rx_ts=158842416492748) request_id=319139 zil_blk_id=15996 ccf_commit_seqno=319140 nstreams_done_=4000 config.nstreams=20000 avg_latency=1.1363 ms avg throuhgput (requests/sec) = 82.7894 res=false
*==== INFO ====* req_id_count= 4500 stream_id=17996 latency=0.781208 ms (tx_ts=158848405324695, rx_ts=158848406105903) request_id=358957 zil_blk_id=17996 ccf_commit_seqno=358957 nstreams_done_=4500 config.nstreams=20000 avg_latency=1.1353 ms avg throuhgput (requests/sec) = 82.8653 res=false
*==== INFO ====* req_id_count= 5000 stream_id=19996 latency=0.996200 ms (tx_ts=158854428799183, rx_ts=158854429795383) request_id=398988 zil_blk_id=19996 ccf_commit_seqno=398988 nstreams_done_=5000 config.nstreams=20000 avg_latency=1.1365 ms avg throuhgput (requests/sec) = 82.8793 res=false
*==== INFO ====* req_id_count= 5500 stream_id=21996 latency=1.138739 ms (tx_ts=158860453104710, rx_ts=158860454243449) request_id=439065 zil_blk_id=21996 ccf_commit_seqno=439066 nstreams_done_=5500 config.nstreams=20000 avg_latency=1.1381 ms avg throuhgput (requests/sec) = 82.8899 res=false
*==== INFO ====* req_id_count= 6000 stream_id=23996 latency=1.230210 ms (tx_ts=158866446330746, rx_ts=158866447560956) request_id=478895 zil_blk_id=23996 ccf_commit_seqno=478898 nstreams_done_=6000 config.nstreams=20000 avg_latency=1.1381 ms avg throuhgput (requests/sec) = 82.9343 res=false
*==== INFO ====* req_id_count= 6500 stream_id=25996 latency=1.183613 ms (tx_ts=158872438996470, rx_ts=158872440180083) request_id=518756 zil_blk_id=25996 ccf_commit_seqno=518758 nstreams_done_=6500 config.nstreams=20000 avg_latency=1.1376 ms avg throuhgput (requests/sec) = 82.9727 res=false
*==== INFO ====* req_id_count= 7000 stream_id=27996 latency=1.105798 ms (tx_ts=158878460028558, rx_ts=158878461134356) request_id=558809 zil_blk_id=27996 ccf_commit_seqno=558811 nstreams_done_=7000 config.nstreams=20000 avg_latency=1.1389 ms avg throuhgput (requests/sec) = 82.9777 res=false
*==== INFO ====* req_id_count= 7500 stream_id=29996 latency=1.139964 ms (tx_ts=158884479480645, rx_ts=158884480620609) request_id=598798 zil_blk_id=29996 ccf_commit_seqno=598801 nstreams_done_=7500 config.nstreams=20000 avg_latency=1.1422 ms avg throuhgput (requests/sec) = 82.9834 res=false
*==== INFO ====* req_id_count= 8000 stream_id=31996 latency=3.754480 ms (tx_ts=158890464360903, rx_ts=158890468115383) request_id=638738 zil_blk_id=31996 ccf_commit_seqno=638739 nstreams_done_=8000 config.nstreams=20000 avg_latency=1.1398 ms avg throuhgput (requests/sec) = 83.0160 res=false
*==== INFO ====* req_id_count= 8500 stream_id=33996 latency=1.219572 ms (tx_ts=158896444966109, rx_ts=158896446185681) request_id=678580 zil_blk_id=33996 ccf_commit_seqno=678583 nstreams_done_=8500 config.nstreams=20000 avg_latency=1.1377 ms avg throuhgput (requests/sec) = 83.0524 res=false
*==== INFO ====* req_id_count= 9000 stream_id=35996 latency=1.251880 ms (tx_ts=158902434164378, rx_ts=158902435416258) request_id=718508 zil_blk_id=35996 ccf_commit_seqno=718511 nstreams_done_=9000 config.nstreams=20000 avg_latency=1.1366 ms avg throuhgput (requests/sec) = 83.0762 res=false
*==== INFO ====* req_id_count= 9500 stream_id=37996 latency=1.179105 ms (tx_ts=158908426624734, rx_ts=158908427803839) request_id=758443 zil_blk_id=37996 ccf_commit_seqno=758447 nstreams_done_=9500 config.nstreams=20000 avg_latency=1.1371 ms avg throuhgput (requests/sec) = 83.0952 res=false
*==== INFO ====* req_id_count= 10000 stream_id=39996 latency=1.108843 ms (tx_ts=158914404251380, rx_ts=158914405360223) request_id=798293 zil_blk_id=39996 ccf_commit_seqno=798293 nstreams_done_=10000 config.nstreams=20000 avg_latency=1.1388 ms avg throuhgput (requests/sec) = 83.1226 res=false
*==== INFO ====* req_id_count= 10500 stream_id=41996 latency=1.405546 ms (tx_ts=158920365870216, rx_ts=158920367275762) request_id=838037 zil_blk_id=41996 ccf_commit_seqno=838041 nstreams_done_=10500 config.nstreams=20000 avg_latency=1.1396 ms avg throuhgput (requests/sec) = 83.1577 res=false
*==== INFO ====* req_id_count= 11000 stream_id=43996 latency=0.894322 ms (tx_ts=158926281324463, rx_ts=158926282218785) request_id=877603 zil_blk_id=43996 ccf_commit_seqno=877603 nstreams_done_=11000 config.nstreams=20000 avg_latency=1.1372 ms avg throuhgput (requests/sec) = 83.2192 res=false
*==== INFO ====* req_id_count= 11500 stream_id=45996 latency=0.917755 ms (tx_ts=158932201300539, rx_ts=158932202218294) request_id=917229 zil_blk_id=45996 ccf_commit_seqno=917230 nstreams_done_=11500 config.nstreams=20000 avg_latency=1.1365 ms avg throuhgput (requests/sec) = 83.2723 res=false
*==== INFO ====* req_id_count= 12000 stream_id=47996 latency=1.189975 ms (tx_ts=158938141835013, rx_ts=158938143024988) request_id=956937 zil_blk_id=47996 ccf_commit_seqno=956937 nstreams_done_=12000 config.nstreams=20000 avg_latency=1.1357 ms avg throuhgput (requests/sec) = 83.3091 res=false
*==== INFO ====* req_id_count= 12500 stream_id=49996 latency=1.244135 ms (tx_ts=158944117388004, rx_ts=158944118632139) request_id=996851 zil_blk_id=49996 ccf_commit_seqno=996853 nstreams_done_=12500 config.nstreams=20000 avg_latency=1.1377 ms avg throuhgput (requests/sec) = 83.3236 res=false
*==== INFO ====* req_id_count= 13000 stream_id=51996 latency=1.047833 ms (tx_ts=158950085795533, rx_ts=158950086843366) request_id=1036685 zil_blk_id=51996 ccf_commit_seqno=1036686 nstreams_done_=13000 config.nstreams=20000 avg_latency=1.1382 ms avg throuhgput (requests/sec) = 83.3410 res=false
*==== INFO ====* req_id_count= 13500 stream_id=53996 latency=0.806480 ms (tx_ts=158956061880789, rx_ts=158956062687269) request_id=1076491 zil_blk_id=53996 ccf_commit_seqno=1076491 nstreams_done_=13500 config.nstreams=20000 avg_latency=1.1400 ms avg throuhgput (requests/sec) = 83.3531 res=false
*==== INFO ====* req_id_count= 14000 stream_id=55996 latency=1.018555 ms (tx_ts=158962004592250, rx_ts=158962005610805) request_id=1116221 zil_blk_id=55996 ccf_commit_seqno=1116222 nstreams_done_=14000 config.nstreams=20000 avg_latency=1.1399 ms avg throuhgput (requests/sec) = 83.3807 res=false
*==== INFO ====* req_id_count= 14500 stream_id=57996 latency=3.149097 ms (tx_ts=158967955319233, rx_ts=158967958468330) request_id=1155967 zil_blk_id=57996 ccf_commit_seqno=1155971 nstreams_done_=14500 config.nstreams=20000 avg_latency=1.1405 ms avg throuhgput (requests/sec) = 83.4017 res=false
*==== INFO ====* req_id_count= 15000 stream_id=59996 latency=1.237574 ms (tx_ts=158973922198352, rx_ts=158973923435926) request_id=1195869 zil_blk_id=59996 ccf_commit_seqno=1195871 nstreams_done_=15000 config.nstreams=20000 avg_latency=1.1413 ms avg throuhgput (requests/sec) = 83.4157 res=false
*==== INFO ====* req_id_count= 15500 stream_id=61996 latency=1.224330 ms (tx_ts=158979887143498, rx_ts=158979888367828) request_id=1235775 zil_blk_id=61996 ccf_commit_seqno=1235782 nstreams_done_=15500 config.nstreams=20000 avg_latency=1.1424 ms avg throuhgput (requests/sec) = 83.4288 res=false
*==== INFO ====* req_id_count= 16000 stream_id=63996 latency=1.243976 ms (tx_ts=158985850807343, rx_ts=158985852051319) request_id=1275611 zil_blk_id=63996 ccf_commit_seqno=1275612 nstreams_done_=16000 config.nstreams=20000 avg_latency=1.1427 ms avg throuhgput (requests/sec) = 83.4416 res=false
*==== INFO ====* req_id_count= 16500 stream_id=65996 latency=1.226192 ms (tx_ts=158991793095779, rx_ts=158991794321971) request_id=1315382 zil_blk_id=65996 ccf_commit_seqno=1315385 nstreams_done_=16500 config.nstreams=20000 avg_latency=1.1422 ms avg throuhgput (requests/sec) = 83.4627 res=false
*==== INFO ====* req_id_count= 17000 stream_id=67996 latency=1.321922 ms (tx_ts=158997738632450, rx_ts=158997739954372) request_id=1355144 zil_blk_id=67996 ccf_commit_seqno=1355146 nstreams_done_=17000 config.nstreams=20000 avg_latency=1.1419 ms avg throuhgput (requests/sec) = 83.4811 res=false
*==== INFO ====* req_id_count= 17500 stream_id=69996 latency=1.290363 ms (tx_ts=159003686986108, rx_ts=159003688276471) request_id=1395008 zil_blk_id=69996 ccf_commit_seqno=1395015 nstreams_done_=17500 config.nstreams=20000 avg_latency=1.1421 ms avg throuhgput (requests/sec) = 83.4975 res=false
*==== INFO ====* req_id_count= 18000 stream_id=71996 latency=0.853616 ms (tx_ts=159009601982129, rx_ts=159009602835745) request_id=1434688 zil_blk_id=71996 ccf_commit_seqno=1434688 nstreams_done_=18000 config.nstreams=20000 avg_latency=1.1412 ms avg throuhgput (requests/sec) = 83.5260 res=false
*==== INFO ====* req_id_count= 18500 stream_id=73996 latency=0.954064 ms (tx_ts=159015536028410, rx_ts=159015536982474) request_id=1474491 zil_blk_id=73996 ccf_commit_seqno=1474495 nstreams_done_=18500 config.nstreams=20000 avg_latency=1.1406 ms avg throuhgput (requests/sec) = 83.5456 res=false
*==== INFO ====* req_id_count= 19000 stream_id=75996 latency=1.378588 ms (tx_ts=159021469340155, rx_ts=159021470718743) request_id=1514244 zil_blk_id=75996 ccf_commit_seqno=1514249 nstreams_done_=19000 config.nstreams=20000 avg_latency=1.1404 ms avg throuhgput (requests/sec) = 83.5644 res=false
*==== INFO ====* req_id_count= 19500 stream_id=77996 latency=1.084288 ms (tx_ts=159027426559770, rx_ts=159027427644058) request_id=1553882 zil_blk_id=77996 ccf_commit_seqno=1553883 nstreams_done_=19500 config.nstreams=20000 avg_latency=1.1407 ms avg throuhgput (requests/sec) = 83.5739 res=false
*==== INFO ====* http_end_stream ALL streams done! nstreams_done_=20000 avg_latency=1.1394 msreq_id_count= 20000
*==== INFO ====* req_id_count= 20000 stream_id=79996 latency=0.978549 ms (tx_ts=159033357763419, rx_ts=159033358741968) request_id=1582762 zil_blk_id=79996 ccf_commit_seqno=1582762 nstreams_done_=20000 config.nstreams=20000 avg_latency=1.1394 ms avg throuhgput (requests/sec) = 83.5919 res=true
