Uniform: 16021 284111 753686 779491 977483 
Exponential: -2147483648 -2147483648 -2147483648 -2147483648 -2147483648 
Truncated Normal: 226919 532210 40759 478176 45941 
*==== INFO ====* req_id_count= 500 stream_id=1996 latency=0.809784 ms (tx_ts=158800253874198, rx_ts=158800254683982) request_id=39951 zil_blk_id=1996 ccf_commit_seqno=39952 nstreams_done_=500 config.nstreams=20000 avg_latency=1.1060 ms avg throuhgput (requests/sec) = 81.1054 res=false
*==== INFO ====* req_id_count= 1000 stream_id=3996 latency=1.170058 ms (tx_ts=158806409906481, rx_ts=158806411076539) request_id=80535 zil_blk_id=3996 ccf_commit_seqno=80541 nstreams_done_=1000 config.nstreams=20000 avg_latency=1.0652 ms avg throuhgput (requests/sec) = 81.1609 res=false
*==== INFO ====* req_id_count= 1500 stream_id=5996 latency=0.868995 ms (tx_ts=158812545175042, rx_ts=158812546044037) request_id=121059 zil_blk_id=5996 ccf_commit_seqno=121060 nstreams_done_=1500 config.nstreams=20000 avg_latency=1.0523 ms avg throuhgput (requests/sec) = 81.2736 res=false
*==== INFO ====* req_id_count= 2000 stream_id=7996 latency=0.998207 ms (tx_ts=158818680281951, rx_ts=158818681280158) request_id=161652 zil_blk_id=7996 ccf_commit_seqno=161654 nstreams_done_=2000 config.nstreams=20000 avg_latency=1.0460 ms avg throuhgput (requests/sec) = 81.3292 res=false
*==== INFO ====* req_id_count= 2500 stream_id=9996 latency=0.850913 ms (tx_ts=158824814434383, rx_ts=158824815285296) request_id=202339 zil_blk_id=9996 ccf_commit_seqno=202341 nstreams_done_=2500 config.nstreams=20000 avg_latency=1.0415 ms avg throuhgput (requests/sec) = 81.3659 res=false
*==== INFO ====* req_id_count= 3000 stream_id=11996 latency=1.180027 ms (tx_ts=158830926512032, rx_ts=158830927692059) request_id=242882 zil_blk_id=11996 ccf_commit_seqno=242886 nstreams_done_=3000 config.nstreams=20000 avg_latency=1.0414 ms avg throuhgput (requests/sec) = 81.4380 res=false
*==== INFO ====* req_id_count= 3500 stream_id=13996 latency=0.836254 ms (tx_ts=158837000649403, rx_ts=158837001485657) request_id=283167 zil_blk_id=13996 ccf_commit_seqno=283168 nstreams_done_=3500 config.nstreams=20000 avg_latency=1.0355 ms avg throuhgput (requests/sec) = 81.5630 res=false
*==== INFO ====* req_id_count= 4000 stream_id=15996 latency=0.728523 ms (tx_ts=158843100867943, rx_ts=158843101596466) request_id=323710 zil_blk_id=15996 ccf_commit_seqno=323710 nstreams_done_=4000 config.nstreams=20000 avg_latency=1.0370 ms avg throuhgput (requests/sec) = 81.6131 res=false
*==== INFO ====* req_id_count= 4500 stream_id=17996 latency=1.143734 ms (tx_ts=158849213975911, rx_ts=158849215119645) request_id=364324 zil_blk_id=17996 ccf_commit_seqno=364329 nstreams_done_=4500 config.nstreams=20000 avg_latency=1.0371 ms avg throuhgput (requests/sec) = 81.6323 res=false
*==== INFO ====* req_id_count= 5000 stream_id=19996 latency=0.859647 ms (tx_ts=158855316392714, rx_ts=158855317252361) request_id=404887 zil_blk_id=19996 ccf_commit_seqno=404888 nstreams_done_=5000 config.nstreams=20000 avg_latency=1.0359 ms avg throuhgput (requests/sec) = 81.6628 res=false
*==== INFO ====* req_id_count= 5500 stream_id=21996 latency=0.699829 ms (tx_ts=158861394317734, rx_ts=158861395017563) request_id=445338 zil_blk_id=21996 ccf_commit_seqno=445338 nstreams_done_=5500 config.nstreams=20000 avg_latency=1.0365 ms avg throuhgput (requests/sec) = 81.7174 res=false
*==== INFO ====* req_id_count= 6000 stream_id=23996 latency=1.104024 ms (tx_ts=158867515270176, rx_ts=158867516374200) request_id=485991 zil_blk_id=23996 ccf_commit_seqno=485992 nstreams_done_=6000 config.nstreams=20000 avg_latency=1.0394 ms avg throuhgput (requests/sec) = 81.7144 res=false
*==== INFO ====* req_id_count= 6500 stream_id=25996 latency=1.235560 ms (tx_ts=158873557068507, rx_ts=158873558304067) request_id=526145 zil_blk_id=25996 ccf_commit_seqno=526148 nstreams_done_=6500 config.nstreams=20000 avg_latency=1.0399 ms avg throuhgput (requests/sec) = 81.7935 res=false
*==== INFO ====* req_id_count= 7000 stream_id=27996 latency=0.764369 ms (tx_ts=158879529349971, rx_ts=158879530114340) request_id=565937 zil_blk_id=27996 ccf_commit_seqno=565937 nstreams_done_=7000 config.nstreams=20000 avg_latency=1.0378 ms avg throuhgput (requests/sec) = 81.9286 res=false
*==== INFO ====* req_id_count= 7500 stream_id=29996 latency=0.749532 ms (tx_ts=158885513975788, rx_ts=158885514725320) request_id=605684 zil_blk_id=29996 ccf_commit_seqno=605685 nstreams_done_=7500 config.nstreams=20000 avg_latency=1.0377 ms avg throuhgput (requests/sec) = 82.0346 res=false
*==== INFO ====* req_id_count= 8000 stream_id=31996 latency=0.760212 ms (tx_ts=158891510907395, rx_ts=158891511667607) request_id=645729 zil_blk_id=31996 ccf_commit_seqno=645729 nstreams_done_=8000 config.nstreams=20000 avg_latency=1.0368 ms avg throuhgput (requests/sec) = 82.1171 res=false
*==== INFO ====* req_id_count= 8500 stream_id=33996 latency=0.764159 ms (tx_ts=158897492697117, rx_ts=158897493461276) request_id=685561 zil_blk_id=33996 ccf_commit_seqno=685561 nstreams_done_=8500 config.nstreams=20000 avg_latency=1.0364 ms avg throuhgput (requests/sec) = 82.2022 res=false
*==== INFO ====* req_id_count= 9000 stream_id=35996 latency=1.171972 ms (tx_ts=158903464645645, rx_ts=158903465817617) request_id=725372 zil_blk_id=35996 ccf_commit_seqno=725377 nstreams_done_=9000 config.nstreams=20000 avg_latency=1.0360 ms avg throuhgput (requests/sec) = 82.2850 res=false
*==== INFO ====* req_id_count= 9500 stream_id=37996 latency=0.747148 ms (tx_ts=158909421142760, rx_ts=158909421889908) request_id=765103 zil_blk_id=37996 ccf_commit_seqno=765103 nstreams_done_=9500 config.nstreams=20000 avg_latency=1.0356 ms avg throuhgput (requests/sec) = 82.3709 res=false
*==== INFO ====* req_id_count= 10000 stream_id=39996 latency=0.896355 ms (tx_ts=158915404584919, rx_ts=158915405481274) request_id=804935 zil_blk_id=39996 ccf_commit_seqno=804936 nstreams_done_=10000 config.nstreams=20000 avg_latency=1.0355 ms avg throuhgput (requests/sec) = 82.4296 res=false
*==== INFO ====* req_id_count= 10500 stream_id=41996 latency=0.879562 ms (tx_ts=158921363392851, rx_ts=158921364272413) request_id=844713 zil_blk_id=41996 ccf_commit_seqno=844715 nstreams_done_=10500 config.nstreams=20000 avg_latency=1.0336 ms avg throuhgput (requests/sec) = 82.4989 res=false
*==== INFO ====* req_id_count= 11000 stream_id=43996 latency=0.759390 ms (tx_ts=158927333719561, rx_ts=158927334478951) request_id=884656 zil_blk_id=43996 ccf_commit_seqno=884656 nstreams_done_=11000 config.nstreams=20000 avg_latency=1.0316 ms avg throuhgput (requests/sec) = 82.5549 res=false
*==== INFO ====* req_id_count= 11500 stream_id=45996 latency=1.053228 ms (tx_ts=158933306818593, rx_ts=158933307871821) request_id=924614 zil_blk_id=45996 ccf_commit_seqno=924614 nstreams_done_=11500 config.nstreams=20000 avg_latency=1.0300 ms avg throuhgput (requests/sec) = 82.6043 res=false
*==== INFO ====* req_id_count= 12000 stream_id=47996 latency=0.776983 ms (tx_ts=158939339835249, rx_ts=158939340612232) request_id=964932 zil_blk_id=47996 ccf_commit_seqno=964933 nstreams_done_=12000 config.nstreams=20000 avg_latency=1.0306 ms avg throuhgput (requests/sec) = 82.6158 res=false
*==== INFO ====* req_id_count= 12500 stream_id=49996 latency=0.654423 ms (tx_ts=158945325505105, rx_ts=158945326159528) request_id=1004916 zil_blk_id=49996 ccf_commit_seqno=1004916 nstreams_done_=12500 config.nstreams=20000 avg_latency=1.0303 ms avg throuhgput (requests/sec) = 82.6521 res=false
*==== INFO ====* req_id_count= 13000 stream_id=51996 latency=1.153573 ms (tx_ts=158951313956100, rx_ts=158951315109673) request_id=1044903 zil_blk_id=51996 ccf_commit_seqno=1044907 nstreams_done_=13000 config.nstreams=20000 avg_latency=1.0294 ms avg throuhgput (requests/sec) = 82.6839 res=false
*==== INFO ====* req_id_count= 13500 stream_id=53996 latency=0.886707 ms (tx_ts=158957356025040, rx_ts=158957356911747) request_id=1085128 zil_blk_id=53996 ccf_commit_seqno=1085129 nstreams_done_=13500 config.nstreams=20000 avg_latency=1.0318 ms avg throuhgput (requests/sec) = 82.6866 res=false
*==== INFO ====* req_id_count= 14000 stream_id=55996 latency=1.046594 ms (tx_ts=158963320497659, rx_ts=158963321544253) request_id=1125006 zil_blk_id=55996 ccf_commit_seqno=1125009 nstreams_done_=14000 config.nstreams=20000 avg_latency=1.0310 ms avg throuhgput (requests/sec) = 82.7268 res=false
*==== INFO ====* req_id_count= 14500 stream_id=57996 latency=1.268160 ms (tx_ts=158969300582335, rx_ts=158969301850495) request_id=1164947 zil_blk_id=57996 ccf_commit_seqno=1164950 nstreams_done_=14500 config.nstreams=20000 avg_latency=1.0300 ms avg throuhgput (requests/sec) = 82.7569 res=false
*==== INFO ====* req_id_count= 15000 stream_id=59996 latency=1.053850 ms (tx_ts=158975283985086, rx_ts=158975285038936) request_id=1204957 zil_blk_id=59996 ccf_commit_seqno=1204958 nstreams_done_=15000 config.nstreams=20000 avg_latency=1.0296 ms avg throuhgput (requests/sec) = 82.7837 res=false
*==== INFO ====* req_id_count= 15500 stream_id=61996 latency=0.865419 ms (tx_ts=158981238171464, rx_ts=158981239036883) request_id=1244796 zil_blk_id=61996 ccf_commit_seqno=1244796 nstreams_done_=15500 config.nstreams=20000 avg_latency=1.0284 ms avg throuhgput (requests/sec) = 82.8216 res=false
*==== INFO ====* req_id_count= 16000 stream_id=63996 latency=1.787652 ms (tx_ts=158987205872948, rx_ts=158987207660600) request_id=1284697 zil_blk_id=63996 ccf_commit_seqno=1284700 nstreams_done_=16000 config.nstreams=20000 avg_latency=1.0279 ms avg throuhgput (requests/sec) = 82.8510 res=false
*==== INFO ====* req_id_count= 16500 stream_id=65996 latency=1.161261 ms (tx_ts=158993182323424, rx_ts=158993183484685) request_id=1324665 zil_blk_id=65996 ccf_commit_seqno=1324667 nstreams_done_=16500 config.nstreams=20000 avg_latency=1.0276 ms avg throuhgput (requests/sec) = 82.8756 res=false
*==== INFO ====* req_id_count= 17000 stream_id=67996 latency=0.682791 ms (tx_ts=158999158578647, rx_ts=158999159261438) request_id=1364656 zil_blk_id=67996 ccf_commit_seqno=1364656 nstreams_done_=17000 config.nstreams=20000 avg_latency=1.0270 ms avg throuhgput (requests/sec) = 82.8988 res=false
*==== INFO ====* req_id_count= 17500 stream_id=69996 latency=0.818283 ms (tx_ts=159005120691329, rx_ts=159005121509612) request_id=1404592 zil_blk_id=69996 ccf_commit_seqno=1404593 nstreams_done_=17500 config.nstreams=20000 avg_latency=1.0265 ms avg throuhgput (requests/sec) = 82.9260 res=false
*==== INFO ====* req_id_count= 18000 stream_id=71996 latency=0.823301 ms (tx_ts=159011073609554, rx_ts=159011074432855) request_id=1444587 zil_blk_id=71996 ccf_commit_seqno=1444587 nstreams_done_=18000 config.nstreams=20000 avg_latency=1.0249 ms avg throuhgput (requests/sec) = 82.9552 res=false
*==== INFO ====* req_id_count= 18500 stream_id=73996 latency=1.034394 ms (tx_ts=159017035693971, rx_ts=159017036728365) request_id=1484573 zil_blk_id=73996 ccf_commit_seqno=1484574 nstreams_done_=18500 config.nstreams=20000 avg_latency=1.0243 ms avg throuhgput (requests/sec) = 82.9794 res=false
*==== INFO ====* req_id_count= 19000 stream_id=75996 latency=0.979641 ms (tx_ts=159023029736441, rx_ts=159023030716082) request_id=1524707 zil_blk_id=75996 ccf_commit_seqno=1524711 nstreams_done_=19000 config.nstreams=20000 avg_latency=1.0248 ms avg throuhgput (requests/sec) = 82.9909 res=false
*==== INFO ====* req_id_count= 19500 stream_id=77996 latency=1.180457 ms (tx_ts=159029011235811, rx_ts=159029012416268) request_id=1563309 zil_blk_id=77996 ccf_commit_seqno=1563312 nstreams_done_=19500 config.nstreams=20000 avg_latency=1.0250 ms avg throuhgput (requests/sec) = 83.0061 res=false
*==== INFO ====* http_end_stream ALL streams done! nstreams_done_=20000 avg_latency=1.0232 msreq_id_count= 20000
*==== INFO ====* req_id_count= 20000 stream_id=79996 latency=0.984330 ms (tx_ts=159034987750987, rx_ts=159034988735317) request_id=1587321 zil_blk_id=79996 ccf_commit_seqno=1587323 nstreams_done_=20000 config.nstreams=20000 avg_latency=1.0232 ms avg throuhgput (requests/sec) = 83.0224 res=true
