Uniform: 73301 964701 710309 929587 19799 
Exponential: -2147483648 -2147483648 -2147483648 -2147483648 -2147483648 
Truncated Normal: 416024 603917 380298 858760 597271 
*==== INFO ====* req_id_count= 500 stream_id=1996 latency=0.888411 ms (tx_ts=158800093883414, rx_ts=158800094771825) request_id=38923 zil_blk_id=1996 ccf_commit_seqno=38924 nstreams_done_=500 config.nstreams=20000 avg_latency=0.9838 ms avg throuhgput (requests/sec) = 83.2139 res=false
*==== INFO ====* req_id_count= 1000 stream_id=3996 latency=1.082234 ms (tx_ts=158806137448546, rx_ts=158806138530780) request_id=78758 zil_blk_id=3996 ccf_commit_seqno=78760 nstreams_done_=1000 config.nstreams=20000 avg_latency=0.9753 ms avg throuhgput (requests/sec) = 82.9712 res=false
*==== INFO ====* req_id_count= 1500 stream_id=5996 latency=1.010810 ms (tx_ts=158812177665716, rx_ts=158812178676526) request_id=118649 zil_blk_id=5996 ccf_commit_seqno=118649 nstreams_done_=1500 config.nstreams=20000 avg_latency=0.9778 ms avg throuhgput (requests/sec) = 82.9072 res=false
*==== INFO ====* req_id_count= 2000 stream_id=7996 latency=0.662389 ms (tx_ts=158818190815050, rx_ts=158818191477439) request_id=158410 zil_blk_id=7996 ccf_commit_seqno=158410 nstreams_done_=2000 config.nstreams=20000 avg_latency=0.9799 ms avg throuhgput (requests/sec) = 82.9692 res=false
*==== INFO ====* req_id_count= 2500 stream_id=9996 latency=0.686165 ms (tx_ts=158824150484411, rx_ts=158824151170576) request_id=197956 zil_blk_id=9996 ccf_commit_seqno=197956 nstreams_done_=2500 config.nstreams=20000 avg_latency=0.9717 ms avg throuhgput (requests/sec) = 83.1531 res=false
*==== INFO ====* req_id_count= 3000 stream_id=11996 latency=0.835132 ms (tx_ts=158830029900087, rx_ts=158830030735219) request_id=236951 zil_blk_id=11996 ccf_commit_seqno=236952 nstreams_done_=3000 config.nstreams=20000 avg_latency=0.9708 ms avg throuhgput (requests/sec) = 83.4618 res=false
*==== INFO ====* req_id_count= 3500 stream_id=13996 latency=0.633845 ms (tx_ts=158835950210254, rx_ts=158835950844099) request_id=276182 zil_blk_id=13996 ccf_commit_seqno=276182 nstreams_done_=3500 config.nstreams=20000 avg_latency=0.9721 ms avg throuhgput (requests/sec) = 83.6027 res=false
*==== INFO ====* req_id_count= 4000 stream_id=15996 latency=0.931071 ms (tx_ts=158841821746606, rx_ts=158841822677677) request_id=315184 zil_blk_id=15996 ccf_commit_seqno=315184 nstreams_done_=4000 config.nstreams=20000 avg_latency=0.9725 ms avg throuhgput (requests/sec) = 83.7933 res=false
*==== INFO ====* req_id_count= 4500 stream_id=17996 latency=1.127143 ms (tx_ts=158847725722003, rx_ts=158847726849146) request_id=354447 zil_blk_id=17996 ccf_commit_seqno=354450 nstreams_done_=4500 config.nstreams=20000 avg_latency=0.9736 ms avg throuhgput (requests/sec) = 83.8915 res=false
*==== INFO ====* req_id_count= 5000 stream_id=19996 latency=1.637342 ms (tx_ts=158853623489555, rx_ts=158853625126897) request_id=393654 zil_blk_id=19996 ccf_commit_seqno=393655 nstreams_done_=5000 config.nstreams=20000 avg_latency=0.9736 ms avg throuhgput (requests/sec) = 83.9786 res=false
*==== INFO ====* req_id_count= 5500 stream_id=21996 latency=1.053751 ms (tx_ts=158859544442397, rx_ts=158859545496148) request_id=433013 zil_blk_id=21996 ccf_commit_seqno=433015 nstreams_done_=5500 config.nstreams=20000 avg_latency=0.9755 ms avg throuhgput (requests/sec) = 84.0216 res=false
*==== INFO ====* req_id_count= 6000 stream_id=23996 latency=1.080871 ms (tx_ts=158865478372992, rx_ts=158865479453863) request_id=472482 zil_blk_id=23996 ccf_commit_seqno=472484 nstreams_done_=6000 config.nstreams=20000 avg_latency=0.9803 ms avg throuhgput (requests/sec) = 84.0415 res=false
*==== INFO ====* req_id_count= 6500 stream_id=25996 latency=1.184154 ms (tx_ts=158871391173072, rx_ts=158871392357226) request_id=511773 zil_blk_id=25996 ccf_commit_seqno=511777 nstreams_done_=6500 config.nstreams=20000 avg_latency=0.9826 ms avg throuhgput (requests/sec) = 84.0812 res=false
*==== INFO ====* req_id_count= 7000 stream_id=27996 latency=0.953182 ms (tx_ts=158877294812479, rx_ts=158877295765661) request_id=551023 zil_blk_id=27996 ccf_commit_seqno=551025 nstreams_done_=7000 config.nstreams=20000 avg_latency=0.9850 ms avg throuhgput (requests/sec) = 84.1249 res=false
*==== INFO ====* req_id_count= 7500 stream_id=29996 latency=1.144150 ms (tx_ts=158883208367776, rx_ts=158883209511926) request_id=590346 zil_blk_id=29996 ccf_commit_seqno=590346 nstreams_done_=7500 config.nstreams=20000 avg_latency=0.9835 ms avg throuhgput (requests/sec) = 84.1530 res=false
*==== INFO ====* req_id_count= 8000 stream_id=31996 latency=1.227866 ms (tx_ts=158889109315142, rx_ts=158889110543008) request_id=629699 zil_blk_id=31996 ccf_commit_seqno=629700 nstreams_done_=8000 config.nstreams=20000 avg_latency=0.9829 ms avg throuhgput (requests/sec) = 84.1889 res=false
*==== INFO ====* req_id_count= 8500 stream_id=33996 latency=0.761434 ms (tx_ts=158895003303584, rx_ts=158895004065018) request_id=668996 zil_blk_id=33996 ccf_commit_seqno=668996 nstreams_done_=8500 config.nstreams=20000 avg_latency=0.9832 ms avg throuhgput (requests/sec) = 84.2269 res=false
*==== INFO ====* req_id_count= 9000 stream_id=35996 latency=0.715017 ms (tx_ts=158900927283602, rx_ts=158900927998619) request_id=708452 zil_blk_id=35996 ccf_commit_seqno=708452 nstreams_done_=9000 config.nstreams=20000 avg_latency=0.9834 ms avg throuhgput (requests/sec) = 84.2367 res=false
*==== INFO ====* req_id_count= 9500 stream_id=37996 latency=1.031586 ms (tx_ts=158906835155695, rx_ts=158906836187281) request_id=747834 zil_blk_id=37996 ccf_commit_seqno=747834 nstreams_done_=9500 config.nstreams=20000 avg_latency=0.9841 ms avg throuhgput (requests/sec) = 84.2572 res=false
*==== INFO ====* req_id_count= 10000 stream_id=39996 latency=1.067245 ms (tx_ts=158912744804843, rx_ts=158912745872088) request_id=787259 zil_blk_id=39996 ccf_commit_seqno=787259 nstreams_done_=10000 config.nstreams=20000 avg_latency=0.9839 ms avg throuhgput (requests/sec) = 84.2746 res=false
*==== INFO ====* req_id_count= 10500 stream_id=41996 latency=0.677377 ms (tx_ts=158918628058758, rx_ts=158918628736135) request_id=826459 zil_blk_id=41996 ccf_commit_seqno=826459 nstreams_done_=10500 config.nstreams=20000 avg_latency=0.9832 ms avg throuhgput (requests/sec) = 84.3085 res=false
*==== INFO ====* req_id_count= 11000 stream_id=43996 latency=0.840421 ms (tx_ts=158924488109811, rx_ts=158924488950232) request_id=865594 zil_blk_id=43996 ccf_commit_seqno=865596 nstreams_done_=11000 config.nstreams=20000 avg_latency=0.9825 ms avg throuhgput (requests/sec) = 84.3540 res=false
*==== INFO ====* req_id_count= 11500 stream_id=45996 latency=1.097501 ms (tx_ts=158930362274473, rx_ts=158930363371974) request_id=904921 zil_blk_id=45996 ccf_commit_seqno=904925 nstreams_done_=11500 config.nstreams=20000 avg_latency=0.9810 ms avg throuhgput (requests/sec) = 84.3868 res=false
*==== INFO ====* req_id_count= 12000 stream_id=47996 latency=0.900464 ms (tx_ts=158936252968296, rx_ts=158936253868760) request_id=944313 zil_blk_id=47996 ccf_commit_seqno=944313 nstreams_done_=12000 config.nstreams=20000 avg_latency=0.9800 ms avg throuhgput (requests/sec) = 84.4074 res=false
*==== INFO ====* req_id_count= 12500 stream_id=49996 latency=1.092102 ms (tx_ts=158942127932394, rx_ts=158942129024496) request_id=983555 zil_blk_id=49996 ccf_commit_seqno=983557 nstreams_done_=12500 config.nstreams=20000 avg_latency=0.9797 ms avg throuhgput (requests/sec) = 84.4350 res=false
*==== INFO ====* req_id_count= 13000 stream_id=51996 latency=0.873353 ms (tx_ts=158947992151939, rx_ts=158947993025292) request_id=1022691 zil_blk_id=51996 ccf_commit_seqno=1022691 nstreams_done_=13000 config.nstreams=20000 avg_latency=0.9788 ms avg throuhgput (requests/sec) = 84.4667 res=false
*==== INFO ====* req_id_count= 13500 stream_id=53996 latency=0.685562 ms (tx_ts=158953880577210, rx_ts=158953881262772) request_id=1061940 zil_blk_id=53996 ccf_commit_seqno=1061940 nstreams_done_=13500 config.nstreams=20000 avg_latency=0.9795 ms avg throuhgput (requests/sec) = 84.4832 res=false
*==== INFO ====* req_id_count= 14000 stream_id=55996 latency=2.131215 ms (tx_ts=158959764980159, rx_ts=158959767111374) request_id=1101247 zil_blk_id=55996 ccf_commit_seqno=1101250 nstreams_done_=14000 config.nstreams=20000 avg_latency=0.9792 ms avg throuhgput (requests/sec) = 84.4998 res=false
*==== INFO ====* req_id_count= 14500 stream_id=57996 latency=0.946109 ms (tx_ts=158965644039286, rx_ts=158965644985395) request_id=1140490 zil_blk_id=57996 ccf_commit_seqno=1140491 nstreams_done_=14500 config.nstreams=20000 avg_latency=0.9794 ms avg throuhgput (requests/sec) = 84.5191 res=false
*==== INFO ====* req_id_count= 15000 stream_id=59996 latency=1.004148 ms (tx_ts=158971523864060, rx_ts=158971524868208) request_id=1179835 zil_blk_id=59996 ccf_commit_seqno=1179837 nstreams_done_=15000 config.nstreams=20000 avg_latency=0.9800 ms avg throuhgput (requests/sec) = 84.5362 res=false
*==== INFO ====* req_id_count= 15500 stream_id=61996 latency=1.179786 ms (tx_ts=158977406633055, rx_ts=158977407812841) request_id=1219154 zil_blk_id=61996 ccf_commit_seqno=1219157 nstreams_done_=15500 config.nstreams=20000 avg_latency=0.9807 ms avg throuhgput (requests/sec) = 84.5508 res=false
*==== INFO ====* req_id_count= 16000 stream_id=63996 latency=0.865177 ms (tx_ts=158983277878837, rx_ts=158983278744014) request_id=1258425 zil_blk_id=63996 ccf_commit_seqno=1258426 nstreams_done_=16000 config.nstreams=20000 avg_latency=0.9806 ms avg throuhgput (requests/sec) = 84.5699 res=false
*==== INFO ====* req_id_count= 16500 stream_id=65996 latency=1.043661 ms (tx_ts=158989160409977, rx_ts=158989161453638) request_id=1297756 zil_blk_id=65996 ccf_commit_seqno=1297760 nstreams_done_=16500 config.nstreams=20000 avg_latency=0.9805 ms avg throuhgput (requests/sec) = 84.5827 res=false
*==== INFO ====* req_id_count= 17000 stream_id=67996 latency=0.912526 ms (tx_ts=158995014733496, rx_ts=158995015646022) request_id=1336921 zil_blk_id=67996 ccf_commit_seqno=1336922 nstreams_done_=17000 config.nstreams=20000 avg_latency=0.9802 ms avg throuhgput (requests/sec) = 84.6068 res=false
*==== INFO ====* req_id_count= 17500 stream_id=69996 latency=1.145792 ms (tx_ts=159000895163662, rx_ts=159000896309454) request_id=1376270 zil_blk_id=69996 ccf_commit_seqno=1376272 nstreams_done_=17500 config.nstreams=20000 avg_latency=0.9811 ms avg throuhgput (requests/sec) = 84.6187 res=false
*==== INFO ====* req_id_count= 18000 stream_id=71996 latency=0.958603 ms (tx_ts=159006758470130, rx_ts=159006759428733) request_id=1415575 zil_blk_id=71996 ccf_commit_seqno=1415576 nstreams_done_=18000 config.nstreams=20000 avg_latency=0.9803 ms avg throuhgput (requests/sec) = 84.6369 res=false
*==== INFO ====* req_id_count= 18500 stream_id=73996 latency=0.952411 ms (tx_ts=159012621650640, rx_ts=159012622603051) request_id=1454961 zil_blk_id=73996 ccf_commit_seqno=1454964 nstreams_done_=18500 config.nstreams=20000 avg_latency=0.9793 ms avg throuhgput (requests/sec) = 84.6541 res=false
*==== INFO ====* req_id_count= 19000 stream_id=75996 latency=0.665424 ms (tx_ts=159018485572777, rx_ts=159018486238201) request_id=1494282 zil_blk_id=75996 ccf_commit_seqno=1494282 nstreams_done_=19000 config.nstreams=20000 avg_latency=0.9789 ms avg throuhgput (requests/sec) = 84.6702 res=false
*==== INFO ====* req_id_count= 19500 stream_id=77996 latency=0.874585 ms (tx_ts=159024371845683, rx_ts=159024372720268) request_id=1533671 zil_blk_id=77996 ccf_commit_seqno=1533672 nstreams_done_=19500 config.nstreams=20000 avg_latency=0.9796 ms avg throuhgput (requests/sec) = 84.6771 res=false
*==== INFO ====* http_end_stream ALL streams done! nstreams_done_=20000 avg_latency=0.9795 msreq_id_count= 20000
*==== INFO ====* req_id_count= 20000 stream_id=79996 latency=0.904140 ms (tx_ts=159030239975147, rx_ts=159030240879287) request_id=1569923 zil_blk_id=79996 ccf_commit_seqno=1569927 nstreams_done_=20000 config.nstreams=20000 avg_latency=0.9795 ms avg throuhgput (requests/sec) = 84.6902 res=true
