Uniform: 22644 537761 732064 414938 369500 
Exponential: -2147483648 -2147483648 -2147483648 -2147483648 -2147483648 
Truncated Normal: 469506 367172 242009 639176 633861 
*==== INFO ====* req_id_count= 500 stream_id=1996 latency=1.025784 ms (tx_ts=158800124198068, rx_ts=158800125223852) request_id=39113 zil_blk_id=1996 ccf_commit_seqno=39114 nstreams_done_=500 config.nstreams=20000 avg_latency=1.1633 ms avg throuhgput (requests/sec) = 83.0490 res=false
*==== INFO ====* req_id_count= 1000 stream_id=3996 latency=1.015209 ms (tx_ts=158806089458825, rx_ts=158806090474034) request_id=78444 zil_blk_id=3996 ccf_commit_seqno=78446 nstreams_done_=1000 config.nstreams=20000 avg_latency=1.1767 ms avg throuhgput (requests/sec) = 83.4321 res=false
*==== INFO ====* req_id_count= 1500 stream_id=5996 latency=1.129693 ms (tx_ts=158812068017890, rx_ts=158812069147583) request_id=117928 zil_blk_id=5996 ccf_commit_seqno=117928 nstreams_done_=1500 config.nstreams=20000 avg_latency=1.1801 ms avg throuhgput (requests/sec) = 83.4982 res=false
*==== INFO ====* req_id_count= 2000 stream_id=7996 latency=1.280685 ms (tx_ts=158818032842251, rx_ts=158818034122936) request_id=157370 zil_blk_id=7996 ccf_commit_seqno=157372 nstreams_done_=2000 config.nstreams=20000 avg_latency=1.1812 ms avg throuhgput (requests/sec) = 83.5791 res=false
*==== INFO ====* req_id_count= 2500 stream_id=9996 latency=1.115449 ms (tx_ts=158823984854010, rx_ts=158823985969459) request_id=196864 zil_blk_id=9996 ccf_commit_seqno=196865 nstreams_done_=2500 config.nstreams=20000 avg_latency=1.1764 ms avg throuhgput (requests/sec) = 83.6644 res=false
*==== INFO ====* req_id_count= 3000 stream_id=11996 latency=0.971624 ms (tx_ts=158829940893717, rx_ts=158829941865341) request_id=236359 zil_blk_id=11996 ccf_commit_seqno=236360 nstreams_done_=3000 config.nstreams=20000 avg_latency=1.1759 ms avg throuhgput (requests/sec) = 83.7119 res=false
*==== INFO ====* req_id_count= 3500 stream_id=13996 latency=1.175739 ms (tx_ts=158835912241451, rx_ts=158835913417190) request_id=275938 zil_blk_id=13996 ccf_commit_seqno=275942 nstreams_done_=3500 config.nstreams=20000 avg_latency=1.1776 ms avg throuhgput (requests/sec) = 83.7146 res=false
*==== INFO ====* req_id_count= 4000 stream_id=15996 latency=1.201858 ms (tx_ts=158841860226225, rx_ts=158841861428083) request_id=315437 zil_blk_id=15996 ccf_commit_seqno=315439 nstreams_done_=4000 config.nstreams=20000 avg_latency=1.1760 ms avg throuhgput (requests/sec) = 83.7578 res=false
*==== INFO ====* req_id_count= 4500 stream_id=17996 latency=1.275350 ms (tx_ts=158847820837209, rx_ts=158847822112559) request_id=355075 zil_blk_id=17996 ccf_commit_seqno=355078 nstreams_done_=4500 config.nstreams=20000 avg_latency=1.1742 ms avg throuhgput (requests/sec) = 83.7717 res=false
*==== INFO ====* req_id_count= 5000 stream_id=19996 latency=1.228046 ms (tx_ts=158853779054014, rx_ts=158853780282060) request_id=394680 zil_blk_id=19996 ccf_commit_seqno=394681 nstreams_done_=5000 config.nstreams=20000 avg_latency=1.1727 ms avg throuhgput (requests/sec) = 83.7863 res=false
*==== INFO ====* req_id_count= 5500 stream_id=21996 latency=1.320159 ms (tx_ts=158859759088426, rx_ts=158859760408585) request_id=434431 zil_blk_id=21996 ccf_commit_seqno=434434 nstreams_done_=5500 config.nstreams=20000 avg_latency=1.1764 ms avg throuhgput (requests/sec) = 83.7703 res=false
*==== INFO ====* req_id_count= 6000 stream_id=23996 latency=1.302175 ms (tx_ts=158865726253955, rx_ts=158865727556130) request_id=474093 zil_blk_id=23996 ccf_commit_seqno=474099 nstreams_done_=6000 config.nstreams=20000 avg_latency=1.1774 ms avg throuhgput (requests/sec) = 83.7721 res=false
*==== INFO ====* req_id_count= 6500 stream_id=25996 latency=1.330878 ms (tx_ts=158871688505971, rx_ts=158871689836849) request_id=513747 zil_blk_id=25996 ccf_commit_seqno=513750 nstreams_done_=6500 config.nstreams=20000 avg_latency=1.1792 ms avg throuhgput (requests/sec) = 83.7789 res=false
*==== INFO ====* req_id_count= 7000 stream_id=27996 latency=1.169307 ms (tx_ts=158877667125439, rx_ts=158877668294746) request_id=553510 zil_blk_id=27996 ccf_commit_seqno=553512 nstreams_done_=7000 config.nstreams=20000 avg_latency=1.1812 ms avg throuhgput (requests/sec) = 83.7685 res=false
*==== INFO ====* req_id_count= 7500 stream_id=29996 latency=1.510555 ms (tx_ts=158883660439949, rx_ts=158883661950504) request_id=593359 zil_blk_id=29996 ccf_commit_seqno=593364 nstreams_done_=7500 config.nstreams=20000 avg_latency=1.1856 ms avg throuhgput (requests/sec) = 83.7453 res=false
*==== INFO ====* req_id_count= 8000 stream_id=31996 latency=1.485028 ms (tx_ts=158889597701523, rx_ts=158889599186551) request_id=632950 zil_blk_id=31996 ccf_commit_seqno=632953 nstreams_done_=8000 config.nstreams=20000 avg_latency=1.1844 ms avg throuhgput (requests/sec) = 83.7745 res=false
*==== INFO ====* req_id_count= 8500 stream_id=33996 latency=0.907466 ms (tx_ts=158895562277578, rx_ts=158895563185044) request_id=672699 zil_blk_id=33996 ccf_commit_seqno=672699 nstreams_done_=8500 config.nstreams=20000 avg_latency=1.1863 ms avg throuhgput (requests/sec) = 83.7781 res=false
*==== INFO ====* req_id_count= 9000 stream_id=35996 latency=1.312617 ms (tx_ts=158901500663744, rx_ts=158901501976361) request_id=712280 zil_blk_id=35996 ccf_commit_seqno=712282 nstreams_done_=9000 config.nstreams=20000 avg_latency=1.1848 ms avg throuhgput (requests/sec) = 83.8010 res=false
*==== INFO ====* req_id_count= 9500 stream_id=37996 latency=1.299922 ms (tx_ts=158907476597363, rx_ts=158907477897285) request_id=752098 zil_blk_id=37996 ccf_commit_seqno=752101 nstreams_done_=9500 config.nstreams=20000 avg_latency=1.1862 ms avg throuhgput (requests/sec) = 83.7940 res=false
*==== INFO ====* req_id_count= 10000 stream_id=39996 latency=1.147205 ms (tx_ts=158913430181860, rx_ts=158913431329065) request_id=791832 zil_blk_id=39996 ccf_commit_seqno=791833 nstreams_done_=10000 config.nstreams=20000 avg_latency=1.1862 ms avg throuhgput (requests/sec) = 83.8036 res=false
*==== INFO ====* req_id_count= 10500 stream_id=41996 latency=1.343432 ms (tx_ts=158919388052692, rx_ts=158919389396124) request_id=831518 zil_blk_id=41996 ccf_commit_seqno=831520 nstreams_done_=10500 config.nstreams=20000 avg_latency=1.1855 ms avg throuhgput (requests/sec) = 83.8091 res=false
*==== INFO ====* req_id_count= 11000 stream_id=43996 latency=0.838184 ms (tx_ts=158925322462623, rx_ts=158925323300807) request_id=871198 zil_blk_id=43996 ccf_commit_seqno=871198 nstreams_done_=11000 config.nstreams=20000 avg_latency=1.1832 ms avg throuhgput (requests/sec) = 83.8296 res=false
*==== INFO ====* req_id_count= 11500 stream_id=45996 latency=1.019926 ms (tx_ts=158931266903458, rx_ts=158931267923384) request_id=910972 zil_blk_id=45996 ccf_commit_seqno=910974 nstreams_done_=11500 config.nstreams=20000 avg_latency=1.1825 ms avg throuhgput (requests/sec) = 83.8417 res=false
*==== INFO ====* req_id_count= 12000 stream_id=47996 latency=1.279742 ms (tx_ts=158937214844850, rx_ts=158937216124592) request_id=950742 zil_blk_id=47996 ccf_commit_seqno=950743 nstreams_done_=12000 config.nstreams=20000 avg_latency=1.1824 ms avg throuhgput (requests/sec) = 83.8507 res=false
*==== INFO ====* req_id_count= 12500 stream_id=49996 latency=1.066003 ms (tx_ts=158943179526237, rx_ts=158943180592240) request_id=990589 zil_blk_id=49996 ccf_commit_seqno=990590 nstreams_done_=12500 config.nstreams=20000 avg_latency=1.1827 ms avg throuhgput (requests/sec) = 83.8499 res=false
*==== INFO ====* req_id_count= 13000 stream_id=51996 latency=1.420265 ms (tx_ts=158949145244087, rx_ts=158949146664352) request_id=1030394 zil_blk_id=51996 ccf_commit_seqno=1030400 nstreams_done_=13000 config.nstreams=20000 avg_latency=1.1837 ms avg throuhgput (requests/sec) = 83.8483 res=false
*==== INFO ====* req_id_count= 13500 stream_id=53996 latency=1.122339 ms (tx_ts=158955128935291, rx_ts=158955130057630) request_id=1070254 zil_blk_id=53996 ccf_commit_seqno=1070256 nstreams_done_=13500 config.nstreams=20000 avg_latency=1.1851 ms avg throuhgput (requests/sec) = 83.8377 res=false
*==== INFO ====* req_id_count= 14000 stream_id=55996 latency=1.246702 ms (tx_ts=158961074174549, rx_ts=158961075421251) request_id=1109984 zil_blk_id=55996 ccf_commit_seqno=1109990 nstreams_done_=14000 config.nstreams=20000 avg_latency=1.1845 ms avg throuhgput (requests/sec) = 83.8470 res=false
*==== INFO ====* req_id_count= 14500 stream_id=57996 latency=1.021648 ms (tx_ts=158967028401652, rx_ts=158967029423300) request_id=1149773 zil_blk_id=57996 ccf_commit_seqno=1149774 nstreams_done_=14500 config.nstreams=20000 avg_latency=1.1834 ms avg throuhgput (requests/sec) = 83.8515 res=false
*==== INFO ====* req_id_count= 15000 stream_id=59996 latency=0.946410 ms (tx_ts=158972995891181, rx_ts=158972996837591) request_id=1189690 zil_blk_id=59996 ccf_commit_seqno=1189690 nstreams_done_=15000 config.nstreams=20000 avg_latency=1.1845 ms avg throuhgput (requests/sec) = 83.8494 res=false
*==== INFO ====* req_id_count= 15500 stream_id=61996 latency=1.170930 ms (tx_ts=158978948726694, rx_ts=158978949897624) request_id=1229484 zil_blk_id=61996 ccf_commit_seqno=1229487 nstreams_done_=15500 config.nstreams=20000 avg_latency=1.1849 ms avg throuhgput (requests/sec) = 83.8539 res=false
*==== INFO ====* req_id_count= 16000 stream_id=63996 latency=1.375571 ms (tx_ts=158984919682400, rx_ts=158984921057971) request_id=1269389 zil_blk_id=63996 ccf_commit_seqno=1269391 nstreams_done_=16000 config.nstreams=20000 avg_latency=1.1848 ms avg throuhgput (requests/sec) = 83.8502 res=false
*==== INFO ====* req_id_count= 16500 stream_id=65996 latency=1.025247 ms (tx_ts=158990882568634, rx_ts=158990883593881) request_id=1309269 zil_blk_id=65996 ccf_commit_seqno=1309269 nstreams_done_=16500 config.nstreams=20000 avg_latency=1.1847 ms avg throuhgput (requests/sec) = 83.8504 res=false
*==== INFO ====* req_id_count= 17000 stream_id=67996 latency=1.269454 ms (tx_ts=158996837339535, rx_ts=158996838608989) request_id=1349106 zil_blk_id=67996 ccf_commit_seqno=1349110 nstreams_done_=17000 config.nstreams=20000 avg_latency=1.1847 ms avg throuhgput (requests/sec) = 83.8537 res=false
*==== INFO ====* req_id_count= 17500 stream_id=69996 latency=1.122629 ms (tx_ts=159002780024318, rx_ts=159002781146947) request_id=1388936 zil_blk_id=69996 ccf_commit_seqno=1388936 nstreams_done_=17500 config.nstreams=20000 avg_latency=1.1842 ms avg throuhgput (requests/sec) = 83.8619 res=false
*==== INFO ====* req_id_count= 18000 stream_id=71996 latency=0.885345 ms (tx_ts=159008731807806, rx_ts=159008732693151) request_id=1428841 zil_blk_id=71996 ccf_commit_seqno=1428841 nstreams_done_=18000 config.nstreams=20000 avg_latency=1.1837 ms avg throuhgput (requests/sec) = 83.8660 res=false
*==== INFO ====* req_id_count= 18500 stream_id=73996 latency=1.102892 ms (tx_ts=159014668993148, rx_ts=159014670096040) request_id=1468691 zil_blk_id=73996 ccf_commit_seqno=1468691 nstreams_done_=18500 config.nstreams=20000 avg_latency=1.1831 ms avg throuhgput (requests/sec) = 83.8753 res=false
*==== INFO ====* req_id_count= 19000 stream_id=75996 latency=1.324086 ms (tx_ts=159020633868663, rx_ts=159020635192749) request_id=1508646 zil_blk_id=75996 ccf_commit_seqno=1508648 nstreams_done_=19000 config.nstreams=20000 avg_latency=1.1830 ms avg throuhgput (requests/sec) = 83.8739 res=false
*==== INFO ====* req_id_count= 19500 stream_id=77996 latency=1.015949 ms (tx_ts=159026592944074, rx_ts=159026593960023) request_id=1548493 zil_blk_id=77996 ccf_commit_seqno=1548494 nstreams_done_=19500 config.nstreams=20000 avg_latency=1.1828 ms avg throuhgput (requests/sec) = 83.8748 res=false
*==== INFO ====* http_end_stream ALL streams done! nstreams_done_=20000 avg_latency=1.1821 msreq_id_count= 20000
*==== INFO ====* req_id_count= 20000 stream_id=79996 latency=0.941760 ms (tx_ts=159032544492717, rx_ts=159032545434477) request_id=1579904 zil_blk_id=79996 ccf_commit_seqno=1579905 nstreams_done_=20000 config.nstreams=20000 avg_latency=1.1821 ms avg throuhgput (requests/sec) = 83.8783 res=true
