Uniform: 579773 411249 908325 368997 825493 
Exponential: -2147483648 -2147483648 -2147483648 -2147483648 -2147483648 
Truncated Normal: 445092 79438 516288 318667 458437 
*==== INFO ====* req_id_count= 500 stream_id=1996 latency=1.077394 ms (tx_ts=158800142486023, rx_ts=158800143563417) request_id=39226 zil_blk_id=1996 ccf_commit_seqno=39230 nstreams_done_=500 config.nstreams=20000 avg_latency=1.1155 ms avg throuhgput (requests/sec) = 82.6716 res=false
*==== INFO ====* req_id_count= 1000 stream_id=3996 latency=0.911524 ms (tx_ts=158806070965728, rx_ts=158806071877252) request_id=78319 zil_blk_id=3996 ccf_commit_seqno=78319 nstreams_done_=1000 config.nstreams=20000 avg_latency=1.0947 ms avg throuhgput (requests/sec) = 83.4980 res=false
*==== INFO ====* req_id_count= 1500 stream_id=5996 latency=1.117270 ms (tx_ts=158812016229868, rx_ts=158812017347138) request_id=117590 zil_blk_id=5996 ccf_commit_seqno=117590 nstreams_done_=1500 config.nstreams=20000 avg_latency=1.0946 ms avg throuhgput (requests/sec) = 83.6969 res=false
*==== INFO ====* req_id_count= 2000 stream_id=7996 latency=1.135464 ms (tx_ts=158817954085941, rx_ts=158817955221405) request_id=156854 zil_blk_id=7996 ccf_commit_seqno=156857 nstreams_done_=2000 config.nstreams=20000 avg_latency=1.0944 ms avg throuhgput (requests/sec) = 83.8234 res=false
*==== INFO ====* req_id_count= 2500 stream_id=9996 latency=1.078119 ms (tx_ts=158823883527522, rx_ts=158823884605641) request_id=196203 zil_blk_id=9996 ccf_commit_seqno=196204 nstreams_done_=2500 config.nstreams=20000 avg_latency=1.0972 ms avg throuhgput (requests/sec) = 83.9234 res=false
*==== INFO ====* req_id_count= 3000 stream_id=11996 latency=1.121518 ms (tx_ts=158829811486544, rx_ts=158829812608062) request_id=235507 zil_blk_id=11996 ccf_commit_seqno=235507 nstreams_done_=3000 config.nstreams=20000 avg_latency=1.0948 ms avg throuhgput (requests/sec) = 83.9935 res=false
*==== INFO ====* req_id_count= 3500 stream_id=13996 latency=0.891647 ms (tx_ts=158835757839929, rx_ts=158835758731576) request_id=274912 zil_blk_id=13996 ccf_commit_seqno=274912 nstreams_done_=3500 config.nstreams=20000 avg_latency=1.0945 ms avg throuhgput (requests/sec) = 84.0070 res=false
*==== INFO ====* req_id_count= 4000 stream_id=15996 latency=1.160190 ms (tx_ts=158841670785804, rx_ts=158841671945994) request_id=314181 zil_blk_id=15996 ccf_commit_seqno=314185 nstreams_done_=4000 config.nstreams=20000 avg_latency=1.0927 ms avg throuhgput (requests/sec) = 84.0753 res=false
*==== INFO ====* req_id_count= 4500 stream_id=17996 latency=1.084414 ms (tx_ts=158847566355097, rx_ts=158847567439511) request_id=353386 zil_blk_id=17996 ccf_commit_seqno=353386 nstreams_done_=4500 config.nstreams=20000 avg_latency=1.0901 ms avg throuhgput (requests/sec) = 84.1563 res=false
*==== INFO ====* req_id_count= 5000 stream_id=19996 latency=1.187901 ms (tx_ts=158853504703631, rx_ts=158853505891532) request_id=392864 zil_blk_id=19996 ccf_commit_seqno=392865 nstreams_done_=5000 config.nstreams=20000 avg_latency=1.0922 ms avg throuhgput (requests/sec) = 84.1604 res=false
*==== INFO ====* req_id_count= 5500 stream_id=21996 latency=0.805747 ms (tx_ts=158859429727622, rx_ts=158859430533369) request_id=432240 zil_blk_id=21996 ccf_commit_seqno=432240 nstreams_done_=5500 config.nstreams=20000 avg_latency=1.0908 ms avg throuhgput (requests/sec) = 84.1815 res=false
*==== INFO ====* req_id_count= 6000 stream_id=23996 latency=0.799746 ms (tx_ts=158865349342659, rx_ts=158865350142405) request_id=471619 zil_blk_id=23996 ccf_commit_seqno=471619 nstreams_done_=6000 config.nstreams=20000 avg_latency=1.0927 ms avg throuhgput (requests/sec) = 84.2051 res=false
*==== INFO ====* req_id_count= 6500 stream_id=25996 latency=1.222545 ms (tx_ts=158871279988910, rx_ts=158871281211455) request_id=511031 zil_blk_id=25996 ccf_commit_seqno=511035 nstreams_done_=6500 config.nstreams=20000 avg_latency=1.0928 ms avg throuhgput (requests/sec) = 84.2125 res=false
*==== INFO ====* req_id_count= 7000 stream_id=27996 latency=0.983399 ms (tx_ts=158877229653617, rx_ts=158877230637016) request_id=550598 zil_blk_id=27996 ccf_commit_seqno=550601 nstreams_done_=7000 config.nstreams=20000 avg_latency=1.0978 ms avg throuhgput (requests/sec) = 84.2003 res=false
*==== INFO ====* req_id_count= 7500 stream_id=29996 latency=1.172463 ms (tx_ts=158883152757838, rx_ts=158883153930301) request_id=589980 zil_blk_id=29996 ccf_commit_seqno=589982 nstreams_done_=7500 config.nstreams=20000 avg_latency=1.0982 ms avg throuhgput (requests/sec) = 84.2144 res=false
*==== INFO ====* req_id_count= 8000 stream_id=31996 latency=1.342700 ms (tx_ts=158889050088600, rx_ts=158889051431300) request_id=629300 zil_blk_id=31996 ccf_commit_seqno=629303 nstreams_done_=8000 config.nstreams=20000 avg_latency=1.0973 ms avg throuhgput (requests/sec) = 84.2496 res=false
*==== INFO ====* req_id_count= 8500 stream_id=33996 latency=0.963290 ms (tx_ts=158894949565668, rx_ts=158894950528958) request_id=668635 zil_blk_id=33996 ccf_commit_seqno=668636 nstreams_done_=8500 config.nstreams=20000 avg_latency=1.0961 ms avg throuhgput (requests/sec) = 84.2794 res=false
*==== INFO ====* req_id_count= 9000 stream_id=35996 latency=1.136956 ms (tx_ts=158900869924792, rx_ts=158900871061748) request_id=708068 zil_blk_id=35996 ccf_commit_seqno=708070 nstreams_done_=9000 config.nstreams=20000 avg_latency=1.0963 ms avg throuhgput (requests/sec) = 84.2890 res=false
*==== INFO ====* req_id_count= 9500 stream_id=37996 latency=1.339696 ms (tx_ts=158906755697542, rx_ts=158906757037238) request_id=747295 zil_blk_id=37996 ccf_commit_seqno=747298 nstreams_done_=9500 config.nstreams=20000 avg_latency=1.0943 ms avg throuhgput (requests/sec) = 84.3234 res=false
*==== INFO ====* req_id_count= 10000 stream_id=39996 latency=0.892100 ms (tx_ts=158912668398595, rx_ts=158912669290695) request_id=786740 zil_blk_id=39996 ccf_commit_seqno=786741 nstreams_done_=10000 config.nstreams=20000 avg_latency=1.0947 ms avg throuhgput (requests/sec) = 84.3357 res=false
*==== INFO ====* req_id_count= 10500 stream_id=41996 latency=1.328354 ms (tx_ts=158918572459879, rx_ts=158918573788233) request_id=826095 zil_blk_id=41996 ccf_commit_seqno=826100 nstreams_done_=10500 config.nstreams=20000 avg_latency=1.0927 ms avg throuhgput (requests/sec) = 84.3521 res=false
*==== INFO ====* req_id_count= 11000 stream_id=43996 latency=0.759079 ms (tx_ts=158924481885894, rx_ts=158924482644973) request_id=865561 zil_blk_id=43996 ccf_commit_seqno=865561 nstreams_done_=11000 config.nstreams=20000 avg_latency=1.0927 ms avg throuhgput (requests/sec) = 84.3642 res=false
*==== INFO ====* req_id_count= 11500 stream_id=45996 latency=1.205403 ms (tx_ts=158930395418387, rx_ts=158930396623790) request_id=905138 zil_blk_id=45996 ccf_commit_seqno=905141 nstreams_done_=11500 config.nstreams=20000 avg_latency=1.0929 ms avg throuhgput (requests/sec) = 84.3720 res=false
*==== INFO ====* req_id_count= 12000 stream_id=47996 latency=1.091792 ms (tx_ts=158936298320477, rx_ts=158936299412269) request_id=944619 zil_blk_id=47996 ccf_commit_seqno=944621 nstreams_done_=12000 config.nstreams=20000 avg_latency=1.0924 ms avg throuhgput (requests/sec) = 84.3859 res=false
*==== INFO ====* req_id_count= 12500 stream_id=49996 latency=0.881919 ms (tx_ts=158942198621929, rx_ts=158942199503848) request_id=984028 zil_blk_id=49996 ccf_commit_seqno=984029 nstreams_done_=12500 config.nstreams=20000 avg_latency=1.0923 ms avg throuhgput (requests/sec) = 84.4002 res=false
*==== INFO ====* req_id_count= 13000 stream_id=51996 latency=1.003597 ms (tx_ts=158948109204102, rx_ts=158948110207699) request_id=1023468 zil_blk_id=51996 ccf_commit_seqno=1023469 nstreams_done_=13000 config.nstreams=20000 avg_latency=1.0917 ms avg throuhgput (requests/sec) = 84.4075 res=false
*==== INFO ====* req_id_count= 13500 stream_id=53996 latency=1.207493 ms (tx_ts=158954028941210, rx_ts=158954030148703) request_id=1062924 zil_blk_id=53996 ccf_commit_seqno=1062930 nstreams_done_=13500 config.nstreams=20000 avg_latency=1.0930 ms avg throuhgput (requests/sec) = 84.4095 res=false
*==== INFO ====* req_id_count= 14000 stream_id=55996 latency=1.120296 ms (tx_ts=158959946987855, rx_ts=158959948108151) request_id=1102455 zil_blk_id=55996 ccf_commit_seqno=1102457 nstreams_done_=14000 config.nstreams=20000 avg_latency=1.0938 ms avg throuhgput (requests/sec) = 84.4123 res=false
*==== INFO ====* req_id_count= 14500 stream_id=57996 latency=0.897218 ms (tx_ts=158965869895664, rx_ts=158965870792882) request_id=1141996 zil_blk_id=57996 ccf_commit_seqno=1141996 nstreams_done_=14500 config.nstreams=20000 avg_latency=1.0938 ms avg throuhgput (requests/sec) = 84.4126 res=false
*==== INFO ====* req_id_count= 15000 stream_id=59996 latency=1.126687 ms (tx_ts=158971794406170, rx_ts=158971795532857) request_id=1181657 zil_blk_id=59996 ccf_commit_seqno=1181657 nstreams_done_=15000 config.nstreams=20000 avg_latency=1.0941 ms avg throuhgput (requests/sec) = 84.4119 res=false
*==== INFO ====* req_id_count= 15500 stream_id=61996 latency=1.359222 ms (tx_ts=158977702042432, rx_ts=158977703401654) request_id=1221137 zil_blk_id=61996 ccf_commit_seqno=1221140 nstreams_done_=15500 config.nstreams=20000 avg_latency=1.0947 ms avg throuhgput (requests/sec) = 84.4190 res=false
*==== INFO ====* req_id_count= 16000 stream_id=63996 latency=0.770520 ms (tx_ts=158983623095191, rx_ts=158983623865711) request_id=1260735 zil_blk_id=63996 ccf_commit_seqno=1260735 nstreams_done_=16000 config.nstreams=20000 avg_latency=1.0952 ms avg throuhgput (requests/sec) = 84.4201 res=false
*==== INFO ====* req_id_count= 16500 stream_id=65996 latency=1.055484 ms (tx_ts=158989524132983, rx_ts=158989525188467) request_id=1300173 zil_blk_id=65996 ccf_commit_seqno=1300175 nstreams_done_=16500 config.nstreams=20000 avg_latency=1.0949 ms avg throuhgput (requests/sec) = 84.4294 res=false
*==== INFO ====* req_id_count= 17000 stream_id=67996 latency=1.363650 ms (tx_ts=158995417188015, rx_ts=158995418551665) request_id=1339621 zil_blk_id=67996 ccf_commit_seqno=1339626 nstreams_done_=17000 config.nstreams=20000 avg_latency=1.0942 ms avg throuhgput (requests/sec) = 84.4414 res=false
*==== INFO ====* req_id_count= 17500 stream_id=69996 latency=0.824865 ms (tx_ts=159001334140163, rx_ts=159001334965028) request_id=1379225 zil_blk_id=69996 ccf_commit_seqno=1379226 nstreams_done_=17500 config.nstreams=20000 avg_latency=1.0946 ms avg throuhgput (requests/sec) = 84.4434 res=false
*==== INFO ====* req_id_count= 18000 stream_id=71996 latency=1.205494 ms (tx_ts=159007228909378, rx_ts=159007230114872) request_id=1418734 zil_blk_id=71996 ccf_commit_seqno=1418736 nstreams_done_=18000 config.nstreams=20000 avg_latency=1.0939 ms avg throuhgput (requests/sec) = 84.4537 res=false
*==== INFO ====* req_id_count= 18500 stream_id=73996 latency=1.055583 ms (tx_ts=159013115089022, rx_ts=159013116144605) request_id=1458280 zil_blk_id=73996 ccf_commit_seqno=1458283 nstreams_done_=18500 config.nstreams=20000 avg_latency=1.0928 ms avg throuhgput (requests/sec) = 84.4669 res=false
*==== INFO ====* req_id_count= 19000 stream_id=75996 latency=1.425327 ms (tx_ts=159019030412380, rx_ts=159019031837707) request_id=1497935 zil_blk_id=75996 ccf_commit_seqno=1497943 nstreams_done_=19000 config.nstreams=20000 avg_latency=1.0926 ms avg throuhgput (requests/sec) = 84.4684 res=false
*==== INFO ====* req_id_count= 19500 stream_id=77996 latency=1.305055 ms (tx_ts=159024948562194, rx_ts=159024949867249) request_id=1537527 zil_blk_id=77996 ccf_commit_seqno=1537529 nstreams_done_=19500 config.nstreams=20000 avg_latency=1.0928 ms avg throuhgput (requests/sec) = 84.4689 res=false
*==== INFO ====* http_end_stream ALL streams done! nstreams_done_=20000 avg_latency=1.0926 msreq_id_count= 20000
*==== INFO ====* req_id_count= 20000 stream_id=79996 latency=0.792302 ms (tx_ts=159030863497633, rx_ts=159030864289935) request_id=1572961 zil_blk_id=79996 ccf_commit_seqno=1572961 nstreams_done_=20000 config.nstreams=20000 avg_latency=1.0926 ms avg throuhgput (requests/sec) = 84.4706 res=true
