Uniform: 390105 950041 859639 588844 933392 
Exponential: -2147483648 -2147483648 -2147483648 -2147483648 -2147483648 
Truncated Normal: 524759 732942 231635 506112 181971 
*==== INFO ====* req_id_count= 500 stream_id=1996 latency=0.777895 ms (tx_ts=158800141642301, rx_ts=158800142420196) request_id=39221 zil_blk_id=1996 ccf_commit_seqno=39221 nstreams_done_=500 config.nstreams=20000 avg_latency=1.0493 ms avg throuhgput (requests/sec) = 82.5634 res=false
*==== INFO ====* req_id_count= 1000 stream_id=3996 latency=1.025337 ms (tx_ts=158806113949059, rx_ts=158806114974396) request_id=78607 zil_blk_id=3996 ccf_commit_seqno=78608 nstreams_done_=1000 config.nstreams=20000 avg_latency=1.0449 ms avg throuhgput (requests/sec) = 83.1358 res=false
*==== INFO ====* req_id_count= 1500 stream_id=5996 latency=0.969367 ms (tx_ts=158812065433890, rx_ts=158812066403257) request_id=117916 zil_blk_id=5996 ccf_commit_seqno=117917 nstreams_done_=1500 config.nstreams=20000 avg_latency=1.0483 ms avg throuhgput (requests/sec) = 83.4263 res=false
*==== INFO ====* req_id_count= 2000 stream_id=7996 latency=0.803593 ms (tx_ts=158818035138345, rx_ts=158818035941938) request_id=157388 zil_blk_id=7996 ccf_commit_seqno=157388 nstreams_done_=2000 config.nstreams=20000 avg_latency=1.0487 ms avg throuhgput (requests/sec) = 83.5091 res=false
*==== INFO ====* req_id_count= 2500 stream_id=9996 latency=0.703628 ms (tx_ts=158823963146295, rx_ts=158823963849923) request_id=196730 zil_blk_id=9996 ccf_commit_seqno=196730 nstreams_done_=2500 config.nstreams=20000 avg_latency=1.0385 ms avg throuhgput (requests/sec) = 83.6753 res=false
*==== INFO ====* req_id_count= 3000 stream_id=11996 latency=0.916691 ms (tx_ts=158829887138543, rx_ts=158829888055234) request_id=236010 zil_blk_id=11996 ccf_commit_seqno=236011 nstreams_done_=3000 config.nstreams=20000 avg_latency=1.0375 ms avg throuhgput (requests/sec) = 83.7952 res=false
*==== INFO ====* req_id_count= 3500 stream_id=13996 latency=2.419835 ms (tx_ts=158835814155852, rx_ts=158835816575687) request_id=275282 zil_blk_id=13996 ccf_commit_seqno=275284 nstreams_done_=3500 config.nstreams=20000 avg_latency=1.0369 ms avg throuhgput (requests/sec) = 83.8723 res=false
*==== INFO ====* req_id_count= 4000 stream_id=15996 latency=0.864092 ms (tx_ts=158841725884752, rx_ts=158841726748844) request_id=314539 zil_blk_id=15996 ccf_commit_seqno=314540 nstreams_done_=4000 config.nstreams=20000 avg_latency=1.0337 ms avg throuhgput (requests/sec) = 83.9626 res=false
*==== INFO ====* req_id_count= 4500 stream_id=17996 latency=0.751549 ms (tx_ts=158847637662010, rx_ts=158847638413559) request_id=353860 zil_blk_id=17996 ccf_commit_seqno=353860 nstreams_done_=4500 config.nstreams=20000 avg_latency=1.0317 ms avg throuhgput (requests/sec) = 84.0306 res=false
*==== INFO ====* req_id_count= 5000 stream_id=19996 latency=1.289642 ms (tx_ts=158853573752420, rx_ts=158853575042062) request_id=393322 zil_blk_id=19996 ccf_commit_seqno=393325 nstreams_done_=5000 config.nstreams=20000 avg_latency=1.0308 ms avg throuhgput (requests/sec) = 84.0498 res=false
*==== INFO ====* req_id_count= 5500 stream_id=21996 latency=0.856883 ms (tx_ts=158859500543600, rx_ts=158859501400483) request_id=432711 zil_blk_id=21996 ccf_commit_seqno=432713 nstreams_done_=5500 config.nstreams=20000 avg_latency=1.0299 ms avg throuhgput (requests/sec) = 84.0787 res=false
*==== INFO ====* req_id_count= 6000 stream_id=23996 latency=1.125735 ms (tx_ts=158865440061653, rx_ts=158865441187388) request_id=472231 zil_blk_id=23996 ccf_commit_seqno=472233 nstreams_done_=6000 config.nstreams=20000 avg_latency=1.0307 ms avg throuhgput (requests/sec) = 84.0869 res=false
*==== INFO ====* req_id_count= 6500 stream_id=25996 latency=1.035155 ms (tx_ts=158871358978477, rx_ts=158871360013632) request_id=511565 zil_blk_id=25996 ccf_commit_seqno=511568 nstreams_done_=6500 config.nstreams=20000 avg_latency=1.0315 ms avg throuhgput (requests/sec) = 84.1168 res=false
*==== INFO ====* req_id_count= 7000 stream_id=27996 latency=0.849338 ms (tx_ts=158877284738842, rx_ts=158877285588180) request_id=550959 zil_blk_id=27996 ccf_commit_seqno=550959 nstreams_done_=7000 config.nstreams=20000 avg_latency=1.0332 ms avg throuhgput (requests/sec) = 84.1355 res=false
*==== INFO ====* req_id_count= 7500 stream_id=29996 latency=1.048951 ms (tx_ts=158883224421116, rx_ts=158883225470067) request_id=590455 zil_blk_id=29996 ccf_commit_seqno=590459 nstreams_done_=7500 config.nstreams=20000 avg_latency=1.0356 ms avg throuhgput (requests/sec) = 84.1383 res=false
*==== INFO ====* req_id_count= 8000 stream_id=31996 latency=0.718754 ms (tx_ts=158889130579116, rx_ts=158889131297870) request_id=629839 zil_blk_id=31996 ccf_commit_seqno=629839 nstreams_done_=8000 config.nstreams=20000 avg_latency=1.0338 ms avg throuhgput (requests/sec) = 84.1708 res=false
*==== INFO ====* req_id_count= 8500 stream_id=33996 latency=1.035677 ms (tx_ts=158895046960051, rx_ts=158895047995728) request_id=669281 zil_blk_id=33996 ccf_commit_seqno=669284 nstreams_done_=8500 config.nstreams=20000 avg_latency=1.0327 ms avg throuhgput (requests/sec) = 84.1905 res=false
*==== INFO ====* req_id_count= 9000 stream_id=35996 latency=0.969702 ms (tx_ts=158900978929596, rx_ts=158900979899298) request_id=708789 zil_blk_id=35996 ccf_commit_seqno=708790 nstreams_done_=9000 config.nstreams=20000 avg_latency=1.0337 ms avg throuhgput (requests/sec) = 84.1960 res=false
*==== INFO ====* req_id_count= 9500 stream_id=37996 latency=1.270889 ms (tx_ts=158906888615002, rx_ts=158906889885891) request_id=748185 zil_blk_id=37996 ccf_commit_seqno=748191 nstreams_done_=9500 config.nstreams=20000 avg_latency=1.0319 ms avg throuhgput (requests/sec) = 84.2173 res=false
*==== INFO ====* req_id_count= 10000 stream_id=39996 latency=0.823815 ms (tx_ts=158912802731707, rx_ts=158912803555522) request_id=787643 zil_blk_id=39996 ccf_commit_seqno=787643 nstreams_done_=10000 config.nstreams=20000 avg_latency=1.0311 ms avg throuhgput (requests/sec) = 84.2339 res=false
*==== INFO ====* req_id_count= 10500 stream_id=41996 latency=0.880206 ms (tx_ts=158918732541929, rx_ts=158918733422135) request_id=827147 zil_blk_id=41996 ccf_commit_seqno=827150 nstreams_done_=10500 config.nstreams=20000 avg_latency=1.0323 ms avg throuhgput (requests/sec) = 84.2379 res=false
*==== INFO ====* req_id_count= 11000 stream_id=43996 latency=0.728803 ms (tx_ts=158924663264442, rx_ts=158924663993245) request_id=866778 zil_blk_id=43996 ccf_commit_seqno=866778 nstreams_done_=11000 config.nstreams=20000 avg_latency=1.0317 ms avg throuhgput (requests/sec) = 84.2411 res=false
*==== INFO ====* req_id_count= 11500 stream_id=45996 latency=1.137656 ms (tx_ts=158930579112746, rx_ts=158930580250402) request_id=906371 zil_blk_id=45996 ccf_commit_seqno=906380 nstreams_done_=11500 config.nstreams=20000 avg_latency=1.0318 ms avg throuhgput (requests/sec) = 84.2529 res=false
*==== INFO ====* req_id_count= 12000 stream_id=47996 latency=0.857544 ms (tx_ts=158936496303223, rx_ts=158936497160767) request_id=945947 zil_blk_id=47996 ccf_commit_seqno=945948 nstreams_done_=12000 config.nstreams=20000 avg_latency=1.0314 ms avg throuhgput (requests/sec) = 84.2633 res=false
*==== INFO ====* req_id_count= 12500 stream_id=49996 latency=1.065393 ms (tx_ts=158942413125880, rx_ts=158942414191273) request_id=985464 zil_blk_id=49996 ccf_commit_seqno=985465 nstreams_done_=12500 config.nstreams=20000 avg_latency=1.0313 ms avg throuhgput (requests/sec) = 84.2729 res=false
*==== INFO ====* req_id_count= 13000 stream_id=51996 latency=1.249374 ms (tx_ts=158948362713294, rx_ts=158948363962668) request_id=1025167 zil_blk_id=51996 ccf_commit_seqno=1025169 nstreams_done_=13000 config.nstreams=20000 avg_latency=1.0320 ms avg throuhgput (requests/sec) = 84.2637 res=false
*==== INFO ====* req_id_count= 13500 stream_id=53996 latency=0.822928 ms (tx_ts=158954283997022, rx_ts=158954284819950) request_id=1064630 zil_blk_id=53996 ccf_commit_seqno=1064630 nstreams_done_=13500 config.nstreams=20000 avg_latency=1.0327 ms avg throuhgput (requests/sec) = 84.2705 res=false
*==== INFO ====* req_id_count= 14000 stream_id=55996 latency=0.721369 ms (tx_ts=158960182885202, rx_ts=158960183606571) request_id=1104042 zil_blk_id=55996 ccf_commit_seqno=1104042 nstreams_done_=14000 config.nstreams=20000 avg_latency=1.0309 ms avg throuhgput (requests/sec) = 84.2880 res=false
*==== INFO ====* req_id_count= 14500 stream_id=57996 latency=1.130996 ms (tx_ts=158966117912275, rx_ts=158966119043271) request_id=1143670 zil_blk_id=57996 ccf_commit_seqno=1143674 nstreams_done_=14500 config.nstreams=20000 avg_latency=1.0308 ms avg throuhgput (requests/sec) = 84.2864 res=false
*==== INFO ====* req_id_count= 15000 stream_id=59996 latency=1.123701 ms (tx_ts=158972045232606, rx_ts=158972046356307) request_id=1183330 zil_blk_id=59996 ccf_commit_seqno=1183332 nstreams_done_=15000 config.nstreams=20000 avg_latency=1.0313 ms avg throuhgput (requests/sec) = 84.2887 res=false
*==== INFO ====* req_id_count= 15500 stream_id=61996 latency=0.809888 ms (tx_ts=158977996183200, rx_ts=158977996993088) request_id=1223098 zil_blk_id=61996 ccf_commit_seqno=1223098 nstreams_done_=15500 config.nstreams=20000 avg_latency=1.0327 ms avg throuhgput (requests/sec) = 84.2801 res=false
*==== INFO ====* req_id_count= 16000 stream_id=63996 latency=1.128530 ms (tx_ts=158983913599747, rx_ts=158983914728277) request_id=1262673 zil_blk_id=63996 ccf_commit_seqno=1262675 nstreams_done_=16000 config.nstreams=20000 avg_latency=1.0328 ms avg throuhgput (requests/sec) = 84.2867 res=false
*==== INFO ====* req_id_count= 16500 stream_id=65996 latency=0.735465 ms (tx_ts=158989833024412, rx_ts=158989833759877) request_id=1302263 zil_blk_id=65996 ccf_commit_seqno=1302263 nstreams_done_=16500 config.nstreams=20000 avg_latency=1.0325 ms avg throuhgput (requests/sec) = 84.2924 res=false
*==== INFO ====* req_id_count= 17000 stream_id=67996 latency=1.095728 ms (tx_ts=158995779212356, rx_ts=158995780308084) request_id=1342033 zil_blk_id=67996 ccf_commit_seqno=1342036 nstreams_done_=17000 config.nstreams=20000 avg_latency=1.0329 ms avg throuhgput (requests/sec) = 84.2862 res=false
*==== INFO ====* req_id_count= 17500 stream_id=69996 latency=0.862854 ms (tx_ts=159001699474049, rx_ts=159001700336903) request_id=1381674 zil_blk_id=69996 ccf_commit_seqno=1381675 nstreams_done_=17500 config.nstreams=20000 avg_latency=1.0336 ms avg throuhgput (requests/sec) = 84.2911 res=false
*==== INFO ====* req_id_count= 18000 stream_id=71996 latency=1.107556 ms (tx_ts=159007628092132, rx_ts=159007629199688) request_id=1421416 zil_blk_id=71996 ccf_commit_seqno=1421417 nstreams_done_=18000 config.nstreams=20000 avg_latency=1.0336 ms avg throuhgput (requests/sec) = 84.2923 res=false
*==== INFO ====* req_id_count= 18500 stream_id=73996 latency=0.940437 ms (tx_ts=159013546640856, rx_ts=159013547581293) request_id=1461164 zil_blk_id=73996 ccf_commit_seqno=1461166 nstreams_done_=18500 config.nstreams=20000 avg_latency=1.0332 ms avg throuhgput (requests/sec) = 84.2974 res=false
*==== INFO ====* req_id_count= 19000 stream_id=75996 latency=1.227350 ms (tx_ts=159019452379986, rx_ts=159019453607336) request_id=1500743 zil_blk_id=75996 ccf_commit_seqno=1500746 nstreams_done_=19000 config.nstreams=20000 avg_latency=1.0325 ms avg throuhgput (requests/sec) = 84.3069 res=false
*==== INFO ====* req_id_count= 19500 stream_id=77996 latency=1.129675 ms (tx_ts=159025390678010, rx_ts=159025391807685) request_id=1540501 zil_blk_id=77996 ccf_commit_seqno=1540503 nstreams_done_=19500 config.nstreams=20000 avg_latency=1.0331 ms avg throuhgput (requests/sec) = 84.3042 res=false
*==== INFO ====* http_end_stream ALL streams done! nstreams_done_=20000 avg_latency=1.0328 msreq_id_count= 20000
*==== INFO ====* req_id_count= 20000 stream_id=79996 latency=0.765651 ms (tx_ts=159031307139374, rx_ts=159031307905025) request_id=1575011 zil_blk_id=79996 ccf_commit_seqno=1575011 nstreams_done_=20000 config.nstreams=20000 avg_latency=1.0328 ms avg throuhgput (requests/sec) = 84.3094 res=true
