Uniform: 674226 265744 552020 12792 310525 
Exponential: -2147483648 -2147483648 -2147483648 -2147483648 -2147483648 
Truncated Normal: 148115 655366 365119 494109 48676 
*==== INFO ====* req_id_count= 500 stream_id=1996 latency=1.188055 ms (tx_ts=158800156603877, rx_ts=158800157791932) request_id=39324 zil_blk_id=1996 ccf_commit_seqno=39327 nstreams_done_=500 config.nstreams=20000 avg_latency=1.1927 ms avg throuhgput (requests/sec) = 82.6039 res=false
*==== INFO ====* req_id_count= 1000 stream_id=3996 latency=1.221061 ms (tx_ts=158806252841496, rx_ts=158806254062557) request_id=79506 zil_blk_id=3996 ccf_commit_seqno=79507 nstreams_done_=1000 config.nstreams=20000 avg_latency=1.2132 ms avg throuhgput (requests/sec) = 82.3096 res=false
*==== INFO ====* req_id_count= 1500 stream_id=5996 latency=1.026500 ms (tx_ts=158812313541052, rx_ts=158812314567552) request_id=119539 zil_blk_id=5996 ccf_commit_seqno=119539 nstreams_done_=1500 config.nstreams=20000 avg_latency=1.2081 ms avg throuhgput (requests/sec) = 82.3734 res=false
*==== INFO ====* req_id_count= 2000 stream_id=7996 latency=1.124607 ms (tx_ts=158818375243245, rx_ts=158818376367852) request_id=159635 zil_blk_id=7996 ccf_commit_seqno=159637 nstreams_done_=2000 config.nstreams=20000 avg_latency=1.2011 ms avg throuhgput (requests/sec) = 82.4010 res=false
*==== INFO ====* req_id_count= 2500 stream_id=9996 latency=1.117022 ms (tx_ts=158824407098417, rx_ts=158824408215439) request_id=199651 zil_blk_id=9996 ccf_commit_seqno=199651 nstreams_done_=2500 config.nstreams=20000 avg_latency=1.1991 ms avg throuhgput (requests/sec) = 82.4990 res=false
*==== INFO ====* req_id_count= 3000 stream_id=11996 latency=0.971923 ms (tx_ts=158830399877008, rx_ts=158830400848931) request_id=239396 zil_blk_id=11996 ccf_commit_seqno=239396 nstreams_done_=3000 config.nstreams=20000 avg_latency=1.2007 ms avg throuhgput (requests/sec) = 82.6536 res=false
*==== INFO ====* req_id_count= 3500 stream_id=13996 latency=1.011521 ms (tx_ts=158836415084454, rx_ts=158836416095975) request_id=279266 zil_blk_id=13996 ccf_commit_seqno=279267 nstreams_done_=3500 config.nstreams=20000 avg_latency=1.2047 ms avg throuhgput (requests/sec) = 82.7202 res=false
*==== INFO ====* req_id_count= 4000 stream_id=15996 latency=1.249787 ms (tx_ts=158842396287729, rx_ts=158842397537516) request_id=319013 zil_blk_id=15996 ccf_commit_seqno=319017 nstreams_done_=4000 config.nstreams=20000 avg_latency=1.2046 ms avg throuhgput (requests/sec) = 82.8282 res=false
*==== INFO ====* req_id_count= 4500 stream_id=17996 latency=1.267024 ms (tx_ts=158848388441447, rx_ts=158848389708471) request_id=358841 zil_blk_id=17996 ccf_commit_seqno=358843 nstreams_done_=4500 config.nstreams=20000 avg_latency=1.2047 ms avg throuhgput (requests/sec) = 82.8960 res=false
*==== INFO ====* req_id_count= 5000 stream_id=19996 latency=1.017893 ms (tx_ts=158854356623670, rx_ts=158854357641563) request_id=398510 zil_blk_id=19996 ccf_commit_seqno=398510 nstreams_done_=5000 config.nstreams=20000 avg_latency=1.2045 ms avg throuhgput (requests/sec) = 82.9836 res=false
*==== INFO ====* req_id_count= 5500 stream_id=21996 latency=0.953252 ms (tx_ts=158860319584117, rx_ts=158860320537369) request_id=438174 zil_blk_id=21996 ccf_commit_seqno=438174 nstreams_done_=5500 config.nstreams=20000 avg_latency=1.2027 ms avg throuhgput (requests/sec) = 83.0618 res=false
*==== INFO ====* req_id_count= 6000 stream_id=23996 latency=1.270676 ms (tx_ts=158866317054477, rx_ts=158866318325153) request_id=478039 zil_blk_id=23996 ccf_commit_seqno=478042 nstreams_done_=6000 config.nstreams=20000 avg_latency=1.2029 ms avg throuhgput (requests/sec) = 83.0869 res=false
*==== INFO ====* req_id_count= 6500 stream_id=25996 latency=1.040195 ms (tx_ts=158872310249259, rx_ts=158872311289454) request_id=517903 zil_blk_id=25996 ccf_commit_seqno=517904 nstreams_done_=6500 config.nstreams=20000 avg_latency=1.2047 ms avg throuhgput (requests/sec) = 83.1133 res=false
*==== INFO ====* req_id_count= 7000 stream_id=27996 latency=1.061255 ms (tx_ts=158878304517319, rx_ts=158878305578574) request_id=557770 zil_blk_id=27996 ccf_commit_seqno=557770 nstreams_done_=7000 config.nstreams=20000 avg_latency=1.2069 ms avg throuhgput (requests/sec) = 83.1346 res=false
*==== INFO ====* req_id_count= 7500 stream_id=29996 latency=1.029184 ms (tx_ts=158884330500309, rx_ts=158884331529493) request_id=597805 zil_blk_id=29996 ccf_commit_seqno=597807 nstreams_done_=7500 config.nstreams=20000 avg_latency=1.2094 ms avg throuhgput (requests/sec) = 83.1239 res=false
*==== INFO ====* req_id_count= 8000 stream_id=31996 latency=1.325358 ms (tx_ts=158890324635329, rx_ts=158890325960687) request_id=637798 zil_blk_id=31996 ccf_commit_seqno=637802 nstreams_done_=8000 config.nstreams=20000 avg_latency=1.2085 ms avg throuhgput (requests/sec) = 83.1418 res=false
*==== INFO ====* req_id_count= 8500 stream_id=33996 latency=0.926303 ms (tx_ts=158896320556177, rx_ts=158896321482480) request_id=677754 zil_blk_id=33996 ccf_commit_seqno=677754 nstreams_done_=8500 config.nstreams=20000 avg_latency=1.2110 ms avg throuhgput (requests/sec) = 83.1567 res=false
*==== INFO ====* req_id_count= 9000 stream_id=35996 latency=1.562521 ms (tx_ts=158902301196823, rx_ts=158902302759344) request_id=717628 zil_blk_id=35996 ccf_commit_seqno=717633 nstreams_done_=9000 config.nstreams=20000 avg_latency=1.2108 ms avg throuhgput (requests/sec) = 83.1809 res=false
*==== INFO ====* req_id_count= 9500 stream_id=37996 latency=0.970184 ms (tx_ts=158908301840711, rx_ts=158908302810895) request_id=757608 zil_blk_id=37996 ccf_commit_seqno=757608 nstreams_done_=9500 config.nstreams=20000 avg_latency=1.2110 ms avg throuhgput (requests/sec) = 83.1888 res=false
*==== INFO ====* req_id_count= 10000 stream_id=39996 latency=1.071749 ms (tx_ts=158914288479044, rx_ts=158914289550793) request_id=797523 zil_blk_id=39996 ccf_commit_seqno=797525 nstreams_done_=10000 config.nstreams=20000 avg_latency=1.2106 ms avg throuhgput (requests/sec) = 83.2052 res=false
*==== INFO ====* req_id_count= 10500 stream_id=41996 latency=1.051590 ms (tx_ts=158920303827579, rx_ts=158920304879169) request_id=837618 zil_blk_id=41996 ccf_commit_seqno=837620 nstreams_done_=10500 config.nstreams=20000 avg_latency=1.2117 ms avg throuhgput (requests/sec) = 83.2012 res=false
*==== INFO ====* req_id_count= 11000 stream_id=43996 latency=1.225391 ms (tx_ts=158926297355300, rx_ts=158926298580691) request_id=877710 zil_blk_id=43996 ccf_commit_seqno=877712 nstreams_done_=11000 config.nstreams=20000 avg_latency=1.2110 ms avg throuhgput (requests/sec) = 83.2112 res=false
*==== INFO ====* req_id_count= 11500 stream_id=45996 latency=1.269156 ms (tx_ts=158932244356676, rx_ts=158932245625832) request_id=917510 zil_blk_id=45996 ccf_commit_seqno=917511 nstreams_done_=11500 config.nstreams=20000 avg_latency=1.2090 ms avg throuhgput (requests/sec) = 83.2484 res=false
*==== INFO ====* req_id_count= 12000 stream_id=47996 latency=0.934113 ms (tx_ts=158938245044366, rx_ts=158938245978479) request_id=957621 zil_blk_id=47996 ccf_commit_seqno=957621 nstreams_done_=12000 config.nstreams=20000 avg_latency=1.2089 ms avg throuhgput (requests/sec) = 83.2517 res=false
*==== INFO ====* req_id_count= 12500 stream_id=49996 latency=1.110333 ms (tx_ts=158944236552609, rx_ts=158944237662942) request_id=997635 zil_blk_id=49996 ccf_commit_seqno=997637 nstreams_done_=12500 config.nstreams=20000 avg_latency=1.2093 ms avg throuhgput (requests/sec) = 83.2596 res=false
*==== INFO ====* req_id_count= 13000 stream_id=51996 latency=1.084597 ms (tx_ts=158950235363091, rx_ts=158950236447688) request_id=1037681 zil_blk_id=51996 ccf_commit_seqno=1037683 nstreams_done_=13000 config.nstreams=20000 avg_latency=1.2099 ms avg throuhgput (requests/sec) = 83.2631 res=false
*==== INFO ====* req_id_count= 13500 stream_id=53996 latency=1.376313 ms (tx_ts=158956242619117, rx_ts=158956243995430) request_id=1077703 zil_blk_id=53996 ccf_commit_seqno=1077704 nstreams_done_=13500 config.nstreams=20000 avg_latency=1.2103 ms avg throuhgput (requests/sec) = 83.2618 res=false
*==== INFO ====* req_id_count= 14000 stream_id=55996 latency=0.932483 ms (tx_ts=158962262227448, rx_ts=158962263159931) request_id=1117950 zil_blk_id=55996 ccf_commit_seqno=1117951 nstreams_done_=14000 config.nstreams=20000 avg_latency=1.2100 ms avg throuhgput (requests/sec) = 83.2549 res=false
*==== INFO ====* req_id_count= 14500 stream_id=57996 latency=1.366435 ms (tx_ts=158968269253433, rx_ts=158968270619868) request_id=1158033 zil_blk_id=57996 ccf_commit_seqno=1158036 nstreams_done_=14500 config.nstreams=20000 avg_latency=1.2103 ms avg throuhgput (requests/sec) = 83.2540 res=false
*==== INFO ====* req_id_count= 15000 stream_id=59996 latency=1.065459 ms (tx_ts=158974266644175, rx_ts=158974267709634) request_id=1198171 zil_blk_id=59996 ccf_commit_seqno=1198171 nstreams_done_=15000 config.nstreams=20000 avg_latency=1.2100 ms avg throuhgput (requests/sec) = 83.2580 res=false
*==== INFO ====* req_id_count= 15500 stream_id=61996 latency=1.386473 ms (tx_ts=158980258946317, rx_ts=158980260332790) request_id=1238264 zil_blk_id=61996 ccf_commit_seqno=1238266 nstreams_done_=15500 config.nstreams=20000 avg_latency=1.2103 ms avg throuhgput (requests/sec) = 83.2637 res=false
*==== INFO ====* req_id_count= 16000 stream_id=63996 latency=1.269142 ms (tx_ts=158986263408129, rx_ts=158986264677271) request_id=1278376 zil_blk_id=63996 ccf_commit_seqno=1278380 nstreams_done_=16000 config.nstreams=20000 avg_latency=1.2111 ms avg throuhgput (requests/sec) = 83.2640 res=false
*==== INFO ====* req_id_count= 16500 stream_id=65996 latency=1.291053 ms (tx_ts=158992245929111, rx_ts=158992247220164) request_id=1318400 zil_blk_id=65996 ccf_commit_seqno=1318403 nstreams_done_=16500 config.nstreams=20000 avg_latency=1.2118 ms avg throuhgput (requests/sec) = 83.2734 res=false
*==== INFO ====* req_id_count= 17000 stream_id=67996 latency=1.240829 ms (tx_ts=158998240990246, rx_ts=158998242231075) request_id=1358504 zil_blk_id=67996 ccf_commit_seqno=1358505 nstreams_done_=17000 config.nstreams=20000 avg_latency=1.2122 ms avg throuhgput (requests/sec) = 83.2772 res=false
*==== INFO ====* req_id_count= 17500 stream_id=69996 latency=1.139180 ms (tx_ts=159004225960854, rx_ts=159004227100034) request_id=1398628 zil_blk_id=69996 ccf_commit_seqno=1398628 nstreams_done_=17500 config.nstreams=20000 avg_latency=1.2120 ms avg throuhgput (requests/sec) = 83.2848 res=false
*==== INFO ====* req_id_count= 18000 stream_id=71996 latency=1.232330 ms (tx_ts=159010241754749, rx_ts=159010242987079) request_id=1438992 zil_blk_id=71996 ccf_commit_seqno=1438997 nstreams_done_=18000 config.nstreams=20000 avg_latency=1.2125 ms avg throuhgput (requests/sec) = 83.2801 res=false
*==== INFO ====* req_id_count= 18500 stream_id=73996 latency=1.087914 ms (tx_ts=159016235095180, rx_ts=159016236183094) request_id=1479200 zil_blk_id=73996 ccf_commit_seqno=1479203 nstreams_done_=18500 config.nstreams=20000 avg_latency=1.2121 ms avg throuhgput (requests/sec) = 83.2840 res=false
*==== INFO ====* req_id_count= 19000 stream_id=75996 latency=1.459018 ms (tx_ts=159022248123368, rx_ts=159022249582386) request_id=1519470 zil_blk_id=75996 ccf_commit_seqno=1519473 nstreams_done_=19000 config.nstreams=20000 avg_latency=1.2127 ms avg throuhgput (requests/sec) = 83.2805 res=false
*==== INFO ====* req_id_count= 19500 stream_id=77996 latency=1.259756 ms (tx_ts=159028261603183, rx_ts=159028262862939) request_id=1558978 zil_blk_id=77996 ccf_commit_seqno=1558980 nstreams_done_=19500 config.nstreams=20000 avg_latency=1.2130 ms avg throuhgput (requests/sec) = 83.2771 res=false
*==== INFO ====* http_end_stream ALL streams done! nstreams_done_=20000 avg_latency=1.2123 msreq_id_count= 20000
*==== INFO ====* req_id_count= 20000 stream_id=79996 latency=0.918428 ms (tx_ts=159034270383372, rx_ts=159034271301800) request_id=1585514 zil_blk_id=79996 ccf_commit_seqno=1585514 nstreams_done_=20000 config.nstreams=20000 avg_latency=1.2123 ms avg throuhgput (requests/sec) = 83.2756 res=true
