Uniform: 418092 115579 407943 105242 51471 
Exponential: -2147483648 -2147483648 -2147483648 -2147483648 -2147483648 
Truncated Normal: 605597 631984 164905 419202 569673 
*==== INFO ====* req_id_count= 500 stream_id=1996 latency=1.097074 ms (tx_ts=158800386308597, rx_ts=158800387405671) request_id=40818 zil_blk_id=1996 ccf_commit_seqno=40818 nstreams_done_=500 config.nstreams=20000 avg_latency=1.2603 ms avg throuhgput (requests/sec) = 79.6728 res=false
*==== INFO ====* req_id_count= 1000 stream_id=3996 latency=1.259535 ms (tx_ts=158806667431453, rx_ts=158806668690988) request_id=82225 zil_blk_id=3996 ccf_commit_seqno=82227 nstreams_done_=1000 config.nstreams=20000 avg_latency=1.2514 ms avg throuhgput (requests/sec) = 79.6372 res=false
*==== INFO ====* req_id_count= 1500 stream_id=5996 latency=1.040115 ms (tx_ts=158812957501364, rx_ts=158812958541479) request_id=123765 zil_blk_id=5996 ccf_commit_seqno=123765 nstreams_done_=1500 config.nstreams=20000 avg_latency=1.2526 ms avg throuhgput (requests/sec) = 79.5891 res=false
*==== INFO ====* req_id_count= 2000 stream_id=7996 latency=1.291896 ms (tx_ts=158819229680005, rx_ts=158819230971901) request_id=165301 zil_blk_id=7996 ccf_commit_seqno=165302 nstreams_done_=2000 config.nstreams=20000 avg_latency=1.2465 ms avg throuhgput (requests/sec) = 79.6203 res=false
*==== INFO ====* req_id_count= 2500 stream_id=9996 latency=0.936715 ms (tx_ts=158825509897847, rx_ts=158825510834562) request_id=206943 zil_blk_id=9996 ccf_commit_seqno=206943 nstreams_done_=2500 config.nstreams=20000 avg_latency=1.2474 ms avg throuhgput (requests/sec) = 79.6201 res=false
*==== INFO ====* req_id_count= 3000 stream_id=11996 latency=1.342370 ms (tx_ts=158831795116901, rx_ts=158831796459271) request_id=248620 zil_blk_id=11996 ccf_commit_seqno=248621 nstreams_done_=3000 config.nstreams=20000 avg_latency=1.2482 ms avg throuhgput (requests/sec) = 79.6079 res=false
*==== INFO ====* req_id_count= 3500 stream_id=13996 latency=1.361413 ms (tx_ts=158838076732552, rx_ts=158838078093965) request_id=290313 zil_blk_id=13996 ccf_commit_seqno=290314 nstreams_done_=3500 config.nstreams=20000 avg_latency=1.2508 ms avg throuhgput (requests/sec) = 79.6063 res=false
*==== INFO ====* req_id_count= 4000 stream_id=15996 latency=1.404980 ms (tx_ts=158844355884886, rx_ts=158844357289866) request_id=332030 zil_blk_id=15996 ccf_commit_seqno=332031 nstreams_done_=4000 config.nstreams=20000 avg_latency=1.2527 ms avg throuhgput (requests/sec) = 79.6090 res=false
*==== INFO ====* req_id_count= 4500 stream_id=17996 latency=1.380364 ms (tx_ts=158850619662273, rx_ts=158850621042637) request_id=373653 zil_blk_id=17996 ccf_commit_seqno=373658 nstreams_done_=4500 config.nstreams=20000 avg_latency=1.2484 ms avg throuhgput (requests/sec) = 79.6329 res=false
*==== INFO ====* req_id_count= 5000 stream_id=19996 latency=1.263642 ms (tx_ts=158856890383797, rx_ts=158856891647439) request_id=415364 zil_blk_id=19996 ccf_commit_seqno=415367 nstreams_done_=5000 config.nstreams=20000 avg_latency=1.2460 ms avg throuhgput (requests/sec) = 79.6433 res=false
*==== INFO ====* req_id_count= 5500 stream_id=21996 latency=1.093404 ms (tx_ts=158863176500861, rx_ts=158863177594265) request_id=457168 zil_blk_id=21996 ccf_commit_seqno=457168 nstreams_done_=5500 config.nstreams=20000 avg_latency=1.2471 ms avg throuhgput (requests/sec) = 79.6341 res=false
*==== INFO ====* req_id_count= 6000 stream_id=23996 latency=1.169537 ms (tx_ts=158869453985578, rx_ts=158869455155115) request_id=498888 zil_blk_id=23996 ccf_commit_seqno=498891 nstreams_done_=6000 config.nstreams=20000 avg_latency=1.2470 ms avg throuhgput (requests/sec) = 79.6354 res=false
*==== INFO ====* req_id_count= 6500 stream_id=25996 latency=1.219410 ms (tx_ts=158875727626707, rx_ts=158875728846117) request_id=540631 zil_blk_id=25996 ccf_commit_seqno=540637 nstreams_done_=6500 config.nstreams=20000 avg_latency=1.2481 ms avg throuhgput (requests/sec) = 79.6402 res=false
*==== INFO ====* req_id_count= 7000 stream_id=27996 latency=1.224589 ms (tx_ts=158882018194957, rx_ts=158882019419546) request_id=582444 zil_blk_id=27996 ccf_commit_seqno=582445 nstreams_done_=7000 config.nstreams=20000 avg_latency=1.2492 ms avg throuhgput (requests/sec) = 79.6290 res=false
*==== INFO ====* req_id_count= 7500 stream_id=29996 latency=0.965675 ms (tx_ts=158888293801056, rx_ts=158888294766731) request_id=624254 zil_blk_id=29996 ccf_commit_seqno=624254 nstreams_done_=7500 config.nstreams=20000 avg_latency=1.2493 ms avg throuhgput (requests/sec) = 79.6322 res=false
*==== INFO ====* req_id_count= 8000 stream_id=31996 latency=1.103864 ms (tx_ts=158894562999634, rx_ts=158894564103498) request_id=666054 zil_blk_id=31996 ccf_commit_seqno=666056 nstreams_done_=8000 config.nstreams=20000 avg_latency=1.2491 ms avg throuhgput (requests/sec) = 79.6397 res=false
*==== INFO ====* req_id_count= 8500 stream_id=33996 latency=1.230511 ms (tx_ts=158900846950736, rx_ts=158900848181247) request_id=707920 zil_blk_id=33996 ccf_commit_seqno=707921 nstreams_done_=8500 config.nstreams=20000 avg_latency=1.2489 ms avg throuhgput (requests/sec) = 79.6354 res=false
*==== INFO ====* req_id_count= 9000 stream_id=35996 latency=1.546833 ms (tx_ts=158907120729255, rx_ts=158907122276088) request_id=749738 zil_blk_id=35996 ccf_commit_seqno=749741 nstreams_done_=9000 config.nstreams=20000 avg_latency=1.2485 ms avg throuhgput (requests/sec) = 79.6386 res=false
*==== INFO ====* req_id_count= 9500 stream_id=37996 latency=1.209441 ms (tx_ts=158913408232886, rx_ts=158913409442327) request_id=791681 zil_blk_id=37996 ccf_commit_seqno=791682 nstreams_done_=9500 config.nstreams=20000 avg_latency=1.2497 ms avg throuhgput (requests/sec) = 79.6327 res=false
*==== INFO ====* req_id_count= 10000 stream_id=39996 latency=1.048518 ms (tx_ts=158919690431212, rx_ts=158919691479730) request_id=833533 zil_blk_id=39996 ccf_commit_seqno=833533 nstreams_done_=10000 config.nstreams=20000 avg_latency=1.2499 ms avg throuhgput (requests/sec) = 79.6307 res=false
*==== INFO ====* req_id_count= 10500 stream_id=41996 latency=1.155871 ms (tx_ts=158925947634540, rx_ts=158925948790411) request_id=875373 zil_blk_id=41996 ccf_commit_seqno=875373 nstreams_done_=10500 config.nstreams=20000 avg_latency=1.2486 ms avg throuhgput (requests/sec) = 79.6438 res=false
*==== INFO ====* req_id_count= 11000 stream_id=43996 latency=1.367566 ms (tx_ts=158932206268913, rx_ts=158932207636479) request_id=917263 zil_blk_id=43996 ccf_commit_seqno=917263 nstreams_done_=11000 config.nstreams=20000 avg_latency=1.2476 ms avg throuhgput (requests/sec) = 79.6548 res=false
*==== INFO ====* req_id_count= 11500 stream_id=45996 latency=1.386299 ms (tx_ts=158938480048138, rx_ts=158938481434437) request_id=959199 zil_blk_id=45996 ccf_commit_seqno=959201 nstreams_done_=11500 config.nstreams=20000 avg_latency=1.2474 ms avg throuhgput (requests/sec) = 79.6566 res=false
*==== INFO ====* req_id_count= 12000 stream_id=47996 latency=1.062847 ms (tx_ts=158944757216514, rx_ts=158944758279361) request_id=1001105 zil_blk_id=47996 ccf_commit_seqno=1001105 nstreams_done_=12000 config.nstreams=20000 avg_latency=1.2475 ms avg throuhgput (requests/sec) = 79.6567 res=false
*==== INFO ====* req_id_count= 12500 stream_id=49996 latency=1.208800 ms (tx_ts=158951038457271, rx_ts=158951039666071) request_id=1043059 zil_blk_id=49996 ccf_commit_seqno=1043063 nstreams_done_=12500 config.nstreams=20000 avg_latency=1.2477 ms avg throuhgput (requests/sec) = 79.6544 res=false
*==== INFO ====* req_id_count= 13000 stream_id=51996 latency=1.215864 ms (tx_ts=158957316634649, rx_ts=158957317850513) request_id=1084870 zil_blk_id=51996 ccf_commit_seqno=1084874 nstreams_done_=13000 config.nstreams=20000 avg_latency=1.2481 ms avg throuhgput (requests/sec) = 79.6539 res=false
*==== INFO ====* req_id_count= 13500 stream_id=53996 latency=1.021510 ms (tx_ts=158963586709599, rx_ts=158963587731109) request_id=1126777 zil_blk_id=53996 ccf_commit_seqno=1126777 nstreams_done_=13500 config.nstreams=20000 avg_latency=1.2480 ms avg throuhgput (requests/sec) = 79.6573 res=false
*==== INFO ====* req_id_count= 14000 stream_id=55996 latency=1.187781 ms (tx_ts=158969866347512, rx_ts=158969867535293) request_id=1168731 zil_blk_id=55996 ccf_commit_seqno=1168733 nstreams_done_=14000 config.nstreams=20000 avg_latency=1.2483 ms avg throuhgput (requests/sec) = 79.6560 res=false
*==== INFO ====* req_id_count= 14500 stream_id=57996 latency=2.033934 ms (tx_ts=158976139996846, rx_ts=158976142030780) request_id=1210684 zil_blk_id=57996 ccf_commit_seqno=1210691 nstreams_done_=14500 config.nstreams=20000 avg_latency=1.2483 ms avg throuhgput (requests/sec) = 79.6571 res=false
*==== INFO ====* req_id_count= 15000 stream_id=59996 latency=1.353000 ms (tx_ts=158982410542420, rx_ts=158982411895420) request_id=1252642 zil_blk_id=59996 ccf_commit_seqno=1252645 nstreams_done_=15000 config.nstreams=20000 avg_latency=1.2482 ms avg throuhgput (requests/sec) = 79.6601 res=false
*==== INFO ====* req_id_count= 15500 stream_id=61996 latency=0.951068 ms (tx_ts=158988692315441, rx_ts=158988693266509) request_id=1294631 zil_blk_id=61996 ccf_commit_seqno=1294631 nstreams_done_=15500 config.nstreams=20000 avg_latency=1.2490 ms avg throuhgput (requests/sec) = 79.6581 res=false
*==== INFO ====* req_id_count= 16000 stream_id=63996 latency=1.350385 ms (tx_ts=158994958675536, rx_ts=158994960025921) request_id=1336546 zil_blk_id=63996 ccf_commit_seqno=1336550 nstreams_done_=16000 config.nstreams=20000 avg_latency=1.2487 ms avg throuhgput (requests/sec) = 79.6621 res=false
*==== INFO ====* req_id_count= 16500 stream_id=65996 latency=1.312474 ms (tx_ts=159001206855387, rx_ts=159001208167861) request_id=1378372 zil_blk_id=65996 ccf_commit_seqno=1378376 nstreams_done_=16500 config.nstreams=20000 avg_latency=1.2483 ms avg throuhgput (requests/sec) = 79.6730 res=false
*==== INFO ====* req_id_count= 17000 stream_id=67996 latency=1.131506 ms (tx_ts=159007452396756, rx_ts=159007453528262) request_id=1420237 zil_blk_id=67996 ccf_commit_seqno=1420237 nstreams_done_=17000 config.nstreams=20000 avg_latency=1.2476 ms avg throuhgput (requests/sec) = 79.6843 res=false
*==== INFO ====* req_id_count= 17500 stream_id=69996 latency=1.056736 ms (tx_ts=159013690609628, rx_ts=159013691666364) request_id=1462131 zil_blk_id=69996 ccf_commit_seqno=1462132 nstreams_done_=17500 config.nstreams=20000 avg_latency=1.2464 ms avg throuhgput (requests/sec) = 79.6976 res=false
*==== INFO ====* req_id_count= 18000 stream_id=71996 latency=1.379780 ms (tx_ts=159019961729683, rx_ts=159019963109463) request_id=1504147 zil_blk_id=71996 ccf_commit_seqno=1504149 nstreams_done_=18000 config.nstreams=20000 avg_latency=1.2460 ms avg throuhgput (requests/sec) = 79.6984 res=false
*==== INFO ====* req_id_count= 18500 stream_id=73996 latency=0.995161 ms (tx_ts=159026225068968, rx_ts=159026226064129) request_id=1546070 zil_blk_id=73996 ccf_commit_seqno=1546070 nstreams_done_=18500 config.nstreams=20000 avg_latency=1.2461 ms avg throuhgput (requests/sec) = 79.7021 res=false
*==== INFO ====* req_id_count= 19000 stream_id=75996 latency=1.076513 ms (tx_ts=159032469616282, rx_ts=159032470692795) request_id=1579629 zil_blk_id=75996 ccf_commit_seqno=1579629 nstreams_done_=19000 config.nstreams=20000 avg_latency=1.2460 ms avg throuhgput (requests/sec) = 79.7117 res=false
*==== INFO ====* req_id_count= 19500 stream_id=77996 latency=1.145572 ms (tx_ts=159038615737089, rx_ts=159038616882661) request_id=1594679 zil_blk_id=77996 ccf_commit_seqno=1594679 nstreams_done_=19500 config.nstreams=20000 avg_latency=1.2455 ms avg throuhgput (requests/sec) = 79.7529 res=false
*==== INFO ====* http_end_stream ALL streams done! nstreams_done_=20000 avg_latency=1.2420 msreq_id_count= 20000
*==== INFO ====* req_id_count= 20000 stream_id=79996 latency=1.045845 ms (tx_ts=159044807873213, rx_ts=159044808919058) request_id=1599809 zil_blk_id=79996 ccf_commit_seqno=1599809 nstreams_done_=20000 config.nstreams=20000 avg_latency=1.2420 ms avg throuhgput (requests/sec) = 79.7775 res=true
