Uniform: 212979 403833 877747 428927 765001 
Exponential: -2147483648 -2147483648 -2147483648 -2147483648 -2147483648 
Truncated Normal: 783837 873056 328247 97159 531688 
*==== INFO ====* req_id_count= 500 stream_id=1996 latency=1.346142 ms (tx_ts=158800418725527, rx_ts=158800420071669) request_id=41022 zil_blk_id=1996 ccf_commit_seqno=41025 nstreams_done_=500 config.nstreams=20000 avg_latency=1.3119 ms avg throuhgput (requests/sec) = 79.2371 res=false
*==== INFO ====* req_id_count= 1000 stream_id=3996 latency=1.251840 ms (tx_ts=158806746686437, rx_ts=158806747938277) request_id=82745 zil_blk_id=3996 ccf_commit_seqno=82747 nstreams_done_=1000 config.nstreams=20000 avg_latency=1.3010 ms avg throuhgput (requests/sec) = 79.1262 res=false
*==== INFO ====* req_id_count= 1500 stream_id=5996 latency=0.978520 ms (tx_ts=158813062418374, rx_ts=158813063396894) request_id=124457 zil_blk_id=5996 ccf_commit_seqno=124457 nstreams_done_=1500 config.nstreams=20000 avg_latency=1.2902 ms avg throuhgput (requests/sec) = 79.1411 res=false
*==== INFO ====* req_id_count= 2000 stream_id=7996 latency=1.517330 ms (tx_ts=158819344378290, rx_ts=158819345895620) request_id=166056 zil_blk_id=7996 ccf_commit_seqno=166058 nstreams_done_=2000 config.nstreams=20000 avg_latency=1.2749 ms avg throuhgput (requests/sec) = 79.2519 res=false
*==== INFO ====* req_id_count= 2500 stream_id=9996 latency=1.227369 ms (tx_ts=158825634824488, rx_ts=158825636051857) request_id=207770 zil_blk_id=9996 ccf_commit_seqno=207772 nstreams_done_=2500 config.nstreams=20000 avg_latency=1.2679 ms avg throuhgput (requests/sec) = 79.2992 res=false
*==== INFO ====* req_id_count= 3000 stream_id=11996 latency=1.032550 ms (tx_ts=158831923621176, rx_ts=158831924653726) request_id=249471 zil_blk_id=11996 ccf_commit_seqno=249471 nstreams_done_=3000 config.nstreams=20000 avg_latency=1.2621 ms avg throuhgput (requests/sec) = 79.3341 res=false
*==== INFO ====* req_id_count= 3500 stream_id=13996 latency=1.264975 ms (tx_ts=158838217793601, rx_ts=158838219058576) request_id=291247 zil_blk_id=13996 ccf_commit_seqno=291250 nstreams_done_=3500 config.nstreams=20000 avg_latency=1.2615 ms avg throuhgput (requests/sec) = 79.3486 res=false
*==== INFO ====* req_id_count= 4000 stream_id=15996 latency=1.349513 ms (tx_ts=158844508044259, rx_ts=158844509393772) request_id=333027 zil_blk_id=15996 ccf_commit_seqno=333029 nstreams_done_=4000 config.nstreams=20000 avg_latency=1.2587 ms avg throuhgput (requests/sec) = 79.3659 res=false
*==== INFO ====* req_id_count= 4500 stream_id=17996 latency=1.306633 ms (tx_ts=158850794038774, rx_ts=158850795345407) request_id=374806 zil_blk_id=17996 ccf_commit_seqno=374807 nstreams_done_=4500 config.nstreams=20000 avg_latency=1.2562 ms avg throuhgput (requests/sec) = 79.3855 res=false
*==== INFO ====* req_id_count= 5000 stream_id=19996 latency=1.275174 ms (tx_ts=158857093150928, rx_ts=158857094426102) request_id=416719 zil_blk_id=19996 ccf_commit_seqno=416719 nstreams_done_=5000 config.nstreams=20000 avg_latency=1.2562 ms avg throuhgput (requests/sec) = 79.3846 res=false
*==== INFO ====* req_id_count= 5500 stream_id=21996 latency=1.438683 ms (tx_ts=158863382240415, rx_ts=158863383679098) request_id=458537 zil_blk_id=21996 ccf_commit_seqno=458540 nstreams_done_=5500 config.nstreams=20000 avg_latency=1.2541 ms avg throuhgput (requests/sec) = 79.3951 res=false
*==== INFO ====* req_id_count= 6000 stream_id=23996 latency=1.366023 ms (tx_ts=158869676136684, rx_ts=158869677502707) request_id=500378 zil_blk_id=23996 ccf_commit_seqno=500379 nstreams_done_=6000 config.nstreams=20000 avg_latency=1.2536 ms avg throuhgput (requests/sec) = 79.3991 res=false
*==== INFO ====* req_id_count= 6500 stream_id=25996 latency=1.276867 ms (tx_ts=158875978783018, rx_ts=158875980059885) request_id=542309 zil_blk_id=25996 ccf_commit_seqno=542311 nstreams_done_=6500 config.nstreams=20000 avg_latency=1.2540 ms avg throuhgput (requests/sec) = 79.3940 res=false
*==== INFO ====* req_id_count= 7000 stream_id=27996 latency=1.398846 ms (tx_ts=158882304508412, rx_ts=158882305907258) request_id=584346 zil_blk_id=27996 ccf_commit_seqno=584347 nstreams_done_=7000 config.nstreams=20000 avg_latency=1.2547 ms avg throuhgput (requests/sec) = 79.3687 res=false
*==== INFO ====* req_id_count= 7500 stream_id=29996 latency=1.149870 ms (tx_ts=158888600735610, rx_ts=158888601885480) request_id=626312 zil_blk_id=29996 ccf_commit_seqno=626313 nstreams_done_=7500 config.nstreams=20000 avg_latency=1.2537 ms avg throuhgput (requests/sec) = 79.3718 res=false
*==== INFO ====* req_id_count= 8000 stream_id=31996 latency=1.466522 ms (tx_ts=158894878280250, rx_ts=158894879746772) request_id=668159 zil_blk_id=31996 ccf_commit_seqno=668163 nstreams_done_=8000 config.nstreams=20000 avg_latency=1.2530 ms avg throuhgput (requests/sec) = 79.3888 res=false
*==== INFO ====* req_id_count= 8500 stream_id=33996 latency=0.967479 ms (tx_ts=158901188512192, rx_ts=158901189479671) request_id=710192 zil_blk_id=33996 ccf_commit_seqno=710192 nstreams_done_=8500 config.nstreams=20000 avg_latency=1.2537 ms avg throuhgput (requests/sec) = 79.3802 res=false
*==== INFO ====* req_id_count= 9000 stream_id=35996 latency=0.998107 ms (tx_ts=158907483179857, rx_ts=158907484177964) request_id=752140 zil_blk_id=35996 ccf_commit_seqno=752140 nstreams_done_=9000 config.nstreams=20000 avg_latency=1.2537 ms avg throuhgput (requests/sec) = 79.3831 res=false
*==== INFO ====* req_id_count= 9500 stream_id=37996 latency=1.205204 ms (tx_ts=158913792114783, rx_ts=158913793319987) request_id=794234 zil_blk_id=37996 ccf_commit_seqno=794235 nstreams_done_=9500 config.nstreams=20000 avg_latency=1.2542 ms avg throuhgput (requests/sec) = 79.3761 res=false
*==== INFO ====* req_id_count= 10000 stream_id=39996 latency=1.326928 ms (tx_ts=158920077756807, rx_ts=158920079083735) request_id=836114 zil_blk_id=39996 ccf_commit_seqno=836117 nstreams_done_=10000 config.nstreams=20000 avg_latency=1.2529 ms avg throuhgput (requests/sec) = 79.3845 res=false
*==== INFO ====* req_id_count= 10500 stream_id=41996 latency=1.475679 ms (tx_ts=158926351311419, rx_ts=158926352787098) request_id=878071 zil_blk_id=41996 ccf_commit_seqno=878073 nstreams_done_=10500 config.nstreams=20000 avg_latency=1.2516 ms avg throuhgput (requests/sec) = 79.3994 res=false
*==== INFO ====* req_id_count= 11000 stream_id=43996 latency=1.267298 ms (tx_ts=158932617090762, rx_ts=158932618358060) request_id=920001 zil_blk_id=43996 ccf_commit_seqno=920003 nstreams_done_=11000 config.nstreams=20000 avg_latency=1.2498 ms avg throuhgput (requests/sec) = 79.4175 res=false
*==== INFO ====* req_id_count= 11500 stream_id=45996 latency=1.007013 ms (tx_ts=158938895139025, rx_ts=158938896146038) request_id=961965 zil_blk_id=45996 ccf_commit_seqno=961967 nstreams_done_=11500 config.nstreams=20000 avg_latency=1.2490 ms avg throuhgput (requests/sec) = 79.4274 res=false
*==== INFO ====* req_id_count= 12000 stream_id=47996 latency=1.046436 ms (tx_ts=158945181033579, rx_ts=158945182080015) request_id=1003945 zil_blk_id=47996 ccf_commit_seqno=1003945 nstreams_done_=12000 config.nstreams=20000 avg_latency=1.2486 ms avg throuhgput (requests/sec) = 79.4322 res=false
*==== INFO ====* req_id_count= 12500 stream_id=49996 latency=1.133584 ms (tx_ts=158951469288837, rx_ts=158951470422421) request_id=1045946 zil_blk_id=49996 ccf_commit_seqno=1045947 nstreams_done_=12500 config.nstreams=20000 avg_latency=1.2474 ms avg throuhgput (requests/sec) = 79.4354 res=false
*==== INFO ====* req_id_count= 13000 stream_id=51996 latency=0.981716 ms (tx_ts=158957776067208, rx_ts=158957777048924) request_id=1087938 zil_blk_id=51996 ccf_commit_seqno=1087938 nstreams_done_=13000 config.nstreams=20000 avg_latency=1.2486 ms avg throuhgput (requests/sec) = 79.4295 res=false
*==== INFO ====* req_id_count= 13500 stream_id=53996 latency=1.107120 ms (tx_ts=158964081936080, rx_ts=158964083043200) request_id=1130077 zil_blk_id=53996 ccf_commit_seqno=1130077 nstreams_done_=13500 config.nstreams=20000 avg_latency=1.2482 ms avg throuhgput (requests/sec) = 79.4243 res=false
*==== INFO ====* req_id_count= 14000 stream_id=55996 latency=1.470269 ms (tx_ts=158970330583959, rx_ts=158970332054228) request_id=1171841 zil_blk_id=55996 ccf_commit_seqno=1171846 nstreams_done_=14000 config.nstreams=20000 avg_latency=1.2491 ms avg throuhgput (requests/sec) = 79.4452 res=false
*==== INFO ====* req_id_count= 14500 stream_id=57996 latency=1.037871 ms (tx_ts=158976549338632, rx_ts=158976550376503) request_id=1213423 zil_blk_id=57996 ccf_commit_seqno=1213423 nstreams_done_=14500 config.nstreams=20000 avg_latency=1.2487 ms avg throuhgput (requests/sec) = 79.4780 res=false
*==== INFO ====* req_id_count= 15000 stream_id=59996 latency=1.218218 ms (tx_ts=158982768970492, rx_ts=158982770188710) request_id=1255039 zil_blk_id=59996 ccf_commit_seqno=1255041 nstreams_done_=15000 config.nstreams=20000 avg_latency=1.2481 ms avg throuhgput (requests/sec) = 79.5080 res=false
*==== INFO ====* req_id_count= 15500 stream_id=61996 latency=0.991477 ms (tx_ts=158988960991145, rx_ts=158988961982622) request_id=1296433 zil_blk_id=61996 ccf_commit_seqno=1296433 nstreams_done_=15500 config.nstreams=20000 avg_latency=1.2478 ms avg throuhgput (requests/sec) = 79.5475 res=false
*==== INFO ====* req_id_count= 16000 stream_id=63996 latency=2.163184 ms (tx_ts=158995163554564, rx_ts=158995165717748) request_id=1337919 zil_blk_id=63996 ccf_commit_seqno=1337925 nstreams_done_=16000 config.nstreams=20000 avg_latency=1.2475 ms avg throuhgput (requests/sec) = 79.5799 res=false
*==== INFO ====* req_id_count= 16500 stream_id=65996 latency=0.999950 ms (tx_ts=159001366101985, rx_ts=159001367101935) request_id=1379435 zil_blk_id=65996 ccf_commit_seqno=1379435 nstreams_done_=16500 config.nstreams=20000 avg_latency=1.2468 ms avg throuhgput (requests/sec) = 79.6112 res=false
*==== INFO ====* req_id_count= 17000 stream_id=67996 latency=1.543236 ms (tx_ts=159007534491759, rx_ts=159007536034995) request_id=1420788 zil_blk_id=67996 ccf_commit_seqno=1420793 nstreams_done_=17000 config.nstreams=20000 avg_latency=1.2453 ms avg throuhgput (requests/sec) = 79.6528 res=false
*==== INFO ====* req_id_count= 17500 stream_id=69996 latency=1.323605 ms (tx_ts=159013712700633, rx_ts=159013714024238) request_id=1462280 zil_blk_id=69996 ccf_commit_seqno=1462283 nstreams_done_=17500 config.nstreams=20000 avg_latency=1.2449 ms avg throuhgput (requests/sec) = 79.6888 res=false
*==== INFO ====* req_id_count= 18000 stream_id=71996 latency=1.137977 ms (tx_ts=159019892027722, rx_ts=159019893165699) request_id=1503680 zil_blk_id=71996 ccf_commit_seqno=1503680 nstreams_done_=18000 config.nstreams=20000 avg_latency=1.2439 ms avg throuhgput (requests/sec) = 79.7225 res=false
*==== INFO ====* req_id_count= 18500 stream_id=73996 latency=1.522576 ms (tx_ts=159026052123048, rx_ts=159026053645624) request_id=1544914 zil_blk_id=73996 ccf_commit_seqno=1544917 nstreams_done_=18500 config.nstreams=20000 avg_latency=1.2437 ms avg throuhgput (requests/sec) = 79.7607 res=false
*==== INFO ====* req_id_count= 19000 stream_id=75996 latency=1.443338 ms (tx_ts=159032239701353, rx_ts=159032241144691) request_id=1578757 zil_blk_id=75996 ccf_commit_seqno=1578759 nstreams_done_=19000 config.nstreams=20000 avg_latency=1.2426 ms avg throuhgput (requests/sec) = 79.7879 res=false
*==== INFO ====* req_id_count= 19500 stream_id=77996 latency=1.014897 ms (tx_ts=159038421885134, rx_ts=159038422900031) request_id=1594388 zil_blk_id=77996 ccf_commit_seqno=1594388 nstreams_done_=19500 config.nstreams=20000 avg_latency=1.2404 ms avg throuhgput (requests/sec) = 79.8156 res=false
*==== INFO ====* http_end_stream ALL streams done! nstreams_done_=20000 avg_latency=1.2355 msreq_id_count= 20000
*==== INFO ====* req_id_count= 20000 stream_id=79996 latency=0.962830 ms (tx_ts=159044600469186, rx_ts=159044601432016) request_id=1599751 zil_blk_id=79996 ccf_commit_seqno=1599751 nstreams_done_=20000 config.nstreams=20000 avg_latency=1.2355 ms avg throuhgput (requests/sec) = 79.8430 res=true
