Uniform: 295988 818883 40884 641565 159494 
Exponential: -2147483648 -2147483648 -2147483648 -2147483648 -2147483648 
Truncated Normal: 395928 907580 433768 367364 360260 
*==== INFO ====* req_id_count= 500 stream_id=1996 latency=1.068958 ms (tx_ts=158800113166605, rx_ts=158800114235563) request_id=39038 zil_blk_id=1996 ccf_commit_seqno=39045 nstreams_done_=500 config.nstreams=20000 avg_latency=0.9523 ms avg throuhgput (requests/sec) = 82.8189 res=false
*==== INFO ====* req_id_count= 1000 stream_id=3996 latency=1.518880 ms (tx_ts=158806084622960, rx_ts=158806086141840) request_id=78413 zil_blk_id=3996 ccf_commit_seqno=78420 nstreams_done_=1000 config.nstreams=20000 avg_latency=0.9261 ms avg throuhgput (requests/sec) = 83.2697 res=false
*==== INFO ====* req_id_count= 1500 stream_id=5996 latency=1.037761 ms (tx_ts=158812038273529, rx_ts=158812039311290) request_id=117736 zil_blk_id=5996 ccf_commit_seqno=117738 nstreams_done_=1500 config.nstreams=20000 avg_latency=0.9330 ms avg throuhgput (requests/sec) = 83.5080 res=false
*==== INFO ====* req_id_count= 2000 stream_id=7996 latency=0.907828 ms (tx_ts=158817974486344, rx_ts=158817975394172) request_id=156981 zil_blk_id=7996 ccf_commit_seqno=156983 nstreams_done_=2000 config.nstreams=20000 avg_latency=0.9331 ms avg throuhgput (requests/sec) = 83.6875 res=false
*==== INFO ====* req_id_count= 2500 stream_id=9996 latency=0.698317 ms (tx_ts=158823890018131, rx_ts=158823890716448) request_id=196241 zil_blk_id=9996 ccf_commit_seqno=196241 nstreams_done_=2500 config.nstreams=20000 avg_latency=0.9316 ms avg throuhgput (requests/sec) = 83.8539 res=false
*==== INFO ====* req_id_count= 3000 stream_id=11996 latency=1.082354 ms (tx_ts=158829809327876, rx_ts=158829810410230) request_id=235495 zil_blk_id=11996 ccf_commit_seqno=235499 nstreams_done_=3000 config.nstreams=20000 avg_latency=0.9314 ms avg throuhgput (requests/sec) = 83.9550 res=false
*==== INFO ====* req_id_count= 3500 stream_id=13996 latency=0.895264 ms (tx_ts=158835780130566, rx_ts=158835781025830) request_id=275052 zil_blk_id=13996 ccf_commit_seqno=275054 nstreams_done_=3500 config.nstreams=20000 avg_latency=0.9378 ms avg throuhgput (requests/sec) = 83.9247 res=false
*==== INFO ====* req_id_count= 4000 stream_id=15996 latency=0.731017 ms (tx_ts=158841727851188, rx_ts=158841728582205) request_id=314551 zil_blk_id=15996 ccf_commit_seqno=314553 nstreams_done_=4000 config.nstreams=20000 avg_latency=0.9424 ms avg throuhgput (requests/sec) = 83.9426 res=false
*==== INFO ====* req_id_count= 4500 stream_id=17996 latency=0.825460 ms (tx_ts=158847636501872, rx_ts=158847637327332) request_id=353853 zil_blk_id=17996 ccf_commit_seqno=353854 nstreams_done_=4500 config.nstreams=20000 avg_latency=0.9436 ms avg throuhgput (requests/sec) = 84.0174 res=false
*==== INFO ====* req_id_count= 5000 stream_id=19996 latency=0.866430 ms (tx_ts=158853585541103, rx_ts=158853586407533) request_id=393400 zil_blk_id=19996 ccf_commit_seqno=393402 nstreams_done_=5000 config.nstreams=20000 avg_latency=0.9430 ms avg throuhgput (requests/sec) = 84.0203 res=false
*==== INFO ====* req_id_count= 5500 stream_id=21996 latency=0.939196 ms (tx_ts=158859484119993, rx_ts=158859485059189) request_id=432612 zil_blk_id=21996 ccf_commit_seqno=432613 nstreams_done_=5500 config.nstreams=20000 avg_latency=0.9400 ms avg throuhgput (requests/sec) = 84.0875 res=false
*==== INFO ====* req_id_count= 6000 stream_id=23996 latency=1.023561 ms (tx_ts=158865415250292, rx_ts=158865416273853) request_id=472065 zil_blk_id=23996 ccf_commit_seqno=472067 nstreams_done_=6000 config.nstreams=20000 avg_latency=0.9380 ms avg throuhgput (requests/sec) = 84.1051 res=false
*==== INFO ====* req_id_count= 6500 stream_id=25996 latency=0.743230 ms (tx_ts=158871362629765, rx_ts=158871363372995) request_id=511584 zil_blk_id=25996 ccf_commit_seqno=511584 nstreams_done_=6500 config.nstreams=20000 avg_latency=0.9408 ms avg throuhgput (requests/sec) = 84.1028 res=false
*==== INFO ====* req_id_count= 7000 stream_id=27996 latency=0.650386 ms (tx_ts=158877298972925, rx_ts=158877299623311) request_id=551058 zil_blk_id=27996 ccf_commit_seqno=551058 nstreams_done_=7000 config.nstreams=20000 avg_latency=0.9394 ms avg throuhgput (requests/sec) = 84.1117 res=false
*==== INFO ====* req_id_count= 7500 stream_id=29996 latency=1.011822 ms (tx_ts=158883218806134, rx_ts=158883219817956) request_id=590414 zil_blk_id=29996 ccf_commit_seqno=590415 nstreams_done_=7500 config.nstreams=20000 avg_latency=0.9396 ms avg throuhgput (requests/sec) = 84.1346 res=false
*==== INFO ====* req_id_count= 8000 stream_id=31996 latency=0.857152 ms (tx_ts=158889152477944, rx_ts=158889153335096) request_id=629991 zil_blk_id=31996 ccf_commit_seqno=629992 nstreams_done_=8000 config.nstreams=20000 avg_latency=0.9385 ms avg throuhgput (requests/sec) = 84.1429 res=false
*==== INFO ====* req_id_count= 8500 stream_id=33996 latency=1.084758 ms (tx_ts=158895070823565, rx_ts=158895071908323) request_id=669445 zil_blk_id=33996 ccf_commit_seqno=669447 nstreams_done_=8500 config.nstreams=20000 avg_latency=0.9405 ms avg throuhgput (requests/sec) = 84.1626 res=false
*==== INFO ====* req_id_count= 9000 stream_id=35996 latency=1.075338 ms (tx_ts=158901030063632, rx_ts=158901031138970) request_id=709130 zil_blk_id=35996 ccf_commit_seqno=709133 nstreams_done_=9000 config.nstreams=20000 avg_latency=0.9425 ms avg throuhgput (requests/sec) = 84.1482 res=false
*==== INFO ====* req_id_count= 9500 stream_id=37996 latency=1.052688 ms (tx_ts=158906972449267, rx_ts=158906973501955) request_id=748754 zil_blk_id=37996 ccf_commit_seqno=748754 nstreams_done_=9500 config.nstreams=20000 avg_latency=0.9417 ms avg throuhgput (requests/sec) = 84.1478 res=false
*==== INFO ====* req_id_count= 10000 stream_id=39996 latency=0.960365 ms (tx_ts=158912890303330, rx_ts=158912891263695) request_id=788219 zil_blk_id=39996 ccf_commit_seqno=788221 nstreams_done_=10000 config.nstreams=20000 avg_latency=0.9419 ms avg throuhgput (requests/sec) = 84.1650 res=false
*==== INFO ====* req_id_count= 10500 stream_id=41996 latency=0.625600 ms (tx_ts=158918832356974, rx_ts=158918832982574) request_id=827828 zil_blk_id=41996 ccf_commit_seqno=827828 nstreams_done_=10500 config.nstreams=20000 avg_latency=0.9430 ms avg throuhgput (requests/sec) = 84.1643 res=false
*==== INFO ====* req_id_count= 11000 stream_id=43996 latency=0.930009 ms (tx_ts=158924819194900, rx_ts=158924820124909) request_id=867822 zil_blk_id=43996 ccf_commit_seqno=867822 nstreams_done_=11000 config.nstreams=20000 avg_latency=0.9455 ms avg throuhgput (requests/sec) = 84.1344 res=false
*==== INFO ====* req_id_count= 11500 stream_id=45996 latency=1.092341 ms (tx_ts=158930740669314, rx_ts=158930741761655) request_id=907442 zil_blk_id=45996 ccf_commit_seqno=907448 nstreams_done_=11500 config.nstreams=20000 avg_latency=0.9452 ms avg throuhgput (requests/sec) = 84.1475 res=false
*==== INFO ====* req_id_count= 12000 stream_id=47996 latency=0.618897 ms (tx_ts=158936704802231, rx_ts=158936705421128) request_id=947335 zil_blk_id=47996 ccf_commit_seqno=947335 nstreams_done_=12000 config.nstreams=20000 avg_latency=0.9459 ms avg throuhgput (requests/sec) = 84.1347 res=false
*==== INFO ====* req_id_count= 12500 stream_id=49996 latency=0.894713 ms (tx_ts=158942655128702, rx_ts=158942656023415) request_id=987081 zil_blk_id=49996 ccf_commit_seqno=987082 nstreams_done_=12500 config.nstreams=20000 avg_latency=0.9462 ms avg throuhgput (requests/sec) = 84.1303 res=false
*==== INFO ====* req_id_count= 13000 stream_id=51996 latency=0.854066 ms (tx_ts=158948621547216, rx_ts=158948622401282) request_id=1026887 zil_blk_id=51996 ccf_commit_seqno=1026887 nstreams_done_=13000 config.nstreams=20000 avg_latency=0.9466 ms avg throuhgput (requests/sec) = 84.1177 res=false
*==== INFO ====* req_id_count= 13500 stream_id=53996 latency=0.756615 ms (tx_ts=158954519912896, rx_ts=158954520669511) request_id=1066204 zil_blk_id=53996 ccf_commit_seqno=1066205 nstreams_done_=13500 config.nstreams=20000 avg_latency=0.9474 ms avg throuhgput (requests/sec) = 84.1417 res=false
*==== INFO ====* req_id_count= 14000 stream_id=55996 latency=1.018154 ms (tx_ts=158960433815977, rx_ts=158960434834131) request_id=1105721 zil_blk_id=55996 ccf_commit_seqno=1105726 nstreams_done_=14000 config.nstreams=20000 avg_latency=0.9468 ms avg throuhgput (requests/sec) = 84.1559 res=false
*==== INFO ====* req_id_count= 14500 stream_id=57996 latency=0.869686 ms (tx_ts=158966316753445, rx_ts=158966317623131) request_id=1145002 zil_blk_id=57996 ccf_commit_seqno=1145003 nstreams_done_=14500 config.nstreams=20000 avg_latency=0.9460 ms avg throuhgput (requests/sec) = 84.1845 res=false
*==== INFO ====* req_id_count= 15000 stream_id=59996 latency=0.822207 ms (tx_ts=158972189573950, rx_ts=158972190396157) request_id=1184294 zil_blk_id=59996 ccf_commit_seqno=1184298 nstreams_done_=15000 config.nstreams=20000 avg_latency=0.9451 ms avg throuhgput (requests/sec) = 84.2160 res=false
*==== INFO ====* req_id_count= 15500 stream_id=61996 latency=0.731979 ms (tx_ts=158978126352925, rx_ts=158978127084904) request_id=1223965 zil_blk_id=61996 ccf_commit_seqno=1223966 nstreams_done_=15500 config.nstreams=20000 avg_latency=0.9461 ms avg throuhgput (requests/sec) = 84.2162 res=false
*==== INFO ====* req_id_count= 16000 stream_id=63996 latency=1.171410 ms (tx_ts=158984020310572, rx_ts=158984021481982) request_id=1263385 zil_blk_id=63996 ccf_commit_seqno=1263385 nstreams_done_=16000 config.nstreams=20000 avg_latency=0.9448 ms avg throuhgput (requests/sec) = 84.2351 res=false
*==== INFO ====* req_id_count= 16500 stream_id=65996 latency=0.992696 ms (tx_ts=158989941153692, rx_ts=158989942146388) request_id=1302986 zil_blk_id=65996 ccf_commit_seqno=1302986 nstreams_done_=16500 config.nstreams=20000 avg_latency=0.9442 ms avg throuhgput (requests/sec) = 84.2416 res=false
*==== INFO ====* req_id_count= 17000 stream_id=67996 latency=0.731548 ms (tx_ts=158995872450262, rx_ts=158995873181810) request_id=1342660 zil_blk_id=67996 ccf_commit_seqno=1342660 nstreams_done_=17000 config.nstreams=20000 avg_latency=0.9445 ms avg throuhgput (requests/sec) = 84.2434 res=false
*==== INFO ====* req_id_count= 17500 stream_id=69996 latency=1.058038 ms (tx_ts=159001818675045, rx_ts=159001819733083) request_id=1382476 zil_blk_id=69996 ccf_commit_seqno=1382477 nstreams_done_=17500 config.nstreams=20000 avg_latency=0.9465 ms avg throuhgput (requests/sec) = 84.2388 res=false
*==== INFO ====* req_id_count= 18000 stream_id=71996 latency=0.785859 ms (tx_ts=159007713354784, rx_ts=159007714140643) request_id=1421983 zil_blk_id=71996 ccf_commit_seqno=1421984 nstreams_done_=18000 config.nstreams=20000 avg_latency=0.9459 ms avg throuhgput (requests/sec) = 84.2550 res=false
*==== INFO ====* req_id_count= 18500 stream_id=73996 latency=0.739442 ms (tx_ts=159013594905490, rx_ts=159013595644932) request_id=1461492 zil_blk_id=73996 ccf_commit_seqno=1461492 nstreams_done_=18500 config.nstreams=20000 avg_latency=0.9443 ms avg throuhgput (requests/sec) = 84.2753 res=false
*==== INFO ====* req_id_count= 19000 stream_id=75996 latency=1.572270 ms (tx_ts=159019488484593, rx_ts=159019490056863) request_id=1500984 zil_blk_id=75996 ccf_commit_seqno=1500987 nstreams_done_=19000 config.nstreams=20000 avg_latency=0.9445 ms avg throuhgput (requests/sec) = 84.2897 res=false
*==== INFO ====* req_id_count= 19500 stream_id=77996 latency=0.746185 ms (tx_ts=159025413917599, rx_ts=159025414663784) request_id=1540657 zil_blk_id=77996 ccf_commit_seqno=1540657 nstreams_done_=19500 config.nstreams=20000 avg_latency=0.9450 ms avg throuhgput (requests/sec) = 84.2924 res=false
*==== INFO ====* http_end_stream ALL streams done! nstreams_done_=20000 avg_latency=0.9457 msreq_id_count= 20000
*==== INFO ====* req_id_count= 20000 stream_id=79996 latency=1.010059 ms (tx_ts=159031352724192, rx_ts=159031353734251) request_id=1575203 zil_blk_id=79996 ccf_commit_seqno=1575207 nstreams_done_=20000 config.nstreams=20000 avg_latency=0.9457 ms avg throuhgput (requests/sec) = 84.2898 res=true
