Uniform: 542343 170048 852298 211986 861714 
Exponential: -2147483648 -2147483648 -2147483648 -2147483648 -2147483648 
Truncated Normal: 465172 427631 134614 660895 320651 
*==== INFO ====* req_id_count= 500 stream_id=1996 latency=1.070451 ms (tx_ts=158800259722003, rx_ts=158800260792454) request_id=39989 zil_blk_id=1996 ccf_commit_seqno=39990 nstreams_done_=500 config.nstreams=20000 avg_latency=1.0691 ms avg throuhgput (requests/sec) = 81.0588 res=false
*==== INFO ====* req_id_count= 1000 stream_id=3996 latency=0.980984 ms (tx_ts=158806437050241, rx_ts=158806438031225) request_id=80711 zil_blk_id=3996 ccf_commit_seqno=80711 nstreams_done_=1000 config.nstreams=20000 avg_latency=1.0711 ms avg throuhgput (requests/sec) = 81.0005 res=false
*==== INFO ====* req_id_count= 1500 stream_id=5996 latency=0.919409 ms (tx_ts=158812627877116, rx_ts=158812628796525) request_id=121604 zil_blk_id=5996 ccf_commit_seqno=121604 nstreams_done_=1500 config.nstreams=20000 avg_latency=1.0730 ms avg throuhgput (requests/sec) = 80.9220 res=false
*==== INFO ====* req_id_count= 2000 stream_id=7996 latency=1.235383 ms (tx_ts=158818797728107, rx_ts=158818798963490) request_id=162434 zil_blk_id=7996 ccf_commit_seqno=162439 nstreams_done_=2000 config.nstreams=20000 avg_latency=1.0730 ms avg throuhgput (requests/sec) = 80.9502 res=false
*==== INFO ====* req_id_count= 2500 stream_id=9996 latency=1.369916 ms (tx_ts=158824961193149, rx_ts=158824962563065) request_id=203313 zil_blk_id=9996 ccf_commit_seqno=203318 nstreams_done_=2500 config.nstreams=20000 avg_latency=1.0732 ms avg throuhgput (requests/sec) = 80.9844 res=false
*==== INFO ====* req_id_count= 3000 stream_id=11996 latency=1.248245 ms (tx_ts=158831126995794, rx_ts=158831128244039) request_id=244197 zil_blk_id=11996 ccf_commit_seqno=244201 nstreams_done_=3000 config.nstreams=20000 avg_latency=1.0726 ms avg throuhgput (requests/sec) = 81.0027 res=false
*==== INFO ====* req_id_count= 3500 stream_id=13996 latency=1.244733 ms (tx_ts=158837316249322, rx_ts=158837317494055) request_id=285256 zil_blk_id=13996 ccf_commit_seqno=285259 nstreams_done_=3500 config.nstreams=20000 avg_latency=1.0775 ms avg throuhgput (requests/sec) = 80.9715 res=false
*==== INFO ====* req_id_count= 4000 stream_id=15996 latency=1.093505 ms (tx_ts=158843480977184, rx_ts=158843482070689) request_id=326227 zil_blk_id=15996 ccf_commit_seqno=326228 nstreams_done_=4000 config.nstreams=20000 avg_latency=1.0752 ms avg throuhgput (requests/sec) = 80.9886 res=false
*==== INFO ====* req_id_count= 4500 stream_id=17996 latency=1.344013 ms (tx_ts=158849651278841, rx_ts=158849652622854) request_id=367219 zil_blk_id=17996 ccf_commit_seqno=367226 nstreams_done_=4500 config.nstreams=20000 avg_latency=1.0744 ms avg throuhgput (requests/sec) = 80.9932 res=false
*==== INFO ====* req_id_count= 5000 stream_id=19996 latency=1.069730 ms (tx_ts=158855806269699, rx_ts=158855807339429) request_id=408142 zil_blk_id=19996 ccf_commit_seqno=408144 nstreams_done_=5000 config.nstreams=20000 avg_latency=1.0726 ms avg throuhgput (requests/sec) = 81.0177 res=false
*==== INFO ====* req_id_count= 5500 stream_id=21996 latency=0.985987 ms (tx_ts=158861968247087, rx_ts=158861969233074) request_id=449154 zil_blk_id=21996 ccf_commit_seqno=449157 nstreams_done_=5500 config.nstreams=20000 avg_latency=1.0725 ms avg throuhgput (requests/sec) = 81.0292 res=false
*==== INFO ====* req_id_count= 6000 stream_id=23996 latency=1.039493 ms (tx_ts=158868136724261, rx_ts=158868137763754) request_id=490132 zil_blk_id=23996 ccf_commit_seqno=490133 nstreams_done_=6000 config.nstreams=20000 avg_latency=1.0740 ms avg throuhgput (requests/sec) = 81.0314 res=false
*==== INFO ====* req_id_count= 6500 stream_id=25996 latency=1.001762 ms (tx_ts=158874316816264, rx_ts=158874317818026) request_id=531212 zil_blk_id=25996 ccf_commit_seqno=531214 nstreams_done_=6500 config.nstreams=20000 avg_latency=1.0760 ms avg throuhgput (requests/sec) = 81.0217 res=false
*==== INFO ====* req_id_count= 7000 stream_id=27996 latency=0.891858 ms (tx_ts=158880488445411, rx_ts=158880489337269) request_id=572328 zil_blk_id=27996 ccf_commit_seqno=572329 nstreams_done_=7000 config.nstreams=20000 avg_latency=1.0774 ms avg throuhgput (requests/sec) = 81.0214 res=false
*==== INFO ====* req_id_count= 7500 stream_id=29996 latency=1.041067 ms (tx_ts=158886673226935, rx_ts=158886674268002) request_id=613438 zil_blk_id=29996 ccf_commit_seqno=613442 nstreams_done_=7500 config.nstreams=20000 avg_latency=1.0776 ms avg throuhgput (requests/sec) = 81.0094 res=false
*==== INFO ====* req_id_count= 8000 stream_id=31996 latency=0.902607 ms (tx_ts=158892831013790, rx_ts=158892831916397) request_id=654519 zil_blk_id=31996 ccf_commit_seqno=654520 nstreams_done_=8000 config.nstreams=20000 avg_latency=1.0767 ms avg throuhgput (requests/sec) = 81.0213 res=false
*==== INFO ====* req_id_count= 8500 stream_id=33996 latency=0.864387 ms (tx_ts=158898986060776, rx_ts=158898986925163) request_id=695531 zil_blk_id=33996 ccf_commit_seqno=695531 nstreams_done_=8500 config.nstreams=20000 avg_latency=1.0763 ms avg throuhgput (requests/sec) = 81.0338 res=false
*==== INFO ====* req_id_count= 9000 stream_id=35996 latency=2.048561 ms (tx_ts=158905179925872, rx_ts=158905181974433) request_id=736830 zil_blk_id=35996 ccf_commit_seqno=736830 nstreams_done_=9000 config.nstreams=20000 avg_latency=1.0781 ms avg throuhgput (requests/sec) = 81.0157 res=false
*==== INFO ====* req_id_count= 9500 stream_id=37996 latency=0.861651 ms (tx_ts=158911353175908, rx_ts=158911354037559) request_id=777973 zil_blk_id=37996 ccf_commit_seqno=777974 nstreams_done_=9500 config.nstreams=20000 avg_latency=1.0782 ms avg throuhgput (requests/sec) = 81.0154 res=false
*==== INFO ====* req_id_count= 10000 stream_id=39996 latency=1.314055 ms (tx_ts=158917528550368, rx_ts=158917529864423) request_id=819121 zil_blk_id=39996 ccf_commit_seqno=819122 nstreams_done_=10000 config.nstreams=20000 avg_latency=1.0790 ms avg throuhgput (requests/sec) = 81.0127 res=false
*==== INFO ====* req_id_count= 10500 stream_id=41996 latency=1.181399 ms (tx_ts=158923691596730, rx_ts=158923692778129) request_id=860273 zil_blk_id=41996 ccf_commit_seqno=860273 nstreams_done_=10500 config.nstreams=20000 avg_latency=1.0789 ms avg throuhgput (requests/sec) = 81.0183 res=false
*==== INFO ====* req_id_count= 11000 stream_id=43996 latency=0.753378 ms (tx_ts=158929708433167, rx_ts=158929709186545) request_id=900547 zil_blk_id=43996 ccf_commit_seqno=900547 nstreams_done_=11000 config.nstreams=20000 avg_latency=1.0766 ms avg throuhgput (requests/sec) = 81.1109 res=false
*==== INFO ====* req_id_count= 11500 stream_id=45996 latency=0.884955 ms (tx_ts=158935707035932, rx_ts=158935707920887) request_id=940663 zil_blk_id=45996 ccf_commit_seqno=940663 nstreams_done_=11500 config.nstreams=20000 avg_latency=1.0759 ms avg throuhgput (requests/sec) = 81.2058 res=false
*==== INFO ====* req_id_count= 12000 stream_id=47996 latency=1.117222 ms (tx_ts=158941725408969, rx_ts=158941726526191) request_id=980854 zil_blk_id=47996 ccf_commit_seqno=980856 nstreams_done_=12000 config.nstreams=20000 avg_latency=1.0759 ms avg throuhgput (requests/sec) = 81.2820 res=false
*==== INFO ====* req_id_count= 12500 stream_id=49996 latency=0.864356 ms (tx_ts=158947745699665, rx_ts=158947746564021) request_id=1021037 zil_blk_id=49996 ccf_commit_seqno=1021038 nstreams_done_=12500 config.nstreams=20000 avg_latency=1.0763 ms avg throuhgput (requests/sec) = 81.3515 res=false
*==== INFO ====* req_id_count= 13000 stream_id=51996 latency=0.889123 ms (tx_ts=158953779395016, rx_ts=158953780284139) request_id=1061258 zil_blk_id=51996 ccf_commit_seqno=1061259 nstreams_done_=13000 config.nstreams=20000 avg_latency=1.0778 ms avg throuhgput (requests/sec) = 81.4088 res=false
*==== INFO ====* req_id_count= 13500 stream_id=53996 latency=1.152829 ms (tx_ts=158959799031356, rx_ts=158959800184185) request_id=1101465 zil_blk_id=53996 ccf_commit_seqno=1101470 nstreams_done_=13500 config.nstreams=20000 avg_latency=1.0772 ms avg throuhgput (requests/sec) = 81.4687 res=false
*==== INFO ====* req_id_count= 14000 stream_id=55996 latency=1.193151 ms (tx_ts=158965819376814, rx_ts=158965820569965) request_id=1141663 zil_blk_id=55996 ccf_commit_seqno=1141668 nstreams_done_=14000 config.nstreams=20000 avg_latency=1.0772 ms avg throuhgput (requests/sec) = 81.5242 res=false
*==== INFO ====* req_id_count= 14500 stream_id=57996 latency=0.740705 ms (tx_ts=158971849718211, rx_ts=158971850458916) request_id=1182018 zil_blk_id=57996 ccf_commit_seqno=1182018 nstreams_done_=14500 config.nstreams=20000 avg_latency=1.0763 ms avg throuhgput (requests/sec) = 81.5716 res=false
*==== INFO ====* req_id_count= 15000 stream_id=59996 latency=0.989110 ms (tx_ts=158977851535718, rx_ts=158977852524828) request_id=1222136 zil_blk_id=59996 ccf_commit_seqno=1222137 nstreams_done_=15000 config.nstreams=20000 avg_latency=1.0769 ms avg throuhgput (requests/sec) = 81.6282 res=false
*==== INFO ====* req_id_count= 15500 stream_id=61996 latency=0.972297 ms (tx_ts=158983862839048, rx_ts=158983863811345) request_id=1262329 zil_blk_id=61996 ccf_commit_seqno=1262331 nstreams_done_=15500 config.nstreams=20000 avg_latency=1.0762 ms avg throuhgput (requests/sec) = 81.6772 res=false
*==== INFO ====* req_id_count= 16000 stream_id=63996 latency=1.254479 ms (tx_ts=158989873088820, rx_ts=158989874343299) request_id=1302519 zil_blk_id=63996 ccf_commit_seqno=1302522 nstreams_done_=16000 config.nstreams=20000 avg_latency=1.0771 ms avg throuhgput (requests/sec) = 81.7236 res=false
*==== INFO ====* req_id_count= 16500 stream_id=65996 latency=1.138841 ms (tx_ts=158995865388607, rx_ts=158995866527448) request_id=1342614 zil_blk_id=65996 ccf_commit_seqno=1342616 nstreams_done_=16500 config.nstreams=20000 avg_latency=1.0773 ms avg throuhgput (requests/sec) = 81.7746 res=false
*==== INFO ====* req_id_count= 17000 stream_id=67996 latency=1.058265 ms (tx_ts=159001887955095, rx_ts=159001889013360) request_id=1382943 zil_blk_id=67996 ccf_commit_seqno=1382947 nstreams_done_=17000 config.nstreams=20000 avg_latency=1.0774 ms avg throuhgput (requests/sec) = 81.8108 res=false
*==== INFO ====* req_id_count= 17500 stream_id=69996 latency=1.109131 ms (tx_ts=159007892790313, rx_ts=159007893899444) request_id=1423198 zil_blk_id=69996 ccf_commit_seqno=1423201 nstreams_done_=17500 config.nstreams=20000 avg_latency=1.0764 ms avg throuhgput (requests/sec) = 81.8516 res=false
*==== INFO ====* req_id_count= 18000 stream_id=71996 latency=1.269854 ms (tx_ts=159013901054644, rx_ts=159013902324498) request_id=1463543 zil_blk_id=71996 ccf_commit_seqno=1463548 nstreams_done_=18000 config.nstreams=20000 avg_latency=1.0758 ms avg throuhgput (requests/sec) = 81.8889 res=false
*==== INFO ====* req_id_count= 18500 stream_id=73996 latency=1.122979 ms (tx_ts=159019905467347, rx_ts=159019906590326) request_id=1503775 zil_blk_id=73996 ccf_commit_seqno=1503776 nstreams_done_=18500 config.nstreams=20000 avg_latency=1.0756 ms avg throuhgput (requests/sec) = 81.9258 res=false
*==== INFO ====* req_id_count= 19000 stream_id=75996 latency=0.989380 ms (tx_ts=159025910867711, rx_ts=159025911857091) request_id=1543970 zil_blk_id=75996 ccf_commit_seqno=1543970 nstreams_done_=19000 config.nstreams=20000 avg_latency=1.0757 ms avg throuhgput (requests/sec) = 81.9603 res=false
*==== INFO ====* req_id_count= 19500 stream_id=77996 latency=0.816527 ms (tx_ts=159031920791878, rx_ts=159031921608405) request_id=1577526 zil_blk_id=77996 ccf_commit_seqno=1577526 nstreams_done_=19500 config.nstreams=20000 avg_latency=1.0752 ms avg throuhgput (requests/sec) = 81.9916 res=false
*==== INFO ====* http_end_stream ALL streams done! nstreams_done_=20000 avg_latency=1.0731 msreq_id_count= 20000
*==== INFO ====* req_id_count= 20000 stream_id=79996 latency=0.890344 ms (tx_ts=159037906282290, rx_ts=159037907172634) request_id=1593539 zil_blk_id=79996 ccf_commit_seqno=1593539 nstreams_done_=20000 config.nstreams=20000 avg_latency=1.0731 ms avg throuhgput (requests/sec) = 82.0295 res=true
