Uniform: 924070 400199 43620 936627 941577 
Exponential: -2147483648 -2147483648 -2147483648 -2147483648 -2147483648 
Truncated Normal: 840606 679582 197540 751475 639883 
*==== INFO ====* req_id_count= 500 stream_id=1996 latency=1.064962 ms (tx_ts=158800238620862, rx_ts=158800239685824) request_id=39848 zil_blk_id=1996 ccf_commit_seqno=39849 nstreams_done_=500 config.nstreams=20000 avg_latency=1.2287 ms avg throuhgput (requests/sec) = 81.5433 res=false
*==== INFO ====* req_id_count= 1000 stream_id=3996 latency=1.208249 ms (tx_ts=158806268538262, rx_ts=158806269746511) request_id=79607 zil_blk_id=3996 ccf_commit_seqno=79608 nstreams_done_=1000 config.nstreams=20000 avg_latency=1.2250 ms avg throuhgput (requests/sec) = 82.2249 res=false
*==== INFO ====* req_id_count= 1500 stream_id=5996 latency=1.230822 ms (tx_ts=158812320215028, rx_ts=158812321445850) request_id=119584 zil_blk_id=5996 ccf_commit_seqno=119587 nstreams_done_=1500 config.nstreams=20000 avg_latency=1.2234 ms avg throuhgput (requests/sec) = 82.3566 res=false
*==== INFO ====* req_id_count= 2000 stream_id=7996 latency=1.353974 ms (tx_ts=158818361159555, rx_ts=158818362513529) request_id=159545 zil_blk_id=7996 ccf_commit_seqno=159546 nstreams_done_=2000 config.nstreams=20000 avg_latency=1.2240 ms avg throuhgput (requests/sec) = 82.4588 res=false
*==== INFO ====* req_id_count= 2500 stream_id=9996 latency=1.373432 ms (tx_ts=158824324804130, rx_ts=158824326177562) request_id=199108 zil_blk_id=9996 ccf_commit_seqno=199108 nstreams_done_=2500 config.nstreams=20000 avg_latency=1.2148 ms avg throuhgput (requests/sec) = 82.7316 res=false
*==== INFO ====* req_id_count= 3000 stream_id=11996 latency=1.133329 ms (tx_ts=158830319375015, rx_ts=158830320508344) request_id=238854 zil_blk_id=11996 ccf_commit_seqno=238854 nstreams_done_=3000 config.nstreams=20000 avg_latency=1.2153 ms avg throuhgput (requests/sec) = 82.8443 res=false
*==== INFO ====* req_id_count= 3500 stream_id=13996 latency=1.282126 ms (tx_ts=158836308237228, rx_ts=158836309519354) request_id=278563 zil_blk_id=13996 ccf_commit_seqno=278568 nstreams_done_=3500 config.nstreams=20000 avg_latency=1.2171 ms avg throuhgput (requests/sec) = 82.9354 res=false
*==== INFO ====* req_id_count= 4000 stream_id=15996 latency=1.286807 ms (tx_ts=158842308499155, rx_ts=158842309785962) request_id=318425 zil_blk_id=15996 ccf_commit_seqno=318428 nstreams_done_=4000 config.nstreams=20000 avg_latency=1.2194 ms avg throuhgput (requests/sec) = 82.9844 res=false
*==== INFO ====* req_id_count= 4500 stream_id=17996 latency=1.142442 ms (tx_ts=158848262885916, rx_ts=158848264028358) request_id=358016 zil_blk_id=17996 ccf_commit_seqno=358017 nstreams_done_=4500 config.nstreams=20000 avg_latency=1.2189 ms avg throuhgput (requests/sec) = 83.0932 res=false
*==== INFO ====* req_id_count= 5000 stream_id=19996 latency=1.022454 ms (tx_ts=158854206660661, rx_ts=158854207683115) request_id=397515 zil_blk_id=19996 ccf_commit_seqno=397516 nstreams_done_=5000 config.nstreams=20000 avg_latency=1.2157 ms avg throuhgput (requests/sec) = 83.1951 res=false
*==== INFO ====* req_id_count= 5500 stream_id=21996 latency=1.175658 ms (tx_ts=158860179881075, rx_ts=158860181056733) request_id=437246 zil_blk_id=21996 ccf_commit_seqno=437247 nstreams_done_=5500 config.nstreams=20000 avg_latency=1.2170 ms avg throuhgput (requests/sec) = 83.2412 res=false
*==== INFO ====* req_id_count= 6000 stream_id=23996 latency=0.925690 ms (tx_ts=158866142747677, rx_ts=158866143673367) request_id=476872 zil_blk_id=23996 ccf_commit_seqno=476872 nstreams_done_=6000 config.nstreams=20000 avg_latency=1.2180 ms avg throuhgput (requests/sec) = 83.2920 res=false
*==== INFO ====* req_id_count= 6500 stream_id=25996 latency=1.116003 ms (tx_ts=158872118679249, rx_ts=158872119795252) request_id=516623 zil_blk_id=25996 ccf_commit_seqno=516625 nstreams_done_=6500 config.nstreams=20000 avg_latency=1.2180 ms avg throuhgput (requests/sec) = 83.3207 res=false
*==== INFO ====* req_id_count= 7000 stream_id=27996 latency=1.421197 ms (tx_ts=158878106855647, rx_ts=158878108276844) request_id=556454 zil_blk_id=27996 ccf_commit_seqno=556456 nstreams_done_=7000 config.nstreams=20000 avg_latency=1.2192 ms avg throuhgput (requests/sec) = 83.3330 res=false
*==== INFO ====* req_id_count= 7500 stream_id=29996 latency=1.003817 ms (tx_ts=158884102117632, rx_ts=158884103121449) request_id=596299 zil_blk_id=29996 ccf_commit_seqno=596299 nstreams_done_=7500 config.nstreams=20000 avg_latency=1.2224 ms avg throuhgput (requests/sec) = 83.3378 res=false
*==== INFO ====* req_id_count= 8000 stream_id=31996 latency=1.261949 ms (tx_ts=158890073179833, rx_ts=158890074441782) request_id=636118 zil_blk_id=31996 ccf_commit_seqno=636121 nstreams_done_=8000 config.nstreams=20000 avg_latency=1.2227 ms avg throuhgput (requests/sec) = 83.3625 res=false
*==== INFO ====* req_id_count= 8500 stream_id=33996 latency=1.211316 ms (tx_ts=158896047492269, rx_ts=158896048703585) request_id=675940 zil_blk_id=33996 ccf_commit_seqno=675942 nstreams_done_=8500 config.nstreams=20000 avg_latency=1.2225 ms avg throuhgput (requests/sec) = 83.3818 res=false
*==== INFO ====* req_id_count= 9000 stream_id=35996 latency=1.102251 ms (tx_ts=158902017534940, rx_ts=158902018637191) request_id=715733 zil_blk_id=35996 ccf_commit_seqno=715733 nstreams_done_=9000 config.nstreams=20000 avg_latency=1.2223 ms avg throuhgput (requests/sec) = 83.4023 res=false
*==== INFO ====* req_id_count= 9500 stream_id=37996 latency=0.989049 ms (tx_ts=158908013587270, rx_ts=158908014576319) request_id=755676 zil_blk_id=37996 ccf_commit_seqno=755677 nstreams_done_=9500 config.nstreams=20000 avg_latency=1.2241 ms avg throuhgput (requests/sec) = 83.4017 res=false
*==== INFO ====* req_id_count= 10000 stream_id=39996 latency=1.298747 ms (tx_ts=158913998403744, rx_ts=158913999702491) request_id=795605 zil_blk_id=39996 ccf_commit_seqno=795606 nstreams_done_=10000 config.nstreams=20000 avg_latency=1.2242 ms avg throuhgput (requests/sec) = 83.4086 res=false
*==== INFO ====* req_id_count= 10500 stream_id=41996 latency=1.141422 ms (tx_ts=158919964620765, rx_ts=158919965762187) request_id=835360 zil_blk_id=41996 ccf_commit_seqno=835361 nstreams_done_=10500 config.nstreams=20000 avg_latency=1.2236 ms avg throuhgput (requests/sec) = 83.4275 res=false
*==== INFO ====* req_id_count= 11000 stream_id=43996 latency=1.300922 ms (tx_ts=158925912393982, rx_ts=158925913694904) request_id=875143 zil_blk_id=43996 ccf_commit_seqno=875144 nstreams_done_=11000 config.nstreams=20000 avg_latency=1.2224 ms avg throuhgput (requests/sec) = 83.4562 res=false
*==== INFO ====* req_id_count= 11500 stream_id=45996 latency=0.936286 ms (tx_ts=158931878345575, rx_ts=158931879281861) request_id=915068 zil_blk_id=45996 ccf_commit_seqno=915068 nstreams_done_=11500 config.nstreams=20000 avg_latency=1.2217 ms avg throuhgput (requests/sec) = 83.4717 res=false
*==== INFO ====* req_id_count= 12000 stream_id=47996 latency=1.090439 ms (tx_ts=158937846736110, rx_ts=158937847826549) request_id=954954 zil_blk_id=47996 ccf_commit_seqno=954954 nstreams_done_=12000 config.nstreams=20000 avg_latency=1.2211 ms avg throuhgput (requests/sec) = 83.4842 res=false
*==== INFO ====* req_id_count= 12500 stream_id=49996 latency=1.181429 ms (tx_ts=158943793418026, rx_ts=158943794599455) request_id=994684 zil_blk_id=49996 ccf_commit_seqno=994686 nstreams_done_=12500 config.nstreams=20000 avg_latency=1.2202 ms avg throuhgput (requests/sec) = 83.5078 res=false
*==== INFO ====* req_id_count= 13000 stream_id=51996 latency=1.316010 ms (tx_ts=158949739179510, rx_ts=158949740495520) request_id=1034370 zil_blk_id=51996 ccf_commit_seqno=1034374 nstreams_done_=13000 config.nstreams=20000 avg_latency=1.2190 ms avg throuhgput (requests/sec) = 83.5301 res=false
*==== INFO ====* req_id_count= 13500 stream_id=53996 latency=1.328143 ms (tx_ts=158955738145381, rx_ts=158955739473524) request_id=1074329 zil_blk_id=53996 ccf_commit_seqno=1074334 nstreams_done_=13500 config.nstreams=20000 avg_latency=1.2211 ms avg throuhgput (requests/sec) = 83.5233 res=false
*==== INFO ====* req_id_count= 14000 stream_id=55996 latency=1.136321 ms (tx_ts=158961695776242, rx_ts=158961696912563) request_id=1114151 zil_blk_id=55996 ccf_commit_seqno=1114151 nstreams_done_=14000 config.nstreams=20000 avg_latency=1.2200 ms avg throuhgput (requests/sec) = 83.5377 res=false
*==== INFO ====* req_id_count= 14500 stream_id=57996 latency=1.243685 ms (tx_ts=158967663426145, rx_ts=158967664669830) request_id=1154014 zil_blk_id=57996 ccf_commit_seqno=1154018 nstreams_done_=14500 config.nstreams=20000 avg_latency=1.2204 ms avg throuhgput (requests/sec) = 83.5462 res=false
*==== INFO ====* req_id_count= 15000 stream_id=59996 latency=1.380511 ms (tx_ts=158973628414430, rx_ts=158973629794941) request_id=1193910 zil_blk_id=59996 ccf_commit_seqno=1193910 nstreams_done_=15000 config.nstreams=20000 avg_latency=1.2199 ms avg throuhgput (requests/sec) = 83.5553 res=false
*==== INFO ====* req_id_count= 15500 stream_id=61996 latency=1.300301 ms (tx_ts=158979594360540, rx_ts=158979595660841) request_id=1233810 zil_blk_id=61996 ccf_commit_seqno=1233813 nstreams_done_=15500 config.nstreams=20000 avg_latency=1.2196 ms avg throuhgput (requests/sec) = 83.5635 res=false
*==== INFO ====* req_id_count= 16000 stream_id=63996 latency=1.293188 ms (tx_ts=158985562659818, rx_ts=158985563953006) request_id=1273685 zil_blk_id=63996 ccf_commit_seqno=1273686 nstreams_done_=16000 config.nstreams=20000 avg_latency=1.2202 ms avg throuhgput (requests/sec) = 83.5701 res=false
*==== INFO ====* req_id_count= 16500 stream_id=65996 latency=1.177782 ms (tx_ts=158991536615547, rx_ts=158991537793329) request_id=1313659 zil_blk_id=65996 ccf_commit_seqno=1313660 nstreams_done_=16500 config.nstreams=20000 avg_latency=1.2206 ms avg throuhgput (requests/sec) = 83.5740 res=false
*==== INFO ====* req_id_count= 17000 stream_id=67996 latency=1.087877 ms (tx_ts=158997492326388, rx_ts=158997493414265) request_id=1353491 zil_blk_id=67996 ccf_commit_seqno=1353491 nstreams_done_=17000 config.nstreams=20000 avg_latency=1.2201 ms avg throuhgput (requests/sec) = 83.5851 res=false
*==== INFO ====* req_id_count= 17500 stream_id=69996 latency=1.299780 ms (tx_ts=159003427782722, rx_ts=159003429082502) request_id=1393287 zil_blk_id=69996 ccf_commit_seqno=1393289 nstreams_done_=17500 config.nstreams=20000 avg_latency=1.2182 ms avg throuhgput (requests/sec) = 83.6036 res=false
*==== INFO ====* req_id_count= 18000 stream_id=71996 latency=1.058559 ms (tx_ts=159009382269219, rx_ts=159009383327778) request_id=1433218 zil_blk_id=71996 ccf_commit_seqno=1433218 nstreams_done_=18000 config.nstreams=20000 avg_latency=1.2172 ms avg throuhgput (requests/sec) = 83.6138 res=false
*==== INFO ====* req_id_count= 18500 stream_id=73996 latency=0.924069 ms (tx_ts=159015316842465, rx_ts=159015317766534) request_id=1473030 zil_blk_id=73996 ccf_commit_seqno=1473031 nstreams_done_=18500 config.nstreams=20000 avg_latency=1.2158 ms avg throuhgput (requests/sec) = 83.6310 res=false
*==== INFO ====* req_id_count= 19000 stream_id=75996 latency=0.951599 ms (tx_ts=159021275850343, rx_ts=159021276801942) request_id=1512946 zil_blk_id=75996 ccf_commit_seqno=1512946 nstreams_done_=19000 config.nstreams=20000 avg_latency=1.2153 ms avg throuhgput (requests/sec) = 83.6382 res=false
*==== INFO ====* req_id_count= 19500 stream_id=77996 latency=1.311122 ms (tx_ts=159027219597140, rx_ts=159027220908262) request_id=1552570 zil_blk_id=77996 ccf_commit_seqno=1552575 nstreams_done_=19500 config.nstreams=20000 avg_latency=1.2148 ms avg throuhgput (requests/sec) = 83.6504 res=false
*==== INFO ====* http_end_stream ALL streams done! nstreams_done_=20000 avg_latency=1.2141 msreq_id_count= 20000
*==== INFO ====* req_id_count= 20000 stream_id=79996 latency=1.264114 ms (tx_ts=159033192299658, rx_ts=159033193563772) request_id=1582200 zil_blk_id=79996 ccf_commit_seqno=1582201 nstreams_done_=20000 config.nstreams=20000 avg_latency=1.2141 ms avg throuhgput (requests/sec) = 83.6521 res=true
