Uniform: 102636 272442 790839 319528 817195 
Exponential: -2147483648 -2147483648 -2147483648 -2147483648 -2147483648 
Truncated Normal: 263167 516378 428075 506124 282091 
*==== INFO ====* req_id_count= 500 stream_id=1996 latency=1.061886 ms (tx_ts=158800312441350, rx_ts=158800313503236) request_id=40327 zil_blk_id=1996 ccf_commit_seqno=40328 nstreams_done_=500 config.nstreams=20000 avg_latency=1.1650 ms avg throuhgput (requests/sec) = 80.5560 res=false
*==== INFO ====* req_id_count= 1000 stream_id=3996 latency=1.040235 ms (tx_ts=158806545154408, rx_ts=158806546194643) request_id=81422 zil_blk_id=3996 ccf_commit_seqno=81426 nstreams_done_=1000 config.nstreams=20000 avg_latency=1.1686 ms avg throuhgput (requests/sec) = 80.3887 res=false
*==== INFO ====* req_id_count= 1500 stream_id=5996 latency=0.888732 ms (tx_ts=158812781752912, rx_ts=158812782641644) request_id=122613 zil_blk_id=5996 ccf_commit_seqno=122613 nstreams_done_=1500 config.nstreams=20000 avg_latency=1.1717 ms avg throuhgput (requests/sec) = 80.3170 res=false
*==== INFO ====* req_id_count= 2000 stream_id=7996 latency=1.157094 ms (tx_ts=158818995439919, rx_ts=158818996597013) request_id=163745 zil_blk_id=7996 ccf_commit_seqno=163745 nstreams_done_=2000 config.nstreams=20000 avg_latency=1.1645 ms avg throuhgput (requests/sec) = 80.3537 res=false
*==== INFO ====* req_id_count= 2500 stream_id=9996 latency=1.284656 ms (tx_ts=158825225546128, rx_ts=158825226830784) request_id=205056 zil_blk_id=9996 ccf_commit_seqno=205058 nstreams_done_=2500 config.nstreams=20000 avg_latency=1.1675 ms avg throuhgput (requests/sec) = 80.3337 res=false
*==== INFO ====* req_id_count= 3000 stream_id=11996 latency=1.208240 ms (tx_ts=158831458680450, rx_ts=158831459888690) request_id=246400 zil_blk_id=11996 ccf_commit_seqno=246400 nstreams_done_=3000 config.nstreams=20000 avg_latency=1.1702 ms avg throuhgput (requests/sec) = 80.3143 res=false
*==== INFO ====* req_id_count= 3500 stream_id=13996 latency=1.166120 ms (tx_ts=158837694148664, rx_ts=158837695314784) request_id=287771 zil_blk_id=13996 ccf_commit_seqno=287774 nstreams_done_=3500 config.nstreams=20000 avg_latency=1.1732 ms avg throuhgput (requests/sec) = 80.2961 res=false
*==== INFO ====* req_id_count= 4000 stream_id=15996 latency=1.063438 ms (tx_ts=158843924818725, rx_ts=158843925882163) request_id=329168 zil_blk_id=15996 ccf_commit_seqno=329169 nstreams_done_=4000 config.nstreams=20000 avg_latency=1.1743 ms avg throuhgput (requests/sec) = 80.2903 res=false
*==== INFO ====* req_id_count= 4500 stream_id=17996 latency=1.319988 ms (tx_ts=158850139479877, rx_ts=158850140799865) request_id=370461 zil_blk_id=17996 ccf_commit_seqno=370465 nstreams_done_=4500 config.nstreams=20000 avg_latency=1.1711 ms avg throuhgput (requests/sec) = 80.3082 res=false
*==== INFO ====* req_id_count= 5000 stream_id=19996 latency=1.464959 ms (tx_ts=158856364697842, rx_ts=158856366162801) request_id=411854 zil_blk_id=19996 ccf_commit_seqno=411858 nstreams_done_=5000 config.nstreams=20000 avg_latency=1.1711 ms avg throuhgput (requests/sec) = 80.3090 res=false
*==== INFO ====* req_id_count= 5500 stream_id=21996 latency=2.053920 ms (tx_ts=158862589517561, rx_ts=158862591571481) request_id=453277 zil_blk_id=21996 ccf_commit_seqno=453277 nstreams_done_=5500 config.nstreams=20000 avg_latency=1.1709 ms avg throuhgput (requests/sec) = 80.3096 res=false
*==== INFO ====* req_id_count= 6000 stream_id=23996 latency=1.197769 ms (tx_ts=158868826835479, rx_ts=158868828033248) request_id=494723 zil_blk_id=23996 ccf_commit_seqno=494724 nstreams_done_=6000 config.nstreams=20000 avg_latency=1.1721 ms avg throuhgput (requests/sec) = 80.2983 res=false
*==== INFO ====* req_id_count= 6500 stream_id=25996 latency=0.914770 ms (tx_ts=158875054994786, rx_ts=158875055909556) request_id=536145 zil_blk_id=25996 ccf_commit_seqno=536145 nstreams_done_=6500 config.nstreams=20000 avg_latency=1.1722 ms avg throuhgput (requests/sec) = 80.2972 res=false
*==== INFO ====* req_id_count= 7000 stream_id=27996 latency=1.265707 ms (tx_ts=158881301191878, rx_ts=158881302457585) request_id=577683 zil_blk_id=27996 ccf_commit_seqno=577685 nstreams_done_=7000 config.nstreams=20000 avg_latency=1.1745 ms avg throuhgput (requests/sec) = 80.2791 res=false
*==== INFO ====* req_id_count= 7500 stream_id=29996 latency=0.922825 ms (tx_ts=158887531737457, rx_ts=158887532660282) request_id=619168 zil_blk_id=29996 ccf_commit_seqno=619168 nstreams_done_=7500 config.nstreams=20000 avg_latency=1.1748 ms avg throuhgput (requests/sec) = 80.2774 res=false
*==== INFO ====* req_id_count= 8000 stream_id=31996 latency=1.296925 ms (tx_ts=158893735156445, rx_ts=158893736453370) request_id=660551 zil_blk_id=31996 ccf_commit_seqno=660552 nstreams_done_=8000 config.nstreams=20000 avg_latency=1.1732 ms avg throuhgput (requests/sec) = 80.2973 res=false
*==== INFO ====* req_id_count= 8500 stream_id=33996 latency=1.327352 ms (tx_ts=158899964231767, rx_ts=158899965559119) request_id=702042 zil_blk_id=33996 ccf_commit_seqno=702044 nstreams_done_=8500 config.nstreams=20000 avg_latency=1.1732 ms avg throuhgput (requests/sec) = 80.2956 res=false
*==== INFO ====* req_id_count= 9000 stream_id=35996 latency=0.932614 ms (tx_ts=158906197794542, rx_ts=158906198727156) request_id=743586 zil_blk_id=35996 ccf_commit_seqno=743586 nstreams_done_=9000 config.nstreams=20000 avg_latency=1.1735 ms avg throuhgput (requests/sec) = 80.2911 res=false
*==== INFO ====* req_id_count= 9500 stream_id=37996 latency=0.900574 ms (tx_ts=158912430753238, rx_ts=158912431653812) request_id=785171 zil_blk_id=37996 ccf_commit_seqno=785172 nstreams_done_=9500 config.nstreams=20000 avg_latency=1.1734 ms avg throuhgput (requests/sec) = 80.2873 res=false
*==== INFO ====* req_id_count= 10000 stream_id=39996 latency=0.899703 ms (tx_ts=158918653020568, rx_ts=158918653920271) request_id=826629 zil_blk_id=39996 ccf_commit_seqno=826630 nstreams_done_=10000 config.nstreams=20000 avg_latency=1.1731 ms avg throuhgput (requests/sec) = 80.2908 res=false
*==== INFO ====* req_id_count= 10500 stream_id=41996 latency=1.189384 ms (tx_ts=158924856473989, rx_ts=158924857663373) request_id=868068 zil_blk_id=41996 ccf_commit_seqno=868069 nstreams_done_=10500 config.nstreams=20000 avg_latency=1.1715 ms avg throuhgput (requests/sec) = 80.3053 res=false
*==== INFO ====* req_id_count= 11000 stream_id=43996 latency=1.443527 ms (tx_ts=158931056649908, rx_ts=158931058093435) request_id=909554 zil_blk_id=43996 ccf_commit_seqno=909562 nstreams_done_=11000 config.nstreams=20000 avg_latency=1.1703 ms avg throuhgput (requests/sec) = 80.3204 res=false
*==== INFO ====* req_id_count= 11500 stream_id=45996 latency=0.974372 ms (tx_ts=158937276224985, rx_ts=158937277199357) request_id=951158 zil_blk_id=45996 ccf_commit_seqno=951159 nstreams_done_=11500 config.nstreams=20000 avg_latency=1.1705 ms avg throuhgput (requests/sec) = 80.3238 res=false
*==== INFO ====* req_id_count= 12000 stream_id=47996 latency=1.122929 ms (tx_ts=158943486791882, rx_ts=158943487914811) request_id=992646 zil_blk_id=47996 ccf_commit_seqno=992648 nstreams_done_=12000 config.nstreams=20000 avg_latency=1.1696 ms avg throuhgput (requests/sec) = 80.3314 res=false
*==== INFO ====* req_id_count= 12500 stream_id=49996 latency=1.115746 ms (tx_ts=158949710041687, rx_ts=158949711157433) request_id=1034177 zil_blk_id=49996 ccf_commit_seqno=1034179 nstreams_done_=12500 config.nstreams=20000 avg_latency=1.1691 ms avg throuhgput (requests/sec) = 80.3319 res=false
*==== INFO ====* req_id_count= 13000 stream_id=51996 latency=1.357147 ms (tx_ts=158955957742064, rx_ts=158955959099211) request_id=1075803 zil_blk_id=51996 ccf_commit_seqno=1075807 nstreams_done_=13000 config.nstreams=20000 avg_latency=1.1709 ms avg throuhgput (requests/sec) = 80.3201 res=false
*==== INFO ====* req_id_count= 13500 stream_id=53996 latency=1.316952 ms (tx_ts=158962159786135, rx_ts=158962161103087) request_id=1117271 zil_blk_id=53996 ccf_commit_seqno=1117273 nstreams_done_=13500 config.nstreams=20000 avg_latency=1.1695 ms avg throuhgput (requests/sec) = 80.3311 res=false
*==== INFO ====* req_id_count= 14000 stream_id=55996 latency=1.130202 ms (tx_ts=158968354496374, rx_ts=158968355626576) request_id=1158598 zil_blk_id=55996 ccf_commit_seqno=1158599 nstreams_done_=14000 config.nstreams=20000 avg_latency=1.1701 ms avg throuhgput (requests/sec) = 80.3448 res=false
*==== INFO ====* req_id_count= 14500 stream_id=57996 latency=1.158225 ms (tx_ts=158974404646562, rx_ts=158974405804787) request_id=1199091 zil_blk_id=57996 ccf_commit_seqno=1199093 nstreams_done_=14500 config.nstreams=20000 avg_latency=1.1700 ms avg throuhgput (requests/sec) = 80.4219 res=false
*==== INFO ====* req_id_count= 15000 stream_id=59996 latency=1.584303 ms (tx_ts=158980467105623, rx_ts=158980468689926) request_id=1239649 zil_blk_id=59996 ccf_commit_seqno=1239650 nstreams_done_=15000 config.nstreams=20000 avg_latency=1.1706 ms avg throuhgput (requests/sec) = 80.4885 res=false
*==== INFO ====* req_id_count= 15500 stream_id=61996 latency=1.421959 ms (tx_ts=158986527569038, rx_ts=158986528990997) request_id=1280147 zil_blk_id=61996 ccf_commit_seqno=1280149 nstreams_done_=15500 config.nstreams=20000 avg_latency=1.1719 ms avg throuhgput (requests/sec) = 80.5520 res=false
*==== INFO ====* req_id_count= 16000 stream_id=63996 latency=1.002424 ms (tx_ts=158992604319193, rx_ts=158992605321617) request_id=1320810 zil_blk_id=63996 ccf_commit_seqno=1320811 nstreams_done_=16000 config.nstreams=20000 avg_latency=1.1719 ms avg throuhgput (requests/sec) = 80.6051 res=false
*==== INFO ====* req_id_count= 16500 stream_id=65996 latency=0.952851 ms (tx_ts=158998676239234, rx_ts=158998677192085) request_id=1361425 zil_blk_id=65996 ccf_commit_seqno=1361427 nstreams_done_=16500 config.nstreams=20000 avg_latency=1.1724 ms avg throuhgput (requests/sec) = 80.6568 res=false
*==== INFO ====* req_id_count= 17000 stream_id=67996 latency=1.095188 ms (tx_ts=159004757829324, rx_ts=159004758924512) request_id=1402168 zil_blk_id=67996 ccf_commit_seqno=1402169 nstreams_done_=17000 config.nstreams=20000 avg_latency=1.1732 ms avg throuhgput (requests/sec) = 80.7017 res=false
*==== INFO ====* req_id_count= 17500 stream_id=69996 latency=1.205714 ms (tx_ts=159010834678602, rx_ts=159010835884316) request_id=1442978 zil_blk_id=69996 ccf_commit_seqno=1442979 nstreams_done_=17500 config.nstreams=20000 avg_latency=1.1726 ms avg throuhgput (requests/sec) = 80.7459 res=false
*==== INFO ====* req_id_count= 18000 stream_id=71996 latency=1.051797 ms (tx_ts=159016907610182, rx_ts=159016908661979) request_id=1483714 zil_blk_id=71996 ccf_commit_seqno=1483715 nstreams_done_=18000 config.nstreams=20000 avg_latency=1.1720 ms avg throuhgput (requests/sec) = 80.7892 res=false
*==== INFO ====* req_id_count= 18500 stream_id=73996 latency=1.288051 ms (tx_ts=159022960831867, rx_ts=159022962119918) request_id=1524250 zil_blk_id=73996 ccf_commit_seqno=1524255 nstreams_done_=18500 config.nstreams=20000 avg_latency=1.1721 ms avg throuhgput (requests/sec) = 80.8370 res=false
*==== INFO ====* req_id_count= 19000 stream_id=75996 latency=0.852113 ms (tx_ts=159029019743136, rx_ts=159029020595249) request_id=1563352 zil_blk_id=75996 ccf_commit_seqno=1563352 nstreams_done_=19000 config.nstreams=20000 avg_latency=1.1726 ms avg throuhgput (requests/sec) = 80.8807 res=false
*==== INFO ====* req_id_count= 19500 stream_id=77996 latency=1.350906 ms (tx_ts=159035032604686, rx_ts=159035033955592) request_id=1587430 zil_blk_id=77996 ccf_commit_seqno=1587430 nstreams_done_=19500 config.nstreams=20000 avg_latency=1.1712 ms avg throuhgput (requests/sec) = 80.9373 res=false
*==== INFO ====* http_end_stream ALL streams done! nstreams_done_=20000 avg_latency=1.1675 msreq_id_count= 20000
*==== INFO ====* req_id_count= 20000 stream_id=79996 latency=1.240647 ms (tx_ts=159041103835732, rx_ts=159041105076379) request_id=1597504 zil_blk_id=79996 ccf_commit_seqno=1597504 nstreams_done_=20000 config.nstreams=20000 avg_latency=1.1675 ms avg throuhgput (requests/sec) = 80.9722 res=true
