Uniform: 650829 594259 121364 71941 349125 
Exponential: -2147483648 -2147483648 -2147483648 -2147483648 -2147483648 
Truncated Normal: 684347 807730 582230 758868 395768 
*==== INFO ====* req_id_count= 500 stream_id=1996 latency=0.881508 ms (tx_ts=158800204927626, rx_ts=158800205809134) request_id=39632 zil_blk_id=1996 ccf_commit_seqno=39633 nstreams_done_=500 config.nstreams=20000 avg_latency=1.0779 ms avg throuhgput (requests/sec) = 81.7247 res=false
*==== INFO ====* req_id_count= 1000 stream_id=3996 latency=0.845471 ms (tx_ts=158806258241006, rx_ts=158806259086477) request_id=79545 zil_blk_id=3996 ccf_commit_seqno=79545 nstreams_done_=1000 config.nstreams=20000 avg_latency=1.0658 ms avg throuhgput (requests/sec) = 82.1599 res=false
*==== INFO ====* req_id_count= 1500 stream_id=5996 latency=0.904228 ms (tx_ts=158812310793114, rx_ts=158812311697342) request_id=119522 zil_blk_id=5996 ccf_commit_seqno=119523 nstreams_done_=1500 config.nstreams=20000 avg_latency=1.0643 ms avg throuhgput (requests/sec) = 82.3091 res=false
*==== INFO ====* req_id_count= 2000 stream_id=7996 latency=1.080070 ms (tx_ts=158818353599181, rx_ts=158818354679251) request_id=159491 zil_blk_id=7996 ccf_commit_seqno=159492 nstreams_done_=2000 config.nstreams=20000 avg_latency=1.0542 ms avg throuhgput (requests/sec) = 82.4165 res=false
*==== INFO ====* req_id_count= 2500 stream_id=9996 latency=1.131148 ms (tx_ts=158824292716610, rx_ts=158824293847758) request_id=198892 zil_blk_id=9996 ccf_commit_seqno=198897 nstreams_done_=2500 config.nstreams=20000 avg_latency=1.0517 ms avg throuhgput (requests/sec) = 82.7646 res=false
*==== INFO ====* req_id_count= 3000 stream_id=11996 latency=0.829712 ms (tx_ts=158830234710552, rx_ts=158830235540264) request_id=238304 zil_blk_id=11996 ccf_commit_seqno=238304 nstreams_done_=3000 config.nstreams=20000 avg_latency=1.0530 ms avg throuhgput (requests/sec) = 82.9925 res=false
*==== INFO ====* req_id_count= 3500 stream_id=13996 latency=1.133149 ms (tx_ts=158836206043401, rx_ts=158836207176550) request_id=277881 zil_blk_id=13996 ccf_commit_seqno=277883 nstreams_done_=3500 config.nstreams=20000 avg_latency=1.0569 ms avg throuhgput (requests/sec) = 83.0970 res=false
*==== INFO ====* req_id_count= 4000 stream_id=15996 latency=0.745985 ms (tx_ts=158842154982815, rx_ts=158842155728800) request_id=317408 zil_blk_id=15996 ccf_commit_seqno=317408 nstreams_done_=4000 config.nstreams=20000 avg_latency=1.0540 ms avg throuhgput (requests/sec) = 83.2154 res=false
*==== INFO ====* req_id_count= 4500 stream_id=17996 latency=1.019436 ms (tx_ts=158848100888612, rx_ts=158848101908048) request_id=356938 zil_blk_id=17996 ccf_commit_seqno=356939 nstreams_done_=4500 config.nstreams=20000 avg_latency=1.0560 ms avg throuhgput (requests/sec) = 83.3114 res=false
*==== INFO ====* req_id_count= 5000 stream_id=19996 latency=1.223658 ms (tx_ts=158854050902292, rx_ts=158854052125950) request_id=396486 zil_blk_id=19996 ccf_commit_seqno=396488 nstreams_done_=5000 config.nstreams=20000 avg_latency=1.0560 ms avg throuhgput (requests/sec) = 83.3828 res=false
*==== INFO ====* req_id_count= 5500 stream_id=21996 latency=0.886889 ms (tx_ts=158860008459500, rx_ts=158860009346389) request_id=436106 zil_blk_id=21996 ccf_commit_seqno=436107 nstreams_done_=5500 config.nstreams=20000 avg_latency=1.0558 ms avg throuhgput (requests/sec) = 83.4324 res=false
*==== INFO ====* req_id_count= 6000 stream_id=23996 latency=0.910533 ms (tx_ts=158865996251276, rx_ts=158865997161809) request_id=475889 zil_blk_id=23996 ccf_commit_seqno=475890 nstreams_done_=6000 config.nstreams=20000 avg_latency=1.0581 ms avg throuhgput (requests/sec) = 83.4383 res=false
*==== INFO ====* req_id_count= 6500 stream_id=25996 latency=0.964363 ms (tx_ts=158871951561103, rx_ts=158871952525466) request_id=515504 zil_blk_id=25996 ccf_commit_seqno=515508 nstreams_done_=6500 config.nstreams=20000 avg_latency=1.0588 ms avg throuhgput (requests/sec) = 83.4780 res=false
*==== INFO ====* req_id_count= 7000 stream_id=27996 latency=0.873122 ms (tx_ts=158877891646451, rx_ts=158877892519573) request_id=555014 zil_blk_id=27996 ccf_commit_seqno=555014 nstreams_done_=7000 config.nstreams=20000 avg_latency=1.0587 ms avg throuhgput (requests/sec) = 83.5274 res=false
*==== INFO ====* req_id_count= 7500 stream_id=29996 latency=0.775987 ms (tx_ts=158883850554630, rx_ts=158883851330617) request_id=594626 zil_blk_id=29996 ccf_commit_seqno=594626 nstreams_done_=7500 config.nstreams=20000 avg_latency=1.0611 ms avg throuhgput (requests/sec) = 83.5528 res=false
*==== INFO ====* req_id_count= 8000 stream_id=31996 latency=0.871379 ms (tx_ts=158889809685291, rx_ts=158889810556670) request_id=634369 zil_blk_id=31996 ccf_commit_seqno=634369 nstreams_done_=8000 config.nstreams=20000 avg_latency=1.0611 ms avg throuhgput (requests/sec) = 83.5746 res=false
*==== INFO ====* req_id_count= 8500 stream_id=33996 latency=0.830063 ms (tx_ts=158895752387860, rx_ts=158895753217923) request_id=673967 zil_blk_id=33996 ccf_commit_seqno=673968 nstreams_done_=8500 config.nstreams=20000 avg_latency=1.0613 ms avg throuhgput (requests/sec) = 83.6075 res=false
*==== INFO ====* req_id_count= 9000 stream_id=35996 latency=0.959183 ms (tx_ts=158901687713937, rx_ts=158901688673120) request_id=713530 zil_blk_id=35996 ccf_commit_seqno=713530 nstreams_done_=9000 config.nstreams=20000 avg_latency=1.0596 ms avg throuhgput (requests/sec) = 83.6424 res=false
*==== INFO ====* req_id_count= 9500 stream_id=37996 latency=1.071153 ms (tx_ts=158907666184570, rx_ts=158907667255723) request_id=753359 zil_blk_id=37996 ccf_commit_seqno=753361 nstreams_done_=9500 config.nstreams=20000 avg_latency=1.0619 ms avg throuhgput (requests/sec) = 83.6418 res=false
*==== INFO ====* req_id_count= 10000 stream_id=39996 latency=1.310003 ms (tx_ts=158913605492614, rx_ts=158913606802617) request_id=792997 zil_blk_id=39996 ccf_commit_seqno=793002 nstreams_done_=10000 config.nstreams=20000 avg_latency=1.0608 ms avg throuhgput (requests/sec) = 83.6686 res=false
*==== INFO ====* req_id_count= 10500 stream_id=41996 latency=1.123732 ms (tx_ts=158919560950897, rx_ts=158919562074629) request_id=832677 zil_blk_id=41996 ccf_commit_seqno=832677 nstreams_done_=10500 config.nstreams=20000 avg_latency=1.0608 ms avg throuhgput (requests/sec) = 83.6824 res=false
*==== INFO ====* req_id_count= 11000 stream_id=43996 latency=1.041056 ms (tx_ts=158925502475993, rx_ts=158925503517049) request_id=872402 zil_blk_id=43996 ccf_commit_seqno=872404 nstreams_done_=11000 config.nstreams=20000 avg_latency=1.0603 ms avg throuhgput (requests/sec) = 83.7038 res=false
*==== INFO ====* req_id_count= 11500 stream_id=45996 latency=0.889891 ms (tx_ts=158931439328167, rx_ts=158931440218058) request_id=912128 zil_blk_id=45996 ccf_commit_seqno=912128 nstreams_done_=11500 config.nstreams=20000 avg_latency=1.0602 ms avg throuhgput (requests/sec) = 83.7262 res=false
*==== INFO ====* req_id_count= 12000 stream_id=47996 latency=0.890836 ms (tx_ts=158937382710493, rx_ts=158937383601329) request_id=951858 zil_blk_id=47996 ccf_commit_seqno=951859 nstreams_done_=12000 config.nstreams=20000 avg_latency=1.0591 ms avg throuhgput (requests/sec) = 83.7428 res=false
*==== INFO ====* req_id_count= 12500 stream_id=49996 latency=1.105564 ms (tx_ts=158943324392821, rx_ts=158943325498385) request_id=991555 zil_blk_id=49996 ccf_commit_seqno=991563 nstreams_done_=12500 config.nstreams=20000 avg_latency=1.0590 ms avg throuhgput (requests/sec) = 83.7589 res=false
*==== INFO ====* req_id_count= 13000 stream_id=51996 latency=1.095047 ms (tx_ts=158949263183898, rx_ts=158949264278945) request_id=1031184 zil_blk_id=51996 ccf_commit_seqno=1031185 nstreams_done_=13000 config.nstreams=20000 avg_latency=1.0584 ms avg throuhgput (requests/sec) = 83.7755 res=false
*==== INFO ====* req_id_count= 13500 stream_id=53996 latency=0.842204 ms (tx_ts=158955200745641, rx_ts=158955201587845) request_id=1070733 zil_blk_id=53996 ccf_commit_seqno=1070734 nstreams_done_=13500 config.nstreams=20000 avg_latency=1.0591 ms avg throuhgput (requests/sec) = 83.7917 res=false
*==== INFO ====* req_id_count= 14000 stream_id=55996 latency=0.909812 ms (tx_ts=158961129504921, rx_ts=158961130414733) request_id=1110353 zil_blk_id=55996 ccf_commit_seqno=1110355 nstreams_done_=14000 config.nstreams=20000 avg_latency=1.0584 ms avg throuhgput (requests/sec) = 83.8109 res=false
*==== INFO ====* req_id_count= 14500 stream_id=57996 latency=1.016330 ms (tx_ts=158967106808909, rx_ts=158967107825239) request_id=1150296 zil_blk_id=57996 ccf_commit_seqno=1150297 nstreams_done_=14500 config.nstreams=20000 avg_latency=1.0596 ms avg throuhgput (requests/sec) = 83.8053 res=false
*==== INFO ====* req_id_count= 15000 stream_id=59996 latency=2.097275 ms (tx_ts=158973042800762, rx_ts=158973044898037) request_id=1190005 zil_blk_id=59996 ccf_commit_seqno=1190012 nstreams_done_=15000 config.nstreams=20000 avg_latency=1.0595 ms avg throuhgput (requests/sec) = 83.8189 res=false
*==== INFO ====* req_id_count= 15500 stream_id=61996 latency=2.105217 ms (tx_ts=158979016935229, rx_ts=158979019040446) request_id=1229940 zil_blk_id=61996 ccf_commit_seqno=1229945 nstreams_done_=15500 config.nstreams=20000 avg_latency=1.0605 ms avg throuhgput (requests/sec) = 83.8149 res=false
*==== INFO ====* req_id_count= 16000 stream_id=63996 latency=0.991784 ms (tx_ts=158984968564988, rx_ts=158984969556772) request_id=1269716 zil_blk_id=63996 ccf_commit_seqno=1269719 nstreams_done_=16000 config.nstreams=20000 avg_latency=1.0602 ms avg throuhgput (requests/sec) = 83.8215 res=false
*==== INFO ====* req_id_count= 16500 stream_id=65996 latency=1.094837 ms (tx_ts=158990938737530, rx_ts=158990939832367) request_id=1309648 zil_blk_id=65996 ccf_commit_seqno=1309649 nstreams_done_=16500 config.nstreams=20000 avg_latency=1.0608 ms avg throuhgput (requests/sec) = 83.8193 res=false
*==== INFO ====* req_id_count= 17000 stream_id=67996 latency=1.301774 ms (tx_ts=158996885091576, rx_ts=158996886393350) request_id=1349429 zil_blk_id=67996 ccf_commit_seqno=1349435 nstreams_done_=17000 config.nstreams=20000 avg_latency=1.0608 ms avg throuhgput (requests/sec) = 83.8270 res=false
*==== INFO ====* req_id_count= 17500 stream_id=69996 latency=0.969984 ms (tx_ts=159002801235825, rx_ts=159002802205809) request_id=1389074 zil_blk_id=69996 ccf_commit_seqno=1389077 nstreams_done_=17500 config.nstreams=20000 avg_latency=1.0598 ms avg throuhgput (requests/sec) = 83.8466 res=false
*==== INFO ====* req_id_count= 18000 stream_id=71996 latency=1.144893 ms (tx_ts=159008736515349, rx_ts=159008737660242) request_id=1428869 zil_blk_id=71996 ccf_commit_seqno=1428873 nstreams_done_=18000 config.nstreams=20000 avg_latency=1.0598 ms avg throuhgput (requests/sec) = 83.8575 res=false
*==== INFO ====* req_id_count= 18500 stream_id=73996 latency=0.999909 ms (tx_ts=159014657623937, rx_ts=159014658623846) request_id=1468613 zil_blk_id=73996 ccf_commit_seqno=1468613 nstreams_done_=18500 config.nstreams=20000 avg_latency=1.0588 ms avg throuhgput (requests/sec) = 83.8733 res=false
*==== INFO ====* req_id_count= 19000 stream_id=75996 latency=1.261127 ms (tx_ts=159020593589690, rx_ts=159020594850817) request_id=1508385 zil_blk_id=75996 ccf_commit_seqno=1508387 nstreams_done_=19000 config.nstreams=20000 avg_latency=1.0586 ms avg throuhgput (requests/sec) = 83.8826 res=false
*==== INFO ====* req_id_count= 19500 stream_id=77996 latency=1.232244 ms (tx_ts=159026533008312, rx_ts=159026534240556) request_id=1548101 zil_blk_id=77996 ccf_commit_seqno=1548102 nstreams_done_=19500 config.nstreams=20000 avg_latency=1.0586 ms avg throuhgput (requests/sec) = 83.8903 res=false
*==== INFO ====* http_end_stream ALL streams done! nstreams_done_=20000 avg_latency=1.0573 msreq_id_count= 20000
*==== INFO ====* req_id_count= 20000 stream_id=79996 latency=0.785177 ms (tx_ts=159032450365537, rx_ts=159032451150714) request_id=1579555 zil_blk_id=79996 ccf_commit_seqno=1579555 nstreams_done_=20000 config.nstreams=20000 avg_latency=1.0573 ms avg throuhgput (requests/sec) = 83.9055 res=true
