Uniform: 10632 672434 143006 818499 755997 
Exponential: -2147483648 -2147483648 -2147483648 -2147483648 -2147483648 
Truncated Normal: 767186 313982 734585 743214 630505 
*==== INFO ====* req_id_count= 500 stream_id=1996 latency=0.974392 ms (tx_ts=158800061325071, rx_ts=158800062299463) request_id=38706 zil_blk_id=1996 ccf_commit_seqno=38706 nstreams_done_=500 config.nstreams=20000 avg_latency=0.9125 ms avg throuhgput (requests/sec) = 83.5411 res=false
*==== INFO ====* req_id_count= 1000 stream_id=3996 latency=0.901406 ms (tx_ts=158806031530777, rx_ts=158806032432183) request_id=78067 zil_blk_id=3996 ccf_commit_seqno=78068 nstreams_done_=1000 config.nstreams=20000 avg_latency=0.9122 ms avg throuhgput (requests/sec) = 83.6455 res=false
*==== INFO ====* req_id_count= 1500 stream_id=5996 latency=0.904943 ms (tx_ts=158811954417638, rx_ts=158811955322581) request_id=117177 zil_blk_id=5996 ccf_commit_seqno=117181 nstreams_done_=1500 config.nstreams=20000 avg_latency=0.9007 ms avg throuhgput (requests/sec) = 83.9015 res=false
*==== INFO ====* req_id_count= 2000 stream_id=7996 latency=0.934778 ms (tx_ts=158817868405388, rx_ts=158817869340166) request_id=156283 zil_blk_id=7996 ccf_commit_seqno=156288 nstreams_done_=2000 config.nstreams=20000 avg_latency=0.8977 ms avg throuhgput (requests/sec) = 84.0615 res=false
*==== INFO ====* req_id_count= 2500 stream_id=9996 latency=0.720930 ms (tx_ts=158823811532452, rx_ts=158823812253382) request_id=195723 zil_blk_id=9996 ccf_commit_seqno=195724 nstreams_done_=2500 config.nstreams=20000 avg_latency=0.8954 ms avg throuhgput (requests/sec) = 84.0759 res=false
*==== INFO ====* req_id_count= 3000 stream_id=11996 latency=1.002945 ms (tx_ts=158829735836763, rx_ts=158829736839708) request_id=235008 zil_blk_id=11996 ccf_commit_seqno=235010 nstreams_done_=3000 config.nstreams=20000 avg_latency=0.8922 ms avg throuhgput (requests/sec) = 84.1288 res=false
*==== INFO ====* req_id_count= 3500 stream_id=13996 latency=0.991053 ms (tx_ts=158835620099075, rx_ts=158835621090128) request_id=273983 zil_blk_id=13996 ccf_commit_seqno=273988 nstreams_done_=3500 config.nstreams=20000 avg_latency=0.8888 ms avg throuhgput (requests/sec) = 84.2483 res=false
*==== INFO ====* req_id_count= 4000 stream_id=15996 latency=0.619809 ms (tx_ts=158841519842889, rx_ts=158841520462698) request_id=313181 zil_blk_id=15996 ccf_commit_seqno=313181 nstreams_done_=4000 config.nstreams=20000 avg_latency=0.8847 ms avg throuhgput (requests/sec) = 84.3113 res=false
*==== INFO ====* req_id_count= 4500 stream_id=17996 latency=0.652329 ms (tx_ts=158847418685132, rx_ts=158847419337461) request_id=352404 zil_blk_id=17996 ccf_commit_seqno=352404 nstreams_done_=4500 config.nstreams=20000 avg_latency=0.8841 ms avg throuhgput (requests/sec) = 84.3611 res=false
*==== INFO ====* req_id_count= 5000 stream_id=19996 latency=0.645537 ms (tx_ts=158853332842914, rx_ts=158853333488451) request_id=391715 zil_blk_id=19996 ccf_commit_seqno=391715 nstreams_done_=5000 config.nstreams=20000 avg_latency=0.8812 ms avg throuhgput (requests/sec) = 84.3793 res=false
*==== INFO ====* req_id_count= 5500 stream_id=21996 latency=0.857012 ms (tx_ts=158859233642743, rx_ts=158859234499755) request_id=430940 zil_blk_id=21996 ccf_commit_seqno=430942 nstreams_done_=5500 config.nstreams=20000 avg_latency=0.8851 ms avg throuhgput (requests/sec) = 84.4111 res=false
*==== INFO ====* req_id_count= 6000 stream_id=23996 latency=0.890495 ms (tx_ts=158865162199282, rx_ts=158865163089777) request_id=470379 zil_blk_id=23996 ccf_commit_seqno=470381 nstreams_done_=6000 config.nstreams=20000 avg_latency=0.8856 ms avg throuhgput (requests/sec) = 84.4050 res=false
*==== INFO ====* req_id_count= 6500 stream_id=25996 latency=0.851122 ms (tx_ts=158871096306648, rx_ts=158871097157770) request_id=509799 zil_blk_id=25996 ccf_commit_seqno=509803 nstreams_done_=6500 config.nstreams=20000 avg_latency=0.8880 ms avg throuhgput (requests/sec) = 84.3937 res=false
*==== INFO ====* req_id_count= 7000 stream_id=27996 latency=0.826355 ms (tx_ts=158876993035969, rx_ts=158876993862324) request_id=549036 zil_blk_id=27996 ccf_commit_seqno=549036 nstreams_done_=7000 config.nstreams=20000 avg_latency=0.8863 ms avg throuhgput (requests/sec) = 84.4221 res=false
*==== INFO ====* req_id_count= 7500 stream_id=29996 latency=0.831425 ms (tx_ts=158882892476730, rx_ts=158882893308155) request_id=588244 zil_blk_id=29996 ccf_commit_seqno=588246 nstreams_done_=7500 config.nstreams=20000 avg_latency=0.8883 ms avg throuhgput (requests/sec) = 84.4442 res=false
*==== INFO ====* req_id_count= 8000 stream_id=31996 latency=0.718423 ms (tx_ts=158888736636329, rx_ts=158888737354752) request_id=627215 zil_blk_id=31996 ccf_commit_seqno=627215 nstreams_done_=8000 config.nstreams=20000 avg_latency=0.8864 ms avg throuhgput (requests/sec) = 84.5129 res=false
*==== INFO ====* req_id_count= 8500 stream_id=33996 latency=1.000987 ms (tx_ts=158894596173628, rx_ts=158894597174615) request_id=666273 zil_blk_id=33996 ccf_commit_seqno=666277 nstreams_done_=8500 config.nstreams=20000 avg_latency=0.8876 ms avg throuhgput (requests/sec) = 84.5603 res=false
*==== INFO ====* req_id_count= 9000 stream_id=35996 latency=0.730616 ms (tx_ts=158900442467875, rx_ts=158900443198491) request_id=705230 zil_blk_id=35996 ccf_commit_seqno=705230 nstreams_done_=9000 config.nstreams=20000 avg_latency=0.8877 ms avg throuhgput (requests/sec) = 84.6135 res=false
*==== INFO ====* req_id_count= 9500 stream_id=37996 latency=0.688537 ms (tx_ts=158906313380732, rx_ts=158906314069269) request_id=744356 zil_blk_id=37996 ccf_commit_seqno=744357 nstreams_done_=9500 config.nstreams=20000 avg_latency=0.8867 ms avg throuhgput (requests/sec) = 84.6424 res=false
*==== INFO ====* req_id_count= 10000 stream_id=39996 latency=0.966286 ms (tx_ts=158912188373134, rx_ts=158912189339420) request_id=783555 zil_blk_id=39996 ccf_commit_seqno=783559 nstreams_done_=10000 config.nstreams=20000 avg_latency=0.8856 ms avg throuhgput (requests/sec) = 84.6653 res=false
*==== INFO ====* req_id_count= 10500 stream_id=41996 latency=0.692354 ms (tx_ts=158918068024462, rx_ts=158918068716816) request_id=822720 zil_blk_id=41996 ccf_commit_seqno=822724 nstreams_done_=10500 config.nstreams=20000 avg_latency=0.8848 ms avg throuhgput (requests/sec) = 84.6832 res=false
*==== INFO ====* req_id_count= 11000 stream_id=43996 latency=1.066163 ms (tx_ts=158923895354447, rx_ts=158923896420610) request_id=861621 zil_blk_id=43996 ccf_commit_seqno=861621 nstreams_done_=11000 config.nstreams=20000 avg_latency=0.8834 ms avg throuhgput (requests/sec) = 84.7332 res=false
*==== INFO ====* req_id_count= 11500 stream_id=45996 latency=0.866048 ms (tx_ts=158929712573430, rx_ts=158929713439478) request_id=900567 zil_blk_id=45996 ccf_commit_seqno=900570 nstreams_done_=11500 config.nstreams=20000 avg_latency=0.8829 ms avg throuhgput (requests/sec) = 84.7856 res=false
*==== INFO ====* req_id_count= 12000 stream_id=47996 latency=0.836023 ms (tx_ts=158935544932655, rx_ts=158935545768678) request_id=939590 zil_blk_id=47996 ccf_commit_seqno=939593 nstreams_done_=12000 config.nstreams=20000 avg_latency=0.8830 ms avg throuhgput (requests/sec) = 84.8245 res=false
*==== INFO ====* req_id_count= 12500 stream_id=49996 latency=0.962229 ms (tx_ts=158941398092301, rx_ts=158941399054530) request_id=978663 zil_blk_id=49996 ccf_commit_seqno=978665 nstreams_done_=12500 config.nstreams=20000 avg_latency=0.8833 ms avg throuhgput (requests/sec) = 84.8483 res=false
*==== INFO ====* req_id_count= 13000 stream_id=51996 latency=0.660185 ms (tx_ts=158947220984229, rx_ts=158947221644414) request_id=1017544 zil_blk_id=51996 ccf_commit_seqno=1017544 nstreams_done_=13000 config.nstreams=20000 avg_latency=0.8822 ms avg throuhgput (requests/sec) = 84.8872 res=false
*==== INFO ====* req_id_count= 13500 stream_id=53996 latency=0.891256 ms (tx_ts=158953055087477, rx_ts=158953055978733) request_id=1056412 zil_blk_id=53996 ccf_commit_seqno=1056412 nstreams_done_=13500 config.nstreams=20000 avg_latency=0.8834 ms avg throuhgput (requests/sec) = 84.9170 res=false
*==== INFO ====* req_id_count= 14000 stream_id=55996 latency=1.595302 ms (tx_ts=158958879518264, rx_ts=158958881113566) request_id=1095318 zil_blk_id=55996 ccf_commit_seqno=1095318 nstreams_done_=14000 config.nstreams=20000 avg_latency=0.8831 ms avg throuhgput (requests/sec) = 84.9495 res=false
*==== INFO ====* req_id_count= 14500 stream_id=57996 latency=0.728593 ms (tx_ts=158964715316084, rx_ts=158964716044677) request_id=1134295 zil_blk_id=57996 ccf_commit_seqno=1134297 nstreams_done_=14500 config.nstreams=20000 avg_latency=0.8831 ms avg throuhgput (requests/sec) = 84.9748 res=false
*==== INFO ====* req_id_count= 15000 stream_id=59996 latency=0.709676 ms (tx_ts=158970548013542, rx_ts=158970548723218) request_id=1173286 zil_blk_id=59996 ccf_commit_seqno=1173288 nstreams_done_=15000 config.nstreams=20000 avg_latency=0.8832 ms avg throuhgput (requests/sec) = 84.9996 res=false
*==== INFO ====* req_id_count= 15500 stream_id=61996 latency=1.026550 ms (tx_ts=158976390666425, rx_ts=158976391692975) request_id=1212357 zil_blk_id=61996 ccf_commit_seqno=1212358 nstreams_done_=15500 config.nstreams=20000 avg_latency=0.8835 ms avg throuhgput (requests/sec) = 85.0179 res=false
*==== INFO ====* req_id_count= 16000 stream_id=63996 latency=0.831414 ms (tx_ts=158982219152690, rx_ts=158982219984104) request_id=1251359 zil_blk_id=63996 ccf_commit_seqno=1251361 nstreams_done_=16000 config.nstreams=20000 avg_latency=0.8833 ms avg throuhgput (requests/sec) = 85.0418 res=false
*==== INFO ====* req_id_count= 16500 stream_id=65996 latency=0.819201 ms (tx_ts=158988047669162, rx_ts=158988048488363) request_id=1290330 zil_blk_id=65996 ccf_commit_seqno=1290331 nstreams_done_=16500 config.nstreams=20000 avg_latency=0.8837 ms avg throuhgput (requests/sec) = 85.0641 res=false
*==== INFO ====* req_id_count= 17000 stream_id=67996 latency=0.791610 ms (tx_ts=158993882782529, rx_ts=158993883574139) request_id=1329335 zil_blk_id=67996 ccf_commit_seqno=1329338 nstreams_done_=17000 config.nstreams=20000 avg_latency=0.8839 ms avg throuhgput (requests/sec) = 85.0824 res=false
*==== INFO ====* req_id_count= 17500 stream_id=69996 latency=0.963516 ms (tx_ts=158999690200592, rx_ts=158999691164108) request_id=1368195 zil_blk_id=69996 ccf_commit_seqno=1368195 nstreams_done_=17500 config.nstreams=20000 avg_latency=0.8842 ms avg throuhgput (requests/sec) = 85.1110 res=false
*==== INFO ====* req_id_count= 18000 stream_id=71996 latency=0.878211 ms (tx_ts=159005529330750, rx_ts=159005530208961) request_id=1407325 zil_blk_id=71996 ccf_commit_seqno=1407327 nstreams_done_=18000 config.nstreams=20000 avg_latency=0.8849 ms avg throuhgput (requests/sec) = 85.1253 res=false
*==== INFO ====* req_id_count= 18500 stream_id=73996 latency=0.813932 ms (tx_ts=159011357602371, rx_ts=159011358416303) request_id=1446484 zil_blk_id=73996 ccf_commit_seqno=1446487 nstreams_done_=18500 config.nstreams=20000 avg_latency=0.8851 ms avg throuhgput (requests/sec) = 85.1431 res=false
*==== INFO ====* req_id_count= 19000 stream_id=75996 latency=0.927183 ms (tx_ts=159017191896491, rx_ts=159017192823674) request_id=1485610 zil_blk_id=75996 ccf_commit_seqno=1485611 nstreams_done_=19000 config.nstreams=20000 avg_latency=0.8851 ms avg throuhgput (requests/sec) = 85.1576 res=false
*==== INFO ====* req_id_count= 19500 stream_id=77996 latency=0.844088 ms (tx_ts=159023022494984, rx_ts=159023023339072) request_id=1524666 zil_blk_id=77996 ccf_commit_seqno=1524668 nstreams_done_=19500 config.nstreams=20000 avg_latency=0.8851 ms avg throuhgput (requests/sec) = 85.1729 res=false
*==== INFO ====* http_end_stream ALL streams done! nstreams_done_=20000 avg_latency=0.8848 msreq_id_count= 20000
*==== INFO ====* req_id_count= 20000 stream_id=79996 latency=1.274422 ms (tx_ts=159028848361148, rx_ts=159028849635570) request_id=1562384 zil_blk_id=79996 ccf_commit_seqno=1562391 nstreams_done_=20000 config.nstreams=20000 avg_latency=0.8848 ms avg throuhgput (requests/sec) = 85.1889 res=true
