Uniform: 580636 401285 628969 22742 908388 
Exponential: -2147483648 -2147483648 -2147483648 -2147483648 -2147483648 
Truncated Normal: 234837 295419 453314 476539 803927 
*==== INFO ====* req_id_count= 500 stream_id=1996 latency=1.010673 ms (tx_ts=158799994761187, rx_ts=158799995771860) request_id=38275 zil_blk_id=1996 ccf_commit_seqno=38279 nstreams_done_=500 config.nstreams=20000 avg_latency=0.9634 ms avg throuhgput (requests/sec) = 84.5727 res=false
*==== INFO ====* req_id_count= 1000 stream_id=3996 latency=1.038110 ms (tx_ts=158805852879458, rx_ts=158805853917568) request_id=76891 zil_blk_id=3996 ccf_commit_seqno=76896 nstreams_done_=1000 config.nstreams=20000 avg_latency=0.9567 ms avg throuhgput (requests/sec) = 84.9602 res=false
*==== INFO ====* req_id_count= 1500 stream_id=5996 latency=0.867232 ms (tx_ts=158811731844677, rx_ts=158811732711909) request_id=115706 zil_blk_id=5996 ccf_commit_seqno=115707 nstreams_done_=1500 config.nstreams=20000 avg_latency=0.9599 ms avg throuhgput (requests/sec) = 84.9906 res=false
*==== INFO ====* req_id_count= 2000 stream_id=7996 latency=0.757647 ms (tx_ts=158817581453628, rx_ts=158817582211275) request_id=154377 zil_blk_id=7996 ccf_commit_seqno=154377 nstreams_done_=2000 config.nstreams=20000 avg_latency=0.9542 ms avg throuhgput (requests/sec) = 85.1118 res=false
*==== INFO ====* req_id_count= 2500 stream_id=9996 latency=0.956549 ms (tx_ts=158823404398675, rx_ts=158823405355224) request_id=193034 zil_blk_id=9996 ccf_commit_seqno=193034 nstreams_done_=2500 config.nstreams=20000 avg_latency=0.9522 ms avg throuhgput (requests/sec) = 85.2612 res=false
*==== INFO ====* req_id_count= 3000 stream_id=11996 latency=1.160490 ms (tx_ts=158829257917352, rx_ts=158829259077842) request_id=231841 zil_blk_id=11996 ccf_commit_seqno=231848 nstreams_done_=3000 config.nstreams=20000 avg_latency=0.9564 ms avg throuhgput (requests/sec) = 85.2869 res=false
*==== INFO ====* req_id_count= 3500 stream_id=13996 latency=1.110875 ms (tx_ts=158835084816588, rx_ts=158835085927463) request_id=270433 zil_blk_id=13996 ccf_commit_seqno=270437 nstreams_done_=3500 config.nstreams=20000 avg_latency=0.9543 ms avg throuhgput (requests/sec) = 85.3612 res=false
*==== INFO ====* req_id_count= 4000 stream_id=15996 latency=1.010840 ms (tx_ts=158840923873151, rx_ts=158840924883991) request_id=309241 zil_blk_id=15996 ccf_commit_seqno=309241 nstreams_done_=4000 config.nstreams=20000 avg_latency=0.9535 ms avg throuhgput (requests/sec) = 85.3949 res=false
*==== INFO ====* req_id_count= 4500 stream_id=17996 latency=0.796199 ms (tx_ts=158846780492317, rx_ts=158846781288516) request_id=348171 zil_blk_id=17996 ccf_commit_seqno=348172 nstreams_done_=4500 config.nstreams=20000 avg_latency=0.9571 ms avg throuhgput (requests/sec) = 85.3929 res=false
*==== INFO ====* req_id_count= 5000 stream_id=19996 latency=0.869255 ms (tx_ts=158852630084681, rx_ts=158852630953936) request_id=387042 zil_blk_id=19996 ccf_commit_seqno=387043 nstreams_done_=5000 config.nstreams=20000 avg_latency=0.9595 ms avg throuhgput (requests/sec) = 85.4011 res=false
*==== INFO ====* req_id_count= 5500 stream_id=21996 latency=0.805807 ms (tx_ts=158858454913749, rx_ts=158858455719556) request_id=425776 zil_blk_id=21996 ccf_commit_seqno=425776 nstreams_done_=5500 config.nstreams=20000 avg_latency=0.9592 ms avg throuhgput (requests/sec) = 85.4409 res=false
*==== INFO ====* req_id_count= 6000 stream_id=23996 latency=1.109174 ms (tx_ts=158864305452867, rx_ts=158864306562041) request_id=464691 zil_blk_id=23996 ccf_commit_seqno=464692 nstreams_done_=6000 config.nstreams=20000 avg_latency=0.9605 ms avg throuhgput (requests/sec) = 85.4423 res=false
*==== INFO ====* req_id_count= 6500 stream_id=25996 latency=0.993599 ms (tx_ts=158870171593014, rx_ts=158870172586613) request_id=503665 zil_blk_id=25996 ccf_commit_seqno=503668 nstreams_done_=6500 config.nstreams=20000 avg_latency=0.9625 ms avg throuhgput (requests/sec) = 85.4264 res=false
*==== INFO ====* req_id_count= 7000 stream_id=27996 latency=0.919439 ms (tx_ts=158876021595206, rx_ts=158876022514645) request_id=542592 zil_blk_id=27996 ccf_commit_seqno=542595 nstreams_done_=7000 config.nstreams=20000 avg_latency=0.9649 ms avg throuhgput (requests/sec) = 85.4296 res=false
*==== INFO ====* req_id_count= 7500 stream_id=29996 latency=0.795104 ms (tx_ts=158881894957836, rx_ts=158881895752940) request_id=581622 zil_blk_id=29996 ccf_commit_seqno=581622 nstreams_done_=7500 config.nstreams=20000 avg_latency=0.9665 ms avg throuhgput (requests/sec) = 85.4097 res=false
*==== INFO ====* req_id_count= 8000 stream_id=31996 latency=0.814803 ms (tx_ts=158887741991079, rx_ts=158887742805882) request_id=620572 zil_blk_id=31996 ccf_commit_seqno=620573 nstreams_done_=8000 config.nstreams=20000 avg_latency=0.9662 ms avg throuhgput (requests/sec) = 85.4161 res=false
*==== INFO ====* req_id_count= 8500 stream_id=33996 latency=1.060002 ms (tx_ts=158893567631101, rx_ts=158893568691103) request_id=659432 zil_blk_id=33996 ccf_commit_seqno=659433 nstreams_done_=8500 config.nstreams=20000 avg_latency=0.9655 ms avg throuhgput (requests/sec) = 85.4400 res=false
*==== INFO ====* req_id_count= 9000 stream_id=35996 latency=3.387054 ms (tx_ts=158899397612414, rx_ts=158899400999468) request_id=698277 zil_blk_id=35996 ccf_commit_seqno=698285 nstreams_done_=9000 config.nstreams=20000 avg_latency=0.9650 ms avg throuhgput (requests/sec) = 85.4560 res=false
*==== INFO ====* req_id_count= 9500 stream_id=37996 latency=0.683315 ms (tx_ts=158905224722833, rx_ts=158905225406148) request_id=737121 zil_blk_id=37996 ccf_commit_seqno=737121 nstreams_done_=9500 config.nstreams=20000 avg_latency=0.9642 ms avg throuhgput (requests/sec) = 85.4765 res=false
*==== INFO ====* req_id_count= 10000 stream_id=39996 latency=0.982988 ms (tx_ts=158911045707588, rx_ts=158911046690576) request_id=775930 zil_blk_id=39996 ccf_commit_seqno=775936 nstreams_done_=10000 config.nstreams=20000 avg_latency=0.9629 ms avg throuhgput (requests/sec) = 85.4971 res=false
*==== INFO ====* req_id_count= 10500 stream_id=41996 latency=1.073186 ms (tx_ts=158916872542199, rx_ts=158916873615385) request_id=814749 zil_blk_id=41996 ccf_commit_seqno=814749 nstreams_done_=10500 config.nstreams=20000 avg_latency=0.9626 ms avg throuhgput (requests/sec) = 85.5119 res=false
*==== INFO ====* req_id_count= 11000 stream_id=43996 latency=0.731256 ms (tx_ts=158922692118020, rx_ts=158922692849276) request_id=853593 zil_blk_id=43996 ccf_commit_seqno=853593 nstreams_done_=11000 config.nstreams=20000 avg_latency=0.9614 ms avg throuhgput (requests/sec) = 85.5305 res=false
*==== INFO ====* req_id_count= 11500 stream_id=45996 latency=0.842885 ms (tx_ts=158928526781113, rx_ts=158928527623998) request_id=892642 zil_blk_id=45996 ccf_commit_seqno=892643 nstreams_done_=11500 config.nstreams=20000 avg_latency=0.9610 ms avg throuhgput (requests/sec) = 85.5375 res=false
*==== INFO ====* req_id_count= 12000 stream_id=47996 latency=0.699467 ms (tx_ts=158934334096746, rx_ts=158934334796213) request_id=931472 zil_blk_id=47996 ccf_commit_seqno=931472 nstreams_done_=12000 config.nstreams=20000 avg_latency=0.9598 ms avg throuhgput (requests/sec) = 85.5608 res=false
*==== INFO ====* req_id_count= 12500 stream_id=49996 latency=1.053109 ms (tx_ts=158940148777827, rx_ts=158940149830936) request_id=970315 zil_blk_id=49996 ccf_commit_seqno=970319 nstreams_done_=12500 config.nstreams=20000 avg_latency=0.9589 ms avg throuhgput (requests/sec) = 85.5777 res=false
*==== INFO ====* req_id_count= 13000 stream_id=51996 latency=0.629778 ms (tx_ts=158945972182031, rx_ts=158945972811809) request_id=1009228 zil_blk_id=51996 ccf_commit_seqno=1009228 nstreams_done_=13000 config.nstreams=20000 avg_latency=0.9584 ms avg throuhgput (requests/sec) = 85.5888 res=false
*==== INFO ====* req_id_count= 13500 stream_id=53996 latency=1.203931 ms (tx_ts=158951793825801, rx_ts=158951795029732) request_id=1048107 zil_blk_id=53996 ccf_commit_seqno=1048115 nstreams_done_=13500 config.nstreams=20000 avg_latency=0.9584 ms avg throuhgput (requests/sec) = 85.5994 res=false
*==== INFO ====* req_id_count= 14000 stream_id=55996 latency=0.948674 ms (tx_ts=158957655135339, rx_ts=158957656084013) request_id=1087131 zil_blk_id=55996 ccf_commit_seqno=1087133 nstreams_done_=14000 config.nstreams=20000 avg_latency=0.9602 ms avg throuhgput (requests/sec) = 85.5890 res=false
*==== INFO ====* req_id_count= 14500 stream_id=57996 latency=1.107007 ms (tx_ts=158963507958918, rx_ts=158963509065925) request_id=1126251 zil_blk_id=57996 ccf_commit_seqno=1126253 nstreams_done_=14500 config.nstreams=20000 avg_latency=0.9606 ms avg throuhgput (requests/sec) = 85.5834 res=false
*==== INFO ====* req_id_count= 15000 stream_id=59996 latency=0.758007 ms (tx_ts=158969342966197, rx_ts=158969343724204) request_id=1165225 zil_blk_id=59996 ccf_commit_seqno=1165225 nstreams_done_=15000 config.nstreams=20000 avg_latency=0.9600 ms avg throuhgput (requests/sec) = 85.5871 res=false
*==== INFO ====* req_id_count= 15500 stream_id=61996 latency=0.702443 ms (tx_ts=158975169685711, rx_ts=158975170388154) request_id=1204193 zil_blk_id=61996 ccf_commit_seqno=1204193 nstreams_done_=15500 config.nstreams=20000 avg_latency=0.9595 ms avg throuhgput (requests/sec) = 85.5944 res=false
*==== INFO ====* req_id_count= 16000 stream_id=63996 latency=0.968731 ms (tx_ts=158980987409219, rx_ts=158980988377950) request_id=1243117 zil_blk_id=63996 ccf_commit_seqno=1243117 nstreams_done_=16000 config.nstreams=20000 avg_latency=0.9585 ms avg throuhgput (requests/sec) = 85.6051 res=false
*==== INFO ====* req_id_count= 16500 stream_id=65996 latency=1.010239 ms (tx_ts=158986825262373, rx_ts=158986826272612) request_id=1282143 zil_blk_id=65996 ccf_commit_seqno=1282148 nstreams_done_=16500 config.nstreams=20000 avg_latency=0.9579 ms avg throuhgput (requests/sec) = 85.6064 res=false
*==== INFO ====* req_id_count= 17000 stream_id=67996 latency=0.765912 ms (tx_ts=158992664792283, rx_ts=158992665558195) request_id=1321208 zil_blk_id=67996 ccf_commit_seqno=1321208 nstreams_done_=17000 config.nstreams=20000 avg_latency=0.9582 ms avg throuhgput (requests/sec) = 85.6070 res=false
*==== INFO ====* req_id_count= 17500 stream_id=69996 latency=0.762916 ms (tx_ts=158998478283391, rx_ts=158998479046307) request_id=1360095 zil_blk_id=69996 ccf_commit_seqno=1360096 nstreams_done_=17500 config.nstreams=20000 avg_latency=0.9581 ms avg throuhgput (requests/sec) = 85.6184 res=false
*==== INFO ====* req_id_count= 18000 stream_id=71996 latency=0.909811 ms (tx_ts=159004289739284, rx_ts=159004290649095) request_id=1399047 zil_blk_id=71996 ccf_commit_seqno=1399048 nstreams_done_=18000 config.nstreams=20000 avg_latency=0.9575 ms avg throuhgput (requests/sec) = 85.6299 res=false
*==== INFO ====* req_id_count= 18500 stream_id=73996 latency=0.780690 ms (tx_ts=159010097647732, rx_ts=159010098428422) request_id=1438024 zil_blk_id=73996 ccf_commit_seqno=1438025 nstreams_done_=18500 config.nstreams=20000 avg_latency=0.9564 ms avg throuhgput (requests/sec) = 85.6423 res=false
*==== INFO ====* req_id_count= 19000 stream_id=75996 latency=0.822858 ms (tx_ts=159015922545719, rx_ts=159015923368577) request_id=1477097 zil_blk_id=75996 ccf_commit_seqno=1477099 nstreams_done_=19000 config.nstreams=20000 avg_latency=0.9563 ms avg throuhgput (requests/sec) = 85.6474 res=false
*==== INFO ====* req_id_count= 19500 stream_id=77996 latency=0.772193 ms (tx_ts=159021770631182, rx_ts=159021771403375) request_id=1516269 zil_blk_id=77996 ccf_commit_seqno=1516270 nstreams_done_=19500 config.nstreams=20000 avg_latency=0.9570 ms avg throuhgput (requests/sec) = 85.6436 res=false
*==== INFO ====* http_end_stream ALL streams done! nstreams_done_=20000 avg_latency=0.9573 msreq_id_count= 20000
*==== INFO ====* req_id_count= 20000 stream_id=79996 latency=0.839173 ms (tx_ts=159027609906523, rx_ts=159027610745696) request_id=1555028 zil_blk_id=79996 ccf_commit_seqno=1555029 nstreams_done_=20000 config.nstreams=20000 avg_latency=0.9573 ms avg throuhgput (requests/sec) = 85.6432 res=true
