Uniform: 997609 35399 673211 497247 442654 
Exponential: -2147483648 -2147483648 -2147483648 -2147483648 -2147483648 
Truncated Normal: 531029 681951 326742 339686 192898 
*==== INFO ====* req_id_count= 500 stream_id=1996 latency=0.974142 ms (tx_ts=158800091307388, rx_ts=158800092281530) request_id=38899 zil_blk_id=1996 ccf_commit_seqno=38900 nstreams_done_=500 config.nstreams=20000 avg_latency=1.0748 ms avg throuhgput (requests/sec) = 83.2984 res=false
*==== INFO ====* req_id_count= 1000 stream_id=3996 latency=0.772123 ms (tx_ts=158806010318217, rx_ts=158806011090340) request_id=77928 zil_blk_id=3996 ccf_commit_seqno=77928 nstreams_done_=1000 config.nstreams=20000 avg_latency=1.0678 ms avg throuhgput (requests/sec) = 83.8833 res=false
*==== INFO ====* req_id_count= 1500 stream_id=5996 latency=0.696753 ms (tx_ts=158811942080725, rx_ts=158811942777478) request_id=117096 zil_blk_id=5996 ccf_commit_seqno=117096 nstreams_done_=1500 config.nstreams=20000 avg_latency=1.0623 ms avg throuhgput (requests/sec) = 84.0194 res=false
*==== INFO ====* req_id_count= 2000 stream_id=7996 latency=1.009248 ms (tx_ts=158817876224858, rx_ts=158817877234106) request_id=156335 zil_blk_id=7996 ccf_commit_seqno=156335 nstreams_done_=2000 config.nstreams=20000 avg_latency=1.0614 ms avg throuhgput (requests/sec) = 84.0779 res=false
*==== INFO ====* req_id_count= 2500 stream_id=9996 latency=1.154443 ms (tx_ts=158823797486437, rx_ts=158823798640880) request_id=195622 zil_blk_id=9996 ccf_commit_seqno=195624 nstreams_done_=2500 config.nstreams=20000 avg_latency=1.0598 ms avg throuhgput (requests/sec) = 84.1499 res=false
*==== INFO ====* req_id_count= 3000 stream_id=11996 latency=0.709356 ms (tx_ts=158829716707148, rx_ts=158829717416504) request_id=234877 zil_blk_id=11996 ccf_commit_seqno=234877 nstreams_done_=3000 config.nstreams=20000 avg_latency=1.0579 ms avg throuhgput (requests/sec) = 84.2043 res=false
*==== INFO ====* req_id_count= 3500 stream_id=13996 latency=0.839710 ms (tx_ts=158835679226726, rx_ts=158835680066436) request_id=274386 zil_blk_id=13996 ccf_commit_seqno=274386 nstreams_done_=3500 config.nstreams=20000 avg_latency=1.0665 ms avg throuhgput (requests/sec) = 84.1542 res=false
*==== INFO ====* req_id_count= 4000 stream_id=15996 latency=1.182160 ms (tx_ts=158841614217922, rx_ts=158841615400082) request_id=313807 zil_blk_id=15996 ccf_commit_seqno=313809 nstreams_done_=4000 config.nstreams=20000 avg_latency=1.0664 ms avg throuhgput (requests/sec) = 84.1651 res=false
*==== INFO ====* req_id_count= 4500 stream_id=17996 latency=1.024055 ms (tx_ts=158847518579001, rx_ts=158847519603056) request_id=353064 zil_blk_id=17996 ccf_commit_seqno=353065 nstreams_done_=4500 config.nstreams=20000 avg_latency=1.0629 ms avg throuhgput (requests/sec) = 84.2226 res=false
*==== INFO ====* req_id_count= 5000 stream_id=19996 latency=0.766333 ms (tx_ts=158853450777116, rx_ts=158853451543449) request_id=392507 zil_blk_id=19996 ccf_commit_seqno=392507 nstreams_done_=5000 config.nstreams=20000 avg_latency=1.0616 ms avg throuhgput (requests/sec) = 84.2293 res=false
*==== INFO ====* req_id_count= 5500 stream_id=21996 latency=0.853282 ms (tx_ts=158859331171703, rx_ts=158859332024985) request_id=431589 zil_blk_id=21996 ccf_commit_seqno=431589 nstreams_done_=5500 config.nstreams=20000 avg_latency=1.0610 ms avg throuhgput (requests/sec) = 84.3012 res=false
*==== INFO ====* req_id_count= 6000 stream_id=23996 latency=0.735665 ms (tx_ts=158865200341560, rx_ts=158865201077225) request_id=470629 zil_blk_id=23996 ccf_commit_seqno=470629 nstreams_done_=6000 config.nstreams=20000 avg_latency=1.0573 ms avg throuhgput (requests/sec) = 84.3748 res=false
*==== INFO ====* req_id_count= 6500 stream_id=25996 latency=1.072446 ms (tx_ts=158871108606725, rx_ts=158871109679171) request_id=509882 zil_blk_id=25996 ccf_commit_seqno=509887 nstreams_done_=6500 config.nstreams=20000 avg_latency=1.0588 ms avg throuhgput (requests/sec) = 84.3938 res=false
*==== INFO ====* req_id_count= 7000 stream_id=27996 latency=1.710470 ms (tx_ts=158877037335311, rx_ts=158877039045781) request_id=549329 zil_blk_id=27996 ccf_commit_seqno=549332 nstreams_done_=7000 config.nstreams=20000 avg_latency=1.0606 ms avg throuhgput (requests/sec) = 84.3889 res=false
*==== INFO ====* req_id_count= 7500 stream_id=29996 latency=0.810585 ms (tx_ts=158882960805573, rx_ts=158882961616158) request_id=588706 zil_blk_id=29996 ccf_commit_seqno=588706 nstreams_done_=7500 config.nstreams=20000 avg_latency=1.0618 ms avg throuhgput (requests/sec) = 84.3912 res=false
*==== INFO ====* req_id_count= 8000 stream_id=31996 latency=0.828018 ms (tx_ts=158888873669060, rx_ts=158888874497078) request_id=628130 zil_blk_id=31996 ccf_commit_seqno=628130 nstreams_done_=8000 config.nstreams=20000 avg_latency=1.0612 ms avg throuhgput (requests/sec) = 84.4018 res=false
*==== INFO ====* req_id_count= 8500 stream_id=33996 latency=1.246258 ms (tx_ts=158894773564161, rx_ts=158894774810419) request_id=667458 zil_blk_id=33996 ccf_commit_seqno=667463 nstreams_done_=8500 config.nstreams=20000 avg_latency=1.0613 ms avg throuhgput (requests/sec) = 84.4217 res=false
*==== INFO ====* req_id_count= 9000 stream_id=35996 latency=0.848476 ms (tx_ts=158900710552571, rx_ts=158900711401047) request_id=707013 zil_blk_id=35996 ccf_commit_seqno=707014 nstreams_done_=9000 config.nstreams=20000 avg_latency=1.0616 ms avg throuhgput (requests/sec) = 84.4106 res=false
*==== INFO ====* req_id_count= 9500 stream_id=37996 latency=1.487672 ms (tx_ts=158906685943498, rx_ts=158906687431170) request_id=746836 zil_blk_id=37996 ccf_commit_seqno=746836 nstreams_done_=9500 config.nstreams=20000 avg_latency=1.0646 ms avg throuhgput (requests/sec) = 84.3712 res=false
*==== INFO ====* req_id_count= 10000 stream_id=39996 latency=0.721051 ms (tx_ts=158912610368528, rx_ts=158912611089579) request_id=786367 zil_blk_id=39996 ccf_commit_seqno=786367 nstreams_done_=10000 config.nstreams=20000 avg_latency=1.0641 ms avg throuhgput (requests/sec) = 84.3730 res=false
*==== INFO ====* req_id_count= 10500 stream_id=41996 latency=3.464759 ms (tx_ts=158918569751963, rx_ts=158918573216722) request_id=826091 zil_blk_id=41996 ccf_commit_seqno=826094 nstreams_done_=10500 config.nstreams=20000 avg_latency=1.0667 ms avg throuhgput (requests/sec) = 84.3486 res=false
*==== INFO ====* req_id_count= 11000 stream_id=43996 latency=0.790799 ms (tx_ts=158924507891272, rx_ts=158924508682071) request_id=865733 zil_blk_id=43996 ccf_commit_seqno=865733 nstreams_done_=11000 config.nstreams=20000 avg_latency=1.0668 ms avg throuhgput (requests/sec) = 84.3436 res=false
*==== INFO ====* req_id_count= 11500 stream_id=45996 latency=0.976715 ms (tx_ts=158930410175846, rx_ts=158930411152561) request_id=905245 zil_blk_id=45996 ccf_commit_seqno=905246 nstreams_done_=11500 config.nstreams=20000 avg_latency=1.0656 ms avg throuhgput (requests/sec) = 84.3595 res=false
*==== INFO ====* req_id_count= 12000 stream_id=47996 latency=0.763686 ms (tx_ts=158936360092938, rx_ts=158936360856624) request_id=945026 zil_blk_id=47996 ccf_commit_seqno=945026 nstreams_done_=12000 config.nstreams=20000 avg_latency=1.0657 ms avg throuhgput (requests/sec) = 84.3460 res=false
*==== INFO ====* req_id_count= 12500 stream_id=49996 latency=1.039454 ms (tx_ts=158942300327436, rx_ts=158942301366890) request_id=984708 zil_blk_id=49996 ccf_commit_seqno=984710 nstreams_done_=12500 config.nstreams=20000 avg_latency=1.0665 ms avg throuhgput (requests/sec) = 84.3389 res=false
*==== INFO ====* req_id_count= 13000 stream_id=51996 latency=0.701882 ms (tx_ts=158948259954085, rx_ts=158948260655967) request_id=1024473 zil_blk_id=51996 ccf_commit_seqno=1024473 nstreams_done_=13000 config.nstreams=20000 avg_latency=1.0668 ms avg throuhgput (requests/sec) = 84.3220 res=false
*==== INFO ====* req_id_count= 13500 stream_id=53996 latency=0.820063 ms (tx_ts=158954187749108, rx_ts=158954188569171) request_id=1063990 zil_blk_id=53996 ccf_commit_seqno=1063990 nstreams_done_=13500 config.nstreams=20000 avg_latency=1.0678 ms avg throuhgput (requests/sec) = 84.3229 res=false
*==== INFO ====* req_id_count= 14000 stream_id=55996 latency=0.878092 ms (tx_ts=158960084277810, rx_ts=158960085155902) request_id=1103373 zil_blk_id=55996 ccf_commit_seqno=1103375 nstreams_done_=14000 config.nstreams=20000 avg_latency=1.0670 ms avg throuhgput (requests/sec) = 84.3397 res=false
*==== INFO ====* req_id_count= 14500 stream_id=57996 latency=0.805917 ms (tx_ts=158966005016660, rx_ts=158966005822577) request_id=1142911 zil_blk_id=57996 ccf_commit_seqno=1142911 nstreams_done_=14500 config.nstreams=20000 avg_latency=1.0667 ms avg throuhgput (requests/sec) = 84.3435 res=false
*==== INFO ====* req_id_count= 15000 stream_id=59996 latency=0.988706 ms (tx_ts=158971887066437, rx_ts=158971888055143) request_id=1182276 zil_blk_id=59996 ccf_commit_seqno=1182276 nstreams_done_=15000 config.nstreams=20000 avg_latency=1.0657 ms avg throuhgput (requests/sec) = 84.3653 res=false
*==== INFO ====* req_id_count= 15500 stream_id=61996 latency=1.178694 ms (tx_ts=158977829564660, rx_ts=158977830743354) request_id=1221990 zil_blk_id=61996 ccf_commit_seqno=1221994 nstreams_done_=15500 config.nstreams=20000 avg_latency=1.0668 ms avg throuhgput (requests/sec) = 84.3579 res=false
*==== INFO ====* req_id_count= 16000 stream_id=63996 latency=0.848376 ms (tx_ts=158983722495174, rx_ts=158983723343550) request_id=1261396 zil_blk_id=63996 ccf_commit_seqno=1261396 nstreams_done_=16000 config.nstreams=20000 avg_latency=1.0661 ms avg throuhgput (requests/sec) = 84.3732 res=false
*==== INFO ====* req_id_count= 16500 stream_id=65996 latency=1.343913 ms (tx_ts=158989642761077, rx_ts=158989644104990) request_id=1300987 zil_blk_id=65996 ccf_commit_seqno=1300989 nstreams_done_=16500 config.nstreams=20000 avg_latency=1.0662 ms avg throuhgput (requests/sec) = 84.3755 res=false
*==== INFO ====* req_id_count= 17000 stream_id=67996 latency=1.273411 ms (tx_ts=158995607624947, rx_ts=158995608898358) request_id=1340895 zil_blk_id=67996 ccf_commit_seqno=1340900 nstreams_done_=17000 config.nstreams=20000 avg_latency=1.0675 ms avg throuhgput (requests/sec) = 84.3592 res=false
*==== INFO ====* req_id_count= 17500 stream_id=69996 latency=0.771613 ms (tx_ts=159001547155449, rx_ts=159001547927062) request_id=1380654 zil_blk_id=69996 ccf_commit_seqno=1380655 nstreams_done_=17500 config.nstreams=20000 avg_latency=1.0686 ms avg throuhgput (requests/sec) = 84.3544 res=false
*==== INFO ====* req_id_count= 18000 stream_id=71996 latency=1.164838 ms (tx_ts=159007444529895, rx_ts=159007445694733) request_id=1420178 zil_blk_id=71996 ccf_commit_seqno=1420183 nstreams_done_=18000 config.nstreams=20000 avg_latency=1.0674 ms avg throuhgput (requests/sec) = 84.3661 res=false
*==== INFO ====* req_id_count= 18500 stream_id=73996 latency=1.068148 ms (tx_ts=159013317244170, rx_ts=159013318312318) request_id=1459635 zil_blk_id=73996 ccf_commit_seqno=1459636 nstreams_done_=18500 config.nstreams=20000 avg_latency=1.0658 ms avg throuhgput (requests/sec) = 84.3868 res=false
*==== INFO ====* req_id_count= 19000 stream_id=75996 latency=1.394326 ms (tx_ts=159019202525941, rx_ts=159019203920267) request_id=1499070 zil_blk_id=75996 ccf_commit_seqno=1499072 nstreams_done_=19000 config.nstreams=20000 avg_latency=1.0649 ms avg throuhgput (requests/sec) = 84.4016 res=false
*==== INFO ====* req_id_count= 19500 stream_id=77996 latency=2.120495 ms (tx_ts=159025131463709, rx_ts=159025133584204) request_id=1538763 zil_blk_id=77996 ccf_commit_seqno=1538774 nstreams_done_=19500 config.nstreams=20000 avg_latency=1.0651 ms avg throuhgput (requests/sec) = 84.3996 res=false
*==== INFO ====* http_end_stream ALL streams done! nstreams_done_=20000 avg_latency=1.0651 msreq_id_count= 20000
*==== INFO ====* req_id_count= 20000 stream_id=79996 latency=0.860188 ms (tx_ts=159031063487996, rx_ts=159031064348184) request_id=1573908 zil_blk_id=79996 ccf_commit_seqno=1573911 nstreams_done_=20000 config.nstreams=20000 avg_latency=1.0651 ms avg throuhgput (requests/sec) = 84.3972 res=true
