Uniform: 671249 323861 380993 706360 918514 
Exponential: -2147483648 -2147483648 -2147483648 -2147483648 -2147483648 
Truncated Normal: 541837 367416 555568 541800 182437 
*==== INFO ====* req_id_count= 500 stream_id=1996 latency=0.757523 ms (tx_ts=158800096376789, rx_ts=158800097134312) request_id=38938 zil_blk_id=1996 ccf_commit_seqno=38939 nstreams_done_=500 config.nstreams=20000 avg_latency=0.9268 ms avg throuhgput (requests/sec) = 83.0712 res=false
*==== INFO ====* req_id_count= 1000 stream_id=3996 latency=1.151403 ms (tx_ts=158806147013934, rx_ts=158806148165337) request_id=78818 zil_blk_id=3996 ccf_commit_seqno=78818 nstreams_done_=1000 config.nstreams=20000 avg_latency=0.9331 ms avg throuhgput (requests/sec) = 82.8503 res=false
*==== INFO ====* req_id_count= 1500 stream_id=5996 latency=0.730015 ms (tx_ts=158812172028919, rx_ts=158812172758934) request_id=118609 zil_blk_id=5996 ccf_commit_seqno=118609 nstreams_done_=1500 config.nstreams=20000 avg_latency=0.9266 ms avg throuhgput (requests/sec) = 82.8979 res=false
*==== INFO ====* req_id_count= 2000 stream_id=7996 latency=0.777514 ms (tx_ts=158818219993023, rx_ts=158818220770537) request_id=158605 zil_blk_id=7996 ccf_commit_seqno=158608 nstreams_done_=2000 config.nstreams=20000 avg_latency=0.9251 ms avg throuhgput (requests/sec) = 82.8412 res=false
*==== INFO ====* req_id_count= 2500 stream_id=9996 latency=0.663713 ms (tx_ts=158824230885610, rx_ts=158824231549323) request_id=198484 zil_blk_id=9996 ccf_commit_seqno=198484 nstreams_done_=2500 config.nstreams=20000 avg_latency=0.9174 ms avg throuhgput (requests/sec) = 82.9095 res=false
*==== INFO ====* req_id_count= 3000 stream_id=11996 latency=1.013044 ms (tx_ts=158830256956016, rx_ts=158830257969060) request_id=238451 zil_blk_id=11996 ccf_commit_seqno=238454 nstreams_done_=3000 config.nstreams=20000 avg_latency=0.9158 ms avg throuhgput (requests/sec) = 82.9193 res=false
*==== INFO ====* req_id_count= 3500 stream_id=13996 latency=0.770761 ms (tx_ts=158836293461454, rx_ts=158836294232215) request_id=278459 zil_blk_id=13996 ccf_commit_seqno=278460 nstreams_done_=3500 config.nstreams=20000 avg_latency=0.9162 ms avg throuhgput (requests/sec) = 82.9069 res=false
*==== INFO ====* req_id_count= 4000 stream_id=15996 latency=1.170910 ms (tx_ts=158842315028332, rx_ts=158842316199242) request_id=318476 zil_blk_id=15996 ccf_commit_seqno=318479 nstreams_done_=4000 config.nstreams=20000 avg_latency=0.9127 ms avg throuhgput (requests/sec) = 82.9222 res=false
*==== INFO ====* req_id_count= 4500 stream_id=17996 latency=1.078943 ms (tx_ts=158848357919453, rx_ts=158848358998396) request_id=358650 zil_blk_id=17996 ccf_commit_seqno=358650 nstreams_done_=4500 config.nstreams=20000 avg_latency=0.9136 ms avg throuhgput (requests/sec) = 82.9022 res=false
*==== INFO ====* req_id_count= 5000 stream_id=19996 latency=0.958312 ms (tx_ts=158854385466921, rx_ts=158854386425233) request_id=398699 zil_blk_id=19996 ccf_commit_seqno=398701 nstreams_done_=5000 config.nstreams=20000 avg_latency=0.9139 ms avg throuhgput (requests/sec) = 82.9074 res=false
*==== INFO ====* req_id_count= 5500 stream_id=21996 latency=0.840531 ms (tx_ts=158860408998913, rx_ts=158860409839444) request_id=438772 zil_blk_id=21996 ccf_commit_seqno=438773 nstreams_done_=5500 config.nstreams=20000 avg_latency=0.9127 ms avg throuhgput (requests/sec) = 82.9167 res=false
*==== INFO ====* req_id_count= 6000 stream_id=23996 latency=0.745013 ms (tx_ts=158866447122270, rx_ts=158866447867283) request_id=478900 zil_blk_id=23996 ccf_commit_seqno=478900 nstreams_done_=6000 config.nstreams=20000 avg_latency=0.9136 ms avg throuhgput (requests/sec) = 82.9077 res=false
*==== INFO ====* req_id_count= 6500 stream_id=25996 latency=0.789586 ms (tx_ts=158872478265433, rx_ts=158872479055019) request_id=519012 zil_blk_id=25996 ccf_commit_seqno=519014 nstreams_done_=6500 config.nstreams=20000 avg_latency=0.9133 ms avg throuhgput (requests/sec) = 82.9073 res=false
*==== INFO ====* req_id_count= 7000 stream_id=27996 latency=0.731170 ms (tx_ts=158878507772731, rx_ts=158878508503901) request_id=559124 zil_blk_id=27996 ccf_commit_seqno=559126 nstreams_done_=7000 config.nstreams=20000 avg_latency=0.9135 ms avg throuhgput (requests/sec) = 82.9086 res=false
*==== INFO ====* req_id_count= 7500 stream_id=29996 latency=1.017271 ms (tx_ts=158884550748455, rx_ts=158884551765726) request_id=599275 zil_blk_id=29996 ccf_commit_seqno=599276 nstreams_done_=7500 config.nstreams=20000 avg_latency=0.9155 ms avg throuhgput (requests/sec) = 82.8971 res=false
*==== INFO ====* req_id_count= 8000 stream_id=31996 latency=0.767245 ms (tx_ts=158890591871420, rx_ts=158890592638665) request_id=639588 zil_blk_id=31996 ccf_commit_seqno=639588 nstreams_done_=8000 config.nstreams=20000 avg_latency=0.9168 ms avg throuhgput (requests/sec) = 82.8892 res=false
*==== INFO ====* req_id_count= 8500 stream_id=33996 latency=0.689550 ms (tx_ts=158896640817226, rx_ts=158896641506776) request_id=679886 zil_blk_id=33996 ccf_commit_seqno=679887 nstreams_done_=8500 config.nstreams=20000 avg_latency=0.9187 ms avg throuhgput (requests/sec) = 82.8756 res=false
*==== INFO ====* req_id_count= 9000 stream_id=35996 latency=0.739021 ms (tx_ts=158902483192797, rx_ts=158902483931818) request_id=718833 zil_blk_id=35996 ccf_commit_seqno=718833 nstreams_done_=9000 config.nstreams=20000 avg_latency=0.9183 ms avg throuhgput (requests/sec) = 83.0214 res=false
*==== INFO ====* req_id_count= 9500 stream_id=37996 latency=0.929908 ms (tx_ts=158908338584998, rx_ts=158908339514906) request_id=757858 zil_blk_id=37996 ccf_commit_seqno=757859 nstreams_done_=9500 config.nstreams=20000 avg_latency=0.9186 ms avg throuhgput (requests/sec) = 83.1428 res=false
*==== INFO ====* req_id_count= 10000 stream_id=39996 latency=1.006753 ms (tx_ts=158914182839588, rx_ts=158914183846341) request_id=796823 zil_blk_id=39996 ccf_commit_seqno=796823 nstreams_done_=10000 config.nstreams=20000 avg_latency=0.9195 ms avg throuhgput (requests/sec) = 83.2600 res=false
*==== INFO ====* req_id_count= 10500 stream_id=41996 latency=0.966665 ms (tx_ts=158920016266771, rx_ts=158920017233436) request_id=835710 zil_blk_id=41996 ccf_commit_seqno=835710 nstreams_done_=10500 config.nstreams=20000 avg_latency=0.9198 ms avg throuhgput (requests/sec) = 83.3737 res=false
*==== INFO ====* req_id_count= 11000 stream_id=43996 latency=0.921343 ms (tx_ts=158925819233835, rx_ts=158925820155178) request_id=874515 zil_blk_id=43996 ccf_commit_seqno=874516 nstreams_done_=11000 config.nstreams=20000 avg_latency=0.9184 ms avg throuhgput (requests/sec) = 83.4966 res=false
*==== INFO ====* req_id_count= 11500 stream_id=45996 latency=0.829470 ms (tx_ts=158931619063872, rx_ts=158931619893342) request_id=913334 zil_blk_id=45996 ccf_commit_seqno=913335 nstreams_done_=11500 config.nstreams=20000 avg_latency=0.9175 ms avg throuhgput (requests/sec) = 83.6110 res=false
*==== INFO ====* req_id_count= 12000 stream_id=47996 latency=0.897188 ms (tx_ts=158937421190213, rx_ts=158937422087401) request_id=952116 zil_blk_id=47996 ccf_commit_seqno=952116 nstreams_done_=12000 config.nstreams=20000 avg_latency=0.9168 ms avg throuhgput (requests/sec) = 83.7148 res=false
*==== INFO ====* req_id_count= 12500 stream_id=49996 latency=0.740505 ms (tx_ts=158943219216101, rx_ts=158943219956606) request_id=990847 zil_blk_id=49996 ccf_commit_seqno=990847 nstreams_done_=12500 config.nstreams=20000 avg_latency=0.9160 ms avg throuhgput (requests/sec) = 83.8129 res=false
*==== INFO ====* req_id_count= 13000 stream_id=51996 latency=1.049655 ms (tx_ts=158949034190342, rx_ts=158949035239997) request_id=1029648 zil_blk_id=51996 ccf_commit_seqno=1029649 nstreams_done_=13000 config.nstreams=20000 avg_latency=0.9157 ms avg throuhgput (requests/sec) = 83.8942 res=false
*==== INFO ====* req_id_count= 13500 stream_id=53996 latency=0.835412 ms (tx_ts=158954852473807, rx_ts=158954853309219) request_id=1068407 zil_blk_id=53996 ccf_commit_seqno=1068409 nstreams_done_=13500 config.nstreams=20000 avg_latency=0.9163 ms avg throuhgput (requests/sec) = 83.9682 res=false
*==== INFO ====* req_id_count= 14000 stream_id=55996 latency=0.894312 ms (tx_ts=158960638051616, rx_ts=158960638945928) request_id=1107083 zil_blk_id=55996 ccf_commit_seqno=1107083 nstreams_done_=14000 config.nstreams=20000 avg_latency=0.9152 ms avg throuhgput (requests/sec) = 84.0534 res=false
*==== INFO ====* req_id_count= 14500 stream_id=57996 latency=0.685472 ms (tx_ts=158966449697218, rx_ts=158966450382690) request_id=1145889 zil_blk_id=57996 ccf_commit_seqno=1145889 nstreams_done_=14500 config.nstreams=20000 avg_latency=0.9154 ms avg throuhgput (requests/sec) = 84.1203 res=false
*==== INFO ====* req_id_count= 15000 stream_id=59996 latency=0.604811 ms (tx_ts=158972267101946, rx_ts=158972267706757) request_id=1184817 zil_blk_id=59996 ccf_commit_seqno=1184817 nstreams_done_=15000 config.nstreams=20000 avg_latency=0.9157 ms avg throuhgput (requests/sec) = 84.1800 res=false
*==== INFO ====* req_id_count= 15500 stream_id=61996 latency=0.923861 ms (tx_ts=158978089276031, rx_ts=158978090199892) request_id=1223716 zil_blk_id=61996 ccf_commit_seqno=1223719 nstreams_done_=15500 config.nstreams=20000 avg_latency=0.9157 ms avg throuhgput (requests/sec) = 84.2336 res=false
*==== INFO ====* req_id_count= 16000 stream_id=63996 latency=0.949275 ms (tx_ts=158983897676670, rx_ts=158983898625945) request_id=1262562 zil_blk_id=63996 ccf_commit_seqno=1262565 nstreams_done_=16000 config.nstreams=20000 avg_latency=0.9153 ms avg throuhgput (requests/sec) = 84.2902 res=false
*==== INFO ====* req_id_count= 16500 stream_id=65996 latency=0.983188 ms (tx_ts=158989708836808, rx_ts=158989709819996) request_id=1301423 zil_blk_id=65996 ccf_commit_seqno=1301426 nstreams_done_=16500 config.nstreams=20000 avg_latency=0.9149 ms avg throuhgput (requests/sec) = 84.3422 res=false
*==== INFO ====* req_id_count= 17000 stream_id=67996 latency=0.681474 ms (tx_ts=158995525057458, rx_ts=158995525738932) request_id=1340343 zil_blk_id=67996 ccf_commit_seqno=1340343 nstreams_done_=17000 config.nstreams=20000 avg_latency=0.9149 ms avg throuhgput (requests/sec) = 84.3892 res=false
*==== INFO ====* req_id_count= 17500 stream_id=69996 latency=0.642161 ms (tx_ts=159001343656591, rx_ts=159001344298752) request_id=1379285 zil_blk_id=69996 ccf_commit_seqno=1379285 nstreams_done_=17500 config.nstreams=20000 avg_latency=0.9149 ms avg throuhgput (requests/sec) = 84.4325 res=false
*==== INFO ====* req_id_count= 18000 stream_id=71996 latency=0.746065 ms (tx_ts=159007139686308, rx_ts=159007140432373) request_id=1418136 zil_blk_id=71996 ccf_commit_seqno=1418139 nstreams_done_=18000 config.nstreams=20000 avg_latency=0.9148 ms avg throuhgput (requests/sec) = 84.4824 res=false
*==== INFO ====* req_id_count= 18500 stream_id=73996 latency=0.898179 ms (tx_ts=159012953826917, rx_ts=159012954725096) request_id=1457199 zil_blk_id=73996 ccf_commit_seqno=1457201 nstreams_done_=18500 config.nstreams=20000 avg_latency=0.9150 ms avg throuhgput (requests/sec) = 84.5225 res=false
*==== INFO ====* req_id_count= 19000 stream_id=75996 latency=0.782804 ms (tx_ts=159018761604995, rx_ts=159018762387799) request_id=1496128 zil_blk_id=75996 ccf_commit_seqno=1496129 nstreams_done_=19000 config.nstreams=20000 avg_latency=0.9149 ms avg throuhgput (requests/sec) = 84.5631 res=false
*==== INFO ====* req_id_count= 19500 stream_id=77996 latency=1.392874 ms (tx_ts=159024579653337, rx_ts=159024581046211) request_id=1535059 zil_blk_id=77996 ccf_commit_seqno=1535059 nstreams_done_=19500 config.nstreams=20000 avg_latency=0.9153 ms avg throuhgput (requests/sec) = 84.5977 res=false
*==== INFO ====* http_end_stream ALL streams done! nstreams_done_=20000 avg_latency=0.9150 msreq_id_count= 20000
*==== INFO ====* req_id_count= 20000 stream_id=79996 latency=0.912456 ms (tx_ts=159030398587011, rx_ts=159030399499467) request_id=1570721 zil_blk_id=79996 ccf_commit_seqno=1570721 nstreams_done_=20000 config.nstreams=20000 avg_latency=0.9150 ms avg throuhgput (requests/sec) = 84.6305 res=true
