Uniform: 289601 99280 570517 313505 162414 
Exponential: -2147483648 -2147483648 -2147483648 -2147483648 -2147483648 
Truncated Normal: 409799 451226 420757 514630 929423 
*==== INFO ====* req_id_count= 500 stream_id=1996 latency=0.867823 ms (tx_ts=158800213740571, rx_ts=158800214608394) request_id=39688 zil_blk_id=1996 ccf_commit_seqno=39688 nstreams_done_=500 config.nstreams=20000 avg_latency=1.1799 ms avg throuhgput (requests/sec) = 81.7894 res=false
*==== INFO ====* req_id_count= 1000 stream_id=3996 latency=1.139251 ms (tx_ts=158806301168140, rx_ts=158806302307391) request_id=79823 zil_blk_id=3996 ccf_commit_seqno=79825 nstreams_done_=1000 config.nstreams=20000 avg_latency=1.1918 ms avg throuhgput (requests/sec) = 81.9608 res=false
*==== INFO ====* req_id_count= 1500 stream_id=5996 latency=1.257742 ms (tx_ts=158812387667375, rx_ts=158812388925117) request_id=120022 zil_blk_id=5996 ccf_commit_seqno=120025 nstreams_done_=1500 config.nstreams=20000 avg_latency=1.1984 ms avg throuhgput (requests/sec) = 82.0229 res=false
*==== INFO ====* req_id_count= 2000 stream_id=7996 latency=1.003246 ms (tx_ts=158818461229042, rx_ts=158818462232288) request_id=160203 zil_blk_id=7996 ccf_commit_seqno=160203 nstreams_done_=2000 config.nstreams=20000 avg_latency=1.1869 ms avg throuhgput (requests/sec) = 82.0988 res=false
*==== INFO ====* req_id_count= 2500 stream_id=9996 latency=1.040779 ms (tx_ts=158824561645863, rx_ts=158824562686642) request_id=200671 zil_blk_id=9996 ccf_commit_seqno=200671 nstreams_done_=2500 config.nstreams=20000 avg_latency=1.1809 ms avg throuhgput (requests/sec) = 82.0712 res=false
*==== INFO ====* req_id_count= 3000 stream_id=11996 latency=0.990312 ms (tx_ts=158830641545210, rx_ts=158830642535522) request_id=240989 zil_blk_id=11996 ccf_commit_seqno=240989 nstreams_done_=3000 config.nstreams=20000 avg_latency=1.1829 ms avg throuhgput (requests/sec) = 82.0991 res=false
*==== INFO ====* req_id_count= 3500 stream_id=13996 latency=1.239828 ms (tx_ts=158836760656335, rx_ts=158836761896163) request_id=281569 zil_blk_id=13996 ccf_commit_seqno=281571 nstreams_done_=3500 config.nstreams=20000 avg_latency=1.1905 ms avg throuhgput (requests/sec) = 82.0430 res=false
*==== INFO ====* req_id_count= 4000 stream_id=15996 latency=0.917817 ms (tx_ts=158842815167727, rx_ts=158842816085544) request_id=321801 zil_blk_id=15996 ccf_commit_seqno=321801 nstreams_done_=4000 config.nstreams=20000 avg_latency=1.1879 ms avg throuhgput (requests/sec) = 82.1107 res=false
*==== INFO ====* req_id_count= 4500 stream_id=17996 latency=0.925327 ms (tx_ts=158848908273263, rx_ts=158848909198590) request_id=362299 zil_blk_id=17996 ccf_commit_seqno=362299 nstreams_done_=4500 config.nstreams=20000 avg_latency=1.1888 ms avg throuhgput (requests/sec) = 82.1050 res=false
*==== INFO ====* req_id_count= 5000 stream_id=19996 latency=1.258393 ms (tx_ts=158855001823596, rx_ts=158855003081989) request_id=402790 zil_blk_id=19996 ccf_commit_seqno=402791 nstreams_done_=5000 config.nstreams=20000 avg_latency=1.1864 ms avg throuhgput (requests/sec) = 82.0995 res=false
*==== INFO ====* req_id_count= 5500 stream_id=21996 latency=0.843277 ms (tx_ts=158861079933759, rx_ts=158861080777036) request_id=443243 zil_blk_id=21996 ccf_commit_seqno=443243 nstreams_done_=5500 config.nstreams=20000 avg_latency=1.1868 ms avg throuhgput (requests/sec) = 82.1148 res=false
*==== INFO ====* req_id_count= 6000 stream_id=23996 latency=1.001793 ms (tx_ts=158867132949541, rx_ts=158867133951334) request_id=483445 zil_blk_id=23996 ccf_commit_seqno=483445 nstreams_done_=6000 config.nstreams=20000 avg_latency=1.1878 ms avg throuhgput (requests/sec) = 82.1551 res=false
*==== INFO ====* req_id_count= 6500 stream_id=25996 latency=0.988899 ms (tx_ts=158873146693651, rx_ts=158873147682550) request_id=523467 zil_blk_id=25996 ccf_commit_seqno=523468 nstreams_done_=6500 config.nstreams=20000 avg_latency=1.1875 ms avg throuhgput (requests/sec) = 82.2303 res=false
*==== INFO ====* req_id_count= 7000 stream_id=27996 latency=1.177953 ms (tx_ts=158879177233315, rx_ts=158879178411268) request_id=563591 zil_blk_id=27996 ccf_commit_seqno=563594 nstreams_done_=7000 config.nstreams=20000 avg_latency=1.1867 ms avg throuhgput (requests/sec) = 82.2783 res=false
*==== INFO ====* req_id_count= 7500 stream_id=29996 latency=0.917686 ms (tx_ts=158885217025338, rx_ts=158885217943024) request_id=603706 zil_blk_id=29996 ccf_commit_seqno=603706 nstreams_done_=7500 config.nstreams=20000 avg_latency=1.1888 ms avg throuhgput (requests/sec) = 82.3121 res=false
*==== INFO ====* req_id_count= 8000 stream_id=31996 latency=1.269353 ms (tx_ts=158891241630365, rx_ts=158891242899718) request_id=643929 zil_blk_id=31996 ccf_commit_seqno=643935 nstreams_done_=8000 config.nstreams=20000 avg_latency=1.1893 ms avg throuhgput (requests/sec) = 82.3540 res=false
*==== INFO ====* req_id_count= 8500 stream_id=33996 latency=0.953223 ms (tx_ts=158897266442671, rx_ts=158897267395894) request_id=684053 zil_blk_id=33996 ccf_commit_seqno=684054 nstreams_done_=8500 config.nstreams=20000 avg_latency=1.1902 ms avg throuhgput (requests/sec) = 82.3914 res=false
*==== INFO ====* req_id_count= 9000 stream_id=35996 latency=1.213920 ms (tx_ts=158903261843732, rx_ts=158903263057652) request_id=724020 zil_blk_id=35996 ccf_commit_seqno=724021 nstreams_done_=9000 config.nstreams=20000 avg_latency=1.1900 ms avg throuhgput (requests/sec) = 82.4465 res=false
*==== INFO ====* req_id_count= 9500 stream_id=37996 latency=1.063528 ms (tx_ts=158909285422776, rx_ts=158909286486304) request_id=764200 zil_blk_id=37996 ccf_commit_seqno=764200 nstreams_done_=9500 config.nstreams=20000 avg_latency=1.1898 ms avg throuhgput (requests/sec) = 82.4759 res=false
*==== INFO ====* req_id_count= 10000 stream_id=39996 latency=1.362587 ms (tx_ts=158915330730856, rx_ts=158915332093443) request_id=804444 zil_blk_id=39996 ccf_commit_seqno=804447 nstreams_done_=10000 config.nstreams=20000 avg_latency=1.1912 ms avg throuhgput (requests/sec) = 82.4873 res=false
*==== INFO ====* req_id_count= 10500 stream_id=41996 latency=1.097890 ms (tx_ts=158921344847538, rx_ts=158921345945428) request_id=844593 zil_blk_id=41996 ccf_commit_seqno=844594 nstreams_done_=10500 config.nstreams=20000 avg_latency=1.1895 ms avg throuhgput (requests/sec) = 82.5182 res=false
*==== INFO ====* req_id_count= 11000 stream_id=43996 latency=1.443128 ms (tx_ts=158927365707278, rx_ts=158927367150406) request_id=884861 zil_blk_id=43996 ccf_commit_seqno=884868 nstreams_done_=11000 config.nstreams=20000 avg_latency=1.1884 ms avg throuhgput (requests/sec) = 82.5418 res=false
*==== INFO ====* req_id_count= 11500 stream_id=45996 latency=1.330587 ms (tx_ts=158933401246114, rx_ts=158933402576701) request_id=925230 zil_blk_id=45996 ccf_commit_seqno=925234 nstreams_done_=11500 config.nstreams=20000 avg_latency=1.1867 ms avg throuhgput (requests/sec) = 82.5549 res=false
*==== INFO ====* req_id_count= 12000 stream_id=47996 latency=1.287458 ms (tx_ts=158939416948315, rx_ts=158939418235773) request_id=965447 zil_blk_id=47996 ccf_commit_seqno=965449 nstreams_done_=12000 config.nstreams=20000 avg_latency=1.1869 ms avg throuhgput (requests/sec) = 82.5782 res=false
*==== INFO ====* req_id_count= 12500 stream_id=49996 latency=0.932955 ms (tx_ts=158945453444904, rx_ts=158945454377859) request_id=1005766 zil_blk_id=49996 ccf_commit_seqno=1005767 nstreams_done_=12500 config.nstreams=20000 avg_latency=1.1872 ms avg throuhgput (requests/sec) = 82.5884 res=false
*==== INFO ====* req_id_count= 13000 stream_id=51996 latency=1.021109 ms (tx_ts=158951462344748, rx_ts=158951463365857) request_id=1045897 zil_blk_id=51996 ccf_commit_seqno=1045899 nstreams_done_=13000 config.nstreams=20000 avg_latency=1.1861 ms avg throuhgput (requests/sec) = 82.6121 res=false
*==== INFO ====* req_id_count= 13500 stream_id=53996 latency=1.149759 ms (tx_ts=158957528039080, rx_ts=158957529188839) request_id=1086280 zil_blk_id=53996 ccf_commit_seqno=1086280 nstreams_done_=13500 config.nstreams=20000 avg_latency=1.1881 ms avg throuhgput (requests/sec) = 82.6053 res=false
*==== INFO ====* req_id_count= 14000 stream_id=55996 latency=1.010480 ms (tx_ts=158963527504115, rx_ts=158963528514595) request_id=1126385 zil_blk_id=55996 ccf_commit_seqno=1126386 nstreams_done_=14000 config.nstreams=20000 avg_latency=1.1879 ms avg throuhgput (requests/sec) = 82.6314 res=false
*==== INFO ====* req_id_count= 14500 stream_id=57996 latency=1.225241 ms (tx_ts=158969573087781, rx_ts=158969574313022) request_id=1166763 zil_blk_id=57996 ccf_commit_seqno=1166767 nstreams_done_=14500 config.nstreams=20000 avg_latency=1.1876 ms avg throuhgput (requests/sec) = 82.6338 res=false
*==== INFO ====* req_id_count= 15000 stream_id=59996 latency=1.298417 ms (tx_ts=158975578838765, rx_ts=158975580137182) request_id=1206925 zil_blk_id=59996 ccf_commit_seqno=1206925 nstreams_done_=15000 config.nstreams=20000 avg_latency=1.1869 ms avg throuhgput (requests/sec) = 82.6543 res=false
*==== INFO ====* req_id_count= 15500 stream_id=61996 latency=0.926893 ms (tx_ts=158981608184588, rx_ts=158981609111481) request_id=1247279 zil_blk_id=61996 ccf_commit_seqno=1247279 nstreams_done_=15500 config.nstreams=20000 avg_latency=1.1884 ms avg throuhgput (requests/sec) = 82.6632 res=false
*==== INFO ====* req_id_count= 16000 stream_id=63996 latency=0.886868 ms (tx_ts=158987611841681, rx_ts=158987612728549) request_id=1287415 zil_blk_id=63996 ccf_commit_seqno=1287415 nstreams_done_=16000 config.nstreams=20000 avg_latency=1.1887 ms avg throuhgput (requests/sec) = 82.6825 res=false
*==== INFO ====* req_id_count= 16500 stream_id=65996 latency=1.692164 ms (tx_ts=158993626857257, rx_ts=158993628549421) request_id=1327637 zil_blk_id=65996 ccf_commit_seqno=1327642 nstreams_done_=16500 config.nstreams=20000 avg_latency=1.1895 ms avg throuhgput (requests/sec) = 82.6955 res=false
*==== INFO ====* req_id_count= 17000 stream_id=67996 latency=1.147705 ms (tx_ts=158999633407202, rx_ts=158999634554907) request_id=1367812 zil_blk_id=67996 ccf_commit_seqno=1367815 nstreams_done_=17000 config.nstreams=20000 avg_latency=1.1897 ms avg throuhgput (requests/sec) = 82.7117 res=false
*==== INFO ====* req_id_count= 17500 stream_id=69996 latency=0.819763 ms (tx_ts=159005624615092, rx_ts=159005625434855) request_id=1407963 zil_blk_id=69996 ccf_commit_seqno=1407963 nstreams_done_=17500 config.nstreams=20000 avg_latency=1.1898 ms avg throuhgput (requests/sec) = 82.7329 res=false
*==== INFO ====* req_id_count= 18000 stream_id=71996 latency=1.193582 ms (tx_ts=159011588391218, rx_ts=159011589584800) request_id=1448039 zil_blk_id=71996 ccf_commit_seqno=1448042 nstreams_done_=18000 config.nstreams=20000 avg_latency=1.1885 ms avg throuhgput (requests/sec) = 82.7631 res=false
*==== INFO ====* req_id_count= 18500 stream_id=73996 latency=1.082303 ms (tx_ts=159017558032029, rx_ts=159017559114332) request_id=1488077 zil_blk_id=73996 ccf_commit_seqno=1488078 nstreams_done_=18500 config.nstreams=20000 avg_latency=1.1876 ms avg throuhgput (requests/sec) = 82.7897 res=false
*==== INFO ====* req_id_count= 19000 stream_id=75996 latency=1.354132 ms (tx_ts=159023552513506, rx_ts=159023553867638) request_id=1528198 zil_blk_id=75996 ccf_commit_seqno=1528199 nstreams_done_=19000 config.nstreams=20000 avg_latency=1.1878 ms avg throuhgput (requests/sec) = 82.8058 res=false
*==== INFO ====* req_id_count= 19500 stream_id=77996 latency=1.375973 ms (tx_ts=159029557432270, rx_ts=159029558808243) request_id=1566339 zil_blk_id=77996 ccf_commit_seqno=1566341 nstreams_done_=19500 config.nstreams=20000 avg_latency=1.1879 ms avg throuhgput (requests/sec) = 82.8175 res=false
*==== INFO ====* http_end_stream ALL streams done! nstreams_done_=20000 avg_latency=1.1869 msreq_id_count= 20000
*==== INFO ====* req_id_count= 20000 stream_id=79996 latency=1.004217 ms (tx_ts=159035555509758, rx_ts=159035556513975) request_id=1588638 zil_blk_id=79996 ccf_commit_seqno=1588638 nstreams_done_=20000 config.nstreams=20000 avg_latency=1.1869 ms avg throuhgput (requests/sec) = 82.8311 res=true
