Uniform: 855772 688566 826058 576068 876031 
Exponential: -2147483648 -2147483648 -2147483648 -2147483648 -2147483648 
Truncated Normal: 915607 915314 393024 350822 721725 
*==== INFO ====* req_id_count= 500 stream_id=1996 latency=1.945809 ms (tx_ts=158800290864548, rx_ts=158800292810357) request_id=40191 zil_blk_id=1996 ccf_commit_seqno=40197 nstreams_done_=500 config.nstreams=20000 avg_latency=1.1204 ms avg throuhgput (requests/sec) = 80.6565 res=false
*==== INFO ====* req_id_count= 1000 stream_id=3996 latency=0.917215 ms (tx_ts=158806473858464, rx_ts=158806474775679) request_id=80951 zil_blk_id=3996 ccf_commit_seqno=80952 nstreams_done_=1000 config.nstreams=20000 avg_latency=1.1020 ms avg throuhgput (requests/sec) = 80.7683 res=false
*==== INFO ====* req_id_count= 1500 stream_id=5996 latency=1.116338 ms (tx_ts=158812664411043, rx_ts=158812665527381) request_id=121845 zil_blk_id=5996 ccf_commit_seqno=121846 nstreams_done_=1500 config.nstreams=20000 avg_latency=1.0941 ms avg throuhgput (requests/sec) = 80.7674 res=false
*==== INFO ====* req_id_count= 2000 stream_id=7996 latency=1.102923 ms (tx_ts=158818855309214, rx_ts=158818856412137) request_id=162816 zil_blk_id=7996 ccf_commit_seqno=162817 nstreams_done_=2000 config.nstreams=20000 avg_latency=1.0901 ms avg throuhgput (requests/sec) = 80.7665 res=false
*==== INFO ====* req_id_count= 2500 stream_id=9996 latency=0.854530 ms (tx_ts=158825025504191, rx_ts=158825026358721) request_id=203735 zil_blk_id=9996 ccf_commit_seqno=203735 nstreams_done_=2500 config.nstreams=20000 avg_latency=1.0849 ms avg throuhgput (requests/sec) = 80.8207 res=false
*==== INFO ====* req_id_count= 3000 stream_id=11996 latency=1.188903 ms (tx_ts=158831197489140, rx_ts=158831198678043) request_id=244667 zil_blk_id=11996 ccf_commit_seqno=244669 nstreams_done_=3000 config.nstreams=20000 avg_latency=1.0830 ms avg throuhgput (requests/sec) = 80.8517 res=false
*==== INFO ====* req_id_count= 3500 stream_id=13996 latency=1.072495 ms (tx_ts=158837391240939, rx_ts=158837392313434) request_id=285761 zil_blk_id=13996 ccf_commit_seqno=285763 nstreams_done_=3500 config.nstreams=20000 avg_latency=1.0884 ms avg throuhgput (requests/sec) = 80.8340 res=false
*==== INFO ====* req_id_count= 4000 stream_id=15996 latency=0.926092 ms (tx_ts=158843568707103, rx_ts=158843569633195) request_id=326814 zil_blk_id=15996 ccf_commit_seqno=326814 nstreams_done_=4000 config.nstreams=20000 avg_latency=1.0871 ms avg throuhgput (requests/sec) = 80.8474 res=false
*==== INFO ====* req_id_count= 4500 stream_id=17996 latency=0.858856 ms (tx_ts=158849739897444, rx_ts=158849740756300) request_id=367811 zil_blk_id=17996 ccf_commit_seqno=367811 nstreams_done_=4500 config.nstreams=20000 avg_latency=1.0856 ms avg throuhgput (requests/sec) = 80.8668 res=false
*==== INFO ====* req_id_count= 5000 stream_id=19996 latency=1.155329 ms (tx_ts=158855932998769, rx_ts=158855934154098) request_id=408990 zil_blk_id=19996 ccf_commit_seqno=408992 nstreams_done_=5000 config.nstreams=20000 avg_latency=1.0874 ms avg throuhgput (requests/sec) = 80.8532 res=false
*==== INFO ====* req_id_count= 5500 stream_id=21996 latency=1.048880 ms (tx_ts=158862115932628, rx_ts=158862116981508) request_id=450130 zil_blk_id=21996 ccf_commit_seqno=450137 nstreams_done_=5500 config.nstreams=20000 avg_latency=1.0869 ms avg throuhgput (requests/sec) = 80.8547 res=false
*==== INFO ====* req_id_count= 6000 stream_id=23996 latency=0.890361 ms (tx_ts=158868316371369, rx_ts=158868317261730) request_id=491328 zil_blk_id=23996 ccf_commit_seqno=491328 nstreams_done_=6000 config.nstreams=20000 avg_latency=1.0889 ms avg throuhgput (requests/sec) = 80.8368 res=false
*==== INFO ====* req_id_count= 6500 stream_id=25996 latency=1.134531 ms (tx_ts=158874521749463, rx_ts=158874522883994) request_id=532587 zil_blk_id=25996 ccf_commit_seqno=532588 nstreams_done_=6500 config.nstreams=20000 avg_latency=1.0907 ms avg throuhgput (requests/sec) = 80.8164 res=false
*==== INFO ====* req_id_count= 7000 stream_id=27996 latency=1.010178 ms (tx_ts=158880737306370, rx_ts=158880738316548) request_id=573988 zil_blk_id=27996 ccf_commit_seqno=573990 nstreams_done_=7000 config.nstreams=20000 avg_latency=1.0930 ms avg throuhgput (requests/sec) = 80.7898 res=false
*==== INFO ====* req_id_count= 7500 stream_id=29996 latency=1.386642 ms (tx_ts=158886944723803, rx_ts=158886946110445) request_id=615248 zil_blk_id=29996 ccf_commit_seqno=615252 nstreams_done_=7500 config.nstreams=20000 avg_latency=1.0942 ms avg throuhgput (requests/sec) = 80.7733 res=false
*==== INFO ====* req_id_count= 8000 stream_id=31996 latency=0.926132 ms (tx_ts=158893121655092, rx_ts=158893122581224) request_id=656452 zil_blk_id=31996 ccf_commit_seqno=656454 nstreams_done_=8000 config.nstreams=20000 avg_latency=1.0935 ms avg throuhgput (requests/sec) = 80.7845 res=false
*==== INFO ====* req_id_count= 8500 stream_id=33996 latency=0.980513 ms (tx_ts=158899290636239, rx_ts=158899291616752) request_id=697559 zil_blk_id=33996 ccf_commit_seqno=697560 nstreams_done_=8500 config.nstreams=20000 avg_latency=1.0919 ms avg throuhgput (requests/sec) = 80.8001 res=false
*==== INFO ====* req_id_count= 9000 stream_id=35996 latency=1.203611 ms (tx_ts=158905495183206, rx_ts=158905496386817) request_id=738895 zil_blk_id=35996 ccf_commit_seqno=738898 nstreams_done_=9000 config.nstreams=20000 avg_latency=1.0934 ms avg throuhgput (requests/sec) = 80.7880 res=false
*==== INFO ====* req_id_count= 9500 stream_id=37996 latency=0.945233 ms (tx_ts=158911674739246, rx_ts=158911675684479) request_id=780122 zil_blk_id=37996 ccf_commit_seqno=780124 nstreams_done_=9500 config.nstreams=20000 avg_latency=1.0916 ms avg throuhgput (requests/sec) = 80.7947 res=false
*==== INFO ====* req_id_count= 10000 stream_id=39996 latency=1.327181 ms (tx_ts=158917862862817, rx_ts=158917864189998) request_id=821355 zil_blk_id=39996 ccf_commit_seqno=821359 nstreams_done_=10000 config.nstreams=20000 avg_latency=1.0917 ms avg throuhgput (requests/sec) = 80.7947 res=false
*==== INFO ====* req_id_count= 10500 stream_id=41996 latency=0.836184 ms (tx_ts=158924038385483, rx_ts=158924039221667) request_id=862577 zil_blk_id=41996 ccf_commit_seqno=862577 nstreams_done_=10500 config.nstreams=20000 avg_latency=1.0911 ms avg throuhgput (requests/sec) = 80.8031 res=false
*==== INFO ====* req_id_count= 11000 stream_id=43996 latency=0.994409 ms (tx_ts=158930159610219, rx_ts=158930160604628) request_id=903561 zil_blk_id=43996 ccf_commit_seqno=903562 nstreams_done_=11000 config.nstreams=20000 avg_latency=1.0893 ms avg throuhgput (requests/sec) = 80.8426 res=false
*==== INFO ====* req_id_count= 11500 stream_id=45996 latency=1.123551 ms (tx_ts=158936211742069, rx_ts=158936212865620) request_id=944048 zil_blk_id=45996 ccf_commit_seqno=944050 nstreams_done_=11500 config.nstreams=20000 avg_latency=1.0875 ms avg throuhgput (requests/sec) = 80.9180 res=false
*==== INFO ====* req_id_count= 12000 stream_id=47996 latency=0.987516 ms (tx_ts=158942311777075, rx_ts=158942312764591) request_id=984778 zil_blk_id=47996 ccf_commit_seqno=984779 nstreams_done_=12000 config.nstreams=20000 avg_latency=1.0864 ms avg throuhgput (requests/sec) = 80.9612 res=false
*==== INFO ====* req_id_count= 12500 stream_id=49996 latency=0.807843 ms (tx_ts=158948362280617, rx_ts=158948363088460) request_id=1025161 zil_blk_id=49996 ccf_commit_seqno=1025161 nstreams_done_=12500 config.nstreams=20000 avg_latency=1.0856 ms avg throuhgput (requests/sec) = 81.0271 res=false
*==== INFO ====* req_id_count= 13000 stream_id=51996 latency=1.100230 ms (tx_ts=158954509661444, rx_ts=158954510761674) request_id=1066138 zil_blk_id=51996 ccf_commit_seqno=1066141 nstreams_done_=13000 config.nstreams=20000 avg_latency=1.0871 ms avg throuhgput (requests/sec) = 81.0388 res=false
*==== INFO ====* req_id_count= 13500 stream_id=53996 latency=1.101430 ms (tx_ts=158960602721812, rx_ts=158960603823242) request_id=1106846 zil_blk_id=53996 ccf_commit_seqno=1106846 nstreams_done_=13500 config.nstreams=20000 avg_latency=1.0858 ms avg throuhgput (requests/sec) = 81.0761 res=false
*==== INFO ====* req_id_count= 14000 stream_id=55996 latency=1.141605 ms (tx_ts=158966678119774, rx_ts=158966679261379) request_id=1147424 zil_blk_id=55996 ccf_commit_seqno=1147428 nstreams_done_=14000 config.nstreams=20000 avg_latency=1.0857 ms avg throuhgput (requests/sec) = 81.1192 res=false
*==== INFO ====* req_id_count= 14500 stream_id=57996 latency=1.114584 ms (tx_ts=158972765850590, rx_ts=158972766965174) request_id=1188153 zil_blk_id=57996 ccf_commit_seqno=1188155 nstreams_done_=14500 config.nstreams=20000 avg_latency=1.0855 ms avg throuhgput (requests/sec) = 81.1537 res=false
*==== INFO ====* req_id_count= 15000 stream_id=59996 latency=1.166480 ms (tx_ts=158978872391167, rx_ts=158978873557647) request_id=1228969 zil_blk_id=59996 ccf_commit_seqno=1228972 nstreams_done_=15000 config.nstreams=20000 avg_latency=1.0849 ms avg throuhgput (requests/sec) = 81.1777 res=false
*==== INFO ====* req_id_count= 15500 stream_id=61996 latency=1.178683 ms (tx_ts=158984964886871, rx_ts=158984966065554) request_id=1269687 zil_blk_id=61996 ccf_commit_seqno=1269689 nstreams_done_=15500 config.nstreams=20000 avg_latency=1.0848 ms avg throuhgput (requests/sec) = 81.2061 res=false
*==== INFO ====* req_id_count= 16000 stream_id=63996 latency=0.790518 ms (tx_ts=158991051872026, rx_ts=158991052662544) request_id=1310408 zil_blk_id=63996 ccf_commit_seqno=1310408 nstreams_done_=16000 config.nstreams=20000 avg_latency=1.0848 ms avg throuhgput (requests/sec) = 81.2352 res=false
*==== INFO ====* req_id_count= 16500 stream_id=65996 latency=1.001532 ms (tx_ts=158997150273746, rx_ts=158997151275278) request_id=1351194 zil_blk_id=65996 ccf_commit_seqno=1351194 nstreams_done_=16500 config.nstreams=20000 avg_latency=1.0851 ms avg throuhgput (requests/sec) = 81.2577 res=false
*==== INFO ====* req_id_count= 17000 stream_id=67996 latency=1.072986 ms (tx_ts=159003203411929, rx_ts=159003204484915) request_id=1391779 zil_blk_id=67996 ccf_commit_seqno=1391781 nstreams_done_=17000 config.nstreams=20000 avg_latency=1.0841 ms avg throuhgput (requests/sec) = 81.2966 res=false
*==== INFO ====* req_id_count= 17500 stream_id=69996 latency=0.871930 ms (tx_ts=159009281025028, rx_ts=159009281896958) request_id=1432530 zil_blk_id=69996 ccf_commit_seqno=1432530 nstreams_done_=17500 config.nstreams=20000 avg_latency=1.0831 ms avg throuhgput (requests/sec) = 81.3242 res=false
*==== INFO ====* req_id_count= 18000 stream_id=71996 latency=1.280294 ms (tx_ts=159015384698078, rx_ts=159015385978372) request_id=1473482 zil_blk_id=71996 ccf_commit_seqno=1473485 nstreams_done_=18000 config.nstreams=20000 avg_latency=1.0826 ms avg throuhgput (requests/sec) = 81.3404 res=false
*==== INFO ====* req_id_count= 18500 stream_id=73996 latency=1.077718 ms (tx_ts=159021505745882, rx_ts=159021506823600) request_id=1514486 zil_blk_id=73996 ccf_commit_seqno=1514490 nstreams_done_=18500 config.nstreams=20000 avg_latency=1.0828 ms avg throuhgput (requests/sec) = 81.3497 res=false
*==== INFO ====* req_id_count= 19000 stream_id=75996 latency=0.790468 ms (tx_ts=159027578082095, rx_ts=159027578872563) request_id=1554832 zil_blk_id=75996 ccf_commit_seqno=1554832 nstreams_done_=19000 config.nstreams=20000 avg_latency=1.0824 ms avg throuhgput (requests/sec) = 81.3756 res=false
*==== INFO ====* req_id_count= 19500 stream_id=77996 latency=1.185457 ms (tx_ts=159033633260175, rx_ts=159033634445632) request_id=1583677 zil_blk_id=77996 ccf_commit_seqno=1583678 nstreams_done_=19500 config.nstreams=20000 avg_latency=1.0815 ms avg throuhgput (requests/sec) = 81.4058 res=false
*==== INFO ====* http_end_stream ALL streams done! nstreams_done_=20000 avg_latency=1.0785 msreq_id_count= 20000
*==== INFO ====* req_id_count= 20000 stream_id=79996 latency=0.806148 ms (tx_ts=159039669431729, rx_ts=159039670237877) request_id=1595984 zil_blk_id=79996 ccf_commit_seqno=1595984 nstreams_done_=20000 config.nstreams=20000 avg_latency=1.0785 ms avg throuhgput (requests/sec) = 81.4410 res=true
