Uniform: 514451 7816 41065 218891 343880 
Exponential: -2147483648 -2147483648 -2147483648 -2147483648 -2147483648 
Truncated Normal: 548323 405395 573130 706476 374794 
*==== INFO ====* req_id_count= 500 stream_id=1996 latency=1.099676 ms (tx_ts=158800151152198, rx_ts=158800152251874) request_id=39287 zil_blk_id=1996 ccf_commit_seqno=39291 nstreams_done_=500 config.nstreams=20000 avg_latency=1.0974 ms avg throuhgput (requests/sec) = 82.5287 res=false
*==== INFO ====* req_id_count= 1000 stream_id=3996 latency=0.821987 ms (tx_ts=158806146571927, rx_ts=158806147393914) request_id=78809 zil_blk_id=3996 ccf_commit_seqno=78809 nstreams_done_=1000 config.nstreams=20000 avg_latency=1.0829 ms avg throuhgput (requests/sec) = 82.9625 res=false
*==== INFO ====* req_id_count= 1500 stream_id=5996 latency=1.170095 ms (tx_ts=158812101042049, rx_ts=158812102212144) request_id=118146 zil_blk_id=5996 ccf_commit_seqno=118147 nstreams_done_=1500 config.nstreams=20000 avg_latency=1.0692 ms avg throuhgput (requests/sec) = 83.2942 res=false
*==== INFO ====* req_id_count= 2000 stream_id=7996 latency=0.836845 ms (tx_ts=158818034626448, rx_ts=158818035463293) request_id=157381 zil_blk_id=7996 ccf_commit_seqno=157382 nstreams_done_=2000 config.nstreams=20000 avg_latency=1.0603 ms avg throuhgput (requests/sec) = 83.5362 res=false
*==== INFO ====* req_id_count= 2500 stream_id=9996 latency=0.872053 ms (tx_ts=158824005296509, rx_ts=158824006168562) request_id=197003 zil_blk_id=9996 ccf_commit_seqno=197004 nstreams_done_=2500 config.nstreams=20000 avg_latency=1.0571 ms avg throuhgput (requests/sec) = 83.5773 res=false
*==== INFO ====* req_id_count= 3000 stream_id=11996 latency=1.036235 ms (tx_ts=158829957258851, rx_ts=158829958295086) request_id=236475 zil_blk_id=11996 ccf_commit_seqno=236476 nstreams_done_=3000 config.nstreams=20000 avg_latency=1.0563 ms avg throuhgput (requests/sec) = 83.6481 res=false
*==== INFO ====* req_id_count= 3500 stream_id=13996 latency=1.137604 ms (tx_ts=158835900789504, rx_ts=158835901927108) request_id=275863 zil_blk_id=13996 ccf_commit_seqno=275867 nstreams_done_=3500 config.nstreams=20000 avg_latency=1.0602 ms avg throuhgput (requests/sec) = 83.7157 res=false
*==== INFO ====* req_id_count= 4000 stream_id=15996 latency=1.045906 ms (tx_ts=158841863089749, rx_ts=158841864135655) request_id=315449 zil_blk_id=15996 ccf_commit_seqno=315450 nstreams_done_=4000 config.nstreams=20000 avg_latency=1.0588 ms avg throuhgput (requests/sec) = 83.7339 res=false
*==== INFO ====* req_id_count= 4500 stream_id=17996 latency=1.145027 ms (tx_ts=158847811732785, rx_ts=158847812877812) request_id=355010 zil_blk_id=17996 ccf_commit_seqno=355015 nstreams_done_=4500 config.nstreams=20000 avg_latency=1.0586 ms avg throuhgput (requests/sec) = 83.7691 res=false
*==== INFO ====* req_id_count= 5000 stream_id=19996 latency=1.187630 ms (tx_ts=158853758562967, rx_ts=158853759750597) request_id=394535 zil_blk_id=19996 ccf_commit_seqno=394538 nstreams_done_=5000 config.nstreams=20000 avg_latency=1.0561 ms avg throuhgput (requests/sec) = 83.7998 res=false
*==== INFO ====* req_id_count= 5500 stream_id=21996 latency=1.150742 ms (tx_ts=158859708083828, rx_ts=158859709234570) request_id=434097 zil_blk_id=21996 ccf_commit_seqno=434100 nstreams_done_=5500 config.nstreams=20000 avg_latency=1.0581 ms avg throuhgput (requests/sec) = 83.8217 res=false
*==== INFO ====* req_id_count= 6000 stream_id=23996 latency=1.234739 ms (tx_ts=158865669105226, rx_ts=158865670339965) request_id=473721 zil_blk_id=23996 ccf_commit_seqno=473724 nstreams_done_=6000 config.nstreams=20000 avg_latency=1.0601 ms avg throuhgput (requests/sec) = 83.8263 res=false
*==== INFO ====* req_id_count= 6500 stream_id=25996 latency=1.238205 ms (tx_ts=158871625100867, rx_ts=158871626339072) request_id=513328 zil_blk_id=25996 ccf_commit_seqno=513330 nstreams_done_=6500 config.nstreams=20000 avg_latency=1.0631 ms avg throuhgput (requests/sec) = 83.8357 res=false
*==== INFO ====* req_id_count= 7000 stream_id=27996 latency=1.036077 ms (tx_ts=158877589240189, rx_ts=158877590276266) request_id=552988 zil_blk_id=27996 ccf_commit_seqno=552990 nstreams_done_=7000 config.nstreams=20000 avg_latency=1.0653 ms avg throuhgput (requests/sec) = 83.8358 res=false
*==== INFO ====* req_id_count= 7500 stream_id=29996 latency=1.145652 ms (tx_ts=158883533508699, rx_ts=158883534654351) request_id=592517 zil_blk_id=29996 ccf_commit_seqno=592519 nstreams_done_=7500 config.nstreams=20000 avg_latency=1.0674 ms avg throuhgput (requests/sec) = 83.8543 res=false
*==== INFO ====* req_id_count= 8000 stream_id=31996 latency=0.778425 ms (tx_ts=158889465257586, rx_ts=158889466036011) request_id=632066 zil_blk_id=31996 ccf_commit_seqno=632066 nstreams_done_=8000 config.nstreams=20000 avg_latency=1.0681 ms avg throuhgput (requests/sec) = 83.8818 res=false
*==== INFO ====* req_id_count= 8500 stream_id=33996 latency=1.267032 ms (tx_ts=158895380494664, rx_ts=158895381761696) request_id=671498 zil_blk_id=33996 ccf_commit_seqno=671501 nstreams_done_=8500 config.nstreams=20000 avg_latency=1.0678 ms avg throuhgput (requests/sec) = 83.9191 res=false
*==== INFO ====* req_id_count= 9000 stream_id=35996 latency=1.102388 ms (tx_ts=158901329379942, rx_ts=158901330482330) request_id=711140 zil_blk_id=35996 ccf_commit_seqno=711144 nstreams_done_=9000 config.nstreams=20000 avg_latency=1.0689 ms avg throuhgput (requests/sec) = 83.9265 res=false
*==== INFO ====* req_id_count= 9500 stream_id=37996 latency=1.230973 ms (tx_ts=158907249887474, rx_ts=158907251118447) request_id=750576 zil_blk_id=37996 ccf_commit_seqno=750582 nstreams_done_=9500 config.nstreams=20000 avg_latency=1.0684 ms avg throuhgput (requests/sec) = 83.9539 res=false
*==== INFO ====* req_id_count= 10000 stream_id=39996 latency=1.062901 ms (tx_ts=158913172222568, rx_ts=158913173285469) request_id=790111 zil_blk_id=39996 ccf_commit_seqno=790113 nstreams_done_=10000 config.nstreams=20000 avg_latency=1.0684 ms avg throuhgput (requests/sec) = 83.9775 res=false
*==== INFO ====* req_id_count= 10500 stream_id=41996 latency=1.209375 ms (tx_ts=158919108421739, rx_ts=158919109631114) request_id=829661 zil_blk_id=41996 ccf_commit_seqno=829665 nstreams_done_=10500 config.nstreams=20000 avg_latency=1.0678 ms avg throuhgput (requests/sec) = 83.9893 res=false
*==== INFO ====* req_id_count= 11000 stream_id=43996 latency=1.032400 ms (tx_ts=158925049857510, rx_ts=158925050889910) request_id=869363 zil_blk_id=43996 ccf_commit_seqno=869363 nstreams_done_=11000 config.nstreams=20000 avg_latency=1.0689 ms avg throuhgput (requests/sec) = 83.9970 res=false
*==== INFO ====* req_id_count= 11500 stream_id=45996 latency=0.896851 ms (tx_ts=158930958693396, rx_ts=158930959590247) request_id=908910 zil_blk_id=45996 ccf_commit_seqno=908911 nstreams_done_=11500 config.nstreams=20000 avg_latency=1.0669 ms avg throuhgput (requests/sec) = 84.0239 res=false
*==== INFO ====* req_id_count= 12000 stream_id=47996 latency=1.047509 ms (tx_ts=158936874817267, rx_ts=158936875864776) request_id=948470 zil_blk_id=47996 ccf_commit_seqno=948472 nstreams_done_=12000 config.nstreams=20000 avg_latency=1.0668 ms avg throuhgput (requests/sec) = 84.0441 res=false
*==== INFO ====* req_id_count= 12500 stream_id=49996 latency=1.236030 ms (tx_ts=158942789468050, rx_ts=158942790704080) request_id=987969 zil_blk_id=49996 ccf_commit_seqno=987971 nstreams_done_=12500 config.nstreams=20000 avg_latency=1.0663 ms avg throuhgput (requests/sec) = 84.0636 res=false
*==== INFO ====* req_id_count= 13000 stream_id=51996 latency=1.031779 ms (tx_ts=158948719422650, rx_ts=158948720454429) request_id=1027541 zil_blk_id=51996 ccf_commit_seqno=1027543 nstreams_done_=13000 config.nstreams=20000 avg_latency=1.0664 ms avg throuhgput (requests/sec) = 84.0734 res=false
*==== INFO ====* req_id_count= 13500 stream_id=53996 latency=1.042619 ms (tx_ts=158954632277526, rx_ts=158954633320145) request_id=1066947 zil_blk_id=53996 ccf_commit_seqno=1066950 nstreams_done_=13500 config.nstreams=20000 avg_latency=1.0671 ms avg throuhgput (requests/sec) = 84.0914 res=false
*==== INFO ====* req_id_count= 14000 stream_id=55996 latency=1.131656 ms (tx_ts=158960537656711, rx_ts=158960538788367) request_id=1106419 zil_blk_id=55996 ccf_commit_seqno=1106421 nstreams_done_=14000 config.nstreams=20000 avg_latency=1.0664 ms avg throuhgput (requests/sec) = 84.1119 res=false
*==== INFO ====* req_id_count= 14500 stream_id=57996 latency=1.046827 ms (tx_ts=158966463524651, rx_ts=158966464571478) request_id=1145990 zil_blk_id=57996 ccf_commit_seqno=1145993 nstreams_done_=14500 config.nstreams=20000 avg_latency=1.0670 ms avg throuhgput (requests/sec) = 84.1210 res=false
*==== INFO ====* req_id_count= 15000 stream_id=59996 latency=1.216855 ms (tx_ts=158972399311292, rx_ts=158972400528147) request_id=1185695 zil_blk_id=59996 ccf_commit_seqno=1185697 nstreams_done_=15000 config.nstreams=20000 avg_latency=1.0675 ms avg throuhgput (requests/sec) = 84.1247 res=false
*==== INFO ====* req_id_count= 15500 stream_id=61996 latency=1.177933 ms (tx_ts=158978308441710, rx_ts=158978309619643) request_id=1225184 zil_blk_id=61996 ccf_commit_seqno=1225187 nstreams_done_=15500 config.nstreams=20000 avg_latency=1.0678 ms avg throuhgput (requests/sec) = 84.1404 res=false
*==== INFO ====* req_id_count= 16000 stream_id=63996 latency=1.084447 ms (tx_ts=158984232878000, rx_ts=158984233962447) request_id=1264803 zil_blk_id=63996 ccf_commit_seqno=1264805 nstreams_done_=16000 config.nstreams=20000 avg_latency=1.0683 ms avg throuhgput (requests/sec) = 84.1484 res=false
*==== INFO ====* req_id_count= 16500 stream_id=65996 latency=1.060132 ms (tx_ts=158990162966647, rx_ts=158990164026779) request_id=1304460 zil_blk_id=65996 ccf_commit_seqno=1304461 nstreams_done_=16500 config.nstreams=20000 avg_latency=1.0689 ms avg throuhgput (requests/sec) = 84.1535 res=false
*==== INFO ====* req_id_count= 17000 stream_id=67996 latency=1.116387 ms (tx_ts=158996082490810, rx_ts=158996083607197) request_id=1344065 zil_blk_id=67996 ccf_commit_seqno=1344066 nstreams_done_=17000 config.nstreams=20000 avg_latency=1.0693 ms avg throuhgput (requests/sec) = 84.1626 res=false
*==== INFO ====* req_id_count= 17500 stream_id=69996 latency=0.825864 ms (tx_ts=159002004386487, rx_ts=159002005212351) request_id=1383730 zil_blk_id=69996 ccf_commit_seqno=1383731 nstreams_done_=17500 config.nstreams=20000 avg_latency=1.0697 ms avg throuhgput (requests/sec) = 84.1704 res=false
*==== INFO ====* req_id_count= 18000 stream_id=71996 latency=0.973069 ms (tx_ts=159007944093581, rx_ts=159007945066650) request_id=1423540 zil_blk_id=71996 ccf_commit_seqno=1423540 nstreams_done_=18000 config.nstreams=20000 avg_latency=1.0701 ms avg throuhgput (requests/sec) = 84.1706 res=false
*==== INFO ====* req_id_count= 18500 stream_id=73996 latency=0.923777 ms (tx_ts=159013837140727, rx_ts=159013838064504) request_id=1463116 zil_blk_id=73996 ccf_commit_seqno=1463118 nstreams_done_=18500 config.nstreams=20000 avg_latency=1.0689 ms avg throuhgput (requests/sec) = 84.1888 res=false
*==== INFO ====* req_id_count= 19000 stream_id=75996 latency=0.977568 ms (tx_ts=159019746689447, rx_ts=159019747667015) request_id=1502712 zil_blk_id=75996 ccf_commit_seqno=1502713 nstreams_done_=19000 config.nstreams=20000 avg_latency=1.0692 ms avg throuhgput (requests/sec) = 84.1997 res=false
*==== INFO ====* req_id_count= 19500 stream_id=77996 latency=0.885756 ms (tx_ts=159025692250801, rx_ts=159025693136557) request_id=1542500 zil_blk_id=77996 ccf_commit_seqno=1542500 nstreams_done_=19500 config.nstreams=20000 avg_latency=1.0703 ms avg throuhgput (requests/sec) = 84.1971 res=false
*==== INFO ====* http_end_stream ALL streams done! nstreams_done_=20000 avg_latency=1.0700 msreq_id_count= 20000
*==== INFO ====* req_id_count= 20000 stream_id=79996 latency=0.856862 ms (tx_ts=159031607820869, rx_ts=159031608677731) request_id=1576278 zil_blk_id=79996 ccf_commit_seqno=1576279 nstreams_done_=20000 config.nstreams=20000 avg_latency=1.0700 ms avg throuhgput (requests/sec) = 84.2052 res=true
