Uniform: 440160 173280 165918 723019 651062 
Exponential: -2147483648 -2147483648 -2147483648 -2147483648 -2147483648 
Truncated Normal: 289701 677887 333669 567271 406323 
*==== INFO ====* req_id_count= 500 stream_id=1996 latency=1.046547 ms (tx_ts=158800115295100, rx_ts=158800116341647) request_id=39053 zil_blk_id=1996 ccf_commit_seqno=39056 nstreams_done_=500 config.nstreams=20000 avg_latency=1.0299 ms avg throuhgput (requests/sec) = 82.8338 res=false
*==== INFO ====* req_id_count= 1000 stream_id=3996 latency=0.991080 ms (tx_ts=158806032988346, rx_ts=158806033979426) request_id=78073 zil_blk_id=3996 ccf_commit_seqno=78075 nstreams_done_=1000 config.nstreams=20000 avg_latency=0.9863 ms avg throuhgput (requests/sec) = 83.6552 res=false
*==== INFO ====* req_id_count= 1500 stream_id=5996 latency=0.700527 ms (tx_ts=158811932453098, rx_ts=158811933153625) request_id=117031 zil_blk_id=5996 ccf_commit_seqno=117032 nstreams_done_=1500 config.nstreams=20000 avg_latency=0.9743 ms avg throuhgput (requests/sec) = 84.0195 res=false
*==== INFO ====* req_id_count= 2000 stream_id=7996 latency=0.681194 ms (tx_ts=158817807046548, rx_ts=158817807727742) request_id=155874 zil_blk_id=7996 ccf_commit_seqno=155874 nstreams_done_=2000 config.nstreams=20000 avg_latency=0.9639 ms avg throuhgput (requests/sec) = 84.2901 res=false
*==== INFO ====* req_id_count= 2500 stream_id=9996 latency=1.050560 ms (tx_ts=158823658554866, rx_ts=158823659605426) request_id=194706 zil_blk_id=9996 ccf_commit_seqno=194708 nstreams_done_=2500 config.nstreams=20000 avg_latency=0.9549 ms avg throuhgput (requests/sec) = 84.5181 res=false
*==== INFO ====* req_id_count= 3000 stream_id=11996 latency=0.989250 ms (tx_ts=158829519871332, rx_ts=158829520860582) request_id=233566 zil_blk_id=11996 ccf_commit_seqno=233566 nstreams_done_=3000 config.nstreams=20000 avg_latency=0.9556 ms avg throuhgput (requests/sec) = 84.6484 res=false
*==== INFO ====* req_id_count= 3500 stream_id=13996 latency=0.707833 ms (tx_ts=158835379850779, rx_ts=158835380558612) request_id=272392 zil_blk_id=13996 ccf_commit_seqno=272392 nstreams_done_=3500 config.nstreams=20000 avg_latency=0.9545 ms avg throuhgput (requests/sec) = 84.7449 res=false
*==== INFO ====* req_id_count= 4000 stream_id=15996 latency=0.989450 ms (tx_ts=158841232182472, rx_ts=158841233171922) request_id=311279 zil_blk_id=15996 ccf_commit_seqno=311281 nstreams_done_=4000 config.nstreams=20000 avg_latency=0.9495 ms avg throuhgput (requests/sec) = 84.8302 res=false
*==== INFO ====* req_id_count= 4500 stream_id=17996 latency=1.066314 ms (tx_ts=158847079072973, rx_ts=158847080139287) request_id=350148 zil_blk_id=17996 ccf_commit_seqno=350152 nstreams_done_=4500 config.nstreams=20000 avg_latency=0.9481 ms avg throuhgput (requests/sec) = 84.9057 res=false
*==== INFO ====* req_id_count= 5000 stream_id=19996 latency=0.963681 ms (tx_ts=158852913128760, rx_ts=158852914092441) request_id=388934 zil_blk_id=19996 ccf_commit_seqno=388937 nstreams_done_=5000 config.nstreams=20000 avg_latency=0.9464 ms avg throuhgput (requests/sec) = 84.9850 res=false
*==== INFO ====* req_id_count= 5500 stream_id=21996 latency=0.794846 ms (tx_ts=158858765343582, rx_ts=158858766138428) request_id=427834 zil_blk_id=21996 ccf_commit_seqno=427836 nstreams_done_=5500 config.nstreams=20000 avg_latency=0.9470 ms avg throuhgput (requests/sec) = 85.0261 res=false
*==== INFO ====* req_id_count= 6000 stream_id=23996 latency=0.924318 ms (tx_ts=158864646513378, rx_ts=158864647437696) request_id=466954 zil_blk_id=23996 ccf_commit_seqno=466957 nstreams_done_=6000 config.nstreams=20000 avg_latency=0.9523 ms avg throuhgput (requests/sec) = 85.0252 res=false
*==== INFO ====* req_id_count= 6500 stream_id=25996 latency=0.869686 ms (tx_ts=158870532617728, rx_ts=158870533487414) request_id=506058 zil_blk_id=25996 ccf_commit_seqno=506060 nstreams_done_=6500 config.nstreams=20000 avg_latency=0.9541 ms avg throuhgput (requests/sec) = 85.0192 res=false
*==== INFO ====* req_id_count= 7000 stream_id=27996 latency=1.028275 ms (tx_ts=158876393600192, rx_ts=158876394628467) request_id=545047 zil_blk_id=27996 ccf_commit_seqno=545047 nstreams_done_=7000 config.nstreams=20000 avg_latency=0.9553 ms avg throuhgput (requests/sec) = 85.0397 res=false
*==== INFO ====* req_id_count= 7500 stream_id=29996 latency=1.098845 ms (tx_ts=158882228158557, rx_ts=158882229257402) request_id=583840 zil_blk_id=29996 ccf_commit_seqno=583845 nstreams_done_=7500 config.nstreams=20000 avg_latency=0.9532 ms avg throuhgput (requests/sec) = 85.0831 res=false
*==== INFO ====* req_id_count= 8000 stream_id=31996 latency=0.896937 ms (tx_ts=158888065781680, rx_ts=158888066678617) request_id=622728 zil_blk_id=31996 ccf_commit_seqno=622730 nstreams_done_=8000 config.nstreams=20000 avg_latency=0.9512 ms avg throuhgput (requests/sec) = 85.1186 res=false
*==== INFO ====* req_id_count= 8500 stream_id=33996 latency=0.834841 ms (tx_ts=158893923365260, rx_ts=158893924200101) request_id=661808 zil_blk_id=33996 ccf_commit_seqno=661808 nstreams_done_=8500 config.nstreams=20000 avg_latency=0.9523 ms avg throuhgput (requests/sec) = 85.1328 res=false
*==== INFO ====* req_id_count= 9000 stream_id=35996 latency=0.758619 ms (tx_ts=158899778790150, rx_ts=158899779548769) request_id=700799 zil_blk_id=35996 ccf_commit_seqno=700799 nstreams_done_=9000 config.nstreams=20000 avg_latency=0.9516 ms avg throuhgput (requests/sec) = 85.1471 res=false
*==== INFO ====* req_id_count= 9500 stream_id=37996 latency=0.730186 ms (tx_ts=158905621843399, rx_ts=158905622573585) request_id=739748 zil_blk_id=37996 ccf_commit_seqno=739748 nstreams_done_=9500 config.nstreams=20000 avg_latency=0.9514 ms avg throuhgput (requests/sec) = 85.1694 res=false
*==== INFO ====* req_id_count= 10000 stream_id=39996 latency=0.949876 ms (tx_ts=158911474378180, rx_ts=158911475328056) request_id=778788 zil_blk_id=39996 ccf_commit_seqno=778788 nstreams_done_=10000 config.nstreams=20000 avg_latency=0.9517 ms avg throuhgput (requests/sec) = 85.1824 res=false
*==== INFO ====* req_id_count= 10500 stream_id=41996 latency=1.006241 ms (tx_ts=158917309134799, rx_ts=158917310141040) request_id=817663 zil_blk_id=41996 ccf_commit_seqno=817665 nstreams_done_=10500 config.nstreams=20000 avg_latency=0.9509 ms avg throuhgput (requests/sec) = 85.2065 res=false
*==== INFO ====* req_id_count= 11000 stream_id=43996 latency=0.919400 ms (tx_ts=158923139533145, rx_ts=158923140452545) request_id=856579 zil_blk_id=43996 ccf_commit_seqno=856580 nstreams_done_=11000 config.nstreams=20000 avg_latency=0.9503 ms avg throuhgput (requests/sec) = 85.2315 res=false
*==== INFO ====* req_id_count= 11500 stream_id=45996 latency=1.085409 ms (tx_ts=158928985714872, rx_ts=158928986800281) request_id=895699 zil_blk_id=45996 ccf_commit_seqno=895703 nstreams_done_=11500 config.nstreams=20000 avg_latency=0.9498 ms avg throuhgput (requests/sec) = 85.2441 res=false
*==== INFO ====* req_id_count= 12000 stream_id=47996 latency=1.030778 ms (tx_ts=158934825059057, rx_ts=158934826089835) request_id=934758 zil_blk_id=47996 ccf_commit_seqno=934758 nstreams_done_=12000 config.nstreams=20000 avg_latency=0.9484 ms avg throuhgput (requests/sec) = 85.2600 res=false
*==== INFO ====* req_id_count= 12500 stream_id=49996 latency=0.924148 ms (tx_ts=158940676347455, rx_ts=158940677271603) request_id=973836 zil_blk_id=49996 ccf_commit_seqno=973837 nstreams_done_=12500 config.nstreams=20000 avg_latency=0.9486 ms avg throuhgput (requests/sec) = 85.2677 res=false
*==== INFO ====* req_id_count= 13000 stream_id=51996 latency=1.182513 ms (tx_ts=158946540845948, rx_ts=158946542028461) request_id=1013014 zil_blk_id=51996 ccf_commit_seqno=1013019 nstreams_done_=13000 config.nstreams=20000 avg_latency=0.9502 ms avg throuhgput (requests/sec) = 85.2672 res=false
*==== INFO ====* req_id_count= 13500 stream_id=53996 latency=1.074549 ms (tx_ts=158952400856149, rx_ts=158952401930698) request_id=1052018 zil_blk_id=53996 ccf_commit_seqno=1052019 nstreams_done_=13500 config.nstreams=20000 avg_latency=0.9508 ms avg throuhgput (requests/sec) = 85.2694 res=false
*==== INFO ====* req_id_count= 14000 stream_id=55996 latency=1.103853 ms (tx_ts=158958248587700, rx_ts=158958249691553) request_id=1091108 zil_blk_id=55996 ccf_commit_seqno=1091110 nstreams_done_=14000 config.nstreams=20000 avg_latency=0.9504 ms avg throuhgput (requests/sec) = 85.2777 res=false
*==== INFO ====* req_id_count= 14500 stream_id=57996 latency=0.970334 ms (tx_ts=158964109256132, rx_ts=158964110226466) request_id=1130264 zil_blk_id=57996 ccf_commit_seqno=1130266 nstreams_done_=14500 config.nstreams=20000 avg_latency=0.9510 ms avg throuhgput (requests/sec) = 85.2790 res=false
*==== INFO ====* req_id_count= 15000 stream_id=59996 latency=1.050144 ms (tx_ts=158969962043881, rx_ts=158969963094025) request_id=1169367 zil_blk_id=59996 ccf_commit_seqno=1169373 nstreams_done_=15000 config.nstreams=20000 avg_latency=0.9512 ms avg throuhgput (requests/sec) = 85.2840 res=false
*==== INFO ====* req_id_count= 15500 stream_id=61996 latency=0.958343 ms (tx_ts=158975821119273, rx_ts=158975822077616) request_id=1208542 zil_blk_id=61996 ccf_commit_seqno=1208547 nstreams_done_=15500 config.nstreams=20000 avg_latency=0.9521 ms avg throuhgput (requests/sec) = 85.2858 res=false
*==== INFO ====* req_id_count= 16000 stream_id=63996 latency=0.756314 ms (tx_ts=158981653441058, rx_ts=158981654197372) request_id=1247584 zil_blk_id=63996 ccf_commit_seqno=1247584 nstreams_done_=16000 config.nstreams=20000 avg_latency=0.9515 ms avg throuhgput (requests/sec) = 85.2996 res=false
*==== INFO ====* req_id_count= 16500 stream_id=65996 latency=1.128558 ms (tx_ts=158987500016458, rx_ts=158987501145016) request_id=1286666 zil_blk_id=65996 ccf_commit_seqno=1286668 nstreams_done_=16500 config.nstreams=20000 avg_latency=0.9514 ms avg throuhgput (requests/sec) = 85.3062 res=false
*==== INFO ====* req_id_count= 17000 stream_id=67996 latency=0.795377 ms (tx_ts=158993359414206, rx_ts=158993360209583) request_id=1325854 zil_blk_id=67996 ccf_commit_seqno=1325855 nstreams_done_=17000 config.nstreams=20000 avg_latency=0.9516 ms avg throuhgput (requests/sec) = 85.3071 res=false
*==== INFO ====* req_id_count= 17500 stream_id=69996 latency=1.141704 ms (tx_ts=158999215429575, rx_ts=158999216571279) request_id=1364995 zil_blk_id=69996 ccf_commit_seqno=1365003 nstreams_done_=17500 config.nstreams=20000 avg_latency=0.9521 ms avg throuhgput (requests/sec) = 85.3091 res=false
*==== INFO ====* req_id_count= 18000 stream_id=71996 latency=1.102541 ms (tx_ts=159005060174010, rx_ts=159005061276551) request_id=1404184 zil_blk_id=71996 ccf_commit_seqno=1404187 nstreams_done_=18000 config.nstreams=20000 avg_latency=0.9522 ms avg throuhgput (requests/sec) = 85.3157 res=false
*==== INFO ====* req_id_count= 18500 stream_id=73996 latency=0.976345 ms (tx_ts=159010906931493, rx_ts=159010907907838) request_id=1443465 zil_blk_id=73996 ccf_commit_seqno=1443467 nstreams_done_=18500 config.nstreams=20000 avg_latency=0.9522 ms avg throuhgput (requests/sec) = 85.3212 res=false
*==== INFO ====* req_id_count= 19000 stream_id=75996 latency=1.006181 ms (tx_ts=159016734444223, rx_ts=159016735450404) request_id=1482561 zil_blk_id=75996 ccf_commit_seqno=1482562 nstreams_done_=19000 config.nstreams=20000 avg_latency=0.9519 ms avg throuhgput (requests/sec) = 85.3337 res=false
*==== INFO ====* req_id_count= 19500 stream_id=77996 latency=0.712242 ms (tx_ts=159022590664731, rx_ts=159022591376973) request_id=1521768 zil_blk_id=77996 ccf_commit_seqno=1521768 nstreams_done_=19500 config.nstreams=20000 avg_latency=0.9518 ms avg throuhgput (requests/sec) = 85.3350 res=false
*==== INFO ====* http_end_stream ALL streams done! nstreams_done_=20000 avg_latency=0.9514 msreq_id_count= 20000
*==== INFO ====* req_id_count= 20000 stream_id=79996 latency=1.068307 ms (tx_ts=159028432773620, rx_ts=159028433841927) request_id=1559989 zil_blk_id=79996 ccf_commit_seqno=1559989 nstreams_done_=20000 config.nstreams=20000 avg_latency=0.9514 ms avg throuhgput (requests/sec) = 85.3411 res=true
