Uniform: 580930 497274 908825 864029 476472 
Exponential: -2147483648 -2147483648 -2147483648 -2147483648 -2147483648 
Truncated Normal: 547531 541899 878980 463637 513258 
*==== INFO ====* req_id_count= 500 stream_id=1996 latency=1.162424 ms (tx_ts=158800348514623, rx_ts=158800349677047) request_id=40567 zil_blk_id=1996 ccf_commit_seqno=40567 nstreams_done_=500 config.nstreams=20000 avg_latency=1.2078 ms avg throuhgput (requests/sec) = 80.0922 res=false
*==== INFO ====* req_id_count= 1000 stream_id=3996 latency=1.099335 ms (tx_ts=158806502174966, rx_ts=158806503274301) request_id=81132 zil_blk_id=3996 ccf_commit_seqno=81132 nstreams_done_=1000 config.nstreams=20000 avg_latency=1.2175 ms avg throuhgput (requests/sec) = 80.6686 res=false
*==== INFO ====* req_id_count= 1500 stream_id=5996 latency=0.951430 ms (tx_ts=158812528483974, rx_ts=158812529435404) request_id=120946 zil_blk_id=5996 ccf_commit_seqno=120946 nstreams_done_=1500 config.nstreams=20000 avg_latency=1.2109 ms avg throuhgput (requests/sec) = 81.4219 res=false
*==== INFO ====* req_id_count= 2000 stream_id=7996 latency=1.258907 ms (tx_ts=158818536016963, rx_ts=158818537275870) request_id=160703 zil_blk_id=7996 ccf_commit_seqno=160708 nstreams_done_=2000 config.nstreams=20000 avg_latency=1.2093 ms avg throuhgput (requests/sec) = 81.8652 res=false
*==== INFO ====* req_id_count= 2500 stream_id=9996 latency=1.005623 ms (tx_ts=158824548991780, rx_ts=158824549997403) request_id=200586 zil_blk_id=9996 ccf_commit_seqno=200587 nstreams_done_=2500 config.nstreams=20000 avg_latency=1.2048 ms avg throuhgput (requests/sec) = 82.1203 res=false
*==== INFO ====* req_id_count= 3000 stream_id=11996 latency=1.230070 ms (tx_ts=158830550762643, rx_ts=158830551992713) request_id=240388 zil_blk_id=11996 ccf_commit_seqno=240389 nstreams_done_=3000 config.nstreams=20000 avg_latency=1.2059 ms avg throuhgput (requests/sec) = 82.3155 res=false
*==== INFO ====* req_id_count= 3500 stream_id=13996 latency=1.162153 ms (tx_ts=158836563163369, rx_ts=158836564325522) request_id=280252 zil_blk_id=13996 ccf_commit_seqno=280254 nstreams_done_=3500 config.nstreams=20000 avg_latency=1.2071 ms avg throuhgput (requests/sec) = 82.4355 res=false
*==== INFO ====* req_id_count= 4000 stream_id=15996 latency=1.362364 ms (tx_ts=158842572769727, rx_ts=158842574132091) request_id=320187 zil_blk_id=15996 ccf_commit_seqno=320188 nstreams_done_=4000 config.nstreams=20000 avg_latency=1.2060 ms avg throuhgput (requests/sec) = 82.5299 res=false
*==== INFO ====* req_id_count= 4500 stream_id=17996 latency=1.224976 ms (tx_ts=158848580597294, rx_ts=158848581822270) request_id=360123 zil_blk_id=17996 ccf_commit_seqno=360124 nstreams_done_=4500 config.nstreams=20000 avg_latency=1.2067 ms avg throuhgput (requests/sec) = 82.6068 res=false
*==== INFO ====* req_id_count= 5000 stream_id=19996 latency=1.125624 ms (tx_ts=158854611016124, rx_ts=158854612141748) request_id=400184 zil_blk_id=19996 ccf_commit_seqno=400187 nstreams_done_=5000 config.nstreams=20000 avg_latency=1.2060 ms avg throuhgput (requests/sec) = 82.6374 res=false
*==== INFO ====* req_id_count= 5500 stream_id=21996 latency=0.958610 ms (tx_ts=158860630631606, rx_ts=158860631590216) request_id=440249 zil_blk_id=21996 ccf_commit_seqno=440250 nstreams_done_=5500 config.nstreams=20000 avg_latency=1.2067 ms avg throuhgput (requests/sec) = 82.6760 res=false
*==== INFO ====* req_id_count= 6000 stream_id=23996 latency=1.282287 ms (tx_ts=158866627060799, rx_ts=158866628343086) request_id=480095 zil_blk_id=23996 ccf_commit_seqno=480098 nstreams_done_=6000 config.nstreams=20000 avg_latency=1.2042 ms avg throuhgput (requests/sec) = 82.7341 res=false
*==== INFO ====* req_id_count= 6500 stream_id=25996 latency=0.924548 ms (tx_ts=158872638818020, rx_ts=158872639742568) request_id=520073 zil_blk_id=25996 ccf_commit_seqno=520073 nstreams_done_=6500 config.nstreams=20000 avg_latency=1.2044 ms avg throuhgput (requests/sec) = 82.7679 res=false
*==== INFO ====* req_id_count= 7000 stream_id=27996 latency=1.269102 ms (tx_ts=158878657274930, rx_ts=158878658544032) request_id=560120 zil_blk_id=27996 ccf_commit_seqno=560121 nstreams_done_=7000 config.nstreams=20000 avg_latency=1.2050 ms avg throuhgput (requests/sec) = 82.7896 res=false
*==== INFO ====* req_id_count= 7500 stream_id=29996 latency=1.225621 ms (tx_ts=158884683957239, rx_ts=158884685182860) request_id=600156 zil_blk_id=29996 ccf_commit_seqno=600157 nstreams_done_=7500 config.nstreams=20000 avg_latency=1.2080 ms avg throuhgput (requests/sec) = 82.8013 res=false
*==== INFO ====* req_id_count= 8000 stream_id=31996 latency=1.036438 ms (tx_ts=158890686097918, rx_ts=158890687134356) request_id=640220 zil_blk_id=31996 ccf_commit_seqno=640221 nstreams_done_=8000 config.nstreams=20000 avg_latency=1.2059 ms avg throuhgput (requests/sec) = 82.8327 res=false
*==== INFO ====* req_id_count= 8500 stream_id=33996 latency=1.090287 ms (tx_ts=158896705323648, rx_ts=158896706413935) request_id=680316 zil_blk_id=33996 ccf_commit_seqno=680316 nstreams_done_=8500 config.nstreams=20000 avg_latency=1.2060 ms avg throuhgput (requests/sec) = 82.8464 res=false
*==== INFO ====* req_id_count= 9000 stream_id=35996 latency=1.249917 ms (tx_ts=158902732464993, rx_ts=158902733714910) request_id=720493 zil_blk_id=35996 ccf_commit_seqno=720496 nstreams_done_=9000 config.nstreams=20000 avg_latency=1.2068 ms avg throuhgput (requests/sec) = 82.8524 res=false
*==== INFO ====* req_id_count= 9500 stream_id=37996 latency=1.357007 ms (tx_ts=158908741459208, rx_ts=158908742816215) request_id=760547 zil_blk_id=37996 ccf_commit_seqno=760553 nstreams_done_=9500 config.nstreams=20000 avg_latency=1.2075 ms avg throuhgput (requests/sec) = 82.8710 res=false
*==== INFO ====* req_id_count= 10000 stream_id=39996 latency=0.919378 ms (tx_ts=158914755910110, rx_ts=158914756829488) request_id=800623 zil_blk_id=39996 ccf_commit_seqno=800623 nstreams_done_=10000 config.nstreams=20000 avg_latency=1.2080 ms avg throuhgput (requests/sec) = 82.8844 res=false
*==== INFO ====* req_id_count= 10500 stream_id=41996 latency=0.941410 ms (tx_ts=158920782015094, rx_ts=158920782956504) request_id=840815 zil_blk_id=41996 ccf_commit_seqno=840815 nstreams_done_=10500 config.nstreams=20000 avg_latency=1.2092 ms avg throuhgput (requests/sec) = 82.8886 res=false
*==== INFO ====* req_id_count= 11000 stream_id=43996 latency=1.013424 ms (tx_ts=158926792864093, rx_ts=158926793877517) request_id=881024 zil_blk_id=43996 ccf_commit_seqno=881024 nstreams_done_=11000 config.nstreams=20000 avg_latency=1.2080 ms avg throuhgput (requests/sec) = 82.9019 res=false
*==== INFO ====* req_id_count= 11500 stream_id=45996 latency=1.230339 ms (tx_ts=158932775280458, rx_ts=158932776510797) request_id=921061 zil_blk_id=45996 ccf_commit_seqno=921063 nstreams_done_=11500 config.nstreams=20000 avg_latency=1.2073 ms avg throuhgput (requests/sec) = 82.9309 res=false
*==== INFO ====* req_id_count= 12000 stream_id=47996 latency=1.239629 ms (tx_ts=158938787729367, rx_ts=158938788968996) request_id=961248 zil_blk_id=47996 ccf_commit_seqno=961254 nstreams_done_=12000 config.nstreams=20000 avg_latency=1.2076 ms avg throuhgput (requests/sec) = 82.9405 res=false
*==== INFO ====* req_id_count= 12500 stream_id=49996 latency=1.302796 ms (tx_ts=158944822206954, rx_ts=158944823509750) request_id=1001556 zil_blk_id=49996 ccf_commit_seqno=1001559 nstreams_done_=12500 config.nstreams=20000 avg_latency=1.2084 ms avg throuhgput (requests/sec) = 82.9371 res=false
*==== INFO ====* req_id_count= 13000 stream_id=51996 latency=1.339073 ms (tx_ts=158950829920734, rx_ts=158950831259807) request_id=1041654 zil_blk_id=51996 ccf_commit_seqno=1041660 nstreams_done_=13000 config.nstreams=20000 avg_latency=1.2074 ms avg throuhgput (requests/sec) = 82.9482 res=false
*==== INFO ====* req_id_count= 13500 stream_id=53996 latency=1.113541 ms (tx_ts=158956866303987, rx_ts=158956867417528) request_id=1081868 zil_blk_id=53996 ccf_commit_seqno=1081869 nstreams_done_=13500 config.nstreams=20000 avg_latency=1.2091 ms avg throuhgput (requests/sec) = 82.9439 res=false
*==== INFO ====* req_id_count= 14000 stream_id=55996 latency=0.988028 ms (tx_ts=158962873097639, rx_ts=158962874085667) request_id=1122013 zil_blk_id=55996 ccf_commit_seqno=1122013 nstreams_done_=14000 config.nstreams=20000 avg_latency=1.2079 ms avg throuhgput (requests/sec) = 82.9545 res=false
*==== INFO ====* req_id_count= 14500 stream_id=57996 latency=0.927253 ms (tx_ts=158968897781528, rx_ts=158968898708781) request_id=1162232 zil_blk_id=57996 ccf_commit_seqno=1162232 nstreams_done_=14500 config.nstreams=20000 avg_latency=1.2073 ms avg throuhgput (requests/sec) = 82.9558 res=false
*==== INFO ====* req_id_count= 15000 stream_id=59996 latency=1.265129 ms (tx_ts=158974924404058, rx_ts=158974925669187) request_id=1202557 zil_blk_id=59996 ccf_commit_seqno=1202559 nstreams_done_=15000 config.nstreams=20000 avg_latency=1.2079 ms avg throuhgput (requests/sec) = 82.9560 res=false
*==== INFO ====* req_id_count= 15500 stream_id=61996 latency=1.300001 ms (tx_ts=158980934016932, rx_ts=158980935316933) request_id=1242755 zil_blk_id=61996 ccf_commit_seqno=1242756 nstreams_done_=15500 config.nstreams=20000 avg_latency=1.2076 ms avg throuhgput (requests/sec) = 82.9638 res=false
*==== INFO ====* req_id_count= 16000 stream_id=63996 latency=1.104192 ms (tx_ts=158986949851841, rx_ts=158986950956033) request_id=1282980 zil_blk_id=63996 ccf_commit_seqno=1282982 nstreams_done_=16000 config.nstreams=20000 avg_latency=1.2074 ms avg throuhgput (requests/sec) = 82.9686 res=false
*==== INFO ====* req_id_count= 16500 stream_id=65996 latency=1.408103 ms (tx_ts=158992989670956, rx_ts=158992991079059) request_id=1323389 zil_blk_id=65996 ccf_commit_seqno=1323395 nstreams_done_=16500 config.nstreams=20000 avg_latency=1.2088 ms avg throuhgput (requests/sec) = 82.9628 res=false
*==== INFO ====* req_id_count= 17000 stream_id=67996 latency=0.971533 ms (tx_ts=158999013900010, rx_ts=158999014871543) request_id=1363681 zil_blk_id=67996 ccf_commit_seqno=1363682 nstreams_done_=17000 config.nstreams=20000 avg_latency=1.2092 ms avg throuhgput (requests/sec) = 82.9641 res=false
*==== INFO ====* req_id_count= 17500 stream_id=69996 latency=1.924088 ms (tx_ts=159004999938995, rx_ts=159005001863083) request_id=1403784 zil_blk_id=69996 ccf_commit_seqno=1403784 nstreams_done_=17500 config.nstreams=20000 avg_latency=1.2091 ms avg throuhgput (requests/sec) = 82.9797 res=false
*==== INFO ====* req_id_count= 18000 stream_id=71996 latency=1.192360 ms (tx_ts=159010996888394, rx_ts=159010998080754) request_id=1444068 zil_blk_id=71996 ccf_commit_seqno=1444070 nstreams_done_=18000 config.nstreams=20000 avg_latency=1.2087 ms avg throuhgput (requests/sec) = 82.9909 res=false
*==== INFO ====* req_id_count= 18500 stream_id=73996 latency=1.340626 ms (tx_ts=159017006791589, rx_ts=159017008132215) request_id=1484382 zil_blk_id=73996 ccf_commit_seqno=1484384 nstreams_done_=18500 config.nstreams=20000 avg_latency=1.2079 ms avg throuhgput (requests/sec) = 82.9964 res=false
*==== INFO ====* req_id_count= 19000 stream_id=75996 latency=1.033482 ms (tx_ts=159023040108206, rx_ts=159023041141688) request_id=1524777 zil_blk_id=75996 ccf_commit_seqno=1524777 nstreams_done_=19000 config.nstreams=20000 avg_latency=1.2080 ms avg throuhgput (requests/sec) = 82.9933 res=false
*==== INFO ====* req_id_count= 19500 stream_id=77996 latency=1.293418 ms (tx_ts=159029076010540, rx_ts=159029077303958) request_id=1563675 zil_blk_id=77996 ccf_commit_seqno=1563676 nstreams_done_=19500 config.nstreams=20000 avg_latency=1.2088 ms avg throuhgput (requests/sec) = 82.9892 res=false
*==== INFO ====* http_end_stream ALL streams done! nstreams_done_=20000 avg_latency=1.2079 msreq_id_count= 20000
*==== INFO ====* req_id_count= 20000 stream_id=79996 latency=0.973601 ms (tx_ts=159035085729555, rx_ts=159035086703156) request_id=1587557 zil_blk_id=79996 ccf_commit_seqno=1587557 nstreams_done_=20000 config.nstreams=20000 avg_latency=1.2079 ms avg throuhgput (requests/sec) = 82.9945 res=true
