Uniform: 848629 139646 460781 868543 137254 
Exponential: -2147483648 -2147483648 -2147483648 -2147483648 -2147483648 
Truncated Normal: 13263 618817 252461 253216 525150 
*==== INFO ====* req_id_count= 500 stream_id=1996 latency=0.681895 ms (tx_ts=158800178621689, rx_ts=158800179303584) request_id=39462 zil_blk_id=1996 ccf_commit_seqno=39462 nstreams_done_=500 config.nstreams=20000 avg_latency=1.0213 ms avg throuhgput (requests/sec) = 81.9771 res=false
*==== INFO ====* req_id_count= 1000 stream_id=3996 latency=0.786680 ms (tx_ts=158806271293414, rx_ts=158806272080094) request_id=79629 zil_blk_id=3996 ccf_commit_seqno=79629 nstreams_done_=1000 config.nstreams=20000 avg_latency=1.0034 ms avg throuhgput (requests/sec) = 82.0207 res=false
*==== INFO ====* req_id_count= 1500 stream_id=5996 latency=0.652851 ms (tx_ts=158812334561523, rx_ts=158812335214374) request_id=119677 zil_blk_id=5996 ccf_commit_seqno=119677 nstreams_done_=1500 config.nstreams=20000 avg_latency=0.9904 ms avg throuhgput (requests/sec) = 82.1685 res=false
*==== INFO ====* req_id_count= 2000 stream_id=7996 latency=0.954415 ms (tx_ts=158818408043009, rx_ts=158818408997424) request_id=159854 zil_blk_id=7996 ccf_commit_seqno=159856 nstreams_done_=2000 config.nstreams=20000 avg_latency=0.9895 ms avg throuhgput (requests/sec) = 82.2066 res=false
*==== INFO ====* req_id_count= 2500 stream_id=9996 latency=0.979256 ms (tx_ts=158824477036130, rx_ts=158824478015386) request_id=200094 zil_blk_id=9996 ccf_commit_seqno=200098 nstreams_done_=2500 config.nstreams=20000 avg_latency=0.9849 ms avg throuhgput (requests/sec) = 82.2423 res=false
*==== INFO ====* req_id_count= 3000 stream_id=11996 latency=0.830794 ms (tx_ts=158830506983190, rx_ts=158830507813984) request_id=240098 zil_blk_id=11996 ccf_commit_seqno=240098 nstreams_done_=3000 config.nstreams=20000 avg_latency=0.9847 ms avg throuhgput (requests/sec) = 82.3547 res=false
*==== INFO ====* req_id_count= 3500 stream_id=13996 latency=0.912191 ms (tx_ts=158836512212167, rx_ts=158836513124358) request_id=279911 zil_blk_id=13996 ccf_commit_seqno=279911 nstreams_done_=3500 config.nstreams=20000 avg_latency=0.9813 ms avg throuhgput (requests/sec) = 82.4828 res=false
*==== INFO ====* req_id_count= 4000 stream_id=15996 latency=0.709046 ms (tx_ts=158842540055499, rx_ts=158842540764545) request_id=319965 zil_blk_id=15996 ccf_commit_seqno=319965 nstreams_done_=4000 config.nstreams=20000 avg_latency=0.9797 ms avg throuhgput (requests/sec) = 82.5411 res=false
*==== INFO ====* req_id_count= 4500 stream_id=17996 latency=0.963277 ms (tx_ts=158848545416285, rx_ts=158848546379562) request_id=359890 zil_blk_id=17996 ccf_commit_seqno=359891 nstreams_done_=4500 config.nstreams=20000 avg_latency=0.9787 ms avg throuhgput (requests/sec) = 82.6198 res=false
*==== INFO ====* req_id_count= 5000 stream_id=19996 latency=0.659854 ms (tx_ts=158854568452642, rx_ts=158854569112496) request_id=399908 zil_blk_id=19996 ccf_commit_seqno=399908 nstreams_done_=5000 config.nstreams=20000 avg_latency=0.9772 ms avg throuhgput (requests/sec) = 82.6596 res=false
*==== INFO ====* req_id_count= 5500 stream_id=21996 latency=1.040366 ms (tx_ts=158860582090433, rx_ts=158860583130799) request_id=439921 zil_blk_id=21996 ccf_commit_seqno=439924 nstreams_done_=5500 config.nstreams=20000 avg_latency=0.9780 ms avg throuhgput (requests/sec) = 82.7029 res=false
*==== INFO ====* req_id_count= 6000 stream_id=23996 latency=0.941630 ms (tx_ts=158866619130522, rx_ts=158866620072152) request_id=480043 zil_blk_id=23996 ccf_commit_seqno=480044 nstreams_done_=6000 config.nstreams=20000 avg_latency=0.9823 ms avg throuhgput (requests/sec) = 82.7129 res=false
*==== INFO ====* req_id_count= 6500 stream_id=25996 latency=1.090078 ms (tx_ts=158872581613811, rx_ts=158872582703889) request_id=519699 zil_blk_id=25996 ccf_commit_seqno=519704 nstreams_done_=6500 config.nstreams=20000 avg_latency=0.9836 ms avg throuhgput (requests/sec) = 82.7997 res=false
*==== INFO ====* req_id_count= 7000 stream_id=27996 latency=0.844188 ms (tx_ts=158878535736125, rx_ts=158878536580313) request_id=559312 zil_blk_id=27996 ccf_commit_seqno=559312 nstreams_done_=7000 config.nstreams=20000 avg_latency=0.9860 ms avg throuhgput (requests/sec) = 82.8829 res=false
*==== INFO ====* req_id_count= 7500 stream_id=29996 latency=0.748780 ms (tx_ts=158884468788099, rx_ts=158884469536879) request_id=598727 zil_blk_id=29996 ccf_commit_seqno=598727 nstreams_done_=7500 config.nstreams=20000 avg_latency=0.9877 ms avg throuhgput (requests/sec) = 82.9742 res=false
*==== INFO ====* req_id_count= 8000 stream_id=31996 latency=1.019325 ms (tx_ts=158890419186739, rx_ts=158890420206064) request_id=638433 zil_blk_id=31996 ccf_commit_seqno=638433 nstreams_done_=8000 config.nstreams=20000 avg_latency=0.9868 ms avg throuhgput (requests/sec) = 83.0391 res=false
*==== INFO ====* req_id_count= 8500 stream_id=33996 latency=0.838218 ms (tx_ts=158896349103138, rx_ts=158896349941356) request_id=677937 zil_blk_id=33996 ccf_commit_seqno=677939 nstreams_done_=8500 config.nstreams=20000 avg_latency=0.9846 ms avg throuhgput (requests/sec) = 83.1134 res=false
*==== INFO ====* req_id_count= 9000 stream_id=35996 latency=0.747488 ms (tx_ts=158902270756506, rx_ts=158902271503994) request_id=717427 zil_blk_id=35996 ccf_commit_seqno=717427 nstreams_done_=9000 config.nstreams=20000 avg_latency=0.9827 ms avg throuhgput (requests/sec) = 83.1859 res=false
*==== INFO ====* req_id_count= 9500 stream_id=37996 latency=0.894472 ms (tx_ts=158908216326110, rx_ts=158908217220582) request_id=757035 zil_blk_id=37996 ccf_commit_seqno=757038 nstreams_done_=9500 config.nstreams=20000 avg_latency=0.9829 ms avg throuhgput (requests/sec) = 83.2332 res=false
*==== INFO ====* req_id_count= 10000 stream_id=39996 latency=0.755352 ms (tx_ts=158914116658086, rx_ts=158914117413438) request_id=796385 zil_blk_id=39996 ccf_commit_seqno=796385 nstreams_done_=10000 config.nstreams=20000 avg_latency=0.9805 ms avg throuhgput (requests/sec) = 83.3074 res=false
*==== INFO ====* req_id_count= 10500 stream_id=41996 latency=1.249514 ms (tx_ts=158920026719302, rx_ts=158920027968816) request_id=835778 zil_blk_id=41996 ccf_commit_seqno=835782 nstreams_done_=10500 config.nstreams=20000 avg_latency=0.9799 ms avg throuhgput (requests/sec) = 83.3678 res=false
*==== INFO ====* req_id_count= 11000 stream_id=43996 latency=0.674661 ms (tx_ts=158925933616409, rx_ts=158925934291070) request_id=875287 zil_blk_id=43996 ccf_commit_seqno=875287 nstreams_done_=11000 config.nstreams=20000 avg_latency=0.9798 ms avg throuhgput (requests/sec) = 83.4254 res=false
*==== INFO ====* req_id_count= 11500 stream_id=45996 latency=0.886587 ms (tx_ts=158931820377581, rx_ts=158931821264168) request_id=914677 zil_blk_id=45996 ccf_commit_seqno=914678 nstreams_done_=11500 config.nstreams=20000 avg_latency=0.9786 ms avg throuhgput (requests/sec) = 83.4899 res=false
*==== INFO ====* req_id_count= 12000 stream_id=47996 latency=0.819595 ms (tx_ts=158937714652860, rx_ts=158937715472455) request_id=954074 zil_blk_id=47996 ccf_commit_seqno=954075 nstreams_done_=12000 config.nstreams=20000 avg_latency=0.9778 ms avg throuhgput (requests/sec) = 83.5448 res=false
*==== INFO ====* req_id_count= 12500 stream_id=49996 latency=1.093344 ms (tx_ts=158943594282211, rx_ts=158943595375555) request_id=993361 zil_blk_id=49996 ccf_commit_seqno=993364 nstreams_done_=12500 config.nstreams=20000 avg_latency=0.9770 ms avg throuhgput (requests/sec) = 83.6035 res=false
*==== INFO ====* req_id_count= 13000 stream_id=51996 latency=0.974072 ms (tx_ts=158949505306907, rx_ts=158949506280979) request_id=1032806 zil_blk_id=51996 ccf_commit_seqno=1032809 nstreams_done_=13000 config.nstreams=20000 avg_latency=0.9771 ms avg throuhgput (requests/sec) = 83.6410 res=false
*==== INFO ====* req_id_count= 13500 stream_id=53996 latency=0.869977 ms (tx_ts=158955426252482, rx_ts=158955427122459) request_id=1072240 zil_blk_id=53996 ccf_commit_seqno=1072241 nstreams_done_=13500 config.nstreams=20000 avg_latency=0.9782 ms avg throuhgput (requests/sec) = 83.6706 res=false
*==== INFO ====* req_id_count= 14000 stream_id=55996 latency=0.754491 ms (tx_ts=158961345499057, rx_ts=158961346253548) request_id=1111818 zil_blk_id=55996 ccf_commit_seqno=1111818 nstreams_done_=14000 config.nstreams=20000 avg_latency=0.9785 ms avg throuhgput (requests/sec) = 83.6989 res=false
*==== INFO ====* req_id_count= 14500 stream_id=57996 latency=1.111080 ms (tx_ts=158967258084366, rx_ts=158967259195446) request_id=1151310 zil_blk_id=57996 ccf_commit_seqno=1151313 nstreams_done_=14500 config.nstreams=20000 avg_latency=0.9793 ms avg throuhgput (requests/sec) = 83.7283 res=false
*==== INFO ====* req_id_count= 15000 stream_id=59996 latency=0.767094 ms (tx_ts=158973163831890, rx_ts=158973164598984) request_id=1190805 zil_blk_id=59996 ccf_commit_seqno=1190805 nstreams_done_=15000 config.nstreams=20000 avg_latency=0.9785 ms avg throuhgput (requests/sec) = 83.7593 res=false
*==== INFO ====* req_id_count= 15500 stream_id=61996 latency=1.639810 ms (tx_ts=158979046876293, rx_ts=158979048516103) request_id=1230142 zil_blk_id=61996 ccf_commit_seqno=1230143 nstreams_done_=15500 config.nstreams=20000 avg_latency=0.9777 ms avg throuhgput (requests/sec) = 83.7981 res=false
*==== INFO ====* req_id_count= 16000 stream_id=63996 latency=0.857660 ms (tx_ts=158984936270904, rx_ts=158984937128564) request_id=1269502 zil_blk_id=63996 ccf_commit_seqno=1269504 nstreams_done_=16000 config.nstreams=20000 avg_latency=0.9774 ms avg throuhgput (requests/sec) = 83.8324 res=false
*==== INFO ====* req_id_count= 16500 stream_id=65996 latency=1.800130 ms (tx_ts=158990858665293, rx_ts=158990860465423) request_id=1309111 zil_blk_id=65996 ccf_commit_seqno=1309116 nstreams_done_=16500 config.nstreams=20000 avg_latency=0.9784 ms avg throuhgput (requests/sec) = 83.8498 res=false
*==== INFO ====* req_id_count= 17000 stream_id=67996 latency=0.928296 ms (tx_ts=158996772242808, rx_ts=158996773171104) request_id=1348675 zil_blk_id=67996 ccf_commit_seqno=1348676 nstreams_done_=17000 config.nstreams=20000 avg_latency=0.9782 ms avg throuhgput (requests/sec) = 83.8706 res=false
*==== INFO ====* req_id_count= 17500 stream_id=69996 latency=0.706651 ms (tx_ts=159002674570017, rx_ts=159002675276668) request_id=1388237 zil_blk_id=69996 ccf_commit_seqno=1388237 nstreams_done_=17500 config.nstreams=20000 avg_latency=0.9787 ms avg throuhgput (requests/sec) = 83.8945 res=false
*==== INFO ====* req_id_count= 18000 stream_id=71996 latency=0.827589 ms (tx_ts=159008567352928, rx_ts=159008568180517) request_id=1427727 zil_blk_id=71996 ccf_commit_seqno=1427727 nstreams_done_=18000 config.nstreams=20000 avg_latency=0.9776 ms avg throuhgput (requests/sec) = 83.9207 res=false
*==== INFO ====* req_id_count= 18500 stream_id=73996 latency=0.677677 ms (tx_ts=159014454180505, rx_ts=159014454858182) request_id=1467240 zil_blk_id=73996 ccf_commit_seqno=1467240 nstreams_done_=18500 config.nstreams=20000 avg_latency=0.9765 ms avg throuhgput (requests/sec) = 83.9479 res=false
*==== INFO ====* req_id_count= 19000 stream_id=75996 latency=0.842425 ms (tx_ts=159020371033929, rx_ts=159020371876354) request_id=1506895 zil_blk_id=75996 ccf_commit_seqno=1506895 nstreams_done_=19000 config.nstreams=20000 avg_latency=0.9756 ms avg throuhgput (requests/sec) = 83.9624 res=false
*==== INFO ====* req_id_count= 19500 stream_id=77996 latency=1.024575 ms (tx_ts=159026273393830, rx_ts=159026274418405) request_id=1546389 zil_blk_id=77996 ccf_commit_seqno=1546395 nstreams_done_=19500 config.nstreams=20000 avg_latency=0.9753 ms avg throuhgput (requests/sec) = 83.9814 res=false
*==== INFO ====* http_end_stream ALL streams done! nstreams_done_=20000 avg_latency=0.9742 msreq_id_count= 20000
*==== INFO ====* req_id_count= 20000 stream_id=79996 latency=0.980233 ms (tx_ts=159032156530133, rx_ts=159032157510366) request_id=1578441 zil_blk_id=79996 ccf_commit_seqno=1578442 nstreams_done_=20000 config.nstreams=20000 avg_latency=0.9742 ms avg throuhgput (requests/sec) = 84.0063 res=true
