Uniform: 203972 305538 155238 841812 447896 
Exponential: -2147483648 -2147483648 -2147483648 -2147483648 -2147483648 
Truncated Normal: 369920 88521 925986 950969 218933 
*==== INFO ====* req_id_count= 500 stream_id=1996 latency=0.584573 ms (tx_ts=158800020858900, rx_ts=158800021443473) request_id=38443 zil_blk_id=902 ccf_commit_seqno=38443 nstreams_done_=500 config.nstreams=20000 avg_latency=0.8527 ms avg throuhgput (requests/sec) = 84.0795 res=false
*==== INFO ====* req_id_count= 1000 stream_id=3996 latency=1.152676 ms (tx_ts=158805972278300, rx_ts=158805973430976) request_id=77681 zil_blk_id=6480 ccf_commit_seqno=77685 nstreams_done_=1000 config.nstreams=20000 avg_latency=0.8550 ms avg throuhgput (requests/sec) = 84.0425 res=false
*==== INFO ====* req_id_count= 1500 stream_id=5996 latency=0.950878 ms (tx_ts=158811921145012, rx_ts=158811922095890) request_id=116957 zil_blk_id=12064 ccf_commit_seqno=116961 nstreams_done_=1500 config.nstreams=20000 avg_latency=0.8549 ms avg throuhgput (requests/sec) = 84.0458 res=false
*==== INFO ====* req_id_count= 2000 stream_id=7996 latency=1.012754 ms (tx_ts=158817850883007, rx_ts=158817851895761) request_id=156166 zil_blk_id=17628 ccf_commit_seqno=156168 nstreams_done_=2000 config.nstreams=20000 avg_latency=0.8534 ms avg throuhgput (requests/sec) = 84.1142 res=false
*==== INFO ====* req_id_count= 2500 stream_id=9996 latency=0.658945 ms (tx_ts=158823652502079, rx_ts=158823653161024) request_id=194667 zil_blk_id=23068 ccf_commit_seqno=194667 nstreams_done_=2500 config.nstreams=20000 avg_latency=0.8509 ms avg throuhgput (requests/sec) = 84.5209 res=false
*==== INFO ====* req_id_count= 3000 stream_id=11996 latency=0.635198 ms (tx_ts=158829446995060, rx_ts=158829447630258) request_id=233095 zil_blk_id=28508 ccf_commit_seqno=233095 nstreams_done_=3000 config.nstreams=20000 avg_latency=0.8511 ms avg throuhgput (requests/sec) = 84.8106 res=false
*==== INFO ====* req_id_count= 3500 stream_id=13996 latency=0.649074 ms (tx_ts=158835261012928, rx_ts=158835261662002) request_id=271602 zil_blk_id=33970 ccf_commit_seqno=271602 nstreams_done_=3500 config.nstreams=20000 avg_latency=0.8524 ms avg throuhgput (requests/sec) = 84.9783 res=false
*==== INFO ====* req_id_count= 4000 stream_id=15996 latency=0.676686 ms (tx_ts=158841063021273, rx_ts=158841063697959) request_id=310162 zil_blk_id=39409 ccf_commit_seqno=310162 nstreams_done_=4000 config.nstreams=20000 avg_latency=0.8521 ms avg throuhgput (requests/sec) = 85.1263 res=false
*==== INFO ====* req_id_count= 4500 stream_id=17996 latency=0.689580 ms (tx_ts=158846871591183, rx_ts=158846872280763) request_id=348771 zil_blk_id=44848 ccf_commit_seqno=348771 nstreams_done_=4500 config.nstreams=20000 avg_latency=0.8518 ms avg throuhgput (requests/sec) = 85.2312 res=false
*==== INFO ====* req_id_count= 5000 stream_id=19996 latency=0.994589 ms (tx_ts=158852677038151, rx_ts=158852678032740) request_id=387359 zil_blk_id=50282 ccf_commit_seqno=387360 nstreams_done_=5000 config.nstreams=20000 avg_latency=0.8515 ms avg throuhgput (requests/sec) = 85.3194 res=false
*==== INFO ====* req_id_count= 5500 stream_id=21996 latency=0.587138 ms (tx_ts=158858489780464, rx_ts=158858490367602) request_id=426005 zil_blk_id=55736 ccf_commit_seqno=426005 nstreams_done_=5500 config.nstreams=20000 avg_latency=0.8514 ms avg throuhgput (requests/sec) = 85.3829 res=false
*==== INFO ====* req_id_count= 6000 stream_id=23996 latency=0.687596 ms (tx_ts=158864304243934, rx_ts=158864304931530) request_id=464684 zil_blk_id=61191 ccf_commit_seqno=464684 nstreams_done_=6000 config.nstreams=20000 avg_latency=0.8533 ms avg throuhgput (requests/sec) = 85.4333 res=false
*==== INFO ====* req_id_count= 6500 stream_id=25996 latency=0.591876 ms (tx_ts=158870124297969, rx_ts=158870124889845) request_id=503348 zil_blk_id=66655 ccf_commit_seqno=503348 nstreams_done_=6500 config.nstreams=20000 avg_latency=0.8564 ms avg throuhgput (requests/sec) = 85.4699 res=false
*==== INFO ====* req_id_count= 7000 stream_id=27996 latency=0.920922 ms (tx_ts=158875927170953, rx_ts=158875928091875) request_id=541970 zil_blk_id=72093 ccf_commit_seqno=541972 nstreams_done_=7000 config.nstreams=20000 avg_latency=0.8556 ms avg throuhgput (requests/sec) = 85.5187 res=false
*==== INFO ====* req_id_count= 7500 stream_id=29996 latency=0.678509 ms (tx_ts=158881763373298, rx_ts=158881764051807) request_id=580754 zil_blk_id=77557 ccf_commit_seqno=580754 nstreams_done_=7500 config.nstreams=20000 avg_latency=0.8579 ms avg throuhgput (requests/sec) = 85.5292 res=false
*==== INFO ====* req_id_count= 8000 stream_id=31996 latency=0.729764 ms (tx_ts=158887565814265, rx_ts=158887566544029) request_id=619393 zil_blk_id=83002 ccf_commit_seqno=619393 nstreams_done_=8000 config.nstreams=20000 avg_latency=0.8583 ms avg throuhgput (requests/sec) = 85.5690 res=false
*==== INFO ====* req_id_count= 8500 stream_id=33996 latency=0.877353 ms (tx_ts=158893365261399, rx_ts=158893366138752) request_id=658081 zil_blk_id=88449 ccf_commit_seqno=658085 nstreams_done_=8500 config.nstreams=20000 avg_latency=0.8587 ms avg throuhgput (requests/sec) = 85.6066 res=false
*==== INFO ====* req_id_count= 9000 stream_id=35996 latency=0.618042 ms (tx_ts=158899157026567, rx_ts=158899157644609) request_id=696672 zil_blk_id=93887 ccf_commit_seqno=696672 nstreams_done_=9000 config.nstreams=20000 avg_latency=0.8574 ms avg throuhgput (requests/sec) = 85.6466 res=false
*==== INFO ====* req_id_count= 9500 stream_id=37996 latency=0.558080 ms (tx_ts=158904951775294, rx_ts=158904952333374) request_id=735307 zil_blk_id=99323 ccf_commit_seqno=735307 nstreams_done_=9500 config.nstreams=20000 avg_latency=0.8574 ms avg throuhgput (requests/sec) = 85.6800 res=false
*==== INFO ====* req_id_count= 10000 stream_id=39996 latency=0.670744 ms (tx_ts=158910762884161, rx_ts=158910763554905) request_id=774042 zil_blk_id=104780 ccf_commit_seqno=774042 nstreams_done_=10000 config.nstreams=20000 avg_latency=0.8575 ms avg throuhgput (requests/sec) = 85.6980 res=false
*==== INFO ====* req_id_count= 10500 stream_id=41996 latency=0.557622 ms (tx_ts=158916560564869, rx_ts=158916561122491) request_id=812677 zil_blk_id=110222 ccf_commit_seqno=812677 nstreams_done_=10500 config.nstreams=20000 avg_latency=0.8573 ms avg throuhgput (requests/sec) = 85.7238 res=false
*==== INFO ====* req_id_count= 11000 stream_id=43996 latency=0.824600 ms (tx_ts=158922343270894, rx_ts=158922344095494) request_id=851265 zil_blk_id=115650 ccf_commit_seqno=851267 nstreams_done_=11000 config.nstreams=20000 avg_latency=0.8564 ms avg throuhgput (requests/sec) = 85.7570 res=false
*==== INFO ====* req_id_count= 11500 stream_id=45996 latency=0.907466 ms (tx_ts=158928141986729, rx_ts=158928142894195) request_id=890061 zil_blk_id=121080 ccf_commit_seqno=890062 nstreams_done_=11500 config.nstreams=20000 avg_latency=0.8561 ms avg throuhgput (requests/sec) = 85.7772 res=false
*==== INFO ====* req_id_count= 12000 stream_id=47996 latency=1.039349 ms (tx_ts=158933930163399, rx_ts=158933931202748) request_id=928766 zil_blk_id=126501 ccf_commit_seqno=928773 nstreams_done_=12000 config.nstreams=20000 avg_latency=0.8560 ms avg throuhgput (requests/sec) = 85.8022 res=false
*==== INFO ====* req_id_count= 12500 stream_id=49996 latency=0.751846 ms (tx_ts=158939710985196, rx_ts=158939711737042) request_id=967393 zil_blk_id=131920 ccf_commit_seqno=967393 nstreams_done_=12500 config.nstreams=20000 avg_latency=0.8551 ms avg throuhgput (requests/sec) = 85.8298 res=false
*==== INFO ====* req_id_count= 13000 stream_id=51996 latency=0.603027 ms (tx_ts=158945506719602, rx_ts=158945507322629) request_id=1006113 zil_blk_id=137349 ccf_commit_seqno=1006113 nstreams_done_=13000 config.nstreams=20000 avg_latency=0.8548 ms avg throuhgput (requests/sec) = 85.8468 res=false
*==== INFO ====* req_id_count= 13500 stream_id=53996 latency=0.762736 ms (tx_ts=158951313274342, rx_ts=158951314037078) request_id=1044900 zil_blk_id=142773 ccf_commit_seqno=1044901 nstreams_done_=13500 config.nstreams=20000 avg_latency=0.8544 ms avg throuhgput (requests/sec) = 85.8564 res=false
*==== INFO ====* req_id_count= 14000 stream_id=55996 latency=0.847364 ms (tx_ts=158957152750188, rx_ts=158957153597552) request_id=1083778 zil_blk_id=148252 ccf_commit_seqno=1083780 nstreams_done_=14000 config.nstreams=20000 avg_latency=0.8566 ms avg throuhgput (requests/sec) = 85.8480 res=false
*==== INFO ====* req_id_count= 14500 stream_id=57996 latency=0.932884 ms (tx_ts=158962966962600, rx_ts=158962967895484) request_id=1122649 zil_blk_id=153709 ccf_commit_seqno=1122652 nstreams_done_=14500 config.nstreams=20000 avg_latency=0.8571 ms avg throuhgput (requests/sec) = 85.8531 res=false
*==== INFO ====* req_id_count= 15000 stream_id=59996 latency=0.743690 ms (tx_ts=158968775521468, rx_ts=158968776265158) request_id=1161416 zil_blk_id=159159 ccf_commit_seqno=1161416 nstreams_done_=15000 config.nstreams=20000 avg_latency=0.8572 ms avg throuhgput (requests/sec) = 85.8607 res=false
*==== INFO ====* req_id_count= 15500 stream_id=61996 latency=1.282874 ms (tx_ts=158974556796533, rx_ts=158974558079407) request_id=1200098 zil_blk_id=164586 ccf_commit_seqno=1200110 nstreams_done_=15500 config.nstreams=20000 avg_latency=0.8561 ms avg throuhgput (requests/sec) = 85.8805 res=false
*==== INFO ====* req_id_count= 16000 stream_id=63996 latency=1.013862 ms (tx_ts=158980356088966, rx_ts=158980357102828) request_id=1238903 zil_blk_id=170022 ccf_commit_seqno=1238908 nstreams_done_=16000 config.nstreams=20000 avg_latency=0.8562 ms avg throuhgput (requests/sec) = 85.8911 res=false
*==== INFO ====* req_id_count= 16500 stream_id=65996 latency=0.816757 ms (tx_ts=158986157016875, rx_ts=158986157833632) request_id=1277663 zil_blk_id=175448 ccf_commit_seqno=1277665 nstreams_done_=16500 config.nstreams=20000 avg_latency=0.8563 ms avg throuhgput (requests/sec) = 85.9003 res=false
*==== INFO ====* req_id_count= 17000 stream_id=67996 latency=0.735805 ms (tx_ts=158991947478902, rx_ts=158991948214707) request_id=1316415 zil_blk_id=180865 ccf_commit_seqno=1316416 nstreams_done_=17000 config.nstreams=20000 avg_latency=0.8553 ms avg throuhgput (requests/sec) = 85.9135 res=false
*==== INFO ====* req_id_count= 17500 stream_id=69996 latency=0.818100 ms (tx_ts=158997737953330, rx_ts=158997738771430) request_id=1355136 zil_blk_id=186292 ccf_commit_seqno=1355136 nstreams_done_=17500 config.nstreams=20000 avg_latency=0.8547 ms avg throuhgput (requests/sec) = 85.9258 res=false
*==== INFO ====* req_id_count= 18000 stream_id=71996 latency=0.728021 ms (tx_ts=159003520382422, rx_ts=159003521110443) request_id=1393906 zil_blk_id=191707 ccf_commit_seqno=1393908 nstreams_done_=18000 config.nstreams=20000 avg_latency=0.8545 ms avg throuhgput (requests/sec) = 85.9408 res=false
*==== INFO ====* req_id_count= 18500 stream_id=73996 latency=1.229007 ms (tx_ts=159009316127959, rx_ts=159009317356966) request_id=1432765 zil_blk_id=197128 ccf_commit_seqno=1432765 nstreams_done_=18500 config.nstreams=20000 avg_latency=0.8543 ms avg throuhgput (requests/sec) = 85.9495 res=false
*==== INFO ====* req_id_count= 19000 stream_id=75996 latency=0.702063 ms (tx_ts=159015106404996, rx_ts=159015107107059) request_id=1471608 zil_blk_id=202541 ccf_commit_seqno=1471608 nstreams_done_=19000 config.nstreams=20000 avg_latency=0.8540 ms avg throuhgput (requests/sec) = 85.9602 res=false
*==== INFO ====* req_id_count= 19500 stream_id=77996 latency=3.913709 ms (tx_ts=159020914862035, rx_ts=159020918775744) request_id=1510526 zil_blk_id=207978 ccf_commit_seqno=1510526 nstreams_done_=19500 config.nstreams=20000 avg_latency=0.8543 ms avg throuhgput (requests/sec) = 85.9621 res=false
*==== INFO ====* http_end_stream ALL streams done! nstreams_done_=20000 avg_latency=0.8541 msreq_id_count= 20000
*==== INFO ====* req_id_count= 20000 stream_id=79996 latency=0.993417 ms (tx_ts=159026711745283, rx_ts=159026712738700) request_id=1549279 zil_blk_id=213398 ccf_commit_seqno=1549281 nstreams_done_=20000 config.nstreams=20000 avg_latency=0.8541 ms avg throuhgput (requests/sec) = 85.9705 res=true
