Uniform: 535504 18897 145316 250544 776931 
Exponential: -2147483648 -2147483648 -2147483648 -2147483648 -2147483648 
Truncated Normal: 501022 238817 330537 332161 354213 
*==== INFO ====* req_id_count= 500 stream_id=1996 latency=1.091852 ms (tx_ts=158800444476295, rx_ts=158800445568147) request_id=41192 zil_blk_id=1996 ccf_commit_seqno=41193 nstreams_done_=500 config.nstreams=20000 avg_latency=1.3540 ms avg throuhgput (requests/sec) = 79.0135 res=false
*==== INFO ====* req_id_count= 1000 stream_id=3996 latency=1.070642 ms (tx_ts=158806779848652, rx_ts=158806780919294) request_id=82968 zil_blk_id=3996 ccf_commit_seqno=82968 nstreams_done_=1000 config.nstreams=20000 avg_latency=1.3333 ms avg throuhgput (requests/sec) = 78.9678 res=false
*==== INFO ====* req_id_count= 1500 stream_id=5996 latency=1.444769 ms (tx_ts=158813096135219, rx_ts=158813097579988) request_id=124676 zil_blk_id=5996 ccf_commit_seqno=124679 nstreams_done_=1500 config.nstreams=20000 avg_latency=1.3225 ms avg throuhgput (requests/sec) = 79.0304 res=false
*==== INFO ====* req_id_count= 2000 stream_id=7996 latency=0.993248 ms (tx_ts=158819400613603, rx_ts=158819401606851) request_id=166427 zil_blk_id=7996 ccf_commit_seqno=166427 nstreams_done_=2000 config.nstreams=20000 avg_latency=1.3161 ms avg throuhgput (requests/sec) = 79.1012 res=false
*==== INFO ====* req_id_count= 2500 stream_id=9996 latency=1.438635 ms (tx_ts=158825682621389, rx_ts=158825684060024) request_id=208086 zil_blk_id=9996 ccf_commit_seqno=208088 nstreams_done_=2500 config.nstreams=20000 avg_latency=1.3037 ms avg throuhgput (requests/sec) = 79.1978 res=false
*==== INFO ====* req_id_count= 3000 stream_id=11996 latency=1.345221 ms (tx_ts=158831982391915, rx_ts=158831983737136) request_id=249866 zil_blk_id=11996 ccf_commit_seqno=249866 nstreams_done_=3000 config.nstreams=20000 avg_latency=1.2996 ms avg throuhgput (requests/sec) = 79.2263 res=false
*==== INFO ====* req_id_count= 3500 stream_id=13996 latency=1.293759 ms (tx_ts=158838286262429, rx_ts=158838287556188) request_id=291701 zil_blk_id=13996 ccf_commit_seqno=291701 nstreams_done_=3500 config.nstreams=20000 avg_latency=1.2996 ms avg throuhgput (requests/sec) = 79.2393 res=false
*==== INFO ====* req_id_count= 4000 stream_id=15996 latency=1.294140 ms (tx_ts=158844588451930, rx_ts=158844589746070) request_id=333567 zil_blk_id=15996 ccf_commit_seqno=333567 nstreams_done_=4000 config.nstreams=20000 avg_latency=1.2956 ms avg throuhgput (requests/sec) = 79.2515 res=false
*==== INFO ====* req_id_count= 4500 stream_id=17996 latency=1.087213 ms (tx_ts=158850897474992, rx_ts=158850898562205) request_id=375496 zil_blk_id=17996 ccf_commit_seqno=375496 nstreams_done_=4500 config.nstreams=20000 avg_latency=1.2945 ms avg throuhgput (requests/sec) = 79.2518 res=false
*==== INFO ====* req_id_count= 5000 stream_id=19996 latency=1.392468 ms (tx_ts=158857186426267, rx_ts=158857187818735) request_id=417337 zil_blk_id=19996 ccf_commit_seqno=417341 nstreams_done_=5000 config.nstreams=20000 avg_latency=1.2899 ms avg throuhgput (requests/sec) = 79.2766 res=false
*==== INFO ====* req_id_count= 5500 stream_id=21996 latency=1.063117 ms (tx_ts=158863496628845, rx_ts=158863497691962) request_id=459303 zil_blk_id=21996 ccf_commit_seqno=459303 nstreams_done_=5500 config.nstreams=20000 avg_latency=1.2902 ms avg throuhgput (requests/sec) = 79.2734 res=false
*==== INFO ====* req_id_count= 6000 stream_id=23996 latency=1.263669 ms (tx_ts=158869825449690, rx_ts=158869826713359) request_id=501365 zil_blk_id=23996 ccf_commit_seqno=501367 nstreams_done_=6000 config.nstreams=20000 avg_latency=1.2943 ms avg throuhgput (requests/sec) = 79.2506 res=false
*==== INFO ====* req_id_count= 6500 stream_id=25996 latency=1.359132 ms (tx_ts=158876146295024, rx_ts=158876147654156) request_id=543419 zil_blk_id=25996 ccf_commit_seqno=543419 nstreams_done_=6500 config.nstreams=20000 avg_latency=1.2955 ms avg throuhgput (requests/sec) = 79.2392 res=false
*==== INFO ====* req_id_count= 7000 stream_id=27996 latency=1.102902 ms (tx_ts=158882468918954, rx_ts=158882470021856) request_id=585442 zil_blk_id=27996 ccf_commit_seqno=585442 nstreams_done_=7000 config.nstreams=20000 avg_latency=1.2954 ms avg throuhgput (requests/sec) = 79.2281 res=false
*==== INFO ====* req_id_count= 7500 stream_id=29996 latency=1.114474 ms (tx_ts=158888759992383, rx_ts=158888761106857) request_id=627372 zil_blk_id=29996 ccf_commit_seqno=627372 nstreams_done_=7500 config.nstreams=20000 avg_latency=1.2931 ms avg throuhgput (requests/sec) = 79.2447 res=false
*==== INFO ====* req_id_count= 8000 stream_id=31996 latency=1.186164 ms (tx_ts=158895065435187, rx_ts=158895066621351) request_id=669406 zil_blk_id=31996 ccf_commit_seqno=669406 nstreams_done_=8000 config.nstreams=20000 avg_latency=1.2922 ms avg throuhgput (requests/sec) = 79.2479 res=false
*==== INFO ====* req_id_count= 8500 stream_id=33996 latency=1.505806 ms (tx_ts=158901389843912, rx_ts=158901391349718) request_id=711542 zil_blk_id=33996 ccf_commit_seqno=711543 nstreams_done_=8500 config.nstreams=20000 avg_latency=1.2926 ms avg throuhgput (requests/sec) = 79.2365 res=false
*==== INFO ====* req_id_count= 9000 stream_id=35996 latency=1.128901 ms (tx_ts=158907687045050, rx_ts=158907688173951) request_id=753495 zil_blk_id=35996 ccf_commit_seqno=753496 nstreams_done_=9000 config.nstreams=20000 avg_latency=1.2914 ms avg throuhgput (requests/sec) = 79.2458 res=false
*==== INFO ====* req_id_count= 9500 stream_id=37996 latency=1.661410 ms (tx_ts=158913989215184, rx_ts=158913990876594) request_id=795543 zil_blk_id=37996 ccf_commit_seqno=795548 nstreams_done_=9500 config.nstreams=20000 avg_latency=1.2908 ms avg throuhgput (requests/sec) = 79.2503 res=false
*==== INFO ====* req_id_count= 10000 stream_id=39996 latency=1.282155 ms (tx_ts=158920278266625, rx_ts=158920279548780) request_id=837453 zil_blk_id=39996 ccf_commit_seqno=837453 nstreams_done_=10000 config.nstreams=20000 avg_latency=1.2896 ms avg throuhgput (requests/sec) = 79.2632 res=false
*==== INFO ====* req_id_count= 10500 stream_id=41996 latency=1.072406 ms (tx_ts=158926557082177, rx_ts=158926558154583) request_id=879452 zil_blk_id=41996 ccf_commit_seqno=879454 nstreams_done_=10500 config.nstreams=20000 avg_latency=1.2886 ms avg throuhgput (requests/sec) = 79.2808 res=false
*==== INFO ====* req_id_count= 11000 stream_id=43996 latency=1.389166 ms (tx_ts=158932842099885, rx_ts=158932843489051) request_id=921508 zil_blk_id=43996 ccf_commit_seqno=921509 nstreams_done_=11000 config.nstreams=20000 avg_latency=1.2876 ms avg throuhgput (requests/sec) = 79.2930 res=false
*==== INFO ====* req_id_count= 11500 stream_id=45996 latency=1.077881 ms (tx_ts=158939129699801, rx_ts=158939130777682) request_id=963536 zil_blk_id=45996 ccf_commit_seqno=963537 nstreams_done_=11500 config.nstreams=20000 avg_latency=1.2861 ms avg throuhgput (requests/sec) = 79.3031 res=false
*==== INFO ====* req_id_count= 12000 stream_id=47996 latency=1.407912 ms (tx_ts=158945422497420, rx_ts=158945423905332) request_id=1005554 zil_blk_id=47996 ccf_commit_seqno=1005555 nstreams_done_=12000 config.nstreams=20000 avg_latency=1.2849 ms avg throuhgput (requests/sec) = 79.3093 res=false
*==== INFO ====* req_id_count= 12500 stream_id=49996 latency=1.274884 ms (tx_ts=158951712230937, rx_ts=158951713505821) request_id=1047568 zil_blk_id=49996 ccf_commit_seqno=1047569 nstreams_done_=12500 config.nstreams=20000 avg_latency=1.2840 ms avg throuhgput (requests/sec) = 79.3167 res=false
*==== INFO ====* req_id_count= 13000 stream_id=51996 latency=1.054573 ms (tx_ts=158958036802022, rx_ts=158958037856595) request_id=1089684 zil_blk_id=51996 ccf_commit_seqno=1089684 nstreams_done_=13000 config.nstreams=20000 avg_latency=1.2854 ms avg throuhgput (requests/sec) = 79.3068 res=false
*==== INFO ====* req_id_count= 13500 stream_id=53996 latency=0.993748 ms (tx_ts=158964343838608, rx_ts=158964344832356) request_id=1131831 zil_blk_id=53996 ccf_commit_seqno=1131831 nstreams_done_=13500 config.nstreams=20000 avg_latency=1.2846 ms avg throuhgput (requests/sec) = 79.3057 res=false
*==== INFO ====* req_id_count= 14000 stream_id=55996 latency=1.474437 ms (tx_ts=158970637786365, rx_ts=158970639260802) request_id=1173896 zil_blk_id=55996 ccf_commit_seqno=1173898 nstreams_done_=14000 config.nstreams=20000 avg_latency=1.2844 ms avg throuhgput (requests/sec) = 79.3104 res=false
*==== INFO ====* req_id_count= 14500 stream_id=57996 latency=1.452155 ms (tx_ts=158976941515419, rx_ts=158976942967574) request_id=1216033 zil_blk_id=57996 ccf_commit_seqno=1216038 nstreams_done_=14500 config.nstreams=20000 avg_latency=1.2841 ms avg throuhgput (requests/sec) = 79.3106 res=false
*==== INFO ====* req_id_count= 15000 stream_id=59996 latency=1.535892 ms (tx_ts=158983248152822, rx_ts=158983249688714) request_id=1258226 zil_blk_id=59996 ccf_commit_seqno=1258229 nstreams_done_=15000 config.nstreams=20000 avg_latency=1.2843 ms avg throuhgput (requests/sec) = 79.3096 res=false
*==== INFO ====* req_id_count= 15500 stream_id=61996 latency=1.314236 ms (tx_ts=158989551736351, rx_ts=158989553050587) request_id=1300387 zil_blk_id=61996 ccf_commit_seqno=1300390 nstreams_done_=15500 config.nstreams=20000 avg_latency=1.2840 ms avg throuhgput (requests/sec) = 79.3100 res=false
*==== INFO ====* req_id_count= 16000 stream_id=63996 latency=1.193902 ms (tx_ts=158995868239339, rx_ts=158995869433241) request_id=1342634 zil_blk_id=63996 ccf_commit_seqno=1342637 nstreams_done_=16000 config.nstreams=20000 avg_latency=1.2841 ms avg throuhgput (requests/sec) = 79.3053 res=false
*==== INFO ====* req_id_count= 16500 stream_id=65996 latency=1.109310 ms (tx_ts=159002146623779, rx_ts=159002147733089) request_id=1384683 zil_blk_id=65996 ccf_commit_seqno=1384684 nstreams_done_=16500 config.nstreams=20000 avg_latency=1.2835 ms avg throuhgput (requests/sec) = 79.3154 res=false
*==== INFO ====* req_id_count= 17000 stream_id=67996 latency=1.232013 ms (tx_ts=159008445534919, rx_ts=159008446766932) request_id=1426907 zil_blk_id=67996 ccf_commit_seqno=1426911 nstreams_done_=17000 config.nstreams=20000 avg_latency=1.2833 ms avg throuhgput (requests/sec) = 79.3172 res=false
*==== INFO ====* req_id_count= 17500 stream_id=69996 latency=1.079048 ms (tx_ts=159014702960386, rx_ts=159014704039434) request_id=1468910 zil_blk_id=69996 ccf_commit_seqno=1468910 nstreams_done_=17500 config.nstreams=20000 avg_latency=1.2816 ms avg throuhgput (requests/sec) = 79.3340 res=false
*==== INFO ====* req_id_count= 18000 stream_id=71996 latency=1.107581 ms (tx_ts=159020997156467, rx_ts=159020998264048) request_id=1511079 zil_blk_id=71996 ccf_commit_seqno=1511079 nstreams_done_=18000 config.nstreams=20000 avg_latency=1.2813 ms avg throuhgput (requests/sec) = 79.3368 res=false
*==== INFO ====* req_id_count= 18500 stream_id=73996 latency=1.390800 ms (tx_ts=159027292454813, rx_ts=159027293845613) request_id=1553044 zil_blk_id=73996 ccf_commit_seqno=1553046 nstreams_done_=18500 config.nstreams=20000 avg_latency=1.2814 ms avg throuhgput (requests/sec) = 79.3391 res=false
*==== INFO ====* req_id_count= 19000 stream_id=75996 latency=1.182230 ms (tx_ts=159033564545766, rx_ts=159033565727996) request_id=1583445 zil_blk_id=75996 ccf_commit_seqno=1583445 nstreams_done_=19000 config.nstreams=20000 avg_latency=1.2802 ms avg throuhgput (requests/sec) = 79.3491 res=false
*==== INFO ====* req_id_count= 19500 stream_id=77996 latency=1.000062 ms (tx_ts=159039844367352, rx_ts=159039845367414) request_id=1596168 zil_blk_id=77996 ccf_commit_seqno=1596168 nstreams_done_=19500 config.nstreams=20000 avg_latency=1.2786 ms avg throuhgput (requests/sec) = 79.3561 res=false
*==== INFO ====* http_end_stream ALL streams done! nstreams_done_=20000 avg_latency=1.2747 msreq_id_count= 20000
*==== INFO ====* req_id_count= 20000 stream_id=79996 latency=4.580544 ms (tx_ts=159046090020715, rx_ts=159046094601259) request_id=1600000 zil_blk_id=79996 ccf_commit_seqno=1600000 nstreams_done_=20000 config.nstreams=20000 avg_latency=1.2747 ms avg throuhgput (requests/sec) = 79.3723 res=true
