Uniform: 648535 34780 632784 748684 376893 
Exponential: -2147483648 -2147483648 -2147483648 -2147483648 -2147483648 
Truncated Normal: 619243 601701 820019 612239 249981 
*==== INFO ====* req_id_count= 500 stream_id=1996 latency=0.971627 ms (tx_ts=158800316565748, rx_ts=158800317537375) request_id=40353 zil_blk_id=1996 ccf_commit_seqno=40353 nstreams_done_=500 config.nstreams=20000 avg_latency=1.1678 ms avg throuhgput (requests/sec) = 80.4683 res=false
*==== INFO ====* req_id_count= 1000 stream_id=3996 latency=0.869746 ms (tx_ts=158806369512624, rx_ts=158806370382370) request_id=80272 zil_blk_id=3996 ccf_commit_seqno=80272 nstreams_done_=1000 config.nstreams=20000 avg_latency=1.1698 ms avg throuhgput (requests/sec) = 81.5231 res=false
*==== INFO ====* req_id_count= 1500 stream_id=5996 latency=1.422090 ms (tx_ts=158812462955580, rx_ts=158812464377670) request_id=120523 zil_blk_id=5996 ccf_commit_seqno=120526 nstreams_done_=1500 config.nstreams=20000 avg_latency=1.1672 ms avg throuhgput (requests/sec) = 81.6973 res=false
*==== INFO ====* req_id_count= 2000 stream_id=7996 latency=1.317965 ms (tx_ts=158818579523228, rx_ts=158818580841193) request_id=160988 zil_blk_id=7996 ccf_commit_seqno=160990 nstreams_done_=2000 config.nstreams=20000 avg_latency=1.1654 ms avg throuhgput (requests/sec) = 81.7096 res=false
*==== INFO ====* req_id_count= 2500 stream_id=9996 latency=1.243640 ms (tx_ts=158824632273805, rx_ts=158824633517445) request_id=201137 zil_blk_id=9996 ccf_commit_seqno=201139 nstreams_done_=2500 config.nstreams=20000 avg_latency=1.1601 ms avg throuhgput (requests/sec) = 81.8877 res=false
*==== INFO ====* req_id_count= 3000 stream_id=11996 latency=1.363369 ms (tx_ts=158830699430783, rx_ts=158830700794152) request_id=241372 zil_blk_id=11996 ccf_commit_seqno=241375 nstreams_done_=3000 config.nstreams=20000 avg_latency=1.1608 ms avg throuhgput (requests/sec) = 81.9742 res=false
*==== INFO ====* req_id_count= 3500 stream_id=13996 latency=1.297336 ms (tx_ts=158836771140330, rx_ts=158836772437666) request_id=281632 zil_blk_id=13996 ccf_commit_seqno=281636 nstreams_done_=3500 config.nstreams=20000 avg_latency=1.1632 ms avg throuhgput (requests/sec) = 82.0277 res=false
*==== INFO ====* req_id_count= 4000 stream_id=15996 latency=1.032775 ms (tx_ts=158842782996807, rx_ts=158842784029582) request_id=321583 zil_blk_id=15996 ccf_commit_seqno=321584 nstreams_done_=4000 config.nstreams=20000 avg_latency=1.1622 ms avg throuhgput (requests/sec) = 82.1691 res=false
*==== INFO ====* req_id_count= 4500 stream_id=17996 latency=1.123797 ms (tx_ts=158848835614272, rx_ts=158848836738069) request_id=361818 zil_blk_id=17996 ccf_commit_seqno=361820 nstreams_done_=4500 config.nstreams=20000 avg_latency=1.1607 ms avg throuhgput (requests/sec) = 82.2176 res=false
*==== INFO ====* req_id_count= 5000 stream_id=19996 latency=1.314017 ms (tx_ts=158854878498680, rx_ts=158854879812697) request_id=401973 zil_blk_id=19996 ccf_commit_seqno=401975 nstreams_done_=5000 config.nstreams=20000 avg_latency=1.1619 ms avg throuhgput (requests/sec) = 82.2695 res=false
*==== INFO ====* req_id_count= 5500 stream_id=21996 latency=1.129852 ms (tx_ts=158860848350853, rx_ts=158860849480705) request_id=441696 zil_blk_id=21996 ccf_commit_seqno=441698 nstreams_done_=5500 config.nstreams=20000 avg_latency=1.1639 ms avg throuhgput (requests/sec) = 82.4025 res=false
*==== INFO ====* req_id_count= 6000 stream_id=23996 latency=1.211903 ms (tx_ts=158866837127875, rx_ts=158866838339778) request_id=481491 zil_blk_id=23996 ccf_commit_seqno=481493 nstreams_done_=6000 config.nstreams=20000 avg_latency=1.1702 ms avg throuhgput (requests/sec) = 82.4919 res=false
*==== INFO ====* req_id_count= 6500 stream_id=25996 latency=1.358230 ms (tx_ts=158872796913931, rx_ts=158872798272161) request_id=521135 zil_blk_id=25996 ccf_commit_seqno=521140 nstreams_done_=6500 config.nstreams=20000 avg_latency=1.1715 ms avg throuhgput (requests/sec) = 82.5980 res=false
*==== INFO ====* req_id_count= 7000 stream_id=27996 latency=1.013485 ms (tx_ts=158878774338696, rx_ts=158878775352181) request_id=560895 zil_blk_id=27996 ccf_commit_seqno=560895 nstreams_done_=7000 config.nstreams=20000 avg_latency=1.1737 ms avg throuhgput (requests/sec) = 82.6725 res=false
*==== INFO ====* req_id_count= 7500 stream_id=29996 latency=1.170499 ms (tx_ts=158884764659206, rx_ts=158884765829705) request_id=600694 zil_blk_id=29996 ccf_commit_seqno=600696 nstreams_done_=7500 config.nstreams=20000 avg_latency=1.1776 ms avg throuhgput (requests/sec) = 82.7249 res=false
*==== INFO ====* req_id_count= 8000 stream_id=31996 latency=1.091501 ms (tx_ts=158890721873283, rx_ts=158890722964784) request_id=640456 zil_blk_id=31996 ccf_commit_seqno=640456 nstreams_done_=8000 config.nstreams=20000 avg_latency=1.1766 ms avg throuhgput (requests/sec) = 82.7994 res=false
*==== INFO ====* req_id_count= 8500 stream_id=33996 latency=1.114763 ms (tx_ts=158896676399393, rx_ts=158896677514156) request_id=680118 zil_blk_id=33996 ccf_commit_seqno=680119 nstreams_done_=8500 config.nstreams=20000 avg_latency=1.1774 ms avg throuhgput (requests/sec) = 82.8673 res=false
*==== INFO ====* req_id_count= 9000 stream_id=35996 latency=1.399364 ms (tx_ts=158902620516222, rx_ts=158902621915586) request_id=719744 zil_blk_id=35996 ccf_commit_seqno=719749 nstreams_done_=9000 config.nstreams=20000 avg_latency=1.1770 ms avg throuhgput (requests/sec) = 82.9355 res=false
*==== INFO ====* req_id_count= 9500 stream_id=37996 latency=1.111749 ms (tx_ts=158908600054202, rx_ts=158908601165951) request_id=759601 zil_blk_id=37996 ccf_commit_seqno=759602 nstreams_done_=9500 config.nstreams=20000 avg_latency=1.1777 ms avg throuhgput (requests/sec) = 82.9714 res=false
*==== INFO ====* req_id_count= 10000 stream_id=39996 latency=1.291895 ms (tx_ts=158914593639698, rx_ts=158914594931593) request_id=799542 zil_blk_id=39996 ccf_commit_seqno=799544 nstreams_done_=10000 config.nstreams=20000 avg_latency=1.1797 ms avg throuhgput (requests/sec) = 82.9937 res=false
*==== INFO ====* req_id_count= 10500 stream_id=41996 latency=1.147333 ms (tx_ts=158920560201891, rx_ts=158920561349224) request_id=839337 zil_blk_id=41996 ccf_commit_seqno=839337 nstreams_done_=10500 config.nstreams=20000 avg_latency=1.1801 ms avg throuhgput (requests/sec) = 83.0319 res=false
*==== INFO ====* req_id_count= 11000 stream_id=43996 latency=0.953432 ms (tx_ts=158926501020486, rx_ts=158926501973918) request_id=879079 zil_blk_id=43996 ccf_commit_seqno=879079 nstreams_done_=11000 config.nstreams=20000 avg_latency=1.1793 ms avg throuhgput (requests/sec) = 83.0828 res=false
*==== INFO ====* req_id_count= 11500 stream_id=45996 latency=1.149919 ms (tx_ts=158932443341371, rx_ts=158932444491290) request_id=918844 zil_blk_id=45996 ccf_commit_seqno=918846 nstreams_done_=11500 config.nstreams=20000 avg_latency=1.1789 ms avg throuhgput (requests/sec) = 83.1282 res=false
*==== INFO ====* req_id_count= 12000 stream_id=47996 latency=0.973420 ms (tx_ts=158938382014066, rx_ts=158938382987486) request_id=958544 zil_blk_id=47996 ccf_commit_seqno=958544 nstreams_done_=12000 config.nstreams=20000 avg_latency=1.1775 ms avg throuhgput (requests/sec) = 83.1721 res=false
*==== INFO ====* req_id_count= 12500 stream_id=49996 latency=1.210353 ms (tx_ts=158944341412681, rx_ts=158944342623034) request_id=998340 zil_blk_id=49996 ccf_commit_seqno=998343 nstreams_done_=12500 config.nstreams=20000 avg_latency=1.1773 ms avg throuhgput (requests/sec) = 83.2009 res=false
*==== INFO ====* req_id_count= 13000 stream_id=51996 latency=1.036105 ms (tx_ts=158950311919187, rx_ts=158950312955292) request_id=1038196 zil_blk_id=51996 ccf_commit_seqno=1038198 nstreams_done_=13000 config.nstreams=20000 avg_latency=1.1784 ms avg throuhgput (requests/sec) = 83.2218 res=false
*==== INFO ====* req_id_count= 13500 stream_id=53996 latency=1.084648 ms (tx_ts=158956289013751, rx_ts=158956290098399) request_id=1078010 zil_blk_id=53996 ccf_commit_seqno=1078013 nstreams_done_=13500 config.nstreams=20000 avg_latency=1.1796 ms avg throuhgput (requests/sec) = 83.2377 res=false
*==== INFO ====* req_id_count= 14000 stream_id=55996 latency=1.110207 ms (tx_ts=158962231168537, rx_ts=158962232278744) request_id=1117751 zil_blk_id=55996 ccf_commit_seqno=1117751 nstreams_done_=14000 config.nstreams=20000 avg_latency=1.1786 ms avg throuhgput (requests/sec) = 83.2697 res=false
*==== INFO ====* req_id_count= 14500 stream_id=57996 latency=0.961689 ms (tx_ts=158968206118114, rx_ts=158968207079803) request_id=1157610 zil_blk_id=57996 ccf_commit_seqno=1157611 nstreams_done_=14500 config.nstreams=20000 avg_latency=1.1793 ms avg throuhgput (requests/sec) = 83.2840 res=false
*==== INFO ====* req_id_count= 15000 stream_id=59996 latency=1.454032 ms (tx_ts=158974172142247, rx_ts=158974173596279) request_id=1197531 zil_blk_id=59996 ccf_commit_seqno=1197538 nstreams_done_=15000 config.nstreams=20000 avg_latency=1.1801 ms avg throuhgput (requests/sec) = 83.3011 res=false
*==== INFO ====* req_id_count= 15500 stream_id=61996 latency=0.875748 ms (tx_ts=158980138032210, rx_ts=158980138907958) request_id=1237463 zil_blk_id=61996 ccf_commit_seqno=1237463 nstreams_done_=15500 config.nstreams=20000 avg_latency=1.1796 ms avg throuhgput (requests/sec) = 83.3177 res=false
*==== INFO ====* req_id_count= 16000 stream_id=63996 latency=1.040465 ms (tx_ts=158986115315290, rx_ts=158986116355755) request_id=1277393 zil_blk_id=63996 ccf_commit_seqno=1277393 nstreams_done_=16000 config.nstreams=20000 avg_latency=1.1801 ms avg throuhgput (requests/sec) = 83.3279 res=false
*==== INFO ====* req_id_count= 16500 stream_id=65996 latency=1.127367 ms (tx_ts=158992074218067, rx_ts=158992075345434) request_id=1317259 zil_blk_id=65996 ccf_commit_seqno=1317264 nstreams_done_=16500 config.nstreams=20000 avg_latency=1.1801 ms avg throuhgput (requests/sec) = 83.3454 res=false
*==== INFO ====* req_id_count= 17000 stream_id=67996 latency=0.863572 ms (tx_ts=158998044344580, rx_ts=158998045208152) request_id=1357184 zil_blk_id=67996 ccf_commit_seqno=1357184 nstreams_done_=17000 config.nstreams=20000 avg_latency=1.1808 ms avg throuhgput (requests/sec) = 83.3573 res=false
*==== INFO ====* req_id_count= 17500 stream_id=69996 latency=1.078136 ms (tx_ts=159003994577730, rx_ts=159003995655866) request_id=1397077 zil_blk_id=69996 ccf_commit_seqno=1397077 nstreams_done_=17500 config.nstreams=20000 avg_latency=1.1801 ms avg throuhgput (requests/sec) = 83.3763 res=false
*==== INFO ====* req_id_count= 18000 stream_id=71996 latency=1.277068 ms (tx_ts=159009928653508, rx_ts=159009929930576) request_id=1436885 zil_blk_id=71996 ccf_commit_seqno=1436886 nstreams_done_=18000 config.nstreams=20000 avg_latency=1.1791 ms avg throuhgput (requests/sec) = 83.4005 res=false
*==== INFO ====* req_id_count= 18500 stream_id=73996 latency=1.329185 ms (tx_ts=159015871168938, rx_ts=159015872498123) request_id=1476753 zil_blk_id=73996 ccf_commit_seqno=1476758 nstreams_done_=18500 config.nstreams=20000 avg_latency=1.1786 ms avg throuhgput (requests/sec) = 83.4203 res=false
*==== INFO ====* req_id_count= 19000 stream_id=75996 latency=1.187410 ms (tx_ts=159021814317649, rx_ts=159021815505059) request_id=1516568 zil_blk_id=75996 ccf_commit_seqno=1516568 nstreams_done_=19000 config.nstreams=20000 avg_latency=1.1778 ms avg throuhgput (requests/sec) = 83.4389 res=false
*==== INFO ====* req_id_count= 19500 stream_id=77996 latency=2.195715 ms (tx_ts=159027778541115, rx_ts=159027780736830) request_id=1556068 zil_blk_id=77996 ccf_commit_seqno=1556071 nstreams_done_=19500 config.nstreams=20000 avg_latency=1.1780 ms avg throuhgput (requests/sec) = 83.4486 res=false
*==== INFO ====* http_end_stream ALL streams done! nstreams_done_=20000 avg_latency=1.1769 msreq_id_count= 20000
*==== INFO ====* req_id_count= 20000 stream_id=79996 latency=1.100017 ms (tx_ts=159033737418743, rx_ts=159033738518760) request_id=1584016 zil_blk_id=79996 ccf_commit_seqno=1584016 nstreams_done_=20000 config.nstreams=20000 avg_latency=1.1769 ms avg throuhgput (requests/sec) = 83.4604 res=true
