Uniform: 485832 232488 134817 449215 168529 
Exponential: -2147483648 -2147483648 -2147483648 -2147483648 -2147483648 
Truncated Normal: 91857 930586 782252 733701 385765 
*==== INFO ====* req_id_count= 500 stream_id=1996 latency=0.989530 ms (tx_ts=158800125083800, rx_ts=158800126073330) request_id=39116 zil_blk_id=1996 ccf_commit_seqno=39119 nstreams_done_=500 config.nstreams=20000 avg_latency=1.0023 ms avg throuhgput (requests/sec) = 82.7496 res=false
*==== INFO ====* req_id_count= 1000 stream_id=3996 latency=0.917676 ms (tx_ts=158806141677027, rx_ts=158806142594703) request_id=78784 zil_blk_id=3996 ccf_commit_seqno=78786 nstreams_done_=1000 config.nstreams=20000 avg_latency=1.0092 ms avg throuhgput (requests/sec) = 82.9267 res=false
*==== INFO ====* req_id_count= 1500 stream_id=5996 latency=0.985634 ms (tx_ts=158812162794759, rx_ts=158812163780393) request_id=118545 zil_blk_id=5996 ccf_commit_seqno=118546 nstreams_done_=1500 config.nstreams=20000 avg_latency=1.0092 ms avg throuhgput (requests/sec) = 82.9645 res=false
*==== INFO ====* req_id_count= 2000 stream_id=7996 latency=0.677015 ms (tx_ts=158818143618528, rx_ts=158818144295543) request_id=158098 zil_blk_id=7996 ccf_commit_seqno=158098 nstreams_done_=2000 config.nstreams=20000 avg_latency=1.0023 ms avg throuhgput (requests/sec) = 83.1236 res=false
*==== INFO ====* req_id_count= 2500 stream_id=9996 latency=1.195038 ms (tx_ts=158824098710567, rx_ts=158824099905605) request_id=197609 zil_blk_id=9996 ccf_commit_seqno=197618 nstreams_done_=2500 config.nstreams=20000 avg_latency=0.9948 ms avg throuhgput (requests/sec) = 83.2885 res=false
*==== INFO ====* req_id_count= 3000 stream_id=11996 latency=1.011631 ms (tx_ts=158830036208597, rx_ts=158830037220228) request_id=236990 zil_blk_id=11996 ccf_commit_seqno=236990 nstreams_done_=3000 config.nstreams=20000 avg_latency=0.9952 ms avg throuhgput (requests/sec) = 83.4412 res=false
*==== INFO ====* req_id_count= 3500 stream_id=13996 latency=0.812830 ms (tx_ts=158835983145361, rx_ts=158835983958191) request_id=276402 zil_blk_id=13996 ccf_commit_seqno=276403 nstreams_done_=3500 config.nstreams=20000 avg_latency=0.9951 ms avg throuhgput (requests/sec) = 83.5318 res=false
*==== INFO ====* req_id_count= 4000 stream_id=15996 latency=0.863715 ms (tx_ts=158841942418969, rx_ts=158841943282684) request_id=315985 zil_blk_id=15996 ccf_commit_seqno=315989 nstreams_done_=4000 config.nstreams=20000 avg_latency=0.9912 ms avg throuhgput (requests/sec) = 83.5779 res=false
*==== INFO ====* req_id_count= 4500 stream_id=17996 latency=1.023109 ms (tx_ts=158847903108889, rx_ts=158847904131998) request_id=355627 zil_blk_id=17996 ccf_commit_seqno=355628 nstreams_done_=4500 config.nstreams=20000 avg_latency=0.9915 ms avg throuhgput (requests/sec) = 83.6114 res=false
*==== INFO ====* req_id_count= 5000 stream_id=19996 latency=1.140954 ms (tx_ts=158853838405597, rx_ts=158853839546551) request_id=395073 zil_blk_id=19996 ccf_commit_seqno=395074 nstreams_done_=5000 config.nstreams=20000 avg_latency=0.9911 ms avg throuhgput (requests/sec) = 83.6739 res=false
*==== INFO ====* req_id_count= 5500 stream_id=21996 latency=0.699939 ms (tx_ts=158859762917195, rx_ts=158859763617134) request_id=434465 zil_blk_id=21996 ccf_commit_seqno=434465 nstreams_done_=5500 config.nstreams=20000 avg_latency=0.9933 ms avg throuhgput (requests/sec) = 83.7395 res=false
*==== INFO ====* req_id_count= 6000 stream_id=23996 latency=1.058349 ms (tx_ts=158865735614686, rx_ts=158865736673035) request_id=474156 zil_blk_id=23996 ccf_commit_seqno=474161 nstreams_done_=6000 config.nstreams=20000 avg_latency=0.9975 ms avg throuhgput (requests/sec) = 83.7370 res=false
*==== INFO ====* req_id_count= 6500 stream_id=25996 latency=1.192459 ms (tx_ts=158871672826262, rx_ts=158871674018721) request_id=513634 zil_blk_id=25996 ccf_commit_seqno=513640 nstreams_done_=6500 config.nstreams=20000 avg_latency=1.0010 ms avg throuhgput (requests/sec) = 83.7734 res=false
*==== INFO ====* req_id_count= 7000 stream_id=27996 latency=1.145522 ms (tx_ts=158877603312396, rx_ts=158877604457918) request_id=553092 zil_blk_id=27996 ccf_commit_seqno=553094 nstreams_done_=7000 config.nstreams=20000 avg_latency=1.0034 ms avg throuhgput (requests/sec) = 83.8115 res=false
*==== INFO ====* req_id_count= 7500 stream_id=29996 latency=1.025727 ms (tx_ts=158883524722971, rx_ts=158883525748698) request_id=592458 zil_blk_id=29996 ccf_commit_seqno=592461 nstreams_done_=7500 config.nstreams=20000 avg_latency=1.0039 ms avg throuhgput (requests/sec) = 83.8532 res=false
*==== INFO ====* req_id_count= 8000 stream_id=31996 latency=1.201687 ms (tx_ts=158889448858012, rx_ts=158889450059699) request_id=631957 zil_blk_id=31996 ccf_commit_seqno=631963 nstreams_done_=8000 config.nstreams=20000 avg_latency=1.0048 ms avg throuhgput (requests/sec) = 83.8871 res=false
*==== INFO ====* req_id_count= 8500 stream_id=33996 latency=1.248344 ms (tx_ts=158895355513883, rx_ts=158895356762227) request_id=671329 zil_blk_id=33996 ccf_commit_seqno=671336 nstreams_done_=8500 config.nstreams=20000 avg_latency=1.0041 ms avg throuhgput (requests/sec) = 83.9315 res=false
*==== INFO ====* req_id_count= 9000 stream_id=35996 latency=0.696311 ms (tx_ts=158901269737414, rx_ts=158901270433725) request_id=710743 zil_blk_id=35996 ccf_commit_seqno=710743 nstreams_done_=9000 config.nstreams=20000 avg_latency=1.0041 ms avg throuhgput (requests/sec) = 83.9657 res=false
*==== INFO ====* req_id_count= 9500 stream_id=37996 latency=0.668029 ms (tx_ts=158907183457167, rx_ts=158907184125196) request_id=750149 zil_blk_id=37996 ccf_commit_seqno=750149 nstreams_done_=9500 config.nstreams=20000 avg_latency=1.0038 ms avg throuhgput (requests/sec) = 83.9962 res=false
*==== INFO ====* req_id_count= 10000 stream_id=39996 latency=0.828959 ms (tx_ts=158913116731533, rx_ts=158913117560492) request_id=789736 zil_blk_id=39996 ccf_commit_seqno=789737 nstreams_done_=10000 config.nstreams=20000 avg_latency=1.0038 ms avg throuhgput (requests/sec) = 84.0097 res=false
*==== INFO ====* req_id_count= 10500 stream_id=41996 latency=1.349464 ms (tx_ts=158919065593818, rx_ts=158919066943282) request_id=829373 zil_blk_id=41996 ccf_commit_seqno=829375 nstreams_done_=10500 config.nstreams=20000 avg_latency=1.0068 ms avg throuhgput (requests/sec) = 84.0113 res=false
*==== INFO ====* req_id_count= 11000 stream_id=43996 latency=1.016585 ms (tx_ts=158924953713094, rx_ts=158924954729679) request_id=868726 zil_blk_id=43996 ccf_commit_seqno=868729 nstreams_done_=11000 config.nstreams=20000 avg_latency=1.0053 ms avg throuhgput (requests/sec) = 84.0522 res=false
*==== INFO ====* req_id_count= 11500 stream_id=45996 latency=0.936270 ms (tx_ts=158930838176043, rx_ts=158930839112313) request_id=908102 zil_blk_id=45996 ccf_commit_seqno=908102 nstreams_done_=11500 config.nstreams=20000 avg_latency=1.0021 ms avg throuhgput (requests/sec) = 84.0918 res=false
*==== INFO ====* req_id_count= 12000 stream_id=47996 latency=4.749392 ms (tx_ts=158936727671166, rx_ts=158936732420558) request_id=947516 zil_blk_id=47996 ccf_commit_seqno=947516 nstreams_done_=12000 config.nstreams=20000 avg_latency=1.0010 ms avg throuhgput (requests/sec) = 84.1228 res=false
*==== INFO ====* req_id_count= 12500 stream_id=49996 latency=0.773056 ms (tx_ts=158942642734878, rx_ts=158942643507934) request_id=986996 zil_blk_id=49996 ccf_commit_seqno=986997 nstreams_done_=12500 config.nstreams=20000 avg_latency=1.0006 ms avg throuhgput (requests/sec) = 84.1412 res=false
*==== INFO ====* req_id_count= 13000 stream_id=51996 latency=1.082494 ms (tx_ts=158948545975000, rx_ts=158948547057494) request_id=1026382 zil_blk_id=51996 ccf_commit_seqno=1026386 nstreams_done_=13000 config.nstreams=20000 avg_latency=1.0005 ms avg throuhgput (requests/sec) = 84.1624 res=false
*==== INFO ====* req_id_count= 13500 stream_id=53996 latency=0.818571 ms (tx_ts=158954452783133, rx_ts=158954453601704) request_id=1065759 zil_blk_id=53996 ccf_commit_seqno=1065760 nstreams_done_=13500 config.nstreams=20000 avg_latency=1.0000 ms avg throuhgput (requests/sec) = 84.1804 res=false
*==== INFO ====* req_id_count= 14000 stream_id=55996 latency=0.862864 ms (tx_ts=158960356460367, rx_ts=158960357323231) request_id=1105197 zil_blk_id=55996 ccf_commit_seqno=1105197 nstreams_done_=14000 config.nstreams=20000 avg_latency=0.9992 ms avg throuhgput (requests/sec) = 84.1986 res=false
*==== INFO ====* req_id_count= 14500 stream_id=57996 latency=0.970735 ms (tx_ts=158966270558435, rx_ts=158966271529170) request_id=1144694 zil_blk_id=57996 ccf_commit_seqno=1144695 nstreams_done_=14500 config.nstreams=20000 avg_latency=0.9988 ms avg throuhgput (requests/sec) = 84.2104 res=false
*==== INFO ====* req_id_count= 15000 stream_id=59996 latency=0.794355 ms (tx_ts=158972181145868, rx_ts=158972181940223) request_id=1184236 zil_blk_id=59996 ccf_commit_seqno=1184238 nstreams_done_=15000 config.nstreams=20000 avg_latency=0.9995 ms avg throuhgput (requests/sec) = 84.2232 res=false
*==== INFO ====* req_id_count= 15500 stream_id=61996 latency=0.896797 ms (tx_ts=158978090371875, rx_ts=158978091268672) request_id=1223726 zil_blk_id=61996 ccf_commit_seqno=1223726 nstreams_done_=15500 config.nstreams=20000 avg_latency=0.9994 ms avg throuhgput (requests/sec) = 84.2357 res=false
*==== INFO ====* req_id_count= 16000 stream_id=63996 latency=1.094055 ms (tx_ts=158984006486268, rx_ts=158984007580323) request_id=1263295 zil_blk_id=63996 ccf_commit_seqno=1263295 nstreams_done_=16000 config.nstreams=20000 avg_latency=0.9993 ms avg throuhgput (requests/sec) = 84.2443 res=false
*==== INFO ====* req_id_count= 16500 stream_id=65996 latency=0.982347 ms (tx_ts=158989928969243, rx_ts=158989929951590) request_id=1302903 zil_blk_id=65996 ccf_commit_seqno=1302906 nstreams_done_=16500 config.nstreams=20000 avg_latency=1.0005 ms avg throuhgput (requests/sec) = 84.2498 res=false
*==== INFO ====* req_id_count= 17000 stream_id=67996 latency=0.974021 ms (tx_ts=158995811957118, rx_ts=158995812931139) request_id=1342256 zil_blk_id=67996 ccf_commit_seqno=1342256 nstreams_done_=17000 config.nstreams=20000 avg_latency=0.9999 ms avg throuhgput (requests/sec) = 84.2714 res=false
*==== INFO ====* req_id_count= 17500 stream_id=69996 latency=0.987497 ms (tx_ts=159001739648284, rx_ts=159001740635781) request_id=1381944 zil_blk_id=69996 ccf_commit_seqno=1381948 nstreams_done_=17500 config.nstreams=20000 avg_latency=1.0006 ms avg throuhgput (requests/sec) = 84.2736 res=false
*==== INFO ====* req_id_count= 18000 stream_id=71996 latency=1.005290 ms (tx_ts=159007643373276, rx_ts=159007644378566) request_id=1421517 zil_blk_id=71996 ccf_commit_seqno=1421517 nstreams_done_=18000 config.nstreams=20000 avg_latency=1.0003 ms avg throuhgput (requests/sec) = 84.2852 res=false
*==== INFO ====* req_id_count= 18500 stream_id=73996 latency=0.942402 ms (tx_ts=159013541355446, rx_ts=159013542297848) request_id=1461131 zil_blk_id=73996 ccf_commit_seqno=1461133 nstreams_done_=18500 config.nstreams=20000 avg_latency=0.9997 ms avg throuhgput (requests/sec) = 84.2984 res=false
*==== INFO ====* req_id_count= 19000 stream_id=75996 latency=0.767826 ms (tx_ts=159019451327891, rx_ts=159019452095717) request_id=1500731 zil_blk_id=75996 ccf_commit_seqno=1500731 nstreams_done_=19000 config.nstreams=20000 avg_latency=0.9991 ms avg throuhgput (requests/sec) = 84.3064 res=false
*==== INFO ====* req_id_count= 19500 stream_id=77996 latency=1.199423 ms (tx_ts=159025364915223, rx_ts=159025366114646) request_id=1540322 zil_blk_id=77996 ccf_commit_seqno=1540325 nstreams_done_=19500 config.nstreams=20000 avg_latency=0.9990 ms avg throuhgput (requests/sec) = 84.3125 res=false
*==== INFO ====* http_end_stream ALL streams done! nstreams_done_=20000 avg_latency=0.9995 msreq_id_count= 20000
*==== INFO ====* req_id_count= 20000 stream_id=79996 latency=0.941370 ms (tx_ts=159031287842198, rx_ts=159031288783568) request_id=1574922 zil_blk_id=79996 ccf_commit_seqno=1574923 nstreams_done_=20000 config.nstreams=20000 avg_latency=0.9995 ms avg throuhgput (requests/sec) = 84.3152 res=true
