Uniform: 313428 455897 212283 388922 922004 
Exponential: -2147483648 -2147483648 -2147483648 -2147483648 -2147483648 
Truncated Normal: 290682 585340 496265 817860 687244 
*==== INFO ====* req_id_count= 500 stream_id=1996 latency=1.028583 ms (tx_ts=158799902565154, rx_ts=158799903593737) request_id=37680 zil_blk_id=1996 ccf_commit_seqno=37684 nstreams_done_=500 config.nstreams=20000 avg_latency=0.9011 ms avg throuhgput (requests/sec) = 85.8569 res=false
*==== INFO ====* req_id_count= 1000 stream_id=3996 latency=1.015098 ms (tx_ts=158805745016361, rx_ts=158805746031459) request_id=76180 zil_blk_id=3996 ccf_commit_seqno=76184 nstreams_done_=1000 config.nstreams=20000 avg_latency=0.8963 ms avg throuhgput (requests/sec) = 85.7186 res=false
*==== INFO ====* req_id_count= 1500 stream_id=5996 latency=0.650246 ms (tx_ts=158811610613884, rx_ts=158811611264130) request_id=114905 zil_blk_id=5996 ccf_commit_seqno=114905 nstreams_done_=1500 config.nstreams=20000 avg_latency=0.9068 ms avg throuhgput (requests/sec) = 85.5612 res=false
*==== INFO ====* req_id_count= 2000 stream_id=7996 latency=0.762442 ms (tx_ts=158817462823742, rx_ts=158817463586184) request_id=153587 zil_blk_id=7996 ccf_commit_seqno=153588 nstreams_done_=2000 config.nstreams=20000 avg_latency=0.9080 ms avg throuhgput (requests/sec) = 85.5299 res=false
*==== INFO ====* req_id_count= 2500 stream_id=9996 latency=1.219320 ms (tx_ts=158823287562405, rx_ts=158823288781725) request_id=192265 zil_blk_id=9996 ccf_commit_seqno=192268 nstreams_done_=2500 config.nstreams=20000 avg_latency=0.9015 ms avg throuhgput (requests/sec) = 85.5906 res=false
*==== INFO ====* req_id_count= 3000 stream_id=11996 latency=0.933386 ms (tx_ts=158829137905557, rx_ts=158829138838943) request_id=231041 zil_blk_id=11996 ccf_commit_seqno=231041 nstreams_done_=3000 config.nstreams=20000 avg_latency=0.9027 ms avg throuhgput (requests/sec) = 85.5703 res=false
*==== INFO ====* req_id_count= 3500 stream_id=13996 latency=0.933238 ms (tx_ts=158834985248285, rx_ts=158834986181523) request_id=269765 zil_blk_id=13996 ccf_commit_seqno=269767 nstreams_done_=3500 config.nstreams=20000 avg_latency=0.9034 ms avg throuhgput (requests/sec) = 85.5615 res=false
*==== INFO ====* req_id_count= 4000 stream_id=15996 latency=0.800096 ms (tx_ts=158840823588918, rx_ts=158840824389014) request_id=308575 zil_blk_id=15996 ccf_commit_seqno=308576 nstreams_done_=4000 config.nstreams=20000 avg_latency=0.9029 ms avg throuhgput (requests/sec) = 85.5717 res=false
*==== INFO ====* req_id_count= 4500 stream_id=17996 latency=1.110116 ms (tx_ts=158846658837870, rx_ts=158846659947986) request_id=347357 zil_blk_id=17996 ccf_commit_seqno=347362 nstreams_done_=4500 config.nstreams=20000 avg_latency=0.9019 ms avg throuhgput (requests/sec) = 85.5839 res=false
*==== INFO ====* req_id_count= 5000 stream_id=19996 latency=0.994189 ms (tx_ts=158852482342273, rx_ts=158852483336462) request_id=386053 zil_blk_id=19996 ccf_commit_seqno=386056 nstreams_done_=5000 config.nstreams=20000 avg_latency=0.9023 ms avg throuhgput (requests/sec) = 85.6115 res=false
*==== INFO ====* req_id_count= 5500 stream_id=21996 latency=0.747448 ms (tx_ts=158858320249658, rx_ts=158858320997106) request_id=424874 zil_blk_id=21996 ccf_commit_seqno=424875 nstreams_done_=5500 config.nstreams=20000 avg_latency=0.9038 ms avg throuhgput (requests/sec) = 85.6150 res=false
*==== INFO ====* req_id_count= 6000 stream_id=23996 latency=0.810045 ms (tx_ts=158864187299791, rx_ts=158864188109836) request_id=463900 zil_blk_id=23996 ccf_commit_seqno=463902 nstreams_done_=6000 config.nstreams=20000 avg_latency=0.9075 ms avg throuhgput (requests/sec) = 85.5821 res=false
*==== INFO ====* req_id_count= 6500 stream_id=25996 latency=0.660264 ms (tx_ts=158870040996052, rx_ts=158870041656316) request_id=502803 zil_blk_id=25996 ccf_commit_seqno=502804 nstreams_done_=6500 config.nstreams=20000 avg_latency=0.9062 ms avg throuhgput (requests/sec) = 85.5694 res=false
*==== INFO ====* req_id_count= 7000 stream_id=27996 latency=0.824221 ms (tx_ts=158875873305552, rx_ts=158875874129773) request_id=541608 zil_blk_id=27996 ccf_commit_seqno=541608 nstreams_done_=7000 config.nstreams=20000 avg_latency=0.9059 ms avg throuhgput (requests/sec) = 85.5807 res=false
*==== INFO ====* req_id_count= 7500 stream_id=29996 latency=1.033593 ms (tx_ts=158881700102022, rx_ts=158881701135615) request_id=580339 zil_blk_id=29996 ccf_commit_seqno=580344 nstreams_done_=7500 config.nstreams=20000 avg_latency=0.9071 ms avg throuhgput (requests/sec) = 85.5957 res=false
*==== INFO ====* req_id_count= 8000 stream_id=31996 latency=0.854541 ms (tx_ts=158887519861161, rx_ts=158887520715702) request_id=619093 zil_blk_id=31996 ccf_commit_seqno=619093 nstreams_done_=8000 config.nstreams=20000 avg_latency=0.9055 ms avg throuhgput (requests/sec) = 85.6157 res=false
*==== INFO ====* req_id_count= 8500 stream_id=33996 latency=1.039223 ms (tx_ts=158893365725979, rx_ts=158893366765202) request_id=658088 zil_blk_id=33996 ccf_commit_seqno=658097 nstreams_done_=8500 config.nstreams=20000 avg_latency=0.9072 ms avg throuhgput (requests/sec) = 85.6106 res=false
*==== INFO ====* req_id_count= 9000 stream_id=35996 latency=1.011872 ms (tx_ts=158899227176492, rx_ts=158899228188364) request_id=697138 zil_blk_id=35996 ccf_commit_seqno=697142 nstreams_done_=9000 config.nstreams=20000 avg_latency=0.9073 ms avg throuhgput (requests/sec) = 85.5934 res=false
*==== INFO ====* req_id_count= 9500 stream_id=37996 latency=1.026898 ms (tx_ts=158905077447939, rx_ts=158905078474837) request_id=736148 zil_blk_id=37996 ccf_commit_seqno=736154 nstreams_done_=9500 config.nstreams=20000 avg_latency=0.9095 ms avg throuhgput (requests/sec) = 85.5867 res=false
*==== INFO ====* req_id_count= 10000 stream_id=39996 latency=0.874675 ms (tx_ts=158910910547214, rx_ts=158910911421889) request_id=775031 zil_blk_id=39996 ccf_commit_seqno=775032 nstreams_done_=10000 config.nstreams=20000 avg_latency=0.9092 ms avg throuhgput (requests/sec) = 85.5934 res=false
*==== INFO ====* req_id_count= 10500 stream_id=41996 latency=0.988498 ms (tx_ts=158916779988576, rx_ts=158916780977074) request_id=814128 zil_blk_id=41996 ccf_commit_seqno=814132 nstreams_done_=10500 config.nstreams=20000 avg_latency=0.9116 ms avg throuhgput (requests/sec) = 85.5739 res=false
*==== INFO ====* req_id_count= 11000 stream_id=43996 latency=0.892216 ms (tx_ts=158922629164747, rx_ts=158922630056963) request_id=853175 zil_blk_id=43996 ccf_commit_seqno=853175 nstreams_done_=11000 config.nstreams=20000 avg_latency=0.9125 ms avg throuhgput (requests/sec) = 85.5697 res=false
*==== INFO ====* req_id_count= 11500 stream_id=45996 latency=0.661476 ms (tx_ts=158928464405678, rx_ts=158928465067154) request_id=892222 zil_blk_id=45996 ccf_commit_seqno=892223 nstreams_done_=11500 config.nstreams=20000 avg_latency=0.9119 ms avg throuhgput (requests/sec) = 85.5750 res=false
*==== INFO ====* req_id_count= 12000 stream_id=47996 latency=0.629577 ms (tx_ts=158934295854648, rx_ts=158934296484225) request_id=931213 zil_blk_id=47996 ccf_commit_seqno=931213 nstreams_done_=12000 config.nstreams=20000 avg_latency=0.9116 ms avg throuhgput (requests/sec) = 85.5819 res=false
*==== INFO ====* req_id_count= 12500 stream_id=49996 latency=0.632643 ms (tx_ts=158940166686671, rx_ts=158940167319314) request_id=970431 zil_blk_id=49996 ccf_commit_seqno=970431 nstreams_done_=12500 config.nstreams=20000 avg_latency=0.9132 ms avg throuhgput (requests/sec) = 85.5652 res=false
*==== INFO ====* req_id_count= 13000 stream_id=51996 latency=1.000681 ms (tx_ts=158945997436002, rx_ts=158945998436683) request_id=1009393 zil_blk_id=51996 ccf_commit_seqno=1009396 nstreams_done_=13000 config.nstreams=20000 avg_latency=0.9127 ms avg throuhgput (requests/sec) = 85.5722 res=false
*==== INFO ====* req_id_count= 13500 stream_id=53996 latency=0.890585 ms (tx_ts=158951824905996, rx_ts=158951825796581) request_id=1048311 zil_blk_id=53996 ccf_commit_seqno=1048316 nstreams_done_=13500 config.nstreams=20000 avg_latency=0.9121 ms avg throuhgput (requests/sec) = 85.5807 res=false
*==== INFO ====* req_id_count= 14000 stream_id=55996 latency=0.830141 ms (tx_ts=158957683305669, rx_ts=158957684135810) request_id=1087316 zil_blk_id=55996 ccf_commit_seqno=1087319 nstreams_done_=14000 config.nstreams=20000 avg_latency=0.9134 ms avg throuhgput (requests/sec) = 85.5724 res=false
*==== INFO ====* req_id_count= 14500 stream_id=57996 latency=0.758278 ms (tx_ts=158963520921074, rx_ts=158963521679352) request_id=1126341 zil_blk_id=57996 ccf_commit_seqno=1126341 nstreams_done_=14500 config.nstreams=20000 avg_latency=0.9129 ms avg throuhgput (requests/sec) = 85.5751 res=false
*==== INFO ====* req_id_count= 15000 stream_id=59996 latency=0.897549 ms (tx_ts=158969370650483, rx_ts=158969371548032) request_id=1165414 zil_blk_id=59996 ccf_commit_seqno=1165416 nstreams_done_=15000 config.nstreams=20000 avg_latency=0.9133 ms avg throuhgput (requests/sec) = 85.5717 res=false
*==== INFO ====* req_id_count= 15500 stream_id=61996 latency=0.961838 ms (tx_ts=158975215928064, rx_ts=158975216889902) request_id=1204501 zil_blk_id=61996 ccf_commit_seqno=1204503 nstreams_done_=15500 config.nstreams=20000 avg_latency=0.9137 ms avg throuhgput (requests/sec) = 85.5706 res=false
*==== INFO ====* req_id_count= 16000 stream_id=63996 latency=0.661467 ms (tx_ts=158981052186344, rx_ts=158981052847811) request_id=1243546 zil_blk_id=63996 ccf_commit_seqno=1243548 nstreams_done_=16000 config.nstreams=20000 avg_latency=0.9135 ms avg throuhgput (requests/sec) = 85.5739 res=false
*==== INFO ====* req_id_count= 16500 stream_id=65996 latency=0.819092 ms (tx_ts=158986901781273, rx_ts=158986902600365) request_id=1282658 zil_blk_id=65996 ccf_commit_seqno=1282658 nstreams_done_=16500 config.nstreams=20000 avg_latency=0.9134 ms avg throuhgput (requests/sec) = 85.5709 res=false
*==== INFO ====* req_id_count= 17000 stream_id=67996 latency=0.671235 ms (tx_ts=158992733855855, rx_ts=158992734527090) request_id=1321670 zil_blk_id=67996 ccf_commit_seqno=1321671 nstreams_done_=17000 config.nstreams=20000 avg_latency=0.9137 ms avg throuhgput (requests/sec) = 85.5757 res=false
*==== INFO ====* req_id_count= 17500 stream_id=69996 latency=0.817438 ms (tx_ts=158998577096817, rx_ts=158998577914255) request_id=1360767 zil_blk_id=69996 ccf_commit_seqno=1360768 nstreams_done_=17500 config.nstreams=20000 avg_latency=0.9141 ms avg throuhgput (requests/sec) = 85.5754 res=false
*==== INFO ====* req_id_count= 18000 stream_id=71996 latency=0.925791 ms (tx_ts=159004438966812, rx_ts=159004439892603) request_id=1400052 zil_blk_id=71996 ccf_commit_seqno=1400052 nstreams_done_=18000 config.nstreams=20000 avg_latency=0.9151 ms avg throuhgput (requests/sec) = 85.5676 res=false
*==== INFO ====* req_id_count= 18500 stream_id=73996 latency=0.984791 ms (tx_ts=159010289250090, rx_ts=159010290234881) request_id=1439310 zil_blk_id=73996 ccf_commit_seqno=1439314 nstreams_done_=18500 config.nstreams=20000 avg_latency=0.9158 ms avg throuhgput (requests/sec) = 85.5648 res=false
*==== INFO ====* req_id_count= 19000 stream_id=75996 latency=0.709757 ms (tx_ts=159016104191548, rx_ts=159016104901305) request_id=1478318 zil_blk_id=75996 ccf_commit_seqno=1478320 nstreams_done_=19000 config.nstreams=20000 avg_latency=0.9150 ms avg throuhgput (requests/sec) = 85.5760 res=false
*==== INFO ====* req_id_count= 19500 stream_id=77996 latency=0.762295 ms (tx_ts=159021957099012, rx_ts=159021957861307) request_id=1517522 zil_blk_id=77996 ccf_commit_seqno=1517524 nstreams_done_=19500 config.nstreams=20000 avg_latency=0.9155 ms avg throuhgput (requests/sec) = 85.5721 res=false
*==== INFO ====* http_end_stream ALL streams done! nstreams_done_=20000 avg_latency=0.9159 msreq_id_count= 20000
*==== INFO ====* req_id_count= 20000 stream_id=79996 latency=0.787472 ms (tx_ts=159027827251583, rx_ts=159027828039055) request_id=1556364 zil_blk_id=79996 ccf_commit_seqno=1556366 nstreams_done_=20000 config.nstreams=20000 avg_latency=0.9159 ms avg throuhgput (requests/sec) = 85.5622 res=true
