Uniform: 119266 687362 552987 637778 126190 
Exponential: -2147483648 -2147483648 -2147483648 -2147483648 -2147483648 
Truncated Normal: 779366 245022 334027 476518 646636 
*==== INFO ====* req_id_count= 500 stream_id=1996 latency=1.095308 ms (tx_ts=158800251376921, rx_ts=158800252472229) request_id=39935 zil_blk_id=1996 ccf_commit_seqno=39935 nstreams_done_=500 config.nstreams=20000 avg_latency=1.2582 ms avg throuhgput (requests/sec) = 81.3545 res=false
*==== INFO ====* req_id_count= 1000 stream_id=3996 latency=1.261469 ms (tx_ts=158806353866548, rx_ts=158806355128017) request_id=80170 zil_blk_id=3996 ccf_commit_seqno=80174 nstreams_done_=1000 config.nstreams=20000 avg_latency=1.2759 ms avg throuhgput (requests/sec) = 81.6420 res=false
*==== INFO ====* req_id_count= 1500 stream_id=5996 latency=1.309683 ms (tx_ts=158812439209147, rx_ts=158812440518830) request_id=120364 zil_blk_id=5996 ccf_commit_seqno=120367 nstreams_done_=1500 config.nstreams=20000 avg_latency=1.2653 ms avg throuhgput (requests/sec) = 81.8153 res=false
*==== INFO ====* req_id_count= 2000 stream_id=7996 latency=1.119994 ms (tx_ts=158818546650714, rx_ts=158818547770708) request_id=160771 zil_blk_id=7996 ccf_commit_seqno=160772 nstreams_done_=2000 config.nstreams=20000 avg_latency=1.2679 ms avg throuhgput (requests/sec) = 81.8289 res=false
*==== INFO ====* req_id_count= 2500 stream_id=9996 latency=1.004922 ms (tx_ts=158824649155698, rx_ts=158824650160620) request_id=201239 zil_blk_id=9996 ccf_commit_seqno=201239 nstreams_done_=2500 config.nstreams=20000 avg_latency=1.2731 ms avg throuhgput (requests/sec) = 81.8501 res=false
*==== INFO ====* req_id_count= 3000 stream_id=11996 latency=1.353842 ms (tx_ts=158830752991488, rx_ts=158830754345330) request_id=241734 zil_blk_id=11996 ccf_commit_seqno=241736 nstreams_done_=3000 config.nstreams=20000 avg_latency=1.2790 ms avg throuhgput (requests/sec) = 81.8603 res=false
*==== INFO ====* req_id_count= 3500 stream_id=13996 latency=1.045715 ms (tx_ts=158836817058670, rx_ts=158836818104385) request_id=281940 zil_blk_id=13996 ccf_commit_seqno=281941 nstreams_done_=3500 config.nstreams=20000 avg_latency=1.2781 ms avg throuhgput (requests/sec) = 81.9450 res=false
*==== INFO ====* req_id_count= 4000 stream_id=15996 latency=1.275455 ms (tx_ts=158842900569451, rx_ts=158842901844906) request_id=322366 zil_blk_id=15996 ccf_commit_seqno=322369 nstreams_done_=4000 config.nstreams=20000 avg_latency=1.2816 ms avg throuhgput (requests/sec) = 81.9751 res=false
*==== INFO ====* req_id_count= 4500 stream_id=17996 latency=1.292401 ms (tx_ts=158848935766664, rx_ts=158848937059065) request_id=362479 zil_blk_id=17996 ccf_commit_seqno=362482 nstreams_done_=4500 config.nstreams=20000 avg_latency=1.2779 ms avg throuhgput (requests/sec) = 82.0711 res=false
*==== INFO ====* req_id_count= 5000 stream_id=19996 latency=1.080390 ms (tx_ts=158854966231900, rx_ts=158854967312290) request_id=402552 zil_blk_id=19996 ccf_commit_seqno=402553 nstreams_done_=5000 config.nstreams=20000 avg_latency=1.2746 ms avg throuhgput (requests/sec) = 82.1547 res=false
*==== INFO ====* req_id_count= 5500 stream_id=21996 latency=1.416548 ms (tx_ts=158861015566210, rx_ts=158861016982758) request_id=442810 zil_blk_id=21996 ccf_commit_seqno=442812 nstreams_done_=5500 config.nstreams=20000 avg_latency=1.2726 ms avg throuhgput (requests/sec) = 82.1994 res=false
*==== INFO ====* req_id_count= 6000 stream_id=23996 latency=1.136080 ms (tx_ts=158867115493583, rx_ts=158867116629663) request_id=483338 zil_blk_id=23996 ccf_commit_seqno=483339 nstreams_done_=6000 config.nstreams=20000 avg_latency=1.2762 ms avg throuhgput (requests/sec) = 82.1804 res=false
*==== INFO ====* req_id_count= 6500 stream_id=25996 latency=1.009727 ms (tx_ts=158873173222194, rx_ts=158873174231921) request_id=523644 zil_blk_id=25996 ccf_commit_seqno=523646 nstreams_done_=6500 config.nstreams=20000 avg_latency=1.2764 ms avg throuhgput (requests/sec) = 82.2080 res=false
*==== INFO ====* req_id_count= 7000 stream_id=27996 latency=1.320228 ms (tx_ts=158879224996154, rx_ts=158879226316382) request_id=563909 zil_blk_id=27996 ccf_commit_seqno=563913 nstreams_done_=7000 config.nstreams=20000 avg_latency=1.2731 ms avg throuhgput (requests/sec) = 82.2370 res=false
*==== INFO ====* req_id_count= 7500 stream_id=29996 latency=1.243505 ms (tx_ts=158885313325914, rx_ts=158885314569419) request_id=604348 zil_blk_id=29996 ccf_commit_seqno=604349 nstreams_done_=7500 config.nstreams=20000 avg_latency=1.2762 ms avg throuhgput (requests/sec) = 82.2296 res=false
*==== INFO ====* req_id_count= 8000 stream_id=31996 latency=1.389087 ms (tx_ts=158891326880507, rx_ts=158891328269594) request_id=644500 zil_blk_id=31996 ccf_commit_seqno=644501 nstreams_done_=8000 config.nstreams=20000 avg_latency=1.2732 ms avg throuhgput (requests/sec) = 82.2861 res=false
*==== INFO ====* req_id_count= 8500 stream_id=33996 latency=1.139602 ms (tx_ts=158897426253758, rx_ts=158897427393360) request_id=685128 zil_blk_id=33996 ccf_commit_seqno=685130 nstreams_done_=8500 config.nstreams=20000 avg_latency=1.2760 ms avg throuhgput (requests/sec) = 82.2680 res=false
*==== INFO ====* req_id_count= 9000 stream_id=35996 latency=1.980954 ms (tx_ts=158903478432813, rx_ts=158903480413767) request_id=725467 zil_blk_id=35996 ccf_commit_seqno=725468 nstreams_done_=9000 config.nstreams=20000 avg_latency=1.2774 ms avg throuhgput (requests/sec) = 82.2866 res=false
*==== INFO ====* req_id_count= 9500 stream_id=37996 latency=0.988970 ms (tx_ts=158909524583916, rx_ts=158909525572886) request_id=765794 zil_blk_id=37996 ccf_commit_seqno=765794 nstreams_done_=9500 config.nstreams=20000 avg_latency=1.2759 ms avg throuhgput (requests/sec) = 82.3088 res=false
*==== INFO ====* req_id_count= 10000 stream_id=39996 latency=1.242714 ms (tx_ts=158915640387310, rx_ts=158915641630024) request_id=806511 zil_blk_id=39996 ccf_commit_seqno=806512 nstreams_done_=10000 config.nstreams=20000 avg_latency=1.2787 ms avg throuhgput (requests/sec) = 82.2808 res=false
*==== INFO ====* req_id_count= 10500 stream_id=41996 latency=1.294852 ms (tx_ts=158921692681446, rx_ts=158921693976298) request_id=846918 zil_blk_id=41996 ccf_commit_seqno=846920 nstreams_done_=10500 config.nstreams=20000 avg_latency=1.2787 ms avg throuhgput (requests/sec) = 82.2965 res=false
*==== INFO ====* req_id_count= 11000 stream_id=43996 latency=1.690389 ms (tx_ts=158927753434269, rx_ts=158927755124658) request_id=887467 zil_blk_id=43996 ccf_commit_seqno=887467 nstreams_done_=11000 config.nstreams=20000 avg_latency=1.2792 ms avg throuhgput (requests/sec) = 82.3054 res=false
*==== INFO ====* req_id_count= 11500 stream_id=45996 latency=1.745072 ms (tx_ts=158933815990669, rx_ts=158933817735741) request_id=928009 zil_blk_id=45996 ccf_commit_seqno=928010 nstreams_done_=11500 config.nstreams=20000 avg_latency=1.2794 ms avg throuhgput (requests/sec) = 82.3127 res=false
*==== INFO ====* req_id_count= 12000 stream_id=47996 latency=1.369791 ms (tx_ts=158939873906939, rx_ts=158939875276730) request_id=968483 zil_blk_id=47996 ccf_commit_seqno=968487 nstreams_done_=12000 config.nstreams=20000 avg_latency=1.2790 ms avg throuhgput (requests/sec) = 82.3222 res=false
*==== INFO ====* req_id_count= 12500 stream_id=49996 latency=1.055964 ms (tx_ts=158945927923726, rx_ts=158945928979690) request_id=1008943 zil_blk_id=49996 ccf_commit_seqno=1008943 nstreams_done_=12500 config.nstreams=20000 avg_latency=1.2782 ms avg throuhgput (requests/sec) = 82.3330 res=false
*==== INFO ====* req_id_count= 13000 stream_id=51996 latency=1.100742 ms (tx_ts=158951976660084, rx_ts=158951977760826) request_id=1049188 zil_blk_id=51996 ccf_commit_seqno=1049189 nstreams_done_=13000 config.nstreams=20000 avg_latency=1.2774 ms avg throuhgput (requests/sec) = 82.3456 res=false
*==== INFO ====* req_id_count= 13500 stream_id=53996 latency=0.926211 ms (tx_ts=158958021528151, rx_ts=158958022454362) request_id=1089586 zil_blk_id=53996 ccf_commit_seqno=1089586 nstreams_done_=13500 config.nstreams=20000 avg_latency=1.2773 ms avg throuhgput (requests/sec) = 82.3593 res=false
*==== INFO ====* req_id_count= 14000 stream_id=55996 latency=1.006823 ms (tx_ts=158964066099807, rx_ts=158964067106630) request_id=1129976 zil_blk_id=55996 ccf_commit_seqno=1129976 nstreams_done_=14000 config.nstreams=20000 avg_latency=1.2765 ms avg throuhgput (requests/sec) = 82.3720 res=false
*==== INFO ====* req_id_count= 14500 stream_id=57996 latency=1.011361 ms (tx_ts=158970129098063, rx_ts=158970130109424) request_id=1170491 zil_blk_id=57996 ccf_commit_seqno=1170493 nstreams_done_=14500 config.nstreams=20000 avg_latency=1.2767 ms avg throuhgput (requests/sec) = 82.3753 res=false
*==== INFO ====* req_id_count= 15000 stream_id=59996 latency=1.139932 ms (tx_ts=158976170929276, rx_ts=158976172069208) request_id=1210878 zil_blk_id=59996 ccf_commit_seqno=1210879 nstreams_done_=15000 config.nstreams=20000 avg_latency=1.2759 ms avg throuhgput (requests/sec) = 82.3879 res=false
*==== INFO ====* req_id_count= 15500 stream_id=61996 latency=1.044674 ms (tx_ts=158982246388663, rx_ts=158982247433337) request_id=1251540 zil_blk_id=61996 ccf_commit_seqno=1251540 nstreams_done_=15500 config.nstreams=20000 avg_latency=1.2770 ms avg throuhgput (requests/sec) = 82.3851 res=false
*==== INFO ====* req_id_count= 16000 stream_id=63996 latency=1.335958 ms (tx_ts=158988305364533, rx_ts=158988306700491) request_id=1292057 zil_blk_id=63996 ccf_commit_seqno=1292057 nstreams_done_=16000 config.nstreams=20000 avg_latency=1.2766 ms avg throuhgput (requests/sec) = 82.3892 res=false
*==== INFO ====* req_id_count= 16500 stream_id=65996 latency=1.231440 ms (tx_ts=158994370154857, rx_ts=158994371386297) request_id=1332614 zil_blk_id=65996 ccf_commit_seqno=1332615 nstreams_done_=16500 config.nstreams=20000 avg_latency=1.2777 ms avg throuhgput (requests/sec) = 82.3909 res=false
*==== INFO ====* req_id_count= 17000 stream_id=67996 latency=1.081262 ms (tx_ts=159000545571809, rx_ts=159000546653071) request_id=1373921 zil_blk_id=67996 ccf_commit_seqno=1373924 nstreams_done_=17000 config.nstreams=20000 avg_latency=1.2819 ms avg throuhgput (requests/sec) = 82.3483 res=false
*==== INFO ====* req_id_count= 17500 stream_id=69996 latency=1.004819 ms (tx_ts=159006637778966, rx_ts=159006638783785) request_id=1414762 zil_blk_id=69996 ccf_commit_seqno=1414764 nstreams_done_=17500 config.nstreams=20000 avg_latency=1.2825 ms avg throuhgput (requests/sec) = 82.3404 res=false
*==== INFO ====* req_id_count= 18000 stream_id=71996 latency=1.313055 ms (tx_ts=159012693151140, rx_ts=159012694464195) request_id=1455440 zil_blk_id=71996 ccf_commit_seqno=1455442 nstreams_done_=18000 config.nstreams=20000 avg_latency=1.2820 ms avg throuhgput (requests/sec) = 82.3467 res=false
*==== INFO ====* req_id_count= 18500 stream_id=73996 latency=1.046646 ms (tx_ts=159018775808770, rx_ts=159018776855416) request_id=1496223 zil_blk_id=73996 ccf_commit_seqno=1496224 nstreams_done_=18500 config.nstreams=20000 avg_latency=1.2827 ms avg throuhgput (requests/sec) = 82.3429 res=false
*==== INFO ====* req_id_count= 19000 stream_id=75996 latency=1.227405 ms (tx_ts=159024864099154, rx_ts=159024865326559) request_id=1536967 zil_blk_id=75996 ccf_commit_seqno=1536968 nstreams_done_=19000 config.nstreams=20000 avg_latency=1.2833 ms avg throuhgput (requests/sec) = 82.3371 res=false
*==== INFO ====* req_id_count= 19500 stream_id=77996 latency=1.506646 ms (tx_ts=159030969096853, rx_ts=159030970603499) request_id=1573467 zil_blk_id=77996 ccf_commit_seqno=1573471 nstreams_done_=19500 config.nstreams=20000 avg_latency=1.2843 ms avg throuhgput (requests/sec) = 82.3257 res=false
*==== INFO ====* http_end_stream ALL streams done! nstreams_done_=20000 avg_latency=1.2842 msreq_id_count= 20000
*==== INFO ====* req_id_count= 20000 stream_id=79996 latency=0.979942 ms (tx_ts=159037059724221, rx_ts=159037060704163) request_id=1591908 zil_blk_id=79996 ccf_commit_seqno=1591908 nstreams_done_=20000 config.nstreams=20000 avg_latency=1.2842 ms avg throuhgput (requests/sec) = 82.3201 res=true
