Uniform: 965440 366737 128258 434335 693194 
Exponential: -2147483648 -2147483648 -2147483648 -2147483648 -2147483648 
Truncated Normal: 504092 817462 275140 893850 448784 
*==== INFO ====* req_id_count= 500 stream_id=1996 latency=1.173664 ms (tx_ts=158800285716839, rx_ts=158800286890503) request_id=40154 zil_blk_id=1996 ccf_commit_seqno=40156 nstreams_done_=500 config.nstreams=20000 avg_latency=1.1213 ms avg throuhgput (requests/sec) = 80.7745 res=false
*==== INFO ====* req_id_count= 1000 stream_id=3996 latency=1.265196 ms (tx_ts=158806494266841, rx_ts=158806495532037) request_id=81086 zil_blk_id=3996 ccf_commit_seqno=81089 nstreams_done_=1000 config.nstreams=20000 avg_latency=1.1238 ms avg throuhgput (requests/sec) = 80.6535 res=false
*==== INFO ====* req_id_count= 1500 stream_id=5996 latency=0.941871 ms (tx_ts=158812709016197, rx_ts=158812709958068) request_id=122140 zil_blk_id=5996 ccf_commit_seqno=122140 nstreams_done_=1500 config.nstreams=20000 avg_latency=1.1230 ms avg throuhgput (requests/sec) = 80.5882 res=false
*==== INFO ====* req_id_count= 2000 stream_id=7996 latency=0.955758 ms (tx_ts=158818925438234, rx_ts=158818926393992) request_id=163274 zil_blk_id=7996 ccf_commit_seqno=163274 nstreams_done_=2000 config.nstreams=20000 avg_latency=1.1311 ms avg throuhgput (requests/sec) = 80.5491 res=false
*==== INFO ====* req_id_count= 2500 stream_id=9996 latency=3.003455 ms (tx_ts=158825079321873, rx_ts=158825082325328) request_id=204086 zil_blk_id=9996 ccf_commit_seqno=204088 nstreams_done_=2500 config.nstreams=20000 avg_latency=1.1213 ms avg throuhgput (requests/sec) = 80.6829 res=false
*==== INFO ====* req_id_count= 3000 stream_id=11996 latency=0.998682 ms (tx_ts=158831247434587, rx_ts=158831248433269) request_id=245001 zil_blk_id=11996 ccf_commit_seqno=245003 nstreams_done_=3000 config.nstreams=20000 avg_latency=1.1240 ms avg throuhgput (requests/sec) = 80.7502 res=false
*==== INFO ====* req_id_count= 3500 stream_id=13996 latency=1.198825 ms (tx_ts=158837419258299, rx_ts=158837420457124) request_id=285944 zil_blk_id=13996 ccf_commit_seqno=285948 nstreams_done_=3500 config.nstreams=20000 avg_latency=1.1247 ms avg throuhgput (requests/sec) = 80.7873 res=false
*==== INFO ====* req_id_count= 4000 stream_id=15996 latency=0.846223 ms (tx_ts=158843555464195, rx_ts=158843556310418) request_id=326728 zil_blk_id=15996 ccf_commit_seqno=326728 nstreams_done_=4000 config.nstreams=20000 avg_latency=1.1238 ms avg throuhgput (requests/sec) = 80.8743 res=false
*==== INFO ====* req_id_count= 4500 stream_id=17996 latency=1.224169 ms (tx_ts=158849688757706, rx_ts=158849689981875) request_id=367476 zil_blk_id=17996 ccf_commit_seqno=367480 nstreams_done_=4500 config.nstreams=20000 avg_latency=1.1226 ms avg throuhgput (requests/sec) = 80.9452 res=false
*==== INFO ====* req_id_count= 5000 stream_id=19996 latency=1.250638 ms (tx_ts=158855819526169, rx_ts=158855820776807) request_id=408232 zil_blk_id=19996 ccf_commit_seqno=408235 nstreams_done_=5000 config.nstreams=20000 avg_latency=1.1227 ms avg throuhgput (requests/sec) = 81.0058 res=false
*==== INFO ====* req_id_count= 5500 stream_id=21996 latency=0.945428 ms (tx_ts=158861905653469, rx_ts=158861906598897) request_id=448741 zil_blk_id=21996 ccf_commit_seqno=448741 nstreams_done_=5500 config.nstreams=20000 avg_latency=1.1223 ms avg throuhgput (requests/sec) = 81.1092 res=false
*==== INFO ====* req_id_count= 6000 stream_id=23996 latency=1.347891 ms (tx_ts=158868007042904, rx_ts=158868008390795) request_id=489263 zil_blk_id=23996 ccf_commit_seqno=489267 nstreams_done_=6000 config.nstreams=20000 avg_latency=1.1241 ms avg throuhgput (requests/sec) = 81.1781 res=false
*==== INFO ====* req_id_count= 6500 stream_id=25996 latency=1.010390 ms (tx_ts=158874132155182, rx_ts=158874133165572) request_id=529990 zil_blk_id=25996 ccf_commit_seqno=529990 nstreams_done_=6500 config.nstreams=20000 avg_latency=1.1282 ms avg throuhgput (requests/sec) = 81.2131 res=false
*==== INFO ====* req_id_count= 7000 stream_id=27996 latency=1.122088 ms (tx_ts=158880243928486, rx_ts=158880245050574) request_id=570705 zil_blk_id=27996 ccf_commit_seqno=570708 nstreams_done_=7000 config.nstreams=20000 avg_latency=1.1284 ms avg throuhgput (requests/sec) = 81.2553 res=false
*==== INFO ====* req_id_count= 7500 stream_id=29996 latency=1.085059 ms (tx_ts=158886381162450, rx_ts=158886382247509) request_id=611495 zil_blk_id=29996 ccf_commit_seqno=611496 nstreams_done_=7500 config.nstreams=20000 avg_latency=1.1296 ms avg throuhgput (requests/sec) = 81.2696 res=false
*==== INFO ====* req_id_count= 8000 stream_id=31996 latency=1.267505 ms (tx_ts=158892486991039, rx_ts=158892488258544) request_id=652220 zil_blk_id=31996 ccf_commit_seqno=652223 nstreams_done_=8000 config.nstreams=20000 avg_latency=1.1280 ms avg throuhgput (requests/sec) = 81.3079 res=false
*==== INFO ====* req_id_count= 8500 stream_id=33996 latency=1.201795 ms (tx_ts=158898582215910, rx_ts=158898583417705) request_id=692843 zil_blk_id=33996 ccf_commit_seqno=692845 nstreams_done_=8500 config.nstreams=20000 avg_latency=1.1250 ms avg throuhgput (requests/sec) = 81.3501 res=false
*==== INFO ====* req_id_count= 9000 stream_id=35996 latency=1.121445 ms (tx_ts=158904704992015, rx_ts=158904706113460) request_id=733658 zil_blk_id=35996 ccf_commit_seqno=733659 nstreams_done_=9000 config.nstreams=20000 avg_latency=1.1250 ms avg throuhgput (requests/sec) = 81.3675 res=false
*==== INFO ====* req_id_count= 9500 stream_id=37996 latency=1.084688 ms (tx_ts=158910807673318, rx_ts=158910808758006) request_id=774339 zil_blk_id=37996 ccf_commit_seqno=774339 nstreams_done_=9500 config.nstreams=20000 avg_latency=1.1236 ms avg throuhgput (requests/sec) = 81.3970 res=false
*==== INFO ====* req_id_count= 10000 stream_id=39996 latency=1.365803 ms (tx_ts=158916913918134, rx_ts=158916915283937) request_id=815030 zil_blk_id=39996 ccf_commit_seqno=815034 nstreams_done_=10000 config.nstreams=20000 avg_latency=1.1239 ms avg throuhgput (requests/sec) = 81.4210 res=false
*==== INFO ====* req_id_count= 10500 stream_id=41996 latency=1.371378 ms (tx_ts=158923038573314, rx_ts=158923039944692) request_id=855907 zil_blk_id=41996 ccf_commit_seqno=855909 nstreams_done_=10500 config.nstreams=20000 avg_latency=1.1236 ms avg throuhgput (requests/sec) = 81.4313 res=false
*==== INFO ====* req_id_count= 11000 stream_id=43996 latency=1.109614 ms (tx_ts=158929139055937, rx_ts=158929140165551) request_id=896725 zil_blk_id=43996 ccf_commit_seqno=896725 nstreams_done_=11000 config.nstreams=20000 avg_latency=1.1221 ms avg throuhgput (requests/sec) = 81.4553 res=false
*==== INFO ====* req_id_count= 11500 stream_id=45996 latency=1.251009 ms (tx_ts=158935262787128, rx_ts=158935264038137) request_id=937686 zil_blk_id=45996 ccf_commit_seqno=937687 nstreams_done_=11500 config.nstreams=20000 avg_latency=1.1217 ms avg throuhgput (requests/sec) = 81.4637 res=false
*==== INFO ====* req_id_count= 12000 stream_id=47996 latency=1.244432 ms (tx_ts=158941391457379, rx_ts=158941392701811) request_id=978616 zil_blk_id=47996 ccf_commit_seqno=978618 nstreams_done_=12000 config.nstreams=20000 avg_latency=1.1220 ms avg throuhgput (requests/sec) = 81.4687 res=false
*==== INFO ====* req_id_count= 12500 stream_id=49996 latency=1.345916 ms (tx_ts=158947489728377, rx_ts=158947491074293) request_id=1019334 zil_blk_id=49996 ccf_commit_seqno=1019339 nstreams_done_=12500 config.nstreams=20000 avg_latency=1.1223 ms avg throuhgput (requests/sec) = 81.4894 res=false
*==== INFO ====* req_id_count= 13000 stream_id=51996 latency=1.170138 ms (tx_ts=158953638481530, rx_ts=158953639651668) request_id=1060317 zil_blk_id=51996 ccf_commit_seqno=1060318 nstreams_done_=13000 config.nstreams=20000 avg_latency=1.1239 ms avg throuhgput (requests/sec) = 81.4828 res=false
*==== INFO ====* req_id_count= 13500 stream_id=53996 latency=1.257362 ms (tx_ts=158959805706657, rx_ts=158959806964019) request_id=1101511 zil_blk_id=53996 ccf_commit_seqno=1101512 nstreams_done_=13500 config.nstreams=20000 avg_latency=1.1263 ms avg throuhgput (requests/sec) = 81.4676 res=false
*==== INFO ====* req_id_count= 14000 stream_id=55996 latency=1.244677 ms (tx_ts=158965904783149, rx_ts=158965906027826) request_id=1142236 zil_blk_id=55996 ccf_commit_seqno=1142237 nstreams_done_=14000 config.nstreams=20000 avg_latency=1.1262 ms avg throuhgput (requests/sec) = 81.4857 res=false
*==== INFO ====* req_id_count= 14500 stream_id=57996 latency=1.079358 ms (tx_ts=158972025088755, rx_ts=158972026168113) request_id=1183195 zil_blk_id=57996 ccf_commit_seqno=1183197 nstreams_done_=14500 config.nstreams=20000 avg_latency=1.1249 ms avg throuhgput (requests/sec) = 81.4930 res=false
*==== INFO ====* req_id_count= 15000 stream_id=59996 latency=1.123351 ms (tx_ts=158978182980290, rx_ts=158978184103641) request_id=1224346 zil_blk_id=59996 ccf_commit_seqno=1224348 nstreams_done_=15000 config.nstreams=20000 avg_latency=1.1250 ms avg throuhgput (requests/sec) = 81.4831 res=false
*==== INFO ====* req_id_count= 15500 stream_id=61996 latency=1.385761 ms (tx_ts=158984311285133, rx_ts=158984312670894) request_id=1265320 zil_blk_id=61996 ccf_commit_seqno=1265326 nstreams_done_=15500 config.nstreams=20000 avg_latency=1.1257 ms avg throuhgput (requests/sec) = 81.4864 res=false
*==== INFO ====* req_id_count= 16000 stream_id=63996 latency=1.323414 ms (tx_ts=158990442047211, rx_ts=158990443370625) request_id=1306320 zil_blk_id=63996 ccf_commit_seqno=1306324 nstreams_done_=16000 config.nstreams=20000 avg_latency=1.1258 ms avg throuhgput (requests/sec) = 81.4886 res=false
*==== INFO ====* req_id_count= 16500 stream_id=65996 latency=1.401380 ms (tx_ts=158996564778262, rx_ts=158996566179642) request_id=1347291 zil_blk_id=65996 ccf_commit_seqno=1347294 nstreams_done_=16500 config.nstreams=20000 avg_latency=1.1261 ms avg throuhgput (requests/sec) = 81.4938 res=false
*==== INFO ====* req_id_count= 17000 stream_id=67996 latency=0.826895 ms (tx_ts=159002697736968, rx_ts=159002698563863) request_id=1388384 zil_blk_id=67996 ccf_commit_seqno=1388384 nstreams_done_=17000 config.nstreams=20000 avg_latency=1.1261 ms avg throuhgput (requests/sec) = 81.4950 res=false
*==== INFO ====* req_id_count= 17500 stream_id=69996 latency=0.999796 ms (tx_ts=159008813168896, rx_ts=159008814168692) request_id=1429381 zil_blk_id=69996 ccf_commit_seqno=1429383 nstreams_done_=17500 config.nstreams=20000 avg_latency=1.1248 ms avg throuhgput (requests/sec) = 81.5025 res=false
*==== INFO ====* req_id_count= 18000 stream_id=71996 latency=1.107901 ms (tx_ts=159014937082259, rx_ts=159014938190160) request_id=1470476 zil_blk_id=71996 ccf_commit_seqno=1470482 nstreams_done_=18000 config.nstreams=20000 avg_latency=1.1240 ms avg throuhgput (requests/sec) = 81.5065 res=false
*==== INFO ====* req_id_count= 18500 stream_id=73996 latency=1.194944 ms (tx_ts=159021065827925, rx_ts=159021067022869) request_id=1511545 zil_blk_id=73996 ccf_commit_seqno=1511546 nstreams_done_=18500 config.nstreams=20000 avg_latency=1.1237 ms avg throuhgput (requests/sec) = 81.5085 res=false
*==== INFO ====* req_id_count= 19000 stream_id=75996 latency=1.119934 ms (tx_ts=159027170020996, rx_ts=159027171140930) request_id=1552255 zil_blk_id=75996 ccf_commit_seqno=1552259 nstreams_done_=19000 config.nstreams=20000 avg_latency=1.1235 ms avg throuhgput (requests/sec) = 81.5191 res=false
*==== INFO ====* req_id_count= 19500 stream_id=77996 latency=0.992696 ms (tx_ts=159033278630132, rx_ts=159033279622828) request_id=1582495 zil_blk_id=77996 ccf_commit_seqno=1582496 nstreams_done_=19500 config.nstreams=20000 avg_latency=1.1227 ms avg throuhgput (requests/sec) = 81.5276 res=false
*==== INFO ====* http_end_stream ALL streams done! nstreams_done_=20000 avg_latency=1.1200 msreq_id_count= 20000
*==== INFO ====* req_id_count= 20000 stream_id=79996 latency=0.820574 ms (tx_ts=159039314319289, rx_ts=159039315139863) request_id=1595577 zil_blk_id=79996 ccf_commit_seqno=1595577 nstreams_done_=20000 config.nstreams=20000 avg_latency=1.1200 ms avg throuhgput (requests/sec) = 81.5600 res=true
