Uniform: 907618 45648 137899 879302 33807 
Exponential: -2147483648 -2147483648 -2147483648 -2147483648 -2147483648 
Truncated Normal: 112107 478354 815537 461531 281518 
*==== INFO ====* req_id_count= 500 stream_id=1996 latency=0.946950 ms (tx_ts=158799924897293, rx_ts=158799925844243) request_id=37820 zil_blk_id=815 ccf_commit_seqno=37821 nstreams_done_=500 config.nstreams=20000 avg_latency=0.8721 ms avg throuhgput (requests/sec) = 85.4608 res=false
*==== INFO ====* req_id_count= 1000 stream_id=3996 latency=0.895735 ms (tx_ts=158805805432550, rx_ts=158805806328285) request_id=76584 zil_blk_id=6311 ccf_commit_seqno=76588 nstreams_done_=1000 config.nstreams=20000 avg_latency=0.8841 ms avg throuhgput (requests/sec) = 85.2433 res=false
*==== INFO ====* req_id_count= 1500 stream_id=5996 latency=0.717763 ms (tx_ts=158811670828287, rx_ts=158811671546050) request_id=115305 zil_blk_id=11778 ccf_commit_seqno=115305 nstreams_done_=1500 config.nstreams=20000 avg_latency=0.8787 ms avg throuhgput (requests/sec) = 85.2450 res=false
*==== INFO ====* req_id_count= 2000 stream_id=7996 latency=0.625741 ms (tx_ts=158817511346260, rx_ts=158817511972001) request_id=153913 zil_blk_id=17235 ccf_commit_seqno=153914 nstreams_done_=2000 config.nstreams=20000 avg_latency=0.8720 ms avg throuhgput (requests/sec) = 85.3360 res=false
*==== INFO ====* req_id_count= 2500 stream_id=9996 latency=0.873837 ms (tx_ts=158823358095934, rx_ts=158823358969771) request_id=192727 zil_blk_id=22718 ccf_commit_seqno=192730 nstreams_done_=2500 config.nstreams=20000 avg_latency=0.8680 ms avg throuhgput (requests/sec) = 85.3715 res=false
*==== INFO ====* req_id_count= 3000 stream_id=11996 latency=1.000701 ms (tx_ts=158829211142225, rx_ts=158829212142926) request_id=231528 zil_blk_id=28213 ccf_commit_seqno=231535 nstreams_done_=3000 config.nstreams=20000 avg_latency=0.8670 ms avg throuhgput (requests/sec) = 85.3802 res=false
*==== INFO ====* req_id_count= 3500 stream_id=13996 latency=1.168176 ms (tx_ts=158835071289489, rx_ts=158835072457665) request_id=270341 zil_blk_id=33717 ccf_commit_seqno=270347 nstreams_done_=3500 config.nstreams=20000 avg_latency=0.8704 ms avg throuhgput (requests/sec) = 85.3716 res=false
*==== INFO ====* req_id_count= 4000 stream_id=15996 latency=1.035146 ms (tx_ts=158840919185074, rx_ts=158840920220220) request_id=309214 zil_blk_id=39202 ccf_commit_seqno=309216 nstreams_done_=4000 config.nstreams=20000 avg_latency=0.8678 ms avg throuhgput (requests/sec) = 85.3880 res=false
*==== INFO ====* req_id_count= 4500 stream_id=17996 latency=0.809513 ms (tx_ts=158846769309349, rx_ts=158846770118862) request_id=348099 zil_blk_id=44689 ccf_commit_seqno=348102 nstreams_done_=4500 config.nstreams=20000 avg_latency=0.8691 ms avg throuhgput (requests/sec) = 85.3972 res=false
*==== INFO ====* req_id_count= 5000 stream_id=19996 latency=0.932574 ms (tx_ts=158852628019903, rx_ts=158852628952477) request_id=387027 zil_blk_id=50191 ccf_commit_seqno=387029 nstreams_done_=5000 config.nstreams=20000 avg_latency=0.8678 ms avg throuhgput (requests/sec) = 85.3916 res=false
*==== INFO ====* req_id_count= 5500 stream_id=21996 latency=0.720307 ms (tx_ts=158858462858414, rx_ts=158858463578721) request_id=425826 zil_blk_id=55657 ccf_commit_seqno=425829 nstreams_done_=5500 config.nstreams=20000 avg_latency=0.8652 ms avg throuhgput (requests/sec) = 85.4191 res=false
*==== INFO ====* req_id_count= 6000 stream_id=23996 latency=0.985182 ms (tx_ts=158864335172491, rx_ts=158864336157673) request_id=464884 zil_blk_id=61164 ccf_commit_seqno=464885 nstreams_done_=6000 config.nstreams=20000 avg_latency=0.8673 ms avg throuhgput (requests/sec) = 85.3959 res=false
*==== INFO ====* req_id_count= 6500 stream_id=25996 latency=0.825176 ms (tx_ts=158870187970897, rx_ts=158870188796073) request_id=503778 zil_blk_id=66660 ccf_commit_seqno=503780 nstreams_done_=6500 config.nstreams=20000 avg_latency=0.8685 ms avg throuhgput (requests/sec) = 85.3987 res=false
*==== INFO ====* req_id_count= 7000 stream_id=27996 latency=1.460531 ms (tx_ts=158876042612043, rx_ts=158876044072574) request_id=542725 zil_blk_id=72151 ccf_commit_seqno=542725 nstreams_done_=7000 config.nstreams=20000 avg_latency=0.8685 ms avg throuhgput (requests/sec) = 85.3983 res=false
*==== INFO ====* req_id_count= 7500 stream_id=29996 latency=0.635869 ms (tx_ts=158881902083957, rx_ts=158881902719826) request_id=581680 zil_blk_id=77639 ccf_commit_seqno=581680 nstreams_done_=7500 config.nstreams=20000 avg_latency=0.8689 ms avg throuhgput (requests/sec) = 85.3947 res=false
*==== INFO ====* req_id_count= 8000 stream_id=31996 latency=0.655145 ms (tx_ts=158887759938939, rx_ts=158887760594084) request_id=620686 zil_blk_id=83126 ccf_commit_seqno=620686 nstreams_done_=8000 config.nstreams=20000 avg_latency=0.8701 ms avg throuhgput (requests/sec) = 85.3922 res=false
*==== INFO ====* req_id_count= 8500 stream_id=33996 latency=0.929929 ms (tx_ts=158893617497186, rx_ts=158893618427115) request_id=659757 zil_blk_id=88612 ccf_commit_seqno=659762 nstreams_done_=8500 config.nstreams=20000 avg_latency=0.8705 ms avg throuhgput (requests/sec) = 85.3900 res=false
*==== INFO ====* req_id_count= 9000 stream_id=35996 latency=1.136024 ms (tx_ts=158899484428878, rx_ts=158899485564902) request_id=698841 zil_blk_id=94113 ccf_commit_seqno=698847 nstreams_done_=9000 config.nstreams=20000 avg_latency=0.8714 ms avg throuhgput (requests/sec) = 85.3806 res=false
*==== INFO ====* req_id_count= 9500 stream_id=37996 latency=0.822675 ms (tx_ts=158905332347604, rx_ts=158905333170279) request_id=737832 zil_blk_id=99604 ccf_commit_seqno=737837 nstreams_done_=9500 config.nstreams=20000 avg_latency=0.8723 ms avg throuhgput (requests/sec) = 85.3871 res=false
*==== INFO ====* req_id_count= 10000 stream_id=39996 latency=1.094583 ms (tx_ts=158911173061762, rx_ts=158911174156345) request_id=776773 zil_blk_id=105066 ccf_commit_seqno=776777 nstreams_done_=10000 config.nstreams=20000 avg_latency=0.8710 ms avg throuhgput (requests/sec) = 85.3979 res=false
*==== INFO ====* req_id_count= 10500 stream_id=41996 latency=0.665999 ms (tx_ts=158917032258249, rx_ts=158917032924248) request_id=815809 zil_blk_id=110554 ccf_commit_seqno=815811 nstreams_done_=10500 config.nstreams=20000 avg_latency=0.8712 ms avg throuhgput (requests/sec) = 85.3952 res=false
*==== INFO ====* req_id_count= 11000 stream_id=43996 latency=0.862015 ms (tx_ts=158922873888856, rx_ts=158922874750871) request_id=854801 zil_blk_id=116031 ccf_commit_seqno=854801 nstreams_done_=11000 config.nstreams=20000 avg_latency=0.8704 ms avg throuhgput (requests/sec) = 85.4040 res=false
*==== INFO ====* req_id_count= 11500 stream_id=45996 latency=0.644534 ms (tx_ts=158928730571538, rx_ts=158928731216072) request_id=893994 zil_blk_id=121518 ccf_commit_seqno=893994 nstreams_done_=11500 config.nstreams=20000 avg_latency=0.8708 ms avg throuhgput (requests/sec) = 85.4028 res=false
*==== INFO ====* req_id_count= 12000 stream_id=47996 latency=0.746316 ms (tx_ts=158934581503203, rx_ts=158934582249519) request_id=933128 zil_blk_id=127012 ccf_commit_seqno=933129 nstreams_done_=12000 config.nstreams=20000 avg_latency=0.8719 ms avg throuhgput (requests/sec) = 85.4050 res=false
*==== INFO ====* req_id_count= 12500 stream_id=49996 latency=0.817726 ms (tx_ts=158940417361414, rx_ts=158940418179140) request_id=972097 zil_blk_id=132488 ccf_commit_seqno=972098 nstreams_done_=12500 config.nstreams=20000 avg_latency=0.8711 ms avg throuhgput (requests/sec) = 85.4158 res=false
*==== INFO ====* req_id_count= 13000 stream_id=51996 latency=0.801509 ms (tx_ts=158946257856378, rx_ts=158946258657887) request_id=1011133 zil_blk_id=137971 ccf_commit_seqno=1011134 nstreams_done_=13000 config.nstreams=20000 avg_latency=0.8703 ms avg throuhgput (requests/sec) = 85.4232 res=false
*==== INFO ====* req_id_count= 13500 stream_id=53996 latency=1.045936 ms (tx_ts=158952126422499, rx_ts=158952127468435) request_id=1050163 zil_blk_id=143456 ccf_commit_seqno=1050164 nstreams_done_=13500 config.nstreams=20000 avg_latency=0.8713 ms avg throuhgput (requests/sec) = 85.4148 res=false
*==== INFO ====* req_id_count= 14000 stream_id=55996 latency=0.978256 ms (tx_ts=158957965837356, rx_ts=158957966815612) request_id=1089211 zil_blk_id=148932 ccf_commit_seqno=1089213 nstreams_done_=14000 config.nstreams=20000 avg_latency=0.8706 ms avg throuhgput (requests/sec) = 85.4223 res=false
*==== INFO ====* req_id_count= 14500 stream_id=57996 latency=0.596846 ms (tx_ts=158963824788023, rx_ts=158963825384869) request_id=1128364 zil_blk_id=154426 ccf_commit_seqno=1128364 nstreams_done_=14500 config.nstreams=20000 avg_latency=0.8699 ms avg throuhgput (requests/sec) = 85.4196 res=false
*==== INFO ====* req_id_count= 15000 stream_id=59996 latency=1.156737 ms (tx_ts=158969672622246, rx_ts=158969673778983) request_id=1167432 zil_blk_id=159907 ccf_commit_seqno=1167432 nstreams_done_=15000 config.nstreams=20000 avg_latency=0.8700 ms avg throuhgput (requests/sec) = 85.4221 res=false
*==== INFO ====* req_id_count= 15500 stream_id=61996 latency=1.022852 ms (tx_ts=158975527382666, rx_ts=158975528405518) request_id=1206576 zil_blk_id=165396 ccf_commit_seqno=1206579 nstreams_done_=15500 config.nstreams=20000 avg_latency=0.8697 ms avg throuhgput (requests/sec) = 85.4215 res=false
*==== INFO ====* req_id_count= 16000 stream_id=63996 latency=0.984380 ms (tx_ts=158981360737289, rx_ts=158981361721669) request_id=1245619 zil_blk_id=170864 ccf_commit_seqno=1245626 nstreams_done_=16000 config.nstreams=20000 avg_latency=0.8689 ms avg throuhgput (requests/sec) = 85.4306 res=false
*==== INFO ====* req_id_count= 16500 stream_id=65996 latency=0.806888 ms (tx_ts=158987222599975, rx_ts=158987223406863) request_id=1284804 zil_blk_id=176360 ccf_commit_seqno=1284804 nstreams_done_=16500 config.nstreams=20000 avg_latency=0.8689 ms avg throuhgput (requests/sec) = 85.4266 res=false
*==== INFO ====* req_id_count= 17000 stream_id=67996 latency=1.037488 ms (tx_ts=158993073046946, rx_ts=158993074084434) request_id=1323939 zil_blk_id=181844 ccf_commit_seqno=1323947 nstreams_done_=17000 config.nstreams=20000 avg_latency=0.8690 ms avg throuhgput (requests/sec) = 85.4276 res=false
*==== INFO ====* req_id_count= 17500 stream_id=69996 latency=0.728762 ms (tx_ts=158998913377192, rx_ts=158998914105954) request_id=1363011 zil_blk_id=187294 ccf_commit_seqno=1363011 nstreams_done_=17500 config.nstreams=20000 avg_latency=0.8692 ms avg throuhgput (requests/sec) = 85.4330 res=false
*==== INFO ====* req_id_count= 18000 stream_id=71996 latency=0.938725 ms (tx_ts=159004777338128, rx_ts=159004778276853) request_id=1402287 zil_blk_id=192777 ccf_commit_seqno=1402289 nstreams_done_=18000 config.nstreams=20000 avg_latency=0.8694 ms avg throuhgput (requests/sec) = 85.4283 res=false
*==== INFO ====* req_id_count= 18500 stream_id=73996 latency=1.022602 ms (tx_ts=159010619870608, rx_ts=159010620893210) request_id=1441536 zil_blk_id=198246 ccf_commit_seqno=1441539 nstreams_done_=18500 config.nstreams=20000 avg_latency=0.8693 ms avg throuhgput (requests/sec) = 85.4323 res=false
*==== INFO ====* req_id_count= 19000 stream_id=75996 latency=0.778125 ms (tx_ts=159016444075701, rx_ts=159016444853826) request_id=1480601 zil_blk_id=203696 ccf_commit_seqno=1480605 nstreams_done_=19000 config.nstreams=20000 avg_latency=0.8683 ms avg throuhgput (requests/sec) = 85.4433 res=false
*==== INFO ====* req_id_count= 19500 stream_id=77996 latency=0.759440 ms (tx_ts=159022289185633, rx_ts=159022289945073) request_id=1519745 zil_blk_id=209168 ccf_commit_seqno=1519746 nstreams_done_=19500 config.nstreams=20000 avg_latency=0.8681 ms avg throuhgput (requests/sec) = 85.4458 res=false
*==== INFO ====* http_end_stream ALL streams done! nstreams_done_=20000 avg_latency=0.8679 msreq_id_count= 20000
*==== INFO ====* req_id_count= 20000 stream_id=79996 latency=0.852083 ms (tx_ts=159028131978504, rx_ts=159028132830587) request_id=1558214 zil_blk_id=214638 ccf_commit_seqno=1558216 nstreams_done_=20000 config.nstreams=20000 avg_latency=0.8679 ms avg throuhgput (requests/sec) = 85.4490 res=true
