Uniform: 961359 225130 869489 484357 59107 
Exponential: -2147483648 -2147483648 -2147483648 -2147483648 -2147483648 
Truncated Normal: 473659 313326 459805 36178 167250 
*==== INFO ====* req_id_count= 500 stream_id=1996 latency=1.087343 ms (tx_ts=158800116789727, rx_ts=158800117877070) request_id=39063 zil_blk_id=1996 ccf_commit_seqno=39064 nstreams_done_=500 config.nstreams=20000 avg_latency=0.9291 ms avg throuhgput (requests/sec) = 82.8540 res=false
*==== INFO ====* req_id_count= 1000 stream_id=3996 latency=1.086542 ms (tx_ts=158806183309216, rx_ts=158806184395758) request_id=79057 zil_blk_id=3996 ccf_commit_seqno=79059 nstreams_done_=1000 config.nstreams=20000 avg_latency=0.9438 ms avg throuhgput (requests/sec) = 82.6362 res=false
*==== INFO ====* req_id_count= 1500 stream_id=5996 latency=1.268994 ms (tx_ts=158812233575055, rx_ts=158812234844049) request_id=119011 zil_blk_id=5996 ccf_commit_seqno=119012 nstreams_done_=1500 config.nstreams=20000 avg_latency=0.9375 ms avg throuhgput (requests/sec) = 82.6370 res=false
*==== INFO ====* req_id_count= 2000 stream_id=7996 latency=0.850457 ms (tx_ts=158818280053955, rx_ts=158818280904412) request_id=159001 zil_blk_id=7996 ccf_commit_seqno=159001 nstreams_done_=2000 config.nstreams=20000 avg_latency=0.9355 ms avg throuhgput (requests/sec) = 82.6523 res=false
*==== INFO ====* req_id_count= 2500 stream_id=9996 latency=1.035577 ms (tx_ts=158824329496748, rx_ts=158824330532325) request_id=199130 zil_blk_id=9996 ccf_commit_seqno=199133 nstreams_done_=2500 config.nstreams=20000 avg_latency=0.9375 ms avg throuhgput (requests/sec) = 82.6518 res=false
*==== INFO ====* req_id_count= 3000 stream_id=11996 latency=0.751786 ms (tx_ts=158830387099185, rx_ts=158830387850971) request_id=239312 zil_blk_id=11996 ccf_commit_seqno=239312 nstreams_done_=3000 config.nstreams=20000 avg_latency=0.9370 ms avg throuhgput (requests/sec) = 82.6340 res=false
*==== INFO ====* req_id_count= 3500 stream_id=13996 latency=1.096594 ms (tx_ts=158836458100431, rx_ts=158836459197025) request_id=279556 zil_blk_id=13996 ccf_commit_seqno=279559 nstreams_done_=3500 config.nstreams=20000 avg_latency=0.9403 ms avg throuhgput (requests/sec) = 82.5939 res=false
*==== INFO ====* req_id_count= 4000 stream_id=15996 latency=0.754862 ms (tx_ts=158842494934852, rx_ts=158842495689714) request_id=319665 zil_blk_id=15996 ccf_commit_seqno=319666 nstreams_done_=4000 config.nstreams=20000 avg_latency=0.9386 ms avg throuhgput (requests/sec) = 82.6232 res=false
*==== INFO ====* req_id_count= 4500 stream_id=17996 latency=0.648614 ms (tx_ts=158848549627528, rx_ts=158848550276142) request_id=359912 zil_blk_id=17996 ccf_commit_seqno=359912 nstreams_done_=4500 config.nstreams=20000 avg_latency=0.9382 ms avg throuhgput (requests/sec) = 82.6187 res=false
*==== INFO ====* req_id_count= 5000 stream_id=19996 latency=0.648031 ms (tx_ts=158854610741641, rx_ts=158854611389672) request_id=400178 zil_blk_id=19996 ccf_commit_seqno=400178 nstreams_done_=5000 config.nstreams=20000 avg_latency=0.9375 ms avg throuhgput (requests/sec) = 82.6061 res=false
*==== INFO ====* req_id_count= 5500 stream_id=21996 latency=0.990151 ms (tx_ts=158860652232155, rx_ts=158860653222306) request_id=440387 zil_blk_id=21996 ccf_commit_seqno=440390 nstreams_done_=5500 config.nstreams=20000 avg_latency=0.9360 ms avg throuhgput (requests/sec) = 82.6197 res=false
*==== INFO ====* req_id_count= 6000 stream_id=23996 latency=0.649121 ms (tx_ts=158866708686128, rx_ts=158866709335249) request_id=480638 zil_blk_id=23996 ccf_commit_seqno=480638 nstreams_done_=6000 config.nstreams=20000 avg_latency=0.9378 ms avg throuhgput (requests/sec) = 82.6148 res=false
*==== INFO ====* req_id_count= 6500 stream_id=25996 latency=1.106098 ms (tx_ts=158872764603544, rx_ts=158872765709642) request_id=520929 zil_blk_id=25996 ccf_commit_seqno=520930 nstreams_done_=6500 config.nstreams=20000 avg_latency=0.9392 ms avg throuhgput (requests/sec) = 82.6104 res=false
*==== INFO ====* req_id_count= 7000 stream_id=27996 latency=0.856691 ms (tx_ts=158878803715682, rx_ts=158878804572373) request_id=561101 zil_blk_id=27996 ccf_commit_seqno=561103 nstreams_done_=7000 config.nstreams=20000 avg_latency=0.9399 ms avg throuhgput (requests/sec) = 82.6237 res=false
*==== INFO ====* req_id_count= 7500 stream_id=29996 latency=0.952582 ms (tx_ts=158884893518503, rx_ts=158884894471085) request_id=601557 zil_blk_id=29996 ccf_commit_seqno=601558 nstreams_done_=7500 config.nstreams=20000 avg_latency=0.9437 ms avg throuhgput (requests/sec) = 82.5888 res=false
*==== INFO ====* req_id_count= 8000 stream_id=31996 latency=1.222356 ms (tx_ts=158890912368258, rx_ts=158890913590614) request_id=641730 zil_blk_id=31996 ccf_commit_seqno=641731 nstreams_done_=8000 config.nstreams=20000 avg_latency=0.9410 ms avg throuhgput (requests/sec) = 82.6187 res=false
*==== INFO ====* req_id_count= 8500 stream_id=33996 latency=0.818612 ms (tx_ts=158896902791155, rx_ts=158896903609767) request_id=681641 zil_blk_id=33996 ccf_commit_seqno=681641 nstreams_done_=8500 config.nstreams=20000 avg_latency=0.9400 ms avg throuhgput (requests/sec) = 82.6684 res=false
*==== INFO ====* req_id_count= 9000 stream_id=35996 latency=0.819382 ms (tx_ts=158902809361046, rx_ts=158902810180428) request_id=721008 zil_blk_id=35996 ccf_commit_seqno=721010 nstreams_done_=9000 config.nstreams=20000 avg_latency=0.9410 ms avg throuhgput (requests/sec) = 82.7761 res=false
*==== INFO ====* req_id_count= 9500 stream_id=37996 latency=1.087606 ms (tx_ts=158908729884362, rx_ts=158908730971968) request_id=760471 zil_blk_id=37996 ccf_commit_seqno=760474 nstreams_done_=9500 config.nstreams=20000 avg_latency=0.9412 ms avg throuhgput (requests/sec) = 82.8625 res=false
*==== INFO ====* req_id_count= 10000 stream_id=39996 latency=1.053280 ms (tx_ts=158914623038921, rx_ts=158914624092201) request_id=799740 zil_blk_id=39996 ccf_commit_seqno=799740 nstreams_done_=10000 config.nstreams=20000 avg_latency=0.9407 ms avg throuhgput (requests/sec) = 82.9594 res=false
*==== INFO ====* req_id_count= 10500 stream_id=41996 latency=0.900371 ms (tx_ts=158920530254101, rx_ts=158920531154472) request_id=839138 zil_blk_id=41996 ccf_commit_seqno=839139 nstreams_done_=10500 config.nstreams=20000 avg_latency=0.9400 ms avg throuhgput (requests/sec) = 83.0381 res=false
*==== INFO ====* req_id_count= 11000 stream_id=43996 latency=1.105407 ms (tx_ts=158926398725037, rx_ts=158926399830444) request_id=878392 zil_blk_id=43996 ccf_commit_seqno=878396 nstreams_done_=11000 config.nstreams=20000 avg_latency=0.9382 ms avg throuhgput (requests/sec) = 83.1339 res=false
*==== INFO ====* req_id_count= 11500 stream_id=45996 latency=1.107601 ms (tx_ts=158932296340969, rx_ts=158932297448570) request_id=917867 zil_blk_id=45996 ccf_commit_seqno=917868 nstreams_done_=11500 config.nstreams=20000 avg_latency=0.9374 ms avg throuhgput (requests/sec) = 83.2041 res=false
*==== INFO ====* req_id_count= 12000 stream_id=47996 latency=1.067661 ms (tx_ts=158938159462427, rx_ts=158938160530088) request_id=957048 zil_blk_id=47996 ccf_commit_seqno=957049 nstreams_done_=12000 config.nstreams=20000 avg_latency=0.9373 ms avg throuhgput (requests/sec) = 83.2886 res=false
*==== INFO ====* req_id_count= 12500 stream_id=49996 latency=0.974812 ms (tx_ts=158944015956193, rx_ts=158944016931005) request_id=996163 zil_blk_id=49996 ccf_commit_seqno=996171 nstreams_done_=12500 config.nstreams=20000 avg_latency=0.9376 ms avg throuhgput (requests/sec) = 83.3701 res=false
*==== INFO ====* req_id_count= 13000 stream_id=51996 latency=1.103232 ms (tx_ts=158949872568347, rx_ts=158949873671579) request_id=1035264 zil_blk_id=51996 ccf_commit_seqno=1035267 nstreams_done_=13000 config.nstreams=20000 avg_latency=0.9377 ms avg throuhgput (requests/sec) = 83.4454 res=false
*==== INFO ====* req_id_count= 13500 stream_id=53996 latency=0.852541 ms (tx_ts=158955748967944, rx_ts=158955749820485) request_id=1074405 zil_blk_id=53996 ccf_commit_seqno=1074405 nstreams_done_=13500 config.nstreams=20000 avg_latency=0.9381 ms avg throuhgput (requests/sec) = 83.5052 res=false
*==== INFO ====* req_id_count= 14000 stream_id=55996 latency=0.905984 ms (tx_ts=158961604326359, rx_ts=158961605232343) request_id=1113547 zil_blk_id=55996 ccf_commit_seqno=1113548 nstreams_done_=14000 config.nstreams=20000 avg_latency=0.9369 ms avg throuhgput (requests/sec) = 83.5711 res=false
*==== INFO ====* req_id_count= 14500 stream_id=57996 latency=0.988108 ms (tx_ts=158967478042438, rx_ts=158967479030546) request_id=1152770 zil_blk_id=57996 ccf_commit_seqno=1152771 nstreams_done_=14500 config.nstreams=20000 avg_latency=0.9366 ms avg throuhgput (requests/sec) = 83.6237 res=false
*==== INFO ====* req_id_count= 15000 stream_id=59996 latency=0.957601 ms (tx_ts=158973334324918, rx_ts=158973335282519) request_id=1191944 zil_blk_id=59996 ccf_commit_seqno=1191945 nstreams_done_=15000 config.nstreams=20000 avg_latency=0.9359 ms avg throuhgput (requests/sec) = 83.6810 res=false
*==== INFO ====* req_id_count= 15500 stream_id=61996 latency=0.987540 ms (tx_ts=158979204106270, rx_ts=158979205093810) request_id=1231200 zil_blk_id=61996 ccf_commit_seqno=1231203 nstreams_done_=15500 config.nstreams=20000 avg_latency=0.9357 ms avg throuhgput (requests/sec) = 83.7286 res=false
*==== INFO ====* req_id_count= 16000 stream_id=63996 latency=0.705929 ms (tx_ts=158985050993575, rx_ts=158985051699504) request_id=1270262 zil_blk_id=63996 ccf_commit_seqno=1270262 nstreams_done_=16000 config.nstreams=20000 avg_latency=0.9351 ms avg throuhgput (requests/sec) = 83.7834 res=false
*==== INFO ====* req_id_count= 16500 stream_id=65996 latency=0.827497 ms (tx_ts=158990917924390, rx_ts=158990918751887) request_id=1309507 zil_blk_id=65996 ccf_commit_seqno=1309508 nstreams_done_=16500 config.nstreams=20000 avg_latency=0.9353 ms avg throuhgput (requests/sec) = 83.8263 res=false
*==== INFO ====* req_id_count= 17000 stream_id=67996 latency=1.276517 ms (tx_ts=158996779413805, rx_ts=158996780690322) request_id=1348724 zil_blk_id=67996 ccf_commit_seqno=1348728 nstreams_done_=17000 config.nstreams=20000 avg_latency=0.9356 ms avg throuhgput (requests/sec) = 83.8688 res=false
*==== INFO ====* req_id_count= 17500 stream_id=69996 latency=1.108984 ms (tx_ts=159002621202337, rx_ts=159002622311321) request_id=1387869 zil_blk_id=69996 ccf_commit_seqno=1387871 nstreams_done_=17500 config.nstreams=20000 avg_latency=0.9351 ms avg throuhgput (requests/sec) = 83.9171 res=false
*==== INFO ====* req_id_count= 18000 stream_id=71996 latency=0.771683 ms (tx_ts=159008472013265, rx_ts=159008472784948) request_id=1427090 zil_blk_id=71996 ccf_commit_seqno=1427090 nstreams_done_=18000 config.nstreams=20000 avg_latency=0.9350 ms avg throuhgput (requests/sec) = 83.9593 res=false
*==== INFO ====* req_id_count= 18500 stream_id=73996 latency=1.259585 ms (tx_ts=159014312215934, rx_ts=159014313475519) request_id=1466294 zil_blk_id=73996 ccf_commit_seqno=1466296 nstreams_done_=18500 config.nstreams=20000 avg_latency=0.9342 ms avg throuhgput (requests/sec) = 84.0030 res=false
*==== INFO ====* req_id_count= 19000 stream_id=75996 latency=1.019920 ms (tx_ts=159020177712544, rx_ts=159020178732464) request_id=1505586 zil_blk_id=75996 ccf_commit_seqno=1505592 nstreams_done_=19000 config.nstreams=20000 avg_latency=0.9338 ms avg throuhgput (requests/sec) = 84.0353 res=false
*==== INFO ====* req_id_count= 19500 stream_id=77996 latency=1.316111 ms (tx_ts=159026040741179, rx_ts=159026042057290) request_id=1544839 zil_blk_id=77996 ccf_commit_seqno=1544840 nstreams_done_=19500 config.nstreams=20000 avg_latency=0.9341 ms avg throuhgput (requests/sec) = 84.0666 res=false
*==== INFO ====* http_end_stream ALL streams done! nstreams_done_=20000 avg_latency=0.9334 msreq_id_count= 20000
*==== INFO ====* req_id_count= 20000 stream_id=79996 latency=0.642638 ms (tx_ts=159031880218297, rx_ts=159031880860935) request_id=1577362 zil_blk_id=79996 ccf_commit_seqno=1577362 nstreams_done_=20000 config.nstreams=20000 avg_latency=0.9334 ms avg throuhgput (requests/sec) = 84.1051 res=true
