Uniform: 62102 298204 15592 902155 307951 
Exponential: -2147483648 -2147483648 -2147483648 -2147483648 -2147483648 
Truncated Normal: 581845 732642 235132 544112 601114 
*==== INFO ====* req_id_count= 500 stream_id=1996 latency=1.083496 ms (tx_ts=158800152127570, rx_ts=158800153211066) request_id=39294 zil_blk_id=1996 ccf_commit_seqno=39296 nstreams_done_=500 config.nstreams=20000 avg_latency=1.0090 ms avg throuhgput (requests/sec) = 82.4654 res=false
*==== INFO ====* req_id_count= 1000 stream_id=3996 latency=1.069650 ms (tx_ts=158806182419534, rx_ts=158806183489184) request_id=79041 zil_blk_id=3996 ccf_commit_seqno=79044 nstreams_done_=1000 config.nstreams=20000 avg_latency=1.0068 ms avg throuhgput (requests/sec) = 82.6895 res=false
*==== INFO ====* req_id_count= 1500 stream_id=5996 latency=0.976967 ms (tx_ts=158812146906585, rx_ts=158812147883552) request_id=118447 zil_blk_id=5996 ccf_commit_seqno=118447 nstreams_done_=1500 config.nstreams=20000 avg_latency=0.9993 ms avg throuhgput (requests/sec) = 83.0665 res=false
*==== INFO ====* req_id_count= 2000 stream_id=7996 latency=1.034226 ms (tx_ts=158818127683954, rx_ts=158818128718180) request_id=157997 zil_blk_id=7996 ccf_commit_seqno=157997 nstreams_done_=2000 config.nstreams=20000 avg_latency=1.0087 ms avg throuhgput (requests/sec) = 83.1993 res=false
*==== INFO ====* req_id_count= 2500 stream_id=9996 latency=1.147239 ms (tx_ts=158824078717881, rx_ts=158824079865120) request_id=197482 zil_blk_id=9996 ccf_commit_seqno=197484 nstreams_done_=2500 config.nstreams=20000 avg_latency=1.0052 ms avg throuhgput (requests/sec) = 83.3617 res=false
*==== INFO ====* req_id_count= 3000 stream_id=11996 latency=0.809574 ms (tx_ts=158830029975407, rx_ts=158830030784981) request_id=236952 zil_blk_id=11996 ccf_commit_seqno=236952 nstreams_done_=3000 config.nstreams=20000 avg_latency=1.0052 ms avg throuhgput (requests/sec) = 83.4708 res=false
*==== INFO ====* req_id_count= 3500 stream_id=13996 latency=0.759040 ms (tx_ts=158835940675004, rx_ts=158835941434044) request_id=276121 zil_blk_id=13996 ccf_commit_seqno=276121 nstreams_done_=3500 config.nstreams=20000 avg_latency=1.0054 ms avg throuhgput (requests/sec) = 83.6293 res=false
*==== INFO ====* req_id_count= 4000 stream_id=15996 latency=0.912747 ms (tx_ts=158841812622670, rx_ts=158841813535417) request_id=315121 zil_blk_id=15996 ccf_commit_seqno=315122 nstreams_done_=4000 config.nstreams=20000 avg_latency=1.0036 ms avg throuhgput (requests/sec) = 83.8162 res=false
*==== INFO ====* req_id_count= 4500 stream_id=17996 latency=1.146897 ms (tx_ts=158847697446931, rx_ts=158847698593828) request_id=354260 zil_blk_id=17996 ccf_commit_seqno=354262 nstreams_done_=4500 config.nstreams=20000 avg_latency=1.0043 ms avg throuhgput (requests/sec) = 83.9419 res=false
*==== INFO ====* req_id_count= 5000 stream_id=19996 latency=0.849428 ms (tx_ts=158853588346453, rx_ts=158853589195881) request_id=393424 zil_blk_id=19996 ccf_commit_seqno=393424 nstreams_done_=5000 config.nstreams=20000 avg_latency=1.0042 ms avg throuhgput (requests/sec) = 84.0348 res=false
*==== INFO ====* req_id_count= 5500 stream_id=21996 latency=0.823700 ms (tx_ts=158859481350264, rx_ts=158859482173964) request_id=432594 zil_blk_id=21996 ccf_commit_seqno=432594 nstreams_done_=5500 config.nstreams=20000 avg_latency=1.0068 ms avg throuhgput (requests/sec) = 84.1080 res=false
*==== INFO ====* req_id_count= 6000 stream_id=23996 latency=1.050566 ms (tx_ts=158865368316766, rx_ts=158865369367332) request_id=471749 zil_blk_id=23996 ccf_commit_seqno=471754 nstreams_done_=6000 config.nstreams=20000 avg_latency=1.0068 ms avg throuhgput (requests/sec) = 84.1759 res=false
*==== INFO ====* req_id_count= 6500 stream_id=25996 latency=0.963452 ms (tx_ts=158871253118317, rx_ts=158871254081769) request_id=510851 zil_blk_id=25996 ccf_commit_seqno=510851 nstreams_done_=6500 config.nstreams=20000 avg_latency=1.0079 ms avg throuhgput (requests/sec) = 84.2361 res=false
*==== INFO ====* req_id_count= 7000 stream_id=27996 latency=1.674584 ms (tx_ts=158877147172969, rx_ts=158877148847553) request_id=550059 zil_blk_id=27996 ccf_commit_seqno=550060 nstreams_done_=7000 config.nstreams=20000 avg_latency=1.0088 ms avg throuhgput (requests/sec) = 84.2777 res=false
*==== INFO ====* req_id_count= 7500 stream_id=29996 latency=0.964980 ms (tx_ts=158883030034315, rx_ts=158883030999295) request_id=589153 zil_blk_id=29996 ccf_commit_seqno=589155 nstreams_done_=7500 config.nstreams=20000 avg_latency=1.0074 ms avg throuhgput (requests/sec) = 84.3256 res=false
*==== INFO ====* req_id_count= 8000 stream_id=31996 latency=0.643744 ms (tx_ts=158888892390311, rx_ts=158888893034055) request_id=628252 zil_blk_id=31996 ccf_commit_seqno=628252 nstreams_done_=8000 config.nstreams=20000 avg_latency=1.0061 ms avg throuhgput (requests/sec) = 84.3855 res=false
*==== INFO ====* req_id_count= 8500 stream_id=33996 latency=1.029200 ms (tx_ts=158894777138760, rx_ts=158894778167960) request_id=667483 zil_blk_id=33996 ccf_commit_seqno=667484 nstreams_done_=8500 config.nstreams=20000 avg_latency=1.0073 ms avg throuhgput (requests/sec) = 84.4191 res=false
*==== INFO ====* req_id_count= 9000 stream_id=35996 latency=0.748149 ms (tx_ts=158900663931445, rx_ts=158900664679594) request_id=706700 zil_blk_id=35996 ccf_commit_seqno=706700 nstreams_done_=9000 config.nstreams=20000 avg_latency=1.0065 ms avg throuhgput (requests/sec) = 84.4479 res=false
*==== INFO ====* req_id_count= 9500 stream_id=37996 latency=1.155882 ms (tx_ts=158906550466039, rx_ts=158906551621921) request_id=745942 zil_blk_id=37996 ccf_commit_seqno=745944 nstreams_done_=9500 config.nstreams=20000 avg_latency=1.0079 ms avg throuhgput (requests/sec) = 84.4733 res=false
*==== INFO ====* req_id_count= 10000 stream_id=39996 latency=0.932804 ms (tx_ts=158912427977360, rx_ts=158912428910164) request_id=785156 zil_blk_id=39996 ccf_commit_seqno=785157 nstreams_done_=10000 config.nstreams=20000 avg_latency=1.0074 ms avg throuhgput (requests/sec) = 84.5031 res=false
*==== INFO ====* req_id_count= 10500 stream_id=41996 latency=1.009808 ms (tx_ts=158918314924238, rx_ts=158918315934046) request_id=824376 zil_blk_id=41996 ccf_commit_seqno=824378 nstreams_done_=10500 config.nstreams=20000 avg_latency=1.0081 ms avg throuhgput (requests/sec) = 84.5235 res=false
*==== INFO ====* req_id_count= 11000 stream_id=43996 latency=1.112631 ms (tx_ts=158924204146461, rx_ts=158924205259092) request_id=863688 zil_blk_id=43996 ccf_commit_seqno=863691 nstreams_done_=11000 config.nstreams=20000 avg_latency=1.0093 ms avg throuhgput (requests/sec) = 84.5405 res=false
*==== INFO ====* req_id_count= 11500 stream_id=45996 latency=0.765962 ms (tx_ts=158930075681950, rx_ts=158930076447912) request_id=902993 zil_blk_id=45996 ccf_commit_seqno=902993 nstreams_done_=11500 config.nstreams=20000 avg_latency=1.0090 ms avg throuhgput (requests/sec) = 84.5673 res=false
*==== INFO ====* req_id_count= 12000 stream_id=47996 latency=1.133329 ms (tx_ts=158935939394414, rx_ts=158935940527743) request_id=942224 zil_blk_id=47996 ccf_commit_seqno=942227 nstreams_done_=12000 config.nstreams=20000 avg_latency=1.0076 ms avg throuhgput (requests/sec) = 84.5961 res=false
*==== INFO ====* req_id_count= 12500 stream_id=49996 latency=1.102999 ms (tx_ts=158941829046741, rx_ts=158941830149740) request_id=981543 zil_blk_id=49996 ccf_commit_seqno=981546 nstreams_done_=12500 config.nstreams=20000 avg_latency=1.0085 ms avg throuhgput (requests/sec) = 84.6080 res=false
*==== INFO ====* req_id_count= 13000 stream_id=51996 latency=1.127227 ms (tx_ts=158947705018986, rx_ts=158947706146213) request_id=1020769 zil_blk_id=51996 ccf_commit_seqno=1020770 nstreams_done_=13000 config.nstreams=20000 avg_latency=1.0082 ms avg throuhgput (requests/sec) = 84.6266 res=false
*==== INFO ====* req_id_count= 13500 stream_id=53996 latency=1.094844 ms (tx_ts=158953611955822, rx_ts=158953613050666) request_id=1060144 zil_blk_id=53996 ccf_commit_seqno=1060146 nstreams_done_=13500 config.nstreams=20000 avg_latency=1.0105 ms avg throuhgput (requests/sec) = 84.6273 res=false
*==== INFO ====* req_id_count= 14000 stream_id=55996 latency=1.180544 ms (tx_ts=158959506153572, rx_ts=158959507334116) request_id=1099509 zil_blk_id=55996 ccf_commit_seqno=1099512 nstreams_done_=14000 config.nstreams=20000 avg_latency=1.0098 ms avg throuhgput (requests/sec) = 84.6345 res=false
*==== INFO ====* req_id_count= 14500 stream_id=57996 latency=0.985883 ms (tx_ts=158965395942640, rx_ts=158965396928523) request_id=1138848 zil_blk_id=57996 ccf_commit_seqno=1138849 nstreams_done_=14500 config.nstreams=20000 avg_latency=1.0101 ms avg throuhgput (requests/sec) = 84.6434 res=false
*==== INFO ====* req_id_count= 15000 stream_id=59996 latency=0.994177 ms (tx_ts=158971290912154, rx_ts=158971291906331) request_id=1178274 zil_blk_id=59996 ccf_commit_seqno=1178278 nstreams_done_=15000 config.nstreams=20000 avg_latency=1.0111 ms avg throuhgput (requests/sec) = 84.6492 res=false
*==== INFO ====* req_id_count= 15500 stream_id=61996 latency=1.218890 ms (tx_ts=158977173435823, rx_ts=158977174654713) request_id=1217592 zil_blk_id=61996 ccf_commit_seqno=1217595 nstreams_done_=15500 config.nstreams=20000 avg_latency=1.0113 ms avg throuhgput (requests/sec) = 84.6603 res=false
*==== INFO ====* req_id_count= 16000 stream_id=63996 latency=1.185266 ms (tx_ts=158983067786338, rx_ts=158983068971604) request_id=1257025 zil_blk_id=63996 ccf_commit_seqno=1257031 nstreams_done_=16000 config.nstreams=20000 avg_latency=1.0122 ms avg throuhgput (requests/sec) = 84.6655 res=false
*==== INFO ====* req_id_count= 16500 stream_id=65996 latency=0.713384 ms (tx_ts=158988974822104, rx_ts=158988975535488) request_id=1296521 zil_blk_id=65996 ccf_commit_seqno=1296521 nstreams_done_=16500 config.nstreams=20000 avg_latency=1.0119 ms avg throuhgput (requests/sec) = 84.6651 res=false
*==== INFO ====* req_id_count= 17000 stream_id=67996 latency=1.070021 ms (tx_ts=158994875242059, rx_ts=158994876312080) request_id=1335984 zil_blk_id=67996 ccf_commit_seqno=1335986 nstreams_done_=17000 config.nstreams=20000 avg_latency=1.0129 ms avg throuhgput (requests/sec) = 84.6672 res=false
*==== INFO ====* req_id_count= 17500 stream_id=69996 latency=0.999973 ms (tx_ts=159000775817209, rx_ts=159000776817182) request_id=1375464 zil_blk_id=69996 ccf_commit_seqno=1375465 nstreams_done_=17500 config.nstreams=20000 avg_latency=1.0140 ms avg throuhgput (requests/sec) = 84.6692 res=false
*==== INFO ====* req_id_count= 18000 stream_id=71996 latency=0.731828 ms (tx_ts=159006639065137, rx_ts=159006639796965) request_id=1414769 zil_blk_id=71996 ccf_commit_seqno=1414769 nstreams_done_=18000 config.nstreams=20000 avg_latency=1.0137 ms avg throuhgput (requests/sec) = 84.6861 res=false
*==== INFO ====* req_id_count= 18500 stream_id=73996 latency=0.774084 ms (tx_ts=159012510781359, rx_ts=159012511555443) request_id=1454217 zil_blk_id=73996 ccf_commit_seqno=1454218 nstreams_done_=18500 config.nstreams=20000 avg_latency=1.0143 ms avg throuhgput (requests/sec) = 84.6986 res=false
*==== INFO ====* req_id_count= 19000 stream_id=75996 latency=1.185276 ms (tx_ts=159018374902819, rx_ts=159018376088095) request_id=1493541 zil_blk_id=75996 ccf_commit_seqno=1493543 nstreams_done_=19000 config.nstreams=20000 avg_latency=1.0139 ms avg throuhgput (requests/sec) = 84.7133 res=false
*==== INFO ====* req_id_count= 19500 stream_id=77996 latency=0.714396 ms (tx_ts=159024257751002, rx_ts=159024258465398) request_id=1532894 zil_blk_id=77996 ccf_commit_seqno=1532894 nstreams_done_=19500 config.nstreams=20000 avg_latency=1.0143 ms avg throuhgput (requests/sec) = 84.7206 res=false
*==== INFO ====* http_end_stream ALL streams done! nstreams_done_=20000 avg_latency=1.0146 msreq_id_count= 20000
*==== INFO ====* req_id_count= 20000 stream_id=79996 latency=1.071826 ms (tx_ts=159030161897368, rx_ts=159030162969194) request_id=1569528 zil_blk_id=79996 ccf_commit_seqno=1569528 nstreams_done_=20000 config.nstreams=20000 avg_latency=1.0146 ms avg throuhgput (requests/sec) = 84.7196 res=true
