Uniform: 559979 137511 991374 635628 636840 
Exponential: -2147483648 -2147483648 -2147483648 -2147483648 -2147483648 
Truncated Normal: 704486 618977 303033 741230 259355 
*==== INFO ====* req_id_count= 500 stream_id=1996 latency=1.260733 ms (tx_ts=158800342020903, rx_ts=158800343281636) request_id=40518 zil_blk_id=1996 ccf_commit_seqno=40519 nstreams_done_=500 config.nstreams=20000 avg_latency=1.3329 ms avg throuhgput (requests/sec) = 80.3001 res=false
*==== INFO ====* req_id_count= 1000 stream_id=3996 latency=1.076313 ms (tx_ts=158806499818058, rx_ts=158806500894371) request_id=81122 zil_blk_id=3996 ccf_commit_seqno=81122 nstreams_done_=1000 config.nstreams=20000 avg_latency=1.3365 ms avg throuhgput (requests/sec) = 80.7477 res=false
*==== INFO ====* req_id_count= 1500 stream_id=5996 latency=1.134261 ms (tx_ts=158812659043777, rx_ts=158812660178038) request_id=121815 zil_blk_id=5996 ccf_commit_seqno=121816 nstreams_done_=1500 config.nstreams=20000 avg_latency=1.3241 ms avg throuhgput (requests/sec) = 80.8907 res=false
*==== INFO ====* req_id_count= 2000 stream_id=7996 latency=1.036849 ms (tx_ts=158818828906068, rx_ts=158818829942917) request_id=162638 zil_blk_id=7996 ccf_commit_seqno=162638 nstreams_done_=2000 config.nstreams=20000 avg_latency=1.3224 ms avg throuhgput (requests/sec) = 80.9281 res=false
*==== INFO ====* req_id_count= 2500 stream_id=9996 latency=1.444596 ms (tx_ts=158824981189002, rx_ts=158824982633598) request_id=203441 zil_blk_id=9996 ccf_commit_seqno=203444 nstreams_done_=2500 config.nstreams=20000 avg_latency=1.3149 ms avg throuhgput (requests/sec) = 80.9953 res=false
*==== INFO ====* req_id_count= 3000 stream_id=11996 latency=1.490536 ms (tx_ts=158831119959375, rx_ts=158831121449911) request_id=244158 zil_blk_id=11996 ccf_commit_seqno=244160 nstreams_done_=3000 config.nstreams=20000 avg_latency=1.3104 ms avg throuhgput (requests/sec) = 81.0705 res=false
*==== INFO ====* req_id_count= 3500 stream_id=13996 latency=1.126526 ms (tx_ts=158837286601752, rx_ts=158837287728278) request_id=285060 zil_blk_id=13996 ccf_commit_seqno=285061 nstreams_done_=3500 config.nstreams=20000 avg_latency=1.3131 ms avg throuhgput (requests/sec) = 81.0728 res=false
*==== INFO ====* req_id_count= 4000 stream_id=15996 latency=1.306623 ms (tx_ts=158843428773982, rx_ts=158843430080605) request_id=325885 zil_blk_id=15996 ccf_commit_seqno=325886 nstreams_done_=4000 config.nstreams=20000 avg_latency=1.3129 ms avg throuhgput (requests/sec) = 81.1138 res=false
*==== INFO ====* req_id_count= 4500 stream_id=17996 latency=1.214227 ms (tx_ts=158849540964753, rx_ts=158849542178980) request_id=366482 zil_blk_id=17996 ccf_commit_seqno=366483 nstreams_done_=4500 config.nstreams=20000 avg_latency=1.3162 ms avg throuhgput (requests/sec) = 81.1900 res=false
*==== INFO ====* req_id_count= 5000 stream_id=19996 latency=1.105320 ms (tx_ts=158855642936337, rx_ts=158855644041657) request_id=407056 zil_blk_id=19996 ccf_commit_seqno=407056 nstreams_done_=5000 config.nstreams=20000 avg_latency=1.3180 ms avg throuhgput (requests/sec) = 81.2646 res=false
*==== INFO ====* req_id_count= 5500 stream_id=21996 latency=1.385530 ms (tx_ts=158861700751325, rx_ts=158861702136855) request_id=447370 zil_blk_id=21996 ccf_commit_seqno=447373 nstreams_done_=5500 config.nstreams=20000 avg_latency=1.3164 ms avg throuhgput (requests/sec) = 81.3784 res=false
*==== INFO ====* req_id_count= 6000 stream_id=23996 latency=1.398555 ms (tx_ts=158867790742315, rx_ts=158867792140870) request_id=487830 zil_blk_id=23996 ccf_commit_seqno=487830 nstreams_done_=6000 config.nstreams=20000 avg_latency=1.3200 ms avg throuhgput (requests/sec) = 81.4382 res=false
*==== INFO ====* req_id_count= 6500 stream_id=25996 latency=1.180587 ms (tx_ts=158873900087672, rx_ts=158873901268259) request_id=528436 zil_blk_id=25996 ccf_commit_seqno=528437 nstreams_done_=6500 config.nstreams=20000 avg_latency=1.3248 ms avg throuhgput (requests/sec) = 81.4693 res=false
*==== INFO ====* req_id_count= 7000 stream_id=27996 latency=1.995050 ms (tx_ts=158880003996581, rx_ts=158880005991631) request_id=569109 zil_blk_id=27996 ccf_commit_seqno=569109 nstreams_done_=7000 config.nstreams=20000 avg_latency=1.3273 ms avg throuhgput (requests/sec) = 81.5002 res=false
*==== INFO ====* req_id_count= 7500 stream_id=29996 latency=1.194353 ms (tx_ts=158886089824289, rx_ts=158886091018642) request_id=609557 zil_blk_id=29996 ccf_commit_seqno=609560 nstreams_done_=7500 config.nstreams=20000 avg_latency=1.3272 ms avg throuhgput (requests/sec) = 81.5444 res=false
*==== INFO ====* req_id_count= 8000 stream_id=31996 latency=1.137197 ms (tx_ts=158892145824012, rx_ts=158892146961209) request_id=649976 zil_blk_id=31996 ccf_commit_seqno=649977 nstreams_done_=8000 config.nstreams=20000 avg_latency=1.3258 ms avg throuhgput (requests/sec) = 81.6074 res=false
*==== INFO ====* req_id_count= 8500 stream_id=33996 latency=1.301725 ms (tx_ts=158898248598762, rx_ts=158898249900487) request_id=690617 zil_blk_id=33996 ccf_commit_seqno=690619 nstreams_done_=8500 config.nstreams=20000 avg_latency=1.3273 ms avg throuhgput (requests/sec) = 81.6262 res=false
*==== INFO ====* req_id_count= 9000 stream_id=35996 latency=1.336569 ms (tx_ts=158904340202532, rx_ts=158904341539101) request_id=731225 zil_blk_id=35996 ccf_commit_seqno=731226 nstreams_done_=9000 config.nstreams=20000 avg_latency=1.3285 ms avg throuhgput (requests/sec) = 81.6512 res=false
*==== INFO ====* req_id_count= 9500 stream_id=37996 latency=1.026229 ms (tx_ts=158910458186560, rx_ts=158910459212789) request_id=772010 zil_blk_id=37996 ccf_commit_seqno=772011 nstreams_done_=9500 config.nstreams=20000 avg_latency=1.3292 ms avg throuhgput (requests/sec) = 81.6554 res=false
*==== INFO ====* req_id_count= 10000 stream_id=39996 latency=1.341116 ms (tx_ts=158916541390273, rx_ts=158916542731389) request_id=812535 zil_blk_id=39996 ccf_commit_seqno=812537 nstreams_done_=10000 config.nstreams=20000 avg_latency=1.3299 ms avg throuhgput (requests/sec) = 81.6819 res=false
*==== INFO ====* req_id_count= 10500 stream_id=41996 latency=1.288770 ms (tx_ts=158922593237822, rx_ts=158922594526592) request_id=852938 zil_blk_id=41996 ccf_commit_seqno=852941 nstreams_done_=10500 config.nstreams=20000 avg_latency=1.3285 ms avg throuhgput (requests/sec) = 81.7261 res=false
*==== INFO ====* req_id_count= 11000 stream_id=43996 latency=1.272056 ms (tx_ts=158928660141884, rx_ts=158928661413940) request_id=893530 zil_blk_id=43996 ccf_commit_seqno=893531 nstreams_done_=11000 config.nstreams=20000 avg_latency=1.3289 ms avg throuhgput (requests/sec) = 81.7572 res=false
*==== INFO ====* req_id_count= 11500 stream_id=45996 latency=1.015428 ms (tx_ts=158934714795538, rx_ts=158934715810966) request_id=934018 zil_blk_id=45996 ccf_commit_seqno=934018 nstreams_done_=11500 config.nstreams=20000 avg_latency=1.3278 ms avg throuhgput (requests/sec) = 81.7928 res=false
*==== INFO ====* req_id_count= 12000 stream_id=47996 latency=1.060834 ms (tx_ts=158940796186130, rx_ts=158940797246964) request_id=974627 zil_blk_id=47996 ccf_commit_seqno=974627 nstreams_done_=12000 config.nstreams=20000 avg_latency=1.3266 ms avg throuhgput (requests/sec) = 81.8104 res=false
*==== INFO ====* req_id_count= 12500 stream_id=49996 latency=1.300291 ms (tx_ts=158946866889686, rx_ts=158946868189977) request_id=1015196 zil_blk_id=49996 ccf_commit_seqno=1015200 nstreams_done_=12500 config.nstreams=20000 avg_latency=1.3254 ms avg throuhgput (requests/sec) = 81.8322 res=false
*==== INFO ====* req_id_count= 13000 stream_id=51996 latency=1.367767 ms (tx_ts=158952984965123, rx_ts=158952986332890) request_id=1055946 zil_blk_id=51996 ccf_commit_seqno=1055950 nstreams_done_=13000 config.nstreams=20000 avg_latency=1.3276 ms avg throuhgput (requests/sec) = 81.8281 res=false
*==== INFO ====* req_id_count= 13500 stream_id=53996 latency=1.370722 ms (tx_ts=158959056517025, rx_ts=158959057887747) request_id=1096508 zil_blk_id=53996 ccf_commit_seqno=1096513 nstreams_done_=13500 config.nstreams=20000 avg_latency=1.3277 ms avg throuhgput (requests/sec) = 81.8473 res=false
*==== INFO ====* req_id_count= 14000 stream_id=55996 latency=1.283310 ms (tx_ts=158965111637518, rx_ts=158965112920828) request_id=1136945 zil_blk_id=55996 ccf_commit_seqno=1136945 nstreams_done_=14000 config.nstreams=20000 avg_latency=1.3266 ms avg throuhgput (requests/sec) = 81.8731 res=false
*==== INFO ====* req_id_count= 14500 stream_id=57996 latency=1.095550 ms (tx_ts=158971181730201, rx_ts=158971182825751) request_id=1177543 zil_blk_id=57996 ccf_commit_seqno=1177543 nstreams_done_=14500 config.nstreams=20000 avg_latency=1.3260 ms avg throuhgput (requests/sec) = 81.8903 res=false
*==== INFO ====* req_id_count= 15000 stream_id=59996 latency=1.376644 ms (tx_ts=158977237850879, rx_ts=158977239227523) request_id=1218018 zil_blk_id=59996 ccf_commit_seqno=1218022 nstreams_done_=15000 config.nstreams=20000 avg_latency=1.3255 ms avg throuhgput (requests/sec) = 81.9123 res=false
*==== INFO ====* req_id_count= 15500 stream_id=61996 latency=1.483293 ms (tx_ts=158983308547034, rx_ts=158983310030327) request_id=1258631 zil_blk_id=61996 ccf_commit_seqno=1258634 nstreams_done_=15500 config.nstreams=20000 avg_latency=1.3247 ms avg throuhgput (requests/sec) = 81.9268 res=false
*==== INFO ====* req_id_count= 16000 stream_id=63996 latency=1.322882 ms (tx_ts=158989371021381, rx_ts=158989372344263) request_id=1299167 zil_blk_id=63996 ccf_commit_seqno=1299169 nstreams_done_=16000 config.nstreams=20000 avg_latency=1.3240 ms avg throuhgput (requests/sec) = 81.9438 res=false
*==== INFO ====* req_id_count= 16500 stream_id=65996 latency=1.225415 ms (tx_ts=158995428527674, rx_ts=158995429753089) request_id=1339697 zil_blk_id=65996 ccf_commit_seqno=1339698 nstreams_done_=16500 config.nstreams=20000 avg_latency=1.3233 ms avg throuhgput (requests/sec) = 81.9619 res=false
*==== INFO ====* req_id_count= 17000 stream_id=67996 latency=1.458341 ms (tx_ts=159001510416442, rx_ts=159001511874783) request_id=1380408 zil_blk_id=67996 ccf_commit_seqno=1380411 nstreams_done_=17000 config.nstreams=20000 avg_latency=1.3230 ms avg throuhgput (requests/sec) = 81.9691 res=false
*==== INFO ====* req_id_count= 17500 stream_id=69996 latency=1.203090 ms (tx_ts=159007569098468, rx_ts=159007570301558) request_id=1421023 zil_blk_id=69996 ccf_commit_seqno=1421024 nstreams_done_=17500 config.nstreams=20000 avg_latency=1.3228 ms avg throuhgput (requests/sec) = 81.9850 res=false
*==== INFO ====* req_id_count= 18000 stream_id=71996 latency=1.049002 ms (tx_ts=159013602906356, rx_ts=159013603955358) request_id=1461547 zil_blk_id=71996 ccf_commit_seqno=1461547 nstreams_done_=18000 config.nstreams=20000 avg_latency=1.3218 ms avg throuhgput (requests/sec) = 82.0093 res=false
*==== INFO ====* req_id_count= 18500 stream_id=73996 latency=1.344945 ms (tx_ts=159019649397401, rx_ts=159019650742346) request_id=1502066 zil_blk_id=73996 ccf_commit_seqno=1502069 nstreams_done_=18500 config.nstreams=20000 avg_latency=1.3212 ms avg throuhgput (requests/sec) = 82.0275 res=false
*==== INFO ====* req_id_count= 19000 stream_id=75996 latency=1.085600 ms (tx_ts=159025696541042, rx_ts=159025697626642) request_id=1542537 zil_blk_id=75996 ccf_commit_seqno=1542537 nstreams_done_=19000 config.nstreams=20000 avg_latency=1.3213 ms avg throuhgput (requests/sec) = 82.0447 res=false
*==== INFO ====* req_id_count= 19500 stream_id=77996 latency=1.353571 ms (tx_ts=159031735961749, rx_ts=159031737315320) request_id=1576792 zil_blk_id=77996 ccf_commit_seqno=1576793 nstreams_done_=19500 config.nstreams=20000 avg_latency=1.3201 ms avg throuhgput (requests/sec) = 82.0636 res=false
*==== INFO ====* http_end_stream ALL streams done! nstreams_done_=20000 avg_latency=1.3185 msreq_id_count= 20000
*==== INFO ====* req_id_count= 20000 stream_id=79996 latency=1.141334 ms (tx_ts=159037813393858, rx_ts=159037814535192) request_id=1593376 zil_blk_id=79996 ccf_commit_seqno=1593376 nstreams_done_=20000 config.nstreams=20000 avg_latency=1.3185 ms avg throuhgput (requests/sec) = 82.0688 res=true
