Uniform: 256381 383882 879437 415371 708346 
Exponential: -2147483648 -2147483648 -2147483648 -2147483648 -2147483648 
Truncated Normal: 312623 557341 471244 696815 503559 
*==== INFO ====* req_id_count= 500 stream_id=1996 latency=0.992305 ms (tx_ts=158800199537535, rx_ts=158800200529840) request_id=39597 zil_blk_id=1996 ccf_commit_seqno=39603 nstreams_done_=500 config.nstreams=20000 avg_latency=1.1491 ms avg throuhgput (requests/sec) = 81.9580 res=false
*==== INFO ====* req_id_count= 1000 stream_id=3996 latency=1.012212 ms (tx_ts=158806267680333, rx_ts=158806268692545) request_id=79602 zil_blk_id=3996 ccf_commit_seqno=79602 nstreams_done_=1000 config.nstreams=20000 avg_latency=1.1586 ms avg throuhgput (requests/sec) = 82.1770 res=false
*==== INFO ====* req_id_count= 1500 stream_id=5996 latency=1.299500 ms (tx_ts=158812323121612, rx_ts=158812324421112) request_id=119604 zil_blk_id=5996 ccf_commit_seqno=119604 nstreams_done_=1500 config.nstreams=20000 avg_latency=1.1689 ms avg throuhgput (requests/sec) = 82.3064 res=false
*==== INFO ====* req_id_count= 2000 stream_id=7996 latency=0.982498 ms (tx_ts=158818335806632, rx_ts=158818336789130) request_id=159370 zil_blk_id=7996 ccf_commit_seqno=159371 nstreams_done_=2000 config.nstreams=20000 avg_latency=1.1641 ms avg throuhgput (requests/sec) = 82.5186 res=false
*==== INFO ====* req_id_count= 2500 stream_id=9996 latency=0.999913 ms (tx_ts=158824359468391, rx_ts=158824360468304) request_id=199335 zil_blk_id=9996 ccf_commit_seqno=199336 nstreams_done_=2500 config.nstreams=20000 avg_latency=1.1581 ms avg throuhgput (requests/sec) = 82.6156 res=false
*==== INFO ====* req_id_count= 3000 stream_id=11996 latency=1.287798 ms (tx_ts=158830392201834, rx_ts=158830393489632) request_id=239339 zil_blk_id=11996 ccf_commit_seqno=239343 nstreams_done_=3000 config.nstreams=20000 avg_latency=1.1638 ms avg throuhgput (requests/sec) = 82.6591 res=false
*==== INFO ====* req_id_count= 3500 stream_id=13996 latency=1.149069 ms (tx_ts=158836375617471, rx_ts=158836376766540) request_id=279007 zil_blk_id=13996 ccf_commit_seqno=279009 nstreams_done_=3500 config.nstreams=20000 avg_latency=1.1610 ms avg throuhgput (requests/sec) = 82.7875 res=false
*==== INFO ====* req_id_count= 4000 stream_id=15996 latency=0.884865 ms (tx_ts=158842405717145, rx_ts=158842406602010) request_id=319079 zil_blk_id=15996 ccf_commit_seqno=319079 nstreams_done_=4000 config.nstreams=20000 avg_latency=1.1642 ms avg throuhgput (requests/sec) = 82.8041 res=false
*==== INFO ====* req_id_count= 4500 stream_id=17996 latency=0.771199 ms (tx_ts=158848347173949, rx_ts=158848347945148) request_id=358573 zil_blk_id=17996 ccf_commit_seqno=358573 nstreams_done_=4500 config.nstreams=20000 avg_latency=1.1581 ms avg throuhgput (requests/sec) = 82.9522 res=false
*==== INFO ====* req_id_count= 5000 stream_id=19996 latency=0.807049 ms (tx_ts=158854323343921, rx_ts=158854324150970) request_id=398277 zil_blk_id=19996 ccf_commit_seqno=398277 nstreams_done_=5000 config.nstreams=20000 avg_latency=1.1575 ms avg throuhgput (requests/sec) = 83.0230 res=false
*==== INFO ====* req_id_count= 5500 stream_id=21996 latency=1.216405 ms (tx_ts=158860318305993, rx_ts=158860319522398) request_id=438166 zil_blk_id=21996 ccf_commit_seqno=438167 nstreams_done_=5500 config.nstreams=20000 avg_latency=1.1572 ms avg throuhgput (requests/sec) = 83.0569 res=false
*==== INFO ====* req_id_count= 6000 stream_id=23996 latency=0.845200 ms (tx_ts=158866324279574, rx_ts=158866325124774) request_id=478081 zil_blk_id=23996 ccf_commit_seqno=478081 nstreams_done_=6000 config.nstreams=20000 avg_latency=1.1607 ms avg throuhgput (requests/sec) = 83.0734 res=false
*==== INFO ====* req_id_count= 6500 stream_id=25996 latency=1.328654 ms (tx_ts=158872320967033, rx_ts=158872322295687) request_id=517974 zil_blk_id=25996 ccf_commit_seqno=517977 nstreams_done_=6500 config.nstreams=20000 avg_latency=1.1619 ms avg throuhgput (requests/sec) = 83.0963 res=false
*==== INFO ====* req_id_count= 7000 stream_id=27996 latency=1.105747 ms (tx_ts=158878324621025, rx_ts=158878325726772) request_id=557905 zil_blk_id=27996 ccf_commit_seqno=557907 nstreams_done_=7000 config.nstreams=20000 avg_latency=1.1639 ms avg throuhgput (requests/sec) = 83.1098 res=false
*==== INFO ====* req_id_count= 7500 stream_id=29996 latency=1.217987 ms (tx_ts=158884363130529, rx_ts=158884364348516) request_id=598023 zil_blk_id=29996 ccf_commit_seqno=598025 nstreams_done_=7500 config.nstreams=20000 avg_latency=1.1680 ms avg throuhgput (requests/sec) = 83.0891 res=false
*==== INFO ====* req_id_count= 8000 stream_id=31996 latency=0.989029 ms (tx_ts=158890323487591, rx_ts=158890324476620) request_id=637793 zil_blk_id=31996 ccf_commit_seqno=637794 nstreams_done_=8000 config.nstreams=20000 avg_latency=1.1658 ms avg throuhgput (requests/sec) = 83.1388 res=false
*==== INFO ====* req_id_count= 8500 stream_id=33996 latency=0.873424 ms (tx_ts=158896351765853, rx_ts=158896352639277) request_id=677961 zil_blk_id=33996 ccf_commit_seqno=677963 nstreams_done_=8500 config.nstreams=20000 avg_latency=1.1691 ms avg throuhgput (requests/sec) = 83.1273 res=false
*==== INFO ====* req_id_count= 9000 stream_id=35996 latency=1.413212 ms (tx_ts=158902337278967, rx_ts=158902338692179) request_id=717868 zil_blk_id=35996 ccf_commit_seqno=717871 nstreams_done_=9000 config.nstreams=20000 avg_latency=1.1692 ms avg throuhgput (requests/sec) = 83.1494 res=false
*==== INFO ====* req_id_count= 9500 stream_id=37996 latency=0.884865 ms (tx_ts=158908322020752, rx_ts=158908322905617) request_id=757743 zil_blk_id=37996 ccf_commit_seqno=757743 nstreams_done_=9500 config.nstreams=20000 avg_latency=1.1695 ms avg throuhgput (requests/sec) = 83.1706 res=false
*==== INFO ====* req_id_count= 10000 stream_id=39996 latency=1.276446 ms (tx_ts=158914345696261, rx_ts=158914346972707) request_id=797901 zil_blk_id=39996 ccf_commit_seqno=797902 nstreams_done_=10000 config.nstreams=20000 avg_latency=1.1714 ms avg throuhgput (requests/sec) = 83.1621 res=false
*==== INFO ====* req_id_count= 10500 stream_id=41996 latency=1.210160 ms (tx_ts=158920344932142, rx_ts=158920346142302) request_id=837896 zil_blk_id=41996 ccf_commit_seqno=837898 nstreams_done_=10500 config.nstreams=20000 avg_latency=1.1714 ms avg throuhgput (requests/sec) = 83.1708 res=false
*==== INFO ====* req_id_count= 11000 stream_id=43996 latency=1.658602 ms (tx_ts=158926338204209, rx_ts=158926339862811) request_id=877989 zil_blk_id=43996 ccf_commit_seqno=877990 nstreams_done_=11000 config.nstreams=20000 avg_latency=1.1724 ms avg throuhgput (requests/sec) = 83.1821 res=false
*==== INFO ====* req_id_count= 11500 stream_id=45996 latency=1.212486 ms (tx_ts=158932298274385, rx_ts=158932299486871) request_id=917877 zil_blk_id=45996 ccf_commit_seqno=917878 nstreams_done_=11500 config.nstreams=20000 avg_latency=1.1701 ms avg throuhgput (requests/sec) = 83.2129 res=false
*==== INFO ====* req_id_count= 12000 stream_id=47996 latency=0.942503 ms (tx_ts=158938287862036, rx_ts=158938288804539) request_id=957910 zil_blk_id=47996 ccf_commit_seqno=957910 nstreams_done_=12000 config.nstreams=20000 avg_latency=1.1708 ms avg throuhgput (requests/sec) = 83.2241 res=false
*==== INFO ====* req_id_count= 12500 stream_id=49996 latency=0.986916 ms (tx_ts=158944276604873, rx_ts=158944277591789) request_id=997901 zil_blk_id=49996 ccf_commit_seqno=997902 nstreams_done_=12500 config.nstreams=20000 avg_latency=1.1711 ms avg throuhgput (requests/sec) = 83.2347 res=false
*==== INFO ====* req_id_count= 13000 stream_id=51996 latency=1.023123 ms (tx_ts=158950259334989, rx_ts=158950260358112) request_id=1037842 zil_blk_id=51996 ccf_commit_seqno=1037843 nstreams_done_=13000 config.nstreams=20000 avg_latency=1.1712 ms avg throuhgput (requests/sec) = 83.2477 res=false
*==== INFO ====* req_id_count= 13500 stream_id=53996 latency=1.224650 ms (tx_ts=158956241062080, rx_ts=158956242286730) request_id=1077691 zil_blk_id=53996 ccf_commit_seqno=1077698 nstreams_done_=13500 config.nstreams=20000 avg_latency=1.1715 ms avg throuhgput (requests/sec) = 83.2601 res=false
*==== INFO ====* req_id_count= 14000 stream_id=55996 latency=1.145653 ms (tx_ts=158962232620111, rx_ts=158962233765764) request_id=1117761 zil_blk_id=55996 ccf_commit_seqno=1117763 nstreams_done_=14000 config.nstreams=20000 avg_latency=1.1714 ms avg throuhgput (requests/sec) = 83.2670 res=false
*==== INFO ====* req_id_count= 14500 stream_id=57996 latency=1.002975 ms (tx_ts=158968221018693, rx_ts=158968222021668) request_id=1157713 zil_blk_id=57996 ccf_commit_seqno=1157713 nstreams_done_=14500 config.nstreams=20000 avg_latency=1.1708 ms avg throuhgput (requests/sec) = 83.2749 res=false
*==== INFO ====* req_id_count= 15000 stream_id=59996 latency=1.221073 ms (tx_ts=158974217332143, rx_ts=158974218553216) request_id=1197834 zil_blk_id=59996 ccf_commit_seqno=1197837 nstreams_done_=15000 config.nstreams=20000 avg_latency=1.1702 ms avg throuhgput (requests/sec) = 83.2784 res=false
*==== INFO ====* req_id_count= 15500 stream_id=61996 latency=0.820624 ms (tx_ts=158980204295142, rx_ts=158980205115766) request_id=1237899 zil_blk_id=61996 ccf_commit_seqno=1237899 nstreams_done_=15500 config.nstreams=20000 avg_latency=1.1690 ms avg throuhgput (requests/sec) = 83.2862 res=false
*==== INFO ====* req_id_count= 16000 stream_id=63996 latency=1.109825 ms (tx_ts=158986222705103, rx_ts=158986223814928) request_id=1278101 zil_blk_id=63996 ccf_commit_seqno=1278104 nstreams_done_=16000 config.nstreams=20000 avg_latency=1.1706 ms avg throuhgput (requests/sec) = 83.2796 res=false
*==== INFO ====* req_id_count= 16500 stream_id=65996 latency=1.190956 ms (tx_ts=158992187522784, rx_ts=158992188713740) request_id=1318013 zil_blk_id=65996 ccf_commit_seqno=1318015 nstreams_done_=16500 config.nstreams=20000 avg_latency=1.1702 ms avg throuhgput (requests/sec) = 83.2959 res=false
*==== INFO ====* req_id_count= 17000 stream_id=67996 latency=1.224980 ms (tx_ts=158998212267351, rx_ts=158998213492331) request_id=1358305 zil_blk_id=67996 ccf_commit_seqno=1358309 nstreams_done_=17000 config.nstreams=20000 avg_latency=1.1715 ms avg throuhgput (requests/sec) = 83.2869 res=false
*==== INFO ====* req_id_count= 17500 stream_id=69996 latency=1.003426 ms (tx_ts=159004199225333, rx_ts=159004200228759) request_id=1398450 zil_blk_id=69996 ccf_commit_seqno=1398451 nstreams_done_=17500 config.nstreams=20000 avg_latency=1.1709 ms avg throuhgput (requests/sec) = 83.2935 res=false
*==== INFO ====* req_id_count= 18000 stream_id=71996 latency=1.156622 ms (tx_ts=159010166100085, rx_ts=159010167256707) request_id=1438488 zil_blk_id=71996 ccf_commit_seqno=1438489 nstreams_done_=18000 config.nstreams=20000 avg_latency=1.1710 ms avg throuhgput (requests/sec) = 83.3073 res=false
*==== INFO ====* req_id_count= 18500 stream_id=73996 latency=1.531333 ms (tx_ts=159016106044873, rx_ts=159016107576206) request_id=1478331 zil_blk_id=73996 ccf_commit_seqno=1478334 nstreams_done_=18500 config.nstreams=20000 avg_latency=1.1703 ms avg throuhgput (requests/sec) = 83.3304 res=false
*==== INFO ====* req_id_count= 19000 stream_id=75996 latency=1.236044 ms (tx_ts=159022054643424, rx_ts=159022055879468) request_id=1518169 zil_blk_id=75996 ccf_commit_seqno=1518173 nstreams_done_=19000 config.nstreams=20000 avg_latency=1.1699 ms avg throuhgput (requests/sec) = 83.3494 res=false
*==== INFO ====* req_id_count= 19500 stream_id=77996 latency=1.572590 ms (tx_ts=159028056912948, rx_ts=159028058485538) request_id=1557769 zil_blk_id=77996 ccf_commit_seqno=1557772 nstreams_done_=19500 config.nstreams=20000 avg_latency=1.1701 ms avg throuhgput (requests/sec) = 83.3481 res=false
*==== INFO ====* http_end_stream ALL streams done! nstreams_done_=20000 avg_latency=1.1701 msreq_id_count= 20000
*==== INFO ====* req_id_count= 20000 stream_id=79996 latency=1.036047 ms (tx_ts=159034060855383, rx_ts=159034061891430) request_id=1584955 zil_blk_id=79996 ccf_commit_seqno=1584956 nstreams_done_=20000 config.nstreams=20000 avg_latency=1.1701 ms avg throuhgput (requests/sec) = 83.3465 res=true
