Uniform: 786866 976774 877316 562445 957980 
Exponential: -2147483648 -2147483648 -2147483648 -2147483648 -2147483648 
Truncated Normal: 581107 52311 230625 311597 2169 
*==== INFO ====* req_id_count= 500 stream_id=1996 latency=1.088982 ms (tx_ts=158800163899500, rx_ts=158800164988482) request_id=39371 zil_blk_id=1996 ccf_commit_seqno=39373 nstreams_done_=500 config.nstreams=20000 avg_latency=0.9832 ms avg throuhgput (requests/sec) = 82.2285 res=false
*==== INFO ====* req_id_count= 1000 stream_id=3996 latency=0.861882 ms (tx_ts=158806277295100, rx_ts=158806278156982) request_id=79666 zil_blk_id=3996 ccf_commit_seqno=79667 nstreams_done_=1000 config.nstreams=20000 avg_latency=0.9875 ms avg throuhgput (requests/sec) = 82.0090 res=false
*==== INFO ====* req_id_count= 1500 stream_id=5996 latency=1.018846 ms (tx_ts=158812372946027, rx_ts=158812373964873) request_id=119923 zil_blk_id=5996 ccf_commit_seqno=119926 nstreams_done_=1500 config.nstreams=20000 avg_latency=0.9878 ms avg throuhgput (requests/sec) = 82.0139 res=false
*==== INFO ====* req_id_count= 2000 stream_id=7996 latency=1.211957 ms (tx_ts=158818472298941, rx_ts=158818473510898) request_id=160276 zil_blk_id=7996 ccf_commit_seqno=160278 nstreams_done_=2000 config.nstreams=20000 avg_latency=0.9848 ms avg throuhgput (requests/sec) = 82.0037 res=false
*==== INFO ====* req_id_count= 2500 stream_id=9996 latency=0.992630 ms (tx_ts=158824561067119, rx_ts=158824562059749) request_id=200668 zil_blk_id=9996 ccf_commit_seqno=200668 nstreams_done_=2500 config.nstreams=20000 avg_latency=0.9883 ms avg throuhgput (requests/sec) = 82.0272 res=false
*==== INFO ====* req_id_count= 3000 stream_id=11996 latency=1.052879 ms (tx_ts=158830653428185, rx_ts=158830654481064) request_id=241068 zil_blk_id=11996 ccf_commit_seqno=241069 nstreams_done_=3000 config.nstreams=20000 avg_latency=0.9889 ms avg throuhgput (requests/sec) = 82.0342 res=false
*==== INFO ====* req_id_count= 3500 stream_id=13996 latency=0.902187 ms (tx_ts=158836760794576, rx_ts=158836761696763) request_id=281571 zil_blk_id=13996 ccf_commit_seqno=281571 nstreams_done_=3500 config.nstreams=20000 avg_latency=0.9899 ms avg throuhgput (requests/sec) = 82.0108 res=false
*==== INFO ====* req_id_count= 4000 stream_id=15996 latency=1.090930 ms (tx_ts=158842849188452, rx_ts=158842850279382) request_id=322030 zil_blk_id=15996 ccf_commit_seqno=322034 nstreams_done_=4000 config.nstreams=20000 avg_latency=0.9876 ms avg throuhgput (requests/sec) = 82.0245 res=false
*==== INFO ====* req_id_count= 4500 stream_id=17996 latency=1.128687 ms (tx_ts=158848949569582, rx_ts=158848950698269) request_id=362573 zil_blk_id=17996 ccf_commit_seqno=362581 nstreams_done_=4500 config.nstreams=20000 avg_latency=0.9859 ms avg throuhgput (requests/sec) = 82.0175 res=false
*==== INFO ====* req_id_count= 5000 stream_id=19996 latency=0.776492 ms (tx_ts=158855060305636, rx_ts=158855061082128) request_id=403181 zil_blk_id=19996 ccf_commit_seqno=403182 nstreams_done_=5000 config.nstreams=20000 avg_latency=0.9901 ms avg throuhgput (requests/sec) = 81.9985 res=false
*==== INFO ====* req_id_count= 5500 stream_id=21996 latency=0.721779 ms (tx_ts=158861159208769, rx_ts=158861159930548) request_id=443768 zil_blk_id=21996 ccf_commit_seqno=443768 nstreams_done_=5500 config.nstreams=20000 avg_latency=0.9916 ms avg throuhgput (requests/sec) = 81.9971 res=false
*==== INFO ====* req_id_count= 6000 stream_id=23996 latency=0.954715 ms (tx_ts=158867276205550, rx_ts=158867277160265) request_id=484403 zil_blk_id=23996 ccf_commit_seqno=484404 nstreams_done_=6000 config.nstreams=20000 avg_latency=0.9941 ms avg throuhgput (requests/sec) = 81.9753 res=false
*==== INFO ====* req_id_count= 6500 stream_id=25996 latency=0.829091 ms (tx_ts=158873357946931, rx_ts=158873358776022) request_id=524827 zil_blk_id=25996 ccf_commit_seqno=524827 nstreams_done_=6500 config.nstreams=20000 avg_latency=0.9925 ms avg throuhgput (requests/sec) = 81.9937 res=false
*==== INFO ====* req_id_count= 7000 stream_id=27996 latency=0.886297 ms (tx_ts=158879422928140, rx_ts=158879423814437) request_id=565233 zil_blk_id=27996 ccf_commit_seqno=565234 nstreams_done_=7000 config.nstreams=20000 avg_latency=0.9907 ms avg throuhgput (requests/sec) = 82.0254 res=false
*==== INFO ====* req_id_count= 7500 stream_id=29996 latency=1.043932 ms (tx_ts=158885538525079, rx_ts=158885539569011) request_id=605849 zil_blk_id=29996 ccf_commit_seqno=605850 nstreams_done_=7500 config.nstreams=20000 avg_latency=0.9919 ms avg throuhgput (requests/sec) = 82.0074 res=false
*==== INFO ====* req_id_count= 8000 stream_id=31996 latency=1.235610 ms (tx_ts=158891615125546, rx_ts=158891616361156) request_id=646420 zil_blk_id=31996 ccf_commit_seqno=646428 nstreams_done_=8000 config.nstreams=20000 avg_latency=0.9905 ms avg throuhgput (requests/sec) = 82.0244 res=false
*==== INFO ====* req_id_count= 8500 stream_id=33996 latency=1.012233 ms (tx_ts=158897683382957, rx_ts=158897684395190) request_id=686839 zil_blk_id=33996 ccf_commit_seqno=686840 nstreams_done_=8500 config.nstreams=20000 avg_latency=0.9881 ms avg throuhgput (requests/sec) = 82.0463 res=false
*==== INFO ====* req_id_count= 9000 stream_id=35996 latency=0.902047 ms (tx_ts=158903785232422, rx_ts=158903786134469) request_id=727513 zil_blk_id=35996 ccf_commit_seqno=727513 nstreams_done_=9000 config.nstreams=20000 avg_latency=0.9884 ms avg throuhgput (requests/sec) = 82.0406 res=false
*==== INFO ====* req_id_count= 9500 stream_id=37996 latency=3.373869 ms (tx_ts=158909878572654, rx_ts=158909881946523) request_id=768147 zil_blk_id=37996 ccf_commit_seqno=768150 nstreams_done_=9500 config.nstreams=20000 avg_latency=0.9882 ms avg throuhgput (requests/sec) = 82.0397 res=false
*==== INFO ====* req_id_count= 10000 stream_id=39996 latency=0.708053 ms (tx_ts=158915970290226, rx_ts=158915970998279) request_id=808721 zil_blk_id=39996 ccf_commit_seqno=808721 nstreams_done_=10000 config.nstreams=20000 avg_latency=0.9875 ms avg throuhgput (requests/sec) = 82.0435 res=false
*==== INFO ====* req_id_count= 10500 stream_id=41996 latency=1.153835 ms (tx_ts=158922035796924, rx_ts=158922036950759) request_id=849217 zil_blk_id=41996 ccf_commit_seqno=849221 nstreams_done_=10500 config.nstreams=20000 avg_latency=0.9860 ms avg throuhgput (requests/sec) = 82.0617 res=false
*==== INFO ====* req_id_count= 11000 stream_id=43996 latency=0.851170 ms (tx_ts=158928122015580, rx_ts=158928122866750) request_id=889936 zil_blk_id=43996 ccf_commit_seqno=889937 nstreams_done_=11000 config.nstreams=20000 avg_latency=0.9856 ms avg throuhgput (requests/sec) = 82.0660 res=false
*==== INFO ====* req_id_count= 11500 stream_id=45996 latency=0.860880 ms (tx_ts=158934175654703, rx_ts=158934176515583) request_id=930414 zil_blk_id=45996 ccf_commit_seqno=930414 nstreams_done_=11500 config.nstreams=20000 avg_latency=0.9840 ms avg throuhgput (requests/sec) = 82.0888 res=false
*==== INFO ====* req_id_count= 12000 stream_id=47996 latency=0.872562 ms (tx_ts=158940237874892, rx_ts=158940238747454) request_id=970911 zil_blk_id=47996 ccf_commit_seqno=970911 nstreams_done_=12000 config.nstreams=20000 avg_latency=0.9828 ms avg throuhgput (requests/sec) = 82.1050 res=false
*==== INFO ====* req_id_count= 12500 stream_id=49996 latency=1.085670 ms (tx_ts=158946331586156, rx_ts=158946332671826) request_id=1011627 zil_blk_id=49996 ccf_commit_seqno=1011627 nstreams_done_=12500 config.nstreams=20000 avg_latency=0.9827 ms avg throuhgput (requests/sec) = 82.1027 res=false
*==== INFO ====* req_id_count= 13000 stream_id=51996 latency=1.020247 ms (tx_ts=158952442044284, rx_ts=158952443064531) request_id=1052298 zil_blk_id=51996 ccf_commit_seqno=1052302 nstreams_done_=13000 config.nstreams=20000 avg_latency=0.9842 ms avg throuhgput (requests/sec) = 82.0921 res=false
*==== INFO ====* req_id_count= 13500 stream_id=53996 latency=0.994981 ms (tx_ts=158958528085597, rx_ts=158958529080578) request_id=1092973 zil_blk_id=53996 ccf_commit_seqno=1092974 nstreams_done_=13500 config.nstreams=20000 avg_latency=0.9837 ms avg throuhgput (requests/sec) = 82.0945 res=false
*==== INFO ====* req_id_count= 14000 stream_id=55996 latency=0.979131 ms (tx_ts=158964616746822, rx_ts=158964617725953) request_id=1133652 zil_blk_id=55996 ccf_commit_seqno=1133653 nstreams_done_=14000 config.nstreams=20000 avg_latency=0.9843 ms avg throuhgput (requests/sec) = 82.0954 res=false
*==== INFO ====* req_id_count= 14500 stream_id=57996 latency=1.004108 ms (tx_ts=158970678794382, rx_ts=158970679798490) request_id=1174171 zil_blk_id=57996 ccf_commit_seqno=1174173 nstreams_done_=14500 config.nstreams=20000 avg_latency=0.9841 ms avg throuhgput (requests/sec) = 82.1086 res=false
*==== INFO ====* req_id_count= 15000 stream_id=59996 latency=1.106028 ms (tx_ts=158976758876337, rx_ts=158976759982365) request_id=1214821 zil_blk_id=59996 ccf_commit_seqno=1214822 nstreams_done_=15000 config.nstreams=20000 avg_latency=0.9852 ms avg throuhgput (requests/sec) = 82.1128 res=false
*==== INFO ====* req_id_count= 15500 stream_id=61996 latency=1.002344 ms (tx_ts=158982801455988, rx_ts=158982802458332) request_id=1255251 zil_blk_id=61996 ccf_commit_seqno=1255256 nstreams_done_=15500 config.nstreams=20000 avg_latency=0.9847 ms avg throuhgput (requests/sec) = 82.1331 res=false
*==== INFO ====* req_id_count= 16000 stream_id=63996 latency=1.067346 ms (tx_ts=158988854251022, rx_ts=158988855318368) request_id=1295718 zil_blk_id=63996 ccf_commit_seqno=1295723 nstreams_done_=16000 config.nstreams=20000 avg_latency=0.9846 ms avg throuhgput (requests/sec) = 82.1478 res=false
*==== INFO ====* req_id_count= 16500 stream_id=65996 latency=0.908038 ms (tx_ts=158994891812788, rx_ts=158994892720826) request_id=1336096 zil_blk_id=65996 ccf_commit_seqno=1336099 nstreams_done_=16500 config.nstreams=20000 avg_latency=0.9839 ms avg throuhgput (requests/sec) = 82.1679 res=false
*==== INFO ====* req_id_count= 17000 stream_id=67996 latency=1.097202 ms (tx_ts=159000928940686, rx_ts=159000930037888) request_id=1376495 zil_blk_id=67996 ccf_commit_seqno=1376495 nstreams_done_=17000 config.nstreams=20000 avg_latency=0.9840 ms avg throuhgput (requests/sec) = 82.1869 res=false
*==== INFO ====* req_id_count= 17500 stream_id=69996 latency=1.064690 ms (tx_ts=159006964863916, rx_ts=159006965928606) request_id=1416955 zil_blk_id=69996 ccf_commit_seqno=1416960 nstreams_done_=17500 config.nstreams=20000 avg_latency=0.9837 ms avg throuhgput (requests/sec) = 82.2053 res=false
*==== INFO ====* req_id_count= 18000 stream_id=71996 latency=0.658622 ms (tx_ts=159012995013067, rx_ts=159012995671689) request_id=1457472 zil_blk_id=71996 ccf_commit_seqno=1457472 nstreams_done_=18000 config.nstreams=20000 avg_latency=0.9828 ms avg throuhgput (requests/sec) = 82.2251 res=false
*==== INFO ====* req_id_count= 18500 stream_id=73996 latency=0.958762 ms (tx_ts=159019026958449, rx_ts=159019027917211) request_id=1497903 zil_blk_id=73996 ccf_commit_seqno=1497905 nstreams_done_=18500 config.nstreams=20000 avg_latency=0.9822 ms avg throuhgput (requests/sec) = 82.2429 res=false
*==== INFO ====* req_id_count= 19000 stream_id=75996 latency=1.081853 ms (tx_ts=159025058019353, rx_ts=159025059101206) request_id=1538264 zil_blk_id=75996 ccf_commit_seqno=1538267 nstreams_done_=19000 config.nstreams=20000 avg_latency=0.9822 ms avg throuhgput (requests/sec) = 82.2601 res=false
*==== INFO ====* req_id_count= 19500 stream_id=77996 latency=0.976877 ms (tx_ts=159031078040767, rx_ts=159031079017644) request_id=1573977 zil_blk_id=77996 ccf_commit_seqno=1573978 nstreams_done_=19500 config.nstreams=20000 avg_latency=0.9814 ms avg throuhgput (requests/sec) = 82.2803 res=false
*==== INFO ====* http_end_stream ALL streams done! nstreams_done_=20000 avg_latency=0.9795 msreq_id_count= 20000
*==== INFO ====* req_id_count= 20000 stream_id=79996 latency=0.985903 ms (tx_ts=159037041306743, rx_ts=159037042292646) request_id=1591870 zil_blk_id=79996 ccf_commit_seqno=1591870 nstreams_done_=20000 config.nstreams=20000 avg_latency=0.9795 ms avg throuhgput (requests/sec) = 82.3188 res=true
