Uniform: 281239 948481 340968 353472 743663 
Exponential: -2147483648 -2147483648 -2147483648 -2147483648 -2147483648 
Truncated Normal: 710356 852280 334563 135188 503310 
*==== INFO ====* req_id_count= 500 stream_id=1996 latency=1.727981 ms (tx_ts=158804930485735, rx_ts=158804932213716) request_id=70800 zil_blk_id=5513 ccf_commit_seqno=70806 nstreams_done_=500 config.nstreams=20000 avg_latency=0.8458 ms avg throuhgput (requests/sec) = 85.2791 res=false
*==== INFO ====* req_id_count= 1000 stream_id=3996 latency=0.760502 ms (tx_ts=158810751052335, rx_ts=158810751812837) request_id=109242 zil_blk_id=10960 ccf_commit_seqno=109243 nstreams_done_=1000 config.nstreams=20000 avg_latency=0.8361 ms avg throuhgput (requests/sec) = 85.5966 res=false
*==== INFO ====* req_id_count= 1500 stream_id=5996 latency=0.652450 ms (tx_ts=158816591897211, rx_ts=158816592549661) request_id=147840 zil_blk_id=16425 ccf_commit_seqno=147842 nstreams_done_=1500 config.nstreams=20000 avg_latency=0.8302 ms avg throuhgput (requests/sec) = 85.5996 res=false
*==== INFO ====* req_id_count= 2000 stream_id=7996 latency=0.822699 ms (tx_ts=158822402410424, rx_ts=158822403233123) request_id=186380 zil_blk_id=21861 ccf_commit_seqno=186380 nstreams_done_=2000 config.nstreams=20000 avg_latency=0.8251 ms avg throuhgput (requests/sec) = 85.7114 res=false
*==== INFO ====* req_id_count= 2500 stream_id=9996 latency=0.762657 ms (tx_ts=158828239392177, rx_ts=158828240154834) request_id=225078 zil_blk_id=27322 ccf_commit_seqno=225079 nstreams_done_=2500 config.nstreams=20000 avg_latency=0.8250 ms avg throuhgput (requests/sec) = 85.7014 res=false
*==== INFO ====* req_id_count= 3000 stream_id=11996 latency=0.919279 ms (tx_ts=158834052848576, rx_ts=158834053767855) request_id=263559 zil_blk_id=32763 ccf_commit_seqno=263560 nstreams_done_=3000 config.nstreams=20000 avg_latency=0.8294 ms avg throuhgput (requests/sec) = 85.7519 res=false
*==== INFO ====* req_id_count= 3500 stream_id=13996 latency=0.716861 ms (tx_ts=158839840855852, rx_ts=158839841572713) request_id=302057 zil_blk_id=38179 ccf_commit_seqno=302058 nstreams_done_=3500 config.nstreams=20000 avg_latency=0.8261 ms avg throuhgput (requests/sec) = 85.8423 res=false
*==== INFO ====* req_id_count= 4000 stream_id=15996 latency=0.869496 ms (tx_ts=158845642776103, rx_ts=158845643645599) request_id=340595 zil_blk_id=43599 ccf_commit_seqno=340599 nstreams_done_=4000 config.nstreams=20000 avg_latency=0.8229 ms avg throuhgput (requests/sec) = 85.8838 res=false
*==== INFO ====* req_id_count= 4500 stream_id=17996 latency=0.544819 ms (tx_ts=158851486372673, rx_ts=158851486917492) request_id=379404 zil_blk_id=49063 ccf_commit_seqno=379404 nstreams_done_=4500 config.nstreams=20000 avg_latency=0.8223 ms avg throuhgput (requests/sec) = 85.8487 res=false
*==== INFO ====* req_id_count= 5000 stream_id=19996 latency=0.894352 ms (tx_ts=158857303298138, rx_ts=158857304192490) request_id=418107 zil_blk_id=54502 ccf_commit_seqno=418110 nstreams_done_=5000 config.nstreams=20000 avg_latency=0.8216 ms avg throuhgput (requests/sec) = 85.8589 res=false
*==== INFO ====* req_id_count= 5500 stream_id=21996 latency=1.029785 ms (tx_ts=158863110429364, rx_ts=158863111459149) request_id=456731 zil_blk_id=59939 ccf_commit_seqno=456736 nstreams_done_=5500 config.nstreams=20000 avg_latency=0.8237 ms avg throuhgput (requests/sec) = 85.8807 res=false
*==== INFO ====* req_id_count= 6000 stream_id=23996 latency=0.645186 ms (tx_ts=158868931770070, rx_ts=158868932415256) request_id=495419 zil_blk_id=65395 ccf_commit_seqno=495420 nstreams_done_=6000 config.nstreams=20000 avg_latency=0.8267 ms avg throuhgput (requests/sec) = 85.8820 res=false
*==== INFO ====* req_id_count= 6500 stream_id=25996 latency=0.918317 ms (tx_ts=158874737134094, rx_ts=158874738052411) request_id=534019 zil_blk_id=70843 ccf_commit_seqno=534023 nstreams_done_=6500 config.nstreams=20000 avg_latency=0.8271 ms avg throuhgput (requests/sec) = 85.9005 res=false
*==== INFO ====* req_id_count= 7000 stream_id=27996 latency=0.554918 ms (tx_ts=158880529849630, rx_ts=158880530404548) request_id=572610 zil_blk_id=76266 ccf_commit_seqno=572610 nstreams_done_=7000 config.nstreams=20000 avg_latency=0.8265 ms avg throuhgput (requests/sec) = 85.9304 res=false
*==== INFO ====* req_id_count= 7500 stream_id=29996 latency=0.867010 ms (tx_ts=158886365310428, rx_ts=158886366177438) request_id=611388 zil_blk_id=81724 ccf_commit_seqno=611392 nstreams_done_=7500 config.nstreams=20000 avg_latency=0.8286 ms avg throuhgput (requests/sec) = 85.9135 res=false
*==== INFO ====* req_id_count= 8000 stream_id=31996 latency=0.823570 ms (tx_ts=158892190353575, rx_ts=158892191177145) request_id=650241 zil_blk_id=87177 ccf_commit_seqno=650241 nstreams_done_=8000 config.nstreams=20000 avg_latency=0.8306 ms avg throuhgput (requests/sec) = 85.9087 res=false
*==== INFO ====* req_id_count= 8500 stream_id=33996 latency=0.761945 ms (tx_ts=158897986671610, rx_ts=158897987433555) request_id=688867 zil_blk_id=92599 ccf_commit_seqno=688868 nstreams_done_=8500 config.nstreams=20000 avg_latency=0.8302 ms avg throuhgput (requests/sec) = 85.9295 res=false
*==== INFO ====* req_id_count= 9000 stream_id=35996 latency=0.660074 ms (tx_ts=158903794323961, rx_ts=158903794984035) request_id=727576 zil_blk_id=98031 ccf_commit_seqno=727576 nstreams_done_=9000 config.nstreams=20000 avg_latency=0.8299 ms avg throuhgput (requests/sec) = 85.9386 res=false
*==== INFO ====* req_id_count= 9500 stream_id=37996 latency=0.853155 ms (tx_ts=158909592623712, rx_ts=158909593476867) request_id=766246 zil_blk_id=103455 ccf_commit_seqno=766247 nstreams_done_=9500 config.nstreams=20000 avg_latency=0.8293 ms avg throuhgput (requests/sec) = 85.9539 res=false
*==== INFO ====* req_id_count= 10000 stream_id=39996 latency=1.038495 ms (tx_ts=158915373884473, rx_ts=158915374922968) request_id=804728 zil_blk_id=108866 ccf_commit_seqno=804730 nstreams_done_=10000 config.nstreams=20000 avg_latency=0.8288 ms avg throuhgput (requests/sec) = 85.9802 res=false
*==== INFO ====* req_id_count= 10500 stream_id=41996 latency=1.432205 ms (tx_ts=158921154597226, rx_ts=158921156029431) request_id=843315 zil_blk_id=114278 ccf_commit_seqno=843316 nstreams_done_=10500 config.nstreams=20000 avg_latency=0.8277 ms avg throuhgput (requests/sec) = 86.0043 res=false
*==== INFO ====* req_id_count= 11000 stream_id=43996 latency=0.598960 ms (tx_ts=158926946398796, rx_ts=158926946997756) request_id=882054 zil_blk_id=119699 ccf_commit_seqno=882056 nstreams_done_=11000 config.nstreams=20000 avg_latency=0.8269 ms avg throuhgput (requests/sec) = 86.0196 res=false
*==== INFO ====* req_id_count= 11500 stream_id=45996 latency=0.864906 ms (tx_ts=158932721777938, rx_ts=158932722642844) request_id=920701 zil_blk_id=125118 ccf_commit_seqno=920703 nstreams_done_=11500 config.nstreams=20000 avg_latency=0.8262 ms avg throuhgput (requests/sec) = 86.0434 res=false
*==== INFO ====* req_id_count= 12000 stream_id=47996 latency=0.836144 ms (tx_ts=158938515104471, rx_ts=158938515940615) request_id=959434 zil_blk_id=130560 ccf_commit_seqno=959437 nstreams_done_=12000 config.nstreams=20000 avg_latency=0.8252 ms avg throuhgput (requests/sec) = 86.0543 res=false
*==== INFO ====* req_id_count= 12500 stream_id=49996 latency=0.621593 ms (tx_ts=158944311318145, rx_ts=158944311939738) request_id=998133 zil_blk_id=135998 ccf_commit_seqno=998134 nstreams_done_=12500 config.nstreams=20000 avg_latency=0.8253 ms avg throuhgput (requests/sec) = 86.0628 res=false
*==== INFO ====* req_id_count= 13000 stream_id=51996 latency=0.760235 ms (tx_ts=158950099798653, rx_ts=158950100558888) request_id=1036778 zil_blk_id=141426 ccf_commit_seqno=1036780 nstreams_done_=13000 config.nstreams=20000 avg_latency=0.8254 ms avg throuhgput (requests/sec) = 86.0748 res=false
*==== INFO ====* req_id_count= 13500 stream_id=53996 latency=0.881057 ms (tx_ts=158955881551899, rx_ts=158955882432956) request_id=1075287 zil_blk_id=146848 ccf_commit_seqno=1075292 nstreams_done_=13500 config.nstreams=20000 avg_latency=0.8268 ms avg throuhgput (requests/sec) = 86.0896 res=false
*==== INFO ====* req_id_count= 14000 stream_id=55996 latency=1.022745 ms (tx_ts=158961650912866, rx_ts=158961651935611) request_id=1113848 zil_blk_id=152258 ccf_commit_seqno=1113848 nstreams_done_=14000 config.nstreams=20000 avg_latency=0.8265 ms avg throuhgput (requests/sec) = 86.1100 res=false
*==== INFO ====* req_id_count= 14500 stream_id=57996 latency=0.782434 ms (tx_ts=158967441121592, rx_ts=158967441904026) request_id=1152527 zil_blk_id=157687 ccf_commit_seqno=1152527 nstreams_done_=14500 config.nstreams=20000 avg_latency=0.8254 ms avg throuhgput (requests/sec) = 86.1184 res=false
*==== INFO ====* req_id_count= 15000 stream_id=59996 latency=0.847184 ms (tx_ts=158973236215071, rx_ts=158973237062255) request_id=1191294 zil_blk_id=163121 ccf_commit_seqno=1191294 nstreams_done_=15000 config.nstreams=20000 avg_latency=0.8251 ms avg throuhgput (requests/sec) = 86.1238 res=false
*==== INFO ====* req_id_count= 15500 stream_id=61996 latency=0.643584 ms (tx_ts=158979013700772, rx_ts=158979014344356) request_id=1229913 zil_blk_id=168537 ccf_commit_seqno=1229913 nstreams_done_=15500 config.nstreams=20000 avg_latency=0.8248 ms avg throuhgput (requests/sec) = 86.1373 res=false
*==== INFO ====* req_id_count= 16000 stream_id=63996 latency=0.766643 ms (tx_ts=158984770855762, rx_ts=158984771622405) request_id=1268399 zil_blk_id=173933 ccf_commit_seqno=1268400 nstreams_done_=16000 config.nstreams=20000 avg_latency=0.8241 ms avg throuhgput (requests/sec) = 86.1593 res=false
*==== INFO ====* req_id_count= 16500 stream_id=65996 latency=0.838016 ms (tx_ts=158990538586895, rx_ts=158990539424911) request_id=1306956 zil_blk_id=179342 ccf_commit_seqno=1306959 nstreams_done_=16500 config.nstreams=20000 avg_latency=0.8235 ms avg throuhgput (requests/sec) = 86.1752 res=false
*==== INFO ====* req_id_count= 17000 stream_id=67996 latency=0.826285 ms (tx_ts=158996323367567, rx_ts=158996324193852) request_id=1345681 zil_blk_id=184767 ccf_commit_seqno=1345682 nstreams_done_=17000 config.nstreams=20000 avg_latency=0.8227 ms avg throuhgput (requests/sec) = 86.1828 res=false
*==== INFO ====* req_id_count= 17500 stream_id=69996 latency=0.925385 ms (tx_ts=159002099576716, rx_ts=159002100502101) request_id=1384371 zil_blk_id=190179 ccf_commit_seqno=1384373 nstreams_done_=17500 config.nstreams=20000 avg_latency=0.8229 ms avg throuhgput (requests/sec) = 86.1936 res=false
*==== INFO ====* req_id_count= 18000 stream_id=71996 latency=0.858155 ms (tx_ts=159007886503868, rx_ts=159007887362023) request_id=1423150 zil_blk_id=195596 ccf_commit_seqno=1423150 nstreams_done_=18000 config.nstreams=20000 avg_latency=0.8228 ms avg throuhgput (requests/sec) = 86.1994 res=false
*==== INFO ====* req_id_count= 18500 stream_id=73996 latency=0.571449 ms (tx_ts=159013655368732, rx_ts=159013655940181) request_id=1461895 zil_blk_id=200976 ccf_commit_seqno=1461895 nstreams_done_=18500 config.nstreams=20000 avg_latency=0.8223 ms avg throuhgput (requests/sec) = 86.2122 res=false
*==== INFO ====* req_id_count= 19000 stream_id=75996 latency=0.670985 ms (tx_ts=159019439157136, rx_ts=159019439828121) request_id=1500646 zil_blk_id=206382 ccf_commit_seqno=1500648 nstreams_done_=19000 config.nstreams=20000 avg_latency=0.8225 ms avg throuhgput (requests/sec) = 86.2184 res=false
*==== INFO ====* req_id_count= 19500 stream_id=77996 latency=0.611718 ms (tx_ts=159025218148354, rx_ts=159025218760072) request_id=1539343 zil_blk_id=211797 ccf_commit_seqno=1539343 nstreams_done_=19500 config.nstreams=20000 avg_latency=0.8222 ms avg throuhgput (requests/sec) = 86.2261 res=false
*==== INFO ====* http_end_stream ALL streams done! nstreams_done_=20000 avg_latency=0.8218 msreq_id_count= 20000
*==== INFO ====* req_id_count= 20000 stream_id=79996 latency=0.701191 ms (tx_ts=159030995164299, rx_ts=159030995865490) request_id=1573593 zil_blk_id=217203 ccf_commit_seqno=1573593 nstreams_done_=20000 config.nstreams=20000 avg_latency=0.8218 ms avg throuhgput (requests/sec) = 86.2341 res=true
ngtcp2_conn_read_pkt: ERR_DRAINING
