Uniform: 299242 465373 740407 923195 526992 
Exponential: -2147483648 -2147483648 -2147483648 -2147483648 -2147483648 
Truncated Normal: 563539 186588 312554 936298 349189 
*==== INFO ====* req_id_count= 500 stream_id=1996 latency=0.781762 ms (tx_ts=158800041825263, rx_ts=158800042607025) request_id=38588 zil_blk_id=1996 ccf_commit_seqno=38588 nstreams_done_=500 config.nstreams=20000 avg_latency=1.0446 ms avg throuhgput (requests/sec) = 83.9975 res=false
*==== INFO ====* req_id_count= 1000 stream_id=3996 latency=0.884775 ms (tx_ts=158805934653668, rx_ts=158805935538443) request_id=77433 zil_blk_id=3996 ccf_commit_seqno=77434 nstreams_done_=1000 config.nstreams=20000 avg_latency=1.0391 ms avg throuhgput (requests/sec) = 84.4203 res=false
*==== INFO ====* req_id_count= 1500 stream_id=5996 latency=1.106389 ms (tx_ts=158811821779948, rx_ts=158811822886337) request_id=116305 zil_blk_id=5996 ccf_commit_seqno=116306 nstreams_done_=1500 config.nstreams=20000 avg_latency=1.0367 ms avg throuhgput (requests/sec) = 84.5888 res=false
*==== INFO ====* req_id_count= 2000 stream_id=7996 latency=0.806428 ms (tx_ts=158817683399079, rx_ts=158817684205507) request_id=155053 zil_blk_id=7996 ccf_commit_seqno=155053 nstreams_done_=2000 config.nstreams=20000 avg_latency=1.0345 ms avg throuhgput (requests/sec) = 84.7668 res=false
*==== INFO ====* req_id_count= 2500 stream_id=9996 latency=1.420558 ms (tx_ts=158823553654789, rx_ts=158823555075347) request_id=194012 zil_blk_id=9996 ccf_commit_seqno=194018 nstreams_done_=2500 config.nstreams=20000 avg_latency=1.0326 ms avg throuhgput (requests/sec) = 84.8464 res=false
*==== INFO ====* req_id_count= 3000 stream_id=11996 latency=1.390946 ms (tx_ts=158829434562432, rx_ts=158829435953378) request_id=233012 zil_blk_id=11996 ccf_commit_seqno=233017 nstreams_done_=3000 config.nstreams=20000 avg_latency=1.0317 ms avg throuhgput (requests/sec) = 84.8755 res=false
*==== INFO ====* req_id_count= 3500 stream_id=13996 latency=1.085617 ms (tx_ts=158835322959755, rx_ts=158835324045372) request_id=272013 zil_blk_id=13996 ccf_commit_seqno=272015 nstreams_done_=3500 config.nstreams=20000 avg_latency=1.0352 ms avg throuhgput (requests/sec) = 84.8814 res=false
*==== INFO ====* req_id_count= 4000 stream_id=15996 latency=1.262642 ms (tx_ts=158841192788506, rx_ts=158841194051148) request_id=311013 zil_blk_id=15996 ccf_commit_seqno=311016 nstreams_done_=4000 config.nstreams=20000 avg_latency=1.0333 ms avg throuhgput (requests/sec) = 84.9185 res=false
*==== INFO ====* req_id_count= 4500 stream_id=17996 latency=4.833017 ms (tx_ts=158847057735165, rx_ts=158847062568182) request_id=350012 zil_blk_id=17996 ccf_commit_seqno=350028 nstreams_done_=4500 config.nstreams=20000 avg_latency=1.0306 ms avg throuhgput (requests/sec) = 84.9497 res=false
*==== INFO ====* req_id_count= 5000 stream_id=19996 latency=1.097984 ms (tx_ts=158852923985937, rx_ts=158852925083921) request_id=389005 zil_blk_id=19996 ccf_commit_seqno=389006 nstreams_done_=5000 config.nstreams=20000 avg_latency=1.0287 ms avg throuhgput (requests/sec) = 84.9834 res=false
*==== INFO ====* req_id_count= 5500 stream_id=21996 latency=1.228999 ms (tx_ts=158858810372501, rx_ts=158858811601500) request_id=428139 zil_blk_id=21996 ccf_commit_seqno=428140 nstreams_done_=5500 config.nstreams=20000 avg_latency=1.0304 ms avg throuhgput (requests/sec) = 84.9794 res=false
*==== INFO ====* req_id_count= 6000 stream_id=23996 latency=1.178924 ms (tx_ts=158864692034495, rx_ts=158864693213419) request_id=467250 zil_blk_id=23996 ccf_commit_seqno=467250 nstreams_done_=6000 config.nstreams=20000 avg_latency=1.0310 ms avg throuhgput (requests/sec) = 84.9820 res=false
*==== INFO ====* req_id_count= 6500 stream_id=25996 latency=0.912597 ms (tx_ts=158870596963604, rx_ts=158870597876201) request_id=506487 zil_blk_id=25996 ccf_commit_seqno=506490 nstreams_done_=6500 config.nstreams=20000 avg_latency=1.0348 ms avg throuhgput (requests/sec) = 84.9586 res=false
*==== INFO ====* req_id_count= 7000 stream_id=27996 latency=0.777474 ms (tx_ts=158876508976052, rx_ts=158876509753526) request_id=545814 zil_blk_id=27996 ccf_commit_seqno=545814 nstreams_done_=7000 config.nstreams=20000 avg_latency=1.0385 ms avg throuhgput (requests/sec) = 84.9311 res=false
*==== INFO ====* req_id_count= 7500 stream_id=29996 latency=0.841704 ms (tx_ts=158882400533819, rx_ts=158882401375523) request_id=584977 zil_blk_id=29996 ccf_commit_seqno=584977 nstreams_done_=7500 config.nstreams=20000 avg_latency=1.0401 ms avg throuhgput (requests/sec) = 84.9268 res=false
*==== INFO ====* req_id_count= 8000 stream_id=31996 latency=1.205042 ms (tx_ts=158888277562108, rx_ts=158888278767150) request_id=624148 zil_blk_id=31996 ccf_commit_seqno=624148 nstreams_done_=8000 config.nstreams=20000 avg_latency=1.0402 ms avg throuhgput (requests/sec) = 84.9359 res=false
*==== INFO ====* req_id_count= 8500 stream_id=33996 latency=0.873824 ms (tx_ts=158894158357960, rx_ts=158894159231784) request_id=663350 zil_blk_id=33996 ccf_commit_seqno=663351 nstreams_done_=8500 config.nstreams=20000 avg_latency=1.0402 ms avg throuhgput (requests/sec) = 84.9412 res=false
*==== INFO ====* req_id_count= 9000 stream_id=35996 latency=0.803352 ms (tx_ts=158900038030346, rx_ts=158900038833698) request_id=702537 zil_blk_id=35996 ccf_commit_seqno=702537 nstreams_done_=9000 config.nstreams=20000 avg_latency=1.0404 ms avg throuhgput (requests/sec) = 84.9467 res=false
*==== INFO ====* req_id_count= 9500 stream_id=37996 latency=1.204783 ms (tx_ts=158905918345152, rx_ts=158905919549935) request_id=741718 zil_blk_id=37996 ccf_commit_seqno=741718 nstreams_done_=9500 config.nstreams=20000 avg_latency=1.0402 ms avg throuhgput (requests/sec) = 84.9508 res=false
*==== INFO ====* req_id_count= 10000 stream_id=39996 latency=1.149283 ms (tx_ts=158911802661642, rx_ts=158911803810925) request_id=780981 zil_blk_id=39996 ccf_commit_seqno=780983 nstreams_done_=10000 config.nstreams=20000 avg_latency=1.0416 ms avg throuhgput (requests/sec) = 84.9518 res=false
*==== INFO ====* req_id_count= 10500 stream_id=41996 latency=1.062426 ms (tx_ts=158917711845008, rx_ts=158917712907434) request_id=820351 zil_blk_id=41996 ccf_commit_seqno=820354 nstreams_done_=10500 config.nstreams=20000 avg_latency=1.0421 ms avg throuhgput (requests/sec) = 84.9358 res=false
*==== INFO ====* req_id_count= 11000 stream_id=43996 latency=1.099710 ms (tx_ts=158923599700056, rx_ts=158923600799766) request_id=859648 zil_blk_id=43996 ccf_commit_seqno=859650 nstreams_done_=11000 config.nstreams=20000 avg_latency=1.0420 ms avg throuhgput (requests/sec) = 84.9350 res=false
*==== INFO ====* req_id_count= 11500 stream_id=45996 latency=0.783415 ms (tx_ts=158929475548979, rx_ts=158929476332394) request_id=898995 zil_blk_id=45996 ccf_commit_seqno=898995 nstreams_done_=11500 config.nstreams=20000 avg_latency=1.0411 ms avg throuhgput (requests/sec) = 84.9421 res=false
*==== INFO ====* req_id_count= 12000 stream_id=47996 latency=0.961157 ms (tx_ts=158935342387857, rx_ts=158935343349014) request_id=938222 zil_blk_id=47996 ccf_commit_seqno=938223 nstreams_done_=12000 config.nstreams=20000 avg_latency=1.0398 ms avg throuhgput (requests/sec) = 84.9538 res=false
*==== INFO ====* req_id_count= 12500 stream_id=49996 latency=1.287994 ms (tx_ts=158941222607596, rx_ts=158941223895590) request_id=977490 zil_blk_id=49996 ccf_commit_seqno=977493 nstreams_done_=12500 config.nstreams=20000 avg_latency=1.0394 ms avg throuhgput (requests/sec) = 84.9567 res=false
*==== INFO ====* req_id_count= 13000 stream_id=51996 latency=1.060383 ms (tx_ts=158947112033777, rx_ts=158947113094160) request_id=1016818 zil_blk_id=51996 ccf_commit_seqno=1016819 nstreams_done_=13000 config.nstreams=20000 avg_latency=1.0390 ms avg throuhgput (requests/sec) = 84.9545 res=false
*==== INFO ====* req_id_count= 13500 stream_id=53996 latency=0.897217 ms (tx_ts=158953007144447, rx_ts=158953008041664) request_id=1056094 zil_blk_id=53996 ccf_commit_seqno=1056096 nstreams_done_=13500 config.nstreams=20000 avg_latency=1.0401 ms avg throuhgput (requests/sec) = 84.9495 res=false
*==== INFO ====* req_id_count= 14000 stream_id=55996 latency=1.025377 ms (tx_ts=158958899133006, rx_ts=158958900158383) request_id=1095449 zil_blk_id=55996 ccf_commit_seqno=1095451 nstreams_done_=14000 config.nstreams=20000 avg_latency=1.0407 ms avg throuhgput (requests/sec) = 84.9462 res=false
*==== INFO ====* req_id_count= 14500 stream_id=57996 latency=1.046036 ms (tx_ts=158964781118954, rx_ts=158964782164990) request_id=1134741 zil_blk_id=57996 ccf_commit_seqno=1134742 nstreams_done_=14500 config.nstreams=20000 avg_latency=1.0406 ms avg throuhgput (requests/sec) = 84.9483 res=false
*==== INFO ====* req_id_count= 15000 stream_id=59996 latency=0.962279 ms (tx_ts=158970658115380, rx_ts=158970659077659) request_id=1174031 zil_blk_id=59996 ccf_commit_seqno=1174033 nstreams_done_=15000 config.nstreams=20000 avg_latency=1.0406 ms avg throuhgput (requests/sec) = 84.9526 res=false
*==== INFO ====* req_id_count= 15500 stream_id=61996 latency=1.059501 ms (tx_ts=158976549083766, rx_ts=158976550143267) request_id=1213421 zil_blk_id=61996 ccf_commit_seqno=1213423 nstreams_done_=15500 config.nstreams=20000 avg_latency=1.0410 ms avg throuhgput (requests/sec) = 84.9501 res=false
*==== INFO ====* req_id_count= 16000 stream_id=63996 latency=1.019076 ms (tx_ts=158982428382544, rx_ts=158982429401620) request_id=1252761 zil_blk_id=63996 ccf_commit_seqno=1252762 nstreams_done_=16000 config.nstreams=20000 avg_latency=1.0409 ms avg throuhgput (requests/sec) = 84.9530 res=false
*==== INFO ====* req_id_count= 16500 stream_id=65996 latency=0.937002 ms (tx_ts=158988310145812, rx_ts=158988311082814) request_id=1292080 zil_blk_id=65996 ccf_commit_seqno=1292080 nstreams_done_=16500 config.nstreams=20000 avg_latency=1.0410 ms avg throuhgput (requests/sec) = 84.9548 res=false
*==== INFO ====* req_id_count= 17000 stream_id=67996 latency=0.991804 ms (tx_ts=158994228601221, rx_ts=158994229593025) request_id=1331658 zil_blk_id=67996 ccf_commit_seqno=1331661 nstreams_done_=17000 config.nstreams=20000 avg_latency=1.0426 ms avg throuhgput (requests/sec) = 84.9407 res=false
*==== INFO ====* req_id_count= 17500 stream_id=69996 latency=0.962309 ms (tx_ts=159000128081290, rx_ts=159000129043599) request_id=1371112 zil_blk_id=69996 ccf_commit_seqno=1371113 nstreams_done_=17500 config.nstreams=20000 avg_latency=1.0435 ms avg throuhgput (requests/sec) = 84.9354 res=false
*==== INFO ====* req_id_count= 18000 stream_id=71996 latency=0.988137 ms (tx_ts=159005984802815, rx_ts=159005985790952) request_id=1410386 zil_blk_id=71996 ccf_commit_seqno=1410388 nstreams_done_=18000 config.nstreams=20000 avg_latency=1.0426 ms avg throuhgput (requests/sec) = 84.9474 res=false
*==== INFO ====* req_id_count= 18500 stream_id=73996 latency=1.220992 ms (tx_ts=159011844270226, rx_ts=159011845491218) request_id=1449752 zil_blk_id=73996 ccf_commit_seqno=1449755 nstreams_done_=18500 config.nstreams=20000 avg_latency=1.0423 ms avg throuhgput (requests/sec) = 84.9577 res=false
*==== INFO ====* req_id_count= 19000 stream_id=75996 latency=0.811457 ms (tx_ts=159017708678201, rx_ts=159017709489658) request_id=1489074 zil_blk_id=75996 ccf_commit_seqno=1489074 nstreams_done_=19000 config.nstreams=20000 avg_latency=1.0416 ms avg throuhgput (requests/sec) = 84.9658 res=false
*==== INFO ====* req_id_count= 19500 stream_id=77996 latency=0.926162 ms (tx_ts=159023619370852, rx_ts=159023620297014) request_id=1528635 zil_blk_id=77996 ccf_commit_seqno=1528635 nstreams_done_=19500 config.nstreams=20000 avg_latency=1.0430 ms avg throuhgput (requests/sec) = 84.9561 res=false
*==== INFO ====* http_end_stream ALL streams done! nstreams_done_=20000 avg_latency=1.0428 msreq_id_count= 20000
*==== INFO ====* req_id_count= 20000 stream_id=79996 latency=1.064276 ms (tx_ts=159029495679715, rx_ts=159029496743991) request_id=1566012 zil_blk_id=79996 ccf_commit_seqno=1566014 nstreams_done_=20000 config.nstreams=20000 avg_latency=1.0428 ms avg throuhgput (requests/sec) = 84.9594 res=true
