Uniform: 35486 181125 803372 479521 942834 
Exponential: -2147483648 -2147483648 -2147483648 -2147483648 -2147483648 
Truncated Normal: 615060 599405 583930 537719 491239 
*==== INFO ====* req_id_count= 500 stream_id=1996 latency=0.775169 ms (tx_ts=158800169822305, rx_ts=158800170597474) request_id=39411 zil_blk_id=1996 ccf_commit_seqno=39412 nstreams_done_=500 config.nstreams=20000 avg_latency=1.0363 ms avg throuhgput (requests/sec) = 82.2259 res=false
*==== INFO ====* req_id_count= 1000 stream_id=3996 latency=1.049883 ms (tx_ts=158806170093240, rx_ts=158806171143123) request_id=78960 zil_blk_id=3996 ccf_commit_seqno=78962 nstreams_done_=1000 config.nstreams=20000 avg_latency=1.0548 ms avg throuhgput (requests/sec) = 82.7722 res=false
*==== INFO ====* req_id_count= 1500 stream_id=5996 latency=1.135116 ms (tx_ts=158812160273310, rx_ts=158812161408426) request_id=118530 zil_blk_id=5996 ccf_commit_seqno=118532 nstreams_done_=1500 config.nstreams=20000 avg_latency=1.0514 ms avg throuhgput (requests/sec) = 83.0031 res=false
*==== INFO ====* req_id_count= 2000 stream_id=7996 latency=0.987827 ms (tx_ts=158818084771454, rx_ts=158818085759281) request_id=157710 zil_blk_id=7996 ccf_commit_seqno=157713 nstreams_done_=2000 config.nstreams=20000 avg_latency=1.0515 ms avg throuhgput (requests/sec) = 83.3473 res=false
*==== INFO ====* req_id_count= 2500 stream_id=9996 latency=0.973664 ms (tx_ts=158823997084960, rx_ts=158823998058624) request_id=196947 zil_blk_id=9996 ccf_commit_seqno=196952 nstreams_done_=2500 config.nstreams=20000 avg_latency=1.0459 ms avg throuhgput (requests/sec) = 83.5889 res=false
*==== INFO ====* req_id_count= 3000 stream_id=11996 latency=1.124373 ms (tx_ts=158829924610946, rx_ts=158829925735319) request_id=236256 zil_blk_id=11996 ccf_commit_seqno=236258 nstreams_done_=3000 config.nstreams=20000 avg_latency=1.0435 ms avg throuhgput (requests/sec) = 83.7148 res=false
*==== INFO ====* req_id_count= 3500 stream_id=13996 latency=0.985963 ms (tx_ts=158835845109458, rx_ts=158835846095421) request_id=275485 zil_blk_id=13996 ccf_commit_seqno=275487 nstreams_done_=3500 config.nstreams=20000 avg_latency=1.0424 ms avg throuhgput (requests/sec) = 83.8197 res=false
*==== INFO ====* req_id_count= 4000 stream_id=15996 latency=1.130815 ms (tx_ts=158841781812257, rx_ts=158841782943072) request_id=314917 zil_blk_id=15996 ccf_commit_seqno=314918 nstreams_done_=4000 config.nstreams=20000 avg_latency=1.0415 ms avg throuhgput (requests/sec) = 83.8695 res=false
*==== INFO ====* req_id_count= 4500 stream_id=17996 latency=1.211067 ms (tx_ts=158847714830922, rx_ts=158847716041989) request_id=354378 zil_blk_id=17996 ccf_commit_seqno=354382 nstreams_done_=4500 config.nstreams=20000 avg_latency=1.0394 ms avg throuhgput (requests/sec) = 83.9141 res=false
*==== INFO ====* req_id_count= 5000 stream_id=19996 latency=3.290031 ms (tx_ts=158853623558459, rx_ts=158853626848490) request_id=393665 zil_blk_id=19996 ccf_commit_seqno=393667 nstreams_done_=5000 config.nstreams=20000 avg_latency=1.0393 ms avg throuhgput (requests/sec) = 83.9813 res=false
*==== INFO ====* req_id_count= 5500 stream_id=21996 latency=0.892238 ms (tx_ts=158859550200396, rx_ts=158859551092634) request_id=433046 zil_blk_id=21996 ccf_commit_seqno=433047 nstreams_done_=5500 config.nstreams=20000 avg_latency=1.0395 ms avg throuhgput (requests/sec) = 84.0191 res=false
*==== INFO ====* req_id_count= 6000 stream_id=23996 latency=1.130383 ms (tx_ts=158865475146002, rx_ts=158865476276385) request_id=472469 zil_blk_id=23996 ccf_commit_seqno=472469 nstreams_done_=6000 config.nstreams=20000 avg_latency=1.0396 ms avg throuhgput (requests/sec) = 84.0495 res=false
*==== INFO ====* req_id_count= 6500 stream_id=25996 latency=0.747657 ms (tx_ts=158871387909787, rx_ts=158871388657444) request_id=511751 zil_blk_id=25996 ccf_commit_seqno=511751 nstreams_done_=6500 config.nstreams=20000 avg_latency=1.0397 ms avg throuhgput (requests/sec) = 84.0892 res=false
*==== INFO ====* req_id_count= 7000 stream_id=27996 latency=1.263245 ms (tx_ts=158877321521990, rx_ts=158877322785235) request_id=551204 zil_blk_id=27996 ccf_commit_seqno=551211 nstreams_done_=7000 config.nstreams=20000 avg_latency=1.0406 ms avg throuhgput (requests/sec) = 84.1013 res=false
*==== INFO ====* req_id_count= 7500 stream_id=29996 latency=1.015339 ms (tx_ts=158883258695238, rx_ts=158883259710577) request_id=590680 zil_blk_id=29996 ccf_commit_seqno=590684 nstreams_done_=7500 config.nstreams=20000 avg_latency=1.0422 ms avg throuhgput (requests/sec) = 84.1091 res=false
*==== INFO ====* req_id_count= 8000 stream_id=31996 latency=1.183623 ms (tx_ts=158889169672450, rx_ts=158889170856073) request_id=630105 zil_blk_id=31996 ccf_commit_seqno=630107 nstreams_done_=8000 config.nstreams=20000 avg_latency=1.0419 ms avg throuhgput (requests/sec) = 84.1387 res=false
*==== INFO ====* req_id_count= 8500 stream_id=33996 latency=0.743510 ms (tx_ts=158895084357106, rx_ts=158895085100616) request_id=669533 zil_blk_id=33996 ccf_commit_seqno=669533 nstreams_done_=8500 config.nstreams=20000 avg_latency=1.0426 ms avg throuhgput (requests/sec) = 84.1623 res=false
*==== INFO ====* req_id_count= 9000 stream_id=35996 latency=0.927013 ms (tx_ts=158900993426394, rx_ts=158900994353407) request_id=708887 zil_blk_id=35996 ccf_commit_seqno=708887 nstreams_done_=9000 config.nstreams=20000 avg_latency=1.0426 ms avg throuhgput (requests/sec) = 84.1872 res=false
*==== INFO ====* req_id_count= 9500 stream_id=37996 latency=1.029715 ms (tx_ts=158906915906037, rx_ts=158906916935752) request_id=748364 zil_blk_id=37996 ccf_commit_seqno=748365 nstreams_done_=9500 config.nstreams=20000 avg_latency=1.0426 ms avg throuhgput (requests/sec) = 84.1996 res=false
*==== INFO ====* req_id_count= 10000 stream_id=39996 latency=1.239010 ms (tx_ts=158912833149559, rx_ts=158912834388569) request_id=787842 zil_blk_id=39996 ccf_commit_seqno=787846 nstreams_done_=10000 config.nstreams=20000 avg_latency=1.0431 ms avg throuhgput (requests/sec) = 84.2144 res=false
*==== INFO ====* req_id_count= 10500 stream_id=41996 latency=0.722551 ms (tx_ts=158918755643445, rx_ts=158918756365996) request_id=827303 zil_blk_id=41996 ccf_commit_seqno=827303 nstreams_done_=10500 config.nstreams=20000 avg_latency=1.0433 ms avg throuhgput (requests/sec) = 84.2247 res=false
*==== INFO ====* req_id_count= 11000 stream_id=43996 latency=1.236297 ms (tx_ts=158924678151696, rx_ts=158924679387993) request_id=866873 zil_blk_id=43996 ccf_commit_seqno=866876 nstreams_done_=11000 config.nstreams=20000 avg_latency=1.0438 ms avg throuhgput (requests/sec) = 84.2334 res=false
*==== INFO ====* req_id_count= 11500 stream_id=45996 latency=0.914400 ms (tx_ts=158930563083920, rx_ts=158930563998320) request_id=906269 zil_blk_id=45996 ccf_commit_seqno=906271 nstreams_done_=11500 config.nstreams=20000 avg_latency=1.0427 ms avg throuhgput (requests/sec) = 84.2650 res=false
*==== INFO ====* req_id_count= 12000 stream_id=47996 latency=0.799746 ms (tx_ts=158936470865378, rx_ts=158936471665124) request_id=945765 zil_blk_id=47996 ccf_commit_seqno=945765 nstreams_done_=12000 config.nstreams=20000 avg_latency=1.0429 ms avg throuhgput (requests/sec) = 84.2804 res=false
*==== INFO ====* req_id_count= 12500 stream_id=49996 latency=1.083166 ms (tx_ts=158942396946874, rx_ts=158942398030040) request_id=985354 zil_blk_id=49996 ccf_commit_seqno=985357 nstreams_done_=12500 config.nstreams=20000 avg_latency=1.0431 ms avg throuhgput (requests/sec) = 84.2839 res=false
*==== INFO ====* req_id_count= 13000 stream_id=51996 latency=1.569163 ms (tx_ts=158948326036595, rx_ts=158948327605758) request_id=1024916 zil_blk_id=51996 ccf_commit_seqno=1024917 nstreams_done_=13000 config.nstreams=20000 avg_latency=1.0430 ms avg throuhgput (requests/sec) = 84.2854 res=false
*==== INFO ====* req_id_count= 13500 stream_id=53996 latency=1.031859 ms (tx_ts=158954251321540, rx_ts=158954252353399) request_id=1064416 zil_blk_id=53996 ccf_commit_seqno=1064418 nstreams_done_=13500 config.nstreams=20000 avg_latency=1.0437 ms avg throuhgput (requests/sec) = 84.2894 res=false
*==== INFO ====* req_id_count= 14000 stream_id=55996 latency=0.830352 ms (tx_ts=158960161686533, rx_ts=158960162516885) request_id=1103897 zil_blk_id=55996 ccf_commit_seqno=1103898 nstreams_done_=14000 config.nstreams=20000 avg_latency=1.0428 ms avg throuhgput (requests/sec) = 84.3004 res=false
*==== INFO ====* req_id_count= 14500 stream_id=57996 latency=0.928503 ms (tx_ts=158966092723092, rx_ts=158966093651595) request_id=1143496 zil_blk_id=57996 ccf_commit_seqno=1143497 nstreams_done_=14500 config.nstreams=20000 avg_latency=1.0439 ms avg throuhgput (requests/sec) = 84.3004 res=false
*==== INFO ====* req_id_count= 15000 stream_id=59996 latency=0.814703 ms (tx_ts=158972001793531, rx_ts=158972002608234) request_id=1183038 zil_blk_id=59996 ccf_commit_seqno=1183039 nstreams_done_=15000 config.nstreams=20000 avg_latency=1.0431 ms avg throuhgput (requests/sec) = 84.3110 res=false
*==== INFO ====* req_id_count= 15500 stream_id=61996 latency=0.714697 ms (tx_ts=158977923309570, rx_ts=158977924024267) request_id=1222621 zil_blk_id=61996 ccf_commit_seqno=1222621 nstreams_done_=15500 config.nstreams=20000 avg_latency=1.0427 ms avg throuhgput (requests/sec) = 84.3151 res=false
*==== INFO ====* req_id_count= 16000 stream_id=63996 latency=0.888836 ms (tx_ts=158983847940523, rx_ts=158983848829359) request_id=1262237 zil_blk_id=63996 ccf_commit_seqno=1262238 nstreams_done_=16000 config.nstreams=20000 avg_latency=1.0428 ms avg throuhgput (requests/sec) = 84.3175 res=false
*==== INFO ====* req_id_count= 16500 stream_id=65996 latency=1.179766 ms (tx_ts=158989771871470, rx_ts=158989773051236) request_id=1301851 zil_blk_id=65996 ccf_commit_seqno=1301855 nstreams_done_=16500 config.nstreams=20000 avg_latency=1.0432 ms avg throuhgput (requests/sec) = 84.3199 res=false
*==== INFO ====* req_id_count= 17000 stream_id=67996 latency=1.097428 ms (tx_ts=158995691929033, rx_ts=158995693026461) request_id=1341458 zil_blk_id=67996 ccf_commit_seqno=1341463 nstreams_done_=17000 config.nstreams=20000 avg_latency=1.0435 ms avg throuhgput (requests/sec) = 84.3240 res=false
*==== INFO ====* req_id_count= 17500 stream_id=69996 latency=1.135748 ms (tx_ts=159001614316567, rx_ts=159001615452315) request_id=1381098 zil_blk_id=69996 ccf_commit_seqno=1381100 nstreams_done_=17500 config.nstreams=20000 avg_latency=1.0445 ms avg throuhgput (requests/sec) = 84.3269 res=false
*==== INFO ====* req_id_count= 18000 stream_id=71996 latency=0.846543 ms (tx_ts=159007522699199, rx_ts=159007523545742) request_id=1420709 zil_blk_id=71996 ccf_commit_seqno=1420710 nstreams_done_=18000 config.nstreams=20000 avg_latency=1.0435 ms avg throuhgput (requests/sec) = 84.3353 res=false
*==== INFO ====* req_id_count= 18500 stream_id=73996 latency=1.060362 ms (tx_ts=159013425552838, rx_ts=159013426613200) request_id=1460359 zil_blk_id=73996 ccf_commit_seqno=1460362 nstreams_done_=18500 config.nstreams=20000 avg_latency=1.0431 ms avg throuhgput (requests/sec) = 84.3452 res=false
*==== INFO ====* req_id_count= 19000 stream_id=75996 latency=3.042508 ms (tx_ts=159019343768690, rx_ts=159019346811198) request_id=1500019 zil_blk_id=75996 ccf_commit_seqno=1500022 nstreams_done_=19000 config.nstreams=20000 avg_latency=1.0430 ms avg throuhgput (requests/sec) = 84.3481 res=false
*==== INFO ====* req_id_count= 19500 stream_id=77996 latency=0.922194 ms (tx_ts=159025272524220, rx_ts=159025273446414) request_id=1539713 zil_blk_id=77996 ccf_commit_seqno=1539715 nstreams_done_=19500 config.nstreams=20000 avg_latency=1.0430 ms avg throuhgput (requests/sec) = 84.3485 res=false
*==== INFO ====* http_end_stream ALL streams done! nstreams_done_=20000 avg_latency=1.0429 msreq_id_count= 20000
*==== INFO ====* req_id_count= 20000 stream_id=79996 latency=1.141715 ms (tx_ts=159031178893043, rx_ts=159031180034758) request_id=1574430 zil_blk_id=79996 ccf_commit_seqno=1574432 nstreams_done_=20000 config.nstreams=20000 avg_latency=1.0429 ms avg throuhgput (requests/sec) = 84.3561 res=true
