Uniform: 974837 209797 47696 496629 74121 
Exponential: -2147483648 -2147483648 -2147483648 -2147483648 -2147483648 
Truncated Normal: 567807 99386 635565 675184 779986 
*==== INFO ====* req_id_count= 500 stream_id=1996 latency=0.682746 ms (tx_ts=158800075167615, rx_ts=158800075850361) request_id=38794 zil_blk_id=1996 ccf_commit_seqno=38796 nstreams_done_=500 config.nstreams=20000 avg_latency=0.9046 ms avg throuhgput (requests/sec) = 83.3535 res=false
*==== INFO ====* req_id_count= 1000 stream_id=3996 latency=0.769178 ms (tx_ts=158806092900040, rx_ts=158806093669218) request_id=78470 zil_blk_id=3996 ccf_commit_seqno=78470 nstreams_done_=1000 config.nstreams=20000 avg_latency=0.9081 ms avg throuhgput (requests/sec) = 83.2198 res=false
*==== INFO ====* req_id_count= 1500 stream_id=5996 latency=0.711619 ms (tx_ts=158812063506863, rx_ts=158812064218482) request_id=117904 zil_blk_id=5996 ccf_commit_seqno=117904 nstreams_done_=1500 config.nstreams=20000 avg_latency=0.8982 ms avg throuhgput (requests/sec) = 83.3939 res=false
*==== INFO ====* req_id_count= 2000 stream_id=7996 latency=0.640067 ms (tx_ts=158817923089114, rx_ts=158817923729181) request_id=156644 zil_blk_id=7996 ccf_commit_seqno=156644 nstreams_done_=2000 config.nstreams=20000 avg_latency=0.8997 ms avg throuhgput (requests/sec) = 83.8700 res=false
*==== INFO ====* req_id_count= 2500 stream_id=9996 latency=0.866162 ms (tx_ts=158823767467337, rx_ts=158823768333499) request_id=195429 zil_blk_id=9996 ccf_commit_seqno=195430 nstreams_done_=2500 config.nstreams=20000 avg_latency=0.8914 ms avg throuhgput (requests/sec) = 84.2005 res=false
*==== INFO ====* req_id_count= 3000 stream_id=11996 latency=0.967990 ms (tx_ts=158829635357446, rx_ts=158829636325436) request_id=234344 zil_blk_id=11996 ccf_commit_seqno=234346 nstreams_done_=3000 config.nstreams=20000 avg_latency=0.8907 ms avg throuhgput (requests/sec) = 84.3668 res=false
*==== INFO ====* req_id_count= 3500 stream_id=13996 latency=0.926552 ms (tx_ts=158835517321719, rx_ts=158835518248271) request_id=273301 zil_blk_id=13996 ccf_commit_seqno=273303 nstreams_done_=3500 config.nstreams=20000 avg_latency=0.8948 ms avg throuhgput (requests/sec) = 84.4575 res=false
*==== INFO ====* req_id_count= 4000 stream_id=15996 latency=0.998797 ms (tx_ts=158841354273908, rx_ts=158841355272705) request_id=312080 zil_blk_id=15996 ccf_commit_seqno=312083 nstreams_done_=4000 config.nstreams=20000 avg_latency=0.8907 ms avg throuhgput (requests/sec) = 84.6060 res=false
*==== INFO ====* req_id_count= 4500 stream_id=17996 latency=2.187059 ms (tx_ts=158847202763778, rx_ts=158847204950837) request_id=350969 zil_blk_id=17996 ccf_commit_seqno=350972 nstreams_done_=4500 config.nstreams=20000 avg_latency=0.8895 ms avg throuhgput (requests/sec) = 84.7017 res=false
*==== INFO ====* req_id_count= 5000 stream_id=19996 latency=0.760992 ms (tx_ts=158853062424475, rx_ts=158853063185467) request_id=389924 zil_blk_id=19996 ccf_commit_seqno=389924 nstreams_done_=5000 config.nstreams=20000 avg_latency=0.8908 ms avg throuhgput (requests/sec) = 84.7660 res=false
*==== INFO ====* req_id_count= 5500 stream_id=21996 latency=0.767586 ms (tx_ts=158858914256795, rx_ts=158858915024381) request_id=428823 zil_blk_id=21996 ccf_commit_seqno=428824 nstreams_done_=5500 config.nstreams=20000 avg_latency=0.8891 ms avg throuhgput (requests/sec) = 84.8272 res=false
*==== INFO ====* req_id_count= 6000 stream_id=23996 latency=1.089613 ms (tx_ts=158864787598902, rx_ts=158864788688515) request_id=467882 zil_blk_id=23996 ccf_commit_seqno=467886 nstreams_done_=6000 config.nstreams=20000 avg_latency=0.8918 ms avg throuhgput (requests/sec) = 84.8520 res=false
*==== INFO ====* req_id_count= 6500 stream_id=25996 latency=0.727701 ms (tx_ts=158870666910450, rx_ts=158870667638151) request_id=506952 zil_blk_id=25996 ccf_commit_seqno=506954 nstreams_done_=6500 config.nstreams=20000 avg_latency=0.8932 ms avg throuhgput (requests/sec) = 84.8671 res=false
*==== INFO ====* req_id_count= 7000 stream_id=27996 latency=0.836724 ms (tx_ts=158876539202726, rx_ts=158876540039450) request_id=546013 zil_blk_id=27996 ccf_commit_seqno=546018 nstreams_done_=7000 config.nstreams=20000 avg_latency=0.8971 ms avg throuhgput (requests/sec) = 84.8868 res=false
*==== INFO ====* req_id_count= 7500 stream_id=29996 latency=0.606905 ms (tx_ts=158882385216494, rx_ts=158882385823399) request_id=584886 zil_blk_id=29996 ccf_commit_seqno=584886 nstreams_done_=7500 config.nstreams=20000 avg_latency=0.8977 ms avg throuhgput (requests/sec) = 84.9295 res=false
*==== INFO ====* req_id_count= 8000 stream_id=31996 latency=0.808541 ms (tx_ts=158888213121032, rx_ts=158888213929573) request_id=623719 zil_blk_id=31996 ccf_commit_seqno=623720 nstreams_done_=8000 config.nstreams=20000 avg_latency=0.8966 ms avg throuhgput (requests/sec) = 84.9829 res=false
*==== INFO ====* req_id_count= 8500 stream_id=33996 latency=0.687375 ms (tx_ts=158894040100861, rx_ts=158894040788236) request_id=662566 zil_blk_id=33996 ccf_commit_seqno=662569 nstreams_done_=8500 config.nstreams=20000 avg_latency=0.8977 ms avg throuhgput (requests/sec) = 85.0310 res=false
*==== INFO ====* req_id_count= 9000 stream_id=35996 latency=0.677146 ms (tx_ts=158899884184428, rx_ts=158899884861574) request_id=701508 zil_blk_id=35996 ccf_commit_seqno=701508 nstreams_done_=9000 config.nstreams=20000 avg_latency=0.8987 ms avg throuhgput (requests/sec) = 85.0601 res=false
*==== INFO ====* req_id_count= 9500 stream_id=37996 latency=0.799816 ms (tx_ts=158905700242863, rx_ts=158905701042679) request_id=740261 zil_blk_id=37996 ccf_commit_seqno=740261 nstreams_done_=9500 config.nstreams=20000 avg_latency=0.8979 ms avg throuhgput (requests/sec) = 85.1073 res=false
*==== INFO ====* req_id_count= 10000 stream_id=39996 latency=0.766540 ms (tx_ts=158911533026656, rx_ts=158911533793196) request_id=779180 zil_blk_id=39996 ccf_commit_seqno=779182 nstreams_done_=10000 config.nstreams=20000 avg_latency=0.8980 ms avg throuhgput (requests/sec) = 85.1379 res=false
*==== INFO ====* req_id_count= 10500 stream_id=41996 latency=0.722962 ms (tx_ts=158917373298880, rx_ts=158917374021842) request_id=818090 zil_blk_id=41996 ccf_commit_seqno=818090 nstreams_done_=10500 config.nstreams=20000 avg_latency=0.8988 ms avg throuhgput (requests/sec) = 85.1604 res=false
*==== INFO ====* req_id_count= 11000 stream_id=43996 latency=1.158238 ms (tx_ts=158923196480413, rx_ts=158923197638651) request_id=856954 zil_blk_id=43996 ccf_commit_seqno=856960 nstreams_done_=11000 config.nstreams=20000 avg_latency=0.8987 ms avg throuhgput (requests/sec) = 85.1918 res=false
*==== INFO ====* req_id_count= 11500 stream_id=45996 latency=0.854677 ms (tx_ts=158929028106425, rx_ts=158929028961102) request_id=895985 zil_blk_id=45996 ccf_commit_seqno=895988 nstreams_done_=11500 config.nstreams=20000 avg_latency=0.8987 ms avg throuhgput (requests/sec) = 85.2157 res=false
*==== INFO ====* req_id_count= 12000 stream_id=47996 latency=0.945037 ms (tx_ts=158934862623032, rx_ts=158934863568069) request_id=935008 zil_blk_id=47996 ccf_commit_seqno=935010 nstreams_done_=12000 config.nstreams=20000 avg_latency=0.8988 ms avg throuhgput (requests/sec) = 85.2356 res=false
*==== INFO ====* req_id_count= 12500 stream_id=49996 latency=0.933736 ms (tx_ts=158940680124940, rx_ts=158940681058676) request_id=973858 zil_blk_id=49996 ccf_commit_seqno=973864 nstreams_done_=12500 config.nstreams=20000 avg_latency=0.8981 ms avg throuhgput (requests/sec) = 85.2638 res=false
*==== INFO ====* req_id_count= 13000 stream_id=51996 latency=1.136405 ms (tx_ts=158946516855694, rx_ts=158946517992099) request_id=1012854 zil_blk_id=51996 ccf_commit_seqno=1012857 nstreams_done_=13000 config.nstreams=20000 avg_latency=0.8980 ms avg throuhgput (requests/sec) = 85.2791 res=false
*==== INFO ====* req_id_count= 13500 stream_id=53996 latency=1.108974 ms (tx_ts=158952359240800, rx_ts=158952360349774) request_id=1051747 zil_blk_id=53996 ccf_commit_seqno=1051751 nstreams_done_=13500 config.nstreams=20000 avg_latency=0.8994 ms avg throuhgput (requests/sec) = 85.2902 res=false
*==== INFO ====* req_id_count= 14000 stream_id=55996 latency=0.784286 ms (tx_ts=158958177801380, rx_ts=158958178585666) request_id=1090631 zil_blk_id=55996 ccf_commit_seqno=1090635 nstreams_done_=14000 config.nstreams=20000 avg_latency=0.8992 ms avg throuhgput (requests/sec) = 85.3132 res=false
*==== INFO ====* req_id_count= 14500 stream_id=57996 latency=0.955116 ms (tx_ts=158964015907817, rx_ts=158964016862933) request_id=1129632 zil_blk_id=57996 ccf_commit_seqno=1129639 nstreams_done_=14500 config.nstreams=20000 avg_latency=0.8994 ms avg throuhgput (requests/sec) = 85.3245 res=false
*==== INFO ====* req_id_count= 15000 stream_id=59996 latency=0.950217 ms (tx_ts=158969850025116, rx_ts=158969850975333) request_id=1168624 zil_blk_id=59996 ccf_commit_seqno=1168626 nstreams_done_=15000 config.nstreams=20000 avg_latency=0.8995 ms avg throuhgput (requests/sec) = 85.3370 res=false
*==== INFO ====* req_id_count= 15500 stream_id=61996 latency=0.586267 ms (tx_ts=158975687850966, rx_ts=158975688437233) request_id=1207654 zil_blk_id=61996 ccf_commit_seqno=1207654 nstreams_done_=15500 config.nstreams=20000 avg_latency=0.8998 ms avg throuhgput (requests/sec) = 85.3472 res=false
*==== INFO ====* req_id_count= 16000 stream_id=63996 latency=0.679788 ms (tx_ts=158981507862467, rx_ts=158981508542255) request_id=1246610 zil_blk_id=63996 ccf_commit_seqno=1246610 nstreams_done_=16000 config.nstreams=20000 avg_latency=0.8994 ms avg throuhgput (requests/sec) = 85.3646 res=false
*==== INFO ====* req_id_count= 16500 stream_id=65996 latency=2.543923 ms (tx_ts=158987343838283, rx_ts=158987346382206) request_id=1285611 zil_blk_id=65996 ccf_commit_seqno=1285612 nstreams_done_=16500 config.nstreams=20000 avg_latency=0.8993 ms avg throuhgput (requests/sec) = 85.3732 res=false
*==== INFO ====* req_id_count= 17000 stream_id=67996 latency=0.773446 ms (tx_ts=158993164091876, rx_ts=158993164865322) request_id=1324549 zil_blk_id=67996 ccf_commit_seqno=1324549 nstreams_done_=17000 config.nstreams=20000 avg_latency=0.8991 ms avg throuhgput (requests/sec) = 85.3896 res=false
*==== INFO ====* req_id_count= 17500 stream_id=69996 latency=0.870507 ms (tx_ts=158998997482592, rx_ts=158998998353099) request_id=1363570 zil_blk_id=69996 ccf_commit_seqno=1363571 nstreams_done_=17500 config.nstreams=20000 avg_latency=0.8995 ms avg throuhgput (requests/sec) = 85.3987 res=false
*==== INFO ====* req_id_count= 18000 stream_id=71996 latency=1.126917 ms (tx_ts=159004825807125, rx_ts=159004826934042) request_id=1402606 zil_blk_id=71996 ccf_commit_seqno=1402608 nstreams_done_=18000 config.nstreams=20000 avg_latency=0.8997 ms avg throuhgput (requests/sec) = 85.4094 res=false
*==== INFO ====* req_id_count= 18500 stream_id=73996 latency=1.039213 ms (tx_ts=159010636178058, rx_ts=159010637217271) request_id=1441651 zil_blk_id=73996 ccf_commit_seqno=1441651 nstreams_done_=18500 config.nstreams=20000 avg_latency=0.8991 ms avg throuhgput (requests/sec) = 85.4267 res=false
*==== INFO ====* req_id_count= 19000 stream_id=75996 latency=0.755102 ms (tx_ts=159016463022175, rx_ts=159016463777277) request_id=1480727 zil_blk_id=75996 ccf_commit_seqno=1480727 nstreams_done_=19000 config.nstreams=20000 avg_latency=0.8990 ms avg throuhgput (requests/sec) = 85.4368 res=false
*==== INFO ====* req_id_count= 19500 stream_id=77996 latency=0.783866 ms (tx_ts=159022307822216, rx_ts=159022308606082) request_id=1519862 zil_blk_id=77996 ccf_commit_seqno=1519863 nstreams_done_=19500 config.nstreams=20000 avg_latency=0.9001 ms avg throuhgput (requests/sec) = 85.4396 res=false
*==== INFO ====* http_end_stream ALL streams done! nstreams_done_=20000 avg_latency=0.9002 msreq_id_count= 20000
*==== INFO ====* req_id_count= 20000 stream_id=79996 latency=0.844920 ms (tx_ts=159028144034841, rx_ts=159028144879761) request_id=1558286 zil_blk_id=79996 ccf_commit_seqno=1558288 nstreams_done_=20000 config.nstreams=20000 avg_latency=0.9002 ms avg throuhgput (requests/sec) = 85.4454 res=true
