Uniform: 978166 415977 221329 955135 975616 
Exponential: -2147483648 -2147483648 -2147483648 -2147483648 -2147483648 
Truncated Normal: 514795 461795 515292 330825 613852 
*==== INFO ====* req_id_count= 500 stream_id=1996 latency=1.113772 ms (tx_ts=158799918927896, rx_ts=158799920041668) request_id=37781 zil_blk_id=804 ccf_commit_seqno=37782 nstreams_done_=500 config.nstreams=20000 avg_latency=0.8845 ms avg throuhgput (requests/sec) = 85.5673 res=false
*==== INFO ====* req_id_count= 1000 stream_id=3996 latency=0.927138 ms (tx_ts=158805779507131, rx_ts=158805780434269) request_id=76404 zil_blk_id=6298 ccf_commit_seqno=76406 nstreams_done_=1000 config.nstreams=20000 avg_latency=0.8777 ms avg throuhgput (requests/sec) = 85.4428 res=false
*==== INFO ====* req_id_count= 1500 stream_id=5996 latency=0.760662 ms (tx_ts=158811641146710, rx_ts=158811641907372) request_id=115116 zil_blk_id=11785 ccf_commit_seqno=115117 nstreams_done_=1500 config.nstreams=20000 avg_latency=0.8785 ms avg throuhgput (requests/sec) = 85.3960 res=false
*==== INFO ====* req_id_count= 2000 stream_id=7996 latency=0.557352 ms (tx_ts=158817506857406, rx_ts=158817507414758) request_id=153883 zil_blk_id=17271 ccf_commit_seqno=153883 nstreams_done_=2000 config.nstreams=20000 avg_latency=0.8865 ms avg throuhgput (requests/sec) = 85.3580 res=false
*==== INFO ====* req_id_count= 2500 stream_id=9996 latency=1.049573 ms (tx_ts=158823334480579, rx_ts=158823335530152) request_id=192572 zil_blk_id=22724 ccf_commit_seqno=192575 nstreams_done_=2500 config.nstreams=20000 avg_latency=0.8782 ms avg throuhgput (requests/sec) = 85.4443 res=false
*==== INFO ====* req_id_count= 3000 stream_id=11996 latency=0.886107 ms (tx_ts=158829168362810, rx_ts=158829169248917) request_id=231248 zil_blk_id=28163 ccf_commit_seqno=231250 nstreams_done_=3000 config.nstreams=20000 avg_latency=0.8729 ms avg throuhgput (requests/sec) = 85.4882 res=false
*==== INFO ====* req_id_count= 3500 stream_id=13996 latency=0.798423 ms (tx_ts=158835014643005, rx_ts=158835015441428) request_id=269965 zil_blk_id=33612 ccf_commit_seqno=269969 nstreams_done_=3500 config.nstreams=20000 avg_latency=0.8729 ms avg throuhgput (requests/sec) = 85.4936 res=false
*==== INFO ====* req_id_count= 4000 stream_id=15996 latency=0.964651 ms (tx_ts=158840850370530, rx_ts=158840851335181) request_id=308750 zil_blk_id=39069 ccf_commit_seqno=308751 nstreams_done_=4000 config.nstreams=20000 avg_latency=0.8703 ms avg throuhgput (requests/sec) = 85.5164 res=false
*==== INFO ====* req_id_count= 4500 stream_id=17996 latency=0.980915 ms (tx_ts=158846680491612, rx_ts=158846681472527) request_id=347509 zil_blk_id=44533 ccf_commit_seqno=347511 nstreams_done_=4500 config.nstreams=20000 avg_latency=0.8678 ms avg throuhgput (requests/sec) = 85.5436 res=false
*==== INFO ====* req_id_count= 5000 stream_id=19996 latency=0.812710 ms (tx_ts=158852504568718, rx_ts=158852505381428) request_id=386203 zil_blk_id=50004 ccf_commit_seqno=386204 nstreams_done_=5000 config.nstreams=20000 avg_latency=0.8654 ms avg throuhgput (requests/sec) = 85.5744 res=false
*==== INFO ====* req_id_count= 5500 stream_id=21996 latency=1.114985 ms (tx_ts=158858366376704, rx_ts=158858367491689) request_id=425183 zil_blk_id=55505 ccf_commit_seqno=425186 nstreams_done_=5500 config.nstreams=20000 avg_latency=0.8687 ms avg throuhgput (requests/sec) = 85.5488 res=false
*==== INFO ====* req_id_count= 6000 stream_id=23996 latency=1.057136 ms (tx_ts=158864221922852, rx_ts=158864222979988) request_id=464133 zil_blk_id=60997 ccf_commit_seqno=464134 nstreams_done_=6000 config.nstreams=20000 avg_latency=0.8728 ms avg throuhgput (requests/sec) = 85.5355 res=false
*==== INFO ====* req_id_count= 6500 stream_id=25996 latency=0.764963 ms (tx_ts=158870066520095, rx_ts=158870067285058) request_id=502975 zil_blk_id=66478 ccf_commit_seqno=502977 nstreams_done_=6500 config.nstreams=20000 avg_latency=0.8759 ms avg throuhgput (requests/sec) = 85.5369 res=false
*==== INFO ====* req_id_count= 7000 stream_id=27996 latency=0.755664 ms (tx_ts=158875880911164, rx_ts=158875881666828) request_id=541662 zil_blk_id=71939 ccf_commit_seqno=541664 nstreams_done_=7000 config.nstreams=20000 avg_latency=0.8754 ms avg throuhgput (requests/sec) = 85.5694 res=false
*==== INFO ====* req_id_count= 7500 stream_id=29996 latency=0.817548 ms (tx_ts=158881723979996, rx_ts=158881724797544) request_id=580498 zil_blk_id=77401 ccf_commit_seqno=580498 nstreams_done_=7500 config.nstreams=20000 avg_latency=0.8761 ms avg throuhgput (requests/sec) = 85.5694 res=false
*==== INFO ====* req_id_count= 8000 stream_id=31996 latency=0.763868 ms (tx_ts=158887551827128, rx_ts=158887552590996) request_id=619297 zil_blk_id=82830 ccf_commit_seqno=619299 nstreams_done_=8000 config.nstreams=20000 avg_latency=0.8757 ms avg throuhgput (requests/sec) = 85.5836 res=false
*==== INFO ====* req_id_count= 8500 stream_id=33996 latency=0.806718 ms (tx_ts=158893393962967, rx_ts=158893394769685) request_id=658274 zil_blk_id=88280 ccf_commit_seqno=658275 nstreams_done_=8500 config.nstreams=20000 avg_latency=0.8788 ms avg throuhgput (requests/sec) = 85.5836 res=false
*==== INFO ====* req_id_count= 9000 stream_id=35996 latency=0.640177 ms (tx_ts=158899247766207, rx_ts=158899248406384) request_id=697276 zil_blk_id=93731 ccf_commit_seqno=697276 nstreams_done_=9000 config.nstreams=20000 avg_latency=0.8814 ms avg throuhgput (requests/sec) = 85.5743 res=false
*==== INFO ====* req_id_count= 9500 stream_id=37996 latency=0.632633 ms (tx_ts=158905066548828, rx_ts=158905067181461) request_id=736085 zil_blk_id=99158 ccf_commit_seqno=736085 nstreams_done_=9500 config.nstreams=20000 avg_latency=0.8810 ms avg throuhgput (requests/sec) = 85.5929 res=false
*==== INFO ====* req_id_count= 10000 stream_id=39996 latency=0.905278 ms (tx_ts=158910881599555, rx_ts=158910882504833) request_id=774824 zil_blk_id=104582 ccf_commit_seqno=774826 nstreams_done_=10000 config.nstreams=20000 avg_latency=0.8804 ms avg throuhgput (requests/sec) = 85.6122 res=false
*==== INFO ====* req_id_count= 10500 stream_id=41996 latency=0.949635 ms (tx_ts=158916716546843, rx_ts=158916717496478) request_id=813708 zil_blk_id=110042 ccf_commit_seqno=813709 nstreams_done_=10500 config.nstreams=20000 avg_latency=0.8809 ms avg throuhgput (requests/sec) = 85.6159 res=false
*==== INFO ====* req_id_count= 11000 stream_id=43996 latency=0.800665 ms (tx_ts=158922547862716, rx_ts=158922548663381) request_id=852632 zil_blk_id=115501 ccf_commit_seqno=852636 nstreams_done_=11000 config.nstreams=20000 avg_latency=0.8822 ms avg throuhgput (requests/sec) = 85.6218 res=false
*==== INFO ====* req_id_count= 11500 stream_id=45996 latency=0.782181 ms (tx_ts=158928359458894, rx_ts=158928360241075) request_id=891530 zil_blk_id=120942 ccf_commit_seqno=891530 nstreams_done_=11500 config.nstreams=20000 avg_latency=0.8818 ms avg throuhgput (requests/sec) = 85.6397 res=false
*==== INFO ====* req_id_count= 12000 stream_id=47996 latency=0.974070 ms (tx_ts=158934169698986, rx_ts=158934170673056) request_id=930361 zil_blk_id=126387 ccf_commit_seqno=930363 nstreams_done_=12000 config.nstreams=20000 avg_latency=0.8809 ms avg throuhgput (requests/sec) = 85.6568 res=false
*==== INFO ====* req_id_count= 12500 stream_id=49996 latency=1.061195 ms (tx_ts=158939988955608, rx_ts=158939990016803) request_id=969247 zil_blk_id=131850 ccf_commit_seqno=969249 nstreams_done_=12500 config.nstreams=20000 avg_latency=0.8809 ms avg throuhgput (requests/sec) = 85.6673 res=false
*==== INFO ====* req_id_count= 13000 stream_id=51996 latency=1.038100 ms (tx_ts=158945786533222, rx_ts=158945787571322) request_id=1007996 zil_blk_id=137287 ccf_commit_seqno=1008001 nstreams_done_=13000 config.nstreams=20000 avg_latency=0.8796 ms avg throuhgput (requests/sec) = 85.6893 res=false
*==== INFO ====* req_id_count= 13500 stream_id=53996 latency=1.087312 ms (tx_ts=158951603030716, rx_ts=158951604118028) request_id=1046830 zil_blk_id=142741 ccf_commit_seqno=1046835 nstreams_done_=13500 config.nstreams=20000 avg_latency=0.8796 ms avg throuhgput (requests/sec) = 85.6994 res=false
*==== INFO ====* req_id_count= 14000 stream_id=55996 latency=1.387084 ms (tx_ts=158957442689273, rx_ts=158957444076357) request_id=1085719 zil_blk_id=148219 ccf_commit_seqno=1085719 nstreams_done_=14000 config.nstreams=20000 avg_latency=0.8809 ms avg throuhgput (requests/sec) = 85.6964 res=false
*==== INFO ====* req_id_count= 14500 stream_id=57996 latency=0.938101 ms (tx_ts=158963266216516, rx_ts=158963267154617) request_id=1124634 zil_blk_id=153683 ccf_commit_seqno=1124637 nstreams_done_=14500 config.nstreams=20000 avg_latency=0.8806 ms avg throuhgput (requests/sec) = 85.7022 res=false
*==== INFO ====* req_id_count= 15000 stream_id=59996 latency=0.804124 ms (tx_ts=158969093630718, rx_ts=158969094434842) request_id=1163552 zil_blk_id=159149 ccf_commit_seqno=1163552 nstreams_done_=15000 config.nstreams=20000 avg_latency=0.8813 ms avg throuhgput (requests/sec) = 85.7056 res=false
*==== INFO ====* req_id_count= 15500 stream_id=61996 latency=0.734093 ms (tx_ts=158974903778916, rx_ts=158974904513009) request_id=1202421 zil_blk_id=164600 ccf_commit_seqno=1202421 nstreams_done_=15500 config.nstreams=20000 avg_latency=0.8806 ms avg throuhgput (requests/sec) = 85.7169 res=false
*==== INFO ====* req_id_count= 16000 stream_id=63996 latency=1.153807 ms (tx_ts=158980718463150, rx_ts=158980719616957) request_id=1241314 zil_blk_id=170037 ccf_commit_seqno=1241315 nstreams_done_=16000 config.nstreams=20000 avg_latency=0.8816 ms avg throuhgput (requests/sec) = 85.7252 res=false
*==== INFO ====* req_id_count= 16500 stream_id=65996 latency=0.617284 ms (tx_ts=158986569753885, rx_ts=158986570371169) request_id=1280428 zil_blk_id=175528 ccf_commit_seqno=1280428 nstreams_done_=16500 config.nstreams=20000 avg_latency=0.8823 ms avg throuhgput (requests/sec) = 85.7171 res=false
*==== INFO ====* req_id_count= 17000 stream_id=67996 latency=0.930279 ms (tx_ts=158992390622409, rx_ts=158992391552688) request_id=1319373 zil_blk_id=180985 ccf_commit_seqno=1319374 nstreams_done_=17000 config.nstreams=20000 avg_latency=0.8828 ms avg throuhgput (requests/sec) = 85.7223 res=false
*==== INFO ====* req_id_count= 17500 stream_id=69996 latency=0.734634 ms (tx_ts=158998208136108, rx_ts=158998208870742) request_id=1358280 zil_blk_id=186419 ccf_commit_seqno=1358280 nstreams_done_=17500 config.nstreams=20000 avg_latency=0.8824 ms avg throuhgput (requests/sec) = 85.7288 res=false
*==== INFO ====* req_id_count= 18000 stream_id=71996 latency=0.635809 ms (tx_ts=159004021640419, rx_ts=159004022276228) request_id=1397249 zil_blk_id=191834 ccf_commit_seqno=1397249 nstreams_done_=18000 config.nstreams=20000 avg_latency=0.8822 ms avg throuhgput (requests/sec) = 85.7365 res=false
*==== INFO ====* req_id_count= 18500 stream_id=73996 latency=0.824792 ms (tx_ts=159009829172393, rx_ts=159009829997185) request_id=1436217 zil_blk_id=197251 ccf_commit_seqno=1436219 nstreams_done_=18500 config.nstreams=20000 avg_latency=0.8825 ms avg throuhgput (requests/sec) = 85.7461 res=false
*==== INFO ====* req_id_count= 19000 stream_id=75996 latency=0.545550 ms (tx_ts=159015638646139, rx_ts=159015639191689) request_id=1475186 zil_blk_id=202685 ccf_commit_seqno=1475186 nstreams_done_=19000 config.nstreams=20000 avg_latency=0.8821 ms avg throuhgput (requests/sec) = 85.7546 res=false
*==== INFO ====* req_id_count= 19500 stream_id=77996 latency=0.963691 ms (tx_ts=159021449475633, rx_ts=159021450439324) request_id=1514117 zil_blk_id=208125 ccf_commit_seqno=1514125 nstreams_done_=19500 config.nstreams=20000 avg_latency=0.8820 ms avg throuhgput (requests/sec) = 85.7619 res=false
*==== INFO ====* http_end_stream ALL streams done! nstreams_done_=20000 avg_latency=0.8824 msreq_id_count= 20000
*==== INFO ====* req_id_count= 20000 stream_id=79996 latency=0.703300 ms (tx_ts=159027304625465, rx_ts=159027305328765) request_id=1553122 zil_blk_id=213610 ccf_commit_seqno=1553122 nstreams_done_=20000 config.nstreams=20000 avg_latency=0.8824 ms avg throuhgput (requests/sec) = 85.7528 res=true
