Uniform: 584718 344597 992470 518540 442521 
Exponential: -2147483648 -2147483648 -2147483648 -2147483648 -2147483648 
Truncated Normal: 844961 835684 655289 558060 401971 
*==== INFO ====* req_id_count= 500 stream_id=1996 latency=1.029606 ms (tx_ts=158800125106741, rx_ts=158800126136347) request_id=39117 zil_blk_id=1996 ccf_commit_seqno=39119 nstreams_done_=500 config.nstreams=20000 avg_latency=1.0193 ms avg throuhgput (requests/sec) = 82.8135 res=false
*==== INFO ====* req_id_count= 1000 stream_id=3996 latency=0.825934 ms (tx_ts=158806068389505, rx_ts=158806069215439) request_id=78308 zil_blk_id=3996 ccf_commit_seqno=78309 nstreams_done_=1000 config.nstreams=20000 avg_latency=1.0140 ms avg throuhgput (requests/sec) = 83.4673 res=false
*==== INFO ====* req_id_count= 1500 stream_id=5996 latency=0.773727 ms (tx_ts=158811955609117, rx_ts=158811956382844) request_id=117186 zil_blk_id=5996 ccf_commit_seqno=117186 nstreams_done_=1500 config.nstreams=20000 avg_latency=1.0025 ms avg throuhgput (requests/sec) = 83.9494 res=false
*==== INFO ====* req_id_count= 2000 stream_id=7996 latency=1.116388 ms (tx_ts=158817861273034, rx_ts=158817862389422) request_id=156237 zil_blk_id=7996 ccf_commit_seqno=156238 nstreams_done_=2000 config.nstreams=20000 avg_latency=1.0009 ms avg throuhgput (requests/sec) = 84.1258 res=false
*==== INFO ====* req_id_count= 2500 stream_id=9996 latency=1.035710 ms (tx_ts=158823746641076, rx_ts=158823747676786) request_id=195291 zil_blk_id=9996 ccf_commit_seqno=195292 nstreams_done_=2500 config.nstreams=20000 avg_latency=0.9967 ms avg throuhgput (requests/sec) = 84.2909 res=false
*==== INFO ====* req_id_count= 3000 stream_id=11996 latency=0.860537 ms (tx_ts=158829684617060, rx_ts=158829685477597) request_id=234669 zil_blk_id=11996 ccf_commit_seqno=234670 nstreams_done_=3000 config.nstreams=20000 avg_latency=1.0109 ms avg throuhgput (requests/sec) = 84.2768 res=false
*==== INFO ====* req_id_count= 3500 stream_id=13996 latency=0.782833 ms (tx_ts=158835587932859, rx_ts=158835588715692) request_id=273773 zil_blk_id=13996 ccf_commit_seqno=273773 nstreams_done_=3500 config.nstreams=20000 avg_latency=1.0151 ms avg throuhgput (requests/sec) = 84.3369 res=false
*==== INFO ====* req_id_count= 4000 stream_id=15996 latency=1.010706 ms (tx_ts=158841525776268, rx_ts=158841526786974) request_id=313217 zil_blk_id=15996 ccf_commit_seqno=313221 nstreams_done_=4000 config.nstreams=20000 avg_latency=1.0180 ms avg throuhgput (requests/sec) = 84.3200 res=false
*==== INFO ====* req_id_count= 4500 stream_id=17996 latency=0.977117 ms (tx_ts=158847404668955, rx_ts=158847405646072) request_id=352310 zil_blk_id=17996 ccf_commit_seqno=352313 nstreams_done_=4500 config.nstreams=20000 avg_latency=1.0165 ms avg throuhgput (requests/sec) = 84.4006 res=false
*==== INFO ====* req_id_count= 5000 stream_id=19996 latency=1.056416 ms (tx_ts=158853294922768, rx_ts=158853295979184) request_id=391471 zil_blk_id=19996 ccf_commit_seqno=391473 nstreams_done_=5000 config.nstreams=20000 avg_latency=1.0169 ms avg throuhgput (requests/sec) = 84.4488 res=false
*==== INFO ====* req_id_count= 5500 stream_id=21996 latency=0.872431 ms (tx_ts=158859210601712, rx_ts=158859211474143) request_id=430783 zil_blk_id=21996 ccf_commit_seqno=430784 nstreams_done_=5500 config.nstreams=20000 avg_latency=1.0200 ms avg throuhgput (requests/sec) = 84.4556 res=false
*==== INFO ====* req_id_count= 6000 stream_id=23996 latency=0.896556 ms (tx_ts=158865123514880, rx_ts=158865124411436) request_id=470120 zil_blk_id=23996 ccf_commit_seqno=470121 nstreams_done_=6000 config.nstreams=20000 avg_latency=1.0200 ms avg throuhgput (requests/sec) = 84.4643 res=false
*==== INFO ====* req_id_count= 6500 stream_id=25996 latency=0.799324 ms (tx_ts=158871008806591, rx_ts=158871009605915) request_id=509218 zil_blk_id=25996 ccf_commit_seqno=509219 nstreams_done_=6500 config.nstreams=20000 avg_latency=1.0205 ms avg throuhgput (requests/sec) = 84.5021 res=false
*==== INFO ====* req_id_count= 7000 stream_id=27996 latency=1.068678 ms (tx_ts=158876911056106, rx_ts=158876912124784) request_id=548488 zil_blk_id=27996 ccf_commit_seqno=548489 nstreams_done_=7000 config.nstreams=20000 avg_latency=1.0208 ms avg throuhgput (requests/sec) = 84.5169 res=false
*==== INFO ====* req_id_count= 7500 stream_id=29996 latency=0.968568 ms (tx_ts=158882787465396, rx_ts=158882788433964) request_id=587546 zil_blk_id=29996 ccf_commit_seqno=587547 nstreams_done_=7500 config.nstreams=20000 avg_latency=1.0177 ms avg throuhgput (requests/sec) = 84.5547 res=false
*==== INFO ====* req_id_count= 8000 stream_id=31996 latency=0.777999 ms (tx_ts=158888677526434, rx_ts=158888678304433) request_id=626821 zil_blk_id=31996 ccf_commit_seqno=626821 nstreams_done_=8000 config.nstreams=20000 avg_latency=1.0175 ms avg throuhgput (requests/sec) = 84.5757 res=false
*==== INFO ====* req_id_count= 8500 stream_id=33996 latency=0.900474 ms (tx_ts=158894590737203, rx_ts=158894591637677) request_id=666242 zil_blk_id=33996 ccf_commit_seqno=666244 nstreams_done_=8500 config.nstreams=20000 avg_latency=1.0175 ms avg throuhgput (requests/sec) = 84.5745 res=false
*==== INFO ====* req_id_count= 9000 stream_id=35996 latency=1.267881 ms (tx_ts=158900496726396, rx_ts=158900497994277) request_id=705588 zil_blk_id=35996 ccf_commit_seqno=705592 nstreams_done_=9000 config.nstreams=20000 avg_latency=1.0172 ms avg throuhgput (requests/sec) = 84.5789 res=false
*==== INFO ====* req_id_count= 9500 stream_id=37996 latency=1.057257 ms (tx_ts=158906389847616, rx_ts=158906390904873) request_id=744865 zil_blk_id=37996 ccf_commit_seqno=744865 nstreams_done_=9500 config.nstreams=20000 avg_latency=1.0167 ms avg throuhgput (requests/sec) = 84.5930 res=false
*==== INFO ====* req_id_count= 10000 stream_id=39996 latency=0.724388 ms (tx_ts=158912299450261, rx_ts=158912300174649) request_id=784291 zil_blk_id=39996 ccf_commit_seqno=784291 nstreams_done_=10000 config.nstreams=20000 avg_latency=1.0160 ms avg throuhgput (requests/sec) = 84.5940 res=false
*==== INFO ====* req_id_count= 10500 stream_id=41996 latency=0.896535 ms (tx_ts=158918215713534, rx_ts=158918216610069) request_id=823708 zil_blk_id=41996 ccf_commit_seqno=823709 nstreams_done_=10500 config.nstreams=20000 avg_latency=1.0171 ms avg throuhgput (requests/sec) = 84.5900 res=false
*==== INFO ====* req_id_count= 11000 stream_id=43996 latency=0.890846 ms (tx_ts=158924095843829, rx_ts=158924096734675) request_id=862964 zil_blk_id=43996 ccf_commit_seqno=862964 nstreams_done_=11000 config.nstreams=20000 avg_latency=1.0169 ms avg throuhgput (requests/sec) = 84.6100 res=false
*==== INFO ====* req_id_count= 11500 stream_id=45996 latency=0.695113 ms (tx_ts=158929986675906, rx_ts=158929987371019) request_id=902402 zil_blk_id=45996 ccf_commit_seqno=902402 nstreams_done_=11500 config.nstreams=20000 avg_latency=1.0164 ms avg throuhgput (requests/sec) = 84.6217 res=false
*==== INFO ====* req_id_count= 12000 stream_id=47996 latency=0.934618 ms (tx_ts=158935867895447, rx_ts=158935868830065) request_id=941741 zil_blk_id=47996 ccf_commit_seqno=941743 nstreams_done_=12000 config.nstreams=20000 avg_latency=1.0157 ms avg throuhgput (requests/sec) = 84.6380 res=false
*==== INFO ====* req_id_count= 12500 stream_id=49996 latency=0.748810 ms (tx_ts=158941747663403, rx_ts=158941748412213) request_id=981000 zil_blk_id=49996 ccf_commit_seqno=981001 nstreams_done_=12500 config.nstreams=20000 avg_latency=1.0143 ms avg throuhgput (requests/sec) = 84.6540 res=false
*==== INFO ====* req_id_count= 13000 stream_id=51996 latency=0.785127 ms (tx_ts=158947643836782, rx_ts=158947644621909) request_id=1020358 zil_blk_id=51996 ccf_commit_seqno=1020358 nstreams_done_=13000 config.nstreams=20000 avg_latency=1.0139 ms avg throuhgput (requests/sec) = 84.6596 res=false
*==== INFO ====* req_id_count= 13500 stream_id=53996 latency=1.154218 ms (tx_ts=158953548093192, rx_ts=158953549247410) request_id=1059711 zil_blk_id=53996 ccf_commit_seqno=1059717 nstreams_done_=13500 config.nstreams=20000 avg_latency=1.0152 ms avg throuhgput (requests/sec) = 84.6603 res=false
*==== INFO ====* req_id_count= 14000 stream_id=55996 latency=1.027894 ms (tx_ts=158959420837213, rx_ts=158959421865107) request_id=1098943 zil_blk_id=55996 ccf_commit_seqno=1098945 nstreams_done_=14000 config.nstreams=20000 avg_latency=1.0144 ms avg throuhgput (requests/sec) = 84.6774 res=false
*==== INFO ====* req_id_count= 14500 stream_id=57996 latency=0.705685 ms (tx_ts=158965288719587, rx_ts=158965289425272) request_id=1138129 zil_blk_id=57996 ccf_commit_seqno=1138129 nstreams_done_=14500 config.nstreams=20000 avg_latency=1.0141 ms avg throuhgput (requests/sec) = 84.6958 res=false
*==== INFO ====* req_id_count= 15000 stream_id=59996 latency=1.249225 ms (tx_ts=158971185810865, rx_ts=158971187060090) request_id=1177572 zil_blk_id=59996 ccf_commit_seqno=1177574 nstreams_done_=15000 config.nstreams=20000 avg_latency=1.0142 ms avg throuhgput (requests/sec) = 84.6986 res=false
*==== INFO ====* req_id_count= 15500 stream_id=61996 latency=0.722612 ms (tx_ts=158977075026590, rx_ts=158977075749202) request_id=1216936 zil_blk_id=61996 ccf_commit_seqno=1216937 nstreams_done_=15500 config.nstreams=20000 avg_latency=1.0142 ms avg throuhgput (requests/sec) = 84.7053 res=false
*==== INFO ====* req_id_count= 16000 stream_id=63996 latency=0.791260 ms (tx_ts=158982992094307, rx_ts=158982992885567) request_id=1256524 zil_blk_id=63996 ccf_commit_seqno=1256524 nstreams_done_=16000 config.nstreams=20000 avg_latency=1.0138 ms avg throuhgput (requests/sec) = 84.6989 res=false
*==== INFO ====* req_id_count= 16500 stream_id=65996 latency=1.230640 ms (tx_ts=158988880942641, rx_ts=158988882173281) request_id=1295893 zil_blk_id=65996 ccf_commit_seqno=1295897 nstreams_done_=16500 config.nstreams=20000 avg_latency=1.0136 ms avg throuhgput (requests/sec) = 84.7050 res=false
*==== INFO ====* req_id_count= 17000 stream_id=67996 latency=0.734443 ms (tx_ts=158994784827709, rx_ts=158994785562152) request_id=1335380 zil_blk_id=67996 ccf_commit_seqno=1335380 nstreams_done_=17000 config.nstreams=20000 avg_latency=1.0136 ms avg throuhgput (requests/sec) = 84.7048 res=false
*==== INFO ====* req_id_count= 17500 stream_id=69996 latency=0.856791 ms (tx_ts=159000729615869, rx_ts=159000730472660) request_id=1375148 zil_blk_id=69996 ccf_commit_seqno=1375150 nstreams_done_=17500 config.nstreams=20000 avg_latency=1.0148 ms avg throuhgput (requests/sec) = 84.6875 res=false
*==== INFO ====* req_id_count= 18000 stream_id=71996 latency=1.021526 ms (tx_ts=159006634541593, rx_ts=159006635563119) request_id=1414747 zil_blk_id=71996 ccf_commit_seqno=1414749 nstreams_done_=18000 config.nstreams=20000 avg_latency=1.0147 ms avg throuhgput (requests/sec) = 84.6871 res=false
*==== INFO ====* req_id_count= 18500 stream_id=73996 latency=0.695601 ms (tx_ts=159012512793328, rx_ts=159012513488929) request_id=1454230 zil_blk_id=73996 ccf_commit_seqno=1454230 nstreams_done_=18500 config.nstreams=20000 avg_latency=1.0141 ms avg throuhgput (requests/sec) = 84.6973 res=false
*==== INFO ====* req_id_count= 19000 stream_id=75996 latency=1.190907 ms (tx_ts=159018378371776, rx_ts=159018379562683) request_id=1493566 zil_blk_id=75996 ccf_commit_seqno=1493570 nstreams_done_=19000 config.nstreams=20000 avg_latency=1.0129 ms avg throuhgput (requests/sec) = 84.7113 res=false
*==== INFO ====* req_id_count= 19500 stream_id=77996 latency=1.135383 ms (tx_ts=159024293380708, rx_ts=159024294516091) request_id=1533133 zil_blk_id=77996 ccf_commit_seqno=1533137 nstreams_done_=19500 config.nstreams=20000 avg_latency=1.0130 ms avg throuhgput (requests/sec) = 84.7067 res=false
*==== INFO ====* http_end_stream ALL streams done! nstreams_done_=20000 avg_latency=1.0136 msreq_id_count= 20000
*==== INFO ====* req_id_count= 20000 stream_id=79996 latency=0.920301 ms (tx_ts=159030226401651, rx_ts=159030227321952) request_id=1569856 zil_blk_id=79996 ccf_commit_seqno=1569856 nstreams_done_=20000 config.nstreams=20000 avg_latency=1.0136 ms avg throuhgput (requests/sec) = 84.6959 res=true
