Uniform: 915906 969290 353775 474496 21726 
Exponential: -2147483648 -2147483648 -2147483648 -2147483648 -2147483648 
Truncated Normal: 217941 799026 230976 251067 552253 
*==== INFO ====* req_id_count= 500 stream_id=1996 latency=1.397483 ms (tx_ts=158800191038322, rx_ts=158800192435805) request_id=39533 zil_blk_id=1996 ccf_commit_seqno=39541 nstreams_done_=500 config.nstreams=20000 avg_latency=1.3123 ms avg throuhgput (requests/sec) = 82.3506 res=false
*==== INFO ====* req_id_count= 1000 stream_id=3996 latency=1.205524 ms (tx_ts=158806226363763, rx_ts=158806227569287) request_id=79332 zil_blk_id=3996 ccf_commit_seqno=79334 nstreams_done_=1000 config.nstreams=20000 avg_latency=1.3116 ms avg throuhgput (requests/sec) = 82.5986 res=false
*==== INFO ====* req_id_count= 1500 stream_id=5996 latency=0.997505 ms (tx_ts=158812260024865, rx_ts=158812261022370) request_id=119181 zil_blk_id=5996 ccf_commit_seqno=119181 nstreams_done_=1500 config.nstreams=20000 avg_latency=1.3060 ms avg throuhgput (requests/sec) = 82.6893 res=false
*==== INFO ====* req_id_count= 2000 stream_id=7996 latency=1.035430 ms (tx_ts=158818286574030, rx_ts=158818287609460) request_id=159050 zil_blk_id=7996 ccf_commit_seqno=159050 nstreams_done_=2000 config.nstreams=20000 avg_latency=1.2992 ms avg throuhgput (requests/sec) = 82.7582 res=false
*==== INFO ====* req_id_count= 2500 stream_id=9996 latency=1.457930 ms (tx_ts=158824277797685, rx_ts=158824279255615) request_id=198796 zil_blk_id=9996 ccf_commit_seqno=198798 nstreams_done_=2500 config.nstreams=20000 avg_latency=1.2949 ms avg throuhgput (requests/sec) = 82.8956 res=false
*==== INFO ====* req_id_count= 3000 stream_id=11996 latency=1.243375 ms (tx_ts=158830303626751, rx_ts=158830304870126) request_id=238766 zil_blk_id=11996 ccf_commit_seqno=238766 nstreams_done_=3000 config.nstreams=20000 avg_latency=1.2958 ms avg throuhgput (requests/sec) = 82.9095 res=false
*==== INFO ====* req_id_count= 3500 stream_id=13996 latency=1.335257 ms (tx_ts=158836330262475, rx_ts=158836331597732) request_id=278712 zil_blk_id=13996 ccf_commit_seqno=278714 nstreams_done_=3500 config.nstreams=20000 avg_latency=1.3020 ms avg throuhgput (requests/sec) = 82.9172 res=false
*==== INFO ====* req_id_count= 4000 stream_id=15996 latency=1.360208 ms (tx_ts=158842301447391, rx_ts=158842302807599) request_id=318386 zil_blk_id=15996 ccf_commit_seqno=318387 nstreams_done_=4000 config.nstreams=20000 avg_latency=1.3003 ms avg throuhgput (requests/sec) = 83.0186 res=false
*==== INFO ====* req_id_count= 4500 stream_id=17996 latency=1.081766 ms (tx_ts=158848286985036, rx_ts=158848288066802) request_id=358175 zil_blk_id=17996 ccf_commit_seqno=358175 nstreams_done_=4500 config.nstreams=20000 avg_latency=1.2988 ms avg throuhgput (requests/sec) = 83.0761 res=false
*==== INFO ====* req_id_count= 5000 stream_id=19996 latency=1.455742 ms (tx_ts=158854283101473, rx_ts=158854284557215) request_id=398019 zil_blk_id=19996 ccf_commit_seqno=398023 nstreams_done_=5000 config.nstreams=20000 avg_latency=1.2955 ms avg throuhgput (requests/sec) = 83.1066 res=false
*==== INFO ====* req_id_count= 5500 stream_id=21996 latency=1.055523 ms (tx_ts=158860285809012, rx_ts=158860286864535) request_id=437950 zil_blk_id=21996 ccf_commit_seqno=437950 nstreams_done_=5500 config.nstreams=20000 avg_latency=1.2961 ms avg throuhgput (requests/sec) = 83.1242 res=false
*==== INFO ====* req_id_count= 6000 stream_id=23996 latency=1.438409 ms (tx_ts=158866293290485, rx_ts=158866294728894) request_id=477880 zil_blk_id=23996 ccf_commit_seqno=477883 nstreams_done_=6000 config.nstreams=20000 avg_latency=1.2979 ms avg throuhgput (requests/sec) = 83.1326 res=false
*==== INFO ====* req_id_count= 6500 stream_id=25996 latency=1.590834 ms (tx_ts=158872317986820, rx_ts=158872319577654) request_id=517954 zil_blk_id=25996 ccf_commit_seqno=517954 nstreams_done_=6500 config.nstreams=20000 avg_latency=1.2988 ms avg throuhgput (requests/sec) = 83.1215 res=false
*==== INFO ====* req_id_count= 7000 stream_id=27996 latency=1.412731 ms (tx_ts=158878344865565, rx_ts=158878346278296) request_id=558035 zil_blk_id=27996 ccf_commit_seqno=558037 nstreams_done_=7000 config.nstreams=20000 avg_latency=1.3000 ms avg throuhgput (requests/sec) = 83.1103 res=false
*==== INFO ====* req_id_count= 7500 stream_id=29996 latency=1.000889 ms (tx_ts=158884374829416, rx_ts=158884375830305) request_id=598102 zil_blk_id=29996 ccf_commit_seqno=598102 nstreams_done_=7500 config.nstreams=20000 avg_latency=1.3031 ms avg throuhgput (requests/sec) = 83.0979 res=false
*==== INFO ====* req_id_count= 8000 stream_id=31996 latency=1.116250 ms (tx_ts=158890344720711, rx_ts=158890345836961) request_id=637931 zil_blk_id=31996 ccf_commit_seqno=637933 nstreams_done_=8000 config.nstreams=20000 avg_latency=1.3010 ms avg throuhgput (requests/sec) = 83.1385 res=false
*==== INFO ====* req_id_count= 8500 stream_id=33996 latency=1.318808 ms (tx_ts=158896314414885, rx_ts=158896315733693) request_id=677711 zil_blk_id=33996 ccf_commit_seqno=677712 nstreams_done_=8500 config.nstreams=20000 avg_latency=1.2998 ms avg throuhgput (requests/sec) = 83.1744 res=false
*==== INFO ====* req_id_count= 9000 stream_id=35996 latency=1.454270 ms (tx_ts=158902276158493, rx_ts=158902277612763) request_id=717448 zil_blk_id=35996 ccf_commit_seqno=717457 nstreams_done_=9000 config.nstreams=20000 avg_latency=1.2994 ms avg throuhgput (requests/sec) = 83.2125 res=false
*==== INFO ====* req_id_count= 9500 stream_id=37996 latency=1.128928 ms (tx_ts=158908258259592, rx_ts=158908259388520) request_id=757314 zil_blk_id=37996 ccf_commit_seqno=757314 nstreams_done_=9500 config.nstreams=20000 avg_latency=1.2997 ms avg throuhgput (requests/sec) = 83.2322 res=false
*==== INFO ====* req_id_count= 10000 stream_id=39996 latency=1.252755 ms (tx_ts=158914259252431, rx_ts=158914260505186) request_id=797341 zil_blk_id=39996 ccf_commit_seqno=797341 nstreams_done_=10000 config.nstreams=20000 avg_latency=1.2994 ms avg throuhgput (requests/sec) = 83.2365 res=false
*==== INFO ====* req_id_count= 10500 stream_id=41996 latency=1.172910 ms (tx_ts=158920270865137, rx_ts=158920272038047) request_id=837404 zil_blk_id=41996 ccf_commit_seqno=837405 nstreams_done_=10500 config.nstreams=20000 avg_latency=1.2999 ms avg throuhgput (requests/sec) = 83.2335 res=false
*==== INFO ====* req_id_count= 11000 stream_id=43996 latency=1.311442 ms (tx_ts=158926248624482, rx_ts=158926249935924) request_id=877387 zil_blk_id=43996 ccf_commit_seqno=877388 nstreams_done_=11000 config.nstreams=20000 avg_latency=1.2989 ms avg throuhgput (requests/sec) = 83.2519 res=false
*==== INFO ====* req_id_count= 11500 stream_id=45996 latency=1.002985 ms (tx_ts=158932191625086, rx_ts=158932192628071) request_id=917164 zil_blk_id=45996 ccf_commit_seqno=917164 nstreams_done_=11500 config.nstreams=20000 avg_latency=1.2964 ms avg throuhgput (requests/sec) = 83.2900 res=false
*==== INFO ====* req_id_count= 12000 stream_id=47996 latency=1.296988 ms (tx_ts=158938199887776, rx_ts=158938201184764) request_id=957323 zil_blk_id=47996 ccf_commit_seqno=957324 nstreams_done_=12000 config.nstreams=20000 avg_latency=1.2963 ms avg throuhgput (requests/sec) = 83.2869 res=false
*==== INFO ====* req_id_count= 12500 stream_id=49996 latency=1.306312 ms (tx_ts=158944193444253, rx_ts=158944194750565) request_id=997351 zil_blk_id=49996 ccf_commit_seqno=997352 nstreams_done_=12500 config.nstreams=20000 avg_latency=1.2944 ms avg throuhgput (requests/sec) = 83.2923 res=false
*==== INFO ====* req_id_count= 13000 stream_id=51996 latency=1.120007 ms (tx_ts=158950155415245, rx_ts=158950156535252) request_id=1037144 zil_blk_id=51996 ccf_commit_seqno=1037145 nstreams_done_=13000 config.nstreams=20000 avg_latency=1.2933 ms avg throuhgput (requests/sec) = 83.3143 res=false
*==== INFO ====* req_id_count= 13500 stream_id=53996 latency=1.063488 ms (tx_ts=158956170262895, rx_ts=158956171326383) request_id=1077219 zil_blk_id=53996 ccf_commit_seqno=1077220 nstreams_done_=13500 config.nstreams=20000 avg_latency=1.2953 ms avg throuhgput (requests/sec) = 83.3074 res=false
*==== INFO ====* req_id_count= 14000 stream_id=55996 latency=1.341178 ms (tx_ts=158962175603889, rx_ts=158962176945067) request_id=1117370 zil_blk_id=55996 ccf_commit_seqno=1117372 nstreams_done_=14000 config.nstreams=20000 avg_latency=1.2951 ms avg throuhgput (requests/sec) = 83.3055 res=false
*==== INFO ====* req_id_count= 14500 stream_id=57996 latency=0.933245 ms (tx_ts=158968187263157, rx_ts=158968188196402) request_id=1157491 zil_blk_id=57996 ccf_commit_seqno=1157491 nstreams_done_=14500 config.nstreams=20000 avg_latency=1.2953 ms avg throuhgput (requests/sec) = 83.3011 res=false
*==== INFO ====* req_id_count= 15000 stream_id=59996 latency=1.312764 ms (tx_ts=158974162645947, rx_ts=158974163958711) request_id=1197480 zil_blk_id=59996 ccf_commit_seqno=1197483 nstreams_done_=15000 config.nstreams=20000 avg_latency=1.2950 ms avg throuhgput (requests/sec) = 83.3134 res=false
*==== INFO ====* req_id_count= 15500 stream_id=61996 latency=1.240580 ms (tx_ts=158980129464922, rx_ts=158980130705502) request_id=1237405 zil_blk_id=61996 ccf_commit_seqno=1237406 nstreams_done_=15500 config.nstreams=20000 avg_latency=1.2942 ms avg throuhgput (requests/sec) = 83.3289 res=false
*==== INFO ====* req_id_count= 16000 stream_id=63996 latency=1.116508 ms (tx_ts=158986111933888, rx_ts=158986113050396) request_id=1277366 zil_blk_id=63996 ccf_commit_seqno=1277368 nstreams_done_=16000 config.nstreams=20000 avg_latency=1.2943 ms avg throuhgput (requests/sec) = 83.3367 res=false
*==== INFO ====* req_id_count= 16500 stream_id=65996 latency=1.492591 ms (tx_ts=158992114395159, rx_ts=158992115887750) request_id=1317530 zil_blk_id=65996 ccf_commit_seqno=1317533 nstreams_done_=16500 config.nstreams=20000 avg_latency=1.2946 ms avg throuhgput (requests/sec) = 83.3354 res=false
*==== INFO ====* req_id_count= 17000 stream_id=67996 latency=1.211035 ms (tx_ts=158998104950072, rx_ts=158998106161107) request_id=1357591 zil_blk_id=67996 ccf_commit_seqno=1357591 nstreams_done_=17000 config.nstreams=20000 avg_latency=1.2947 ms avg throuhgput (requests/sec) = 83.3393 res=false
*==== INFO ====* req_id_count= 17500 stream_id=69996 latency=1.238625 ms (tx_ts=159004058400504, rx_ts=159004059639129) request_id=1397502 zil_blk_id=69996 ccf_commit_seqno=1397505 nstreams_done_=17500 config.nstreams=20000 avg_latency=1.2935 ms avg throuhgput (requests/sec) = 83.3576 res=false
*==== INFO ====* req_id_count= 18000 stream_id=71996 latency=1.284221 ms (tx_ts=159010024098936, rx_ts=159010025383157) request_id=1437529 zil_blk_id=71996 ccf_commit_seqno=1437532 nstreams_done_=18000 config.nstreams=20000 avg_latency=1.2923 ms avg throuhgput (requests/sec) = 83.3702 res=false
*==== INFO ====* req_id_count= 18500 stream_id=73996 latency=1.345205 ms (tx_ts=159016035303090, rx_ts=159016036648295) request_id=1477857 zil_blk_id=73996 ccf_commit_seqno=1477861 nstreams_done_=18500 config.nstreams=20000 avg_latency=1.2926 ms avg throuhgput (requests/sec) = 83.3649 res=false
*==== INFO ====* req_id_count= 19000 stream_id=75996 latency=1.142458 ms (tx_ts=159022011402623, rx_ts=159022012545081) request_id=1517890 zil_blk_id=75996 ccf_commit_seqno=1517891 nstreams_done_=19000 config.nstreams=20000 avg_latency=1.2921 ms avg throuhgput (requests/sec) = 83.3729 res=false
*==== INFO ====* req_id_count= 19500 stream_id=77996 latency=1.232784 ms (tx_ts=159028009823959, rx_ts=159028011056743) request_id=1557476 zil_blk_id=77996 ccf_commit_seqno=1557478 nstreams_done_=19500 config.nstreams=20000 avg_latency=1.2918 ms avg throuhgput (requests/sec) = 83.3724 res=false
*==== INFO ====* http_end_stream ALL streams done! nstreams_done_=20000 avg_latency=1.2912 msreq_id_count= 20000
*==== INFO ====* req_id_count= 20000 stream_id=79996 latency=0.973770 ms (tx_ts=159033997459115, rx_ts=159033998432885) request_id=1584784 zil_blk_id=79996 ccf_commit_seqno=1584784 nstreams_done_=20000 config.nstreams=20000 avg_latency=1.2912 ms avg throuhgput (requests/sec) = 83.3759 res=true
