Uniform: 271997 863747 891419 847173 365190 
Exponential: -2147483648 -2147483648 -2147483648 -2147483648 -2147483648 
Truncated Normal: 509297 266954 934171 772514 473643 
*==== INFO ====* req_id_count= 500 stream_id=1996 latency=1.012423 ms (tx_ts=158800105523704, rx_ts=158800106536127) request_id=38996 zil_blk_id=1996 ccf_commit_seqno=39000 nstreams_done_=500 config.nstreams=20000 avg_latency=0.9633 ms avg throuhgput (requests/sec) = 82.9429 res=false
*==== INFO ====* req_id_count= 1000 stream_id=3996 latency=0.911144 ms (tx_ts=158806013400969, rx_ts=158806014312113) request_id=77948 zil_blk_id=3996 ccf_commit_seqno=77948 nstreams_done_=1000 config.nstreams=20000 avg_latency=0.9500 ms avg throuhgput (requests/sec) = 83.7800 res=false
*==== INFO ====* req_id_count= 1500 stream_id=5996 latency=1.037661 ms (tx_ts=158811896227819, rx_ts=158811897265480) request_id=116793 zil_blk_id=5996 ccf_commit_seqno=116797 nstreams_done_=1500 config.nstreams=20000 avg_latency=0.9478 ms avg throuhgput (requests/sec) = 84.1799 res=false
*==== INFO ====* req_id_count= 2000 stream_id=7996 latency=1.131807 ms (tx_ts=158817769963001, rx_ts=158817771094808) request_id=155627 zil_blk_id=7996 ccf_commit_seqno=155630 nstreams_done_=2000 config.nstreams=20000 avg_latency=0.9408 ms avg throuhgput (requests/sec) = 84.4138 res=false
*==== INFO ====* req_id_count= 2500 stream_id=9996 latency=1.135927 ms (tx_ts=158823682980969, rx_ts=158823684116896) request_id=194866 zil_blk_id=9996 ccf_commit_seqno=194868 nstreams_done_=2500 config.nstreams=20000 avg_latency=0.9374 ms avg throuhgput (requests/sec) = 84.4428 res=false
*==== INFO ====* req_id_count= 3000 stream_id=11996 latency=1.033663 ms (tx_ts=158829569387003, rx_ts=158829570420666) request_id=233900 zil_blk_id=11996 ccf_commit_seqno=233902 nstreams_done_=3000 config.nstreams=20000 avg_latency=0.9370 ms avg throuhgput (requests/sec) = 84.5258 res=false
*==== INFO ====* req_id_count= 3500 stream_id=13996 latency=0.732460 ms (tx_ts=158835462338365, rx_ts=158835463070825) request_id=272939 zil_blk_id=13996 ccf_commit_seqno=272940 nstreams_done_=3500 config.nstreams=20000 avg_latency=0.9388 ms avg throuhgput (requests/sec) = 84.5722 res=false
*==== INFO ====* req_id_count= 4000 stream_id=15996 latency=0.645236 ms (tx_ts=158841322519788, rx_ts=158841323165024) request_id=311882 zil_blk_id=15996 ccf_commit_seqno=311882 nstreams_done_=4000 config.nstreams=20000 avg_latency=0.9354 ms avg throuhgput (requests/sec) = 84.6653 res=false
*==== INFO ====* req_id_count= 4500 stream_id=17996 latency=0.985263 ms (tx_ts=158847216250314, rx_ts=158847217235577) request_id=351053 zil_blk_id=17996 ccf_commit_seqno=351056 nstreams_done_=4500 config.nstreams=20000 avg_latency=0.9358 ms avg throuhgput (requests/sec) = 84.6837 res=false
*==== INFO ====* req_id_count= 5000 stream_id=19996 latency=0.677536 ms (tx_ts=158853107117035, rx_ts=158853107794571) request_id=390219 zil_blk_id=19996 ccf_commit_seqno=390219 nstreams_done_=5000 config.nstreams=20000 avg_latency=0.9345 ms avg throuhgput (requests/sec) = 84.7034 res=false
*==== INFO ====* req_id_count= 5500 stream_id=21996 latency=1.212076 ms (tx_ts=158858985185414, rx_ts=158858986397490) request_id=429291 zil_blk_id=21996 ccf_commit_seqno=429295 nstreams_done_=5500 config.nstreams=20000 avg_latency=0.9335 ms avg throuhgput (requests/sec) = 84.7352 res=false
*==== INFO ====* req_id_count= 6000 stream_id=23996 latency=0.701652 ms (tx_ts=158864881987609, rx_ts=158864882689261) request_id=468512 zil_blk_id=23996 ccf_commit_seqno=468512 nstreams_done_=6000 config.nstreams=20000 avg_latency=0.9331 ms avg throuhgput (requests/sec) = 84.7405 res=false
*==== INFO ====* req_id_count= 6500 stream_id=25996 latency=0.649304 ms (tx_ts=158870780189191, rx_ts=158870780838495) request_id=507699 zil_blk_id=25996 ccf_commit_seqno=507699 nstreams_done_=6500 config.nstreams=20000 avg_latency=0.9327 ms avg throuhgput (requests/sec) = 84.7429 res=false
*==== INFO ====* req_id_count= 7000 stream_id=27996 latency=1.123962 ms (tx_ts=158876655847291, rx_ts=158876656971253) request_id=546787 zil_blk_id=27996 ccf_commit_seqno=546795 nstreams_done_=7000 config.nstreams=20000 avg_latency=0.9333 ms avg throuhgput (requests/sec) = 84.7676 res=false
*==== INFO ====* req_id_count= 7500 stream_id=29996 latency=0.775299 ms (tx_ts=158882545881837, rx_ts=158882546657136) request_id=585944 zil_blk_id=29996 ccf_commit_seqno=585944 nstreams_done_=7500 config.nstreams=20000 avg_latency=0.9352 ms avg throuhgput (requests/sec) = 84.7761 res=false
*==== INFO ====* req_id_count= 8000 stream_id=31996 latency=0.699177 ms (tx_ts=158888435294811, rx_ts=158888435993988) request_id=625208 zil_blk_id=31996 ccf_commit_seqno=625208 nstreams_done_=8000 config.nstreams=20000 avg_latency=0.9344 ms avg throuhgput (requests/sec) = 84.7838 res=false
*==== INFO ====* req_id_count= 8500 stream_id=33996 latency=0.961488 ms (tx_ts=158894321968448, rx_ts=158894322929936) request_id=664438 zil_blk_id=33996 ccf_commit_seqno=664441 nstreams_done_=8500 config.nstreams=20000 avg_latency=0.9342 ms avg throuhgput (requests/sec) = 84.7926 res=false
*==== INFO ====* req_id_count= 9000 stream_id=35996 latency=1.058960 ms (tx_ts=158900227224610, rx_ts=158900228283570) request_id=703789 zil_blk_id=35996 ccf_commit_seqno=703798 nstreams_done_=9000 config.nstreams=20000 avg_latency=0.9335 ms avg throuhgput (requests/sec) = 84.7857 res=false
*==== INFO ====* req_id_count= 9500 stream_id=37996 latency=0.945307 ms (tx_ts=158906127417300, rx_ts=158906128362607) request_id=743111 zil_blk_id=37996 ccf_commit_seqno=743113 nstreams_done_=9500 config.nstreams=20000 avg_latency=0.9335 ms avg throuhgput (requests/sec) = 84.7835 res=false
*==== INFO ====* req_id_count= 10000 stream_id=39996 latency=0.992786 ms (tx_ts=158912011110835, rx_ts=158912012103621) request_id=782364 zil_blk_id=39996 ccf_commit_seqno=782367 nstreams_done_=10000 config.nstreams=20000 avg_latency=0.9328 ms avg throuhgput (requests/sec) = 84.7933 res=false
*==== INFO ====* req_id_count= 10500 stream_id=41996 latency=0.909671 ms (tx_ts=158917893312757, rx_ts=158917894222428) request_id=821558 zil_blk_id=41996 ccf_commit_seqno=821560 nstreams_done_=10500 config.nstreams=20000 avg_latency=0.9330 ms avg throuhgput (requests/sec) = 84.8033 res=false
*==== INFO ====* req_id_count= 11000 stream_id=43996 latency=0.876448 ms (tx_ts=158923784643524, rx_ts=158923785519972) request_id=860881 zil_blk_id=43996 ccf_commit_seqno=860881 nstreams_done_=11000 config.nstreams=20000 avg_latency=0.9338 ms avg throuhgput (requests/sec) = 84.8064 res=false
*==== INFO ====* req_id_count= 11500 stream_id=45996 latency=0.812362 ms (tx_ts=158929634239576, rx_ts=158929635051938) request_id=900055 zil_blk_id=45996 ccf_commit_seqno=900055 nstreams_done_=11500 config.nstreams=20000 avg_latency=0.9319 ms avg throuhgput (requests/sec) = 84.8353 res=false
*==== INFO ====* req_id_count= 12000 stream_id=47996 latency=0.939968 ms (tx_ts=158935504666004, rx_ts=158935505605972) request_id=939316 zil_blk_id=47996 ccf_commit_seqno=939320 nstreams_done_=12000 config.nstreams=20000 avg_latency=0.9314 ms avg throuhgput (requests/sec) = 84.8492 res=false
*==== INFO ====* req_id_count= 12500 stream_id=49996 latency=1.016601 ms (tx_ts=158941400019299, rx_ts=158941401035900) request_id=978678 zil_blk_id=49996 ccf_commit_seqno=978680 nstreams_done_=12500 config.nstreams=20000 avg_latency=0.9318 ms avg throuhgput (requests/sec) = 84.8477 res=false
*==== INFO ====* req_id_count= 13000 stream_id=51996 latency=0.751876 ms (tx_ts=158947294575751, rx_ts=158947295327627) request_id=1018040 zil_blk_id=51996 ccf_commit_seqno=1018040 nstreams_done_=13000 config.nstreams=20000 avg_latency=0.9310 ms avg throuhgput (requests/sec) = 84.8470 res=false
*==== INFO ====* req_id_count= 13500 stream_id=53996 latency=0.824753 ms (tx_ts=158953191487616, rx_ts=158953192312369) request_id=1057331 zil_blk_id=53996 ccf_commit_seqno=1057331 nstreams_done_=13500 config.nstreams=20000 avg_latency=0.9314 ms avg throuhgput (requests/sec) = 84.8448 res=false
*==== INFO ====* req_id_count= 14000 stream_id=55996 latency=0.899126 ms (tx_ts=158959056588578, rx_ts=158959057487704) request_id=1096509 zil_blk_id=55996 ccf_commit_seqno=1096513 nstreams_done_=14000 config.nstreams=20000 avg_latency=0.9303 ms avg throuhgput (requests/sec) = 84.8592 res=false
*==== INFO ====* req_id_count= 14500 stream_id=57996 latency=0.844730 ms (tx_ts=158964929118922, rx_ts=158964929963652) request_id=1135722 zil_blk_id=57996 ccf_commit_seqno=1135722 nstreams_done_=14500 config.nstreams=20000 avg_latency=0.9312 ms avg throuhgput (requests/sec) = 84.8689 res=false
*==== INFO ====* req_id_count= 15000 stream_id=59996 latency=0.718293 ms (tx_ts=158970768576916, rx_ts=158970769295209) request_id=1174770 zil_blk_id=59996 ccf_commit_seqno=1174770 nstreams_done_=15000 config.nstreams=20000 avg_latency=0.9320 ms avg throuhgput (requests/sec) = 84.8940 res=false
*==== INFO ====* req_id_count= 15500 stream_id=61996 latency=0.784547 ms (tx_ts=158976628936265, rx_ts=158976629720812) request_id=1213951 zil_blk_id=61996 ccf_commit_seqno=1213951 nstreams_done_=15500 config.nstreams=20000 avg_latency=0.9325 ms avg throuhgput (requests/sec) = 84.9076 res=false
*==== INFO ====* req_id_count= 16000 stream_id=63996 latency=1.110858 ms (tx_ts=158982494403305, rx_ts=158982495514163) request_id=1253204 zil_blk_id=63996 ccf_commit_seqno=1253206 nstreams_done_=16000 config.nstreams=20000 avg_latency=0.9317 ms avg throuhgput (requests/sec) = 84.9179 res=false
*==== INFO ====* req_id_count= 16500 stream_id=65996 latency=1.104185 ms (tx_ts=158988360324792, rx_ts=158988361428977) request_id=1292420 zil_blk_id=65996 ccf_commit_seqno=1292423 nstreams_done_=16500 config.nstreams=20000 avg_latency=0.9316 ms avg throuhgput (requests/sec) = 84.9276 res=false
*==== INFO ====* req_id_count= 17000 stream_id=67996 latency=0.803883 ms (tx_ts=158994199325752, rx_ts=158994200129635) request_id=1331460 zil_blk_id=67996 ccf_commit_seqno=1331462 nstreams_done_=17000 config.nstreams=20000 avg_latency=0.9309 ms avg throuhgput (requests/sec) = 84.9483 res=false
*==== INFO ====* req_id_count= 17500 stream_id=69996 latency=1.059541 ms (tx_ts=159000056961736, rx_ts=159000058021277) request_id=1370633 zil_blk_id=69996 ccf_commit_seqno=1370636 nstreams_done_=17500 config.nstreams=20000 avg_latency=0.9312 ms avg throuhgput (requests/sec) = 84.9598 res=false
*==== INFO ====* req_id_count= 18000 stream_id=71996 latency=0.879183 ms (tx_ts=159005920978221, rx_ts=159005921857404) request_id=1409945 zil_blk_id=71996 ccf_commit_seqno=1409947 nstreams_done_=18000 config.nstreams=20000 avg_latency=0.9306 ms avg throuhgput (requests/sec) = 84.9684 res=false
*==== INFO ====* req_id_count= 18500 stream_id=73996 latency=1.128399 ms (tx_ts=159011776960627, rx_ts=159011778089026) request_id=1449304 zil_blk_id=73996 ccf_commit_seqno=1449309 nstreams_done_=18500 config.nstreams=20000 avg_latency=0.9299 ms avg throuhgput (requests/sec) = 84.9794 res=false
*==== INFO ====* req_id_count= 19000 stream_id=75996 latency=0.937773 ms (tx_ts=159017618695268, rx_ts=159017619633041) request_id=1488472 zil_blk_id=75996 ccf_commit_seqno=1488477 nstreams_done_=19000 config.nstreams=20000 avg_latency=0.9294 ms avg throuhgput (requests/sec) = 84.9955 res=false
*==== INFO ====* req_id_count= 19500 stream_id=77996 latency=1.085810 ms (tx_ts=159023475442323, rx_ts=159023476528133) request_id=1527686 zil_blk_id=77996 ccf_commit_seqno=1527687 nstreams_done_=19500 config.nstreams=20000 avg_latency=0.9294 ms avg throuhgput (requests/sec) = 85.0050 res=false
*==== INFO ====* http_end_stream ALL streams done! nstreams_done_=20000 avg_latency=0.9294 msreq_id_count= 20000
*==== INFO ====* req_id_count= 20000 stream_id=79996 latency=0.644595 ms (tx_ts=159029346466730, rx_ts=159029347111325) request_id=1565188 zil_blk_id=79996 ccf_commit_seqno=1565188 nstreams_done_=20000 config.nstreams=20000 avg_latency=0.9294 ms avg throuhgput (requests/sec) = 85.0091 res=true
