Uniform: 328047 498462 418639 3130 780173 
Exponential: -2147483648 -2147483648 -2147483648 -2147483648 -2147483648 
Truncated Normal: 190569 808471 704573 784425 571817 
*==== INFO ====* req_id_count= 500 stream_id=1996 latency=1.317073 ms (tx_ts=158800383168198, rx_ts=158800384485271) request_id=40792 zil_blk_id=1996 ccf_commit_seqno=40797 nstreams_done_=500 config.nstreams=20000 avg_latency=1.2812 ms avg throuhgput (requests/sec) = 79.7491 res=false
*==== INFO ====* req_id_count= 1000 stream_id=3996 latency=1.223167 ms (tx_ts=158806680974829, rx_ts=158806682197996) request_id=82315 zil_blk_id=3996 ccf_commit_seqno=82317 nstreams_done_=1000 config.nstreams=20000 avg_latency=1.2761 ms avg throuhgput (requests/sec) = 79.5711 res=false
*==== INFO ====* req_id_count= 1500 stream_id=5996 latency=1.151173 ms (tx_ts=158812963497164, rx_ts=158812964648337) request_id=123807 zil_blk_id=5996 ccf_commit_seqno=123807 nstreams_done_=1500 config.nstreams=20000 avg_latency=1.2722 ms avg throuhgput (requests/sec) = 79.5763 res=false
*==== INFO ====* req_id_count= 2000 stream_id=7996 latency=1.358330 ms (tx_ts=158819242284173, rx_ts=158819243642503) request_id=165381 zil_blk_id=7996 ccf_commit_seqno=165383 nstreams_done_=2000 config.nstreams=20000 avg_latency=1.2681 ms avg throuhgput (requests/sec) = 79.5899 res=false
*==== INFO ====* req_id_count= 2500 stream_id=9996 latency=1.329190 ms (tx_ts=158825519531262, rx_ts=158825520860452) request_id=207002 zil_blk_id=9996 ccf_commit_seqno=207006 nstreams_done_=2500 config.nstreams=20000 avg_latency=1.2674 ms avg throuhgput (requests/sec) = 79.6025 res=false
*==== INFO ====* req_id_count= 3000 stream_id=11996 latency=1.284923 ms (tx_ts=158831792775812, rx_ts=158831794060735) request_id=248605 zil_blk_id=11996 ccf_commit_seqno=248606 nstreams_done_=3000 config.nstreams=20000 avg_latency=1.2655 ms avg throuhgput (requests/sec) = 79.6194 res=false
*==== INFO ====* req_id_count= 3500 stream_id=13996 latency=1.276968 ms (tx_ts=158838062761818, rx_ts=158838064038786) request_id=290222 zil_blk_id=13996 ccf_commit_seqno=290225 nstreams_done_=3500 config.nstreams=20000 avg_latency=1.2659 ms avg throuhgput (requests/sec) = 79.6374 res=false
*==== INFO ====* req_id_count= 4000 stream_id=15996 latency=1.221905 ms (tx_ts=158844330200829, rx_ts=158844331422734) request_id=331854 zil_blk_id=15996 ccf_commit_seqno=331859 nstreams_done_=4000 config.nstreams=20000 avg_latency=1.2646 ms avg throuhgput (requests/sec) = 79.6549 res=false
*==== INFO ====* req_id_count= 4500 stream_id=17996 latency=1.231312 ms (tx_ts=158850542198437, rx_ts=158850543429749) request_id=373137 zil_blk_id=17996 ccf_commit_seqno=373138 nstreams_done_=4500 config.nstreams=20000 avg_latency=1.2635 ms avg throuhgput (requests/sec) = 79.7468 res=false
*==== INFO ====* req_id_count= 5000 stream_id=19996 latency=1.034104 ms (tx_ts=158856760404087, rx_ts=158856761438191) request_id=414498 zil_blk_id=19996 ccf_commit_seqno=414498 nstreams_done_=5000 config.nstreams=20000 avg_latency=1.2640 ms avg throuhgput (requests/sec) = 79.8128 res=false
*==== INFO ====* req_id_count= 5500 stream_id=21996 latency=1.698783 ms (tx_ts=158862964618483, rx_ts=158862966317266) request_id=455771 zil_blk_id=21996 ccf_commit_seqno=455777 nstreams_done_=5500 config.nstreams=20000 avg_latency=1.2643 ms avg throuhgput (requests/sec) = 79.8821 res=false
*==== INFO ====* req_id_count= 6000 stream_id=23996 latency=1.454522 ms (tx_ts=158869181610224, rx_ts=158869183064746) request_id=497082 zil_blk_id=23996 ccf_commit_seqno=497084 nstreams_done_=6000 config.nstreams=20000 avg_latency=1.2657 ms avg throuhgput (requests/sec) = 79.9273 res=false
*==== INFO ====* req_id_count= 6500 stream_id=25996 latency=1.043410 ms (tx_ts=158875394017129, rx_ts=158875395060539) request_id=538413 zil_blk_id=25996 ccf_commit_seqno=538413 nstreams_done_=6500 config.nstreams=20000 avg_latency=1.2662 ms avg throuhgput (requests/sec) = 79.9702 res=false
*==== INFO ====* req_id_count= 7000 stream_id=27996 latency=1.120656 ms (tx_ts=158881602216974, rx_ts=158881603337630) request_id=579686 zil_blk_id=27996 ccf_commit_seqno=579686 nstreams_done_=7000 config.nstreams=20000 avg_latency=1.2650 ms avg throuhgput (requests/sec) = 80.0105 res=false
*==== INFO ====* req_id_count= 7500 stream_id=29996 latency=1.251530 ms (tx_ts=158887794614205, rx_ts=158887795865735) request_id=620921 zil_blk_id=29996 ccf_commit_seqno=620922 nstreams_done_=7500 config.nstreams=20000 avg_latency=1.2647 ms avg throuhgput (requests/sec) = 80.0589 res=false
*==== INFO ====* req_id_count= 8000 stream_id=31996 latency=1.196661 ms (tx_ts=158894006098093, rx_ts=158894007294754) request_id=662356 zil_blk_id=31996 ccf_commit_seqno=662358 nstreams_done_=8000 config.nstreams=20000 avg_latency=1.2624 ms avg throuhgput (requests/sec) = 80.0861 res=false
*==== INFO ====* req_id_count= 8500 stream_id=33996 latency=1.363199 ms (tx_ts=158900220051929, rx_ts=158900221415128) request_id=703745 zil_blk_id=33996 ccf_commit_seqno=703746 nstreams_done_=8500 config.nstreams=20000 avg_latency=1.2620 ms avg throuhgput (requests/sec) = 80.1081 res=false
*==== INFO ====* req_id_count= 9000 stream_id=35996 latency=1.388448 ms (tx_ts=158906417647424, rx_ts=158906419035872) request_id=745054 zil_blk_id=35996 ccf_commit_seqno=745059 nstreams_done_=9000 config.nstreams=20000 avg_latency=1.2624 ms avg throuhgput (requests/sec) = 80.1395 res=false
*==== INFO ====* req_id_count= 9500 stream_id=37996 latency=1.505481 ms (tx_ts=158912621607833, rx_ts=158912623113314) request_id=786445 zil_blk_id=37996 ccf_commit_seqno=786445 nstreams_done_=9500 config.nstreams=20000 avg_latency=1.2629 ms avg throuhgput (requests/sec) = 80.1632 res=false
*==== INFO ====* req_id_count= 10000 stream_id=39996 latency=1.065702 ms (tx_ts=158918806326158, rx_ts=158918807391860) request_id=827645 zil_blk_id=39996 ccf_commit_seqno=827645 nstreams_done_=10000 config.nstreams=20000 avg_latency=1.2628 ms avg throuhgput (requests/sec) = 80.1972 res=false
*==== INFO ====* req_id_count= 10500 stream_id=41996 latency=1.419684 ms (tx_ts=158925004833440, rx_ts=158925006253124) request_id=869070 zil_blk_id=41996 ccf_commit_seqno=869073 nstreams_done_=10500 config.nstreams=20000 avg_latency=1.2611 ms avg throuhgput (requests/sec) = 80.2192 res=false
*==== INFO ====* req_id_count= 11000 stream_id=43996 latency=1.162243 ms (tx_ts=158931206670074, rx_ts=158931207832317) request_id=910566 zil_blk_id=43996 ccf_commit_seqno=910568 nstreams_done_=11000 config.nstreams=20000 avg_latency=1.2595 ms avg throuhgput (requests/sec) = 80.2375 res=false
*==== INFO ====* req_id_count= 11500 stream_id=45996 latency=1.231223 ms (tx_ts=158937408595964, rx_ts=158937409827187) request_id=952028 zil_blk_id=45996 ccf_commit_seqno=952030 nstreams_done_=11500 config.nstreams=20000 avg_latency=1.2585 ms avg throuhgput (requests/sec) = 80.2540 res=false
*==== INFO ====* req_id_count= 12000 stream_id=47996 latency=1.123460 ms (tx_ts=158943619757343, rx_ts=158943620880803) request_id=993531 zil_blk_id=47996 ccf_commit_seqno=993531 nstreams_done_=12000 config.nstreams=20000 avg_latency=1.2581 ms avg throuhgput (requests/sec) = 80.2643 res=false
*==== INFO ====* req_id_count= 12500 stream_id=49996 latency=0.962890 ms (tx_ts=158949825591567, rx_ts=158949826554457) request_id=1034955 zil_blk_id=49996 ccf_commit_seqno=1034955 nstreams_done_=12500 config.nstreams=20000 avg_latency=1.2572 ms avg throuhgput (requests/sec) = 80.2765 res=false
*==== INFO ====* req_id_count= 13000 stream_id=51996 latency=1.094326 ms (tx_ts=158956071021275, rx_ts=158956072115601) request_id=1076549 zil_blk_id=51996 ccf_commit_seqno=1076550 nstreams_done_=13000 config.nstreams=20000 avg_latency=1.2582 ms avg throuhgput (requests/sec) = 80.2681 res=false
*==== INFO ====* req_id_count= 13500 stream_id=53996 latency=1.078557 ms (tx_ts=158962273945144, rx_ts=158962275023701) request_id=1118029 zil_blk_id=53996 ccf_commit_seqno=1118029 nstreams_done_=13500 config.nstreams=20000 avg_latency=1.2569 ms avg throuhgput (requests/sec) = 80.2806 res=false
*==== INFO ====* req_id_count= 14000 stream_id=55996 latency=1.011020 ms (tx_ts=158968496586546, rx_ts=158968497597566) request_id=1159548 zil_blk_id=55996 ccf_commit_seqno=1159548 nstreams_done_=14000 config.nstreams=20000 avg_latency=1.2566 ms avg throuhgput (requests/sec) = 80.2832 res=false
*==== INFO ====* req_id_count= 14500 stream_id=57996 latency=1.472683 ms (tx_ts=158974708053061, rx_ts=158974709525744) request_id=1201110 zil_blk_id=57996 ccf_commit_seqno=1201115 nstreams_done_=14500 config.nstreams=20000 avg_latency=1.2567 ms avg throuhgput (requests/sec) = 80.2903 res=false
*==== INFO ====* req_id_count= 15000 stream_id=59996 latency=1.380652 ms (tx_ts=158980921941516, rx_ts=158980923322168) request_id=1242674 zil_blk_id=59996 ccf_commit_seqno=1242678 nstreams_done_=15000 config.nstreams=20000 avg_latency=1.2565 ms avg throuhgput (requests/sec) = 80.2961 res=false
*==== INFO ====* req_id_count= 15500 stream_id=61996 latency=0.997929 ms (tx_ts=158987109201547, rx_ts=158987110199476) request_id=1284037 zil_blk_id=61996 ccf_commit_seqno=1284037 nstreams_done_=15500 config.nstreams=20000 avg_latency=1.2562 ms avg throuhgput (requests/sec) = 80.3128 res=false
*==== INFO ====* req_id_count= 16000 stream_id=63996 latency=1.104605 ms (tx_ts=158993334216867, rx_ts=158993335321472) request_id=1325684 zil_blk_id=63996 ccf_commit_seqno=1325685 nstreams_done_=16000 config.nstreams=20000 avg_latency=1.2563 ms avg throuhgput (requests/sec) = 80.3130 res=false
*==== INFO ====* req_id_count= 16500 stream_id=65996 latency=1.369972 ms (tx_ts=158999549911436, rx_ts=158999551281408) request_id=1367259 zil_blk_id=65996 ccf_commit_seqno=1367264 nstreams_done_=16500 config.nstreams=20000 avg_latency=1.2572 ms avg throuhgput (requests/sec) = 80.3168 res=false
*==== INFO ====* req_id_count= 17000 stream_id=67996 latency=1.163345 ms (tx_ts=159005748377384, rx_ts=159005749540729) request_id=1408797 zil_blk_id=67996 ccf_commit_seqno=1408799 nstreams_done_=17000 config.nstreams=20000 avg_latency=1.2560 ms avg throuhgput (requests/sec) = 80.3271 res=false
*==== INFO ====* req_id_count= 17500 stream_id=69996 latency=1.263023 ms (tx_ts=159011951168001, rx_ts=159011952431024) request_id=1450469 zil_blk_id=69996 ccf_commit_seqno=1450470 nstreams_done_=17500 config.nstreams=20000 avg_latency=1.2552 ms avg throuhgput (requests/sec) = 80.3351 res=false
*==== INFO ====* req_id_count= 18000 stream_id=71996 latency=0.935649 ms (tx_ts=159018156167834, rx_ts=159018157103483) request_id=1492067 zil_blk_id=71996 ccf_commit_seqno=1492067 nstreams_done_=18000 config.nstreams=20000 avg_latency=1.2548 ms avg throuhgput (requests/sec) = 80.3420 res=false
*==== INFO ====* req_id_count= 18500 stream_id=73996 latency=1.124613 ms (tx_ts=159024369404685, rx_ts=159024370529298) request_id=1533646 zil_blk_id=73996 ccf_commit_seqno=1533648 nstreams_done_=18500 config.nstreams=20000 avg_latency=1.2551 ms avg throuhgput (requests/sec) = 80.3455 res=false
*==== INFO ====* req_id_count= 19000 stream_id=75996 latency=1.264414 ms (tx_ts=159030575610520, rx_ts=159030576874934) request_id=1571577 zil_blk_id=75996 ccf_commit_seqno=1571577 nstreams_done_=19000 config.nstreams=20000 avg_latency=1.2545 ms avg throuhgput (requests/sec) = 80.3512 res=false
*==== INFO ====* req_id_count= 19500 stream_id=77996 latency=1.351306 ms (tx_ts=159036756254966, rx_ts=159036757606272) request_id=1591260 zil_blk_id=77996 ccf_commit_seqno=1591262 nstreams_done_=19500 config.nstreams=20000 avg_latency=1.2540 ms avg throuhgput (requests/sec) = 80.3651 res=false
*==== INFO ====* http_end_stream ALL streams done! nstreams_done_=20000 avg_latency=1.2499 msreq_id_count= 20000
*==== INFO ====* req_id_count= 20000 stream_id=79996 latency=0.914630 ms (tx_ts=159042915471404, rx_ts=159042916386034) request_id=1598952 zil_blk_id=79996 ccf_commit_seqno=1598952 nstreams_done_=20000 config.nstreams=20000 avg_latency=1.2499 ms avg throuhgput (requests/sec) = 80.3853 res=true
