Uniform: 948843 247160 45455 266224 564186 
Exponential: -2147483648 -2147483648 -2147483648 -2147483648 -2147483648 
Truncated Normal: 945362 373055 400442 45013 871385 
*==== INFO ====* req_id_count= 500 stream_id=1996 latency=0.549828 ms (tx_ts=158799855803151, rx_ts=158799856352979) request_id=37370 zil_blk_id=745 ccf_commit_seqno=37370 nstreams_done_=500 config.nstreams=20000 avg_latency=0.8242 ms avg throuhgput (requests/sec) = 86.5185 res=false
*==== INFO ====* req_id_count= 1000 stream_id=3996 latency=0.961327 ms (tx_ts=158805677166720, rx_ts=158805678128047) request_id=75731 zil_blk_id=6208 ccf_commit_seqno=75734 nstreams_done_=1000 config.nstreams=20000 avg_latency=0.8403 ms avg throuhgput (requests/sec) = 86.2003 res=false
*==== INFO ====* req_id_count= 1500 stream_id=5996 latency=0.853259 ms (tx_ts=158811474798359, rx_ts=158811475651618) request_id=114011 zil_blk_id=11642 ccf_commit_seqno=114014 nstreams_done_=1500 config.nstreams=20000 avg_latency=0.8325 ms avg throuhgput (requests/sec) = 86.2148 res=false
*==== INFO ====* req_id_count= 2000 stream_id=7996 latency=0.572410 ms (tx_ts=158817298488557, rx_ts=158817299060967) request_id=152500 zil_blk_id=17099 ccf_commit_seqno=152500 nstreams_done_=2000 config.nstreams=20000 avg_latency=0.8335 ms avg throuhgput (requests/sec) = 86.1259 res=false
*==== INFO ====* req_id_count= 2500 stream_id=9996 latency=0.654825 ms (tx_ts=158823115725806, rx_ts=158823116380631) request_id=191112 zil_blk_id=22553 ccf_commit_seqno=191113 nstreams_done_=2500 config.nstreams=20000 avg_latency=0.8319 ms avg throuhgput (requests/sec) = 86.0907 res=false
*==== INFO ====* req_id_count= 3000 stream_id=11996 latency=0.739132 ms (tx_ts=158828907549772, rx_ts=158828908288904) request_id=229517 zil_blk_id=27991 ccf_commit_seqno=229518 nstreams_done_=3000 config.nstreams=20000 avg_latency=0.8319 ms avg throuhgput (requests/sec) = 86.1301 res=false
*==== INFO ====* req_id_count= 3500 stream_id=13996 latency=0.877330 ms (tx_ts=158834741033773, rx_ts=158834741911103) request_id=268135 zil_blk_id=33469 ccf_commit_seqno=268136 nstreams_done_=3500 config.nstreams=20000 avg_latency=0.8370 ms avg throuhgput (requests/sec) = 86.0698 res=false
*==== INFO ====* req_id_count= 4000 stream_id=15996 latency=1.193635 ms (tx_ts=158840534439464, rx_ts=158840535633099) request_id=306670 zil_blk_id=38900 ccf_commit_seqno=306678 nstreams_done_=4000 config.nstreams=20000 avg_latency=0.8378 ms avg throuhgput (requests/sec) = 86.0985 res=false
*==== INFO ====* req_id_count= 4500 stream_id=17996 latency=1.000912 ms (tx_ts=158846355929811, rx_ts=158846356930723) request_id=345348 zil_blk_id=44363 ccf_commit_seqno=345354 nstreams_done_=4500 config.nstreams=20000 avg_latency=0.8410 ms avg throuhgput (requests/sec) = 86.0755 res=false
*==== INFO ====* req_id_count= 5000 stream_id=19996 latency=1.034023 ms (tx_ts=158852165981084, rx_ts=158852167015107) request_id=383947 zil_blk_id=49822 ccf_commit_seqno=383952 nstreams_done_=5000 config.nstreams=20000 avg_latency=0.8404 ms avg throuhgput (requests/sec) = 86.0737 res=false
*==== INFO ====* req_id_count= 5500 stream_id=21996 latency=0.908766 ms (tx_ts=158857979627939, rx_ts=158857980536705) request_id=422610 zil_blk_id=55280 ccf_commit_seqno=422615 nstreams_done_=5500 config.nstreams=20000 avg_latency=0.8404 ms avg throuhgput (requests/sec) = 86.0676 res=false
*==== INFO ====* req_id_count= 6000 stream_id=23996 latency=0.595373 ms (tx_ts=158863778658871, rx_ts=158863779254244) request_id=461178 zil_blk_id=60715 ccf_commit_seqno=461178 nstreams_done_=6000 config.nstreams=20000 avg_latency=0.8398 ms avg throuhgput (requests/sec) = 86.0807 res=false
*==== INFO ====* req_id_count= 6500 stream_id=25996 latency=0.971176 ms (tx_ts=158869578733341, rx_ts=158869579704517) request_id=499721 zil_blk_id=66148 ccf_commit_seqno=499723 nstreams_done_=6500 config.nstreams=20000 avg_latency=0.8399 ms avg throuhgput (requests/sec) = 86.0899 res=false
*==== INFO ====* req_id_count= 7000 stream_id=27996 latency=0.828810 ms (tx_ts=158875382100991, rx_ts=158875382929801) request_id=538332 zil_blk_id=71585 ccf_commit_seqno=538336 nstreams_done_=7000 config.nstreams=20000 avg_latency=0.8396 ms avg throuhgput (requests/sec) = 86.0948 res=false
*==== INFO ====* req_id_count= 7500 stream_id=29996 latency=1.046217 ms (tx_ts=158881198986653, rx_ts=158881200032870) request_id=576999 zil_blk_id=77035 ccf_commit_seqno=577009 nstreams_done_=7500 config.nstreams=20000 avg_latency=0.8407 ms avg throuhgput (requests/sec) = 86.0854 res=false
*==== INFO ====* req_id_count= 8000 stream_id=31996 latency=0.854789 ms (tx_ts=158887017738451, rx_ts=158887018593240) request_id=615736 zil_blk_id=82495 ccf_commit_seqno=615737 nstreams_done_=8000 config.nstreams=20000 avg_latency=0.8418 ms avg throuhgput (requests/sec) = 86.0758 res=false
*==== INFO ====* req_id_count= 8500 stream_id=33996 latency=0.960606 ms (tx_ts=158892816670313, rx_ts=158892817630919) request_id=654425 zil_blk_id=87910 ccf_commit_seqno=654428 nstreams_done_=8500 config.nstreams=20000 avg_latency=0.8419 ms avg throuhgput (requests/sec) = 86.0843 res=false
*==== INFO ====* req_id_count= 9000 stream_id=35996 latency=1.615696 ms (tx_ts=158898625496217, rx_ts=158898627111913) request_id=693128 zil_blk_id=93322 ccf_commit_seqno=693131 nstreams_done_=9000 config.nstreams=20000 avg_latency=0.8424 ms avg throuhgput (requests/sec) = 86.0833 res=false
*==== INFO ====* req_id_count= 9500 stream_id=37996 latency=0.814496 ms (tx_ts=158904423629795, rx_ts=158904424444291) request_id=731779 zil_blk_id=98726 ccf_commit_seqno=731779 nstreams_done_=9500 config.nstreams=20000 avg_latency=0.8419 ms avg throuhgput (requests/sec) = 86.0919 res=false
*==== INFO ====* req_id_count= 10000 stream_id=39996 latency=0.796079 ms (tx_ts=158910219231953, rx_ts=158910220028032) request_id=770406 zil_blk_id=104128 ccf_commit_seqno=770407 nstreams_done_=10000 config.nstreams=20000 avg_latency=0.8410 ms avg throuhgput (requests/sec) = 86.1009 res=false
*==== INFO ====* req_id_count= 10500 stream_id=41996 latency=1.029485 ms (tx_ts=158916033331918, rx_ts=158916034361403) request_id=809140 zil_blk_id=109552 ccf_commit_seqno=809143 nstreams_done_=10500 config.nstreams=20000 avg_latency=0.8421 ms avg throuhgput (requests/sec) = 86.0958 res=false
*==== INFO ====* req_id_count= 11000 stream_id=43996 latency=0.574813 ms (tx_ts=158921832392334, rx_ts=158921832967147) request_id=847848 zil_blk_id=114992 ccf_commit_seqno=847848 nstreams_done_=11000 config.nstreams=20000 avg_latency=0.8416 ms avg throuhgput (requests/sec) = 86.1018 res=false
*==== INFO ====* req_id_count= 11500 stream_id=45996 latency=0.789366 ms (tx_ts=158927611608141, rx_ts=158927612397507) request_id=886508 zil_blk_id=120406 ccf_commit_seqno=886512 nstreams_done_=11500 config.nstreams=20000 avg_latency=0.8413 ms avg throuhgput (requests/sec) = 86.1196 res=false
*==== INFO ====* req_id_count= 12000 stream_id=47996 latency=1.045093 ms (tx_ts=158933385225011, rx_ts=158933386270104) request_id=925128 zil_blk_id=125815 ccf_commit_seqno=925132 nstreams_done_=12000 config.nstreams=20000 avg_latency=0.8414 ms avg throuhgput (requests/sec) = 86.1394 res=false
*==== INFO ====* req_id_count= 12500 stream_id=49996 latency=0.679090 ms (tx_ts=158939183532215, rx_ts=158939184211305) request_id=963895 zil_blk_id=131249 ccf_commit_seqno=963896 nstreams_done_=12500 config.nstreams=20000 avg_latency=0.8411 ms avg throuhgput (requests/sec) = 86.1433 res=false
*==== INFO ====* req_id_count= 13000 stream_id=51996 latency=0.729473 ms (tx_ts=158944977387786, rx_ts=158944978117259) request_id=1002593 zil_blk_id=136670 ccf_commit_seqno=1002595 nstreams_done_=13000 config.nstreams=20000 avg_latency=0.8417 ms avg throuhgput (requests/sec) = 86.1493 res=false
*==== INFO ====* req_id_count= 13500 stream_id=53996 latency=0.788588 ms (tx_ts=158950767927576, rx_ts=158950768716164) request_id=1041247 zil_blk_id=142095 ccf_commit_seqno=1041249 nstreams_done_=13500 config.nstreams=20000 avg_latency=0.8410 ms avg throuhgput (requests/sec) = 86.1566 res=false
*==== INFO ====* req_id_count= 14000 stream_id=55996 latency=0.590154 ms (tx_ts=158956577325641, rx_ts=158956577915795) request_id=1079935 zil_blk_id=147530 ccf_commit_seqno=1079935 nstreams_done_=14000 config.nstreams=20000 avg_latency=0.8420 ms avg throuhgput (requests/sec) = 86.1535 res=false
*==== INFO ====* req_id_count= 14500 stream_id=57996 latency=0.698165 ms (tx_ts=158962358549681, rx_ts=158962359247846) request_id=1118596 zil_blk_id=152950 ccf_commit_seqno=1118596 nstreams_done_=14500 config.nstreams=20000 avg_latency=0.8412 ms avg throuhgput (requests/sec) = 86.1649 res=false
*==== INFO ====* req_id_count= 15000 stream_id=59996 latency=0.739413 ms (tx_ts=158968164332193, rx_ts=158968165071606) request_id=1157334 zil_blk_id=158397 ccf_commit_seqno=1157336 nstreams_done_=15000 config.nstreams=20000 avg_latency=0.8418 ms avg throuhgput (requests/sec) = 86.1634 res=false
*==== INFO ====* req_id_count= 15500 stream_id=61996 latency=1.163388 ms (tx_ts=158973965154607, rx_ts=158973966317995) request_id=1196160 zil_blk_id=163838 ccf_commit_seqno=1196166 nstreams_done_=15500 config.nstreams=20000 avg_latency=0.8418 ms avg throuhgput (requests/sec) = 86.1642 res=false
*==== INFO ====* req_id_count= 16000 stream_id=63996 latency=0.661167 ms (tx_ts=158979754046434, rx_ts=158979754707601) request_id=1234884 zil_blk_id=169266 ccf_commit_seqno=1234884 nstreams_done_=16000 config.nstreams=20000 avg_latency=0.8415 ms avg throuhgput (requests/sec) = 86.1709 res=false
*==== INFO ====* req_id_count= 16500 stream_id=65996 latency=0.628025 ms (tx_ts=158985573815191, rx_ts=158985574443216) request_id=1273759 zil_blk_id=174725 ccf_commit_seqno=1273759 nstreams_done_=16500 config.nstreams=20000 avg_latency=0.8425 ms avg throuhgput (requests/sec) = 86.1631 res=false
*==== INFO ====* req_id_count= 17000 stream_id=67996 latency=0.747888 ms (tx_ts=158991382633296, rx_ts=158991383381184) request_id=1312627 zil_blk_id=180177 ccf_commit_seqno=1312627 nstreams_done_=17000 config.nstreams=20000 avg_latency=0.8428 ms avg throuhgput (requests/sec) = 86.1605 res=false
*==== INFO ====* req_id_count= 17500 stream_id=69996 latency=0.788705 ms (tx_ts=158997187658094, rx_ts=158997188446799) request_id=1351445 zil_blk_id=185619 ccf_commit_seqno=1351446 nstreams_done_=17500 config.nstreams=20000 avg_latency=0.8431 ms avg throuhgput (requests/sec) = 86.1597 res=false
*==== INFO ====* req_id_count= 18000 stream_id=71996 latency=1.010359 ms (tx_ts=159002980020089, rx_ts=159002981030448) request_id=1390280 zil_blk_id=191048 ccf_commit_seqno=1390281 nstreams_done_=18000 config.nstreams=20000 avg_latency=0.8433 ms avg throuhgput (requests/sec) = 86.1641 res=false
*==== INFO ====* req_id_count= 18500 stream_id=73996 latency=0.754982 ms (tx_ts=159008794551919, rx_ts=159008795306901) request_id=1429264 zil_blk_id=196506 ccf_commit_seqno=1429264 nstreams_done_=18500 config.nstreams=20000 avg_latency=0.8437 ms avg throuhgput (requests/sec) = 86.1595 res=false
*==== INFO ====* req_id_count= 19000 stream_id=75996 latency=0.897849 ms (tx_ts=159014587938134, rx_ts=159014588835983) request_id=1468139 zil_blk_id=201939 ccf_commit_seqno=1468142 nstreams_done_=19000 config.nstreams=20000 avg_latency=0.8440 ms avg throuhgput (requests/sec) = 86.1633 res=false
*==== INFO ====* req_id_count= 19500 stream_id=77996 latency=2.024134 ms (tx_ts=159020375564540, rx_ts=159020377588674) request_id=1506926 zil_blk_id=207366 ccf_commit_seqno=1506927 nstreams_done_=19500 config.nstreams=20000 avg_latency=0.8444 ms avg throuhgput (requests/sec) = 86.1687 res=false
*==== INFO ====* http_end_stream ALL streams done! nstreams_done_=20000 avg_latency=0.8450 msreq_id_count= 20000
*==== INFO ====* req_id_count= 20000 stream_id=79996 latency=1.005407 ms (tx_ts=159026205411474, rx_ts=159026206416881) request_id=1545943 zil_blk_id=212831 ccf_commit_seqno=1545948 nstreams_done_=20000 config.nstreams=20000 avg_latency=0.8450 ms avg throuhgput (requests/sec) = 86.1589 res=true
