Uniform: 838375 530068 303376 276162 661756 
Exponential: -2147483648 -2147483648 -2147483648 -2147483648 -2147483648 
Truncated Normal: 635608 699224 472209 559947 529359 
*==== INFO ====* req_id_count= 500 stream_id=1996 latency=0.973510 ms (tx_ts=158800361947775, rx_ts=158800362921285) request_id=40657 zil_blk_id=1996 ccf_commit_seqno=40657 nstreams_done_=500 config.nstreams=20000 avg_latency=1.2849 ms avg throuhgput (requests/sec) = 79.9457 res=false
*==== INFO ====* req_id_count= 1000 stream_id=3996 latency=1.508942 ms (tx_ts=158806567800707, rx_ts=158806569309649) request_id=81572 zil_blk_id=3996 ccf_commit_seqno=81574 nstreams_done_=1000 config.nstreams=20000 avg_latency=1.2613 ms avg throuhgput (requests/sec) = 80.2527 res=false
*==== INFO ====* req_id_count= 1500 stream_id=5996 latency=1.352850 ms (tx_ts=158812795243828, rx_ts=158812796596678) request_id=122700 zil_blk_id=5996 ccf_commit_seqno=122703 nstreams_done_=1500 config.nstreams=20000 avg_latency=1.2513 ms avg throuhgput (requests/sec) = 80.2657 res=false
*==== INFO ====* req_id_count= 2000 stream_id=7996 latency=1.135333 ms (tx_ts=158819004046276, rx_ts=158819005181609) request_id=163799 zil_blk_id=7996 ccf_commit_seqno=163801 nstreams_done_=2000 config.nstreams=20000 avg_latency=1.2442 ms avg throuhgput (requests/sec) = 80.3326 res=false
*==== INFO ====* req_id_count= 2500 stream_id=9996 latency=1.308270 ms (tx_ts=158825185314593, rx_ts=158825186622863) request_id=204791 zil_blk_id=9996 ccf_commit_seqno=204793 nstreams_done_=2500 config.nstreams=20000 avg_latency=1.2402 ms avg throuhgput (requests/sec) = 80.4429 res=false
*==== INFO ====* req_id_count= 3000 stream_id=11996 latency=0.974923 ms (tx_ts=158831360622211, rx_ts=158831361597134) request_id=245747 zil_blk_id=11996 ccf_commit_seqno=245747 nstreams_done_=3000 config.nstreams=20000 avg_latency=1.2382 ms avg throuhgput (requests/sec) = 80.5306 res=false
*==== INFO ====* req_id_count= 3500 stream_id=13996 latency=1.013846 ms (tx_ts=158837525581337, rx_ts=158837526595183) request_id=286655 zil_blk_id=13996 ccf_commit_seqno=286655 nstreams_done_=3500 config.nstreams=20000 avg_latency=1.2393 ms avg throuhgput (requests/sec) = 80.6119 res=false
*==== INFO ====* req_id_count= 4000 stream_id=15996 latency=1.120315 ms (tx_ts=158843698358739, rx_ts=158843699479054) request_id=327667 zil_blk_id=15996 ccf_commit_seqno=327667 nstreams_done_=4000 config.nstreams=20000 avg_latency=1.2426 ms avg throuhgput (requests/sec) = 80.6601 res=false
*==== INFO ====* req_id_count= 4500 stream_id=17996 latency=1.557613 ms (tx_ts=158849872261234, rx_ts=158849873818847) request_id=368687 zil_blk_id=17996 ccf_commit_seqno=368693 nstreams_done_=4500 config.nstreams=20000 avg_latency=1.2412 ms avg throuhgput (requests/sec) = 80.6956 res=false
*==== INFO ====* req_id_count= 5000 stream_id=19996 latency=1.139668 ms (tx_ts=158856077601800, rx_ts=158856078741468) request_id=409950 zil_blk_id=19996 ccf_commit_seqno=409952 nstreams_done_=5000 config.nstreams=20000 avg_latency=1.2412 ms avg throuhgput (requests/sec) = 80.6841 res=false
*==== INFO ====* req_id_count= 5500 stream_id=21996 latency=1.243622 ms (tx_ts=158862254231681, rx_ts=158862255475303) request_id=451033 zil_blk_id=21996 ccf_commit_seqno=451034 nstreams_done_=5500 config.nstreams=20000 avg_latency=1.2395 ms avg throuhgput (requests/sec) = 80.7081 res=false
*==== INFO ====* req_id_count= 6000 stream_id=23996 latency=1.267510 ms (tx_ts=158868443355229, rx_ts=158868444622739) request_id=492167 zil_blk_id=23996 ccf_commit_seqno=492169 nstreams_done_=6000 config.nstreams=20000 avg_latency=1.2394 ms avg throuhgput (requests/sec) = 80.7146 res=false
*==== INFO ====* req_id_count= 6500 stream_id=25996 latency=0.970304 ms (tx_ts=158874597396130, rx_ts=158874598366434) request_id=533083 zil_blk_id=25996 ccf_commit_seqno=533083 nstreams_done_=6500 config.nstreams=20000 avg_latency=1.2394 ms avg throuhgput (requests/sec) = 80.7557 res=false
*==== INFO ====* req_id_count= 7000 stream_id=27996 latency=1.036241 ms (tx_ts=158880754645775, rx_ts=158880755682016) request_id=574110 zil_blk_id=27996 ccf_commit_seqno=574110 nstreams_done_=7000 config.nstreams=20000 avg_latency=1.2399 ms avg throuhgput (requests/sec) = 80.7876 res=false
*==== INFO ====* req_id_count= 7500 stream_id=29996 latency=1.010479 ms (tx_ts=158886899168427, rx_ts=158886900178906) request_id=614943 zil_blk_id=29996 ccf_commit_seqno=614944 nstreams_done_=7500 config.nstreams=20000 avg_latency=1.2398 ms avg throuhgput (requests/sec) = 80.8264 res=false
*==== INFO ====* req_id_count= 8000 stream_id=31996 latency=0.913548 ms (tx_ts=158893057911644, rx_ts=158893058825192) request_id=656038 zil_blk_id=31996 ccf_commit_seqno=656038 nstreams_done_=8000 config.nstreams=20000 avg_latency=1.2411 ms avg throuhgput (requests/sec) = 80.8488 res=false
*==== INFO ====* req_id_count= 8500 stream_id=33996 latency=0.977027 ms (tx_ts=158899226590493, rx_ts=158899227567520) request_id=697131 zil_blk_id=33996 ccf_commit_seqno=697131 nstreams_done_=8500 config.nstreams=20000 avg_latency=1.2405 ms avg throuhgput (requests/sec) = 80.8608 res=false
*==== INFO ====* req_id_count= 9000 stream_id=35996 latency=1.077645 ms (tx_ts=158905387401892, rx_ts=158905388479537) request_id=738193 zil_blk_id=35996 ccf_commit_seqno=738194 nstreams_done_=9000 config.nstreams=20000 avg_latency=1.2401 ms avg throuhgput (requests/sec) = 80.8772 res=false
*==== INFO ====* req_id_count= 9500 stream_id=37996 latency=1.256621 ms (tx_ts=158911562089504, rx_ts=158911563346125) request_id=779373 zil_blk_id=37996 ccf_commit_seqno=779374 nstreams_done_=9500 config.nstreams=20000 avg_latency=1.2409 ms avg throuhgput (requests/sec) = 80.8823 res=false
*==== INFO ====* req_id_count= 10000 stream_id=39996 latency=1.170168 ms (tx_ts=158917724355335, rx_ts=158917725525503) request_id=820434 zil_blk_id=39996 ccf_commit_seqno=820435 nstreams_done_=10000 config.nstreams=20000 avg_latency=1.2404 ms avg throuhgput (requests/sec) = 80.8951 res=false
*==== INFO ====* req_id_count= 10500 stream_id=41996 latency=1.186899 ms (tx_ts=158923883317615, rx_ts=158923884504514) request_id=861540 zil_blk_id=41996 ccf_commit_seqno=861541 nstreams_done_=10500 config.nstreams=20000 avg_latency=1.2385 ms avg throuhgput (requests/sec) = 80.9087 res=false
*==== INFO ====* req_id_count= 11000 stream_id=43996 latency=1.090689 ms (tx_ts=158930043246025, rx_ts=158930044336714) request_id=902783 zil_blk_id=43996 ccf_commit_seqno=902785 nstreams_done_=11000 config.nstreams=20000 avg_latency=1.2385 ms avg throuhgput (requests/sec) = 80.9206 res=false
*==== INFO ====* req_id_count= 11500 stream_id=45996 latency=1.101390 ms (tx_ts=158936240885293, rx_ts=158936241986683) request_id=944232 zil_blk_id=45996 ccf_commit_seqno=944233 nstreams_done_=11500 config.nstreams=20000 avg_latency=1.2391 ms avg throuhgput (requests/sec) = 80.9100 res=false
*==== INFO ====* req_id_count= 12000 stream_id=47996 latency=0.894593 ms (tx_ts=158942403973219, rx_ts=158942404867812) request_id=985397 zil_blk_id=47996 ccf_commit_seqno=985397 nstreams_done_=12000 config.nstreams=20000 avg_latency=1.2392 ms avg throuhgput (requests/sec) = 80.9191 res=false
*==== INFO ====* req_id_count= 12500 stream_id=49996 latency=1.468916 ms (tx_ts=158948549705453, rx_ts=158948551174369) request_id=1026412 zil_blk_id=49996 ccf_commit_seqno=1026416 nstreams_done_=12500 config.nstreams=20000 avg_latency=1.2378 ms avg throuhgput (requests/sec) = 80.9363 res=false
*==== INFO ====* req_id_count= 13000 stream_id=51996 latency=1.042918 ms (tx_ts=158954754876037, rx_ts=158954755918955) request_id=1067771 zil_blk_id=51996 ccf_commit_seqno=1067772 nstreams_done_=13000 config.nstreams=20000 avg_latency=1.2382 ms avg throuhgput (requests/sec) = 80.9226 res=false
*==== INFO ====* req_id_count= 13500 stream_id=53996 latency=1.213499 ms (tx_ts=158960901187776, rx_ts=158960902401275) request_id=1108833 zil_blk_id=53996 ccf_commit_seqno=1108833 nstreams_done_=13500 config.nstreams=20000 avg_latency=1.2370 ms avg throuhgput (requests/sec) = 80.9383 res=false
*==== INFO ====* req_id_count= 14000 stream_id=55996 latency=1.166420 ms (tx_ts=158967084008025, rx_ts=158967085174445) request_id=1150148 zil_blk_id=55996 ccf_commit_seqno=1150150 nstreams_done_=14000 config.nstreams=20000 avg_latency=1.2372 ms avg throuhgput (requests/sec) = 80.9358 res=false
*==== INFO ====* req_id_count= 14500 stream_id=57996 latency=0.942702 ms (tx_ts=158973276328205, rx_ts=158973277270907) request_id=1191550 zil_blk_id=57996 ccf_commit_seqno=1191550 nstreams_done_=14500 config.nstreams=20000 avg_latency=1.2362 ms avg throuhgput (requests/sec) = 80.9294 res=false
*==== INFO ====* req_id_count= 15000 stream_id=59996 latency=1.229940 ms (tx_ts=158979464553116, rx_ts=158979465783056) request_id=1232943 zil_blk_id=59996 ccf_commit_seqno=1232944 nstreams_done_=15000 config.nstreams=20000 avg_latency=1.2356 ms avg throuhgput (requests/sec) = 80.9249 res=false
*==== INFO ====* req_id_count= 15500 stream_id=61996 latency=1.016441 ms (tx_ts=158985692917480, rx_ts=158985693933921) request_id=1274559 zil_blk_id=61996 ccf_commit_seqno=1274560 nstreams_done_=15500 config.nstreams=20000 avg_latency=1.2378 ms avg throuhgput (requests/sec) = 80.9039 res=false
*==== INFO ====* req_id_count= 16000 stream_id=63996 latency=1.246013 ms (tx_ts=158991892712659, rx_ts=158991893958672) request_id=1316054 zil_blk_id=63996 ccf_commit_seqno=1316055 nstreams_done_=16000 config.nstreams=20000 avg_latency=1.2381 ms avg throuhgput (requests/sec) = 80.8958 res=false
*==== INFO ====* req_id_count= 16500 stream_id=65996 latency=1.172753 ms (tx_ts=158998070957504, rx_ts=158998072130257) request_id=1357359 zil_blk_id=65996 ccf_commit_seqno=1357361 nstreams_done_=16500 config.nstreams=20000 avg_latency=1.2388 ms avg throuhgput (requests/sec) = 80.8968 res=false
*==== INFO ====* req_id_count= 17000 stream_id=67996 latency=1.178964 ms (tx_ts=159004218697976, rx_ts=159004219876940) request_id=1398583 zil_blk_id=67996 ccf_commit_seqno=1398584 nstreams_done_=17000 config.nstreams=20000 avg_latency=1.2368 ms avg throuhgput (requests/sec) = 80.9095 res=false
*==== INFO ====* req_id_count= 17500 stream_id=69996 latency=1.287543 ms (tx_ts=159010404629464, rx_ts=159010405917007) request_id=1440088 zil_blk_id=69996 ccf_commit_seqno=1440090 nstreams_done_=17500 config.nstreams=20000 avg_latency=1.2359 ms avg throuhgput (requests/sec) = 80.9072 res=false
*==== INFO ====* req_id_count= 18000 stream_id=71996 latency=1.003707 ms (tx_ts=159016591949555, rx_ts=159016592953262) request_id=1481594 zil_blk_id=71996 ccf_commit_seqno=1481595 nstreams_done_=18000 config.nstreams=20000 avg_latency=1.2351 ms avg throuhgput (requests/sec) = 80.9046 res=false
*==== INFO ====* req_id_count= 18500 stream_id=73996 latency=1.034801 ms (tx_ts=159022754739043, rx_ts=159022755773844) request_id=1522868 zil_blk_id=73996 ccf_commit_seqno=1522872 nstreams_done_=18500 config.nstreams=20000 avg_latency=1.2346 ms avg throuhgput (requests/sec) = 80.9107 res=false
*==== INFO ====* req_id_count= 19000 stream_id=75996 latency=0.912717 ms (tx_ts=159028929577858, rx_ts=159028930490575) request_id=1562851 zil_blk_id=75996 ccf_commit_seqno=1562851 nstreams_done_=19000 config.nstreams=20000 avg_latency=1.2341 ms avg throuhgput (requests/sec) = 80.9124 res=false
*==== INFO ====* req_id_count= 19500 stream_id=77996 latency=1.156663 ms (tx_ts=159035072691633, rx_ts=159035073848296) request_id=1587526 zil_blk_id=77996 ccf_commit_seqno=1587526 nstreams_done_=19500 config.nstreams=20000 avg_latency=1.2330 ms avg throuhgput (requests/sec) = 80.9246 res=false
*==== INFO ====* http_end_stream ALL streams done! nstreams_done_=20000 avg_latency=1.2297 msreq_id_count= 20000
*==== INFO ====* req_id_count= 20000 stream_id=79996 latency=0.911755 ms (tx_ts=159041200014489, rx_ts=159041200926244) request_id=1597598 zil_blk_id=79996 ccf_commit_seqno=1597598 nstreams_done_=20000 config.nstreams=20000 avg_latency=1.2297 ms avg throuhgput (requests/sec) = 80.9414 res=true
