Uniform: 980954 212415 602645 889758 443815 
Exponential: -2147483648 -2147483648 -2147483648 -2147483648 -2147483648 
Truncated Normal: 448046 414396 547182 142399 637840 
*==== INFO ====* req_id_count= 500 stream_id=1996 latency=1.296885 ms (tx_ts=158800383180675, rx_ts=158800384477560) request_id=40790 zil_blk_id=1996 ccf_commit_seqno=40797 nstreams_done_=500 config.nstreams=20000 avg_latency=1.2711 ms avg throuhgput (requests/sec) = 79.7534 res=false
*==== INFO ====* req_id_count= 1000 stream_id=3996 latency=1.291064 ms (tx_ts=158806681949115, rx_ts=158806683240179) request_id=82323 zil_blk_id=3996 ccf_commit_seqno=82325 nstreams_done_=1000 config.nstreams=20000 avg_latency=1.2632 ms avg throuhgput (requests/sec) = 79.5666 res=false
*==== INFO ====* req_id_count= 1500 stream_id=5996 latency=1.390080 ms (tx_ts=158812978540025, rx_ts=158812979930105) request_id=123908 zil_blk_id=5996 ccf_commit_seqno=123909 nstreams_done_=1500 config.nstreams=20000 avg_latency=1.2695 ms avg throuhgput (requests/sec) = 79.5133 res=false
*==== INFO ====* req_id_count= 2000 stream_id=7996 latency=1.409960 ms (tx_ts=158819240772821, rx_ts=158819242182781) request_id=165371 zil_blk_id=7996 ccf_commit_seqno=165376 nstreams_done_=2000 config.nstreams=20000 avg_latency=1.2589 ms avg throuhgput (requests/sec) = 79.5955 res=false
*==== INFO ====* req_id_count= 2500 stream_id=9996 latency=1.524566 ms (tx_ts=158825531599051, rx_ts=158825533123617) request_id=207084 zil_blk_id=9996 ccf_commit_seqno=207090 nstreams_done_=2500 config.nstreams=20000 avg_latency=1.2613 ms avg throuhgput (requests/sec) = 79.5723 res=false
*==== INFO ====* req_id_count= 3000 stream_id=11996 latency=1.184575 ms (tx_ts=158831821066744, rx_ts=158831822251319) request_id=248791 zil_blk_id=11996 ccf_commit_seqno=248791 nstreams_done_=3000 config.nstreams=20000 avg_latency=1.2652 ms avg throuhgput (requests/sec) = 79.5606 res=false
*==== INFO ====* req_id_count= 3500 stream_id=13996 latency=1.666673 ms (tx_ts=158838097268201, rx_ts=158838098934874) request_id=290455 zil_blk_id=13996 ccf_commit_seqno=290459 nstreams_done_=3500 config.nstreams=20000 avg_latency=1.2654 ms avg throuhgput (requests/sec) = 79.5748 res=false
*==== INFO ====* req_id_count= 4000 stream_id=15996 latency=1.022473 ms (tx_ts=158844376788180, rx_ts=158844377810653) request_id=332162 zil_blk_id=15996 ccf_commit_seqno=332163 nstreams_done_=4000 config.nstreams=20000 avg_latency=1.2646 ms avg throuhgput (requests/sec) = 79.5819 res=false
*==== INFO ====* req_id_count= 4500 stream_id=17996 latency=1.424012 ms (tx_ts=158850661977584, rx_ts=158850663401596) request_id=373925 zil_blk_id=17996 ccf_commit_seqno=373929 nstreams_done_=4500 config.nstreams=20000 avg_latency=1.2665 ms avg throuhgput (requests/sec) = 79.5781 res=false
*==== INFO ====* req_id_count= 5000 stream_id=19996 latency=1.073117 ms (tx_ts=158856942702806, rx_ts=158856943775923) request_id=415711 zil_blk_id=19996 ccf_commit_seqno=415711 nstreams_done_=5000 config.nstreams=20000 avg_latency=1.2655 ms avg throuhgput (requests/sec) = 79.5816 res=false
*==== INFO ====* req_id_count= 5500 stream_id=21996 latency=1.205294 ms (tx_ts=158863218971006, rx_ts=158863220176300) request_id=457457 zil_blk_id=21996 ccf_commit_seqno=457459 nstreams_done_=5500 config.nstreams=20000 avg_latency=1.2636 ms avg throuhgput (requests/sec) = 79.5890 res=false
*==== INFO ====* req_id_count= 6000 stream_id=23996 latency=1.327870 ms (tx_ts=158869511232126, rx_ts=158869512559996) request_id=499267 zil_blk_id=23996 ccf_commit_seqno=499270 nstreams_done_=6000 config.nstreams=20000 avg_latency=1.2662 ms avg throuhgput (requests/sec) = 79.5783 res=false
*==== INFO ====* req_id_count= 6500 stream_id=25996 latency=1.408754 ms (tx_ts=158875778814672, rx_ts=158875780223426) request_id=540983 zil_blk_id=25996 ccf_commit_seqno=540985 nstreams_done_=6500 config.nstreams=20000 avg_latency=1.2666 ms avg throuhgput (requests/sec) = 79.5934 res=false
*==== INFO ====* req_id_count= 7000 stream_id=27996 latency=1.053931 ms (tx_ts=158882060731752, rx_ts=158882061785683) request_id=582726 zil_blk_id=27996 ccf_commit_seqno=582728 nstreams_done_=7000 config.nstreams=20000 avg_latency=1.2670 ms avg throuhgput (requests/sec) = 79.5937 res=false
*==== INFO ====* req_id_count= 7500 stream_id=29996 latency=1.024776 ms (tx_ts=158888340451099, rx_ts=158888341475875) request_id=624568 zil_blk_id=29996 ccf_commit_seqno=624571 nstreams_done_=7500 config.nstreams=20000 avg_latency=1.2683 ms avg throuhgput (requests/sec) = 79.5956 res=false
*==== INFO ====* req_id_count= 8000 stream_id=31996 latency=1.242924 ms (tx_ts=158894599520736, rx_ts=158894600763660) request_id=666295 zil_blk_id=31996 ccf_commit_seqno=666296 nstreams_done_=8000 config.nstreams=20000 avg_latency=1.2670 ms avg throuhgput (requests/sec) = 79.6134 res=false
*==== INFO ====* req_id_count= 8500 stream_id=33996 latency=1.194213 ms (tx_ts=158900870549025, rx_ts=158900871743238) request_id=708073 zil_blk_id=33996 ccf_commit_seqno=708074 nstreams_done_=8500 config.nstreams=20000 avg_latency=1.2670 ms avg throuhgput (requests/sec) = 79.6204 res=false
*==== INFO ====* req_id_count= 9000 stream_id=35996 latency=1.110718 ms (tx_ts=158907144211176, rx_ts=158907145321894) request_id=749894 zil_blk_id=35996 ccf_commit_seqno=749895 nstreams_done_=9000 config.nstreams=20000 avg_latency=1.2665 ms avg throuhgput (requests/sec) = 79.6248 res=false
*==== INFO ====* req_id_count= 9500 stream_id=37996 latency=1.361054 ms (tx_ts=158913423879963, rx_ts=158913425241017) request_id=791790 zil_blk_id=37996 ccf_commit_seqno=791790 nstreams_done_=9500 config.nstreams=20000 avg_latency=1.2670 ms avg throuhgput (requests/sec) = 79.6244 res=false
*==== INFO ====* req_id_count= 10000 stream_id=39996 latency=1.093609 ms (tx_ts=158919693960845, rx_ts=158919695054454) request_id=833554 zil_blk_id=39996 ccf_commit_seqno=833555 nstreams_done_=10000 config.nstreams=20000 avg_latency=1.2663 ms avg throuhgput (requests/sec) = 79.6306 res=false
*==== INFO ====* req_id_count= 10500 stream_id=41996 latency=1.219039 ms (tx_ts=158925941152370, rx_ts=158925942371409) request_id=875337 zil_blk_id=41996 ccf_commit_seqno=875339 nstreams_done_=10500 config.nstreams=20000 avg_latency=1.2638 ms avg throuhgput (requests/sec) = 79.6497 res=false
*==== INFO ====* req_id_count= 11000 stream_id=43996 latency=1.001893 ms (tx_ts=158932174419163, rx_ts=158932175421056) request_id=917047 zil_blk_id=43996 ccf_commit_seqno=917047 nstreams_done_=11000 config.nstreams=20000 avg_latency=1.2619 ms avg throuhgput (requests/sec) = 79.6753 res=false
*==== INFO ====* req_id_count= 11500 stream_id=45996 latency=1.095058 ms (tx_ts=158938419953444, rx_ts=158938421048502) request_id=958795 zil_blk_id=45996 ccf_commit_seqno=958798 nstreams_done_=11500 config.nstreams=20000 avg_latency=1.2608 ms avg throuhgput (requests/sec) = 79.6918 res=false
*==== INFO ====* req_id_count= 12000 stream_id=47996 latency=1.384398 ms (tx_ts=158944672334325, rx_ts=158944673718723) request_id=1000548 zil_blk_id=47996 ccf_commit_seqno=1000548 nstreams_done_=12000 config.nstreams=20000 avg_latency=1.2599 ms avg throuhgput (requests/sec) = 79.7032 res=false
*==== INFO ====* req_id_count= 12500 stream_id=49996 latency=1.011330 ms (tx_ts=158950937722918, rx_ts=158950938734248) request_id=1042381 zil_blk_id=49996 ccf_commit_seqno=1042381 nstreams_done_=12500 config.nstreams=20000 avg_latency=1.2605 ms avg throuhgput (requests/sec) = 79.7074 res=false
*==== INFO ====* req_id_count= 13000 stream_id=51996 latency=1.243595 ms (tx_ts=158957227543842, rx_ts=158957228787437) request_id=1084275 zil_blk_id=51996 ccf_commit_seqno=1084275 nstreams_done_=13000 config.nstreams=20000 avg_latency=1.2620 ms avg throuhgput (requests/sec) = 79.6990 res=false
*==== INFO ====* req_id_count= 13500 stream_id=53996 latency=1.054472 ms (tx_ts=158963503539358, rx_ts=158963504593830) request_id=1126226 zil_blk_id=53996 ccf_commit_seqno=1126226 nstreams_done_=13500 config.nstreams=20000 avg_latency=1.2626 ms avg throuhgput (requests/sec) = 79.6980 res=false
*==== INFO ====* req_id_count= 14000 stream_id=55996 latency=1.005640 ms (tx_ts=158969775210802, rx_ts=158969776216442) request_id=1168116 zil_blk_id=55996 ccf_commit_seqno=1168117 nstreams_done_=14000 config.nstreams=20000 avg_latency=1.2624 ms avg throuhgput (requests/sec) = 79.6989 res=false
*==== INFO ====* req_id_count= 14500 stream_id=57996 latency=1.366776 ms (tx_ts=158976049312860, rx_ts=158976050679636) request_id=1210066 zil_blk_id=57996 ccf_commit_seqno=1210068 nstreams_done_=14500 config.nstreams=20000 avg_latency=1.2620 ms avg throuhgput (requests/sec) = 79.6986 res=false
*==== INFO ====* req_id_count= 15000 stream_id=59996 latency=1.354228 ms (tx_ts=158982294867673, rx_ts=158982296221901) request_id=1251863 zil_blk_id=59996 ccf_commit_seqno=1251865 nstreams_done_=15000 config.nstreams=20000 avg_latency=1.2610 ms avg throuhgput (requests/sec) = 79.7105 res=false
*==== INFO ====* req_id_count= 15500 stream_id=61996 latency=1.141965 ms (tx_ts=158988561423808, rx_ts=158988562565773) request_id=1293757 zil_blk_id=61996 ccf_commit_seqno=1293758 nstreams_done_=15500 config.nstreams=20000 avg_latency=1.2611 ms avg throuhgput (requests/sec) = 79.7131 res=false
*==== INFO ====* req_id_count= 16000 stream_id=63996 latency=1.176930 ms (tx_ts=158994584374059, rx_ts=158994585550989) request_id=1334037 zil_blk_id=63996 ccf_commit_seqno=1334037 nstreams_done_=16000 config.nstreams=20000 avg_latency=1.2614 ms avg throuhgput (requests/sec) = 79.8123 res=false
*==== INFO ====* req_id_count= 16500 stream_id=65996 latency=1.183733 ms (tx_ts=159000600795954, rx_ts=159000601979687) request_id=1374288 zil_blk_id=65996 ccf_commit_seqno=1374289 nstreams_done_=16500 config.nstreams=20000 avg_latency=1.2623 ms avg throuhgput (requests/sec) = 79.9082 res=false
*==== INFO ====* req_id_count= 17000 stream_id=67996 latency=1.228006 ms (tx_ts=159006605825558, rx_ts=159006607053564) request_id=1414545 zil_blk_id=67996 ccf_commit_seqno=1414545 nstreams_done_=17000 config.nstreams=20000 avg_latency=1.2614 ms avg throuhgput (requests/sec) = 80.0030 res=false
*==== INFO ====* req_id_count= 17500 stream_id=69996 latency=1.284375 ms (tx_ts=159012586748937, rx_ts=159012588033312) request_id=1454726 zil_blk_id=69996 ccf_commit_seqno=1454728 nstreams_done_=17500 config.nstreams=20000 avg_latency=1.2606 ms avg throuhgput (requests/sec) = 80.1015 res=false
*==== INFO ====* req_id_count= 18000 stream_id=71996 latency=1.368195 ms (tx_ts=159018589686798, rx_ts=159018591054993) request_id=1494973 zil_blk_id=71996 ccf_commit_seqno=1494975 nstreams_done_=18000 config.nstreams=20000 avg_latency=1.2608 ms avg throuhgput (requests/sec) = 80.1868 res=false
*==== INFO ====* req_id_count= 18500 stream_id=73996 latency=1.175949 ms (tx_ts=159024608895449, rx_ts=159024610071398) request_id=1535262 zil_blk_id=73996 ccf_commit_seqno=1535263 nstreams_done_=18500 config.nstreams=20000 avg_latency=1.2614 ms avg throuhgput (requests/sec) = 80.2621 res=false
*==== INFO ====* req_id_count= 19000 stream_id=75996 latency=1.188031 ms (tx_ts=159030619023309, rx_ts=159030620211340) request_id=1571789 zil_blk_id=75996 ccf_commit_seqno=1571791 nstreams_done_=19000 config.nstreams=20000 avg_latency=1.2612 ms avg throuhgput (requests/sec) = 80.3365 res=false
*==== INFO ====* req_id_count= 19500 stream_id=77996 latency=0.976947 ms (tx_ts=159036637269841, rx_ts=159036638246788) request_id=1591006 zil_blk_id=77996 ccf_commit_seqno=1591006 nstreams_done_=19500 config.nstreams=20000 avg_latency=1.2601 ms avg throuhgput (requests/sec) = 80.4047 res=false
*==== INFO ====* http_end_stream ALL streams done! nstreams_done_=20000 avg_latency=1.2557 msreq_id_count= 20000
*==== INFO ====* req_id_count= 20000 stream_id=79996 latency=0.971227 ms (tx_ts=159042750893945, rx_ts=159042751865172) request_id=1598846 zil_blk_id=79996 ccf_commit_seqno=1598846 nstreams_done_=20000 config.nstreams=20000 avg_latency=1.2557 ms avg throuhgput (requests/sec) = 80.4386 res=true
