Uniform: 116474 268597 157386 559029 435277 
Exponential: -2147483648 -2147483648 -2147483648 -2147483648 -2147483648 
Truncated Normal: 538155 909739 334266 218844 666929 
*==== INFO ====* req_id_count= 500 stream_id=1996 latency=0.813661 ms (tx_ts=158800271584869, rx_ts=158800272398530) request_id=40065 zil_blk_id=1996 ccf_commit_seqno=40065 nstreams_done_=500 config.nstreams=20000 avg_latency=1.1100 ms avg throuhgput (requests/sec) = 80.9354 res=false
*==== INFO ====* req_id_count= 1000 stream_id=3996 latency=1.300141 ms (tx_ts=158806456637631, rx_ts=158806457937772) request_id=80840 zil_blk_id=3996 ccf_commit_seqno=80842 nstreams_done_=1000 config.nstreams=20000 avg_latency=1.1005 ms avg throuhgput (requests/sec) = 80.8845 res=false
*==== INFO ====* req_id_count= 1500 stream_id=5996 latency=1.284092 ms (tx_ts=158812670211629, rx_ts=158812671495721) request_id=121887 zil_blk_id=5996 ccf_commit_seqno=121890 nstreams_done_=1500 config.nstreams=20000 avg_latency=1.1049 ms avg throuhgput (requests/sec) = 80.7456 res=false
*==== INFO ====* req_id_count= 2000 stream_id=7996 latency=1.221002 ms (tx_ts=158818858679315, rx_ts=158818859900317) request_id=162839 zil_blk_id=7996 ccf_commit_seqno=162841 nstreams_done_=2000 config.nstreams=20000 avg_latency=1.1023 ms avg throuhgput (requests/sec) = 80.7583 res=false
*==== INFO ====* req_id_count= 2500 stream_id=9996 latency=0.840838 ms (tx_ts=158825064188951, rx_ts=158825065029789) request_id=203988 zil_blk_id=9996 ccf_commit_seqno=203988 nstreams_done_=2500 config.nstreams=20000 avg_latency=1.1039 ms avg throuhgput (requests/sec) = 80.7222 res=false
*==== INFO ====* req_id_count= 3000 stream_id=11996 latency=1.030296 ms (tx_ts=158831248357992, rx_ts=158831249388288) request_id=245006 zil_blk_id=11996 ccf_commit_seqno=245006 nstreams_done_=3000 config.nstreams=20000 avg_latency=1.1038 ms avg throuhgput (requests/sec) = 80.7434 res=false
*==== INFO ====* req_id_count= 3500 stream_id=13996 latency=0.852975 ms (tx_ts=158837428850657, rx_ts=158837429703632) request_id=286009 zil_blk_id=13996 ccf_commit_seqno=286009 nstreams_done_=3500 config.nstreams=20000 avg_latency=1.1020 ms avg throuhgput (requests/sec) = 80.7660 res=false
*==== INFO ====* req_id_count= 4000 stream_id=15996 latency=1.147245 ms (tx_ts=158843613835008, rx_ts=158843614982253) request_id=327113 zil_blk_id=15996 ccf_commit_seqno=327115 nstreams_done_=4000 config.nstreams=20000 avg_latency=1.1026 ms avg throuhgput (requests/sec) = 80.7749 res=false
*==== INFO ====* req_id_count= 4500 stream_id=17996 latency=1.321125 ms (tx_ts=158849804537504, rx_ts=158849805858629) request_id=368241 zil_blk_id=17996 ccf_commit_seqno=368247 nstreams_done_=4500 config.nstreams=20000 avg_latency=1.1029 ms avg throuhgput (requests/sec) = 80.7737 res=false
*==== INFO ====* req_id_count= 5000 stream_id=19996 latency=0.827202 ms (tx_ts=158855981308022, rx_ts=158855982135224) request_id=409313 zil_blk_id=19996 ccf_commit_seqno=409313 nstreams_done_=5000 config.nstreams=20000 avg_latency=1.1020 ms avg throuhgput (requests/sec) = 80.7918 res=false
*==== INFO ====* req_id_count= 5500 stream_id=21996 latency=0.942742 ms (tx_ts=158862165558410, rx_ts=158862166501152) request_id=450462 zil_blk_id=21996 ccf_commit_seqno=450463 nstreams_done_=5500 config.nstreams=20000 avg_latency=1.1011 ms avg throuhgput (requests/sec) = 80.7970 res=false
*==== INFO ====* req_id_count= 6000 stream_id=23996 latency=1.222896 ms (tx_ts=158868363349024, rx_ts=158868364571920) request_id=491637 zil_blk_id=23996 ccf_commit_seqno=491638 nstreams_done_=6000 config.nstreams=20000 avg_latency=1.1024 ms avg throuhgput (requests/sec) = 80.7864 res=false
*==== INFO ====* req_id_count= 6500 stream_id=25996 latency=0.820564 ms (tx_ts=158874564320121, rx_ts=158874565140685) request_id=532863 zil_blk_id=25996 ccf_commit_seqno=532863 nstreams_done_=6500 config.nstreams=20000 avg_latency=1.1030 ms avg throuhgput (requests/sec) = 80.7749 res=false
*==== INFO ====* req_id_count= 7000 stream_id=27996 latency=1.251550 ms (tx_ts=158880773227221, rx_ts=158880774478771) request_id=574227 zil_blk_id=27996 ccf_commit_seqno=574229 nstreams_done_=7000 config.nstreams=20000 avg_latency=1.1046 ms avg throuhgput (requests/sec) = 80.7569 res=false
*==== INFO ====* req_id_count= 7500 stream_id=29996 latency=0.995361 ms (tx_ts=158886988657665, rx_ts=158886989653026) request_id=615541 zil_blk_id=29996 ccf_commit_seqno=615543 nstreams_done_=7500 config.nstreams=20000 avg_latency=1.1060 ms avg throuhgput (requests/sec) = 80.7363 res=false
*==== INFO ====* req_id_count= 8000 stream_id=31996 latency=0.818230 ms (tx_ts=158893157783963, rx_ts=158893158602193) request_id=656701 zil_blk_id=31996 ccf_commit_seqno=656701 nstreams_done_=8000 config.nstreams=20000 avg_latency=1.1045 ms avg throuhgput (requests/sec) = 80.7559 res=false
*==== INFO ====* req_id_count= 8500 stream_id=33996 latency=0.958311 ms (tx_ts=158899350596927, rx_ts=158899351555238) request_id=697960 zil_blk_id=33996 ccf_commit_seqno=697960 nstreams_done_=8500 config.nstreams=20000 avg_latency=1.1037 ms avg throuhgput (requests/sec) = 80.7548 res=false
*==== INFO ====* req_id_count= 9000 stream_id=35996 latency=1.346287 ms (tx_ts=158905564609310, rx_ts=158905565955597) request_id=739361 zil_blk_id=35996 ccf_commit_seqno=739363 nstreams_done_=9000 config.nstreams=20000 avg_latency=1.1037 ms avg throuhgput (requests/sec) = 80.7383 res=false
*==== INFO ====* req_id_count= 9500 stream_id=37996 latency=1.291574 ms (tx_ts=158911702357420, rx_ts=158911703648994) request_id=780310 zil_blk_id=37996 ccf_commit_seqno=780316 nstreams_done_=9500 config.nstreams=20000 avg_latency=1.1044 ms avg throuhgput (requests/sec) = 80.7761 res=false
*==== INFO ====* req_id_count= 10000 stream_id=39996 latency=1.134021 ms (tx_ts=158917846540431, rx_ts=158917847674452) request_id=821243 zil_blk_id=39996 ccf_commit_seqno=821244 nstreams_done_=10000 config.nstreams=20000 avg_latency=1.1069 ms avg throuhgput (requests/sec) = 80.8061 res=false
*==== INFO ====* req_id_count= 10500 stream_id=41996 latency=1.192375 ms (tx_ts=158923974491024, rx_ts=158923975683399) request_id=862155 zil_blk_id=41996 ccf_commit_seqno=862156 nstreams_done_=10500 config.nstreams=20000 avg_latency=1.1070 ms avg throuhgput (requests/sec) = 80.8432 res=false
*==== INFO ====* req_id_count= 11000 stream_id=43996 latency=1.200052 ms (tx_ts=158930084473809, rx_ts=158930085673861) request_id=903055 zil_blk_id=43996 ccf_commit_seqno=903059 nstreams_done_=11000 config.nstreams=20000 avg_latency=1.1057 ms avg throuhgput (requests/sec) = 80.8877 res=false
*==== INFO ====* req_id_count= 11500 stream_id=45996 latency=1.116097 ms (tx_ts=158936167908008, rx_ts=158936169024105) request_id=943754 zil_blk_id=45996 ccf_commit_seqno=943758 nstreams_done_=11500 config.nstreams=20000 avg_latency=1.1043 ms avg throuhgput (requests/sec) = 80.9435 res=false
*==== INFO ====* req_id_count= 12000 stream_id=47996 latency=1.106032 ms (tx_ts=158942290025252, rx_ts=158942291131284) request_id=984644 zil_blk_id=47996 ccf_commit_seqno=984644 nstreams_done_=12000 config.nstreams=20000 avg_latency=1.1049 ms avg throuhgput (requests/sec) = 80.9736 res=false
*==== INFO ====* req_id_count= 12500 stream_id=49996 latency=1.314498 ms (tx_ts=158948372373768, rx_ts=158948373688266) request_id=1025226 zil_blk_id=49996 ccf_commit_seqno=1025226 nstreams_done_=12500 config.nstreams=20000 avg_latency=1.1057 ms avg throuhgput (requests/sec) = 81.0220 res=false
*==== INFO ====* req_id_count= 13000 stream_id=51996 latency=1.233415 ms (tx_ts=158954499098881, rx_ts=158954500332296) request_id=1066067 zil_blk_id=51996 ccf_commit_seqno=1066068 nstreams_done_=13000 config.nstreams=20000 avg_latency=1.1068 ms avg throuhgput (requests/sec) = 81.0445 res=false
*==== INFO ====* req_id_count= 13500 stream_id=53996 latency=1.486551 ms (tx_ts=158960619089239, rx_ts=158960620575790) request_id=1106958 zil_blk_id=53996 ccf_commit_seqno=1106963 nstreams_done_=13500 config.nstreams=20000 avg_latency=1.1079 ms avg throuhgput (requests/sec) = 81.0684 res=false
*==== INFO ====* req_id_count= 14000 stream_id=55996 latency=1.179285 ms (tx_ts=158966613087677, rx_ts=158966614266962) request_id=1146984 zil_blk_id=55996 ccf_commit_seqno=1146985 nstreams_done_=14000 config.nstreams=20000 avg_latency=1.1085 ms avg throuhgput (requests/sec) = 81.1502 res=false
*==== INFO ====* req_id_count= 14500 stream_id=57996 latency=1.225369 ms (tx_ts=158972603101579, rx_ts=158972604326948) request_id=1187063 zil_blk_id=57996 ccf_commit_seqno=1187068 nstreams_done_=14500 config.nstreams=20000 avg_latency=1.1088 ms avg throuhgput (requests/sec) = 81.2281 res=false
*==== INFO ====* req_id_count= 15000 stream_id=59996 latency=0.907247 ms (tx_ts=158978616153027, rx_ts=158978617060274) request_id=1227252 zil_blk_id=59996 ccf_commit_seqno=1227252 nstreams_done_=15000 config.nstreams=20000 avg_latency=1.1096 ms avg throuhgput (requests/sec) = 81.2909 res=false
*==== INFO ====* req_id_count= 15500 stream_id=61996 latency=1.034915 ms (tx_ts=158984628393526, rx_ts=158984629428441) request_id=1267444 zil_blk_id=61996 ccf_commit_seqno=1267446 nstreams_done_=15500 config.nstreams=20000 avg_latency=1.1101 ms avg throuhgput (requests/sec) = 81.3500 res=false
*==== INFO ====* req_id_count= 16000 stream_id=63996 latency=1.327973 ms (tx_ts=158990638938156, rx_ts=158990640266129) request_id=1307637 zil_blk_id=63996 ccf_commit_seqno=1307639 nstreams_done_=16000 config.nstreams=20000 avg_latency=1.1103 ms avg throuhgput (requests/sec) = 81.4060 res=false
*==== INFO ====* req_id_count= 16500 stream_id=65996 latency=0.862843 ms (tx_ts=158996630554334, rx_ts=158996631417177) request_id=1347731 zil_blk_id=65996 ccf_commit_seqno=1347731 nstreams_done_=16500 config.nstreams=20000 avg_latency=1.1097 ms avg throuhgput (requests/sec) = 81.4667 res=false
*==== INFO ====* req_id_count= 17000 stream_id=67996 latency=0.969492 ms (tx_ts=159002624374605, rx_ts=159002625344097) request_id=1387894 zil_blk_id=67996 ccf_commit_seqno=1387894 nstreams_done_=17000 config.nstreams=20000 avg_latency=1.1095 ms avg throuhgput (requests/sec) = 81.5228 res=false
*==== INFO ====* req_id_count= 17500 stream_id=69996 latency=0.965485 ms (tx_ts=159008629977271, rx_ts=159008630942756) request_id=1428153 zil_blk_id=69996 ccf_commit_seqno=1428156 nstreams_done_=17500 config.nstreams=20000 avg_latency=1.1093 ms avg throuhgput (requests/sec) = 81.5713 res=false
*==== INFO ====* req_id_count= 18000 stream_id=71996 latency=1.203320 ms (tx_ts=159014608067229, rx_ts=159014609270549) request_id=1468270 zil_blk_id=71996 ccf_commit_seqno=1468275 nstreams_done_=18000 config.nstreams=20000 avg_latency=1.1084 ms avg throuhgput (requests/sec) = 81.6272 res=false
*==== INFO ====* req_id_count= 18500 stream_id=73996 latency=1.070061 ms (tx_ts=159020590410547, rx_ts=159020591480608) request_id=1508364 zil_blk_id=73996 ccf_commit_seqno=1508366 nstreams_done_=18500 config.nstreams=20000 avg_latency=1.1078 ms avg throuhgput (requests/sec) = 81.6788 res=false
*==== INFO ====* req_id_count= 19000 stream_id=75996 latency=0.877687 ms (tx_ts=159026578176192, rx_ts=159026579053879) request_id=1548397 zil_blk_id=75996 ccf_commit_seqno=1548397 nstreams_done_=19000 config.nstreams=20000 avg_latency=1.1077 ms avg throuhgput (requests/sec) = 81.7259 res=false
*==== INFO ====* req_id_count= 19500 stream_id=77996 latency=1.237775 ms (tx_ts=159032563055158, rx_ts=159032564292933) request_id=1579970 zil_blk_id=77996 ccf_commit_seqno=1579972 nstreams_done_=19500 config.nstreams=20000 avg_latency=1.1070 ms avg throuhgput (requests/sec) = 81.7714 res=false
*==== INFO ====* http_end_stream ALL streams done! nstreams_done_=20000 avg_latency=1.1044 msreq_id_count= 20000
*==== INFO ====* req_id_count= 20000 stream_id=79996 latency=0.963451 ms (tx_ts=159038542447705, rx_ts=159038543411156) request_id=1594576 zil_blk_id=79996 ccf_commit_seqno=1594576 nstreams_done_=20000 config.nstreams=20000 avg_latency=1.1044 ms avg throuhgput (requests/sec) = 81.8167 res=true
