Uniform: 986772 460749 839513 354795 705296 
Exponential: -2147483648 -2147483648 -2147483648 -2147483648 -2147483648 
Truncated Normal: 449973 606471 910206 713879 901765 
*==== INFO ====* req_id_count= 500 stream_id=1996 latency=1.111318 ms (tx_ts=158800430452106, rx_ts=158800431563424) request_id=41099 zil_blk_id=1996 ccf_commit_seqno=41099 nstreams_done_=500 config.nstreams=20000 avg_latency=1.3231 ms avg throuhgput (requests/sec) = 79.1710 res=false
*==== INFO ====* req_id_count= 1000 stream_id=3996 latency=1.135173 ms (tx_ts=158806748846129, rx_ts=158806749981302) request_id=82761 zil_blk_id=3996 ccf_commit_seqno=82761 nstreams_done_=1000 config.nstreams=20000 avg_latency=1.3175 ms avg throuhgput (requests/sec) = 79.1523 res=false
*==== INFO ====* req_id_count= 1500 stream_id=5996 latency=1.406612 ms (tx_ts=158813072762104, rx_ts=158813074168716) request_id=124521 zil_blk_id=5996 ccf_commit_seqno=124526 nstreams_done_=1500 config.nstreams=20000 avg_latency=1.3139 ms avg throuhgput (requests/sec) = 79.1221 res=false
*==== INFO ====* req_id_count= 2000 stream_id=7996 latency=1.002474 ms (tx_ts=158819392201544, rx_ts=158819393204018) request_id=166370 zil_blk_id=7996 ccf_commit_seqno=166370 nstreams_done_=2000 config.nstreams=20000 avg_latency=1.3129 ms avg throuhgput (requests/sec) = 79.1230 res=false
*==== INFO ====* req_id_count= 2500 stream_id=9996 latency=1.609274 ms (tx_ts=158825685580256, rx_ts=158825687189530) request_id=208106 zil_blk_id=9996 ccf_commit_seqno=208107 nstreams_done_=2500 config.nstreams=20000 avg_latency=1.3094 ms avg throuhgput (requests/sec) = 79.1864 res=false
*==== INFO ====* req_id_count= 3000 stream_id=11996 latency=1.333477 ms (tx_ts=158831999991149, rx_ts=158832001324626) request_id=249972 zil_blk_id=11996 ccf_commit_seqno=249973 nstreams_done_=3000 config.nstreams=20000 avg_latency=1.3080 ms avg throuhgput (requests/sec) = 79.1866 res=false
*==== INFO ====* req_id_count= 3500 stream_id=13996 latency=0.991974 ms (tx_ts=158838303614812, rx_ts=158838304606786) request_id=291815 zil_blk_id=13996 ccf_commit_seqno=291815 nstreams_done_=3500 config.nstreams=20000 avg_latency=1.3092 ms avg throuhgput (requests/sec) = 79.2061 res=false
*==== INFO ====* req_id_count= 4000 stream_id=15996 latency=1.247203 ms (tx_ts=158844587018146, rx_ts=158844588265349) request_id=333558 zil_blk_id=15996 ccf_commit_seqno=333558 nstreams_done_=4000 config.nstreams=20000 avg_latency=1.3039 ms avg throuhgput (requests/sec) = 79.2516 res=false
*==== INFO ====* req_id_count= 4500 stream_id=17996 latency=1.356406 ms (tx_ts=158850902058995, rx_ts=158850903415401) request_id=375523 zil_blk_id=17996 ccf_commit_seqno=375525 nstreams_done_=4500 config.nstreams=20000 avg_latency=1.3009 ms avg throuhgput (requests/sec) = 79.2431 res=false
*==== INFO ====* req_id_count= 5000 stream_id=19996 latency=1.390890 ms (tx_ts=158857194566214, rx_ts=158857195957104) request_id=417388 zil_blk_id=19996 ccf_commit_seqno=417390 nstreams_done_=5000 config.nstreams=20000 avg_latency=1.2984 ms avg throuhgput (requests/sec) = 79.2646 res=false
*==== INFO ====* req_id_count= 5500 stream_id=21996 latency=1.361045 ms (tx_ts=158863482982753, rx_ts=158863484343798) request_id=459209 zil_blk_id=21996 ccf_commit_seqno=459212 nstreams_done_=5500 config.nstreams=20000 avg_latency=1.2964 ms avg throuhgput (requests/sec) = 79.2870 res=false
*==== INFO ====* req_id_count= 6000 stream_id=23996 latency=1.361475 ms (tx_ts=158869783931495, rx_ts=158869785292970) request_id=501090 zil_blk_id=23996 ccf_commit_seqno=501091 nstreams_done_=6000 config.nstreams=20000 avg_latency=1.2968 ms avg throuhgput (requests/sec) = 79.2925 res=false
*==== INFO ====* req_id_count= 6500 stream_id=25996 latency=1.497028 ms (tx_ts=158876094685666, rx_ts=158876096182694) request_id=543081 zil_blk_id=25996 ccf_commit_seqno=543082 nstreams_done_=6500 config.nstreams=20000 avg_latency=1.2979 ms avg throuhgput (requests/sec) = 79.2876 res=false
*==== INFO ====* req_id_count= 7000 stream_id=27996 latency=1.182611 ms (tx_ts=158882420742510, rx_ts=158882421925121) request_id=585119 zil_blk_id=27996 ccf_commit_seqno=585121 nstreams_done_=7000 config.nstreams=20000 avg_latency=1.3007 ms avg throuhgput (requests/sec) = 79.2700 res=false
*==== INFO ====* req_id_count= 7500 stream_id=29996 latency=1.376785 ms (tx_ts=158888708169159, rx_ts=158888709545944) request_id=627025 zil_blk_id=29996 ccf_commit_seqno=627030 nstreams_done_=7500 config.nstreams=20000 avg_latency=1.3018 ms avg throuhgput (requests/sec) = 79.2867 res=false
*==== INFO ====* req_id_count= 8000 stream_id=31996 latency=1.017322 ms (tx_ts=158894992384497, rx_ts=158894993401819) request_id=668918 zil_blk_id=31996 ccf_commit_seqno=668918 nstreams_done_=8000 config.nstreams=20000 avg_latency=1.3012 ms avg throuhgput (requests/sec) = 79.3043 res=false
*==== INFO ====* req_id_count= 8500 stream_id=33996 latency=1.064982 ms (tx_ts=158901280316025, rx_ts=158901281381007) request_id=710807 zil_blk_id=33996 ccf_commit_seqno=710807 nstreams_done_=8500 config.nstreams=20000 avg_latency=1.3024 ms avg throuhgput (requests/sec) = 79.3167 res=false
*==== INFO ====* req_id_count= 9000 stream_id=35996 latency=1.440047 ms (tx_ts=158907601597638, rx_ts=158907603037685) request_id=752925 zil_blk_id=35996 ccf_commit_seqno=752928 nstreams_done_=9000 config.nstreams=20000 avg_latency=1.3048 ms avg throuhgput (requests/sec) = 79.3043 res=false
*==== INFO ====* req_id_count= 9500 stream_id=37996 latency=1.211648 ms (tx_ts=158913872943882, rx_ts=158913874155530) request_id=794760 zil_blk_id=37996 ccf_commit_seqno=794761 nstreams_done_=9500 config.nstreams=20000 avg_latency=1.3043 ms avg throuhgput (requests/sec) = 79.3266 res=false
*==== INFO ====* req_id_count= 10000 stream_id=39996 latency=1.105805 ms (tx_ts=158920172668241, rx_ts=158920173774046) request_id=836748 zil_blk_id=39996 ccf_commit_seqno=836749 nstreams_done_=10000 config.nstreams=20000 avg_latency=1.3040 ms avg throuhgput (requests/sec) = 79.3288 res=false
*==== INFO ====* req_id_count= 10500 stream_id=41996 latency=1.520073 ms (tx_ts=158926439785929, rx_ts=158926441306002) request_id=878667 zil_blk_id=41996 ccf_commit_seqno=878672 nstreams_done_=10500 config.nstreams=20000 avg_latency=1.3023 ms avg throuhgput (requests/sec) = 79.3500 res=false
*==== INFO ====* req_id_count= 11000 stream_id=43996 latency=1.087583 ms (tx_ts=158932731449288, rx_ts=158932732536871) request_id=920768 zil_blk_id=43996 ccf_commit_seqno=920768 nstreams_done_=11000 config.nstreams=20000 avg_latency=1.3010 ms avg throuhgput (requests/sec) = 79.3557 res=false
*==== INFO ====* req_id_count= 11500 stream_id=45996 latency=1.012125 ms (tx_ts=158939007700961, rx_ts=158939008713086) request_id=962708 zil_blk_id=45996 ccf_commit_seqno=962708 nstreams_done_=11500 config.nstreams=20000 avg_latency=1.2995 ms avg throuhgput (requests/sec) = 79.3691 res=false
*==== INFO ====* req_id_count= 12000 stream_id=47996 latency=1.543927 ms (tx_ts=158945299257626, rx_ts=158945300801553) request_id=1004739 zil_blk_id=47996 ccf_commit_seqno=1004742 nstreams_done_=12000 config.nstreams=20000 avg_latency=1.2988 ms avg throuhgput (requests/sec) = 79.3731 res=false
*==== INFO ====* req_id_count= 12500 stream_id=49996 latency=1.128625 ms (tx_ts=158951587402523, rx_ts=158951588531148) request_id=1046731 zil_blk_id=49996 ccf_commit_seqno=1046732 nstreams_done_=12500 config.nstreams=20000 avg_latency=1.2982 ms avg throuhgput (requests/sec) = 79.3790 res=false
*==== INFO ====* req_id_count= 13000 stream_id=51996 latency=1.424854 ms (tx_ts=158957905329879, rx_ts=158957906754733) request_id=1088804 zil_blk_id=51996 ccf_commit_seqno=1088808 nstreams_done_=13000 config.nstreams=20000 avg_latency=1.2992 ms avg throuhgput (requests/sec) = 79.3696 res=false
*==== INFO ====* req_id_count= 13500 stream_id=53996 latency=1.319648 ms (tx_ts=158964205944227, rx_ts=158964207263875) request_id=1130907 zil_blk_id=53996 ccf_commit_seqno=1130908 nstreams_done_=13500 config.nstreams=20000 avg_latency=1.2987 ms avg throuhgput (requests/sec) = 79.3692 res=false
*==== INFO ====* req_id_count= 14000 stream_id=55996 latency=1.069171 ms (tx_ts=158970504462510, rx_ts=158970505531681) request_id=1173006 zil_blk_id=55996 ccf_commit_seqno=1173007 nstreams_done_=14000 config.nstreams=20000 avg_latency=1.2986 ms avg throuhgput (requests/sec) = 79.3698 res=false
*==== INFO ====* req_id_count= 14500 stream_id=57996 latency=0.975534 ms (tx_ts=158976785586988, rx_ts=158976786562522) request_id=1214997 zil_blk_id=57996 ccf_commit_seqno=1214997 nstreams_done_=14500 config.nstreams=20000 avg_latency=1.2977 ms avg throuhgput (requests/sec) = 79.3779 res=false
*==== INFO ====* req_id_count= 15000 stream_id=59996 latency=1.013515 ms (tx_ts=158983087405439, rx_ts=158983088418954) request_id=1257163 zil_blk_id=59996 ccf_commit_seqno=1257163 nstreams_done_=15000 config.nstreams=20000 avg_latency=1.2970 ms avg throuhgput (requests/sec) = 79.3767 res=false
*==== INFO ====* req_id_count= 15500 stream_id=61996 latency=1.276247 ms (tx_ts=158989388921561, rx_ts=158989390197808) request_id=1299295 zil_blk_id=61996 ccf_commit_seqno=1299297 nstreams_done_=15500 config.nstreams=20000 avg_latency=1.2975 ms avg throuhgput (requests/sec) = 79.3756 res=false
*==== INFO ====* req_id_count= 16000 stream_id=63996 latency=1.198491 ms (tx_ts=158995691626216, rx_ts=158995692824707) request_id=1341455 zil_blk_id=63996 ccf_commit_seqno=1341456 nstreams_done_=16000 config.nstreams=20000 avg_latency=1.2973 ms avg throuhgput (requests/sec) = 79.3743 res=false
*==== INFO ====* req_id_count= 16500 stream_id=65996 latency=1.324947 ms (tx_ts=159001995890502, rx_ts=159001997215449) request_id=1383667 zil_blk_id=65996 ccf_commit_seqno=1383671 nstreams_done_=16500 config.nstreams=20000 avg_latency=1.2973 ms avg throuhgput (requests/sec) = 79.3723 res=false
*==== INFO ====* req_id_count= 17000 stream_id=67996 latency=1.064380 ms (tx_ts=159008271621928, rx_ts=159008272686308) request_id=1425740 zil_blk_id=67996 ccf_commit_seqno=1425740 nstreams_done_=17000 config.nstreams=20000 avg_latency=1.2965 ms avg throuhgput (requests/sec) = 79.3812 res=false
*==== INFO ====* req_id_count= 17500 stream_id=69996 latency=1.618446 ms (tx_ts=159014550684145, rx_ts=159014552302591) request_id=1467888 zil_blk_id=69996 ccf_commit_seqno=1467893 nstreams_done_=17500 config.nstreams=20000 avg_latency=1.2958 ms avg throuhgput (requests/sec) = 79.3881 res=false
*==== INFO ====* req_id_count= 18000 stream_id=71996 latency=1.457598 ms (tx_ts=159020855280580, rx_ts=159020856738178) request_id=1510134 zil_blk_id=71996 ccf_commit_seqno=1510137 nstreams_done_=18000 config.nstreams=20000 avg_latency=1.2963 ms avg throuhgput (requests/sec) = 79.3859 res=false
*==== INFO ====* req_id_count= 18500 stream_id=73996 latency=1.416509 ms (tx_ts=159027155223132, rx_ts=159027156639641) request_id=1552157 zil_blk_id=73996 ccf_commit_seqno=1552163 nstreams_done_=18500 config.nstreams=20000 avg_latency=1.2966 ms avg throuhgput (requests/sec) = 79.3853 res=false
*==== INFO ====* req_id_count= 19000 stream_id=75996 latency=1.388897 ms (tx_ts=159033456589212, rx_ts=159033457978109) request_id=1583088 zil_blk_id=75996 ccf_commit_seqno=1583089 nstreams_done_=19000 config.nstreams=20000 avg_latency=1.2963 ms avg throuhgput (requests/sec) = 79.3844 res=false
*==== INFO ====* req_id_count= 19500 stream_id=77996 latency=1.070181 ms (tx_ts=159039709229943, rx_ts=159039710300124) request_id=1596026 zil_blk_id=77996 ccf_commit_seqno=1596026 nstreams_done_=19500 config.nstreams=20000 avg_latency=1.2952 ms avg throuhgput (requests/sec) = 79.3993 res=false
*==== INFO ====* http_end_stream ALL streams done! nstreams_done_=20000 avg_latency=1.2909 msreq_id_count= 20000
*==== INFO ====* req_id_count= 20000 stream_id=79996 latency=1.444981 ms (tx_ts=159045934816204, rx_ts=159045936261185) request_id=1599988 zil_blk_id=79996 ccf_commit_seqno=1599988 nstreams_done_=20000 config.nstreams=20000 avg_latency=1.2909 ms avg throuhgput (requests/sec) = 79.4218 res=true
