Uniform: 572188 504680 25572 527700 460882 
Exponential: -2147483648 -2147483648 -2147483648 -2147483648 -2147483648 
Truncated Normal: 757628 599162 561809 334190 627727 
*==== INFO ====* req_id_count= 500 stream_id=1996 latency=1.117379 ms (tx_ts=158800444531451, rx_ts=158800445648830) request_id=41193 zil_blk_id=1996 ccf_commit_seqno=41193 nstreams_done_=500 config.nstreams=20000 avg_latency=1.3359 ms avg throuhgput (requests/sec) = 79.0279 res=false
*==== INFO ====* req_id_count= 1000 stream_id=3996 latency=1.439621 ms (tx_ts=158806796501411, rx_ts=158806797941032) request_id=83078 zil_blk_id=3996 ccf_commit_seqno=83079 nstreams_done_=1000 config.nstreams=20000 avg_latency=1.3336 ms avg throuhgput (requests/sec) = 78.8695 res=false
*==== INFO ====* req_id_count= 1500 stream_id=5996 latency=1.153587 ms (tx_ts=158813141297546, rx_ts=158813142451133) request_id=124975 zil_blk_id=5996 ccf_commit_seqno=124975 nstreams_done_=1500 config.nstreams=20000 avg_latency=1.3343 ms avg throuhgput (requests/sec) = 78.8491 res=false
*==== INFO ====* req_id_count= 2000 stream_id=7996 latency=1.019342 ms (tx_ts=158819458706573, rx_ts=158819459725915) request_id=166812 zil_blk_id=7996 ccf_commit_seqno=166812 nstreams_done_=2000 config.nstreams=20000 avg_latency=1.3304 ms avg throuhgput (requests/sec) = 78.9236 res=false
*==== INFO ====* req_id_count= 2500 stream_id=9996 latency=1.394101 ms (tx_ts=158825779188765, rx_ts=158825780582866) request_id=208729 zil_blk_id=9996 ccf_commit_seqno=208729 nstreams_done_=2500 config.nstreams=20000 avg_latency=1.3309 ms avg throuhgput (requests/sec) = 78.9595 res=false
*==== INFO ====* req_id_count= 3000 stream_id=11996 latency=1.280805 ms (tx_ts=158832089109650, rx_ts=158832090390455) request_id=250550 zil_blk_id=11996 ccf_commit_seqno=250551 nstreams_done_=3000 config.nstreams=20000 avg_latency=1.3280 ms avg throuhgput (requests/sec) = 79.0064 res=false
*==== INFO ====* req_id_count= 3500 stream_id=13996 latency=1.232304 ms (tx_ts=158838420786753, rx_ts=158838422019057) request_id=292592 zil_blk_id=13996 ccf_commit_seqno=292596 nstreams_done_=3500 config.nstreams=20000 avg_latency=1.3284 ms avg throuhgput (requests/sec) = 79.0010 res=false
*==== INFO ====* req_id_count= 4000 stream_id=15996 latency=1.037119 ms (tx_ts=158844745445347, rx_ts=158844746482466) request_id=334612 zil_blk_id=15996 ccf_commit_seqno=334612 nstreams_done_=4000 config.nstreams=20000 avg_latency=1.3271 ms avg throuhgput (requests/sec) = 79.0081 res=false
*==== INFO ====* req_id_count= 4500 stream_id=17996 latency=1.215552 ms (tx_ts=158851047341686, rx_ts=158851048557238) request_id=376494 zil_blk_id=17996 ccf_commit_seqno=376495 nstreams_done_=4500 config.nstreams=20000 avg_latency=1.3237 ms avg throuhgput (requests/sec) = 79.0447 res=false
*==== INFO ====* req_id_count= 5000 stream_id=19996 latency=1.162574 ms (tx_ts=158857361729099, rx_ts=158857362891673) request_id=418498 zil_blk_id=19996 ccf_commit_seqno=418498 nstreams_done_=5000 config.nstreams=20000 avg_latency=1.3210 ms avg throuhgput (requests/sec) = 79.0587 res=false
*==== INFO ====* req_id_count= 5500 stream_id=21996 latency=1.425283 ms (tx_ts=158863683092202, rx_ts=158863684517485) request_id=460551 zil_blk_id=21996 ccf_commit_seqno=460551 nstreams_done_=5500 config.nstreams=20000 avg_latency=1.3195 ms avg throuhgput (requests/sec) = 79.0619 res=false
*==== INFO ====* req_id_count= 6000 stream_id=23996 latency=1.392584 ms (tx_ts=158870020453077, rx_ts=158870021845661) request_id=502666 zil_blk_id=23996 ccf_commit_seqno=502668 nstreams_done_=6000 config.nstreams=20000 avg_latency=1.3207 ms avg throuhgput (requests/sec) = 79.0482 res=false
*==== INFO ====* req_id_count= 6500 stream_id=25996 latency=1.455461 ms (tx_ts=158876334540663, rx_ts=158876335996124) request_id=544649 zil_blk_id=25996 ccf_commit_seqno=544651 nstreams_done_=6500 config.nstreams=20000 avg_latency=1.3206 ms avg throuhgput (requests/sec) = 79.0589 res=false
*==== INFO ====* req_id_count= 7000 stream_id=27996 latency=1.420496 ms (tx_ts=158882682189165, rx_ts=158882683609661) request_id=586846 zil_blk_id=27996 ccf_commit_seqno=586849 nstreams_done_=7000 config.nstreams=20000 avg_latency=1.3227 ms avg throuhgput (requests/sec) = 79.0381 res=false
*==== INFO ====* req_id_count= 7500 stream_id=29996 latency=1.122098 ms (tx_ts=158888995262858, rx_ts=158888996384956) request_id=628945 zil_blk_id=29996 ccf_commit_seqno=628945 nstreams_done_=7500 config.nstreams=20000 avg_latency=1.3232 ms avg throuhgput (requests/sec) = 79.0492 res=false
*==== INFO ====* req_id_count= 8000 stream_id=31996 latency=1.336048 ms (tx_ts=158895315687374, rx_ts=158895317023422) request_id=671074 zil_blk_id=31996 ccf_commit_seqno=671076 nstreams_done_=8000 config.nstreams=20000 avg_latency=1.3235 ms avg throuhgput (requests/sec) = 79.0527 res=false
*==== INFO ====* req_id_count= 8500 stream_id=33996 latency=1.333544 ms (tx_ts=158901634815855, rx_ts=158901636149399) request_id=713184 zil_blk_id=33996 ccf_commit_seqno=713184 nstreams_done_=8500 config.nstreams=20000 avg_latency=1.3234 ms avg throuhgput (requests/sec) = 79.0570 res=false
*==== INFO ====* req_id_count= 9000 stream_id=35996 latency=1.412261 ms (tx_ts=158907992182429, rx_ts=158907993594690) request_id=755537 zil_blk_id=35996 ccf_commit_seqno=755538 nstreams_done_=9000 config.nstreams=20000 avg_latency=1.3265 ms avg throuhgput (requests/sec) = 79.0341 res=false
*==== INFO ====* req_id_count= 9500 stream_id=37996 latency=1.570165 ms (tx_ts=158914333623944, rx_ts=158914335194109) request_id=797822 zil_blk_id=37996 ccf_commit_seqno=797824 nstreams_done_=9500 config.nstreams=20000 avg_latency=1.3283 ms avg throuhgput (requests/sec) = 79.0241 res=false
*==== INFO ====* req_id_count= 10000 stream_id=39996 latency=1.374025 ms (tx_ts=158920650075126, rx_ts=158920651449151) request_id=839932 zil_blk_id=39996 ccf_commit_seqno=839936 nstreams_done_=10000 config.nstreams=20000 avg_latency=1.3279 ms avg throuhgput (requests/sec) = 79.0310 res=false
*==== INFO ====* req_id_count= 10500 stream_id=41996 latency=1.403835 ms (tx_ts=158926958268221, rx_ts=158926959672056) request_id=882135 zil_blk_id=41996 ccf_commit_seqno=882139 nstreams_done_=10500 config.nstreams=20000 avg_latency=1.3268 ms avg throuhgput (requests/sec) = 79.0419 res=false
*==== INFO ====* req_id_count= 11000 stream_id=43996 latency=1.277588 ms (tx_ts=158933251051619, rx_ts=158933252329207) request_id=924236 zil_blk_id=43996 ccf_commit_seqno=924239 nstreams_done_=11000 config.nstreams=20000 avg_latency=1.3250 ms avg throuhgput (requests/sec) = 79.0607 res=false
*==== INFO ====* req_id_count= 11500 stream_id=45996 latency=1.194814 ms (tx_ts=158939554653760, rx_ts=158939555848574) request_id=966364 zil_blk_id=45996 ccf_commit_seqno=966365 nstreams_done_=11500 config.nstreams=20000 avg_latency=1.3241 ms avg throuhgput (requests/sec) = 79.0720 res=false
*==== INFO ====* req_id_count= 12000 stream_id=47996 latency=1.136976 ms (tx_ts=158945873502891, rx_ts=158945874639867) request_id=1008573 zil_blk_id=47996 ccf_commit_seqno=1008573 nstreams_done_=12000 config.nstreams=20000 avg_latency=1.3239 ms avg throuhgput (requests/sec) = 79.0744 res=false
*==== INFO ====* req_id_count= 12500 stream_id=49996 latency=1.123008 ms (tx_ts=158952165586898, rx_ts=158952166709906) request_id=1050435 zil_blk_id=49996 ccf_commit_seqno=1050435 nstreams_done_=12500 config.nstreams=20000 avg_latency=1.3256 ms avg throuhgput (requests/sec) = 79.0899 res=false
*==== INFO ====* req_id_count= 13000 stream_id=51996 latency=2.031688 ms (tx_ts=158958326787945, rx_ts=158958328819633) request_id=1091625 zil_blk_id=51996 ccf_commit_seqno=1091627 nstreams_done_=13000 config.nstreams=20000 avg_latency=1.3253 ms avg throuhgput (requests/sec) = 79.1669 res=false
*==== INFO ====* req_id_count= 13500 stream_id=53996 latency=1.276948 ms (tx_ts=158964488630023, rx_ts=158964489906971) request_id=1132796 zil_blk_id=53996 ccf_commit_seqno=1132796 nstreams_done_=13500 config.nstreams=20000 avg_latency=1.3247 ms avg throuhgput (requests/sec) = 79.2388 res=false
*==== INFO ====* req_id_count= 14000 stream_id=55996 latency=1.171995 ms (tx_ts=158970684817408, rx_ts=158970685989403) request_id=1174207 zil_blk_id=55996 ccf_commit_seqno=1174209 nstreams_done_=14000 config.nstreams=20000 avg_latency=1.3254 ms avg throuhgput (requests/sec) = 79.2899 res=false
*==== INFO ====* req_id_count= 14500 stream_id=57996 latency=1.413911 ms (tx_ts=158976868335823, rx_ts=158976869749734) request_id=1215547 zil_blk_id=57996 ccf_commit_seqno=1215549 nstreams_done_=14500 config.nstreams=20000 avg_latency=1.3246 ms avg throuhgput (requests/sec) = 79.3429 res=false
*==== INFO ====* req_id_count= 15000 stream_id=59996 latency=1.226228 ms (tx_ts=158983054084620, rx_ts=158983055310848) request_id=1256937 zil_blk_id=59996 ccf_commit_seqno=1256938 nstreams_done_=15000 config.nstreams=20000 avg_latency=1.3234 ms avg throuhgput (requests/sec) = 79.3917 res=false
*==== INFO ====* req_id_count= 15500 stream_id=61996 latency=1.065933 ms (tx_ts=158989218638988, rx_ts=158989219704921) request_id=1298150 zil_blk_id=61996 ccf_commit_seqno=1298151 nstreams_done_=15500 config.nstreams=20000 avg_latency=1.3238 ms avg throuhgput (requests/sec) = 79.4461 res=false
*==== INFO ====* req_id_count= 16000 stream_id=63996 latency=1.035326 ms (tx_ts=158995402458897, rx_ts=158995403494223) request_id=1339525 zil_blk_id=63996 ccf_commit_seqno=1339525 nstreams_done_=16000 config.nstreams=20000 avg_latency=1.3249 ms avg throuhgput (requests/sec) = 79.4894 res=false
*==== INFO ====* req_id_count= 16500 stream_id=65996 latency=1.061034 ms (tx_ts=159001568227944, rx_ts=159001569288978) request_id=1380793 zil_blk_id=65996 ccf_commit_seqno=1380793 nstreams_done_=16500 config.nstreams=20000 avg_latency=1.3245 ms avg throuhgput (requests/sec) = 79.5370 res=false
*==== INFO ====* req_id_count= 17000 stream_id=67996 latency=1.068748 ms (tx_ts=159007741304211, rx_ts=159007742372959) request_id=1422172 zil_blk_id=67996 ccf_commit_seqno=1422172 nstreams_done_=17000 config.nstreams=20000 avg_latency=1.3251 ms avg throuhgput (requests/sec) = 79.5792 res=false
*==== INFO ====* req_id_count= 17500 stream_id=69996 latency=1.428491 ms (tx_ts=159013904197756, rx_ts=159013905626247) request_id=1463569 zil_blk_id=69996 ccf_commit_seqno=1463571 nstreams_done_=17500 config.nstreams=20000 avg_latency=1.3235 ms avg throuhgput (requests/sec) = 79.6226 res=false
*==== INFO ====* req_id_count= 18000 stream_id=71996 latency=1.284872 ms (tx_ts=159020071695791, rx_ts=159020072980663) request_id=1504885 zil_blk_id=71996 ccf_commit_seqno=1504886 nstreams_done_=18000 config.nstreams=20000 avg_latency=1.3244 ms avg throuhgput (requests/sec) = 79.6622 res=false
*==== INFO ====* req_id_count= 18500 stream_id=73996 latency=2.030316 ms (tx_ts=159026230178822, rx_ts=159026232209138) request_id=1546110 zil_blk_id=73996 ccf_commit_seqno=1546111 nstreams_done_=18500 config.nstreams=20000 avg_latency=1.3247 ms avg throuhgput (requests/sec) = 79.7024 res=false
*==== INFO ====* req_id_count= 19000 stream_id=75996 latency=1.029505 ms (tx_ts=159032346624750, rx_ts=159032347654255) request_id=1579169 zil_blk_id=75996 ccf_commit_seqno=1579169 nstreams_done_=19000 config.nstreams=20000 avg_latency=1.3233 ms avg throuhgput (requests/sec) = 79.7552 res=false
*==== INFO ====* req_id_count= 19500 stream_id=77996 latency=1.050384 ms (tx_ts=159038503252733, rx_ts=159038504303117) request_id=1594514 zil_blk_id=77996 ccf_commit_seqno=1594514 nstreams_done_=19500 config.nstreams=20000 avg_latency=1.3227 ms avg throuhgput (requests/sec) = 79.7920 res=false
*==== INFO ====* http_end_stream ALL streams done! nstreams_done_=20000 avg_latency=1.3181 msreq_id_count= 20000
*==== INFO ====* req_id_count= 20000 stream_id=79996 latency=1.017162 ms (tx_ts=159044688456972, rx_ts=159044689474134) request_id=1599780 zil_blk_id=79996 ccf_commit_seqno=1599780 nstreams_done_=20000 config.nstreams=20000 avg_latency=1.3181 ms avg throuhgput (requests/sec) = 79.8178 res=true
