Uniform: 600114 96164 885106 138104 47305 
Exponential: -2147483648 -2147483648 -2147483648 -2147483648 -2147483648 
Truncated Normal: 488864 604760 596621 141902 156497 
*==== INFO ====* req_id_count= 500 stream_id=1996 latency=1.050121 ms (tx_ts=158800164207552, rx_ts=158800165257673) request_id=39373 zil_blk_id=1996 ccf_commit_seqno=39373 nstreams_done_=500 config.nstreams=20000 avg_latency=1.2664 ms avg throuhgput (requests/sec) = 82.6027 res=false
*==== INFO ====* req_id_count= 1000 stream_id=3996 latency=0.974012 ms (tx_ts=158806186326728, rx_ts=158806187300740) request_id=79073 zil_blk_id=3996 ccf_commit_seqno=79073 nstreams_done_=1000 config.nstreams=20000 avg_latency=1.2608 ms avg throuhgput (requests/sec) = 82.8150 res=false
*==== INFO ====* req_id_count= 1500 stream_id=5996 latency=1.321823 ms (tx_ts=158812214659604, rx_ts=158812215981427) request_id=118890 zil_blk_id=5996 ccf_commit_seqno=118893 nstreams_done_=1500 config.nstreams=20000 avg_latency=1.2581 ms avg throuhgput (requests/sec) = 82.8556 res=false
*==== INFO ====* req_id_count= 2000 stream_id=7996 latency=1.049543 ms (tx_ts=158818210549052, rx_ts=158818211598595) request_id=158546 zil_blk_id=7996 ccf_commit_seqno=158547 nstreams_done_=2000 config.nstreams=20000 avg_latency=1.2537 ms avg throuhgput (requests/sec) = 82.9896 res=false
*==== INFO ====* req_id_count= 2500 stream_id=9996 latency=1.538511 ms (tx_ts=158824196218452, rx_ts=158824197756963) request_id=198259 zil_blk_id=9996 ccf_commit_seqno=198261 nstreams_done_=2500 config.nstreams=20000 avg_latency=1.2471 ms avg throuhgput (requests/sec) = 83.0963 res=false
*==== INFO ====* req_id_count= 3000 stream_id=11996 latency=1.169877 ms (tx_ts=158830195538780, rx_ts=158830196708657) request_id=238038 zil_blk_id=11996 ccf_commit_seqno=238040 nstreams_done_=3000 config.nstreams=20000 avg_latency=1.2423 ms avg throuhgput (requests/sec) = 83.1381 res=false
*==== INFO ====* req_id_count= 3500 stream_id=13996 latency=1.107741 ms (tx_ts=158836169782270, rx_ts=158836170890011) request_id=277638 zil_blk_id=13996 ccf_commit_seqno=277639 nstreams_done_=3500 config.nstreams=20000 avg_latency=1.2454 ms avg throuhgput (requests/sec) = 83.2170 res=false
*==== INFO ====* req_id_count= 4000 stream_id=15996 latency=1.341338 ms (tx_ts=158842149371607, rx_ts=158842150712945) request_id=317363 zil_blk_id=15996 ccf_commit_seqno=317367 nstreams_done_=4000 config.nstreams=20000 avg_latency=1.2429 ms avg throuhgput (requests/sec) = 83.2665 res=false
*==== INFO ====* req_id_count= 4500 stream_id=17996 latency=0.978596 ms (tx_ts=158848143620106, rx_ts=158848144598702) request_id=357220 zil_blk_id=17996 ccf_commit_seqno=357220 nstreams_done_=4500 config.nstreams=20000 avg_latency=1.2431 ms avg throuhgput (requests/sec) = 83.2833 res=false
*==== INFO ====* req_id_count= 5000 stream_id=19996 latency=1.174690 ms (tx_ts=158854119126461, rx_ts=158854120301151) request_id=396941 zil_blk_id=19996 ccf_commit_seqno=396942 nstreams_done_=5000 config.nstreams=20000 avg_latency=1.2422 ms avg throuhgput (requests/sec) = 83.3221 res=false
*==== INFO ====* req_id_count= 5500 stream_id=21996 latency=1.273501 ms (tx_ts=158860094200334, rx_ts=158860095473835) request_id=436679 zil_blk_id=21996 ccf_commit_seqno=436679 nstreams_done_=5500 config.nstreams=20000 avg_latency=1.2415 ms avg throuhgput (requests/sec) = 83.3544 res=false
*==== INFO ====* req_id_count= 6000 stream_id=23996 latency=1.066284 ms (tx_ts=158866081298434, rx_ts=158866082364718) request_id=476463 zil_blk_id=23996 ccf_commit_seqno=476463 nstreams_done_=6000 config.nstreams=20000 avg_latency=1.2438 ms avg throuhgput (requests/sec) = 83.3679 res=false
*==== INFO ====* req_id_count= 6500 stream_id=25996 latency=1.386442 ms (tx_ts=158872073154933, rx_ts=158872074541375) request_id=516314 zil_blk_id=25996 ccf_commit_seqno=516318 nstreams_done_=6500 config.nstreams=20000 avg_latency=1.2453 ms avg throuhgput (requests/sec) = 83.3736 res=false
*==== INFO ====* req_id_count= 7000 stream_id=27996 latency=1.290793 ms (tx_ts=158878078848593, rx_ts=158878080139386) request_id=556267 zil_blk_id=27996 ccf_commit_seqno=556271 nstreams_done_=7000 config.nstreams=20000 avg_latency=1.2463 ms avg throuhgput (requests/sec) = 83.3651 res=false
*==== INFO ====* req_id_count= 7500 stream_id=29996 latency=1.330287 ms (tx_ts=158884122520726, rx_ts=158884123851013) request_id=596418 zil_blk_id=29996 ccf_commit_seqno=596421 nstreams_done_=7500 config.nstreams=20000 avg_latency=1.2524 ms avg throuhgput (requests/sec) = 83.3225 res=false
*==== INFO ====* req_id_count= 8000 stream_id=31996 latency=1.357458 ms (tx_ts=158890084764602, rx_ts=158890086122060) request_id=636196 zil_blk_id=31996 ccf_commit_seqno=636199 nstreams_done_=8000 config.nstreams=20000 avg_latency=1.2505 ms avg throuhgput (requests/sec) = 83.3560 res=false
*==== INFO ====* req_id_count= 8500 stream_id=33996 latency=1.019167 ms (tx_ts=158896078310290, rx_ts=158896079329457) request_id=676133 zil_blk_id=33996 ccf_commit_seqno=676133 nstreams_done_=8500 config.nstreams=20000 avg_latency=1.2518 ms avg throuhgput (requests/sec) = 83.3602 res=false
*==== INFO ====* req_id_count= 9000 stream_id=35996 latency=1.421622 ms (tx_ts=158902047454004, rx_ts=158902048875626) request_id=715935 zil_blk_id=35996 ccf_commit_seqno=715936 nstreams_done_=9000 config.nstreams=20000 avg_latency=1.2502 ms avg throuhgput (requests/sec) = 83.3822 res=false
*==== INFO ====* req_id_count= 9500 stream_id=37996 latency=1.089347 ms (tx_ts=158908051499862, rx_ts=158908052589209) request_id=755935 zil_blk_id=37996 ccf_commit_seqno=755938 nstreams_done_=9500 config.nstreams=20000 avg_latency=1.2514 ms avg throuhgput (requests/sec) = 83.3769 res=false
*==== INFO ====* req_id_count= 10000 stream_id=39996 latency=1.838647 ms (tx_ts=158914041353312, rx_ts=158914043191959) request_id=795886 zil_blk_id=39996 ccf_commit_seqno=795892 nstreams_done_=10000 config.nstreams=20000 avg_latency=1.2519 ms avg throuhgput (requests/sec) = 83.3813 res=false
*==== INFO ====* req_id_count= 10500 stream_id=41996 latency=1.414823 ms (tx_ts=158920040688433, rx_ts=158920042103256) request_id=835869 zil_blk_id=41996 ccf_commit_seqno=835870 nstreams_done_=10500 config.nstreams=20000 avg_latency=1.2520 ms avg throuhgput (requests/sec) = 83.3797 res=false
*==== INFO ====* req_id_count= 11000 stream_id=43996 latency=1.442096 ms (tx_ts=158926017019903, rx_ts=158926018461999) request_id=875843 zil_blk_id=43996 ccf_commit_seqno=875845 nstreams_done_=11000 config.nstreams=20000 avg_latency=1.2498 ms avg throuhgput (requests/sec) = 83.3925 res=false
*==== INFO ====* req_id_count= 11500 stream_id=45996 latency=1.137343 ms (tx_ts=158931998633193, rx_ts=158931999770536) request_id=915874 zil_blk_id=45996 ccf_commit_seqno=915876 nstreams_done_=11500 config.nstreams=20000 avg_latency=1.2488 ms avg throuhgput (requests/sec) = 83.4013 res=false
*==== INFO ====* req_id_count= 12000 stream_id=47996 latency=1.374673 ms (tx_ts=158937980341029, rx_ts=158937981715702) request_id=955854 zil_blk_id=47996 ccf_commit_seqno=955859 nstreams_done_=12000 config.nstreams=20000 avg_latency=1.2483 ms avg throuhgput (requests/sec) = 83.4089 res=false
*==== INFO ====* req_id_count= 12500 stream_id=49996 latency=2.042446 ms (tx_ts=158943954380582, rx_ts=158943956423028) request_id=995762 zil_blk_id=49996 ccf_commit_seqno=995763 nstreams_done_=12500 config.nstreams=20000 avg_latency=1.2473 ms avg throuhgput (requests/sec) = 83.4200 res=false
*==== INFO ====* req_id_count= 13000 stream_id=51996 latency=1.646198 ms (tx_ts=158949941809628, rx_ts=158949943455826) request_id=1035729 zil_blk_id=51996 ccf_commit_seqno=1035729 nstreams_done_=13000 config.nstreams=20000 avg_latency=1.2473 ms avg throuhgput (requests/sec) = 83.4236 res=false
*==== INFO ====* req_id_count= 13500 stream_id=53996 latency=1.430855 ms (tx_ts=158955955347570, rx_ts=158955956778425) request_id=1075785 zil_blk_id=53996 ccf_commit_seqno=1075788 nstreams_done_=13500 config.nstreams=20000 avg_latency=1.2487 ms avg throuhgput (requests/sec) = 83.4134 res=false
*==== INFO ====* req_id_count= 14000 stream_id=55996 latency=1.312398 ms (tx_ts=158961953271793, rx_ts=158961954584191) request_id=1115882 zil_blk_id=55996 ccf_commit_seqno=1115883 nstreams_done_=14000 config.nstreams=20000 avg_latency=1.2491 ms avg throuhgput (requests/sec) = 83.4116 res=false
*==== INFO ====* req_id_count= 14500 stream_id=57996 latency=1.737575 ms (tx_ts=158967941892059, rx_ts=158967943629634) request_id=1155873 zil_blk_id=57996 ccf_commit_seqno=1155875 nstreams_done_=14500 config.nstreams=20000 avg_latency=1.2491 ms avg throuhgput (requests/sec) = 83.4141 res=false
*==== INFO ====* req_id_count= 15000 stream_id=59996 latency=1.392504 ms (tx_ts=158973902856085, rx_ts=158973904248589) request_id=1195740 zil_blk_id=59996 ccf_commit_seqno=1195745 nstreams_done_=15000 config.nstreams=20000 avg_latency=1.2489 ms avg throuhgput (requests/sec) = 83.4297 res=false
*==== INFO ====* req_id_count= 15500 stream_id=61996 latency=1.116718 ms (tx_ts=158979880687578, rx_ts=158979881804296) request_id=1235738 zil_blk_id=61996 ccf_commit_seqno=1235738 nstreams_done_=15500 config.nstreams=20000 avg_latency=1.2484 ms avg throuhgput (requests/sec) = 83.4367 res=false
*==== INFO ====* req_id_count= 16000 stream_id=63996 latency=1.392133 ms (tx_ts=158985882406379, rx_ts=158985883798512) request_id=1275829 zil_blk_id=63996 ccf_commit_seqno=1275830 nstreams_done_=16000 config.nstreams=20000 avg_latency=1.2491 ms avg throuhgput (requests/sec) = 83.4326 res=false
*==== INFO ====* req_id_count= 16500 stream_id=65996 latency=1.429472 ms (tx_ts=158991828093665, rx_ts=158991829523137) request_id=1315618 zil_blk_id=65996 ccf_commit_seqno=1315620 nstreams_done_=16500 config.nstreams=20000 avg_latency=1.2488 ms avg throuhgput (requests/sec) = 83.4525 res=false
*==== INFO ====* req_id_count= 17000 stream_id=67996 latency=1.601775 ms (tx_ts=158997818600780, rx_ts=158997820202555) request_id=1355663 zil_blk_id=67996 ccf_commit_seqno=1355664 nstreams_done_=17000 config.nstreams=20000 avg_latency=1.2490 ms avg throuhgput (requests/sec) = 83.4528 res=false
*==== INFO ====* req_id_count= 17500 stream_id=69996 latency=1.012573 ms (tx_ts=159003772297155, rx_ts=159003773309728) request_id=1395591 zil_blk_id=69996 ccf_commit_seqno=1395591 nstreams_done_=17500 config.nstreams=20000 avg_latency=1.2479 ms avg throuhgput (requests/sec) = 83.4680 res=false
*==== INFO ====* req_id_count= 18000 stream_id=71996 latency=1.076512 ms (tx_ts=159009736504810, rx_ts=159009737581322) request_id=1435597 zil_blk_id=71996 ccf_commit_seqno=1435598 nstreams_done_=18000 config.nstreams=20000 avg_latency=1.2475 ms avg throuhgput (requests/sec) = 83.4781 res=false
*==== INFO ====* req_id_count= 18500 stream_id=73996 latency=1.365252 ms (tx_ts=159015699561459, rx_ts=159015700926711) request_id=1475598 zil_blk_id=73996 ccf_commit_seqno=1475601 nstreams_done_=18500 config.nstreams=20000 avg_latency=1.2466 ms avg throuhgput (requests/sec) = 83.4880 res=false
*==== INFO ====* req_id_count= 19000 stream_id=75996 latency=1.121086 ms (tx_ts=159021699544298, rx_ts=159021700665384) request_id=1515794 zil_blk_id=75996 ccf_commit_seqno=1515795 nstreams_done_=19000 config.nstreams=20000 avg_latency=1.2467 ms avg throuhgput (requests/sec) = 83.4840 res=false
*==== INFO ====* req_id_count= 19500 stream_id=77996 latency=1.389899 ms (tx_ts=159027692853960, rx_ts=159027694243859) request_id=1555535 zil_blk_id=77996 ccf_commit_seqno=1555538 nstreams_done_=19500 config.nstreams=20000 avg_latency=1.2472 ms avg throuhgput (requests/sec) = 83.4824 res=false
*==== INFO ====* http_end_stream ALL streams done! nstreams_done_=20000 avg_latency=1.2465 msreq_id_count= 20000
*==== INFO ====* req_id_count= 20000 stream_id=79996 latency=1.330648 ms (tx_ts=159033677983988, rx_ts=159033679314636) request_id=1583822 zil_blk_id=79996 ccf_commit_seqno=1583822 nstreams_done_=20000 config.nstreams=20000 avg_latency=1.2465 ms avg throuhgput (requests/sec) = 83.4839 res=true
