Uniform: 908524 74246 24204 158914 421675 
Exponential: -2147483648 -2147483648 -2147483648 -2147483648 -2147483648 
Truncated Normal: 645807 402679 567750 149674 368782 
*==== INFO ====* req_id_count= 500 stream_id=1996 latency=0.849719 ms (tx_ts=158800142053445, rx_ts=158800142903164) request_id=39223 zil_blk_id=1996 ccf_commit_seqno=39224 nstreams_done_=500 config.nstreams=20000 avg_latency=0.9733 ms avg throuhgput (requests/sec) = 82.4850 res=false
*==== INFO ====* req_id_count= 1000 stream_id=3996 latency=0.814783 ms (tx_ts=158806226897256, rx_ts=158806227712039) request_id=79337 zil_blk_id=3996 ccf_commit_seqno=79338 nstreams_done_=1000 config.nstreams=20000 avg_latency=0.9822 ms avg throuhgput (requests/sec) = 82.3281 res=false
*==== INFO ====* req_id_count= 1500 stream_id=5996 latency=0.762072 ms (tx_ts=158812301723384, rx_ts=158812302485456) request_id=119461 zil_blk_id=5996 ccf_commit_seqno=119461 nstreams_done_=1500 config.nstreams=20000 avg_latency=0.9743 ms avg throuhgput (requests/sec) = 82.3213 res=false
*==== INFO ====* req_id_count= 2000 stream_id=7996 latency=0.671736 ms (tx_ts=158818363544880, rx_ts=158818364216616) request_id=159557 zil_blk_id=7996 ccf_commit_seqno=159559 nstreams_done_=2000 config.nstreams=20000 avg_latency=0.9664 ms avg throuhgput (requests/sec) = 82.3621 res=false
*==== INFO ====* req_id_count= 2500 stream_id=9996 latency=0.884620 ms (tx_ts=158824381666424, rx_ts=158824382551044) request_id=199482 zil_blk_id=9996 ccf_commit_seqno=199483 nstreams_done_=2500 config.nstreams=20000 avg_latency=0.9540 ms avg throuhgput (requests/sec) = 82.5046 res=false
*==== INFO ====* req_id_count= 3000 stream_id=11996 latency=0.788324 ms (tx_ts=158830459253949, rx_ts=158830460042273) request_id=239785 zil_blk_id=11996 ccf_commit_seqno=239786 nstreams_done_=3000 config.nstreams=20000 avg_latency=0.9585 ms avg throuhgput (requests/sec) = 82.4655 res=false
*==== INFO ====* req_id_count= 3500 stream_id=13996 latency=0.899422 ms (tx_ts=158836518051214, rx_ts=158836518950636) request_id=279954 zil_blk_id=13996 ccf_commit_seqno=279956 nstreams_done_=3500 config.nstreams=20000 avg_latency=0.9577 ms avg throuhgput (requests/sec) = 82.4737 res=false
*==== INFO ====* req_id_count= 4000 stream_id=15996 latency=0.786862 ms (tx_ts=158842533037981, rx_ts=158842533824843) request_id=319925 zil_blk_id=15996 ccf_commit_seqno=319926 nstreams_done_=4000 config.nstreams=20000 avg_latency=0.9540 ms avg throuhgput (requests/sec) = 82.5549 res=false
*==== INFO ====* req_id_count= 4500 stream_id=17996 latency=1.102527 ms (tx_ts=158848507934726, rx_ts=158848509037253) request_id=359643 zil_blk_id=17996 ccf_commit_seqno=359645 nstreams_done_=4500 config.nstreams=20000 avg_latency=0.9528 ms avg throuhgput (requests/sec) = 82.6783 res=false
*==== INFO ====* req_id_count= 5000 stream_id=19996 latency=0.840121 ms (tx_ts=158854491276500, rx_ts=158854492116621) request_id=399403 zil_blk_id=19996 ccf_commit_seqno=399403 nstreams_done_=5000 config.nstreams=20000 avg_latency=0.9503 ms avg throuhgput (requests/sec) = 82.7665 res=false
*==== INFO ====* req_id_count= 5500 stream_id=21996 latency=0.960055 ms (tx_ts=158860462830797, rx_ts=158860463790852) request_id=439122 zil_blk_id=21996 ccf_commit_seqno=439125 nstreams_done_=5500 config.nstreams=20000 avg_latency=0.9508 ms avg throuhgput (requests/sec) = 82.8530 res=false
*==== INFO ====* req_id_count= 6000 stream_id=23996 latency=0.719135 ms (tx_ts=158866384989549, rx_ts=158866385708684) request_id=478482 zil_blk_id=23996 ccf_commit_seqno=478482 nstreams_done_=6000 config.nstreams=20000 avg_latency=0.9510 ms avg throuhgput (requests/sec) = 82.9824 res=false
*==== INFO ====* req_id_count= 6500 stream_id=25996 latency=0.750303 ms (tx_ts=158872305679606, rx_ts=158872306429909) request_id=517871 zil_blk_id=25996 ccf_commit_seqno=517871 nstreams_done_=6500 config.nstreams=20000 avg_latency=0.9513 ms avg throuhgput (requests/sec) = 83.0934 res=false
*==== INFO ====* req_id_count= 7000 stream_id=27996 latency=0.687456 ms (tx_ts=158878219431722, rx_ts=158878220119178) request_id=557201 zil_blk_id=27996 ccf_commit_seqno=557201 nstreams_done_=7000 config.nstreams=20000 avg_latency=0.9510 ms avg throuhgput (requests/sec) = 83.1957 res=false
*==== INFO ====* req_id_count= 7500 stream_id=29996 latency=0.748380 ms (tx_ts=158884122787319, rx_ts=158884123535699) request_id=596421 zil_blk_id=29996 ccf_commit_seqno=596421 nstreams_done_=7500 config.nstreams=20000 avg_latency=0.9511 ms avg throuhgput (requests/sec) = 83.2941 res=false
*==== INFO ====* req_id_count= 8000 stream_id=31996 latency=0.902087 ms (tx_ts=158890018436880, rx_ts=158890019338967) request_id=635759 zil_blk_id=31996 ccf_commit_seqno=635762 nstreams_done_=8000 config.nstreams=20000 avg_latency=0.9495 ms avg throuhgput (requests/sec) = 83.3871 res=false
*==== INFO ====* req_id_count= 8500 stream_id=33996 latency=0.884014 ms (tx_ts=158895925678042, rx_ts=158895926562056) request_id=675120 zil_blk_id=33996 ccf_commit_seqno=675121 nstreams_done_=8500 config.nstreams=20000 avg_latency=0.9479 ms avg throuhgput (requests/sec) = 83.4599 res=false
*==== INFO ====* req_id_count= 9000 stream_id=35996 latency=0.738831 ms (tx_ts=158901848873067, rx_ts=158901849611898) request_id=714612 zil_blk_id=35996 ccf_commit_seqno=714613 nstreams_done_=9000 config.nstreams=20000 avg_latency=0.9483 ms avg throuhgput (requests/sec) = 83.5124 res=false
*==== INFO ====* req_id_count= 9500 stream_id=37996 latency=0.719646 ms (tx_ts=158907760419128, rx_ts=158907761138774) request_id=753982 zil_blk_id=37996 ccf_commit_seqno=753984 nstreams_done_=9500 config.nstreams=20000 avg_latency=0.9480 ms avg throuhgput (requests/sec) = 83.5679 res=false
*==== INFO ====* req_id_count= 10000 stream_id=39996 latency=0.726739 ms (tx_ts=158913664896461, rx_ts=158913665623200) request_id=793388 zil_blk_id=39996 ccf_commit_seqno=793388 nstreams_done_=10000 config.nstreams=20000 avg_latency=0.9483 ms avg throuhgput (requests/sec) = 83.6229 res=false
*==== INFO ====* req_id_count= 10500 stream_id=41996 latency=0.695300 ms (tx_ts=158919571740219, rx_ts=158919572435519) request_id=832748 zil_blk_id=41996 ccf_commit_seqno=832748 nstreams_done_=10500 config.nstreams=20000 avg_latency=0.9494 ms avg throuhgput (requests/sec) = 83.6712 res=false
*==== INFO ====* req_id_count= 11000 stream_id=43996 latency=0.858475 ms (tx_ts=158925465099661, rx_ts=158925465958136) request_id=872152 zil_blk_id=43996 ccf_commit_seqno=872153 nstreams_done_=11000 config.nstreams=20000 avg_latency=0.9476 ms avg throuhgput (requests/sec) = 83.7236 res=false
*==== INFO ====* req_id_count= 11500 stream_id=45996 latency=0.961718 ms (tx_ts=158931367348882, rx_ts=158931368310600) request_id=911645 zil_blk_id=45996 ccf_commit_seqno=911648 nstreams_done_=11500 config.nstreams=20000 avg_latency=0.9460 ms avg throuhgput (requests/sec) = 83.7661 res=false
*==== INFO ====* req_id_count= 12000 stream_id=47996 latency=0.926572 ms (tx_ts=158937260043263, rx_ts=158937260969835) request_id=951037 zil_blk_id=47996 ccf_commit_seqno=951041 nstreams_done_=12000 config.nstreams=20000 avg_latency=0.9452 ms avg throuhgput (requests/sec) = 83.8107 res=false
*==== INFO ====* req_id_count= 12500 stream_id=49996 latency=0.952861 ms (tx_ts=158943172522683, rx_ts=158943173475544) request_id=990532 zil_blk_id=49996 ccf_commit_seqno=990534 nstreams_done_=12500 config.nstreams=20000 avg_latency=0.9450 ms avg throuhgput (requests/sec) = 83.8407 res=false
*==== INFO ====* req_id_count= 13000 stream_id=51996 latency=1.126416 ms (tx_ts=158949104119027, rx_ts=158949105245443) request_id=1030115 zil_blk_id=51996 ccf_commit_seqno=1030118 nstreams_done_=13000 config.nstreams=20000 avg_latency=0.9457 ms avg throuhgput (requests/sec) = 83.8580 res=false
*==== INFO ====* req_id_count= 13500 stream_id=53996 latency=0.821436 ms (tx_ts=158955050973772, rx_ts=158955051795208) request_id=1069734 zil_blk_id=53996 ccf_commit_seqno=1069736 nstreams_done_=13500 config.nstreams=20000 avg_latency=0.9477 ms avg throuhgput (requests/sec) = 83.8662 res=false
*==== INFO ====* req_id_count= 14000 stream_id=55996 latency=0.803653 ms (tx_ts=158960975890165, rx_ts=158960976693818) request_id=1109326 zil_blk_id=55996 ccf_commit_seqno=1109327 nstreams_done_=14000 config.nstreams=20000 avg_latency=0.9480 ms avg throuhgput (requests/sec) = 83.8848 res=false
*==== INFO ====* req_id_count= 14500 stream_id=57996 latency=0.756254 ms (tx_ts=158966900204800, rx_ts=158966900961054) request_id=1148918 zil_blk_id=57996 ccf_commit_seqno=1148919 nstreams_done_=14500 config.nstreams=20000 avg_latency=0.9478 ms avg throuhgput (requests/sec) = 83.9024 res=false
*==== INFO ====* req_id_count= 15000 stream_id=59996 latency=0.942432 ms (tx_ts=158972803020644, rx_ts=158972803963076) request_id=1188396 zil_blk_id=59996 ccf_commit_seqno=1188400 nstreams_done_=15000 config.nstreams=20000 avg_latency=0.9472 ms avg throuhgput (requests/sec) = 83.9289 res=false
*==== INFO ====* req_id_count= 15500 stream_id=61996 latency=0.903360 ms (tx_ts=158978714139794, rx_ts=158978715043154) request_id=1227906 zil_blk_id=61996 ccf_commit_seqno=1227907 nstreams_done_=15500 config.nstreams=20000 avg_latency=0.9471 ms avg throuhgput (requests/sec) = 83.9499 res=false
*==== INFO ====* req_id_count= 16000 stream_id=63996 latency=0.763197 ms (tx_ts=158984584612308, rx_ts=158984585375505) request_id=1267154 zil_blk_id=63996 ccf_commit_seqno=1267155 nstreams_done_=16000 config.nstreams=20000 avg_latency=0.9461 ms avg throuhgput (requests/sec) = 83.9877 res=false
*==== INFO ====* req_id_count= 16500 stream_id=65996 latency=1.043951 ms (tx_ts=158990447458500, rx_ts=158990448502451) request_id=1306359 zil_blk_id=65996 ccf_commit_seqno=1306362 nstreams_done_=16500 config.nstreams=20000 avg_latency=0.9459 ms avg throuhgput (requests/sec) = 84.0262 res=false
*==== INFO ====* req_id_count= 17000 stream_id=67996 latency=0.780910 ms (tx_ts=158996318819020, rx_ts=158996319599930) request_id=1345649 zil_blk_id=67996 ccf_commit_seqno=1345651 nstreams_done_=17000 config.nstreams=20000 avg_latency=0.9458 ms avg throuhgput (requests/sec) = 84.0592 res=false
*==== INFO ====* req_id_count= 17500 stream_id=69996 latency=0.889884 ms (tx_ts=159002174573240, rx_ts=159002175463124) request_id=1384866 zil_blk_id=69996 ccf_commit_seqno=1384866 nstreams_done_=17500 config.nstreams=20000 avg_latency=0.9460 ms avg throuhgput (requests/sec) = 84.0965 res=false
*==== INFO ====* req_id_count= 18000 stream_id=71996 latency=1.057327 ms (tx_ts=159008035642187, rx_ts=159008036699514) request_id=1424155 zil_blk_id=71996 ccf_commit_seqno=1424156 nstreams_done_=18000 config.nstreams=20000 avg_latency=0.9448 ms avg throuhgput (requests/sec) = 84.1296 res=false
*==== INFO ====* req_id_count= 18500 stream_id=73996 latency=0.770130 ms (tx_ts=159013889867114, rx_ts=159013890637244) request_id=1463473 zil_blk_id=73996 ccf_commit_seqno=1463474 nstreams_done_=18500 config.nstreams=20000 avg_latency=0.9444 ms avg throuhgput (requests/sec) = 84.1638 res=false
*==== INFO ====* req_id_count= 19000 stream_id=75996 latency=0.836093 ms (tx_ts=159019784720263, rx_ts=159019785556356) request_id=1502962 zil_blk_id=75996 ccf_commit_seqno=1502964 nstreams_done_=19000 config.nstreams=20000 avg_latency=0.9448 ms avg throuhgput (requests/sec) = 84.1809 res=false
*==== INFO ====* req_id_count= 19500 stream_id=77996 latency=1.136014 ms (tx_ts=159025655888095, rx_ts=159025657024109) request_id=1542261 zil_blk_id=77996 ccf_commit_seqno=1542264 nstreams_done_=19500 config.nstreams=20000 avg_latency=0.9449 ms avg throuhgput (requests/sec) = 84.2057 res=false
*==== INFO ====* http_end_stream ALL streams done! nstreams_done_=20000 avg_latency=0.9443 msreq_id_count= 20000
*==== INFO ====* req_id_count= 20000 stream_id=79996 latency=0.744482 ms (tx_ts=159031516122498, rx_ts=159031516866980) request_id=1575897 zil_blk_id=79996 ccf_commit_seqno=1575897 nstreams_done_=20000 config.nstreams=20000 avg_latency=0.9443 ms avg throuhgput (requests/sec) = 84.2333 res=true
