Uniform: 619115 854534 273519 344474 262190 
Exponential: -2147483648 -2147483648 -2147483648 -2147483648 -2147483648 
Truncated Normal: 375904 509440 922125 652763 305406 
*==== INFO ====* req_id_count= 500 stream_id=1996 latency=0.896506 ms (tx_ts=158800365466687, rx_ts=158800366363193) request_id=40671 zil_blk_id=1996 ccf_commit_seqno=40671 nstreams_done_=500 config.nstreams=20000 avg_latency=1.2380 ms avg throuhgput (requests/sec) = 79.9389 res=false
*==== INFO ====* req_id_count= 1000 stream_id=3996 latency=1.398555 ms (tx_ts=158806611222145, rx_ts=158806612620700) request_id=81851 zil_blk_id=3996 ccf_commit_seqno=81854 nstreams_done_=1000 config.nstreams=20000 avg_latency=1.2354 ms avg throuhgput (requests/sec) = 79.9934 res=false
*==== INFO ====* req_id_count= 1500 stream_id=5996 latency=1.368135 ms (tx_ts=158812879898639, rx_ts=158812881266774) request_id=123256 zil_blk_id=5996 ccf_commit_seqno=123258 nstreams_done_=1500 config.nstreams=20000 avg_latency=1.2430 ms avg throuhgput (requests/sec) = 79.9161 res=false
*==== INFO ====* req_id_count= 2000 stream_id=7996 latency=3.476581 ms (tx_ts=158819118762043, rx_ts=158819122238624) request_id=164563 zil_blk_id=7996 ccf_commit_seqno=164565 nstreams_done_=2000 config.nstreams=20000 avg_latency=1.2389 ms avg throuhgput (requests/sec) = 79.9659 res=false
*==== INFO ====* req_id_count= 2500 stream_id=9996 latency=1.263506 ms (tx_ts=158825367787672, rx_ts=158825369051178) request_id=205994 zil_blk_id=9996 ccf_commit_seqno=205994 nstreams_done_=2500 config.nstreams=20000 avg_latency=1.2384 ms avg throuhgput (requests/sec) = 79.9809 res=false
*==== INFO ====* req_id_count= 3000 stream_id=11996 latency=1.305421 ms (tx_ts=158831611322486, rx_ts=158831612627907) request_id=247406 zil_blk_id=11996 ccf_commit_seqno=247406 nstreams_done_=3000 config.nstreams=20000 avg_latency=1.2365 ms avg throuhgput (requests/sec) = 79.9978 res=false
*==== INFO ====* req_id_count= 3500 stream_id=13996 latency=1.053850 ms (tx_ts=158837858904653, rx_ts=158837859958503) request_id=288862 zil_blk_id=13996 ccf_commit_seqno=288864 nstreams_done_=3500 config.nstreams=20000 avg_latency=1.2390 ms avg throuhgput (requests/sec) = 80.0030 res=false
*==== INFO ====* req_id_count= 4000 stream_id=15996 latency=1.241642 ms (tx_ts=158844072312611, rx_ts=158844073554253) request_id=330141 zil_blk_id=15996 ccf_commit_seqno=330143 nstreams_done_=4000 config.nstreams=20000 avg_latency=1.2350 ms avg throuhgput (requests/sec) = 80.0609 res=false
*==== INFO ====* req_id_count= 4500 stream_id=17996 latency=1.272840 ms (tx_ts=158850281589308, rx_ts=158850282862148) request_id=371412 zil_blk_id=17996 ccf_commit_seqno=371412 nstreams_done_=4500 config.nstreams=20000 avg_latency=1.2334 ms avg throuhgput (requests/sec) = 80.1121 res=false
*==== INFO ====* req_id_count= 5000 stream_id=19996 latency=1.115054 ms (tx_ts=158856507222963, rx_ts=158856508338017) request_id=412805 zil_blk_id=19996 ccf_commit_seqno=412806 nstreams_done_=5000 config.nstreams=20000 avg_latency=1.2327 ms avg throuhgput (requests/sec) = 80.1324 res=false
*==== INFO ====* req_id_count= 5500 stream_id=21996 latency=1.308614 ms (tx_ts=158862713613358, rx_ts=158862714921972) request_id=454084 zil_blk_id=21996 ccf_commit_seqno=454090 nstreams_done_=5500 config.nstreams=20000 avg_latency=1.2363 ms avg throuhgput (requests/sec) = 80.1710 res=false
*==== INFO ====* req_id_count= 6000 stream_id=23996 latency=1.084427 ms (tx_ts=158868922383110, rx_ts=158868923467537) request_id=495359 zil_blk_id=23996 ccf_commit_seqno=495360 nstreams_done_=6000 config.nstreams=20000 avg_latency=1.2372 ms avg throuhgput (requests/sec) = 80.2012 res=false
*==== INFO ====* req_id_count= 6500 stream_id=25996 latency=1.360033 ms (tx_ts=158875115726372, rx_ts=158875117086405) request_id=536545 zil_blk_id=25996 ccf_commit_seqno=536547 nstreams_done_=6500 config.nstreams=20000 avg_latency=1.2390 ms avg throuhgput (requests/sec) = 80.2415 res=false
*==== INFO ====* req_id_count= 7000 stream_id=27996 latency=1.115688 ms (tx_ts=158881297102749, rx_ts=158881298218437) request_id=577658 zil_blk_id=27996 ccf_commit_seqno=577660 nstreams_done_=7000 config.nstreams=20000 avg_latency=1.2406 ms avg throuhgput (requests/sec) = 80.2875 res=false
*==== INFO ====* req_id_count= 7500 stream_id=29996 latency=1.545409 ms (tx_ts=158887480735037, rx_ts=158887482280446) request_id=618823 zil_blk_id=29996 ccf_commit_seqno=618826 nstreams_done_=7500 config.nstreams=20000 avg_latency=1.2418 ms avg throuhgput (requests/sec) = 80.3250 res=false
*==== INFO ====* req_id_count= 8000 stream_id=31996 latency=1.343252 ms (tx_ts=158893678425739, rx_ts=158893679768991) request_id=660171 zil_blk_id=31996 ccf_commit_seqno=660173 nstreams_done_=8000 config.nstreams=20000 avg_latency=1.2399 ms avg throuhgput (requests/sec) = 80.3470 res=false
*==== INFO ====* req_id_count= 8500 stream_id=33996 latency=1.203851 ms (tx_ts=158899899292292, rx_ts=158899900496143) request_id=701612 zil_blk_id=33996 ccf_commit_seqno=701614 nstreams_done_=8500 config.nstreams=20000 avg_latency=1.2407 ms avg throuhgput (requests/sec) = 80.3487 res=false
*==== INFO ====* req_id_count= 9000 stream_id=35996 latency=1.319508 ms (tx_ts=158906111060622, rx_ts=158906112380130) request_id=743008 zil_blk_id=35996 ccf_commit_seqno=743011 nstreams_done_=9000 config.nstreams=20000 avg_latency=1.2418 ms avg throuhgput (requests/sec) = 80.3566 res=false
*==== INFO ====* req_id_count= 9500 stream_id=37996 latency=1.170723 ms (tx_ts=158912302978501, rx_ts=158912304149224) request_id=784313 zil_blk_id=37996 ccf_commit_seqno=784317 nstreams_done_=9500 config.nstreams=20000 avg_latency=1.2415 ms avg throuhgput (requests/sec) = 80.3773 res=false
*==== INFO ====* req_id_count= 10000 stream_id=39996 latency=1.093432 ms (tx_ts=158918502640867, rx_ts=158918503734299) request_id=825634 zil_blk_id=39996 ccf_commit_seqno=825634 nstreams_done_=10000 config.nstreams=20000 avg_latency=1.2427 ms avg throuhgput (requests/sec) = 80.3909 res=false
*==== INFO ====* req_id_count= 10500 stream_id=41996 latency=1.348979 ms (tx_ts=158924668763003, rx_ts=158924670111982) request_id=866809 zil_blk_id=41996 ccf_commit_seqno=866813 nstreams_done_=10500 config.nstreams=20000 avg_latency=1.2409 ms avg throuhgput (requests/sec) = 80.4237 res=false
*==== INFO ====* req_id_count= 11000 stream_id=43996 latency=1.253202 ms (tx_ts=158930801423100, rx_ts=158930802676302) request_id=907854 zil_blk_id=43996 ccf_commit_seqno=907857 nstreams_done_=11000 config.nstreams=20000 avg_latency=1.2393 ms avg throuhgput (requests/sec) = 80.4734 res=false
*==== INFO ====* req_id_count= 11500 stream_id=45996 latency=1.249476 ms (tx_ts=158936966016423, rx_ts=158936967265899) request_id=949085 zil_blk_id=45996 ccf_commit_seqno=949089 nstreams_done_=11500 config.nstreams=20000 avg_latency=1.2397 ms avg throuhgput (requests/sec) = 80.5008 res=false
*==== INFO ====* req_id_count= 12000 stream_id=47996 latency=1.056205 ms (tx_ts=158943141999787, rx_ts=158943143055992) request_id=990335 zil_blk_id=47996 ccf_commit_seqno=990335 nstreams_done_=12000 config.nstreams=20000 avg_latency=1.2401 ms avg throuhgput (requests/sec) = 80.5199 res=false
*==== INFO ====* req_id_count= 12500 stream_id=49996 latency=1.178394 ms (tx_ts=158949278753036, rx_ts=158949279931430) request_id=1031285 zil_blk_id=49996 ccf_commit_seqno=1031285 nstreams_done_=12500 config.nstreams=20000 avg_latency=1.2399 ms avg throuhgput (requests/sec) = 80.5577 res=false
*==== INFO ====* req_id_count= 13000 stream_id=51996 latency=1.336800 ms (tx_ts=158955512332862, rx_ts=158955513669662) request_id=1072810 zil_blk_id=51996 ccf_commit_seqno=1072812 nstreams_done_=13000 config.nstreams=20000 avg_latency=1.2419 ms avg throuhgput (requests/sec) = 80.5442 res=false
*==== INFO ====* req_id_count= 13500 stream_id=53996 latency=1.030647 ms (tx_ts=158961690848277, rx_ts=158961691878924) request_id=1114125 zil_blk_id=53996 ccf_commit_seqno=1114126 nstreams_done_=13500 config.nstreams=20000 avg_latency=1.2420 ms avg throuhgput (requests/sec) = 80.5584 res=false
*==== INFO ====* req_id_count= 14000 stream_id=55996 latency=1.350705 ms (tx_ts=158967850500330, rx_ts=158967851851035) request_id=1155259 zil_blk_id=55996 ccf_commit_seqno=1155262 nstreams_done_=14000 config.nstreams=20000 avg_latency=1.2420 ms avg throuhgput (requests/sec) = 80.5801 res=false
*==== INFO ====* req_id_count= 14500 stream_id=57996 latency=1.173765 ms (tx_ts=158974013455012, rx_ts=158974014628777) request_id=1196482 zil_blk_id=57996 ccf_commit_seqno=1196486 nstreams_done_=14500 config.nstreams=20000 avg_latency=1.2416 ms avg throuhgput (requests/sec) = 80.5990 res=false
*==== INFO ====* req_id_count= 15000 stream_id=59996 latency=1.386898 ms (tx_ts=158980204330153, rx_ts=158980205717051) request_id=1237900 zil_blk_id=59996 ccf_commit_seqno=1237902 nstreams_done_=15000 config.nstreams=20000 avg_latency=1.2418 ms avg throuhgput (requests/sec) = 80.6044 res=false
*==== INFO ====* req_id_count= 15500 stream_id=61996 latency=1.090709 ms (tx_ts=158986351143865, rx_ts=158986352234574) request_id=1278971 zil_blk_id=61996 ccf_commit_seqno=1278973 nstreams_done_=15500 config.nstreams=20000 avg_latency=1.2422 ms avg throuhgput (requests/sec) = 80.6281 res=false
*==== INFO ====* req_id_count= 16000 stream_id=63996 latency=1.301984 ms (tx_ts=158992511783612, rx_ts=158992513085596) request_id=1320185 zil_blk_id=63996 ccf_commit_seqno=1320187 nstreams_done_=16000 config.nstreams=20000 avg_latency=1.2415 ms avg throuhgput (requests/sec) = 80.6446 res=false
*==== INFO ====* req_id_count= 16500 stream_id=65996 latency=0.937412 ms (tx_ts=158998676335274, rx_ts=158998677272686) request_id=1361427 zil_blk_id=65996 ccf_commit_seqno=1361427 nstreams_done_=16500 config.nstreams=20000 avg_latency=1.2410 ms avg throuhgput (requests/sec) = 80.6587 res=false
*==== INFO ====* req_id_count= 17000 stream_id=67996 latency=1.100327 ms (tx_ts=159004797142317, rx_ts=159004798242644) request_id=1402423 zil_blk_id=67996 ccf_commit_seqno=1402426 nstreams_done_=17000 config.nstreams=20000 avg_latency=1.2410 ms avg throuhgput (requests/sec) = 80.6885 res=false
*==== INFO ====* req_id_count= 17500 stream_id=69996 latency=0.984491 ms (tx_ts=159010937484048, rx_ts=159010938468539) request_id=1443671 zil_blk_id=69996 ccf_commit_seqno=1443671 nstreams_done_=17500 config.nstreams=20000 avg_latency=1.2395 ms avg throuhgput (requests/sec) = 80.7096 res=false
*==== INFO ====* req_id_count= 18000 stream_id=71996 latency=1.087623 ms (tx_ts=159017102342159, rx_ts=159017103429782) request_id=1485019 zil_blk_id=71996 ccf_commit_seqno=1485019 nstreams_done_=18000 config.nstreams=20000 avg_latency=1.2377 ms avg throuhgput (requests/sec) = 80.7204 res=false
*==== INFO ====* req_id_count= 18500 stream_id=73996 latency=1.069189 ms (tx_ts=159023256733828, rx_ts=159023257803017) request_id=1526225 zil_blk_id=73996 ccf_commit_seqno=1526225 nstreams_done_=18500 config.nstreams=20000 avg_latency=1.2375 ms avg throuhgput (requests/sec) = 80.7345 res=false
*==== INFO ====* req_id_count= 19000 stream_id=75996 latency=1.228497 ms (tx_ts=159029430967602, rx_ts=159029432196099) request_id=1565656 zil_blk_id=75996 ccf_commit_seqno=1565657 nstreams_done_=19000 config.nstreams=20000 avg_latency=1.2368 ms avg throuhgput (requests/sec) = 80.7409 res=false
*==== INFO ====* req_id_count= 19500 stream_id=77996 latency=1.481660 ms (tx_ts=159035587426841, rx_ts=159035588908501) request_id=1588711 zil_blk_id=77996 ccf_commit_seqno=1588711 nstreams_done_=19500 config.nstreams=20000 avg_latency=1.2354 ms avg throuhgput (requests/sec) = 80.7529 res=false
*==== INFO ====* http_end_stream ALL streams done! nstreams_done_=20000 avg_latency=1.2325 msreq_id_count= 20000
*==== INFO ====* req_id_count= 20000 stream_id=79996 latency=1.391202 ms (tx_ts=159041705625971, rx_ts=159041707017173) request_id=1598051 zil_blk_id=79996 ccf_commit_seqno=1598051 nstreams_done_=20000 config.nstreams=20000 avg_latency=1.2325 ms avg throuhgput (requests/sec) = 80.7769 res=true
