Uniform: 579974 154755 481180 677961 184772 
Exponential: -2147483648 -2147483648 -2147483648 -2147483648 -2147483648 
Truncated Normal: 431263 719990 721173 750766 80977 
*==== INFO ====* req_id_count= 500 stream_id=1996 latency=0.939997 ms (tx_ts=158800273536005, rx_ts=158800274476002) request_id=40074 zil_blk_id=1996 ccf_commit_seqno=40076 nstreams_done_=500 config.nstreams=20000 avg_latency=1.1059 ms avg throuhgput (requests/sec) = 80.8995 res=false
*==== INFO ====* req_id_count= 1000 stream_id=3996 latency=0.863745 ms (tx_ts=158806459094846, rx_ts=158806459958591) request_id=80860 zil_blk_id=3996 ccf_commit_seqno=80860 nstreams_done_=1000 config.nstreams=20000 avg_latency=1.1024 ms avg throuhgput (requests/sec) = 80.8669 res=false
*==== INFO ====* req_id_count= 1500 stream_id=5996 latency=0.973664 ms (tx_ts=158812651623401, rx_ts=158812652597065) request_id=121759 zil_blk_id=5996 ccf_commit_seqno=121759 nstreams_done_=1500 config.nstreams=20000 avg_latency=1.1005 ms avg throuhgput (requests/sec) = 80.8249 res=false
*==== INFO ====* req_id_count= 2000 stream_id=7996 latency=0.976807 ms (tx_ts=158818846388144, rx_ts=158818847364951) request_id=162756 zil_blk_id=7996 ccf_commit_seqno=162761 nstreams_done_=2000 config.nstreams=20000 avg_latency=1.0956 ms avg throuhgput (requests/sec) = 80.7970 res=false
*==== INFO ====* req_id_count= 2500 stream_id=9996 latency=1.077438 ms (tx_ts=158825036113157, rx_ts=158825037190595) request_id=203805 zil_blk_id=9996 ccf_commit_seqno=203808 nstreams_done_=2500 config.nstreams=20000 avg_latency=1.0952 ms avg throuhgput (requests/sec) = 80.7931 res=false
*==== INFO ====* req_id_count= 3000 stream_id=11996 latency=1.062717 ms (tx_ts=158831223782502, rx_ts=158831224845219) request_id=244843 zil_blk_id=11996 ccf_commit_seqno=244843 nstreams_done_=3000 config.nstreams=20000 avg_latency=1.0922 ms avg throuhgput (requests/sec) = 80.7953 res=false
*==== INFO ====* req_id_count= 3500 stream_id=13996 latency=1.219891 ms (tx_ts=158837418309310, rx_ts=158837419529201) request_id=285936 zil_blk_id=13996 ccf_commit_seqno=285940 nstreams_done_=3500 config.nstreams=20000 avg_latency=1.0970 ms avg throuhgput (requests/sec) = 80.7837 res=false
*==== INFO ====* req_id_count= 4000 stream_id=15996 latency=0.846884 ms (tx_ts=158843593219337, rx_ts=158843594066221) request_id=326980 zil_blk_id=15996 ccf_commit_seqno=326980 nstreams_done_=4000 config.nstreams=20000 avg_latency=1.0976 ms avg throuhgput (requests/sec) = 80.8079 res=false
*==== INFO ====* req_id_count= 4500 stream_id=17996 latency=1.005671 ms (tx_ts=158849791208827, rx_ts=158849792214498) request_id=368149 zil_blk_id=17996 ccf_commit_seqno=368150 nstreams_done_=4500 config.nstreams=20000 avg_latency=1.0966 ms avg throuhgput (requests/sec) = 80.7925 res=false
*==== INFO ====* req_id_count= 5000 stream_id=19996 latency=0.836203 ms (tx_ts=158855993550615, rx_ts=158855994386818) request_id=409394 zil_blk_id=19996 ccf_commit_seqno=409394 nstreams_done_=5000 config.nstreams=20000 avg_latency=1.0976 ms avg throuhgput (requests/sec) = 80.7749 res=false
*==== INFO ====* req_id_count= 5500 stream_id=21996 latency=0.835432 ms (tx_ts=158862199588687, rx_ts=158862200424119) request_id=450685 zil_blk_id=21996 ccf_commit_seqno=450685 nstreams_done_=5500 config.nstreams=20000 avg_latency=1.0977 ms avg throuhgput (requests/sec) = 80.7559 res=false
*==== INFO ====* req_id_count= 6000 stream_id=23996 latency=1.230700 ms (tx_ts=158868403704472, rx_ts=158868404935172) request_id=491903 zil_blk_id=23996 ccf_commit_seqno=491904 nstreams_done_=6000 config.nstreams=20000 avg_latency=1.0988 ms avg throuhgput (requests/sec) = 80.7418 res=false
*==== INFO ====* req_id_count= 6500 stream_id=25996 latency=1.177477 ms (tx_ts=158874533174733, rx_ts=158874534352210) request_id=532664 zil_blk_id=25996 ccf_commit_seqno=532665 nstreams_done_=6500 config.nstreams=20000 avg_latency=1.1009 ms avg throuhgput (requests/sec) = 80.8052 res=false
*==== INFO ====* req_id_count= 7000 stream_id=27996 latency=1.251370 ms (tx_ts=158880605498211, rx_ts=158880606749581) request_id=573108 zil_blk_id=27996 ccf_commit_seqno=573111 nstreams_done_=7000 config.nstreams=20000 avg_latency=1.1029 ms avg throuhgput (requests/sec) = 80.9129 res=false
*==== INFO ====* req_id_count= 7500 stream_id=29996 latency=1.122770 ms (tx_ts=158886676259904, rx_ts=158886677382674) request_id=613459 zil_blk_id=29996 ccf_commit_seqno=613461 nstreams_done_=7500 config.nstreams=20000 avg_latency=1.1033 ms avg throuhgput (requests/sec) = 81.0080 res=false
*==== INFO ====* req_id_count= 8000 stream_id=31996 latency=1.086281 ms (tx_ts=158892775438232, rx_ts=158892776524513) request_id=654150 zil_blk_id=31996 ccf_commit_seqno=654153 nstreams_done_=8000 config.nstreams=20000 avg_latency=1.1055 ms avg throuhgput (requests/sec) = 81.0680 res=false
*==== INFO ====* req_id_count= 8500 stream_id=33996 latency=0.928515 ms (tx_ts=158898840642135, rx_ts=158898841570650) request_id=694564 zil_blk_id=33996 ccf_commit_seqno=694565 nstreams_done_=8500 config.nstreams=20000 avg_latency=1.1053 ms avg throuhgput (requests/sec) = 81.1474 res=false
*==== INFO ====* req_id_count= 9000 stream_id=35996 latency=1.097212 ms (tx_ts=158904904375379, rx_ts=158904905472591) request_id=734989 zil_blk_id=35996 ccf_commit_seqno=734989 nstreams_done_=9000 config.nstreams=20000 avg_latency=1.1073 ms avg throuhgput (requests/sec) = 81.2190 res=false
*==== INFO ====* req_id_count= 9500 stream_id=37996 latency=1.264805 ms (tx_ts=158910966268271, rx_ts=158910967533076) request_id=775393 zil_blk_id=37996 ccf_commit_seqno=775394 nstreams_done_=9500 config.nstreams=20000 avg_latency=1.1059 ms avg throuhgput (requests/sec) = 81.2844 res=false
*==== INFO ====* req_id_count= 10000 stream_id=39996 latency=1.077280 ms (tx_ts=158917027747691, rx_ts=158917028824971) request_id=815786 zil_blk_id=39996 ccf_commit_seqno=815786 nstreams_done_=10000 config.nstreams=20000 avg_latency=1.1085 ms avg throuhgput (requests/sec) = 81.3439 res=false
*==== INFO ====* req_id_count= 10500 stream_id=41996 latency=1.050183 ms (tx_ts=158923090528777, rx_ts=158923091578960) request_id=856248 zil_blk_id=41996 ccf_commit_seqno=856248 nstreams_done_=10500 config.nstreams=20000 avg_latency=1.1081 ms avg throuhgput (requests/sec) = 81.3969 res=false
*==== INFO ====* req_id_count= 11000 stream_id=43996 latency=2.467081 ms (tx_ts=158929124847792, rx_ts=158929127314873) request_id=896636 zil_blk_id=43996 ccf_commit_seqno=896639 nstreams_done_=11000 config.nstreams=20000 avg_latency=1.1068 ms avg throuhgput (requests/sec) = 81.4614 res=false
*==== INFO ====* req_id_count= 11500 stream_id=45996 latency=0.981044 ms (tx_ts=158935194376360, rx_ts=158935195357404) request_id=937232 zil_blk_id=45996 ccf_commit_seqno=937235 nstreams_done_=11500 config.nstreams=20000 avg_latency=1.1058 ms avg throuhgput (requests/sec) = 81.5017 res=false
*==== INFO ====* req_id_count= 12000 stream_id=47996 latency=0.782082 ms (tx_ts=158941282395246, rx_ts=158941283177328) request_id=977891 zil_blk_id=47996 ccf_commit_seqno=977891 nstreams_done_=12000 config.nstreams=20000 avg_latency=1.1065 ms avg throuhgput (requests/sec) = 81.5277 res=false
*==== INFO ====* req_id_count= 12500 stream_id=49996 latency=0.840211 ms (tx_ts=158947363622652, rx_ts=158947364462863) request_id=1018492 zil_blk_id=49996 ccf_commit_seqno=1018492 nstreams_done_=12500 config.nstreams=20000 avg_latency=1.1073 ms avg throuhgput (requests/sec) = 81.5552 res=false
*==== INFO ====* req_id_count= 13000 stream_id=51996 latency=1.666135 ms (tx_ts=158953477212956, rx_ts=158953478879091) request_id=1059238 zil_blk_id=51996 ccf_commit_seqno=1059247 nstreams_done_=13000 config.nstreams=20000 avg_latency=1.1091 ms avg throuhgput (requests/sec) = 81.5636 res=false
*==== INFO ====* req_id_count= 13500 stream_id=53996 latency=1.111808 ms (tx_ts=158959545646060, rx_ts=158959546757868) request_id=1099781 zil_blk_id=53996 ccf_commit_seqno=1099781 nstreams_done_=13500 config.nstreams=20000 avg_latency=1.1095 ms avg throuhgput (requests/sec) = 81.5943 res=false
*==== INFO ====* req_id_count= 14000 stream_id=55996 latency=1.066595 ms (tx_ts=158965611064356, rx_ts=158965612130951) request_id=1140272 zil_blk_id=55996 ccf_commit_seqno=1140274 nstreams_done_=14000 config.nstreams=20000 avg_latency=1.1090 ms avg throuhgput (requests/sec) = 81.6240 res=false
*==== INFO ====* req_id_count= 14500 stream_id=57996 latency=0.851883 ms (tx_ts=158971693364632, rx_ts=158971694216515) request_id=1180972 zil_blk_id=57996 ccf_commit_seqno=1180973 nstreams_done_=14500 config.nstreams=20000 avg_latency=1.1089 ms avg throuhgput (requests/sec) = 81.6440 res=false
*==== INFO ====* req_id_count= 15000 stream_id=59996 latency=1.110466 ms (tx_ts=158977782799229, rx_ts=158977783909695) request_id=1221677 zil_blk_id=59996 ccf_commit_seqno=1221678 nstreams_done_=15000 config.nstreams=20000 avg_latency=1.1092 ms avg throuhgput (requests/sec) = 81.6593 res=false
*==== INFO ====* req_id_count= 15500 stream_id=61996 latency=1.121944 ms (tx_ts=158983861246616, rx_ts=158983862368560) request_id=1262321 zil_blk_id=61996 ccf_commit_seqno=1262323 nstreams_done_=15500 config.nstreams=20000 avg_latency=1.1092 ms avg throuhgput (requests/sec) = 81.6785 res=false
*==== INFO ====* req_id_count= 16000 stream_id=63996 latency=1.115356 ms (tx_ts=158989913904714, rx_ts=158989915020070) request_id=1302794 zil_blk_id=63996 ccf_commit_seqno=1302796 nstreams_done_=16000 config.nstreams=20000 avg_latency=1.1085 ms avg throuhgput (requests/sec) = 81.7073 res=false
*==== INFO ====* req_id_count= 16500 stream_id=65996 latency=1.225030 ms (tx_ts=158995990560601, rx_ts=158995991785631) request_id=1343448 zil_blk_id=65996 ccf_commit_seqno=1343451 nstreams_done_=16500 config.nstreams=20000 avg_latency=1.1087 ms avg throuhgput (requests/sec) = 81.7245 res=false
*==== INFO ====* req_id_count= 17000 stream_id=67996 latency=1.143559 ms (tx_ts=159002061266704, rx_ts=159002062410263) request_id=1384106 zil_blk_id=67996 ccf_commit_seqno=1384110 nstreams_done_=17000 config.nstreams=20000 avg_latency=1.1086 ms avg throuhgput (requests/sec) = 81.7432 res=false
*==== INFO ====* req_id_count= 17500 stream_id=69996 latency=1.202018 ms (tx_ts=159008144021708, rx_ts=159008145223726) request_id=1424880 zil_blk_id=69996 ccf_commit_seqno=1424882 nstreams_done_=17500 config.nstreams=20000 avg_latency=1.1086 ms avg throuhgput (requests/sec) = 81.7561 res=false
*==== INFO ====* req_id_count= 18000 stream_id=71996 latency=0.985232 ms (tx_ts=159014216535100, rx_ts=159014217520332) request_id=1465647 zil_blk_id=71996 ccf_commit_seqno=1465649 nstreams_done_=18000 config.nstreams=20000 avg_latency=1.1083 ms avg throuhgput (requests/sec) = 81.7723 res=false
*==== INFO ====* req_id_count= 18500 stream_id=73996 latency=0.965856 ms (tx_ts=159020262131459, rx_ts=159020263097315) request_id=1506164 zil_blk_id=73996 ccf_commit_seqno=1506165 nstreams_done_=18500 config.nstreams=20000 avg_latency=1.1071 ms avg throuhgput (requests/sec) = 81.7972 res=false
*==== INFO ====* req_id_count= 19000 stream_id=75996 latency=0.842235 ms (tx_ts=159026315676827, rx_ts=159026316519062) request_id=1546664 zil_blk_id=75996 ccf_commit_seqno=1546664 nstreams_done_=19000 config.nstreams=20000 avg_latency=1.1074 ms avg throuhgput (requests/sec) = 81.8181 res=false
*==== INFO ====* req_id_count= 19500 stream_id=77996 latency=0.953185 ms (tx_ts=159032381033685, rx_ts=159032381986870) request_id=1579297 zil_blk_id=77996 ccf_commit_seqno=1579298 nstreams_done_=19500 config.nstreams=20000 avg_latency=1.1064 ms avg throuhgput (requests/sec) = 81.8337 res=false
*==== INFO ====* http_end_stream ALL streams done! nstreams_done_=20000 avg_latency=1.1042 msreq_id_count= 20000
*==== INFO ====* req_id_count= 20000 stream_id=79996 latency=0.920992 ms (tx_ts=159038415686104, rx_ts=159038416607096) request_id=1594380 zil_blk_id=79996 ccf_commit_seqno=1594380 nstreams_done_=20000 config.nstreams=20000 avg_latency=1.1042 ms avg throuhgput (requests/sec) = 81.8590 res=true
