Uniform: 935887 940170 896869 535097 277735 
Exponential: -2147483648 -2147483648 -2147483648 -2147483648 -2147483648 
Truncated Normal: 622883 569236 406061 666289 628744 
*==== INFO ====* req_id_count= 500 stream_id=1996 latency=1.139691 ms (tx_ts=158800392151681, rx_ts=158800393291372) request_id=40846 zil_blk_id=1996 ccf_commit_seqno=40847 nstreams_done_=500 config.nstreams=20000 avg_latency=1.2385 ms avg throuhgput (requests/sec) = 79.5328 res=false
*==== INFO ====* req_id_count= 1000 stream_id=3996 latency=1.235670 ms (tx_ts=158806680358820, rx_ts=158806681594490) request_id=82310 zil_blk_id=3996 ccf_commit_seqno=82311 nstreams_done_=1000 config.nstreams=20000 avg_latency=1.2321 ms avg throuhgput (requests/sec) = 79.5227 res=false
*==== INFO ====* req_id_count= 1500 stream_id=5996 latency=1.006914 ms (tx_ts=158812975859008, rx_ts=158812976865922) request_id=123887 zil_blk_id=5996 ccf_commit_seqno=123887 nstreams_done_=1500 config.nstreams=20000 avg_latency=1.2369 ms avg throuhgput (requests/sec) = 79.4900 res=false
*==== INFO ====* req_id_count= 2000 stream_id=7996 latency=1.129081 ms (tx_ts=158819265904468, rx_ts=158819267033549) request_id=165536 zil_blk_id=7996 ccf_commit_seqno=165536 nstreams_done_=2000 config.nstreams=20000 avg_latency=1.2343 ms avg throuhgput (requests/sec) = 79.4898 res=false
*==== INFO ====* req_id_count= 2500 stream_id=9996 latency=1.181312 ms (tx_ts=158825545718587, rx_ts=158825546899899) request_id=207181 zil_blk_id=9996 ccf_commit_seqno=207183 nstreams_done_=2500 config.nstreams=20000 avg_latency=1.2296 ms avg throuhgput (requests/sec) = 79.5157 res=false
*==== INFO ====* req_id_count= 3000 stream_id=11996 latency=1.150661 ms (tx_ts=158831820012741, rx_ts=158831821163402) request_id=248786 zil_blk_id=11996 ccf_commit_seqno=248786 nstreams_done_=3000 config.nstreams=20000 avg_latency=1.2312 ms avg throuhgput (requests/sec) = 79.5448 res=false
*==== INFO ====* req_id_count= 3500 stream_id=13996 latency=1.470540 ms (tx_ts=158838120022016, rx_ts=158838121492556) request_id=290602 zil_blk_id=13996 ccf_commit_seqno=290606 nstreams_done_=3500 config.nstreams=20000 avg_latency=1.2351 ms avg throuhgput (requests/sec) = 79.5185 res=false
*==== INFO ====* req_id_count= 4000 stream_id=15996 latency=1.221454 ms (tx_ts=158844389874091, rx_ts=158844391095545) request_id=332254 zil_blk_id=15996 ccf_commit_seqno=332257 nstreams_done_=4000 config.nstreams=20000 avg_latency=1.2316 ms avg throuhgput (requests/sec) = 79.5473 res=false
*==== INFO ====* req_id_count= 4500 stream_id=17996 latency=0.897158 ms (tx_ts=158850667966022, rx_ts=158850668863180) request_id=373978 zil_blk_id=17996 ccf_commit_seqno=373978 nstreams_done_=4500 config.nstreams=20000 avg_latency=1.2321 ms avg throuhgput (requests/sec) = 79.5583 res=false
*==== INFO ====* req_id_count= 5000 stream_id=19996 latency=1.038205 ms (tx_ts=158856944723221, rx_ts=158856945761426) request_id=415729 zil_blk_id=19996 ccf_commit_seqno=415729 nstreams_done_=5000 config.nstreams=20000 avg_latency=1.2300 ms avg throuhgput (requests/sec) = 79.5682 res=false
*==== INFO ====* req_id_count= 5500 stream_id=21996 latency=1.226924 ms (tx_ts=158863189799033, rx_ts=158863191025957) request_id=457253 zil_blk_id=21996 ccf_commit_seqno=457253 nstreams_done_=5500 config.nstreams=20000 avg_latency=1.2250 ms avg throuhgput (requests/sec) = 79.6127 res=false
*==== INFO ====* req_id_count= 6000 stream_id=23996 latency=1.111629 ms (tx_ts=158869453955319, rx_ts=158869455066948) request_id=498886 zil_blk_id=23996 ccf_commit_seqno=498891 nstreams_done_=6000 config.nstreams=20000 avg_latency=1.2231 ms avg throuhgput (requests/sec) = 79.6300 res=false
*==== INFO ====* req_id_count= 6500 stream_id=25996 latency=1.166771 ms (tx_ts=158875730037542, rx_ts=158875731204313) request_id=540657 zil_blk_id=25996 ccf_commit_seqno=540659 nstreams_done_=6500 config.nstreams=20000 avg_latency=1.2244 ms avg throuhgput (requests/sec) = 79.6328 res=false
*==== INFO ====* req_id_count= 7000 stream_id=27996 latency=0.977428 ms (tx_ts=158882030108086, rx_ts=158882031085514) request_id=582523 zil_blk_id=27996 ccf_commit_seqno=582524 nstreams_done_=7000 config.nstreams=20000 avg_latency=1.2274 ms avg throuhgput (requests/sec) = 79.6138 res=false
*==== INFO ====* req_id_count= 7500 stream_id=29996 latency=0.963682 ms (tx_ts=158888329596277, rx_ts=158888330559959) request_id=624497 zil_blk_id=29996 ccf_commit_seqno=624498 nstreams_done_=7500 config.nstreams=20000 avg_latency=1.2281 ms avg throuhgput (requests/sec) = 79.5976 res=false
*==== INFO ====* req_id_count= 8000 stream_id=31996 latency=0.974522 ms (tx_ts=158894584248567, rx_ts=158894585223089) request_id=666194 zil_blk_id=31996 ccf_commit_seqno=666194 nstreams_done_=8000 config.nstreams=20000 avg_latency=1.2265 ms avg throuhgput (requests/sec) = 79.6189 res=false
*==== INFO ====* req_id_count= 8500 stream_id=33996 latency=1.563623 ms (tx_ts=158900909062889, rx_ts=158900910626512) request_id=708335 zil_blk_id=33996 ccf_commit_seqno=708342 nstreams_done_=8500 config.nstreams=20000 avg_latency=1.2295 ms avg throuhgput (requests/sec) = 79.5850 res=false
*==== INFO ====* req_id_count= 9000 stream_id=35996 latency=0.932914 ms (tx_ts=158907207122457, rx_ts=158907208055371) request_id=750306 zil_blk_id=35996 ccf_commit_seqno=750306 nstreams_done_=9000 config.nstreams=20000 avg_latency=1.2294 ms avg throuhgput (requests/sec) = 79.5746 res=false
*==== INFO ====* req_id_count= 9500 stream_id=37996 latency=1.203770 ms (tx_ts=158913503961996, rx_ts=158913505165766) request_id=792322 zil_blk_id=37996 ccf_commit_seqno=792323 nstreams_done_=9500 config.nstreams=20000 avg_latency=1.2295 ms avg throuhgput (requests/sec) = 79.5654 res=false
*==== INFO ====* req_id_count= 10000 stream_id=39996 latency=1.019965 ms (tx_ts=158919801273847, rx_ts=158919802293812) request_id=834271 zil_blk_id=39996 ccf_commit_seqno=834272 nstreams_done_=10000 config.nstreams=20000 avg_latency=1.2309 ms avg throuhgput (requests/sec) = 79.5572 res=false
*==== INFO ====* req_id_count= 10500 stream_id=41996 latency=1.035546 ms (tx_ts=158926090889323, rx_ts=158926091924869) request_id=876338 zil_blk_id=41996 ccf_commit_seqno=876338 nstreams_done_=10500 config.nstreams=20000 avg_latency=1.2303 ms avg throuhgput (requests/sec) = 79.5543 res=false
*==== INFO ====* req_id_count= 11000 stream_id=43996 latency=0.913738 ms (tx_ts=158932354259700, rx_ts=158932355173438) request_id=918244 zil_blk_id=43996 ccf_commit_seqno=918244 nstreams_done_=11000 config.nstreams=20000 avg_latency=1.2297 ms avg throuhgput (requests/sec) = 79.5668 res=false
*==== INFO ====* req_id_count= 11500 stream_id=45996 latency=1.303738 ms (tx_ts=158938639968108, rx_ts=158938641271846) request_id=960264 zil_blk_id=45996 ccf_commit_seqno=960265 nstreams_done_=11500 config.nstreams=20000 avg_latency=1.2299 ms avg throuhgput (requests/sec) = 79.5657 res=false
*==== INFO ====* req_id_count= 12000 stream_id=47996 latency=0.920671 ms (tx_ts=158944919737344, rx_ts=158944920658015) request_id=1002205 zil_blk_id=47996 ccf_commit_seqno=1002205 nstreams_done_=12000 config.nstreams=20000 avg_latency=1.2283 ms avg throuhgput (requests/sec) = 79.5682 res=false
*==== INFO ====* req_id_count= 12500 stream_id=49996 latency=1.401411 ms (tx_ts=158951202501798, rx_ts=158951203903209) request_id=1044152 zil_blk_id=49996 ccf_commit_seqno=1044155 nstreams_done_=12500 config.nstreams=20000 avg_latency=1.2277 ms avg throuhgput (requests/sec) = 79.5685 res=false
*==== INFO ====* req_id_count= 13000 stream_id=51996 latency=0.861442 ms (tx_ts=158957481461039, rx_ts=158957482322481) request_id=1085968 zil_blk_id=51996 ccf_commit_seqno=1085968 nstreams_done_=13000 config.nstreams=20000 avg_latency=1.2281 ms avg throuhgput (requests/sec) = 79.5712 res=false
*==== INFO ====* req_id_count= 13500 stream_id=53996 latency=1.258754 ms (tx_ts=158963719640202, rx_ts=158963720898956) request_id=1127662 zil_blk_id=53996 ccf_commit_seqno=1127663 nstreams_done_=13500 config.nstreams=20000 avg_latency=1.2270 ms avg throuhgput (requests/sec) = 79.5923 res=false
*==== INFO ====* req_id_count= 14000 stream_id=55996 latency=1.190425 ms (tx_ts=158969943085446, rx_ts=158969944275871) request_id=1169251 zil_blk_id=55996 ccf_commit_seqno=1169251 nstreams_done_=14000 config.nstreams=20000 avg_latency=1.2254 ms avg throuhgput (requests/sec) = 79.6189 res=false
*==== INFO ====* req_id_count= 14500 stream_id=57996 latency=1.205294 ms (tx_ts=158976228019972, rx_ts=158976229225266) request_id=1211261 zil_blk_id=57996 ccf_commit_seqno=1211265 nstreams_done_=14500 config.nstreams=20000 avg_latency=1.2258 ms avg throuhgput (requests/sec) = 79.6167 res=false
*==== INFO ====* req_id_count= 15000 stream_id=59996 latency=1.375592 ms (tx_ts=158982484311145, rx_ts=158982485686737) request_id=1253136 zil_blk_id=59996 ccf_commit_seqno=1253138 nstreams_done_=15000 config.nstreams=20000 avg_latency=1.2256 ms avg throuhgput (requests/sec) = 79.6267 res=false
*==== INFO ====* req_id_count= 15500 stream_id=61996 latency=1.282929 ms (tx_ts=158988760916400, rx_ts=158988762199329) request_id=1295093 zil_blk_id=61996 ccf_commit_seqno=1295096 nstreams_done_=15500 config.nstreams=20000 avg_latency=1.2267 ms avg throuhgput (requests/sec) = 79.6278 res=false
*==== INFO ====* req_id_count= 16000 stream_id=63996 latency=1.193020 ms (tx_ts=158995029530226, rx_ts=158995030723246) request_id=1337024 zil_blk_id=63996 ccf_commit_seqno=1337025 nstreams_done_=16000 config.nstreams=20000 avg_latency=1.2265 ms avg throuhgput (requests/sec) = 79.6320 res=false
*==== INFO ====* req_id_count= 16500 stream_id=65996 latency=0.897241 ms (tx_ts=159001288166359, rx_ts=159001289063600) request_id=1378921 zil_blk_id=65996 ccf_commit_seqno=1378921 nstreams_done_=16500 config.nstreams=20000 avg_latency=1.2268 ms avg throuhgput (requests/sec) = 79.6399 res=false
*==== INFO ====* req_id_count= 17000 stream_id=67996 latency=1.322272 ms (tx_ts=159007429166037, rx_ts=159007430488309) request_id=1420081 zil_blk_id=67996 ccf_commit_seqno=1420088 nstreams_done_=17000 config.nstreams=20000 avg_latency=1.2253 ms avg throuhgput (requests/sec) = 79.6910 res=false
*==== INFO ====* req_id_count= 17500 stream_id=69996 latency=1.161672 ms (tx_ts=159013425179177, rx_ts=159013426340849) request_id=1460354 zil_blk_id=69996 ccf_commit_seqno=1460355 nstreams_done_=17500 config.nstreams=20000 avg_latency=1.2235 ms avg throuhgput (requests/sec) = 79.7922 res=false
*==== INFO ====* req_id_count= 18000 stream_id=71996 latency=1.325533 ms (tx_ts=159019417760924, rx_ts=159019419086457) request_id=1500510 zil_blk_id=71996 ccf_commit_seqno=1500516 nstreams_done_=18000 config.nstreams=20000 avg_latency=1.2222 ms avg throuhgput (requests/sec) = 79.8890 res=false
*==== INFO ====* req_id_count= 18500 stream_id=73996 latency=1.148968 ms (tx_ts=159025434087638, rx_ts=159025435236606) request_id=1540786 zil_blk_id=73996 ccf_commit_seqno=1540790 nstreams_done_=18500 config.nstreams=20000 avg_latency=1.2221 ms avg throuhgput (requests/sec) = 79.9728 res=false
*==== INFO ====* req_id_count= 19000 stream_id=75996 latency=1.217046 ms (tx_ts=159031472062737, rx_ts=159031473279783) request_id=1575709 zil_blk_id=75996 ccf_commit_seqno=1575710 nstreams_done_=19000 config.nstreams=20000 avg_latency=1.2227 ms avg throuhgput (requests/sec) = 80.0449 res=false
*==== INFO ====* req_id_count= 19500 stream_id=77996 latency=1.473936 ms (tx_ts=159037513018326, rx_ts=159037514492262) request_id=1592804 zil_blk_id=77996 ccf_commit_seqno=1592804 nstreams_done_=19500 config.nstreams=20000 avg_latency=1.2222 ms avg throuhgput (requests/sec) = 80.1124 res=false
*==== INFO ====* http_end_stream ALL streams done! nstreams_done_=20000 avg_latency=1.2169 msreq_id_count= 20000
*==== INFO ====* req_id_count= 20000 stream_id=79996 latency=0.890264 ms (tx_ts=159043632316320, rx_ts=159043633206584) request_id=1599359 zil_blk_id=79996 ccf_commit_seqno=1599359 nstreams_done_=20000 config.nstreams=20000 avg_latency=1.2169 ms avg throuhgput (requests/sec) = 80.1518 res=true
