Uniform: 43373 31683 635472 399010 58495 
Exponential: -2147483648 -2147483648 -2147483648 -2147483648 -2147483648 
Truncated Normal: 400930 414193 174384 546475 157139 
*==== INFO ====* req_id_count= 500 stream_id=1996 latency=0.889513 ms (tx_ts=158800219580468, rx_ts=158800220469981) request_id=39730 zil_blk_id=1996 ccf_commit_seqno=39730 nstreams_done_=500 config.nstreams=20000 avg_latency=1.0583 ms avg throuhgput (requests/sec) = 81.5507 res=false
*==== INFO ====* req_id_count= 1000 stream_id=3996 latency=0.803523 ms (tx_ts=158806358306813, rx_ts=158806359110336) request_id=80201 zil_blk_id=3996 ccf_commit_seqno=80201 nstreams_done_=1000 config.nstreams=20000 avg_latency=1.0445 ms avg throuhgput (requests/sec) = 81.5009 res=false
*==== INFO ====* req_id_count= 1500 stream_id=5996 latency=1.295954 ms (tx_ts=158812524813757, rx_ts=158812526109711) request_id=120924 zil_blk_id=5996 ccf_commit_seqno=120927 nstreams_done_=1500 config.nstreams=20000 avg_latency=1.0551 ms avg throuhgput (requests/sec) = 81.3590 res=false
*==== INFO ====* req_id_count= 2000 stream_id=7996 latency=1.206827 ms (tx_ts=158818667182404, rx_ts=158818668389231) request_id=161564 zil_blk_id=7996 ccf_commit_seqno=161569 nstreams_done_=2000 config.nstreams=20000 avg_latency=1.0532 ms avg throuhgput (requests/sec) = 81.3700 res=false
*==== INFO ====* req_id_count= 2500 stream_id=9996 latency=0.867665 ms (tx_ts=158824814450792, rx_ts=158824815318457) request_id=202340 zil_blk_id=9996 ccf_commit_seqno=202341 nstreams_done_=2500 config.nstreams=20000 avg_latency=1.0534 ms avg throuhgput (requests/sec) = 81.3643 res=false
*==== INFO ====* req_id_count= 3000 stream_id=11996 latency=1.071614 ms (tx_ts=158830930656447, rx_ts=158830931728061) request_id=242909 zil_blk_id=11996 ccf_commit_seqno=242910 nstreams_done_=3000 config.nstreams=20000 avg_latency=1.0514 ms avg throuhgput (requests/sec) = 81.4279 res=false
*==== INFO ====* req_id_count= 3500 stream_id=13996 latency=0.919730 ms (tx_ts=158837063389660, rx_ts=158837064309390) request_id=283586 zil_blk_id=13996 ccf_commit_seqno=283588 nstreams_done_=3500 config.nstreams=20000 avg_latency=1.0514 ms avg throuhgput (requests/sec) = 81.4427 res=false
*==== INFO ====* req_id_count= 4000 stream_id=15996 latency=0.784868 ms (tx_ts=158843207202244, rx_ts=158843207987112) request_id=324419 zil_blk_id=15996 ccf_commit_seqno=324419 nstreams_done_=4000 config.nstreams=20000 avg_latency=1.0544 ms avg throuhgput (requests/sec) = 81.4354 res=false
*==== INFO ====* req_id_count= 4500 stream_id=17996 latency=0.848924 ms (tx_ts=158849336379315, rx_ts=158849337228239) request_id=365132 zil_blk_id=17996 ccf_commit_seqno=365134 nstreams_done_=4500 config.nstreams=20000 avg_latency=1.0535 ms avg throuhgput (requests/sec) = 81.4510 res=false
*==== INFO ====* req_id_count= 5000 stream_id=19996 latency=0.781351 ms (tx_ts=158855469806434, rx_ts=158855470587785) request_id=405908 zil_blk_id=19996 ccf_commit_seqno=405908 nstreams_done_=5000 config.nstreams=20000 avg_latency=1.0519 ms avg throuhgput (requests/sec) = 81.4581 res=false
*==== INFO ====* req_id_count= 5500 stream_id=21996 latency=1.036067 ms (tx_ts=158861583137867, rx_ts=158861584173934) request_id=446592 zil_blk_id=21996 ccf_commit_seqno=446593 nstreams_done_=5500 config.nstreams=20000 avg_latency=1.0515 ms avg throuhgput (requests/sec) = 81.4877 res=false
*==== INFO ====* req_id_count= 6000 stream_id=23996 latency=1.049963 ms (tx_ts=158867737839985, rx_ts=158867738889948) request_id=487471 zil_blk_id=23996 ccf_commit_seqno=487472 nstreams_done_=6000 config.nstreams=20000 avg_latency=1.0554 ms avg throuhgput (requests/sec) = 81.4669 res=false
*==== INFO ====* req_id_count= 6500 stream_id=25996 latency=0.864497 ms (tx_ts=158873884970770, rx_ts=158873885835267) request_id=528335 zil_blk_id=25996 ccf_commit_seqno=528336 nstreams_done_=6500 config.nstreams=20000 avg_latency=1.0562 ms avg throuhgput (requests/sec) = 81.4572 res=false
*==== INFO ====* req_id_count= 7000 stream_id=27996 latency=0.897919 ms (tx_ts=158879981969254, rx_ts=158879982867173) request_id=568958 zil_blk_id=27996 ccf_commit_seqno=568958 nstreams_done_=7000 config.nstreams=20000 avg_latency=1.0552 ms avg throuhgput (requests/sec) = 81.4962 res=false
*==== INFO ====* req_id_count= 7500 stream_id=29996 latency=1.040886 ms (tx_ts=158886111618667, rx_ts=158886112659553) request_id=609700 zil_blk_id=29996 ccf_commit_seqno=609701 nstreams_done_=7500 config.nstreams=20000 avg_latency=1.0582 ms avg throuhgput (requests/sec) = 81.5011 res=false
*==== INFO ====* req_id_count= 8000 stream_id=31996 latency=1.026168 ms (tx_ts=158892207021504, rx_ts=158892208047672) request_id=650368 zil_blk_id=31996 ccf_commit_seqno=650371 nstreams_done_=8000 config.nstreams=20000 avg_latency=1.0568 ms avg throuhgput (requests/sec) = 81.5339 res=false
*==== INFO ====* req_id_count= 8500 stream_id=33996 latency=0.889964 ms (tx_ts=158898314761752, rx_ts=158898315651716) request_id=691066 zil_blk_id=33996 ccf_commit_seqno=691067 nstreams_done_=8500 config.nstreams=20000 avg_latency=1.0568 ms avg throuhgput (requests/sec) = 81.5533 res=false
*==== INFO ====* req_id_count= 9000 stream_id=35996 latency=1.121738 ms (tx_ts=158904430981563, rx_ts=158904432103301) request_id=731836 zil_blk_id=35996 ccf_commit_seqno=731837 nstreams_done_=9000 config.nstreams=20000 avg_latency=1.0568 ms avg throuhgput (requests/sec) = 81.5640 res=false
*==== INFO ====* req_id_count= 9500 stream_id=37996 latency=0.779207 ms (tx_ts=158910517892396, rx_ts=158910518671603) request_id=772411 zil_blk_id=37996 ccf_commit_seqno=772411 nstreams_done_=9500 config.nstreams=20000 avg_latency=1.0549 ms avg throuhgput (requests/sec) = 81.5945 res=false
*==== INFO ====* req_id_count= 10000 stream_id=39996 latency=0.801799 ms (tx_ts=158916647793019, rx_ts=158916648594818) request_id=813253 zil_blk_id=39996 ccf_commit_seqno=813253 nstreams_done_=10000 config.nstreams=20000 avg_latency=1.0564 ms avg throuhgput (requests/sec) = 81.5932 res=false
*==== INFO ====* req_id_count= 10500 stream_id=41996 latency=1.111807 ms (tx_ts=158922769503456, rx_ts=158922770615263) request_id=854105 zil_blk_id=41996 ccf_commit_seqno=854108 nstreams_done_=10500 config.nstreams=20000 avg_latency=1.0565 ms avg throuhgput (requests/sec) = 81.5969 res=false
*==== INFO ====* req_id_count= 11000 stream_id=43996 latency=0.893670 ms (tx_ts=158928893503590, rx_ts=158928894397260) request_id=895088 zil_blk_id=43996 ccf_commit_seqno=895089 nstreams_done_=11000 config.nstreams=20000 avg_latency=1.0571 ms avg throuhgput (requests/sec) = 81.5993 res=false
*==== INFO ====* req_id_count= 11500 stream_id=45996 latency=1.036688 ms (tx_ts=158934984229655, rx_ts=158934985266343) request_id=935821 zil_blk_id=45996 ccf_commit_seqno=935823 nstreams_done_=11500 config.nstreams=20000 avg_latency=1.0545 ms avg throuhgput (requests/sec) = 81.6205 res=false
*==== INFO ====* req_id_count= 12000 stream_id=47996 latency=1.070241 ms (tx_ts=158941119402351, rx_ts=158941120472592) request_id=976800 zil_blk_id=47996 ccf_commit_seqno=976800 nstreams_done_=12000 config.nstreams=20000 avg_latency=1.0548 ms avg throuhgput (requests/sec) = 81.6154 res=false
*==== INFO ====* req_id_count= 12500 stream_id=49996 latency=0.858575 ms (tx_ts=158947235416982, rx_ts=158947236275557) request_id=1017639 zil_blk_id=49996 ccf_commit_seqno=1017639 nstreams_done_=12500 config.nstreams=20000 avg_latency=1.0536 ms avg throuhgput (requests/sec) = 81.6209 res=false
*==== INFO ====* req_id_count= 13000 stream_id=51996 latency=1.342961 ms (tx_ts=158953360754570, rx_ts=158953362097531) request_id=1058461 zil_blk_id=51996 ccf_commit_seqno=1058466 nstreams_done_=13000 config.nstreams=20000 avg_latency=1.0556 ms avg throuhgput (requests/sec) = 81.6210 res=false
*==== INFO ====* req_id_count= 13500 stream_id=53996 latency=1.103733 ms (tx_ts=158959509702741, rx_ts=158959510806474) request_id=1099540 zil_blk_id=53996 ccf_commit_seqno=1099540 nstreams_done_=13500 config.nstreams=20000 avg_latency=1.0565 ms avg throuhgput (requests/sec) = 81.6097 res=false
*==== INFO ====* req_id_count= 14000 stream_id=55996 latency=1.478795 ms (tx_ts=158965655881194, rx_ts=158965657359989) request_id=1140567 zil_blk_id=55996 ccf_commit_seqno=1140573 nstreams_done_=14000 config.nstreams=20000 avg_latency=1.0577 ms avg throuhgput (requests/sec) = 81.6003 res=false
*==== INFO ====* req_id_count= 14500 stream_id=57996 latency=1.233416 ms (tx_ts=158971771710029, rx_ts=158971772943445) request_id=1181500 zil_blk_id=57996 ccf_commit_seqno=1181504 nstreams_done_=14500 config.nstreams=20000 avg_latency=1.0574 ms avg throuhgput (requests/sec) = 81.6057 res=false
*==== INFO ====* req_id_count= 15000 stream_id=59996 latency=1.127849 ms (tx_ts=158977894790640, rx_ts=158977895918489) request_id=1222426 zil_blk_id=59996 ccf_commit_seqno=1222429 nstreams_done_=15000 config.nstreams=20000 avg_latency=1.0570 ms avg throuhgput (requests/sec) = 81.6075 res=false
*==== INFO ====* req_id_count= 15500 stream_id=61996 latency=1.109274 ms (tx_ts=158984016256072, rx_ts=158984017365346) request_id=1263351 zil_blk_id=61996 ccf_commit_seqno=1263353 nstreams_done_=15500 config.nstreams=20000 avg_latency=1.0574 ms avg throuhgput (requests/sec) = 81.6099 res=false
*==== INFO ====* req_id_count= 16000 stream_id=63996 latency=0.811958 ms (tx_ts=158990135789105, rx_ts=158990136601063) request_id=1304286 zil_blk_id=63996 ccf_commit_seqno=1304287 nstreams_done_=16000 config.nstreams=20000 avg_latency=1.0572 ms avg throuhgput (requests/sec) = 81.6130 res=false
*==== INFO ====* req_id_count= 16500 stream_id=65996 latency=1.107972 ms (tx_ts=158996247985544, rx_ts=158996249093516) request_id=1345172 zil_blk_id=65996 ccf_commit_seqno=1345178 nstreams_done_=16500 config.nstreams=20000 avg_latency=1.0566 ms avg throuhgput (requests/sec) = 81.6186 res=false
*==== INFO ====* req_id_count= 17000 stream_id=67996 latency=0.967209 ms (tx_ts=159002390829568, rx_ts=159002391796777) request_id=1386324 zil_blk_id=67996 ccf_commit_seqno=1386326 nstreams_done_=17000 config.nstreams=20000 avg_latency=1.0571 ms avg throuhgput (requests/sec) = 81.6121 res=false
*==== INFO ====* req_id_count= 17500 stream_id=69996 latency=1.103333 ms (tx_ts=159008468950304, rx_ts=159008470053637) request_id=1427066 zil_blk_id=69996 ccf_commit_seqno=1427067 nstreams_done_=17500 config.nstreams=20000 avg_latency=1.0561 ms avg throuhgput (requests/sec) = 81.6305 res=false
*==== INFO ====* req_id_count= 18000 stream_id=71996 latency=0.768978 ms (tx_ts=159014593038875, rx_ts=159014593807853) request_id=1468170 zil_blk_id=71996 ccf_commit_seqno=1468171 nstreams_done_=18000 config.nstreams=20000 avg_latency=1.0557 ms avg throuhgput (requests/sec) = 81.6310 res=false
*==== INFO ====* req_id_count= 18500 stream_id=73996 latency=0.888521 ms (tx_ts=159020710137863, rx_ts=159020711026384) request_id=1509167 zil_blk_id=73996 ccf_commit_seqno=1509167 nstreams_done_=18500 config.nstreams=20000 avg_latency=1.0560 ms avg throuhgput (requests/sec) = 81.6338 res=false
*==== INFO ====* req_id_count= 19000 stream_id=75996 latency=1.079589 ms (tx_ts=159026807720720, rx_ts=159026808800309) request_id=1549909 zil_blk_id=75996 ccf_commit_seqno=1549911 nstreams_done_=19000 config.nstreams=20000 avg_latency=1.0550 ms avg throuhgput (requests/sec) = 81.6434 res=false
*==== INFO ====* req_id_count= 19500 stream_id=77996 latency=0.974302 ms (tx_ts=159032885326511, rx_ts=159032886300813) request_id=1581134 zil_blk_id=77996 ccf_commit_seqno=1581135 nstreams_done_=19500 config.nstreams=20000 avg_latency=1.0543 ms avg throuhgput (requests/sec) = 81.6593 res=false
*==== INFO ====* http_end_stream ALL streams done! nstreams_done_=20000 avg_latency=1.0512 msreq_id_count= 20000
*==== INFO ====* req_id_count= 20000 stream_id=79996 latency=0.823209 ms (tx_ts=159038899152108, rx_ts=159038899975317) request_id=1595068 zil_blk_id=79996 ccf_commit_seqno=1595068 nstreams_done_=20000 config.nstreams=20000 avg_latency=1.0512 ms avg throuhgput (requests/sec) = 81.6958 res=true
