Uniform: 464893 999883 887477 957940 735403 
Exponential: -2147483648 -2147483648 -2147483648 -2147483648 -2147483648 
Truncated Normal: 542107 678570 571236 497746 293631 
*==== INFO ====* req_id_count= 500 stream_id=1996 latency=1.085741 ms (tx_ts=158800098845617, rx_ts=158800099931358) request_id=38952 zil_blk_id=1996 ccf_commit_seqno=38952 nstreams_done_=500 config.nstreams=20000 avg_latency=1.2380 ms avg throuhgput (requests/sec) = 83.4673 res=false
*==== INFO ====* req_id_count= 1000 stream_id=3996 latency=1.392374 ms (tx_ts=158806089633939, rx_ts=158806091026313) request_id=78447 zil_blk_id=3996 ccf_commit_seqno=78453 nstreams_done_=1000 config.nstreams=20000 avg_latency=1.2377 ms avg throuhgput (requests/sec) = 83.4622 res=false
*==== INFO ====* req_id_count= 1500 stream_id=5996 latency=1.118071 ms (tx_ts=158812094101517, rx_ts=158812095219588) request_id=118094 zil_blk_id=5996 ccf_commit_seqno=118094 nstreams_done_=1500 config.nstreams=20000 avg_latency=1.2419 ms avg throuhgput (requests/sec) = 83.3998 res=false
*==== INFO ====* req_id_count= 2000 stream_id=7996 latency=1.331610 ms (tx_ts=158818099910497, rx_ts=158818101242107) request_id=157811 zil_blk_id=7996 ccf_commit_seqno=157814 nstreams_done_=2000 config.nstreams=20000 avg_latency=1.2425 ms avg throuhgput (requests/sec) = 83.3622 res=false
*==== INFO ====* req_id_count= 2500 stream_id=9996 latency=1.220806 ms (tx_ts=158824100441825, rx_ts=158824101662631) request_id=197630 zil_blk_id=9996 ccf_commit_seqno=197630 nstreams_done_=2500 config.nstreams=20000 avg_latency=1.2431 ms avg throuhgput (requests/sec) = 83.3553 res=false
*==== INFO ====* req_id_count= 3000 stream_id=11996 latency=1.103688 ms (tx_ts=158830101592570, rx_ts=158830102696258) request_id=237424 zil_blk_id=11996 ccf_commit_seqno=237426 nstreams_done_=3000 config.nstreams=20000 avg_latency=1.2427 ms avg throuhgput (requests/sec) = 83.3492 res=false
*==== INFO ====* req_id_count= 3500 stream_id=13996 latency=1.278591 ms (tx_ts=158836096334517, rx_ts=158836097613108) request_id=277151 zil_blk_id=13996 ccf_commit_seqno=277152 nstreams_done_=3500 config.nstreams=20000 avg_latency=1.2433 ms avg throuhgput (requests/sec) = 83.3570 res=false
*==== INFO ====* req_id_count= 4000 stream_id=15996 latency=0.987968 ms (tx_ts=158842090810678, rx_ts=158842091798646) request_id=316975 zil_blk_id=15996 ccf_commit_seqno=316975 nstreams_done_=4000 config.nstreams=20000 avg_latency=1.2426 ms avg throuhgput (requests/sec) = 83.3642 res=false
*==== INFO ====* req_id_count= 4500 stream_id=17996 latency=1.040652 ms (tx_ts=158848078218267, rx_ts=158848079258919) request_id=356790 zil_blk_id=17996 ccf_commit_seqno=356791 nstreams_done_=4500 config.nstreams=20000 avg_latency=1.2423 ms avg throuhgput (requests/sec) = 83.3801 res=false
*==== INFO ====* req_id_count= 5000 stream_id=19996 latency=1.367297 ms (tx_ts=158854073369417, rx_ts=158854074736714) request_id=396633 zil_blk_id=19996 ccf_commit_seqno=396634 nstreams_done_=5000 config.nstreams=20000 avg_latency=1.2439 ms avg throuhgput (requests/sec) = 83.3817 res=false
*==== INFO ====* req_id_count= 5500 stream_id=21996 latency=1.026693 ms (tx_ts=158860049288565, rx_ts=158860050315258) request_id=436371 zil_blk_id=21996 ccf_commit_seqno=436371 nstreams_done_=5500 config.nstreams=20000 avg_latency=1.2425 ms avg throuhgput (requests/sec) = 83.4082 res=false
*==== INFO ====* req_id_count= 6000 stream_id=23996 latency=0.967199 ms (tx_ts=158866061675549, rx_ts=158866062642748) request_id=476334 zil_blk_id=23996 ccf_commit_seqno=476334 nstreams_done_=6000 config.nstreams=20000 avg_latency=1.2457 ms avg throuhgput (requests/sec) = 83.3877 res=false
*==== INFO ====* req_id_count= 6500 stream_id=25996 latency=1.244587 ms (tx_ts=158872085730702, rx_ts=158872086975289) request_id=516400 zil_blk_id=25996 ccf_commit_seqno=516400 nstreams_done_=6500 config.nstreams=20000 avg_latency=1.2493 ms avg throuhgput (requests/sec) = 83.3575 res=false
*==== INFO ====* req_id_count= 7000 stream_id=27996 latency=1.001903 ms (tx_ts=158878116949796, rx_ts=158878117951699) request_id=556518 zil_blk_id=27996 ccf_commit_seqno=556518 nstreams_done_=7000 config.nstreams=20000 avg_latency=1.2504 ms avg throuhgput (requests/sec) = 83.3250 res=false
*==== INFO ====* req_id_count= 7500 stream_id=29996 latency=1.229619 ms (tx_ts=158884151925211, rx_ts=158884153154830) request_id=596625 zil_blk_id=29996 ccf_commit_seqno=596626 nstreams_done_=7500 config.nstreams=20000 avg_latency=1.2554 ms avg throuhgput (requests/sec) = 83.2930 res=false
*==== INFO ====* req_id_count= 8000 stream_id=31996 latency=1.259872 ms (tx_ts=158890148426395, rx_ts=158890149686267) request_id=636627 zil_blk_id=31996 ccf_commit_seqno=636630 nstreams_done_=8000 config.nstreams=20000 avg_latency=1.2538 ms avg throuhgput (requests/sec) = 83.2985 res=false
*==== INFO ====* req_id_count= 8500 stream_id=33996 latency=1.213784 ms (tx_ts=158896163044457, rx_ts=158896164258241) request_id=676697 zil_blk_id=33996 ccf_commit_seqno=676699 nstreams_done_=8500 config.nstreams=20000 avg_latency=1.2548 ms avg throuhgput (requests/sec) = 83.2887 res=false
*==== INFO ====* req_id_count= 9000 stream_id=35996 latency=1.264460 ms (tx_ts=158902150099797, rx_ts=158902151364257) request_id=716621 zil_blk_id=35996 ccf_commit_seqno=716622 nstreams_done_=9000 config.nstreams=20000 avg_latency=1.2542 ms avg throuhgput (requests/sec) = 83.3011 res=false
*==== INFO ====* req_id_count= 9500 stream_id=37996 latency=1.283030 ms (tx_ts=158908171628917, rx_ts=158908172911947) request_id=756737 zil_blk_id=37996 ccf_commit_seqno=756737 nstreams_done_=9500 config.nstreams=20000 avg_latency=1.2578 ms avg throuhgput (requests/sec) = 83.2870 res=false
*==== INFO ====* req_id_count= 10000 stream_id=39996 latency=1.393234 ms (tx_ts=158914173170411, rx_ts=158914174563645) request_id=796767 zil_blk_id=39996 ccf_commit_seqno=796768 nstreams_done_=10000 config.nstreams=20000 avg_latency=1.2574 ms avg throuhgput (requests/sec) = 83.2882 res=false
*==== INFO ====* req_id_count= 10500 stream_id=41996 latency=1.130121 ms (tx_ts=158920172587397, rx_ts=158920173717518) request_id=836747 zil_blk_id=41996 ccf_commit_seqno=836749 nstreams_done_=10500 config.nstreams=20000 avg_latency=1.2570 ms avg throuhgput (requests/sec) = 83.2909 res=false
*==== INFO ====* req_id_count= 11000 stream_id=43996 latency=2.802711 ms (tx_ts=158926134279874, rx_ts=158926137082585) request_id=876627 zil_blk_id=43996 ccf_commit_seqno=876628 nstreams_done_=11000 config.nstreams=20000 avg_latency=1.2547 ms avg throuhgput (requests/sec) = 83.3160 res=false
*==== INFO ====* req_id_count= 11500 stream_id=45996 latency=1.314637 ms (tx_ts=158932111738734, rx_ts=158932113053371) request_id=916629 zil_blk_id=45996 ccf_commit_seqno=916632 nstreams_done_=11500 config.nstreams=20000 avg_latency=1.2527 ms avg throuhgput (requests/sec) = 83.3312 res=false
*==== INFO ====* req_id_count= 12000 stream_id=47996 latency=1.207008 ms (tx_ts=158938097182142, rx_ts=158938098389150) request_id=956634 zil_blk_id=47996 ccf_commit_seqno=956635 nstreams_done_=12000 config.nstreams=20000 avg_latency=1.2517 ms avg throuhgput (requests/sec) = 83.3398 res=false
*==== INFO ====* req_id_count= 12500 stream_id=49996 latency=1.425512 ms (tx_ts=158944079472166, rx_ts=158944080897678) request_id=996598 zil_blk_id=49996 ccf_commit_seqno=996602 nstreams_done_=12500 config.nstreams=20000 avg_latency=1.2509 ms avg throuhgput (requests/sec) = 83.3493 res=false
*==== INFO ====* req_id_count= 13000 stream_id=51996 latency=1.564150 ms (tx_ts=158950076604480, rx_ts=158950078168630) request_id=1036628 zil_blk_id=51996 ccf_commit_seqno=1036630 nstreams_done_=13000 config.nstreams=20000 avg_latency=1.2510 ms avg throuhgput (requests/sec) = 83.3501 res=false
*==== INFO ====* req_id_count= 13500 stream_id=53996 latency=1.335828 ms (tx_ts=158956085987935, rx_ts=158956087323763) request_id=1076653 zil_blk_id=53996 ccf_commit_seqno=1076655 nstreams_done_=13500 config.nstreams=20000 avg_latency=1.2515 ms avg throuhgput (requests/sec) = 83.3448 res=false
*==== INFO ====* req_id_count= 14000 stream_id=55996 latency=1.403385 ms (tx_ts=158962086015015, rx_ts=158962087418400) request_id=1116770 zil_blk_id=55996 ccf_commit_seqno=1116774 nstreams_done_=14000 config.nstreams=20000 avg_latency=1.2512 ms avg throuhgput (requests/sec) = 83.3443 res=false
*==== INFO ====* req_id_count= 14500 stream_id=57996 latency=1.106012 ms (tx_ts=158968074482963, rx_ts=158968075588975) request_id=1156735 zil_blk_id=57996 ccf_commit_seqno=1156736 nstreams_done_=14500 config.nstreams=20000 avg_latency=1.2507 ms avg throuhgput (requests/sec) = 83.3496 res=false
*==== INFO ====* req_id_count= 15000 stream_id=59996 latency=1.465669 ms (tx_ts=158974059138317, rx_ts=158974060603986) request_id=1196787 zil_blk_id=59996 ccf_commit_seqno=1196792 nstreams_done_=15000 config.nstreams=20000 avg_latency=1.2498 ms avg throuhgput (requests/sec) = 83.3560 res=false
*==== INFO ====* req_id_count= 15500 stream_id=61996 latency=1.690001 ms (tx_ts=158980034467083, rx_ts=158980036157084) request_id=1236769 zil_blk_id=61996 ccf_commit_seqno=1236771 nstreams_done_=15500 config.nstreams=20000 avg_latency=1.2487 ms avg throuhgput (requests/sec) = 83.3662 res=false
*==== INFO ====* req_id_count= 16000 stream_id=63996 latency=1.267871 ms (tx_ts=158986030129167, rx_ts=158986031397038) request_id=1276814 zil_blk_id=63996 ccf_commit_seqno=1276817 nstreams_done_=16000 config.nstreams=20000 avg_latency=1.2489 ms avg throuhgput (requests/sec) = 83.3673 res=false
*==== INFO ====* req_id_count= 16500 stream_id=65996 latency=1.388416 ms (tx_ts=158992010646873, rx_ts=158992012035289) request_id=1316842 zil_blk_id=65996 ccf_commit_seqno=1316842 nstreams_done_=16500 config.nstreams=20000 avg_latency=1.2484 ms avg throuhgput (requests/sec) = 83.3744 res=false
*==== INFO ====* req_id_count= 17000 stream_id=67996 latency=0.982177 ms (tx_ts=158998016867873, rx_ts=158998017850050) request_id=1357003 zil_blk_id=67996 ccf_commit_seqno=1357003 nstreams_done_=17000 config.nstreams=20000 avg_latency=1.2489 ms avg throuhgput (requests/sec) = 83.3708 res=false
*==== INFO ====* req_id_count= 17500 stream_id=69996 latency=1.091010 ms (tx_ts=159003992753095, rx_ts=159003993844105) request_id=1397066 zil_blk_id=69996 ccf_commit_seqno=1397066 nstreams_done_=17500 config.nstreams=20000 avg_latency=1.2476 ms avg throuhgput (requests/sec) = 83.3793 res=false
*==== INFO ====* req_id_count= 18000 stream_id=71996 latency=1.143738 ms (tx_ts=159009947281341, rx_ts=159009948425079) request_id=1437014 zil_blk_id=71996 ccf_commit_seqno=1437015 nstreams_done_=18000 config.nstreams=20000 avg_latency=1.2463 ms avg throuhgput (requests/sec) = 83.3955 res=false
*==== INFO ====* req_id_count= 18500 stream_id=73996 latency=1.141752 ms (tx_ts=159015900640285, rx_ts=159015901782037) request_id=1476949 zil_blk_id=73996 ccf_commit_seqno=1476949 nstreams_done_=18500 config.nstreams=20000 avg_latency=1.2451 ms avg throuhgput (requests/sec) = 83.4114 res=false
*==== INFO ====* req_id_count= 19000 stream_id=75996 latency=1.236111 ms (tx_ts=159021911791232, rx_ts=159021913027343) request_id=1517216 zil_blk_id=75996 ccf_commit_seqno=1517217 nstreams_done_=19000 config.nstreams=20000 avg_latency=1.2460 ms avg throuhgput (requests/sec) = 83.4052 res=false
*==== INFO ====* req_id_count= 19500 stream_id=77996 latency=0.966868 ms (tx_ts=159027897334540, rx_ts=159027898301408) request_id=1556798 zil_blk_id=77996 ccf_commit_seqno=1556798 nstreams_done_=19500 config.nstreams=20000 avg_latency=1.2450 ms avg throuhgput (requests/sec) = 83.4086 res=false
*==== INFO ====* http_end_stream ALL streams done! nstreams_done_=20000 avg_latency=1.2440 msreq_id_count= 20000
*==== INFO ====* req_id_count= 20000 stream_id=79996 latency=1.390580 ms (tx_ts=159033879378946, rx_ts=159033880769526) request_id=1584446 zil_blk_id=79996 ccf_commit_seqno=1584447 nstreams_done_=20000 config.nstreams=20000 avg_latency=1.2440 ms avg throuhgput (requests/sec) = 83.4128 res=true
