Uniform: 68348 689686 762065 145668 784981 
Exponential: -2147483648 -2147483648 -2147483648 -2147483648 -2147483648 
Truncated Normal: 392206 416391 708070 26311 507925 
*==== INFO ====* req_id_count= 500 stream_id=1996 latency=0.845521 ms (tx_ts=158800084719191, rx_ts=158800085564712) request_id=38861 zil_blk_id=1996 ccf_commit_seqno=38862 nstreams_done_=500 config.nstreams=20000 avg_latency=0.9366 ms avg throuhgput (requests/sec) = 83.2763 res=false
*==== INFO ====* req_id_count= 1000 stream_id=3996 latency=0.998998 ms (tx_ts=158805976690449, rx_ts=158805977689447) request_id=77705 zil_blk_id=3996 ccf_commit_seqno=77707 nstreams_done_=1000 config.nstreams=20000 avg_latency=0.9266 ms avg throuhgput (requests/sec) = 84.0602 res=false
*==== INFO ====* req_id_count= 1500 stream_id=5996 latency=0.649211 ms (tx_ts=158811830934934, rx_ts=158811831584145) request_id=116360 zil_blk_id=5996 ccf_commit_seqno=116360 nstreams_done_=1500 config.nstreams=20000 avg_latency=0.9136 ms avg throuhgput (requests/sec) = 84.5064 res=false
*==== INFO ====* req_id_count= 2000 stream_id=7996 latency=1.080670 ms (tx_ts=158817705090404, rx_ts=158817706171074) request_id=155199 zil_blk_id=7996 ccf_commit_seqno=155200 nstreams_done_=2000 config.nstreams=20000 avg_latency=0.9155 ms avg throuhgput (requests/sec) = 84.6571 res=false
*==== INFO ====* req_id_count= 2500 stream_id=9996 latency=0.995234 ms (tx_ts=158823583172511, rx_ts=158823584167745) request_id=194210 zil_blk_id=9996 ccf_commit_seqno=194211 nstreams_done_=2500 config.nstreams=20000 avg_latency=0.9130 ms avg throuhgput (requests/sec) = 84.7380 res=false
*==== INFO ====* req_id_count= 3000 stream_id=11996 latency=0.806388 ms (tx_ts=158829474522212, rx_ts=158829475328600) request_id=233278 zil_blk_id=11996 ccf_commit_seqno=233279 nstreams_done_=3000 config.nstreams=20000 avg_latency=0.9115 ms avg throuhgput (requests/sec) = 84.7604 res=false
*==== INFO ====* req_id_count= 3500 stream_id=13996 latency=0.598409 ms (tx_ts=158835348092256, rx_ts=158835348690665) request_id=272182 zil_blk_id=13996 ccf_commit_seqno=272182 nstreams_done_=3500 config.nstreams=20000 avg_latency=0.9126 ms avg throuhgput (requests/sec) = 84.8131 res=false
*==== INFO ====* req_id_count= 4000 stream_id=15996 latency=0.831444 ms (tx_ts=158841216102648, rx_ts=158841216934092) request_id=311171 zil_blk_id=15996 ccf_commit_seqno=311171 nstreams_done_=4000 config.nstreams=20000 avg_latency=0.9092 ms avg throuhgput (requests/sec) = 84.8618 res=false
*==== INFO ====* req_id_count= 4500 stream_id=17996 latency=0.817058 ms (tx_ts=158847086396705, rx_ts=158847087213763) request_id=350184 zil_blk_id=17996 ccf_commit_seqno=350185 nstreams_done_=4500 config.nstreams=20000 avg_latency=0.9110 ms avg throuhgput (requests/sec) = 84.8964 res=false
*==== INFO ====* req_id_count= 5000 stream_id=19996 latency=0.598680 ms (tx_ts=158852969167995, rx_ts=158852969766675) request_id=389293 zil_blk_id=19996 ccf_commit_seqno=389293 nstreams_done_=5000 config.nstreams=20000 avg_latency=0.9119 ms avg throuhgput (requests/sec) = 84.9065 res=false
*==== INFO ====* req_id_count= 5500 stream_id=21996 latency=0.920829 ms (tx_ts=158858845859649, rx_ts=158858846780478) request_id=428366 zil_blk_id=21996 ccf_commit_seqno=428368 nstreams_done_=5500 config.nstreams=20000 avg_latency=0.9094 ms avg throuhgput (requests/sec) = 84.9220 res=false
*==== INFO ====* req_id_count= 6000 stream_id=23996 latency=1.100487 ms (tx_ts=158864742495601, rx_ts=158864743596088) request_id=467594 zil_blk_id=23996 ccf_commit_seqno=467598 nstreams_done_=6000 config.nstreams=20000 avg_latency=0.9112 ms avg throuhgput (requests/sec) = 84.9111 res=false
*==== INFO ====* req_id_count= 6500 stream_id=25996 latency=0.735124 ms (tx_ts=158870607493003, rx_ts=158870608228127) request_id=506553 zil_blk_id=25996 ccf_commit_seqno=506553 nstreams_done_=6500 config.nstreams=20000 avg_latency=0.9102 ms avg throuhgput (requests/sec) = 84.9376 res=false
*==== INFO ====* req_id_count= 7000 stream_id=27996 latency=0.735506 ms (tx_ts=158876480356314, rx_ts=158876481091820) request_id=545625 zil_blk_id=27996 ccf_commit_seqno=545627 nstreams_done_=7000 config.nstreams=20000 avg_latency=0.9085 ms avg throuhgput (requests/sec) = 84.9518 res=false
*==== INFO ====* req_id_count= 7500 stream_id=29996 latency=0.946202 ms (tx_ts=158882358816643, rx_ts=158882359762845) request_id=584710 zil_blk_id=29996 ccf_commit_seqno=584713 nstreams_done_=7500 config.nstreams=20000 avg_latency=0.9100 ms avg throuhgput (requests/sec) = 84.9586 res=false
*==== INFO ====* req_id_count= 8000 stream_id=31996 latency=1.048009 ms (tx_ts=158888228797347, rx_ts=158888229845356) request_id=623821 zil_blk_id=31996 ccf_commit_seqno=623825 nstreams_done_=8000 config.nstreams=20000 avg_latency=0.9107 ms avg throuhgput (requests/sec) = 84.9722 res=false
*==== INFO ====* req_id_count= 8500 stream_id=33996 latency=1.047218 ms (tx_ts=158894127316535, rx_ts=158894128363753) request_id=663153 zil_blk_id=33996 ccf_commit_seqno=663156 nstreams_done_=8500 config.nstreams=20000 avg_latency=0.9127 ms avg throuhgput (requests/sec) = 84.9601 res=false
*==== INFO ====* req_id_count= 9000 stream_id=35996 latency=0.753649 ms (tx_ts=158900033243781, rx_ts=158900033997430) request_id=702501 zil_blk_id=35996 ccf_commit_seqno=702501 nstreams_done_=9000 config.nstreams=20000 avg_latency=0.9136 ms avg throuhgput (requests/sec) = 84.9437 res=false
*==== INFO ====* req_id_count= 9500 stream_id=37996 latency=1.049021 ms (tx_ts=158905936474513, rx_ts=158905937523534) request_id=741838 zil_blk_id=37996 ccf_commit_seqno=741843 nstreams_done_=9500 config.nstreams=20000 avg_latency=0.9142 ms avg throuhgput (requests/sec) = 84.9306 res=false
*==== INFO ====* req_id_count= 10000 stream_id=39996 latency=0.919960 ms (tx_ts=158911820320962, rx_ts=158911821240922) request_id=781090 zil_blk_id=39996 ccf_commit_seqno=781090 nstreams_done_=10000 config.nstreams=20000 avg_latency=0.9144 ms avg throuhgput (requests/sec) = 84.9331 res=false
*==== INFO ====* req_id_count= 10500 stream_id=41996 latency=0.952280 ms (tx_ts=158917707924798, rx_ts=158917708877078) request_id=820317 zil_blk_id=41996 ccf_commit_seqno=820319 nstreams_done_=10500 config.nstreams=20000 avg_latency=0.9147 ms avg throuhgput (requests/sec) = 84.9326 res=false
*==== INFO ====* req_id_count= 11000 stream_id=43996 latency=1.062997 ms (tx_ts=158923599621415, rx_ts=158923600684412) request_id=859644 zil_blk_id=43996 ccf_commit_seqno=859650 nstreams_done_=11000 config.nstreams=20000 avg_latency=0.9145 ms avg throuhgput (requests/sec) = 84.9295 res=false
*==== INFO ====* req_id_count= 11500 stream_id=45996 latency=0.976345 ms (tx_ts=158929473799010, rx_ts=158929474775355) request_id=898978 zil_blk_id=45996 ccf_commit_seqno=898984 nstreams_done_=11500 config.nstreams=20000 avg_latency=0.9141 ms avg throuhgput (requests/sec) = 84.9377 res=false
*==== INFO ====* req_id_count= 12000 stream_id=47996 latency=0.901866 ms (tx_ts=158935345276089, rx_ts=158935346177955) request_id=938248 zil_blk_id=47996 ccf_commit_seqno=938250 nstreams_done_=12000 config.nstreams=20000 avg_latency=0.9145 ms avg throuhgput (requests/sec) = 84.9469 res=false
*==== INFO ====* req_id_count= 12500 stream_id=49996 latency=0.712222 ms (tx_ts=158941221968426, rx_ts=158941222680648) request_id=977486 zil_blk_id=49996 ccf_commit_seqno=977487 nstreams_done_=12500 config.nstreams=20000 avg_latency=0.9145 ms avg throuhgput (requests/sec) = 84.9524 res=false
*==== INFO ====* req_id_count= 13000 stream_id=51996 latency=0.876970 ms (tx_ts=158947081038410, rx_ts=158947081915380) request_id=1016606 zil_blk_id=51996 ccf_commit_seqno=1016607 nstreams_done_=13000 config.nstreams=20000 avg_latency=0.9143 ms avg throuhgput (requests/sec) = 84.9671 res=false
*==== INFO ====* req_id_count= 13500 stream_id=53996 latency=0.797942 ms (tx_ts=158952991051961, rx_ts=158952991849903) request_id=1055985 zil_blk_id=53996 ccf_commit_seqno=1055986 nstreams_done_=13500 config.nstreams=20000 avg_latency=0.9155 ms avg throuhgput (requests/sec) = 84.9535 res=false
*==== INFO ====* req_id_count= 14000 stream_id=55996 latency=1.078366 ms (tx_ts=158958882175394, rx_ts=158958883253760) request_id=1095339 zil_blk_id=55996 ccf_commit_seqno=1095345 nstreams_done_=14000 config.nstreams=20000 avg_latency=0.9141 ms avg throuhgput (requests/sec) = 84.9505 res=false
*==== INFO ====* req_id_count= 14500 stream_id=57996 latency=1.787478 ms (tx_ts=158964741267223, rx_ts=158964743054701) request_id=1134480 zil_blk_id=57996 ccf_commit_seqno=1134481 nstreams_done_=14500 config.nstreams=20000 avg_latency=0.9144 ms avg throuhgput (requests/sec) = 84.9635 res=false
*==== INFO ====* req_id_count= 15000 stream_id=59996 latency=2.081428 ms (tx_ts=158970610040188, rx_ts=158970612121616) request_id=1173715 zil_blk_id=59996 ccf_commit_seqno=1173721 nstreams_done_=15000 config.nstreams=20000 avg_latency=0.9145 ms avg throuhgput (requests/sec) = 84.9711 res=false
*==== INFO ====* req_id_count= 15500 stream_id=61996 latency=0.660255 ms (tx_ts=158976469666167, rx_ts=158976470326422) request_id=1212887 zil_blk_id=61996 ccf_commit_seqno=1212887 nstreams_done_=15500 config.nstreams=20000 avg_latency=0.9139 ms avg throuhgput (requests/sec) = 84.9833 res=false
*==== INFO ====* req_id_count= 16000 stream_id=63996 latency=0.967329 ms (tx_ts=158982371726647, rx_ts=158982372693976) request_id=1252388 zil_blk_id=63996 ccf_commit_seqno=1252390 nstreams_done_=16000 config.nstreams=20000 avg_latency=0.9141 ms avg throuhgput (requests/sec) = 84.9747 res=false
*==== INFO ====* req_id_count= 16500 stream_id=65996 latency=0.780893 ms (tx_ts=158988268270840, rx_ts=158988269051733) request_id=1291811 zil_blk_id=65996 ccf_commit_seqno=1291812 nstreams_done_=16500 config.nstreams=20000 avg_latency=0.9146 ms avg throuhgput (requests/sec) = 84.9694 res=false
*==== INFO ====* req_id_count= 17000 stream_id=67996 latency=1.195696 ms (tx_ts=158994164936982, rx_ts=158994166132678) request_id=1331234 zil_blk_id=67996 ccf_commit_seqno=1331237 nstreams_done_=17000 config.nstreams=20000 avg_latency=0.9149 ms avg throuhgput (requests/sec) = 84.9640 res=false
*==== INFO ====* req_id_count= 17500 stream_id=69996 latency=1.064461 ms (tx_ts=159000049064967, rx_ts=159000050129428) request_id=1370583 zil_blk_id=69996 ccf_commit_seqno=1370586 nstreams_done_=17500 config.nstreams=20000 avg_latency=0.9153 ms avg throuhgput (requests/sec) = 84.9644 res=false
*==== INFO ====* req_id_count= 18000 stream_id=71996 latency=1.001222 ms (tx_ts=159005913591662, rx_ts=159005914592884) request_id=1409908 zil_blk_id=71996 ccf_commit_seqno=1409910 nstreams_done_=18000 config.nstreams=20000 avg_latency=0.9159 ms avg throuhgput (requests/sec) = 84.9725 res=false
*==== INFO ====* req_id_count= 18500 stream_id=73996 latency=0.897438 ms (tx_ts=159011803797546, rx_ts=159011804694984) request_id=1449485 zil_blk_id=73996 ccf_commit_seqno=1449486 nstreams_done_=18500 config.nstreams=20000 avg_latency=0.9159 ms avg throuhgput (requests/sec) = 84.9703 res=false
*==== INFO ====* req_id_count= 19000 stream_id=75996 latency=0.710328 ms (tx_ts=159017706055848, rx_ts=159017706766176) request_id=1489061 zil_blk_id=75996 ccf_commit_seqno=1489061 nstreams_done_=19000 config.nstreams=20000 avg_latency=0.9165 ms avg throuhgput (requests/sec) = 84.9636 res=false
*==== INFO ====* req_id_count= 19500 stream_id=77996 latency=0.743180 ms (tx_ts=159023582459094, rx_ts=159023583202274) request_id=1528390 zil_blk_id=77996 ccf_commit_seqno=1528390 nstreams_done_=19500 config.nstreams=20000 avg_latency=0.9167 ms avg throuhgput (requests/sec) = 84.9667 res=false
*==== INFO ====* http_end_stream ALL streams done! nstreams_done_=20000 avg_latency=0.9168 msreq_id_count= 20000
*==== INFO ====* req_id_count= 20000 stream_id=79996 latency=0.766282 ms (tx_ts=159029466769211, rx_ts=159029467535493) request_id=1565852 zil_blk_id=79996 ccf_commit_seqno=1565853 nstreams_done_=20000 config.nstreams=20000 avg_latency=0.9168 ms avg throuhgput (requests/sec) = 84.9668 res=true
