Uniform: 708315 617250 151559 927056 449328 
Exponential: -2147483648 -2147483648 -2147483648 -2147483648 -2147483648 
Truncated Normal: 868968 387052 333371 726064 466299 
*==== INFO ====* req_id_count= 500 stream_id=1996 latency=1.216962 ms (tx_ts=158800282193749, rx_ts=158800283410711) request_id=40132 zil_blk_id=1996 ccf_commit_seqno=40135 nstreams_done_=500 config.nstreams=20000 avg_latency=1.1060 ms avg throuhgput (requests/sec) = 80.8604 res=false
*==== INFO ====* req_id_count= 1000 stream_id=3996 latency=0.889954 ms (tx_ts=158806424921942, rx_ts=158806425811896) request_id=80630 zil_blk_id=3996 ccf_commit_seqno=80631 nstreams_done_=1000 config.nstreams=20000 avg_latency=1.1043 ms avg throuhgput (requests/sec) = 81.1300 res=false
*==== INFO ====* req_id_count= 1500 stream_id=5996 latency=1.095058 ms (tx_ts=158812586248099, rx_ts=158812587343157) request_id=121326 zil_blk_id=5996 ccf_commit_seqno=121328 nstreams_done_=1500 config.nstreams=20000 avg_latency=1.1130 ms avg throuhgput (requests/sec) = 81.1362 res=false
*==== INFO ====* req_id_count= 2000 stream_id=7996 latency=1.012543 ms (tx_ts=158818743702341, rx_ts=158818744714884) request_id=162077 zil_blk_id=7996 ccf_commit_seqno=162078 nstreams_done_=2000 config.nstreams=20000 avg_latency=1.1101 ms avg throuhgput (requests/sec) = 81.1530 res=false
*==== INFO ====* req_id_count= 2500 stream_id=9996 latency=1.313340 ms (tx_ts=158824908097463, rx_ts=158824909410803) request_id=202958 zil_blk_id=9996 ccf_commit_seqno=202958 nstreams_done_=2500 config.nstreams=20000 avg_latency=1.1083 ms avg throuhgput (requests/sec) = 81.1438 res=false
*==== INFO ====* req_id_count= 3000 stream_id=11996 latency=1.027891 ms (tx_ts=158831073297295, rx_ts=158831074325186) request_id=243846 zil_blk_id=11996 ccf_commit_seqno=243847 nstreams_done_=3000 config.nstreams=20000 avg_latency=1.1069 ms avg throuhgput (requests/sec) = 81.1372 res=false
*==== INFO ====* req_id_count= 3500 stream_id=13996 latency=0.953854 ms (tx_ts=158837229810478, rx_ts=158837230764332) request_id=284682 zil_blk_id=13996 ccf_commit_seqno=284682 nstreams_done_=3500 config.nstreams=20000 avg_latency=1.1113 ms avg throuhgput (requests/sec) = 81.1484 res=false
*==== INFO ====* req_id_count= 4000 stream_id=15996 latency=0.891307 ms (tx_ts=158843302609615, rx_ts=158843303500922) request_id=325049 zil_blk_id=15996 ccf_commit_seqno=325049 nstreams_done_=4000 config.nstreams=20000 avg_latency=1.1115 ms avg throuhgput (requests/sec) = 81.2949 res=false
*==== INFO ====* req_id_count= 4500 stream_id=17996 latency=1.341684 ms (tx_ts=158849283500481, rx_ts=158849284842165) request_id=364788 zil_blk_id=17996 ccf_commit_seqno=364790 nstreams_done_=4500 config.nstreams=20000 avg_latency=1.1078 ms avg throuhgput (requests/sec) = 81.5440 res=false
*==== INFO ====* req_id_count= 5000 stream_id=19996 latency=0.969824 ms (tx_ts=158855269768653, rx_ts=158855270738477) request_id=404577 zil_blk_id=19996 ccf_commit_seqno=404578 nstreams_done_=5000 config.nstreams=20000 avg_latency=1.1058 ms avg throuhgput (requests/sec) = 81.7383 res=false
*==== INFO ====* req_id_count= 5500 stream_id=21996 latency=0.922635 ms (tx_ts=158861271477711, rx_ts=158861272400346) request_id=444514 zil_blk_id=21996 ccf_commit_seqno=444516 nstreams_done_=5500 config.nstreams=20000 avg_latency=1.1092 ms avg throuhgput (requests/sec) = 81.8788 res=false
*==== INFO ====* req_id_count= 6000 stream_id=23996 latency=0.796159 ms (tx_ts=158867252836810, rx_ts=158867253632969) request_id=484246 zil_blk_id=23996 ccf_commit_seqno=484246 nstreams_done_=6000 config.nstreams=20000 avg_latency=1.1120 ms avg throuhgput (requests/sec) = 82.0191 res=false
*==== INFO ====* req_id_count= 6500 stream_id=25996 latency=1.132106 ms (tx_ts=158873226473018, rx_ts=158873227605124) request_id=523991 zil_blk_id=25996 ccf_commit_seqno=523994 nstreams_done_=6500 config.nstreams=20000 avg_latency=1.1114 ms avg throuhgput (requests/sec) = 82.1457 res=false
*==== INFO ====* req_id_count= 7000 stream_id=27996 latency=0.996913 ms (tx_ts=158879213607244, rx_ts=158879214604157) request_id=563835 zil_blk_id=27996 ccf_commit_seqno=563839 nstreams_done_=7000 config.nstreams=20000 avg_latency=1.1133 ms avg throuhgput (requests/sec) = 82.2420 res=false
*==== INFO ====* req_id_count= 7500 stream_id=29996 latency=1.062537 ms (tx_ts=158885191347054, rx_ts=158885192409591) request_id=603539 zil_blk_id=29996 ccf_commit_seqno=603541 nstreams_done_=7500 config.nstreams=20000 avg_latency=1.1168 ms avg throuhgput (requests/sec) = 82.3339 res=false
*==== INFO ====* req_id_count= 8000 stream_id=31996 latency=0.997064 ms (tx_ts=158891165296778, rx_ts=158891166293842) request_id=643417 zil_blk_id=31996 ccf_commit_seqno=643418 nstreams_done_=8000 config.nstreams=20000 avg_latency=1.1159 ms avg throuhgput (requests/sec) = 82.4178 res=false
*==== INFO ====* req_id_count= 8500 stream_id=33996 latency=1.008156 ms (tx_ts=158897099392920, rx_ts=158897100401076) request_id=682940 zil_blk_id=33996 ccf_commit_seqno=682942 nstreams_done_=8500 config.nstreams=20000 avg_latency=1.1151 ms avg throuhgput (requests/sec) = 82.5239 res=false
*==== INFO ====* req_id_count= 9000 stream_id=35996 latency=0.932293 ms (tx_ts=158903069433352, rx_ts=158903070365645) request_id=722741 zil_blk_id=35996 ccf_commit_seqno=722741 nstreams_done_=9000 config.nstreams=20000 avg_latency=1.1159 ms avg throuhgput (requests/sec) = 82.5912 res=false
*==== INFO ====* req_id_count= 9500 stream_id=37996 latency=0.935901 ms (tx_ts=158909013331948, rx_ts=158909014267849) request_id=762365 zil_blk_id=37996 ccf_commit_seqno=762366 nstreams_done_=9500 config.nstreams=20000 avg_latency=1.1167 ms avg throuhgput (requests/sec) = 82.6703 res=false
*==== INFO ====* req_id_count= 10000 stream_id=39996 latency=1.128209 ms (tx_ts=158914953694348, rx_ts=158914954822557) request_id=801925 zil_blk_id=39996 ccf_commit_seqno=801929 nstreams_done_=10000 config.nstreams=20000 avg_latency=1.1185 ms avg throuhgput (requests/sec) = 82.7438 res=false
*==== INFO ====* req_id_count= 10500 stream_id=41996 latency=1.170494 ms (tx_ts=158920902572061, rx_ts=158920903742555) request_id=841626 zil_blk_id=41996 ccf_commit_seqno=841628 nstreams_done_=10500 config.nstreams=20000 avg_latency=1.1186 ms avg throuhgput (requests/sec) = 82.8051 res=false
*==== INFO ====* req_id_count= 11000 stream_id=43996 latency=1.233270 ms (tx_ts=158926813475224, rx_ts=158926814708494) request_id=881171 zil_blk_id=43996 ccf_commit_seqno=881172 nstreams_done_=11000 config.nstreams=20000 avg_latency=1.1172 ms avg throuhgput (requests/sec) = 82.8845 res=false
*==== INFO ====* req_id_count= 11500 stream_id=45996 latency=0.929878 ms (tx_ts=158932757133023, rx_ts=158932758062901) request_id=920939 zil_blk_id=45996 ccf_commit_seqno=920940 nstreams_done_=11500 config.nstreams=20000 avg_latency=1.1163 ms avg throuhgput (requests/sec) = 82.9378 res=false
*==== INFO ====* req_id_count= 12000 stream_id=47996 latency=1.055193 ms (tx_ts=158938683297608, rx_ts=158938684352801) request_id=960550 zil_blk_id=47996 ccf_commit_seqno=960554 nstreams_done_=12000 config.nstreams=20000 avg_latency=1.1153 ms avg throuhgput (requests/sec) = 82.9965 res=false
*==== INFO ====* req_id_count= 12500 stream_id=49996 latency=0.803392 ms (tx_ts=158944672236258, rx_ts=158944673039650) request_id=1000547 zil_blk_id=49996 ccf_commit_seqno=1000547 nstreams_done_=12500 config.nstreams=20000 avg_latency=1.1174 ms avg throuhgput (requests/sec) = 83.0161 res=false
*==== INFO ====* req_id_count= 13000 stream_id=51996 latency=0.933726 ms (tx_ts=158950629536964, rx_ts=158950630470690) request_id=1040324 zil_blk_id=51996 ccf_commit_seqno=1040325 nstreams_done_=13000 config.nstreams=20000 avg_latency=1.1178 ms avg throuhgput (requests/sec) = 83.0509 res=false
*==== INFO ====* req_id_count= 13500 stream_id=53996 latency=0.877471 ms (tx_ts=158956566415659, rx_ts=158956567293130) request_id=1079865 zil_blk_id=53996 ccf_commit_seqno=1079865 nstreams_done_=13500 config.nstreams=20000 avg_latency=1.1181 ms avg throuhgput (requests/sec) = 83.0936 res=false
*==== INFO ====* req_id_count= 14000 stream_id=55996 latency=1.127158 ms (tx_ts=158962511720078, rx_ts=158962512847236) request_id=1119618 zil_blk_id=55996 ccf_commit_seqno=1119619 nstreams_done_=14000 config.nstreams=20000 avg_latency=1.1177 ms avg throuhgput (requests/sec) = 83.1290 res=false
*==== INFO ====* req_id_count= 14500 stream_id=57996 latency=1.321190 ms (tx_ts=158968464148634, rx_ts=158968465469824) request_id=1159340 zil_blk_id=57996 ccf_commit_seqno=1159341 nstreams_done_=14500 config.nstreams=20000 avg_latency=1.1173 ms avg throuhgput (requests/sec) = 83.1586 res=false
*==== INFO ====* req_id_count= 15000 stream_id=59996 latency=1.030206 ms (tx_ts=158974410044560, rx_ts=158974411074766) request_id=1199132 zil_blk_id=59996 ccf_commit_seqno=1199132 nstreams_done_=15000 config.nstreams=20000 avg_latency=1.1176 ms avg throuhgput (requests/sec) = 83.1895 res=false
*==== INFO ====* req_id_count= 15500 stream_id=61996 latency=1.022572 ms (tx_ts=158980386362966, rx_ts=158980387385538) request_id=1239115 zil_blk_id=61996 ccf_commit_seqno=1239115 nstreams_done_=15500 config.nstreams=20000 avg_latency=1.1185 ms avg throuhgput (requests/sec) = 83.2047 res=false
*==== INFO ====* req_id_count= 16000 stream_id=63996 latency=1.104615 ms (tx_ts=158986351019470, rx_ts=158986352124085) request_id=1278968 zil_blk_id=63996 ccf_commit_seqno=1278973 nstreams_done_=16000 config.nstreams=20000 avg_latency=1.1185 ms avg throuhgput (requests/sec) = 83.2240 res=false
*==== INFO ====* req_id_count= 16500 stream_id=65996 latency=1.205093 ms (tx_ts=158992275619526, rx_ts=158992276824619) request_id=1318607 zil_blk_id=65996 ccf_commit_seqno=1318609 nstreams_done_=16500 config.nstreams=20000 avg_latency=1.1182 ms avg throuhgput (requests/sec) = 83.2589 res=false
*==== INFO ====* req_id_count= 17000 stream_id=67996 latency=0.957450 ms (tx_ts=158998200026523, rx_ts=158998200983973) request_id=1358219 zil_blk_id=67996 ccf_commit_seqno=1358220 nstreams_done_=17000 config.nstreams=20000 avg_latency=1.1184 ms avg throuhgput (requests/sec) = 83.2921 res=false
*==== INFO ====* req_id_count= 17500 stream_id=69996 latency=0.838898 ms (tx_ts=159004097030030, rx_ts=159004097868928) request_id=1397770 zil_blk_id=69996 ccf_commit_seqno=1397770 nstreams_done_=17500 config.nstreams=20000 avg_latency=1.1175 ms avg throuhgput (requests/sec) = 83.3341 res=false
*==== INFO ====* req_id_count= 18000 stream_id=71996 latency=0.818551 ms (tx_ts=159010023933221, rx_ts=159010024751772) request_id=1437527 zil_blk_id=71996 ccf_commit_seqno=1437527 nstreams_done_=18000 config.nstreams=20000 avg_latency=1.1165 ms avg throuhgput (requests/sec) = 83.3623 res=false
*==== INFO ====* req_id_count= 18500 stream_id=73996 latency=0.806919 ms (tx_ts=159015983719682, rx_ts=159015984526601) request_id=1477510 zil_blk_id=73996 ccf_commit_seqno=1477511 nstreams_done_=18500 config.nstreams=20000 avg_latency=1.1170 ms avg throuhgput (requests/sec) = 83.3767 res=false
*==== INFO ====* req_id_count= 19000 stream_id=75996 latency=0.862954 ms (tx_ts=159021921109012, rx_ts=159021921971966) request_id=1517281 zil_blk_id=75996 ccf_commit_seqno=1517282 nstreams_done_=19000 config.nstreams=20000 avg_latency=1.1171 ms avg throuhgput (requests/sec) = 83.3984 res=false
*==== INFO ====* req_id_count= 19500 stream_id=77996 latency=0.932033 ms (tx_ts=159027860592795, rx_ts=159027861524828) request_id=1556574 zil_blk_id=77996 ccf_commit_seqno=1556575 nstreams_done_=19500 config.nstreams=20000 avg_latency=1.1170 ms avg throuhgput (requests/sec) = 83.4183 res=false
*==== INFO ====* http_end_stream ALL streams done! nstreams_done_=20000 avg_latency=1.1161 msreq_id_count= 20000
*==== INFO ====* req_id_count= 20000 stream_id=79996 latency=0.932610 ms (tx_ts=159033793355538, rx_ts=159033794288148) request_id=1584187 zil_blk_id=79996 ccf_commit_seqno=1584188 nstreams_done_=20000 config.nstreams=20000 avg_latency=1.1161 ms avg throuhgput (requests/sec) = 83.4396 res=true
