Uniform: 679071 302204 543268 149561 251788 
Exponential: -2147483648 -2147483648 -2147483648 -2147483648 -2147483648 
Truncated Normal: 570946 286812 575249 431864 528686 
*==== INFO ====* req_id_count= 500 stream_id=1996 latency=0.705288 ms (tx_ts=158800007395874, rx_ts=158800008101162) request_id=38358 zil_blk_id=889 ccf_commit_seqno=38358 nstreams_done_=500 config.nstreams=20000 avg_latency=0.9001 ms avg throuhgput (requests/sec) = 84.3048 res=false
*==== INFO ====* req_id_count= 1000 stream_id=3996 latency=0.970154 ms (tx_ts=158805855539525, rx_ts=158805856509679) request_id=76910 zil_blk_id=6361 ccf_commit_seqno=76911 nstreams_done_=1000 config.nstreams=20000 avg_latency=0.8870 ms avg throuhgput (requests/sec) = 84.8949 res=false
*==== INFO ====* req_id_count= 1500 stream_id=5996 latency=0.695912 ms (tx_ts=158811741520187, rx_ts=158811742216099) request_id=115774 zil_blk_id=11883 ccf_commit_seqno=115775 nstreams_done_=1500 config.nstreams=20000 avg_latency=0.8917 ms avg throuhgput (requests/sec) = 84.9138 res=false
*==== INFO ====* req_id_count= 2000 stream_id=7996 latency=0.910994 ms (tx_ts=158817612030032, rx_ts=158817612941026) request_id=154584 zil_blk_id=17390 ccf_commit_seqno=154586 nstreams_done_=2000 config.nstreams=20000 avg_latency=0.8974 ms avg throuhgput (requests/sec) = 84.9773 res=false
*==== INFO ====* req_id_count= 2500 stream_id=9996 latency=0.731969 ms (tx_ts=158823448475698, rx_ts=158823449207667) request_id=193319 zil_blk_id=22873 ccf_commit_seqno=193320 nstreams_done_=2500 config.nstreams=20000 avg_latency=0.8915 ms avg throuhgput (requests/sec) = 85.1152 res=false
*==== INFO ====* req_id_count= 3000 stream_id=11996 latency=0.805406 ms (tx_ts=158829292819136, rx_ts=158829293624542) request_id=232076 zil_blk_id=28353 ccf_commit_seqno=232077 nstreams_done_=3000 config.nstreams=20000 avg_latency=0.8905 ms avg throuhgput (requests/sec) = 85.1876 res=false
*==== INFO ====* req_id_count= 3500 stream_id=13996 latency=0.849268 ms (tx_ts=158835163055424, rx_ts=158835163904692) request_id=270951 zil_blk_id=33852 ccf_commit_seqno=270953 nstreams_done_=3500 config.nstreams=20000 avg_latency=0.8966 ms avg throuhgput (requests/sec) = 85.1858 res=false
*==== INFO ====* req_id_count= 4000 stream_id=15996 latency=1.044504 ms (tx_ts=158841002071094, rx_ts=158841003115598) request_id=309758 zil_blk_id=39324 ccf_commit_seqno=309759 nstreams_done_=4000 config.nstreams=20000 avg_latency=0.8947 ms avg throuhgput (requests/sec) = 85.2408 res=false
*==== INFO ====* req_id_count= 4500 stream_id=17996 latency=0.631521 ms (tx_ts=158846842956288, rx_ts=158846843587809) request_id=348585 zil_blk_id=44795 ccf_commit_seqno=348585 nstreams_done_=4500 config.nstreams=20000 avg_latency=0.8941 ms avg throuhgput (requests/sec) = 85.2816 res=false
*==== INFO ====* req_id_count= 5000 stream_id=19996 latency=0.914370 ms (tx_ts=158852686887131, rx_ts=158852687801501) request_id=387422 zil_blk_id=50276 ccf_commit_seqno=387422 nstreams_done_=5000 config.nstreams=20000 avg_latency=0.8943 ms avg throuhgput (requests/sec) = 85.3089 res=false
*==== INFO ====* req_id_count= 5500 stream_id=21996 latency=1.082534 ms (tx_ts=158858534882678, rx_ts=158858535965212) request_id=426308 zil_blk_id=55765 ccf_commit_seqno=426310 nstreams_done_=5500 config.nstreams=20000 avg_latency=0.8949 ms avg throuhgput (requests/sec) = 85.3259 res=false
*==== INFO ====* req_id_count= 6000 stream_id=23996 latency=0.633394 ms (tx_ts=158864393765970, rx_ts=158864394399364) request_id=465271 zil_blk_id=61260 ccf_commit_seqno=465271 nstreams_done_=6000 config.nstreams=20000 avg_latency=0.8965 ms avg throuhgput (requests/sec) = 85.3277 res=false
*==== INFO ====* req_id_count= 6500 stream_id=25996 latency=0.713303 ms (tx_ts=158870238704975, rx_ts=158870239418278) request_id=504115 zil_blk_id=66748 ccf_commit_seqno=504116 nstreams_done_=6500 config.nstreams=20000 avg_latency=0.8965 ms avg throuhgput (requests/sec) = 85.3442 res=false
*==== INFO ====* req_id_count= 7000 stream_id=27996 latency=1.053750 ms (tx_ts=158876086009321, rx_ts=158876087063071) request_id=543021 zil_blk_id=72238 ccf_commit_seqno=543023 nstreams_done_=7000 config.nstreams=20000 avg_latency=0.8965 ms avg throuhgput (requests/sec) = 85.3556 res=false
*==== INFO ====* req_id_count= 7500 stream_id=29996 latency=0.964516 ms (tx_ts=158881950908984, rx_ts=158881951873500) request_id=582005 zil_blk_id=77742 ccf_commit_seqno=582005 nstreams_done_=7500 config.nstreams=20000 avg_latency=0.8998 ms avg throuhgput (requests/sec) = 85.3489 res=false
*==== INFO ====* req_id_count= 8000 stream_id=31996 latency=0.759149 ms (tx_ts=158887796674279, rx_ts=158887797433428) request_id=620937 zil_blk_id=83230 ccf_commit_seqno=620937 nstreams_done_=8000 config.nstreams=20000 avg_latency=0.9001 ms avg throuhgput (requests/sec) = 85.3605 res=false
*==== INFO ====* req_id_count= 8500 stream_id=33996 latency=0.629928 ms (tx_ts=158893624559834, rx_ts=158893625189762) request_id=659819 zil_blk_id=88705 ccf_commit_seqno=659819 nstreams_done_=8500 config.nstreams=20000 avg_latency=0.8986 ms avg throuhgput (requests/sec) = 85.3860 res=false
*==== INFO ====* req_id_count= 9000 stream_id=35996 latency=1.014908 ms (tx_ts=158899473123367, rx_ts=158899474138275) request_id=698770 zil_blk_id=94176 ccf_commit_seqno=698775 nstreams_done_=9000 config.nstreams=20000 avg_latency=0.8984 ms avg throuhgput (requests/sec) = 85.3915 res=false
*==== INFO ====* req_id_count= 9500 stream_id=37996 latency=0.862352 ms (tx_ts=158905326243670, rx_ts=158905327106022) request_id=737791 zil_blk_id=99653 ccf_commit_seqno=737794 nstreams_done_=9500 config.nstreams=20000 avg_latency=0.8994 ms avg throuhgput (requests/sec) = 85.3934 res=false
*==== INFO ====* req_id_count= 10000 stream_id=39996 latency=1.079999 ms (tx_ts=158911173102587, rx_ts=158911174182586) request_id=776774 zil_blk_id=105127 ccf_commit_seqno=776777 nstreams_done_=10000 config.nstreams=20000 avg_latency=0.8993 ms avg throuhgput (requests/sec) = 85.3993 res=false
*==== INFO ====* req_id_count= 10500 stream_id=41996 latency=0.681204 ms (tx_ts=158917021807374, rx_ts=158917022488578) request_id=815741 zil_blk_id=110599 ccf_commit_seqno=815741 nstreams_done_=10500 config.nstreams=20000 avg_latency=0.8992 ms avg throuhgput (requests/sec) = 85.4039 res=false
*==== INFO ====* req_id_count= 11000 stream_id=43996 latency=0.898044 ms (tx_ts=158922870008305, rx_ts=158922870906349) request_id=854776 zil_blk_id=116074 ccf_commit_seqno=854778 nstreams_done_=11000 config.nstreams=20000 avg_latency=0.8999 ms avg throuhgput (requests/sec) = 85.4079 res=false
*==== INFO ====* req_id_count= 11500 stream_id=45996 latency=0.929628 ms (tx_ts=158928708905898, rx_ts=158928709835526) request_id=893844 zil_blk_id=121537 ccf_commit_seqno=893847 nstreams_done_=11500 config.nstreams=20000 avg_latency=0.8992 ms avg throuhgput (requests/sec) = 85.4177 res=false
*==== INFO ====* req_id_count= 12000 stream_id=47996 latency=0.791720 ms (tx_ts=158934554638594, rx_ts=158934555430314) request_id=932943 zil_blk_id=127007 ccf_commit_seqno=932945 nstreams_done_=12000 config.nstreams=20000 avg_latency=0.8996 ms avg throuhgput (requests/sec) = 85.4225 res=false
*==== INFO ====* req_id_count= 12500 stream_id=49996 latency=0.895615 ms (tx_ts=158940391391318, rx_ts=158940392286933) request_id=971931 zil_blk_id=132472 ccf_commit_seqno=971934 nstreams_done_=12500 config.nstreams=20000 avg_latency=0.8981 ms avg throuhgput (requests/sec) = 85.4321 res=false
*==== INFO ====* req_id_count= 13000 stream_id=51996 latency=0.586246 ms (tx_ts=158946236910762, rx_ts=158946237497008) request_id=1010999 zil_blk_id=137948 ccf_commit_seqno=1010999 nstreams_done_=13000 config.nstreams=20000 avg_latency=0.8983 ms avg throuhgput (requests/sec) = 85.4362 res=false
*==== INFO ====* req_id_count= 13500 stream_id=53996 latency=0.665915 ms (tx_ts=158952117856111, rx_ts=158952118522026) request_id=1050120 zil_blk_id=143456 ccf_commit_seqno=1050121 nstreams_done_=13500 config.nstreams=20000 avg_latency=0.9009 ms avg throuhgput (requests/sec) = 85.4207 res=false
*==== INFO ====* req_id_count= 14000 stream_id=55996 latency=0.657429 ms (tx_ts=158957949897788, rx_ts=158957950555217) request_id=1089109 zil_blk_id=148926 ccf_commit_seqno=1089109 nstreams_done_=14000 config.nstreams=20000 avg_latency=0.9002 ms avg throuhgput (requests/sec) = 85.4318 res=false
*==== INFO ====* req_id_count= 14500 stream_id=57996 latency=1.127559 ms (tx_ts=158963786390684, rx_ts=158963787518243) request_id=1128107 zil_blk_id=154400 ccf_commit_seqno=1128109 nstreams_done_=14500 config.nstreams=20000 avg_latency=0.8995 ms avg throuhgput (requests/sec) = 85.4397 res=false
*==== INFO ====* req_id_count= 15000 stream_id=59996 latency=0.684280 ms (tx_ts=158969656040691, rx_ts=158969656724971) request_id=1167324 zil_blk_id=159905 ccf_commit_seqno=1167324 nstreams_done_=15000 config.nstreams=20000 avg_latency=0.8995 ms avg throuhgput (requests/sec) = 85.4314 res=false
*==== INFO ====* req_id_count= 15500 stream_id=61996 latency=0.699228 ms (tx_ts=158975505099975, rx_ts=158975505799203) request_id=1206429 zil_blk_id=165392 ccf_commit_seqno=1206429 nstreams_done_=15500 config.nstreams=20000 avg_latency=0.8994 ms avg throuhgput (requests/sec) = 85.4331 res=false
*==== INFO ====* req_id_count= 16000 stream_id=63996 latency=1.385481 ms (tx_ts=158981337464086, rx_ts=158981338849567) request_id=1245472 zil_blk_id=170862 ccf_commit_seqno=1245472 nstreams_done_=16000 config.nstreams=20000 avg_latency=0.8989 ms avg throuhgput (requests/sec) = 85.4420 res=false
*==== INFO ====* req_id_count= 16500 stream_id=65996 latency=0.919448 ms (tx_ts=158987171060830, rx_ts=158987171980278) request_id=1284460 zil_blk_id=176333 ccf_commit_seqno=1284462 nstreams_done_=16500 config.nstreams=20000 avg_latency=0.8978 ms avg throuhgput (requests/sec) = 85.4503 res=false
*==== INFO ====* req_id_count= 17000 stream_id=67996 latency=0.743330 ms (tx_ts=158993016194734, rx_ts=158993016938064) request_id=1323571 zil_blk_id=181812 ccf_commit_seqno=1323571 nstreams_done_=17000 config.nstreams=20000 avg_latency=0.8976 ms avg throuhgput (requests/sec) = 85.4530 res=false
*==== INFO ====* req_id_count= 17500 stream_id=69996 latency=0.957390 ms (tx_ts=158998842118762, rx_ts=158998843076152) request_id=1362536 zil_blk_id=187248 ccf_commit_seqno=1362537 nstreams_done_=17500 config.nstreams=20000 avg_latency=0.8976 ms avg throuhgput (requests/sec) = 85.4635 res=false
*==== INFO ====* req_id_count= 18000 stream_id=71996 latency=0.628495 ms (tx_ts=159004681141847, rx_ts=159004681770342) request_id=1401639 zil_blk_id=192706 ccf_commit_seqno=1401639 nstreams_done_=18000 config.nstreams=20000 avg_latency=0.8979 ms avg throuhgput (requests/sec) = 85.4682 res=false
*==== INFO ====* req_id_count= 18500 stream_id=73996 latency=0.643934 ms (tx_ts=159010500148550, rx_ts=159010500792484) request_id=1440728 zil_blk_id=198166 ccf_commit_seqno=1440728 nstreams_done_=18500 config.nstreams=20000 avg_latency=0.8973 ms avg throuhgput (requests/sec) = 85.4805 res=false
*==== INFO ====* req_id_count= 19000 stream_id=75996 latency=0.635819 ms (tx_ts=159016335918957, rx_ts=159016336554776) request_id=1479872 zil_blk_id=203633 ccf_commit_seqno=1479872 nstreams_done_=19000 config.nstreams=20000 avg_latency=0.8969 ms avg throuhgput (requests/sec) = 85.4857 res=false
*==== INFO ====* req_id_count= 19500 stream_id=77996 latency=0.636320 ms (tx_ts=159022186568920, rx_ts=159022187205240) request_id=1519057 zil_blk_id=209119 ccf_commit_seqno=1519057 nstreams_done_=19500 config.nstreams=20000 avg_latency=0.8969 ms avg throuhgput (requests/sec) = 85.4851 res=false
*==== INFO ====* http_end_stream ALL streams done! nstreams_done_=20000 avg_latency=0.8976 msreq_id_count= 20000
*==== INFO ====* req_id_count= 20000 stream_id=79996 latency=0.706411 ms (tx_ts=159028048203787, rx_ts=159028048910198) request_id=1557708 zil_blk_id=214617 ccf_commit_seqno=1557708 nstreams_done_=20000 config.nstreams=20000 avg_latency=0.8976 ms avg throuhgput (requests/sec) = 85.4804 res=true
