Uniform: 787622 363267 655921 576137 266792 
Exponential: -2147483648 -2147483648 -2147483648 -2147483648 -2147483648 
Truncated Normal: 858505 94420 419100 335420 200861 
*==== INFO ====* req_id_count= 500 stream_id=1996 latency=1.044714 ms (tx_ts=158800241469248, rx_ts=158800242513962) request_id=39871 zil_blk_id=1996 ccf_commit_seqno=39874 nstreams_done_=500 config.nstreams=20000 avg_latency=1.0823 ms avg throuhgput (requests/sec) = 81.2831 res=false
*==== INFO ====* req_id_count= 1000 stream_id=3996 latency=1.296253 ms (tx_ts=158806397817828, rx_ts=158806399114081) request_id=80456 zil_blk_id=3996 ccf_commit_seqno=80464 nstreams_done_=1000 config.nstreams=20000 avg_latency=1.0677 ms avg throuhgput (requests/sec) = 81.2484 res=false
*==== INFO ====* req_id_count= 1500 stream_id=5996 latency=1.112941 ms (tx_ts=158812558570714, rx_ts=158812559683655) request_id=121149 zil_blk_id=5996 ccf_commit_seqno=121150 nstreams_done_=1500 config.nstreams=20000 avg_latency=1.0716 ms avg throuhgput (requests/sec) = 81.2193 res=false
*==== INFO ====* req_id_count= 2000 stream_id=7996 latency=1.151804 ms (tx_ts=158818685400008, rx_ts=158818686551812) request_id=161692 zil_blk_id=7996 ccf_commit_seqno=161696 nstreams_done_=2000 config.nstreams=20000 avg_latency=1.0587 ms avg throuhgput (requests/sec) = 81.3161 res=false
*==== INFO ====* req_id_count= 2500 stream_id=9996 latency=0.787895 ms (tx_ts=158824834872205, rx_ts=158824835660100) request_id=202471 zil_blk_id=9996 ccf_commit_seqno=202471 nstreams_done_=2500 config.nstreams=20000 avg_latency=1.0574 ms avg throuhgput (requests/sec) = 81.3154 res=false
*==== INFO ====* req_id_count= 3000 stream_id=11996 latency=1.307565 ms (tx_ts=158830985709648, rx_ts=158830987017213) request_id=243266 zil_blk_id=11996 ccf_commit_seqno=243270 nstreams_done_=3000 config.nstreams=20000 avg_latency=1.0584 ms avg throuhgput (requests/sec) = 81.3100 res=false
*==== INFO ====* req_id_count= 3500 stream_id=13996 latency=0.925130 ms (tx_ts=158837135209568, rx_ts=158837136134698) request_id=284056 zil_blk_id=13996 ccf_commit_seqno=284057 nstreams_done_=3500 config.nstreams=20000 avg_latency=1.0605 ms avg throuhgput (requests/sec) = 81.3103 res=false
*==== INFO ====* req_id_count= 4000 stream_id=15996 latency=0.797161 ms (tx_ts=158843291947541, rx_ts=158843292744702) request_id=324979 zil_blk_id=15996 ccf_commit_seqno=324979 nstreams_done_=4000 config.nstreams=20000 avg_latency=1.0628 ms avg throuhgput (requests/sec) = 81.2982 res=false
*==== INFO ====* req_id_count= 4500 stream_id=17996 latency=0.741106 ms (tx_ts=158849447676577, rx_ts=158849448417683) request_id=365868 zil_blk_id=17996 ccf_commit_seqno=365868 nstreams_done_=4500 config.nstreams=20000 avg_latency=1.0634 ms avg throuhgput (requests/sec) = 81.2902 res=false
*==== INFO ====* req_id_count= 5000 stream_id=19996 latency=1.095107 ms (tx_ts=158855596380134, rx_ts=158855597475241) request_id=406749 zil_blk_id=19996 ccf_commit_seqno=406751 nstreams_done_=5000 config.nstreams=20000 avg_latency=1.0618 ms avg throuhgput (requests/sec) = 81.2925 res=false
*==== INFO ====* req_id_count= 5500 stream_id=21996 latency=1.088986 ms (tx_ts=158861756957075, rx_ts=158861758046061) request_id=447748 zil_blk_id=21996 ccf_commit_seqno=447751 nstreams_done_=5500 config.nstreams=20000 avg_latency=1.0638 ms avg throuhgput (requests/sec) = 81.2805 res=false
*==== INFO ====* req_id_count= 6000 stream_id=23996 latency=1.108165 ms (tx_ts=158867882361079, rx_ts=158867883469244) request_id=488437 zil_blk_id=23996 ccf_commit_seqno=488437 nstreams_done_=6000 config.nstreams=20000 avg_latency=1.0645 ms avg throuhgput (requests/sec) = 81.3093 res=false
*==== INFO ====* req_id_count= 6500 stream_id=25996 latency=1.136304 ms (tx_ts=158873997215319, rx_ts=158873998351623) request_id=529080 zil_blk_id=25996 ccf_commit_seqno=529082 nstreams_done_=6500 config.nstreams=20000 avg_latency=1.0655 ms avg throuhgput (requests/sec) = 81.3444 res=false
*==== INFO ====* req_id_count= 7000 stream_id=27996 latency=0.929007 ms (tx_ts=158880079902384, rx_ts=158880080831391) request_id=569616 zil_blk_id=27996 ccf_commit_seqno=569617 nstreams_done_=7000 config.nstreams=20000 avg_latency=1.0662 ms avg throuhgput (requests/sec) = 81.4051 res=false
*==== INFO ====* req_id_count= 7500 stream_id=29996 latency=1.060017 ms (tx_ts=158886196964364, rx_ts=158886198024381) request_id=610275 zil_blk_id=29996 ccf_commit_seqno=610275 nstreams_done_=7500 config.nstreams=20000 avg_latency=1.0668 ms avg throuhgput (requests/sec) = 81.4272 res=false
*==== INFO ====* req_id_count= 8000 stream_id=31996 latency=0.831935 ms (tx_ts=158892293646536, rx_ts=158892294478471) request_id=650941 zil_blk_id=31996 ccf_commit_seqno=650941 nstreams_done_=8000 config.nstreams=20000 avg_latency=1.0665 ms avg throuhgput (requests/sec) = 81.4637 res=false
*==== INFO ====* req_id_count= 8500 stream_id=33996 latency=1.350286 ms (tx_ts=158898378724039, rx_ts=158898380074325) request_id=691488 zil_blk_id=33996 ccf_commit_seqno=691489 nstreams_done_=8500 config.nstreams=20000 avg_latency=1.0663 ms avg throuhgput (requests/sec) = 81.5044 res=false
*==== INFO ====* req_id_count= 9000 stream_id=35996 latency=1.637532 ms (tx_ts=158904473692206, rx_ts=158904475329738) request_id=732113 zil_blk_id=35996 ccf_commit_seqno=732113 nstreams_done_=9000 config.nstreams=20000 avg_latency=1.0661 ms avg throuhgput (requests/sec) = 81.5334 res=false
*==== INFO ====* req_id_count= 9500 stream_id=37996 latency=1.230438 ms (tx_ts=158910578951533, rx_ts=158910580181971) request_id=772819 zil_blk_id=37996 ccf_commit_seqno=772822 nstreams_done_=9500 config.nstreams=20000 avg_latency=1.0646 ms avg throuhgput (requests/sec) = 81.5528 res=false
*==== INFO ====* req_id_count= 10000 stream_id=39996 latency=1.051867 ms (tx_ts=158916682871584, rx_ts=158916683923451) request_id=813484 zil_blk_id=39996 ccf_commit_seqno=813484 nstreams_done_=10000 config.nstreams=20000 avg_latency=1.0645 ms avg throuhgput (requests/sec) = 81.5709 res=false
*==== INFO ====* req_id_count= 10500 stream_id=41996 latency=0.718422 ms (tx_ts=158922753685305, rx_ts=158922754403727) request_id=853996 zil_blk_id=41996 ccf_commit_seqno=853996 nstreams_done_=10500 config.nstreams=20000 avg_latency=1.0641 ms avg throuhgput (requests/sec) = 81.6084 res=false
*==== INFO ====* req_id_count= 11000 stream_id=43996 latency=0.928265 ms (tx_ts=158928795580652, rx_ts=158928796508917) request_id=894428 zil_blk_id=43996 ccf_commit_seqno=894428 nstreams_done_=11000 config.nstreams=20000 avg_latency=1.0624 ms avg throuhgput (requests/sec) = 81.6597 res=false
*==== INFO ====* req_id_count= 11500 stream_id=45996 latency=0.741896 ms (tx_ts=158934862938402, rx_ts=158934863680298) request_id=935009 zil_blk_id=45996 ccf_commit_seqno=935010 nstreams_done_=11500 config.nstreams=20000 avg_latency=1.0609 ms avg throuhgput (requests/sec) = 81.6921 res=false
*==== INFO ====* req_id_count= 12000 stream_id=47996 latency=1.126497 ms (tx_ts=158940944292242, rx_ts=158940945418739) request_id=975631 zil_blk_id=47996 ccf_commit_seqno=975632 nstreams_done_=12000 config.nstreams=20000 avg_latency=1.0599 ms avg throuhgput (requests/sec) = 81.7137 res=false
*==== INFO ====* req_id_count= 12500 stream_id=49996 latency=0.976094 ms (tx_ts=158947018418819, rx_ts=158947019394913) request_id=1016193 zil_blk_id=49996 ccf_commit_seqno=1016193 nstreams_done_=12500 config.nstreams=20000 avg_latency=1.0588 ms avg throuhgput (requests/sec) = 81.7377 res=false
*==== INFO ====* req_id_count= 13000 stream_id=51996 latency=0.766172 ms (tx_ts=158953108420257, rx_ts=158953109186429) request_id=1056773 zil_blk_id=51996 ccf_commit_seqno=1056773 nstreams_done_=13000 config.nstreams=20000 avg_latency=1.0606 ms avg throuhgput (requests/sec) = 81.7517 res=false
*==== INFO ====* req_id_count= 13500 stream_id=53996 latency=1.022168 ms (tx_ts=158959212746611, rx_ts=158959213768779) request_id=1097552 zil_blk_id=53996 ccf_commit_seqno=1097553 nstreams_done_=13500 config.nstreams=20000 avg_latency=1.0610 ms avg throuhgput (requests/sec) = 81.7574 res=false
*==== INFO ====* req_id_count= 14000 stream_id=55996 latency=0.803352 ms (tx_ts=158965257706932, rx_ts=158965258510284) request_id=1137927 zil_blk_id=55996 ccf_commit_seqno=1137928 nstreams_done_=14000 config.nstreams=20000 avg_latency=1.0606 ms avg throuhgput (requests/sec) = 81.7913 res=false
*==== INFO ====* req_id_count= 14500 stream_id=57996 latency=0.980671 ms (tx_ts=158971203407907, rx_ts=158971204388578) request_id=1177686 zil_blk_id=57996 ccf_commit_seqno=1177687 nstreams_done_=14500 config.nstreams=20000 avg_latency=1.0613 ms avg throuhgput (requests/sec) = 81.8685 res=false
*==== INFO ====* req_id_count= 15000 stream_id=59996 latency=0.911765 ms (tx_ts=158977127358884, rx_ts=158977128270649) request_id=1217286 zil_blk_id=59996 ccf_commit_seqno=1217286 nstreams_done_=15000 config.nstreams=20000 avg_latency=1.0607 ms avg throuhgput (requests/sec) = 81.9506 res=false
*==== INFO ====* req_id_count= 15500 stream_id=61996 latency=1.144720 ms (tx_ts=158983038212342, rx_ts=158983039357062) request_id=1256836 zil_blk_id=61996 ccf_commit_seqno=1256838 nstreams_done_=15500 config.nstreams=20000 avg_latency=1.0606 ms avg throuhgput (requests/sec) = 82.0331 res=false
*==== INFO ====* req_id_count= 16000 stream_id=63996 latency=0.689970 ms (tx_ts=158988975345207, rx_ts=158988976035177) request_id=1296524 zil_blk_id=63996 ccf_commit_seqno=1296524 nstreams_done_=16000 config.nstreams=20000 avg_latency=1.0614 ms avg throuhgput (requests/sec) = 82.0998 res=false
*==== INFO ====* req_id_count= 16500 stream_id=65996 latency=0.935419 ms (tx_ts=158994877792914, rx_ts=158994878728333) request_id=1335999 zil_blk_id=65996 ccf_commit_seqno=1336000 nstreams_done_=16500 config.nstreams=20000 avg_latency=1.0610 ms avg throuhgput (requests/sec) = 82.1764 res=false
*==== INFO ====* req_id_count= 17000 stream_id=67996 latency=0.921303 ms (tx_ts=159000814254992, rx_ts=159000815176295) request_id=1375724 zil_blk_id=67996 ccf_commit_seqno=1375726 nstreams_done_=17000 config.nstreams=20000 avg_latency=1.0621 ms avg throuhgput (requests/sec) = 82.2353 res=false
*==== INFO ====* req_id_count= 17500 stream_id=69996 latency=0.966818 ms (tx_ts=159006720797403, rx_ts=159006721764221) request_id=1415317 zil_blk_id=69996 ccf_commit_seqno=1415318 nstreams_done_=17500 config.nstreams=20000 avg_latency=1.0614 ms avg throuhgput (requests/sec) = 82.3024 res=false
*==== INFO ====* req_id_count= 18000 stream_id=71996 latency=1.166501 ms (tx_ts=159012611725781, rx_ts=159012612892282) request_id=1454892 zil_blk_id=71996 ccf_commit_seqno=1454893 nstreams_done_=18000 config.nstreams=20000 avg_latency=1.0599 ms avg throuhgput (requests/sec) = 82.3717 res=false
*==== INFO ====* req_id_count= 18500 stream_id=73996 latency=1.032451 ms (tx_ts=159018511367205, rx_ts=159018512399656) request_id=1494454 zil_blk_id=73996 ccf_commit_seqno=1494456 nstreams_done_=18500 config.nstreams=20000 avg_latency=1.0591 ms avg throuhgput (requests/sec) = 82.4343 res=false
*==== INFO ====* req_id_count= 19000 stream_id=75996 latency=0.974242 ms (tx_ts=159024428829536, rx_ts=159024429803778) request_id=1534054 zil_blk_id=75996 ccf_commit_seqno=1534054 nstreams_done_=19000 config.nstreams=20000 avg_latency=1.0597 ms avg throuhgput (requests/sec) = 82.4873 res=false
*==== INFO ====* req_id_count= 19500 stream_id=77996 latency=1.242022 ms (tx_ts=159030345270686, rx_ts=159030346512708) request_id=1570459 zil_blk_id=77996 ccf_commit_seqno=1570462 nstreams_done_=19500 config.nstreams=20000 avg_latency=1.0594 ms avg throuhgput (requests/sec) = 82.5378 res=false
*==== INFO ====* http_end_stream ALL streams done! nstreams_done_=20000 avg_latency=1.0572 msreq_id_count= 20000
*==== INFO ====* req_id_count= 20000 stream_id=79996 latency=1.046937 ms (tx_ts=159036256326229, rx_ts=159036257373166) request_id=1590194 zil_blk_id=79996 ccf_commit_seqno=1590196 nstreams_done_=20000 config.nstreams=20000 avg_latency=1.0572 ms avg throuhgput (requests/sec) = 82.5879 res=true
