Uniform: 568920 717049 890434 325972 396009 
Exponential: -2147483648 -2147483648 -2147483648 -2147483648 -2147483648 
Truncated Normal: 717822 556512 15124 660093 176072 
*==== INFO ====* req_id_count= 500 stream_id=1996 latency=1.245716 ms (tx_ts=158800382660923, rx_ts=158800383906639) request_id=40784 zil_blk_id=1996 ccf_commit_seqno=40787 nstreams_done_=500 config.nstreams=20000 avg_latency=1.2177 ms avg throuhgput (requests/sec) = 79.6373 res=false
*==== INFO ====* req_id_count= 1000 stream_id=3996 latency=1.168682 ms (tx_ts=158806646094988, rx_ts=158806647263670) request_id=82088 zil_blk_id=3996 ccf_commit_seqno=82089 nstreams_done_=1000 config.nstreams=20000 avg_latency=1.2047 ms avg throuhgput (requests/sec) = 79.7333 res=false
*==== INFO ====* req_id_count= 1500 stream_id=5996 latency=1.365624 ms (tx_ts=158812922563181, rx_ts=158812923928805) request_id=123532 zil_blk_id=5996 ccf_commit_seqno=123533 nstreams_done_=1500 config.nstreams=20000 avg_latency=1.2007 ms avg throuhgput (requests/sec) = 79.7089 res=false
*==== INFO ====* req_id_count= 2000 stream_id=7996 latency=1.302796 ms (tx_ts=158819179947647, rx_ts=158819181250443) request_id=164970 zil_blk_id=7996 ccf_commit_seqno=164972 nstreams_done_=2000 config.nstreams=20000 avg_latency=1.1937 ms avg throuhgput (requests/sec) = 79.7582 res=false
*==== INFO ====* req_id_count= 2500 stream_id=9996 latency=1.218041 ms (tx_ts=158825432201402, rx_ts=158825433419443) request_id=206422 zil_blk_id=9996 ccf_commit_seqno=206425 nstreams_done_=2500 config.nstreams=20000 avg_latency=1.1933 ms avg throuhgput (requests/sec) = 79.8009 res=false
*==== INFO ====* req_id_count= 3000 stream_id=11996 latency=1.260858 ms (tx_ts=158831702357061, rx_ts=158831703617919) request_id=248002 zil_blk_id=11996 ccf_commit_seqno=248005 nstreams_done_=3000 config.nstreams=20000 avg_latency=1.1920 ms avg throuhgput (requests/sec) = 79.7911 res=false
*==== INFO ====* req_id_count= 3500 stream_id=13996 latency=1.305514 ms (tx_ts=158837967654783, rx_ts=158837968960297) request_id=289588 zil_blk_id=13996 ccf_commit_seqno=289590 nstreams_done_=3500 config.nstreams=20000 avg_latency=1.1929 ms avg throuhgput (requests/sec) = 79.7930 res=false
*==== INFO ====* req_id_count= 4000 stream_id=15996 latency=1.091080 ms (tx_ts=158844238561408, rx_ts=158844239652488) request_id=331246 zil_blk_id=15996 ccf_commit_seqno=331248 nstreams_done_=4000 config.nstreams=20000 avg_latency=1.1970 ms avg throuhgput (requests/sec) = 79.7858 res=false
*==== INFO ====* req_id_count= 4500 stream_id=17996 latency=1.382075 ms (tx_ts=158850506498706, rx_ts=158850507880781) request_id=372905 zil_blk_id=17996 ccf_commit_seqno=372906 nstreams_done_=4500 config.nstreams=20000 avg_latency=1.1981 ms avg throuhgput (requests/sec) = 79.7838 res=false
*==== INFO ====* req_id_count= 5000 stream_id=19996 latency=1.291145 ms (tx_ts=158856757949220, rx_ts=158856759240365) request_id=414486 zil_blk_id=19996 ccf_commit_seqno=414490 nstreams_done_=5000 config.nstreams=20000 avg_latency=1.1965 ms avg throuhgput (requests/sec) = 79.8036 res=false
*==== INFO ====* req_id_count= 5500 stream_id=21996 latency=1.149750 ms (tx_ts=158862961972249, rx_ts=158862963121999) request_id=455747 zil_blk_id=21996 ccf_commit_seqno=455751 nstreams_done_=5500 config.nstreams=20000 avg_latency=1.1945 ms avg throuhgput (requests/sec) = 79.8749 res=false
*==== INFO ====* req_id_count= 6000 stream_id=23996 latency=1.260818 ms (tx_ts=158869042116283, rx_ts=158869043377101) request_id=496150 zil_blk_id=23996 ccf_commit_seqno=496151 nstreams_done_=6000 config.nstreams=20000 avg_latency=1.1981 ms avg throuhgput (requests/sec) = 80.0663 res=false
*==== INFO ====* req_id_count= 6500 stream_id=25996 latency=1.235227 ms (tx_ts=158875098087546, rx_ts=158875099322773) request_id=536438 zil_blk_id=25996 ccf_commit_seqno=536440 nstreams_done_=6500 config.nstreams=20000 avg_latency=1.1978 ms avg throuhgput (requests/sec) = 80.2530 res=false
*==== INFO ====* req_id_count= 7000 stream_id=27996 latency=1.401490 ms (tx_ts=158881189953304, rx_ts=158881191354794) request_id=576963 zil_blk_id=27996 ccf_commit_seqno=576967 nstreams_done_=7000 config.nstreams=20000 avg_latency=1.2022 ms avg throuhgput (requests/sec) = 80.3804 res=false
*==== INFO ====* req_id_count= 7500 stream_id=29996 latency=1.257521 ms (tx_ts=158887250779323, rx_ts=158887252036844) request_id=617296 zil_blk_id=29996 ccf_commit_seqno=617299 nstreams_done_=7500 config.nstreams=20000 avg_latency=1.2049 ms avg throuhgput (requests/sec) = 80.5182 res=false
*==== INFO ====* req_id_count= 8000 stream_id=31996 latency=1.309288 ms (tx_ts=158893331753785, rx_ts=158893333063073) request_id=657867 zil_blk_id=31996 ccf_commit_seqno=657869 nstreams_done_=8000 config.nstreams=20000 avg_latency=1.2058 ms avg throuhgput (requests/sec) = 80.6227 res=false
*==== INFO ====* req_id_count= 8500 stream_id=33996 latency=1.214497 ms (tx_ts=158899383734149, rx_ts=158899384948646) request_id=698179 zil_blk_id=33996 ccf_commit_seqno=698181 nstreams_done_=8500 config.nstreams=20000 avg_latency=1.2060 ms avg throuhgput (requests/sec) = 80.7375 res=false
*==== INFO ====* req_id_count= 9000 stream_id=35996 latency=0.987767 ms (tx_ts=158905456170443, rx_ts=158905457158210) request_id=738645 zil_blk_id=35996 ccf_commit_seqno=738645 nstreams_done_=9000 config.nstreams=20000 avg_latency=1.2070 ms avg throuhgput (requests/sec) = 80.8250 res=false
*==== INFO ====* req_id_count= 9500 stream_id=37996 latency=1.287187 ms (tx_ts=158911526404904, rx_ts=158911527692091) request_id=779135 zil_blk_id=37996 ccf_commit_seqno=779139 nstreams_done_=9500 config.nstreams=20000 avg_latency=1.2066 ms avg throuhgput (requests/sec) = 80.9046 res=false
*==== INFO ====* req_id_count= 10000 stream_id=39996 latency=1.387926 ms (tx_ts=158917600773764, rx_ts=158917602161690) request_id=819603 zil_blk_id=39996 ccf_commit_seqno=819608 nstreams_done_=10000 config.nstreams=20000 avg_latency=1.2062 ms avg throuhgput (requests/sec) = 80.9738 res=false
*==== INFO ====* req_id_count= 10500 stream_id=41996 latency=1.189123 ms (tx_ts=158923662586987, rx_ts=158923663776110) request_id=860071 zil_blk_id=41996 ccf_commit_seqno=860074 nstreams_done_=10500 config.nstreams=20000 avg_latency=1.2041 ms avg throuhgput (requests/sec) = 81.0446 res=false
*==== INFO ====* req_id_count= 11000 stream_id=43996 latency=1.258302 ms (tx_ts=158929731617173, rx_ts=158929732875475) request_id=900695 zil_blk_id=43996 ccf_commit_seqno=900698 nstreams_done_=11000 config.nstreams=20000 avg_latency=1.2022 ms avg throuhgput (requests/sec) = 81.1045 res=false
*==== INFO ====* req_id_count= 11500 stream_id=45996 latency=1.353281 ms (tx_ts=158935808444309, rx_ts=158935809797590) request_id=941335 zil_blk_id=45996 ccf_commit_seqno=941338 nstreams_done_=11500 config.nstreams=20000 avg_latency=1.2022 ms avg throuhgput (requests/sec) = 81.1549 res=false
*==== INFO ====* req_id_count= 12000 stream_id=47996 latency=0.955267 ms (tx_ts=158941865858309, rx_ts=158941866813576) request_id=981790 zil_blk_id=47996 ccf_commit_seqno=981791 nstreams_done_=12000 config.nstreams=20000 avg_latency=1.2010 ms avg throuhgput (requests/sec) = 81.2120 res=false
*==== INFO ====* req_id_count= 12500 stream_id=49996 latency=1.308820 ms (tx_ts=158947963125270, rx_ts=158947964434090) request_id=1022497 zil_blk_id=49996 ccf_commit_seqno=1022502 nstreams_done_=12500 config.nstreams=20000 avg_latency=1.2021 ms avg throuhgput (requests/sec) = 81.2432 res=false
*==== INFO ====* req_id_count= 13000 stream_id=51996 latency=1.320038 ms (tx_ts=158954074101993, rx_ts=158954075422031) request_id=1063230 zil_blk_id=51996 ccf_commit_seqno=1063233 nstreams_done_=13000 config.nstreams=20000 avg_latency=1.2040 ms avg throuhgput (requests/sec) = 81.2652 res=false
*==== INFO ====* req_id_count= 13500 stream_id=53996 latency=1.120145 ms (tx_ts=158960139649034, rx_ts=158960140769179) request_id=1103746 zil_blk_id=53996 ccf_commit_seqno=1103748 nstreams_done_=13500 config.nstreams=20000 avg_latency=1.2033 ms avg throuhgput (requests/sec) = 81.3080 res=false
*==== INFO ====* req_id_count= 14000 stream_id=55996 latency=1.069230 ms (tx_ts=158966182674148, rx_ts=158966183743378) request_id=1144108 zil_blk_id=55996 ccf_commit_seqno=1144108 nstreams_done_=14000 config.nstreams=20000 avg_latency=1.2038 ms avg throuhgput (requests/sec) = 81.3583 res=false
*==== INFO ====* req_id_count= 14500 stream_id=57996 latency=1.207227 ms (tx_ts=158972218496445, rx_ts=158972219703672) request_id=1184490 zil_blk_id=57996 ccf_commit_seqno=1184492 nstreams_done_=14500 config.nstreams=20000 avg_latency=1.2032 ms avg throuhgput (requests/sec) = 81.4084 res=false
*==== INFO ====* req_id_count= 15000 stream_id=59996 latency=1.110237 ms (tx_ts=158978275467195, rx_ts=158978276577432) request_id=1224962 zil_blk_id=59996 ccf_commit_seqno=1224963 nstreams_done_=15000 config.nstreams=20000 avg_latency=1.2034 ms avg throuhgput (requests/sec) = 81.4460 res=false
*==== INFO ====* req_id_count= 15500 stream_id=61996 latency=1.457124 ms (tx_ts=158984332382371, rx_ts=158984333839495) request_id=1265463 zil_blk_id=61996 ccf_commit_seqno=1265464 nstreams_done_=15500 config.nstreams=20000 avg_latency=1.2029 ms avg throuhgput (requests/sec) = 81.4810 res=false
*==== INFO ====* req_id_count= 16000 stream_id=63996 latency=1.305390 ms (tx_ts=158990356281507, rx_ts=158990357586897) request_id=1305749 zil_blk_id=63996 ccf_commit_seqno=1305751 nstreams_done_=16000 config.nstreams=20000 avg_latency=1.2016 ms avg throuhgput (requests/sec) = 81.5278 res=false
*==== INFO ====* req_id_count= 16500 stream_id=65996 latency=0.979511 ms (tx_ts=158996418527192, rx_ts=158996419506703) request_id=1346314 zil_blk_id=65996 ccf_commit_seqno=1346314 nstreams_done_=16500 config.nstreams=20000 avg_latency=1.2010 ms avg throuhgput (requests/sec) = 81.5564 res=false
*==== INFO ====* req_id_count= 17000 stream_id=67996 latency=1.157719 ms (tx_ts=159002491171178, rx_ts=159002492328897) request_id=1386995 zil_blk_id=67996 ccf_commit_seqno=1386995 nstreams_done_=17000 config.nstreams=20000 avg_latency=1.2003 ms avg throuhgput (requests/sec) = 81.5790 res=false
*==== INFO ====* req_id_count= 17500 stream_id=69996 latency=1.227317 ms (tx_ts=159008567602680, rx_ts=159008568829997) request_id=1427730 zil_blk_id=69996 ccf_commit_seqno=1427733 nstreams_done_=17500 config.nstreams=20000 avg_latency=1.1993 ms avg throuhgput (requests/sec) = 81.5990 res=false
*==== INFO ====* req_id_count= 18000 stream_id=71996 latency=1.012924 ms (tx_ts=159014618744562, rx_ts=159014619757486) request_id=1468345 zil_blk_id=71996 ccf_commit_seqno=1468345 nstreams_done_=18000 config.nstreams=20000 avg_latency=1.1976 ms avg throuhgput (requests/sec) = 81.6274 res=false
*==== INFO ====* req_id_count= 18500 stream_id=73996 latency=1.038422 ms (tx_ts=159020681699494, rx_ts=159020682737916) request_id=1508971 zil_blk_id=73996 ccf_commit_seqno=1508971 nstreams_done_=18500 config.nstreams=20000 avg_latency=1.1972 ms avg throuhgput (requests/sec) = 81.6498 res=false
*==== INFO ====* req_id_count= 19000 stream_id=75996 latency=0.898279 ms (tx_ts=159026745856751, rx_ts=159026746755030) request_id=1549502 zil_blk_id=75996 ccf_commit_seqno=1549503 nstreams_done_=19000 config.nstreams=20000 avg_latency=1.1968 ms avg throuhgput (requests/sec) = 81.6708 res=false
*==== INFO ====* req_id_count= 19500 stream_id=77996 latency=1.295231 ms (tx_ts=159032798017458, rx_ts=159032799312689) request_id=1580826 zil_blk_id=77996 ccf_commit_seqno=1580828 nstreams_done_=19500 config.nstreams=20000 avg_latency=1.1961 ms avg throuhgput (requests/sec) = 81.6946 res=false
*==== INFO ====* http_end_stream ALL streams done! nstreams_done_=20000 avg_latency=1.1935 msreq_id_count= 20000
*==== INFO ====* req_id_count= 20000 stream_id=79996 latency=0.971587 ms (tx_ts=159038847431260, rx_ts=159038848402847) request_id=1595000 zil_blk_id=79996 ccf_commit_seqno=1595000 nstreams_done_=20000 config.nstreams=20000 avg_latency=1.1935 ms avg throuhgput (requests/sec) = 81.7184 res=true
