Uniform: 197484 834655 272948 114954 900285 
Exponential: -2147483648 -2147483648 -2147483648 -2147483648 -2147483648 
Truncated Normal: 508151 572776 455218 176763 244860 
*==== INFO ====* req_id_count= 500 stream_id=1996 latency=1.033782 ms (tx_ts=158799955897218, rx_ts=158799956931000) request_id=38022 zil_blk_id=1996 ccf_commit_seqno=38025 nstreams_done_=500 config.nstreams=20000 avg_latency=0.8916 ms avg throuhgput (requests/sec) = 85.0772 res=false
*==== INFO ====* req_id_count= 1000 stream_id=3996 latency=0.706080 ms (tx_ts=158805775018519, rx_ts=158805775724599) request_id=76378 zil_blk_id=3996 ccf_commit_seqno=76378 nstreams_done_=1000 config.nstreams=20000 avg_latency=0.8828 ms avg throuhgput (requests/sec) = 85.5007 res=false
*==== INFO ====* req_id_count= 1500 stream_id=5996 latency=1.139859 ms (tx_ts=158811614141652, rx_ts=158811615281511) request_id=114936 zil_blk_id=5996 ccf_commit_seqno=114941 nstreams_done_=1500 config.nstreams=20000 avg_latency=0.8851 ms avg throuhgput (requests/sec) = 85.5414 res=false
*==== INFO ====* req_id_count= 2000 stream_id=7996 latency=0.679671 ms (tx_ts=158817474456606, rx_ts=158817475136277) request_id=153667 zil_blk_id=7996 ccf_commit_seqno=153667 nstreams_done_=2000 config.nstreams=20000 avg_latency=0.8892 ms avg throuhgput (requests/sec) = 85.4876 res=false
*==== INFO ====* req_id_count= 2500 stream_id=9996 latency=0.607155 ms (tx_ts=158823304526971, rx_ts=158823305134126) request_id=192370 zil_blk_id=9996 ccf_commit_seqno=192370 nstreams_done_=2500 config.nstreams=20000 avg_latency=0.8852 ms avg throuhgput (requests/sec) = 85.5426 res=false
*==== INFO ====* req_id_count= 3000 stream_id=11996 latency=1.045925 ms (tx_ts=158829157103370, rx_ts=158829158149295) request_id=231174 zil_blk_id=11996 ccf_commit_seqno=231177 nstreams_done_=3000 config.nstreams=20000 avg_latency=0.8922 ms avg throuhgput (requests/sec) = 85.5231 res=false
*==== INFO ====* req_id_count= 3500 stream_id=13996 latency=0.998588 ms (tx_ts=158834968762598, rx_ts=158834969761186) request_id=269659 zil_blk_id=13996 ccf_commit_seqno=269662 nstreams_done_=3500 config.nstreams=20000 avg_latency=0.8943 ms avg throuhgput (requests/sec) = 85.5958 res=false
*==== INFO ====* req_id_count= 4000 stream_id=15996 latency=0.668570 ms (tx_ts=158840773212210, rx_ts=158840773880780) request_id=308245 zil_blk_id=15996 ccf_commit_seqno=308247 nstreams_done_=4000 config.nstreams=20000 avg_latency=0.8936 ms avg throuhgput (requests/sec) = 85.6642 res=false
*==== INFO ====* req_id_count= 4500 stream_id=17996 latency=0.636000 ms (tx_ts=158846591404173, rx_ts=158846592040173) request_id=346919 zil_blk_id=17996 ccf_commit_seqno=346919 nstreams_done_=4500 config.nstreams=20000 avg_latency=0.8931 ms avg throuhgput (requests/sec) = 85.6945 res=false
*==== INFO ====* req_id_count= 5000 stream_id=19996 latency=2.055002 ms (tx_ts=158852404491558, rx_ts=158852406546560) request_id=385537 zil_blk_id=19996 ccf_commit_seqno=385539 nstreams_done_=5000 config.nstreams=20000 avg_latency=0.8923 ms avg throuhgput (requests/sec) = 85.7241 res=false
*==== INFO ====* req_id_count= 5500 stream_id=21996 latency=0.554998 ms (tx_ts=158858228326908, rx_ts=158858228881906) request_id=424264 zil_blk_id=21996 ccf_commit_seqno=424264 nstreams_done_=5500 config.nstreams=20000 avg_latency=0.8915 ms avg throuhgput (requests/sec) = 85.7379 res=false
*==== INFO ====* req_id_count= 6000 stream_id=23996 latency=1.072845 ms (tx_ts=158864048955858, rx_ts=158864050028703) request_id=462983 zil_blk_id=23996 ccf_commit_seqno=462988 nstreams_done_=6000 config.nstreams=20000 avg_latency=0.8916 ms avg throuhgput (requests/sec) = 85.7509 res=false
*==== INFO ====* req_id_count= 6500 stream_id=25996 latency=1.023814 ms (tx_ts=158869872937190, rx_ts=158869873961004) request_id=501681 zil_blk_id=25996 ccf_commit_seqno=501687 nstreams_done_=6500 config.nstreams=20000 avg_latency=0.8929 ms avg throuhgput (requests/sec) = 85.7587 res=false
*==== INFO ====* req_id_count= 7000 stream_id=27996 latency=0.690150 ms (tx_ts=158875709207321, rx_ts=158875709897471) request_id=540518 zil_blk_id=27996 ccf_commit_seqno=540518 nstreams_done_=7000 config.nstreams=20000 avg_latency=0.8936 ms avg throuhgput (requests/sec) = 85.7528 res=false
*==== INFO ====* req_id_count= 7500 stream_id=29996 latency=0.767204 ms (tx_ts=158881577322575, rx_ts=158881578089779) request_id=579519 zil_blk_id=29996 ccf_commit_seqno=579521 nstreams_done_=7500 config.nstreams=20000 avg_latency=0.8977 ms avg throuhgput (requests/sec) = 85.7161 res=false
*==== INFO ====* req_id_count= 8000 stream_id=31996 latency=1.018874 ms (tx_ts=158887406889881, rx_ts=158887407908755) request_id=618335 zil_blk_id=31996 ccf_commit_seqno=618338 nstreams_done_=8000 config.nstreams=20000 avg_latency=0.8980 ms avg throuhgput (requests/sec) = 85.7192 res=false
*==== INFO ====* req_id_count= 8500 stream_id=33996 latency=0.899161 ms (tx_ts=158893228061015, rx_ts=158893228960176) request_id=657169 zil_blk_id=33996 ccf_commit_seqno=657173 nstreams_done_=8500 config.nstreams=20000 avg_latency=0.8973 ms avg throuhgput (requests/sec) = 85.7295 res=false
*==== INFO ====* req_id_count= 9000 stream_id=35996 latency=1.119825 ms (tx_ts=158899048903118, rx_ts=158899050022943) request_id=695946 zil_blk_id=35996 ccf_commit_seqno=695948 nstreams_done_=9000 config.nstreams=20000 avg_latency=0.8971 ms avg throuhgput (requests/sec) = 85.7387 res=false
*==== INFO ====* req_id_count= 9500 stream_id=37996 latency=0.896607 ms (tx_ts=158904871127938, rx_ts=158904872024545) request_id=734772 zil_blk_id=37996 ccf_commit_seqno=734773 nstreams_done_=9500 config.nstreams=20000 avg_latency=0.8972 ms avg throuhgput (requests/sec) = 85.7462 res=false
*==== INFO ====* req_id_count= 10000 stream_id=39996 latency=0.923116 ms (tx_ts=158910695229699, rx_ts=158910696152815) request_id=773589 zil_blk_id=39996 ccf_commit_seqno=773593 nstreams_done_=10000 config.nstreams=20000 avg_latency=0.8971 ms avg throuhgput (requests/sec) = 85.7514 res=false
*==== INFO ====* req_id_count= 10500 stream_id=41996 latency=0.762305 ms (tx_ts=158916514321522, rx_ts=158916515083827) request_id=812363 zil_blk_id=41996 ccf_commit_seqno=812366 nstreams_done_=10500 config.nstreams=20000 avg_latency=0.8973 ms avg throuhgput (requests/sec) = 85.7597 res=false
*==== INFO ====* req_id_count= 11000 stream_id=43996 latency=0.919998 ms (tx_ts=158922347290401, rx_ts=158922348210399) request_id=851293 zil_blk_id=43996 ccf_commit_seqno=851294 nstreams_done_=11000 config.nstreams=20000 avg_latency=0.8975 ms avg throuhgput (requests/sec) = 85.7577 res=false
*==== INFO ====* req_id_count= 11500 stream_id=45996 latency=0.823470 ms (tx_ts=158928159039790, rx_ts=158928159863260) request_id=890183 zil_blk_id=45996 ccf_commit_seqno=890185 nstreams_done_=11500 config.nstreams=20000 avg_latency=0.8963 ms avg throuhgput (requests/sec) = 85.7697 res=false
*==== INFO ====* req_id_count= 12000 stream_id=47996 latency=0.816466 ms (tx_ts=158933952403942, rx_ts=158933953220408) request_id=928911 zil_blk_id=47996 ccf_commit_seqno=928913 nstreams_done_=12000 config.nstreams=20000 avg_latency=0.8961 ms avg throuhgput (requests/sec) = 85.7919 res=false
*==== INFO ====* req_id_count= 12500 stream_id=49996 latency=0.794206 ms (tx_ts=158939751483086, rx_ts=158939752277292) request_id=967659 zil_blk_id=49996 ccf_commit_seqno=967660 nstreams_done_=12500 config.nstreams=20000 avg_latency=0.8961 ms avg throuhgput (requests/sec) = 85.8090 res=false
*==== INFO ====* req_id_count= 13000 stream_id=51996 latency=0.968210 ms (tx_ts=158945564982273, rx_ts=158945565950483) request_id=1006508 zil_blk_id=51996 ccf_commit_seqno=1006508 nstreams_done_=13000 config.nstreams=20000 avg_latency=0.8949 ms avg throuhgput (requests/sec) = 85.8165 res=false
*==== INFO ====* req_id_count= 13500 stream_id=53996 latency=0.663260 ms (tx_ts=158951388489149, rx_ts=158951389152409) request_id=1045405 zil_blk_id=53996 ccf_commit_seqno=1045405 nstreams_done_=13500 config.nstreams=20000 avg_latency=0.8948 ms avg throuhgput (requests/sec) = 85.8182 res=false
*==== INFO ====* req_id_count= 14000 stream_id=55996 latency=1.041896 ms (tx_ts=158957209675905, rx_ts=158957210717801) request_id=1084157 zil_blk_id=55996 ccf_commit_seqno=1084159 nstreams_done_=14000 config.nstreams=20000 avg_latency=0.8954 ms avg throuhgput (requests/sec) = 85.8207 res=false
*==== INFO ====* req_id_count= 14500 stream_id=57996 latency=0.880106 ms (tx_ts=158963018449187, rx_ts=158963019329293) request_id=1122985 zil_blk_id=57996 ccf_commit_seqno=1122990 nstreams_done_=14500 config.nstreams=20000 avg_latency=0.8947 ms avg throuhgput (requests/sec) = 85.8296 res=false
*==== INFO ====* req_id_count= 15000 stream_id=59996 latency=0.964694 ms (tx_ts=158968857838171, rx_ts=158968858802865) request_id=1161968 zil_blk_id=59996 ccf_commit_seqno=1161972 nstreams_done_=15000 config.nstreams=20000 avg_latency=0.8956 ms avg throuhgput (requests/sec) = 85.8227 res=false
*==== INFO ====* req_id_count= 15500 stream_id=61996 latency=1.097372 ms (tx_ts=158974671842598, rx_ts=158974672939970) request_id=1200871 zil_blk_id=61996 ccf_commit_seqno=1200872 nstreams_done_=15500 config.nstreams=20000 avg_latency=0.8956 ms avg throuhgput (requests/sec) = 85.8283 res=false
*==== INFO ====* req_id_count= 16000 stream_id=63996 latency=1.233807 ms (tx_ts=158980466012801, rx_ts=158980467246608) request_id=1239628 zil_blk_id=63996 ccf_commit_seqno=1239633 nstreams_done_=16000 config.nstreams=20000 avg_latency=0.8952 ms avg throuhgput (requests/sec) = 85.8427 res=false
*==== INFO ====* req_id_count= 16500 stream_id=65996 latency=0.608207 ms (tx_ts=158986306923944, rx_ts=158986307532151) request_id=1278672 zil_blk_id=65996 ccf_commit_seqno=1278672 nstreams_done_=16500 config.nstreams=20000 avg_latency=0.8954 ms avg throuhgput (requests/sec) = 85.8357 res=false
*==== INFO ====* req_id_count= 17000 stream_id=67996 latency=0.971557 ms (tx_ts=158992129721346, rx_ts=158992130692903) request_id=1317629 zil_blk_id=67996 ccf_commit_seqno=1317633 nstreams_done_=17000 config.nstreams=20000 avg_latency=0.8950 ms avg throuhgput (requests/sec) = 85.8366 res=false
*==== INFO ====* req_id_count= 17500 stream_id=69996 latency=1.130842 ms (tx_ts=158997949698568, rx_ts=158997950829410) request_id=1356556 zil_blk_id=69996 ccf_commit_seqno=1356560 nstreams_done_=17500 config.nstreams=20000 avg_latency=0.8947 ms avg throuhgput (requests/sec) = 85.8386 res=false
*==== INFO ====* req_id_count= 18000 stream_id=71996 latency=1.004999 ms (tx_ts=159003760126145, rx_ts=159003761131144) request_id=1395508 zil_blk_id=71996 ccf_commit_seqno=1395513 nstreams_done_=18000 config.nstreams=20000 avg_latency=0.8945 ms avg throuhgput (requests/sec) = 85.8446 res=false
*==== INFO ====* req_id_count= 18500 stream_id=73996 latency=0.572301 ms (tx_ts=159009562726044, rx_ts=159009563298345) request_id=1434424 zil_blk_id=73996 ccf_commit_seqno=1434424 nstreams_done_=18500 config.nstreams=20000 avg_latency=0.8941 ms avg throuhgput (requests/sec) = 85.8535 res=false
*==== INFO ====* req_id_count= 19000 stream_id=75996 latency=0.728102 ms (tx_ts=159015391203329, rx_ts=159015391931431) request_id=1473525 zil_blk_id=75996 ccf_commit_seqno=1473525 nstreams_done_=19000 config.nstreams=20000 avg_latency=0.8948 ms avg throuhgput (requests/sec) = 85.8516 res=false
*==== INFO ====* req_id_count= 19500 stream_id=77996 latency=0.943644 ms (tx_ts=159021224234605, rx_ts=159021225178249) request_id=1512605 zil_blk_id=77996 ccf_commit_seqno=1512611 nstreams_done_=19500 config.nstreams=20000 avg_latency=0.8952 ms avg throuhgput (requests/sec) = 85.8481 res=false
*==== INFO ====* http_end_stream ALL streams done! nstreams_done_=20000 avg_latency=0.8953 msreq_id_count= 20000
*==== INFO ====* req_id_count= 20000 stream_id=79996 latency=0.632893 ms (tx_ts=159027058959055, rx_ts=159027059591948) request_id=1551537 zil_blk_id=79996 ccf_commit_seqno=1551537 nstreams_done_=20000 config.nstreams=20000 avg_latency=0.8953 ms avg throuhgput (requests/sec) = 85.8444 res=true
