Uniform: 385866 819484 265431 704650 392905 
Exponential: -2147483648 -2147483648 -2147483648 -2147483648 -2147483648 
Truncated Normal: 452459 552111 78296 453636 458114 
*==== INFO ====* req_id_count= 500 stream_id=1996 latency=1.200174 ms (tx_ts=158800355606260, rx_ts=158800356806434) request_id=40606 zil_blk_id=1996 ccf_commit_seqno=40609 nstreams_done_=500 config.nstreams=20000 avg_latency=1.3455 ms avg throuhgput (requests/sec) = 80.1998 res=false
*==== INFO ====* req_id_count= 1000 stream_id=3996 latency=1.168194 ms (tx_ts=158806522925758, rx_ts=158806524093952) request_id=81277 zil_blk_id=3996 ccf_commit_seqno=81277 nstreams_done_=1000 config.nstreams=20000 avg_latency=1.3526 ms avg throuhgput (requests/sec) = 80.6340 res=false
*==== INFO ====* req_id_count= 1500 stream_id=5996 latency=1.288300 ms (tx_ts=158812599878967, rx_ts=158812601167267) request_id=121417 zil_blk_id=5996 ccf_commit_seqno=121420 nstreams_done_=1500 config.nstreams=20000 avg_latency=1.3471 ms avg throuhgput (requests/sec) = 81.1741 res=false
*==== INFO ====* req_id_count= 2000 stream_id=7996 latency=1.057397 ms (tx_ts=158818705396639, rx_ts=158818706454036) request_id=161813 zil_blk_id=7996 ccf_commit_seqno=161815 nstreams_done_=2000 config.nstreams=20000 avg_latency=1.3456 ms avg throuhgput (requests/sec) = 81.3535 res=false
*==== INFO ====* req_id_count= 2500 stream_id=9996 latency=1.461929 ms (tx_ts=158824815097483, rx_ts=158824816559412) request_id=202347 zil_blk_id=9996 ccf_commit_seqno=202352 nstreams_done_=2500 config.nstreams=20000 avg_latency=1.3533 ms avg throuhgput (requests/sec) = 81.4487 res=false
*==== INFO ====* req_id_count= 3000 stream_id=11996 latency=1.065963 ms (tx_ts=158830875312560, rx_ts=158830876378523) request_id=242538 zil_blk_id=11996 ccf_commit_seqno=242538 nstreams_done_=3000 config.nstreams=20000 avg_latency=1.3465 ms avg throuhgput (requests/sec) = 81.6238 res=false
*==== INFO ====* req_id_count= 3500 stream_id=13996 latency=1.417290 ms (tx_ts=158836967665169, rx_ts=158836969082459) request_id=282942 zil_blk_id=13996 ccf_commit_seqno=282945 nstreams_done_=3500 config.nstreams=20000 avg_latency=1.3467 ms avg throuhgput (requests/sec) = 81.6866 res=false
*==== INFO ====* req_id_count= 4000 stream_id=15996 latency=1.121577 ms (tx_ts=158843025669091, rx_ts=158843026790668) request_id=323206 zil_blk_id=15996 ccf_commit_seqno=323207 nstreams_done_=4000 config.nstreams=20000 avg_latency=1.3440 ms avg throuhgput (requests/sec) = 81.7922 res=false
*==== INFO ====* req_id_count= 4500 stream_id=17996 latency=1.275017 ms (tx_ts=158849131116363, rx_ts=158849132391380) request_id=363773 zil_blk_id=17996 ccf_commit_seqno=363776 nstreams_done_=4500 config.nstreams=20000 avg_latency=1.3454 ms avg throuhgput (requests/sec) = 81.8033 res=false
*==== INFO ====* req_id_count= 5000 stream_id=19996 latency=1.246117 ms (tx_ts=158855198853802, rx_ts=158855200099919) request_id=404094 zil_blk_id=19996 ccf_commit_seqno=404098 nstreams_done_=5000 config.nstreams=20000 avg_latency=1.3439 ms avg throuhgput (requests/sec) = 81.8629 res=false
*==== INFO ====* req_id_count= 5500 stream_id=21996 latency=1.268201 ms (tx_ts=158861221770799, rx_ts=158861223039000) request_id=444186 zil_blk_id=21996 ccf_commit_seqno=444189 nstreams_done_=5500 config.nstreams=20000 avg_latency=1.3378 ms avg throuhgput (requests/sec) = 81.9664 res=false
*==== INFO ====* req_id_count= 6000 stream_id=23996 latency=1.390399 ms (tx_ts=158867269939965, rx_ts=158867271330364) request_id=484365 zil_blk_id=23996 ccf_commit_seqno=484367 nstreams_done_=6000 config.nstreams=20000 avg_latency=1.3370 ms avg throuhgput (requests/sec) = 82.0244 res=false
*==== INFO ====* req_id_count= 6500 stream_id=25996 latency=1.375111 ms (tx_ts=158873368892160, rx_ts=158873370267271) request_id=524898 zil_blk_id=25996 ccf_commit_seqno=524899 nstreams_done_=6500 config.nstreams=20000 avg_latency=1.3410 ms avg throuhgput (requests/sec) = 82.0211 res=false
*==== INFO ====* req_id_count= 7000 stream_id=27996 latency=1.436356 ms (tx_ts=158879441858178, rx_ts=158879443294534) request_id=565356 zil_blk_id=27996 ccf_commit_seqno=565359 nstreams_done_=7000 config.nstreams=20000 avg_latency=1.3396 ms avg throuhgput (requests/sec) = 82.0432 res=false
*==== INFO ====* req_id_count= 7500 stream_id=29996 latency=1.313126 ms (tx_ts=158885525312559, rx_ts=158885526625685) request_id=605762 zil_blk_id=29996 ccf_commit_seqno=605764 nstreams_done_=7500 config.nstreams=20000 avg_latency=1.3436 ms avg throuhgput (requests/sec) = 82.0531 res=false
*==== INFO ====* req_id_count= 8000 stream_id=31996 latency=1.327352 ms (tx_ts=158891571314048, rx_ts=158891572641400) request_id=646134 zil_blk_id=31996 ccf_commit_seqno=646135 nstreams_done_=8000 config.nstreams=20000 avg_latency=1.3420 ms avg throuhgput (requests/sec) = 82.0932 res=false
*==== INFO ====* req_id_count= 8500 stream_id=33996 latency=1.338835 ms (tx_ts=158897687930802, rx_ts=158897689269637) request_id=686865 zil_blk_id=33996 ccf_commit_seqno=686870 nstreams_done_=8500 config.nstreams=20000 avg_latency=1.3455 ms avg throuhgput (requests/sec) = 82.0726 res=false
*==== INFO ====* req_id_count= 9000 stream_id=35996 latency=1.364401 ms (tx_ts=158903774234452, rx_ts=158903775598853) request_id=727439 zil_blk_id=35996 ccf_commit_seqno=727440 nstreams_done_=9000 config.nstreams=20000 avg_latency=1.3460 ms avg throuhgput (requests/sec) = 82.0769 res=false
*==== INFO ====* req_id_count= 9500 stream_id=37996 latency=1.052698 ms (tx_ts=158909884567462, rx_ts=158909885620160) request_id=768181 zil_blk_id=37996 ccf_commit_seqno=768181 nstreams_done_=9500 config.nstreams=20000 avg_latency=1.3472 ms avg throuhgput (requests/sec) = 82.0640 res=false
*==== INFO ====* req_id_count= 10000 stream_id=39996 latency=1.013845 ms (tx_ts=158915993960320, rx_ts=158915994974165) request_id=808880 zil_blk_id=39996 ccf_commit_seqno=808880 nstreams_done_=10000 config.nstreams=20000 avg_latency=1.3508 ms avg throuhgput (requests/sec) = 82.0529 res=false
*==== INFO ====* req_id_count= 10500 stream_id=41996 latency=1.264902 ms (tx_ts=158922097712496, rx_ts=158922098977398) request_id=849633 zil_blk_id=41996 ccf_commit_seqno=849634 nstreams_done_=10500 config.nstreams=20000 avg_latency=1.3532 ms avg throuhgput (requests/sec) = 82.0462 res=false
*==== INFO ====* req_id_count= 11000 stream_id=43996 latency=1.241721 ms (tx_ts=158928216376091, rx_ts=158928217617812) request_id=890571 zil_blk_id=43996 ccf_commit_seqno=890573 nstreams_done_=11000 config.nstreams=20000 avg_latency=1.3557 ms avg throuhgput (requests/sec) = 82.0312 res=false
*==== INFO ====* req_id_count= 11500 stream_id=45996 latency=1.418036 ms (tx_ts=158934273655090, rx_ts=158934275073126) request_id=931061 zil_blk_id=45996 ccf_commit_seqno=931066 nstreams_done_=11500 config.nstreams=20000 avg_latency=1.3545 ms avg throuhgput (requests/sec) = 82.0534 res=false
*==== INFO ====* req_id_count= 12000 stream_id=47996 latency=1.318937 ms (tx_ts=158940391373884, rx_ts=158940392692821) request_id=971932 zil_blk_id=47996 ccf_commit_seqno=971934 nstreams_done_=12000 config.nstreams=20000 avg_latency=1.3553 ms avg throuhgput (requests/sec) = 82.0399 res=false
*==== INFO ====* req_id_count= 12500 stream_id=49996 latency=1.247161 ms (tx_ts=158946463199796, rx_ts=158946464446957) request_id=1012496 zil_blk_id=49996 ccf_commit_seqno=1012497 nstreams_done_=12500 config.nstreams=20000 avg_latency=1.3547 ms avg throuhgput (requests/sec) = 82.0522 res=false
*==== INFO ====* req_id_count= 13000 stream_id=51996 latency=1.057998 ms (tx_ts=158952589980388, rx_ts=158952591038386) request_id=1053280 zil_blk_id=51996 ccf_commit_seqno=1053280 nstreams_done_=13000 config.nstreams=20000 avg_latency=1.3569 ms avg throuhgput (requests/sec) = 82.0351 res=false
*==== INFO ====* req_id_count= 13500 stream_id=53996 latency=1.649493 ms (tx_ts=158958657631176, rx_ts=158958659280669) request_id=1093832 zil_blk_id=53996 ccf_commit_seqno=1093835 nstreams_done_=13500 config.nstreams=20000 avg_latency=1.3558 ms avg throuhgput (requests/sec) = 82.0485 res=false
*==== INFO ====* req_id_count= 14000 stream_id=55996 latency=4.648864 ms (tx_ts=158964741681361, rx_ts=158964746330225) request_id=1134492 zil_blk_id=55996 ccf_commit_seqno=1134492 nstreams_done_=14000 config.nstreams=20000 avg_latency=1.3565 ms avg throuhgput (requests/sec) = 82.0518 res=false
*==== INFO ====* req_id_count= 14500 stream_id=57996 latency=0.997636 ms (tx_ts=158970771321232, rx_ts=158970772318868) request_id=1174784 zil_blk_id=57996 ccf_commit_seqno=1174784 nstreams_done_=14500 config.nstreams=20000 avg_latency=1.3542 ms avg throuhgput (requests/sec) = 82.0832 res=false
*==== INFO ====* req_id_count= 15000 stream_id=59996 latency=1.290353 ms (tx_ts=158976855694372, rx_ts=158976856984725) request_id=1215463 zil_blk_id=59996 ccf_commit_seqno=1215466 nstreams_done_=15000 config.nstreams=20000 avg_latency=1.3540 ms avg throuhgput (requests/sec) = 82.0863 res=false
*==== INFO ====* req_id_count= 15500 stream_id=61996 latency=1.612807 ms (tx_ts=158982897761036, rx_ts=158982899373843) request_id=1255890 zil_blk_id=61996 ccf_commit_seqno=1255891 nstreams_done_=15500 config.nstreams=20000 avg_latency=1.3527 ms avg throuhgput (requests/sec) = 82.1075 res=false
*==== INFO ====* req_id_count= 16000 stream_id=63996 latency=1.140552 ms (tx_ts=158988996303151, rx_ts=158988997443703) request_id=1296659 zil_blk_id=63996 ccf_commit_seqno=1296659 nstreams_done_=16000 config.nstreams=20000 avg_latency=1.3538 ms avg throuhgput (requests/sec) = 82.1039 res=false
*==== INFO ====* req_id_count= 16500 stream_id=65996 latency=1.362999 ms (tx_ts=158995118816247, rx_ts=158995120179246) request_id=1337613 zil_blk_id=65996 ccf_commit_seqno=1337614 nstreams_done_=16500 config.nstreams=20000 avg_latency=1.3552 ms avg throuhgput (requests/sec) = 82.0904 res=false
*==== INFO ====* req_id_count= 17000 stream_id=67996 latency=1.232975 ms (tx_ts=159001217041233, rx_ts=159001218274208) request_id=1378447 zil_blk_id=67996 ccf_commit_seqno=1378448 nstreams_done_=17000 config.nstreams=20000 avg_latency=1.3561 ms avg throuhgput (requests/sec) = 82.0876 res=false
*==== INFO ====* req_id_count= 17500 stream_id=69996 latency=1.369310 ms (tx_ts=159007284484200, rx_ts=159007285853510) request_id=1419113 zil_blk_id=69996 ccf_commit_seqno=1419114 nstreams_done_=17500 config.nstreams=20000 avg_latency=1.3560 ms avg throuhgput (requests/sec) = 82.0966 res=false
*==== INFO ====* req_id_count= 18000 stream_id=71996 latency=1.386142 ms (tx_ts=159013304313173, rx_ts=159013305699315) request_id=1459547 zil_blk_id=71996 ccf_commit_seqno=1459550 nstreams_done_=18000 config.nstreams=20000 avg_latency=1.3542 ms avg throuhgput (requests/sec) = 82.1230 res=false
*==== INFO ====* req_id_count= 18500 stream_id=73996 latency=1.228737 ms (tx_ts=159019372884419, rx_ts=159019374113156) request_id=1500223 zil_blk_id=73996 ccf_commit_seqno=1500226 nstreams_done_=18500 config.nstreams=20000 avg_latency=1.3543 ms avg throuhgput (requests/sec) = 82.1303 res=false
*==== INFO ====* req_id_count= 19000 stream_id=75996 latency=1.280755 ms (tx_ts=159025448064402, rx_ts=159025449345157) request_id=1540884 zil_blk_id=75996 ccf_commit_seqno=1540886 nstreams_done_=19000 config.nstreams=20000 avg_latency=1.3542 ms avg throuhgput (requests/sec) = 82.1348 res=false
*==== INFO ====* req_id_count= 19500 stream_id=77996 latency=1.686217 ms (tx_ts=159031535913159, rx_ts=159031537599376) request_id=1575981 zil_blk_id=77996 ccf_commit_seqno=1575982 nstreams_done_=19500 config.nstreams=20000 avg_latency=1.3546 ms avg throuhgput (requests/sec) = 82.1346 res=false
*==== INFO ====* http_end_stream ALL streams done! nstreams_done_=20000 avg_latency=1.3542 msreq_id_count= 20000
*==== INFO ====* req_id_count= 20000 stream_id=79996 latency=0.993388 ms (tx_ts=159037657584014, rx_ts=159037658577402) request_id=1593086 zil_blk_id=79996 ccf_commit_seqno=1593087 nstreams_done_=20000 config.nstreams=20000 avg_latency=1.3542 ms avg throuhgput (requests/sec) = 82.1233 res=true
