Uniform: 824899 391415 181492 995020 942411 
Exponential: -2147483648 -2147483648 -2147483648 -2147483648 -2147483648 
Truncated Normal: 215547 593101 385080 340025 420872 
*==== INFO ====* req_id_count= 500 stream_id=1996 latency=0.930590 ms (tx_ts=158799950109823, rx_ts=158799951040413) request_id=37985 zil_blk_id=1996 ccf_commit_seqno=37987 nstreams_done_=500 config.nstreams=20000 avg_latency=0.9471 ms avg throuhgput (requests/sec) = 85.1780 res=false
*==== INFO ====* req_id_count= 1000 stream_id=3996 latency=0.898400 ms (tx_ts=158805817349429, rx_ts=158805818247829) request_id=76657 zil_blk_id=3996 ccf_commit_seqno=76660 nstreams_done_=1000 config.nstreams=20000 avg_latency=0.9371 ms avg throuhgput (requests/sec) = 85.1987 res=false
*==== INFO ====* req_id_count= 1500 stream_id=5996 latency=1.951750 ms (tx_ts=158811683758683, rx_ts=158811685710433) request_id=115395 zil_blk_id=5996 ccf_commit_seqno=115400 nstreams_done_=1500 config.nstreams=20000 avg_latency=0.9344 ms avg throuhgput (requests/sec) = 85.2044 res=false
*==== INFO ====* req_id_count= 2000 stream_id=7996 latency=1.065923 ms (tx_ts=158817558550387, rx_ts=158817559616310) request_id=154221 zil_blk_id=7996 ccf_commit_seqno=154226 nstreams_done_=2000 config.nstreams=20000 avg_latency=0.9383 ms avg throuhgput (requests/sec) = 85.1838 res=false
*==== INFO ====* req_id_count= 2500 stream_id=9996 latency=0.837606 ms (tx_ts=158823424633566, rx_ts=158823425471172) request_id=193164 zil_blk_id=9996 ccf_commit_seqno=193165 nstreams_done_=2500 config.nstreams=20000 avg_latency=0.9387 ms avg throuhgput (requests/sec) = 85.1949 res=false
*==== INFO ====* req_id_count= 3000 stream_id=11996 latency=0.760803 ms (tx_ts=158829286933588, rx_ts=158829287694391) request_id=232033 zil_blk_id=11996 ccf_commit_seqno=232033 nstreams_done_=3000 config.nstreams=20000 avg_latency=0.9408 ms avg throuhgput (requests/sec) = 85.2110 res=false
*==== INFO ====* req_id_count= 3500 stream_id=13996 latency=0.833418 ms (tx_ts=158835162100882, rx_ts=158835162934300) request_id=270942 zil_blk_id=13996 ccf_commit_seqno=270942 nstreams_done_=3500 config.nstreams=20000 avg_latency=0.9464 ms avg throuhgput (requests/sec) = 85.1956 res=false
*==== INFO ====* req_id_count= 4000 stream_id=15996 latency=0.858676 ms (tx_ts=158841015563703, rx_ts=158841016422379) request_id=309847 zil_blk_id=15996 ccf_commit_seqno=309848 nstreams_done_=4000 config.nstreams=20000 avg_latency=0.9422 ms avg throuhgput (requests/sec) = 85.2234 res=false
*==== INFO ====* req_id_count= 4500 stream_id=17996 latency=1.025197 ms (tx_ts=158846891010312, rx_ts=158846892035509) request_id=348905 zil_blk_id=17996 ccf_commit_seqno=348906 nstreams_done_=4500 config.nstreams=20000 avg_latency=0.9433 ms avg throuhgput (requests/sec) = 85.2094 res=false
*==== INFO ====* req_id_count= 5000 stream_id=19996 latency=0.989200 ms (tx_ts=158852755544347, rx_ts=158852756533547) request_id=387874 zil_blk_id=19996 ccf_commit_seqno=387878 nstreams_done_=5000 config.nstreams=20000 avg_latency=0.9419 ms avg throuhgput (requests/sec) = 85.2144 res=false
*==== INFO ====* req_id_count= 5500 stream_id=21996 latency=0.733090 ms (tx_ts=158858648831249, rx_ts=158858649564339) request_id=427066 zil_blk_id=21996 ccf_commit_seqno=427067 nstreams_done_=5500 config.nstreams=20000 avg_latency=0.9425 ms avg throuhgput (requests/sec) = 85.1807 res=false
*==== INFO ====* req_id_count= 6000 stream_id=23996 latency=1.001292 ms (tx_ts=158864530089360, rx_ts=158864531090652) request_id=466178 zil_blk_id=23996 ccf_commit_seqno=466180 nstreams_done_=6000 config.nstreams=20000 avg_latency=0.9444 ms avg throuhgput (requests/sec) = 85.1667 res=false
*==== INFO ====* req_id_count= 6500 stream_id=25996 latency=0.691293 ms (tx_ts=158870411687831, rx_ts=158870412379124) request_id=505253 zil_blk_id=25996 ccf_commit_seqno=505254 nstreams_done_=6500 config.nstreams=20000 avg_latency=0.9473 ms avg throuhgput (requests/sec) = 85.1550 res=false
*==== INFO ====* req_id_count= 7000 stream_id=27996 latency=0.805697 ms (tx_ts=158876312727038, rx_ts=158876313532735) request_id=544506 zil_blk_id=27996 ccf_commit_seqno=544509 nstreams_done_=7000 config.nstreams=20000 avg_latency=0.9507 ms avg throuhgput (requests/sec) = 85.1244 res=false
*==== INFO ====* req_id_count= 7500 stream_id=29996 latency=0.911334 ms (tx_ts=158882190384057, rx_ts=158882191295391) request_id=583596 zil_blk_id=29996 ccf_commit_seqno=583597 nstreams_done_=7500 config.nstreams=20000 avg_latency=0.9515 ms avg throuhgput (requests/sec) = 85.1206 res=false
*==== INFO ====* req_id_count= 8000 stream_id=31996 latency=0.970254 ms (tx_ts=158888080842023, rx_ts=158888081812277) request_id=622837 zil_blk_id=31996 ccf_commit_seqno=622839 nstreams_done_=8000 config.nstreams=20000 avg_latency=0.9533 ms avg throuhgput (requests/sec) = 85.1056 res=false
*==== INFO ====* req_id_count= 8500 stream_id=33996 latency=0.954708 ms (tx_ts=158893933486571, rx_ts=158893934441279) request_id=661873 zil_blk_id=33996 ccf_commit_seqno=661877 nstreams_done_=8500 config.nstreams=20000 avg_latency=0.9518 ms avg throuhgput (requests/sec) = 85.1247 res=false
*==== INFO ====* req_id_count= 9000 stream_id=35996 latency=0.836702 ms (tx_ts=158899796478137, rx_ts=158899797314839) request_id=700924 zil_blk_id=35996 ccf_commit_seqno=700925 nstreams_done_=9000 config.nstreams=20000 avg_latency=0.9501 ms avg throuhgput (requests/sec) = 85.1335 res=false
*==== INFO ====* req_id_count= 9500 stream_id=37996 latency=0.821216 ms (tx_ts=158905662061995, rx_ts=158905662883211) request_id=740003 zil_blk_id=37996 ccf_commit_seqno=740004 nstreams_done_=9500 config.nstreams=20000 avg_latency=0.9495 ms avg throuhgput (requests/sec) = 85.1393 res=false
*==== INFO ====* req_id_count= 10000 stream_id=39996 latency=0.747709 ms (tx_ts=158911515627336, rx_ts=158911516375045) request_id=779065 zil_blk_id=39996 ccf_commit_seqno=779065 nstreams_done_=10000 config.nstreams=20000 avg_latency=0.9488 ms avg throuhgput (requests/sec) = 85.1532 res=false
*==== INFO ====* req_id_count= 10500 stream_id=41996 latency=0.936561 ms (tx_ts=158917386889822, rx_ts=158917387826383) request_id=818174 zil_blk_id=41996 ccf_commit_seqno=818176 nstreams_done_=10500 config.nstreams=20000 avg_latency=0.9487 ms avg throuhgput (requests/sec) = 85.1534 res=false
*==== INFO ====* req_id_count= 11000 stream_id=43996 latency=0.883335 ms (tx_ts=158923282842772, rx_ts=158923283726107) request_id=857538 zil_blk_id=43996 ccf_commit_seqno=857540 nstreams_done_=11000 config.nstreams=20000 avg_latency=0.9504 ms avg throuhgput (requests/sec) = 85.1375 res=false
*==== INFO ====* req_id_count= 11500 stream_id=45996 latency=0.973829 ms (tx_ts=158929144257065, rx_ts=158929145230894) request_id=896765 zil_blk_id=45996 ccf_commit_seqno=896768 nstreams_done_=11500 config.nstreams=20000 avg_latency=0.9500 ms avg throuhgput (requests/sec) = 85.1447 res=false
*==== INFO ====* req_id_count= 12000 stream_id=47996 latency=0.902128 ms (tx_ts=158934998374448, rx_ts=158934999276576) request_id=935913 zil_blk_id=47996 ccf_commit_seqno=935914 nstreams_done_=12000 config.nstreams=20000 avg_latency=0.9492 ms avg throuhgput (requests/sec) = 85.1557 res=false
*==== INFO ====* req_id_count= 12500 stream_id=49996 latency=0.944266 ms (tx_ts=158940867767292, rx_ts=158940868711558) request_id=975112 zil_blk_id=49996 ccf_commit_seqno=975113 nstreams_done_=12500 config.nstreams=20000 avg_latency=0.9498 ms avg throuhgput (requests/sec) = 85.1570 res=false
*==== INFO ====* req_id_count= 13000 stream_id=51996 latency=0.745715 ms (tx_ts=158946732242155, rx_ts=158946732987870) request_id=1014298 zil_blk_id=51996 ccf_commit_seqno=1014298 nstreams_done_=13000 config.nstreams=20000 avg_latency=0.9495 ms avg throuhgput (requests/sec) = 85.1610 res=false
*==== INFO ====* req_id_count= 13500 stream_id=53996 latency=0.872531 ms (tx_ts=158952643352780, rx_ts=158952644225311) request_id=1053645 zil_blk_id=53996 ccf_commit_seqno=1053647 nstreams_done_=13500 config.nstreams=20000 avg_latency=0.9522 ms avg throuhgput (requests/sec) = 85.1395 res=false
*==== INFO ====* req_id_count= 14000 stream_id=55996 latency=0.727454 ms (tx_ts=158958508715577, rx_ts=158958509443031) request_id=1092832 zil_blk_id=55996 ccf_commit_seqno=1092833 nstreams_done_=14000 config.nstreams=20000 avg_latency=0.9511 ms avg throuhgput (requests/sec) = 85.1434 res=false
*==== INFO ====* req_id_count= 14500 stream_id=57996 latency=1.101199 ms (tx_ts=158964388952417, rx_ts=158964390053616) request_id=1132123 zil_blk_id=57996 ccf_commit_seqno=1132127 nstreams_done_=14500 config.nstreams=20000 avg_latency=0.9514 ms avg throuhgput (requests/sec) = 85.1393 res=false
*==== INFO ====* req_id_count= 15000 stream_id=59996 latency=0.755773 ms (tx_ts=158970266734871, rx_ts=158970267490644) request_id=1171415 zil_blk_id=59996 ccf_commit_seqno=1171415 nstreams_done_=15000 config.nstreams=20000 avg_latency=0.9515 ms avg throuhgput (requests/sec) = 85.1371 res=false
*==== INFO ====* req_id_count= 15500 stream_id=61996 latency=1.227800 ms (tx_ts=158976135416290, rx_ts=158976136644090) request_id=1210640 zil_blk_id=61996 ccf_commit_seqno=1210648 nstreams_done_=15500 config.nstreams=20000 avg_latency=0.9516 ms avg throuhgput (requests/sec) = 85.1388 res=false
*==== INFO ====* req_id_count= 16000 stream_id=63996 latency=1.645788 ms (tx_ts=158982001951843, rx_ts=158982003597631) request_id=1249916 zil_blk_id=63996 ccf_commit_seqno=1249923 nstreams_done_=16000 config.nstreams=20000 avg_latency=0.9516 ms avg throuhgput (requests/sec) = 85.1414 res=false
*==== INFO ====* req_id_count= 16500 stream_id=65996 latency=1.045014 ms (tx_ts=158987868113172, rx_ts=158987869158186) request_id=1289130 zil_blk_id=65996 ccf_commit_seqno=1289130 nstreams_done_=16500 config.nstreams=20000 avg_latency=0.9511 ms avg throuhgput (requests/sec) = 85.1445 res=false
*==== INFO ====* req_id_count= 17000 stream_id=67996 latency=1.253734 ms (tx_ts=158993760246043, rx_ts=158993761499777) request_id=1328521 zil_blk_id=67996 ccf_commit_seqno=1328524 nstreams_done_=17000 config.nstreams=20000 avg_latency=0.9520 ms avg throuhgput (requests/sec) = 85.1360 res=false
*==== INFO ====* req_id_count= 17500 stream_id=69996 latency=0.722356 ms (tx_ts=158999639298672, rx_ts=158999640021028) request_id=1367852 zil_blk_id=69996 ccf_commit_seqno=1367852 nstreams_done_=17500 config.nstreams=20000 avg_latency=0.9529 ms avg throuhgput (requests/sec) = 85.1337 res=false
*==== INFO ====* req_id_count= 18000 stream_id=71996 latency=0.898362 ms (tx_ts=159005513188831, rx_ts=159005514087193) request_id=1407217 zil_blk_id=71996 ccf_commit_seqno=1407220 nstreams_done_=18000 config.nstreams=20000 avg_latency=0.9532 ms avg throuhgput (requests/sec) = 85.1333 res=false
*==== INFO ====* req_id_count= 18500 stream_id=73996 latency=0.894241 ms (tx_ts=159011357131820, rx_ts=159011358026061) request_id=1446481 zil_blk_id=73996 ccf_commit_seqno=1446481 nstreams_done_=18500 config.nstreams=20000 avg_latency=0.9521 ms avg throuhgput (requests/sec) = 85.1448 res=false
*==== INFO ====* req_id_count= 19000 stream_id=75996 latency=0.986984 ms (tx_ts=159017226432415, rx_ts=159017227419399) request_id=1485842 zil_blk_id=75996 ccf_commit_seqno=1485844 nstreams_done_=19000 config.nstreams=20000 avg_latency=0.9518 ms avg throuhgput (requests/sec) = 85.1459 res=false
*==== INFO ====* req_id_count= 19500 stream_id=77996 latency=1.104315 ms (tx_ts=159023110247226, rx_ts=159023111351541) request_id=1525248 zil_blk_id=77996 ccf_commit_seqno=1525250 nstreams_done_=19500 config.nstreams=20000 avg_latency=0.9522 ms avg throuhgput (requests/sec) = 85.1415 res=false
*==== INFO ====* http_end_stream ALL streams done! nstreams_done_=20000 avg_latency=0.9512 msreq_id_count= 20000
*==== INFO ====* req_id_count= 20000 stream_id=79996 latency=0.934080 ms (tx_ts=159028976833958, rx_ts=159028977768038) request_id=1563119 zil_blk_id=79996 ccf_commit_seqno=1563121 nstreams_done_=20000 config.nstreams=20000 avg_latency=0.9512 ms avg throuhgput (requests/sec) = 85.1438 res=true
