Uniform: 751838 572432 61921 598627 671192 
Exponential: -2147483648 -2147483648 -2147483648 -2147483648 -2147483648 
Truncated Normal: 267931 415260 412435 540754 596412 
*==== INFO ====* req_id_count= 500 stream_id=1996 latency=1.199603 ms (tx_ts=158800094792154, rx_ts=158800095991757) request_id=38929 zil_blk_id=1996 ccf_commit_seqno=38930 nstreams_done_=500 config.nstreams=20000 avg_latency=1.2415 ms avg throuhgput (requests/sec) = 83.5279 res=false
*==== INFO ====* req_id_count= 1000 stream_id=3996 latency=1.747317 ms (tx_ts=158806110217110, rx_ts=158806111964427) request_id=78581 zil_blk_id=3996 ccf_commit_seqno=78587 nstreams_done_=1000 config.nstreams=20000 avg_latency=1.2313 ms avg throuhgput (requests/sec) = 83.3195 res=false
*==== INFO ====* req_id_count= 1500 stream_id=5996 latency=1.096330 ms (tx_ts=158812095737563, rx_ts=158812096833893) request_id=118109 zil_blk_id=5996 ccf_commit_seqno=118109 nstreams_done_=1500 config.nstreams=20000 avg_latency=1.2435 ms avg throuhgput (requests/sec) = 83.3942 res=false
*==== INFO ====* req_id_count= 2000 stream_id=7996 latency=1.196788 ms (tx_ts=158818063338273, rx_ts=158818064535061) request_id=157567 zil_blk_id=7996 ccf_commit_seqno=157569 nstreams_done_=2000 config.nstreams=20000 avg_latency=1.2415 ms avg throuhgput (requests/sec) = 83.4914 res=false
*==== INFO ====* req_id_count= 2500 stream_id=9996 latency=1.162798 ms (tx_ts=158823984872215, rx_ts=158823986035013) request_id=196865 zil_blk_id=9996 ccf_commit_seqno=196865 nstreams_done_=2500 config.nstreams=20000 avg_latency=1.2295 ms avg throuhgput (requests/sec) = 83.6790 res=false
*==== INFO ====* req_id_count= 3000 stream_id=11996 latency=0.917591 ms (tx_ts=158829952770824, rx_ts=158829953688415) request_id=236440 zil_blk_id=11996 ccf_commit_seqno=236440 nstreams_done_=3000 config.nstreams=20000 avg_latency=1.2314 ms avg throuhgput (requests/sec) = 83.6967 res=false
*==== INFO ====* req_id_count= 3500 stream_id=13996 latency=1.282357 ms (tx_ts=158835930337912, rx_ts=158835931620269) request_id=276052 zil_blk_id=13996 ccf_commit_seqno=276053 nstreams_done_=3500 config.nstreams=20000 avg_latency=1.2350 ms avg throuhgput (requests/sec) = 83.6887 res=false
*==== INFO ====* req_id_count= 4000 stream_id=15996 latency=1.390490 ms (tx_ts=158841884043788, rx_ts=158841885434278) request_id=315596 zil_blk_id=15996 ccf_commit_seqno=315599 nstreams_done_=4000 config.nstreams=20000 avg_latency=1.2334 ms avg throuhgput (requests/sec) = 83.7250 res=false
*==== INFO ====* req_id_count= 4500 stream_id=17996 latency=0.887629 ms (tx_ts=158847832618539, rx_ts=158847833506168) request_id=355154 zil_blk_id=17996 ccf_commit_seqno=355154 nstreams_done_=4500 config.nstreams=20000 avg_latency=1.2314 ms avg throuhgput (requests/sec) = 83.7622 res=false
*==== INFO ====* req_id_count= 5000 stream_id=19996 latency=1.333894 ms (tx_ts=158853797039614, rx_ts=158853798373508) request_id=394795 zil_blk_id=19996 ccf_commit_seqno=394800 nstreams_done_=5000 config.nstreams=20000 avg_latency=1.2290 ms avg throuhgput (requests/sec) = 83.7684 res=false
*==== INFO ====* req_id_count= 5500 stream_id=21996 latency=1.264923 ms (tx_ts=158859779549618, rx_ts=158859780814541) request_id=434573 zil_blk_id=21996 ccf_commit_seqno=434576 nstreams_done_=5500 config.nstreams=20000 avg_latency=1.2306 ms avg throuhgput (requests/sec) = 83.7510 res=false
*==== INFO ====* req_id_count= 6000 stream_id=23996 latency=1.319257 ms (tx_ts=158865773896584, rx_ts=158865775215841) request_id=474411 zil_blk_id=23996 ccf_commit_seqno=474414 nstreams_done_=6000 config.nstreams=20000 avg_latency=1.2348 ms avg throuhgput (requests/sec) = 83.7226 res=false
*==== INFO ====* req_id_count= 6500 stream_id=25996 latency=1.030307 ms (tx_ts=158871761297334, rx_ts=158871762327641) request_id=514231 zil_blk_id=25996 ccf_commit_seqno=514233 nstreams_done_=6500 config.nstreams=20000 avg_latency=1.2370 ms avg throuhgput (requests/sec) = 83.7064 res=false
*==== INFO ====* req_id_count= 7000 stream_id=27996 latency=1.062616 ms (tx_ts=158877756362401, rx_ts=158877757425017) request_id=554105 zil_blk_id=27996 ccf_commit_seqno=554106 nstreams_done_=7000 config.nstreams=20000 avg_latency=1.2387 ms avg throuhgput (requests/sec) = 83.6846 res=false
*==== INFO ====* req_id_count= 7500 stream_id=29996 latency=1.360063 ms (tx_ts=158883764720867, rx_ts=158883766080930) request_id=594057 zil_blk_id=29996 ccf_commit_seqno=594058 nstreams_done_=7500 config.nstreams=20000 avg_latency=1.2413 ms avg throuhgput (requests/sec) = 83.6530 res=false
*==== INFO ====* req_id_count= 8000 stream_id=31996 latency=1.301418 ms (tx_ts=158889741934668, rx_ts=158889743236086) request_id=633913 zil_blk_id=31996 ccf_commit_seqno=633916 nstreams_done_=8000 config.nstreams=20000 avg_latency=1.2420 ms avg throuhgput (requests/sec) = 83.6529 res=false
*==== INFO ====* req_id_count= 8500 stream_id=33996 latency=1.075923 ms (tx_ts=158895720448125, rx_ts=158895721524048) request_id=673753 zil_blk_id=33996 ccf_commit_seqno=673756 nstreams_done_=8500 config.nstreams=20000 avg_latency=1.2425 ms avg throuhgput (requests/sec) = 83.6519 res=false
*==== INFO ====* req_id_count= 9000 stream_id=35996 latency=1.258684 ms (tx_ts=158901707034497, rx_ts=158901708293181) request_id=713660 zil_blk_id=35996 ccf_commit_seqno=713663 nstreams_done_=9000 config.nstreams=20000 avg_latency=1.2426 ms avg throuhgput (requests/sec) = 83.6444 res=false
*==== INFO ====* req_id_count= 9500 stream_id=37996 latency=1.211075 ms (tx_ts=158907689325096, rx_ts=158907690536171) request_id=753500 zil_blk_id=37996 ccf_commit_seqno=753501 nstreams_done_=9500 config.nstreams=20000 avg_latency=1.2446 ms avg throuhgput (requests/sec) = 83.6411 res=false
*==== INFO ====* req_id_count= 10000 stream_id=39996 latency=1.183582 ms (tx_ts=158913665248979, rx_ts=158913666432561) request_id=793393 zil_blk_id=39996 ccf_commit_seqno=793396 nstreams_done_=10000 config.nstreams=20000 avg_latency=1.2444 ms avg throuhgput (requests/sec) = 83.6425 res=false
*==== INFO ====* req_id_count= 10500 stream_id=41996 latency=1.212748 ms (tx_ts=158919658083622, rx_ts=158919659296370) request_id=833318 zil_blk_id=41996 ccf_commit_seqno=833319 nstreams_done_=10500 config.nstreams=20000 avg_latency=1.2449 ms avg throuhgput (requests/sec) = 83.6325 res=false
*==== INFO ====* req_id_count= 11000 stream_id=43996 latency=1.412735 ms (tx_ts=158925593908698, rx_ts=158925595321433) request_id=873002 zil_blk_id=43996 ccf_commit_seqno=873007 nstreams_done_=11000 config.nstreams=20000 avg_latency=1.2425 ms avg throuhgput (requests/sec) = 83.6595 res=false
*==== INFO ====* req_id_count= 11500 stream_id=45996 latency=1.101268 ms (tx_ts=158931530467125, rx_ts=158931531568393) request_id=912735 zil_blk_id=45996 ccf_commit_seqno=912735 nstreams_done_=11500 config.nstreams=20000 avg_latency=1.2413 ms avg throuhgput (requests/sec) = 83.6841 res=false
*==== INFO ====* req_id_count= 12000 stream_id=47996 latency=1.134592 ms (tx_ts=158937481619882, rx_ts=158937482754474) request_id=952518 zil_blk_id=47996 ccf_commit_seqno=952520 nstreams_done_=12000 config.nstreams=20000 avg_latency=1.2407 ms avg throuhgput (requests/sec) = 83.6979 res=false
*==== INFO ====* req_id_count= 12500 stream_id=49996 latency=1.140458 ms (tx_ts=158943452624127, rx_ts=158943453764585) request_id=992416 zil_blk_id=49996 ccf_commit_seqno=992417 nstreams_done_=12500 config.nstreams=20000 avg_latency=1.2402 ms avg throuhgput (requests/sec) = 83.6995 res=false
*==== INFO ====* req_id_count= 13000 stream_id=51996 latency=1.105005 ms (tx_ts=158949411682893, rx_ts=158949412787898) request_id=1032175 zil_blk_id=51996 ccf_commit_seqno=1032178 nstreams_done_=13000 config.nstreams=20000 avg_latency=1.2396 ms avg throuhgput (requests/sec) = 83.7074 res=false
*==== INFO ====* req_id_count= 13500 stream_id=53996 latency=1.258760 ms (tx_ts=158955393038290, rx_ts=158955394297050) request_id=1072019 zil_blk_id=53996 ccf_commit_seqno=1072021 nstreams_done_=13500 config.nstreams=20000 avg_latency=1.2405 ms avg throuhgput (requests/sec) = 83.7031 res=false
*==== INFO ====* req_id_count= 14000 stream_id=55996 latency=1.061536 ms (tx_ts=158961362311255, rx_ts=158961363372791) request_id=1111918 zil_blk_id=55996 ccf_commit_seqno=1111921 nstreams_done_=14000 config.nstreams=20000 avg_latency=1.2407 ms avg throuhgput (requests/sec) = 83.7053 res=false
*==== INFO ====* req_id_count= 14500 stream_id=57996 latency=1.269373 ms (tx_ts=158967340712116, rx_ts=158967341981489) request_id=1151857 zil_blk_id=57996 ccf_commit_seqno=1151859 nstreams_done_=14500 config.nstreams=20000 avg_latency=1.2409 ms avg throuhgput (requests/sec) = 83.7028 res=false
*==== INFO ====* req_id_count= 15000 stream_id=59996 latency=1.055253 ms (tx_ts=158973294581900, rx_ts=158973295637153) request_id=1191677 zil_blk_id=59996 ccf_commit_seqno=1191678 nstreams_done_=15000 config.nstreams=20000 avg_latency=1.2405 ms avg throuhgput (requests/sec) = 83.7121 res=false
*==== INFO ====* req_id_count= 15500 stream_id=61996 latency=1.407976 ms (tx_ts=158979241095966, rx_ts=158979242503942) request_id=1231446 zil_blk_id=61996 ccf_commit_seqno=1231450 nstreams_done_=15500 config.nstreams=20000 avg_latency=1.2402 ms avg throuhgput (requests/sec) = 83.7238 res=false
*==== INFO ====* req_id_count= 16000 stream_id=63996 latency=0.971977 ms (tx_ts=158985225182873, rx_ts=158985226154850) request_id=1271428 zil_blk_id=63996 ccf_commit_seqno=1271428 nstreams_done_=16000 config.nstreams=20000 avg_latency=1.2409 ms avg throuhgput (requests/sec) = 83.7187 res=false
*==== INFO ====* req_id_count= 16500 stream_id=65996 latency=1.087513 ms (tx_ts=158991176637591, rx_ts=158991177725104) request_id=1311242 zil_blk_id=65996 ccf_commit_seqno=1311243 nstreams_done_=16500 config.nstreams=20000 avg_latency=1.2406 ms avg throuhgput (requests/sec) = 83.7275 res=false
*==== INFO ====* req_id_count= 17000 stream_id=67996 latency=1.134681 ms (tx_ts=158997119316300, rx_ts=158997120450981) request_id=1350997 zil_blk_id=67996 ccf_commit_seqno=1350999 nstreams_done_=17000 config.nstreams=20000 avg_latency=1.2404 ms avg throuhgput (requests/sec) = 83.7395 res=false
*==== INFO ====* req_id_count= 17500 stream_id=69996 latency=1.154248 ms (tx_ts=159003063447136, rx_ts=159003064601384) request_id=1390837 zil_blk_id=69996 ccf_commit_seqno=1390839 nstreams_done_=17500 config.nstreams=20000 avg_latency=1.2396 ms avg throuhgput (requests/sec) = 83.7502 res=false
*==== INFO ====* req_id_count= 18000 stream_id=71996 latency=1.853346 ms (tx_ts=159008984176776, rx_ts=159008986030122) request_id=1430540 zil_blk_id=71996 ccf_commit_seqno=1430540 nstreams_done_=18000 config.nstreams=20000 avg_latency=1.2387 ms avg throuhgput (requests/sec) = 83.7692 res=false
*==== INFO ====* req_id_count= 18500 stream_id=73996 latency=1.143663 ms (tx_ts=159014939107911, rx_ts=159014940251574) request_id=1470497 zil_blk_id=73996 ccf_commit_seqno=1470497 nstreams_done_=18500 config.nstreams=20000 avg_latency=1.2377 ms avg throuhgput (requests/sec) = 83.7747 res=false
*==== INFO ====* req_id_count= 19000 stream_id=75996 latency=1.372249 ms (tx_ts=159020905243806, rx_ts=159020906616055) request_id=1510470 zil_blk_id=75996 ccf_commit_seqno=1510473 nstreams_done_=19000 config.nstreams=20000 avg_latency=1.2379 ms avg throuhgput (requests/sec) = 83.7755 res=false
*==== INFO ====* req_id_count= 19500 stream_id=77996 latency=1.295873 ms (tx_ts=159026879318097, rx_ts=159026880613970) request_id=1550377 zil_blk_id=77996 ccf_commit_seqno=1550379 nstreams_done_=19500 config.nstreams=20000 avg_latency=1.2378 ms avg throuhgput (requests/sec) = 83.7735 res=false
*==== INFO ====* http_end_stream ALL streams done! nstreams_done_=20000 avg_latency=1.2368 msreq_id_count= 20000
*==== INFO ====* req_id_count= 20000 stream_id=79996 latency=0.919840 ms (tx_ts=159032830702797, rx_ts=159032831622637) request_id=1580941 zil_blk_id=79996 ccf_commit_seqno=1580941 nstreams_done_=20000 config.nstreams=20000 avg_latency=1.2368 ms avg throuhgput (requests/sec) = 83.7796 res=true
