Uniform: 5696 71134 730243 515380 763709 
Exponential: -2147483648 -2147483648 -2147483648 -2147483648 -2147483648 
Truncated Normal: 758156 277769 321317 898337 795232 
*==== INFO ====* req_id_count= 500 stream_id=1996 latency=1.195666 ms (tx_ts=158800162632541, rx_ts=158800163828207) request_id=39356 zil_blk_id=1996 ccf_commit_seqno=39358 nstreams_done_=500 config.nstreams=20000 avg_latency=1.1431 ms avg throuhgput (requests/sec) = 82.4153 res=false
*==== INFO ====* req_id_count= 1000 stream_id=3996 latency=1.167248 ms (tx_ts=158806218694758, rx_ts=158806219862006) request_id=79286 zil_blk_id=3996 ccf_commit_seqno=79289 nstreams_done_=1000 config.nstreams=20000 avg_latency=1.1710 ms avg throuhgput (requests/sec) = 82.4887 res=false
*==== INFO ====* req_id_count= 1500 stream_id=5996 latency=1.085259 ms (tx_ts=158812254772261, rx_ts=158812255857520) request_id=119153 zil_blk_id=5996 ccf_commit_seqno=119155 nstreams_done_=1500 config.nstreams=20000 avg_latency=1.1575 ms avg throuhgput (requests/sec) = 82.6043 res=false
*==== INFO ====* req_id_count= 2000 stream_id=7996 latency=0.944296 ms (tx_ts=158818315991768, rx_ts=158818316936064) request_id=159238 zil_blk_id=7996 ccf_commit_seqno=159240 nstreams_done_=2000 config.nstreams=20000 avg_latency=1.1615 ms avg throuhgput (requests/sec) = 82.5766 res=false
*==== INFO ====* req_id_count= 2500 stream_id=9996 latency=1.028537 ms (tx_ts=158824329684718, rx_ts=158824330713255) request_id=199133 zil_blk_id=9996 ccf_commit_seqno=199133 nstreams_done_=2500 config.nstreams=20000 avg_latency=1.1512 ms avg throuhgput (requests/sec) = 82.6891 res=false
*==== INFO ====* req_id_count= 3000 stream_id=11996 latency=0.954156 ms (tx_ts=158830323993251, rx_ts=158830324947407) request_id=238886 zil_blk_id=11996 ccf_commit_seqno=238887 nstreams_done_=3000 config.nstreams=20000 avg_latency=1.1532 ms avg throuhgput (requests/sec) = 82.8090 res=false
*==== INFO ====* req_id_count= 3500 stream_id=13996 latency=1.001433 ms (tx_ts=158836319807867, rx_ts=158836320809300) request_id=278642 zil_blk_id=13996 ccf_commit_seqno=278642 nstreams_done_=3500 config.nstreams=20000 avg_latency=1.1520 ms avg throuhgput (requests/sec) = 82.8916 res=false
*==== INFO ====* req_id_count= 4000 stream_id=15996 latency=1.228618 ms (tx_ts=158842289275660, rx_ts=158842290504278) request_id=318306 zil_blk_id=15996 ccf_commit_seqno=318306 nstreams_done_=4000 config.nstreams=20000 avg_latency=1.1477 ms avg throuhgput (requests/sec) = 82.9987 res=false
*==== INFO ====* req_id_count= 4500 stream_id=17996 latency=1.060900 ms (tx_ts=158848295325144, rx_ts=158848296386044) request_id=358224 zil_blk_id=17996 ccf_commit_seqno=358227 nstreams_done_=4500 config.nstreams=20000 avg_latency=1.1466 ms avg throuhgput (requests/sec) = 83.0268 res=false
*==== INFO ====* req_id_count= 5000 stream_id=19996 latency=1.158396 ms (tx_ts=158854301336758, rx_ts=158854302495154) request_id=398141 zil_blk_id=19996 ccf_commit_seqno=398143 nstreams_done_=5000 config.nstreams=20000 avg_latency=1.1461 ms avg throuhgput (requests/sec) = 83.0489 res=false
*==== INFO ====* req_id_count= 5500 stream_id=21996 latency=0.982867 ms (tx_ts=158860295602841, rx_ts=158860296585708) request_id=438014 zil_blk_id=21996 ccf_commit_seqno=438014 nstreams_done_=5500 config.nstreams=20000 avg_latency=1.1456 ms avg throuhgput (requests/sec) = 83.0821 res=false
*==== INFO ====* req_id_count= 6000 stream_id=23996 latency=1.118511 ms (tx_ts=158866287546722, rx_ts=158866288665233) request_id=477837 zil_blk_id=23996 ccf_commit_seqno=477837 nstreams_done_=6000 config.nstreams=20000 avg_latency=1.1455 ms avg throuhgput (requests/sec) = 83.1121 res=false
*==== INFO ====* req_id_count= 6500 stream_id=25996 latency=1.056165 ms (tx_ts=158872287500837, rx_ts=158872288557002) request_id=517753 zil_blk_id=25996 ccf_commit_seqno=517754 nstreams_done_=6500 config.nstreams=20000 avg_latency=1.1468 ms avg throuhgput (requests/sec) = 83.1292 res=false
*==== INFO ====* req_id_count= 7000 stream_id=27996 latency=0.926392 ms (tx_ts=158878293171057, rx_ts=158878294097449) request_id=557691 zil_blk_id=27996 ccf_commit_seqno=557691 nstreams_done_=7000 config.nstreams=20000 avg_latency=1.1499 ms avg throuhgput (requests/sec) = 83.1382 res=false
*==== INFO ====* req_id_count= 7500 stream_id=29996 latency=2.576687 ms (tx_ts=158884293129890, rx_ts=158884295706577) request_id=597561 zil_blk_id=29996 ccf_commit_seqno=597564 nstreams_done_=7500 config.nstreams=20000 avg_latency=1.1525 ms avg throuhgput (requests/sec) = 83.1497 res=false
*==== INFO ====* req_id_count= 8000 stream_id=31996 latency=0.896897 ms (tx_ts=158890290439633, rx_ts=158890291336530) request_id=637565 zil_blk_id=31996 ccf_commit_seqno=637566 nstreams_done_=8000 config.nstreams=20000 avg_latency=1.1535 ms avg throuhgput (requests/sec) = 83.1650 res=false
*==== INFO ====* req_id_count= 8500 stream_id=33996 latency=1.119665 ms (tx_ts=158896289946654, rx_ts=158896291066319) request_id=677545 zil_blk_id=33996 ccf_commit_seqno=677545 nstreams_done_=8500 config.nstreams=20000 avg_latency=1.1537 ms avg throuhgput (requests/sec) = 83.1751 res=false
*==== INFO ====* req_id_count= 9000 stream_id=35996 latency=1.067121 ms (tx_ts=158902288364175, rx_ts=158902289431296) request_id=717534 zil_blk_id=35996 ccf_commit_seqno=717535 nstreams_done_=9000 config.nstreams=20000 avg_latency=1.1533 ms avg throuhgput (requests/sec) = 83.1851 res=false
*==== INFO ====* req_id_count= 9500 stream_id=37996 latency=1.292487 ms (tx_ts=158908262158287, rx_ts=158908263450774) request_id=757343 zil_blk_id=37996 ccf_commit_seqno=757348 nstreams_done_=9500 config.nstreams=20000 avg_latency=1.1527 ms avg throuhgput (requests/sec) = 83.2118 res=false
*==== INFO ====* req_id_count= 10000 stream_id=39996 latency=1.236478 ms (tx_ts=158914281686556, rx_ts=158914282923034) request_id=797487 zil_blk_id=39996 ccf_commit_seqno=797489 nstreams_done_=10000 config.nstreams=20000 avg_latency=1.1537 ms avg throuhgput (requests/sec) = 83.2044 res=false
*==== INFO ====* req_id_count= 10500 stream_id=41996 latency=1.100028 ms (tx_ts=158920257950608, rx_ts=158920259050636) request_id=837320 zil_blk_id=41996 ccf_commit_seqno=837323 nstreams_done_=10500 config.nstreams=20000 avg_latency=1.1524 ms avg throuhgput (requests/sec) = 83.2263 res=false
*==== INFO ====* req_id_count= 11000 stream_id=43996 latency=0.993317 ms (tx_ts=158926217941021, rx_ts=158926218934338) request_id=877188 zil_blk_id=43996 ccf_commit_seqno=877189 nstreams_done_=11000 config.nstreams=20000 avg_latency=1.1496 ms avg throuhgput (requests/sec) = 83.2564 res=false
*==== INFO ====* req_id_count= 11500 stream_id=45996 latency=0.951548 ms (tx_ts=158932190546758, rx_ts=158932191498306) request_id=917154 zil_blk_id=45996 ccf_commit_seqno=917154 nstreams_done_=11500 config.nstreams=20000 avg_latency=1.1478 ms avg throuhgput (requests/sec) = 83.2763 res=false
*==== INFO ====* req_id_count= 12000 stream_id=47996 latency=1.271478 ms (tx_ts=158938190659710, rx_ts=158938191931188) request_id=957263 zil_blk_id=47996 ccf_commit_seqno=957264 nstreams_done_=12000 config.nstreams=20000 avg_latency=1.1481 ms avg throuhgput (requests/sec) = 83.2784 res=false
*==== INFO ====* req_id_count= 12500 stream_id=49996 latency=1.064169 ms (tx_ts=158944192404448, rx_ts=158944193468617) request_id=997343 zil_blk_id=49996 ccf_commit_seqno=997344 nstreams_done_=12500 config.nstreams=20000 avg_latency=1.1484 ms avg throuhgput (requests/sec) = 83.2798 res=false
*==== INFO ====* req_id_count= 13000 stream_id=51996 latency=0.978559 ms (tx_ts=158950181096858, rx_ts=158950182075417) request_id=1037327 zil_blk_id=51996 ccf_commit_seqno=1037329 nstreams_done_=13000 config.nstreams=20000 avg_latency=1.1475 ms avg throuhgput (requests/sec) = 83.2879 res=false
*==== INFO ====* req_id_count= 13500 stream_id=53996 latency=1.117489 ms (tx_ts=158956201529670, rx_ts=158956202647159) request_id=1077426 zil_blk_id=53996 ccf_commit_seqno=1077429 nstreams_done_=13500 config.nstreams=20000 avg_latency=1.1507 ms avg throuhgput (requests/sec) = 83.2790 res=false
*==== INFO ====* req_id_count= 14000 stream_id=55996 latency=1.119757 ms (tx_ts=158962181136443, rx_ts=158962182256200) request_id=1117410 zil_blk_id=55996 ccf_commit_seqno=1117414 nstreams_done_=14000 config.nstreams=20000 avg_latency=1.1499 ms avg throuhgput (requests/sec) = 83.2911 res=false
*==== INFO ====* req_id_count= 14500 stream_id=57996 latency=2.508871 ms (tx_ts=158968176705927, rx_ts=158968179214798) request_id=1157422 zil_blk_id=57996 ccf_commit_seqno=1157423 nstreams_done_=14500 config.nstreams=20000 avg_latency=1.1498 ms avg throuhgput (requests/sec) = 83.2940 res=false
*==== INFO ====* req_id_count= 15000 stream_id=59996 latency=0.915872 ms (tx_ts=158974157458163, rx_ts=158974158374035) request_id=1197437 zil_blk_id=59996 ccf_commit_seqno=1197438 nstreams_done_=15000 config.nstreams=20000 avg_latency=1.1486 ms avg throuhgput (requests/sec) = 83.3049 res=false
*==== INFO ====* req_id_count= 15500 stream_id=61996 latency=0.878843 ms (tx_ts=158980139889972, rx_ts=158980140768815) request_id=1237473 zil_blk_id=61996 ccf_commit_seqno=1237473 nstreams_done_=15500 config.nstreams=20000 avg_latency=1.1487 ms avg throuhgput (requests/sec) = 83.3137 res=false
*==== INFO ====* req_id_count= 16000 stream_id=63996 latency=1.379319 ms (tx_ts=158986135619581, rx_ts=158986136998900) request_id=1277522 zil_blk_id=63996 ccf_commit_seqno=1277529 nstreams_done_=16000 config.nstreams=20000 avg_latency=1.1488 ms avg throuhgput (requests/sec) = 83.3160 res=false
*==== INFO ====* req_id_count= 16500 stream_id=65996 latency=1.012654 ms (tx_ts=158992149415317, rx_ts=158992150427971) request_id=1317760 zil_blk_id=65996 ccf_commit_seqno=1317760 nstreams_done_=16500 config.nstreams=20000 avg_latency=1.1489 ms avg throuhgput (requests/sec) = 83.3108 res=false
*==== INFO ====* req_id_count= 17000 stream_id=67996 latency=1.234017 ms (tx_ts=158998128195665, rx_ts=158998129429682) request_id=1357745 zil_blk_id=67996 ccf_commit_seqno=1357748 nstreams_done_=17000 config.nstreams=20000 avg_latency=1.1489 ms avg throuhgput (requests/sec) = 83.3201 res=false
*==== INFO ====* req_id_count= 17500 stream_id=69996 latency=1.082674 ms (tx_ts=159004108628383, rx_ts=159004109711057) request_id=1397845 zil_blk_id=69996 ccf_commit_seqno=1397846 nstreams_done_=17500 config.nstreams=20000 avg_latency=1.1483 ms avg throuhgput (requests/sec) = 83.3283 res=false
*==== INFO ====* req_id_count= 18000 stream_id=71996 latency=1.275645 ms (tx_ts=159010065471097, rx_ts=159010066746742) request_id=1437811 zil_blk_id=71996 ccf_commit_seqno=1437811 nstreams_done_=18000 config.nstreams=20000 avg_latency=1.1471 ms avg throuhgput (requests/sec) = 83.3450 res=false
*==== INFO ====* req_id_count= 18500 stream_id=73996 latency=0.964844 ms (tx_ts=159016026775070, rx_ts=159016027739914) request_id=1477799 zil_blk_id=73996 ccf_commit_seqno=1477799 nstreams_done_=18500 config.nstreams=20000 avg_latency=1.1458 ms avg throuhgput (requests/sec) = 83.3593 res=false
*==== INFO ====* req_id_count= 19000 stream_id=75996 latency=1.182861 ms (tx_ts=159022023666620, rx_ts=159022024849481) request_id=1517972 zil_blk_id=75996 ccf_commit_seqno=1517972 nstreams_done_=19000 config.nstreams=20000 avg_latency=1.1460 ms avg throuhgput (requests/sec) = 83.3597 res=false
*==== INFO ====* req_id_count= 19500 stream_id=77996 latency=0.894132 ms (tx_ts=159028030691628, rx_ts=159028031585760) request_id=1557606 zil_blk_id=77996 ccf_commit_seqno=1557607 nstreams_done_=19500 config.nstreams=20000 avg_latency=1.1465 ms avg throuhgput (requests/sec) = 83.3566 res=false
*==== INFO ====* http_end_stream ALL streams done! nstreams_done_=20000 avg_latency=1.1447 msreq_id_count= 20000
*==== INFO ====* req_id_count= 20000 stream_id=79996 latency=0.979391 ms (tx_ts=159034007526306, rx_ts=159034008505697) request_id=1584815 zil_blk_id=79996 ccf_commit_seqno=1584815 nstreams_done_=20000 config.nstreams=20000 avg_latency=1.1447 ms avg throuhgput (requests/sec) = 83.3641 res=true
