Uniform: 824276 40999 737743 978486 341786 
Exponential: -2147483648 -2147483648 -2147483648 -2147483648 -2147483648 
Truncated Normal: 635967 328114 224587 257512 982261 
*==== INFO ====* req_id_count= 500 stream_id=1996 latency=1.106729 ms (tx_ts=158800392151890, rx_ts=158800393258619) request_id=40847 zil_blk_id=1996 ccf_commit_seqno=40847 nstreams_done_=500 config.nstreams=20000 avg_latency=1.2180 ms avg throuhgput (requests/sec) = 79.4794 res=false
*==== INFO ====* req_id_count= 1000 stream_id=3996 latency=1.200294 ms (tx_ts=158806680913953, rx_ts=158806682114247) request_id=82314 zil_blk_id=3996 ccf_commit_seqno=82317 nstreams_done_=1000 config.nstreams=20000 avg_latency=1.2156 ms avg throuhgput (requests/sec) = 79.4926 res=false
*==== INFO ====* req_id_count= 1500 stream_id=5996 latency=0.930885 ms (tx_ts=158812974365598, rx_ts=158812975296483) request_id=123873 zil_blk_id=5996 ccf_commit_seqno=123875 nstreams_done_=1500 config.nstreams=20000 avg_latency=1.2188 ms avg throuhgput (requests/sec) = 79.4787 res=false
*==== INFO ====* req_id_count= 2000 stream_id=7996 latency=1.217841 ms (tx_ts=158819266822668, rx_ts=158819268040509) request_id=165539 zil_blk_id=7996 ccf_commit_seqno=165541 nstreams_done_=2000 config.nstreams=20000 avg_latency=1.2175 ms avg throuhgput (requests/sec) = 79.4732 res=false
*==== INFO ====* req_id_count= 2500 stream_id=9996 latency=1.144373 ms (tx_ts=158825534781248, rx_ts=158825535925621) request_id=207111 zil_blk_id=9996 ccf_commit_seqno=207113 nstreams_done_=2500 config.nstreams=20000 avg_latency=1.2142 ms avg throuhgput (requests/sec) = 79.5327 res=false
*==== INFO ====* req_id_count= 3000 stream_id=11996 latency=0.979191 ms (tx_ts=158831806275231, rx_ts=158831807254422) request_id=248693 zil_blk_id=11996 ccf_commit_seqno=248693 nstreams_done_=3000 config.nstreams=20000 avg_latency=1.2139 ms avg throuhgput (requests/sec) = 79.5652 res=false
*==== INFO ====* req_id_count= 3500 stream_id=13996 latency=1.328103 ms (tx_ts=158838104621848, rx_ts=158838105949951) request_id=290497 zil_blk_id=13996 ccf_commit_seqno=290502 nstreams_done_=3500 config.nstreams=20000 avg_latency=1.2203 ms avg throuhgput (requests/sec) = 79.5389 res=false
*==== INFO ====* req_id_count= 4000 stream_id=15996 latency=1.254465 ms (tx_ts=158844390831729, rx_ts=158844392086194) request_id=332264 zil_blk_id=15996 ccf_commit_seqno=332264 nstreams_done_=4000 config.nstreams=20000 avg_latency=1.2172 ms avg throuhgput (requests/sec) = 79.5390 res=false
*==== INFO ====* req_id_count= 4500 stream_id=17996 latency=1.141895 ms (tx_ts=158850674159092, rx_ts=158850675300987) request_id=374007 zil_blk_id=17996 ccf_commit_seqno=374010 nstreams_done_=4500 config.nstreams=20000 avg_latency=1.2168 ms avg throuhgput (requests/sec) = 79.5433 res=false
*==== INFO ====* req_id_count= 5000 stream_id=19996 latency=1.095979 ms (tx_ts=158856946219877, rx_ts=158856947315856) request_id=415745 zil_blk_id=19996 ccf_commit_seqno=415746 nstreams_done_=5000 config.nstreams=20000 avg_latency=1.2149 ms avg throuhgput (requests/sec) = 79.5608 res=false
*==== INFO ====* req_id_count= 5500 stream_id=21996 latency=1.479997 ms (tx_ts=158863193374283, rx_ts=158863194854280) request_id=457284 zil_blk_id=21996 ccf_commit_seqno=457288 nstreams_done_=5500 config.nstreams=20000 avg_latency=1.2112 ms avg throuhgput (requests/sec) = 79.6034 res=false
*==== INFO ====* req_id_count= 6000 stream_id=23996 latency=1.143388 ms (tx_ts=158869453414703, rx_ts=158869454558091) request_id=498883 zil_blk_id=23996 ccf_commit_seqno=498884 nstreams_done_=6000 config.nstreams=20000 avg_latency=1.2114 ms avg throuhgput (requests/sec) = 79.6260 res=false
*==== INFO ====* req_id_count= 6500 stream_id=25996 latency=3.161748 ms (tx_ts=158875709061945, rx_ts=158875712223693) request_id=540521 zil_blk_id=25996 ccf_commit_seqno=540523 nstreams_done_=6500 config.nstreams=20000 avg_latency=1.2131 ms avg throuhgput (requests/sec) = 79.6472 res=false
*==== INFO ====* req_id_count= 7000 stream_id=27996 latency=1.094767 ms (tx_ts=158881961418103, rx_ts=158881962512870) request_id=582075 zil_blk_id=27996 ccf_commit_seqno=582075 nstreams_done_=7000 config.nstreams=20000 avg_latency=1.2130 ms avg throuhgput (requests/sec) = 79.6720 res=false
*==== INFO ====* req_id_count= 7500 stream_id=29996 latency=1.013544 ms (tx_ts=158888194778762, rx_ts=158888195792306) request_id=623595 zil_blk_id=29996 ccf_commit_seqno=623596 nstreams_done_=7500 config.nstreams=20000 avg_latency=1.2138 ms avg throuhgput (requests/sec) = 79.7080 res=false
*==== INFO ====* req_id_count= 8000 stream_id=31996 latency=1.317273 ms (tx_ts=158894408668929, rx_ts=158894409986202) request_id=665028 zil_blk_id=31996 ccf_commit_seqno=665029 nstreams_done_=8000 config.nstreams=20000 avg_latency=1.2132 ms avg throuhgput (requests/sec) = 79.7546 res=false
*==== INFO ====* req_id_count= 8500 stream_id=33996 latency=1.066063 ms (tx_ts=158900660221667, rx_ts=158900661287730) request_id=706678 zil_blk_id=33996 ccf_commit_seqno=706679 nstreams_done_=8500 config.nstreams=20000 avg_latency=1.2147 ms avg throuhgput (requests/sec) = 79.7680 res=false
*==== INFO ====* req_id_count= 9000 stream_id=35996 latency=0.900975 ms (tx_ts=158906870982115, rx_ts=158906871883090) request_id=748073 zil_blk_id=35996 ccf_commit_seqno=748073 nstreams_done_=9000 config.nstreams=20000 avg_latency=1.2149 ms avg throuhgput (requests/sec) = 79.8088 res=false
*==== INFO ====* req_id_count= 9500 stream_id=37996 latency=1.095558 ms (tx_ts=158913068110497, rx_ts=158913069206055) request_id=789413 zil_blk_id=37996 ccf_commit_seqno=789413 nstreams_done_=9500 config.nstreams=20000 avg_latency=1.2169 ms avg throuhgput (requests/sec) = 79.8542 res=false
*==== INFO ====* req_id_count= 10000 stream_id=39996 latency=1.029886 ms (tx_ts=158919314641553, rx_ts=158919315671439) request_id=831035 zil_blk_id=39996 ccf_commit_seqno=831035 nstreams_done_=10000 config.nstreams=20000 avg_latency=1.2188 ms avg throuhgput (requests/sec) = 79.8637 res=false
*==== INFO ====* req_id_count= 10500 stream_id=41996 latency=1.388803 ms (tx_ts=158925546494155, rx_ts=158925547882958) request_id=872693 zil_blk_id=41996 ccf_commit_seqno=872696 nstreams_done_=10500 config.nstreams=20000 avg_latency=1.2198 ms avg throuhgput (requests/sec) = 79.8810 res=false
*==== INFO ====* req_id_count= 11000 stream_id=43996 latency=0.877129 ms (tx_ts=158931792956672, rx_ts=158931793833801) request_id=914490 zil_blk_id=43996 ccf_commit_seqno=914490 nstreams_done_=11000 config.nstreams=20000 avg_latency=1.2192 ms avg throuhgput (requests/sec) = 79.8887 res=false
*==== INFO ====* req_id_count= 11500 stream_id=45996 latency=1.301964 ms (tx_ts=158938054549174, rx_ts=158938055851138) request_id=956349 zil_blk_id=45996 ccf_commit_seqno=956353 nstreams_done_=11500 config.nstreams=20000 avg_latency=1.2203 ms avg throuhgput (requests/sec) = 79.8869 res=false
*==== INFO ====* req_id_count= 12000 stream_id=47996 latency=1.191828 ms (tx_ts=158944293752408, rx_ts=158944294944236) request_id=998020 zil_blk_id=47996 ccf_commit_seqno=998022 nstreams_done_=12000 config.nstreams=20000 avg_latency=1.2197 ms avg throuhgput (requests/sec) = 79.8974 res=false
*==== INFO ====* req_id_count= 12500 stream_id=49996 latency=1.494664 ms (tx_ts=158950522985577, rx_ts=158950524480241) request_id=1039609 zil_blk_id=49996 ccf_commit_seqno=1039609 nstreams_done_=12500 config.nstreams=20000 avg_latency=1.2192 ms avg throuhgput (requests/sec) = 79.9120 res=false
*==== INFO ====* req_id_count= 13000 stream_id=51996 latency=1.451514 ms (tx_ts=158956749128110, rx_ts=158956750579624) request_id=1081082 zil_blk_id=51996 ccf_commit_seqno=1081086 nstreams_done_=13000 config.nstreams=20000 avg_latency=1.2204 ms avg throuhgput (requests/sec) = 79.9271 res=false
*==== INFO ====* req_id_count= 13500 stream_id=53996 latency=1.525553 ms (tx_ts=158962957022731, rx_ts=158962958548284) request_id=1122580 zil_blk_id=53996 ccf_commit_seqno=1122581 nstreams_done_=13500 config.nstreams=20000 avg_latency=1.2196 ms avg throuhgput (requests/sec) = 79.9497 res=false
*==== INFO ====* req_id_count= 14000 stream_id=55996 latency=1.073287 ms (tx_ts=158969157282754, rx_ts=158969158356041) request_id=1163976 zil_blk_id=55996 ccf_commit_seqno=1163977 nstreams_done_=14000 config.nstreams=20000 avg_latency=1.2201 ms avg throuhgput (requests/sec) = 79.9744 res=false
*==== INFO ====* req_id_count= 14500 stream_id=57996 latency=1.326861 ms (tx_ts=158975408203974, rx_ts=158975409530835) request_id=1205786 zil_blk_id=57996 ccf_commit_seqno=1205790 nstreams_done_=14500 config.nstreams=20000 avg_latency=1.2212 ms avg throuhgput (requests/sec) = 79.9748 res=false
*==== INFO ====* req_id_count= 15000 stream_id=59996 latency=1.020589 ms (tx_ts=158981637018774, rx_ts=158981638039363) request_id=1247472 zil_blk_id=59996 ccf_commit_seqno=1247472 nstreams_done_=15000 config.nstreams=20000 avg_latency=1.2208 ms avg throuhgput (requests/sec) = 79.9848 res=false
*==== INFO ====* req_id_count= 15500 stream_id=61996 latency=1.140014 ms (tx_ts=158987850519327, rx_ts=158987851659341) request_id=1289016 zil_blk_id=61996 ccf_commit_seqno=1289017 nstreams_done_=15500 config.nstreams=20000 avg_latency=1.2215 ms avg throuhgput (requests/sec) = 80.0003 res=false
*==== INFO ====* req_id_count= 16000 stream_id=63996 latency=1.024355 ms (tx_ts=158994112187298, rx_ts=158994113211653) request_id=1330877 zil_blk_id=63996 ccf_commit_seqno=1330878 nstreams_done_=16000 config.nstreams=20000 avg_latency=1.2220 ms avg throuhgput (requests/sec) = 79.9956 res=false
*==== INFO ====* req_id_count= 16500 stream_id=65996 latency=0.940629 ms (tx_ts=159000319989343, rx_ts=159000320929972) request_id=1372404 zil_blk_id=65996 ccf_commit_seqno=1372405 nstreams_done_=16500 config.nstreams=20000 avg_latency=1.2214 ms avg throuhgput (requests/sec) = 80.0122 res=false
*==== INFO ====* req_id_count= 17000 stream_id=67996 latency=1.321481 ms (tx_ts=159006523176036, rx_ts=159006524497517) request_id=1413994 zil_blk_id=67996 ccf_commit_seqno=1413997 nstreams_done_=17000 config.nstreams=20000 avg_latency=1.2210 ms avg throuhgput (requests/sec) = 80.0293 res=false
*==== INFO ====* req_id_count= 17500 stream_id=69996 latency=1.266959 ms (tx_ts=159012732143019, rx_ts=159012733409978) request_id=1455697 zil_blk_id=69996 ccf_commit_seqno=1455701 nstreams_done_=17500 config.nstreams=20000 avg_latency=1.2202 ms avg throuhgput (requests/sec) = 80.0435 res=false
*==== INFO ====* req_id_count= 18000 stream_id=71996 latency=1.011110 ms (tx_ts=159018921759369, rx_ts=159018922770479) request_id=1497204 zil_blk_id=71996 ccf_commit_seqno=1497205 nstreams_done_=18000 config.nstreams=20000 avg_latency=1.2195 ms avg throuhgput (requests/sec) = 80.0639 res=false
*==== INFO ====* req_id_count= 18500 stream_id=73996 latency=0.996213 ms (tx_ts=159025157885476, rx_ts=159025158881689) request_id=1538939 zil_blk_id=73996 ccf_commit_seqno=1538940 nstreams_done_=18500 config.nstreams=20000 avg_latency=1.2198 ms avg throuhgput (requests/sec) = 80.0670 res=false
*==== INFO ====* req_id_count= 19000 stream_id=75996 latency=1.182912 ms (tx_ts=159031370129822, rx_ts=159031371312734) request_id=1575276 zil_blk_id=75996 ccf_commit_seqno=1575277 nstreams_done_=19000 config.nstreams=20000 avg_latency=1.2194 ms avg throuhgput (requests/sec) = 80.0779 res=false
*==== INFO ====* req_id_count= 19500 stream_id=77996 latency=0.903970 ms (tx_ts=159037523996212, rx_ts=159037524900182) request_id=1592825 zil_blk_id=77996 ccf_commit_seqno=1592825 nstreams_done_=19500 config.nstreams=20000 avg_latency=1.2180 ms avg throuhgput (requests/sec) = 80.1076 res=false
*==== INFO ====* http_end_stream ALL streams done! nstreams_done_=20000 avg_latency=1.2131 msreq_id_count= 20000
*==== INFO ====* req_id_count= 20000 stream_id=79996 latency=0.939937 ms (tx_ts=159043670496522, rx_ts=159043671436459) request_id=1599378 zil_blk_id=79996 ccf_commit_seqno=1599378 nstreams_done_=20000 config.nstreams=20000 avg_latency=1.2131 ms avg throuhgput (requests/sec) = 80.1381 res=true
