Uniform: 109165 751084 362192 112644 792482 
Exponential: -2147483648 -2147483648 -2147483648 -2147483648 -2147483648 
Truncated Normal: 650851 326871 600434 880042 536355 
*==== INFO ====* req_id_count= 500 stream_id=1996 latency=1.173014 ms (tx_ts=158800030952187, rx_ts=158800032125201) request_id=38515 zil_blk_id=1996 ccf_commit_seqno=38517 nstreams_done_=500 config.nstreams=20000 avg_latency=1.1068 ms avg throuhgput (requests/sec) = 84.2986 res=false
*==== INFO ====* req_id_count= 1000 stream_id=3996 latency=1.282502 ms (tx_ts=158805968872248, rx_ts=158805970154750) request_id=77658 zil_blk_id=3996 ccf_commit_seqno=77658 nstreams_done_=1000 config.nstreams=20000 avg_latency=1.1141 ms avg throuhgput (requests/sec) = 84.2508 res=false
*==== INFO ====* req_id_count= 1500 stream_id=5996 latency=1.026585 ms (tx_ts=158811875744860, rx_ts=158811876771445) request_id=116666 zil_blk_id=5996 ccf_commit_seqno=116667 nstreams_done_=1500 config.nstreams=20000 avg_latency=1.1167 ms avg throuhgput (requests/sec) = 84.3837 res=false
*==== INFO ====* req_id_count= 2000 stream_id=7996 latency=1.101332 ms (tx_ts=158817762444611, rx_ts=158817763545943) request_id=155584 zil_blk_id=7996 ccf_commit_seqno=155587 nstreams_done_=2000 config.nstreams=20000 avg_latency=1.1111 ms avg throuhgput (requests/sec) = 84.5211 res=false
*==== INFO ====* req_id_count= 2500 stream_id=9996 latency=1.193996 ms (tx_ts=158823661508259, rx_ts=158823662702255) request_id=194729 zil_blk_id=9996 ccf_commit_seqno=194732 nstreams_done_=2500 config.nstreams=20000 avg_latency=1.1120 ms avg throuhgput (requests/sec) = 84.5684 res=false
*==== INFO ====* req_id_count= 3000 stream_id=11996 latency=1.092964 ms (tx_ts=158829549307370, rx_ts=158829550400334) request_id=233774 zil_blk_id=11996 ccf_commit_seqno=233776 nstreams_done_=3000 config.nstreams=20000 avg_latency=1.1115 ms avg throuhgput (requests/sec) = 84.6273 res=false
*==== INFO ====* req_id_count= 3500 stream_id=13996 latency=0.802921 ms (tx_ts=158835461958821, rx_ts=158835462761742) request_id=272938 zil_blk_id=13996 ccf_commit_seqno=272938 nstreams_done_=3500 config.nstreams=20000 avg_latency=1.1163 ms avg throuhgput (requests/sec) = 84.6189 res=false
*==== INFO ====* req_id_count= 4000 stream_id=15996 latency=1.158226 ms (tx_ts=158841361630251, rx_ts=158841362788477) request_id=312134 zil_blk_id=15996 ccf_commit_seqno=312135 nstreams_done_=4000 config.nstreams=20000 avg_latency=1.1170 ms avg throuhgput (requests/sec) = 84.6347 res=false
*==== INFO ====* req_id_count= 4500 stream_id=17996 latency=1.214041 ms (tx_ts=158847274261855, rx_ts=158847275475896) request_id=351444 zil_blk_id=17996 ccf_commit_seqno=351448 nstreams_done_=4500 config.nstreams=20000 avg_latency=1.1158 ms avg throuhgput (requests/sec) = 84.6268 res=false
*==== INFO ====* req_id_count= 5000 stream_id=19996 latency=1.095318 ms (tx_ts=158853159471070, rx_ts=158853160566388) request_id=390564 zil_blk_id=19996 ccf_commit_seqno=390565 nstreams_done_=5000 config.nstreams=20000 avg_latency=1.1138 ms avg throuhgput (requests/sec) = 84.6600 res=false
*==== INFO ====* req_id_count= 5500 stream_id=21996 latency=1.127388 ms (tx_ts=158859038284387, rx_ts=158859039411775) request_id=429655 zil_blk_id=21996 ccf_commit_seqno=429657 nstreams_done_=5500 config.nstreams=20000 avg_latency=1.1132 ms avg throuhgput (requests/sec) = 84.6954 res=false
*==== INFO ====* req_id_count= 6000 stream_id=23996 latency=1.110366 ms (tx_ts=158864928876222, rx_ts=158864929986588) request_id=468825 zil_blk_id=23996 ccf_commit_seqno=468827 nstreams_done_=6000 config.nstreams=20000 avg_latency=1.1133 ms avg throuhgput (requests/sec) = 84.7109 res=false
*==== INFO ====* req_id_count= 6500 stream_id=25996 latency=1.046316 ms (tx_ts=158870850311807, rx_ts=158870851358123) request_id=508162 zil_blk_id=25996 ccf_commit_seqno=508164 nstreams_done_=6500 config.nstreams=20000 avg_latency=1.1159 ms avg throuhgput (requests/sec) = 84.6900 res=false
*==== INFO ====* req_id_count= 7000 stream_id=27996 latency=0.904331 ms (tx_ts=158876774433641, rx_ts=158876775337972) request_id=547579 zil_blk_id=27996 ccf_commit_seqno=547580 nstreams_done_=7000 config.nstreams=20000 avg_latency=1.1158 ms avg throuhgput (requests/sec) = 84.6694 res=false
*==== INFO ====* req_id_count= 7500 stream_id=29996 latency=1.129454 ms (tx_ts=158882694689350, rx_ts=158882695818804) request_id=586928 zil_blk_id=29996 ccf_commit_seqno=586931 nstreams_done_=7500 config.nstreams=20000 avg_latency=1.1182 ms avg throuhgput (requests/sec) = 84.6549 res=false
*==== INFO ====* req_id_count= 8000 stream_id=31996 latency=1.112971 ms (tx_ts=158888594398370, rx_ts=158888595511341) request_id=626261 zil_blk_id=31996 ccf_commit_seqno=626262 nstreams_done_=8000 config.nstreams=20000 avg_latency=1.1173 ms avg throuhgput (requests/sec) = 84.6608 res=false
*==== INFO ====* req_id_count= 8500 stream_id=33996 latency=0.798413 ms (tx_ts=158894502194395, rx_ts=158894502992808) request_id=665647 zil_blk_id=33996 ccf_commit_seqno=665647 nstreams_done_=8500 config.nstreams=20000 avg_latency=1.1178 ms avg throuhgput (requests/sec) = 84.6595 res=false
*==== INFO ====* req_id_count= 9000 stream_id=35996 latency=1.101069 ms (tx_ts=158900412017754, rx_ts=158900413118823) request_id=705028 zil_blk_id=35996 ccf_commit_seqno=705029 nstreams_done_=9000 config.nstreams=20000 avg_latency=1.1178 ms avg throuhgput (requests/sec) = 84.6563 res=false
*==== INFO ====* req_id_count= 9500 stream_id=37996 latency=0.851943 ms (tx_ts=158906296456332, rx_ts=158906297308275) request_id=744250 zil_blk_id=37996 ccf_commit_seqno=744251 nstreams_done_=9500 config.nstreams=20000 avg_latency=1.1172 ms avg throuhgput (requests/sec) = 84.6729 res=false
*==== INFO ====* req_id_count= 10000 stream_id=39996 latency=1.248755 ms (tx_ts=158912192677249, rx_ts=158912193926004) request_id=783581 zil_blk_id=39996 ccf_commit_seqno=783583 nstreams_done_=10000 config.nstreams=20000 avg_latency=1.1165 ms avg throuhgput (requests/sec) = 84.6790 res=false
*==== INFO ====* req_id_count= 10500 stream_id=41996 latency=0.981678 ms (tx_ts=158918108906562, rx_ts=158918109888240) request_id=822993 zil_blk_id=41996 ccf_commit_seqno=822994 nstreams_done_=10500 config.nstreams=20000 avg_latency=1.1167 ms avg throuhgput (requests/sec) = 84.6712 res=false
*==== INFO ====* req_id_count= 11000 stream_id=43996 latency=1.108410 ms (tx_ts=158924018054171, rx_ts=158924019162581) request_id=862451 zil_blk_id=43996 ccf_commit_seqno=862452 nstreams_done_=11000 config.nstreams=20000 avg_latency=1.1168 ms avg throuhgput (requests/sec) = 84.6686 res=false
*==== INFO ====* req_id_count= 11500 stream_id=45996 latency=1.285680 ms (tx_ts=158929892647055, rx_ts=158929893932735) request_id=901769 zil_blk_id=45996 ccf_commit_seqno=901771 nstreams_done_=11500 config.nstreams=20000 avg_latency=1.1160 ms avg throuhgput (requests/sec) = 84.6877 res=false
*==== INFO ====* req_id_count= 12000 stream_id=47996 latency=1.249063 ms (tx_ts=158935788888297, rx_ts=158935790137360) request_id=941217 zil_blk_id=47996 ccf_commit_seqno=941218 nstreams_done_=12000 config.nstreams=20000 avg_latency=1.1157 ms avg throuhgput (requests/sec) = 84.6923 res=false
*==== INFO ====* req_id_count= 12500 stream_id=49996 latency=0.969192 ms (tx_ts=158941707480094, rx_ts=158941708449286) request_id=980736 zil_blk_id=49996 ccf_commit_seqno=980737 nstreams_done_=12500 config.nstreams=20000 avg_latency=1.1154 ms avg throuhgput (requests/sec) = 84.6840 res=false
*==== INFO ====* req_id_count= 13000 stream_id=51996 latency=0.902116 ms (tx_ts=158947604566659, rx_ts=158947605468775) request_id=1020099 zil_blk_id=51996 ccf_commit_seqno=1020099 nstreams_done_=13000 config.nstreams=20000 avg_latency=1.1152 ms avg throuhgput (requests/sec) = 84.6880 res=false
*==== INFO ====* req_id_count= 13500 stream_id=53996 latency=1.199392 ms (tx_ts=158953498882148, rx_ts=158953500081540) request_id=1059382 zil_blk_id=53996 ccf_commit_seqno=1059384 nstreams_done_=13500 config.nstreams=20000 avg_latency=1.1157 ms avg throuhgput (requests/sec) = 84.6930 res=false
*==== INFO ====* req_id_count= 14000 stream_id=55996 latency=1.042890 ms (tx_ts=158959391282154, rx_ts=158959392325044) request_id=1098746 zil_blk_id=55996 ccf_commit_seqno=1098748 nstreams_done_=14000 config.nstreams=20000 avg_latency=1.1150 ms avg throuhgput (requests/sec) = 84.6989 res=false
*==== INFO ====* req_id_count= 14500 stream_id=57996 latency=0.923447 ms (tx_ts=158965313985446, rx_ts=158965314908893) request_id=1138301 zil_blk_id=57996 ccf_commit_seqno=1138301 nstreams_done_=14500 config.nstreams=20000 avg_latency=1.1160 ms avg throuhgput (requests/sec) = 84.6893 res=false
*==== INFO ====* req_id_count= 15000 stream_id=59996 latency=1.085459 ms (tx_ts=158971242873306, rx_ts=158971243958765) request_id=1177951 zil_blk_id=59996 ccf_commit_seqno=1177951 nstreams_done_=15000 config.nstreams=20000 avg_latency=1.1172 ms avg throuhgput (requests/sec) = 84.6773 res=false
*==== INFO ====* req_id_count= 15500 stream_id=61996 latency=1.267179 ms (tx_ts=158977160523143, rx_ts=158977161790322) request_id=1217503 zil_blk_id=61996 ccf_commit_seqno=1217505 nstreams_done_=15500 config.nstreams=20000 avg_latency=1.1175 ms avg throuhgput (requests/sec) = 84.6712 res=false
*==== INFO ====* req_id_count= 16000 stream_id=63996 latency=0.978380 ms (tx_ts=158983084290298, rx_ts=158983085268678) request_id=1257144 zil_blk_id=63996 ccf_commit_seqno=1257145 nstreams_done_=16000 config.nstreams=20000 avg_latency=1.1178 ms avg throuhgput (requests/sec) = 84.6631 res=false
*==== INFO ====* req_id_count= 16500 stream_id=65996 latency=0.799338 ms (tx_ts=158988993493117, rx_ts=158988994292455) request_id=1296626 zil_blk_id=65996 ccf_commit_seqno=1296626 nstreams_done_=16500 config.nstreams=20000 avg_latency=1.1178 ms avg throuhgput (requests/sec) = 84.6616 res=false
*==== INFO ====* req_id_count= 17000 stream_id=67996 latency=1.271868 ms (tx_ts=158994888713520, rx_ts=158994889985388) request_id=1336072 zil_blk_id=67996 ccf_commit_seqno=1336076 nstreams_done_=17000 config.nstreams=20000 avg_latency=1.1176 ms avg throuhgput (requests/sec) = 84.6659 res=false
*==== INFO ====* req_id_count= 17500 stream_id=69996 latency=0.945257 ms (tx_ts=159000812385718, rx_ts=159000813330975) request_id=1375710 zil_blk_id=69996 ccf_commit_seqno=1375713 nstreams_done_=17500 config.nstreams=20000 avg_latency=1.1184 ms avg throuhgput (requests/sec) = 84.6586 res=false
*==== INFO ====* req_id_count= 18000 stream_id=71996 latency=0.895651 ms (tx_ts=159006699954234, rx_ts=159006700849885) request_id=1415177 zil_blk_id=71996 ccf_commit_seqno=1415178 nstreams_done_=18000 config.nstreams=20000 avg_latency=1.1179 ms avg throuhgput (requests/sec) = 84.6660 res=false
*==== INFO ====* req_id_count= 18500 stream_id=73996 latency=1.139280 ms (tx_ts=159012586716156, rx_ts=159012587855436) request_id=1454724 zil_blk_id=73996 ccf_commit_seqno=1454728 nstreams_done_=18500 config.nstreams=20000 avg_latency=1.1170 ms avg throuhgput (requests/sec) = 84.6732 res=false
*==== INFO ====* req_id_count= 19000 stream_id=75996 latency=1.538767 ms (tx_ts=159018492087412, rx_ts=159018493626179) request_id=1494321 zil_blk_id=75996 ccf_commit_seqno=1494324 nstreams_done_=19000 config.nstreams=20000 avg_latency=1.1169 ms avg throuhgput (requests/sec) = 84.6729 res=false
*==== INFO ====* req_id_count= 19500 stream_id=77996 latency=1.006432 ms (tx_ts=159024395726213, rx_ts=159024396732645) request_id=1533829 zil_blk_id=77996 ccf_commit_seqno=1533830 nstreams_done_=19500 config.nstreams=20000 avg_latency=1.1173 ms avg throuhgput (requests/sec) = 84.6737 res=false
*==== INFO ====* http_end_stream ALL streams done! nstreams_done_=20000 avg_latency=1.1173 msreq_id_count= 20000
*==== INFO ====* req_id_count= 20000 stream_id=79996 latency=0.968681 ms (tx_ts=159030292161432, rx_ts=159030293130113) request_id=1570196 zil_blk_id=79996 ccf_commit_seqno=1570196 nstreams_done_=20000 config.nstreams=20000 avg_latency=1.1173 ms avg throuhgput (requests/sec) = 84.6768 res=true
