Uniform: 965656 176415 351680 239969 919103 
Exponential: -2147483648 -2147483648 -2147483648 -2147483648 -2147483648 
Truncated Normal: 864985 577074 437322 576164 407244 
*==== INFO ====* req_id_count= 500 stream_id=1996 latency=1.070481 ms (tx_ts=158800017842105, rx_ts=158800018912586) request_id=38427 zil_blk_id=897 ccf_commit_seqno=38432 nstreams_done_=500 config.nstreams=20000 avg_latency=0.8739 ms avg throuhgput (requests/sec) = 84.1417 res=false
*==== INFO ====* req_id_count= 1000 stream_id=3996 latency=0.979832 ms (tx_ts=158805960980055, rx_ts=158805961959887) request_id=77606 zil_blk_id=6458 ccf_commit_seqno=77609 nstreams_done_=1000 config.nstreams=20000 avg_latency=0.8763 ms avg throuhgput (requests/sec) = 84.1368 res=false
*==== INFO ====* req_id_count= 1500 stream_id=5996 latency=0.735790 ms (tx_ts=158811877903381, rx_ts=158811878639171) request_id=116677 zil_blk_id=12001 ccf_commit_seqno=116679 nstreams_done_=1500 config.nstreams=20000 avg_latency=0.8664 ms avg throuhgput (requests/sec) = 84.2598 res=false
*==== INFO ====* req_id_count= 2000 stream_id=7996 latency=0.675062 ms (tx_ts=158817787645550, rx_ts=158817788320612) request_id=155752 zil_blk_id=17539 ccf_commit_seqno=155753 nstreams_done_=2000 config.nstreams=20000 avg_latency=0.8609 ms avg throuhgput (requests/sec) = 84.3463 res=false
*==== INFO ====* req_id_count= 2500 stream_id=9996 latency=1.101113 ms (tx_ts=158823640667502, rx_ts=158823641768615) request_id=194587 zil_blk_id=23035 ccf_commit_seqno=194591 nstreams_done_=2500 config.nstreams=20000 avg_latency=0.8553 ms avg throuhgput (requests/sec) = 84.5588 res=false
*==== INFO ====* req_id_count= 3000 stream_id=11996 latency=0.575416 ms (tx_ts=158829496450829, rx_ts=158829497026245) request_id=233424 zil_blk_id=28537 ccf_commit_seqno=233424 nstreams_done_=3000 config.nstreams=20000 avg_latency=0.8551 ms avg throuhgput (requests/sec) = 84.6968 res=false
*==== INFO ====* req_id_count= 3500 stream_id=13996 latency=0.901025 ms (tx_ts=158835358430474, rx_ts=158835359331499) request_id=272249 zil_blk_id=34009 ccf_commit_seqno=272250 nstreams_done_=3500 config.nstreams=20000 avg_latency=0.8567 ms avg throuhgput (requests/sec) = 84.7811 res=false
*==== INFO ====* req_id_count= 4000 stream_id=15996 latency=0.907638 ms (tx_ts=158841206852487, rx_ts=158841207760125) request_id=311110 zil_blk_id=39488 ccf_commit_seqno=311114 nstreams_done_=4000 config.nstreams=20000 avg_latency=0.8552 ms avg throuhgput (requests/sec) = 84.8695 res=false
*==== INFO ====* req_id_count= 4500 stream_id=17996 latency=0.578863 ms (tx_ts=158847068093915, rx_ts=158847068672778) request_id=350076 zil_blk_id=44983 ccf_commit_seqno=350076 nstreams_done_=4500 config.nstreams=20000 avg_latency=0.8564 ms avg throuhgput (requests/sec) = 84.9183 res=false
*==== INFO ====* req_id_count= 5000 stream_id=19996 latency=0.799625 ms (tx_ts=158852932187555, rx_ts=158852932987180) request_id=389050 zil_blk_id=50463 ccf_commit_seqno=389056 nstreams_done_=5000 config.nstreams=20000 avg_latency=0.8568 ms avg throuhgput (requests/sec) = 84.9525 res=false
*==== INFO ====* req_id_count= 5500 stream_id=21996 latency=0.883913 ms (tx_ts=158858764675798, rx_ts=158858765559711) request_id=427830 zil_blk_id=55933 ccf_commit_seqno=427831 nstreams_done_=5500 config.nstreams=20000 avg_latency=0.8576 ms avg throuhgput (requests/sec) = 85.0222 res=false
*==== INFO ====* req_id_count= 6000 stream_id=23996 latency=0.758728 ms (tx_ts=158864574795287, rx_ts=158864575554015) request_id=466478 zil_blk_id=61381 ccf_commit_seqno=466478 nstreams_done_=6000 config.nstreams=20000 avg_latency=0.8566 ms avg throuhgput (requests/sec) = 85.1076 res=false
*==== INFO ====* req_id_count= 6500 stream_id=25996 latency=0.876889 ms (tx_ts=158870394058925, rx_ts=158870394935814) request_id=505144 zil_blk_id=66836 ccf_commit_seqno=505146 nstreams_done_=6500 config.nstreams=20000 avg_latency=0.8565 ms avg throuhgput (requests/sec) = 85.1695 res=false
*==== INFO ====* req_id_count= 7000 stream_id=27996 latency=0.642792 ms (tx_ts=158876224037349, rx_ts=158876224680141) request_id=543928 zil_blk_id=72296 ccf_commit_seqno=543928 nstreams_done_=7000 config.nstreams=20000 avg_latency=0.8592 ms avg throuhgput (requests/sec) = 85.2119 res=false
*==== INFO ====* req_id_count= 7500 stream_id=29996 latency=0.836545 ms (tx_ts=158882047679905, rx_ts=158882048516450) request_id=582641 zil_blk_id=77749 ccf_commit_seqno=582642 nstreams_done_=7500 config.nstreams=20000 avg_latency=0.8616 ms avg throuhgput (requests/sec) = 85.2544 res=false
*==== INFO ====* req_id_count= 8000 stream_id=31996 latency=0.994359 ms (tx_ts=158887865758827, rx_ts=158887866753186) request_id=621397 zil_blk_id=83200 ccf_commit_seqno=621398 nstreams_done_=8000 config.nstreams=20000 avg_latency=0.8631 ms avg throuhgput (requests/sec) = 85.2968 res=false
*==== INFO ====* req_id_count= 8500 stream_id=33996 latency=3.282841 ms (tx_ts=158893670418638, rx_ts=158893673701479) request_id=660135 zil_blk_id=88652 ccf_commit_seqno=660135 nstreams_done_=8500 config.nstreams=20000 avg_latency=0.8636 ms avg throuhgput (requests/sec) = 85.3438 res=false
*==== INFO ====* req_id_count= 9000 stream_id=35996 latency=0.932371 ms (tx_ts=158899500408674, rx_ts=158899501341045) request_id=698946 zil_blk_id=94128 ccf_commit_seqno=698948 nstreams_done_=9000 config.nstreams=20000 avg_latency=0.8645 ms avg throuhgput (requests/sec) = 85.3689 res=false
*==== INFO ====* req_id_count= 9500 stream_id=37996 latency=0.931673 ms (tx_ts=158905331738141, rx_ts=158905332669814) request_id=737823 zil_blk_id=99602 ccf_commit_seqno=737828 nstreams_done_=9500 config.nstreams=20000 avg_latency=0.8660 ms avg throuhgput (requests/sec) = 85.3886 res=false
*==== INFO ====* req_id_count= 10000 stream_id=39996 latency=0.581137 ms (tx_ts=158911136156670, rx_ts=158911136737807) request_id=776530 zil_blk_id=105054 ccf_commit_seqno=776530 nstreams_done_=10000 config.nstreams=20000 avg_latency=0.8656 ms avg throuhgput (requests/sec) = 85.4261 res=false
*==== INFO ====* req_id_count= 10500 stream_id=41996 latency=0.740224 ms (tx_ts=158916961678027, rx_ts=158916962418251) request_id=815339 zil_blk_id=110519 ccf_commit_seqno=815339 nstreams_done_=10500 config.nstreams=20000 avg_latency=0.8659 ms avg throuhgput (requests/sec) = 85.4451 res=false
*==== INFO ====* req_id_count= 11000 stream_id=43996 latency=1.065558 ms (tx_ts=158922766927586, rx_ts=158922767993144) request_id=854080 zil_blk_id=115955 ccf_commit_seqno=854087 nstreams_done_=11000 config.nstreams=20000 avg_latency=0.8655 ms avg throuhgput (requests/sec) = 85.4758 res=false
*==== INFO ====* req_id_count= 11500 stream_id=45996 latency=0.616492 ms (tx_ts=158928563673774, rx_ts=158928564290266) request_id=892885 zil_blk_id=121379 ccf_commit_seqno=892885 nstreams_done_=11500 config.nstreams=20000 avg_latency=0.8645 ms avg throuhgput (requests/sec) = 85.5097 res=false
*==== INFO ====* req_id_count= 12000 stream_id=47996 latency=0.795928 ms (tx_ts=158934366582019, rx_ts=158934367377947) request_id=931687 zil_blk_id=126814 ccf_commit_seqno=931688 nstreams_done_=12000 config.nstreams=20000 avg_latency=0.8651 ms avg throuhgput (requests/sec) = 85.5366 res=false
*==== INFO ====* req_id_count= 12500 stream_id=49996 latency=0.905814 ms (tx_ts=158940153421492, rx_ts=158940154327306) request_id=970342 zil_blk_id=132235 ccf_commit_seqno=970345 nstreams_done_=12500 config.nstreams=20000 avg_latency=0.8644 ms avg throuhgput (requests/sec) = 85.5709 res=false
*==== INFO ====* req_id_count= 13000 stream_id=51996 latency=0.572460 ms (tx_ts=158945932688256, rx_ts=158945933260716) request_id=1008971 zil_blk_id=137647 ccf_commit_seqno=1008971 nstreams_done_=13000 config.nstreams=20000 avg_latency=0.8637 ms avg throuhgput (requests/sec) = 85.6070 res=false
*==== INFO ====* req_id_count= 13500 stream_id=53996 latency=0.892359 ms (tx_ts=158951746018393, rx_ts=158951746910752) request_id=1047785 zil_blk_id=143100 ccf_commit_seqno=1047788 nstreams_done_=13500 config.nstreams=20000 avg_latency=0.8638 ms avg throuhgput (requests/sec) = 85.6217 res=false
*==== INFO ====* req_id_count= 14000 stream_id=55996 latency=0.728041 ms (tx_ts=158957559320015, rx_ts=158957560048056) request_id=1086487 zil_blk_id=148551 ccf_commit_seqno=1086488 nstreams_done_=14000 config.nstreams=20000 avg_latency=0.8642 ms avg throuhgput (requests/sec) = 85.6356 res=false
*==== INFO ====* req_id_count= 14500 stream_id=57996 latency=0.869105 ms (tx_ts=158963366229403, rx_ts=158963367098508) request_id=1125308 zil_blk_id=153996 ccf_commit_seqno=1125310 nstreams_done_=14500 config.nstreams=20000 avg_latency=0.8641 ms avg throuhgput (requests/sec) = 85.6516 res=false
*==== INFO ====* req_id_count= 15000 stream_id=59996 latency=0.846834 ms (tx_ts=158969176067601, rx_ts=158969176914435) request_id=1164105 zil_blk_id=159449 ccf_commit_seqno=1164106 nstreams_done_=15000 config.nstreams=20000 avg_latency=0.8645 ms avg throuhgput (requests/sec) = 85.6652 res=false
*==== INFO ====* req_id_count= 15500 stream_id=61996 latency=0.795588 ms (tx_ts=158974977963159, rx_ts=158974978758747) request_id=1202921 zil_blk_id=164890 ccf_commit_seqno=1202921 nstreams_done_=15500 config.nstreams=20000 avg_latency=0.8642 ms avg throuhgput (requests/sec) = 85.6817 res=false
*==== INFO ====* req_id_count= 16000 stream_id=63996 latency=0.586177 ms (tx_ts=158980769693823, rx_ts=158980770280000) request_id=1241669 zil_blk_id=170293 ccf_commit_seqno=1241670 nstreams_done_=16000 config.nstreams=20000 avg_latency=0.8637 ms avg throuhgput (requests/sec) = 85.7019 res=false
*==== INFO ====* req_id_count= 16500 stream_id=65996 latency=0.580275 ms (tx_ts=158986583610360, rx_ts=158986584190635) request_id=1280519 zil_blk_id=175717 ccf_commit_seqno=1280519 nstreams_done_=16500 config.nstreams=20000 avg_latency=0.8638 ms avg throuhgput (requests/sec) = 85.7109 res=false
*==== INFO ====* req_id_count= 17000 stream_id=67996 latency=0.894773 ms (tx_ts=158992399398465, rx_ts=158992400293238) request_id=1319433 zil_blk_id=181172 ccf_commit_seqno=1319434 nstreams_done_=17000 config.nstreams=20000 avg_latency=0.8638 ms avg throuhgput (requests/sec) = 85.7184 res=false
*==== INFO ====* req_id_count= 17500 stream_id=69996 latency=0.578993 ms (tx_ts=158998201619188, rx_ts=158998202198181) request_id=1358235 zil_blk_id=186614 ccf_commit_seqno=1358235 nstreams_done_=17500 config.nstreams=20000 avg_latency=0.8636 ms avg throuhgput (requests/sec) = 85.7315 res=false
*==== INFO ====* req_id_count= 18000 stream_id=71996 latency=0.577779 ms (tx_ts=159003992396565, rx_ts=159003992974344) request_id=1397063 zil_blk_id=192043 ccf_commit_seqno=1397063 nstreams_done_=18000 config.nstreams=20000 avg_latency=0.8634 ms avg throuhgput (requests/sec) = 85.7484 res=false
*==== INFO ====* req_id_count= 18500 stream_id=73996 latency=1.027343 ms (tx_ts=159009786546192, rx_ts=159009787573535) request_id=1435923 zil_blk_id=197476 ccf_commit_seqno=1435927 nstreams_done_=18500 config.nstreams=20000 avg_latency=0.8631 ms avg throuhgput (requests/sec) = 85.7629 res=false
*==== INFO ====* req_id_count= 19000 stream_id=75996 latency=0.791099 ms (tx_ts=159015591651110, rx_ts=159015592442209) request_id=1474869 zil_blk_id=202919 ccf_commit_seqno=1474871 nstreams_done_=19000 config.nstreams=20000 avg_latency=0.8630 ms avg throuhgput (requests/sec) = 85.7726 res=false
*==== INFO ====* req_id_count= 19500 stream_id=77996 latency=0.967754 ms (tx_ts=159021402082658, rx_ts=159021403050412) request_id=1513800 zil_blk_id=208372 ccf_commit_seqno=1513801 nstreams_done_=19500 config.nstreams=20000 avg_latency=0.8633 ms avg throuhgput (requests/sec) = 85.7797 res=false
*==== INFO ====* http_end_stream ALL streams done! nstreams_done_=20000 avg_latency=0.8632 msreq_id_count= 20000
*==== INFO ====* req_id_count= 20000 stream_id=79996 latency=0.890705 ms (tx_ts=159027202961332, rx_ts=159027203852037) request_id=1552468 zil_blk_id=213815 ccf_commit_seqno=1552468 nstreams_done_=20000 config.nstreams=20000 avg_latency=0.8632 ms avg throuhgput (requests/sec) = 85.7900 res=true
