Uniform: 474101 10908 546305 926217 20518 
Exponential: -2147483648 -2147483648 -2147483648 -2147483648 -2147483648 
Truncated Normal: 220873 33107 307934 643682 768595 
*==== INFO ====* req_id_count= 500 stream_id=1996 latency=1.127158 ms (tx_ts=158800389222562, rx_ts=158800390349720) request_id=40830 zil_blk_id=1996 ccf_commit_seqno=40830 nstreams_done_=500 config.nstreams=20000 avg_latency=1.2767 ms avg throuhgput (requests/sec) = 79.6500 res=false
*==== INFO ====* req_id_count= 1000 stream_id=3996 latency=1.209912 ms (tx_ts=158806674088431, rx_ts=158806675298343) request_id=82275 zil_blk_id=3996 ccf_commit_seqno=82275 nstreams_done_=1000 config.nstreams=20000 avg_latency=1.2760 ms avg throuhgput (requests/sec) = 79.6025 res=false
*==== INFO ====* req_id_count= 1500 stream_id=5996 latency=1.432212 ms (tx_ts=158812970889927, rx_ts=158812972322139) request_id=123855 zil_blk_id=5996 ccf_commit_seqno=123857 nstreams_done_=1500 config.nstreams=20000 avg_latency=1.2736 ms avg throuhgput (requests/sec) = 79.5358 res=false
*==== INFO ====* req_id_count= 2000 stream_id=7996 latency=1.381283 ms (tx_ts=158819246348850, rx_ts=158819247730133) request_id=165408 zil_blk_id=7996 ccf_commit_seqno=165411 nstreams_done_=2000 config.nstreams=20000 avg_latency=1.2683 ms avg throuhgput (requests/sec) = 79.5708 res=false
*==== INFO ====* req_id_count= 2500 stream_id=9996 latency=1.237748 ms (tx_ts=158825474386705, rx_ts=158825475624453) request_id=206708 zil_blk_id=9996 ccf_commit_seqno=206709 nstreams_done_=2500 config.nstreams=20000 avg_latency=1.2709 ms avg throuhgput (requests/sec) = 79.7124 res=false
*==== INFO ====* req_id_count= 3000 stream_id=11996 latency=1.249597 ms (tx_ts=158831702920888, rx_ts=158831704170485) request_id=248012 zil_blk_id=11996 ccf_commit_seqno=248015 nstreams_done_=3000 config.nstreams=20000 avg_latency=1.2691 ms avg throuhgput (requests/sec) = 79.8057 res=false
*==== INFO ====* req_id_count= 3500 stream_id=13996 latency=1.297606 ms (tx_ts=158837797363106, rx_ts=158837798660712) request_id=288453 zil_blk_id=13996 ccf_commit_seqno=288454 nstreams_done_=3500 config.nstreams=20000 avg_latency=1.2710 ms avg throuhgput (requests/sec) = 80.1176 res=false
*==== INFO ====* req_id_count= 4000 stream_id=15996 latency=1.144266 ms (tx_ts=158843868752098, rx_ts=158843869896364) request_id=328790 zil_blk_id=15996 ccf_commit_seqno=328791 nstreams_done_=4000 config.nstreams=20000 avg_latency=1.2728 ms avg throuhgput (requests/sec) = 80.3907 res=false
*==== INFO ====* req_id_count= 4500 stream_id=17996 latency=1.465296 ms (tx_ts=158849927872140, rx_ts=158849929337436) request_id=369054 zil_blk_id=17996 ccf_commit_seqno=369057 nstreams_done_=4500 config.nstreams=20000 avg_latency=1.2716 ms avg throuhgput (requests/sec) = 80.6214 res=false
*==== INFO ====* req_id_count= 5000 stream_id=19996 latency=1.126035 ms (tx_ts=158856004853336, rx_ts=158856005979371) request_id=409469 zil_blk_id=19996 ccf_commit_seqno=409469 nstreams_done_=5000 config.nstreams=20000 avg_latency=1.2719 ms avg throuhgput (requests/sec) = 80.7845 res=false
*==== INFO ====* req_id_count= 5500 stream_id=21996 latency=1.413574 ms (tx_ts=158862054622168, rx_ts=158862056035742) request_id=449727 zil_blk_id=21996 ccf_commit_seqno=449730 nstreams_done_=5500 config.nstreams=20000 avg_latency=1.2693 ms avg throuhgput (requests/sec) = 80.9500 res=false
*==== INFO ====* req_id_count= 6000 stream_id=23996 latency=1.189534 ms (tx_ts=158868130367013, rx_ts=158868131556547) request_id=490092 zil_blk_id=23996 ccf_commit_seqno=490093 nstreams_done_=6000 config.nstreams=20000 avg_latency=1.2701 ms avg throuhgput (requests/sec) = 81.0606 res=false
*==== INFO ====* req_id_count= 6500 stream_id=25996 latency=1.318275 ms (tx_ts=158874194521144, rx_ts=158874195839419) request_id=530404 zil_blk_id=25996 ccf_commit_seqno=530405 nstreams_done_=6500 config.nstreams=20000 avg_latency=1.2703 ms avg throuhgput (requests/sec) = 81.1658 res=false
*==== INFO ====* req_id_count= 7000 stream_id=27996 latency=1.464265 ms (tx_ts=158880259808050, rx_ts=158880261272315) request_id=570804 zil_blk_id=27996 ccf_commit_seqno=570808 nstreams_done_=7000 config.nstreams=20000 avg_latency=1.2703 ms avg throuhgput (requests/sec) = 81.2551 res=false
*==== INFO ====* req_id_count= 7500 stream_id=29996 latency=0.968991 ms (tx_ts=158886348299221, rx_ts=158886349268212) request_id=611270 zil_blk_id=29996 ccf_commit_seqno=611270 nstreams_done_=7500 config.nstreams=20000 avg_latency=1.2738 ms avg throuhgput (requests/sec) = 81.3128 res=false
*==== INFO ====* req_id_count= 8000 stream_id=31996 latency=1.033182 ms (tx_ts=158892399396479, rx_ts=158892400429661) request_id=651644 zil_blk_id=31996 ccf_commit_seqno=651644 nstreams_done_=8000 config.nstreams=20000 avg_latency=1.2726 ms avg throuhgput (requests/sec) = 81.3938 res=false
*==== INFO ====* req_id_count= 8500 stream_id=33996 latency=1.004369 ms (tx_ts=158898450229597, rx_ts=158898451233966) request_id=691961 zil_blk_id=33996 ccf_commit_seqno=691961 nstreams_done_=8500 config.nstreams=20000 avg_latency=1.2715 ms avg throuhgput (requests/sec) = 81.4657 res=false
*==== INFO ====* req_id_count= 9000 stream_id=35996 latency=1.234461 ms (tx_ts=158904519513150, rx_ts=158904520747611) request_id=732415 zil_blk_id=35996 ccf_commit_seqno=732416 nstreams_done_=9000 config.nstreams=20000 avg_latency=1.2725 ms avg throuhgput (requests/sec) = 81.5159 res=false
*==== INFO ====* req_id_count= 9500 stream_id=37996 latency=1.516576 ms (tx_ts=158910593201326, rx_ts=158910594717902) request_id=772915 zil_blk_id=37996 ccf_commit_seqno=772920 nstreams_done_=9500 config.nstreams=20000 avg_latency=1.2718 ms avg throuhgput (requests/sec) = 81.5578 res=false
*==== INFO ====* req_id_count= 10000 stream_id=39996 latency=1.370542 ms (tx_ts=158916677372586, rx_ts=158916678743128) request_id=813455 zil_blk_id=39996 ccf_commit_seqno=813455 nstreams_done_=10000 config.nstreams=20000 avg_latency=1.2739 ms avg throuhgput (requests/sec) = 81.5888 res=false
*==== INFO ====* req_id_count= 10500 stream_id=41996 latency=1.062644 ms (tx_ts=158922713539384, rx_ts=158922714602028) request_id=853737 zil_blk_id=41996 ccf_commit_seqno=853737 nstreams_done_=10500 config.nstreams=20000 avg_latency=1.2721 ms avg throuhgput (requests/sec) = 81.6474 res=false
*==== INFO ====* req_id_count= 11000 stream_id=43996 latency=1.275752 ms (tx_ts=158928755286861, rx_ts=158928756562613) request_id=894159 zil_blk_id=43996 ccf_commit_seqno=894160 nstreams_done_=11000 config.nstreams=20000 avg_latency=1.2714 ms avg throuhgput (requests/sec) = 81.6971 res=false
*==== INFO ====* req_id_count= 11500 stream_id=45996 latency=1.437768 ms (tx_ts=158934798493399, rx_ts=158934799931167) request_id=934574 zil_blk_id=45996 ccf_commit_seqno=934578 nstreams_done_=11500 config.nstreams=20000 avg_latency=1.2704 ms avg throuhgput (requests/sec) = 81.7417 res=false
*==== INFO ====* req_id_count= 12000 stream_id=47996 latency=1.751667 ms (tx_ts=158940857288781, rx_ts=158940859040448) request_id=975045 zil_blk_id=47996 ccf_commit_seqno=975047 nstreams_done_=12000 config.nstreams=20000 avg_latency=1.2704 ms avg throuhgput (requests/sec) = 81.7739 res=false
*==== INFO ====* req_id_count= 12500 stream_id=49996 latency=1.524600 ms (tx_ts=158946918345851, rx_ts=158946919870451) request_id=1015544 zil_blk_id=49996 ccf_commit_seqno=1015547 nstreams_done_=12500 config.nstreams=20000 avg_latency=1.2695 ms avg throuhgput (requests/sec) = 81.8025 res=false
*==== INFO ====* req_id_count= 13000 stream_id=51996 latency=1.439358 ms (tx_ts=158952995606434, rx_ts=158952997045792) request_id=1056019 zil_blk_id=51996 ccf_commit_seqno=1056022 nstreams_done_=13000 config.nstreams=20000 avg_latency=1.2712 ms avg throuhgput (requests/sec) = 81.8206 res=false
*==== INFO ====* req_id_count= 13500 stream_id=53996 latency=1.293742 ms (tx_ts=158959061305740, rx_ts=158959062599482) request_id=1096536 zil_blk_id=53996 ccf_commit_seqno=1096538 nstreams_done_=13500 config.nstreams=20000 avg_latency=1.2715 ms avg throuhgput (requests/sec) = 81.8431 res=false
*==== INFO ====* req_id_count= 14000 stream_id=55996 latency=0.977878 ms (tx_ts=158965141065732, rx_ts=158965142043610) request_id=1137145 zil_blk_id=55996 ccf_commit_seqno=1137145 nstreams_done_=14000 config.nstreams=20000 avg_latency=1.2722 ms avg throuhgput (requests/sec) = 81.8574 res=false
*==== INFO ====* req_id_count= 14500 stream_id=57996 latency=1.100187 ms (tx_ts=158971209096891, rx_ts=158971210197078) request_id=1177729 zil_blk_id=57996 ccf_commit_seqno=1177729 nstreams_done_=14500 config.nstreams=20000 avg_latency=1.2728 ms avg throuhgput (requests/sec) = 81.8759 res=false
*==== INFO ====* req_id_count= 15000 stream_id=59996 latency=1.354633 ms (tx_ts=158977269471676, rx_ts=158977270826309) request_id=1218231 zil_blk_id=59996 ccf_commit_seqno=1218231 nstreams_done_=15000 config.nstreams=20000 avg_latency=1.2728 ms avg throuhgput (requests/sec) = 81.8965 res=false
*==== INFO ====* req_id_count= 15500 stream_id=61996 latency=0.994293 ms (tx_ts=158983321947506, rx_ts=158983322941799) request_id=1258720 zil_blk_id=61996 ccf_commit_seqno=1258720 nstreams_done_=15500 config.nstreams=20000 avg_latency=1.2726 ms avg throuhgput (requests/sec) = 81.9195 res=false
*==== INFO ====* req_id_count= 16000 stream_id=63996 latency=1.133730 ms (tx_ts=158989384982246, rx_ts=158989386115976) request_id=1299268 zil_blk_id=63996 ccf_commit_seqno=1299268 nstreams_done_=16000 config.nstreams=20000 avg_latency=1.2726 ms avg throuhgput (requests/sec) = 81.9365 res=false
*==== INFO ====* req_id_count= 16500 stream_id=65996 latency=1.097663 ms (tx_ts=158995440595369, rx_ts=158995441693032) request_id=1339777 zil_blk_id=65996 ccf_commit_seqno=1339777 nstreams_done_=16500 config.nstreams=20000 avg_latency=1.2722 ms avg throuhgput (requests/sec) = 81.9555 res=false
*==== INFO ====* req_id_count= 17000 stream_id=67996 latency=1.369925 ms (tx_ts=159001497315903, rx_ts=159001498685828) request_id=1380320 zil_blk_id=67996 ccf_commit_seqno=1380323 nstreams_done_=17000 config.nstreams=20000 avg_latency=1.2726 ms avg throuhgput (requests/sec) = 81.9728 res=false
*==== INFO ====* req_id_count= 17500 stream_id=69996 latency=0.954284 ms (tx_ts=159007555494173, rx_ts=159007556448457) request_id=1420919 zil_blk_id=69996 ccf_commit_seqno=1420919 nstreams_done_=17500 config.nstreams=20000 avg_latency=1.2720 ms avg throuhgput (requests/sec) = 81.9889 res=false
*==== INFO ====* req_id_count= 18000 stream_id=71996 latency=1.154438 ms (tx_ts=159013598706033, rx_ts=159013599860471) request_id=1461511 zil_blk_id=71996 ccf_commit_seqno=1461511 nstreams_done_=18000 config.nstreams=20000 avg_latency=1.2712 ms avg throuhgput (requests/sec) = 82.0094 res=false
*==== INFO ====* req_id_count= 18500 stream_id=73996 latency=1.509732 ms (tx_ts=159019661481406, rx_ts=159019662991138) request_id=1502147 zil_blk_id=73996 ccf_commit_seqno=1502151 nstreams_done_=18500 config.nstreams=20000 avg_latency=1.2711 ms avg throuhgput (requests/sec) = 82.0217 res=false
*==== INFO ====* req_id_count= 19000 stream_id=75996 latency=1.333656 ms (tx_ts=159025717922816, rx_ts=159025719256472) request_id=1542677 zil_blk_id=75996 ccf_commit_seqno=1542679 nstreams_done_=19000 config.nstreams=20000 avg_latency=1.2713 ms avg throuhgput (requests/sec) = 82.0357 res=false
*==== INFO ====* req_id_count= 19500 stream_id=77996 latency=1.173895 ms (tx_ts=159031776659209, rx_ts=159031777833104) request_id=1576954 zil_blk_id=77996 ccf_commit_seqno=1576954 nstreams_done_=19500 config.nstreams=20000 avg_latency=1.2708 ms avg throuhgput (requests/sec) = 82.0483 res=false
*==== INFO ====* http_end_stream ALL streams done! nstreams_done_=20000 avg_latency=1.2696 msreq_id_count= 20000
*==== INFO ====* req_id_count= 20000 stream_id=79996 latency=1.196989 ms (tx_ts=159037838171312, rx_ts=159037839368301) request_id=1593422 zil_blk_id=79996 ccf_commit_seqno=1593422 nstreams_done_=20000 config.nstreams=20000 avg_latency=1.2696 ms avg throuhgput (requests/sec) = 82.0592 res=true
