Uniform: 299974 854380 195423 14141 680270 
Exponential: -2147483648 -2147483648 -2147483648 -2147483648 -2147483648 
Truncated Normal: 362503 605894 380960 726375 466481 
*==== INFO ====* req_id_count= 500 stream_id=1996 latency=1.041256 ms (tx_ts=158799991522131, rx_ts=158799992563387) request_id=38259 zil_blk_id=1996 ccf_commit_seqno=38260 nstreams_done_=500 config.nstreams=20000 avg_latency=1.0713 ms avg throuhgput (requests/sec) = 84.7714 res=false
*==== INFO ====* req_id_count= 1000 stream_id=3996 latency=0.993700 ms (tx_ts=158805850928421, rx_ts=158805851922121) request_id=76876 zil_blk_id=3996 ccf_commit_seqno=76880 nstreams_done_=1000 config.nstreams=20000 avg_latency=1.0508 ms avg throuhgput (requests/sec) = 85.0516 res=false
*==== INFO ====* req_id_count= 1500 stream_id=5996 latency=0.804074 ms (tx_ts=158811724858200, rx_ts=158811725662274) request_id=115669 zil_blk_id=5996 ccf_commit_seqno=115669 nstreams_done_=1500 config.nstreams=20000 avg_latency=1.0582 ms avg throuhgput (requests/sec) = 85.0759 res=false
*==== INFO ====* req_id_count= 2000 stream_id=7996 latency=0.742158 ms (tx_ts=158817618982785, rx_ts=158817619724943) request_id=154626 zil_blk_id=7996 ccf_commit_seqno=154626 nstreams_done_=2000 config.nstreams=20000 avg_latency=1.0631 ms avg throuhgput (requests/sec) = 85.0146 res=false
*==== INFO ====* req_id_count= 2500 stream_id=9996 latency=1.088646 ms (tx_ts=158823497864853, rx_ts=158823498953499) request_id=193652 zil_blk_id=9996 ccf_commit_seqno=193652 nstreams_done_=2500 config.nstreams=20000 avg_latency=1.0618 ms avg throuhgput (requests/sec) = 85.0207 res=false
*==== INFO ====* req_id_count= 3000 stream_id=11996 latency=1.774959 ms (tx_ts=158829395470751, rx_ts=158829397245710) request_id=232761 zil_blk_id=11996 ccf_commit_seqno=232763 nstreams_done_=3000 config.nstreams=20000 avg_latency=1.0653 ms avg throuhgput (requests/sec) = 84.9789 res=false
*==== INFO ====* req_id_count= 3500 stream_id=13996 latency=1.099645 ms (tx_ts=158835301155120, rx_ts=158835302254765) request_id=271869 zil_blk_id=13996 ccf_commit_seqno=271871 nstreams_done_=3500 config.nstreams=20000 avg_latency=1.0696 ms avg throuhgput (requests/sec) = 84.9352 res=false
*==== INFO ====* req_id_count= 4000 stream_id=15996 latency=1.308109 ms (tx_ts=158841169206986, rx_ts=158841170515095) request_id=310859 zil_blk_id=15996 ccf_commit_seqno=310862 nstreams_done_=4000 config.nstreams=20000 avg_latency=1.0662 ms avg throuhgput (requests/sec) = 84.9687 res=false
*==== INFO ====* req_id_count= 4500 stream_id=17996 latency=0.900203 ms (tx_ts=158847042141789, rx_ts=158847043041992) request_id=349897 zil_blk_id=17996 ccf_commit_seqno=349898 nstreams_done_=4500 config.nstreams=20000 avg_latency=1.0661 ms avg throuhgput (requests/sec) = 84.9879 res=false
*==== INFO ====* req_id_count= 5000 stream_id=19996 latency=1.132508 ms (tx_ts=158852922041589, rx_ts=158852923174097) request_id=388992 zil_blk_id=19996 ccf_commit_seqno=388997 nstreams_done_=5000 config.nstreams=20000 avg_latency=1.0656 ms avg throuhgput (requests/sec) = 84.9923 res=false
*==== INFO ====* req_id_count= 5500 stream_id=21996 latency=1.228817 ms (tx_ts=158858802850468, rx_ts=158858804079285) request_id=428089 zil_blk_id=21996 ccf_commit_seqno=428093 nstreams_done_=5500 config.nstreams=20000 avg_latency=1.0635 ms avg throuhgput (requests/sec) = 84.9949 res=false
*==== INFO ====* req_id_count= 6000 stream_id=23996 latency=0.729564 ms (tx_ts=158864687064764, rx_ts=158864687794328) request_id=467218 zil_blk_id=23996 ccf_commit_seqno=467218 nstreams_done_=6000 config.nstreams=20000 avg_latency=1.0631 ms avg throuhgput (requests/sec) = 84.9937 res=false
*==== INFO ====* req_id_count= 6500 stream_id=25996 latency=1.051686 ms (tx_ts=158870591443930, rx_ts=158870592495616) request_id=506448 zil_blk_id=25996 ccf_commit_seqno=506453 nstreams_done_=6500 config.nstreams=20000 avg_latency=1.0646 ms avg throuhgput (requests/sec) = 84.9694 res=false
*==== INFO ====* req_id_count= 7000 stream_id=27996 latency=1.100347 ms (tx_ts=158876528479858, rx_ts=158876529580205) request_id=545948 zil_blk_id=27996 ccf_commit_seqno=545952 nstreams_done_=7000 config.nstreams=20000 avg_latency=1.0680 ms avg throuhgput (requests/sec) = 84.9152 res=false
*==== INFO ====* req_id_count= 7500 stream_id=29996 latency=1.063178 ms (tx_ts=158882437382723, rx_ts=158882438445901) request_id=585220 zil_blk_id=29996 ccf_commit_seqno=585222 nstreams_done_=7500 config.nstreams=20000 avg_latency=1.0706 ms avg throuhgput (requests/sec) = 84.8953 res=false
*==== INFO ====* req_id_count= 8000 stream_id=31996 latency=0.997916 ms (tx_ts=158888299981096, rx_ts=158888300979012) request_id=624298 zil_blk_id=31996 ccf_commit_seqno=624298 nstreams_done_=8000 config.nstreams=20000 avg_latency=1.0689 ms avg throuhgput (requests/sec) = 84.9197 res=false
*==== INFO ====* req_id_count= 8500 stream_id=33996 latency=1.037876 ms (tx_ts=158894161431960, rx_ts=158894162469836) request_id=663374 zil_blk_id=33996 ccf_commit_seqno=663378 nstreams_done_=8500 config.nstreams=20000 avg_latency=1.0678 ms avg throuhgput (requests/sec) = 84.9421 res=false
*==== INFO ====* req_id_count= 9000 stream_id=35996 latency=1.050454 ms (tx_ts=158900050132402, rx_ts=158900051182856) request_id=702617 zil_blk_id=35996 ccf_commit_seqno=702617 nstreams_done_=9000 config.nstreams=20000 avg_latency=1.0670 ms avg throuhgput (requests/sec) = 84.9403 res=false
*==== INFO ====* req_id_count= 9500 stream_id=37996 latency=1.065883 ms (tx_ts=158905934557089, rx_ts=158905935622972) request_id=741823 zil_blk_id=37996 ccf_commit_seqno=741829 nstreams_done_=9500 config.nstreams=20000 avg_latency=1.0675 ms avg throuhgput (requests/sec) = 84.9418 res=false
*==== INFO ====* req_id_count= 10000 stream_id=39996 latency=1.172433 ms (tx_ts=158911817460227, rx_ts=158911818632660) request_id=781078 zil_blk_id=39996 ccf_commit_seqno=781080 nstreams_done_=10000 config.nstreams=20000 avg_latency=1.0659 ms avg throuhgput (requests/sec) = 84.9442 res=false
*==== INFO ====* req_id_count= 10500 stream_id=41996 latency=1.895224 ms (tx_ts=158917722226194, rx_ts=158917724121418) request_id=820421 zil_blk_id=41996 ccf_commit_seqno=820422 nstreams_done_=10500 config.nstreams=20000 avg_latency=1.0671 ms avg throuhgput (requests/sec) = 84.9310 res=false
*==== INFO ====* req_id_count= 11000 stream_id=43996 latency=1.038261 ms (tx_ts=158923606603001, rx_ts=158923607641262) request_id=859705 zil_blk_id=43996 ccf_commit_seqno=859705 nstreams_done_=11000 config.nstreams=20000 avg_latency=1.0663 ms avg throuhgput (requests/sec) = 84.9334 res=false
*==== INFO ====* req_id_count= 11500 stream_id=45996 latency=0.893400 ms (tx_ts=158929472548364, rx_ts=158929473441764) request_id=898967 zil_blk_id=45996 ccf_commit_seqno=898968 nstreams_done_=11500 config.nstreams=20000 avg_latency=1.0641 ms avg throuhgput (requests/sec) = 84.9466 res=false
*==== INFO ====* req_id_count= 12000 stream_id=47996 latency=0.873463 ms (tx_ts=158935346898910, rx_ts=158935347772373) request_id=938259 zil_blk_id=47996 ccf_commit_seqno=938261 nstreams_done_=12000 config.nstreams=20000 avg_latency=1.0633 ms avg throuhgput (requests/sec) = 84.9537 res=false
*==== INFO ====* req_id_count= 12500 stream_id=49996 latency=0.967759 ms (tx_ts=158941236090314, rx_ts=158941237058073) request_id=977580 zil_blk_id=49996 ccf_commit_seqno=977580 nstreams_done_=12500 config.nstreams=20000 avg_latency=1.0638 ms avg throuhgput (requests/sec) = 84.9515 res=false
*==== INFO ====* req_id_count= 13000 stream_id=51996 latency=1.326110 ms (tx_ts=158947141704235, rx_ts=158947143030345) request_id=1017012 zil_blk_id=51996 ccf_commit_seqno=1017015 nstreams_done_=13000 config.nstreams=20000 avg_latency=1.0649 ms avg throuhgput (requests/sec) = 84.9403 res=false
*==== INFO ====* req_id_count= 13500 stream_id=53996 latency=0.872371 ms (tx_ts=158953039014925, rx_ts=158953039887296) request_id=1056304 zil_blk_id=53996 ccf_commit_seqno=1056305 nstreams_done_=13500 config.nstreams=20000 avg_latency=1.0659 ms avg throuhgput (requests/sec) = 84.9348 res=false
*==== INFO ====* req_id_count= 14000 stream_id=55996 latency=0.814563 ms (tx_ts=158958939295645, rx_ts=158958940110208) request_id=1095718 zil_blk_id=55996 ccf_commit_seqno=1095718 nstreams_done_=14000 config.nstreams=20000 avg_latency=1.0666 ms avg throuhgput (requests/sec) = 84.9279 res=false
*==== INFO ====* req_id_count= 14500 stream_id=57996 latency=1.020473 ms (tx_ts=158964823137637, rx_ts=158964824158110) request_id=1135019 zil_blk_id=57996 ccf_commit_seqno=1135021 nstreams_done_=14500 config.nstreams=20000 avg_latency=1.0668 ms avg throuhgput (requests/sec) = 84.9295 res=false
*==== INFO ====* req_id_count= 15000 stream_id=59996 latency=1.130905 ms (tx_ts=158970694564221, rx_ts=158970695695126) request_id=1174274 zil_blk_id=59996 ccf_commit_seqno=1174277 nstreams_done_=15000 config.nstreams=20000 avg_latency=1.0665 ms avg throuhgput (requests/sec) = 84.9371 res=false
*==== INFO ====* req_id_count= 15500 stream_id=61996 latency=1.126315 ms (tx_ts=158976556470409, rx_ts=158976557596724) request_id=1213471 zil_blk_id=61996 ccf_commit_seqno=1213472 nstreams_done_=15500 config.nstreams=20000 avg_latency=1.0665 ms avg throuhgput (requests/sec) = 84.9486 res=false
*==== INFO ====* req_id_count= 16000 stream_id=63996 latency=0.963040 ms (tx_ts=158982458470473, rx_ts=158982459433513) request_id=1252957 zil_blk_id=63996 ccf_commit_seqno=1252960 nstreams_done_=16000 config.nstreams=20000 avg_latency=1.0670 ms avg throuhgput (requests/sec) = 84.9414 res=false
*==== INFO ====* req_id_count= 16500 stream_id=65996 latency=1.216671 ms (tx_ts=158988349929617, rx_ts=158988351146288) request_id=1292348 zil_blk_id=65996 ccf_commit_seqno=1292351 nstreams_done_=16500 config.nstreams=20000 avg_latency=1.0668 ms avg throuhgput (requests/sec) = 84.9391 res=false
*==== INFO ====* req_id_count= 17000 stream_id=67996 latency=0.813411 ms (tx_ts=158994233394115, rx_ts=158994234207526) request_id=1331690 zil_blk_id=67996 ccf_commit_seqno=1331691 nstreams_done_=17000 config.nstreams=20000 avg_latency=1.0665 ms avg throuhgput (requests/sec) = 84.9406 res=false
*==== INFO ====* req_id_count= 17500 stream_id=69996 latency=0.892328 ms (tx_ts=159000122241934, rx_ts=159000123134262) request_id=1371073 zil_blk_id=69996 ccf_commit_seqno=1371074 nstreams_done_=17500 config.nstreams=20000 avg_latency=1.0673 ms avg throuhgput (requests/sec) = 84.9396 res=false
*==== INFO ====* req_id_count= 18000 stream_id=71996 latency=1.083917 ms (tx_ts=159005992092457, rx_ts=159005993176374) request_id=1410430 zil_blk_id=71996 ccf_commit_seqno=1410431 nstreams_done_=18000 config.nstreams=20000 avg_latency=1.0666 ms avg throuhgput (requests/sec) = 84.9462 res=false
*==== INFO ====* req_id_count= 18500 stream_id=73996 latency=0.935519 ms (tx_ts=159011874243879, rx_ts=159011875179398) request_id=1449953 zil_blk_id=73996 ccf_commit_seqno=1449957 nstreams_done_=18500 config.nstreams=20000 avg_latency=1.0662 ms avg throuhgput (requests/sec) = 84.9478 res=false
*==== INFO ====* req_id_count= 19000 stream_id=75996 latency=1.074159 ms (tx_ts=159017732744350, rx_ts=159017733818509) request_id=1489235 zil_blk_id=75996 ccf_commit_seqno=1489236 nstreams_done_=19000 config.nstreams=20000 avg_latency=1.0657 ms avg throuhgput (requests/sec) = 84.9582 res=false
*==== INFO ====* req_id_count= 19500 stream_id=77996 latency=1.164106 ms (tx_ts=159023645586263, rx_ts=159023646750369) request_id=1528811 zil_blk_id=77996 ccf_commit_seqno=1528815 nstreams_done_=19500 config.nstreams=20000 avg_latency=1.0666 ms avg throuhgput (requests/sec) = 84.9479 res=false
*==== INFO ====* http_end_stream ALL streams done! nstreams_done_=20000 avg_latency=1.0665 msreq_id_count= 20000
*==== INFO ====* req_id_count= 20000 stream_id=79996 latency=0.855326 ms (tx_ts=159029535653310, rx_ts=159029536508636) request_id=1566223 zil_blk_id=79996 ccf_commit_seqno=1566223 nstreams_done_=20000 config.nstreams=20000 avg_latency=1.0665 ms avg throuhgput (requests/sec) = 84.9466 res=true
