Uniform: 558461 177744 246943 635096 824378 
Exponential: -2147483648 -2147483648 -2147483648 -2147483648 -2147483648 
Truncated Normal: 809656 651951 808433 542427 859410 
*==== INFO ====* req_id_count= 500 stream_id=1996 latency=1.282588 ms (tx_ts=158800283152583, rx_ts=158800284435171) request_id=40139 zil_blk_id=1996 ccf_commit_seqno=40144 nstreams_done_=500 config.nstreams=20000 avg_latency=1.1443 ms avg throuhgput (requests/sec) = 80.8103 res=false
*==== INFO ====* req_id_count= 1000 stream_id=3996 latency=0.924231 ms (tx_ts=158806391145170, rx_ts=158806392069401) request_id=80410 zil_blk_id=3996 ccf_commit_seqno=80410 nstreams_done_=1000 config.nstreams=20000 avg_latency=1.1370 ms avg throuhgput (requests/sec) = 81.3341 res=false
*==== INFO ====* req_id_count= 1500 stream_id=5996 latency=1.288509 ms (tx_ts=158812454511718, rx_ts=158812455800227) request_id=120460 zil_blk_id=5996 ccf_commit_seqno=120465 nstreams_done_=1500 config.nstreams=20000 avg_latency=1.1336 ms avg throuhgput (requests/sec) = 81.7052 res=false
*==== INFO ====* req_id_count= 2000 stream_id=7996 latency=1.191579 ms (tx_ts=158818503883860, rx_ts=158818505075439) request_id=160487 zil_blk_id=7996 ccf_commit_seqno=160489 nstreams_done_=2000 config.nstreams=20000 avg_latency=1.1285 ms avg throuhgput (requests/sec) = 81.9405 res=false
*==== INFO ====* req_id_count= 2500 stream_id=9996 latency=1.129756 ms (tx_ts=158824510500981, rx_ts=158824511630737) request_id=200320 zil_blk_id=9996 ccf_commit_seqno=200322 nstreams_done_=2500 config.nstreams=20000 avg_latency=1.1241 ms avg throuhgput (requests/sec) = 82.1976 res=false
*==== INFO ====* req_id_count= 3000 stream_id=11996 latency=1.296314 ms (tx_ts=158830553114165, rx_ts=158830554410479) request_id=240398 zil_blk_id=11996 ccf_commit_seqno=240399 nstreams_done_=3000 config.nstreams=20000 avg_latency=1.1240 ms avg throuhgput (requests/sec) = 82.2880 res=false
*==== INFO ====* req_id_count= 3500 stream_id=13996 latency=1.135620 ms (tx_ts=158836612283186, rx_ts=158836613418806) request_id=280576 zil_blk_id=13996 ccf_commit_seqno=280577 nstreams_done_=3500 config.nstreams=20000 avg_latency=1.1230 ms avg throuhgput (requests/sec) = 82.3213 res=false
*==== INFO ====* req_id_count= 4000 stream_id=15996 latency=1.176540 ms (tx_ts=158842636339826, rx_ts=158842637516366) request_id=320613 zil_blk_id=15996 ccf_commit_seqno=320614 nstreams_done_=4000 config.nstreams=20000 avg_latency=1.1212 ms avg throuhgput (requests/sec) = 82.4056 res=false
*==== INFO ====* req_id_count= 4500 stream_id=17996 latency=1.054277 ms (tx_ts=158848706647897, rx_ts=158848707702174) request_id=360967 zil_blk_id=17996 ccf_commit_seqno=360969 nstreams_done_=4500 config.nstreams=20000 avg_latency=1.1218 ms avg throuhgput (requests/sec) = 82.4016 res=false
*==== INFO ====* req_id_count= 5000 stream_id=19996 latency=1.046256 ms (tx_ts=158854754948037, rx_ts=158854755994293) request_id=401144 zil_blk_id=19996 ccf_commit_seqno=401145 nstreams_done_=5000 config.nstreams=20000 avg_latency=1.1214 ms avg throuhgput (requests/sec) = 82.4282 res=false
*==== INFO ====* req_id_count= 5500 stream_id=21996 latency=1.184534 ms (tx_ts=158860793969574, rx_ts=158860795154108) request_id=441338 zil_blk_id=21996 ccf_commit_seqno=441342 nstreams_done_=5500 config.nstreams=20000 avg_latency=1.1240 ms avg throuhgput (requests/sec) = 82.4612 res=false
*==== INFO ====* req_id_count= 6000 stream_id=23996 latency=1.219219 ms (tx_ts=158866834085892, rx_ts=158866835305111) request_id=481471 zil_blk_id=23996 ccf_commit_seqno=481473 nstreams_done_=6000 config.nstreams=20000 avg_latency=1.1244 ms avg throuhgput (requests/sec) = 82.4876 res=false
*==== INFO ====* req_id_count= 6500 stream_id=25996 latency=1.167913 ms (tx_ts=158872843027144, rx_ts=158872844195057) request_id=521443 zil_blk_id=25996 ccf_commit_seqno=521444 nstreams_done_=6500 config.nstreams=20000 avg_latency=1.1262 ms avg throuhgput (requests/sec) = 82.5427 res=false
*==== INFO ====* req_id_count= 7000 stream_id=27996 latency=1.096127 ms (tx_ts=158878826603827, rx_ts=158878827699954) request_id=561251 zil_blk_id=27996 ccf_commit_seqno=561255 nstreams_done_=7000 config.nstreams=20000 avg_latency=1.1279 ms avg throuhgput (requests/sec) = 82.6148 res=false
*==== INFO ====* req_id_count= 7500 stream_id=29996 latency=1.270509 ms (tx_ts=158884826226139, rx_ts=158884827496648) request_id=601099 zil_blk_id=29996 ccf_commit_seqno=601101 nstreams_done_=7500 config.nstreams=20000 avg_latency=1.1306 ms avg throuhgput (requests/sec) = 82.6625 res=false
*==== INFO ====* req_id_count= 8000 stream_id=31996 latency=0.857516 ms (tx_ts=158890824889512, rx_ts=158890825747028) request_id=641142 zil_blk_id=31996 ccf_commit_seqno=641143 nstreams_done_=8000 config.nstreams=20000 avg_latency=1.1297 ms avg throuhgput (requests/sec) = 82.7056 res=false
*==== INFO ====* req_id_count= 8500 stream_id=33996 latency=1.001400 ms (tx_ts=158896824521910, rx_ts=158896825523310) request_id=681113 zil_blk_id=33996 ccf_commit_seqno=681114 nstreams_done_=8500 config.nstreams=20000 avg_latency=1.1299 ms avg throuhgput (requests/sec) = 82.7424 res=false
*==== INFO ====* req_id_count= 9000 stream_id=35996 latency=0.924401 ms (tx_ts=158902800397025, rx_ts=158902801321426) request_id=720954 zil_blk_id=35996 ccf_commit_seqno=720955 nstreams_done_=9000 config.nstreams=20000 avg_latency=1.1295 ms avg throuhgput (requests/sec) = 82.7935 res=false
*==== INFO ====* req_id_count= 9500 stream_id=37996 latency=0.997285 ms (tx_ts=158908781695668, rx_ts=158908782692953) request_id=760820 zil_blk_id=37996 ccf_commit_seqno=760822 nstreams_done_=9500 config.nstreams=20000 avg_latency=1.1295 ms avg throuhgput (requests/sec) = 82.8352 res=false
*==== INFO ====* req_id_count= 10000 stream_id=39996 latency=0.787151 ms (tx_ts=158914773092556, rx_ts=158914773879707) request_id=800719 zil_blk_id=39996 ccf_commit_seqno=800719 nstreams_done_=10000 config.nstreams=20000 avg_latency=1.1306 ms avg throuhgput (requests/sec) = 82.8660 res=false
*==== INFO ====* req_id_count= 10500 stream_id=41996 latency=1.082635 ms (tx_ts=158920788338005, rx_ts=158920789420640) request_id=840858 zil_blk_id=41996 ccf_commit_seqno=840863 nstreams_done_=10500 config.nstreams=20000 avg_latency=1.1301 ms avg throuhgput (requests/sec) = 82.8780 res=false
*==== INFO ====* req_id_count= 11000 stream_id=43996 latency=1.078920 ms (tx_ts=158926751048315, rx_ts=158926752127235) request_id=880755 zil_blk_id=43996 ccf_commit_seqno=880759 nstreams_done_=11000 config.nstreams=20000 avg_latency=1.1290 ms avg throuhgput (requests/sec) = 82.9219 res=false
*==== INFO ====* req_id_count= 11500 stream_id=45996 latency=0.965564 ms (tx_ts=158932741625266, rx_ts=158932742590830) request_id=920836 zil_blk_id=45996 ccf_commit_seqno=920839 nstreams_done_=11500 config.nstreams=20000 avg_latency=1.1276 ms avg throuhgput (requests/sec) = 82.9454 res=false
*==== INFO ====* req_id_count= 12000 stream_id=47996 latency=1.091130 ms (tx_ts=158938735759231, rx_ts=158938736850361) request_id=960903 zil_blk_id=47996 ccf_commit_seqno=960907 nstreams_done_=12000 config.nstreams=20000 avg_latency=1.1276 ms avg throuhgput (requests/sec) = 82.9647 res=false
*==== INFO ====* req_id_count= 12500 stream_id=49996 latency=0.952771 ms (tx_ts=158944739447209, rx_ts=158944740399980) request_id=1001002 zil_blk_id=49996 ccf_commit_seqno=1001004 nstreams_done_=12500 config.nstreams=20000 avg_latency=1.1276 ms avg throuhgput (requests/sec) = 82.9775 res=false
*==== INFO ====* req_id_count= 13000 stream_id=51996 latency=1.094877 ms (tx_ts=158950739391910, rx_ts=158950740486787) request_id=1041060 zil_blk_id=51996 ccf_commit_seqno=1041062 nstreams_done_=13000 config.nstreams=20000 avg_latency=1.1270 ms avg throuhgput (requests/sec) = 82.9911 res=false
*==== INFO ====* req_id_count= 13500 stream_id=53996 latency=1.099351 ms (tx_ts=158956733122004, rx_ts=158956734221355) request_id=1080979 zil_blk_id=53996 ccf_commit_seqno=1080980 nstreams_done_=13500 config.nstreams=20000 avg_latency=1.1284 ms avg throuhgput (requests/sec) = 83.0069 res=false
*==== INFO ====* req_id_count= 14000 stream_id=55996 latency=1.294391 ms (tx_ts=158962730192719, rx_ts=158962731487110) request_id=1121073 zil_blk_id=55996 ccf_commit_seqno=1121077 nstreams_done_=14000 config.nstreams=20000 avg_latency=1.1274 ms avg throuhgput (requests/sec) = 83.0198 res=false
*==== INFO ====* req_id_count= 14500 stream_id=57996 latency=1.264607 ms (tx_ts=158968729226755, rx_ts=158968730491362) request_id=1161106 zil_blk_id=57996 ccf_commit_seqno=1161109 nstreams_done_=14500 config.nstreams=20000 avg_latency=1.1278 ms avg throuhgput (requests/sec) = 83.0311 res=false
*==== INFO ====* req_id_count= 15000 stream_id=59996 latency=0.848817 ms (tx_ts=158974730289558, rx_ts=158974731138375) request_id=1201263 zil_blk_id=59996 ccf_commit_seqno=1201263 nstreams_done_=15000 config.nstreams=20000 avg_latency=1.1279 ms avg throuhgput (requests/sec) = 83.0408 res=false
*==== INFO ====* req_id_count= 15500 stream_id=61996 latency=1.130735 ms (tx_ts=158980702477186, rx_ts=158980703607921) request_id=1241217 zil_blk_id=61996 ccf_commit_seqno=1241218 nstreams_done_=15500 config.nstreams=20000 avg_latency=1.1283 ms avg throuhgput (requests/sec) = 83.0625 res=false
*==== INFO ====* req_id_count= 16000 stream_id=63996 latency=0.872010 ms (tx_ts=158986713861256, rx_ts=158986714733266) request_id=1281394 zil_blk_id=63996 ccf_commit_seqno=1281394 nstreams_done_=16000 config.nstreams=20000 avg_latency=1.1290 ms avg throuhgput (requests/sec) = 83.0661 res=false
*==== INFO ====* req_id_count= 16500 stream_id=65996 latency=1.123350 ms (tx_ts=158992736703841, rx_ts=158992737827191) request_id=1321688 zil_blk_id=65996 ccf_commit_seqno=1321691 nstreams_done_=16500 config.nstreams=20000 avg_latency=1.1292 ms avg throuhgput (requests/sec) = 83.0645 res=false
*==== INFO ====* req_id_count= 17000 stream_id=67996 latency=1.266528 ms (tx_ts=158998738137961, rx_ts=158998739404489) request_id=1361836 zil_blk_id=67996 ccf_commit_seqno=1361840 nstreams_done_=17000 config.nstreams=20000 avg_latency=1.1301 ms avg throuhgput (requests/sec) = 83.0718 res=false
*==== INFO ====* req_id_count= 17500 stream_id=69996 latency=1.159538 ms (tx_ts=159004734024343, rx_ts=159004735183881) request_id=1402011 zil_blk_id=69996 ccf_commit_seqno=1402011 nstreams_done_=17500 config.nstreams=20000 avg_latency=1.1298 ms avg throuhgput (requests/sec) = 83.0809 res=false
*==== INFO ====* req_id_count= 18000 stream_id=71996 latency=0.941230 ms (tx_ts=159010722445521, rx_ts=159010723386751) request_id=1442231 zil_blk_id=71996 ccf_commit_seqno=1442233 nstreams_done_=18000 config.nstreams=20000 avg_latency=1.1288 ms avg throuhgput (requests/sec) = 83.0924 res=false
*==== INFO ====* req_id_count= 18500 stream_id=73996 latency=0.857003 ms (tx_ts=159016715472357, rx_ts=159016716329360) request_id=1482428 zil_blk_id=73996 ccf_commit_seqno=1482428 nstreams_done_=18500 config.nstreams=20000 avg_latency=1.1285 ms avg throuhgput (requests/sec) = 83.1015 res=false
*==== INFO ====* req_id_count= 19000 stream_id=75996 latency=1.004819 ms (tx_ts=159022690373050, rx_ts=159022691377869) request_id=1522435 zil_blk_id=75996 ccf_commit_seqno=1522436 nstreams_done_=19000 config.nstreams=20000 avg_latency=1.1280 ms avg throuhgput (requests/sec) = 83.1167 res=false
*==== INFO ====* req_id_count= 19500 stream_id=77996 latency=0.837074 ms (tx_ts=159028676366393, rx_ts=159028677203467) request_id=1561393 zil_blk_id=77996 ccf_commit_seqno=1561394 nstreams_done_=19500 config.nstreams=20000 avg_latency=1.1282 ms avg throuhgput (requests/sec) = 83.1273 res=false
*==== INFO ====* http_end_stream ALL streams done! nstreams_done_=20000 avg_latency=1.1264 msreq_id_count= 20000
*==== INFO ====* req_id_count= 20000 stream_id=79996 latency=0.977067 ms (tx_ts=159034637894114, rx_ts=159034638871181) request_id=1586453 zil_blk_id=79996 ccf_commit_seqno=1586453 nstreams_done_=20000 config.nstreams=20000 avg_latency=1.1264 ms avg throuhgput (requests/sec) = 83.1456 res=true
