Uniform: 616580 321038 643829 166354 365074 
Exponential: -2147483648 -2147483648 -2147483648 -2147483648 -2147483648 
Truncated Normal: 620045 188453 420030 355896 9436 
*==== INFO ====* req_id_count= 500 stream_id=1996 latency=1.199222 ms (tx_ts=158800264564212, rx_ts=158800265763434) request_id=40019 zil_blk_id=1996 ccf_commit_seqno=40025 nstreams_done_=500 config.nstreams=20000 avg_latency=1.1741 ms avg throuhgput (requests/sec) = 81.1011 res=false
*==== INFO ====* req_id_count= 1000 stream_id=3996 latency=1.166351 ms (tx_ts=158806431634357, rx_ts=158806432800708) request_id=80680 zil_blk_id=3996 ccf_commit_seqno=80681 nstreams_done_=1000 config.nstreams=20000 avg_latency=1.1702 ms avg throuhgput (requests/sec) = 81.0886 res=false
*==== INFO ====* req_id_count= 1500 stream_id=5996 latency=0.958182 ms (tx_ts=158812564869652, rx_ts=158812565827834) request_id=121187 zil_blk_id=5996 ccf_commit_seqno=121188 nstreams_done_=1500 config.nstreams=20000 avg_latency=1.1651 ms avg throuhgput (requests/sec) = 81.2338 res=false
*==== INFO ====* req_id_count= 2000 stream_id=7996 latency=1.255155 ms (tx_ts=158818686405826, rx_ts=158818687660981) request_id=161701 zil_blk_id=7996 ccf_commit_seqno=161703 nstreams_done_=2000 config.nstreams=20000 avg_latency=1.1541 ms avg throuhgput (requests/sec) = 81.3436 res=false
*==== INFO ====* req_id_count= 2500 stream_id=9996 latency=1.104659 ms (tx_ts=158824836521237, rx_ts=158824837625896) request_id=202482 zil_blk_id=9996 ccf_commit_seqno=202484 nstreams_done_=2500 config.nstreams=20000 avg_latency=1.1520 ms avg throuhgput (requests/sec) = 81.3352 res=false
*==== INFO ====* req_id_count= 3000 stream_id=11996 latency=0.843508 ms (tx_ts=158830955494880, rx_ts=158830956338388) request_id=243072 zil_blk_id=11996 ccf_commit_seqno=243072 nstreams_done_=3000 config.nstreams=20000 avg_latency=1.1527 ms avg throuhgput (requests/sec) = 81.3985 res=false
*==== INFO ====* req_id_count= 3500 stream_id=13996 latency=1.237614 ms (tx_ts=158837095740422, rx_ts=158837096978036) request_id=283792 zil_blk_id=13996 ccf_commit_seqno=283793 nstreams_done_=3500 config.nstreams=20000 avg_latency=1.1501 ms avg throuhgput (requests/sec) = 81.4022 res=false
*==== INFO ====* req_id_count= 4000 stream_id=15996 latency=1.273311 ms (tx_ts=158843243189109, rx_ts=158843244462420) request_id=324657 zil_blk_id=15996 ccf_commit_seqno=324657 nstreams_done_=4000 config.nstreams=20000 avg_latency=1.1510 ms avg throuhgput (requests/sec) = 81.3937 res=false
*==== INFO ====* req_id_count= 4500 stream_id=17996 latency=0.820186 ms (tx_ts=158849328866343, rx_ts=158849329686529) request_id=365078 zil_blk_id=17996 ccf_commit_seqno=365078 nstreams_done_=4500 config.nstreams=20000 avg_latency=1.1501 ms avg throuhgput (requests/sec) = 81.4788 res=false
*==== INFO ====* req_id_count= 5000 stream_id=19996 latency=1.160439 ms (tx_ts=158855403435917, rx_ts=158855404596356) request_id=405465 zil_blk_id=19996 ccf_commit_seqno=405465 nstreams_done_=5000 config.nstreams=20000 avg_latency=1.1487 ms avg throuhgput (requests/sec) = 81.5608 res=false
*==== INFO ====* req_id_count= 5500 stream_id=21996 latency=0.929538 ms (tx_ts=158861472378241, rx_ts=158861473307779) request_id=445851 zil_blk_id=21996 ccf_commit_seqno=445851 nstreams_done_=5500 config.nstreams=20000 avg_latency=1.1480 ms avg throuhgput (requests/sec) = 81.6354 res=false
*==== INFO ====* req_id_count= 6000 stream_id=23996 latency=1.360735 ms (tx_ts=158867530455032, rx_ts=158867531815767) request_id=486096 zil_blk_id=23996 ccf_commit_seqno=486100 nstreams_done_=6000 config.nstreams=20000 avg_latency=1.1499 ms avg throuhgput (requests/sec) = 81.7091 res=false
*==== INFO ====* req_id_count= 6500 stream_id=25996 latency=1.334244 ms (tx_ts=158873653778832, rx_ts=158873655113076) request_id=526789 zil_blk_id=25996 ccf_commit_seqno=526796 nstreams_done_=6500 config.nstreams=20000 avg_latency=1.1522 ms avg throuhgput (requests/sec) = 81.7050 res=false
*==== INFO ====* req_id_count= 7000 stream_id=27996 latency=1.158165 ms (tx_ts=158879744539147, rx_ts=158879745697312) request_id=567376 zil_blk_id=27996 ccf_commit_seqno=567376 nstreams_done_=7000 config.nstreams=20000 avg_latency=1.1516 ms avg throuhgput (requests/sec) = 81.7327 res=false
*==== INFO ====* req_id_count= 7500 stream_id=29996 latency=2.312434 ms (tx_ts=158885831674510, rx_ts=158885833986944) request_id=607828 zil_blk_id=29996 ccf_commit_seqno=607830 nstreams_done_=7500 config.nstreams=20000 avg_latency=1.1550 ms avg throuhgput (requests/sec) = 81.7587 res=false
*==== INFO ====* req_id_count= 8000 stream_id=31996 latency=0.968120 ms (tx_ts=158891953056538, rx_ts=158891954024658) request_id=648687 zil_blk_id=31996 ccf_commit_seqno=648687 nstreams_done_=8000 config.nstreams=20000 avg_latency=1.1535 ms avg throuhgput (requests/sec) = 81.7549 res=false
*==== INFO ====* req_id_count= 8500 stream_id=33996 latency=1.094347 ms (tx_ts=158898068955965, rx_ts=158898070050312) request_id=689418 zil_blk_id=33996 ccf_commit_seqno=689418 nstreams_done_=8500 config.nstreams=20000 avg_latency=1.1533 ms avg throuhgput (requests/sec) = 81.7548 res=false
*==== INFO ====* req_id_count= 9000 stream_id=35996 latency=1.309529 ms (tx_ts=158904174539467, rx_ts=158904175848996) request_id=730117 zil_blk_id=35996 ccf_commit_seqno=730120 nstreams_done_=9000 config.nstreams=20000 avg_latency=1.1542 ms avg throuhgput (requests/sec) = 81.7623 res=false
*==== INFO ====* req_id_count= 9500 stream_id=37996 latency=0.825814 ms (tx_ts=158910233224602, rx_ts=158910234050416) request_id=770505 zil_blk_id=37996 ccf_commit_seqno=770505 nstreams_done_=9500 config.nstreams=20000 avg_latency=1.1529 ms avg throuhgput (requests/sec) = 81.8025 res=false
*==== INFO ====* req_id_count= 10000 stream_id=39996 latency=1.121657 ms (tx_ts=158916307936661, rx_ts=158916309058318) request_id=810973 zil_blk_id=39996 ccf_commit_seqno=810976 nstreams_done_=10000 config.nstreams=20000 avg_latency=1.1533 ms avg throuhgput (requests/sec) = 81.8274 res=false
*==== INFO ====* req_id_count= 10500 stream_id=41996 latency=1.072747 ms (tx_ts=158922361097656, rx_ts=158922362170403) request_id=851388 zil_blk_id=41996 ccf_commit_seqno=851392 nstreams_done_=10500 config.nstreams=20000 avg_latency=1.1535 ms avg throuhgput (requests/sec) = 81.8640 res=false
*==== INFO ====* req_id_count= 11000 stream_id=43996 latency=1.120885 ms (tx_ts=158928414385823, rx_ts=158928415506708) request_id=891897 zil_blk_id=43996 ccf_commit_seqno=891899 nstreams_done_=11000 config.nstreams=20000 avg_latency=1.1524 ms avg throuhgput (requests/sec) = 81.8971 res=false
*==== INFO ====* req_id_count= 11500 stream_id=45996 latency=1.173123 ms (tx_ts=158934511718661, rx_ts=158934512891784) request_id=932657 zil_blk_id=45996 ccf_commit_seqno=932658 nstreams_done_=11500 config.nstreams=20000 avg_latency=1.1516 ms avg throuhgput (requests/sec) = 81.9017 res=false
*==== INFO ====* req_id_count= 12000 stream_id=47996 latency=0.954936 ms (tx_ts=158940609113782, rx_ts=158940610068718) request_id=973381 zil_blk_id=47996 ccf_commit_seqno=973382 nstreams_done_=12000 config.nstreams=20000 avg_latency=1.1517 ms avg throuhgput (requests/sec) = 81.9060 res=false
*==== INFO ====* req_id_count= 12500 stream_id=49996 latency=1.219650 ms (tx_ts=158946727980383, rx_ts=158946729200033) request_id=1014266 zil_blk_id=49996 ccf_commit_seqno=1014269 nstreams_done_=12500 config.nstreams=20000 avg_latency=1.1506 ms avg throuhgput (requests/sec) = 81.8982 res=false
*==== INFO ====* req_id_count= 13000 stream_id=51996 latency=0.970926 ms (tx_ts=158952865333413, rx_ts=158952866304339) request_id=1055137 zil_blk_id=51996 ccf_commit_seqno=1055139 nstreams_done_=13000 config.nstreams=20000 avg_latency=1.1512 ms avg throuhgput (requests/sec) = 81.8817 res=false
*==== INFO ====* req_id_count= 13500 stream_id=53996 latency=1.180259 ms (tx_ts=158958982102422, rx_ts=158958983282681) request_id=1096008 zil_blk_id=53996 ccf_commit_seqno=1096012 nstreams_done_=13500 config.nstreams=20000 avg_latency=1.1512 ms avg throuhgput (requests/sec) = 81.8764 res=false
*==== INFO ====* req_id_count= 14000 stream_id=55996 latency=1.098855 ms (tx_ts=158965101083781, rx_ts=158965102182636) request_id=1136876 zil_blk_id=55996 ccf_commit_seqno=1136878 nstreams_done_=14000 config.nstreams=20000 avg_latency=1.1520 ms avg throuhgput (requests/sec) = 81.8706 res=false
*==== INFO ====* req_id_count= 14500 stream_id=57996 latency=1.133890 ms (tx_ts=158971228895781, rx_ts=158971230029671) request_id=1177860 zil_blk_id=57996 ccf_commit_seqno=1177862 nstreams_done_=14500 config.nstreams=20000 avg_latency=1.1512 ms avg throuhgput (requests/sec) = 81.8611 res=false
*==== INFO ====* req_id_count= 15000 stream_id=59996 latency=1.029796 ms (tx_ts=158977367516048, rx_ts=158977368545844) request_id=1218891 zil_blk_id=59996 ccf_commit_seqno=1218892 nstreams_done_=15000 config.nstreams=20000 avg_latency=1.1516 ms avg throuhgput (requests/sec) = 81.8474 res=false
*==== INFO ====* req_id_count= 15500 stream_id=61996 latency=1.278060 ms (tx_ts=158983498748805, rx_ts=158983500026865) request_id=1259903 zil_blk_id=61996 ccf_commit_seqno=1259907 nstreams_done_=15500 config.nstreams=20000 avg_latency=1.1518 ms avg throuhgput (requests/sec) = 81.8376 res=false
*==== INFO ====* req_id_count= 16000 stream_id=63996 latency=0.825704 ms (tx_ts=158989621741163, rx_ts=158989622566867) request_id=1300847 zil_blk_id=63996 ccf_commit_seqno=1300848 nstreams_done_=16000 config.nstreams=20000 avg_latency=1.1518 ms avg throuhgput (requests/sec) = 81.8322 res=false
*==== INFO ====* req_id_count= 16500 stream_id=65996 latency=1.272449 ms (tx_ts=158995782712595, rx_ts=158995783985044) request_id=1342063 zil_blk_id=65996 ccf_commit_seqno=1342067 nstreams_done_=16500 config.nstreams=20000 avg_latency=1.1526 ms avg throuhgput (requests/sec) = 81.8114 res=false
*==== INFO ====* req_id_count= 17000 stream_id=67996 latency=0.909481 ms (tx_ts=159001902639917, rx_ts=159001903549398) request_id=1383043 zil_blk_id=67996 ccf_commit_seqno=1383043 nstreams_done_=17000 config.nstreams=20000 avg_latency=1.1539 ms avg throuhgput (requests/sec) = 81.8083 res=false
*==== INFO ====* req_id_count= 17500 stream_id=69996 latency=1.503551 ms (tx_ts=159008049037611, rx_ts=159008050541162) request_id=1424247 zil_blk_id=69996 ccf_commit_seqno=1424251 nstreams_done_=17500 config.nstreams=20000 avg_latency=1.1545 ms avg throuhgput (requests/sec) = 81.7948 res=false
*==== INFO ====* req_id_count= 18000 stream_id=71996 latency=0.813731 ms (tx_ts=159014139395938, rx_ts=159014140209669) request_id=1465142 zil_blk_id=71996 ccf_commit_seqno=1465142 nstreams_done_=18000 config.nstreams=20000 avg_latency=1.1541 ms avg throuhgput (requests/sec) = 81.8035 res=false
*==== INFO ====* req_id_count= 18500 stream_id=73996 latency=0.963020 ms (tx_ts=159020278036727, rx_ts=159020278999747) request_id=1506266 zil_blk_id=73996 ccf_commit_seqno=1506269 nstreams_done_=18500 config.nstreams=20000 avg_latency=1.1540 ms avg throuhgput (requests/sec) = 81.7938 res=false
*==== INFO ====* req_id_count= 19000 stream_id=75996 latency=0.863976 ms (tx_ts=159026408983359, rx_ts=159026409847335) request_id=1547279 zil_blk_id=75996 ccf_commit_seqno=1547279 nstreams_done_=19000 config.nstreams=20000 avg_latency=1.1535 ms avg throuhgput (requests/sec) = 81.7875 res=false
*==== INFO ====* req_id_count= 19500 stream_id=77996 latency=0.978700 ms (tx_ts=159032506050527, rx_ts=159032507029227) request_id=1579765 zil_blk_id=77996 ccf_commit_seqno=1579765 nstreams_done_=19500 config.nstreams=20000 avg_latency=1.1531 ms avg throuhgput (requests/sec) = 81.7931 res=false
*==== INFO ====* http_end_stream ALL streams done! nstreams_done_=20000 avg_latency=1.1513 msreq_id_count= 20000
*==== INFO ====* req_id_count= 20000 stream_id=79996 latency=0.917165 ms (tx_ts=159038528534909, rx_ts=159038529452074) request_id=1594553 zil_blk_id=79996 ccf_commit_seqno=1594553 nstreams_done_=20000 config.nstreams=20000 avg_latency=1.1513 ms avg throuhgput (requests/sec) = 81.8234 res=true
