Uniform: 717408 845743 540426 726450 233804 
Exponential: -2147483648 -2147483648 -2147483648 -2147483648 -2147483648 
Truncated Normal: 342735 525815 236805 608363 250083 
*==== INFO ====* req_id_count= 500 stream_id=1996 latency=0.715689 ms (tx_ts=156573750161955, rx_ts=156573750877644) request_id=31054 zil_blk_id=1996 ccf_commit_seqno=31054 nstreams_done_=500 config.nstreams=20000 avg_latency=0.8008 ms avg throuhgput (requests/sec) = 85.2853 res=false
*==== INFO ====* req_id_count= 1000 stream_id=3996 latency=0.627638 ms (tx_ts=156579604572496, rx_ts=156579605200134) request_id=62670 zil_blk_id=3996 ccf_commit_seqno=62670 nstreams_done_=1000 config.nstreams=20000 avg_latency=0.7970 ms avg throuhgput (requests/sec) = 85.3461 res=false
*==== INFO ====* req_id_count= 1500 stream_id=5996 latency=0.884790 ms (tx_ts=156585440533615, rx_ts=156585441418405) request_id=94306 zil_blk_id=5996 ccf_commit_seqno=94309 nstreams_done_=1500 config.nstreams=20000 avg_latency=0.7923 ms avg throuhgput (requests/sec) = 85.4544 res=false
*==== INFO ====* req_id_count= 2000 stream_id=7996 latency=0.645558 ms (tx_ts=156591275504121, rx_ts=156591276149679) request_id=125994 zil_blk_id=7996 ccf_commit_seqno=125994 nstreams_done_=2000 config.nstreams=20000 avg_latency=0.7936 ms avg throuhgput (requests/sec) = 85.5141 res=false
*==== INFO ====* req_id_count= 2500 stream_id=9996 latency=0.677848 ms (tx_ts=156597122793193, rx_ts=156597123471041) request_id=157753 zil_blk_id=9996 ccf_commit_seqno=157753 nstreams_done_=2500 config.nstreams=20000 avg_latency=0.7934 ms avg throuhgput (requests/sec) = 85.5132 res=false
*==== INFO ====* req_id_count= 3000 stream_id=11996 latency=0.786341 ms (tx_ts=156602938545574, rx_ts=156602939331915) request_id=189299 zil_blk_id=11996 ccf_commit_seqno=189301 nstreams_done_=3000 config.nstreams=20000 avg_latency=0.7955 ms avg throuhgput (requests/sec) = 85.5893 res=false
*==== INFO ====* req_id_count= 3500 stream_id=13996 latency=0.734806 ms (tx_ts=156608734213965, rx_ts=156608734948771) request_id=220847 zil_blk_id=13996 ccf_commit_seqno=220849 nstreams_done_=3500 config.nstreams=20000 avg_latency=0.7949 ms avg throuhgput (requests/sec) = 85.6861 res=false
*==== INFO ====* req_id_count= 4000 stream_id=15996 latency=0.535926 ms (tx_ts=156614522723531, rx_ts=156614523259457) request_id=252365 zil_blk_id=15996 ccf_commit_seqno=252365 nstreams_done_=4000 config.nstreams=20000 avg_latency=0.7939 ms avg throuhgput (requests/sec) = 85.7724 res=false
*==== INFO ====* req_id_count= 4500 stream_id=17996 latency=0.586187 ms (tx_ts=156620337402853, rx_ts=156620337989040) request_id=284008 zil_blk_id=17996 ccf_commit_seqno=284009 nstreams_done_=4500 config.nstreams=20000 avg_latency=0.7986 ms avg throuhgput (requests/sec) = 85.7963 res=false
*==== INFO ====* req_id_count= 5000 stream_id=19996 latency=0.899813 ms (tx_ts=156626121496131, rx_ts=156626122395944) request_id=315451 zil_blk_id=19996 ccf_commit_seqno=315452 nstreams_done_=5000 config.nstreams=20000 avg_latency=0.7957 ms avg throuhgput (requests/sec) = 85.8602 res=false
*==== INFO ====* req_id_count= 5500 stream_id=21996 latency=0.748800 ms (tx_ts=156631931271430, rx_ts=156631932020230) request_id=347072 zil_blk_id=21996 ccf_commit_seqno=347072 nstreams_done_=5500 config.nstreams=20000 avg_latency=0.7944 ms avg throuhgput (requests/sec) = 85.8787 res=false
*==== INFO ====* req_id_count= 6000 stream_id=23996 latency=0.717198 ms (tx_ts=156637719231186, rx_ts=156637719948384) request_id=378665 zil_blk_id=23996 ccf_commit_seqno=378668 nstreams_done_=6000 config.nstreams=20000 avg_latency=0.7937 ms avg throuhgput (requests/sec) = 85.9208 res=false
*==== INFO ====* req_id_count= 6500 stream_id=25996 latency=0.553155 ms (tx_ts=156643493019313, rx_ts=156643493572468) request_id=410238 zil_blk_id=25996 ccf_commit_seqno=410238 nstreams_done_=6500 config.nstreams=20000 avg_latency=0.7912 ms avg throuhgput (requests/sec) = 85.9727 res=false
*==== INFO ====* req_id_count= 7000 stream_id=27996 latency=0.529821 ms (tx_ts=156649271502510, rx_ts=156649272032331) request_id=441833 zil_blk_id=27996 ccf_commit_seqno=441833 nstreams_done_=7000 config.nstreams=20000 avg_latency=0.7895 ms avg throuhgput (requests/sec) = 86.0122 res=false
*==== INFO ====* req_id_count= 7500 stream_id=29996 latency=0.906914 ms (tx_ts=156655058811877, rx_ts=156655059718791) request_id=473475 zil_blk_id=29996 ccf_commit_seqno=473477 nstreams_done_=7500 config.nstreams=20000 avg_latency=0.7892 ms avg throuhgput (requests/sec) = 86.0373 res=false
*==== INFO ====* req_id_count= 8000 stream_id=31996 latency=0.680754 ms (tx_ts=156660848037606, rx_ts=156660848718360) request_id=505094 zil_blk_id=31996 ccf_commit_seqno=505095 nstreams_done_=8000 config.nstreams=20000 avg_latency=0.7878 ms avg throuhgput (requests/sec) = 86.0580 res=false
*==== INFO ====* req_id_count= 8500 stream_id=33996 latency=0.651609 ms (tx_ts=156666654323709, rx_ts=156666654975318) request_id=536776 zil_blk_id=33996 ccf_commit_seqno=536776 nstreams_done_=8500 config.nstreams=20000 avg_latency=0.7878 ms avg throuhgput (requests/sec) = 86.0613 res=false
*==== INFO ====* req_id_count= 9000 stream_id=35996 latency=0.671576 ms (tx_ts=156672435225479, rx_ts=156672435897055) request_id=568431 zil_blk_id=35996 ccf_commit_seqno=568431 nstreams_done_=9000 config.nstreams=20000 avg_latency=0.7861 ms avg throuhgput (requests/sec) = 86.0851 res=false
*==== INFO ====* req_id_count= 9500 stream_id=37996 latency=0.815696 ms (tx_ts=156678249035508, rx_ts=156678249851204) request_id=600244 zil_blk_id=37996 ccf_commit_seqno=600246 nstreams_done_=9500 config.nstreams=20000 avg_latency=0.7860 ms avg throuhgput (requests/sec) = 86.0806 res=false
*==== INFO ====* req_id_count= 10000 stream_id=39996 latency=0.549047 ms (tx_ts=156684079162475, rx_ts=156684079711522) request_id=631888 zil_blk_id=39996 ccf_commit_seqno=631888 nstreams_done_=10000 config.nstreams=20000 avg_latency=0.7891 ms avg throuhgput (requests/sec) = 86.0648 res=false
*==== INFO ====* req_id_count= 10500 stream_id=41996 latency=0.740542 ms (tx_ts=156689837820833, rx_ts=156689838561375) request_id=663455 zil_blk_id=41996 ccf_commit_seqno=663456 nstreams_done_=10500 config.nstreams=20000 avg_latency=0.7892 ms avg throuhgput (requests/sec) = 86.1006 res=false
*==== INFO ====* req_id_count= 11000 stream_id=43996 latency=0.755774 ms (tx_ts=156695598267673, rx_ts=156695599023447) request_id=695061 zil_blk_id=43996 ccf_commit_seqno=695061 nstreams_done_=11000 config.nstreams=20000 avg_latency=0.7900 ms avg throuhgput (requests/sec) = 86.1321 res=false
*==== INFO ====* req_id_count= 11500 stream_id=45996 latency=1.444746 ms (tx_ts=156701343952468, rx_ts=156701345397214) request_id=726548 zil_blk_id=45996 ccf_commit_seqno=726555 nstreams_done_=11500 config.nstreams=20000 avg_latency=0.7891 ms avg throuhgput (requests/sec) = 86.1700 res=false
*==== INFO ====* req_id_count= 12000 stream_id=47996 latency=0.911434 ms (tx_ts=156707090636816, rx_ts=156707091548250) request_id=758045 zil_blk_id=47996 ccf_commit_seqno=758049 nstreams_done_=12000 config.nstreams=20000 avg_latency=0.7893 ms avg throuhgput (requests/sec) = 86.2048 res=false
*==== INFO ====* req_id_count= 12500 stream_id=49996 latency=0.650947 ms (tx_ts=156712844329017, rx_ts=156712844979964) request_id=789645 zil_blk_id=49996 ccf_commit_seqno=789645 nstreams_done_=12500 config.nstreams=20000 avg_latency=0.7887 ms avg throuhgput (requests/sec) = 86.2326 res=false
*==== INFO ====* req_id_count= 13000 stream_id=51996 latency=0.647240 ms (tx_ts=156718586268791, rx_ts=156718586916031) request_id=821162 zil_blk_id=51996 ccf_commit_seqno=821163 nstreams_done_=13000 config.nstreams=20000 avg_latency=0.7883 ms avg throuhgput (requests/sec) = 86.2648 res=false
*==== INFO ====* req_id_count= 13500 stream_id=53996 latency=0.758488 ms (tx_ts=156724330262913, rx_ts=156724331021401) request_id=852666 zil_blk_id=53996 ccf_commit_seqno=852669 nstreams_done_=13500 config.nstreams=20000 avg_latency=0.7880 ms avg throuhgput (requests/sec) = 86.2935 res=false
*==== INFO ====* req_id_count= 14000 stream_id=55996 latency=0.874365 ms (tx_ts=156730071614770, rx_ts=156730072489135) request_id=884181 zil_blk_id=55996 ccf_commit_seqno=884187 nstreams_done_=14000 config.nstreams=20000 avg_latency=0.7875 ms avg throuhgput (requests/sec) = 86.3216 res=false
*==== INFO ====* req_id_count= 14500 stream_id=57996 latency=1.054754 ms (tx_ts=156735817414787, rx_ts=156735818469541) request_id=915727 zil_blk_id=57996 ccf_commit_seqno=915730 nstreams_done_=14500 config.nstreams=20000 avg_latency=0.7872 ms avg throuhgput (requests/sec) = 86.3454 res=false
*==== INFO ====* req_id_count= 15000 stream_id=59996 latency=0.663945 ms (tx_ts=156741565013881, rx_ts=156741565677826) request_id=947304 zil_blk_id=59996 ccf_commit_seqno=947304 nstreams_done_=15000 config.nstreams=20000 avg_latency=0.7869 ms avg throuhgput (requests/sec) = 86.3670 res=false
*==== INFO ====* req_id_count= 15500 stream_id=61996 latency=0.569525 ms (tx_ts=156747329319141, rx_ts=156747329888666) request_id=978931 zil_blk_id=61996 ccf_commit_seqno=978931 nstreams_done_=15500 config.nstreams=20000 avg_latency=0.7875 ms avg throuhgput (requests/sec) = 86.3790 res=false
*==== INFO ====* req_id_count= 16000 stream_id=63996 latency=0.656905 ms (tx_ts=156753070651099, rx_ts=156753071308004) request_id=1010445 zil_blk_id=63996 ccf_commit_seqno=1010446 nstreams_done_=16000 config.nstreams=20000 avg_latency=0.7867 ms avg throuhgput (requests/sec) = 86.4010 res=false
*==== INFO ====* req_id_count= 16500 stream_id=65996 latency=0.766233 ms (tx_ts=156758811780032, rx_ts=156758812546265) request_id=1041976 zil_blk_id=65996 ccf_commit_seqno=1041978 nstreams_done_=16500 config.nstreams=20000 avg_latency=0.7869 ms avg throuhgput (requests/sec) = 86.4217 res=false
*==== INFO ====* req_id_count= 17000 stream_id=67996 latency=0.805226 ms (tx_ts=156764586703954, rx_ts=156764587509180) request_id=1073510 zil_blk_id=67996 ccf_commit_seqno=1073511 nstreams_done_=17000 config.nstreams=20000 avg_latency=0.7887 ms avg throuhgput (requests/sec) = 86.4263 res=false
*==== INFO ====* req_id_count= 17500 stream_id=69996 latency=0.742818 ms (tx_ts=156770356192235, rx_ts=156770356935053) request_id=1105204 zil_blk_id=69996 ccf_commit_seqno=1105206 nstreams_done_=17500 config.nstreams=20000 avg_latency=0.7893 ms avg throuhgput (requests/sec) = 86.4331 res=false
*==== INFO ====* req_id_count= 18000 stream_id=71996 latency=0.738411 ms (tx_ts=156776082536564, rx_ts=156776083274975) request_id=1136715 zil_blk_id=71996 ccf_commit_seqno=1136716 nstreams_done_=18000 config.nstreams=20000 avg_latency=0.7887 ms avg throuhgput (requests/sec) = 86.4574 res=false
*==== INFO ====* req_id_count= 18500 stream_id=73996 latency=0.839390 ms (tx_ts=156781828159690, rx_ts=156781828999080) request_id=1168251 zil_blk_id=73996 ccf_commit_seqno=1168253 nstreams_done_=18500 config.nstreams=20000 avg_latency=0.7885 ms avg throuhgput (requests/sec) = 86.4725 res=false
*==== INFO ====* req_id_count= 19000 stream_id=75996 latency=0.747214 ms (tx_ts=156787576210045, rx_ts=156787576957259) request_id=1199827 zil_blk_id=75996 ccf_commit_seqno=1199829 nstreams_done_=19000 config.nstreams=20000 avg_latency=0.7877 ms avg throuhgput (requests/sec) = 86.4860 res=false
*==== INFO ====* req_id_count= 19500 stream_id=77996 latency=1.905725 ms (tx_ts=156793327333188, rx_ts=156793329238913) request_id=1231432 zil_blk_id=77996 ccf_commit_seqno=1231432 nstreams_done_=19500 config.nstreams=20000 avg_latency=0.7878 ms avg throuhgput (requests/sec) = 86.4971 res=false
*==== INFO ====* http_end_stream ALL streams done! nstreams_done_=20000 avg_latency=0.7878 msreq_id_count= 20000
*==== INFO ====* req_id_count= 20000 stream_id=79996 latency=0.635709 ms (tx_ts=156799078145687, rx_ts=156799078781396) request_id=1260663 zil_blk_id=79996 ccf_commit_seqno=1260663 nstreams_done_=20000 config.nstreams=20000 avg_latency=0.7878 ms avg throuhgput (requests/sec) = 86.5087 res=true
