Uniform: 584331 148967 948610 458895 653308 
Exponential: -2147483648 -2147483648 -2147483648 -2147483648 -2147483648 
Truncated Normal: 461712 241808 664139 29661 819752 
*==== INFO ====* req_id_count= 500 stream_id=1996 latency=0.631121 ms (tx_ts=156573784638694, rx_ts=156573785269815) request_id=31223 zil_blk_id=1996 ccf_commit_seqno=31223 nstreams_done_=500 config.nstreams=20000 avg_latency=0.8197 ms avg throuhgput (requests/sec) = 84.7705 res=false
*==== INFO ====* req_id_count= 1000 stream_id=3996 latency=0.803834 ms (tx_ts=156579662744263, rx_ts=156579663548097) request_id=62984 zil_blk_id=3996 ccf_commit_seqno=62985 nstreams_done_=1000 config.nstreams=20000 avg_latency=0.8213 ms avg throuhgput (requests/sec) = 84.9145 res=false
*==== INFO ====* req_id_count= 1500 stream_id=5996 latency=0.649826 ms (tx_ts=156585517520241, rx_ts=156585518170067) request_id=94719 zil_blk_id=5996 ccf_commit_seqno=94719 nstreams_done_=1500 config.nstreams=20000 avg_latency=0.8075 ms avg throuhgput (requests/sec) = 85.0766 res=false
*==== INFO ====* req_id_count= 2000 stream_id=7996 latency=0.739043 ms (tx_ts=156591380391518, rx_ts=156591381130561) request_id=126558 zil_blk_id=7996 ccf_commit_seqno=126559 nstreams_done_=2000 config.nstreams=20000 avg_latency=0.8031 ms avg throuhgput (requests/sec) = 85.1276 res=false
*==== INFO ====* req_id_count= 2500 stream_id=9996 latency=0.950156 ms (tx_ts=156597276171222, rx_ts=156597277121378) request_id=158578 zil_blk_id=9996 ccf_commit_seqno=158580 nstreams_done_=2500 config.nstreams=20000 avg_latency=0.8083 ms avg throuhgput (requests/sec) = 85.0626 res=false
*==== INFO ====* req_id_count= 3000 stream_id=11996 latency=0.913989 ms (tx_ts=156603146909310, rx_ts=156603147823299) request_id=190424 zil_blk_id=11996 ccf_commit_seqno=190424 nstreams_done_=3000 config.nstreams=20000 avg_latency=0.8093 ms avg throuhgput (requests/sec) = 85.0802 res=false
*==== INFO ====* req_id_count= 3500 stream_id=13996 latency=0.654094 ms (tx_ts=156608998299616, rx_ts=156608998953710) request_id=222273 zil_blk_id=13996 ccf_commit_seqno=222274 nstreams_done_=3500 config.nstreams=20000 avg_latency=0.8028 ms avg throuhgput (requests/sec) = 85.1334 res=false
*==== INFO ====* req_id_count= 4000 stream_id=15996 latency=1.111349 ms (tx_ts=156614846249187, rx_ts=156614847360536) request_id=254112 zil_blk_id=15996 ccf_commit_seqno=254114 nstreams_done_=4000 config.nstreams=20000 avg_latency=0.8021 ms avg throuhgput (requests/sec) = 85.1782 res=false
*==== INFO ====* req_id_count= 4500 stream_id=17996 latency=0.741988 ms (tx_ts=156620701559385, rx_ts=156620702301373) request_id=285987 zil_blk_id=17996 ccf_commit_seqno=285987 nstreams_done_=4500 config.nstreams=20000 avg_latency=0.8032 ms avg throuhgput (requests/sec) = 85.2026 res=false
*==== INFO ====* req_id_count= 5000 stream_id=19996 latency=4.054876 ms (tx_ts=156626574840675, rx_ts=156626578895551) request_id=317932 zil_blk_id=19996 ccf_commit_seqno=317932 nstreams_done_=5000 config.nstreams=20000 avg_latency=0.8047 ms avg throuhgput (requests/sec) = 85.1906 res=false
*==== INFO ====* req_id_count= 5500 stream_id=21996 latency=0.561180 ms (tx_ts=156632417775766, rx_ts=156632418336946) request_id=349720 zil_blk_id=21996 ccf_commit_seqno=349720 nstreams_done_=5500 config.nstreams=20000 avg_latency=0.8048 ms avg throuhgput (requests/sec) = 85.2299 res=false
*==== INFO ====* req_id_count= 6000 stream_id=23996 latency=0.618517 ms (tx_ts=156638203274510, rx_ts=156638203893027) request_id=381307 zil_blk_id=23996 ccf_commit_seqno=381308 nstreams_done_=6000 config.nstreams=20000 avg_latency=0.8016 ms avg throuhgput (requests/sec) = 85.3280 res=false
*==== INFO ====* req_id_count= 6500 stream_id=25996 latency=0.942143 ms (tx_ts=156644035771030, rx_ts=156644036713173) request_id=413203 zil_blk_id=25996 ccf_commit_seqno=413205 nstreams_done_=6500 config.nstreams=20000 avg_latency=0.8014 ms avg throuhgput (requests/sec) = 85.3582 res=false
*==== INFO ====* req_id_count= 7000 stream_id=27996 latency=0.899522 ms (tx_ts=156649854994214, rx_ts=156649855893736) request_id=445031 zil_blk_id=27996 ccf_commit_seqno=445032 nstreams_done_=7000 config.nstreams=20000 avg_latency=0.8008 ms avg throuhgput (requests/sec) = 85.3982 res=false
*==== INFO ====* req_id_count= 7500 stream_id=29996 latency=0.861810 ms (tx_ts=156655673850619, rx_ts=156655674712429) request_id=476842 zil_blk_id=29996 ccf_commit_seqno=476842 nstreams_done_=7500 config.nstreams=20000 avg_latency=0.8002 ms avg throuhgput (requests/sec) = 85.4334 res=false
*==== INFO ====* req_id_count= 8000 stream_id=31996 latency=0.927675 ms (tx_ts=156661527447232, rx_ts=156661528374907) request_id=508802 zil_blk_id=31996 ccf_commit_seqno=508802 nstreams_done_=8000 config.nstreams=20000 avg_latency=0.8008 ms avg throuhgput (requests/sec) = 85.4323 res=false
*==== INFO ====* req_id_count= 8500 stream_id=33996 latency=0.676826 ms (tx_ts=156667335362823, rx_ts=156667336039649) request_id=540506 zil_blk_id=33996 ccf_commit_seqno=540506 nstreams_done_=8500 config.nstreams=20000 avg_latency=0.8018 ms avg throuhgput (requests/sec) = 85.4709 res=false
*==== INFO ====* req_id_count= 9000 stream_id=35996 latency=0.725427 ms (tx_ts=156673145845725, rx_ts=156673146571152) request_id=572309 zil_blk_id=35996 ccf_commit_seqno=572309 nstreams_done_=9000 config.nstreams=20000 avg_latency=0.8005 ms avg throuhgput (requests/sec) = 85.5029 res=false
*==== INFO ====* req_id_count= 9500 stream_id=37996 latency=0.922154 ms (tx_ts=156678971407560, rx_ts=156678972329714) request_id=604197 zil_blk_id=37996 ccf_commit_seqno=604198 nstreams_done_=9500 config.nstreams=20000 avg_latency=0.7988 ms avg throuhgput (requests/sec) = 85.5198 res=false
*==== INFO ====* req_id_count= 10000 stream_id=39996 latency=1.065262 ms (tx_ts=156684833302045, rx_ts=156684834367307) request_id=636006 zil_blk_id=39996 ccf_commit_seqno=636008 nstreams_done_=10000 config.nstreams=20000 avg_latency=0.8017 ms avg throuhgput (requests/sec) = 85.5085 res=false
*==== INFO ====* req_id_count= 10500 stream_id=41996 latency=0.813782 ms (tx_ts=156690612936126, rx_ts=156690613749908) request_id=667703 zil_blk_id=41996 ccf_commit_seqno=667703 nstreams_done_=10500 config.nstreams=20000 avg_latency=0.8019 ms avg throuhgput (requests/sec) = 85.5559 res=false
*==== INFO ====* req_id_count= 11000 stream_id=43996 latency=0.570107 ms (tx_ts=156696380273453, rx_ts=156696380843560) request_id=699352 zil_blk_id=43996 ccf_commit_seqno=699352 nstreams_done_=11000 config.nstreams=20000 avg_latency=0.8023 ms avg throuhgput (requests/sec) = 85.6072 res=false
*==== INFO ====* req_id_count= 11500 stream_id=45996 latency=0.845011 ms (tx_ts=156702150108231, rx_ts=156702150953242) request_id=730969 zil_blk_id=45996 ccf_commit_seqno=730969 nstreams_done_=11500 config.nstreams=20000 avg_latency=0.8030 ms avg throuhgput (requests/sec) = 85.6522 res=false
*==== INFO ====* req_id_count= 12000 stream_id=47996 latency=0.921954 ms (tx_ts=156707922136032, rx_ts=156707923057986) request_id=762617 zil_blk_id=47996 ccf_commit_seqno=762620 nstreams_done_=12000 config.nstreams=20000 avg_latency=0.8030 ms avg throuhgput (requests/sec) = 85.6922 res=false
*==== INFO ====* req_id_count= 12500 stream_id=49996 latency=0.716770 ms (tx_ts=156713691228084, rx_ts=156713691944854) request_id=794288 zil_blk_id=49996 ccf_commit_seqno=794288 nstreams_done_=12500 config.nstreams=20000 avg_latency=0.8029 ms avg throuhgput (requests/sec) = 85.7310 res=false
*==== INFO ====* req_id_count= 13000 stream_id=51996 latency=0.717532 ms (tx_ts=156719472776413, rx_ts=156719473493945) request_id=826008 zil_blk_id=51996 ccf_commit_seqno=826009 nstreams_done_=13000 config.nstreams=20000 avg_latency=0.8029 ms avg throuhgput (requests/sec) = 85.7596 res=false
*==== INFO ====* req_id_count= 13500 stream_id=53996 latency=0.858656 ms (tx_ts=156725234978530, rx_ts=156725235837186) request_id=857624 zil_blk_id=53996 ccf_commit_seqno=857626 nstreams_done_=13500 config.nstreams=20000 avg_latency=0.8024 ms avg throuhgput (requests/sec) = 85.7966 res=false
*==== INFO ====* req_id_count= 14000 stream_id=55996 latency=0.655720 ms (tx_ts=156730991754096, rx_ts=156730992409816) request_id=889238 zil_blk_id=55996 ccf_commit_seqno=889238 nstreams_done_=14000 config.nstreams=20000 avg_latency=0.8017 ms avg throuhgput (requests/sec) = 85.8341 res=false
*==== INFO ====* req_id_count= 14500 stream_id=57996 latency=0.894324 ms (tx_ts=156736768790099, rx_ts=156736769684423) request_id=920948 zil_blk_id=57996 ccf_commit_seqno=920950 nstreams_done_=14500 config.nstreams=20000 avg_latency=0.8027 ms avg throuhgput (requests/sec) = 85.8584 res=false
*==== INFO ====* req_id_count= 15000 stream_id=59996 latency=0.586678 ms (tx_ts=156742526802962, rx_ts=156742527389640) request_id=952573 zil_blk_id=59996 ccf_commit_seqno=952573 nstreams_done_=15000 config.nstreams=20000 avg_latency=0.8026 ms avg throuhgput (requests/sec) = 85.8908 res=false
*==== INFO ====* req_id_count= 15500 stream_id=61996 latency=0.963381 ms (tx_ts=156748285900056, rx_ts=156748286863437) request_id=984181 zil_blk_id=61996 ccf_commit_seqno=984182 nstreams_done_=15500 config.nstreams=20000 avg_latency=0.8020 ms avg throuhgput (requests/sec) = 85.9202 res=false
*==== INFO ====* req_id_count= 16000 stream_id=63996 latency=0.785709 ms (tx_ts=156754038837694, rx_ts=156754039623403) request_id=1015765 zil_blk_id=63996 ccf_commit_seqno=1015765 nstreams_done_=16000 config.nstreams=20000 avg_latency=0.8010 ms avg throuhgput (requests/sec) = 85.9510 res=false
*==== INFO ====* req_id_count= 16500 stream_id=65996 latency=0.663992 ms (tx_ts=156759791760687, rx_ts=156759792424679) request_id=1047350 zil_blk_id=65996 ccf_commit_seqno=1047350 nstreams_done_=16500 config.nstreams=20000 avg_latency=0.8008 ms avg throuhgput (requests/sec) = 85.9798 res=false
*==== INFO ====* req_id_count= 17000 stream_id=67996 latency=0.746084 ms (tx_ts=156765603110281, rx_ts=156765603856365) request_id=1079099 zil_blk_id=67996 ccf_commit_seqno=1079102 nstreams_done_=17000 config.nstreams=20000 avg_latency=0.8029 ms avg throuhgput (requests/sec) = 85.9815 res=false
*==== INFO ====* req_id_count= 17500 stream_id=69996 latency=0.621552 ms (tx_ts=156771379066106, rx_ts=156771379687658) request_id=1110832 zil_blk_id=69996 ccf_commit_seqno=1110832 nstreams_done_=17500 config.nstreams=20000 avg_latency=0.8030 ms avg throuhgput (requests/sec) = 85.9982 res=false
*==== INFO ====* req_id_count= 18000 stream_id=71996 latency=0.719055 ms (tx_ts=156777137697041, rx_ts=156777138416096) request_id=1142515 zil_blk_id=71996 ccf_commit_seqno=1142517 nstreams_done_=18000 config.nstreams=20000 avg_latency=0.8025 ms avg throuhgput (requests/sec) = 86.0209 res=false
*==== INFO ====* req_id_count= 18500 stream_id=73996 latency=0.782994 ms (tx_ts=156782918650064, rx_ts=156782919433058) request_id=1174239 zil_blk_id=73996 ccf_commit_seqno=1174242 nstreams_done_=18500 config.nstreams=20000 avg_latency=0.8032 ms avg throuhgput (requests/sec) = 86.0335 res=false
*==== INFO ====* req_id_count= 19000 stream_id=75996 latency=0.783064 ms (tx_ts=156788677210743, rx_ts=156788677993807) request_id=1205869 zil_blk_id=75996 ccf_commit_seqno=1205871 nstreams_done_=19000 config.nstreams=20000 avg_latency=0.8027 ms avg throuhgput (requests/sec) = 86.0542 res=false
*==== INFO ====* req_id_count= 19500 stream_id=77996 latency=0.675931 ms (tx_ts=156794434967470, rx_ts=156794435643401) request_id=1237504 zil_blk_id=77996 ccf_commit_seqno=1237505 nstreams_done_=19500 config.nstreams=20000 avg_latency=0.8021 ms avg throuhgput (requests/sec) = 86.0742 res=false
*==== INFO ====* http_end_stream ALL streams done! nstreams_done_=20000 avg_latency=0.8018 msreq_id_count= 20000
*==== INFO ====* req_id_count= 20000 stream_id=79996 latency=0.687887 ms (tx_ts=156800182751983, rx_ts=156800183439870) request_id=1264846 zil_blk_id=79996 ccf_commit_seqno=1264847 nstreams_done_=20000 config.nstreams=20000 avg_latency=0.8018 ms avg throuhgput (requests/sec) = 86.0969 res=true
