Uniform: 462989 398728 57972 315863 87788 
Exponential: -2147483648 -2147483648 -2147483648 -2147483648 -2147483648 
Truncated Normal: 409901 309178 762003 732840 253495 
*==== INFO ====* req_id_count= 500 stream_id=1996 latency=0.616473 ms (tx_ts=156573727104461, rx_ts=156573727720934) request_id=30927 zil_blk_id=805 ccf_commit_seqno=30929 nstreams_done_=500 config.nstreams=20000 avg_latency=0.7932 ms avg throuhgput (requests/sec) = 85.5527 res=false
*==== INFO ====* req_id_count= 1000 stream_id=3996 latency=0.600413 ms (tx_ts=156579585442063, rx_ts=156579586042476) request_id=62562 zil_blk_id=6267 ccf_commit_seqno=62562 nstreams_done_=1000 config.nstreams=20000 avg_latency=0.7675 ms avg throuhgput (requests/sec) = 85.4506 res=false
*==== INFO ====* req_id_count= 1500 stream_id=5996 latency=0.800578 ms (tx_ts=156585323024971, rx_ts=156585323825549) request_id=93671 zil_blk_id=11645 ccf_commit_seqno=93672 nstreams_done_=1500 config.nstreams=20000 avg_latency=0.7585 ms avg throuhgput (requests/sec) = 86.0069 res=false
*==== INFO ====* req_id_count= 2000 stream_id=7996 latency=0.602747 ms (tx_ts=156591045260843, rx_ts=156591045863590) request_id=124749 zil_blk_id=17009 ccf_commit_seqno=124749 nstreams_done_=2000 config.nstreams=20000 avg_latency=0.7483 ms avg throuhgput (requests/sec) = 86.3465 res=false
*==== INFO ====* req_id_count= 2500 stream_id=9996 latency=1.002086 ms (tx_ts=156596777255748, rx_ts=156596778257834) request_id=155884 zil_blk_id=22384 ccf_commit_seqno=155887 nstreams_done_=2500 config.nstreams=20000 avg_latency=0.7426 ms avg throuhgput (requests/sec) = 86.5205 res=false
*==== INFO ====* req_id_count= 3000 stream_id=11996 latency=0.895265 ms (tx_ts=156602500487294, rx_ts=156602501382559) request_id=186936 zil_blk_id=27750 ccf_commit_seqno=186938 nstreams_done_=3000 config.nstreams=20000 avg_latency=0.7405 ms avg throuhgput (requests/sec) = 86.6601 res=false
*==== INFO ====* req_id_count= 3500 stream_id=13996 latency=0.665234 ms (tx_ts=156608108500378, rx_ts=156608109165612) request_id=217449 zil_blk_id=33006 ccf_commit_seqno=217451 nstreams_done_=3500 config.nstreams=20000 avg_latency=0.7364 ms avg throuhgput (requests/sec) = 87.0089 res=false
*==== INFO ====* req_id_count= 4000 stream_id=15996 latency=0.923397 ms (tx_ts=156613867149743, rx_ts=156613868073140) request_id=248795 zil_blk_id=38402 ccf_commit_seqno=248798 nstreams_done_=4000 config.nstreams=20000 avg_latency=0.7385 ms avg throuhgput (requests/sec) = 86.9855 res=false
*==== INFO ====* req_id_count= 4500 stream_id=17996 latency=1.056147 ms (tx_ts=156619634457717, rx_ts=156619635513864) request_id=280174 zil_blk_id=43809 ccf_commit_seqno=280183 nstreams_done_=4500 config.nstreams=20000 avg_latency=0.7399 ms avg throuhgput (requests/sec) = 86.9529 res=false
*==== INFO ====* req_id_count= 5000 stream_id=19996 latency=0.745846 ms (tx_ts=156625381186781, rx_ts=156625381932627) request_id=311431 zil_blk_id=49200 ccf_commit_seqno=311431 nstreams_done_=5000 config.nstreams=20000 avg_latency=0.7405 ms avg throuhgput (requests/sec) = 86.9587 res=false
*==== INFO ====* req_id_count= 5500 stream_id=21996 latency=0.769870 ms (tx_ts=156631125950984, rx_ts=156631126720854) request_id=342682 zil_blk_id=54592 ccf_commit_seqno=342682 nstreams_done_=5500 config.nstreams=20000 avg_latency=0.7430 ms avg throuhgput (requests/sec) = 86.9657 res=false
*==== INFO ====* req_id_count= 6000 stream_id=23996 latency=0.651104 ms (tx_ts=156636838653775, rx_ts=156636839304879) request_id=373858 zil_blk_id=59958 ccf_commit_seqno=373858 nstreams_done_=6000 config.nstreams=20000 avg_latency=0.7397 ms avg throuhgput (requests/sec) = 87.0121 res=false
*==== INFO ====* req_id_count= 6500 stream_id=25996 latency=0.617555 ms (tx_ts=156642530945047, rx_ts=156642531562602) request_id=404997 zil_blk_id=65283 ccf_commit_seqno=404998 nstreams_done_=6500 config.nstreams=20000 avg_latency=0.7375 ms avg throuhgput (requests/sec) = 87.0751 res=false
*==== INFO ====* req_id_count= 7000 stream_id=27996 latency=0.723312 ms (tx_ts=156648246040220, rx_ts=156648246763532) request_id=436222 zil_blk_id=70637 ccf_commit_seqno=436223 nstreams_done_=7000 config.nstreams=20000 avg_latency=0.7346 ms avg throuhgput (requests/sec) = 87.1043 res=false
*==== INFO ====* req_id_count= 7500 stream_id=29996 latency=0.763987 ms (tx_ts=156653934089134, rx_ts=156653934853121) request_id=467328 zil_blk_id=75970 ccf_commit_seqno=467328 nstreams_done_=7500 config.nstreams=20000 avg_latency=0.7341 ms avg throuhgput (requests/sec) = 87.1571 res=false
*==== INFO ====* req_id_count= 8000 stream_id=31996 latency=0.616904 ms (tx_ts=156659674621597, rx_ts=156659675238501) request_id=498692 zil_blk_id=81352 ccf_commit_seqno=498692 nstreams_done_=8000 config.nstreams=20000 avg_latency=0.7354 ms avg throuhgput (requests/sec) = 87.1537 res=false
*==== INFO ====* req_id_count= 8500 stream_id=33996 latency=0.589633 ms (tx_ts=156665400542179, rx_ts=156665401131812) request_id=529895 zil_blk_id=86721 ccf_commit_seqno=529895 nstreams_done_=8500 config.nstreams=20000 avg_latency=0.7354 ms avg throuhgput (requests/sec) = 87.1636 res=false
*==== INFO ====* req_id_count= 9000 stream_id=35996 latency=0.543186 ms (tx_ts=156671132760034, rx_ts=156671133303220) request_id=561277 zil_blk_id=92093 ccf_commit_seqno=561277 nstreams_done_=9000 config.nstreams=20000 avg_latency=0.7351 ms avg throuhgput (requests/sec) = 87.1671 res=false
*==== INFO ====* req_id_count= 9500 stream_id=37996 latency=0.767405 ms (tx_ts=156676836122287, rx_ts=156676836889692) request_id=592496 zil_blk_id=97439 ccf_commit_seqno=592500 nstreams_done_=9500 config.nstreams=20000 avg_latency=0.7347 ms avg throuhgput (requests/sec) = 87.1931 res=false
*==== INFO ====* req_id_count= 10000 stream_id=39996 latency=0.780048 ms (tx_ts=156682522915446, rx_ts=156682523695494) request_id=623636 zil_blk_id=102776 ccf_commit_seqno=623636 nstreams_done_=10000 config.nstreams=20000 avg_latency=0.7345 ms avg throuhgput (requests/sec) = 87.2293 res=false
*==== INFO ====* req_id_count= 10500 stream_id=41996 latency=0.611073 ms (tx_ts=156688240866180, rx_ts=156688241477253) request_id=654688 zil_blk_id=108140 ccf_commit_seqno=654690 nstreams_done_=10500 config.nstreams=20000 avg_latency=0.7364 ms avg throuhgput (requests/sec) = 87.2397 res=false
*==== INFO ====* req_id_count= 11000 stream_id=43996 latency=0.690603 ms (tx_ts=156693902694421, rx_ts=156693903385024) request_id=685759 zil_blk_id=113453 ccf_commit_seqno=685759 nstreams_done_=11000 config.nstreams=20000 avg_latency=0.7354 ms avg throuhgput (requests/sec) = 87.2877 res=false
*==== INFO ====* req_id_count= 11500 stream_id=45996 latency=0.502721 ms (tx_ts=156699639217098, rx_ts=156699639719819) request_id=717228 zil_blk_id=118836 ccf_commit_seqno=717228 nstreams_done_=11500 config.nstreams=20000 avg_latency=0.7352 ms avg throuhgput (requests/sec) = 87.2823 res=false
*==== INFO ====* req_id_count= 12000 stream_id=47996 latency=0.623015 ms (tx_ts=156705363163845, rx_ts=156705363786860) request_id=748612 zil_blk_id=124207 ccf_commit_seqno=748612 nstreams_done_=12000 config.nstreams=20000 avg_latency=0.7349 ms avg throuhgput (requests/sec) = 87.2852 res=false
*==== INFO ====* req_id_count= 12500 stream_id=49996 latency=0.616703 ms (tx_ts=156711079132696, rx_ts=156711079749399) request_id=779956 zil_blk_id=129573 ccf_commit_seqno=779956 nstreams_done_=12500 config.nstreams=20000 avg_latency=0.7351 ms avg throuhgput (requests/sec) = 87.2927 res=false
*==== INFO ====* req_id_count= 13000 stream_id=51996 latency=0.687776 ms (tx_ts=156716810742795, rx_ts=156716811430571) request_id=811406 zil_blk_id=134949 ccf_commit_seqno=811406 nstreams_done_=13000 config.nstreams=20000 avg_latency=0.7351 ms avg throuhgput (requests/sec) = 87.2905 res=false
*==== INFO ====* req_id_count= 13500 stream_id=53996 latency=0.826415 ms (tx_ts=156722544969935, rx_ts=156722545796350) request_id=842884 zil_blk_id=140304 ccf_commit_seqno=842890 nstreams_done_=13500 config.nstreams=20000 avg_latency=0.7356 ms avg throuhgput (requests/sec) = 87.2869 res=false
*==== INFO ====* req_id_count= 14000 stream_id=55996 latency=0.804271 ms (tx_ts=156728278848214, rx_ts=156728279652485) request_id=874327 zil_blk_id=145644 ccf_commit_seqno=874328 nstreams_done_=14000 config.nstreams=20000 avg_latency=0.7360 ms avg throuhgput (requests/sec) = 87.2838 res=false
*==== INFO ====* req_id_count= 14500 stream_id=57996 latency=0.595805 ms (tx_ts=156733993636654, rx_ts=156733994232459) request_id=905721 zil_blk_id=150986 ccf_commit_seqno=905722 nstreams_done_=14500 config.nstreams=20000 avg_latency=0.7358 ms avg throuhgput (requests/sec) = 87.2911 res=false
*==== INFO ====* req_id_count= 15000 stream_id=59996 latency=0.629077 ms (tx_ts=156739728464964, rx_ts=156739729094041) request_id=937188 zil_blk_id=156359 ccf_commit_seqno=937188 nstreams_done_=15000 config.nstreams=20000 avg_latency=0.7363 ms avg throuhgput (requests/sec) = 87.2876 res=false
*==== INFO ====* req_id_count= 15500 stream_id=61996 latency=0.670354 ms (tx_ts=156745439819421, rx_ts=156745440489775) request_id=968542 zil_blk_id=161707 ccf_commit_seqno=968543 nstreams_done_=15500 config.nstreams=20000 avg_latency=0.7355 ms avg throuhgput (requests/sec) = 87.2959 res=false
*==== INFO ====* req_id_count= 16000 stream_id=63996 latency=0.599963 ms (tx_ts=156751133872910, rx_ts=156751134472873) request_id=999815 zil_blk_id=167045 ccf_commit_seqno=999816 nstreams_done_=16000 config.nstreams=20000 avg_latency=0.7351 ms avg throuhgput (requests/sec) = 87.3119 res=false
*==== INFO ====* req_id_count= 16500 stream_id=65996 latency=0.628867 ms (tx_ts=156756862191655, rx_ts=156756862820522) request_id=1031254 zil_blk_id=172415 ccf_commit_seqno=1031254 nstreams_done_=16500 config.nstreams=20000 avg_latency=0.7357 ms avg throuhgput (requests/sec) = 87.3111 res=false
*==== INFO ====* req_id_count= 17000 stream_id=67996 latency=0.797235 ms (tx_ts=156762620083538, rx_ts=156762620880773) request_id=1062737 zil_blk_id=177813 ccf_commit_seqno=1062738 nstreams_done_=17000 config.nstreams=20000 avg_latency=0.7371 ms avg throuhgput (requests/sec) = 87.2970 res=false
*==== INFO ====* req_id_count= 17500 stream_id=69996 latency=0.807400 ms (tx_ts=156768373787017, rx_ts=156768374594417) request_id=1094315 zil_blk_id=183209 ccf_commit_seqno=1094315 nstreams_done_=17500 config.nstreams=20000 avg_latency=0.7379 ms avg throuhgput (requests/sec) = 87.2856 res=false
*==== INFO ====* req_id_count= 18000 stream_id=71996 latency=0.553925 ms (tx_ts=156774094034325, rx_ts=156774094588250) request_id=1125757 zil_blk_id=188576 ccf_commit_seqno=1125758 nstreams_done_=18000 config.nstreams=20000 avg_latency=0.7372 ms avg throuhgput (requests/sec) = 87.2891 res=false
*==== INFO ====* req_id_count= 18500 stream_id=73996 latency=0.799114 ms (tx_ts=156779807331443, rx_ts=156779808130557) request_id=1157161 zil_blk_id=193916 ccf_commit_seqno=1157161 nstreams_done_=18500 config.nstreams=20000 avg_latency=0.7367 ms avg throuhgput (requests/sec) = 87.2951 res=false
*==== INFO ====* req_id_count= 19000 stream_id=75996 latency=0.646749 ms (tx_ts=156785530891040, rx_ts=156785531537789) request_id=1188585 zil_blk_id=199254 ccf_commit_seqno=1188586 nstreams_done_=19000 config.nstreams=20000 avg_latency=0.7368 ms avg throuhgput (requests/sec) = 87.2969 res=false
*==== INFO ====* req_id_count= 19500 stream_id=77996 latency=0.836885 ms (tx_ts=156791253996730, rx_ts=156791254833615) request_id=1220018 zil_blk_id=204610 ccf_commit_seqno=1220023 nstreams_done_=19500 config.nstreams=20000 avg_latency=0.7364 ms avg throuhgput (requests/sec) = 87.2985 res=false
*==== INFO ====* http_end_stream ALL streams done! nstreams_done_=20000 avg_latency=0.7357 msreq_id_count= 20000
*==== INFO ====* req_id_count= 20000 stream_id=79996 latency=0.485559 ms (tx_ts=156796892097891, rx_ts=156796892583450) request_id=1250695 zil_blk_id=209900 ccf_commit_seqno=1250695 nstreams_done_=20000 config.nstreams=20000 avg_latency=0.7357 ms avg throuhgput (requests/sec) = 87.3327 res=true
