Uniform: 70704 98285 489706 623276 785871 
Exponential: -2147483648 -2147483648 -2147483648 -2147483648 -2147483648 
Truncated Normal: 407943 680909 83921 582551 168797 
*==== INFO ====* req_id_count= 500 stream_id=1996 latency=1.024702 ms (tx_ts=156573798585658, rx_ts=156573799610360) request_id=31305 zil_blk_id=1996 ccf_commit_seqno=31308 nstreams_done_=500 config.nstreams=20000 avg_latency=0.8448 ms avg throuhgput (requests/sec) = 84.6255 res=false
*==== INFO ====* req_id_count= 1000 stream_id=3996 latency=0.760583 ms (tx_ts=156579687165612, rx_ts=156579687926195) request_id=63110 zil_blk_id=3996 ccf_commit_seqno=63111 nstreams_done_=1000 config.nstreams=20000 avg_latency=0.8342 ms avg throuhgput (requests/sec) = 84.7695 res=false
*==== INFO ====* req_id_count= 1500 stream_id=5996 latency=0.703336 ms (tx_ts=156585512458340, rx_ts=156585513161676) request_id=94690 zil_blk_id=5996 ccf_commit_seqno=94690 nstreams_done_=1500 config.nstreams=20000 avg_latency=0.8420 ms avg throuhgput (requests/sec) = 85.1212 res=false
*==== INFO ====* req_id_count= 2000 stream_id=7996 latency=0.684821 ms (tx_ts=156591305127544, rx_ts=156591305812365) request_id=126158 zil_blk_id=7996 ccf_commit_seqno=126158 nstreams_done_=2000 config.nstreams=20000 avg_latency=0.8385 ms avg throuhgput (requests/sec) = 85.4168 res=false
*==== INFO ====* req_id_count= 2500 stream_id=9996 latency=0.688438 ms (tx_ts=156597096062665, rx_ts=156597096751103) request_id=157609 zil_blk_id=9996 ccf_commit_seqno=157610 nstreams_done_=2500 config.nstreams=20000 avg_latency=0.8354 ms avg throuhgput (requests/sec) = 85.6002 res=false
*==== INFO ====* req_id_count= 3000 stream_id=11996 latency=1.127890 ms (tx_ts=156602936557418, rx_ts=156602937685308) request_id=189291 zil_blk_id=11996 ccf_commit_seqno=189291 nstreams_done_=3000 config.nstreams=20000 avg_latency=0.8435 ms avg throuhgput (requests/sec) = 85.6007 res=false
*==== INFO ====* req_id_count= 3500 stream_id=13996 latency=0.902628 ms (tx_ts=156608740384322, rx_ts=156608741286950) request_id=220883 zil_blk_id=13996 ccf_commit_seqno=220884 nstreams_done_=3500 config.nstreams=20000 avg_latency=0.8440 ms avg throuhgput (requests/sec) = 85.6792 res=false
*==== INFO ====* req_id_count= 4000 stream_id=15996 latency=0.897879 ms (tx_ts=156614532774894, rx_ts=156614533672773) request_id=252418 zil_blk_id=15996 ccf_commit_seqno=252420 nstreams_done_=4000 config.nstreams=20000 avg_latency=0.8417 ms avg throuhgput (requests/sec) = 85.7588 res=false
*==== INFO ====* req_id_count= 4500 stream_id=17996 latency=0.716505 ms (tx_ts=156620331811638, rx_ts=156620332528143) request_id=283965 zil_blk_id=17996 ccf_commit_seqno=283965 nstreams_done_=4500 config.nstreams=20000 avg_latency=0.8407 ms avg throuhgput (requests/sec) = 85.8102 res=false
*==== INFO ====* req_id_count= 5000 stream_id=19996 latency=0.713424 ms (tx_ts=156626137640718, rx_ts=156626138354142) request_id=315534 zil_blk_id=19996 ccf_commit_seqno=315534 nstreams_done_=5000 config.nstreams=20000 avg_latency=0.8410 ms avg throuhgput (requests/sec) = 85.8411 res=false
*==== INFO ====* req_id_count= 5500 stream_id=21996 latency=0.990085 ms (tx_ts=156631958168321, rx_ts=156631959158406) request_id=347215 zil_blk_id=21996 ccf_commit_seqno=347215 nstreams_done_=5500 config.nstreams=20000 avg_latency=0.8433 ms avg throuhgput (requests/sec) = 85.8464 res=false
*==== INFO ====* req_id_count= 6000 stream_id=23996 latency=0.771903 ms (tx_ts=156637741261326, rx_ts=156637742033229) request_id=378779 zil_blk_id=23996 ccf_commit_seqno=378782 nstreams_done_=6000 config.nstreams=20000 avg_latency=0.8407 ms avg throuhgput (requests/sec) = 85.8974 res=false
*==== INFO ====* req_id_count= 6500 stream_id=25996 latency=0.776513 ms (tx_ts=156643537334269, rx_ts=156643538110782) request_id=410483 zil_blk_id=25996 ccf_commit_seqno=410484 nstreams_done_=6500 config.nstreams=20000 avg_latency=0.8402 ms avg throuhgput (requests/sec) = 85.9255 res=false
*==== INFO ====* req_id_count= 7000 stream_id=27996 latency=0.915218 ms (tx_ts=156649293274279, rx_ts=156649294189497) request_id=441956 zil_blk_id=27996 ccf_commit_seqno=441956 nstreams_done_=7000 config.nstreams=20000 avg_latency=0.8379 ms avg throuhgput (requests/sec) = 85.9920 res=false
*==== INFO ====* req_id_count= 7500 stream_id=29996 latency=0.905840 ms (tx_ts=156655081133351, rx_ts=156655082039191) request_id=473597 zil_blk_id=29996 ccf_commit_seqno=473599 nstreams_done_=7500 config.nstreams=20000 avg_latency=0.8381 ms avg throuhgput (requests/sec) = 86.0182 res=false
*==== INFO ====* req_id_count= 8000 stream_id=31996 latency=1.019597 ms (tx_ts=156660873541718, rx_ts=156660874561315) request_id=505229 zil_blk_id=31996 ccf_commit_seqno=505231 nstreams_done_=8000 config.nstreams=20000 avg_latency=0.8381 ms avg throuhgput (requests/sec) = 86.0369 res=false
*==== INFO ====* req_id_count= 8500 stream_id=33996 latency=0.947573 ms (tx_ts=156666681853313, rx_ts=156666682800886) request_id=536933 zil_blk_id=33996 ccf_commit_seqno=536933 nstreams_done_=8500 config.nstreams=20000 avg_latency=0.8391 ms avg throuhgput (requests/sec) = 86.0397 res=false
*==== INFO ====* req_id_count= 9000 stream_id=35996 latency=0.739263 ms (tx_ts=156672458362845, rx_ts=156672459102108) request_id=568549 zil_blk_id=35996 ccf_commit_seqno=568549 nstreams_done_=9000 config.nstreams=20000 avg_latency=0.8377 ms avg throuhgput (requests/sec) = 86.0685 res=false
*==== INFO ====* req_id_count= 9500 stream_id=37996 latency=0.912937 ms (tx_ts=156678302778392, rx_ts=156678303691329) request_id=600530 zil_blk_id=37996 ccf_commit_seqno=600532 nstreams_done_=9500 config.nstreams=20000 avg_latency=0.8401 ms avg throuhgput (requests/sec) = 86.0410 res=false
*==== INFO ====* req_id_count= 10000 stream_id=39996 latency=1.292458 ms (tx_ts=156684176886506, rx_ts=156684178178964) request_id=632427 zil_blk_id=39996 ccf_commit_seqno=632431 nstreams_done_=10000 config.nstreams=20000 avg_latency=0.8436 ms avg throuhgput (requests/sec) = 85.9942 res=false
*==== INFO ====* req_id_count= 10500 stream_id=41996 latency=0.866080 ms (tx_ts=156689974482701, rx_ts=156689975348781) request_id=664207 zil_blk_id=41996 ccf_commit_seqno=664209 nstreams_done_=10500 config.nstreams=20000 avg_latency=0.8452 ms avg throuhgput (requests/sec) = 86.0063 res=false
*==== INFO ====* req_id_count= 11000 stream_id=43996 latency=0.616013 ms (tx_ts=156695768924843, rx_ts=156695769540856) request_id=695998 zil_blk_id=43996 ccf_commit_seqno=695998 nstreams_done_=11000 config.nstreams=20000 avg_latency=0.8459 ms avg throuhgput (requests/sec) = 86.0193 res=false
*==== INFO ====* req_id_count= 11500 stream_id=45996 latency=1.868049 ms (tx_ts=156701552820615, rx_ts=156701554688664) request_id=727695 zil_blk_id=45996 ccf_commit_seqno=727695 nstreams_done_=11500 config.nstreams=20000 avg_latency=0.8458 ms avg throuhgput (requests/sec) = 86.0370 res=false
*==== INFO ====* req_id_count= 12000 stream_id=47996 latency=0.930881 ms (tx_ts=156707356640872, rx_ts=156707357571753) request_id=759503 zil_blk_id=47996 ccf_commit_seqno=759503 nstreams_done_=12000 config.nstreams=20000 avg_latency=0.8459 ms avg throuhgput (requests/sec) = 86.0423 res=false
*==== INFO ====* req_id_count= 12500 stream_id=49996 latency=0.798276 ms (tx_ts=156713127646851, rx_ts=156713128445127) request_id=791194 zil_blk_id=49996 ccf_commit_seqno=791195 nstreams_done_=12500 config.nstreams=20000 avg_latency=0.8443 ms avg throuhgput (requests/sec) = 86.0661 res=false
*==== INFO ====* req_id_count= 13000 stream_id=51996 latency=0.659914 ms (tx_ts=156718931512042, rx_ts=156718932171956) request_id=823049 zil_blk_id=51996 ccf_commit_seqno=823049 nstreams_done_=13000 config.nstreams=20000 avg_latency=0.8455 ms avg throuhgput (requests/sec) = 86.0694 res=false
*==== INFO ====* req_id_count= 13500 stream_id=53996 latency=0.967132 ms (tx_ts=156724724597800, rx_ts=156724725564932) request_id=854822 zil_blk_id=53996 ccf_commit_seqno=854825 nstreams_done_=13500 config.nstreams=20000 avg_latency=0.8458 ms avg throuhgput (requests/sec) = 86.0781 res=false
*==== INFO ====* req_id_count= 14000 stream_id=55996 latency=1.071053 ms (tx_ts=156730551011357, rx_ts=156730552082410) request_id=886817 zil_blk_id=55996 ccf_commit_seqno=886817 nstreams_done_=14000 config.nstreams=20000 avg_latency=0.8463 ms avg throuhgput (requests/sec) = 86.0686 res=false
*==== INFO ====* req_id_count= 14500 stream_id=57996 latency=0.694410 ms (tx_ts=156736330971992, rx_ts=156736331666402) request_id=918545 zil_blk_id=57996 ccf_commit_seqno=918545 nstreams_done_=14500 config.nstreams=20000 avg_latency=0.8458 ms avg throuhgput (requests/sec) = 86.0838 res=false
*==== INFO ====* req_id_count= 15000 stream_id=59996 latency=0.817269 ms (tx_ts=156742133591489, rx_ts=156742134408758) request_id=950414 zil_blk_id=59996 ccf_commit_seqno=950418 nstreams_done_=15000 config.nstreams=20000 avg_latency=0.8453 ms avg throuhgput (requests/sec) = 86.0866 res=false
*==== INFO ====* req_id_count= 15500 stream_id=61996 latency=0.640108 ms (tx_ts=156747935264178, rx_ts=156747935904286) request_id=982260 zil_blk_id=61996 ccf_commit_seqno=982260 nstreams_done_=15500 config.nstreams=20000 avg_latency=0.8458 ms avg throuhgput (requests/sec) = 86.0897 res=false
*==== INFO ====* req_id_count= 16000 stream_id=63996 latency=0.853206 ms (tx_ts=156753730502340, rx_ts=156753731355546) request_id=1014074 zil_blk_id=63996 ccf_commit_seqno=1014075 nstreams_done_=16000 config.nstreams=20000 avg_latency=0.8466 ms avg throuhgput (requests/sec) = 86.0955 res=false
*==== INFO ====* req_id_count= 16500 stream_id=65996 latency=0.587028 ms (tx_ts=156759515564924, rx_ts=156759516151952) request_id=1045839 zil_blk_id=65996 ccf_commit_seqno=1045839 nstreams_done_=16500 config.nstreams=20000 avg_latency=0.8464 ms avg throuhgput (requests/sec) = 86.1057 res=false
*==== INFO ====* req_id_count= 17000 stream_id=67996 latency=0.760543 ms (tx_ts=156765316914015, rx_ts=156765317674558) request_id=1077529 zil_blk_id=67996 ccf_commit_seqno=1077529 nstreams_done_=17000 config.nstreams=20000 avg_latency=0.8476 ms avg throuhgput (requests/sec) = 86.1080 res=false
*==== INFO ====* req_id_count= 17500 stream_id=69996 latency=0.557673 ms (tx_ts=156771096927887, rx_ts=156771097485560) request_id=1109276 zil_blk_id=69996 ccf_commit_seqno=1109276 nstreams_done_=17500 config.nstreams=20000 avg_latency=0.8470 ms avg throuhgput (requests/sec) = 86.1194 res=false
*==== INFO ====* req_id_count= 18000 stream_id=71996 latency=0.586326 ms (tx_ts=156776869896596, rx_ts=156776870482922) request_id=1141048 zil_blk_id=71996 ccf_commit_seqno=1141048 nstreams_done_=18000 config.nstreams=20000 avg_latency=0.8459 ms avg throuhgput (requests/sec) = 86.1329 res=false
*==== INFO ====* req_id_count= 18500 stream_id=73996 latency=0.757837 ms (tx_ts=156782653813655, rx_ts=156782654571492) request_id=1172797 zil_blk_id=73996 ccf_commit_seqno=1172799 nstreams_done_=18500 config.nstreams=20000 avg_latency=0.8456 ms avg throuhgput (requests/sec) = 86.1413 res=false
*==== INFO ====* req_id_count= 19000 stream_id=75996 latency=0.605042 ms (tx_ts=156788416093395, rx_ts=156788416698437) request_id=1204440 zil_blk_id=75996 ccf_commit_seqno=1204440 nstreams_done_=19000 config.nstreams=20000 avg_latency=0.8447 ms avg throuhgput (requests/sec) = 86.1578 res=false
*==== INFO ====* req_id_count= 19500 stream_id=77996 latency=0.891217 ms (tx_ts=156794201428501, rx_ts=156794202319718) request_id=1236215 zil_blk_id=77996 ccf_commit_seqno=1236218 nstreams_done_=19500 config.nstreams=20000 avg_latency=0.8446 ms avg throuhgput (requests/sec) = 86.1646 res=false
*==== INFO ====* http_end_stream ALL streams done! nstreams_done_=20000 avg_latency=0.8436 msreq_id_count= 20000
*==== INFO ====* req_id_count= 20000 stream_id=79996 latency=0.616062 ms (tx_ts=156799994404848, rx_ts=156799995020910) request_id=1264199 zil_blk_id=79996 ccf_commit_seqno=1264199 nstreams_done_=20000 config.nstreams=20000 avg_latency=0.8436 ms avg throuhgput (requests/sec) = 86.1683 res=true
