Uniform: 869163 716900 960853 473446 109322 
Exponential: -2147483648 -2147483648 -2147483648 -2147483648 -2147483648 
Truncated Normal: 752973 677564 436976 318542 410048 
*==== INFO ====* req_id_count= 500 stream_id=1996 latency=0.733874 ms (tx_ts=156573892017158, rx_ts=156573892751032) request_id=31788 zil_blk_id=1996 ccf_commit_seqno=31788 nstreams_done_=500 config.nstreams=20000 avg_latency=0.9496 ms avg throuhgput (requests/sec) = 83.4527 res=false
*==== INFO ====* req_id_count= 1000 stream_id=3996 latency=0.837707 ms (tx_ts=156579904389597, rx_ts=156579905227304) request_id=64269 zil_blk_id=3996 ccf_commit_seqno=64269 nstreams_done_=1000 config.nstreams=20000 avg_latency=0.9407 ms avg throuhgput (requests/sec) = 83.3063 res=false
*==== INFO ====* req_id_count= 1500 stream_id=5996 latency=1.085781 ms (tx_ts=156585900837769, rx_ts=156585901923550) request_id=96774 zil_blk_id=5996 ccf_commit_seqno=96776 nstreams_done_=1500 config.nstreams=20000 avg_latency=0.9307 ms avg throuhgput (requests/sec) = 83.3306 res=false
*==== INFO ====* req_id_count= 2000 stream_id=7996 latency=0.739033 ms (tx_ts=156591892213430, rx_ts=156591892952463) request_id=129335 zil_blk_id=7996 ccf_commit_seqno=129336 nstreams_done_=2000 config.nstreams=20000 avg_latency=0.9245 ms avg throuhgput (requests/sec) = 83.3624 res=false
*==== INFO ====* req_id_count= 2500 stream_id=9996 latency=0.855211 ms (tx_ts=156597909532223, rx_ts=156597910387434) request_id=161975 zil_blk_id=9996 ccf_commit_seqno=161976 nstreams_done_=2500 config.nstreams=20000 avg_latency=0.9281 ms avg throuhgput (requests/sec) = 83.3082 res=false
*==== INFO ====* req_id_count= 3000 stream_id=11996 latency=0.963518 ms (tx_ts=156603919521408, rx_ts=156603920484926) request_id=194633 zil_blk_id=11996 ccf_commit_seqno=194634 nstreams_done_=3000 config.nstreams=20000 avg_latency=0.9299 ms avg throuhgput (requests/sec) = 83.2890 res=false
*==== INFO ====* req_id_count= 3500 stream_id=13996 latency=0.958342 ms (tx_ts=156609909499791, rx_ts=156609910458133) request_id=227222 zil_blk_id=13996 ccf_commit_seqno=227223 nstreams_done_=3500 config.nstreams=20000 avg_latency=0.9270 ms avg throuhgput (requests/sec) = 83.3152 res=false
*==== INFO ====* req_id_count= 4000 stream_id=15996 latency=0.818430 ms (tx_ts=156615908280305, rx_ts=156615909098735) request_id=259914 zil_blk_id=15996 ccf_commit_seqno=259915 nstreams_done_=4000 config.nstreams=20000 avg_latency=0.9252 ms avg throuhgput (requests/sec) = 83.3199 res=false
*==== INFO ====* req_id_count= 4500 stream_id=17996 latency=0.767215 ms (tx_ts=156621913028903, rx_ts=156621913796118) request_id=292557 zil_blk_id=17996 ccf_commit_seqno=292557 nstreams_done_=4500 config.nstreams=20000 avg_latency=0.9274 ms avg throuhgput (requests/sec) = 83.3141 res=false
*==== INFO ====* req_id_count= 5000 stream_id=19996 latency=0.768288 ms (tx_ts=156627921591080, rx_ts=156627922359368) request_id=325252 zil_blk_id=19996 ccf_commit_seqno=325253 nstreams_done_=5000 config.nstreams=20000 avg_latency=0.9271 ms avg throuhgput (requests/sec) = 83.3041 res=false
*==== INFO ====* req_id_count= 5500 stream_id=21996 latency=0.887046 ms (tx_ts=156633915379441, rx_ts=156633916266487) request_id=357886 zil_blk_id=21996 ccf_commit_seqno=357888 nstreams_done_=5500 config.nstreams=20000 avg_latency=0.9262 ms avg throuhgput (requests/sec) = 83.3145 res=false
*==== INFO ====* req_id_count= 6000 stream_id=23996 latency=0.695751 ms (tx_ts=156639887270836, rx_ts=156639887966587) request_id=390531 zil_blk_id=23996 ccf_commit_seqno=390531 nstreams_done_=6000 config.nstreams=20000 avg_latency=0.9241 ms avg throuhgput (requests/sec) = 83.3488 res=false
*==== INFO ====* req_id_count= 6500 stream_id=25996 latency=0.666787 ms (tx_ts=156645895580881, rx_ts=156645896247668) request_id=423370 zil_blk_id=25996 ccf_commit_seqno=423370 nstreams_done_=6500 config.nstreams=20000 avg_latency=0.9252 ms avg throuhgput (requests/sec) = 83.3388 res=false
*==== INFO ====* req_id_count= 7000 stream_id=27996 latency=0.969293 ms (tx_ts=156651895213953, rx_ts=156651896183246) request_id=456191 zil_blk_id=27996 ccf_commit_seqno=456192 nstreams_done_=7000 config.nstreams=20000 avg_latency=0.9246 ms avg throuhgput (requests/sec) = 83.3384 res=false
*==== INFO ====* req_id_count= 7500 stream_id=29996 latency=1.045886 ms (tx_ts=156657885358640, rx_ts=156657886404526) request_id=488924 zil_blk_id=29996 ccf_commit_seqno=488928 nstreams_done_=7500 config.nstreams=20000 avg_latency=0.9238 ms avg throuhgput (requests/sec) = 83.3472 res=false
*==== INFO ====* req_id_count= 8000 stream_id=31996 latency=1.099175 ms (tx_ts=156663906183786, rx_ts=156663907282961) request_id=521788 zil_blk_id=31996 ccf_commit_seqno=521790 nstreams_done_=8000 config.nstreams=20000 avg_latency=0.9239 ms avg throuhgput (requests/sec) = 83.3282 res=false
*==== INFO ====* req_id_count= 8500 stream_id=33996 latency=1.113834 ms (tx_ts=156669907560593, rx_ts=156669908674427) request_id=554589 zil_blk_id=33996 ccf_commit_seqno=554589 nstreams_done_=8500 config.nstreams=20000 avg_latency=0.9241 ms avg throuhgput (requests/sec) = 83.3273 res=false
*==== INFO ====* req_id_count= 9000 stream_id=35996 latency=0.967018 ms (tx_ts=156675880234497, rx_ts=156675881201515) request_id=587267 zil_blk_id=35996 ccf_commit_seqno=587268 nstreams_done_=9000 config.nstreams=20000 avg_latency=0.9229 ms avg throuhgput (requests/sec) = 83.3489 res=false
*==== INFO ====* req_id_count= 9500 stream_id=37996 latency=0.897038 ms (tx_ts=156681857026764, rx_ts=156681857923802) request_id=619988 zil_blk_id=37996 ccf_commit_seqno=619992 nstreams_done_=9500 config.nstreams=20000 avg_latency=0.9210 ms avg throuhgput (requests/sec) = 83.3651 res=false
*==== INFO ====* req_id_count= 10000 stream_id=39996 latency=1.048440 ms (tx_ts=156687913009378, rx_ts=156687914057818) request_id=652899 zil_blk_id=39996 ccf_commit_seqno=652900 nstreams_done_=10000 config.nstreams=20000 avg_latency=0.9251 ms avg throuhgput (requests/sec) = 83.3245 res=false
*==== INFO ====* req_id_count= 10500 stream_id=41996 latency=1.199234 ms (tx_ts=156693897675271, rx_ts=156693898874505) request_id=685729 zil_blk_id=41996 ccf_commit_seqno=685730 nstreams_done_=10500 config.nstreams=20000 avg_latency=0.9243 ms avg throuhgput (requests/sec) = 83.3350 res=false
*==== INFO ====* req_id_count= 11000 stream_id=43996 latency=1.003395 ms (tx_ts=156699898358931, rx_ts=156699899362326) request_id=718644 zil_blk_id=43996 ccf_commit_seqno=718647 nstreams_done_=11000 config.nstreams=20000 avg_latency=0.9246 ms avg throuhgput (requests/sec) = 83.3346 res=false
*==== INFO ====* req_id_count= 11500 stream_id=45996 latency=1.016347 ms (tx_ts=156705892311119, rx_ts=156705893327466) request_id=751508 zil_blk_id=45996 ccf_commit_seqno=751511 nstreams_done_=11500 config.nstreams=20000 avg_latency=0.9251 ms avg throuhgput (requests/sec) = 83.3382 res=false
*==== INFO ====* req_id_count= 12000 stream_id=47996 latency=1.046647 ms (tx_ts=156711871625270, rx_ts=156711872671917) request_id=784309 zil_blk_id=47996 ccf_commit_seqno=784312 nstreams_done_=12000 config.nstreams=20000 avg_latency=0.9237 ms avg throuhgput (requests/sec) = 83.3499 res=false
*==== INFO ====* req_id_count= 12500 stream_id=49996 latency=0.770742 ms (tx_ts=156717860736658, rx_ts=156717861507400) request_id=817180 zil_blk_id=49996 ccf_commit_seqno=817180 nstreams_done_=12500 config.nstreams=20000 avg_latency=0.9229 ms avg throuhgput (requests/sec) = 83.3555 res=false
*==== INFO ====* req_id_count= 13000 stream_id=51996 latency=5.695406 ms (tx_ts=156723845341156, rx_ts=156723851036562) request_id=850034 zil_blk_id=51996 ccf_commit_seqno=850036 nstreams_done_=13000 config.nstreams=20000 avg_latency=0.9235 ms avg throuhgput (requests/sec) = 83.3602 res=false
*==== INFO ====* req_id_count= 13500 stream_id=53996 latency=0.679140 ms (tx_ts=156729835484645, rx_ts=156729836163785) request_id=882882 zil_blk_id=53996 ccf_commit_seqno=882882 nstreams_done_=13500 config.nstreams=20000 avg_latency=0.9230 ms avg throuhgput (requests/sec) = 83.3669 res=false
*==== INFO ====* req_id_count= 14000 stream_id=55996 latency=1.077548 ms (tx_ts=156735817059315, rx_ts=156735818136863) request_id=915726 zil_blk_id=55996 ccf_commit_seqno=915726 nstreams_done_=14000 config.nstreams=20000 avg_latency=0.9224 ms avg throuhgput (requests/sec) = 83.3746 res=false
*==== INFO ====* req_id_count= 14500 stream_id=57996 latency=1.025511 ms (tx_ts=156741839906985, rx_ts=156741840932496) request_id=948808 zil_blk_id=57996 ccf_commit_seqno=948809 nstreams_done_=14500 config.nstreams=20000 avg_latency=0.9234 ms avg throuhgput (requests/sec) = 83.3623 res=false
*==== INFO ====* req_id_count= 15000 stream_id=59996 latency=0.652931 ms (tx_ts=156747831387463, rx_ts=156747832040394) request_id=981686 zil_blk_id=59996 ccf_commit_seqno=981686 nstreams_done_=15000 config.nstreams=20000 avg_latency=0.9236 ms avg throuhgput (requests/sec) = 83.3654 res=false
*==== INFO ====* req_id_count= 15500 stream_id=61996 latency=0.729835 ms (tx_ts=156753837651000, rx_ts=156753838380835) request_id=1014662 zil_blk_id=61996 ccf_commit_seqno=1014662 nstreams_done_=15500 config.nstreams=20000 avg_latency=0.9240 ms avg throuhgput (requests/sec) = 83.3615 res=false
*==== INFO ====* req_id_count= 16000 stream_id=63996 latency=0.761254 ms (tx_ts=156759837918662, rx_ts=156759838679916) request_id=1047603 zil_blk_id=63996 ccf_commit_seqno=1047603 nstreams_done_=16000 config.nstreams=20000 avg_latency=0.9247 ms avg throuhgput (requests/sec) = 83.3605 res=false
*==== INFO ====* req_id_count= 16500 stream_id=65996 latency=0.688452 ms (tx_ts=156765892015574, rx_ts=156765892704026) request_id=1080686 zil_blk_id=65996 ccf_commit_seqno=1080686 nstreams_done_=16500 config.nstreams=20000 avg_latency=0.9270 ms avg throuhgput (requests/sec) = 83.3370 res=false
*==== INFO ====* req_id_count= 17000 stream_id=67996 latency=0.745531 ms (tx_ts=156771887962529, rx_ts=156771888708060) request_id=1113630 zil_blk_id=67996 ccf_commit_seqno=1113630 nstreams_done_=17000 config.nstreams=20000 avg_latency=0.9270 ms avg throuhgput (requests/sec) = 83.3385 res=false
*==== INFO ====* req_id_count= 17500 stream_id=69996 latency=1.018876 ms (tx_ts=156777868082476, rx_ts=156777869101352) request_id=1146533 zil_blk_id=69996 ccf_commit_seqno=1146537 nstreams_done_=17500 config.nstreams=20000 avg_latency=0.9261 ms avg throuhgput (requests/sec) = 83.3461 res=false
*==== INFO ====* req_id_count= 18000 stream_id=71996 latency=0.928316 ms (tx_ts=156783863334678, rx_ts=156783864262994) request_id=1179434 zil_blk_id=71996 ccf_commit_seqno=1179434 nstreams_done_=18000 config.nstreams=20000 avg_latency=0.9260 ms avg throuhgput (requests/sec) = 83.3476 res=false
*==== INFO ====* req_id_count= 18500 stream_id=73996 latency=0.980895 ms (tx_ts=156789848226529, rx_ts=156789849207424) request_id=1212295 zil_blk_id=73996 ccf_commit_seqno=1212297 nstreams_done_=18500 config.nstreams=20000 avg_latency=0.9259 ms avg throuhgput (requests/sec) = 83.3529 res=false
*==== INFO ====* req_id_count= 19000 stream_id=75996 latency=0.974403 ms (tx_ts=156795836635828, rx_ts=156795837610231) request_id=1245200 zil_blk_id=75996 ccf_commit_seqno=1245201 nstreams_done_=19000 config.nstreams=20000 avg_latency=0.9253 ms avg throuhgput (requests/sec) = 83.3566 res=false
*==== INFO ====* req_id_count= 19500 stream_id=77996 latency=0.710088 ms (tx_ts=156801806840458, rx_ts=156801807550546) request_id=1269769 zil_blk_id=77996 ccf_commit_seqno=1269769 nstreams_done_=19500 config.nstreams=20000 avg_latency=0.9241 ms avg throuhgput (requests/sec) = 83.3667 res=false
*==== INFO ====* http_end_stream ALL streams done! nstreams_done_=20000 avg_latency=0.9207 msreq_id_count= 20000
*==== INFO ====* req_id_count= 20000 stream_id=79996 latency=0.675041 ms (tx_ts=156807791882615, rx_ts=156807792557656) request_id=1278950 zil_blk_id=79996 ccf_commit_seqno=1278950 nstreams_done_=20000 config.nstreams=20000 avg_latency=0.9207 ms avg throuhgput (requests/sec) = 83.3711 res=true
