Uniform: 347793 458928 342661 517825 674104 
Exponential: -2147483648 -2147483648 -2147483648 -2147483648 -2147483648 
Truncated Normal: 822673 396075 170362 715582 787509 
*==== INFO ====* req_id_count= 500 stream_id=1996 latency=0.889985 ms (tx_ts=156573997179426, rx_ts=156573998069411) request_id=32342 zil_blk_id=1996 ccf_commit_seqno=32344 nstreams_done_=500 config.nstreams=20000 avg_latency=1.0559 ms avg throuhgput (requests/sec) = 82.1416 res=false
*==== INFO ====* req_id_count= 1000 stream_id=3996 latency=1.084970 ms (tx_ts=156580121379006, rx_ts=156580122463976) request_id=65428 zil_blk_id=3996 ccf_commit_seqno=65430 nstreams_done_=1000 config.nstreams=20000 avg_latency=1.0709 ms avg throuhgput (requests/sec) = 81.8904 res=false
*==== INFO ====* req_id_count= 1500 stream_id=5996 latency=1.099247 ms (tx_ts=156586208506660, rx_ts=156586209605907) request_id=98449 zil_blk_id=5996 ccf_commit_seqno=98449 nstreams_done_=1500 config.nstreams=20000 avg_latency=1.0563 ms avg throuhgput (requests/sec) = 81.9736 res=false
*==== INFO ====* req_id_count= 2000 stream_id=7996 latency=1.005120 ms (tx_ts=156592312447297, rx_ts=156592313452417) request_id=131618 zil_blk_id=7996 ccf_commit_seqno=131621 nstreams_done_=2000 config.nstreams=20000 avg_latency=1.0552 ms avg throuhgput (requests/sec) = 81.9591 res=false
*==== INFO ====* req_id_count= 2500 stream_id=9996 latency=0.929289 ms (tx_ts=156598393443029, rx_ts=156598394372318) request_id=164595 zil_blk_id=9996 ccf_commit_seqno=164595 nstreams_done_=2500 config.nstreams=20000 avg_latency=1.0464 ms avg throuhgput (requests/sec) = 82.0120 res=false
*==== INFO ====* req_id_count= 3000 stream_id=11996 latency=1.181931 ms (tx_ts=156604493778717, rx_ts=156604494960648) request_id=197751 zil_blk_id=11996 ccf_commit_seqno=197751 nstreams_done_=3000 config.nstreams=20000 avg_latency=1.0455 ms avg throuhgput (requests/sec) = 82.0032 res=false
*==== INFO ====* req_id_count= 3500 stream_id=13996 latency=1.240049 ms (tx_ts=156610567342765, rx_ts=156610568582814) request_id=230795 zil_blk_id=13996 ccf_commit_seqno=230797 nstreams_done_=3500 config.nstreams=20000 avg_latency=1.0420 ms avg throuhgput (requests/sec) = 82.0488 res=false
*==== INFO ====* req_id_count= 4000 stream_id=15996 latency=0.858906 ms (tx_ts=156616555367598, rx_ts=156616556226504) request_id=263432 zil_blk_id=15996 ccf_commit_seqno=263432 nstreams_done_=4000 config.nstreams=20000 avg_latency=1.0351 ms avg throuhgput (requests/sec) = 82.2280 res=false
*==== INFO ====* req_id_count= 4500 stream_id=17996 latency=1.098258 ms (tx_ts=156622631808859, rx_ts=156622632907117) request_id=296449 zil_blk_id=17996 ccf_commit_seqno=296450 nstreams_done_=4500 config.nstreams=20000 avg_latency=1.0339 ms avg throuhgput (requests/sec) = 82.2340 res=false
*==== INFO ====* req_id_count= 5000 stream_id=19996 latency=1.037913 ms (tx_ts=156628692068533, rx_ts=156628693106446) request_id=329460 zil_blk_id=19996 ccf_commit_seqno=329462 nstreams_done_=5000 config.nstreams=20000 avg_latency=1.0306 ms avg throuhgput (requests/sec) = 82.2611 res=false
*==== INFO ====* req_id_count= 5500 stream_id=21996 latency=0.893191 ms (tx_ts=156634758422079, rx_ts=156634759315270) request_id=362474 zil_blk_id=21996 ccf_commit_seqno=362474 nstreams_done_=5500 config.nstreams=20000 avg_latency=1.0302 ms avg throuhgput (requests/sec) = 82.2758 res=false
*==== INFO ====* req_id_count= 6000 stream_id=23996 latency=2.771414 ms (tx_ts=156640803543026, rx_ts=156640806314440) request_id=395544 zil_blk_id=23996 ccf_commit_seqno=395547 nstreams_done_=6000 config.nstreams=20000 avg_latency=1.0269 ms avg throuhgput (requests/sec) = 82.3098 res=false
*==== INFO ====* req_id_count= 6500 stream_id=25996 latency=1.135509 ms (tx_ts=156646847375314, rx_ts=156646848510823) request_id=428590 zil_blk_id=25996 ccf_commit_seqno=428593 nstreams_done_=6500 config.nstreams=20000 avg_latency=1.0245 ms avg throuhgput (requests/sec) = 82.3436 res=false
*==== INFO ====* req_id_count= 7000 stream_id=27996 latency=0.806998 ms (tx_ts=156652916534654, rx_ts=156652917341652) request_id=461763 zil_blk_id=27996 ccf_commit_seqno=461763 nstreams_done_=7000 config.nstreams=20000 avg_latency=1.0247 ms avg throuhgput (requests/sec) = 82.3468 res=false
*==== INFO ====* req_id_count= 7500 stream_id=29996 latency=0.756385 ms (tx_ts=156658984299271, rx_ts=156658985055656) request_id=494933 zil_blk_id=29996 ccf_commit_seqno=494933 nstreams_done_=7500 config.nstreams=20000 avg_latency=1.0238 ms avg throuhgput (requests/sec) = 82.3506 res=false
*==== INFO ====* req_id_count= 8000 stream_id=31996 latency=0.990703 ms (tx_ts=156665075148364, rx_ts=156665076139067) request_id=528114 zil_blk_id=31996 ccf_commit_seqno=528115 nstreams_done_=8000 config.nstreams=20000 avg_latency=1.0277 ms avg throuhgput (requests/sec) = 82.3341 res=false
*==== INFO ====* req_id_count= 8500 stream_id=33996 latency=1.242093 ms (tx_ts=156671135161035, rx_ts=156671136403128) request_id=561293 zil_blk_id=33996 ccf_commit_seqno=561295 nstreams_done_=8500 config.nstreams=20000 avg_latency=1.0269 ms avg throuhgput (requests/sec) = 82.3441 res=false
*==== INFO ====* req_id_count= 9000 stream_id=35996 latency=0.784958 ms (tx_ts=156677183813217, rx_ts=156677184598175) request_id=594414 zil_blk_id=35996 ccf_commit_seqno=594414 nstreams_done_=9000 config.nstreams=20000 avg_latency=1.0261 ms avg throuhgput (requests/sec) = 82.3621 res=false
*==== INFO ====* req_id_count= 9500 stream_id=37996 latency=0.903671 ms (tx_ts=156683290501395, rx_ts=156683291405066) request_id=627589 zil_blk_id=37996 ccf_commit_seqno=627590 nstreams_done_=9500 config.nstreams=20000 avg_latency=1.0277 ms avg throuhgput (requests/sec) = 82.3364 res=false
*==== INFO ====* req_id_count= 10000 stream_id=39996 latency=0.954004 ms (tx_ts=156689353173594, rx_ts=156689354127598) request_id=660789 zil_blk_id=39996 ccf_commit_seqno=660790 nstreams_done_=10000 config.nstreams=20000 avg_latency=1.0288 ms avg throuhgput (requests/sec) = 82.3431 res=false
*==== INFO ====* req_id_count= 10500 stream_id=41996 latency=0.832958 ms (tx_ts=156695399483079, rx_ts=156695400316037) request_id=693967 zil_blk_id=41996 ccf_commit_seqno=693967 nstreams_done_=10500 config.nstreams=20000 avg_latency=1.0282 ms avg throuhgput (requests/sec) = 82.3599 res=false
*==== INFO ====* req_id_count= 11000 stream_id=43996 latency=1.114958 ms (tx_ts=156701480925637, rx_ts=156701482040595) request_id=727293 zil_blk_id=43996 ccf_commit_seqno=727295 nstreams_done_=11000 config.nstreams=20000 avg_latency=1.0278 ms avg throuhgput (requests/sec) = 82.3532 res=false
*==== INFO ====* req_id_count= 11500 stream_id=45996 latency=0.906816 ms (tx_ts=156707543999923, rx_ts=156707544906739) request_id=760536 zil_blk_id=45996 ccf_commit_seqno=760537 nstreams_done_=11500 config.nstreams=20000 avg_latency=1.0265 ms avg throuhgput (requests/sec) = 82.3582 res=false
*==== INFO ====* req_id_count= 12000 stream_id=47996 latency=1.073623 ms (tx_ts=156713629205968, rx_ts=156713630279591) request_id=793948 zil_blk_id=47996 ccf_commit_seqno=793948 nstreams_done_=12000 config.nstreams=20000 avg_latency=1.0276 ms avg throuhgput (requests/sec) = 82.3501 res=false
*==== INFO ====* req_id_count= 12500 stream_id=49996 latency=1.028293 ms (tx_ts=156719694950769, rx_ts=156719695979062) request_id=827232 zil_blk_id=49996 ccf_commit_seqno=827232 nstreams_done_=12500 config.nstreams=20000 avg_latency=1.0270 ms avg throuhgput (requests/sec) = 82.3534 res=false
*==== INFO ====* req_id_count= 13000 stream_id=51996 latency=0.976366 ms (tx_ts=156725763940449, rx_ts=156725764916815) request_id=860528 zil_blk_id=51996 ccf_commit_seqno=860529 nstreams_done_=13000 config.nstreams=20000 avg_latency=1.0266 ms avg throuhgput (requests/sec) = 82.3546 res=false
*==== INFO ====* req_id_count= 13500 stream_id=53996 latency=1.158730 ms (tx_ts=156731815028402, rx_ts=156731816187132) request_id=893762 zil_blk_id=53996 ccf_commit_seqno=893763 nstreams_done_=13500 config.nstreams=20000 avg_latency=1.0258 ms avg throuhgput (requests/sec) = 82.3647 res=false
*==== INFO ====* req_id_count= 14000 stream_id=55996 latency=1.125164 ms (tx_ts=156737879356689, rx_ts=156737880481853) request_id=927049 zil_blk_id=55996 ccf_commit_seqno=927052 nstreams_done_=14000 config.nstreams=20000 avg_latency=1.0253 ms avg throuhgput (requests/sec) = 82.3677 res=false
*==== INFO ====* req_id_count= 14500 stream_id=57996 latency=1.125978 ms (tx_ts=156743930534619, rx_ts=156743931660597) request_id=960266 zil_blk_id=57996 ccf_commit_seqno=960268 nstreams_done_=14500 config.nstreams=20000 avg_latency=1.0243 ms avg throuhgput (requests/sec) = 82.3767 res=false
*==== INFO ====* req_id_count= 15000 stream_id=59996 latency=1.088857 ms (tx_ts=156750001347218, rx_ts=156750002436075) request_id=993590 zil_blk_id=59996 ccf_commit_seqno=993592 nstreams_done_=15000 config.nstreams=20000 avg_latency=1.0236 ms avg throuhgput (requests/sec) = 82.3762 res=false
*==== INFO ====* req_id_count= 15500 stream_id=61996 latency=1.113963 ms (tx_ts=156756078168929, rx_ts=156756079282892) request_id=1026960 zil_blk_id=61996 ccf_commit_seqno=1026961 nstreams_done_=15500 config.nstreams=20000 avg_latency=1.0235 ms avg throuhgput (requests/sec) = 82.3731 res=false
*==== INFO ====* req_id_count= 16000 stream_id=63996 latency=1.102913 ms (tx_ts=156762163073871, rx_ts=156762164176784) request_id=1060228 zil_blk_id=63996 ccf_commit_seqno=1060230 nstreams_done_=16000 config.nstreams=20000 avg_latency=1.0249 ms avg throuhgput (requests/sec) = 82.3667 res=false
*==== INFO ====* req_id_count= 16500 stream_id=65996 latency=1.140914 ms (tx_ts=156768213360201, rx_ts=156768214501115) request_id=1093434 zil_blk_id=65996 ccf_commit_seqno=1093437 nstreams_done_=16500 config.nstreams=20000 avg_latency=1.0241 ms avg throuhgput (requests/sec) = 82.3750 res=false
*==== INFO ====* req_id_count= 17000 stream_id=67996 latency=0.853486 ms (tx_ts=156774269195430, rx_ts=156774270048916) request_id=1126726 zil_blk_id=67996 ccf_commit_seqno=1126726 nstreams_done_=17000 config.nstreams=20000 avg_latency=1.0232 ms avg throuhgput (requests/sec) = 82.3807 res=false
*==== INFO ====* req_id_count= 17500 stream_id=69996 latency=1.049322 ms (tx_ts=156780312564121, rx_ts=156780313613443) request_id=1159938 zil_blk_id=69996 ccf_commit_seqno=1159940 nstreams_done_=17500 config.nstreams=20000 avg_latency=1.0224 ms avg throuhgput (requests/sec) = 82.3907 res=false
*==== INFO ====* req_id_count= 18000 stream_id=71996 latency=1.126277 ms (tx_ts=156786381018608, rx_ts=156786382144885) request_id=1193263 zil_blk_id=71996 ccf_commit_seqno=1193265 nstreams_done_=18000 config.nstreams=20000 avg_latency=1.0224 ms avg throuhgput (requests/sec) = 82.3908 res=false
*==== INFO ====* req_id_count= 18500 stream_id=73996 latency=0.804394 ms (tx_ts=156792433432784, rx_ts=156792434237178) request_id=1226498 zil_blk_id=73996 ccf_commit_seqno=1226498 nstreams_done_=18500 config.nstreams=20000 avg_latency=1.0221 ms avg throuhgput (requests/sec) = 82.3968 res=false
*==== INFO ====* req_id_count= 19000 stream_id=75996 latency=0.951780 ms (tx_ts=156798468805077, rx_ts=156798469756857) request_id=1258045 zil_blk_id=75996 ccf_commit_seqno=1258045 nstreams_done_=19000 config.nstreams=20000 avg_latency=1.0210 ms avg throuhgput (requests/sec) = 82.4085 res=false
*==== INFO ====* req_id_count= 19500 stream_id=77996 latency=0.766533 ms (tx_ts=156804528788753, rx_ts=156804529555286) request_id=1275188 zil_blk_id=77996 ccf_commit_seqno=1275188 nstreams_done_=19500 config.nstreams=20000 avg_latency=1.0197 ms avg throuhgput (requests/sec) = 82.4111 res=false
*==== INFO ====* http_end_stream ALL streams done! nstreams_done_=20000 avg_latency=1.0161 msreq_id_count= 20000
*==== INFO ====* req_id_count= 20000 stream_id=79996 latency=1.055835 ms (tx_ts=156810609247802, rx_ts=156810610303637) request_id=1279914 zil_blk_id=79996 ccf_commit_seqno=1279914 nstreams_done_=20000 config.nstreams=20000 avg_latency=1.0161 ms avg throuhgput (requests/sec) = 82.4065 res=true
