Uniform: 959126 934069 995803 742401 383386 
Exponential: -2147483648 -2147483648 -2147483648 -2147483648 -2147483648 
Truncated Normal: 640369 622927 140188 621850 629393 
*==== INFO ====* req_id_count= 500 stream_id=1996 latency=0.807210 ms (tx_ts=156578459306823, rx_ts=156578460114033) request_id=56468 zil_blk_id=5242 ccf_commit_seqno=56471 nstreams_done_=500 config.nstreams=20000 avg_latency=0.7607 ms avg throuhgput (requests/sec) = 89.5755 res=false
*==== INFO ====* req_id_count= 1000 stream_id=3996 latency=0.704017 ms (tx_ts=156584114845682, rx_ts=156584115549699) request_id=87122 zil_blk_id=10541 ccf_commit_seqno=87122 nstreams_done_=1000 config.nstreams=20000 avg_latency=0.7583 ms avg throuhgput (requests/sec) = 88.9892 res=false
*==== INFO ====* req_id_count= 1500 stream_id=5996 latency=0.537145 ms (tx_ts=156589854784576, rx_ts=156589855321721) request_id=118262 zil_blk_id=15894 ccf_commit_seqno=118262 nstreams_done_=1500 config.nstreams=20000 avg_latency=0.7495 ms avg throuhgput (requests/sec) = 88.3544 res=false
*==== INFO ====* req_id_count= 2000 stream_id=7996 latency=0.857344 ms (tx_ts=156595591635801, rx_ts=156595592493145) request_id=149476 zil_blk_id=21262 ccf_commit_seqno=149478 nstreams_done_=2000 config.nstreams=20000 avg_latency=0.7428 ms avg throuhgput (requests/sec) = 88.0504 res=false
*==== INFO ====* req_id_count= 2500 stream_id=9996 latency=0.807701 ms (tx_ts=156601348307920, rx_ts=156601349115621) request_id=180670 zil_blk_id=26662 ccf_commit_seqno=180671 nstreams_done_=2500 config.nstreams=20000 avg_latency=0.7478 ms avg throuhgput (requests/sec) = 87.8090 res=false
*==== INFO ====* req_id_count= 3000 stream_id=11996 latency=0.684059 ms (tx_ts=156607081483873, rx_ts=156607082167932) request_id=211857 zil_blk_id=32035 ccf_commit_seqno=211858 nstreams_done_=3000 config.nstreams=20000 avg_latency=0.7454 ms avg throuhgput (requests/sec) = 87.7092 res=false
*==== INFO ====* req_id_count= 3500 stream_id=13996 latency=0.488884 ms (tx_ts=156612834653795, rx_ts=156612835142679) request_id=243170 zil_blk_id=37396 ccf_commit_seqno=243170 nstreams_done_=3500 config.nstreams=20000 avg_latency=0.7442 ms avg throuhgput (requests/sec) = 87.5944 res=false
*==== INFO ====* req_id_count= 4000 stream_id=15996 latency=0.898190 ms (tx_ts=156618585556922, rx_ts=156618586455112) request_id=274498 zil_blk_id=42761 ccf_commit_seqno=274499 nstreams_done_=4000 config.nstreams=20000 avg_latency=0.7424 ms avg throuhgput (requests/sec) = 87.5116 res=false
*==== INFO ====* req_id_count= 4500 stream_id=17996 latency=0.736959 ms (tx_ts=156624326286783, rx_ts=156624327023742) request_id=305675 zil_blk_id=48110 ccf_commit_seqno=305678 nstreams_done_=4500 config.nstreams=20000 avg_latency=0.7397 ms avg throuhgput (requests/sec) = 87.4656 res=false
*==== INFO ====* req_id_count= 5000 stream_id=19996 latency=0.764114 ms (tx_ts=156630100887259, rx_ts=156630101651373) request_id=337125 zil_blk_id=53496 ccf_commit_seqno=337126 nstreams_done_=5000 config.nstreams=20000 avg_latency=0.7439 ms avg throuhgput (requests/sec) = 87.3768 res=false
*==== INFO ====* req_id_count= 5500 stream_id=21996 latency=0.593871 ms (tx_ts=156635879517860, rx_ts=156635880111731) request_id=368615 zil_blk_id=58871 ccf_commit_seqno=368615 nstreams_done_=5500 config.nstreams=20000 avg_latency=0.7467 ms avg throuhgput (requests/sec) = 87.2990 res=false
*==== INFO ====* req_id_count= 6000 stream_id=23996 latency=0.906686 ms (tx_ts=156641600676835, rx_ts=156641601583521) request_id=399906 zil_blk_id=64205 ccf_commit_seqno=399912 nstreams_done_=6000 config.nstreams=20000 avg_latency=0.7431 ms avg throuhgput (requests/sec) = 87.3066 res=false
*==== INFO ====* req_id_count= 6500 stream_id=25996 latency=0.472223 ms (tx_ts=156647333201660, rx_ts=156647333673883) request_id=431242 zil_blk_id=69575 ccf_commit_seqno=431242 nstreams_done_=6500 config.nstreams=20000 avg_latency=0.7407 ms avg throuhgput (requests/sec) = 87.3005 res=false
*==== INFO ====* req_id_count= 7000 stream_id=27996 latency=0.575345 ms (tx_ts=156653057358756, rx_ts=156653057934101) request_id=462538 zil_blk_id=74935 ccf_commit_seqno=462542 nstreams_done_=7000 config.nstreams=20000 avg_latency=0.7400 ms avg throuhgput (requests/sec) = 87.3039 res=false
*==== INFO ====* req_id_count= 7500 stream_id=29996 latency=3.805858 ms (tx_ts=156658776599876, rx_ts=156658780405734) request_id=493814 zil_blk_id=80297 ccf_commit_seqno=493815 nstreams_done_=7500 config.nstreams=20000 avg_latency=0.7406 ms avg throuhgput (requests/sec) = 87.3086 res=false
*==== INFO ====* req_id_count= 8000 stream_id=31996 latency=0.524831 ms (tx_ts=156664539871948, rx_ts=156664540396779) request_id=525188 zil_blk_id=85695 ccf_commit_seqno=525189 nstreams_done_=8000 config.nstreams=20000 avg_latency=0.7425 ms avg throuhgput (requests/sec) = 87.2770 res=false
*==== INFO ====* req_id_count= 8500 stream_id=33996 latency=0.522007 ms (tx_ts=156670246183022, rx_ts=156670246705029) request_id=556446 zil_blk_id=91043 ccf_commit_seqno=556446 nstreams_done_=8500 config.nstreams=20000 avg_latency=0.7407 ms avg throuhgput (requests/sec) = 87.2972 res=false
*==== INFO ====* req_id_count= 9000 stream_id=35996 latency=0.647872 ms (tx_ts=156676016026153, rx_ts=156676016674025) request_id=588008 zil_blk_id=96449 ccf_commit_seqno=588009 nstreams_done_=9000 config.nstreams=20000 avg_latency=0.7412 ms avg throuhgput (requests/sec) = 87.2614 res=false
*==== INFO ====* req_id_count= 9500 stream_id=37996 latency=0.537695 ms (tx_ts=156681767890097, rx_ts=156681768427792) request_id=619514 zil_blk_id=101839 ccf_commit_seqno=619516 nstreams_done_=9500 config.nstreams=20000 avg_latency=0.7410 ms avg throuhgput (requests/sec) = 87.2438 res=false
*==== INFO ====* req_id_count= 10000 stream_id=39996 latency=0.470019 ms (tx_ts=156687520106748, rx_ts=156687520576767) request_id=650758 zil_blk_id=107231 ccf_commit_seqno=650758 nstreams_done_=10000 config.nstreams=20000 avg_latency=0.7429 ms avg throuhgput (requests/sec) = 87.2278 res=false
*==== INFO ====* req_id_count= 10500 stream_id=41996 latency=0.580646 ms (tx_ts=156693270873953, rx_ts=156693271454599) request_id=682298 zil_blk_id=112623 ccf_commit_seqno=682299 nstreams_done_=10500 config.nstreams=20000 avg_latency=0.7424 ms avg throuhgput (requests/sec) = 87.2142 res=false
*==== INFO ====* req_id_count= 11000 stream_id=43996 latency=0.727301 ms (tx_ts=156698980842054, rx_ts=156698981569355) request_id=713632 zil_blk_id=117973 ccf_commit_seqno=713632 nstreams_done_=11000 config.nstreams=20000 avg_latency=0.7417 ms avg throuhgput (requests/sec) = 87.2300 res=false
*==== INFO ====* req_id_count= 11500 stream_id=45996 latency=0.435806 ms (tx_ts=156704722942074, rx_ts=156704723377880) request_id=745101 zil_blk_id=123358 ccf_commit_seqno=745101 nstreams_done_=11500 config.nstreams=20000 avg_latency=0.7413 ms avg throuhgput (requests/sec) = 87.2235 res=false
*==== INFO ====* req_id_count= 12000 stream_id=47996 latency=0.492801 ms (tx_ts=156710441251914, rx_ts=156710441744715) request_id=776458 zil_blk_id=128720 ccf_commit_seqno=776458 nstreams_done_=12000 config.nstreams=20000 avg_latency=0.7406 ms avg throuhgput (requests/sec) = 87.2324 res=false
*==== INFO ====* req_id_count= 12500 stream_id=49996 latency=0.819152 ms (tx_ts=156716175843160, rx_ts=156716176662312) request_id=807923 zil_blk_id=134097 ccf_commit_seqno=807926 nstreams_done_=12500 config.nstreams=20000 avg_latency=0.7399 ms avg throuhgput (requests/sec) = 87.2305 res=false
*==== INFO ====* req_id_count= 13000 stream_id=51996 latency=0.461734 ms (tx_ts=156721911447967, rx_ts=156721911909701) request_id=839407 zil_blk_id=139474 ccf_commit_seqno=839407 nstreams_done_=13000 config.nstreams=20000 avg_latency=0.7397 ms avg throuhgput (requests/sec) = 87.2286 res=false
*==== INFO ====* req_id_count= 13500 stream_id=53996 latency=0.707092 ms (tx_ts=156727663321107, rx_ts=156727664028199) request_id=870949 zil_blk_id=144846 ccf_commit_seqno=870949 nstreams_done_=13500 config.nstreams=20000 avg_latency=0.7399 ms avg throuhgput (requests/sec) = 87.2173 res=false
*==== INFO ====* req_id_count= 14000 stream_id=55996 latency=0.811369 ms (tx_ts=156733425389043, rx_ts=156733426200412) request_id=902612 zil_blk_id=150223 ccf_commit_seqno=902613 nstreams_done_=14000 config.nstreams=20000 avg_latency=0.7398 ms avg throuhgput (requests/sec) = 87.2014 res=false
*==== INFO ====* req_id_count= 14500 stream_id=57996 latency=0.575256 ms (tx_ts=156739152798290, rx_ts=156739153373546) request_id=934036 zil_blk_id=155559 ccf_commit_seqno=934036 nstreams_done_=14500 config.nstreams=20000 avg_latency=0.7403 ms avg throuhgput (requests/sec) = 87.2049 res=false
*==== INFO ====* req_id_count= 15000 stream_id=59996 latency=0.637473 ms (tx_ts=156744944915616, rx_ts=156744945553089) request_id=965821 zil_blk_id=160965 ccf_commit_seqno=965821 nstreams_done_=15000 config.nstreams=20000 avg_latency=0.7412 ms avg throuhgput (requests/sec) = 87.1752 res=false
*==== INFO ====* req_id_count= 15500 stream_id=61996 latency=0.531895 ms (tx_ts=156750660327391, rx_ts=156750660859286) request_id=997208 zil_blk_id=166303 ccf_commit_seqno=997208 nstreams_done_=15500 config.nstreams=20000 avg_latency=0.7409 ms avg throuhgput (requests/sec) = 87.1851 res=false
*==== INFO ====* req_id_count= 16000 stream_id=63996 latency=0.511827 ms (tx_ts=156756364700946, rx_ts=156756365212773) request_id=1028522 zil_blk_id=171619 ccf_commit_seqno=1028522 nstreams_done_=16000 config.nstreams=20000 avg_latency=0.7411 ms avg throuhgput (requests/sec) = 87.1996 res=false
*==== INFO ====* req_id_count= 16500 stream_id=65996 latency=0.883723 ms (tx_ts=156762091264160, rx_ts=156762092147883) request_id=1059837 zil_blk_id=176987 ccf_commit_seqno=1059837 nstreams_done_=16500 config.nstreams=20000 avg_latency=0.7422 ms avg throuhgput (requests/sec) = 87.2029 res=false
*==== INFO ====* req_id_count= 17000 stream_id=67996 latency=0.866019 ms (tx_ts=156767850546250, rx_ts=156767851412269) request_id=1091445 zil_blk_id=182381 ccf_commit_seqno=1091445 nstreams_done_=17000 config.nstreams=20000 avg_latency=0.7434 ms avg throuhgput (requests/sec) = 87.1915 res=false
*==== INFO ====* req_id_count= 17500 stream_id=69996 latency=0.800698 ms (tx_ts=156773599567395, rx_ts=156773600368093) request_id=1123047 zil_blk_id=187765 ccf_commit_seqno=1123051 nstreams_done_=17500 config.nstreams=20000 avg_latency=0.7430 ms avg throuhgput (requests/sec) = 87.1852 res=false
*==== INFO ====* req_id_count= 18000 stream_id=71996 latency=0.493433 ms (tx_ts=156779308676310, rx_ts=156779309169743) request_id=1154430 zil_blk_id=193108 ccf_commit_seqno=1154430 nstreams_done_=18000 config.nstreams=20000 avg_latency=0.7417 ms avg throuhgput (requests/sec) = 87.1962 res=false
*==== INFO ====* req_id_count= 18500 stream_id=73996 latency=0.476191 ms (tx_ts=156785046135657, rx_ts=156785046611848) request_id=1185913 zil_blk_id=198476 ccf_commit_seqno=1185913 nstreams_done_=18500 config.nstreams=20000 avg_latency=0.7414 ms avg throuhgput (requests/sec) = 87.1949 res=false
*==== INFO ====* req_id_count= 19000 stream_id=75996 latency=0.553155 ms (tx_ts=156790761955921, rx_ts=156790762509076) request_id=1217315 zil_blk_id=203827 ccf_commit_seqno=1217317 nstreams_done_=19000 config.nstreams=20000 avg_latency=0.7410 ms avg throuhgput (requests/sec) = 87.2023 res=false
*==== INFO ====* req_id_count= 19500 stream_id=77996 latency=0.753960 ms (tx_ts=156796505930913, rx_ts=156796506684873) request_id=1248741 zil_blk_id=209201 ccf_commit_seqno=1248742 nstreams_done_=19500 config.nstreams=20000 avg_latency=0.7410 ms avg throuhgput (requests/sec) = 87.1982 res=false
*==== INFO ====* http_end_stream ALL streams done! nstreams_done_=20000 avg_latency=0.7404 msreq_id_count= 20000
*==== INFO ====* req_id_count= 20000 stream_id=79996 latency=0.567020 ms (tx_ts=156802123852600, rx_ts=156802124419620) request_id=1270604 zil_blk_id=214467 ccf_commit_seqno=1270604 nstreams_done_=20000 config.nstreams=20000 avg_latency=0.7404 ms avg throuhgput (requests/sec) = 87.2425 res=true
