Uniform: 864788 385697 35681 921873 433685 
Exponential: -2147483648 -2147483648 -2147483648 -2147483648 -2147483648 
Truncated Normal: 372166 447191 928251 402764 488174 
*==== INFO ====* req_id_count= 500 stream_id=1996 latency=0.674625 ms (tx_ts=156573800573121, rx_ts=156573801247746) request_id=31315 zil_blk_id=1996 ccf_commit_seqno=31315 nstreams_done_=500 config.nstreams=20000 avg_latency=0.8833 ms avg throuhgput (requests/sec) = 84.6514 res=false
*==== INFO ====* req_id_count= 1000 stream_id=3996 latency=1.045776 ms (tx_ts=156579604217230, rx_ts=156579605263006) request_id=62667 zil_blk_id=3996 ccf_commit_seqno=62670 nstreams_done_=1000 config.nstreams=20000 avg_latency=0.8696 ms avg throuhgput (requests/sec) = 85.3928 res=false
*==== INFO ====* req_id_count= 1500 stream_id=5996 latency=0.956079 ms (tx_ts=156585390796471, rx_ts=156585391752550) request_id=94036 zil_blk_id=5996 ccf_commit_seqno=94037 nstreams_done_=1500 config.nstreams=20000 avg_latency=0.8599 ms avg throuhgput (requests/sec) = 85.7286 res=false
*==== INFO ====* req_id_count= 2000 stream_id=7996 latency=0.965366 ms (tx_ts=156591156438028, rx_ts=156591157403394) request_id=125359 zil_blk_id=7996 ccf_commit_seqno=125360 nstreams_done_=2000 config.nstreams=20000 avg_latency=0.8466 ms avg throuhgput (requests/sec) = 85.9744 res=false
*==== INFO ====* req_id_count= 2500 stream_id=9996 latency=1.003217 ms (tx_ts=156596945937630, rx_ts=156596946940847) request_id=156800 zil_blk_id=9996 ccf_commit_seqno=156800 nstreams_done_=2500 config.nstreams=20000 avg_latency=0.8482 ms avg throuhgput (requests/sec) = 86.0518 res=false
*==== INFO ====* req_id_count= 3000 stream_id=11996 latency=0.675150 ms (tx_ts=156602745311821, rx_ts=156602745986971) request_id=188259 zil_blk_id=11996 ccf_commit_seqno=188259 nstreams_done_=3000 config.nstreams=20000 avg_latency=0.8485 ms avg throuhgput (requests/sec) = 86.0800 res=false
*==== INFO ====* req_id_count= 3500 stream_id=13996 latency=0.647000 ms (tx_ts=156608528942128, rx_ts=156608529589128) request_id=219732 zil_blk_id=13996 ccf_commit_seqno=219733 nstreams_done_=3500 config.nstreams=20000 avg_latency=0.8456 ms avg throuhgput (requests/sec) = 86.1328 res=false
*==== INFO ====* req_id_count= 4000 stream_id=15996 latency=0.759270 ms (tx_ts=156614316812548, rx_ts=156614317571818) request_id=251240 zil_blk_id=15996 ccf_commit_seqno=251240 nstreams_done_=4000 config.nstreams=20000 avg_latency=0.8452 ms avg throuhgput (requests/sec) = 86.1644 res=false
*==== INFO ====* req_id_count= 4500 stream_id=17996 latency=0.800117 ms (tx_ts=156620106680332, rx_ts=156620107480449) request_id=282758 zil_blk_id=17996 ccf_commit_seqno=282759 nstreams_done_=4500 config.nstreams=20000 avg_latency=0.8467 ms avg throuhgput (requests/sec) = 86.1857 res=false
*==== INFO ====* req_id_count= 5000 stream_id=19996 latency=0.951370 ms (tx_ts=156625900103095, rx_ts=156625901054465) request_id=314247 zil_blk_id=19996 ccf_commit_seqno=314249 nstreams_done_=5000 config.nstreams=20000 avg_latency=0.8454 ms avg throuhgput (requests/sec) = 86.1974 res=false
*==== INFO ====* req_id_count= 5500 stream_id=21996 latency=0.706962 ms (tx_ts=156631689627311, rx_ts=156631690334273) request_id=345751 zil_blk_id=21996 ccf_commit_seqno=345751 nstreams_done_=5500 config.nstreams=20000 avg_latency=0.8460 ms avg throuhgput (requests/sec) = 86.2128 res=false
*==== INFO ====* req_id_count= 6000 stream_id=23996 latency=0.748451 ms (tx_ts=156637450050884, rx_ts=156637450799335) request_id=377199 zil_blk_id=23996 ccf_commit_seqno=377201 nstreams_done_=6000 config.nstreams=20000 avg_latency=0.8442 ms avg throuhgput (requests/sec) = 86.2613 res=false
*==== INFO ====* req_id_count= 6500 stream_id=25996 latency=0.692105 ms (tx_ts=156643209202781, rx_ts=156643209894886) request_id=408693 zil_blk_id=25996 ccf_commit_seqno=408693 nstreams_done_=6500 config.nstreams=20000 avg_latency=0.8431 ms avg throuhgput (requests/sec) = 86.3039 res=false
*==== INFO ====* req_id_count= 7000 stream_id=27996 latency=1.027401 ms (tx_ts=156648974405923, rx_ts=156648975433324) request_id=440212 zil_blk_id=27996 ccf_commit_seqno=440213 nstreams_done_=7000 config.nstreams=20000 avg_latency=0.8414 ms avg throuhgput (requests/sec) = 86.3337 res=false
*==== INFO ====* req_id_count= 7500 stream_id=29996 latency=0.689728 ms (tx_ts=156654736045764, rx_ts=156654736735492) request_id=471719 zil_blk_id=29996 ccf_commit_seqno=471719 nstreams_done_=7500 config.nstreams=20000 avg_latency=0.8397 ms avg throuhgput (requests/sec) = 86.3637 res=false
*==== INFO ====* req_id_count= 8000 stream_id=31996 latency=1.063078 ms (tx_ts=156660522639186, rx_ts=156660523702264) request_id=503310 zil_blk_id=31996 ccf_commit_seqno=503312 nstreams_done_=8000 config.nstreams=20000 avg_latency=0.8417 ms avg throuhgput (requests/sec) = 86.3660 res=false
*==== INFO ====* req_id_count= 8500 stream_id=33996 latency=0.635158 ms (tx_ts=156666313978384, rx_ts=156666314613542) request_id=534909 zil_blk_id=33996 ccf_commit_seqno=534909 nstreams_done_=8500 config.nstreams=20000 avg_latency=0.8441 ms avg throuhgput (requests/sec) = 86.3646 res=false
*==== INFO ====* req_id_count= 9000 stream_id=35996 latency=0.625510 ms (tx_ts=156672062769582, rx_ts=156672063395092) request_id=566378 zil_blk_id=35996 ccf_commit_seqno=566378 nstreams_done_=9000 config.nstreams=20000 avg_latency=0.8426 ms avg throuhgput (requests/sec) = 86.3983 res=false
*==== INFO ====* req_id_count= 9500 stream_id=37996 latency=0.977038 ms (tx_ts=156677828744055, rx_ts=156677829721093) request_id=597948 zil_blk_id=37996 ccf_commit_seqno=597949 nstreams_done_=9500 config.nstreams=20000 avg_latency=0.8419 ms avg throuhgput (requests/sec) = 86.4147 res=false
*==== INFO ====* req_id_count= 10000 stream_id=39996 latency=0.900263 ms (tx_ts=156683643139637, rx_ts=156683644039900) request_id=629510 zil_blk_id=39996 ccf_commit_seqno=629511 nstreams_done_=10000 config.nstreams=20000 avg_latency=0.8443 ms avg throuhgput (requests/sec) = 86.3936 res=false
*==== INFO ====* req_id_count= 10500 stream_id=41996 latency=0.599481 ms (tx_ts=156689430914681, rx_ts=156689431514162) request_id=661218 zil_blk_id=41996 ccf_commit_seqno=661218 nstreams_done_=10500 config.nstreams=20000 avg_latency=0.8447 ms avg throuhgput (requests/sec) = 86.3936 res=false
*==== INFO ====* req_id_count= 11000 stream_id=43996 latency=0.814830 ms (tx_ts=156695195935698, rx_ts=156695196750528) request_id=692847 zil_blk_id=43996 ccf_commit_seqno=692850 nstreams_done_=11000 config.nstreams=20000 avg_latency=0.8450 ms avg throuhgput (requests/sec) = 86.4086 res=false
*==== INFO ====* req_id_count= 11500 stream_id=45996 latency=0.920214 ms (tx_ts=156700958343305, rx_ts=156700959263519) request_id=724449 zil_blk_id=45996 ccf_commit_seqno=724450 nstreams_done_=11500 config.nstreams=20000 avg_latency=0.8439 ms avg throuhgput (requests/sec) = 86.4242 res=false
*==== INFO ====* req_id_count= 12000 stream_id=47996 latency=0.705940 ms (tx_ts=156706730572152, rx_ts=156706731278092) request_id=756079 zil_blk_id=47996 ccf_commit_seqno=756079 nstreams_done_=12000 config.nstreams=20000 avg_latency=0.8444 ms avg throuhgput (requests/sec) = 86.4325 res=false
*==== INFO ====* req_id_count= 12500 stream_id=49996 latency=0.595974 ms (tx_ts=156712491875632, rx_ts=156712492471606) request_id=787707 zil_blk_id=49996 ccf_commit_seqno=787707 nstreams_done_=12500 config.nstreams=20000 avg_latency=0.8441 ms avg throuhgput (requests/sec) = 86.4467 res=false
*==== INFO ====* req_id_count= 13000 stream_id=51996 latency=1.015069 ms (tx_ts=156718250688697, rx_ts=156718251703766) request_id=819330 zil_blk_id=51996 ccf_commit_seqno=819331 nstreams_done_=13000 config.nstreams=20000 avg_latency=0.8434 ms avg throuhgput (requests/sec) = 86.4609 res=false
*==== INFO ====* req_id_count= 13500 stream_id=53996 latency=0.844461 ms (tx_ts=156724010312666, rx_ts=156724011157127) request_id=850904 zil_blk_id=53996 ccf_commit_seqno=850905 nstreams_done_=13500 config.nstreams=20000 avg_latency=0.8435 ms avg throuhgput (requests/sec) = 86.4739 res=false
*==== INFO ====* req_id_count= 14000 stream_id=55996 latency=0.604410 ms (tx_ts=156729755314421, rx_ts=156729755918831) request_id=882443 zil_blk_id=55996 ccf_commit_seqno=882443 nstreams_done_=14000 config.nstreams=20000 avg_latency=0.8429 ms avg throuhgput (requests/sec) = 86.4938 res=false
*==== INFO ====* req_id_count= 14500 stream_id=57996 latency=0.848379 ms (tx_ts=156735517549151, rx_ts=156735518397530) request_id=914080 zil_blk_id=57996 ccf_commit_seqno=914083 nstreams_done_=14500 config.nstreams=20000 avg_latency=0.8425 ms avg throuhgput (requests/sec) = 86.5033 res=false
*==== INFO ====* req_id_count= 15000 stream_id=59996 latency=0.652782 ms (tx_ts=156741284816801, rx_ts=156741285469583) request_id=945761 zil_blk_id=59996 ccf_commit_seqno=945761 nstreams_done_=15000 config.nstreams=20000 avg_latency=0.8431 ms avg throuhgput (requests/sec) = 86.5098 res=false
*==== INFO ====* req_id_count= 15500 stream_id=61996 latency=0.724535 ms (tx_ts=156747062245658, rx_ts=156747062970193) request_id=977460 zil_blk_id=61996 ccf_commit_seqno=977461 nstreams_done_=15500 config.nstreams=20000 avg_latency=0.8436 ms avg throuhgput (requests/sec) = 86.5108 res=false
*==== INFO ====* req_id_count= 16000 stream_id=63996 latency=1.105347 ms (tx_ts=156752830293081, rx_ts=156752831398428) request_id=1009132 zil_blk_id=63996 ccf_commit_seqno=1009135 nstreams_done_=16000 config.nstreams=20000 avg_latency=0.8439 ms avg throuhgput (requests/sec) = 86.5161 res=false
*==== INFO ====* req_id_count= 16500 stream_id=65996 latency=1.673080 ms (tx_ts=156758595902559, rx_ts=156758597575639) request_id=1040791 zil_blk_id=65996 ccf_commit_seqno=1040791 nstreams_done_=16500 config.nstreams=20000 avg_latency=0.8444 ms avg throuhgput (requests/sec) = 86.5220 res=false
*==== INFO ====* req_id_count= 17000 stream_id=67996 latency=0.987327 ms (tx_ts=156764392910119, rx_ts=156764393897446) request_id=1072450 zil_blk_id=67996 ccf_commit_seqno=1072452 nstreams_done_=17000 config.nstreams=20000 avg_latency=0.8466 ms avg throuhgput (requests/sec) = 86.5143 res=false
*==== INFO ====* req_id_count= 17500 stream_id=69996 latency=0.658120 ms (tx_ts=156770154097619, rx_ts=156770154755739) request_id=1104096 zil_blk_id=69996 ccf_commit_seqno=1104096 nstreams_done_=17500 config.nstreams=20000 avg_latency=0.8463 ms avg throuhgput (requests/sec) = 86.5223 res=false
*==== INFO ====* req_id_count= 18000 stream_id=71996 latency=0.878095 ms (tx_ts=156775902454584, rx_ts=156775903332679) request_id=1135724 zil_blk_id=71996 ccf_commit_seqno=1135725 nstreams_done_=18000 config.nstreams=20000 avg_latency=0.8453 ms avg throuhgput (requests/sec) = 86.5349 res=false
*==== INFO ====* req_id_count= 18500 stream_id=73996 latency=0.928597 ms (tx_ts=156781662167993, rx_ts=156781663096590) request_id=1167340 zil_blk_id=73996 ccf_commit_seqno=1167341 nstreams_done_=18500 config.nstreams=20000 avg_latency=0.8449 ms avg throuhgput (requests/sec) = 86.5422 res=false
*==== INFO ====* req_id_count= 19000 stream_id=75996 latency=0.893511 ms (tx_ts=156787411272885, rx_ts=156787412166396) request_id=1198937 zil_blk_id=75996 ccf_commit_seqno=1198937 nstreams_done_=19000 config.nstreams=20000 avg_latency=0.8447 ms avg throuhgput (requests/sec) = 86.5535 res=false
*==== INFO ====* req_id_count= 19500 stream_id=77996 latency=0.773460 ms (tx_ts=156793168748380, rx_ts=156793169521840) request_id=1230557 zil_blk_id=77996 ccf_commit_seqno=1230557 nstreams_done_=19500 config.nstreams=20000 avg_latency=0.8446 ms avg throuhgput (requests/sec) = 86.5609 res=false
*==== INFO ====* http_end_stream ALL streams done! nstreams_done_=20000 avg_latency=0.8442 msreq_id_count= 20000
*==== INFO ====* req_id_count= 20000 stream_id=79996 latency=0.886959 ms (tx_ts=156798931467116, rx_ts=156798932354075) request_id=1260052 zil_blk_id=79996 ccf_commit_seqno=1260052 nstreams_done_=20000 config.nstreams=20000 avg_latency=0.8442 ms avg throuhgput (requests/sec) = 86.5660 res=true
