Uniform: 146546 468753 205916 714548 59453 
Exponential: -2147483648 -2147483648 -2147483648 -2147483648 -2147483648 
Truncated Normal: 629464 498723 273763 462426 896653 
*==== INFO ====* req_id_count= 500 stream_id=1996 latency=0.759281 ms (tx_ts=156573931641428, rx_ts=156573932400709) request_id=31990 zil_blk_id=1996 ccf_commit_seqno=31990 nstreams_done_=500 config.nstreams=20000 avg_latency=1.0139 ms avg throuhgput (requests/sec) = 82.9718 res=false
*==== INFO ====* req_id_count= 1000 stream_id=3996 latency=1.104536 ms (tx_ts=156579946794259, rx_ts=156579947898795) request_id=64493 zil_blk_id=3996 ccf_commit_seqno=64498 nstreams_done_=1000 config.nstreams=20000 avg_latency=0.9871 ms avg throuhgput (requests/sec) = 83.0452 res=false
*==== INFO ====* req_id_count= 1500 stream_id=5996 latency=0.737840 ms (tx_ts=156585959915579, rx_ts=156585960653419) request_id=97103 zil_blk_id=5996 ccf_commit_seqno=97103 nstreams_done_=1500 config.nstreams=20000 avg_latency=0.9783 ms avg throuhgput (requests/sec) = 83.0823 res=false
*==== INFO ====* req_id_count= 2000 stream_id=7996 latency=1.040136 ms (tx_ts=156591963738887, rx_ts=156591964779023) request_id=129722 zil_blk_id=7996 ccf_commit_seqno=129725 nstreams_done_=2000 config.nstreams=20000 avg_latency=0.9752 ms avg throuhgput (requests/sec) = 83.1306 res=false
*==== INFO ====* req_id_count= 2500 stream_id=9996 latency=0.676777 ms (tx_ts=156597986563504, rx_ts=156597987240281) request_id=162393 zil_blk_id=9996 ccf_commit_seqno=162393 nstreams_done_=2500 config.nstreams=20000 avg_latency=0.9755 ms avg throuhgput (requests/sec) = 83.1090 res=false
*==== INFO ====* req_id_count= 3000 stream_id=11996 latency=1.019377 ms (tx_ts=156603978873369, rx_ts=156603979892746) request_id=194947 zil_blk_id=11996 ccf_commit_seqno=194949 nstreams_done_=3000 config.nstreams=20000 avg_latency=0.9696 ms avg throuhgput (requests/sec) = 83.1632 res=false
*==== INFO ====* req_id_count= 3500 stream_id=13996 latency=0.731918 ms (tx_ts=156609994236728, rx_ts=156609994968646) request_id=227684 zil_blk_id=13996 ccf_commit_seqno=227684 nstreams_done_=3500 config.nstreams=20000 avg_latency=0.9662 ms avg throuhgput (requests/sec) = 83.1577 res=false
*==== INFO ====* req_id_count= 4000 stream_id=15996 latency=0.808412 ms (tx_ts=156615954670415, rx_ts=156615955478827) request_id=260172 zil_blk_id=15996 ccf_commit_seqno=260173 nstreams_done_=4000 config.nstreams=20000 avg_latency=0.9650 ms avg throuhgput (requests/sec) = 83.2480 res=false
*==== INFO ====* req_id_count= 4500 stream_id=17996 latency=0.964324 ms (tx_ts=156621982930796, rx_ts=156621983895120) request_id=292938 zil_blk_id=17996 ccf_commit_seqno=292939 nstreams_done_=4500 config.nstreams=20000 avg_latency=0.9663 ms avg throuhgput (requests/sec) = 83.2137 res=false
*==== INFO ====* req_id_count= 5000 stream_id=19996 latency=0.826196 ms (tx_ts=156627983246133, rx_ts=156627984072329) request_id=325599 zil_blk_id=19996 ccf_commit_seqno=325600 nstreams_done_=5000 config.nstreams=20000 avg_latency=0.9636 ms avg throuhgput (requests/sec) = 83.2254 res=false
*==== INFO ====* req_id_count= 5500 stream_id=21996 latency=0.871601 ms (tx_ts=156634001633342, rx_ts=156634002504943) request_id=358354 zil_blk_id=21996 ccf_commit_seqno=358354 nstreams_done_=5500 config.nstreams=20000 avg_latency=0.9636 ms avg throuhgput (requests/sec) = 83.2120 res=false
*==== INFO ====* req_id_count= 6000 stream_id=23996 latency=0.797101 ms (tx_ts=156640016275713, rx_ts=156640017072814) request_id=391234 zil_blk_id=23996 ccf_commit_seqno=391234 nstreams_done_=6000 config.nstreams=20000 avg_latency=0.9629 ms avg throuhgput (requests/sec) = 83.2053 res=false
*==== INFO ====* req_id_count= 6500 stream_id=25996 latency=0.860969 ms (tx_ts=156646027399105, rx_ts=156646028260074) request_id=424092 zil_blk_id=25996 ccf_commit_seqno=424092 nstreams_done_=6500 config.nstreams=20000 avg_latency=0.9615 ms avg throuhgput (requests/sec) = 83.2032 res=false
*==== INFO ====* req_id_count= 7000 stream_id=27996 latency=0.737941 ms (tx_ts=156652032387871, rx_ts=156652033125812) request_id=456944 zil_blk_id=27996 ccf_commit_seqno=456944 nstreams_done_=7000 config.nstreams=20000 avg_latency=0.9603 ms avg throuhgput (requests/sec) = 83.2077 res=false
*==== INFO ====* req_id_count= 7500 stream_id=29996 latency=0.943474 ms (tx_ts=156657981990953, rx_ts=156657982934427) request_id=489454 zil_blk_id=29996 ccf_commit_seqno=489455 nstreams_done_=7500 config.nstreams=20000 avg_latency=0.9609 ms avg throuhgput (requests/sec) = 83.2624 res=false
*==== INFO ====* req_id_count= 8000 stream_id=31996 latency=0.841845 ms (tx_ts=156663932022007, rx_ts=156663932863852) request_id=521924 zil_blk_id=31996 ccf_commit_seqno=521924 nstreams_done_=8000 config.nstreams=20000 avg_latency=0.9610 ms avg throuhgput (requests/sec) = 83.3102 res=false
*==== INFO ====* req_id_count= 8500 stream_id=33996 latency=0.957911 ms (tx_ts=156669858533631, rx_ts=156669859491542) request_id=554323 zil_blk_id=33996 ccf_commit_seqno=554324 nstreams_done_=8500 config.nstreams=20000 avg_latency=0.9610 ms avg throuhgput (requests/sec) = 83.3716 res=false
*==== INFO ====* req_id_count= 9000 stream_id=35996 latency=0.873653 ms (tx_ts=156675791120073, rx_ts=156675791993726) request_id=586782 zil_blk_id=35996 ccf_commit_seqno=586783 nstreams_done_=9000 config.nstreams=20000 avg_latency=0.9603 ms avg throuhgput (requests/sec) = 83.4216 res=false
*==== INFO ====* req_id_count= 9500 stream_id=37996 latency=0.884622 ms (tx_ts=156681716280636, rx_ts=156681717165258) request_id=619229 zil_blk_id=37996 ccf_commit_seqno=619229 nstreams_done_=9500 config.nstreams=20000 avg_latency=0.9583 ms avg throuhgput (requests/sec) = 83.4718 res=false
*==== INFO ====* req_id_count= 10000 stream_id=39996 latency=1.085806 ms (tx_ts=156687598716183, rx_ts=156687599801989) request_id=651180 zil_blk_id=39996 ccf_commit_seqno=651180 nstreams_done_=10000 config.nstreams=20000 avg_latency=0.9610 ms avg throuhgput (requests/sec) = 83.5467 res=false
*==== INFO ====* req_id_count= 10500 stream_id=41996 latency=0.985704 ms (tx_ts=156693436185531, rx_ts=156693437171235) request_id=683202 zil_blk_id=41996 ccf_commit_seqno=683203 nstreams_done_=10500 config.nstreams=20000 avg_latency=0.9611 ms avg throuhgput (requests/sec) = 83.6447 res=false
*==== INFO ====* req_id_count= 11000 stream_id=43996 latency=0.912374 ms (tx_ts=156699263546513, rx_ts=156699264458887) request_id=715169 zil_blk_id=43996 ccf_commit_seqno=715170 nstreams_done_=11000 config.nstreams=20000 avg_latency=0.9608 ms avg throuhgput (requests/sec) = 83.7405 res=false
*==== INFO ====* req_id_count= 11500 stream_id=45996 latency=1.045165 ms (tx_ts=156705098678940, rx_ts=156705099724105) request_id=747167 zil_blk_id=45996 ccf_commit_seqno=747170 nstreams_done_=11500 config.nstreams=20000 avg_latency=0.9604 ms avg throuhgput (requests/sec) = 83.8232 res=false
*==== INFO ====* req_id_count= 12000 stream_id=47996 latency=0.835042 ms (tx_ts=156710928024546, rx_ts=156710928859588) request_id=779126 zil_blk_id=47996 ccf_commit_seqno=779126 nstreams_done_=12000 config.nstreams=20000 avg_latency=0.9598 ms avg throuhgput (requests/sec) = 83.9028 res=false
*==== INFO ====* req_id_count= 12500 stream_id=49996 latency=0.810375 ms (tx_ts=156716757529677, rx_ts=156716758340052) request_id=811118 zil_blk_id=49996 ccf_commit_seqno=811118 nstreams_done_=12500 config.nstreams=20000 avg_latency=0.9597 ms avg throuhgput (requests/sec) = 83.9760 res=false
*==== INFO ====* req_id_count= 13000 stream_id=51996 latency=0.752647 ms (tx_ts=156722573543144, rx_ts=156722574295791) request_id=843048 zil_blk_id=51996 ccf_commit_seqno=843048 nstreams_done_=13000 config.nstreams=20000 avg_latency=0.9590 ms avg throuhgput (requests/sec) = 84.0510 res=false
*==== INFO ====* req_id_count= 13500 stream_id=53996 latency=0.743991 ms (tx_ts=156728395098089, rx_ts=156728395842080) request_id=874966 zil_blk_id=53996 ccf_commit_seqno=874966 nstreams_done_=13500 config.nstreams=20000 avg_latency=0.9588 ms avg throuhgput (requests/sec) = 84.1176 res=false
*==== INFO ====* req_id_count= 14000 stream_id=55996 latency=1.049455 ms (tx_ts=156734219511003, rx_ts=156734220560458) request_id=906955 zil_blk_id=55996 ccf_commit_seqno=906955 nstreams_done_=14000 config.nstreams=20000 avg_latency=0.9594 ms avg throuhgput (requests/sec) = 84.1780 res=false
*==== INFO ====* req_id_count= 14500 stream_id=57996 latency=1.113613 ms (tx_ts=156740039396677, rx_ts=156740040510290) request_id=938900 zil_blk_id=57996 ccf_commit_seqno=938901 nstreams_done_=14500 config.nstreams=20000 avg_latency=0.9590 ms avg throuhgput (requests/sec) = 84.2366 res=false
*==== INFO ====* req_id_count= 15000 stream_id=59996 latency=0.828490 ms (tx_ts=156745859623180, rx_ts=156745860451670) request_id=970859 zil_blk_id=59996 ccf_commit_seqno=970859 nstreams_done_=15000 config.nstreams=20000 avg_latency=0.9584 ms avg throuhgput (requests/sec) = 84.2914 res=false
*==== INFO ====* req_id_count= 15500 stream_id=61996 latency=1.078256 ms (tx_ts=156751692951227, rx_ts=156751694029483) request_id=1002880 zil_blk_id=61996 ccf_commit_seqno=1002881 nstreams_done_=15500 config.nstreams=20000 avg_latency=0.9583 ms avg throuhgput (requests/sec) = 84.3364 res=false
*==== INFO ====* req_id_count= 16000 stream_id=63996 latency=0.892930 ms (tx_ts=156757520641110, rx_ts=156757521534040) request_id=1034873 zil_blk_id=63996 ccf_commit_seqno=1034874 nstreams_done_=16000 config.nstreams=20000 avg_latency=0.9585 ms avg throuhgput (requests/sec) = 84.3814 res=false
*==== INFO ====* req_id_count= 16500 stream_id=65996 latency=0.965105 ms (tx_ts=156763366274002, rx_ts=156763367239107) request_id=1066835 zil_blk_id=65996 ccf_commit_seqno=1066836 nstreams_done_=16500 config.nstreams=20000 avg_latency=0.9593 ms avg throuhgput (requests/sec) = 84.4158 res=false
*==== INFO ====* req_id_count= 17000 stream_id=67996 latency=0.760983 ms (tx_ts=156769190300211, rx_ts=156769191061194) request_id=1098793 zil_blk_id=67996 ccf_commit_seqno=1098793 nstreams_done_=17000 config.nstreams=20000 avg_latency=0.9590 ms avg throuhgput (requests/sec) = 84.4574 res=false
*==== INFO ====* req_id_count= 17500 stream_id=69996 latency=0.706675 ms (tx_ts=156774995493191, rx_ts=156774996199866) request_id=1130727 zil_blk_id=69996 ccf_commit_seqno=1130727 nstreams_done_=17500 config.nstreams=20000 avg_latency=0.9584 ms avg throuhgput (requests/sec) = 84.5043 res=false
*==== INFO ====* req_id_count= 18000 stream_id=71996 latency=1.033393 ms (tx_ts=156780826021597, rx_ts=156780827054990) request_id=1162746 zil_blk_id=71996 ccf_commit_seqno=1162748 nstreams_done_=18000 config.nstreams=20000 avg_latency=0.9585 ms avg throuhgput (requests/sec) = 84.5385 res=false
*==== INFO ====* req_id_count= 18500 stream_id=73996 latency=0.926392 ms (tx_ts=156786655233961, rx_ts=156786656160353) request_id=1194776 zil_blk_id=73996 ccf_commit_seqno=1194778 nstreams_done_=18500 config.nstreams=20000 avg_latency=0.9582 ms avg throuhgput (requests/sec) = 84.5715 res=false
*==== INFO ====* req_id_count= 19000 stream_id=75996 latency=0.727941 ms (tx_ts=156792476342722, rx_ts=156792477070663) request_id=1226740 zil_blk_id=75996 ccf_commit_seqno=1226740 nstreams_done_=19000 config.nstreams=20000 avg_latency=0.9581 ms avg throuhgput (requests/sec) = 84.6058 res=false
*==== INFO ====* req_id_count= 19500 stream_id=77996 latency=1.863226 ms (tx_ts=156798282948779, rx_ts=156798284812005) request_id=1257216 zil_blk_id=77996 ccf_commit_seqno=1257216 nstreams_done_=19500 config.nstreams=20000 avg_latency=0.9571 ms avg throuhgput (requests/sec) = 84.6433 res=false
*==== INFO ====* http_end_stream ALL streams done! nstreams_done_=20000 avg_latency=0.9552 msreq_id_count= 20000
*==== INFO ====* req_id_count= 20000 stream_id=79996 latency=0.752528 ms (tx_ts=156804110925734, rx_ts=156804111678262) request_id=1274560 zil_blk_id=79996 ccf_commit_seqno=1274560 nstreams_done_=20000 config.nstreams=20000 avg_latency=0.9552 ms avg throuhgput (requests/sec) = 84.6721 res=true
