Uniform: 799530 882194 165922 312207 491099 
Exponential: -2147483648 -2147483648 -2147483648 -2147483648 -2147483648 
Truncated Normal: 623019 327597 430408 665789 620083 
*==== INFO ====* req_id_count= 500 stream_id=1996 latency=0.951370 ms (tx_ts=156573818751432, rx_ts=156573819702802) request_id=31395 zil_blk_id=1996 ccf_commit_seqno=31395 nstreams_done_=500 config.nstreams=20000 avg_latency=0.9614 ms avg throuhgput (requests/sec) = 84.5429 res=false
*==== INFO ====* req_id_count= 1000 stream_id=3996 latency=0.841976 ms (tx_ts=156579711767373, rx_ts=156579712609349) request_id=63240 zil_blk_id=3996 ccf_commit_seqno=63240 nstreams_done_=1000 config.nstreams=20000 avg_latency=0.9717 ms avg throuhgput (requests/sec) = 84.6950 res=false
*==== INFO ====* req_id_count= 1500 stream_id=5996 latency=1.179657 ms (tx_ts=156585600910199, rx_ts=156585602089856) request_id=95166 zil_blk_id=5996 ccf_commit_seqno=95167 nstreams_done_=1500 config.nstreams=20000 avg_latency=0.9620 ms avg throuhgput (requests/sec) = 84.7623 res=false
*==== INFO ====* req_id_count= 2000 stream_id=7996 latency=0.953093 ms (tx_ts=156591507746989, rx_ts=156591508700082) request_id=127246 zil_blk_id=7996 ccf_commit_seqno=127247 nstreams_done_=2000 config.nstreams=20000 avg_latency=0.9623 ms avg throuhgput (requests/sec) = 84.7344 res=false
*==== INFO ====* req_id_count= 2500 stream_id=9996 latency=0.791785 ms (tx_ts=156597357408981, rx_ts=156597358200766) request_id=159018 zil_blk_id=9996 ccf_commit_seqno=159018 nstreams_done_=2500 config.nstreams=20000 avg_latency=0.9639 ms avg throuhgput (requests/sec) = 84.8820 res=false
*==== INFO ====* req_id_count= 3000 stream_id=11996 latency=0.908693 ms (tx_ts=156603210347959, rx_ts=156603211256652) request_id=190771 zil_blk_id=11996 ccf_commit_seqno=190771 nstreams_done_=3000 config.nstreams=20000 avg_latency=0.9644 ms avg throuhgput (requests/sec) = 84.9721 res=false
*==== INFO ====* req_id_count= 3500 stream_id=13996 latency=0.971687 ms (tx_ts=156609053128872, rx_ts=156609054100559) request_id=222576 zil_blk_id=13996 ccf_commit_seqno=222578 nstreams_done_=3500 config.nstreams=20000 avg_latency=0.9621 ms avg throuhgput (requests/sec) = 85.0577 res=false
*==== INFO ====* req_id_count= 4000 stream_id=15996 latency=0.762245 ms (tx_ts=156614917549955, rx_ts=156614918312200) request_id=254510 zil_blk_id=15996 ccf_commit_seqno=254510 nstreams_done_=4000 config.nstreams=20000 avg_latency=0.9656 ms avg throuhgput (requests/sec) = 85.0833 res=false
*==== INFO ====* req_id_count= 4500 stream_id=17996 latency=0.914551 ms (tx_ts=156620816105724, rx_ts=156620817020275) request_id=286608 zil_blk_id=17996 ccf_commit_seqno=286609 nstreams_done_=4500 config.nstreams=20000 avg_latency=0.9690 ms avg throuhgput (requests/sec) = 85.0477 res=false
*==== INFO ====* req_id_count= 5000 stream_id=19996 latency=1.109215 ms (tx_ts=156626680765089, rx_ts=156626681874304) request_id=318499 zil_blk_id=19996 ccf_commit_seqno=318501 nstreams_done_=5000 config.nstreams=20000 avg_latency=0.9708 ms avg throuhgput (requests/sec) = 85.0683 res=false
*==== INFO ====* req_id_count= 5500 stream_id=21996 latency=0.801639 ms (tx_ts=156632531972777, rx_ts=156632532774416) request_id=350340 zil_blk_id=21996 ccf_commit_seqno=350340 nstreams_done_=5500 config.nstreams=20000 avg_latency=0.9712 ms avg throuhgput (requests/sec) = 85.1034 res=false
*==== INFO ====* req_id_count= 6000 stream_id=23996 latency=1.056826 ms (tx_ts=156638386040547, rx_ts=156638387097373) request_id=382312 zil_blk_id=23996 ccf_commit_seqno=382316 nstreams_done_=6000 config.nstreams=20000 avg_latency=0.9719 ms avg throuhgput (requests/sec) = 85.1287 res=false
*==== INFO ====* req_id_count= 6500 stream_id=25996 latency=0.858235 ms (tx_ts=156644235374634, rx_ts=156644236232869) request_id=414299 zil_blk_id=25996 ccf_commit_seqno=414300 nstreams_done_=6500 config.nstreams=20000 avg_latency=0.9719 ms avg throuhgput (requests/sec) = 85.1558 res=false
*==== INFO ====* req_id_count= 7000 stream_id=27996 latency=1.085349 ms (tx_ts=156650105096711, rx_ts=156650106182060) request_id=446407 zil_blk_id=27996 ccf_commit_seqno=446412 nstreams_done_=7000 config.nstreams=20000 avg_latency=0.9735 ms avg throuhgput (requests/sec) = 85.1575 res=false
*==== INFO ====* req_id_count= 7500 stream_id=29996 latency=0.885864 ms (tx_ts=156655975739613, rx_ts=156655976625477) request_id=478492 zil_blk_id=29996 ccf_commit_seqno=478493 nstreams_done_=7500 config.nstreams=20000 avg_latency=0.9766 ms avg throuhgput (requests/sec) = 85.1585 res=false
*==== INFO ====* req_id_count= 8000 stream_id=31996 latency=0.880316 ms (tx_ts=156661832802795, rx_ts=156661833683111) request_id=510477 zil_blk_id=31996 ccf_commit_seqno=510480 nstreams_done_=8000 config.nstreams=20000 avg_latency=0.9763 ms avg throuhgput (requests/sec) = 85.1715 res=false
*==== INFO ====* req_id_count= 8500 stream_id=33996 latency=0.987767 ms (tx_ts=156667695785482, rx_ts=156667696773249) request_id=542481 zil_blk_id=33996 ccf_commit_seqno=542481 nstreams_done_=8500 config.nstreams=20000 avg_latency=0.9774 ms avg throuhgput (requests/sec) = 85.1778 res=false
*==== INFO ====* req_id_count= 9000 stream_id=35996 latency=1.060774 ms (tx_ts=156673563200963, rx_ts=156673564261737) request_id=574587 zil_blk_id=35996 ccf_commit_seqno=574589 nstreams_done_=9000 config.nstreams=20000 avg_latency=0.9776 ms avg throuhgput (requests/sec) = 85.1799 res=false
*==== INFO ====* req_id_count= 9500 stream_id=37996 latency=0.864437 ms (tx_ts=156679411566467, rx_ts=156679412430904) request_id=606600 zil_blk_id=37996 ccf_commit_seqno=606600 nstreams_done_=9500 config.nstreams=20000 avg_latency=0.9763 ms avg throuhgput (requests/sec) = 85.1965 res=false
*==== INFO ====* req_id_count= 10000 stream_id=39996 latency=0.919750 ms (tx_ts=156685308053097, rx_ts=156685308972847) request_id=638631 zil_blk_id=39996 ccf_commit_seqno=638631 nstreams_done_=10000 config.nstreams=20000 avg_latency=0.9788 ms avg throuhgput (requests/sec) = 85.1764 res=false
*==== INFO ====* req_id_count= 10500 stream_id=41996 latency=1.027582 ms (tx_ts=156691158841176, rx_ts=156691159868758) request_id=670705 zil_blk_id=41996 ccf_commit_seqno=670705 nstreams_done_=10500 config.nstreams=20000 avg_latency=0.9782 ms avg throuhgput (requests/sec) = 85.1897 res=false
*==== INFO ====* req_id_count= 11000 stream_id=43996 latency=0.942924 ms (tx_ts=156697016073222, rx_ts=156697017016146) request_id=702843 zil_blk_id=43996 ccf_commit_seqno=702844 nstreams_done_=11000 config.nstreams=20000 avg_latency=0.9774 ms avg throuhgput (requests/sec) = 85.1977 res=false
*==== INFO ====* req_id_count= 11500 stream_id=45996 latency=0.824442 ms (tx_ts=156702869418524, rx_ts=156702870242966) request_id=734918 zil_blk_id=45996 ccf_commit_seqno=734920 nstreams_done_=11500 config.nstreams=20000 avg_latency=0.9780 ms avg throuhgput (requests/sec) = 85.2075 res=false
*==== INFO ====* req_id_count= 12000 stream_id=47996 latency=1.137076 ms (tx_ts=156708708295566, rx_ts=156708709432642) request_id=766941 zil_blk_id=47996 ccf_commit_seqno=766943 nstreams_done_=12000 config.nstreams=20000 avg_latency=0.9774 ms avg throuhgput (requests/sec) = 85.2249 res=false
*==== INFO ====* req_id_count= 12500 stream_id=49996 latency=0.738381 ms (tx_ts=156714553517651, rx_ts=156714554256032) request_id=799025 zil_blk_id=49996 ccf_commit_seqno=799025 nstreams_done_=12500 config.nstreams=20000 avg_latency=0.9769 ms avg throuhgput (requests/sec) = 85.2377 res=false
*==== INFO ====* req_id_count= 13000 stream_id=51996 latency=0.817169 ms (tx_ts=156720427542074, rx_ts=156720428359243) request_id=831258 zil_blk_id=51996 ccf_commit_seqno=831260 nstreams_done_=13000 config.nstreams=20000 avg_latency=0.9772 ms avg throuhgput (requests/sec) = 85.2331 res=false
*==== INFO ====* req_id_count= 13500 stream_id=53996 latency=0.860690 ms (tx_ts=156726292091162, rx_ts=156726292951852) request_id=863435 zil_blk_id=53996 ccf_commit_seqno=863436 nstreams_done_=13500 config.nstreams=20000 avg_latency=0.9781 ms avg throuhgput (requests/sec) = 85.2340 res=false
*==== INFO ====* req_id_count= 14000 stream_id=55996 latency=0.953410 ms (tx_ts=156732152279448, rx_ts=156732153232858) request_id=895622 zil_blk_id=55996 ccf_commit_seqno=895623 nstreams_done_=14000 config.nstreams=20000 avg_latency=0.9785 ms avg throuhgput (requests/sec) = 85.2371 res=false
*==== INFO ====* req_id_count= 14500 stream_id=57996 latency=0.918537 ms (tx_ts=156738007193835, rx_ts=156738008112372) request_id=927754 zil_blk_id=57996 ccf_commit_seqno=927754 nstreams_done_=14500 config.nstreams=20000 avg_latency=0.9785 ms avg throuhgput (requests/sec) = 85.2427 res=false
*==== INFO ====* req_id_count= 15000 stream_id=59996 latency=0.980585 ms (tx_ts=156743866335488, rx_ts=156743867316073) request_id=959917 zil_blk_id=59996 ccf_commit_seqno=959922 nstreams_done_=15000 config.nstreams=20000 avg_latency=0.9783 ms avg throuhgput (requests/sec) = 85.2458 res=false
*==== INFO ====* req_id_count= 15500 stream_id=61996 latency=0.975844 ms (tx_ts=156749717265112, rx_ts=156749718240956) request_id=992034 zil_blk_id=61996 ccf_commit_seqno=992035 nstreams_done_=15500 config.nstreams=20000 avg_latency=0.9782 ms avg throuhgput (requests/sec) = 85.2526 res=false
*==== INFO ====* req_id_count= 16000 stream_id=63996 latency=0.737129 ms (tx_ts=156755574410264, rx_ts=156755575147393) request_id=1024199 zil_blk_id=63996 ccf_commit_seqno=1024199 nstreams_done_=16000 config.nstreams=20000 avg_latency=0.9782 ms avg throuhgput (requests/sec) = 85.2562 res=false
*==== INFO ====* req_id_count= 16500 stream_id=65996 latency=0.956328 ms (tx_ts=156761474022964, rx_ts=156761474979292) request_id=1056448 zil_blk_id=65996 ccf_commit_seqno=1056453 nstreams_done_=16500 config.nstreams=20000 avg_latency=0.9809 ms avg throuhgput (requests/sec) = 85.2407 res=false
*==== INFO ====* req_id_count= 17000 stream_id=67996 latency=0.855570 ms (tx_ts=156767330583699, rx_ts=156767331439269) request_id=1088603 zil_blk_id=67996 ccf_commit_seqno=1088606 nstreams_done_=17000 config.nstreams=20000 avg_latency=0.9812 ms avg throuhgput (requests/sec) = 85.2447 res=false
*==== INFO ====* req_id_count= 17500 stream_id=69996 latency=0.919741 ms (tx_ts=156773177239037, rx_ts=156773178158778) request_id=1120723 zil_blk_id=69996 ccf_commit_seqno=1120724 nstreams_done_=17500 config.nstreams=20000 avg_latency=0.9807 ms avg throuhgput (requests/sec) = 85.2525 res=false
*==== INFO ====* req_id_count= 18000 stream_id=71996 latency=0.895986 ms (tx_ts=156779028539853, rx_ts=156779029435839) request_id=1152882 zil_blk_id=71996 ccf_commit_seqno=1152883 nstreams_done_=18000 config.nstreams=20000 avg_latency=0.9805 ms avg throuhgput (requests/sec) = 85.2580 res=false
*==== INFO ====* req_id_count= 18500 stream_id=73996 latency=0.798904 ms (tx_ts=156784882512944, rx_ts=156784883311848) request_id=1185014 zil_blk_id=73996 ccf_commit_seqno=1185014 nstreams_done_=18500 config.nstreams=20000 avg_latency=0.9807 ms avg throuhgput (requests/sec) = 85.2622 res=false
*==== INFO ====* req_id_count= 19000 stream_id=75996 latency=1.227546 ms (tx_ts=156790720919019, rx_ts=156790722146565) request_id=1217091 zil_blk_id=75996 ccf_commit_seqno=1217092 nstreams_done_=19000 config.nstreams=20000 avg_latency=0.9807 ms avg throuhgput (requests/sec) = 85.2719 res=false
*==== INFO ====* req_id_count= 19500 stream_id=77996 latency=0.853206 ms (tx_ts=156796576292376, rx_ts=156796577145582) request_id=1249101 zil_blk_id=77996 ccf_commit_seqno=1249101 nstreams_done_=19500 config.nstreams=20000 avg_latency=0.9809 ms avg throuhgput (requests/sec) = 85.2751 res=false
*==== INFO ====* http_end_stream ALL streams done! nstreams_done_=20000 avg_latency=0.9795 msreq_id_count= 20000
*==== INFO ====* req_id_count= 20000 stream_id=79996 latency=0.763479 ms (tx_ts=156802419360679, rx_ts=156802420124158) request_id=1271342 zil_blk_id=79996 ccf_commit_seqno=1271342 nstreams_done_=20000 config.nstreams=20000 avg_latency=0.9795 ms avg throuhgput (requests/sec) = 85.2825 res=true
