Uniform: 791695 333877 919115 58107 407136 
Exponential: -2147483648 -2147483648 -2147483648 -2147483648 -2147483648 
Truncated Normal: 515528 658735 496564 593496 213469 
*==== INFO ====* req_id_count= 500 stream_id=1996 latency=0.784118 ms (tx_ts=156573781787386, rx_ts=156573782571504) request_id=31208 zil_blk_id=1996 ccf_commit_seqno=31209 nstreams_done_=500 config.nstreams=20000 avg_latency=0.8083 ms avg throuhgput (requests/sec) = 84.8213 res=false
*==== INFO ====* req_id_count= 1000 stream_id=3996 latency=0.979493 ms (tx_ts=156579671394842, rx_ts=156579672374335) request_id=63019 zil_blk_id=3996 ccf_commit_seqno=63022 nstreams_done_=1000 config.nstreams=20000 avg_latency=0.8155 ms avg throuhgput (requests/sec) = 84.8569 res=false
*==== INFO ====* req_id_count= 1500 stream_id=5996 latency=0.925149 ms (tx_ts=156585544576281, rx_ts=156585545501430) request_id=94864 zil_blk_id=5996 ccf_commit_seqno=94865 nstreams_done_=1500 config.nstreams=20000 avg_latency=0.8088 ms avg throuhgput (requests/sec) = 84.9489 res=false
*==== INFO ====* req_id_count= 2000 stream_id=7996 latency=0.698747 ms (tx_ts=156591412566000, rx_ts=156591413264747) request_id=126728 zil_blk_id=7996 ccf_commit_seqno=126729 nstreams_done_=2000 config.nstreams=20000 avg_latency=0.8055 ms avg throuhgput (requests/sec) = 85.0143 res=false
*==== INFO ====* req_id_count= 2500 stream_id=9996 latency=0.750655 ms (tx_ts=156597232050827, rx_ts=156597232801482) request_id=158346 zil_blk_id=9996 ccf_commit_seqno=158349 nstreams_done_=2500 config.nstreams=20000 avg_latency=0.7990 ms avg throuhgput (requests/sec) = 85.1935 res=false
*==== INFO ====* req_id_count= 3000 stream_id=11996 latency=0.751586 ms (tx_ts=156603038367161, rx_ts=156603039118747) request_id=189835 zil_blk_id=11996 ccf_commit_seqno=189837 nstreams_done_=3000 config.nstreams=20000 avg_latency=0.8013 ms avg throuhgput (requests/sec) = 85.3454 res=false
*==== INFO ====* req_id_count= 3500 stream_id=13996 latency=0.809224 ms (tx_ts=156608847822758, rx_ts=156608848631982) request_id=221458 zil_blk_id=13996 ccf_commit_seqno=221458 nstreams_done_=3500 config.nstreams=20000 avg_latency=0.7995 ms avg throuhgput (requests/sec) = 85.4475 res=false
*==== INFO ====* req_id_count= 4000 stream_id=15996 latency=0.785319 ms (tx_ts=156614652843466, rx_ts=156614653628785) request_id=253069 zil_blk_id=15996 ccf_commit_seqno=253070 nstreams_done_=4000 config.nstreams=20000 avg_latency=0.8010 ms avg throuhgput (requests/sec) = 85.5326 res=false
*==== INFO ====* req_id_count= 4500 stream_id=17996 latency=0.714477 ms (tx_ts=156620472225201, rx_ts=156620472939678) request_id=284740 zil_blk_id=17996 ccf_commit_seqno=284740 nstreams_done_=4500 config.nstreams=20000 avg_latency=0.8020 ms avg throuhgput (requests/sec) = 85.5755 res=false
*==== INFO ====* req_id_count= 5000 stream_id=19996 latency=0.594883 ms (tx_ts=156626268080347, rx_ts=156626268675230) request_id=316244 zil_blk_id=19996 ccf_commit_seqno=316244 nstreams_done_=5000 config.nstreams=20000 avg_latency=0.8031 ms avg throuhgput (requests/sec) = 85.6445 res=false
*==== INFO ====* req_id_count= 5500 stream_id=21996 latency=0.942252 ms (tx_ts=156632052497050, rx_ts=156632053439302) request_id=347732 zil_blk_id=21996 ccf_commit_seqno=347733 nstreams_done_=5500 config.nstreams=20000 avg_latency=0.8022 ms avg throuhgput (requests/sec) = 85.7157 res=false
*==== INFO ====* req_id_count= 6000 stream_id=23996 latency=0.639125 ms (tx_ts=156637873635574, rx_ts=156637874274699) request_id=379507 zil_blk_id=23996 ccf_commit_seqno=379508 nstreams_done_=6000 config.nstreams=20000 avg_latency=0.8021 ms avg throuhgput (requests/sec) = 85.7309 res=false
*==== INFO ====* req_id_count= 6500 stream_id=25996 latency=0.897529 ms (tx_ts=156643648685200, rx_ts=156643649582729) request_id=411088 zil_blk_id=25996 ccf_commit_seqno=411089 nstreams_done_=6500 config.nstreams=20000 avg_latency=0.8012 ms avg throuhgput (requests/sec) = 85.7953 res=false
*==== INFO ====* req_id_count= 7000 stream_id=27996 latency=0.787522 ms (tx_ts=156649434525921, rx_ts=156649435313443) request_id=442723 zil_blk_id=27996 ccf_commit_seqno=442725 nstreams_done_=7000 config.nstreams=20000 avg_latency=0.8010 ms avg throuhgput (requests/sec) = 85.8396 res=false
*==== INFO ====* req_id_count= 7500 stream_id=29996 latency=0.634753 ms (tx_ts=156655207606899, rx_ts=156655208241652) request_id=474293 zil_blk_id=29996 ccf_commit_seqno=474293 nstreams_done_=7500 config.nstreams=20000 avg_latency=0.7999 ms avg throuhgput (requests/sec) = 85.8906 res=false
*==== INFO ====* req_id_count= 8000 stream_id=31996 latency=0.983620 ms (tx_ts=156660999296404, rx_ts=156661000280024) request_id=505913 zil_blk_id=31996 ccf_commit_seqno=505915 nstreams_done_=8000 config.nstreams=20000 avg_latency=0.8003 ms avg throuhgput (requests/sec) = 85.9176 res=false
*==== INFO ====* req_id_count= 8500 stream_id=33996 latency=0.748570 ms (tx_ts=156666783018499, rx_ts=156666783767069) request_id=537481 zil_blk_id=33996 ccf_commit_seqno=537482 nstreams_done_=8500 config.nstreams=20000 avg_latency=0.8005 ms avg throuhgput (requests/sec) = 85.9489 res=false
*==== INFO ====* req_id_count= 9000 stream_id=35996 latency=0.576028 ms (tx_ts=156672577300664, rx_ts=156672577876692) request_id=569197 zil_blk_id=35996 ccf_commit_seqno=569197 nstreams_done_=9000 config.nstreams=20000 avg_latency=0.8006 ms avg throuhgput (requests/sec) = 85.9681 res=false
*==== INFO ====* req_id_count= 9500 stream_id=37996 latency=0.850485 ms (tx_ts=156678370572257, rx_ts=156678371422742) request_id=600898 zil_blk_id=37996 ccf_commit_seqno=600900 nstreams_done_=9500 config.nstreams=20000 avg_latency=0.8010 ms avg throuhgput (requests/sec) = 85.9856 res=false
*==== INFO ====* req_id_count= 10000 stream_id=39996 latency=0.862783 ms (tx_ts=156684206793251, rx_ts=156684207656034) request_id=632585 zil_blk_id=39996 ccf_commit_seqno=632586 nstreams_done_=10000 config.nstreams=20000 avg_latency=0.8053 ms avg throuhgput (requests/sec) = 85.9699 res=false
*==== INFO ====* req_id_count= 10500 stream_id=41996 latency=0.790709 ms (tx_ts=156689974110638, rx_ts=156689974901347) request_id=664203 zil_blk_id=41996 ccf_commit_seqno=664205 nstreams_done_=10500 config.nstreams=20000 avg_latency=0.8039 ms avg throuhgput (requests/sec) = 86.0042 res=false
*==== INFO ====* req_id_count= 11000 stream_id=43996 latency=0.954767 ms (tx_ts=156695729836155, rx_ts=156695730790922) request_id=695786 zil_blk_id=43996 ccf_commit_seqno=695789 nstreams_done_=11000 config.nstreams=20000 avg_latency=0.8031 ms avg throuhgput (requests/sec) = 86.0431 res=false
*==== INFO ====* req_id_count= 11500 stream_id=45996 latency=0.857817 ms (tx_ts=156701497551936, rx_ts=156701498409753) request_id=727392 zil_blk_id=45996 ccf_commit_seqno=727394 nstreams_done_=11500 config.nstreams=20000 avg_latency=0.8028 ms avg throuhgput (requests/sec) = 86.0710 res=false
*==== INFO ====* req_id_count= 12000 stream_id=47996 latency=0.761397 ms (tx_ts=156707240984283, rx_ts=156707241745680) request_id=758878 zil_blk_id=47996 ccf_commit_seqno=758878 nstreams_done_=12000 config.nstreams=20000 avg_latency=0.8014 ms avg throuhgput (requests/sec) = 86.1117 res=false
*==== INFO ====* req_id_count= 12500 stream_id=49996 latency=0.977207 ms (tx_ts=156712991161697, rx_ts=156712992138904) request_id=790445 zil_blk_id=49996 ccf_commit_seqno=790447 nstreams_done_=12500 config.nstreams=20000 avg_latency=0.7999 ms avg throuhgput (requests/sec) = 86.1449 res=false
*==== INFO ====* req_id_count= 13000 stream_id=51996 latency=0.630088 ms (tx_ts=156718764895277, rx_ts=156718765525365) request_id=822136 zil_blk_id=51996 ccf_commit_seqno=822136 nstreams_done_=13000 config.nstreams=20000 avg_latency=0.8003 ms avg throuhgput (requests/sec) = 86.1625 res=false
*==== INFO ====* req_id_count= 13500 stream_id=53996 latency=0.705669 ms (tx_ts=156724529456108, rx_ts=156724530161777) request_id=853759 zil_blk_id=53996 ccf_commit_seqno=853762 nstreams_done_=13500 config.nstreams=20000 avg_latency=0.8002 ms avg throuhgput (requests/sec) = 86.1836 res=false
*==== INFO ====* req_id_count= 14000 stream_id=55996 latency=0.796660 ms (tx_ts=156730300898338, rx_ts=156730301694998) request_id=885442 zil_blk_id=55996 ccf_commit_seqno=885442 nstreams_done_=14000 config.nstreams=20000 avg_latency=0.8007 ms avg throuhgput (requests/sec) = 86.1995 res=false
*==== INFO ====* req_id_count= 14500 stream_id=57996 latency=0.893985 ms (tx_ts=156736057595376, rx_ts=156736058489361) request_id=917046 zil_blk_id=57996 ccf_commit_seqno=917049 nstreams_done_=14500 config.nstreams=20000 avg_latency=0.8005 ms avg throuhgput (requests/sec) = 86.2219 res=false
*==== INFO ====* req_id_count= 15000 stream_id=59996 latency=0.648553 ms (tx_ts=156741820268938, rx_ts=156741820917491) request_id=948695 zil_blk_id=59996 ccf_commit_seqno=948695 nstreams_done_=15000 config.nstreams=20000 avg_latency=0.8006 ms avg throuhgput (requests/sec) = 86.2401 res=false
*==== INFO ====* req_id_count= 15500 stream_id=61996 latency=0.824953 ms (tx_ts=156747584309009, rx_ts=156747585133962) request_id=980334 zil_blk_id=61996 ccf_commit_seqno=980334 nstreams_done_=15500 config.nstreams=20000 avg_latency=0.8007 ms avg throuhgput (requests/sec) = 86.2562 res=false
*==== INFO ====* req_id_count= 16000 stream_id=63996 latency=0.582479 ms (tx_ts=156753346946073, rx_ts=156753347528552) request_id=1011965 zil_blk_id=63996 ccf_commit_seqno=1011965 nstreams_done_=16000 config.nstreams=20000 avg_latency=0.8011 ms avg throuhgput (requests/sec) = 86.2721 res=false
*==== INFO ====* req_id_count= 16500 stream_id=65996 latency=0.917817 ms (tx_ts=156759098495776, rx_ts=156759099413593) request_id=1043549 zil_blk_id=65996 ccf_commit_seqno=1043550 nstreams_done_=16500 config.nstreams=20000 avg_latency=0.8008 ms avg throuhgput (requests/sec) = 86.2918 res=false
*==== INFO ====* req_id_count= 17000 stream_id=67996 latency=0.638724 ms (tx_ts=156764878396998, rx_ts=156764879035722) request_id=1075116 zil_blk_id=67996 ccf_commit_seqno=1075117 nstreams_done_=17000 config.nstreams=20000 avg_latency=0.8021 ms avg throuhgput (requests/sec) = 86.2983 res=false
*==== INFO ====* req_id_count= 17500 stream_id=69996 latency=0.545280 ms (tx_ts=156770632860282, rx_ts=156770633405562) request_id=1106728 zil_blk_id=69996 ccf_commit_seqno=1106728 nstreams_done_=17500 config.nstreams=20000 avg_latency=0.8021 ms avg throuhgput (requests/sec) = 86.3151 res=false
*==== INFO ====* req_id_count= 18000 stream_id=71996 latency=0.920061 ms (tx_ts=156776394505691, rx_ts=156776395425752) request_id=1138433 zil_blk_id=71996 ccf_commit_seqno=1138436 nstreams_done_=18000 config.nstreams=20000 avg_latency=0.8021 ms avg throuhgput (requests/sec) = 86.3278 res=false
*==== INFO ====* req_id_count= 18500 stream_id=73996 latency=0.843568 ms (tx_ts=156782162088612, rx_ts=156782162932180) request_id=1170086 zil_blk_id=73996 ccf_commit_seqno=1170088 nstreams_done_=18500 config.nstreams=20000 avg_latency=0.8023 ms avg throuhgput (requests/sec) = 86.3376 res=false
*==== INFO ====* req_id_count= 19000 stream_id=75996 latency=1.254757 ms (tx_ts=156787922885869, rx_ts=156787924140626) request_id=1201734 zil_blk_id=75996 ccf_commit_seqno=1201734 nstreams_done_=19000 config.nstreams=20000 avg_latency=0.8023 ms avg throuhgput (requests/sec) = 86.3494 res=false
*==== INFO ====* req_id_count= 19500 stream_id=77996 latency=0.811200 ms (tx_ts=156793673439061, rx_ts=156793674250261) request_id=1233319 zil_blk_id=77996 ccf_commit_seqno=1233319 nstreams_done_=19500 config.nstreams=20000 avg_latency=0.8017 ms avg throuhgput (requests/sec) = 86.3648 res=false
*==== INFO ====* http_end_stream ALL streams done! nstreams_done_=20000 avg_latency=0.8016 msreq_id_count= 20000
*==== INFO ====* req_id_count= 20000 stream_id=79996 latency=0.746326 ms (tx_ts=156799429234431, rx_ts=156799429980757) request_id=1262108 zil_blk_id=79996 ccf_commit_seqno=1262108 nstreams_done_=20000 config.nstreams=20000 avg_latency=0.8016 ms avg throuhgput (requests/sec) = 86.3774 res=true
