Uniform: 352155 746077 835509 548243 803748 
Exponential: -2147483648 -2147483648 -2147483648 -2147483648 -2147483648 
Truncated Normal: 357540 921395 735485 406873 428399 
*==== INFO ====* req_id_count= 500 stream_id=1996 latency=1.225533 ms (tx_ts=156573998412186, rx_ts=156573999637719) request_id=32348 zil_blk_id=1996 ccf_commit_seqno=32349 nstreams_done_=500 config.nstreams=20000 avg_latency=1.0893 ms avg throuhgput (requests/sec) = 82.0515 res=false
*==== INFO ====* req_id_count= 1000 stream_id=3996 latency=0.917747 ms (tx_ts=156580095055815, rx_ts=156580095973562) request_id=65291 zil_blk_id=3996 ccf_commit_seqno=65292 nstreams_done_=1000 config.nstreams=20000 avg_latency=1.0736 ms avg throuhgput (requests/sec) = 82.0340 res=false
*==== INFO ====* req_id_count= 1500 stream_id=5996 latency=0.945079 ms (tx_ts=156586169303690, rx_ts=156586170248769) request_id=98234 zil_blk_id=5996 ccf_commit_seqno=98235 nstreams_done_=1500 config.nstreams=20000 avg_latency=1.0635 ms avg throuhgput (requests/sec) = 82.1272 res=false
*==== INFO ====* req_id_count= 2000 stream_id=7996 latency=0.893452 ms (tx_ts=156592132179886, rx_ts=156592133073338) request_id=130644 zil_blk_id=7996 ccf_commit_seqno=130646 nstreams_done_=2000 config.nstreams=20000 avg_latency=1.0456 ms avg throuhgput (requests/sec) = 82.5519 res=false
*==== INFO ====* req_id_count= 2500 stream_id=9996 latency=1.151084 ms (tx_ts=156598099209180, rx_ts=156598100360264) request_id=163010 zil_blk_id=9996 ccf_commit_seqno=163010 nstreams_done_=2500 config.nstreams=20000 avg_latency=1.0418 ms avg throuhgput (requests/sec) = 82.7967 res=false
*==== INFO ====* req_id_count= 3000 stream_id=11996 latency=0.952482 ms (tx_ts=156604055769222, rx_ts=156604056721704) request_id=195372 zil_blk_id=11996 ccf_commit_seqno=195373 nstreams_done_=3000 config.nstreams=20000 avg_latency=1.0379 ms avg throuhgput (requests/sec) = 82.9857 res=false
*==== INFO ====* req_id_count= 3500 stream_id=13996 latency=0.834852 ms (tx_ts=156609988772094, rx_ts=156609989606946) request_id=227650 zil_blk_id=13996 ccf_commit_seqno=227650 nstreams_done_=3500 config.nstreams=20000 avg_latency=1.0333 ms avg throuhgput (requests/sec) = 83.1676 res=false
*==== INFO ====* req_id_count= 4000 stream_id=15996 latency=1.060814 ms (tx_ts=156615935228628, rx_ts=156615936289442) request_id=260070 zil_blk_id=15996 ccf_commit_seqno=260074 nstreams_done_=4000 config.nstreams=20000 avg_latency=1.0350 ms avg throuhgput (requests/sec) = 83.2806 res=false
*==== INFO ====* req_id_count= 4500 stream_id=17996 latency=1.109215 ms (tx_ts=156621889787625, rx_ts=156621890896840) request_id=292432 zil_blk_id=17996 ccf_commit_seqno=292433 nstreams_done_=4500 config.nstreams=20000 avg_latency=1.0353 ms avg throuhgput (requests/sec) = 83.3565 res=false
*==== INFO ====* req_id_count= 5000 stream_id=19996 latency=1.037230 ms (tx_ts=156627905831715, rx_ts=156627906868945) request_id=325173 zil_blk_id=19996 ccf_commit_seqno=325173 nstreams_done_=5000 config.nstreams=20000 avg_latency=1.0415 ms avg throuhgput (requests/sec) = 83.3320 res=false
*==== INFO ====* req_id_count= 5500 stream_id=21996 latency=2.069302 ms (tx_ts=156633842098349, rx_ts=156633844167651) request_id=357489 zil_blk_id=21996 ccf_commit_seqno=357490 nstreams_done_=5500 config.nstreams=20000 avg_latency=1.0419 ms avg throuhgput (requests/sec) = 83.4114 res=false
*==== INFO ====* req_id_count= 6000 stream_id=23996 latency=0.936111 ms (tx_ts=156639744187079, rx_ts=156639745123190) request_id=389748 zil_blk_id=23996 ccf_commit_seqno=389750 nstreams_done_=6000 config.nstreams=20000 avg_latency=1.0395 ms avg throuhgput (requests/sec) = 83.5198 res=false
*==== INFO ====* req_id_count= 6500 stream_id=25996 latency=0.874836 ms (tx_ts=156645619772998, rx_ts=156645620647834) request_id=421859 zil_blk_id=25996 ccf_commit_seqno=421860 nstreams_done_=6500 config.nstreams=20000 avg_latency=1.0362 ms avg throuhgput (requests/sec) = 83.6392 res=false
*==== INFO ====* req_id_count= 7000 stream_id=27996 latency=1.046137 ms (tx_ts=156651485867068, rx_ts=156651486913205) request_id=453946 zil_blk_id=27996 ccf_commit_seqno=453947 nstreams_done_=7000 config.nstreams=20000 avg_latency=1.0329 ms avg throuhgput (requests/sec) = 83.7511 res=false
*==== INFO ====* req_id_count= 7500 stream_id=29996 latency=0.928166 ms (tx_ts=156657371854590, rx_ts=156657372782756) request_id=486110 zil_blk_id=29996 ccf_commit_seqno=486111 nstreams_done_=7500 config.nstreams=20000 avg_latency=1.0319 ms avg throuhgput (requests/sec) = 83.8299 res=false
*==== INFO ====* req_id_count= 8000 stream_id=31996 latency=1.009585 ms (tx_ts=156663271615786, rx_ts=156663272625371) request_id=518331 zil_blk_id=31996 ccf_commit_seqno=518332 nstreams_done_=8000 config.nstreams=20000 avg_latency=1.0314 ms avg throuhgput (requests/sec) = 83.8867 res=false
*==== INFO ====* req_id_count= 8500 stream_id=33996 latency=0.795958 ms (tx_ts=156669179994792, rx_ts=156669180790750) request_id=550607 zil_blk_id=33996 ccf_commit_seqno=550607 nstreams_done_=8500 config.nstreams=20000 avg_latency=1.0318 ms avg throuhgput (requests/sec) = 83.9300 res=false
*==== INFO ====* req_id_count= 9000 stream_id=35996 latency=1.176140 ms (tx_ts=156675055199250, rx_ts=156675056375390) request_id=582746 zil_blk_id=35996 ccf_commit_seqno=582747 nstreams_done_=9000 config.nstreams=20000 avg_latency=1.0303 ms avg throuhgput (requests/sec) = 83.9940 res=false
*==== INFO ====* req_id_count= 9500 stream_id=37996 latency=0.793524 ms (tx_ts=156680943900966, rx_ts=156680944694490) request_id=615000 zil_blk_id=37996 ccf_commit_seqno=615000 nstreams_done_=9500 config.nstreams=20000 avg_latency=1.0282 ms avg throuhgput (requests/sec) = 84.0419 res=false
*==== INFO ====* req_id_count= 10000 stream_id=39996 latency=0.897809 ms (tx_ts=156686896198311, rx_ts=156686897096120) request_id=647331 zil_blk_id=39996 ccf_commit_seqno=647331 nstreams_done_=10000 config.nstreams=20000 avg_latency=1.0305 ms avg throuhgput (requests/sec) = 84.0398 res=false
*==== INFO ====* req_id_count= 10500 stream_id=41996 latency=1.074150 ms (tx_ts=156692804699541, rx_ts=156692805773691) request_id=679739 zil_blk_id=41996 ccf_commit_seqno=679741 nstreams_done_=10500 config.nstreams=20000 avg_latency=1.0306 ms avg throuhgput (requests/sec) = 84.0673 res=false
*==== INFO ====* req_id_count= 11000 stream_id=43996 latency=0.912728 ms (tx_ts=156698715718209, rx_ts=156698716630937) request_id=712177 zil_blk_id=43996 ccf_commit_seqno=712177 nstreams_done_=11000 config.nstreams=20000 avg_latency=1.0316 ms avg throuhgput (requests/sec) = 84.0910 res=false
*==== INFO ====* req_id_count= 11500 stream_id=45996 latency=0.945038 ms (tx_ts=156704586446731, rx_ts=156704587391769) request_id=744353 zil_blk_id=45996 ccf_commit_seqno=744354 nstreams_done_=11500 config.nstreams=20000 avg_latency=1.0307 ms avg throuhgput (requests/sec) = 84.1372 res=false
*==== INFO ====* req_id_count= 12000 stream_id=47996 latency=0.979982 ms (tx_ts=156710501717150, rx_ts=156710502697132) request_id=776780 zil_blk_id=47996 ccf_commit_seqno=776780 nstreams_done_=12000 config.nstreams=20000 avg_latency=1.0305 ms avg throuhgput (requests/sec) = 84.1534 res=false
*==== INFO ====* req_id_count= 12500 stream_id=49996 latency=0.951871 ms (tx_ts=156716395267850, rx_ts=156716396219721) request_id=809137 zil_blk_id=49996 ccf_commit_seqno=809138 nstreams_done_=12500 config.nstreams=20000 avg_latency=1.0287 ms avg throuhgput (requests/sec) = 84.1806 res=false
*==== INFO ====* req_id_count= 13000 stream_id=51996 latency=0.973220 ms (tx_ts=156722308177094, rx_ts=156722309150314) request_id=841590 zil_blk_id=51996 ccf_commit_seqno=841591 nstreams_done_=13000 config.nstreams=20000 avg_latency=1.0295 ms avg throuhgput (requests/sec) = 84.1951 res=false
*==== INFO ====* req_id_count= 13500 stream_id=53996 latency=1.132420 ms (tx_ts=156728198470037, rx_ts=156728199602457) request_id=873883 zil_blk_id=53996 ccf_commit_seqno=873884 nstreams_done_=13500 config.nstreams=20000 avg_latency=1.0300 ms avg throuhgput (requests/sec) = 84.2204 res=false
*==== INFO ====* req_id_count= 14000 stream_id=55996 latency=1.121420 ms (tx_ts=156734075336672, rx_ts=156734076458092) request_id=906157 zil_blk_id=55996 ccf_commit_seqno=906162 nstreams_done_=14000 config.nstreams=20000 avg_latency=1.0291 ms avg throuhgput (requests/sec) = 84.2508 res=false
*==== INFO ====* req_id_count= 14500 stream_id=57996 latency=1.160120 ms (tx_ts=156739981329365, rx_ts=156739982489485) request_id=938580 zil_blk_id=57996 ccf_commit_seqno=938581 nstreams_done_=14500 config.nstreams=20000 avg_latency=1.0290 ms avg throuhgput (requests/sec) = 84.2648 res=false
*==== INFO ====* req_id_count= 15000 stream_id=59996 latency=1.254136 ms (tx_ts=156745914620366, rx_ts=156745915874502) request_id=971162 zil_blk_id=59996 ccf_commit_seqno=971167 nstreams_done_=15000 config.nstreams=20000 avg_latency=1.0306 ms avg throuhgput (requests/sec) = 84.2649 res=false
*==== INFO ====* req_id_count= 15500 stream_id=61996 latency=1.007614 ms (tx_ts=156751803222166, rx_ts=156751804229780) request_id=1003493 zil_blk_id=61996 ccf_commit_seqno=1003494 nstreams_done_=15500 config.nstreams=20000 avg_latency=1.0304 ms avg throuhgput (requests/sec) = 84.2857 res=false
*==== INFO ====* req_id_count= 16000 stream_id=63996 latency=1.003488 ms (tx_ts=156757700766760, rx_ts=156757701770248) request_id=1035859 zil_blk_id=63996 ccf_commit_seqno=1035860 nstreams_done_=16000 config.nstreams=20000 avg_latency=1.0301 ms avg throuhgput (requests/sec) = 84.3011 res=false
*==== INFO ====* req_id_count= 16500 stream_id=65996 latency=1.017883 ms (tx_ts=156763611463506, rx_ts=156763612481389) request_id=1068175 zil_blk_id=65996 ccf_commit_seqno=1068176 nstreams_done_=16500 config.nstreams=20000 avg_latency=1.0309 ms avg throuhgput (requests/sec) = 84.3099 res=false
*==== INFO ====* req_id_count= 17000 stream_id=67996 latency=0.796990 ms (tx_ts=156769522086231, rx_ts=156769522883221) request_id=1100619 zil_blk_id=67996 ccf_commit_seqno=1100619 nstreams_done_=17000 config.nstreams=20000 avg_latency=1.0319 ms avg throuhgput (requests/sec) = 84.3183 res=false
*==== INFO ====* req_id_count= 17500 stream_id=69996 latency=1.048832 ms (tx_ts=156775391375458, rx_ts=156775392424290) request_id=1132915 zil_blk_id=69996 ccf_commit_seqno=1132915 nstreams_done_=17500 config.nstreams=20000 avg_latency=1.0300 ms avg throuhgput (requests/sec) = 84.3428 res=false
*==== INFO ====* req_id_count= 18000 stream_id=71996 latency=1.149570 ms (tx_ts=156781268931302, rx_ts=156781270080872) request_id=1165184 zil_blk_id=71996 ccf_commit_seqno=1165187 nstreams_done_=18000 config.nstreams=20000 avg_latency=1.0293 ms avg throuhgput (requests/sec) = 84.3628 res=false
*==== INFO ====* req_id_count= 18500 stream_id=73996 latency=1.032711 ms (tx_ts=156787147545628, rx_ts=156787148578339) request_id=1197488 zil_blk_id=73996 ccf_commit_seqno=1197489 nstreams_done_=18500 config.nstreams=20000 avg_latency=1.0283 ms avg throuhgput (requests/sec) = 84.3814 res=false
*==== INFO ====* req_id_count= 19000 stream_id=75996 latency=1.105657 ms (tx_ts=156793075417312, rx_ts=156793076522969) request_id=1230038 zil_blk_id=75996 ccf_commit_seqno=1230040 nstreams_done_=19000 config.nstreams=20000 avg_latency=1.0285 ms avg throuhgput (requests/sec) = 84.3805 res=false
*==== INFO ====* req_id_count= 19500 stream_id=77996 latency=1.045726 ms (tx_ts=156798965979906, rx_ts=156798967025632) request_id=1260198 zil_blk_id=77996 ccf_commit_seqno=1260199 nstreams_done_=19500 config.nstreams=20000 avg_latency=1.0276 ms avg throuhgput (requests/sec) = 84.3933 res=false
*==== INFO ====* http_end_stream ALL streams done! nstreams_done_=20000 avg_latency=1.0264 msreq_id_count= 20000
*==== INFO ====* req_id_count= 20000 stream_id=79996 latency=0.790938 ms (tx_ts=156804913541139, rx_ts=156804914332077) request_id=1275768 zil_blk_id=79996 ccf_commit_seqno=1275768 nstreams_done_=20000 config.nstreams=20000 avg_latency=1.0264 ms avg throuhgput (requests/sec) = 84.3852 res=true
