Uniform: 706544 806485 32227 882830 611147 
Exponential: -2147483648 -2147483648 -2147483648 -2147483648 -2147483648 
Truncated Normal: 644755 361108 604452 161485 534893 
*==== INFO ====* req_id_count= 500 stream_id=1996 latency=0.850361 ms (tx_ts=156573808317571, rx_ts=156573809167932) request_id=31348 zil_blk_id=1996 ccf_commit_seqno=31349 nstreams_done_=500 config.nstreams=20000 avg_latency=0.8619 ms avg throuhgput (requests/sec) = 84.5350 res=false
*==== INFO ====* req_id_count= 1000 stream_id=3996 latency=0.676310 ms (tx_ts=156579673877578, rx_ts=156579674553888) request_id=63038 zil_blk_id=3996 ccf_commit_seqno=63038 nstreams_done_=1000 config.nstreams=20000 avg_latency=0.8541 ms avg throuhgput (requests/sec) = 84.8889 res=false
*==== INFO ====* req_id_count= 1500 stream_id=5996 latency=0.599421 ms (tx_ts=156585459489062, rx_ts=156585460088483) request_id=94411 zil_blk_id=5996 ccf_commit_seqno=94411 nstreams_done_=1500 config.nstreams=20000 avg_latency=0.8468 ms avg throuhgput (requests/sec) = 85.3940 res=false
*==== INFO ====* req_id_count= 2000 stream_id=7996 latency=0.696343 ms (tx_ts=156591227743013, rx_ts=156591228439356) request_id=125738 zil_blk_id=7996 ccf_commit_seqno=125738 nstreams_done_=2000 config.nstreams=20000 avg_latency=0.8425 ms avg throuhgput (requests/sec) = 85.7119 res=false
*==== INFO ====* req_id_count= 2500 stream_id=9996 latency=0.703156 ms (tx_ts=156597015105518, rx_ts=156597015808674) request_id=157172 zil_blk_id=9996 ccf_commit_seqno=157173 nstreams_done_=2500 config.nstreams=20000 avg_latency=0.8496 ms avg throuhgput (requests/sec) = 85.8477 res=false
*==== INFO ====* req_id_count= 3000 stream_id=11996 latency=0.957942 ms (tx_ts=156602807032465, rx_ts=156602807990407) request_id=188594 zil_blk_id=11996 ccf_commit_seqno=188595 nstreams_done_=3000 config.nstreams=20000 avg_latency=0.8493 ms avg throuhgput (requests/sec) = 85.9266 res=false
*==== INFO ====* req_id_count= 3500 stream_id=13996 latency=0.723854 ms (tx_ts=156608585776377, rx_ts=156608586500231) request_id=220042 zil_blk_id=13996 ccf_commit_seqno=220043 nstreams_done_=3500 config.nstreams=20000 avg_latency=0.8501 ms avg throuhgput (requests/sec) = 86.0119 res=false
*==== INFO ====* req_id_count= 4000 stream_id=15996 latency=1.035486 ms (tx_ts=156614348815001, rx_ts=156614349850487) request_id=251418 zil_blk_id=15996 ccf_commit_seqno=251420 nstreams_done_=4000 config.nstreams=20000 avg_latency=0.8477 ms avg throuhgput (requests/sec) = 86.1041 res=false
*==== INFO ====* req_id_count= 4500 stream_id=17996 latency=0.811408 ms (tx_ts=156620135100285, rx_ts=156620135911693) request_id=282902 zil_blk_id=17996 ccf_commit_seqno=282903 nstreams_done_=4500 config.nstreams=20000 avg_latency=0.8506 ms avg throuhgput (requests/sec) = 86.1385 res=false
*==== INFO ====* req_id_count= 5000 stream_id=19996 latency=0.818718 ms (tx_ts=156625926288165, rx_ts=156625927106883) request_id=314388 zil_blk_id=19996 ccf_commit_seqno=314392 nstreams_done_=5000 config.nstreams=20000 avg_latency=0.8537 ms avg throuhgput (requests/sec) = 86.1584 res=false
*==== INFO ====* req_id_count= 5500 stream_id=21996 latency=0.604230 ms (tx_ts=156631688457758, rx_ts=156631689061988) request_id=345744 zil_blk_id=21996 ccf_commit_seqno=345745 nstreams_done_=5500 config.nstreams=20000 avg_latency=0.8530 ms avg throuhgput (requests/sec) = 86.2142 res=false
*==== INFO ====* req_id_count= 6000 stream_id=23996 latency=0.717772 ms (tx_ts=156637439144380, rx_ts=156637439862152) request_id=377144 zil_blk_id=23996 ccf_commit_seqno=377144 nstreams_done_=6000 config.nstreams=20000 avg_latency=0.8508 ms avg throuhgput (requests/sec) = 86.2746 res=false
*==== INFO ====* req_id_count= 6500 stream_id=25996 latency=0.631588 ms (tx_ts=156643192120357, rx_ts=156643192751945) request_id=408606 zil_blk_id=25996 ccf_commit_seqno=408606 nstreams_done_=6500 config.nstreams=20000 avg_latency=0.8486 ms avg throuhgput (requests/sec) = 86.3233 res=false
*==== INFO ====* req_id_count= 7000 stream_id=27996 latency=0.640808 ms (tx_ts=156648949149672, rx_ts=156648949790480) request_id=440072 zil_blk_id=27996 ccf_commit_seqno=440073 nstreams_done_=7000 config.nstreams=20000 avg_latency=0.8469 ms avg throuhgput (requests/sec) = 86.3608 res=false
*==== INFO ====* req_id_count= 7500 stream_id=29996 latency=0.802900 ms (tx_ts=156654706020598, rx_ts=156654706823498) request_id=471552 zil_blk_id=29996 ccf_commit_seqno=471552 nstreams_done_=7500 config.nstreams=20000 avg_latency=0.8461 ms avg throuhgput (requests/sec) = 86.3932 res=false
*==== INFO ====* req_id_count= 8000 stream_id=31996 latency=0.824793 ms (tx_ts=156660476748249, rx_ts=156660477573042) request_id=503059 zil_blk_id=31996 ccf_commit_seqno=503061 nstreams_done_=8000 config.nstreams=20000 avg_latency=0.8460 ms avg throuhgput (requests/sec) = 86.4088 res=false
*==== INFO ====* req_id_count= 8500 stream_id=33996 latency=0.966297 ms (tx_ts=156666255837535, rx_ts=156666256803832) request_id=534590 zil_blk_id=33996 ccf_commit_seqno=534593 nstreams_done_=8500 config.nstreams=20000 avg_latency=0.8481 ms avg throuhgput (requests/sec) = 86.4152 res=false
*==== INFO ====* req_id_count= 9000 stream_id=35996 latency=0.799736 ms (tx_ts=156672011620458, rx_ts=156672012420194) request_id=566097 zil_blk_id=35996 ccf_commit_seqno=566097 nstreams_done_=9000 config.nstreams=20000 avg_latency=0.8463 ms avg throuhgput (requests/sec) = 86.4404 res=false
*==== INFO ====* req_id_count= 9500 stream_id=37996 latency=0.867563 ms (tx_ts=156677754832330, rx_ts=156677755699893) request_id=597532 zil_blk_id=37996 ccf_commit_seqno=597535 nstreams_done_=9500 config.nstreams=20000 avg_latency=0.8456 ms avg throuhgput (requests/sec) = 86.4727 res=false
*==== INFO ====* req_id_count= 10000 stream_id=39996 latency=0.665615 ms (tx_ts=156683562118007, rx_ts=156683562783622) request_id=629060 zil_blk_id=39996 ccf_commit_seqno=629061 nstreams_done_=10000 config.nstreams=20000 avg_latency=0.8487 ms avg throuhgput (requests/sec) = 86.4541 res=false
*==== INFO ====* req_id_count= 10500 stream_id=41996 latency=0.744683 ms (tx_ts=156689350405016, rx_ts=156689351149699) request_id=660776 zil_blk_id=41996 ccf_commit_seqno=660777 nstreams_done_=10500 config.nstreams=20000 avg_latency=0.8503 ms avg throuhgput (requests/sec) = 86.4506 res=false
*==== INFO ====* req_id_count= 11000 stream_id=43996 latency=0.919280 ms (tx_ts=156695099967326, rx_ts=156695100886606) request_id=692317 zil_blk_id=43996 ccf_commit_seqno=692319 nstreams_done_=11000 config.nstreams=20000 avg_latency=0.8490 ms avg throuhgput (requests/sec) = 86.4736 res=false
*==== INFO ====* req_id_count= 11500 stream_id=45996 latency=0.893875 ms (tx_ts=156700854619742, rx_ts=156700855513617) request_id=723878 zil_blk_id=45996 ccf_commit_seqno=723880 nstreams_done_=11500 config.nstreams=20000 avg_latency=0.8494 ms avg throuhgput (requests/sec) = 86.4915 res=false
*==== INFO ====* req_id_count= 12000 stream_id=47996 latency=0.804694 ms (tx_ts=156706600576971, rx_ts=156706601381665) request_id=755372 zil_blk_id=47996 ccf_commit_seqno=755372 nstreams_done_=12000 config.nstreams=20000 avg_latency=0.8489 ms avg throuhgput (requests/sec) = 86.5133 res=false
*==== INFO ====* req_id_count= 12500 stream_id=49996 latency=0.921313 ms (tx_ts=156712340930349, rx_ts=156712341851662) request_id=786882 zil_blk_id=49996 ccf_commit_seqno=786883 nstreams_done_=12500 config.nstreams=20000 avg_latency=0.8483 ms avg throuhgput (requests/sec) = 86.5367 res=false
*==== INFO ====* req_id_count= 13000 stream_id=51996 latency=0.941851 ms (tx_ts=156718067174624, rx_ts=156718068116475) request_id=818316 zil_blk_id=51996 ccf_commit_seqno=818317 nstreams_done_=13000 config.nstreams=20000 avg_latency=0.8475 ms avg throuhgput (requests/sec) = 86.5664 res=false
*==== INFO ====* req_id_count= 13500 stream_id=53996 latency=0.653912 ms (tx_ts=156723811591295, rx_ts=156723812245207) request_id=849847 zil_blk_id=53996 ccf_commit_seqno=849848 nstreams_done_=13500 config.nstreams=20000 avg_latency=0.8472 ms avg throuhgput (requests/sec) = 86.5841 res=false
*==== INFO ====* req_id_count= 14000 stream_id=55996 latency=0.874696 ms (tx_ts=156729559862415, rx_ts=156729560737111) request_id=881373 zil_blk_id=55996 ccf_commit_seqno=881374 nstreams_done_=14000 config.nstreams=20000 avg_latency=0.8473 ms avg throuhgput (requests/sec) = 86.5981 res=false
*==== INFO ====* req_id_count= 14500 stream_id=57996 latency=0.799587 ms (tx_ts=156735323021229, rx_ts=156735323820816) request_id=913016 zil_blk_id=57996 ccf_commit_seqno=913016 nstreams_done_=14500 config.nstreams=20000 avg_latency=0.8473 ms avg throuhgput (requests/sec) = 86.6037 res=false
*==== INFO ====* req_id_count= 15000 stream_id=59996 latency=0.980424 ms (tx_ts=156741084519412, rx_ts=156741085499836) request_id=944663 zil_blk_id=59996 ccf_commit_seqno=944665 nstreams_done_=15000 config.nstreams=20000 avg_latency=0.8476 ms avg throuhgput (requests/sec) = 86.6096 res=false
*==== INFO ====* req_id_count= 15500 stream_id=61996 latency=0.841414 ms (tx_ts=156746831394204, rx_ts=156746832235618) request_id=976190 zil_blk_id=61996 ccf_commit_seqno=976191 nstreams_done_=15500 config.nstreams=20000 avg_latency=0.8480 ms avg throuhgput (requests/sec) = 86.6223 res=false
*==== INFO ====* req_id_count= 16000 stream_id=63996 latency=1.092995 ms (tx_ts=156752580364283, rx_ts=156752581457278) request_id=1007762 zil_blk_id=63996 ccf_commit_seqno=1007763 nstreams_done_=16000 config.nstreams=20000 avg_latency=0.8473 ms avg throuhgput (requests/sec) = 86.6331 res=false
*==== INFO ====* req_id_count= 16500 stream_id=65996 latency=0.653392 ms (tx_ts=156758335341861, rx_ts=156758335995253) request_id=1039355 zil_blk_id=65996 ccf_commit_seqno=1039355 nstreams_done_=16500 config.nstreams=20000 avg_latency=0.8474 ms avg throuhgput (requests/sec) = 86.6408 res=false
*==== INFO ====* req_id_count= 17000 stream_id=67996 latency=0.897459 ms (tx_ts=156764108347873, rx_ts=156764109245332) request_id=1070904 zil_blk_id=67996 ccf_commit_seqno=1070906 nstreams_done_=17000 config.nstreams=20000 avg_latency=0.8488 ms avg throuhgput (requests/sec) = 86.6397 res=false
*==== INFO ====* req_id_count= 17500 stream_id=69996 latency=0.870197 ms (tx_ts=156769859239665, rx_ts=156769860109862) request_id=1102470 zil_blk_id=69996 ccf_commit_seqno=1102473 nstreams_done_=17500 config.nstreams=20000 avg_latency=0.8490 ms avg throuhgput (requests/sec) = 86.6484 res=false
*==== INFO ====* req_id_count= 18000 stream_id=71996 latency=0.779609 ms (tx_ts=156775602444165, rx_ts=156775603223774) request_id=1134065 zil_blk_id=71996 ccf_commit_seqno=1134066 nstreams_done_=18000 config.nstreams=20000 avg_latency=0.8482 ms avg throuhgput (requests/sec) = 86.6598 res=false
*==== INFO ====* req_id_count= 18500 stream_id=73996 latency=0.989781 ms (tx_ts=156781372208437, rx_ts=156781373198218) request_id=1165754 zil_blk_id=73996 ccf_commit_seqno=1165756 nstreams_done_=18500 config.nstreams=20000 avg_latency=0.8485 ms avg throuhgput (requests/sec) = 86.6597 res=false
*==== INFO ====* req_id_count= 19000 stream_id=75996 latency=0.635279 ms (tx_ts=156787125802520, rx_ts=156787126437799) request_id=1197372 zil_blk_id=75996 ccf_commit_seqno=1197372 nstreams_done_=19000 config.nstreams=20000 avg_latency=0.8483 ms avg throuhgput (requests/sec) = 86.6662 res=false
*==== INFO ====* req_id_count= 19500 stream_id=77996 latency=0.685071 ms (tx_ts=156792872402146, rx_ts=156792873087217) request_id=1228920 zil_blk_id=77996 ccf_commit_seqno=1228921 nstreams_done_=19500 config.nstreams=20000 avg_latency=0.8481 ms avg throuhgput (requests/sec) = 86.6749 res=false
*==== INFO ====* http_end_stream ALL streams done! nstreams_done_=20000 avg_latency=0.8478 msreq_id_count= 20000
*==== INFO ====* req_id_count= 20000 stream_id=79996 latency=0.956690 ms (tx_ts=156798623651661, rx_ts=156798624608351) request_id=1258730 zil_blk_id=79996 ccf_commit_seqno=1258733 nstreams_done_=20000 config.nstreams=20000 avg_latency=0.8478 ms avg throuhgput (requests/sec) = 86.6813 res=true
