Uniform: 826708 291886 788922 601255 122881 
Exponential: -2147483648 -2147483648 -2147483648 -2147483648 -2147483648 
Truncated Normal: 819450 344583 524219 161295 428100 
*==== INFO ====* req_id_count= 500 stream_id=1996 latency=0.749382 ms (tx_ts=156573749766100, rx_ts=156573750515482) request_id=31049 zil_blk_id=1996 ccf_commit_seqno=31051 nstreams_done_=500 config.nstreams=20000 avg_latency=0.8351 ms avg throuhgput (requests/sec) = 85.3655 res=false
*==== INFO ====* req_id_count= 1000 stream_id=3996 latency=0.708926 ms (tx_ts=156579559170317, rx_ts=156579559879243) request_id=62421 zil_blk_id=3996 ccf_commit_seqno=62422 nstreams_done_=1000 config.nstreams=20000 avg_latency=0.8287 ms avg throuhgput (requests/sec) = 85.7153 res=false
*==== INFO ====* req_id_count= 1500 stream_id=5996 latency=0.805687 ms (tx_ts=156585326957509, rx_ts=156585327763196) request_id=93691 zil_blk_id=5996 ccf_commit_seqno=93694 nstreams_done_=1500 config.nstreams=20000 avg_latency=0.8273 ms avg throuhgput (requests/sec) = 86.0367 res=false
*==== INFO ====* req_id_count= 2000 stream_id=7996 latency=0.839982 ms (tx_ts=156591075467372, rx_ts=156591076307354) request_id=124914 zil_blk_id=7996 ccf_commit_seqno=124914 nstreams_done_=2000 config.nstreams=20000 avg_latency=0.8218 ms avg throuhgput (requests/sec) = 86.2703 res=false
*==== INFO ====* req_id_count= 2500 stream_id=9996 latency=0.594242 ms (tx_ts=156596827893649, rx_ts=156596828487891) request_id=156156 zil_blk_id=9996 ccf_commit_seqno=156156 nstreams_done_=2500 config.nstreams=20000 avg_latency=0.8212 ms avg throuhgput (requests/sec) = 86.4001 res=false
*==== INFO ====* req_id_count= 3000 stream_id=11996 latency=0.935059 ms (tx_ts=156602574323547, rx_ts=156602575258606) request_id=187329 zil_blk_id=11996 ccf_commit_seqno=187330 nstreams_done_=3000 config.nstreams=20000 avg_latency=0.8218 ms avg throuhgput (requests/sec) = 86.5004 res=false
*==== INFO ====* req_id_count= 3500 stream_id=13996 latency=0.911936 ms (tx_ts=156608332281109, rx_ts=156608333193045) request_id=218665 zil_blk_id=13996 ccf_commit_seqno=218666 nstreams_done_=3500 config.nstreams=20000 avg_latency=0.8218 ms avg throuhgput (requests/sec) = 86.5483 res=false
*==== INFO ====* req_id_count= 4000 stream_id=15996 latency=0.644996 ms (tx_ts=156614083718524, rx_ts=156614084363520) request_id=249972 zil_blk_id=15996 ccf_commit_seqno=249973 nstreams_done_=4000 config.nstreams=20000 avg_latency=0.8213 ms avg throuhgput (requests/sec) = 86.5969 res=false
*==== INFO ====* req_id_count= 4500 stream_id=17996 latency=0.891849 ms (tx_ts=156619836504930, rx_ts=156619837396779) request_id=281283 zil_blk_id=17996 ccf_commit_seqno=281283 nstreams_done_=4500 config.nstreams=20000 avg_latency=0.8205 ms avg throuhgput (requests/sec) = 86.6317 res=false
*==== INFO ====* req_id_count= 5000 stream_id=19996 latency=0.789537 ms (tx_ts=156625606730744, rx_ts=156625607520281) request_id=312641 zil_blk_id=19996 ccf_commit_seqno=312641 nstreams_done_=5000 config.nstreams=20000 avg_latency=0.8247 ms avg throuhgput (requests/sec) = 86.6338 res=false
*==== INFO ====* req_id_count= 5500 stream_id=21996 latency=0.620421 ms (tx_ts=156631339421833, rx_ts=156631340042254) request_id=343829 zil_blk_id=21996 ccf_commit_seqno=343829 nstreams_done_=5500 config.nstreams=20000 avg_latency=0.8248 ms avg throuhgput (requests/sec) = 86.6869 res=false
*==== INFO ====* req_id_count= 6000 stream_id=23996 latency=0.635389 ms (tx_ts=156637080134405, rx_ts=156637080769794) request_id=375180 zil_blk_id=23996 ccf_commit_seqno=375181 nstreams_done_=6000 config.nstreams=20000 avg_latency=0.8246 ms avg throuhgput (requests/sec) = 86.7210 res=false
*==== INFO ====* req_id_count= 6500 stream_id=25996 latency=0.809664 ms (tx_ts=156642827439182, rx_ts=156642828248846) request_id=406615 zil_blk_id=25996 ccf_commit_seqno=406617 nstreams_done_=6500 config.nstreams=20000 avg_latency=0.8241 ms avg throuhgput (requests/sec) = 86.7420 res=false
*==== INFO ====* req_id_count= 7000 stream_id=27996 latency=0.721088 ms (tx_ts=156648576478967, rx_ts=156648577200055) request_id=438026 zil_blk_id=27996 ccf_commit_seqno=438026 nstreams_done_=7000 config.nstreams=20000 avg_latency=0.8233 ms avg throuhgput (requests/sec) = 86.7584 res=false
*==== INFO ====* req_id_count= 7500 stream_id=29996 latency=0.662107 ms (tx_ts=156654329456632, rx_ts=156654330118739) request_id=469492 zil_blk_id=29996 ccf_commit_seqno=469492 nstreams_done_=7500 config.nstreams=20000 avg_latency=0.8243 ms avg throuhgput (requests/sec) = 86.7686 res=false
*==== INFO ====* req_id_count= 8000 stream_id=31996 latency=0.842666 ms (tx_ts=156660093019714, rx_ts=156660093862380) request_id=500964 zil_blk_id=31996 ccf_commit_seqno=500965 nstreams_done_=8000 config.nstreams=20000 avg_latency=0.8247 ms avg throuhgput (requests/sec) = 86.7674 res=false
*==== INFO ====* req_id_count= 8500 stream_id=33996 latency=0.994069 ms (tx_ts=156665869712345, rx_ts=156665870706414) request_id=532469 zil_blk_id=33996 ccf_commit_seqno=532471 nstreams_done_=8500 config.nstreams=20000 avg_latency=0.8272 ms avg throuhgput (requests/sec) = 86.7547 res=false
*==== INFO ====* req_id_count= 9000 stream_id=35996 latency=0.983138 ms (tx_ts=156671614372549, rx_ts=156671615355687) request_id=563922 zil_blk_id=35996 ccf_commit_seqno=563923 nstreams_done_=9000 config.nstreams=20000 avg_latency=0.8269 ms avg throuhgput (requests/sec) = 86.7704 res=false
*==== INFO ====* req_id_count= 9500 stream_id=37996 latency=0.669462 ms (tx_ts=156677364782184, rx_ts=156677365451646) request_id=595403 zil_blk_id=37996 ccf_commit_seqno=595404 nstreams_done_=9500 config.nstreams=20000 avg_latency=0.8270 ms avg throuhgput (requests/sec) = 86.7801 res=false
*==== INFO ====* req_id_count= 10000 stream_id=39996 latency=12.742443 ms (tx_ts=156683143432163, rx_ts=156683156174606) request_id=626886 zil_blk_id=39996 ccf_commit_seqno=626888 nstreams_done_=10000 config.nstreams=20000 avg_latency=0.8291 ms avg throuhgput (requests/sec) = 86.7582 res=false
*==== INFO ====* req_id_count= 10500 stream_id=41996 latency=1.055003 ms (tx_ts=156688923459214, rx_ts=156688924514217) request_id=658429 zil_blk_id=41996 ccf_commit_seqno=658430 nstreams_done_=10500 config.nstreams=20000 avg_latency=0.8302 ms avg throuhgput (requests/sec) = 86.7545 res=false
*==== INFO ====* req_id_count= 11000 stream_id=43996 latency=0.622374 ms (tx_ts=156694670066983, rx_ts=156694670689357) request_id=689958 zil_blk_id=43996 ccf_commit_seqno=689958 nstreams_done_=11000 config.nstreams=20000 avg_latency=0.8295 ms avg throuhgput (requests/sec) = 86.7663 res=false
*==== INFO ====* req_id_count= 11500 stream_id=45996 latency=0.963543 ms (tx_ts=156700411913356, rx_ts=156700412876899) request_id=721466 zil_blk_id=45996 ccf_commit_seqno=721469 nstreams_done_=11500 config.nstreams=20000 avg_latency=0.8300 ms avg throuhgput (requests/sec) = 86.7797 res=false
*==== INFO ====* req_id_count= 12000 stream_id=47996 latency=0.650055 ms (tx_ts=156706163678911, rx_ts=156706164328966) request_id=752988 zil_blk_id=47996 ccf_commit_seqno=752988 nstreams_done_=12000 config.nstreams=20000 avg_latency=0.8302 ms avg throuhgput (requests/sec) = 86.7861 res=false
*==== INFO ====* req_id_count= 12500 stream_id=49996 latency=0.878232 ms (tx_ts=156711910931718, rx_ts=156711911809950) request_id=784523 zil_blk_id=49996 ccf_commit_seqno=784524 nstreams_done_=12500 config.nstreams=20000 avg_latency=0.8301 ms avg throuhgput (requests/sec) = 86.7944 res=false
*==== INFO ====* req_id_count= 13000 stream_id=51996 latency=0.595844 ms (tx_ts=156717665350736, rx_ts=156717665946580) request_id=816099 zil_blk_id=51996 ccf_commit_seqno=816099 nstreams_done_=13000 config.nstreams=20000 avg_latency=0.8298 ms avg throuhgput (requests/sec) = 86.7983 res=false
*==== INFO ====* req_id_count= 13500 stream_id=53996 latency=0.945839 ms (tx_ts=156723401993065, rx_ts=156723402938904) request_id=847582 zil_blk_id=53996 ccf_commit_seqno=847583 nstreams_done_=13500 config.nstreams=20000 avg_latency=0.8293 ms avg throuhgput (requests/sec) = 86.8114 res=false
*==== INFO ====* req_id_count= 14000 stream_id=55996 latency=0.664012 ms (tx_ts=156729141166573, rx_ts=156729141830585) request_id=879070 zil_blk_id=55996 ccf_commit_seqno=879070 nstreams_done_=14000 config.nstreams=20000 avg_latency=0.8297 ms avg throuhgput (requests/sec) = 86.8225 res=false
*==== INFO ====* req_id_count= 14500 stream_id=57996 latency=0.977560 ms (tx_ts=156734881051783, rx_ts=156734882029343) request_id=910589 zil_blk_id=57996 ccf_commit_seqno=910592 nstreams_done_=14500 config.nstreams=20000 avg_latency=0.8292 ms avg throuhgput (requests/sec) = 86.8322 res=false
*==== INFO ====* req_id_count= 15000 stream_id=59996 latency=0.841113 ms (tx_ts=156740629041796, rx_ts=156740629882909) request_id=942148 zil_blk_id=59996 ccf_commit_seqno=942149 nstreams_done_=15000 config.nstreams=20000 avg_latency=0.8289 ms avg throuhgput (requests/sec) = 86.8374 res=false
*==== INFO ====* req_id_count= 15500 stream_id=61996 latency=0.788836 ms (tx_ts=156746393578002, rx_ts=156746394366838) request_id=973789 zil_blk_id=61996 ccf_commit_seqno=973791 nstreams_done_=15500 config.nstreams=20000 avg_latency=0.8297 ms avg throuhgput (requests/sec) = 86.8342 res=false
*==== INFO ====* req_id_count= 16000 stream_id=63996 latency=0.871711 ms (tx_ts=156752139618861, rx_ts=156752140490572) request_id=1005335 zil_blk_id=63996 ccf_commit_seqno=1005340 nstreams_done_=16000 config.nstreams=20000 avg_latency=0.8298 ms avg throuhgput (requests/sec) = 86.8399 res=false
*==== INFO ====* req_id_count= 16500 stream_id=65996 latency=0.738852 ms (tx_ts=156757884033389, rx_ts=156757884772241) request_id=1036869 zil_blk_id=65996 ccf_commit_seqno=1036870 nstreams_done_=16500 config.nstreams=20000 avg_latency=0.8303 ms avg throuhgput (requests/sec) = 86.8460 res=false
*==== INFO ====* req_id_count= 17000 stream_id=67996 latency=0.919620 ms (tx_ts=156763662261743, rx_ts=156763663181363) request_id=1068454 zil_blk_id=67996 ccf_commit_seqno=1068457 nstreams_done_=17000 config.nstreams=20000 avg_latency=0.8318 ms avg throuhgput (requests/sec) = 86.8367 res=false
*==== INFO ====* req_id_count= 17500 stream_id=69996 latency=3.255525 ms (tx_ts=156769412699836, rx_ts=156769415955361) request_id=1100028 zil_blk_id=69996 ccf_commit_seqno=1100029 nstreams_done_=17500 config.nstreams=20000 avg_latency=0.8314 ms avg throuhgput (requests/sec) = 86.8389 res=false
*==== INFO ====* req_id_count= 18000 stream_id=71996 latency=0.744833 ms (tx_ts=156775139707564, rx_ts=156775140452397) request_id=1131524 zil_blk_id=71996 ccf_commit_seqno=1131526 nstreams_done_=18000 config.nstreams=20000 avg_latency=0.8303 ms avg throuhgput (requests/sec) = 86.8528 res=false
*==== INFO ====* req_id_count= 18500 stream_id=73996 latency=0.938165 ms (tx_ts=156780891916832, rx_ts=156780892854997) request_id=1163104 zil_blk_id=73996 ccf_commit_seqno=1163105 nstreams_done_=18500 config.nstreams=20000 avg_latency=0.8301 ms avg throuhgput (requests/sec) = 86.8547 res=false
*==== INFO ====* req_id_count= 19000 stream_id=75996 latency=0.723473 ms (tx_ts=156786640915491, rx_ts=156786641638964) request_id=1194697 zil_blk_id=75996 ccf_commit_seqno=1194697 nstreams_done_=19000 config.nstreams=20000 avg_latency=0.8300 ms avg throuhgput (requests/sec) = 86.8578 res=false
*==== INFO ====* req_id_count= 19500 stream_id=77996 latency=0.618697 ms (tx_ts=156792383629753, rx_ts=156792384248450) request_id=1226227 zil_blk_id=77996 ccf_commit_seqno=1226227 nstreams_done_=19500 config.nstreams=20000 avg_latency=0.8301 ms avg throuhgput (requests/sec) = 86.8632 res=false
*==== INFO ====* http_end_stream ALL streams done! nstreams_done_=20000 avg_latency=0.8297 msreq_id_count= 20000
*==== INFO ====* req_id_count= 20000 stream_id=79996 latency=0.934949 ms (tx_ts=156798133589634, rx_ts=156798134524583) request_id=1256553 zil_blk_id=79996 ccf_commit_seqno=1256555 nstreams_done_=20000 config.nstreams=20000 avg_latency=0.8297 ms avg throuhgput (requests/sec) = 86.8654 res=true
