Uniform: 199768 455601 94048 257423 373891 
Exponential: -2147483648 -2147483648 -2147483648 -2147483648 -2147483648 
Truncated Normal: 419341 478187 726096 738630 551163 
*==== INFO ====* req_id_count= 500 stream_id=1996 latency=0.745355 ms (tx_ts=156573791093971, rx_ts=156573791839326) request_id=31261 zil_blk_id=1996 ccf_commit_seqno=31262 nstreams_done_=500 config.nstreams=20000 avg_latency=0.8656 ms avg throuhgput (requests/sec) = 84.6951 res=false
*==== INFO ====* req_id_count= 1000 stream_id=3996 latency=0.809705 ms (tx_ts=156579652098113, rx_ts=156579652907818) request_id=62926 zil_blk_id=3996 ccf_commit_seqno=62926 nstreams_done_=1000 config.nstreams=20000 avg_latency=0.8411 ms avg throuhgput (requests/sec) = 85.0008 res=false
*==== INFO ====* req_id_count= 1500 stream_id=5996 latency=1.011733 ms (tx_ts=156585485726435, rx_ts=156585486738168) request_id=94550 zil_blk_id=5996 ccf_commit_seqno=94553 nstreams_done_=1500 config.nstreams=20000 avg_latency=0.8423 ms avg throuhgput (requests/sec) = 85.2349 res=false
*==== INFO ====* req_id_count= 2000 stream_id=7996 latency=1.018495 ms (tx_ts=156591303196351, rx_ts=156591304214846) request_id=126144 zil_blk_id=7996 ccf_commit_seqno=126147 nstreams_done_=2000 config.nstreams=20000 avg_latency=0.8340 ms avg throuhgput (requests/sec) = 85.4120 res=false
*==== INFO ====* req_id_count= 2500 stream_id=9996 latency=0.635208 ms (tx_ts=156597120877332, rx_ts=156597121512540) request_id=157742 zil_blk_id=9996 ccf_commit_seqno=157743 nstreams_done_=2500 config.nstreams=20000 avg_latency=0.8264 ms avg throuhgput (requests/sec) = 85.5192 res=false
*==== INFO ====* req_id_count= 3000 stream_id=11996 latency=1.018793 ms (tx_ts=156602952580707, rx_ts=156602953599500) request_id=189379 zil_blk_id=11996 ccf_commit_seqno=189383 nstreams_done_=3000 config.nstreams=20000 avg_latency=0.8249 ms avg throuhgput (requests/sec) = 85.5547 res=false
*==== INFO ====* req_id_count= 3500 stream_id=13996 latency=0.960997 ms (tx_ts=156608781456000, rx_ts=156608782416997) request_id=221102 zil_blk_id=13996 ccf_commit_seqno=221103 nstreams_done_=3500 config.nstreams=20000 avg_latency=0.8240 ms avg throuhgput (requests/sec) = 85.5869 res=false
*==== INFO ====* req_id_count= 4000 stream_id=15996 latency=0.722080 ms (tx_ts=156614593979866, rx_ts=156614594701946) request_id=252748 zil_blk_id=15996 ccf_commit_seqno=252749 nstreams_done_=4000 config.nstreams=20000 avg_latency=0.8247 ms avg throuhgput (requests/sec) = 85.6414 res=false
*==== INFO ====* req_id_count= 4500 stream_id=17996 latency=1.247023 ms (tx_ts=156620395045269, rx_ts=156620396292292) request_id=284320 zil_blk_id=17996 ccf_commit_seqno=284322 nstreams_done_=4500 config.nstreams=20000 avg_latency=0.8280 ms avg throuhgput (requests/sec) = 85.7013 res=false
*==== INFO ====* req_id_count= 5000 stream_id=19996 latency=0.788255 ms (tx_ts=156626208804256, rx_ts=156626209592511) request_id=315922 zil_blk_id=19996 ccf_commit_seqno=315923 nstreams_done_=5000 config.nstreams=20000 avg_latency=0.8264 ms avg throuhgput (requests/sec) = 85.7320 res=false
*==== INFO ====* req_id_count= 5500 stream_id=21996 latency=0.962801 ms (tx_ts=156632021904893, rx_ts=156632022867694) request_id=347563 zil_blk_id=21996 ccf_commit_seqno=347566 nstreams_done_=5500 config.nstreams=20000 avg_latency=0.8271 ms avg throuhgput (requests/sec) = 85.7572 res=false
*==== INFO ====* req_id_count= 6000 stream_id=23996 latency=0.668721 ms (tx_ts=156637851315203, rx_ts=156637851983924) request_id=379384 zil_blk_id=23996 ccf_commit_seqno=379385 nstreams_done_=6000 config.nstreams=20000 avg_latency=0.8274 ms avg throuhgput (requests/sec) = 85.7588 res=false
*==== INFO ====* req_id_count= 6500 stream_id=25996 latency=0.755833 ms (tx_ts=156643645191387, rx_ts=156643645947220) request_id=411073 zil_blk_id=25996 ccf_commit_seqno=411074 nstreams_done_=6500 config.nstreams=20000 avg_latency=0.8257 ms avg throuhgput (requests/sec) = 85.7999 res=false
*==== INFO ====* req_id_count= 7000 stream_id=27996 latency=0.724885 ms (tx_ts=156649436987511, rx_ts=156649437712396) request_id=442744 zil_blk_id=27996 ccf_commit_seqno=442746 nstreams_done_=7000 config.nstreams=20000 avg_latency=0.8243 ms avg throuhgput (requests/sec) = 85.8375 res=false
*==== INFO ====* req_id_count= 7500 stream_id=29996 latency=0.717199 ms (tx_ts=156655236651600, rx_ts=156655237368799) request_id=474456 zil_blk_id=29996 ccf_commit_seqno=474456 nstreams_done_=7500 config.nstreams=20000 avg_latency=0.8232 ms avg throuhgput (requests/sec) = 85.8624 res=false
*==== INFO ====* req_id_count= 8000 stream_id=31996 latency=0.907631 ms (tx_ts=156661042288365, rx_ts=156661043195996) request_id=506143 zil_blk_id=31996 ccf_commit_seqno=506148 nstreams_done_=8000 config.nstreams=20000 avg_latency=0.8243 ms avg throuhgput (requests/sec) = 85.8785 res=false
*==== INFO ====* req_id_count= 8500 stream_id=33996 latency=0.947021 ms (tx_ts=156666838729526, rx_ts=156666839676547) request_id=537784 zil_blk_id=33996 ccf_commit_seqno=537788 nstreams_done_=8500 config.nstreams=20000 avg_latency=0.8247 ms avg throuhgput (requests/sec) = 85.9008 res=false
*==== INFO ====* req_id_count= 9000 stream_id=35996 latency=0.869506 ms (tx_ts=156672633049306, rx_ts=156672633918812) request_id=569510 zil_blk_id=35996 ccf_commit_seqno=569514 nstreams_done_=9000 config.nstreams=20000 avg_latency=0.8236 ms avg throuhgput (requests/sec) = 85.9225 res=false
*==== INFO ====* req_id_count= 9500 stream_id=37996 latency=0.746797 ms (tx_ts=156678430205729, rx_ts=156678430952526) request_id=601220 zil_blk_id=37996 ccf_commit_seqno=601222 nstreams_done_=9500 config.nstreams=20000 avg_latency=0.8226 ms avg throuhgput (requests/sec) = 85.9397 res=false
*==== INFO ====* req_id_count= 10000 stream_id=39996 latency=0.892356 ms (tx_ts=156684265018067, rx_ts=156684265910423) request_id=632905 zil_blk_id=39996 ccf_commit_seqno=632905 nstreams_done_=10000 config.nstreams=20000 avg_latency=0.8244 ms avg throuhgput (requests/sec) = 85.9272 res=false
*==== INFO ====* req_id_count= 10500 stream_id=41996 latency=0.967049 ms (tx_ts=156690048171024, rx_ts=156690049138073) request_id=664604 zil_blk_id=41996 ccf_commit_seqno=664604 nstreams_done_=10500 config.nstreams=20000 avg_latency=0.8245 ms avg throuhgput (requests/sec) = 85.9523 res=false
*==== INFO ====* req_id_count= 11000 stream_id=43996 latency=0.908941 ms (tx_ts=156695812428569, rx_ts=156695813337510) request_id=696238 zil_blk_id=43996 ccf_commit_seqno=696240 nstreams_done_=11000 config.nstreams=20000 avg_latency=0.8241 ms avg throuhgput (requests/sec) = 85.9879 res=false
*==== INFO ====* req_id_count= 11500 stream_id=45996 latency=0.679773 ms (tx_ts=156701576615251, rx_ts=156701577295024) request_id=727816 zil_blk_id=45996 ccf_commit_seqno=727817 nstreams_done_=11500 config.nstreams=20000 avg_latency=0.8245 ms avg throuhgput (requests/sec) = 86.0205 res=false
*==== INFO ====* req_id_count= 12000 stream_id=47996 latency=0.831849 ms (tx_ts=156707340363891, rx_ts=156707341195740) request_id=759424 zil_blk_id=47996 ccf_commit_seqno=759424 nstreams_done_=12000 config.nstreams=20000 avg_latency=0.8239 ms avg throuhgput (requests/sec) = 86.0506 res=false
*==== INFO ====* req_id_count= 12500 stream_id=49996 latency=0.995221 ms (tx_ts=156713101389480, rx_ts=156713102384701) request_id=791056 zil_blk_id=49996 ccf_commit_seqno=791057 nstreams_done_=12500 config.nstreams=20000 avg_latency=0.8240 ms avg throuhgput (requests/sec) = 86.0798 res=false
*==== INFO ====* req_id_count= 13000 stream_id=51996 latency=0.733802 ms (tx_ts=156718864858768, rx_ts=156718865592570) request_id=822687 zil_blk_id=51996 ccf_commit_seqno=822688 nstreams_done_=13000 config.nstreams=20000 avg_latency=0.8235 ms avg throuhgput (requests/sec) = 86.1057 res=false
*==== INFO ====* req_id_count= 13500 stream_id=53996 latency=0.993750 ms (tx_ts=156724621733524, rx_ts=156724622727274) request_id=854267 zil_blk_id=53996 ccf_commit_seqno=854269 nstreams_done_=13500 config.nstreams=20000 avg_latency=0.8225 ms avg throuhgput (requests/sec) = 86.1330 res=false
*==== INFO ====* req_id_count= 14000 stream_id=55996 latency=0.955253 ms (tx_ts=156730394545629, rx_ts=156730395500882) request_id=885955 zil_blk_id=55996 ccf_commit_seqno=885959 nstreams_done_=14000 config.nstreams=20000 avg_latency=0.8228 ms avg throuhgput (requests/sec) = 86.1500 res=false
*==== INFO ====* req_id_count= 14500 stream_id=57996 latency=0.708396 ms (tx_ts=156736150573890, rx_ts=156736151282286) request_id=917558 zil_blk_id=57996 ccf_commit_seqno=917559 nstreams_done_=14500 config.nstreams=20000 avg_latency=0.8222 ms avg throuhgput (requests/sec) = 86.1746 res=false
*==== INFO ====* req_id_count= 15000 stream_id=59996 latency=0.919040 ms (tx_ts=156741894311091, rx_ts=156741895230131) request_id=949099 zil_blk_id=59996 ccf_commit_seqno=949102 nstreams_done_=15000 config.nstreams=20000 avg_latency=0.8220 ms avg throuhgput (requests/sec) = 86.2035 res=false
*==== INFO ====* req_id_count= 15500 stream_id=61996 latency=0.642963 ms (tx_ts=156747650437420, rx_ts=156747651080383) request_id=980692 zil_blk_id=61996 ccf_commit_seqno=980692 nstreams_done_=15500 config.nstreams=20000 avg_latency=0.8220 ms avg throuhgput (requests/sec) = 86.2248 res=false
*==== INFO ====* req_id_count= 16000 stream_id=63996 latency=0.602616 ms (tx_ts=156753423711897, rx_ts=156753424314513) request_id=1012387 zil_blk_id=63996 ccf_commit_seqno=1012387 nstreams_done_=16000 config.nstreams=20000 avg_latency=0.8223 ms avg throuhgput (requests/sec) = 86.2366 res=false
*==== INFO ====* req_id_count= 16500 stream_id=65996 latency=0.661808 ms (tx_ts=156759190808267, rx_ts=156759191470075) request_id=1044052 zil_blk_id=65996 ccf_commit_seqno=1044052 nstreams_done_=16500 config.nstreams=20000 avg_latency=0.8227 ms avg throuhgput (requests/sec) = 86.2505 res=false
*==== INFO ====* req_id_count= 17000 stream_id=67996 latency=0.718811 ms (tx_ts=156764981851146, rx_ts=156764982569957) request_id=1075691 zil_blk_id=67996 ccf_commit_seqno=1075692 nstreams_done_=17000 config.nstreams=20000 avg_latency=0.8240 ms avg throuhgput (requests/sec) = 86.2531 res=false
*==== INFO ====* req_id_count= 17500 stream_id=69996 latency=0.668750 ms (tx_ts=156770730414640, rx_ts=156770731083390) request_id=1107266 zil_blk_id=69996 ccf_commit_seqno=1107267 nstreams_done_=17500 config.nstreams=20000 avg_latency=0.8237 ms avg throuhgput (requests/sec) = 86.2737 res=false
*==== INFO ====* req_id_count= 18000 stream_id=71996 latency=0.754221 ms (tx_ts=156776474009256, rx_ts=156776474763477) request_id=1138872 zil_blk_id=71996 ccf_commit_seqno=1138874 nstreams_done_=18000 config.nstreams=20000 avg_latency=0.8232 ms avg throuhgput (requests/sec) = 86.2952 res=false
*==== INFO ====* req_id_count= 18500 stream_id=73996 latency=0.895875 ms (tx_ts=156782235139012, rx_ts=156782236034887) request_id=1170489 zil_blk_id=73996 ccf_commit_seqno=1170492 nstreams_done_=18500 config.nstreams=20000 avg_latency=0.8235 ms avg throuhgput (requests/sec) = 86.3084 res=false
*==== INFO ====* req_id_count= 19000 stream_id=75996 latency=0.728292 ms (tx_ts=156788004232835, rx_ts=156788004961127) request_id=1202184 zil_blk_id=75996 ccf_commit_seqno=1202184 nstreams_done_=19000 config.nstreams=20000 avg_latency=0.8236 ms avg throuhgput (requests/sec) = 86.3179 res=false
*==== INFO ====* req_id_count= 19500 stream_id=77996 latency=0.949746 ms (tx_ts=156793754040552, rx_ts=156793754990298) request_id=1233764 zil_blk_id=77996 ccf_commit_seqno=1233765 nstreams_done_=19500 config.nstreams=20000 avg_latency=0.8233 ms avg throuhgput (requests/sec) = 86.3341 res=false
*==== INFO ====* http_end_stream ALL streams done! nstreams_done_=20000 avg_latency=0.8231 msreq_id_count= 20000
*==== INFO ====* req_id_count= 20000 stream_id=79996 latency=0.917069 ms (tx_ts=156799512678638, rx_ts=156799513595707) request_id=1262444 zil_blk_id=79996 ccf_commit_seqno=1262445 nstreams_done_=20000 config.nstreams=20000 avg_latency=0.8231 ms avg throuhgput (requests/sec) = 86.3464 res=true
