Uniform: 276143 697260 655235 326881 50307 
Exponential: -2147483648 -2147483648 -2147483648 -2147483648 -2147483648 
Truncated Normal: 348883 430603 527916 415740 604417 
*==== INFO ====* req_id_count= 500 stream_id=1996 latency=0.645317 ms (tx_ts=156573579351942, rx_ts=156573579997259) request_id=30138 zil_blk_id=667 ccf_commit_seqno=30139 nstreams_done_=500 config.nstreams=20000 avg_latency=0.7085 ms avg throuhgput (requests/sec) = 87.7806 res=false
*==== INFO ====* req_id_count= 1000 stream_id=3996 latency=0.670444 ms (tx_ts=156579278326752, rx_ts=156579278997196) request_id=60899 zil_blk_id=5980 ccf_commit_seqno=60900 nstreams_done_=1000 config.nstreams=20000 avg_latency=0.7035 ms avg throuhgput (requests/sec) = 87.7577 res=false
*==== INFO ====* req_id_count= 1500 stream_id=5996 latency=0.656378 ms (tx_ts=156584974234347, rx_ts=156584974890725) request_id=91784 zil_blk_id=11291 ccf_commit_seqno=91785 nstreams_done_=1500 config.nstreams=20000 avg_latency=0.7032 ms avg throuhgput (requests/sec) = 87.7660 res=false
*==== INFO ====* req_id_count= 2000 stream_id=7996 latency=0.779542 ms (tx_ts=156590683451633, rx_ts=156590684231175) request_id=122786 zil_blk_id=16616 ccf_commit_seqno=122788 nstreams_done_=2000 config.nstreams=20000 avg_latency=0.7065 ms avg throuhgput (requests/sec) = 87.7183 res=false
*==== INFO ====* req_id_count= 2500 stream_id=9996 latency=0.750915 ms (tx_ts=156596366225469, rx_ts=156596366976384) request_id=153660 zil_blk_id=21917 ccf_commit_seqno=153660 nstreams_done_=2500 config.nstreams=20000 avg_latency=0.7026 ms avg throuhgput (requests/sec) = 87.7717 res=false
*==== INFO ====* req_id_count= 3000 stream_id=11996 latency=0.581318 ms (tx_ts=156602064087531, rx_ts=156602064668849) request_id=184571 zil_blk_id=27234 ccf_commit_seqno=184571 nstreams_done_=3000 config.nstreams=20000 avg_latency=0.7043 ms avg throuhgput (requests/sec) = 87.7689 res=false
*==== INFO ====* req_id_count= 3500 stream_id=13996 latency=0.618587 ms (tx_ts=156607765507551, rx_ts=156607766126138) request_id=215589 zil_blk_id=32547 ccf_commit_seqno=215590 nstreams_done_=3500 config.nstreams=20000 avg_latency=0.7063 ms avg throuhgput (requests/sec) = 87.7586 res=false
*==== INFO ====* req_id_count= 4000 stream_id=15996 latency=0.597768 ms (tx_ts=156613487208037, rx_ts=156613487805805) request_id=246727 zil_blk_id=37877 ccf_commit_seqno=246728 nstreams_done_=4000 config.nstreams=20000 avg_latency=0.7095 ms avg throuhgput (requests/sec) = 87.7119 res=false
*==== INFO ====* req_id_count= 4500 stream_id=17996 latency=0.735706 ms (tx_ts=156619222102136, rx_ts=156619222837842) request_id=277950 zil_blk_id=43236 ccf_commit_seqno=277951 nstreams_done_=4500 config.nstreams=20000 avg_latency=0.7142 ms avg throuhgput (requests/sec) = 87.6529 res=false
*==== INFO ====* req_id_count= 5000 stream_id=19996 latency=1.437179 ms (tx_ts=156624925090113, rx_ts=156624926527292) request_id=308949 zil_blk_id=48576 ccf_commit_seqno=308950 nstreams_done_=5000 config.nstreams=20000 avg_latency=0.7141 ms avg throuhgput (requests/sec) = 87.6539 res=false
*==== INFO ====* req_id_count= 5500 stream_id=21996 latency=0.554604 ms (tx_ts=156630634055791, rx_ts=156630634610395) request_id=340004 zil_blk_id=53931 ccf_commit_seqno=340004 nstreams_done_=5500 config.nstreams=20000 avg_latency=0.7144 ms avg throuhgput (requests/sec) = 87.6485 res=false
*==== INFO ====* req_id_count= 6000 stream_id=23996 latency=0.542656 ms (tx_ts=156636351601612, rx_ts=156636352144268) request_id=371190 zil_blk_id=59293 ccf_commit_seqno=371191 nstreams_done_=6000 config.nstreams=20000 avg_latency=0.7133 ms avg throuhgput (requests/sec) = 87.6320 res=false
*==== INFO ====* req_id_count= 6500 stream_id=25996 latency=0.715188 ms (tx_ts=156642044763806, rx_ts=156642045478994) request_id=402332 zil_blk_id=64619 ccf_commit_seqno=402333 nstreams_done_=6500 config.nstreams=20000 avg_latency=0.7141 ms avg throuhgput (requests/sec) = 87.6466 res=false
*==== INFO ====* req_id_count= 7000 stream_id=27996 latency=0.855265 ms (tx_ts=156647747499461, rx_ts=156647748354726) request_id=433496 zil_blk_id=69960 ccf_commit_seqno=433498 nstreams_done_=7000 config.nstreams=20000 avg_latency=0.7130 ms avg throuhgput (requests/sec) = 87.6486 res=false
*==== INFO ====* req_id_count= 7500 stream_id=29996 latency=0.508657 ms (tx_ts=156653456787045, rx_ts=156653457295702) request_id=464728 zil_blk_id=75318 ccf_commit_seqno=464728 nstreams_done_=7500 config.nstreams=20000 avg_latency=0.7129 ms avg throuhgput (requests/sec) = 87.6441 res=false
*==== INFO ====* req_id_count= 8000 stream_id=31996 latency=0.507789 ms (tx_ts=156659165102531, rx_ts=156659165610320) request_id=495921 zil_blk_id=80673 ccf_commit_seqno=495921 nstreams_done_=8000 config.nstreams=20000 avg_latency=0.7136 ms avg throuhgput (requests/sec) = 87.6409 res=false
*==== INFO ====* req_id_count= 8500 stream_id=33996 latency=0.528298 ms (tx_ts=156664885224052, rx_ts=156664885752350) request_id=527075 zil_blk_id=86037 ccf_commit_seqno=527075 nstreams_done_=8500 config.nstreams=20000 avg_latency=0.7146 ms avg throuhgput (requests/sec) = 87.6273 res=false
*==== INFO ====* req_id_count= 9000 stream_id=35996 latency=0.470941 ms (tx_ts=156670568492823, rx_ts=156670568963764) request_id=558211 zil_blk_id=91360 ccf_commit_seqno=558211 nstreams_done_=9000 config.nstreams=20000 avg_latency=0.7139 ms avg throuhgput (requests/sec) = 87.6467 res=false
*==== INFO ====* req_id_count= 9500 stream_id=37996 latency=0.615381 ms (tx_ts=156676258439454, rx_ts=156676259054835) request_id=589338 zil_blk_id=96687 ccf_commit_seqno=589339 nstreams_done_=9500 config.nstreams=20000 avg_latency=0.7132 ms avg throuhgput (requests/sec) = 87.6585 res=false
*==== INFO ====* req_id_count= 10000 stream_id=39996 latency=0.572230 ms (tx_ts=156681949291376, rx_ts=156681949863606) request_id=620493 zil_blk_id=102020 ccf_commit_seqno=620493 nstreams_done_=10000 config.nstreams=20000 avg_latency=0.7130 ms avg throuhgput (requests/sec) = 87.6686 res=false
*==== INFO ====* req_id_count= 10500 stream_id=41996 latency=0.592178 ms (tx_ts=156687664320654, rx_ts=156687664912832) request_id=651542 zil_blk_id=107380 ccf_commit_seqno=651542 nstreams_done_=10500 config.nstreams=20000 avg_latency=0.7148 ms avg throuhgput (requests/sec) = 87.6600 res=false
*==== INFO ====* req_id_count= 11000 stream_id=43996 latency=0.864107 ms (tx_ts=156693369283174, rx_ts=156693370147281) request_id=682833 zil_blk_id=112730 ccf_commit_seqno=682838 nstreams_done_=11000 config.nstreams=20000 avg_latency=0.7154 ms avg throuhgput (requests/sec) = 87.6591 res=false
*==== INFO ====* req_id_count= 11500 stream_id=45996 latency=0.905664 ms (tx_ts=156699066591257, rx_ts=156699067496921) request_id=714099 zil_blk_id=118074 ccf_commit_seqno=714101 nstreams_done_=11500 config.nstreams=20000 avg_latency=0.7157 ms avg throuhgput (requests/sec) = 87.6635 res=false
*==== INFO ====* req_id_count= 12000 stream_id=47996 latency=0.653893 ms (tx_ts=156704775776299, rx_ts=156704776430192) request_id=745396 zil_blk_id=123430 ccf_commit_seqno=745396 nstreams_done_=12000 config.nstreams=20000 avg_latency=0.7160 ms avg throuhgput (requests/sec) = 87.6601 res=false
*==== INFO ====* req_id_count= 12500 stream_id=49996 latency=0.843167 ms (tx_ts=156710461048732, rx_ts=156710461891899) request_id=776559 zil_blk_id=128764 ccf_commit_seqno=776561 nstreams_done_=12500 config.nstreams=20000 avg_latency=0.7150 ms avg throuhgput (requests/sec) = 87.6714 res=false
*==== INFO ====* req_id_count= 13000 stream_id=51996 latency=0.548926 ms (tx_ts=156716163892984, rx_ts=156716164441910) request_id=807857 zil_blk_id=134117 ccf_commit_seqno=807858 nstreams_done_=13000 config.nstreams=20000 avg_latency=0.7149 ms avg throuhgput (requests/sec) = 87.6717 res=false
*==== INFO ====* req_id_count= 13500 stream_id=53996 latency=2.017684 ms (tx_ts=156721849616311, rx_ts=156721851633995) request_id=839072 zil_blk_id=139446 ccf_commit_seqno=839077 nstreams_done_=13500 config.nstreams=20000 avg_latency=0.7134 ms avg throuhgput (requests/sec) = 87.6808 res=false
*==== INFO ====* req_id_count= 14000 stream_id=55996 latency=0.464229 ms (tx_ts=156727555323799, rx_ts=156727555788028) request_id=870360 zil_blk_id=144768 ccf_commit_seqno=870360 nstreams_done_=14000 config.nstreams=20000 avg_latency=0.7145 ms avg throuhgput (requests/sec) = 87.6798 res=false
*==== INFO ====* req_id_count= 14500 stream_id=57996 latency=1.038612 ms (tx_ts=156733230271129, rx_ts=156733231309741) request_id=901531 zil_blk_id=150060 ccf_commit_seqno=901534 nstreams_done_=14500 config.nstreams=20000 avg_latency=0.7140 ms avg throuhgput (requests/sec) = 87.6942 res=false
*==== INFO ====* req_id_count= 15000 stream_id=59996 latency=0.613237 ms (tx_ts=156738926423710, rx_ts=156738927036947) request_id=932791 zil_blk_id=155404 ccf_commit_seqno=932791 nstreams_done_=15000 config.nstreams=20000 avg_latency=0.7137 ms avg throuhgput (requests/sec) = 87.6972 res=false
*==== INFO ====* req_id_count= 15500 stream_id=61996 latency=0.495076 ms (tx_ts=156744626859691, rx_ts=156744627354767) request_id=964080 zil_blk_id=160752 ccf_commit_seqno=964080 nstreams_done_=15500 config.nstreams=20000 avg_latency=0.7136 ms avg throuhgput (requests/sec) = 87.6978 res=false
*==== INFO ====* req_id_count= 16000 stream_id=63996 latency=1.824092 ms (tx_ts=156750324017317, rx_ts=156750325841409) request_id=995370 zil_blk_id=166098 ccf_commit_seqno=995370 nstreams_done_=16000 config.nstreams=20000 avg_latency=0.7137 ms avg throuhgput (requests/sec) = 87.6992 res=false
*==== INFO ====* req_id_count= 16500 stream_id=65996 latency=0.944373 ms (tx_ts=156756031766236, rx_ts=156756032710609) request_id=1026700 zil_blk_id=171453 ccf_commit_seqno=1026705 nstreams_done_=16500 config.nstreams=20000 avg_latency=0.7141 ms avg throuhgput (requests/sec) = 87.6966 res=false
*==== INFO ====* req_id_count= 17000 stream_id=67996 latency=0.690542 ms (tx_ts=156761746741405, rx_ts=156761747431947) request_id=1057952 zil_blk_id=176814 ccf_commit_seqno=1057952 nstreams_done_=17000 config.nstreams=20000 avg_latency=0.7152 ms avg throuhgput (requests/sec) = 87.6906 res=false
*==== INFO ====* req_id_count= 17500 stream_id=69996 latency=0.771854 ms (tx_ts=156767437799294, rx_ts=156767438571148) request_id=1089188 zil_blk_id=182147 ccf_commit_seqno=1089192 nstreams_done_=17500 config.nstreams=20000 avg_latency=0.7149 ms avg throuhgput (requests/sec) = 87.6953 res=false
*==== INFO ====* req_id_count= 18000 stream_id=71996 latency=0.627984 ms (tx_ts=156773145551998, rx_ts=156773146179982) request_id=1120556 zil_blk_id=187501 ccf_commit_seqno=1120558 nstreams_done_=18000 config.nstreams=20000 avg_latency=0.7147 ms avg throuhgput (requests/sec) = 87.6927 res=false
*==== INFO ====* req_id_count= 18500 stream_id=73996 latency=0.719676 ms (tx_ts=156778836876600, rx_ts=156778837596276) request_id=1151834 zil_blk_id=192840 ccf_commit_seqno=1151834 nstreams_done_=18500 config.nstreams=20000 avg_latency=0.7146 ms avg throuhgput (requests/sec) = 87.6970 res=false
*==== INFO ====* req_id_count= 19000 stream_id=75996 latency=0.453097 ms (tx_ts=156784527578561, rx_ts=156784528031658) request_id=1183053 zil_blk_id=198178 ccf_commit_seqno=1183053 nstreams_done_=19000 config.nstreams=20000 avg_latency=0.7141 ms avg throuhgput (requests/sec) = 87.7015 res=false
*==== INFO ====* req_id_count= 19500 stream_id=77996 latency=0.644986 ms (tx_ts=156790219131728, rx_ts=156790219776714) request_id=1214336 zil_blk_id=203500 ccf_commit_seqno=1214337 nstreams_done_=19500 config.nstreams=20000 avg_latency=0.7139 ms avg throuhgput (requests/sec) = 87.7052 res=false
*==== INFO ====* http_end_stream ALL streams done! nstreams_done_=20000 avg_latency=0.7137 msreq_id_count= 20000
*==== INFO ====* req_id_count= 20000 stream_id=79996 latency=0.670264 ms (tx_ts=156795921231723, rx_ts=156795921901987) request_id=1245652 zil_blk_id=208850 ccf_commit_seqno=1245655 nstreams_done_=20000 config.nstreams=20000 avg_latency=0.7137 ms avg throuhgput (requests/sec) = 87.7047 res=true
