Uniform: 134949 357354 378567 558326 83214 
Exponential: -2147483648 -2147483648 -2147483648 -2147483648 -2147483648 
Truncated Normal: 442861 415046 601429 675873 248791 
*==== INFO ====* req_id_count= 500 stream_id=1996 latency=1.097393 ms (tx_ts=156573832460095, rx_ts=156573833557488) request_id=31470 zil_blk_id=1996 ccf_commit_seqno=31472 nstreams_done_=500 config.nstreams=20000 avg_latency=1.0328 ms avg throuhgput (requests/sec) = 84.4417 res=false
*==== INFO ====* req_id_count= 1000 stream_id=3996 latency=1.142257 ms (tx_ts=156579732201035, rx_ts=156579733343292) request_id=63343 zil_blk_id=3996 ccf_commit_seqno=63346 nstreams_done_=1000 config.nstreams=20000 avg_latency=1.0267 ms avg throuhgput (requests/sec) = 84.5950 res=false
*==== INFO ====* req_id_count= 1500 stream_id=5996 latency=1.060965 ms (tx_ts=156585629189967, rx_ts=156585630250932) request_id=95320 zil_blk_id=5996 ccf_commit_seqno=95324 nstreams_done_=1500 config.nstreams=20000 avg_latency=1.0138 ms avg throuhgput (requests/sec) = 84.6600 res=false
*==== INFO ====* req_id_count= 2000 stream_id=7996 latency=0.972970 ms (tx_ts=156591533541971, rx_ts=156591534514941) request_id=127389 zil_blk_id=7996 ccf_commit_seqno=127391 nstreams_done_=2000 config.nstreams=20000 avg_latency=1.0131 ms avg throuhgput (requests/sec) = 84.6661 res=false
*==== INFO ====* req_id_count= 2500 stream_id=9996 latency=0.848588 ms (tx_ts=156597511337347, rx_ts=156597512185935) request_id=159833 zil_blk_id=9996 ccf_commit_seqno=159835 nstreams_done_=2500 config.nstreams=20000 avg_latency=1.0292 ms avg throuhgput (requests/sec) = 84.4598 res=false
*==== INFO ====* req_id_count= 3000 stream_id=11996 latency=0.909482 ms (tx_ts=156603470560398, rx_ts=156603471469880) request_id=192188 zil_blk_id=11996 ccf_commit_seqno=192189 nstreams_done_=3000 config.nstreams=20000 avg_latency=1.0301 ms avg throuhgput (requests/sec) = 84.3665 res=false
*==== INFO ====* req_id_count= 3500 stream_id=13996 latency=1.128989 ms (tx_ts=156609372187929, rx_ts=156609373316918) request_id=224303 zil_blk_id=13996 ccf_commit_seqno=224304 nstreams_done_=3500 config.nstreams=20000 avg_latency=1.0282 ms avg throuhgput (requests/sec) = 84.4167 res=false
*==== INFO ====* req_id_count= 4000 stream_id=15996 latency=1.121728 ms (tx_ts=156615268955486, rx_ts=156615270077214) request_id=256425 zil_blk_id=15996 ccf_commit_seqno=256426 nstreams_done_=4000 config.nstreams=20000 avg_latency=1.0259 ms avg throuhgput (requests/sec) = 84.4634 res=false
*==== INFO ====* req_id_count= 4500 stream_id=17996 latency=0.970386 ms (tx_ts=156621185534187, rx_ts=156621186504573) request_id=288601 zil_blk_id=17996 ccf_commit_seqno=288601 nstreams_done_=4500 config.nstreams=20000 avg_latency=1.0276 ms avg throuhgput (requests/sec) = 84.4687 res=false
*==== INFO ====* req_id_count= 5000 stream_id=19996 latency=0.799145 ms (tx_ts=156627136063845, rx_ts=156627136862990) request_id=320983 zil_blk_id=19996 ccf_commit_seqno=320983 nstreams_done_=5000 config.nstreams=20000 avg_latency=1.0336 ms avg throuhgput (requests/sec) = 84.4244 res=false
*==== INFO ====* req_id_count= 5500 stream_id=21996 latency=3.609312 ms (tx_ts=156633072608841, rx_ts=156633076218153) request_id=353306 zil_blk_id=21996 ccf_commit_seqno=353306 nstreams_done_=5500 config.nstreams=20000 avg_latency=1.0355 ms avg throuhgput (requests/sec) = 84.4026 res=false
*==== INFO ====* req_id_count= 6000 stream_id=23996 latency=0.740916 ms (tx_ts=156638918350111, rx_ts=156638919091027) request_id=385222 zil_blk_id=23996 ccf_commit_seqno=385222 nstreams_done_=6000 config.nstreams=20000 avg_latency=1.0307 ms avg throuhgput (requests/sec) = 84.4990 res=false
*==== INFO ====* req_id_count= 6500 stream_id=25996 latency=1.069641 ms (tx_ts=156644819132498, rx_ts=156644820202139) request_id=417485 zil_blk_id=25996 ccf_commit_seqno=417485 nstreams_done_=6500 config.nstreams=20000 avg_latency=1.0285 ms avg throuhgput (requests/sec) = 84.5167 res=false
*==== INFO ====* req_id_count= 7000 stream_id=27996 latency=0.986070 ms (tx_ts=156650722373620, rx_ts=156650723359690) request_id=449781 zil_blk_id=27996 ccf_commit_seqno=449783 nstreams_done_=7000 config.nstreams=20000 avg_latency=1.0278 ms avg throuhgput (requests/sec) = 84.5298 res=false
*==== INFO ====* req_id_count= 7500 stream_id=29996 latency=1.157362 ms (tx_ts=156656628994205, rx_ts=156656630151567) request_id=482066 zil_blk_id=29996 ccf_commit_seqno=482068 nstreams_done_=7500 config.nstreams=20000 avg_latency=1.0285 ms avg throuhgput (requests/sec) = 84.5377 res=false
*==== INFO ====* req_id_count= 8000 stream_id=31996 latency=1.092544 ms (tx_ts=156662544884118, rx_ts=156662545976662) request_id=514369 zil_blk_id=31996 ccf_commit_seqno=514369 nstreams_done_=8000 config.nstreams=20000 avg_latency=1.0289 ms avg throuhgput (requests/sec) = 84.5365 res=false
*==== INFO ====* req_id_count= 8500 stream_id=33996 latency=0.772004 ms (tx_ts=156668466570090, rx_ts=156668467342094) request_id=546705 zil_blk_id=33996 ccf_commit_seqno=546705 nstreams_done_=8500 config.nstreams=20000 avg_latency=1.0315 ms avg throuhgput (requests/sec) = 84.5308 res=false
*==== INFO ====* req_id_count= 9000 stream_id=35996 latency=0.841523 ms (tx_ts=156674383192555, rx_ts=156674384034078) request_id=579078 zil_blk_id=35996 ccf_commit_seqno=579078 nstreams_done_=9000 config.nstreams=20000 avg_latency=1.0304 ms avg throuhgput (requests/sec) = 84.5295 res=false
*==== INFO ====* req_id_count= 9500 stream_id=37996 latency=0.698426 ms (tx_ts=156680256800396, rx_ts=156680257498822) request_id=611234 zil_blk_id=37996 ccf_commit_seqno=611234 nstreams_done_=9500 config.nstreams=20000 avg_latency=1.0281 ms avg throuhgput (requests/sec) = 84.5608 res=false
*==== INFO ====* req_id_count= 10000 stream_id=39996 latency=1.128571 ms (tx_ts=156686242978851, rx_ts=156686244107422) request_id=643738 zil_blk_id=39996 ccf_commit_seqno=643740 nstreams_done_=10000 config.nstreams=20000 avg_latency=1.0342 ms avg throuhgput (requests/sec) = 84.5081 res=false
*==== INFO ====* req_id_count= 10500 stream_id=41996 latency=0.950368 ms (tx_ts=156692121112690, rx_ts=156692122063058) request_id=675987 zil_blk_id=41996 ccf_commit_seqno=675988 nstreams_done_=10500 config.nstreams=20000 avg_latency=1.0343 ms avg throuhgput (requests/sec) = 84.5344 res=false
*==== INFO ====* req_id_count= 11000 stream_id=43996 latency=1.021912 ms (tx_ts=156698033815854, rx_ts=156698034837766) request_id=708418 zil_blk_id=43996 ccf_commit_seqno=708418 nstreams_done_=11000 config.nstreams=20000 avg_latency=1.0341 ms avg throuhgput (requests/sec) = 84.5357 res=false
*==== INFO ====* req_id_count= 11500 stream_id=45996 latency=0.930571 ms (tx_ts=156703924567883, rx_ts=156703925498454) request_id=740713 zil_blk_id=45996 ccf_commit_seqno=740715 nstreams_done_=11500 config.nstreams=20000 avg_latency=1.0335 ms avg throuhgput (requests/sec) = 84.5506 res=false
*==== INFO ====* req_id_count= 12000 stream_id=47996 latency=0.780600 ms (tx_ts=156709816737649, rx_ts=156709817518249) request_id=773025 zil_blk_id=47996 ccf_commit_seqno=773025 nstreams_done_=12000 config.nstreams=20000 avg_latency=1.0322 ms avg throuhgput (requests/sec) = 84.5635 res=false
*==== INFO ====* req_id_count= 12500 stream_id=49996 latency=0.960938 ms (tx_ts=156715710821614, rx_ts=156715711782552) request_id=805374 zil_blk_id=49996 ccf_commit_seqno=805376 nstreams_done_=12500 config.nstreams=20000 avg_latency=1.0316 ms avg throuhgput (requests/sec) = 84.5741 res=false
*==== INFO ====* req_id_count= 13000 stream_id=51996 latency=0.748290 ms (tx_ts=156721607628299, rx_ts=156721608376589) request_id=837741 zil_blk_id=51996 ccf_commit_seqno=837741 nstreams_done_=13000 config.nstreams=20000 avg_latency=1.0305 ms avg throuhgput (requests/sec) = 84.5825 res=false
*==== INFO ====* req_id_count= 13500 stream_id=53996 latency=1.072435 ms (tx_ts=156727488031492, rx_ts=156727489103927) request_id=869988 zil_blk_id=53996 ccf_commit_seqno=869991 nstreams_done_=13500 config.nstreams=20000 avg_latency=1.0300 ms avg throuhgput (requests/sec) = 84.5988 res=false
*==== INFO ====* req_id_count= 14000 stream_id=55996 latency=0.958695 ms (tx_ts=156733390950542, rx_ts=156733391909237) request_id=902424 zil_blk_id=55996 ccf_commit_seqno=902425 nstreams_done_=14000 config.nstreams=20000 avg_latency=1.0305 ms avg throuhgput (requests/sec) = 84.6026 res=false
*==== INFO ====* req_id_count= 14500 stream_id=57996 latency=0.818400 ms (tx_ts=156739279604078, rx_ts=156739280422478) request_id=934729 zil_blk_id=57996 ccf_commit_seqno=934729 nstreams_done_=14500 config.nstreams=20000 avg_latency=1.0300 ms avg throuhgput (requests/sec) = 84.6132 res=false
*==== INFO ====* req_id_count= 15000 stream_id=59996 latency=0.920109 ms (tx_ts=156745164252403, rx_ts=156745165172512) request_id=967034 zil_blk_id=59996 ccf_commit_seqno=967034 nstreams_done_=15000 config.nstreams=20000 avg_latency=1.0295 ms avg throuhgput (requests/sec) = 84.6249 res=false
*==== INFO ====* req_id_count= 15500 stream_id=61996 latency=1.027241 ms (tx_ts=156751059880378, rx_ts=156751060907619) request_id=999405 zil_blk_id=61996 ccf_commit_seqno=999406 nstreams_done_=15500 config.nstreams=20000 avg_latency=1.0292 ms avg throuhgput (requests/sec) = 84.6307 res=false
*==== INFO ====* req_id_count= 16000 stream_id=63996 latency=1.043158 ms (tx_ts=156756944885074, rx_ts=156756945928232) request_id=1031705 zil_blk_id=63996 ccf_commit_seqno=1031707 nstreams_done_=16000 config.nstreams=20000 avg_latency=1.0283 ms avg throuhgput (requests/sec) = 84.6410 res=false
*==== INFO ====* req_id_count= 16500 stream_id=65996 latency=1.098625 ms (tx_ts=156762849385072, rx_ts=156762850483697) request_id=1064002 zil_blk_id=65996 ccf_commit_seqno=1064004 nstreams_done_=16500 config.nstreams=20000 avg_latency=1.0290 ms avg throuhgput (requests/sec) = 84.6422 res=false
*==== INFO ====* req_id_count= 17000 stream_id=67996 latency=1.203120 ms (tx_ts=156768728772335, rx_ts=156768729975455) request_id=1096258 zil_blk_id=67996 ccf_commit_seqno=1096261 nstreams_done_=17000 config.nstreams=20000 avg_latency=1.0280 ms avg throuhgput (requests/sec) = 84.6539 res=false
*==== INFO ====* req_id_count= 17500 stream_id=69996 latency=0.719757 ms (tx_ts=156774586350714, rx_ts=156774587070471) request_id=1128469 zil_blk_id=69996 ccf_commit_seqno=1128469 nstreams_done_=17500 config.nstreams=20000 avg_latency=1.0265 ms avg throuhgput (requests/sec) = 84.6741 res=false
*==== INFO ====* req_id_count= 18000 stream_id=71996 latency=1.138489 ms (tx_ts=156780446182225, rx_ts=156780447320714) request_id=1160663 zil_blk_id=71996 ccf_commit_seqno=1160663 nstreams_done_=18000 config.nstreams=20000 avg_latency=1.0258 ms avg throuhgput (requests/sec) = 84.6919 res=false
*==== INFO ====* req_id_count= 18500 stream_id=73996 latency=1.199583 ms (tx_ts=156786326209320, rx_ts=156786327408903) request_id=1192964 zil_blk_id=73996 ccf_commit_seqno=1192968 nstreams_done_=18500 config.nstreams=20000 avg_latency=1.0261 ms avg throuhgput (requests/sec) = 84.7011 res=false
*==== INFO ====* req_id_count= 19000 stream_id=75996 latency=1.021761 ms (tx_ts=156792204349447, rx_ts=156792205371208) request_id=1225244 zil_blk_id=75996 ccf_commit_seqno=1225247 nstreams_done_=19000 config.nstreams=20000 avg_latency=1.0255 ms avg throuhgput (requests/sec) = 84.7106 res=false
*==== INFO ====* req_id_count= 19500 stream_id=77996 latency=0.987160 ms (tx_ts=156798054887936, rx_ts=156798055875096) request_id=1256196 zil_blk_id=77996 ccf_commit_seqno=1256196 nstreams_done_=19500 config.nstreams=20000 avg_latency=1.0248 ms avg throuhgput (requests/sec) = 84.7297 res=false
*==== INFO ====* http_end_stream ALL streams done! nstreams_done_=20000 avg_latency=1.0236 msreq_id_count= 20000
*==== INFO ====* req_id_count= 20000 stream_id=79996 latency=1.096692 ms (tx_ts=156803951946133, rx_ts=156803953042825) request_id=1274307 zil_blk_id=79996 ccf_commit_seqno=1274307 nstreams_done_=20000 config.nstreams=20000 avg_latency=1.0236 ms avg throuhgput (requests/sec) = 84.7311 res=true
