Uniform: 955151 458047 297044 901699 188559 
Exponential: -2147483648 -2147483648 -2147483648 -2147483648 -2147483648 
Truncated Normal: 102081 179219 745110 492016 317035 
*==== INFO ====* req_id_count= 500 stream_id=1996 latency=1.140123 ms (tx_ts=156574032363364, rx_ts=156574033503487) request_id=32525 zil_blk_id=1996 ccf_commit_seqno=32527 nstreams_done_=500 config.nstreams=20000 avg_latency=1.1017 ms avg throuhgput (requests/sec) = 81.6965 res=false
*==== INFO ====* req_id_count= 1000 stream_id=3996 latency=1.013917 ms (tx_ts=156580197188598, rx_ts=156580198202515) request_id=65838 zil_blk_id=3996 ccf_commit_seqno=65839 nstreams_done_=1000 config.nstreams=20000 avg_latency=1.1263 ms avg throuhgput (requests/sec) = 81.4007 res=false
*==== INFO ====* req_id_count= 1500 stream_id=5996 latency=1.263925 ms (tx_ts=156586379036731, rx_ts=156586380300656) request_id=99371 zil_blk_id=5996 ccf_commit_seqno=99375 nstreams_done_=1500 config.nstreams=20000 avg_latency=1.1360 ms avg throuhgput (requests/sec) = 81.2259 res=false
*==== INFO ====* req_id_count= 2000 stream_id=7996 latency=0.966138 ms (tx_ts=156592456188895, rx_ts=156592457155033) request_id=132396 zil_blk_id=7996 ccf_commit_seqno=132396 nstreams_done_=2000 config.nstreams=20000 avg_latency=1.1260 ms avg throuhgput (requests/sec) = 81.4868 res=false
*==== INFO ====* req_id_count= 2500 stream_id=9996 latency=0.907198 ms (tx_ts=156598525670401, rx_ts=156598526577599) request_id=165300 zil_blk_id=9996 ccf_commit_seqno=165300 nstreams_done_=2500 config.nstreams=20000 avg_latency=1.1337 ms avg throuhgput (requests/sec) = 81.6639 res=false
*==== INFO ====* req_id_count= 3000 stream_id=11996 latency=4.184204 ms (tx_ts=156604595461924, rx_ts=156604599646128) request_id=198300 zil_blk_id=11996 ccf_commit_seqno=198300 nstreams_done_=3000 config.nstreams=20000 avg_latency=1.1283 ms avg throuhgput (requests/sec) = 81.7743 res=false
*==== INFO ====* req_id_count= 3500 stream_id=13996 latency=0.829060 ms (tx_ts=156610664149810, rx_ts=156610664978870) request_id=231319 zil_blk_id=13996 ccf_commit_seqno=231319 nstreams_done_=3500 config.nstreams=20000 avg_latency=1.1238 ms avg throuhgput (requests/sec) = 81.8681 res=false
*==== INFO ====* req_id_count= 4000 stream_id=15996 latency=1.027471 ms (tx_ts=156616697944576, rx_ts=156616698972047) request_id=264201 zil_blk_id=15996 ccf_commit_seqno=264202 nstreams_done_=4000 config.nstreams=20000 avg_latency=1.1217 ms avg throuhgput (requests/sec) = 81.9913 res=false
*==== INFO ====* req_id_count= 4500 stream_id=17996 latency=0.893472 ms (tx_ts=156622729725414, rx_ts=156622730618886) request_id=296990 zil_blk_id=17996 ccf_commit_seqno=296990 nstreams_done_=4500 config.nstreams=20000 avg_latency=1.1187 ms avg throuhgput (requests/sec) = 82.0908 res=false
*==== INFO ====* req_id_count= 5000 stream_id=19996 latency=0.833412 ms (tx_ts=156628821185272, rx_ts=156628822018684) request_id=330160 zil_blk_id=19996 ccf_commit_seqno=330160 nstreams_done_=5000 config.nstreams=20000 avg_latency=1.1208 ms avg throuhgput (requests/sec) = 82.0900 res=false
*==== INFO ====* req_id_count= 5500 stream_id=21996 latency=0.851633 ms (tx_ts=156634940881955, rx_ts=156634941733588) request_id=363476 zil_blk_id=21996 ccf_commit_seqno=363476 nstreams_done_=5500 config.nstreams=20000 avg_latency=1.1255 ms avg throuhgput (requests/sec) = 82.0547 res=false
*==== INFO ====* req_id_count= 6000 stream_id=23996 latency=0.927445 ms (tx_ts=156640973141944, rx_ts=156640974069389) request_id=396473 zil_blk_id=23996 ccf_commit_seqno=396473 nstreams_done_=6000 config.nstreams=20000 avg_latency=1.1200 ms avg throuhgput (requests/sec) = 82.1234 res=false
*==== INFO ====* req_id_count= 6500 stream_id=25996 latency=1.085767 ms (tx_ts=156647007941451, rx_ts=156647009027218) request_id=429467 zil_blk_id=25996 ccf_commit_seqno=429467 nstreams_done_=6500 config.nstreams=20000 avg_latency=1.1178 ms avg throuhgput (requests/sec) = 82.1789 res=false
*==== INFO ====* req_id_count= 7000 stream_id=27996 latency=1.228032 ms (tx_ts=156653046245349, rx_ts=156653047473381) request_id=462482 zil_blk_id=27996 ccf_commit_seqno=462483 nstreams_done_=7000 config.nstreams=20000 avg_latency=1.1165 ms avg throuhgput (requests/sec) = 82.2231 res=false
*==== INFO ====* req_id_count= 7500 stream_id=29996 latency=0.855530 ms (tx_ts=156659083046989, rx_ts=156659083902519) request_id=495478 zil_blk_id=29996 ccf_commit_seqno=495479 nstreams_done_=7500 config.nstreams=20000 avg_latency=1.1150 ms avg throuhgput (requests/sec) = 82.2634 res=false
*==== INFO ====* req_id_count= 8000 stream_id=31996 latency=1.033913 ms (tx_ts=156665162367872, rx_ts=156665163401785) request_id=528598 zil_blk_id=31996 ccf_commit_seqno=528599 nstreams_done_=8000 config.nstreams=20000 avg_latency=1.1174 ms avg throuhgput (requests/sec) = 82.2621 res=false
*==== INFO ====* req_id_count= 8500 stream_id=33996 latency=1.181199 ms (tx_ts=156671185494547, rx_ts=156671186675746) request_id=561563 zil_blk_id=33996 ccf_commit_seqno=561567 nstreams_done_=8500 config.nstreams=20000 avg_latency=1.1143 ms avg throuhgput (requests/sec) = 82.3058 res=false
*==== INFO ====* req_id_count= 9000 stream_id=35996 latency=0.974352 ms (tx_ts=156677266981002, rx_ts=156677267955354) request_id=594869 zil_blk_id=35996 ccf_commit_seqno=594869 nstreams_done_=9000 config.nstreams=20000 avg_latency=1.1166 ms avg throuhgput (requests/sec) = 82.3010 res=false
*==== INFO ====* req_id_count= 9500 stream_id=37996 latency=1.190511 ms (tx_ts=156683390045627, rx_ts=156683391236138) request_id=628124 zil_blk_id=37996 ccf_commit_seqno=628126 nstreams_done_=9500 config.nstreams=20000 avg_latency=1.1197 ms avg throuhgput (requests/sec) = 82.2668 res=false
*==== INFO ====* req_id_count= 10000 stream_id=39996 latency=1.012650 ms (tx_ts=156689440924664, rx_ts=156689441937314) request_id=661273 zil_blk_id=39996 ccf_commit_seqno=661274 nstreams_done_=10000 config.nstreams=20000 avg_latency=1.1209 ms avg throuhgput (requests/sec) = 82.2851 res=false
*==== INFO ====* req_id_count= 10500 stream_id=41996 latency=0.956159 ms (tx_ts=156695503395296, rx_ts=156695504351455) request_id=694542 zil_blk_id=41996 ccf_commit_seqno=694544 nstreams_done_=10500 config.nstreams=20000 avg_latency=1.1214 ms avg throuhgput (requests/sec) = 82.2942 res=false
*==== INFO ====* req_id_count= 11000 stream_id=43996 latency=1.103597 ms (tx_ts=156701510175122, rx_ts=156701511278719) request_id=727461 zil_blk_id=43996 ccf_commit_seqno=727461 nstreams_done_=11000 config.nstreams=20000 avg_latency=1.1199 ms avg throuhgput (requests/sec) = 82.3366 res=false
*==== INFO ====* req_id_count= 11500 stream_id=45996 latency=0.860770 ms (tx_ts=156707579358465, rx_ts=156707580219235) request_id=760736 zil_blk_id=45996 ccf_commit_seqno=760736 nstreams_done_=11500 config.nstreams=20000 avg_latency=1.1197 ms avg throuhgput (requests/sec) = 82.3387 res=false
*==== INFO ====* req_id_count= 12000 stream_id=47996 latency=5.351033 ms (tx_ts=156713616018721, rx_ts=156713621369754) request_id=793900 zil_blk_id=47996 ccf_commit_seqno=793903 nstreams_done_=12000 config.nstreams=20000 avg_latency=1.1193 ms avg throuhgput (requests/sec) = 82.3565 res=false
*==== INFO ====* req_id_count= 12500 stream_id=49996 latency=0.898711 ms (tx_ts=156719683096221, rx_ts=156719683994932) request_id=827165 zil_blk_id=49996 ccf_commit_seqno=827166 nstreams_done_=12500 config.nstreams=20000 avg_latency=1.1196 ms avg throuhgput (requests/sec) = 82.3611 res=false
*==== INFO ====* req_id_count= 13000 stream_id=51996 latency=1.082645 ms (tx_ts=156725754581520, rx_ts=156725755664165) request_id=860487 zil_blk_id=51996 ccf_commit_seqno=860489 nstreams_done_=13000 config.nstreams=20000 avg_latency=1.1202 ms avg throuhgput (requests/sec) = 82.3606 res=false
*==== INFO ====* req_id_count= 13500 stream_id=53996 latency=1.170089 ms (tx_ts=156731854415330, rx_ts=156731855585419) request_id=893975 zil_blk_id=53996 ccf_commit_seqno=893978 nstreams_done_=13500 config.nstreams=20000 avg_latency=1.1217 ms avg throuhgput (requests/sec) = 82.3460 res=false
*==== INFO ====* req_id_count= 14000 stream_id=55996 latency=0.971427 ms (tx_ts=156737899530584, rx_ts=156737900502011) request_id=927159 zil_blk_id=55996 ccf_commit_seqno=927160 nstreams_done_=14000 config.nstreams=20000 avg_latency=1.1212 ms avg throuhgput (requests/sec) = 82.3591 res=false
*==== INFO ====* req_id_count= 14500 stream_id=57996 latency=1.151043 ms (tx_ts=156744023912363, rx_ts=156744025063406) request_id=960780 zil_blk_id=57996 ccf_commit_seqno=960783 nstreams_done_=14500 config.nstreams=20000 avg_latency=1.1234 ms avg throuhgput (requests/sec) = 82.3341 res=false
*==== INFO ====* req_id_count= 15000 stream_id=59996 latency=0.934478 ms (tx_ts=156750073715374, rx_ts=156750074649852) request_id=993981 zil_blk_id=59996 ccf_commit_seqno=993983 nstreams_done_=15000 config.nstreams=20000 avg_latency=1.1230 ms avg throuhgput (requests/sec) = 82.3446 res=false
*==== INFO ====* req_id_count= 15500 stream_id=61996 latency=1.086111 ms (tx_ts=156756097140853, rx_ts=156756098226964) request_id=1027062 zil_blk_id=61996 ccf_commit_seqno=1027064 nstreams_done_=15500 config.nstreams=20000 avg_latency=1.1222 ms avg throuhgput (requests/sec) = 82.3658 res=false
*==== INFO ====* req_id_count= 16000 stream_id=63996 latency=1.056216 ms (tx_ts=156762163917857, rx_ts=156762164974073) request_id=1060233 zil_blk_id=63996 ccf_commit_seqno=1060235 nstreams_done_=16000 config.nstreams=20000 avg_latency=1.1238 ms avg throuhgput (requests/sec) = 82.3674 res=false
*==== INFO ====* req_id_count= 16500 stream_id=65996 latency=1.380752 ms (tx_ts=156768206720970, rx_ts=156768208101722) request_id=1093394 zil_blk_id=65996 ccf_commit_seqno=1093396 nstreams_done_=16500 config.nstreams=20000 avg_latency=1.1235 ms avg throuhgput (requests/sec) = 82.3786 res=false
*==== INFO ====* req_id_count= 17000 stream_id=67996 latency=0.832437 ms (tx_ts=156774266415445, rx_ts=156774267247882) request_id=1126707 zil_blk_id=67996 ccf_commit_seqno=1126707 nstreams_done_=17000 config.nstreams=20000 avg_latency=1.1236 ms avg throuhgput (requests/sec) = 82.3827 res=false
*==== INFO ====* req_id_count= 17500 stream_id=69996 latency=0.908860 ms (tx_ts=156780290536555, rx_ts=156780291445415) request_id=1159821 zil_blk_id=69996 ccf_commit_seqno=1159821 nstreams_done_=17500 config.nstreams=20000 avg_latency=1.1221 ms avg throuhgput (requests/sec) = 82.4002 res=false
*==== INFO ====* req_id_count= 18000 stream_id=71996 latency=1.206266 ms (tx_ts=156786308723354, rx_ts=156786309929620) request_id=1192872 zil_blk_id=71996 ccf_commit_seqno=1192872 nstreams_done_=18000 config.nstreams=20000 avg_latency=1.1207 ms avg throuhgput (requests/sec) = 82.4189 res=false
*==== INFO ====* req_id_count= 18500 stream_id=73996 latency=1.035466 ms (tx_ts=156792349209093, rx_ts=156792350244559) request_id=1226041 zil_blk_id=73996 ccf_commit_seqno=1226042 nstreams_done_=18500 config.nstreams=20000 avg_latency=1.1209 ms avg throuhgput (requests/sec) = 82.4285 res=false
*==== INFO ====* req_id_count= 19000 stream_id=75996 latency=0.833610 ms (tx_ts=156798435123636, rx_ts=156798435957246) request_id=1257892 zil_blk_id=75996 ccf_commit_seqno=1257892 nstreams_done_=19000 config.nstreams=20000 avg_latency=1.1220 ms avg throuhgput (requests/sec) = 82.4214 res=false
*==== INFO ====* req_id_count= 19500 stream_id=77996 latency=1.159018 ms (tx_ts=156804503715503, rx_ts=156804504874521) request_id=1275152 zil_blk_id=77996 ccf_commit_seqno=1275152 nstreams_done_=19500 config.nstreams=20000 avg_latency=1.1219 ms avg throuhgput (requests/sec) = 82.4205 res=false
*==== INFO ====* http_end_stream ALL streams done! nstreams_done_=20000 avg_latency=1.1186 msreq_id_count= 20000
*==== INFO ====* req_id_count= 20000 stream_id=79996 latency=0.942523 ms (tx_ts=156810608225072, rx_ts=156810609167595) request_id=1279913 zil_blk_id=79996 ccf_commit_seqno=1279913 nstreams_done_=20000 config.nstreams=20000 avg_latency=1.1186 ms avg throuhgput (requests/sec) = 82.4077 res=true
