Uniform: 248230 979052 712925 648018 845162 
Exponential: -2147483648 -2147483648 -2147483648 -2147483648 -2147483648 
Truncated Normal: 819049 318860 328560 529076 656275 
*==== INFO ====* req_id_count= 500 stream_id=1996 latency=0.926133 ms (tx_ts=156573808236872, rx_ts=156573809163005) request_id=31346 zil_blk_id=1996 ccf_commit_seqno=31349 nstreams_done_=500 config.nstreams=20000 avg_latency=0.8376 ms avg throuhgput (requests/sec) = 84.5189 res=false
*==== INFO ====* req_id_count= 1000 stream_id=3996 latency=0.583532 ms (tx_ts=156579763708021, rx_ts=156579764291553) request_id=63513 zil_blk_id=3996 ccf_commit_seqno=63513 nstreams_done_=1000 config.nstreams=20000 avg_latency=0.8576 ms avg throuhgput (requests/sec) = 84.2392 res=false
*==== INFO ====* req_id_count= 1500 stream_id=5996 latency=1.006629 ms (tx_ts=156585672447509, rx_ts=156585673454138) request_id=95545 zil_blk_id=5996 ccf_commit_seqno=95547 nstreams_done_=1500 config.nstreams=20000 avg_latency=0.8421 ms avg throuhgput (requests/sec) = 84.3639 res=false
*==== INFO ====* req_id_count= 2000 stream_id=7996 latency=0.723003 ms (tx_ts=156591595658948, rx_ts=156591596381951) request_id=127730 zil_blk_id=7996 ccf_commit_seqno=127730 nstreams_done_=2000 config.nstreams=20000 avg_latency=0.8389 ms avg throuhgput (requests/sec) = 84.3773 res=false
*==== INFO ====* req_id_count= 2500 stream_id=9996 latency=0.731940 ms (tx_ts=156597500986553, rx_ts=156597501718493) request_id=159787 zil_blk_id=9996 ccf_commit_seqno=159788 nstreams_done_=2500 config.nstreams=20000 avg_latency=0.8366 ms avg throuhgput (requests/sec) = 84.4355 res=false
*==== INFO ====* req_id_count= 3000 stream_id=11996 latency=0.576368 ms (tx_ts=156603424965988, rx_ts=156603425542356) request_id=191937 zil_blk_id=11996 ccf_commit_seqno=191937 nstreams_done_=3000 config.nstreams=20000 avg_latency=0.8383 ms avg throuhgput (requests/sec) = 84.4304 res=false
*==== INFO ====* req_id_count= 3500 stream_id=13996 latency=1.073217 ms (tx_ts=156609344971442, rx_ts=156609346044659) request_id=224150 zil_blk_id=13996 ccf_commit_seqno=224151 nstreams_done_=3500 config.nstreams=20000 avg_latency=0.8362 ms avg throuhgput (requests/sec) = 84.4335 res=false
*==== INFO ====* req_id_count= 4000 stream_id=15996 latency=0.684220 ms (tx_ts=156615258203525, rx_ts=156615258887745) request_id=256367 zil_blk_id=15996 ccf_commit_seqno=256367 nstreams_done_=4000 config.nstreams=20000 avg_latency=0.8335 ms avg throuhgput (requests/sec) = 84.4495 res=false
*==== INFO ====* req_id_count= 4500 stream_id=17996 latency=1.179617 ms (tx_ts=156621205429682, rx_ts=156621206609299) request_id=288704 zil_blk_id=17996 ccf_commit_seqno=288709 nstreams_done_=4500 config.nstreams=20000 avg_latency=0.8359 ms avg throuhgput (requests/sec) = 84.4067 res=false
*==== INFO ====* req_id_count= 5000 stream_id=19996 latency=0.591337 ms (tx_ts=156627015573979, rx_ts=156627016165316) request_id=320325 zil_blk_id=19996 ccf_commit_seqno=320325 nstreams_done_=5000 config.nstreams=20000 avg_latency=0.8370 ms avg throuhgput (requests/sec) = 84.5697 res=false
*==== INFO ====* req_id_count= 5500 stream_id=21996 latency=0.714907 ms (tx_ts=156632822416362, rx_ts=156632823131269) request_id=351924 zil_blk_id=21996 ccf_commit_seqno=351926 nstreams_done_=5500 config.nstreams=20000 avg_latency=0.8411 ms avg throuhgput (requests/sec) = 84.7069 res=false
*==== INFO ====* req_id_count= 6000 stream_id=23996 latency=0.761083 ms (tx_ts=156638570291570, rx_ts=156638571052653) request_id=383326 zil_blk_id=23996 ccf_commit_seqno=383326 nstreams_done_=6000 config.nstreams=20000 avg_latency=0.8387 ms avg throuhgput (requests/sec) = 84.8924 res=false
*==== INFO ====* req_id_count= 6500 stream_id=25996 latency=0.978250 ms (tx_ts=156644337131965, rx_ts=156644338110215) request_id=414854 zil_blk_id=25996 ccf_commit_seqno=414857 nstreams_done_=6500 config.nstreams=20000 avg_latency=0.8382 ms avg throuhgput (requests/sec) = 85.0287 res=false
*==== INFO ====* req_id_count= 7000 stream_id=27996 latency=0.810836 ms (tx_ts=156650097550214, rx_ts=156650098361050) request_id=446361 zil_blk_id=27996 ccf_commit_seqno=446362 nstreams_done_=7000 config.nstreams=20000 avg_latency=0.8365 ms avg throuhgput (requests/sec) = 85.1529 res=false
*==== INFO ====* req_id_count= 7500 stream_id=29996 latency=0.678908 ms (tx_ts=156655865827238, rx_ts=156655866506146) request_id=477895 zil_blk_id=29996 ccf_commit_seqno=477895 nstreams_done_=7500 config.nstreams=20000 avg_latency=0.8362 ms avg throuhgput (requests/sec) = 85.2533 res=false
*==== INFO ====* req_id_count= 8000 stream_id=31996 latency=0.847495 ms (tx_ts=156661635046650, rx_ts=156661635894145) request_id=509394 zil_blk_id=31996 ccf_commit_seqno=509396 nstreams_done_=8000 config.nstreams=20000 avg_latency=0.8361 ms avg throuhgput (requests/sec) = 85.3401 res=false
*==== INFO ====* req_id_count= 8500 stream_id=33996 latency=0.925026 ms (tx_ts=156667395299530, rx_ts=156667396224556) request_id=540838 zil_blk_id=33996 ccf_commit_seqno=540840 nstreams_done_=8500 config.nstreams=20000 avg_latency=0.8355 ms avg throuhgput (requests/sec) = 85.4246 res=false
*==== INFO ====* req_id_count= 9000 stream_id=35996 latency=1.008286 ms (tx_ts=156673159412845, rx_ts=156673160421131) request_id=572383 zil_blk_id=35996 ccf_commit_seqno=572383 nstreams_done_=9000 config.nstreams=20000 avg_latency=0.8356 ms avg throuhgput (requests/sec) = 85.4968 res=false
*==== INFO ====* req_id_count= 9500 stream_id=37996 latency=0.705018 ms (tx_ts=156678928041470, rx_ts=156678928746488) request_id=603955 zil_blk_id=37996 ccf_commit_seqno=603955 nstreams_done_=9500 config.nstreams=20000 avg_latency=0.8358 ms avg throuhgput (requests/sec) = 85.5583 res=false
*==== INFO ====* req_id_count= 10000 stream_id=39996 latency=0.788403 ms (tx_ts=156684731463148, rx_ts=156684732251551) request_id=635453 zil_blk_id=39996 ccf_commit_seqno=635455 nstreams_done_=10000 config.nstreams=20000 avg_latency=0.8372 ms avg throuhgput (requests/sec) = 85.5879 res=false
*==== INFO ====* req_id_count= 10500 stream_id=41996 latency=0.754091 ms (tx_ts=156690511929241, rx_ts=156690512683332) request_id=667145 zil_blk_id=41996 ccf_commit_seqno=667146 nstreams_done_=10500 config.nstreams=20000 avg_latency=0.8372 ms avg throuhgput (requests/sec) = 85.6309 res=false
*==== INFO ====* req_id_count= 11000 stream_id=43996 latency=0.862056 ms (tx_ts=156696290446329, rx_ts=156696291308385) request_id=698859 zil_blk_id=43996 ccf_commit_seqno=698860 nstreams_done_=11000 config.nstreams=20000 avg_latency=0.8376 ms avg throuhgput (requests/sec) = 85.6711 res=false
*==== INFO ====* req_id_count= 11500 stream_id=45996 latency=0.967059 ms (tx_ts=156702044123938, rx_ts=156702045090997) request_id=730391 zil_blk_id=45996 ccf_commit_seqno=730395 nstreams_done_=11500 config.nstreams=20000 avg_latency=0.8368 ms avg throuhgput (requests/sec) = 85.7238 res=false
*==== INFO ====* req_id_count= 12000 stream_id=47996 latency=0.850821 ms (tx_ts=156707791775858, rx_ts=156707792626679) request_id=761903 zil_blk_id=47996 ccf_commit_seqno=761904 nstreams_done_=12000 config.nstreams=20000 avg_latency=0.8358 ms avg throuhgput (requests/sec) = 85.7760 res=false
*==== INFO ====* req_id_count= 12500 stream_id=49996 latency=0.651748 ms (tx_ts=156713543915324, rx_ts=156713544567072) request_id=793489 zil_blk_id=49996 ccf_commit_seqno=793489 nstreams_done_=12500 config.nstreams=20000 avg_latency=0.8363 ms avg throuhgput (requests/sec) = 85.8214 res=false
*==== INFO ====* req_id_count= 13000 stream_id=51996 latency=0.921383 ms (tx_ts=156719282308507, rx_ts=156719283229890) request_id=824953 zil_blk_id=51996 ccf_commit_seqno=824954 nstreams_done_=13000 config.nstreams=20000 avg_latency=0.8351 ms avg throuhgput (requests/sec) = 85.8710 res=false
*==== INFO ====* req_id_count= 13500 stream_id=53996 latency=0.593019 ms (tx_ts=156725040898530, rx_ts=156725041491549) request_id=856567 zil_blk_id=53996 ccf_commit_seqno=856567 nstreams_done_=13500 config.nstreams=20000 avg_latency=0.8353 ms avg throuhgput (requests/sec) = 85.9062 res=false
*==== INFO ====* req_id_count= 14000 stream_id=55996 latency=0.881057 ms (tx_ts=156730783445550, rx_ts=156730784326607) request_id=888097 zil_blk_id=55996 ccf_commit_seqno=888097 nstreams_done_=14000 config.nstreams=20000 avg_latency=0.8347 ms avg throuhgput (requests/sec) = 85.9470 res=false
*==== INFO ====* req_id_count= 14500 stream_id=57996 latency=0.590606 ms (tx_ts=156736521493717, rx_ts=156736522084323) request_id=919589 zil_blk_id=57996 ccf_commit_seqno=919589 nstreams_done_=14500 config.nstreams=20000 avg_latency=0.8342 ms avg throuhgput (requests/sec) = 85.9877 res=false
*==== INFO ====* req_id_count= 15000 stream_id=59996 latency=0.631682 ms (tx_ts=156742278284394, rx_ts=156742278916076) request_id=951203 zil_blk_id=59996 ccf_commit_seqno=951204 nstreams_done_=15000 config.nstreams=20000 avg_latency=0.8345 ms avg throuhgput (requests/sec) = 86.0163 res=false
*==== INFO ====* req_id_count= 15500 stream_id=61996 latency=0.905322 ms (tx_ts=156748042710664, rx_ts=156748043615986) request_id=982845 zil_blk_id=61996 ccf_commit_seqno=982848 nstreams_done_=15500 config.nstreams=20000 avg_latency=0.8348 ms avg throuhgput (requests/sec) = 86.0393 res=false
*==== INFO ====* req_id_count= 16000 stream_id=63996 latency=0.746606 ms (tx_ts=156753803130959, rx_ts=156753803877565) request_id=1014470 zil_blk_id=63996 ccf_commit_seqno=1014471 nstreams_done_=16000 config.nstreams=20000 avg_latency=0.8349 ms avg throuhgput (requests/sec) = 86.0629 res=false
*==== INFO ====* req_id_count= 16500 stream_id=65996 latency=1.207709 ms (tx_ts=156759548448184, rx_ts=156759549655893) request_id=1046023 zil_blk_id=65996 ccf_commit_seqno=1046024 nstreams_done_=16500 config.nstreams=20000 avg_latency=0.8339 ms avg throuhgput (requests/sec) = 86.0916 res=false
*==== INFO ====* req_id_count= 17000 stream_id=67996 latency=0.838826 ms (tx_ts=156765335963521, rx_ts=156765336802347) request_id=1077635 zil_blk_id=67996 ccf_commit_seqno=1077638 nstreams_done_=17000 config.nstreams=20000 avg_latency=0.8356 ms avg throuhgput (requests/sec) = 86.1006 res=false
*==== INFO ====* req_id_count= 17500 stream_id=69996 latency=0.849799 ms (tx_ts=156771084711894, rx_ts=156771085561693) request_id=1109209 zil_blk_id=69996 ccf_commit_seqno=1109210 nstreams_done_=17500 config.nstreams=20000 avg_latency=0.8344 ms avg throuhgput (requests/sec) = 86.1253 res=false
*==== INFO ====* req_id_count= 18000 stream_id=71996 latency=0.813522 ms (tx_ts=156776819849263, rx_ts=156776820662785) request_id=1140774 zil_blk_id=71996 ccf_commit_seqno=1140775 nstreams_done_=18000 config.nstreams=20000 avg_latency=0.8334 ms avg throuhgput (requests/sec) = 86.1544 res=false
*==== INFO ====* req_id_count= 18500 stream_id=73996 latency=0.711891 ms (tx_ts=156782575866731, rx_ts=156782576578622) request_id=1172363 zil_blk_id=73996 ccf_commit_seqno=1172364 nstreams_done_=18500 config.nstreams=20000 avg_latency=0.8335 ms avg throuhgput (requests/sec) = 86.1735 res=false
*==== INFO ====* req_id_count= 19000 stream_id=75996 latency=1.110377 ms (tx_ts=156788312787879, rx_ts=156788313898256) request_id=1203870 zil_blk_id=75996 ccf_commit_seqno=1203875 nstreams_done_=19000 config.nstreams=20000 avg_latency=0.8330 ms avg throuhgput (requests/sec) = 86.1989 res=false
*==== INFO ====* req_id_count= 19500 stream_id=77996 latency=0.681484 ms (tx_ts=156794064024022, rx_ts=156794064705506) request_id=1235471 zil_blk_id=77996 ccf_commit_seqno=1235471 nstreams_done_=19500 config.nstreams=20000 avg_latency=0.8331 ms avg throuhgput (requests/sec) = 86.2178 res=false
*==== INFO ====* http_end_stream ALL streams done! nstreams_done_=20000 avg_latency=0.8331 msreq_id_count= 20000
*==== INFO ====* req_id_count= 20000 stream_id=79996 latency=0.737770 ms (tx_ts=156799818848652, rx_ts=156799819586422) request_id=1263585 zil_blk_id=79996 ccf_commit_seqno=1263585 nstreams_done_=20000 config.nstreams=20000 avg_latency=0.8331 ms avg throuhgput (requests/sec) = 86.2343 res=true
