Uniform: 714792 419130 828038 214405 292084 
Exponential: -2147483648 -2147483648 -2147483648 -2147483648 -2147483648 
Truncated Normal: 456034 502296 490859 737559 360901 
*==== INFO ====* req_id_count= 500 stream_id=1996 latency=0.747989 ms (tx_ts=156573966388205, rx_ts=156573967136194) request_id=32175 zil_blk_id=1996 ccf_commit_seqno=32175 nstreams_done_=500 config.nstreams=20000 avg_latency=1.0455 ms avg throuhgput (requests/sec) = 82.5429 res=false
*==== INFO ====* req_id_count= 1000 stream_id=3996 latency=1.077384 ms (tx_ts=156580053269445, rx_ts=156580054346829) request_id=65068 zil_blk_id=3996 ccf_commit_seqno=65068 nstreams_done_=1000 config.nstreams=20000 avg_latency=1.0323 ms avg throuhgput (requests/sec) = 82.3407 res=false
*==== INFO ====* req_id_count= 1500 stream_id=5996 latency=0.909427 ms (tx_ts=156586112539687, rx_ts=156586113449114) request_id=97933 zil_blk_id=5996 ccf_commit_seqno=97934 nstreams_done_=1500 config.nstreams=20000 avg_latency=1.0259 ms avg throuhgput (requests/sec) = 82.4005 res=false
*==== INFO ====* req_id_count= 2000 stream_id=7996 latency=1.127590 ms (tx_ts=156592157851158, rx_ts=156592158978748) request_id=130784 zil_blk_id=7996 ccf_commit_seqno=130791 nstreams_done_=2000 config.nstreams=20000 avg_latency=1.0174 ms avg throuhgput (requests/sec) = 82.4766 res=false
*==== INFO ====* req_id_count= 2500 stream_id=9996 latency=1.015420 ms (tx_ts=156598259433911, rx_ts=156598260449331) request_id=163864 zil_blk_id=9996 ccf_commit_seqno=163867 nstreams_done_=2500 config.nstreams=20000 avg_latency=1.0294 ms avg throuhgput (requests/sec) = 82.3702 res=false
*==== INFO ====* req_id_count= 3000 stream_id=11996 latency=1.040537 ms (tx_ts=156604320922681, rx_ts=156604321963218) request_id=196804 zil_blk_id=11996 ccf_commit_seqno=196809 nstreams_done_=3000 config.nstreams=20000 avg_latency=1.0277 ms avg throuhgput (requests/sec) = 82.3898 res=false
*==== INFO ====* req_id_count= 3500 stream_id=13996 latency=0.894534 ms (tx_ts=156610371017331, rx_ts=156610371911865) request_id=229730 zil_blk_id=13996 ccf_commit_seqno=229731 nstreams_done_=3500 config.nstreams=20000 avg_latency=1.0233 ms avg throuhgput (requests/sec) = 82.4262 res=false
*==== INFO ====* req_id_count= 4000 stream_id=15996 latency=0.847766 ms (tx_ts=156616384600971, rx_ts=156616385448737) request_id=262508 zil_blk_id=15996 ccf_commit_seqno=262508 nstreams_done_=4000 config.nstreams=20000 avg_latency=1.0213 ms avg throuhgput (requests/sec) = 82.5155 res=false
*==== INFO ====* req_id_count= 4500 stream_id=17996 latency=1.187141 ms (tx_ts=156622479366308, rx_ts=156622480553449) request_id=295626 zil_blk_id=17996 ccf_commit_seqno=295627 nstreams_done_=4500 config.nstreams=20000 avg_latency=1.0235 ms avg throuhgput (requests/sec) = 82.4616 res=false
*==== INFO ====* req_id_count= 5000 stream_id=19996 latency=1.062508 ms (tx_ts=156628532702354, rx_ts=156628533764862) request_id=328592 zil_blk_id=19996 ccf_commit_seqno=328593 nstreams_done_=5000 config.nstreams=20000 avg_latency=1.0206 ms avg throuhgput (requests/sec) = 82.4755 res=false
*==== INFO ====* req_id_count= 5500 stream_id=21996 latency=0.826175 ms (tx_ts=156634589067010, rx_ts=156634589893185) request_id=361553 zil_blk_id=21996 ccf_commit_seqno=361553 nstreams_done_=5500 config.nstreams=20000 avg_latency=1.0204 ms avg throuhgput (requests/sec) = 82.4832 res=false
*==== INFO ====* req_id_count= 6000 stream_id=23996 latency=1.051832 ms (tx_ts=156640624423018, rx_ts=156640625474850) request_id=394565 zil_blk_id=23996 ccf_commit_seqno=394567 nstreams_done_=6000 config.nstreams=20000 avg_latency=1.0168 ms avg throuhgput (requests/sec) = 82.5130 res=false
*==== INFO ====* req_id_count= 6500 stream_id=25996 latency=0.889031 ms (tx_ts=156646681147088, rx_ts=156646682036119) request_id=427671 zil_blk_id=25996 ccf_commit_seqno=427671 nstreams_done_=6500 config.nstreams=20000 avg_latency=1.0174 ms avg throuhgput (requests/sec) = 82.5163 res=false
*==== INFO ====* req_id_count= 7000 stream_id=27996 latency=0.954072 ms (tx_ts=156652750798190, rx_ts=156652751752262) request_id=460857 zil_blk_id=27996 ccf_commit_seqno=460859 nstreams_done_=7000 config.nstreams=20000 avg_latency=1.0182 ms avg throuhgput (requests/sec) = 82.5062 res=false
*==== INFO ====* req_id_count= 7500 stream_id=29996 latency=0.964283 ms (tx_ts=156658807119048, rx_ts=156658808083331) request_id=493966 zil_blk_id=29996 ccf_commit_seqno=493967 nstreams_done_=7500 config.nstreams=20000 avg_latency=1.0175 ms avg throuhgput (requests/sec) = 82.5097 res=false
*==== INFO ====* req_id_count= 8000 stream_id=31996 latency=0.842847 ms (tx_ts=156664772221091, rx_ts=156664773063938) request_id=526455 zil_blk_id=31996 ccf_commit_seqno=526456 nstreams_done_=8000 config.nstreams=20000 avg_latency=1.0168 ms avg throuhgput (requests/sec) = 82.5906 res=false
*==== INFO ====* req_id_count= 8500 stream_id=33996 latency=1.008266 ms (tx_ts=156670668679692, rx_ts=156670669687958) request_id=558751 zil_blk_id=33996 ccf_commit_seqno=558756 nstreams_done_=8500 config.nstreams=20000 avg_latency=1.0153 ms avg throuhgput (requests/sec) = 82.7170 res=false
*==== INFO ====* req_id_count= 9000 stream_id=35996 latency=1.205436 ms (tx_ts=156676579653507, rx_ts=156676580858943) request_id=591099 zil_blk_id=35996 ccf_commit_seqno=591102 nstreams_done_=9000 config.nstreams=20000 avg_latency=1.0140 ms avg throuhgput (requests/sec) = 82.8186 res=false
*==== INFO ====* req_id_count= 9500 stream_id=37996 latency=0.715682 ms (tx_ts=156682465110224, rx_ts=156682465825906) request_id=623316 zil_blk_id=37996 ccf_commit_seqno=623316 nstreams_done_=9500 config.nstreams=20000 avg_latency=1.0131 ms avg throuhgput (requests/sec) = 82.9288 res=false
*==== INFO ====* req_id_count= 10000 stream_id=39996 latency=1.014858 ms (tx_ts=156688409909782, rx_ts=156688410924640) request_id=655617 zil_blk_id=39996 ccf_commit_seqno=655618 nstreams_done_=10000 config.nstreams=20000 avg_latency=1.0163 ms avg throuhgput (requests/sec) = 82.9867 res=false
*==== INFO ====* req_id_count= 10500 stream_id=41996 latency=0.786191 ms (tx_ts=156694292175384, rx_ts=156694292961575) request_id=687883 zil_blk_id=41996 ccf_commit_seqno=687883 nstreams_done_=10500 config.nstreams=20000 avg_latency=1.0151 ms avg throuhgput (requests/sec) = 83.0806 res=false
*==== INFO ====* req_id_count= 11000 stream_id=43996 latency=0.783246 ms (tx_ts=156700186548160, rx_ts=156700187331406) request_id=720233 zil_blk_id=43996 ccf_commit_seqno=720233 nstreams_done_=11000 config.nstreams=20000 avg_latency=1.0143 ms avg throuhgput (requests/sec) = 83.1584 res=false
*==== INFO ====* req_id_count= 11500 stream_id=45996 latency=4.831194 ms (tx_ts=156706108340586, rx_ts=156706113171780) request_id=752711 zil_blk_id=45996 ccf_commit_seqno=752716 nstreams_done_=11500 config.nstreams=20000 avg_latency=1.0141 ms avg throuhgput (requests/sec) = 83.2106 res=false
*==== INFO ====* req_id_count= 12000 stream_id=47996 latency=1.019536 ms (tx_ts=156712026927601, rx_ts=156712027947137) request_id=785160 zil_blk_id=47996 ccf_commit_seqno=785163 nstreams_done_=12000 config.nstreams=20000 avg_latency=1.0140 ms avg throuhgput (requests/sec) = 83.2649 res=false
*==== INFO ====* req_id_count= 12500 stream_id=49996 latency=1.077524 ms (tx_ts=156717920309228, rx_ts=156717921386752) request_id=817509 zil_blk_id=49996 ccf_commit_seqno=817510 nstreams_done_=12500 config.nstreams=20000 avg_latency=1.0132 ms avg throuhgput (requests/sec) = 83.3268 res=false
*==== INFO ====* req_id_count= 13000 stream_id=51996 latency=1.007474 ms (tx_ts=156723822667093, rx_ts=156723823674567) request_id=849910 zil_blk_id=51996 ccf_commit_seqno=849911 nstreams_done_=13000 config.nstreams=20000 avg_latency=1.0127 ms avg throuhgput (requests/sec) = 83.3793 res=false
*==== INFO ====* req_id_count= 13500 stream_id=53996 latency=0.803292 ms (tx_ts=156729707868056, rx_ts=156729708671348) request_id=882183 zil_blk_id=53996 ccf_commit_seqno=882183 nstreams_done_=13500 config.nstreams=20000 avg_latency=1.0126 ms avg throuhgput (requests/sec) = 83.4369 res=false
*==== INFO ====* req_id_count= 14000 stream_id=55996 latency=0.938867 ms (tx_ts=156735587599232, rx_ts=156735588538099) request_id=914467 zil_blk_id=55996 ccf_commit_seqno=914469 nstreams_done_=14000 config.nstreams=20000 avg_latency=1.0129 ms avg throuhgput (requests/sec) = 83.4929 res=false
*==== INFO ====* req_id_count= 14500 stream_id=57996 latency=0.883665 ms (tx_ts=156741473441617, rx_ts=156741474325282) request_id=946810 zil_blk_id=57996 ccf_commit_seqno=946810 nstreams_done_=14500 config.nstreams=20000 avg_latency=1.0122 ms avg throuhgput (requests/sec) = 83.5424 res=false
*==== INFO ====* req_id_count= 15000 stream_id=59996 latency=1.078598 ms (tx_ts=156747369946579, rx_ts=156747371025177) request_id=979153 zil_blk_id=59996 ccf_commit_seqno=979155 nstreams_done_=15000 config.nstreams=20000 avg_latency=1.0120 ms avg throuhgput (requests/sec) = 83.5835 res=false
*==== INFO ====* req_id_count= 15500 stream_id=61996 latency=0.952782 ms (tx_ts=156753263850909, rx_ts=156753264803691) request_id=1011509 zil_blk_id=61996 ccf_commit_seqno=1011509 nstreams_done_=15500 config.nstreams=20000 avg_latency=1.0117 ms avg throuhgput (requests/sec) = 83.6233 res=false
*==== INFO ====* req_id_count= 16000 stream_id=63996 latency=1.061145 ms (tx_ts=156759155616409, rx_ts=156759156677554) request_id=1043856 zil_blk_id=63996 ccf_commit_seqno=1043859 nstreams_done_=16000 config.nstreams=20000 avg_latency=1.0112 ms avg throuhgput (requests/sec) = 83.6614 res=false
*==== INFO ====* req_id_count= 16500 stream_id=65996 latency=0.891627 ms (tx_ts=156765079756861, rx_ts=156765080648488) request_id=1076227 zil_blk_id=65996 ccf_commit_seqno=1076228 nstreams_done_=16500 config.nstreams=20000 avg_latency=1.0119 ms avg throuhgput (requests/sec) = 83.6837 res=false
*==== INFO ====* req_id_count= 17000 stream_id=67996 latency=0.986234 ms (tx_ts=156770955086221, rx_ts=156770956072455) request_id=1108500 zil_blk_id=67996 ccf_commit_seqno=1108502 nstreams_done_=17000 config.nstreams=20000 avg_latency=1.0113 ms avg throuhgput (requests/sec) = 83.7247 res=false
*==== INFO ====* req_id_count= 17500 stream_id=69996 latency=0.748460 ms (tx_ts=156776829739181, rx_ts=156776830487641) request_id=1140827 zil_blk_id=69996 ccf_commit_seqno=1140827 nstreams_done_=17500 config.nstreams=20000 avg_latency=1.0099 ms avg throuhgput (requests/sec) = 83.7638 res=false
*==== INFO ====* req_id_count= 18000 stream_id=71996 latency=1.026760 ms (tx_ts=156782732184319, rx_ts=156782733211079) request_id=1173226 zil_blk_id=71996 ccf_commit_seqno=1173227 nstreams_done_=18000 config.nstreams=20000 avg_latency=1.0098 ms avg throuhgput (requests/sec) = 83.7897 res=false
*==== INFO ====* req_id_count= 18500 stream_id=73996 latency=1.484867 ms (tx_ts=156788620934067, rx_ts=156788622418934) request_id=1205566 zil_blk_id=73996 ccf_commit_seqno=1205567 nstreams_done_=18500 config.nstreams=20000 avg_latency=1.0095 ms avg throuhgput (requests/sec) = 83.8194 res=false
*==== INFO ====* req_id_count= 19000 stream_id=75996 latency=0.777945 ms (tx_ts=156794513403827, rx_ts=156794514181772) request_id=1237932 zil_blk_id=75996 ccf_commit_seqno=1237932 nstreams_done_=19000 config.nstreams=20000 avg_latency=1.0091 ms avg throuhgput (requests/sec) = 83.8465 res=false
*==== INFO ====* req_id_count= 19500 stream_id=77996 latency=1.165561 ms (tx_ts=156800404911807, rx_ts=156800406077368) request_id=1265586 zil_blk_id=77996 ccf_commit_seqno=1265586 nstreams_done_=19500 config.nstreams=20000 avg_latency=1.0082 ms avg throuhgput (requests/sec) = 83.8723 res=false
*==== INFO ====* http_end_stream ALL streams done! nstreams_done_=20000 avg_latency=1.0074 msreq_id_count= 20000
*==== INFO ====* req_id_count= 20000 stream_id=79996 latency=0.799784 ms (tx_ts=156806369999351, rx_ts=156806370799135) request_id=1277626 zil_blk_id=79996 ccf_commit_seqno=1277626 nstreams_done_=20000 config.nstreams=20000 avg_latency=1.0074 ms avg throuhgput (requests/sec) = 83.8711 res=true
