Uniform: 910257 85321 965170 109951 910722 
Exponential: -2147483648 -2147483648 -2147483648 -2147483648 -2147483648 
Truncated Normal: 499131 449214 434318 334184 224796 
*==== INFO ====* req_id_count= 500 stream_id=1996 latency=1.159239 ms (tx_ts=156574032812895, rx_ts=156574033972134) request_id=32530 zil_blk_id=1996 ccf_commit_seqno=32532 nstreams_done_=500 config.nstreams=20000 avg_latency=1.1367 ms avg throuhgput (requests/sec) = 81.7213 res=false
*==== INFO ====* req_id_count= 1000 stream_id=3996 latency=1.157255 ms (tx_ts=156580111262334, rx_ts=156580112419589) request_id=65374 zil_blk_id=3996 ccf_commit_seqno=65376 nstreams_done_=1000 config.nstreams=20000 avg_latency=1.1290 ms avg throuhgput (requests/sec) = 81.9887 res=false
*==== INFO ====* req_id_count= 1500 stream_id=5996 latency=0.955878 ms (tx_ts=156586177273051, rx_ts=156586178228929) request_id=98277 zil_blk_id=5996 ccf_commit_seqno=98277 nstreams_done_=1500 config.nstreams=20000 avg_latency=1.1162 ms avg throuhgput (requests/sec) = 82.1350 res=false
*==== INFO ====* req_id_count= 2000 stream_id=7996 latency=1.121979 ms (tx_ts=156592240576683, rx_ts=156592241698662) request_id=131229 zil_blk_id=7996 ccf_commit_seqno=131230 nstreams_done_=2000 config.nstreams=20000 avg_latency=1.0995 ms avg throuhgput (requests/sec) = 82.2163 res=false
*==== INFO ====* req_id_count= 2500 stream_id=9996 latency=1.104095 ms (tx_ts=156598328165943, rx_ts=156598329270038) request_id=164231 zil_blk_id=9996 ccf_commit_seqno=164232 nstreams_done_=2500 config.nstreams=20000 avg_latency=1.0996 ms avg throuhgput (requests/sec) = 82.1999 res=false
*==== INFO ====* req_id_count= 3000 stream_id=11996 latency=1.028704 ms (tx_ts=156604399053975, rx_ts=156604400082679) request_id=197230 zil_blk_id=11996 ccf_commit_seqno=197232 nstreams_done_=3000 config.nstreams=20000 avg_latency=1.0910 ms avg throuhgput (requests/sec) = 82.2268 res=false
*==== INFO ====* req_id_count= 3500 stream_id=13996 latency=0.953173 ms (tx_ts=156610417190771, rx_ts=156610418143944) request_id=229978 zil_blk_id=13996 ccf_commit_seqno=229978 nstreams_done_=3500 config.nstreams=20000 avg_latency=1.0898 ms avg throuhgput (requests/sec) = 82.3480 res=false
*==== INFO ====* req_id_count= 4000 stream_id=15996 latency=1.208360 ms (tx_ts=156616385177854, rx_ts=156616386386214) request_id=262512 zil_blk_id=15996 ccf_commit_seqno=262514 nstreams_done_=4000 config.nstreams=20000 avg_latency=1.0879 ms avg throuhgput (requests/sec) = 82.5240 res=false
*==== INFO ====* req_id_count= 4500 stream_id=17996 latency=1.113514 ms (tx_ts=156622467172890, rx_ts=156622468286404) request_id=295561 zil_blk_id=17996 ccf_commit_seqno=295561 nstreams_done_=4500 config.nstreams=20000 avg_latency=1.0916 ms avg throuhgput (requests/sec) = 82.4891 res=false
*==== INFO ====* req_id_count= 5000 stream_id=19996 latency=1.178525 ms (tx_ts=156628479776256, rx_ts=156628480954781) request_id=328302 zil_blk_id=19996 ccf_commit_seqno=328302 nstreams_done_=5000 config.nstreams=20000 avg_latency=1.0879 ms avg throuhgput (requests/sec) = 82.5555 res=false
*==== INFO ====* req_id_count= 5500 stream_id=21996 latency=1.170466 ms (tx_ts=156634483063630, rx_ts=156634484234096) request_id=360982 zil_blk_id=21996 ccf_commit_seqno=360984 nstreams_done_=5500 config.nstreams=20000 avg_latency=1.0869 ms avg throuhgput (requests/sec) = 82.6215 res=false
*==== INFO ====* req_id_count= 6000 stream_id=23996 latency=1.068107 ms (tx_ts=156640543109889, rx_ts=156640544177996) request_id=394121 zil_blk_id=23996 ccf_commit_seqno=394122 nstreams_done_=6000 config.nstreams=20000 avg_latency=1.0845 ms avg throuhgput (requests/sec) = 82.6121 res=false
*==== INFO ====* req_id_count= 6500 stream_id=25996 latency=1.155621 ms (tx_ts=156646527535984, rx_ts=156646528691605) request_id=426836 zil_blk_id=25996 ccf_commit_seqno=426836 nstreams_done_=6500 config.nstreams=20000 avg_latency=1.0819 ms avg throuhgput (requests/sec) = 82.6834 res=false
*==== INFO ====* req_id_count= 7000 stream_id=27996 latency=1.094007 ms (tx_ts=156652531775901, rx_ts=156652532869908) request_id=459660 zil_blk_id=27996 ccf_commit_seqno=459662 nstreams_done_=7000 config.nstreams=20000 avg_latency=1.0824 ms avg throuhgput (requests/sec) = 82.7254 res=false
*==== INFO ====* req_id_count= 7500 stream_id=29996 latency=1.160871 ms (tx_ts=156658568428764, rx_ts=156658569589635) request_id=492661 zil_blk_id=29996 ccf_commit_seqno=492663 nstreams_done_=7500 config.nstreams=20000 avg_latency=1.0821 ms avg throuhgput (requests/sec) = 82.7322 res=false
*==== INFO ====* req_id_count= 8000 stream_id=31996 latency=1.026991 ms (tx_ts=156664600331106, rx_ts=156664601358097) request_id=525523 zil_blk_id=31996 ccf_commit_seqno=525526 nstreams_done_=8000 config.nstreams=20000 avg_latency=1.0836 ms avg throuhgput (requests/sec) = 82.7423 res=false
*==== INFO ====* req_id_count= 8500 stream_id=33996 latency=0.885957 ms (tx_ts=156670617551486, rx_ts=156670618437443) request_id=558466 zil_blk_id=33996 ccf_commit_seqno=558466 nstreams_done_=8500 config.nstreams=20000 avg_latency=1.0819 ms avg throuhgput (requests/sec) = 82.7631 res=false
*==== INFO ====* req_id_count= 9000 stream_id=35996 latency=0.802801 ms (tx_ts=156676657116185, rx_ts=156676657918986) request_id=591525 zil_blk_id=35996 ccf_commit_seqno=591525 nstreams_done_=9000 config.nstreams=20000 avg_latency=1.0818 ms avg throuhgput (requests/sec) = 82.7645 res=false
*==== INFO ====* req_id_count= 9500 stream_id=37996 latency=1.162775 ms (tx_ts=156682655886584, rx_ts=156682657049359) request_id=624357 zil_blk_id=37996 ccf_commit_seqno=624360 nstreams_done_=9500 config.nstreams=20000 avg_latency=1.0806 ms avg throuhgput (requests/sec) = 82.7949 res=false
*==== INFO ====* req_id_count= 10000 stream_id=39996 latency=1.087233 ms (tx_ts=156688706299573, rx_ts=156688707386806) request_id=657245 zil_blk_id=39996 ccf_commit_seqno=657247 nstreams_done_=10000 config.nstreams=20000 avg_latency=1.0842 ms avg throuhgput (requests/sec) = 82.7871 res=false
*==== INFO ====* req_id_count= 10500 stream_id=41996 latency=1.051717 ms (tx_ts=156694729494053, rx_ts=156694730545770) request_id=690283 zil_blk_id=41996 ccf_commit_seqno=690283 nstreams_done_=10500 config.nstreams=20000 avg_latency=1.0834 ms avg throuhgput (requests/sec) = 82.7978 res=false
*==== INFO ====* req_id_count= 11000 stream_id=43996 latency=0.881670 ms (tx_ts=156700728834974, rx_ts=156700729716644) request_id=723192 zil_blk_id=43996 ccf_commit_seqno=723192 nstreams_done_=11000 config.nstreams=20000 avg_latency=1.0817 ms avg throuhgput (requests/sec) = 82.8225 res=false
*==== INFO ====* req_id_count= 11500 stream_id=45996 latency=0.896847 ms (tx_ts=156706744751590, rx_ts=156706745648437) request_id=756156 zil_blk_id=45996 ccf_commit_seqno=756156 nstreams_done_=11500 config.nstreams=20000 avg_latency=1.0804 ms avg throuhgput (requests/sec) = 82.8351 res=false
*==== INFO ====* req_id_count= 12000 stream_id=47996 latency=1.121227 ms (tx_ts=156712730593111, rx_ts=156712731714338) request_id=789021 zil_blk_id=47996 ccf_commit_seqno=789023 nstreams_done_=12000 config.nstreams=20000 avg_latency=1.0801 ms avg throuhgput (requests/sec) = 82.8637 res=false
*==== INFO ====* req_id_count= 12500 stream_id=49996 latency=0.914279 ms (tx_ts=156718757138581, rx_ts=156718758052860) request_id=822097 zil_blk_id=49996 ccf_commit_seqno=822098 nstreams_done_=12500 config.nstreams=20000 avg_latency=1.0794 ms avg throuhgput (requests/sec) = 82.8679 res=false
*==== INFO ====* req_id_count= 13000 stream_id=51996 latency=0.900594 ms (tx_ts=156724757323588, rx_ts=156724758224182) request_id=855008 zil_blk_id=51996 ccf_commit_seqno=855008 nstreams_done_=13000 config.nstreams=20000 avg_latency=1.0786 ms avg throuhgput (requests/sec) = 82.8856 res=false
*==== INFO ====* req_id_count= 13500 stream_id=53996 latency=1.154540 ms (tx_ts=156730757423394, rx_ts=156730758577934) request_id=887949 zil_blk_id=53996 ccf_commit_seqno=887953 nstreams_done_=13500 config.nstreams=20000 avg_latency=1.0786 ms avg throuhgput (requests/sec) = 82.9020 res=false
*==== INFO ====* req_id_count= 14000 stream_id=55996 latency=0.857635 ms (tx_ts=156736766595500, rx_ts=156736767453135) request_id=920936 zil_blk_id=55996 ccf_commit_seqno=920936 nstreams_done_=14000 config.nstreams=20000 avg_latency=1.0786 ms avg throuhgput (requests/sec) = 82.9129 res=false
*==== INFO ====* req_id_count= 14500 stream_id=57996 latency=0.805608 ms (tx_ts=156742701962558, rx_ts=156742702768166) request_id=953534 zil_blk_id=57996 ccf_commit_seqno=953534 nstreams_done_=14500 config.nstreams=20000 avg_latency=1.0783 ms avg throuhgput (requests/sec) = 82.9580 res=false
*==== INFO ====* req_id_count= 15000 stream_id=59996 latency=0.808723 ms (tx_ts=156748664476639, rx_ts=156748665285362) request_id=986261 zil_blk_id=59996 ccf_commit_seqno=986261 nstreams_done_=15000 config.nstreams=20000 avg_latency=1.0777 ms avg throuhgput (requests/sec) = 82.9877 res=false
*==== INFO ====* req_id_count= 15500 stream_id=61996 latency=1.205575 ms (tx_ts=156754579447528, rx_ts=156754580653103) request_id=1018735 zil_blk_id=61996 ccf_commit_seqno=1018735 nstreams_done_=15500 config.nstreams=20000 avg_latency=1.0774 ms avg throuhgput (requests/sec) = 83.0364 res=false
*==== INFO ====* req_id_count= 16000 stream_id=63996 latency=1.251481 ms (tx_ts=156760584348275, rx_ts=156760585599756) request_id=1051567 zil_blk_id=63996 ccf_commit_seqno=1051572 nstreams_done_=16000 config.nstreams=20000 avg_latency=1.0779 ms avg throuhgput (requests/sec) = 83.0436 res=false
*==== INFO ====* req_id_count= 16500 stream_id=65996 latency=1.029165 ms (tx_ts=156766571028437, rx_ts=156766572057602) request_id=1084418 zil_blk_id=65996 ccf_commit_seqno=1084418 nstreams_done_=16500 config.nstreams=20000 avg_latency=1.0775 ms avg throuhgput (requests/sec) = 83.0580 res=false
*==== INFO ====* req_id_count= 17000 stream_id=67996 latency=1.047448 ms (tx_ts=156772546977510, rx_ts=156772548024958) request_id=1117256 zil_blk_id=67996 ccf_commit_seqno=1117257 nstreams_done_=17000 config.nstreams=20000 avg_latency=1.0774 ms avg throuhgput (requests/sec) = 83.0758 res=false
*==== INFO ====* req_id_count= 17500 stream_id=69996 latency=0.852805 ms (tx_ts=156778528801072, rx_ts=156778529653877) request_id=1150132 zil_blk_id=69996 ccf_commit_seqno=1150132 nstreams_done_=17500 config.nstreams=20000 avg_latency=1.0770 ms avg throuhgput (requests/sec) = 83.0904 res=false
*==== INFO ====* req_id_count= 18000 stream_id=71996 latency=0.836334 ms (tx_ts=156784497964652, rx_ts=156784498800986) request_id=1182895 zil_blk_id=71996 ccf_commit_seqno=1182895 nstreams_done_=18000 config.nstreams=20000 avg_latency=1.0769 ms avg throuhgput (requests/sec) = 83.1089 res=false
*==== INFO ====* req_id_count= 18500 stream_id=73996 latency=1.113553 ms (tx_ts=156790432702353, rx_ts=156790433815906) request_id=1215510 zil_blk_id=73996 ccf_commit_seqno=1215511 nstreams_done_=18500 config.nstreams=20000 avg_latency=1.0763 ms avg throuhgput (requests/sec) = 83.1393 res=false
*==== INFO ====* req_id_count= 19000 stream_id=75996 latency=0.871460 ms (tx_ts=156796372366832, rx_ts=156796373238292) request_id=1248045 zil_blk_id=75996 ccf_commit_seqno=1248045 nstreams_done_=19000 config.nstreams=20000 avg_latency=1.0758 ms avg throuhgput (requests/sec) = 83.1664 res=false
*==== INFO ====* req_id_count= 19500 stream_id=77996 latency=0.839540 ms (tx_ts=156802301770914, rx_ts=156802302610454) request_id=1271056 zil_blk_id=77996 ccf_commit_seqno=1271056 nstreams_done_=19500 config.nstreams=20000 avg_latency=1.0747 ms avg throuhgput (requests/sec) = 83.1957 res=false
*==== INFO ====* http_end_stream ALL streams done! nstreams_done_=20000 avg_latency=1.0713 msreq_id_count= 20000
*==== INFO ====* req_id_count= 20000 stream_id=79996 latency=0.839258 ms (tx_ts=156808299517378, rx_ts=156808300356636) request_id=1279200 zil_blk_id=79996 ccf_commit_seqno=1279200 nstreams_done_=20000 config.nstreams=20000 avg_latency=1.0713 ms avg throuhgput (requests/sec) = 83.2000 res=true
