Uniform: 695417 405788 998040 189594 24343 
Exponential: -2147483648 -2147483648 -2147483648 -2147483648 -2147483648 
Truncated Normal: 764777 608637 673933 647664 461178 
*==== INFO ====* req_id_count= 500 stream_id=1996 latency=1.333340 ms (tx_ts=156573948125198, rx_ts=156573949458538) request_id=32084 zil_blk_id=1996 ccf_commit_seqno=32084 nstreams_done_=500 config.nstreams=20000 avg_latency=1.0417 ms avg throuhgput (requests/sec) = 82.8389 res=false
*==== INFO ====* req_id_count= 1000 stream_id=3996 latency=1.155382 ms (tx_ts=156579876528512, rx_ts=156579877683894) request_id=64114 zil_blk_id=3996 ccf_commit_seqno=64118 nstreams_done_=1000 config.nstreams=20000 avg_latency=1.0461 ms avg throuhgput (requests/sec) = 83.5838 res=false
*==== INFO ====* req_id_count= 1500 stream_id=5996 latency=1.008647 ms (tx_ts=156585741093653, rx_ts=156585742102300) request_id=95915 zil_blk_id=5996 ccf_commit_seqno=95917 nstreams_done_=1500 config.nstreams=20000 avg_latency=1.0360 ms avg throuhgput (requests/sec) = 84.1352 res=false
*==== INFO ====* req_id_count= 2000 stream_id=7996 latency=1.031941 ms (tx_ts=156591636465539, rx_ts=156591637497480) request_id=127949 zil_blk_id=7996 ccf_commit_seqno=127950 nstreams_done_=2000 config.nstreams=20000 avg_latency=1.0288 ms avg throuhgput (requests/sec) = 84.3034 res=false
*==== INFO ====* req_id_count= 2500 stream_id=9996 latency=1.065414 ms (tx_ts=156597522925458, rx_ts=156597523990872) request_id=159895 zil_blk_id=9996 ccf_commit_seqno=159898 nstreams_done_=2500 config.nstreams=20000 avg_latency=1.0289 ms avg throuhgput (requests/sec) = 84.4300 res=false
*==== INFO ====* req_id_count= 3000 stream_id=11996 latency=2.063632 ms (tx_ts=156603428214458, rx_ts=156603430278090) request_id=191959 zil_blk_id=11996 ccf_commit_seqno=191963 nstreams_done_=3000 config.nstreams=20000 avg_latency=1.0290 ms avg throuhgput (requests/sec) = 84.4675 res=false
*==== INFO ====* req_id_count= 3500 stream_id=13996 latency=1.110344 ms (tx_ts=156609324334957, rx_ts=156609325445301) request_id=224045 zil_blk_id=13996 ccf_commit_seqno=224048 nstreams_done_=3500 config.nstreams=20000 avg_latency=1.0291 ms avg throuhgput (requests/sec) = 84.5170 res=false
*==== INFO ====* req_id_count= 4000 stream_id=15996 latency=1.242383 ms (tx_ts=156615226039882, rx_ts=156615227282265) request_id=256188 zil_blk_id=15996 ccf_commit_seqno=256195 nstreams_done_=4000 config.nstreams=20000 avg_latency=1.0310 ms avg throuhgput (requests/sec) = 84.5422 res=false
*==== INFO ====* req_id_count= 4500 stream_id=17996 latency=1.104506 ms (tx_ts=156621136523121, rx_ts=156621137627627) request_id=288336 zil_blk_id=17996 ccf_commit_seqno=288336 nstreams_done_=4500 config.nstreams=20000 avg_latency=1.0339 ms avg throuhgput (requests/sec) = 84.5484 res=false
*==== INFO ====* req_id_count= 5000 stream_id=19996 latency=0.846895 ms (tx_ts=156627036319431, rx_ts=156627037166326) request_id=320439 zil_blk_id=19996 ccf_commit_seqno=320439 nstreams_done_=5000 config.nstreams=20000 avg_latency=1.0354 ms avg throuhgput (requests/sec) = 84.5687 res=false
*==== INFO ====* req_id_count= 5500 stream_id=21996 latency=0.985033 ms (tx_ts=156632924783091, rx_ts=156632925768124) request_id=352489 zil_blk_id=21996 ccf_commit_seqno=352490 nstreams_done_=5500 config.nstreams=20000 avg_latency=1.0355 ms avg throuhgput (requests/sec) = 84.5996 res=false
*==== INFO ====* req_id_count= 6000 stream_id=23996 latency=0.813259 ms (tx_ts=156638789616100, rx_ts=156638790429359) request_id=384516 zil_blk_id=23996 ccf_commit_seqno=384516 nstreams_done_=6000 config.nstreams=20000 avg_latency=1.0325 ms avg throuhgput (requests/sec) = 84.6540 res=false
*==== INFO ====* req_id_count= 6500 stream_id=25996 latency=0.868264 ms (tx_ts=156644653088738, rx_ts=156644653957002) request_id=416576 zil_blk_id=25996 ccf_commit_seqno=416576 nstreams_done_=6500 config.nstreams=20000 avg_latency=1.0314 ms avg throuhgput (requests/sec) = 84.7012 res=false
*==== INFO ====* req_id_count= 7000 stream_id=27996 latency=0.785458 ms (tx_ts=156650526544302, rx_ts=156650527329760) request_id=448702 zil_blk_id=27996 ccf_commit_seqno=448702 nstreams_done_=7000 config.nstreams=20000 avg_latency=1.0317 ms avg throuhgput (requests/sec) = 84.7317 res=false
*==== INFO ====* req_id_count= 7500 stream_id=29996 latency=0.778915 ms (tx_ts=156656397631467, rx_ts=156656398410382) request_id=480798 zil_blk_id=29996 ccf_commit_seqno=480798 nstreams_done_=7500 config.nstreams=20000 avg_latency=1.0321 ms avg throuhgput (requests/sec) = 84.7604 res=false
*==== INFO ====* req_id_count= 8000 stream_id=31996 latency=0.915993 ms (tx_ts=156662272437868, rx_ts=156662273353861) request_id=512879 zil_blk_id=31996 ccf_commit_seqno=512880 nstreams_done_=8000 config.nstreams=20000 avg_latency=1.0320 ms avg throuhgput (requests/sec) = 84.7820 res=false
*==== INFO ====* req_id_count= 8500 stream_id=33996 latency=1.023915 ms (tx_ts=156668184516792, rx_ts=156668185540707) request_id=545155 zil_blk_id=33996 ccf_commit_seqno=545155 nstreams_done_=8500 config.nstreams=20000 avg_latency=1.0331 ms avg throuhgput (requests/sec) = 84.7695 res=false
*==== INFO ====* req_id_count= 9000 stream_id=35996 latency=1.005050 ms (tx_ts=156674038667094, rx_ts=156674039672144) request_id=577190 zil_blk_id=35996 ccf_commit_seqno=577190 nstreams_done_=9000 config.nstreams=20000 avg_latency=1.0307 ms avg throuhgput (requests/sec) = 84.8048 res=false
*==== INFO ====* req_id_count= 9500 stream_id=37996 latency=1.042971 ms (tx_ts=156679919254569, rx_ts=156679920297540) request_id=609380 zil_blk_id=37996 ccf_commit_seqno=609382 nstreams_done_=9500 config.nstreams=20000 avg_latency=1.0308 ms avg throuhgput (requests/sec) = 84.8164 res=false
*==== INFO ====* req_id_count= 10000 stream_id=39996 latency=0.957691 ms (tx_ts=156685837938402, rx_ts=156685838896093) request_id=641511 zil_blk_id=39996 ccf_commit_seqno=641511 nstreams_done_=10000 config.nstreams=20000 avg_latency=1.0334 ms avg throuhgput (requests/sec) = 84.7995 res=false
*==== INFO ====* req_id_count= 10500 stream_id=41996 latency=0.809143 ms (tx_ts=156691701119118, rx_ts=156691701928261) request_id=673682 zil_blk_id=41996 ccf_commit_seqno=673682 nstreams_done_=10500 config.nstreams=20000 avg_latency=1.0332 ms avg throuhgput (requests/sec) = 84.8222 res=false
*==== INFO ====* req_id_count= 11000 stream_id=43996 latency=0.813058 ms (tx_ts=156697567043419, rx_ts=156697567856477) request_id=705865 zil_blk_id=43996 ccf_commit_seqno=705865 nstreams_done_=11000 config.nstreams=20000 avg_latency=1.0333 ms avg throuhgput (requests/sec) = 84.8411 res=false
*==== INFO ====* req_id_count= 11500 stream_id=45996 latency=1.317474 ms (tx_ts=156703446454362, rx_ts=156703447771836) request_id=738087 zil_blk_id=45996 ccf_commit_seqno=738088 nstreams_done_=11500 config.nstreams=20000 avg_latency=1.0331 ms avg throuhgput (requests/sec) = 84.8495 res=false
*==== INFO ====* req_id_count= 12000 stream_id=47996 latency=1.057948 ms (tx_ts=156709318187039, rx_ts=156709319244987) request_id=770285 zil_blk_id=47996 ccf_commit_seqno=770287 nstreams_done_=12000 config.nstreams=20000 avg_latency=1.0327 ms avg throuhgput (requests/sec) = 84.8623 res=false
*==== INFO ====* req_id_count= 12500 stream_id=49996 latency=1.012063 ms (tx_ts=156715165770294, rx_ts=156715166782357) request_id=802373 zil_blk_id=49996 ccf_commit_seqno=802373 nstreams_done_=12500 config.nstreams=20000 avg_latency=1.0315 ms avg throuhgput (requests/sec) = 84.8878 res=false
*==== INFO ====* req_id_count= 13000 stream_id=51996 latency=0.996785 ms (tx_ts=156721038813099, rx_ts=156721039809884) request_id=834611 zil_blk_id=51996 ccf_commit_seqno=834611 nstreams_done_=13000 config.nstreams=20000 avg_latency=1.0316 ms avg throuhgput (requests/sec) = 84.8973 res=false
*==== INFO ====* req_id_count= 13500 stream_id=53996 latency=0.830984 ms (tx_ts=156726899333589, rx_ts=156726900164573) request_id=866762 zil_blk_id=53996 ccf_commit_seqno=866763 nstreams_done_=13500 config.nstreams=20000 avg_latency=1.0315 ms avg throuhgput (requests/sec) = 84.9129 res=false
*==== INFO ====* req_id_count= 14000 stream_id=55996 latency=1.236282 ms (tx_ts=156732743624340, rx_ts=156732744860622) request_id=898875 zil_blk_id=55996 ccf_commit_seqno=898877 nstreams_done_=14000 config.nstreams=20000 avg_latency=1.0308 ms avg throuhgput (requests/sec) = 84.9354 res=false
*==== INFO ====* req_id_count= 14500 stream_id=57996 latency=1.078196 ms (tx_ts=156738605078879, rx_ts=156738606157075) request_id=931033 zil_blk_id=57996 ccf_commit_seqno=931034 nstreams_done_=14500 config.nstreams=20000 avg_latency=1.0317 ms avg throuhgput (requests/sec) = 84.9481 res=false
*==== INFO ====* req_id_count= 15000 stream_id=59996 latency=1.034706 ms (tx_ts=156744452798513, rx_ts=156744453833219) request_id=963124 zil_blk_id=59996 ccf_commit_seqno=963124 nstreams_done_=15000 config.nstreams=20000 avg_latency=1.0316 ms avg throuhgput (requests/sec) = 84.9665 res=false
*==== INFO ====* req_id_count= 15500 stream_id=61996 latency=1.101500 ms (tx_ts=156750300559874, rx_ts=156750301661374) request_id=995237 zil_blk_id=61996 ccf_commit_seqno=995238 nstreams_done_=15500 config.nstreams=20000 avg_latency=1.0315 ms avg throuhgput (requests/sec) = 84.9837 res=false
*==== INFO ====* req_id_count= 16000 stream_id=63996 latency=0.883512 ms (tx_ts=156756158387687, rx_ts=156756159271199) request_id=1027401 zil_blk_id=63996 ccf_commit_seqno=1027401 nstreams_done_=16000 config.nstreams=20000 avg_latency=1.0320 ms avg throuhgput (requests/sec) = 84.9953 res=false
*==== INFO ====* req_id_count= 16500 stream_id=65996 latency=1.073107 ms (tx_ts=156762029767787, rx_ts=156762030840894) request_id=1059497 zil_blk_id=65996 ccf_commit_seqno=1059497 nstreams_done_=16500 config.nstreams=20000 avg_latency=1.0338 ms avg throuhgput (requests/sec) = 85.0002 res=false
*==== INFO ====* req_id_count= 17000 stream_id=67996 latency=0.998798 ms (tx_ts=156767881404489, rx_ts=156767882403287) request_id=1091613 zil_blk_id=67996 ccf_commit_seqno=1091616 nstreams_done_=17000 config.nstreams=20000 avg_latency=1.0340 ms avg throuhgput (requests/sec) = 85.0133 res=false
*==== INFO ====* req_id_count= 17500 stream_id=69996 latency=1.052499 ms (tx_ts=156773727360138, rx_ts=156773728412637) request_id=1123747 zil_blk_id=69996 ccf_commit_seqno=1123748 nstreams_done_=17500 config.nstreams=20000 avg_latency=1.0337 ms avg throuhgput (requests/sec) = 85.0279 res=false
*==== INFO ====* req_id_count= 18000 stream_id=71996 latency=1.188663 ms (tx_ts=156779588695318, rx_ts=156779589883981) request_id=1155952 zil_blk_id=71996 ccf_commit_seqno=1155952 nstreams_done_=18000 config.nstreams=20000 avg_latency=1.0339 ms avg throuhgput (requests/sec) = 85.0355 res=false
*==== INFO ====* req_id_count= 18500 stream_id=73996 latency=1.023614 ms (tx_ts=156785432638516, rx_ts=156785433662130) request_id=1188043 zil_blk_id=73996 ccf_commit_seqno=1188043 nstreams_done_=18500 config.nstreams=20000 avg_latency=1.0337 ms avg throuhgput (requests/sec) = 85.0496 res=false
*==== INFO ====* req_id_count= 19000 stream_id=75996 latency=1.185738 ms (tx_ts=156791298813046, rx_ts=156791299998784) request_id=1220263 zil_blk_id=75996 ccf_commit_seqno=1220266 nstreams_done_=19000 config.nstreams=20000 avg_latency=1.0336 ms avg throuhgput (requests/sec) = 85.0544 res=false
*==== INFO ====* req_id_count= 19500 stream_id=77996 latency=0.854629 ms (tx_ts=156797152492044, rx_ts=156797153346673) request_id=1251947 zil_blk_id=77996 ccf_commit_seqno=1251947 nstreams_done_=19500 config.nstreams=20000 avg_latency=1.0333 ms avg throuhgput (requests/sec) = 85.0638 res=false
*==== INFO ====* http_end_stream ALL streams done! nstreams_done_=20000 avg_latency=1.0326 msreq_id_count= 20000
*==== INFO ====* req_id_count= 20000 stream_id=79996 latency=0.811380 ms (tx_ts=156803020467951, rx_ts=156803021279331) request_id=1272601 zil_blk_id=79996 ccf_commit_seqno=1272601 nstreams_done_=20000 config.nstreams=20000 avg_latency=1.0326 ms avg throuhgput (requests/sec) = 85.0674 res=true
