Uniform: 736892 40972 705908 625530 968170 
Exponential: -2147483648 -2147483648 -2147483648 -2147483648 -2147483648 
Truncated Normal: 498371 43116 315690 809978 805125 
*==== INFO ====* req_id_count= 500 stream_id=1996 latency=0.882922 ms (tx_ts=156573807455759, rx_ts=156573808338681) request_id=31338 zil_blk_id=1996 ccf_commit_seqno=31341 nstreams_done_=500 config.nstreams=20000 avg_latency=0.9019 ms avg throuhgput (requests/sec) = 84.5525 res=false
*==== INFO ====* req_id_count= 1000 stream_id=3996 latency=0.682797 ms (tx_ts=156579658306829, rx_ts=156579658989626) request_id=62951 zil_blk_id=3996 ccf_commit_seqno=62951 nstreams_done_=1000 config.nstreams=20000 avg_latency=0.8901 ms avg throuhgput (requests/sec) = 85.0041 res=false
*==== INFO ====* req_id_count= 1500 stream_id=5996 latency=1.055645 ms (tx_ts=156585466038826, rx_ts=156585467094471) request_id=94436 zil_blk_id=5996 ccf_commit_seqno=94438 nstreams_done_=1500 config.nstreams=20000 avg_latency=0.8861 ms avg throuhgput (requests/sec) = 85.3619 res=false
*==== INFO ====* req_id_count= 2000 stream_id=7996 latency=0.980054 ms (tx_ts=156591246372504, rx_ts=156591247352558) request_id=125838 zil_blk_id=7996 ccf_commit_seqno=125841 nstreams_done_=2000 config.nstreams=20000 avg_latency=0.8797 ms avg throuhgput (requests/sec) = 85.6439 res=false
*==== INFO ====* req_id_count= 2500 stream_id=9996 latency=1.185047 ms (tx_ts=156597019686323, rx_ts=156597020871370) request_id=157199 zil_blk_id=9996 ccf_commit_seqno=157200 nstreams_done_=2500 config.nstreams=20000 avg_latency=0.8756 ms avg throuhgput (requests/sec) = 85.8339 res=false
*==== INFO ====* req_id_count= 3000 stream_id=11996 latency=0.758938 ms (tx_ts=156602807754335, rx_ts=156602808513273) request_id=188597 zil_blk_id=11996 ccf_commit_seqno=188598 nstreams_done_=3000 config.nstreams=20000 avg_latency=0.8710 ms avg throuhgput (requests/sec) = 85.9263 res=false
*==== INFO ====* req_id_count= 3500 stream_id=13996 latency=0.818161 ms (tx_ts=156608575728844, rx_ts=156608576547005) request_id=219987 zil_blk_id=13996 ccf_commit_seqno=219987 nstreams_done_=3500 config.nstreams=20000 avg_latency=0.8659 ms avg throuhgput (requests/sec) = 86.0338 res=false
*==== INFO ====* req_id_count= 4000 stream_id=15996 latency=0.920672 ms (tx_ts=156614362640838, rx_ts=156614363561510) request_id=251490 zil_blk_id=15996 ccf_commit_seqno=251491 nstreams_done_=4000 config.nstreams=20000 avg_latency=0.8657 ms avg throuhgput (requests/sec) = 86.0794 res=false
*==== INFO ====* req_id_count= 4500 stream_id=17996 latency=0.778276 ms (tx_ts=156620161330288, rx_ts=156620162108564) request_id=283047 zil_blk_id=17996 ccf_commit_seqno=283050 nstreams_done_=4500 config.nstreams=20000 avg_latency=0.8666 ms avg throuhgput (requests/sec) = 86.0960 res=false
*==== INFO ====* req_id_count= 5000 stream_id=19996 latency=0.808801 ms (tx_ts=156625966865157, rx_ts=156625967673958) request_id=314606 zil_blk_id=19996 ccf_commit_seqno=314606 nstreams_done_=5000 config.nstreams=20000 avg_latency=0.8705 ms avg throuhgput (requests/sec) = 86.0988 res=false
*==== INFO ====* req_id_count= 5500 stream_id=21996 latency=0.651609 ms (tx_ts=156631747129786, rx_ts=156631747781395) request_id=346060 zil_blk_id=21996 ccf_commit_seqno=346060 nstreams_done_=5500 config.nstreams=20000 avg_latency=0.8697 ms avg throuhgput (requests/sec) = 86.1354 res=false
*==== INFO ====* req_id_count= 6000 stream_id=23996 latency=0.728252 ms (tx_ts=156637538308314, rx_ts=156637539036566) request_id=377679 zil_blk_id=23996 ccf_commit_seqno=377680 nstreams_done_=6000 config.nstreams=20000 avg_latency=0.8693 ms avg throuhgput (requests/sec) = 86.1522 res=false
*==== INFO ====* req_id_count= 6500 stream_id=25996 latency=0.733752 ms (tx_ts=156643304228363, rx_ts=156643304962115) request_id=409210 zil_blk_id=25996 ccf_commit_seqno=409210 nstreams_done_=6500 config.nstreams=20000 avg_latency=0.8678 ms avg throuhgput (requests/sec) = 86.1953 res=false
*==== INFO ====* req_id_count= 7000 stream_id=27996 latency=0.692023 ms (tx_ts=156649077484381, rx_ts=156649078176404) request_id=440774 zil_blk_id=27996 ccf_commit_seqno=440775 nstreams_done_=7000 config.nstreams=20000 avg_latency=0.8672 ms avg throuhgput (requests/sec) = 86.2246 res=false
*==== INFO ====* req_id_count= 7500 stream_id=29996 latency=0.833627 ms (tx_ts=156654862309403, rx_ts=156654863143030) request_id=472410 zil_blk_id=29996 ccf_commit_seqno=472413 nstreams_done_=7500 config.nstreams=20000 avg_latency=0.8681 ms avg throuhgput (requests/sec) = 86.2383 res=false
*==== INFO ====* req_id_count= 8000 stream_id=31996 latency=0.856832 ms (tx_ts=156660660259133, rx_ts=156660661115965) request_id=504067 zil_blk_id=31996 ccf_commit_seqno=504067 nstreams_done_=8000 config.nstreams=20000 avg_latency=0.8684 ms avg throuhgput (requests/sec) = 86.2382 res=false
*==== INFO ====* req_id_count= 8500 stream_id=33996 latency=0.706491 ms (tx_ts=156666453187031, rx_ts=156666453893522) request_id=535675 zil_blk_id=33996 ccf_commit_seqno=535675 nstreams_done_=8500 config.nstreams=20000 avg_latency=0.8696 ms avg throuhgput (requests/sec) = 86.2427 res=false
*==== INFO ====* req_id_count= 9000 stream_id=35996 latency=0.678839 ms (tx_ts=156672207998432, rx_ts=156672208677271) request_id=567178 zil_blk_id=35996 ccf_commit_seqno=567179 nstreams_done_=9000 config.nstreams=20000 avg_latency=0.8667 ms avg throuhgput (requests/sec) = 86.2781 res=false
*==== INFO ====* req_id_count= 9500 stream_id=37996 latency=0.991763 ms (tx_ts=156677969177657, rx_ts=156677970169420) request_id=598712 zil_blk_id=37996 ccf_commit_seqno=598712 nstreams_done_=9500 config.nstreams=20000 avg_latency=0.8651 ms avg throuhgput (requests/sec) = 86.3045 res=false
*==== INFO ====* req_id_count= 10000 stream_id=39996 latency=2.019096 ms (tx_ts=156683793915106, rx_ts=156683795934202) request_id=630341 zil_blk_id=39996 ccf_commit_seqno=630341 nstreams_done_=10000 config.nstreams=20000 avg_latency=0.8667 ms avg throuhgput (requests/sec) = 86.2805 res=false
*==== INFO ====* req_id_count= 10500 stream_id=41996 latency=0.850130 ms (tx_ts=156689608907531, rx_ts=156689609757661) request_id=662196 zil_blk_id=41996 ccf_commit_seqno=662199 nstreams_done_=10500 config.nstreams=20000 avg_latency=0.8672 ms avg throuhgput (requests/sec) = 86.2672 res=false
*==== INFO ====* req_id_count= 11000 stream_id=43996 latency=0.709876 ms (tx_ts=156695400728551, rx_ts=156695401438427) request_id=693973 zil_blk_id=43996 ccf_commit_seqno=693974 nstreams_done_=11000 config.nstreams=20000 avg_latency=0.8675 ms avg throuhgput (requests/sec) = 86.2701 res=false
*==== INFO ====* req_id_count= 11500 stream_id=45996 latency=1.082170 ms (tx_ts=156701188508588, rx_ts=156701189590758) request_id=725711 zil_blk_id=45996 ccf_commit_seqno=725714 nstreams_done_=11500 config.nstreams=20000 avg_latency=0.8678 ms avg throuhgput (requests/sec) = 86.2750 res=false
*==== INFO ====* req_id_count= 12000 stream_id=47996 latency=0.647251 ms (tx_ts=156706962381730, rx_ts=156706963028981) request_id=757353 zil_blk_id=47996 ccf_commit_seqno=757353 nstreams_done_=12000 config.nstreams=20000 avg_latency=0.8673 ms avg throuhgput (requests/sec) = 86.2886 res=false
*==== INFO ====* req_id_count= 12500 stream_id=49996 latency=0.654694 ms (tx_ts=156712773765029, rx_ts=156712774419723) request_id=789255 zil_blk_id=49996 ccf_commit_seqno=789255 nstreams_done_=12500 config.nstreams=20000 avg_latency=0.8678 ms avg throuhgput (requests/sec) = 86.2786 res=false
*==== INFO ====* req_id_count= 13000 stream_id=51996 latency=0.755032 ms (tx_ts=156718547410356, rx_ts=156718548165388) request_id=820955 zil_blk_id=51996 ccf_commit_seqno=820955 nstreams_done_=13000 config.nstreams=20000 avg_latency=0.8673 ms avg throuhgput (requests/sec) = 86.2908 res=false
*==== INFO ====* req_id_count= 13500 stream_id=53996 latency=0.636801 ms (tx_ts=156724312084130, rx_ts=156724312720931) request_id=852569 zil_blk_id=53996 ccf_commit_seqno=852569 nstreams_done_=13500 config.nstreams=20000 avg_latency=0.8669 ms avg throuhgput (requests/sec) = 86.3073 res=false
*==== INFO ====* req_id_count= 14000 stream_id=55996 latency=0.692675 ms (tx_ts=156730084088995, rx_ts=156730084781670) request_id=884252 zil_blk_id=55996 ccf_commit_seqno=884252 nstreams_done_=14000 config.nstreams=20000 avg_latency=0.8658 ms avg throuhgput (requests/sec) = 86.3186 res=false
*==== INFO ====* req_id_count= 14500 stream_id=57996 latency=1.411392 ms (tx_ts=156735877481142, rx_ts=156735878892534) request_id=916059 zil_blk_id=57996 ccf_commit_seqno=916060 nstreams_done_=14500 config.nstreams=20000 avg_latency=0.8663 ms avg throuhgput (requests/sec) = 86.3177 res=false
*==== INFO ====* req_id_count= 15000 stream_id=59996 latency=0.963172 ms (tx_ts=156741658597359, rx_ts=156741659560531) request_id=947808 zil_blk_id=59996 ccf_commit_seqno=947810 nstreams_done_=15000 config.nstreams=20000 avg_latency=0.8660 ms avg throuhgput (requests/sec) = 86.3236 res=false
*==== INFO ====* req_id_count= 15500 stream_id=61996 latency=0.711912 ms (tx_ts=156747421046209, rx_ts=156747421758121) request_id=979436 zil_blk_id=61996 ccf_commit_seqno=979436 nstreams_done_=15500 config.nstreams=20000 avg_latency=0.8647 ms avg throuhgput (requests/sec) = 86.3380 res=false
*==== INFO ====* req_id_count= 16000 stream_id=63996 latency=0.771823 ms (tx_ts=156753223141999, rx_ts=156753223913822) request_id=1011286 zil_blk_id=63996 ccf_commit_seqno=1011288 nstreams_done_=16000 config.nstreams=20000 avg_latency=0.8650 ms avg throuhgput (requests/sec) = 86.3329 res=false
*==== INFO ====* req_id_count= 16500 stream_id=65996 latency=0.732480 ms (tx_ts=156759010314257, rx_ts=156759011046737) request_id=1043073 zil_blk_id=65996 ccf_commit_seqno=1043073 nstreams_done_=16500 config.nstreams=20000 avg_latency=0.8645 ms avg throuhgput (requests/sec) = 86.3349 res=false
*==== INFO ====* req_id_count= 17000 stream_id=67996 latency=0.721840 ms (tx_ts=156764823225022, rx_ts=156764823946862) request_id=1074818 zil_blk_id=67996 ccf_commit_seqno=1074818 nstreams_done_=17000 config.nstreams=20000 avg_latency=0.8660 ms avg throuhgput (requests/sec) = 86.3255 res=false
*==== INFO ====* req_id_count= 17500 stream_id=69996 latency=0.629618 ms (tx_ts=156770623550349, rx_ts=156770624179967) request_id=1106673 zil_blk_id=69996 ccf_commit_seqno=1106673 nstreams_done_=17500 config.nstreams=20000 avg_latency=0.8666 ms avg throuhgput (requests/sec) = 86.3220 res=false
*==== INFO ====* req_id_count= 18000 stream_id=71996 latency=0.851482 ms (tx_ts=156776377195548, rx_ts=156776378047030) request_id=1138341 zil_blk_id=71996 ccf_commit_seqno=1138344 nstreams_done_=18000 config.nstreams=20000 avg_latency=0.8655 ms avg throuhgput (requests/sec) = 86.3379 res=false
*==== INFO ====* req_id_count= 18500 stream_id=73996 latency=0.915552 ms (tx_ts=156782189562082, rx_ts=156782190477634) request_id=1170242 zil_blk_id=73996 ccf_commit_seqno=1170244 nstreams_done_=18500 config.nstreams=20000 avg_latency=0.8667 ms avg throuhgput (requests/sec) = 86.3293 res=false
*==== INFO ====* req_id_count= 19000 stream_id=75996 latency=0.617635 ms (tx_ts=156787956253531, rx_ts=156787956871166) request_id=1201916 zil_blk_id=75996 ccf_commit_seqno=1201916 nstreams_done_=19000 config.nstreams=20000 avg_latency=0.8664 ms avg throuhgput (requests/sec) = 86.3393 res=false
*==== INFO ====* req_id_count= 19500 stream_id=77996 latency=0.805417 ms (tx_ts=156793739019148, rx_ts=156793739824565) request_id=1233674 zil_blk_id=77996 ccf_commit_seqno=1233676 nstreams_done_=19500 config.nstreams=20000 avg_latency=0.8666 ms avg throuhgput (requests/sec) = 86.3424 res=false
*==== INFO ====* http_end_stream ALL streams done! nstreams_done_=20000 avg_latency=0.8663 msreq_id_count= 20000
*==== INFO ====* req_id_count= 20000 stream_id=79996 latency=0.962511 ms (tx_ts=156799523516500, rx_ts=156799524479011) request_id=1262489 zil_blk_id=79996 ccf_commit_seqno=1262489 nstreams_done_=20000 config.nstreams=20000 avg_latency=0.8663 ms avg throuhgput (requests/sec) = 86.3447 res=true
