Uniform: 290421 168729 777020 937405 998174 
Exponential: -2147483648 -2147483648 -2147483648 -2147483648 -2147483648 
Truncated Normal: 337959 346578 258628 794070 331862 
*==== INFO ====* req_id_count= 500 stream_id=1996 latency=0.882100 ms (tx_ts=156573786142030, rx_ts=156573787024130) request_id=31232 zil_blk_id=1996 ccf_commit_seqno=31234 nstreams_done_=500 config.nstreams=20000 avg_latency=0.8334 ms avg throuhgput (requests/sec) = 84.7371 res=false
*==== INFO ====* req_id_count= 1000 stream_id=3996 latency=0.697976 ms (tx_ts=156579678715763, rx_ts=156579679413739) request_id=63062 zil_blk_id=3996 ccf_commit_seqno=63062 nstreams_done_=1000 config.nstreams=20000 avg_latency=0.8309 ms avg throuhgput (requests/sec) = 84.7961 res=false
*==== INFO ====* req_id_count= 1500 stream_id=5996 latency=0.698497 ms (tx_ts=156585514530208, rx_ts=156585515228705) request_id=94697 zil_blk_id=5996 ccf_commit_seqno=94697 nstreams_done_=1500 config.nstreams=20000 avg_latency=0.8396 ms avg throuhgput (requests/sec) = 85.0880 res=false
*==== INFO ====* req_id_count= 2000 stream_id=7996 latency=0.645818 ms (tx_ts=156591349219095, rx_ts=156591349864913) request_id=126388 zil_blk_id=7996 ccf_commit_seqno=126388 nstreams_done_=2000 config.nstreams=20000 avg_latency=0.8299 ms avg throuhgput (requests/sec) = 85.2390 res=false
*==== INFO ====* req_id_count= 2500 stream_id=9996 latency=0.752558 ms (tx_ts=156597202605512, rx_ts=156597203358070) request_id=158190 zil_blk_id=9996 ccf_commit_seqno=158190 nstreams_done_=2500 config.nstreams=20000 avg_latency=0.8217 ms avg throuhgput (requests/sec) = 85.2749 res=false
*==== INFO ====* req_id_count= 3000 stream_id=11996 latency=0.924429 ms (tx_ts=156603027553982, rx_ts=156603028478411) request_id=189782 zil_blk_id=11996 ccf_commit_seqno=189783 nstreams_done_=3000 config.nstreams=20000 avg_latency=0.8204 ms avg throuhgput (requests/sec) = 85.3678 res=false
*==== INFO ====* req_id_count= 3500 stream_id=13996 latency=0.868575 ms (tx_ts=156608873653609, rx_ts=156608874522184) request_id=221602 zil_blk_id=13996 ccf_commit_seqno=221603 nstreams_done_=3500 config.nstreams=20000 avg_latency=0.8178 ms avg throuhgput (requests/sec) = 85.3906 res=false
*==== INFO ====* req_id_count= 4000 stream_id=15996 latency=0.834130 ms (tx_ts=156614687805965, rx_ts=156614688640095) request_id=253249 zil_blk_id=15996 ccf_commit_seqno=253256 nstreams_done_=4000 config.nstreams=20000 avg_latency=0.8151 ms avg throuhgput (requests/sec) = 85.4660 res=false
*==== INFO ====* req_id_count= 4500 stream_id=17996 latency=0.661464 ms (tx_ts=156620499588459, rx_ts=156620500249923) request_id=284884 zil_blk_id=17996 ccf_commit_seqno=284884 nstreams_done_=4500 config.nstreams=20000 avg_latency=0.8159 ms avg throuhgput (requests/sec) = 85.5288 res=false
*==== INFO ====* req_id_count= 5000 stream_id=19996 latency=0.885797 ms (tx_ts=156626316680769, rx_ts=156626317566566) request_id=316515 zil_blk_id=19996 ccf_commit_seqno=316517 nstreams_done_=5000 config.nstreams=20000 avg_latency=0.8169 ms avg throuhgput (requests/sec) = 85.5708 res=false
*==== INFO ====* req_id_count= 5500 stream_id=21996 latency=0.958814 ms (tx_ts=156632156328611, rx_ts=156632157287425) request_id=348290 zil_blk_id=21996 ccf_commit_seqno=348294 nstreams_done_=5500 config.nstreams=20000 avg_latency=0.8199 ms avg throuhgput (requests/sec) = 85.5753 res=false
*==== INFO ====* req_id_count= 6000 stream_id=23996 latency=0.843317 ms (tx_ts=156637949204528, rx_ts=156637950047845) request_id=379919 zil_blk_id=23996 ccf_commit_seqno=379922 nstreams_done_=6000 config.nstreams=20000 avg_latency=0.8203 ms avg throuhgput (requests/sec) = 85.6364 res=false
*==== INFO ====* req_id_count= 6500 stream_id=25996 latency=0.703917 ms (tx_ts=156643717421424, rx_ts=156643718125341) request_id=411470 zil_blk_id=25996 ccf_commit_seqno=411471 nstreams_done_=6500 config.nstreams=20000 avg_latency=0.8183 ms avg throuhgput (requests/sec) = 85.7161 res=false
*==== INFO ====* req_id_count= 7000 stream_id=27996 latency=0.968511 ms (tx_ts=156649493377838, rx_ts=156649494346349) request_id=443050 zil_blk_id=27996 ccf_commit_seqno=443051 nstreams_done_=7000 config.nstreams=20000 avg_latency=0.8171 ms avg throuhgput (requests/sec) = 85.7760 res=false
*==== INFO ====* req_id_count= 7500 stream_id=29996 latency=0.737447 ms (tx_ts=156655289555813, rx_ts=156655290293260) request_id=474740 zil_blk_id=29996 ccf_commit_seqno=474741 nstreams_done_=7500 config.nstreams=20000 avg_latency=0.8150 ms avg throuhgput (requests/sec) = 85.8086 res=false
*==== INFO ====* req_id_count= 8000 stream_id=31996 latency=0.819854 ms (tx_ts=156661067234251, rx_ts=156661068054105) request_id=506285 zil_blk_id=31996 ccf_commit_seqno=506287 nstreams_done_=8000 config.nstreams=20000 avg_latency=0.8145 ms avg throuhgput (requests/sec) = 85.8538 res=false
*==== INFO ====* req_id_count= 8500 stream_id=33996 latency=0.822549 ms (tx_ts=156666853370473, rx_ts=156666854193022) request_id=537867 zil_blk_id=33996 ccf_commit_seqno=537868 nstreams_done_=8500 config.nstreams=20000 avg_latency=0.8151 ms avg throuhgput (requests/sec) = 85.8865 res=false
*==== INFO ====* req_id_count= 9000 stream_id=35996 latency=0.594912 ms (tx_ts=156672624698315, rx_ts=156672625293227) request_id=569459 zil_blk_id=35996 ccf_commit_seqno=569459 nstreams_done_=9000 config.nstreams=20000 avg_latency=0.8143 ms avg throuhgput (requests/sec) = 85.9280 res=false
*==== INFO ====* req_id_count= 9500 stream_id=37996 latency=3.652291 ms (tx_ts=156678394929460, rx_ts=156678398581751) request_id=601052 zil_blk_id=37996 ccf_commit_seqno=601054 nstreams_done_=9500 config.nstreams=20000 avg_latency=0.8130 ms avg throuhgput (requests/sec) = 85.9634 res=false
*==== INFO ====* req_id_count= 10000 stream_id=39996 latency=0.741146 ms (tx_ts=156684246298314, rx_ts=156684247039460) request_id=632795 zil_blk_id=39996 ccf_commit_seqno=632798 nstreams_done_=10000 config.nstreams=20000 avg_latency=0.8172 ms avg throuhgput (requests/sec) = 85.9397 res=false
*==== INFO ====* req_id_count= 10500 stream_id=41996 latency=0.858475 ms (tx_ts=156690023821291, rx_ts=156690024679766) request_id=664473 zil_blk_id=41996 ccf_commit_seqno=664474 nstreams_done_=10500 config.nstreams=20000 avg_latency=0.8176 ms avg throuhgput (requests/sec) = 85.9681 res=false
*==== INFO ====* req_id_count= 11000 stream_id=43996 latency=0.831415 ms (tx_ts=156695789490362, rx_ts=156695790321777) request_id=696113 zil_blk_id=43996 ccf_commit_seqno=696114 nstreams_done_=11000 config.nstreams=20000 avg_latency=0.8177 ms avg throuhgput (requests/sec) = 86.0021 res=false
*==== INFO ====* req_id_count= 11500 stream_id=45996 latency=0.843876 ms (tx_ts=156701565874677, rx_ts=156701566718553) request_id=727765 zil_blk_id=45996 ccf_commit_seqno=727766 nstreams_done_=11500 config.nstreams=20000 avg_latency=0.8179 ms avg throuhgput (requests/sec) = 86.0261 res=false
*==== INFO ====* req_id_count= 12000 stream_id=47996 latency=0.638945 ms (tx_ts=156707329856946, rx_ts=156707330495891) request_id=759365 zil_blk_id=47996 ccf_commit_seqno=759365 nstreams_done_=12000 config.nstreams=20000 avg_latency=0.8170 ms avg throuhgput (requests/sec) = 86.0560 res=false
*==== INFO ====* req_id_count= 12500 stream_id=49996 latency=0.652309 ms (tx_ts=156713091291101, rx_ts=156713091943410) request_id=790998 zil_blk_id=49996 ccf_commit_seqno=790998 nstreams_done_=12500 config.nstreams=20000 avg_latency=0.8169 ms avg throuhgput (requests/sec) = 86.0849 res=false
*==== INFO ====* req_id_count= 13000 stream_id=51996 latency=0.750106 ms (tx_ts=156718847527319, rx_ts=156718848277425) request_id=822596 zil_blk_id=51996 ccf_commit_seqno=822597 nstreams_done_=13000 config.nstreams=20000 avg_latency=0.8170 ms avg throuhgput (requests/sec) = 86.1145 res=false
*==== INFO ====* req_id_count= 13500 stream_id=53996 latency=0.717201 ms (tx_ts=156724616636599, rx_ts=156724617353800) request_id=854241 zil_blk_id=53996 ccf_commit_seqno=854242 nstreams_done_=13500 config.nstreams=20000 avg_latency=0.8166 ms avg throuhgput (requests/sec) = 86.1349 res=false
*==== INFO ====* req_id_count= 14000 stream_id=55996 latency=0.565878 ms (tx_ts=156730368464411, rx_ts=156730369030289) request_id=885816 zil_blk_id=55996 ccf_commit_seqno=885816 nstreams_done_=14000 config.nstreams=20000 avg_latency=0.8154 ms avg throuhgput (requests/sec) = 86.1631 res=false
*==== INFO ====* req_id_count= 14500 stream_id=57996 latency=0.821524 ms (tx_ts=156736120605419, rx_ts=156736121426943) request_id=917388 zil_blk_id=57996 ccf_commit_seqno=917390 nstreams_done_=14500 config.nstreams=20000 avg_latency=0.8144 ms avg throuhgput (requests/sec) = 86.1890 res=false
*==== INFO ====* req_id_count= 15000 stream_id=59996 latency=0.757938 ms (tx_ts=156741884442780, rx_ts=156741885200718) request_id=949051 zil_blk_id=59996 ccf_commit_seqno=949052 nstreams_done_=15000 config.nstreams=20000 avg_latency=0.8140 ms avg throuhgput (requests/sec) = 86.2075 res=false
*==== INFO ====* req_id_count= 15500 stream_id=61996 latency=0.903860 ms (tx_ts=156747652639379, rx_ts=156747653543239) request_id=980708 zil_blk_id=61996 ccf_commit_seqno=980709 nstreams_done_=15500 config.nstreams=20000 avg_latency=0.8145 ms avg throuhgput (requests/sec) = 86.2227 res=false
*==== INFO ====* req_id_count= 16000 stream_id=63996 latency=0.615621 ms (tx_ts=156753431509621, rx_ts=156753432125242) request_id=1012427 zil_blk_id=63996 ccf_commit_seqno=1012428 nstreams_done_=16000 config.nstreams=20000 avg_latency=0.8144 ms avg throuhgput (requests/sec) = 86.2321 res=false
*==== INFO ====* req_id_count= 16500 stream_id=65996 latency=0.624659 ms (tx_ts=156759203395196, rx_ts=156759204019855) request_id=1044120 zil_blk_id=65996 ccf_commit_seqno=1044120 nstreams_done_=16500 config.nstreams=20000 avg_latency=0.8149 ms avg throuhgput (requests/sec) = 86.2440 res=false
*==== INFO ====* req_id_count= 17000 stream_id=67996 latency=0.860921 ms (tx_ts=156765016890816, rx_ts=156765017751737) request_id=1075877 zil_blk_id=67996 ccf_commit_seqno=1075878 nstreams_done_=17000 config.nstreams=20000 avg_latency=0.8167 ms avg throuhgput (requests/sec) = 86.2369 res=false
*==== INFO ====* req_id_count= 17500 stream_id=69996 latency=0.863487 ms (tx_ts=156770788087562, rx_ts=156770788951049) request_id=1107579 zil_blk_id=69996 ccf_commit_seqno=1107585 nstreams_done_=17500 config.nstreams=20000 avg_latency=0.8167 ms avg throuhgput (requests/sec) = 86.2483 res=false
*==== INFO ====* req_id_count= 18000 stream_id=71996 latency=0.767195 ms (tx_ts=156776531748868, rx_ts=156776532516063) request_id=1139188 zil_blk_id=71996 ccf_commit_seqno=1139189 nstreams_done_=18000 config.nstreams=20000 avg_latency=0.8158 ms avg throuhgput (requests/sec) = 86.2705 res=false
*==== INFO ====* req_id_count= 18500 stream_id=73996 latency=0.625790 ms (tx_ts=156782283631303, rx_ts=156782284257093) request_id=1170759 zil_blk_id=73996 ccf_commit_seqno=1170759 nstreams_done_=18500 config.nstreams=20000 avg_latency=0.8157 ms avg throuhgput (requests/sec) = 86.2882 res=false
*==== INFO ====* req_id_count= 19000 stream_id=75996 latency=0.980454 ms (tx_ts=156788049346599, rx_ts=156788050327053) request_id=1202430 zil_blk_id=75996 ccf_commit_seqno=1202433 nstreams_done_=19000 config.nstreams=20000 avg_latency=0.8159 ms avg throuhgput (requests/sec) = 86.2993 res=false
*==== INFO ====* req_id_count= 19500 stream_id=77996 latency=0.783856 ms (tx_ts=156793810280557, rx_ts=156793811064413) request_id=1234071 zil_blk_id=77996 ccf_commit_seqno=1234071 nstreams_done_=19500 config.nstreams=20000 avg_latency=0.8157 ms avg throuhgput (requests/sec) = 86.3120 res=false
*==== INFO ====* http_end_stream ALL streams done! nstreams_done_=20000 avg_latency=0.8160 msreq_id_count= 20000
*==== INFO ====* req_id_count= 20000 stream_id=79996 latency=0.658192 ms (tx_ts=156799582401584, rx_ts=156799583059776) request_id=1262716 zil_blk_id=79996 ccf_commit_seqno=1262716 nstreams_done_=20000 config.nstreams=20000 avg_latency=0.8160 ms avg throuhgput (requests/sec) = 86.3198 res=true
