Uniform: 427932 233104 974217 997896 725965 
Exponential: -2147483648 -2147483648 -2147483648 -2147483648 -2147483648 
Truncated Normal: 383610 110318 552366 583487 869385 
*==== INFO ====* req_id_count= 500 stream_id=1996 latency=0.751466 ms (tx_ts=156573919618454, rx_ts=156573920369920) request_id=31926 zil_blk_id=1996 ccf_commit_seqno=31926 nstreams_done_=500 config.nstreams=20000 avg_latency=0.9699 ms avg throuhgput (requests/sec) = 83.0429 res=false
*==== INFO ====* req_id_count= 1000 stream_id=3996 latency=0.787653 ms (tx_ts=156579905664700, rx_ts=156579906452353) request_id=64280 zil_blk_id=3996 ccf_commit_seqno=64280 nstreams_done_=1000 config.nstreams=20000 avg_latency=0.9624 ms avg throuhgput (requests/sec) = 83.2843 res=false
*==== INFO ====* req_id_count= 1500 stream_id=5996 latency=0.800417 ms (tx_ts=156585882460164, rx_ts=156585883260581) request_id=96688 zil_blk_id=5996 ccf_commit_seqno=96688 nstreams_done_=1500 config.nstreams=20000 avg_latency=0.9622 ms avg throuhgput (requests/sec) = 83.4081 res=false
*==== INFO ====* req_id_count= 2000 stream_id=7996 latency=0.825325 ms (tx_ts=156591869282910, rx_ts=156591870108235) request_id=129212 zil_blk_id=7996 ccf_commit_seqno=129212 nstreams_done_=2000 config.nstreams=20000 avg_latency=0.9623 ms avg throuhgput (requests/sec) = 83.4351 res=false
*==== INFO ====* req_id_count= 2500 stream_id=9996 latency=0.936442 ms (tx_ts=156597893331938, rx_ts=156597894268380) request_id=161894 zil_blk_id=9996 ccf_commit_seqno=161894 nstreams_done_=2500 config.nstreams=20000 avg_latency=0.9724 ms avg throuhgput (requests/sec) = 83.3476 res=false
*==== INFO ====* req_id_count= 3000 stream_id=11996 latency=1.079374 ms (tx_ts=156603907104734, rx_ts=156603908184108) request_id=194561 zil_blk_id=11996 ccf_commit_seqno=194566 nstreams_done_=3000 config.nstreams=20000 avg_latency=0.9828 ms avg throuhgput (requests/sec) = 83.3130 res=false
*==== INFO ====* req_id_count= 3500 stream_id=13996 latency=0.701483 ms (tx_ts=156609901668484, rx_ts=156609902369967) request_id=227177 zil_blk_id=13996 ccf_commit_seqno=227177 nstreams_done_=3500 config.nstreams=20000 avg_latency=0.9785 ms avg throuhgput (requests/sec) = 83.3274 res=false
*==== INFO ====* req_id_count= 4000 stream_id=15996 latency=0.958503 ms (tx_ts=156615877918719, rx_ts=156615878877222) request_id=259757 zil_blk_id=15996 ccf_commit_seqno=259757 nstreams_done_=4000 config.nstreams=20000 avg_latency=0.9780 ms avg throuhgput (requests/sec) = 83.3690 res=false
*==== INFO ====* req_id_count= 4500 stream_id=17996 latency=0.758379 ms (tx_ts=156621870409819, rx_ts=156621871168198) request_id=292323 zil_blk_id=17996 ccf_commit_seqno=292323 nstreams_done_=4500 config.nstreams=20000 avg_latency=0.9765 ms avg throuhgput (requests/sec) = 83.3769 res=false
*==== INFO ====* req_id_count= 5000 stream_id=19996 latency=0.907818 ms (tx_ts=156627854723836, rx_ts=156627855631654) request_id=324894 zil_blk_id=19996 ccf_commit_seqno=324896 nstreams_done_=5000 config.nstreams=20000 avg_latency=0.9786 ms avg throuhgput (requests/sec) = 83.3941 res=false
*==== INFO ====* req_id_count= 5500 stream_id=21996 latency=0.894006 ms (tx_ts=156633851781553, rx_ts=156633852675559) request_id=357540 zil_blk_id=21996 ccf_commit_seqno=357541 nstreams_done_=5500 config.nstreams=20000 avg_latency=0.9794 ms avg throuhgput (requests/sec) = 83.3924 res=false
*==== INFO ====* req_id_count= 6000 stream_id=23996 latency=0.878644 ms (tx_ts=156639812035656, rx_ts=156639812914300) request_id=390117 zil_blk_id=23996 ccf_commit_seqno=390117 nstreams_done_=6000 config.nstreams=20000 avg_latency=0.9765 ms avg throuhgput (requests/sec) = 83.4335 res=false
*==== INFO ====* req_id_count= 6500 stream_id=25996 latency=0.878353 ms (tx_ts=156645804684489, rx_ts=156645805562842) request_id=422870 zil_blk_id=25996 ccf_commit_seqno=422871 nstreams_done_=6500 config.nstreams=20000 avg_latency=0.9765 ms avg throuhgput (requests/sec) = 83.4337 res=false
*==== INFO ====* req_id_count= 7000 stream_id=27996 latency=0.657850 ms (tx_ts=156651757547994, rx_ts=156651758205844) request_id=455430 zil_blk_id=27996 ccf_commit_seqno=455430 nstreams_done_=7000 config.nstreams=20000 avg_latency=0.9756 ms avg throuhgput (requests/sec) = 83.4736 res=false
*==== INFO ====* req_id_count= 7500 stream_id=29996 latency=0.841554 ms (tx_ts=156657701601838, rx_ts=156657702443392) request_id=487919 zil_blk_id=29996 ccf_commit_seqno=487920 nstreams_done_=7500 config.nstreams=20000 avg_latency=0.9751 ms avg throuhgput (requests/sec) = 83.5161 res=false
*==== INFO ====* req_id_count= 8000 stream_id=31996 latency=2.179736 ms (tx_ts=156663670384893, rx_ts=156663672564629) request_id=520512 zil_blk_id=31996 ccf_commit_seqno=520512 nstreams_done_=8000 config.nstreams=20000 avg_latency=0.9758 ms avg throuhgput (requests/sec) = 83.5307 res=false
*==== INFO ====* req_id_count= 8500 stream_id=33996 latency=0.816407 ms (tx_ts=156669628875467, rx_ts=156669629691874) request_id=553062 zil_blk_id=33996 ccf_commit_seqno=553062 nstreams_done_=8500 config.nstreams=20000 avg_latency=0.9757 ms avg throuhgput (requests/sec) = 83.5543 res=false
*==== INFO ====* req_id_count= 9000 stream_id=35996 latency=0.824502 ms (tx_ts=156675547559244, rx_ts=156675548383746) request_id=585438 zil_blk_id=35996 ccf_commit_seqno=585438 nstreams_done_=9000 config.nstreams=20000 avg_latency=0.9753 ms avg throuhgput (requests/sec) = 83.6051 res=false
*==== INFO ====* req_id_count= 9500 stream_id=37996 latency=0.737369 ms (tx_ts=156681440154528, rx_ts=156681440891897) request_id=617716 zil_blk_id=37996 ccf_commit_seqno=617716 nstreams_done_=9500 config.nstreams=20000 avg_latency=0.9738 ms avg throuhgput (requests/sec) = 83.6698 res=false
*==== INFO ====* req_id_count= 10000 stream_id=39996 latency=1.063067 ms (tx_ts=156687414014120, rx_ts=156687415077187) request_id=650174 zil_blk_id=39996 ccf_commit_seqno=650179 nstreams_done_=10000 config.nstreams=20000 avg_latency=0.9766 ms avg throuhgput (requests/sec) = 83.6710 res=false
*==== INFO ====* req_id_count= 10500 stream_id=41996 latency=0.762396 ms (tx_ts=156693306600548, rx_ts=156693307362944) request_id=682492 zil_blk_id=41996 ccf_commit_seqno=682492 nstreams_done_=10500 config.nstreams=20000 avg_latency=0.9769 ms avg throuhgput (requests/sec) = 83.7267 res=false
*==== INFO ====* req_id_count= 11000 stream_id=43996 latency=0.994791 ms (tx_ts=156699225659841, rx_ts=156699226654632) request_id=714963 zil_blk_id=43996 ccf_commit_seqno=714965 nstreams_done_=11000 config.nstreams=20000 avg_latency=0.9771 ms avg throuhgput (requests/sec) = 83.7602 res=false
*==== INFO ====* req_id_count= 11500 stream_id=45996 latency=0.784257 ms (tx_ts=156705135340643, rx_ts=156705136124900) request_id=747366 zil_blk_id=45996 ccf_commit_seqno=747366 nstreams_done_=11500 config.nstreams=20000 avg_latency=0.9756 ms avg throuhgput (requests/sec) = 83.7968 res=false
*==== INFO ====* req_id_count= 12000 stream_id=47996 latency=0.679641 ms (tx_ts=156711080053956, rx_ts=156711080733597) request_id=779962 zil_blk_id=47996 ccf_commit_seqno=779962 nstreams_done_=12000 config.nstreams=20000 avg_latency=0.9776 ms avg throuhgput (requests/sec) = 83.8098 res=false
*==== INFO ====* req_id_count= 12500 stream_id=49996 latency=0.757065 ms (tx_ts=156716978335185, rx_ts=156716979092250) request_id=812327 zil_blk_id=49996 ccf_commit_seqno=812328 nstreams_done_=12500 config.nstreams=20000 avg_latency=0.9771 ms avg throuhgput (requests/sec) = 83.8478 res=false
*==== INFO ====* req_id_count= 13000 stream_id=51996 latency=0.916233 ms (tx_ts=156722877843181, rx_ts=156722878759414) request_id=844709 zil_blk_id=51996 ccf_commit_seqno=844709 nstreams_done_=13000 config.nstreams=20000 avg_latency=0.9774 ms avg throuhgput (requests/sec) = 83.8821 res=false
*==== INFO ====* req_id_count= 13500 stream_id=53996 latency=1.115217 ms (tx_ts=156728778907133, rx_ts=156728780022350) request_id=877076 zil_blk_id=53996 ccf_commit_seqno=877079 nstreams_done_=13500 config.nstreams=20000 avg_latency=0.9776 ms avg throuhgput (requests/sec) = 83.9131 res=false
*==== INFO ====* req_id_count= 14000 stream_id=55996 latency=0.944751 ms (tx_ts=156734658685947, rx_ts=156734659630698) request_id=909370 zil_blk_id=55996 ccf_commit_seqno=909372 nstreams_done_=14000 config.nstreams=20000 avg_latency=0.9772 ms avg throuhgput (requests/sec) = 83.9529 res=false
*==== INFO ====* req_id_count= 14500 stream_id=57996 latency=0.886838 ms (tx_ts=156740531731547, rx_ts=156740532618385) request_id=941618 zil_blk_id=57996 ccf_commit_seqno=941619 nstreams_done_=14500 config.nstreams=20000 avg_latency=0.9766 ms avg throuhgput (requests/sec) = 83.9931 res=false
*==== INFO ====* req_id_count= 15000 stream_id=59996 latency=0.736569 ms (tx_ts=156746431551720, rx_ts=156746432288289) request_id=974000 zil_blk_id=59996 ccf_commit_seqno=974000 nstreams_done_=15000 config.nstreams=20000 avg_latency=0.9766 ms avg throuhgput (requests/sec) = 84.0181 res=false
*==== INFO ====* req_id_count= 15500 stream_id=61996 latency=0.699909 ms (tx_ts=156752293586310, rx_ts=156752294286219) request_id=1006191 zil_blk_id=61996 ccf_commit_seqno=1006192 nstreams_done_=15500 config.nstreams=20000 avg_latency=0.9759 ms avg throuhgput (requests/sec) = 84.0587 res=false
*==== INFO ====* req_id_count= 16000 stream_id=63996 latency=0.686244 ms (tx_ts=156758175640286, rx_ts=156758176326530) request_id=1038470 zil_blk_id=63996 ccf_commit_seqno=1038470 nstreams_done_=16000 config.nstreams=20000 avg_latency=0.9747 ms avg throuhgput (requests/sec) = 84.0880 res=false
*==== INFO ====* req_id_count= 16500 stream_id=65996 latency=0.708455 ms (tx_ts=156764084731566, rx_ts=156764085440021) request_id=1070774 zil_blk_id=65996 ccf_commit_seqno=1070774 nstreams_done_=16500 config.nstreams=20000 avg_latency=0.9751 ms avg throuhgput (requests/sec) = 84.1038 res=false
*==== INFO ====* req_id_count= 17000 stream_id=67996 latency=0.999069 ms (tx_ts=156770021821692, rx_ts=156770022820761) request_id=1103364 zil_blk_id=67996 ccf_commit_seqno=1103365 nstreams_done_=17000 config.nstreams=20000 avg_latency=0.9760 ms avg throuhgput (requests/sec) = 84.1070 res=false
*==== INFO ====* req_id_count= 17500 stream_id=69996 latency=0.941842 ms (tx_ts=156775903299844, rx_ts=156775904241686) request_id=1135729 zil_blk_id=69996 ccf_commit_seqno=1135731 nstreams_done_=17500 config.nstreams=20000 avg_latency=0.9746 ms avg throuhgput (requests/sec) = 84.1327 res=false
*==== INFO ====* req_id_count= 18000 stream_id=71996 latency=0.998698 ms (tx_ts=156781813408989, rx_ts=156781814407687) request_id=1168169 zil_blk_id=71996 ccf_commit_seqno=1168169 nstreams_done_=18000 config.nstreams=20000 avg_latency=0.9749 ms avg throuhgput (requests/sec) = 84.1456 res=false
*==== INFO ====* req_id_count= 18500 stream_id=73996 latency=1.149900 ms (tx_ts=156787708428690, rx_ts=156787709578590) request_id=1200552 zil_blk_id=73996 ccf_commit_seqno=1200557 nstreams_done_=18500 config.nstreams=20000 avg_latency=0.9749 ms avg throuhgput (requests/sec) = 84.1635 res=false
*==== INFO ====* req_id_count= 19000 stream_id=75996 latency=0.928777 ms (tx_ts=156793608609749, rx_ts=156793609538526) request_id=1232968 zil_blk_id=75996 ccf_commit_seqno=1232968 nstreams_done_=19000 config.nstreams=20000 avg_latency=0.9746 ms avg throuhgput (requests/sec) = 84.1788 res=false
*==== INFO ====* req_id_count= 19500 stream_id=77996 latency=0.931643 ms (tx_ts=156799513585329, rx_ts=156799514516972) request_id=1262450 zil_blk_id=77996 ccf_commit_seqno=1262450 nstreams_done_=19500 config.nstreams=20000 avg_latency=0.9735 ms avg throuhgput (requests/sec) = 84.1914 res=false
*==== INFO ====* http_end_stream ALL streams done! nstreams_done_=20000 avg_latency=0.9727 msreq_id_count= 20000
*==== INFO ====* req_id_count= 20000 stream_id=79996 latency=0.670823 ms (tx_ts=156805456802787, rx_ts=156805457473610) request_id=1276495 zil_blk_id=79996 ccf_commit_seqno=1276495 nstreams_done_=20000 config.nstreams=20000 avg_latency=0.9727 ms avg throuhgput (requests/sec) = 84.1899 res=true
