Uniform: 758633 230610 118201 331876 184740 
Exponential: -2147483648 -2147483648 -2147483648 -2147483648 -2147483648 
Truncated Normal: 834225 481509 929486 761676 682938 
*==== INFO ====* req_id_count= 500 stream_id=1996 latency=0.889574 ms (tx_ts=156573856603940, rx_ts=156573857493514) request_id=31601 zil_blk_id=1996 ccf_commit_seqno=31601 nstreams_done_=500 config.nstreams=20000 avg_latency=0.9501 ms avg throuhgput (requests/sec) = 83.9386 res=false
*==== INFO ====* req_id_count= 1000 stream_id=3996 latency=0.766875 ms (tx_ts=156579854284830, rx_ts=156579855051705) request_id=64000 zil_blk_id=3996 ccf_commit_seqno=64000 nstreams_done_=1000 config.nstreams=20000 avg_latency=0.9549 ms avg throuhgput (requests/sec) = 83.6520 res=false
*==== INFO ====* req_id_count= 1500 stream_id=5996 latency=0.969044 ms (tx_ts=156585857846035, rx_ts=156585858815079) request_id=96551 zil_blk_id=5996 ccf_commit_seqno=96554 nstreams_done_=1500 config.nstreams=20000 avg_latency=0.9437 ms avg throuhgput (requests/sec) = 83.5280 res=false
*==== INFO ====* req_id_count= 2000 stream_id=7996 latency=0.707845 ms (tx_ts=156591845701340, rx_ts=156591846409185) request_id=129083 zil_blk_id=7996 ccf_commit_seqno=129083 nstreams_done_=2000 config.nstreams=20000 avg_latency=0.9382 ms avg throuhgput (requests/sec) = 83.5225 res=false
*==== INFO ====* req_id_count= 2500 stream_id=9996 latency=0.725147 ms (tx_ts=156597847512128, rx_ts=156597848237275) request_id=161642 zil_blk_id=9996 ccf_commit_seqno=161642 nstreams_done_=2500 config.nstreams=20000 avg_latency=0.9359 ms avg throuhgput (requests/sec) = 83.4795 res=false
*==== INFO ====* req_id_count= 3000 stream_id=11996 latency=1.026772 ms (tx_ts=156603861574686, rx_ts=156603862601458) request_id=194317 zil_blk_id=11996 ccf_commit_seqno=194319 nstreams_done_=3000 config.nstreams=20000 avg_latency=0.9368 ms avg throuhgput (requests/sec) = 83.4218 res=false
*==== INFO ====* req_id_count= 3500 stream_id=13996 latency=0.869126 ms (tx_ts=156609866067665, rx_ts=156609866936791) request_id=226983 zil_blk_id=13996 ccf_commit_seqno=226983 nstreams_done_=3500 config.nstreams=20000 avg_latency=0.9353 ms avg throuhgput (requests/sec) = 83.4005 res=false
*==== INFO ====* req_id_count= 4000 stream_id=15996 latency=0.738721 ms (tx_ts=156615781495312, rx_ts=156615782234033) request_id=259229 zil_blk_id=15996 ccf_commit_seqno=259229 nstreams_done_=4000 config.nstreams=20000 avg_latency=0.9336 ms avg throuhgput (requests/sec) = 83.5396 res=false
*==== INFO ====* req_id_count= 4500 stream_id=17996 latency=0.942203 ms (tx_ts=156621686341694, rx_ts=156621687283897) request_id=291326 zil_blk_id=17996 ccf_commit_seqno=291330 nstreams_done_=4500 config.nstreams=20000 avg_latency=0.9363 ms avg throuhgput (requests/sec) = 83.6641 res=false
*==== INFO ====* req_id_count= 5000 stream_id=19996 latency=0.666066 ms (tx_ts=156627573665305, rx_ts=156627574331371) request_id=323366 zil_blk_id=19996 ccf_commit_seqno=323366 nstreams_done_=5000 config.nstreams=20000 avg_latency=0.9355 ms avg throuhgput (requests/sec) = 83.7892 res=false
*==== INFO ====* req_id_count= 5500 stream_id=21996 latency=1.063590 ms (tx_ts=156633507586041, rx_ts=156633508649631) request_id=355662 zil_blk_id=21996 ccf_commit_seqno=355664 nstreams_done_=5500 config.nstreams=20000 avg_latency=0.9359 ms avg throuhgput (requests/sec) = 83.8314 res=false
*==== INFO ====* req_id_count= 6000 stream_id=23996 latency=1.124453 ms (tx_ts=156639410471723, rx_ts=156639411596176) request_id=387922 zil_blk_id=23996 ccf_commit_seqno=387926 nstreams_done_=6000 config.nstreams=20000 avg_latency=0.9363 ms avg throuhgput (requests/sec) = 83.9034 res=false
*==== INFO ====* req_id_count= 6500 stream_id=25996 latency=0.932033 ms (tx_ts=156645272468612, rx_ts=156645273400645) request_id=419964 zil_blk_id=25996 ccf_commit_seqno=419964 nstreams_done_=6500 config.nstreams=20000 avg_latency=0.9362 ms avg throuhgput (requests/sec) = 84.0090 res=false
*==== INFO ====* req_id_count= 7000 stream_id=27996 latency=0.816277 ms (tx_ts=156651158099298, rx_ts=156651158915575) request_id=452158 zil_blk_id=27996 ccf_commit_seqno=452158 nstreams_done_=7000 config.nstreams=20000 avg_latency=0.9375 ms avg throuhgput (requests/sec) = 84.0758 res=false
*==== INFO ====* req_id_count= 7500 stream_id=29996 latency=0.776522 ms (tx_ts=156657027810943, rx_ts=156657028587465) request_id=484223 zil_blk_id=29996 ccf_commit_seqno=484223 nstreams_done_=7500 config.nstreams=20000 avg_latency=0.9372 ms avg throuhgput (requests/sec) = 84.1488 res=false
*==== INFO ====* req_id_count= 8000 stream_id=31996 latency=0.918257 ms (tx_ts=156662916265331, rx_ts=156662917183588) request_id=516388 zil_blk_id=31996 ccf_commit_seqno=516388 nstreams_done_=8000 config.nstreams=20000 avg_latency=0.9374 ms avg throuhgput (requests/sec) = 84.1960 res=false
*==== INFO ====* req_id_count= 8500 stream_id=33996 latency=1.118088 ms (tx_ts=156668806343868, rx_ts=156668807461956) request_id=548568 zil_blk_id=33996 ccf_commit_seqno=548570 nstreams_done_=8500 config.nstreams=20000 avg_latency=0.9383 ms avg throuhgput (requests/sec) = 84.2362 res=false
*==== INFO ====* req_id_count= 9000 stream_id=35996 latency=1.040215 ms (tx_ts=156674673238912, rx_ts=156674674279127) request_id=580665 zil_blk_id=35996 ccf_commit_seqno=580668 nstreams_done_=9000 config.nstreams=20000 avg_latency=0.9391 ms avg throuhgput (requests/sec) = 84.2906 res=false
*==== INFO ====* req_id_count= 9500 stream_id=37996 latency=1.067878 ms (tx_ts=156680510176577, rx_ts=156680511244455) request_id=612617 zil_blk_id=37996 ccf_commit_seqno=612619 nstreams_done_=9500 config.nstreams=20000 avg_latency=0.9381 ms avg throuhgput (requests/sec) = 84.3616 res=false
*==== INFO ====* req_id_count= 10000 stream_id=39996 latency=0.910823 ms (tx_ts=156686422128825, rx_ts=156686423039648) request_id=644721 zil_blk_id=39996 ccf_commit_seqno=644724 nstreams_done_=10000 config.nstreams=20000 avg_latency=0.9409 ms avg throuhgput (requests/sec) = 84.3723 res=false
*==== INFO ====* req_id_count= 10500 stream_id=41996 latency=1.000041 ms (tx_ts=156692285376032, rx_ts=156692286376073) request_id=676890 zil_blk_id=41996 ccf_commit_seqno=676890 nstreams_done_=10500 config.nstreams=20000 avg_latency=0.9395 ms avg throuhgput (requests/sec) = 84.4149 res=false
*==== INFO ====* req_id_count= 11000 stream_id=43996 latency=0.879315 ms (tx_ts=156698151294251, rx_ts=156698152173566) request_id=709058 zil_blk_id=43996 ccf_commit_seqno=709058 nstreams_done_=11000 config.nstreams=20000 avg_latency=0.9385 ms avg throuhgput (requests/sec) = 84.4521 res=false
*==== INFO ====* req_id_count= 11500 stream_id=45996 latency=0.705249 ms (tx_ts=156704021623762, rx_ts=156704022329011) request_id=741245 zil_blk_id=45996 ccf_commit_seqno=741245 nstreams_done_=11500 config.nstreams=20000 avg_latency=0.9372 ms avg throuhgput (requests/sec) = 84.4833 res=false
*==== INFO ====* req_id_count= 12000 stream_id=47996 latency=1.201366 ms (tx_ts=156709904057128, rx_ts=156709905258494) request_id=773509 zil_blk_id=47996 ccf_commit_seqno=773511 nstreams_done_=12000 config.nstreams=20000 avg_latency=0.9364 ms avg throuhgput (requests/sec) = 84.5044 res=false
*==== INFO ====* req_id_count= 12500 stream_id=49996 latency=0.721109 ms (tx_ts=156715776621495, rx_ts=156715777342604) request_id=805737 zil_blk_id=49996 ccf_commit_seqno=805737 nstreams_done_=12500 config.nstreams=20000 avg_latency=0.9364 ms avg throuhgput (requests/sec) = 84.5299 res=false
*==== INFO ====* req_id_count= 13000 stream_id=51996 latency=0.841333 ms (tx_ts=156721671922357, rx_ts=156721672763690) request_id=838091 zil_blk_id=51996 ccf_commit_seqno=838092 nstreams_done_=13000 config.nstreams=20000 avg_latency=0.9365 ms avg throuhgput (requests/sec) = 84.5407 res=false
*==== INFO ====* req_id_count= 13500 stream_id=53996 latency=0.962260 ms (tx_ts=156727558912187, rx_ts=156727559874447) request_id=870375 zil_blk_id=53996 ccf_commit_seqno=870376 nstreams_done_=13500 config.nstreams=20000 avg_latency=0.9375 ms avg throuhgput (requests/sec) = 84.5551 res=false
*==== INFO ====* req_id_count= 14000 stream_id=55996 latency=1.374293 ms (tx_ts=156733421802930, rx_ts=156733423177223) request_id=902589 zil_blk_id=55996 ccf_commit_seqno=902595 nstreams_done_=14000 config.nstreams=20000 avg_latency=0.9376 ms avg throuhgput (requests/sec) = 84.5807 res=false
*==== INFO ====* req_id_count= 14500 stream_id=57996 latency=0.925972 ms (tx_ts=156739298213055, rx_ts=156739299139027) request_id=934830 zil_blk_id=57996 ccf_commit_seqno=934830 nstreams_done_=14500 config.nstreams=20000 avg_latency=0.9377 ms avg throuhgput (requests/sec) = 84.5982 res=false
*==== INFO ====* req_id_count= 15000 stream_id=59996 latency=0.808012 ms (tx_ts=156745158020988, rx_ts=156745158829000) request_id=966998 zil_blk_id=59996 ccf_commit_seqno=966998 nstreams_done_=15000 config.nstreams=20000 avg_latency=0.9372 ms avg throuhgput (requests/sec) = 84.6224 res=false
*==== INFO ====* req_id_count= 15500 stream_id=61996 latency=0.727842 ms (tx_ts=156751012253754, rx_ts=156751012981596) request_id=999148 zil_blk_id=61996 ccf_commit_seqno=999148 nstreams_done_=15500 config.nstreams=20000 avg_latency=0.9368 ms avg throuhgput (requests/sec) = 84.6475 res=false
*==== INFO ====* req_id_count= 16000 stream_id=63996 latency=0.988629 ms (tx_ts=156756868605777, rx_ts=156756869594406) request_id=1031291 zil_blk_id=63996 ccf_commit_seqno=1031296 nstreams_done_=16000 config.nstreams=20000 avg_latency=0.9361 ms avg throuhgput (requests/sec) = 84.6700 res=false
*==== INFO ====* req_id_count= 16500 stream_id=65996 latency=1.129273 ms (tx_ts=156762756961702, rx_ts=156762758090975) request_id=1063488 zil_blk_id=65996 ccf_commit_seqno=1063493 nstreams_done_=16500 config.nstreams=20000 avg_latency=0.9380 ms avg throuhgput (requests/sec) = 84.6773 res=false
*==== INFO ====* req_id_count= 17000 stream_id=67996 latency=0.922535 ms (tx_ts=156768608228601, rx_ts=156768609151136) request_id=1095600 zil_blk_id=67996 ccf_commit_seqno=1095604 nstreams_done_=17000 config.nstreams=20000 avg_latency=0.9377 ms avg throuhgput (requests/sec) = 84.7000 res=false
*==== INFO ====* req_id_count= 17500 stream_id=69996 latency=0.842666 ms (tx_ts=156774484722680, rx_ts=156774485565346) request_id=1127908 zil_blk_id=69996 ccf_commit_seqno=1127908 nstreams_done_=17500 config.nstreams=20000 avg_latency=0.9370 ms avg throuhgput (requests/sec) = 84.7110 res=false
*==== INFO ====* req_id_count= 18000 stream_id=71996 latency=1.041477 ms (tx_ts=156780383345153, rx_ts=156780384386630) request_id=1160320 zil_blk_id=71996 ccf_commit_seqno=1160322 nstreams_done_=18000 config.nstreams=20000 avg_latency=0.9366 ms avg throuhgput (requests/sec) = 84.7124 res=false
*==== INFO ====* req_id_count= 18500 stream_id=73996 latency=1.084168 ms (tx_ts=156786271424787, rx_ts=156786272508955) request_id=1192662 zil_blk_id=73996 ccf_commit_seqno=1192666 nstreams_done_=18500 config.nstreams=20000 avg_latency=0.9365 ms avg throuhgput (requests/sec) = 84.7179 res=false
*==== INFO ====* req_id_count= 19000 stream_id=75996 latency=0.922796 ms (tx_ts=156792153852362, rx_ts=156792154775158) request_id=1224961 zil_blk_id=75996 ccf_commit_seqno=1224962 nstreams_done_=19000 config.nstreams=20000 avg_latency=0.9360 ms avg throuhgput (requests/sec) = 84.7253 res=false
*==== INFO ====* req_id_count= 19500 stream_id=77996 latency=0.784217 ms (tx_ts=156798014205618, rx_ts=156798014989835) request_id=1256012 zil_blk_id=77996 ccf_commit_seqno=1256012 nstreams_done_=19500 config.nstreams=20000 avg_latency=0.9354 ms avg throuhgput (requests/sec) = 84.7405 res=false
*==== INFO ====* http_end_stream ALL streams done! nstreams_done_=20000 avg_latency=0.9334 msreq_id_count= 20000
*==== INFO ====* req_id_count= 20000 stream_id=79996 latency=0.791701 ms (tx_ts=156803885724144, rx_ts=156803886515845) request_id=1274196 zil_blk_id=79996 ccf_commit_seqno=1274196 nstreams_done_=20000 config.nstreams=20000 avg_latency=0.9334 ms avg throuhgput (requests/sec) = 84.7509 res=true
