Uniform: 927274 516235 130461 918135 690051 
Exponential: -2147483648 -2147483648 -2147483648 -2147483648 -2147483648 
Truncated Normal: 808535 216929 419758 130829 326192 
*==== INFO ====* req_id_count= 500 stream_id=1996 latency=0.957772 ms (tx_ts=156573726786489, rx_ts=156573727744261) request_id=30925 zil_blk_id=803 ccf_commit_seqno=30929 nstreams_done_=500 config.nstreams=20000 avg_latency=0.7708 ms avg throuhgput (requests/sec) = 85.5517 res=false
*==== INFO ====* req_id_count= 1000 stream_id=3996 latency=0.911836 ms (tx_ts=156579427199957, rx_ts=156579428111793) request_id=61710 zil_blk_id=6116 ccf_commit_seqno=61713 nstreams_done_=1000 config.nstreams=20000 avg_latency=0.7513 ms avg throuhgput (requests/sec) = 86.6192 res=false
*==== INFO ====* req_id_count= 1500 stream_id=5996 latency=0.569555 ms (tx_ts=156585144429675, rx_ts=156585144999230) request_id=92703 zil_blk_id=11479 ccf_commit_seqno=92703 nstreams_done_=1500 config.nstreams=20000 avg_latency=0.7430 ms avg throuhgput (requests/sec) = 86.8977 res=false
*==== INFO ====* req_id_count= 2000 stream_id=7996 latency=0.768928 ms (tx_ts=156590858398631, rx_ts=156590859167559) request_id=123735 zil_blk_id=16834 ccf_commit_seqno=123737 nstreams_done_=2000 config.nstreams=20000 avg_latency=0.7370 ms avg throuhgput (requests/sec) = 87.0479 res=false
*==== INFO ====* req_id_count= 2500 stream_id=9996 latency=0.700290 ms (tx_ts=156596516355489, rx_ts=156596517055779) request_id=154472 zil_blk_id=22143 ccf_commit_seqno=154472 nstreams_done_=2500 config.nstreams=20000 avg_latency=0.7337 ms avg throuhgput (requests/sec) = 87.3096 res=false
*==== INFO ====* req_id_count= 3000 stream_id=11996 latency=0.474187 ms (tx_ts=156602272205009, rx_ts=156602272679196) request_id=185694 zil_blk_id=27540 ccf_commit_seqno=185694 nstreams_done_=3000 config.nstreams=20000 avg_latency=0.7357 ms avg throuhgput (requests/sec) = 87.2363 res=false
*==== INFO ====* req_id_count= 3500 stream_id=13996 latency=0.724666 ms (tx_ts=156607981049791, rx_ts=156607981774457) request_id=216757 zil_blk_id=32895 ccf_commit_seqno=216759 nstreams_done_=3500 config.nstreams=20000 avg_latency=0.7338 ms avg throuhgput (requests/sec) = 87.2852 res=false
*==== INFO ====* req_id_count= 4000 stream_id=15996 latency=0.685091 ms (tx_ts=156613716086174, rx_ts=156613716771265) request_id=247979 zil_blk_id=38264 ccf_commit_seqno=247979 nstreams_done_=4000 config.nstreams=20000 avg_latency=0.7333 ms avg throuhgput (requests/sec) = 87.2725 res=false
*==== INFO ====* req_id_count= 4500 stream_id=17996 latency=0.772816 ms (tx_ts=156619462638154, rx_ts=156619463410970) request_id=279255 zil_blk_id=43653 ccf_commit_seqno=279256 nstreams_done_=4500 config.nstreams=20000 avg_latency=0.7342 ms avg throuhgput (requests/sec) = 87.2430 res=false
*==== INFO ====* req_id_count= 5000 stream_id=19996 latency=0.533809 ms (tx_ts=156625199144908, rx_ts=156625199678717) request_id=310433 zil_blk_id=49036 ccf_commit_seqno=310433 nstreams_done_=5000 config.nstreams=20000 avg_latency=0.7355 ms avg throuhgput (requests/sec) = 87.2351 res=false
*==== INFO ====* req_id_count= 5500 stream_id=21996 latency=0.637342 ms (tx_ts=156630924784480, rx_ts=156630925421822) request_id=341578 zil_blk_id=54404 ccf_commit_seqno=341579 nstreams_done_=5500 config.nstreams=20000 avg_latency=0.7346 ms avg throuhgput (requests/sec) = 87.2433 res=false
*==== INFO ====* req_id_count= 6000 stream_id=23996 latency=0.532018 ms (tx_ts=156636646064853, rx_ts=156636646596871) request_id=372798 zil_blk_id=59778 ccf_commit_seqno=372798 nstreams_done_=6000 config.nstreams=20000 avg_latency=0.7342 ms avg throuhgput (requests/sec) = 87.2559 res=false
*==== INFO ====* req_id_count= 6500 stream_id=25996 latency=0.853506 ms (tx_ts=156642351830902, rx_ts=156642352684408) request_id=404011 zil_blk_id=65120 ccf_commit_seqno=404015 nstreams_done_=6500 config.nstreams=20000 avg_latency=0.7327 ms avg throuhgput (requests/sec) = 87.2842 res=false
*==== INFO ====* req_id_count= 7000 stream_id=27996 latency=0.874184 ms (tx_ts=156648059530803, rx_ts=156648060404987) request_id=435207 zil_blk_id=70476 ccf_commit_seqno=435210 nstreams_done_=7000 config.nstreams=20000 avg_latency=0.7299 ms avg throuhgput (requests/sec) = 87.3067 res=false
*==== INFO ====* req_id_count= 7500 stream_id=29996 latency=0.647710 ms (tx_ts=156653787865443, rx_ts=156653788513153) request_id=466533 zil_blk_id=75854 ccf_commit_seqno=466533 nstreams_done_=7500 config.nstreams=20000 avg_latency=0.7288 ms avg throuhgput (requests/sec) = 87.3056 res=false
*==== INFO ====* req_id_count= 8000 stream_id=31996 latency=0.751806 ms (tx_ts=156659526914862, rx_ts=156659527666668) request_id=497885 zil_blk_id=81242 ccf_commit_seqno=497886 nstreams_done_=8000 config.nstreams=20000 avg_latency=0.7289 ms avg throuhgput (requests/sec) = 87.2940 res=false
*==== INFO ====* req_id_count= 8500 stream_id=33996 latency=0.487432 ms (tx_ts=156665260680658, rx_ts=156665261168090) request_id=529130 zil_blk_id=86619 ccf_commit_seqno=529130 nstreams_done_=8500 config.nstreams=20000 avg_latency=0.7308 ms avg throuhgput (requests/sec) = 87.2888 res=false
*==== INFO ====* req_id_count= 9000 stream_id=35996 latency=0.727591 ms (tx_ts=156670975914391, rx_ts=156670976641982) request_id=560428 zil_blk_id=91978 ccf_commit_seqno=560430 nstreams_done_=9000 config.nstreams=20000 avg_latency=0.7297 ms avg throuhgput (requests/sec) = 87.2995 res=false
*==== INFO ====* req_id_count= 9500 stream_id=37996 latency=0.529210 ms (tx_ts=156676687296154, rx_ts=156676687825364) request_id=591682 zil_blk_id=97335 ccf_commit_seqno=591682 nstreams_done_=9500 config.nstreams=20000 avg_latency=0.7291 ms avg throuhgput (requests/sec) = 87.3126 res=false
*==== INFO ====* req_id_count= 10000 stream_id=39996 latency=0.814413 ms (tx_ts=156682413502195, rx_ts=156682414316608) request_id=623040 zil_blk_id=102700 ccf_commit_seqno=623040 nstreams_done_=10000 config.nstreams=20000 avg_latency=0.7290 ms avg throuhgput (requests/sec) = 87.3126 res=false
*==== INFO ====* req_id_count= 10500 stream_id=41996 latency=0.855360 ms (tx_ts=156688154180109, rx_ts=156688155035469) request_id=654223 zil_blk_id=108076 ccf_commit_seqno=654224 nstreams_done_=10500 config.nstreams=20000 avg_latency=0.7317 ms avg throuhgput (requests/sec) = 87.3023 res=false
*==== INFO ====* req_id_count= 11000 stream_id=43996 latency=0.708836 ms (tx_ts=156693891728461, rx_ts=156693892437297) request_id=685699 zil_blk_id=113460 ccf_commit_seqno=685699 nstreams_done_=11000 config.nstreams=20000 avg_latency=0.7328 ms avg throuhgput (requests/sec) = 87.2953 res=false
*==== INFO ====* req_id_count= 11500 stream_id=45996 latency=0.577601 ms (tx_ts=156699593657971, rx_ts=156699594235572) request_id=716980 zil_blk_id=118810 ccf_commit_seqno=716980 nstreams_done_=11500 config.nstreams=20000 avg_latency=0.7331 ms avg throuhgput (requests/sec) = 87.3124 res=false
*==== INFO ====* req_id_count= 12000 stream_id=47996 latency=0.666196 ms (tx_ts=156705316638737, rx_ts=156705317304933) request_id=748355 zil_blk_id=124180 ccf_commit_seqno=748357 nstreams_done_=12000 config.nstreams=20000 avg_latency=0.7331 ms avg throuhgput (requests/sec) = 87.3146 res=false
*==== INFO ====* req_id_count= 12500 stream_id=49996 latency=0.946049 ms (tx_ts=156711038189905, rx_ts=156711039135954) request_id=779731 zil_blk_id=129547 ccf_commit_seqno=779732 nstreams_done_=12500 config.nstreams=20000 avg_latency=0.7331 ms avg throuhgput (requests/sec) = 87.3174 res=false
*==== INFO ====* req_id_count= 13000 stream_id=51996 latency=0.839654 ms (tx_ts=156716741972857, rx_ts=156716742812511) request_id=811036 zil_blk_id=134881 ccf_commit_seqno=811041 nstreams_done_=13000 config.nstreams=20000 avg_latency=0.7322 ms avg throuhgput (requests/sec) = 87.3307 res=false
*==== INFO ====* req_id_count= 13500 stream_id=53996 latency=0.800366 ms (tx_ts=156722394116302, rx_ts=156722394916668) request_id=842058 zil_blk_id=140177 ccf_commit_seqno=842059 nstreams_done_=13500 config.nstreams=20000 avg_latency=0.7312 ms avg throuhgput (requests/sec) = 87.3721 res=false
*==== INFO ====* req_id_count= 14000 stream_id=55996 latency=1.307936 ms (tx_ts=156728139895940, rx_ts=156728141203876) request_id=873571 zil_blk_id=145571 ccf_commit_seqno=873571 nstreams_done_=14000 config.nstreams=20000 avg_latency=0.7318 ms avg throuhgput (requests/sec) = 87.3592 res=false
*==== INFO ====* req_id_count= 14500 stream_id=57996 latency=0.525574 ms (tx_ts=156733862518521, rx_ts=156733863044095) request_id=905005 zil_blk_id=150932 ccf_commit_seqno=905005 nstreams_done_=14500 config.nstreams=20000 avg_latency=0.7320 ms avg throuhgput (requests/sec) = 87.3601 res=false
*==== INFO ====* req_id_count= 15000 stream_id=59996 latency=0.836063 ms (tx_ts=156739588111598, rx_ts=156739588947661) request_id=936418 zil_blk_id=156298 ccf_commit_seqno=936419 nstreams_done_=15000 config.nstreams=20000 avg_latency=0.7319 ms avg throuhgput (requests/sec) = 87.3588 res=false
*==== INFO ====* req_id_count= 15500 stream_id=61996 latency=0.745836 ms (tx_ts=156745291389989, rx_ts=156745292135825) request_id=967732 zil_blk_id=161638 ccf_commit_seqno=967734 nstreams_done_=15500 config.nstreams=20000 avg_latency=0.7312 ms avg throuhgput (requests/sec) = 87.3688 res=false
*==== INFO ====* req_id_count= 16000 stream_id=63996 latency=0.708435 ms (tx_ts=156751012095830, rx_ts=156751012804265) request_id=999147 zil_blk_id=166999 ccf_commit_seqno=999148 nstreams_done_=16000 config.nstreams=20000 avg_latency=0.7310 ms avg throuhgput (requests/sec) = 87.3699 res=false
*==== INFO ====* req_id_count= 16500 stream_id=65996 latency=0.834270 ms (tx_ts=156756723790871, rx_ts=156756724625141) request_id=1030490 zil_blk_id=172348 ccf_commit_seqno=1030492 nstreams_done_=16500 config.nstreams=20000 avg_latency=0.7307 ms avg throuhgput (requests/sec) = 87.3750 res=false
*==== INFO ====* req_id_count= 17000 stream_id=67996 latency=0.900574 ms (tx_ts=156762463867854, rx_ts=156762464768428) request_id=1061877 zil_blk_id=177729 ccf_commit_seqno=1061880 nstreams_done_=17000 config.nstreams=20000 avg_latency=0.7316 ms avg throuhgput (requests/sec) = 87.3670 res=false
*==== INFO ====* req_id_count= 17500 stream_id=69996 latency=0.837516 ms (tx_ts=156768186434711, rx_ts=156768187272227) request_id=1093292 zil_blk_id=183093 ccf_commit_seqno=1093292 nstreams_done_=17500 config.nstreams=20000 avg_latency=0.7307 ms avg throuhgput (requests/sec) = 87.3672 res=false
*==== INFO ====* req_id_count= 18000 stream_id=71996 latency=0.740445 ms (tx_ts=156773904900258, rx_ts=156773905640703) request_id=1124716 zil_blk_id=188452 ccf_commit_seqno=1124717 nstreams_done_=18000 config.nstreams=20000 avg_latency=0.7303 ms avg throuhgput (requests/sec) = 87.3692 res=false
*==== INFO ====* req_id_count= 18500 stream_id=73996 latency=0.768658 ms (tx_ts=156779614877325, rx_ts=156779615645983) request_id=1156100 zil_blk_id=193791 ccf_commit_seqno=1156101 nstreams_done_=18500 config.nstreams=20000 avg_latency=0.7296 ms avg throuhgput (requests/sec) = 87.3745 res=false
*==== INFO ====* req_id_count= 19000 stream_id=75996 latency=0.798845 ms (tx_ts=156785346192029, rx_ts=156785346990874) request_id=1187568 zil_blk_id=199124 ccf_commit_seqno=1187571 nstreams_done_=19000 config.nstreams=20000 avg_latency=0.7298 ms avg throuhgput (requests/sec) = 87.3709 res=false
*==== INFO ====* req_id_count= 19500 stream_id=77996 latency=0.823239 ms (tx_ts=156791018280850, rx_ts=156791019104089) request_id=1218720 zil_blk_id=204420 ccf_commit_seqno=1218724 nstreams_done_=19500 config.nstreams=20000 avg_latency=0.7297 ms avg throuhgput (requests/sec) = 87.3907 res=false
*==== INFO ====* http_end_stream ALL streams done! nstreams_done_=20000 avg_latency=0.7301 msreq_id_count= 20000
*==== INFO ====* req_id_count= 20000 stream_id=79996 latency=0.861651 ms (tx_ts=156796755883516, rx_ts=156796756745167) request_id=1250024 zil_blk_id=209779 ccf_commit_seqno=1250025 nstreams_done_=20000 config.nstreams=20000 avg_latency=0.7301 ms avg throuhgput (requests/sec) = 87.3845 res=true
