Uniform: 10976 328009 991282 16288 559841 
Exponential: -2147483648 -2147483648 -2147483648 -2147483648 -2147483648 
Truncated Normal: 750531 675340 485006 466228 696349 
*==== INFO ====* req_id_count= 500 stream_id=1996 latency=0.803474 ms (tx_ts=156573846242725, rx_ts=156573847046199) request_id=31544 zil_blk_id=1996 ccf_commit_seqno=31546 nstreams_done_=500 config.nstreams=20000 avg_latency=0.8988 ms avg throuhgput (requests/sec) = 84.0448 res=false
*==== INFO ====* req_id_count= 1000 stream_id=3996 latency=0.793654 ms (tx_ts=156579759414493, rx_ts=156579760208147) request_id=63493 zil_blk_id=3996 ccf_commit_seqno=63493 nstreams_done_=1000 config.nstreams=20000 avg_latency=0.8985 ms avg throuhgput (requests/sec) = 84.3002 res=false
*==== INFO ====* req_id_count= 1500 stream_id=5996 latency=0.701893 ms (tx_ts=156585677470986, rx_ts=156585678172879) request_id=95574 zil_blk_id=5996 ccf_commit_seqno=95574 nstreams_done_=1500 config.nstreams=20000 avg_latency=0.8922 ms avg throuhgput (requests/sec) = 84.3629 res=false
*==== INFO ====* req_id_count= 2000 stream_id=7996 latency=1.003730 ms (tx_ts=156591584094026, rx_ts=156591585097756) request_id=127667 zil_blk_id=7996 ccf_commit_seqno=127669 nstreams_done_=2000 config.nstreams=20000 avg_latency=0.8905 ms avg throuhgput (requests/sec) = 84.4336 res=false
*==== INFO ====* req_id_count= 2500 stream_id=9996 latency=0.980124 ms (tx_ts=156597519012415, rx_ts=156597519992539) request_id=159876 zil_blk_id=9996 ccf_commit_seqno=159876 nstreams_done_=2500 config.nstreams=20000 avg_latency=0.8924 ms avg throuhgput (requests/sec) = 84.3963 res=false
*==== INFO ====* req_id_count= 3000 stream_id=11996 latency=0.978238 ms (tx_ts=156603413313667, rx_ts=156603414291905) request_id=191875 zil_blk_id=11996 ccf_commit_seqno=191879 nstreams_done_=3000 config.nstreams=20000 avg_latency=0.8938 ms avg throuhgput (requests/sec) = 84.4679 res=false
*==== INFO ====* req_id_count= 3500 stream_id=13996 latency=0.910212 ms (tx_ts=156609311884246, rx_ts=156609312794458) request_id=223977 zil_blk_id=13996 ccf_commit_seqno=223979 nstreams_done_=3500 config.nstreams=20000 avg_latency=0.8931 ms avg throuhgput (requests/sec) = 84.5105 res=false
*==== INFO ====* req_id_count= 4000 stream_id=15996 latency=0.690431 ms (tx_ts=156615192774941, rx_ts=156615193465372) request_id=256007 zil_blk_id=15996 ccf_commit_seqno=256007 nstreams_done_=4000 config.nstreams=20000 avg_latency=0.8920 ms avg throuhgput (requests/sec) = 84.5744 res=false
*==== INFO ====* req_id_count= 4500 stream_id=17996 latency=0.888863 ms (tx_ts=156621079302998, rx_ts=156621080191861) request_id=288021 zil_blk_id=17996 ccf_commit_seqno=288024 nstreams_done_=4500 config.nstreams=20000 avg_latency=0.8956 ms avg throuhgput (requests/sec) = 84.6145 res=false
*==== INFO ====* req_id_count= 5000 stream_id=19996 latency=0.995914 ms (tx_ts=156626931137960, rx_ts=156626932133874) request_id=319862 zil_blk_id=19996 ccf_commit_seqno=319866 nstreams_done_=5000 config.nstreams=20000 avg_latency=0.8966 ms avg throuhgput (requests/sec) = 84.6965 res=false
*==== INFO ====* req_id_count= 5500 stream_id=21996 latency=1.005371 ms (tx_ts=156632761715819, rx_ts=156632762721190) request_id=351591 zil_blk_id=21996 ccf_commit_seqno=351592 nstreams_done_=5500 config.nstreams=20000 avg_latency=0.8942 ms avg throuhgput (requests/sec) = 84.7916 res=false
*==== INFO ====* req_id_count= 6000 stream_id=23996 latency=0.962892 ms (tx_ts=156638588612422, rx_ts=156638589575314) request_id=383421 zil_blk_id=23996 ccf_commit_seqno=383423 nstreams_done_=6000 config.nstreams=20000 avg_latency=0.8915 ms avg throuhgput (requests/sec) = 84.8756 res=false
*==== INFO ====* req_id_count= 6500 stream_id=25996 latency=0.739263 ms (tx_ts=156644382588842, rx_ts=156644383328105) request_id=415104 zil_blk_id=25996 ccf_commit_seqno=415104 nstreams_done_=6500 config.nstreams=20000 avg_latency=0.8899 ms avg throuhgput (requests/sec) = 84.9834 res=false
*==== INFO ====* req_id_count= 7000 stream_id=27996 latency=0.719485 ms (tx_ts=156650190849954, rx_ts=156650191569439) request_id=446876 zil_blk_id=27996 ccf_commit_seqno=446877 nstreams_done_=7000 config.nstreams=20000 avg_latency=0.8881 ms avg throuhgput (requests/sec) = 85.0612 res=false
*==== INFO ====* req_id_count= 7500 stream_id=29996 latency=0.787211 ms (tx_ts=156656008047060, rx_ts=156656008834271) request_id=478663 zil_blk_id=29996 ccf_commit_seqno=478664 nstreams_done_=7500 config.nstreams=20000 avg_latency=0.8860 ms avg throuhgput (requests/sec) = 85.1199 res=false
*==== INFO ====* req_id_count= 8000 stream_id=31996 latency=0.914113 ms (tx_ts=156661830852396, rx_ts=156661831766509) request_id=510470 zil_blk_id=31996 ccf_commit_seqno=510470 nstreams_done_=8000 config.nstreams=20000 avg_latency=0.8875 ms avg throuhgput (requests/sec) = 85.1662 res=false
*==== INFO ====* req_id_count= 8500 stream_id=33996 latency=1.042220 ms (tx_ts=156667630719806, rx_ts=156667631762026) request_id=542118 zil_blk_id=33996 ccf_commit_seqno=542118 nstreams_done_=8500 config.nstreams=20000 avg_latency=0.8870 ms avg throuhgput (requests/sec) = 85.2268 res=false
*==== INFO ====* req_id_count= 9000 stream_id=35996 latency=0.902608 ms (tx_ts=156673400177662, rx_ts=156673401080270) request_id=573703 zil_blk_id=35996 ccf_commit_seqno=573705 nstreams_done_=9000 config.nstreams=20000 avg_latency=0.8851 ms avg throuhgput (requests/sec) = 85.3054 res=false
*==== INFO ====* req_id_count= 9500 stream_id=37996 latency=0.861462 ms (tx_ts=156679178193652, rx_ts=156679179055114) request_id=605329 zil_blk_id=37996 ccf_commit_seqno=605329 nstreams_done_=9500 config.nstreams=20000 avg_latency=0.8842 ms avg throuhgput (requests/sec) = 85.3693 res=false
*==== INFO ====* req_id_count= 10000 stream_id=39996 latency=0.952832 ms (tx_ts=156685031080647, rx_ts=156685032033479) request_id=637105 zil_blk_id=39996 ccf_commit_seqno=637107 nstreams_done_=10000 config.nstreams=20000 avg_latency=0.8868 ms avg throuhgput (requests/sec) = 85.3722 res=false
*==== INFO ====* req_id_count= 10500 stream_id=41996 latency=1.114535 ms (tx_ts=156690833295030, rx_ts=156690834409565) request_id=668918 zil_blk_id=41996 ccf_commit_seqno=668919 nstreams_done_=10500 config.nstreams=20000 avg_latency=0.8874 ms avg throuhgput (requests/sec) = 85.4099 res=false
*==== INFO ====* req_id_count= 11000 stream_id=43996 latency=0.825574 ms (tx_ts=156696620307183, rx_ts=156696621132757) request_id=700673 zil_blk_id=43996 ccf_commit_seqno=700673 nstreams_done_=11000 config.nstreams=20000 avg_latency=0.8871 ms avg throuhgput (requests/sec) = 85.4546 res=false
*==== INFO ====* req_id_count= 11500 stream_id=45996 latency=0.694458 ms (tx_ts=156702409914310, rx_ts=156702410608768) request_id=732397 zil_blk_id=45996 ccf_commit_seqno=732397 nstreams_done_=11500 config.nstreams=20000 avg_latency=0.8872 ms avg throuhgput (requests/sec) = 85.4937 res=false
*==== INFO ====* req_id_count= 12000 stream_id=47996 latency=0.625360 ms (tx_ts=156708187801260, rx_ts=156708188426620) request_id=764074 zil_blk_id=47996 ccf_commit_seqno=764074 nstreams_done_=12000 config.nstreams=20000 avg_latency=0.8860 ms avg throuhgput (requests/sec) = 85.5367 res=false
*==== INFO ====* req_id_count= 12500 stream_id=49996 latency=0.744773 ms (tx_ts=156713959574171, rx_ts=156713960318944) request_id=795758 zil_blk_id=49996 ccf_commit_seqno=795759 nstreams_done_=12500 config.nstreams=20000 avg_latency=0.8844 ms avg throuhgput (requests/sec) = 85.5798 res=false
*==== INFO ====* req_id_count= 13000 stream_id=51996 latency=0.661887 ms (tx_ts=156719748908699, rx_ts=156719749570586) request_id=827524 zil_blk_id=51996 ccf_commit_seqno=827524 nstreams_done_=13000 config.nstreams=20000 avg_latency=0.8844 ms avg throuhgput (requests/sec) = 85.6098 res=false
*==== INFO ====* req_id_count= 13500 stream_id=53996 latency=0.963542 ms (tx_ts=156725524720280, rx_ts=156725525683822) request_id=859222 zil_blk_id=53996 ccf_commit_seqno=859224 nstreams_done_=13500 config.nstreams=20000 avg_latency=0.8834 ms avg throuhgput (requests/sec) = 85.6448 res=false
*==== INFO ====* req_id_count= 14000 stream_id=55996 latency=0.938996 ms (tx_ts=156731307448198, rx_ts=156731308387194) request_id=890965 zil_blk_id=55996 ccf_commit_seqno=890966 nstreams_done_=14000 config.nstreams=20000 avg_latency=0.8835 ms avg throuhgput (requests/sec) = 85.6738 res=false
*==== INFO ====* req_id_count= 14500 stream_id=57996 latency=0.681775 ms (tx_ts=156737106296089, rx_ts=156737106977864) request_id=922803 zil_blk_id=57996 ccf_commit_seqno=922803 nstreams_done_=14500 config.nstreams=20000 avg_latency=0.8832 ms avg throuhgput (requests/sec) = 85.6928 res=false
*==== INFO ====* req_id_count= 15000 stream_id=59996 latency=0.790248 ms (tx_ts=156742890470288, rx_ts=156742891260536) request_id=954572 zil_blk_id=59996 ccf_commit_seqno=954572 nstreams_done_=15000 config.nstreams=20000 avg_latency=0.8824 ms avg throuhgput (requests/sec) = 85.7175 res=false
*==== INFO ====* req_id_count= 15500 stream_id=61996 latency=1.130855 ms (tx_ts=156748690161953, rx_ts=156748691292808) request_id=986394 zil_blk_id=61996 ccf_commit_seqno=986397 nstreams_done_=15500 config.nstreams=20000 avg_latency=0.8827 ms avg throuhgput (requests/sec) = 85.7332 res=false
*==== INFO ====* req_id_count= 16000 stream_id=63996 latency=0.875608 ms (tx_ts=156754482273442, rx_ts=156754483149050) request_id=1018198 zil_blk_id=63996 ccf_commit_seqno=1018198 nstreams_done_=16000 config.nstreams=20000 avg_latency=0.8824 ms avg throuhgput (requests/sec) = 85.7517 res=false
*==== INFO ====* req_id_count= 16500 stream_id=65996 latency=4.567875 ms (tx_ts=156760297426258, rx_ts=156760301994133) request_id=1050015 zil_blk_id=65996 ccf_commit_seqno=1050024 nstreams_done_=16500 config.nstreams=20000 avg_latency=0.8837 ms avg throuhgput (requests/sec) = 85.7570 res=false
*==== INFO ====* req_id_count= 17000 stream_id=67996 latency=0.656829 ms (tx_ts=156766085904857, rx_ts=156766086561686) request_id=1081750 zil_blk_id=67996 ccf_commit_seqno=1081750 nstreams_done_=17000 config.nstreams=20000 avg_latency=0.8838 ms avg throuhgput (requests/sec) = 85.7768 res=false
*==== INFO ====* req_id_count= 17500 stream_id=69996 latency=0.959555 ms (tx_ts=156771880190432, rx_ts=156771881149987) request_id=1113591 zil_blk_id=69996 ccf_commit_seqno=1113591 nstreams_done_=17500 config.nstreams=20000 avg_latency=0.8837 ms avg throuhgput (requests/sec) = 85.7913 res=false
*==== INFO ====* req_id_count= 18000 stream_id=71996 latency=0.803433 ms (tx_ts=156777657038853, rx_ts=156777657842286) request_id=1145372 zil_blk_id=71996 ccf_commit_seqno=1145372 nstreams_done_=18000 config.nstreams=20000 avg_latency=0.8834 ms avg throuhgput (requests/sec) = 85.8124 res=false
*==== INFO ====* req_id_count= 18500 stream_id=73996 latency=0.618958 ms (tx_ts=156783459822259, rx_ts=156783460441217) request_id=1177218 zil_blk_id=73996 ccf_commit_seqno=1177218 nstreams_done_=18500 config.nstreams=20000 avg_latency=0.8838 ms avg throuhgput (requests/sec) = 85.8219 res=false
*==== INFO ====* req_id_count= 19000 stream_id=75996 latency=0.850100 ms (tx_ts=156789227506975, rx_ts=156789228357075) request_id=1208897 zil_blk_id=75996 ccf_commit_seqno=1208899 nstreams_done_=19000 config.nstreams=20000 avg_latency=0.8834 ms avg throuhgput (requests/sec) = 85.8445 res=false
*==== INFO ====* req_id_count= 19500 stream_id=77996 latency=0.850718 ms (tx_ts=156795003322504, rx_ts=156795004173222) request_id=1240623 zil_blk_id=77996 ccf_commit_seqno=1240624 nstreams_done_=19500 config.nstreams=20000 avg_latency=0.8836 ms avg throuhgput (requests/sec) = 85.8629 res=false
*==== INFO ====* http_end_stream ALL streams done! nstreams_done_=20000 avg_latency=0.8823 msreq_id_count= 20000
*==== INFO ====* req_id_count= 20000 stream_id=79996 latency=0.895916 ms (tx_ts=156800776439564, rx_ts=156800777335480) request_id=1266790 zil_blk_id=79996 ccf_commit_seqno=1266790 nstreams_done_=20000 config.nstreams=20000 avg_latency=0.8823 ms avg throuhgput (requests/sec) = 85.8813 res=true
