Uniform: 377809 71473 603558 343087 502431 
Exponential: -2147483648 -2147483648 -2147483648 -2147483648 -2147483648 
Truncated Normal: 441678 416967 793297 620775 253334 
*==== INFO ====* req_id_count= 500 stream_id=1996 latency=0.670084 ms (tx_ts=156573685831373, rx_ts=156573686501457) request_id=30701 zil_blk_id=764 ccf_commit_seqno=30701 nstreams_done_=500 config.nstreams=20000 avg_latency=0.7526 ms avg throuhgput (requests/sec) = 86.1649 res=false
*==== INFO ====* req_id_count= 1000 stream_id=3996 latency=0.854309 ms (tx_ts=156579432170912, rx_ts=156579433025221) request_id=61740 zil_blk_id=6114 ccf_commit_seqno=61741 nstreams_done_=1000 config.nstreams=20000 avg_latency=0.7304 ms avg throuhgput (requests/sec) = 86.5850 res=false
*==== INFO ====* req_id_count= 1500 stream_id=5996 latency=0.545110 ms (tx_ts=156585140577922, rx_ts=156585141123032) request_id=92691 zil_blk_id=11436 ccf_commit_seqno=92691 nstreams_done_=1500 config.nstreams=20000 avg_latency=0.7311 ms avg throuhgput (requests/sec) = 86.9190 res=false
*==== INFO ====* req_id_count= 2000 stream_id=7996 latency=0.795838 ms (tx_ts=156590843908256, rx_ts=156590844704094) request_id=123664 zil_blk_id=16753 ccf_commit_seqno=123664 nstreams_done_=2000 config.nstreams=20000 avg_latency=0.7285 ms avg throuhgput (requests/sec) = 87.1041 res=false
*==== INFO ====* req_id_count= 2500 stream_id=9996 latency=0.603446 ms (tx_ts=156596546251213, rx_ts=156596546854659) request_id=154632 zil_blk_id=22069 ccf_commit_seqno=154633 nstreams_done_=2500 config.nstreams=20000 avg_latency=0.7275 ms avg throuhgput (requests/sec) = 87.2199 res=false
*==== INFO ====* req_id_count= 3000 stream_id=11996 latency=0.511179 ms (tx_ts=156602243777778, rx_ts=156602244288957) request_id=185550 zil_blk_id=27387 ccf_commit_seqno=185550 nstreams_done_=3000 config.nstreams=20000 avg_latency=0.7271 ms avg throuhgput (requests/sec) = 87.3093 res=false
*==== INFO ====* req_id_count= 3500 stream_id=13996 latency=0.655877 ms (tx_ts=156607950700605, rx_ts=156607951356482) request_id=216594 zil_blk_id=32724 ccf_commit_seqno=216595 nstreams_done_=3500 config.nstreams=20000 avg_latency=0.7248 ms avg throuhgput (requests/sec) = 87.3522 res=false
*==== INFO ====* req_id_count= 4000 stream_id=15996 latency=0.723981 ms (tx_ts=156613635475469, rx_ts=156613636199450) request_id=247531 zil_blk_id=38023 ccf_commit_seqno=247534 nstreams_done_=4000 config.nstreams=20000 avg_latency=0.7248 ms avg throuhgput (requests/sec) = 87.4269 res=false
*==== INFO ====* req_id_count= 4500 stream_id=17996 latency=0.840462 ms (tx_ts=156619359855840, rx_ts=156619360696302) request_id=278689 zil_blk_id=43367 ccf_commit_seqno=278691 nstreams_done_=4500 config.nstreams=20000 avg_latency=0.7252 ms avg throuhgput (requests/sec) = 87.4176 res=false
*==== INFO ====* req_id_count= 5000 stream_id=19996 latency=0.737490 ms (tx_ts=156625070787261, rx_ts=156625071524751) request_id=309736 zil_blk_id=48723 ccf_commit_seqno=309737 nstreams_done_=5000 config.nstreams=20000 avg_latency=0.7263 ms avg throuhgput (requests/sec) = 87.4312 res=false
*==== INFO ====* req_id_count= 5500 stream_id=21996 latency=0.739484 ms (tx_ts=156630780871070, rx_ts=156630781610554) request_id=340799 zil_blk_id=54079 ccf_commit_seqno=340801 nstreams_done_=5500 config.nstreams=20000 avg_latency=0.7264 ms avg throuhgput (requests/sec) = 87.4433 res=false
*==== INFO ====* req_id_count= 6000 stream_id=23996 latency=0.849129 ms (tx_ts=156636479822962, rx_ts=156636480672091) request_id=371894 zil_blk_id=59427 ccf_commit_seqno=371895 nstreams_done_=6000 config.nstreams=20000 avg_latency=0.7248 ms avg throuhgput (requests/sec) = 87.4674 res=false
*==== INFO ====* req_id_count= 6500 stream_id=25996 latency=0.625059 ms (tx_ts=156642179526142, rx_ts=156642180151201) request_id=403070 zil_blk_id=64772 ccf_commit_seqno=403071 nstreams_done_=6500 config.nstreams=20000 avg_latency=0.7249 ms avg throuhgput (requests/sec) = 87.4873 res=false
*==== INFO ====* req_id_count= 7000 stream_id=27996 latency=0.675512 ms (tx_ts=156647879162313, rx_ts=156647879837825) request_id=434210 zil_blk_id=70121 ccf_commit_seqno=434211 nstreams_done_=7000 config.nstreams=20000 avg_latency=0.7236 ms avg throuhgput (requests/sec) = 87.5042 res=false
*==== INFO ====* req_id_count= 7500 stream_id=29996 latency=0.725285 ms (tx_ts=156653600560592, rx_ts=156653601285877) request_id=465510 zil_blk_id=75486 ccf_commit_seqno=465511 nstreams_done_=7500 config.nstreams=20000 avg_latency=0.7243 ms avg throuhgput (requests/sec) = 87.4966 res=false
*==== INFO ====* req_id_count= 8000 stream_id=31996 latency=0.746734 ms (tx_ts=156659275630869, rx_ts=156659276377603) request_id=496524 zil_blk_id=80804 ccf_commit_seqno=496525 nstreams_done_=8000 config.nstreams=20000 avg_latency=0.7238 ms avg throuhgput (requests/sec) = 87.5343 res=false
*==== INFO ====* req_id_count= 8500 stream_id=33996 latency=0.643724 ms (tx_ts=156665022386331, rx_ts=156665023030055) request_id=527826 zil_blk_id=86193 ccf_commit_seqno=527827 nstreams_done_=8500 config.nstreams=20000 avg_latency=0.7280 ms avg throuhgput (requests/sec) = 87.5032 res=false
*==== INFO ====* req_id_count= 9000 stream_id=35996 latency=0.808462 ms (tx_ts=156670730241261, rx_ts=156670731049723) request_id=559085 zil_blk_id=91545 ccf_commit_seqno=559087 nstreams_done_=9000 config.nstreams=20000 avg_latency=0.7279 ms avg throuhgput (requests/sec) = 87.5083 res=false
*==== INFO ====* req_id_count= 9500 stream_id=37996 latency=0.523259 ms (tx_ts=156676425115064, rx_ts=156676425638323) request_id=590252 zil_blk_id=96888 ccf_commit_seqno=590252 nstreams_done_=9500 config.nstreams=20000 avg_latency=0.7271 ms avg throuhgput (requests/sec) = 87.5238 res=false
*==== INFO ====* req_id_count= 10000 stream_id=39996 latency=0.481590 ms (tx_ts=156682098017011, rx_ts=156682098498601) request_id=621303 zil_blk_id=102203 ccf_commit_seqno=621303 nstreams_done_=10000 config.nstreams=20000 avg_latency=0.7283 ms avg throuhgput (requests/sec) = 87.5543 res=false
*==== INFO ====* req_id_count= 10500 stream_id=41996 latency=0.585615 ms (tx_ts=156687853310663, rx_ts=156687853896278) request_id=652571 zil_blk_id=107569 ccf_commit_seqno=652571 nstreams_done_=10500 config.nstreams=20000 avg_latency=0.7330 ms avg throuhgput (requests/sec) = 87.5217 res=false
*==== INFO ====* req_id_count= 11000 stream_id=43996 latency=0.524822 ms (tx_ts=156693559189269, rx_ts=156693559714091) request_id=683864 zil_blk_id=112888 ccf_commit_seqno=683865 nstreams_done_=11000 config.nstreams=20000 avg_latency=0.7328 ms avg throuhgput (requests/sec) = 87.5266 res=false
*==== INFO ====* req_id_count= 11500 stream_id=45996 latency=0.484196 ms (tx_ts=156699257978713, rx_ts=156699258462909) request_id=715141 zil_blk_id=118204 ccf_commit_seqno=715141 nstreams_done_=11500 config.nstreams=20000 avg_latency=0.7324 ms avg throuhgput (requests/sec) = 87.5358 res=false
*==== INFO ====* req_id_count= 12000 stream_id=47996 latency=0.732380 ms (tx_ts=156704961313097, rx_ts=156704962045477) request_id=746416 zil_blk_id=123545 ccf_commit_seqno=746417 nstreams_done_=12000 config.nstreams=20000 avg_latency=0.7318 ms avg throuhgput (requests/sec) = 87.5412 res=false
*==== INFO ====* req_id_count= 12500 stream_id=49996 latency=0.620971 ms (tx_ts=156710665283002, rx_ts=156710665903973) request_id=777685 zil_blk_id=128894 ccf_commit_seqno=777687 nstreams_done_=12500 config.nstreams=20000 avg_latency=0.7316 ms avg throuhgput (requests/sec) = 87.5459 res=false
*==== INFO ====* req_id_count= 13000 stream_id=51996 latency=0.561470 ms (tx_ts=156716353253632, rx_ts=156716353815102) request_id=808896 zil_blk_id=134230 ccf_commit_seqno=808896 nstreams_done_=13000 config.nstreams=20000 avg_latency=0.7304 ms avg throuhgput (requests/sec) = 87.5597 res=false
*==== INFO ====* req_id_count= 13500 stream_id=53996 latency=0.554475 ms (tx_ts=156722071308763, rx_ts=156722071863238) request_id=840283 zil_blk_id=139593 ccf_commit_seqno=840283 nstreams_done_=13500 config.nstreams=20000 avg_latency=0.7309 ms avg throuhgput (requests/sec) = 87.5553 res=false
*==== INFO ====* req_id_count= 14000 stream_id=55996 latency=0.837607 ms (tx_ts=156727769637564, rx_ts=156727770475171) request_id=871534 zil_blk_id=144936 ccf_commit_seqno=871537 nstreams_done_=14000 config.nstreams=20000 avg_latency=0.7309 ms avg throuhgput (requests/sec) = 87.5619 res=false
*==== INFO ====* req_id_count= 14500 stream_id=57996 latency=0.686105 ms (tx_ts=156733469156228, rx_ts=156733469842333) request_id=902851 zil_blk_id=150263 ccf_commit_seqno=902851 nstreams_done_=14500 config.nstreams=20000 avg_latency=0.7304 ms avg throuhgput (requests/sec) = 87.5677 res=false
*==== INFO ====* req_id_count= 15000 stream_id=59996 latency=0.531874 ms (tx_ts=156739170269883, rx_ts=156739170801757) request_id=934122 zil_blk_id=155610 ccf_commit_seqno=934122 nstreams_done_=15000 config.nstreams=20000 avg_latency=0.7300 ms avg throuhgput (requests/sec) = 87.5723 res=false
*==== INFO ====* req_id_count= 15500 stream_id=61996 latency=0.908900 ms (tx_ts=156744864339009, rx_ts=156744865247909) request_id=965390 zil_blk_id=160948 ccf_commit_seqno=965392 nstreams_done_=15500 config.nstreams=20000 avg_latency=0.7297 ms avg throuhgput (requests/sec) = 87.5797 res=false
*==== INFO ====* req_id_count= 16000 stream_id=63996 latency=0.776508 ms (tx_ts=156750563324393, rx_ts=156750564100901) request_id=996678 zil_blk_id=166292 ccf_commit_seqno=996679 nstreams_done_=16000 config.nstreams=20000 avg_latency=0.7298 ms avg throuhgput (requests/sec) = 87.5846 res=false
*==== INFO ====* req_id_count= 16500 stream_id=65996 latency=0.723583 ms (tx_ts=156756256316008, rx_ts=156756257039591) request_id=1027932 zil_blk_id=171635 ccf_commit_seqno=1027936 nstreams_done_=16500 config.nstreams=20000 avg_latency=0.7293 ms avg throuhgput (requests/sec) = 87.5920 res=false
*==== INFO ====* req_id_count= 17000 stream_id=67996 latency=0.825685 ms (tx_ts=156761975999454, rx_ts=156761976825139) request_id=1059203 zil_blk_id=176999 ccf_commit_seqno=1059204 nstreams_done_=17000 config.nstreams=20000 avg_latency=0.7303 ms avg throuhgput (requests/sec) = 87.5868 res=false
*==== INFO ====* req_id_count= 17500 stream_id=69996 latency=0.651512 ms (tx_ts=156767694099680, rx_ts=156767694751192) request_id=1090589 zil_blk_id=182361 ccf_commit_seqno=1090589 nstreams_done_=17500 config.nstreams=20000 avg_latency=0.7307 ms avg throuhgput (requests/sec) = 87.5827 res=false
*==== INFO ====* req_id_count= 18000 stream_id=71996 latency=0.594041 ms (tx_ts=156773399565393, rx_ts=156773400159434) request_id=1121947 zil_blk_id=187711 ccf_commit_seqno=1121947 nstreams_done_=18000 config.nstreams=20000 avg_latency=0.7311 ms avg throuhgput (requests/sec) = 87.5842 res=false
*==== INFO ====* req_id_count= 18500 stream_id=73996 latency=0.718468 ms (tx_ts=156779094750734, rx_ts=156779095469202) request_id=1153245 zil_blk_id=193049 ccf_commit_seqno=1153245 nstreams_done_=18500 config.nstreams=20000 avg_latency=0.7312 ms avg throuhgput (requests/sec) = 87.5898 res=false
*==== INFO ====* req_id_count= 19000 stream_id=75996 latency=0.654604 ms (tx_ts=156784789024181, rx_ts=156784789678785) request_id=1184504 zil_blk_id=198389 ccf_commit_seqno=1184506 nstreams_done_=19000 config.nstreams=20000 avg_latency=0.7311 ms avg throuhgput (requests/sec) = 87.5955 res=false
*==== INFO ====* req_id_count= 19500 stream_id=77996 latency=0.491108 ms (tx_ts=156790480701676, rx_ts=156790481192784) request_id=1215770 zil_blk_id=203710 ccf_commit_seqno=1215770 nstreams_done_=19500 config.nstreams=20000 avg_latency=0.7306 ms avg throuhgput (requests/sec) = 87.6021 res=false
*==== INFO ====* http_end_stream ALL streams done! nstreams_done_=20000 avg_latency=0.7307 msreq_id_count= 20000
*==== INFO ====* req_id_count= 20000 stream_id=79996 latency=0.722160 ms (tx_ts=156796186035919, rx_ts=156796186758079) request_id=1247066 zil_blk_id=209037 ccf_commit_seqno=1247067 nstreams_done_=20000 config.nstreams=20000 avg_latency=0.7307 ms avg throuhgput (requests/sec) = 87.6028 res=true
