Uniform: 58298 931671 835391 122846 687899 
Exponential: -2147483648 -2147483648 -2147483648 -2147483648 -2147483648 
Truncated Normal: 147027 285951 701587 576033 831424 
*==== INFO ====* req_id_count= 500 stream_id=1996 latency=0.812029 ms (tx_ts=156573775774662, rx_ts=156573776586691) request_id=31185 zil_blk_id=1996 ccf_commit_seqno=31188 nstreams_done_=500 config.nstreams=20000 avg_latency=0.8123 ms avg throuhgput (requests/sec) = 84.9508 res=false
*==== INFO ====* req_id_count= 1000 stream_id=3996 latency=0.583522 ms (tx_ts=156579656966473, rx_ts=156579657549995) request_id=62944 zil_blk_id=3996 ccf_commit_seqno=62944 nstreams_done_=1000 config.nstreams=20000 avg_latency=0.7999 ms avg throuhgput (requests/sec) = 84.9854 res=false
*==== INFO ====* req_id_count= 1500 stream_id=5996 latency=0.605664 ms (tx_ts=156585520479825, rx_ts=156585521085489) request_id=94739 zil_blk_id=5996 ccf_commit_seqno=94739 nstreams_done_=1500 config.nstreams=20000 avg_latency=0.7973 ms avg throuhgput (requests/sec) = 85.0810 res=false
*==== INFO ====* req_id_count= 2000 stream_id=7996 latency=0.751296 ms (tx_ts=156591381192753, rx_ts=156591381944049) request_id=126565 zil_blk_id=7996 ccf_commit_seqno=126566 nstreams_done_=2000 config.nstreams=20000 avg_latency=0.7931 ms avg throuhgput (requests/sec) = 85.1386 res=false
*==== INFO ====* req_id_count= 2500 stream_id=9996 latency=0.701202 ms (tx_ts=156597271339653, rx_ts=156597272040855) request_id=158557 zil_blk_id=9996 ccf_commit_seqno=158559 nstreams_done_=2500 config.nstreams=20000 avg_latency=0.7917 ms avg throuhgput (requests/sec) = 85.0884 res=false
*==== INFO ====* req_id_count= 3000 stream_id=11996 latency=0.882732 ms (tx_ts=156603145184034, rx_ts=156603146066766) request_id=190410 zil_blk_id=11996 ccf_commit_seqno=190411 nstreams_done_=3000 config.nstreams=20000 avg_latency=0.7903 ms avg throuhgput (requests/sec) = 85.0937 res=false
*==== INFO ====* req_id_count= 3500 stream_id=13996 latency=0.925430 ms (tx_ts=156608993426951, rx_ts=156608994352381) request_id=222254 zil_blk_id=13996 ccf_commit_seqno=222256 nstreams_done_=3500 config.nstreams=20000 avg_latency=0.7864 ms avg throuhgput (requests/sec) = 85.1508 res=false
*==== INFO ====* req_id_count= 4000 stream_id=15996 latency=0.745214 ms (tx_ts=156614837167475, rx_ts=156614837912689) request_id=254070 zil_blk_id=15996 ccf_commit_seqno=254072 nstreams_done_=4000 config.nstreams=20000 avg_latency=0.7839 ms avg throuhgput (requests/sec) = 85.2023 res=false
*==== INFO ====* req_id_count= 4500 stream_id=17996 latency=0.801069 ms (tx_ts=156620670320730, rx_ts=156620671121799) request_id=285818 zil_blk_id=17996 ccf_commit_seqno=285820 nstreams_done_=4500 config.nstreams=20000 avg_latency=0.7866 ms avg throuhgput (requests/sec) = 85.2591 res=false
*==== INFO ====* req_id_count= 5000 stream_id=19996 latency=0.880037 ms (tx_ts=156626462816233, rx_ts=156626463696270) request_id=317312 zil_blk_id=19996 ccf_commit_seqno=317313 nstreams_done_=5000 config.nstreams=20000 avg_latency=0.7877 ms avg throuhgput (requests/sec) = 85.3637 res=false
*==== INFO ====* req_id_count= 5500 stream_id=21996 latency=0.663761 ms (tx_ts=156632238187611, rx_ts=156632238851372) request_id=348746 zil_blk_id=21996 ccf_commit_seqno=348748 nstreams_done_=5500 config.nstreams=20000 avg_latency=0.7869 ms avg throuhgput (requests/sec) = 85.4727 res=false
*==== INFO ====* req_id_count= 6000 stream_id=23996 latency=0.994686 ms (tx_ts=156638009275351, rx_ts=156638010270037) request_id=380248 zil_blk_id=23996 ccf_commit_seqno=380252 nstreams_done_=6000 config.nstreams=20000 avg_latency=0.7859 ms avg throuhgput (requests/sec) = 85.5683 res=false
*==== INFO ====* req_id_count= 6500 stream_id=25996 latency=0.662018 ms (tx_ts=156643751146543, rx_ts=156643751808561) request_id=411652 zil_blk_id=25996 ccf_commit_seqno=411653 nstreams_done_=6500 config.nstreams=20000 avg_latency=0.7847 ms avg throuhgput (requests/sec) = 85.6830 res=false
*==== INFO ====* req_id_count= 7000 stream_id=27996 latency=1.718653 ms (tx_ts=156649509418563, rx_ts=156649511137216) request_id=443138 zil_blk_id=27996 ccf_commit_seqno=443139 nstreams_done_=7000 config.nstreams=20000 avg_latency=0.7845 ms avg throuhgput (requests/sec) = 85.7630 res=false
*==== INFO ====* req_id_count= 7500 stream_id=29996 latency=1.088624 ms (tx_ts=156655269408177, rx_ts=156655270496801) request_id=474637 zil_blk_id=29996 ccf_commit_seqno=474638 nstreams_done_=7500 config.nstreams=20000 avg_latency=0.7842 ms avg throuhgput (requests/sec) = 85.8323 res=false
*==== INFO ====* req_id_count= 8000 stream_id=31996 latency=0.731297 ms (tx_ts=156661024216967, rx_ts=156661024948264) request_id=506047 zil_blk_id=31996 ccf_commit_seqno=506050 nstreams_done_=8000 config.nstreams=20000 avg_latency=0.7836 ms avg throuhgput (requests/sec) = 85.8976 res=false
*==== INFO ====* req_id_count= 8500 stream_id=33996 latency=0.805115 ms (tx_ts=156666765163879, rx_ts=156666765968994) request_id=537386 zil_blk_id=33996 ccf_commit_seqno=537387 nstreams_done_=8500 config.nstreams=20000 avg_latency=0.7838 ms avg throuhgput (requests/sec) = 85.9670 res=false
*==== INFO ====* req_id_count= 9000 stream_id=35996 latency=0.745995 ms (tx_ts=156672527935314, rx_ts=156672528681309) request_id=568931 zil_blk_id=35996 ccf_commit_seqno=568932 nstreams_done_=9000 config.nstreams=20000 avg_latency=0.7853 ms avg throuhgput (requests/sec) = 86.0109 res=false
*==== INFO ====* req_id_count= 9500 stream_id=37996 latency=0.599236 ms (tx_ts=156678258192454, rx_ts=156678258791690) request_id=600301 zil_blk_id=37996 ccf_commit_seqno=600301 nstreams_done_=9500 config.nstreams=20000 avg_latency=0.7842 ms avg throuhgput (requests/sec) = 86.0757 res=false
*==== INFO ====* req_id_count= 10000 stream_id=39996 latency=0.642161 ms (tx_ts=156684059306211, rx_ts=156684059948372) request_id=631779 zil_blk_id=39996 ccf_commit_seqno=631779 nstreams_done_=10000 config.nstreams=20000 avg_latency=0.7874 ms avg throuhgput (requests/sec) = 86.0814 res=false
*==== INFO ====* req_id_count= 10500 stream_id=41996 latency=0.576017 ms (tx_ts=156689804017127, rx_ts=156689804593144) request_id=663268 zil_blk_id=41996 ccf_commit_seqno=663268 nstreams_done_=10500 config.nstreams=20000 avg_latency=0.7885 ms avg throuhgput (requests/sec) = 86.1264 res=false
*==== INFO ====* req_id_count= 11000 stream_id=43996 latency=0.662680 ms (tx_ts=156695545039525, rx_ts=156695545702205) request_id=694764 zil_blk_id=43996 ccf_commit_seqno=694765 nstreams_done_=11000 config.nstreams=20000 avg_latency=0.7892 ms avg throuhgput (requests/sec) = 86.1698 res=false
*==== INFO ====* req_id_count= 11500 stream_id=45996 latency=0.628455 ms (tx_ts=156701286224479, rx_ts=156701286852934) request_id=726240 zil_blk_id=45996 ccf_commit_seqno=726241 nstreams_done_=11500 config.nstreams=20000 avg_latency=0.7896 ms avg throuhgput (requests/sec) = 86.2095 res=false
*==== INFO ====* req_id_count= 12000 stream_id=47996 latency=0.967901 ms (tx_ts=156707017733813, rx_ts=156707018701714) request_id=757649 zil_blk_id=47996 ccf_commit_seqno=757652 nstreams_done_=12000 config.nstreams=20000 avg_latency=0.7904 ms avg throuhgput (requests/sec) = 86.2516 res=false
*==== INFO ====* req_id_count= 12500 stream_id=49996 latency=0.796098 ms (tx_ts=156712730283656, rx_ts=156712731079754) request_id=789020 zil_blk_id=49996 ccf_commit_seqno=789020 nstreams_done_=12500 config.nstreams=20000 avg_latency=0.7894 ms avg throuhgput (requests/sec) = 86.3020 res=false
*==== INFO ====* req_id_count= 13000 stream_id=51996 latency=0.740204 ms (tx_ts=156718465325094, rx_ts=156718466065298) request_id=820502 zil_blk_id=51996 ccf_commit_seqno=820504 nstreams_done_=13000 config.nstreams=20000 avg_latency=0.7902 ms avg throuhgput (requests/sec) = 86.3356 res=false
*==== INFO ====* req_id_count= 13500 stream_id=53996 latency=0.580589 ms (tx_ts=156724192022423, rx_ts=156724192603012) request_id=851913 zil_blk_id=53996 ccf_commit_seqno=851913 nstreams_done_=13500 config.nstreams=20000 avg_latency=0.7903 ms avg throuhgput (requests/sec) = 86.3714 res=false
*==== INFO ====* req_id_count= 14000 stream_id=55996 latency=0.614058 ms (tx_ts=156729903756806, rx_ts=156729904370864) request_id=883254 zil_blk_id=55996 ccf_commit_seqno=883255 nstreams_done_=14000 config.nstreams=20000 avg_latency=0.7891 ms avg throuhgput (requests/sec) = 86.4125 res=false
*==== INFO ====* req_id_count= 14500 stream_id=57996 latency=0.935662 ms (tx_ts=156735634316695, rx_ts=156735635252357) request_id=914729 zil_blk_id=57996 ccf_commit_seqno=914730 nstreams_done_=14500 config.nstreams=20000 avg_latency=0.7889 ms avg throuhgput (requests/sec) = 86.4410 res=false
*==== INFO ====* req_id_count= 15000 stream_id=59996 latency=0.643394 ms (tx_ts=156741360718101, rx_ts=156741361361495) request_id=946188 zil_blk_id=59996 ccf_commit_seqno=946189 nstreams_done_=15000 config.nstreams=20000 avg_latency=0.7886 ms avg throuhgput (requests/sec) = 86.4700 res=false
*==== INFO ====* req_id_count= 15500 stream_id=61996 latency=0.814042 ms (tx_ts=156747076290390, rx_ts=156747077104432) request_id=977535 zil_blk_id=61996 ccf_commit_seqno=977536 nstreams_done_=15500 config.nstreams=20000 avg_latency=0.7885 ms avg throuhgput (requests/sec) = 86.5022 res=false
*==== INFO ====* req_id_count= 16000 stream_id=63996 latency=0.595734 ms (tx_ts=156752800137796, rx_ts=156752800733530) request_id=1008958 zil_blk_id=63996 ccf_commit_seqno=1008958 nstreams_done_=16000 config.nstreams=20000 avg_latency=0.7885 ms avg throuhgput (requests/sec) = 86.5286 res=false
*==== INFO ====* req_id_count= 16500 stream_id=65996 latency=0.747368 ms (tx_ts=156758522312240, rx_ts=156758523059608) request_id=1040382 zil_blk_id=65996 ccf_commit_seqno=1040384 nstreams_done_=16500 config.nstreams=20000 avg_latency=0.7888 ms avg throuhgput (requests/sec) = 86.5541 res=false
*==== INFO ====* req_id_count= 17000 stream_id=67996 latency=0.654154 ms (tx_ts=156764279407106, rx_ts=156764280061260) request_id=1071829 zil_blk_id=67996 ccf_commit_seqno=1071829 nstreams_done_=17000 config.nstreams=20000 avg_latency=0.7908 ms avg throuhgput (requests/sec) = 86.5628 res=false
*==== INFO ====* req_id_count= 17500 stream_id=69996 latency=0.633194 ms (tx_ts=156769996194468, rx_ts=156769996827662) request_id=1103222 zil_blk_id=69996 ccf_commit_seqno=1103222 nstreams_done_=17500 config.nstreams=20000 avg_latency=0.7905 ms avg throuhgput (requests/sec) = 86.5882 res=false
*==== INFO ====* req_id_count= 18000 stream_id=71996 latency=0.725207 ms (tx_ts=156775708504556, rx_ts=156775709229763) request_id=1134654 zil_blk_id=71996 ccf_commit_seqno=1134656 nstreams_done_=18000 config.nstreams=20000 avg_latency=0.7899 ms avg throuhgput (requests/sec) = 86.6141 res=false
*==== INFO ====* req_id_count= 18500 stream_id=73996 latency=0.699207 ms (tx_ts=156781426356124, rx_ts=156781427055331) request_id=1166051 zil_blk_id=73996 ccf_commit_seqno=1166051 nstreams_done_=18500 config.nstreams=20000 avg_latency=0.7892 ms avg throuhgput (requests/sec) = 86.6364 res=false
*==== INFO ====* req_id_count= 19000 stream_id=75996 latency=0.752618 ms (tx_ts=156787145301734, rx_ts=156787146054352) request_id=1197471 zil_blk_id=75996 ccf_commit_seqno=1197473 nstreams_done_=19000 config.nstreams=20000 avg_latency=0.7888 ms avg throuhgput (requests/sec) = 86.6570 res=false
*==== INFO ====* req_id_count= 19500 stream_id=77996 latency=0.955006 ms (tx_ts=156792869349902, rx_ts=156792870304908) request_id=1228902 zil_blk_id=77996 ccf_commit_seqno=1228907 nstreams_done_=19500 config.nstreams=20000 avg_latency=0.7884 ms avg throuhgput (requests/sec) = 86.6746 res=false
*==== INFO ====* http_end_stream ALL streams done! nstreams_done_=20000 avg_latency=0.7887 msreq_id_count= 20000
*==== INFO ====* req_id_count= 20000 stream_id=79996 latency=0.552303 ms (tx_ts=156798610364269, rx_ts=156798610916572) request_id=1258671 zil_blk_id=79996 ccf_commit_seqno=1258671 nstreams_done_=20000 config.nstreams=20000 avg_latency=0.7887 ms avg throuhgput (requests/sec) = 86.6851 res=true
