Uniform: 43070 161549 33334 260799 87617 
Exponential: -2147483648 -2147483648 -2147483648 -2147483648 -2147483648 
Truncated Normal: 418706 290584 754915 427343 669124 
*==== INFO ====* req_id_count= 500 stream_id=1996 latency=0.981824 ms (tx_ts=156573886316120, rx_ts=156573887297944) request_id=31750 zil_blk_id=1996 ccf_commit_seqno=31752 nstreams_done_=500 config.nstreams=20000 avg_latency=0.9534 ms avg throuhgput (requests/sec) = 83.4735 res=false
*==== INFO ====* req_id_count= 1000 stream_id=3996 latency=0.930261 ms (tx_ts=156579795349443, rx_ts=156579796279704) request_id=63685 zil_blk_id=3996 ccf_commit_seqno=63686 nstreams_done_=1000 config.nstreams=20000 avg_latency=0.9376 ms avg throuhgput (requests/sec) = 84.0413 res=false
*==== INFO ====* req_id_count= 1500 stream_id=5996 latency=0.929930 ms (tx_ts=156585679870014, rx_ts=156585680799944) request_id=95589 zil_blk_id=5996 ccf_commit_seqno=95591 nstreams_done_=1500 config.nstreams=20000 avg_latency=0.9301 ms avg throuhgput (requests/sec) = 84.3482 res=false
*==== INFO ====* req_id_count= 2000 stream_id=7996 latency=0.771904 ms (tx_ts=156591524696391, rx_ts=156591525468295) request_id=127347 zil_blk_id=7996 ccf_commit_seqno=127348 nstreams_done_=2000 config.nstreams=20000 avg_latency=0.9193 ms avg throuhgput (requests/sec) = 84.6450 res=false
*==== INFO ====* req_id_count= 2500 stream_id=9996 latency=0.826467 ms (tx_ts=156597349676316, rx_ts=156597350502783) request_id=158985 zil_blk_id=9996 ccf_commit_seqno=158985 nstreams_done_=2500 config.nstreams=20000 avg_latency=0.9120 ms avg throuhgput (requests/sec) = 84.8806 res=false
*==== INFO ====* req_id_count= 3000 stream_id=11996 latency=0.774539 ms (tx_ts=156603180479620, rx_ts=156603181254159) request_id=190604 zil_blk_id=11996 ccf_commit_seqno=190604 nstreams_done_=3000 config.nstreams=20000 avg_latency=0.9087 ms avg throuhgput (requests/sec) = 85.0247 res=false
*==== INFO ====* req_id_count= 3500 stream_id=13996 latency=0.971317 ms (tx_ts=156609032727659, rx_ts=156609033698976) request_id=222460 zil_blk_id=13996 ccf_commit_seqno=222463 nstreams_done_=3500 config.nstreams=20000 avg_latency=0.9112 ms avg throuhgput (requests/sec) = 85.0829 res=false
*==== INFO ====* req_id_count= 4000 stream_id=15996 latency=0.694662 ms (tx_ts=156614883578910, rx_ts=156614884273572) request_id=254324 zil_blk_id=15996 ccf_commit_seqno=254324 nstreams_done_=4000 config.nstreams=20000 avg_latency=0.9112 ms avg throuhgput (requests/sec) = 85.1301 res=false
*==== INFO ====* req_id_count= 4500 stream_id=17996 latency=0.816537 ms (tx_ts=156620727339710, rx_ts=156620728156247) request_id=286125 zil_blk_id=17996 ccf_commit_seqno=286125 nstreams_done_=4500 config.nstreams=20000 avg_latency=0.9123 ms avg throuhgput (requests/sec) = 85.1776 res=false
*==== INFO ====* req_id_count= 5000 stream_id=19996 latency=0.869167 ms (tx_ts=156626563384014, rx_ts=156626564253181) request_id=317869 zil_blk_id=19996 ccf_commit_seqno=317869 nstreams_done_=5000 config.nstreams=20000 avg_latency=0.9131 ms avg throuhgput (requests/sec) = 85.2270 res=false
*==== INFO ====* req_id_count= 5500 stream_id=21996 latency=0.968482 ms (tx_ts=156632398709415, rx_ts=156632399677897) request_id=349623 zil_blk_id=21996 ccf_commit_seqno=349623 nstreams_done_=5500 config.nstreams=20000 avg_latency=0.9137 ms avg throuhgput (requests/sec) = 85.2683 res=false
*==== INFO ====* req_id_count= 6000 stream_id=23996 latency=1.069831 ms (tx_ts=156638236959094, rx_ts=156638238028925) request_id=381493 zil_blk_id=23996 ccf_commit_seqno=381494 nstreams_done_=6000 config.nstreams=20000 avg_latency=0.9131 ms avg throuhgput (requests/sec) = 85.2992 res=false
*==== INFO ====* req_id_count= 6500 stream_id=25996 latency=0.872112 ms (tx_ts=156644093492412, rx_ts=156644094364524) request_id=413521 zil_blk_id=25996 ccf_commit_seqno=413521 nstreams_done_=6500 config.nstreams=20000 avg_latency=0.9110 ms avg throuhgput (requests/sec) = 85.3052 res=false
*==== INFO ====* req_id_count= 7000 stream_id=27996 latency=0.861180 ms (tx_ts=156649929750160, rx_ts=156649930611340) request_id=445444 zil_blk_id=27996 ccf_commit_seqno=445448 nstreams_done_=7000 config.nstreams=20000 avg_latency=0.9080 ms avg throuhgput (requests/sec) = 85.3313 res=false
*==== INFO ====* req_id_count= 7500 stream_id=29996 latency=0.674540 ms (tx_ts=156655774880282, rx_ts=156655775554822) request_id=477391 zil_blk_id=29996 ccf_commit_seqno=477391 nstreams_done_=7500 config.nstreams=20000 avg_latency=0.9090 ms avg throuhgput (requests/sec) = 85.3454 res=false
*==== INFO ====* req_id_count= 8000 stream_id=31996 latency=0.930800 ms (tx_ts=156661632218940, rx_ts=156661633149740) request_id=509382 zil_blk_id=31996 ccf_commit_seqno=509382 nstreams_done_=8000 config.nstreams=20000 avg_latency=0.9091 ms avg throuhgput (requests/sec) = 85.3463 res=false
*==== INFO ====* req_id_count= 8500 stream_id=33996 latency=1.013295 ms (tx_ts=156667473687655, rx_ts=156667474700950) request_id=541266 zil_blk_id=33996 ccf_commit_seqno=541268 nstreams_done_=8500 config.nstreams=20000 avg_latency=0.9102 ms avg throuhgput (requests/sec) = 85.3608 res=false
*==== INFO ====* req_id_count= 9000 stream_id=35996 latency=0.746075 ms (tx_ts=156673297915307, rx_ts=156673298661382) request_id=573143 zil_blk_id=35996 ccf_commit_seqno=573144 nstreams_done_=9000 config.nstreams=20000 avg_latency=0.9092 ms avg throuhgput (requests/sec) = 85.3879 res=false
*==== INFO ====* req_id_count= 9500 stream_id=37996 latency=0.807891 ms (tx_ts=156679109432056, rx_ts=156679110239947) request_id=604945 zil_blk_id=37996 ccf_commit_seqno=604945 nstreams_done_=9500 config.nstreams=20000 avg_latency=0.9076 ms avg throuhgput (requests/sec) = 85.4218 res=false
*==== INFO ====* req_id_count= 10000 stream_id=39996 latency=1.107652 ms (tx_ts=156685000105396, rx_ts=156685001213048) request_id=636932 zil_blk_id=39996 ccf_commit_seqno=636934 nstreams_done_=10000 config.nstreams=20000 avg_latency=0.9114 ms avg throuhgput (requests/sec) = 85.3943 res=false
*==== INFO ====* req_id_count= 10500 stream_id=41996 latency=0.843698 ms (tx_ts=156690838411276, rx_ts=156690839254974) request_id=668939 zil_blk_id=41996 ccf_commit_seqno=668941 nstreams_done_=10500 config.nstreams=20000 avg_latency=0.9112 ms avg throuhgput (requests/sec) = 85.4062 res=false
*==== INFO ====* req_id_count= 11000 stream_id=43996 latency=0.660696 ms (tx_ts=156696670193345, rx_ts=156696670854041) request_id=700938 zil_blk_id=43996 ccf_commit_seqno=700938 nstreams_done_=11000 config.nstreams=20000 avg_latency=0.9101 ms avg throuhgput (requests/sec) = 85.4213 res=false
*==== INFO ====* req_id_count= 11500 stream_id=45996 latency=0.830089 ms (tx_ts=156702505247185, rx_ts=156702506077274) request_id=732919 zil_blk_id=45996 ccf_commit_seqno=732921 nstreams_done_=11500 config.nstreams=20000 avg_latency=0.9099 ms avg throuhgput (requests/sec) = 85.4328 res=false
*==== INFO ====* req_id_count= 12000 stream_id=47996 latency=0.667718 ms (tx_ts=156708335320279, rx_ts=156708335987997) request_id=764888 zil_blk_id=47996 ccf_commit_seqno=764888 nstreams_done_=12000 config.nstreams=20000 avg_latency=0.9099 ms avg throuhgput (requests/sec) = 85.4466 res=false
*==== INFO ====* req_id_count= 12500 stream_id=49996 latency=0.953867 ms (tx_ts=156714149331070, rx_ts=156714150284937) request_id=796808 zil_blk_id=49996 ccf_commit_seqno=796808 nstreams_done_=12500 config.nstreams=20000 avg_latency=0.9085 ms avg throuhgput (requests/sec) = 85.4684 res=false
*==== INFO ====* req_id_count= 13000 stream_id=51996 latency=0.657941 ms (tx_ts=156719972206054, rx_ts=156719972863995) request_id=828750 zil_blk_id=51996 ccf_commit_seqno=828750 nstreams_done_=13000 config.nstreams=20000 avg_latency=0.9073 ms avg throuhgput (requests/sec) = 85.4839 res=false
*==== INFO ====* req_id_count= 13500 stream_id=53996 latency=0.941991 ms (tx_ts=156725798655304, rx_ts=156725799597295) request_id=860718 zil_blk_id=53996 ccf_commit_seqno=860719 nstreams_done_=13500 config.nstreams=20000 avg_latency=0.9079 ms avg throuhgput (requests/sec) = 85.4959 res=false
*==== INFO ====* req_id_count= 14000 stream_id=55996 latency=0.686964 ms (tx_ts=156731626865836, rx_ts=156731627552800) request_id=892729 zil_blk_id=55996 ccf_commit_seqno=892729 nstreams_done_=14000 config.nstreams=20000 avg_latency=0.9082 ms avg throuhgput (requests/sec) = 85.5065 res=false
*==== INFO ====* req_id_count= 14500 stream_id=57996 latency=0.746887 ms (tx_ts=156737434903461, rx_ts=156737435650348) request_id=924603 zil_blk_id=57996 ccf_commit_seqno=924603 nstreams_done_=14500 config.nstreams=20000 avg_latency=0.9076 ms avg throuhgput (requests/sec) = 85.5264 res=false
*==== INFO ====* req_id_count= 15000 stream_id=59996 latency=0.982503 ms (tx_ts=156743256985017, rx_ts=156743257967520) request_id=956570 zil_blk_id=59996 ccf_commit_seqno=956571 nstreams_done_=15000 config.nstreams=20000 avg_latency=0.9081 ms avg throuhgput (requests/sec) = 85.5380 res=false
*==== INFO ====* req_id_count= 15500 stream_id=61996 latency=0.679240 ms (tx_ts=156749084602782, rx_ts=156749085282022) request_id=988558 zil_blk_id=61996 ccf_commit_seqno=988558 nstreams_done_=15500 config.nstreams=20000 avg_latency=0.9077 ms avg throuhgput (requests/sec) = 85.5465 res=false
*==== INFO ====* req_id_count= 16000 stream_id=63996 latency=0.843808 ms (tx_ts=156754909176863, rx_ts=156754910020671) request_id=1020542 zil_blk_id=63996 ccf_commit_seqno=1020542 nstreams_done_=16000 config.nstreams=20000 avg_latency=0.9071 ms avg throuhgput (requests/sec) = 85.5557 res=false
*==== INFO ====* req_id_count= 16500 stream_id=65996 latency=1.163827 ms (tx_ts=156760769346950, rx_ts=156760770510777) request_id=1052581 zil_blk_id=65996 ccf_commit_seqno=1052581 nstreams_done_=16500 config.nstreams=20000 avg_latency=0.9092 ms avg throuhgput (requests/sec) = 85.5485 res=false
*==== INFO ====* req_id_count= 17000 stream_id=67996 latency=0.778155 ms (tx_ts=156766600120967, rx_ts=156766600899122) request_id=1084579 zil_blk_id=67996 ccf_commit_seqno=1084580 nstreams_done_=17000 config.nstreams=20000 avg_latency=0.9092 ms avg throuhgput (requests/sec) = 85.5546 res=false
*==== INFO ====* req_id_count= 17500 stream_id=69996 latency=0.854277 ms (tx_ts=156772418554682, rx_ts=156772419408959) request_id=1116550 zil_blk_id=69996 ccf_commit_seqno=1116554 nstreams_done_=17500 config.nstreams=20000 avg_latency=0.9087 ms avg throuhgput (requests/sec) = 85.5654 res=false
*==== INFO ====* req_id_count= 18000 stream_id=71996 latency=1.852205 ms (tx_ts=156778223107364, rx_ts=156778224959569) request_id=1148481 zil_blk_id=71996 ccf_commit_seqno=1148481 nstreams_done_=18000 config.nstreams=20000 avg_latency=0.9074 ms avg throuhgput (requests/sec) = 85.5808 res=false
*==== INFO ====* req_id_count= 18500 stream_id=73996 latency=0.998548 ms (tx_ts=156784052382939, rx_ts=156784053381487) request_id=1180467 zil_blk_id=73996 ccf_commit_seqno=1180468 nstreams_done_=18500 config.nstreams=20000 avg_latency=0.9074 ms avg throuhgput (requests/sec) = 85.5863 res=false
*==== INFO ====* req_id_count= 19000 stream_id=75996 latency=0.664473 ms (tx_ts=156789870331288, rx_ts=156789870995761) request_id=1212419 zil_blk_id=75996 ccf_commit_seqno=1212419 nstreams_done_=19000 config.nstreams=20000 avg_latency=0.9075 ms avg throuhgput (requests/sec) = 85.5958 res=false
*==== INFO ====* req_id_count= 19500 stream_id=77996 latency=0.750043 ms (tx_ts=156795688461735, rx_ts=156795689211778) request_id=1244381 zil_blk_id=77996 ccf_commit_seqno=1244382 nstreams_done_=19500 config.nstreams=20000 avg_latency=0.9070 ms avg throuhgput (requests/sec) = 85.6045 res=false
*==== INFO ====* http_end_stream ALL streams done! nstreams_done_=20000 avg_latency=0.9060 msreq_id_count= 20000
*==== INFO ====* req_id_count= 20000 stream_id=79996 latency=0.661407 ms (tx_ts=156801530866243, rx_ts=156801531527650) request_id=1269022 zil_blk_id=79996 ccf_commit_seqno=1269022 nstreams_done_=20000 config.nstreams=20000 avg_latency=0.9060 ms avg throuhgput (requests/sec) = 85.6039 res=true
