Uniform: 301850 953018 186202 985291 22757 
Exponential: -2147483648 -2147483648 -2147483648 -2147483648 -2147483648 
Truncated Normal: 146525 876631 520841 217187 571713 
*==== INFO ====* req_id_count= 500 stream_id=1996 latency=1.126759 ms (tx_ts=156574000898252, rx_ts=156574002025011) request_id=32359 zil_blk_id=1996 ccf_commit_seqno=32359 nstreams_done_=500 config.nstreams=20000 avg_latency=1.0676 ms avg throuhgput (requests/sec) = 82.0573 res=false
*==== INFO ====* req_id_count= 1000 stream_id=3996 latency=0.954195 ms (tx_ts=156580108919487, rx_ts=156580109873682) request_id=65362 zil_blk_id=3996 ccf_commit_seqno=65362 nstreams_done_=1000 config.nstreams=20000 avg_latency=1.0684 ms avg throuhgput (requests/sec) = 81.9595 res=false
*==== INFO ====* req_id_count= 1500 stream_id=5996 latency=1.779940 ms (tx_ts=156586215688023, rx_ts=156586217467963) request_id=98486 zil_blk_id=5996 ccf_commit_seqno=98486 nstreams_done_=1500 config.nstreams=20000 avg_latency=1.0673 ms avg throuhgput (requests/sec) = 81.9281 res=false
*==== INFO ====* req_id_count= 2000 stream_id=7996 latency=1.013626 ms (tx_ts=156592337345030, rx_ts=156592338358656) request_id=131754 zil_blk_id=7996 ccf_commit_seqno=131755 nstreams_done_=2000 config.nstreams=20000 avg_latency=1.0646 ms avg throuhgput (requests/sec) = 81.8678 res=false
*==== INFO ====* req_id_count= 2500 stream_id=9996 latency=0.889093 ms (tx_ts=156598418887961, rx_ts=156598419777054) request_id=164727 zil_blk_id=9996 ccf_commit_seqno=164727 nstreams_done_=2500 config.nstreams=20000 avg_latency=1.0528 ms avg throuhgput (requests/sec) = 81.9375 res=false
*==== INFO ====* req_id_count= 3000 stream_id=11996 latency=0.954285 ms (tx_ts=156604505855284, rx_ts=156604506809569) request_id=197814 zil_blk_id=11996 ccf_commit_seqno=197815 nstreams_done_=3000 config.nstreams=20000 avg_latency=1.0499 ms avg throuhgput (requests/sec) = 81.9715 res=false
*==== INFO ====* req_id_count= 3500 stream_id=13996 latency=1.094305 ms (tx_ts=156610597643873, rx_ts=156610598738178) request_id=230963 zil_blk_id=13996 ccf_commit_seqno=230964 nstreams_done_=3500 config.nstreams=20000 avg_latency=1.0485 ms avg throuhgput (requests/sec) = 81.9864 res=false
*==== INFO ====* req_id_count= 4000 stream_id=15996 latency=1.108022 ms (tx_ts=156616678172957, rx_ts=156616679280979) request_id=264100 zil_blk_id=15996 ccf_commit_seqno=264102 nstreams_done_=4000 config.nstreams=20000 avg_latency=1.0456 ms avg throuhgput (requests/sec) = 82.0167 res=false
*==== INFO ====* req_id_count= 4500 stream_id=17996 latency=1.057188 ms (tx_ts=156622777718702, rx_ts=156622778775890) request_id=297250 zil_blk_id=17996 ccf_commit_seqno=297251 nstreams_done_=4500 config.nstreams=20000 avg_latency=1.0460 ms avg throuhgput (requests/sec) = 82.0119 res=false
*==== INFO ====* req_id_count= 5000 stream_id=19996 latency=1.124545 ms (tx_ts=156628871515159, rx_ts=156628872639704) request_id=330438 zil_blk_id=19996 ccf_commit_seqno=330440 nstreams_done_=5000 config.nstreams=20000 avg_latency=1.0447 ms avg throuhgput (requests/sec) = 82.0157 res=false
*==== INFO ====* req_id_count= 5500 stream_id=21996 latency=1.001534 ms (tx_ts=156634975492792, rx_ts=156634976494326) request_id=363662 zil_blk_id=21996 ccf_commit_seqno=363665 nstreams_done_=5500 config.nstreams=20000 avg_latency=1.0445 ms avg throuhgput (requests/sec) = 82.0066 res=false
*==== INFO ====* req_id_count= 6000 stream_id=23996 latency=0.755042 ms (tx_ts=156641048849853, rx_ts=156641049604895) request_id=396880 zil_blk_id=23996 ccf_commit_seqno=396880 nstreams_done_=6000 config.nstreams=20000 avg_latency=1.0401 ms avg throuhgput (requests/sec) = 82.0335 res=false
*==== INFO ====* req_id_count= 6500 stream_id=25996 latency=1.123380 ms (tx_ts=156647123923690, rx_ts=156647125047070) request_id=430100 zil_blk_id=25996 ccf_commit_seqno=430100 nstreams_done_=6500 config.nstreams=20000 avg_latency=1.0383 ms avg throuhgput (requests/sec) = 82.0538 res=false
*==== INFO ====* req_id_count= 7000 stream_id=27996 latency=0.973699 ms (tx_ts=156653212097666, rx_ts=156653213071365) request_id=463383 zil_blk_id=27996 ccf_commit_seqno=463384 nstreams_done_=7000 config.nstreams=20000 avg_latency=1.0379 ms avg throuhgput (requests/sec) = 82.0591 res=false
*==== INFO ====* req_id_count= 7500 stream_id=29996 latency=1.058600 ms (tx_ts=156659302098055, rx_ts=156659303156655) request_id=496673 zil_blk_id=29996 ccf_commit_seqno=496673 nstreams_done_=7500 config.nstreams=20000 avg_latency=1.0378 ms avg throuhgput (requests/sec) = 82.0619 res=false
*==== INFO ====* req_id_count= 8000 stream_id=31996 latency=0.841053 ms (tx_ts=156665418601568, rx_ts=156665419442621) request_id=529996 zil_blk_id=31996 ccf_commit_seqno=529996 nstreams_done_=8000 config.nstreams=20000 avg_latency=1.0398 ms avg throuhgput (requests/sec) = 82.0423 res=false
*==== INFO ====* req_id_count= 8500 stream_id=33996 latency=0.933135 ms (tx_ts=156671494801365, rx_ts=156671495734500) request_id=563258 zil_blk_id=33996 ccf_commit_seqno=563261 nstreams_done_=8500 config.nstreams=20000 avg_latency=1.0389 ms avg throuhgput (requests/sec) = 82.0566 res=false
*==== INFO ====* req_id_count= 9000 stream_id=35996 latency=0.957471 ms (tx_ts=156677586104990, rx_ts=156677587062461) request_id=596612 zil_blk_id=35996 ccf_commit_seqno=596612 nstreams_done_=9000 config.nstreams=20000 avg_latency=1.0401 ms avg throuhgput (requests/sec) = 82.0581 res=false
*==== INFO ====* req_id_count= 9500 stream_id=37996 latency=1.266308 ms (tx_ts=156683708752747, rx_ts=156683710019055) request_id=629865 zil_blk_id=37996 ccf_commit_seqno=629869 nstreams_done_=9500 config.nstreams=20000 avg_latency=1.0423 ms avg throuhgput (requests/sec) = 82.0371 res=false
*==== INFO ====* req_id_count= 10000 stream_id=39996 latency=1.062407 ms (tx_ts=156689607201296, rx_ts=156689608263703) request_id=662184 zil_blk_id=39996 ccf_commit_seqno=662189 nstreams_done_=10000 config.nstreams=20000 avg_latency=1.0411 ms avg throuhgput (requests/sec) = 82.1696 res=false
*==== INFO ====* req_id_count= 10500 stream_id=41996 latency=0.784859 ms (tx_ts=156695496540726, rx_ts=156695497325585) request_id=694504 zil_blk_id=41996 ccf_commit_seqno=694504 nstreams_done_=10500 config.nstreams=20000 avg_latency=1.0397 ms avg throuhgput (requests/sec) = 82.2958 res=false
*==== INFO ====* req_id_count= 11000 stream_id=43996 latency=1.077458 ms (tx_ts=156701392138691, rx_ts=156701393216149) request_id=726817 zil_blk_id=43996 ccf_commit_seqno=726818 nstreams_done_=11000 config.nstreams=20000 avg_latency=1.0392 ms avg throuhgput (requests/sec) = 82.4066 res=false
*==== INFO ====* req_id_count= 11500 stream_id=45996 latency=2.497781 ms (tx_ts=156707289058809, rx_ts=156707291556590) request_id=759133 zil_blk_id=45996 ccf_commit_seqno=759133 nstreams_done_=11500 config.nstreams=20000 avg_latency=1.0390 ms avg throuhgput (requests/sec) = 82.5066 res=false
*==== INFO ====* req_id_count= 12000 stream_id=47996 latency=1.042810 ms (tx_ts=156713162235145, rx_ts=156713163277955) request_id=791385 zil_blk_id=47996 ccf_commit_seqno=791388 nstreams_done_=12000 config.nstreams=20000 avg_latency=1.0369 ms avg throuhgput (requests/sec) = 82.6136 res=false
*==== INFO ====* req_id_count= 12500 stream_id=49996 latency=0.864196 ms (tx_ts=156719039286507, rx_ts=156719040150703) request_id=823641 zil_blk_id=49996 ccf_commit_seqno=823642 nstreams_done_=12500 config.nstreams=20000 avg_latency=1.0355 ms avg throuhgput (requests/sec) = 82.7095 res=false
*==== INFO ====* req_id_count= 13000 stream_id=51996 latency=1.260277 ms (tx_ts=156724918714859, rx_ts=156724919975136) request_id=855898 zil_blk_id=51996 ccf_commit_seqno=855900 nstreams_done_=13000 config.nstreams=20000 avg_latency=1.0353 ms avg throuhgput (requests/sec) = 82.7966 res=false
*==== INFO ====* req_id_count= 13500 stream_id=53996 latency=0.808161 ms (tx_ts=156730799224335, rx_ts=156730800032496) request_id=888178 zil_blk_id=53996 ccf_commit_seqno=888178 nstreams_done_=13500 config.nstreams=20000 avg_latency=1.0347 ms avg throuhgput (requests/sec) = 82.8773 res=false
*==== INFO ====* req_id_count= 14000 stream_id=55996 latency=0.945891 ms (tx_ts=156736682109594, rx_ts=156736683055485) request_id=920476 zil_blk_id=55996 ccf_commit_seqno=920478 nstreams_done_=14000 config.nstreams=20000 avg_latency=1.0335 ms avg throuhgput (requests/sec) = 82.9510 res=false
*==== INFO ====* req_id_count= 14500 stream_id=57996 latency=1.263204 ms (tx_ts=156742566463882, rx_ts=156742567727086) request_id=952788 zil_blk_id=57996 ccf_commit_seqno=952793 nstreams_done_=14500 config.nstreams=20000 avg_latency=1.0328 ms avg throuhgput (requests/sec) = 83.0189 res=false
*==== INFO ====* req_id_count= 15000 stream_id=59996 latency=1.208089 ms (tx_ts=156748449740320, rx_ts=156748450948409) request_id=985081 zil_blk_id=59996 ccf_commit_seqno=985085 nstreams_done_=15000 config.nstreams=20000 avg_latency=1.0325 ms avg throuhgput (requests/sec) = 83.0831 res=false
*==== INFO ====* req_id_count= 15500 stream_id=61996 latency=1.056296 ms (tx_ts=156754341978452, rx_ts=156754343034748) request_id=1017420 zil_blk_id=61996 ccf_commit_seqno=1017421 nstreams_done_=15500 config.nstreams=20000 avg_latency=1.0316 ms avg throuhgput (requests/sec) = 83.1392 res=false
*==== INFO ====* req_id_count= 16000 stream_id=63996 latency=0.934207 ms (tx_ts=156760242359798, rx_ts=156760243294005) request_id=1049711 zil_blk_id=63996 ccf_commit_seqno=1049711 nstreams_done_=16000 config.nstreams=20000 avg_latency=1.0324 ms avg throuhgput (requests/sec) = 83.1884 res=false
*==== INFO ====* req_id_count= 16500 stream_id=65996 latency=1.193091 ms (tx_ts=156766133366203, rx_ts=156766134559294) request_id=1082011 zil_blk_id=65996 ccf_commit_seqno=1082012 nstreams_done_=16500 config.nstreams=20000 avg_latency=1.0321 ms avg throuhgput (requests/sec) = 83.2384 res=false
*==== INFO ====* req_id_count= 17000 stream_id=67996 latency=0.958733 ms (tx_ts=156772010473810, rx_ts=156772011432543) request_id=1114307 zil_blk_id=67996 ccf_commit_seqno=1114307 nstreams_done_=17000 config.nstreams=20000 avg_latency=1.0315 ms avg throuhgput (requests/sec) = 83.2914 res=false
*==== INFO ====* req_id_count= 17500 stream_id=69996 latency=1.135074 ms (tx_ts=156777893045185, rx_ts=156777894180259) request_id=1146671 zil_blk_id=69996 ccf_commit_seqno=1146675 nstreams_done_=17500 config.nstreams=20000 avg_latency=1.0305 ms avg throuhgput (requests/sec) = 83.3391 res=false
*==== INFO ====* req_id_count= 18000 stream_id=71996 latency=1.054312 ms (tx_ts=156783768887165, rx_ts=156783769941477) request_id=1178919 zil_blk_id=71996 ccf_commit_seqno=1178920 nstreams_done_=18000 config.nstreams=20000 avg_latency=1.0301 ms avg throuhgput (requests/sec) = 83.3869 res=false
*==== INFO ====* req_id_count= 18500 stream_id=73996 latency=1.188002 ms (tx_ts=156789643921594, rx_ts=156789645109596) request_id=1211174 zil_blk_id=73996 ccf_commit_seqno=1211177 nstreams_done_=18500 config.nstreams=20000 avg_latency=1.0297 ms avg throuhgput (requests/sec) = 83.4324 res=false
*==== INFO ====* req_id_count= 19000 stream_id=75996 latency=1.095723 ms (tx_ts=156795530426062, rx_ts=156795531521785) request_id=1243520 zil_blk_id=75996 ccf_commit_seqno=1243522 nstreams_done_=19000 config.nstreams=20000 avg_latency=1.0291 ms avg throuhgput (requests/sec) = 83.4714 res=false
*==== INFO ====* req_id_count= 19500 stream_id=77996 latency=1.106971 ms (tx_ts=156801404408659, rx_ts=156801405515630) request_id=1268667 zil_blk_id=77996 ccf_commit_seqno=1268667 nstreams_done_=19500 config.nstreams=20000 avg_latency=1.0282 ms avg throuhgput (requests/sec) = 83.5129 res=false
*==== INFO ====* http_end_stream ALL streams done! nstreams_done_=20000 avg_latency=1.0249 msreq_id_count= 20000
*==== INFO ====* req_id_count= 20000 stream_id=79996 latency=0.772984 ms (tx_ts=156807357755460, rx_ts=156807358528444) request_id=1278650 zil_blk_id=79996 ccf_commit_seqno=1278650 nstreams_done_=20000 config.nstreams=20000 avg_latency=1.0249 ms avg throuhgput (requests/sec) = 83.5248 res=true
