Uniform: 845841 799897 720619 180490 735055 
Exponential: -2147483648 -2147483648 -2147483648 -2147483648 -2147483648 
Truncated Normal: 681147 926138 626245 261522 818567 
*==== INFO ====* req_id_count= 500 stream_id=1996 latency=0.871170 ms (tx_ts=156573660793089, rx_ts=156573661664259) request_id=30566 zil_blk_id=744 ccf_commit_seqno=30569 nstreams_done_=500 config.nstreams=20000 avg_latency=0.7235 ms avg throuhgput (requests/sec) = 86.5522 res=false
*==== INFO ====* req_id_count= 1000 stream_id=3996 latency=0.631352 ms (tx_ts=156579407215261, rx_ts=156579407846613) request_id=61607 zil_blk_id=6101 ccf_commit_seqno=61608 nstreams_done_=1000 config.nstreams=20000 avg_latency=0.7138 ms avg throuhgput (requests/sec) = 86.7826 res=false
*==== INFO ====* req_id_count= 1500 stream_id=5996 latency=0.843198 ms (tx_ts=156585171270604, rx_ts=156585172113802) request_id=92847 zil_blk_id=11493 ccf_commit_seqno=92847 nstreams_done_=1500 config.nstreams=20000 avg_latency=0.7071 ms avg throuhgput (requests/sec) = 86.7688 res=false
*==== INFO ====* req_id_count= 2000 stream_id=7996 latency=0.802338 ms (tx_ts=156590912914629, rx_ts=156590913716967) request_id=124039 zil_blk_id=16880 ccf_commit_seqno=124040 nstreams_done_=2000 config.nstreams=20000 avg_latency=0.7026 ms avg throuhgput (requests/sec) = 86.8473 res=false
*==== INFO ====* req_id_count= 2500 stream_id=9996 latency=0.447748 ms (tx_ts=156596654659314, rx_ts=156596655107062) request_id=155219 zil_blk_id=22262 ccf_commit_seqno=155219 nstreams_done_=2500 config.nstreams=20000 avg_latency=0.6978 ms avg throuhgput (requests/sec) = 86.8951 res=false
*==== INFO ====* req_id_count= 3000 stream_id=11996 latency=0.805577 ms (tx_ts=156602418851392, rx_ts=156602419656969) request_id=186487 zil_blk_id=27661 ccf_commit_seqno=186488 nstreams_done_=3000 config.nstreams=20000 avg_latency=0.6978 ms avg throuhgput (requests/sec) = 86.8688 res=false
*==== INFO ====* req_id_count= 3500 stream_id=13996 latency=0.730987 ms (tx_ts=156608143797225, rx_ts=156608144528212) request_id=217640 zil_blk_id=33020 ccf_commit_seqno=217642 nstreams_done_=3500 config.nstreams=20000 avg_latency=0.6952 ms avg throuhgput (requests/sec) = 86.9355 res=false
*==== INFO ====* req_id_count= 4000 stream_id=15996 latency=0.456063 ms (tx_ts=156613887095697, rx_ts=156613887551760) request_id=248902 zil_blk_id=38397 ccf_commit_seqno=248902 nstreams_done_=4000 config.nstreams=20000 avg_latency=0.6935 ms avg throuhgput (requests/sec) = 86.9513 res=false
*==== INFO ====* req_id_count= 4500 stream_id=17996 latency=0.586478 ms (tx_ts=156619647524523, rx_ts=156619648111001) request_id=280257 zil_blk_id=43795 ccf_commit_seqno=280258 nstreams_done_=4500 config.nstreams=20000 avg_latency=0.6991 ms avg throuhgput (requests/sec) = 86.9342 res=false
*==== INFO ====* req_id_count= 5000 stream_id=19996 latency=0.730146 ms (tx_ts=156625393421525, rx_ts=156625394151671) request_id=311498 zil_blk_id=49185 ccf_commit_seqno=311500 nstreams_done_=5000 config.nstreams=20000 avg_latency=0.7012 ms avg throuhgput (requests/sec) = 86.9424 res=false
*==== INFO ====* req_id_count= 5500 stream_id=21996 latency=0.868615 ms (tx_ts=156631141482783, rx_ts=156631142351398) request_id=342761 zil_blk_id=54577 ccf_commit_seqno=342763 nstreams_done_=5500 config.nstreams=20000 avg_latency=0.7023 ms avg throuhgput (requests/sec) = 86.9461 res=false
*==== INFO ====* req_id_count= 6000 stream_id=23996 latency=0.758279 ms (tx_ts=156636783029367, rx_ts=156636783787646) request_id=373555 zil_blk_id=59870 ccf_commit_seqno=373555 nstreams_done_=6000 config.nstreams=20000 avg_latency=0.7011 ms avg throuhgput (requests/sec) = 87.0840 res=false
*==== INFO ====* req_id_count= 6500 stream_id=25996 latency=0.802400 ms (tx_ts=156642518243901, rx_ts=156642519046301) request_id=404926 zil_blk_id=65231 ccf_commit_seqno=404926 nstreams_done_=6500 config.nstreams=20000 avg_latency=0.7013 ms avg throuhgput (requests/sec) = 87.0914 res=false
*==== INFO ====* req_id_count= 7000 stream_id=27996 latency=0.653071 ms (tx_ts=156648232634275, rx_ts=156648233287346) request_id=436150 zil_blk_id=70585 ccf_commit_seqno=436150 nstreams_done_=7000 config.nstreams=20000 avg_latency=0.7005 ms avg throuhgput (requests/sec) = 87.1205 res=false
*==== INFO ====* req_id_count= 7500 stream_id=29996 latency=0.547042 ms (tx_ts=156653781151261, rx_ts=156653781698303) request_id=466502 zil_blk_id=75787 ccf_commit_seqno=466502 nstreams_done_=7500 config.nstreams=20000 avg_latency=0.7009 ms avg throuhgput (requests/sec) = 87.3140 res=false
*==== INFO ====* req_id_count= 8000 stream_id=31996 latency=0.685592 ms (tx_ts=156659502177967, rx_ts=156659502863559) request_id=497754 zil_blk_id=81130 ccf_commit_seqno=497755 nstreams_done_=8000 config.nstreams=20000 avg_latency=0.7020 ms avg throuhgput (requests/sec) = 87.3190 res=false
*==== INFO ====* req_id_count= 8500 stream_id=33996 latency=0.594091 ms (tx_ts=156665256792042, rx_ts=156665257386133) request_id=529110 zil_blk_id=86495 ccf_commit_seqno=529111 nstreams_done_=8500 config.nstreams=20000 avg_latency=0.7047 ms avg throuhgput (requests/sec) = 87.2936 res=false
*==== INFO ====* req_id_count= 9000 stream_id=35996 latency=0.716109 ms (tx_ts=156670931095653, rx_ts=156670931811762) request_id=560191 zil_blk_id=91790 ccf_commit_seqno=560192 nstreams_done_=9000 config.nstreams=20000 avg_latency=0.7050 ms avg throuhgput (requests/sec) = 87.3388 res=false
*==== INFO ====* req_id_count= 9500 stream_id=37996 latency=0.586497 ms (tx_ts=156676620038313, rx_ts=156676620624810) request_id=591320 zil_blk_id=97099 ccf_commit_seqno=591322 nstreams_done_=9500 config.nstreams=20000 avg_latency=0.7043 ms avg throuhgput (requests/sec) = 87.3677 res=false
*==== INFO ====* req_id_count= 10000 stream_id=39996 latency=1.020739 ms (tx_ts=156682353166639, rx_ts=156682354187378) request_id=622713 zil_blk_id=102446 ccf_commit_seqno=622715 nstreams_done_=10000 config.nstreams=20000 avg_latency=0.7053 ms avg throuhgput (requests/sec) = 87.3596 res=false
*==== INFO ====* req_id_count= 10500 stream_id=41996 latency=0.649515 ms (tx_ts=156688149300276, rx_ts=156688149949791) request_id=654182 zil_blk_id=107850 ccf_commit_seqno=654182 nstreams_done_=10500 config.nstreams=20000 avg_latency=0.7090 ms avg throuhgput (requests/sec) = 87.3071 res=false
*==== INFO ====* req_id_count= 11000 stream_id=43996 latency=0.775050 ms (tx_ts=156693900737547, rx_ts=156693901512597) request_id=685746 zil_blk_id=113218 ccf_commit_seqno=685748 nstreams_done_=11000 config.nstreams=20000 avg_latency=0.7106 ms avg throuhgput (requests/sec) = 87.2900 res=false
*==== INFO ====* req_id_count= 11500 stream_id=45996 latency=0.864648 ms (tx_ts=156699646683268, rx_ts=156699647547916) request_id=717266 zil_blk_id=118587 ccf_commit_seqno=717272 nstreams_done_=11500 config.nstreams=20000 avg_latency=0.7116 ms avg throuhgput (requests/sec) = 87.2781 res=false
*==== INFO ====* req_id_count= 12000 stream_id=47996 latency=0.802180 ms (tx_ts=156705382239922, rx_ts=156705383042102) request_id=748715 zil_blk_id=123972 ccf_commit_seqno=748715 nstreams_done_=12000 config.nstreams=20000 avg_latency=0.7113 ms avg throuhgput (requests/sec) = 87.2738 res=false
*==== INFO ====* req_id_count= 12500 stream_id=49996 latency=0.691771 ms (tx_ts=156711124470386, rx_ts=156711125162157) request_id=780206 zil_blk_id=129359 ccf_commit_seqno=780206 nstreams_done_=12500 config.nstreams=20000 avg_latency=0.7114 ms avg throuhgput (requests/sec) = 87.2659 res=false
*==== INFO ====* req_id_count= 13000 stream_id=51996 latency=0.631932 ms (tx_ts=156716859364551, rx_ts=156716859996483) request_id=811672 zil_blk_id=134730 ccf_commit_seqno=811672 nstreams_done_=13000 config.nstreams=20000 avg_latency=0.7113 ms avg throuhgput (requests/sec) = 87.2628 res=false
*==== INFO ====* req_id_count= 13500 stream_id=53996 latency=0.777584 ms (tx_ts=156722576259300, rx_ts=156722577036884) request_id=843062 zil_blk_id=140084 ccf_commit_seqno=843062 nstreams_done_=13500 config.nstreams=20000 avg_latency=0.7101 ms avg throuhgput (requests/sec) = 87.2701 res=false
*==== INFO ====* req_id_count= 14000 stream_id=55996 latency=0.887861 ms (tx_ts=156728303046386, rx_ts=156728303934247) request_id=874464 zil_blk_id=145434 ccf_commit_seqno=874467 nstreams_done_=14000 config.nstreams=20000 avg_latency=0.7104 ms avg throuhgput (requests/sec) = 87.2714 res=false
*==== INFO ====* req_id_count= 14500 stream_id=57996 latency=0.864238 ms (tx_ts=156734018679547, rx_ts=156734019543785) request_id=905860 zil_blk_id=150769 ccf_commit_seqno=905861 nstreams_done_=14500 config.nstreams=20000 avg_latency=0.7098 ms avg throuhgput (requests/sec) = 87.2786 res=false
*==== INFO ====* req_id_count= 15000 stream_id=59996 latency=0.868635 ms (tx_ts=156739654297646, rx_ts=156739655166281) request_id=936783 zil_blk_id=156029 ccf_commit_seqno=936786 nstreams_done_=15000 config.nstreams=20000 avg_latency=0.7097 ms avg throuhgput (requests/sec) = 87.3259 res=false
*==== INFO ====* req_id_count= 15500 stream_id=61996 latency=0.669873 ms (tx_ts=156745206730166, rx_ts=156745207400039) request_id=967266 zil_blk_id=161210 ccf_commit_seqno=967266 nstreams_done_=15500 config.nstreams=20000 avg_latency=0.7094 ms avg throuhgput (requests/sec) = 87.4113 res=false
*==== INFO ====* req_id_count= 16000 stream_id=63996 latency=0.539937 ms (tx_ts=156750918163494, rx_ts=156750918703431) request_id=998632 zil_blk_id=166537 ccf_commit_seqno=998632 nstreams_done_=16000 config.nstreams=20000 avg_latency=0.7093 ms avg throuhgput (requests/sec) = 87.4155 res=false
*==== INFO ====* req_id_count= 16500 stream_id=65996 latency=0.628920 ms (tx_ts=156756667331198, rx_ts=156756667960118) request_id=1030180 zil_blk_id=171909 ccf_commit_seqno=1030180 nstreams_done_=16500 config.nstreams=20000 avg_latency=0.7100 ms avg throuhgput (requests/sec) = 87.4019 res=false
*==== INFO ====* req_id_count= 17000 stream_id=67996 latency=0.539466 ms (tx_ts=156762434026545, rx_ts=156762434566011) request_id=1061711 zil_blk_id=177318 ccf_commit_seqno=1061711 nstreams_done_=17000 config.nstreams=20000 avg_latency=0.7113 ms avg throuhgput (requests/sec) = 87.3812 res=false
*==== INFO ====* req_id_count= 17500 stream_id=69996 latency=0.777965 ms (tx_ts=156768188794399, rx_ts=156768189572364) request_id=1093299 zil_blk_id=182713 ccf_commit_seqno=1093300 nstreams_done_=17500 config.nstreams=20000 avg_latency=0.7116 ms avg throuhgput (requests/sec) = 87.3669 res=false
*==== INFO ====* req_id_count= 18000 stream_id=71996 latency=0.762797 ms (tx_ts=156773902557740, rx_ts=156773903320537) request_id=1124707 zil_blk_id=188073 ccf_commit_seqno=1124708 nstreams_done_=18000 config.nstreams=20000 avg_latency=0.7107 ms avg throuhgput (requests/sec) = 87.3708 res=false
*==== INFO ====* req_id_count= 18500 stream_id=73996 latency=0.696012 ms (tx_ts=156779638892133, rx_ts=156779639588145) request_id=1156234 zil_blk_id=193453 ccf_commit_seqno=1156234 nstreams_done_=18500 config.nstreams=20000 avg_latency=0.7107 ms avg throuhgput (requests/sec) = 87.3652 res=false
*==== INFO ====* req_id_count= 19000 stream_id=75996 latency=0.608288 ms (tx_ts=156785360436012, rx_ts=156785361044300) request_id=1187651 zil_blk_id=198820 ccf_commit_seqno=1187652 nstreams_done_=19000 config.nstreams=20000 avg_latency=0.7103 ms avg throuhgput (requests/sec) = 87.3659 res=false
*==== INFO ====* req_id_count= 19500 stream_id=77996 latency=0.617425 ms (tx_ts=156791080657534, rx_ts=156791081274959) request_id=1219065 zil_blk_id=204176 ccf_commit_seqno=1219065 nstreams_done_=19500 config.nstreams=20000 avg_latency=0.7097 ms avg throuhgput (requests/sec) = 87.3670 res=false
*==== INFO ====* http_end_stream ALL streams done! nstreams_done_=20000 avg_latency=0.7096 msreq_id_count= 20000
*==== INFO ====* req_id_count= 20000 stream_id=79996 latency=0.709006 ms (tx_ts=156796815908802, rx_ts=156796816617808) request_id=1250330 zil_blk_id=209554 ccf_commit_seqno=1250332 nstreams_done_=20000 config.nstreams=20000 avg_latency=0.7096 ms avg throuhgput (requests/sec) = 87.3623 res=true
