Uniform: 977597 704734 290864 421554 494271 
Exponential: -2147483648 -2147483648 -2147483648 -2147483648 -2147483648 
Truncated Normal: 150082 236065 270893 710910 256040 
*==== INFO ====* req_id_count= 500 stream_id=1996 latency=0.859588 ms (tx_ts=156573552269592, rx_ts=156573553129180) request_id=29984 zil_blk_id=642 ccf_commit_seqno=29988 nstreams_done_=500 config.nstreams=20000 avg_latency=0.7077 ms avg throuhgput (requests/sec) = 88.2132 res=false
*==== INFO ====* req_id_count= 1000 stream_id=3996 latency=0.640548 ms (tx_ts=156579258632725, rx_ts=156579259273273) request_id=60805 zil_blk_id=5979 ccf_commit_seqno=60806 nstreams_done_=1000 config.nstreams=20000 avg_latency=0.6998 ms avg throuhgput (requests/sec) = 87.9180 res=false
*==== INFO ====* req_id_count= 1500 stream_id=5996 latency=0.508100 ms (tx_ts=156584958579735, rx_ts=156584959087835) request_id=91697 zil_blk_id=11301 ccf_commit_seqno=91697 nstreams_done_=1500 config.nstreams=20000 avg_latency=0.6980 ms avg throuhgput (requests/sec) = 87.8526 res=false
*==== INFO ====* req_id_count= 2000 stream_id=7996 latency=0.474979 ms (tx_ts=156590660388047, rx_ts=156590660863026) request_id=122664 zil_blk_id=16636 ccf_commit_seqno=122664 nstreams_done_=2000 config.nstreams=20000 avg_latency=0.7038 ms avg throuhgput (requests/sec) = 87.8124 res=false
*==== INFO ====* req_id_count= 2500 stream_id=9996 latency=0.564676 ms (tx_ts=156596356315588, rx_ts=156596356880264) request_id=153608 zil_blk_id=21979 ccf_commit_seqno=153608 nstreams_done_=2500 config.nstreams=20000 avg_latency=0.7039 ms avg throuhgput (requests/sec) = 87.8061 res=false
*==== INFO ====* req_id_count= 3000 stream_id=11996 latency=0.594993 ms (tx_ts=156602064870010, rx_ts=156602065465003) request_id=184573 zil_blk_id=27333 ccf_commit_seqno=184574 nstreams_done_=3000 config.nstreams=20000 avg_latency=0.7036 ms avg throuhgput (requests/sec) = 87.7695 res=false
*==== INFO ====* req_id_count= 3500 stream_id=13996 latency=0.687025 ms (tx_ts=156607774017888, rx_ts=156607774704913) request_id=215630 zil_blk_id=32685 ccf_commit_seqno=215632 nstreams_done_=3500 config.nstreams=20000 avg_latency=0.7047 ms avg throuhgput (requests/sec) = 87.7420 res=false
*==== INFO ====* req_id_count= 4000 stream_id=15996 latency=0.880727 ms (tx_ts=156613466676364, rx_ts=156613467557091) request_id=246607 zil_blk_id=38015 ccf_commit_seqno=246608 nstreams_done_=4000 config.nstreams=20000 avg_latency=0.7035 ms avg throuhgput (requests/sec) = 87.7529 res=false
*==== INFO ====* req_id_count= 4500 stream_id=17996 latency=0.643102 ms (tx_ts=156619175306872, rx_ts=156619175949974) request_id=277695 zil_blk_id=43366 ccf_commit_seqno=277695 nstreams_done_=4500 config.nstreams=20000 avg_latency=0.7052 ms avg throuhgput (requests/sec) = 87.7348 res=false
*==== INFO ====* req_id_count= 5000 stream_id=19996 latency=0.615752 ms (tx_ts=156624890018870, rx_ts=156624890634622) request_id=308755 zil_blk_id=48714 ccf_commit_seqno=308756 nstreams_done_=5000 config.nstreams=20000 avg_latency=0.7060 ms avg throuhgput (requests/sec) = 87.7107 res=false
*==== INFO ====* req_id_count= 5500 stream_id=21996 latency=0.519759 ms (tx_ts=156630610719462, rx_ts=156630611239221) request_id=339876 zil_blk_id=54076 ccf_commit_seqno=339876 nstreams_done_=5500 config.nstreams=20000 avg_latency=0.7051 ms avg throuhgput (requests/sec) = 87.6827 res=false
*==== INFO ====* req_id_count= 6000 stream_id=23996 latency=0.567762 ms (tx_ts=156636294783906, rx_ts=156636295351668) request_id=370887 zil_blk_id=59404 ccf_commit_seqno=370887 nstreams_done_=6000 config.nstreams=20000 avg_latency=0.7039 ms avg throuhgput (requests/sec) = 87.7061 res=false
*==== INFO ====* req_id_count= 6500 stream_id=25996 latency=0.715518 ms (tx_ts=156641973657372, rx_ts=156641974372890) request_id=401944 zil_blk_id=64719 ccf_commit_seqno=401945 nstreams_done_=6500 config.nstreams=20000 avg_latency=0.7025 ms avg throuhgput (requests/sec) = 87.7319 res=false
*==== INFO ====* req_id_count= 7000 stream_id=27996 latency=0.966225 ms (tx_ts=156647661637946, rx_ts=156647662604171) request_id=433020 zil_blk_id=70038 ccf_commit_seqno=433024 nstreams_done_=7000 config.nstreams=20000 avg_latency=0.7022 ms avg throuhgput (requests/sec) = 87.7440 res=false
*==== INFO ====* req_id_count= 7500 stream_id=29996 latency=0.805976 ms (tx_ts=156653358443095, rx_ts=156653359249071) request_id=464184 zil_blk_id=75377 ccf_commit_seqno=464184 nstreams_done_=7500 config.nstreams=20000 avg_latency=0.7012 ms avg throuhgput (requests/sec) = 87.7458 res=false
*==== INFO ====* req_id_count= 8000 stream_id=31996 latency=0.773457 ms (tx_ts=156659053845462, rx_ts=156659054618919) request_id=495312 zil_blk_id=80709 ccf_commit_seqno=495312 nstreams_done_=8000 config.nstreams=20000 avg_latency=0.7010 ms avg throuhgput (requests/sec) = 87.7486 res=false
*==== INFO ====* req_id_count= 8500 stream_id=33996 latency=0.736497 ms (tx_ts=156664765016634, rx_ts=156664765753131) request_id=526419 zil_blk_id=86062 ccf_commit_seqno=526420 nstreams_done_=8500 config.nstreams=20000 avg_latency=0.7012 ms avg throuhgput (requests/sec) = 87.7368 res=false
*==== INFO ====* req_id_count= 9000 stream_id=35996 latency=0.504995 ms (tx_ts=156670465950874, rx_ts=156670466455869) request_id=557640 zil_blk_id=91399 ccf_commit_seqno=557640 nstreams_done_=9000 config.nstreams=20000 avg_latency=0.7009 ms avg throuhgput (requests/sec) = 87.7352 res=false
*==== INFO ====* req_id_count= 9500 stream_id=37996 latency=0.553886 ms (tx_ts=156676164254227, rx_ts=156676164808113) request_id=588830 zil_blk_id=96738 ccf_commit_seqno=588830 nstreams_done_=9500 config.nstreams=20000 avg_latency=0.6999 ms avg throuhgput (requests/sec) = 87.7357 res=false
*==== INFO ====* req_id_count= 10000 stream_id=39996 latency=0.603609 ms (tx_ts=156681850982074, rx_ts=156681851585683) request_id=619969 zil_blk_id=102062 ccf_commit_seqno=619969 nstreams_done_=10000 config.nstreams=20000 avg_latency=0.6992 ms avg throuhgput (requests/sec) = 87.7450 res=false
*==== INFO ====* req_id_count= 10500 stream_id=41996 latency=0.752146 ms (tx_ts=156687574410410, rx_ts=156687575162556) request_id=651049 zil_blk_id=107423 ccf_commit_seqno=651049 nstreams_done_=10500 config.nstreams=20000 avg_latency=0.7013 ms avg throuhgput (requests/sec) = 87.7265 res=false
*==== INFO ====* req_id_count= 11000 stream_id=43996 latency=0.775311 ms (tx_ts=156693279860197, rx_ts=156693280635508) request_id=682348 zil_blk_id=112773 ccf_commit_seqno=682348 nstreams_done_=11000 config.nstreams=20000 avg_latency=0.7020 ms avg throuhgput (requests/sec) = 87.7224 res=false
*==== INFO ====* req_id_count= 11500 stream_id=45996 latency=0.842777 ms (tx_ts=156698973246255, rx_ts=156698974089032) request_id=713586 zil_blk_id=118108 ccf_commit_seqno=713587 nstreams_done_=11500 config.nstreams=20000 avg_latency=0.7029 ms avg throuhgput (requests/sec) = 87.7266 res=false
*==== INFO ====* req_id_count= 12000 stream_id=47996 latency=0.812451 ms (tx_ts=156704665873074, rx_ts=156704666685525) request_id=744787 zil_blk_id=123448 ccf_commit_seqno=744788 nstreams_done_=12000 config.nstreams=20000 avg_latency=0.7026 ms avg throuhgput (requests/sec) = 87.7311 res=false
*==== INFO ====* req_id_count= 12500 stream_id=49996 latency=0.611934 ms (tx_ts=156710355148595, rx_ts=156710355760529) request_id=775985 zil_blk_id=128784 ccf_commit_seqno=775985 nstreams_done_=12500 config.nstreams=20000 avg_latency=0.7022 ms avg throuhgput (requests/sec) = 87.7373 res=false
*==== INFO ====* req_id_count= 13000 stream_id=51996 latency=0.682256 ms (tx_ts=156716057647787, rx_ts=156716058330043) request_id=807276 zil_blk_id=134126 ccf_commit_seqno=807279 nstreams_done_=13000 config.nstreams=20000 avg_latency=0.7025 ms avg throuhgput (requests/sec) = 87.7351 res=false
*==== INFO ====* req_id_count= 13500 stream_id=53996 latency=0.754751 ms (tx_ts=156721757892765, rx_ts=156721758647516) request_id=838563 zil_blk_id=139472 ccf_commit_seqno=838565 nstreams_done_=13500 config.nstreams=20000 avg_latency=0.7018 ms avg throuhgput (requests/sec) = 87.7343 res=false
*==== INFO ====* req_id_count= 14000 stream_id=55996 latency=0.823360 ms (tx_ts=156727451618945, rx_ts=156727452442305) request_id=869795 zil_blk_id=144818 ccf_commit_seqno=869797 nstreams_done_=14000 config.nstreams=20000 avg_latency=0.7019 ms avg throuhgput (requests/sec) = 87.7372 res=false
*==== INFO ====* req_id_count= 14500 stream_id=57996 latency=0.619900 ms (tx_ts=156733139538385, rx_ts=156733140158285) request_id=901034 zil_blk_id=150139 ccf_commit_seqno=901036 nstreams_done_=14500 config.nstreams=20000 avg_latency=0.7017 ms avg throuhgput (requests/sec) = 87.7431 res=false
*==== INFO ====* req_id_count= 15000 stream_id=59996 latency=0.728302 ms (tx_ts=156738840610662, rx_ts=156738841338964) request_id=932321 zil_blk_id=155458 ccf_commit_seqno=932323 nstreams_done_=15000 config.nstreams=20000 avg_latency=0.7015 ms avg throuhgput (requests/sec) = 87.7417 res=false
*==== INFO ====* req_id_count= 15500 stream_id=61996 latency=0.664944 ms (tx_ts=156744533324628, rx_ts=156744533989572) request_id=963567 zil_blk_id=160762 ccf_commit_seqno=963568 nstreams_done_=15500 config.nstreams=20000 avg_latency=0.7014 ms avg throuhgput (requests/sec) = 87.7446 res=false
*==== INFO ====* req_id_count= 16000 stream_id=63996 latency=0.797822 ms (tx_ts=156750243713126, rx_ts=156750244510948) request_id=994922 zil_blk_id=166092 ccf_commit_seqno=994923 nstreams_done_=16000 config.nstreams=20000 avg_latency=0.7017 ms avg throuhgput (requests/sec) = 87.7388 res=false
*==== INFO ====* req_id_count= 16500 stream_id=65996 latency=0.719616 ms (tx_ts=156755936938810, rx_ts=156755937658426) request_id=1026187 zil_blk_id=171408 ccf_commit_seqno=1026189 nstreams_done_=16500 config.nstreams=20000 avg_latency=0.7012 ms avg throuhgput (requests/sec) = 87.7414 res=false
*==== INFO ====* req_id_count= 17000 stream_id=67996 latency=0.583131 ms (tx_ts=156761651956845, rx_ts=156761652539976) request_id=1057430 zil_blk_id=176738 ccf_commit_seqno=1057430 nstreams_done_=17000 config.nstreams=20000 avg_latency=0.7023 ms avg throuhgput (requests/sec) = 87.7340 res=false
*==== INFO ====* req_id_count= 17500 stream_id=69996 latency=0.771323 ms (tx_ts=156767341857982, rx_ts=156767342629305) request_id=1088658 zil_blk_id=182041 ccf_commit_seqno=1088661 nstreams_done_=17500 config.nstreams=20000 avg_latency=0.7022 ms avg throuhgput (requests/sec) = 87.7380 res=false
*==== INFO ====* req_id_count= 18000 stream_id=71996 latency=0.692725 ms (tx_ts=156773040289446, rx_ts=156773040982171) request_id=1119975 zil_blk_id=187346 ccf_commit_seqno=1119978 nstreams_done_=18000 config.nstreams=20000 avg_latency=0.7024 ms avg throuhgput (requests/sec) = 87.7381 res=false
*==== INFO ====* req_id_count= 18500 stream_id=73996 latency=0.952802 ms (tx_ts=156778723639061, rx_ts=156778724591863) request_id=1151204 zil_blk_id=192653 ccf_commit_seqno=1151205 nstreams_done_=18500 config.nstreams=20000 avg_latency=0.7020 ms avg throuhgput (requests/sec) = 87.7444 res=false
*==== INFO ====* req_id_count= 19000 stream_id=75996 latency=0.701271 ms (tx_ts=156784428520538, rx_ts=156784429221809) request_id=1182516 zil_blk_id=197974 ccf_commit_seqno=1182516 nstreams_done_=19000 config.nstreams=20000 avg_latency=0.7014 ms avg throuhgput (requests/sec) = 87.7419 res=false
*==== INFO ====* req_id_count= 19500 stream_id=77996 latency=0.747248 ms (tx_ts=156790116835907, rx_ts=156790117583155) request_id=1213771 zil_blk_id=203282 ccf_commit_seqno=1213771 nstreams_done_=19500 config.nstreams=20000 avg_latency=0.7010 ms avg throuhgput (requests/sec) = 87.7459 res=false
*==== INFO ====* http_end_stream ALL streams done! nstreams_done_=20000 avg_latency=0.7009 msreq_id_count= 20000
*==== INFO ====* req_id_count= 20000 stream_id=79996 latency=0.559086 ms (tx_ts=156795813346321, rx_ts=156795813905407) request_id=1245072 zil_blk_id=208599 ccf_commit_seqno=1245073 nstreams_done_=20000 config.nstreams=20000 avg_latency=0.7009 ms avg throuhgput (requests/sec) = 87.7467 res=true
