Uniform: 424822 837378 36497 586913 59433 
Exponential: -2147483648 -2147483648 -2147483648 -2147483648 -2147483648 
Truncated Normal: 346693 333967 711568 817869 681324 
*==== INFO ====* req_id_count= 500 stream_id=1996 latency=1.132439 ms (tx_ts=156574032791980, rx_ts=156574033924419) request_id=32529 zil_blk_id=1996 ccf_commit_seqno=32532 nstreams_done_=500 config.nstreams=20000 avg_latency=1.0789 ms avg throuhgput (requests/sec) = 81.6687 res=false
*==== INFO ====* req_id_count= 1000 stream_id=3996 latency=0.796690 ms (tx_ts=156580152168989, rx_ts=156580152965679) request_id=65595 zil_blk_id=3996 ccf_commit_seqno=65595 nstreams_done_=1000 config.nstreams=20000 avg_latency=1.0717 ms avg throuhgput (requests/sec) = 81.6904 res=false
*==== INFO ====* req_id_count= 1500 stream_id=5996 latency=1.106530 ms (tx_ts=156586270667891, rx_ts=156586271774421) request_id=98784 zil_blk_id=5996 ccf_commit_seqno=98784 nstreams_done_=1500 config.nstreams=20000 avg_latency=1.0690 ms avg throuhgput (requests/sec) = 81.6987 res=false
*==== INFO ====* req_id_count= 2000 stream_id=7996 latency=0.816988 ms (tx_ts=156592386237743, rx_ts=156592387054731) request_id=132016 zil_blk_id=7996 ccf_commit_seqno=132016 nstreams_done_=2000 config.nstreams=20000 avg_latency=1.0642 ms avg throuhgput (requests/sec) = 81.7146 res=false
*==== INFO ====* req_id_count= 2500 stream_id=9996 latency=0.872683 ms (tx_ts=156598472870779, rx_ts=156598473743462) request_id=165023 zil_blk_id=9996 ccf_commit_seqno=165023 nstreams_done_=2500 config.nstreams=20000 avg_latency=1.0577 ms avg throuhgput (requests/sec) = 81.8006 res=false
*==== INFO ====* req_id_count= 3000 stream_id=11996 latency=0.894213 ms (tx_ts=156604384953446, rx_ts=156604385847659) request_id=197158 zil_blk_id=11996 ccf_commit_seqno=197158 nstreams_done_=3000 config.nstreams=20000 avg_latency=1.0531 ms avg throuhgput (requests/sec) = 82.2499 res=false
*==== INFO ====* req_id_count= 3500 stream_id=13996 latency=0.840541 ms (tx_ts=156610291272469, rx_ts=156610292113010) request_id=229297 zil_blk_id=13996 ccf_commit_seqno=229297 nstreams_done_=3500 config.nstreams=20000 avg_latency=1.0504 ms avg throuhgput (requests/sec) = 82.5852 res=false
*==== INFO ====* req_id_count= 4000 stream_id=15996 latency=1.045850 ms (tx_ts=156616191529227, rx_ts=156616192575077) request_id=261470 zil_blk_id=15996 ccf_commit_seqno=261470 nstreams_done_=4000 config.nstreams=20000 avg_latency=1.0472 ms avg throuhgput (requests/sec) = 82.8484 res=false
*==== INFO ====* req_id_count= 4500 stream_id=17996 latency=1.011182 ms (tx_ts=156622114397125, rx_ts=156622115408307) request_id=293648 zil_blk_id=17996 ccf_commit_seqno=293650 nstreams_done_=4500 config.nstreams=20000 avg_latency=1.0490 ms avg throuhgput (requests/sec) = 83.0200 res=false
*==== INFO ====* req_id_count= 5000 stream_id=19996 latency=0.966739 ms (tx_ts=156628030781809, rx_ts=156628031748548) request_id=325850 zil_blk_id=19996 ccf_commit_seqno=325851 nstreams_done_=5000 config.nstreams=20000 avg_latency=1.0485 ms avg throuhgput (requests/sec) = 83.1668 res=false
*==== INFO ====* req_id_count= 5500 stream_id=21996 latency=0.955103 ms (tx_ts=156633925495015, rx_ts=156633926450118) request_id=357940 zil_blk_id=21996 ccf_commit_seqno=357941 nstreams_done_=5500 config.nstreams=20000 avg_latency=1.0460 ms avg throuhgput (requests/sec) = 83.3146 res=false
*==== INFO ====* req_id_count= 6000 stream_id=23996 latency=0.764757 ms (tx_ts=156639804839011, rx_ts=156639805603768) request_id=390086 zil_blk_id=23996 ccf_commit_seqno=390086 nstreams_done_=6000 config.nstreams=20000 avg_latency=1.0420 ms avg throuhgput (requests/sec) = 83.4562 res=false
*==== INFO ====* req_id_count= 6500 stream_id=25996 latency=1.014407 ms (tx_ts=156645691411613, rx_ts=156645692426020) request_id=422252 zil_blk_id=25996 ccf_commit_seqno=422253 nstreams_done_=6500 config.nstreams=20000 avg_latency=1.0405 ms avg throuhgput (requests/sec) = 83.5682 res=false
*==== INFO ====* req_id_count= 7000 stream_id=27996 latency=0.921012 ms (tx_ts=156651609158952, rx_ts=156651610079964) request_id=454624 zil_blk_id=27996 ccf_commit_seqno=454625 nstreams_done_=7000 config.nstreams=20000 avg_latency=1.0394 ms avg throuhgput (requests/sec) = 83.6336 res=false
*==== INFO ====* req_id_count= 7500 stream_id=29996 latency=0.835914 ms (tx_ts=156657503972232, rx_ts=156657504808146) request_id=486836 zil_blk_id=29996 ccf_commit_seqno=486836 nstreams_done_=7500 config.nstreams=20000 avg_latency=1.0394 ms avg throuhgput (requests/sec) = 83.7117 res=false
*==== INFO ====* req_id_count= 8000 stream_id=31996 latency=0.793875 ms (tx_ts=156663391182609, rx_ts=156663391976484) request_id=518978 zil_blk_id=31996 ccf_commit_seqno=518978 nstreams_done_=8000 config.nstreams=20000 avg_latency=1.0382 ms avg throuhgput (requests/sec) = 83.7869 res=false
*==== INFO ====* req_id_count= 8500 stream_id=33996 latency=0.780590 ms (tx_ts=156669300928393, rx_ts=156669301708983) request_id=551266 zil_blk_id=33996 ccf_commit_seqno=551266 nstreams_done_=8500 config.nstreams=20000 avg_latency=1.0390 ms avg throuhgput (requests/sec) = 83.8346 res=false
*==== INFO ====* req_id_count= 9000 stream_id=35996 latency=1.046965 ms (tx_ts=156675210286096, rx_ts=156675211333061) request_id=583589 zil_blk_id=35996 ccf_commit_seqno=583591 nstreams_done_=9000 config.nstreams=20000 avg_latency=1.0391 ms avg throuhgput (requests/sec) = 83.8772 res=false
*==== INFO ====* req_id_count= 9500 stream_id=37996 latency=1.010751 ms (tx_ts=156681102634129, rx_ts=156681103644880) request_id=615869 zil_blk_id=37996 ccf_commit_seqno=615869 nstreams_done_=9500 config.nstreams=20000 avg_latency=1.0383 ms avg throuhgput (requests/sec) = 83.9282 res=false
*==== INFO ====* req_id_count= 10000 stream_id=39996 latency=1.082485 ms (tx_ts=156687056125155, rx_ts=156687057207640) request_id=648210 zil_blk_id=39996 ccf_commit_seqno=648212 nstreams_done_=10000 config.nstreams=20000 avg_latency=1.0424 ms avg throuhgput (requests/sec) = 83.9309 res=false
*==== INFO ====* req_id_count= 10500 stream_id=41996 latency=1.018295 ms (tx_ts=156692961013197, rx_ts=156692962031492) request_id=680596 zil_blk_id=41996 ccf_commit_seqno=680597 nstreams_done_=10500 config.nstreams=20000 avg_latency=1.0425 ms avg throuhgput (requests/sec) = 83.9661 res=false
*==== INFO ====* req_id_count= 11000 stream_id=43996 latency=1.099437 ms (tx_ts=156698858095302, rx_ts=156698859194739) request_id=712960 zil_blk_id=43996 ccf_commit_seqno=712963 nstreams_done_=11000 config.nstreams=20000 avg_latency=1.0417 ms avg throuhgput (requests/sec) = 84.0031 res=false
*==== INFO ====* req_id_count= 11500 stream_id=45996 latency=1.314929 ms (tx_ts=156704763172692, rx_ts=156704764487621) request_id=745330 zil_blk_id=45996 ccf_commit_seqno=745330 nstreams_done_=11500 config.nstreams=20000 avg_latency=1.0423 ms avg throuhgput (requests/sec) = 84.0319 res=false
*==== INFO ====* req_id_count= 12000 stream_id=47996 latency=0.814703 ms (tx_ts=156710668507885, rx_ts=156710669322588) request_id=777703 zil_blk_id=47996 ccf_commit_seqno=777703 nstreams_done_=12000 config.nstreams=20000 avg_latency=1.0428 ms avg throuhgput (requests/sec) = 84.0585 res=false
*==== INFO ====* req_id_count= 12500 stream_id=49996 latency=1.233456 ms (tx_ts=156716566026147, rx_ts=156716567259603) request_id=810070 zil_blk_id=49996 ccf_commit_seqno=810074 nstreams_done_=12500 config.nstreams=20000 avg_latency=1.0423 ms avg throuhgput (requests/sec) = 84.0870 res=false
*==== INFO ====* req_id_count= 13000 stream_id=51996 latency=0.779828 ms (tx_ts=156722456844755, rx_ts=156722457624583) request_id=842403 zil_blk_id=51996 ccf_commit_seqno=842403 nstreams_done_=13000 config.nstreams=20000 avg_latency=1.0423 ms avg throuhgput (requests/sec) = 84.1174 res=false
*==== INFO ====* req_id_count= 13500 stream_id=53996 latency=1.683038 ms (tx_ts=156728361161085, rx_ts=156728362844123) request_id=874782 zil_blk_id=53996 ccf_commit_seqno=874786 nstreams_done_=13500 config.nstreams=20000 avg_latency=1.0430 ms avg throuhgput (requests/sec) = 84.1377 res=false
*==== INFO ====* req_id_count= 14000 stream_id=55996 latency=0.909008 ms (tx_ts=156734239984342, rx_ts=156734240893350) request_id=907067 zil_blk_id=55996 ccf_commit_seqno=907068 nstreams_done_=14000 config.nstreams=20000 avg_latency=1.0421 ms avg throuhgput (requests/sec) = 84.1704 res=false
*==== INFO ====* req_id_count= 14500 stream_id=57996 latency=0.812750 ms (tx_ts=156740140617221, rx_ts=156740141429971) request_id=939459 zil_blk_id=57996 ccf_commit_seqno=939459 nstreams_done_=14500 config.nstreams=20000 avg_latency=1.0420 ms avg throuhgput (requests/sec) = 84.1898 res=false
*==== INFO ====* req_id_count= 15000 stream_id=59996 latency=1.252424 ms (tx_ts=156746018727975, rx_ts=156746019980399) request_id=971733 zil_blk_id=59996 ccf_commit_seqno=971737 nstreams_done_=15000 config.nstreams=20000 avg_latency=1.0411 ms avg throuhgput (requests/sec) = 84.2184 res=false
*==== INFO ====* req_id_count= 15500 stream_id=61996 latency=0.901336 ms (tx_ts=156751907426056, rx_ts=156751908327392) request_id=1004064 zil_blk_id=61996 ccf_commit_seqno=1004064 nstreams_done_=15500 config.nstreams=20000 avg_latency=1.0408 ms avg throuhgput (requests/sec) = 84.2406 res=false
*==== INFO ====* req_id_count= 16000 stream_id=63996 latency=1.058530 ms (tx_ts=156757800024594, rx_ts=156757801083124) request_id=1036407 zil_blk_id=63996 ccf_commit_seqno=1036409 nstreams_done_=16000 config.nstreams=20000 avg_latency=1.0403 ms avg throuhgput (requests/sec) = 84.2595 res=false
*==== INFO ====* req_id_count= 16500 stream_id=65996 latency=1.081382 ms (tx_ts=156763710891679, rx_ts=156763711973061) request_id=1068724 zil_blk_id=65996 ccf_commit_seqno=1068724 nstreams_done_=16500 config.nstreams=20000 avg_latency=1.0422 ms avg throuhgput (requests/sec) = 84.2695 res=false
*==== INFO ====* req_id_count= 17000 stream_id=67996 latency=1.027652 ms (tx_ts=156769592620452, rx_ts=156769593648104) request_id=1101005 zil_blk_id=67996 ccf_commit_seqno=1101005 nstreams_done_=17000 config.nstreams=20000 avg_latency=1.0415 ms avg throuhgput (requests/sec) = 84.2911 res=false
*==== INFO ====* req_id_count= 17500 stream_id=69996 latency=3.649977 ms (tx_ts=156775461642386, rx_ts=156775465292363) request_id=1133307 zil_blk_id=69996 ccf_commit_seqno=1133307 nstreams_done_=17500 config.nstreams=20000 avg_latency=1.0407 ms avg throuhgput (requests/sec) = 84.3155 res=false
*==== INFO ====* req_id_count= 18000 stream_id=71996 latency=0.885426 ms (tx_ts=156781356911159, rx_ts=156781357796585) request_id=1165667 zil_blk_id=71996 ccf_commit_seqno=1165667 nstreams_done_=18000 config.nstreams=20000 avg_latency=1.0405 ms avg throuhgput (requests/sec) = 84.3304 res=false
*==== INFO ====* req_id_count= 18500 stream_id=73996 latency=0.955968 ms (tx_ts=156787236776001, rx_ts=156787237731969) request_id=1197974 zil_blk_id=73996 ccf_commit_seqno=1197975 nstreams_done_=18500 config.nstreams=20000 avg_latency=1.0403 ms avg throuhgput (requests/sec) = 84.3493 res=false
*==== INFO ====* req_id_count= 19000 stream_id=75996 latency=1.165781 ms (tx_ts=156793117770990, rx_ts=156793118936771) request_id=1230272 zil_blk_id=75996 ccf_commit_seqno=1230272 nstreams_done_=19000 config.nstreams=20000 avg_latency=1.0397 ms avg throuhgput (requests/sec) = 84.3667 res=false
*==== INFO ====* req_id_count= 19500 stream_id=77996 latency=1.094458 ms (tx_ts=156798994121471, rx_ts=156798995215929) request_id=1260311 zil_blk_id=77996 ccf_commit_seqno=1260313 nstreams_done_=19500 config.nstreams=20000 avg_latency=1.0391 ms avg throuhgput (requests/sec) = 84.3850 res=false
*==== INFO ====* http_end_stream ALL streams done! nstreams_done_=20000 avg_latency=1.0378 msreq_id_count= 20000
*==== INFO ====* req_id_count= 20000 stream_id=79996 latency=0.838988 ms (tx_ts=156804912449910, rx_ts=156804913288898) request_id=1275766 zil_blk_id=79996 ccf_commit_seqno=1275766 nstreams_done_=20000 config.nstreams=20000 avg_latency=1.0378 ms avg throuhgput (requests/sec) = 84.3876 res=true
