Uniform: 829832 512181 949058 957305 548013 
Exponential: -2147483648 -2147483648 -2147483648 -2147483648 -2147483648 
Truncated Normal: 318605 974110 946218 520036 691728 
*==== INFO ====* req_id_count= 500 stream_id=1996 latency=0.877151 ms (tx_ts=156574020348011, rx_ts=156574021225162) request_id=32461 zil_blk_id=1996 ccf_commit_seqno=32461 nstreams_done_=500 config.nstreams=20000 avg_latency=1.1020 ms avg throuhgput (requests/sec) = 81.8685 res=false
*==== INFO ====* req_id_count= 1000 stream_id=3996 latency=0.872793 ms (tx_ts=156580137070831, rx_ts=156580137943624) request_id=65521 zil_blk_id=3996 ccf_commit_seqno=65521 nstreams_done_=1000 config.nstreams=20000 avg_latency=1.1031 ms avg throuhgput (requests/sec) = 81.8058 res=false
*==== INFO ====* req_id_count= 1500 stream_id=5996 latency=1.132719 ms (tx_ts=156586232242827, rx_ts=156586233375546) request_id=98576 zil_blk_id=5996 ccf_commit_seqno=98577 nstreams_done_=1500 config.nstreams=20000 avg_latency=1.0883 ms avg throuhgput (requests/sec) = 81.8799 res=false
*==== INFO ====* req_id_count= 2000 stream_id=7996 latency=1.005862 ms (tx_ts=156592334092904, rx_ts=156592335098766) request_id=131732 zil_blk_id=7996 ccf_commit_seqno=131733 nstreams_done_=2000 config.nstreams=20000 avg_latency=1.0840 ms avg throuhgput (requests/sec) = 81.8960 res=false
*==== INFO ====* req_id_count= 2500 stream_id=9996 latency=1.112602 ms (tx_ts=156598436512149, rx_ts=156598437624751) request_id=164822 zil_blk_id=9996 ccf_commit_seqno=164823 nstreams_done_=2500 config.nstreams=20000 avg_latency=1.0841 ms avg throuhgput (requests/sec) = 81.9034 res=false
*==== INFO ====* req_id_count= 3000 stream_id=11996 latency=0.869006 ms (tx_ts=156604540533715, rx_ts=156604541402721) request_id=197996 zil_blk_id=11996 ccf_commit_seqno=197996 nstreams_done_=3000 config.nstreams=20000 avg_latency=1.0802 ms avg throuhgput (requests/sec) = 81.9056 res=false
*==== INFO ====* req_id_count= 3500 stream_id=13996 latency=1.012042 ms (tx_ts=156610638087089, rx_ts=156610639099131) request_id=231184 zil_blk_id=13996 ccf_commit_seqno=231184 nstreams_done_=3500 config.nstreams=20000 avg_latency=1.0796 ms avg throuhgput (requests/sec) = 81.9188 res=false
*==== INFO ====* req_id_count= 4000 stream_id=15996 latency=1.205004 ms (tx_ts=156616725115704, rx_ts=156616726320708) request_id=264354 zil_blk_id=15996 ccf_commit_seqno=264357 nstreams_done_=4000 config.nstreams=20000 avg_latency=1.0811 ms avg throuhgput (requests/sec) = 81.9463 res=false
*==== INFO ====* req_id_count= 4500 stream_id=17996 latency=1.083096 ms (tx_ts=156622874414136, rx_ts=156622875497232) request_id=297766 zil_blk_id=17996 ccf_commit_seqno=297770 nstreams_done_=4500 config.nstreams=20000 avg_latency=1.0853 ms avg throuhgput (requests/sec) = 81.8753 res=false
*==== INFO ====* req_id_count= 5000 stream_id=19996 latency=1.068972 ms (tx_ts=156628978422729, rx_ts=156628979491701) request_id=331026 zil_blk_id=19996 ccf_commit_seqno=331028 nstreams_done_=5000 config.nstreams=20000 avg_latency=1.0854 ms avg throuhgput (requests/sec) = 81.8791 res=false
*==== INFO ====* req_id_count= 5500 stream_id=21996 latency=1.056576 ms (tx_ts=156635064909751, rx_ts=156635065966327) request_id=364151 zil_blk_id=21996 ccf_commit_seqno=364152 nstreams_done_=5500 config.nstreams=20000 avg_latency=1.0849 ms avg throuhgput (requests/sec) = 81.9036 res=false
*==== INFO ====* req_id_count= 6000 stream_id=23996 latency=1.082294 ms (tx_ts=156641128595742, rx_ts=156641129678036) request_id=397322 zil_blk_id=23996 ccf_commit_seqno=397324 nstreams_done_=6000 config.nstreams=20000 avg_latency=1.0786 ms avg throuhgput (requests/sec) = 81.9495 res=false
*==== INFO ====* req_id_count= 6500 stream_id=25996 latency=0.999448 ms (tx_ts=156647181688211, rx_ts=156647182687659) request_id=430410 zil_blk_id=25996 ccf_commit_seqno=430412 nstreams_done_=6500 config.nstreams=20000 avg_latency=1.0741 ms avg throuhgput (requests/sec) = 81.9995 res=false
*==== INFO ====* req_id_count= 7000 stream_id=27996 latency=0.889031 ms (tx_ts=156653116980673, rx_ts=156653117869704) request_id=462861 zil_blk_id=27996 ccf_commit_seqno=462862 nstreams_done_=7000 config.nstreams=20000 avg_latency=1.0702 ms avg throuhgput (requests/sec) = 82.1558 res=false
*==== INFO ====* req_id_count= 7500 stream_id=29996 latency=1.042279 ms (tx_ts=156659130267225, rx_ts=156659131309504) request_id=495728 zil_blk_id=29996 ccf_commit_seqno=495729 nstreams_done_=7500 config.nstreams=20000 avg_latency=1.0695 ms avg throuhgput (requests/sec) = 82.2211 res=false
*==== INFO ====* req_id_count= 8000 stream_id=31996 latency=0.824222 ms (tx_ts=156665187475293, rx_ts=156665188299515) request_id=528727 zil_blk_id=31996 ccf_commit_seqno=528727 nstreams_done_=8000 config.nstreams=20000 avg_latency=1.0692 ms avg throuhgput (requests/sec) = 82.2416 res=false
*==== INFO ====* req_id_count= 8500 stream_id=33996 latency=0.936832 ms (tx_ts=156671157967212, rx_ts=156671158904044) request_id=561412 zil_blk_id=33996 ccf_commit_seqno=561413 nstreams_done_=8500 config.nstreams=20000 avg_latency=1.0665 ms avg throuhgput (requests/sec) = 82.3284 res=false
*==== INFO ====* req_id_count= 9000 stream_id=35996 latency=1.121084 ms (tx_ts=156677154119717, rx_ts=156677155240801) request_id=594243 zil_blk_id=35996 ccf_commit_seqno=594243 nstreams_done_=9000 config.nstreams=20000 avg_latency=1.0647 ms avg throuhgput (requests/sec) = 82.3864 res=false
*==== INFO ====* req_id_count= 9500 stream_id=37996 latency=1.254143 ms (tx_ts=156683206491842, rx_ts=156683207745985) request_id=627137 zil_blk_id=37996 ccf_commit_seqno=627140 nstreams_done_=9500 config.nstreams=20000 avg_latency=1.0656 ms avg throuhgput (requests/sec) = 82.3981 res=false
*==== INFO ====* req_id_count= 10000 stream_id=39996 latency=0.798483 ms (tx_ts=156689178841010, rx_ts=156689179639493) request_id=659833 zil_blk_id=39996 ccf_commit_seqno=659833 nstreams_done_=10000 config.nstreams=20000 avg_latency=1.0652 ms avg throuhgput (requests/sec) = 82.4635 res=false
*==== INFO ====* req_id_count= 10500 stream_id=41996 latency=1.092213 ms (tx_ts=156695117847370, rx_ts=156695118939583) request_id=692423 zil_blk_id=41996 ccf_commit_seqno=692425 nstreams_done_=10500 config.nstreams=20000 avg_latency=1.0641 ms avg throuhgput (requests/sec) = 82.5439 res=false
*==== INFO ====* req_id_count= 11000 stream_id=43996 latency=1.000483 ms (tx_ts=156701106036644, rx_ts=156701107037127) request_id=725256 zil_blk_id=43996 ccf_commit_seqno=725257 nstreams_done_=11000 config.nstreams=20000 avg_latency=1.0628 ms avg throuhgput (requests/sec) = 82.5868 res=false
*==== INFO ====* req_id_count= 11500 stream_id=45996 latency=0.953363 ms (tx_ts=156707066540401, rx_ts=156707067493764) request_id=757920 zil_blk_id=45996 ccf_commit_seqno=757920 nstreams_done_=11500 config.nstreams=20000 avg_latency=1.0617 ms avg throuhgput (requests/sec) = 82.6425 res=false
*==== INFO ====* req_id_count= 12000 stream_id=47996 latency=0.944566 ms (tx_ts=156713029846701, rx_ts=156713030791267) request_id=790664 zil_blk_id=47996 ccf_commit_seqno=790666 nstreams_done_=12000 config.nstreams=20000 avg_latency=1.0599 ms avg throuhgput (requests/sec) = 82.6919 res=false
*==== INFO ====* req_id_count= 12500 stream_id=49996 latency=0.999178 ms (tx_ts=156719026254809, rx_ts=156719027253987) request_id=823573 zil_blk_id=49996 ccf_commit_seqno=823574 nstreams_done_=12500 config.nstreams=20000 avg_latency=1.0595 ms avg throuhgput (requests/sec) = 82.7193 res=false
*==== INFO ====* req_id_count= 13000 stream_id=51996 latency=1.001283 ms (tx_ts=156725029447818, rx_ts=156725030449101) request_id=856503 zil_blk_id=51996 ccf_commit_seqno=856506 nstreams_done_=13000 config.nstreams=20000 avg_latency=1.0595 ms avg throuhgput (requests/sec) = 82.7411 res=false
*==== INFO ====* req_id_count= 13500 stream_id=53996 latency=0.840001 ms (tx_ts=156731005958736, rx_ts=156731006798737) request_id=889313 zil_blk_id=53996 ccf_commit_seqno=889314 nstreams_done_=13500 config.nstreams=20000 avg_latency=1.0582 ms avg throuhgput (requests/sec) = 82.7749 res=false
*==== INFO ====* req_id_count= 14000 stream_id=55996 latency=0.968351 ms (tx_ts=156736985491829, rx_ts=156736986460180) request_id=922139 zil_blk_id=55996 ccf_commit_seqno=922140 nstreams_done_=14000 config.nstreams=20000 avg_latency=1.0570 ms avg throuhgput (requests/sec) = 82.8047 res=false
*==== INFO ====* req_id_count= 14500 stream_id=57996 latency=1.045246 ms (tx_ts=156742965633436, rx_ts=156742966678682) request_id=954987 zil_blk_id=57996 ccf_commit_seqno=954989 nstreams_done_=14500 config.nstreams=20000 avg_latency=1.0563 ms avg throuhgput (requests/sec) = 82.8321 res=false
*==== INFO ====* req_id_count= 15000 stream_id=59996 latency=0.992015 ms (tx_ts=156748985778256, rx_ts=156748986770271) request_id=988022 zil_blk_id=59996 ccf_commit_seqno=988022 nstreams_done_=15000 config.nstreams=20000 avg_latency=1.0562 ms avg throuhgput (requests/sec) = 82.8396 res=false
*==== INFO ====* req_id_count= 15500 stream_id=61996 latency=0.963988 ms (tx_ts=156754972435025, rx_ts=156754973399013) request_id=1020893 zil_blk_id=61996 ccf_commit_seqno=1020893 nstreams_done_=15500 config.nstreams=20000 avg_latency=1.0563 ms avg throuhgput (requests/sec) = 82.8613 res=false
*==== INFO ====* req_id_count= 16000 stream_id=63996 latency=0.983069 ms (tx_ts=156760962093540, rx_ts=156760963076609) request_id=1053646 zil_blk_id=63996 ccf_commit_seqno=1053648 nstreams_done_=16000 config.nstreams=20000 avg_latency=1.0566 ms avg throuhgput (requests/sec) = 82.8804 res=false
*==== INFO ====* req_id_count= 16500 stream_id=65996 latency=1.014747 ms (tx_ts=156766959482190, rx_ts=156766960496937) request_id=1086560 zil_blk_id=65996 ccf_commit_seqno=1086561 nstreams_done_=16500 config.nstreams=20000 avg_latency=1.0556 ms avg throuhgput (requests/sec) = 82.8952 res=false
*==== INFO ====* req_id_count= 17000 stream_id=67996 latency=0.942683 ms (tx_ts=156772929467030, rx_ts=156772930409713) request_id=1119372 zil_blk_id=67996 ccf_commit_seqno=1119373 nstreams_done_=17000 config.nstreams=20000 avg_latency=1.0549 ms avg throuhgput (requests/sec) = 82.9201 res=false
*==== INFO ====* req_id_count= 17500 stream_id=69996 latency=1.250780 ms (tx_ts=156778913482470, rx_ts=156778914733250) request_id=1152252 zil_blk_id=69996 ccf_commit_seqno=1152255 nstreams_done_=17500 config.nstreams=20000 avg_latency=1.0539 ms avg throuhgput (requests/sec) = 82.9381 res=false
*==== INFO ====* req_id_count= 18000 stream_id=71996 latency=0.766784 ms (tx_ts=156784907515532, rx_ts=156784908282316) request_id=1185153 zil_blk_id=71996 ccf_commit_seqno=1185153 nstreams_done_=18000 config.nstreams=20000 avg_latency=1.0540 ms avg throuhgput (requests/sec) = 82.9514 res=false
*==== INFO ====* req_id_count= 18500 stream_id=73996 latency=1.121869 ms (tx_ts=156790918746558, rx_ts=156790919868427) request_id=1218165 zil_blk_id=73996 ccf_commit_seqno=1218168 nstreams_done_=18500 config.nstreams=20000 avg_latency=1.0539 ms avg throuhgput (requests/sec) = 82.9574 res=false
*==== INFO ====* req_id_count= 19000 stream_id=75996 latency=0.992266 ms (tx_ts=156796899811947, rx_ts=156796900804213) request_id=1250732 zil_blk_id=75996 ccf_commit_seqno=1250732 nstreams_done_=19000 config.nstreams=20000 avg_latency=1.0535 ms avg throuhgput (requests/sec) = 82.9742 res=false
*==== INFO ====* req_id_count= 19500 stream_id=77996 latency=0.863135 ms (tx_ts=156802870879573, rx_ts=156802871742708) request_id=1272302 zil_blk_id=77996 ccf_commit_seqno=1272302 nstreams_done_=19500 config.nstreams=20000 avg_latency=1.0517 ms avg throuhgput (requests/sec) = 82.9936 res=false
*==== INFO ====* http_end_stream ALL streams done! nstreams_done_=20000 avg_latency=1.0486 msreq_id_count= 20000
*==== INFO ====* req_id_count= 20000 stream_id=79996 latency=0.867561 ms (tx_ts=156808882865364, rx_ts=156808883732925) request_id=1279438 zil_blk_id=79996 ccf_commit_seqno=1279438 nstreams_done_=20000 config.nstreams=20000 avg_latency=1.0486 ms avg throuhgput (requests/sec) = 82.9979 res=true
