Uniform: 980587 106793 921377 877516 767142 
Exponential: -2147483648 -2147483648 -2147483648 -2147483648 -2147483648 
Truncated Normal: 234535 455402 421847 457751 669444 
*==== INFO ====* req_id_count= 500 stream_id=1996 latency=1.063880 ms (tx_ts=156573929598440, rx_ts=156573930662320) request_id=31984 zil_blk_id=1996 ccf_commit_seqno=31984 nstreams_done_=500 config.nstreams=20000 avg_latency=1.0266 ms avg throuhgput (requests/sec) = 83.0597 res=false
*==== INFO ====* req_id_count= 1000 stream_id=3996 latency=1.163226 ms (tx_ts=156579978097665, rx_ts=156579979260891) request_id=64662 zil_blk_id=3996 ccf_commit_seqno=64665 nstreams_done_=1000 config.nstreams=20000 avg_latency=1.0191 ms avg throuhgput (requests/sec) = 82.8613 res=false
*==== INFO ====* req_id_count= 1500 stream_id=5996 latency=1.134052 ms (tx_ts=156586009893203, rx_ts=156586011027255) request_id=97374 zil_blk_id=5996 ccf_commit_seqno=97374 nstreams_done_=1500 config.nstreams=20000 avg_latency=1.0027 ms avg throuhgput (requests/sec) = 82.8723 res=false
*==== INFO ====* req_id_count= 2000 stream_id=7996 latency=0.903250 ms (tx_ts=156591976494922, rx_ts=156591977398172) request_id=129797 zil_blk_id=7996 ccf_commit_seqno=129797 nstreams_done_=2000 config.nstreams=20000 avg_latency=1.0065 ms avg throuhgput (requests/sec) = 83.1031 res=false
*==== INFO ====* req_id_count= 2500 stream_id=9996 latency=0.784397 ms (tx_ts=156598012111793, rx_ts=156598012896190) request_id=162535 zil_blk_id=9996 ccf_commit_seqno=162535 nstreams_done_=2500 config.nstreams=20000 avg_latency=0.9979 ms avg throuhgput (requests/sec) = 83.0510 res=false
*==== INFO ====* req_id_count= 3000 stream_id=11996 latency=1.232886 ms (tx_ts=156604076603681, rx_ts=156604077836567) request_id=195489 zil_blk_id=11996 ccf_commit_seqno=195491 nstreams_done_=3000 config.nstreams=20000 avg_latency=1.0024 ms avg throuhgput (requests/sec) = 82.9487 res=false
*==== INFO ====* req_id_count= 3500 stream_id=13996 latency=1.169016 ms (tx_ts=156610105014024, rx_ts=156610106183040) request_id=228286 zil_blk_id=13996 ccf_commit_seqno=228287 nstreams_done_=3500 config.nstreams=20000 avg_latency=1.0020 ms avg throuhgput (requests/sec) = 82.9476 res=false
*==== INFO ====* req_id_count= 4000 stream_id=15996 latency=1.127880 ms (tx_ts=156616109562070, rx_ts=156616110689950) request_id=261021 zil_blk_id=15996 ccf_commit_seqno=261022 nstreams_done_=4000 config.nstreams=20000 avg_latency=1.0041 ms avg throuhgput (requests/sec) = 82.9879 res=false
*==== INFO ====* req_id_count= 4500 stream_id=17996 latency=0.920081 ms (tx_ts=156622101240346, rx_ts=156622102160427) request_id=293572 zil_blk_id=17996 ccf_commit_seqno=293573 nstreams_done_=4500 config.nstreams=20000 avg_latency=1.0022 ms avg throuhgput (requests/sec) = 83.0392 res=false
*==== INFO ====* req_id_count= 5000 stream_id=19996 latency=0.989201 ms (tx_ts=156628114408996, rx_ts=156628115398197) request_id=326315 zil_blk_id=19996 ccf_commit_seqno=326317 nstreams_done_=5000 config.nstreams=20000 avg_latency=1.0028 ms avg throuhgput (requests/sec) = 83.0503 res=false
*==== INFO ====* req_id_count= 5500 stream_id=21996 latency=0.884364 ms (tx_ts=156634091688780, rx_ts=156634092573144) request_id=358848 zil_blk_id=21996 ccf_commit_seqno=358849 nstreams_done_=5500 config.nstreams=20000 avg_latency=1.0005 ms avg throuhgput (requests/sec) = 83.1046 res=false
*==== INFO ====* req_id_count= 6000 stream_id=23996 latency=1.036940 ms (tx_ts=156640060721411, rx_ts=156640061758351) request_id=391477 zil_blk_id=23996 ccf_commit_seqno=391478 nstreams_done_=6000 config.nstreams=20000 avg_latency=0.9995 ms avg throuhgput (requests/sec) = 83.1591 res=false
*==== INFO ====* req_id_count= 6500 stream_id=25996 latency=0.905163 ms (tx_ts=156646042560327, rx_ts=156646043465490) request_id=424172 zil_blk_id=25996 ccf_commit_seqno=424172 nstreams_done_=6500 config.nstreams=20000 avg_latency=0.9985 ms avg throuhgput (requests/sec) = 83.1919 res=false
*==== INFO ====* req_id_count= 7000 stream_id=27996 latency=1.134532 ms (tx_ts=156652003170933, rx_ts=156652004305465) request_id=456780 zil_blk_id=27996 ccf_commit_seqno=456782 nstreams_done_=7000 config.nstreams=20000 avg_latency=0.9985 ms avg throuhgput (requests/sec) = 83.2408 res=false
*==== INFO ====* req_id_count= 7500 stream_id=29996 latency=0.928977 ms (tx_ts=156657969193414, rx_ts=156657970122391) request_id=489380 zil_blk_id=29996 ccf_commit_seqno=489382 nstreams_done_=7500 config.nstreams=20000 avg_latency=0.9974 ms avg throuhgput (requests/sec) = 83.2785 res=false
*==== INFO ====* req_id_count= 8000 stream_id=31996 latency=0.965064 ms (tx_ts=156663950124652, rx_ts=156663951089716) request_id=522027 zil_blk_id=31996 ccf_commit_seqno=522029 nstreams_done_=8000 config.nstreams=20000 avg_latency=0.9987 ms avg throuhgput (requests/sec) = 83.2985 res=false
*==== INFO ====* req_id_count= 8500 stream_id=33996 latency=0.854378 ms (tx_ts=156669894775019, rx_ts=156669895629397) request_id=554524 zil_blk_id=33996 ccf_commit_seqno=554524 nstreams_done_=8500 config.nstreams=20000 avg_latency=0.9980 ms avg throuhgput (requests/sec) = 83.3458 res=false
*==== INFO ====* req_id_count= 9000 stream_id=35996 latency=0.803843 ms (tx_ts=156675878053052, rx_ts=156675878856895) request_id=587256 zil_blk_id=35996 ccf_commit_seqno=587257 nstreams_done_=9000 config.nstreams=20000 avg_latency=0.9974 ms avg throuhgput (requests/sec) = 83.3581 res=false
*==== INFO ====* req_id_count= 9500 stream_id=37996 latency=0.769690 ms (tx_ts=156681859289847, rx_ts=156681860059537) request_id=620012 zil_blk_id=37996 ccf_commit_seqno=620012 nstreams_done_=9500 config.nstreams=20000 avg_latency=0.9969 ms avg throuhgput (requests/sec) = 83.3705 res=false
*==== INFO ====* req_id_count= 10000 stream_id=39996 latency=1.098545 ms (tx_ts=156687869163136, rx_ts=156687870261681) request_id=652663 zil_blk_id=39996 ccf_commit_seqno=652664 nstreams_done_=10000 config.nstreams=20000 avg_latency=0.9997 ms avg throuhgput (requests/sec) = 83.3616 res=false
*==== INFO ====* req_id_count= 10500 stream_id=41996 latency=0.767606 ms (tx_ts=156693826193078, rx_ts=156693826960684) request_id=685340 zil_blk_id=41996 ccf_commit_seqno=685340 nstreams_done_=10500 config.nstreams=20000 avg_latency=0.9996 ms avg throuhgput (requests/sec) = 83.3889 res=false
*==== INFO ====* req_id_count= 11000 stream_id=43996 latency=1.134512 ms (tx_ts=156699812316121, rx_ts=156699813450633) request_id=718171 zil_blk_id=43996 ccf_commit_seqno=718176 nstreams_done_=11000 config.nstreams=20000 avg_latency=0.9993 ms avg throuhgput (requests/sec) = 83.3949 res=false
*==== INFO ====* req_id_count= 11500 stream_id=45996 latency=0.826325 ms (tx_ts=156705794203640, rx_ts=156705795029965) request_id=750967 zil_blk_id=45996 ccf_commit_seqno=750969 nstreams_done_=11500 config.nstreams=20000 avg_latency=0.9986 ms avg throuhgput (requests/sec) = 83.4034 res=false
*==== INFO ====* req_id_count= 12000 stream_id=47996 latency=1.035195 ms (tx_ts=156711770180747, rx_ts=156711771215942) request_id=783753 zil_blk_id=47996 ccf_commit_seqno=783753 nstreams_done_=12000 config.nstreams=20000 avg_latency=0.9973 ms avg throuhgput (requests/sec) = 83.4142 res=false
*==== INFO ====* req_id_count= 12500 stream_id=49996 latency=1.028624 ms (tx_ts=156717750590188, rx_ts=156717751618812) request_id=816572 zil_blk_id=49996 ccf_commit_seqno=816574 nstreams_done_=12500 config.nstreams=20000 avg_latency=0.9964 ms avg throuhgput (requests/sec) = 83.4219 res=false
*==== INFO ====* req_id_count= 13000 stream_id=51996 latency=0.873633 ms (tx_ts=156723715703585, rx_ts=156723716577218) request_id=849320 zil_blk_id=51996 ccf_commit_seqno=849321 nstreams_done_=13000 config.nstreams=20000 avg_latency=0.9962 ms avg throuhgput (requests/sec) = 83.4373 res=false
*==== INFO ====* req_id_count= 13500 stream_id=53996 latency=0.970926 ms (tx_ts=156729683651453, rx_ts=156729684622379) request_id=882049 zil_blk_id=53996 ccf_commit_seqno=882051 nstreams_done_=13500 config.nstreams=20000 avg_latency=0.9964 ms avg throuhgput (requests/sec) = 83.4499 res=false
*==== INFO ====* req_id_count= 14000 stream_id=55996 latency=1.161585 ms (tx_ts=156735641379625, rx_ts=156735642541210) request_id=914762 zil_blk_id=55996 ccf_commit_seqno=914762 nstreams_done_=14000 config.nstreams=20000 avg_latency=0.9956 ms avg throuhgput (requests/sec) = 83.4667 res=false
*==== INFO ====* req_id_count= 14500 stream_id=57996 latency=0.801129 ms (tx_ts=156741613125010, rx_ts=156741613926139) request_id=947561 zil_blk_id=57996 ccf_commit_seqno=947561 nstreams_done_=14500 config.nstreams=20000 avg_latency=0.9953 ms avg throuhgput (requests/sec) = 83.4758 res=false
*==== INFO ====* req_id_count= 15000 stream_id=59996 latency=1.225702 ms (tx_ts=156747567841266, rx_ts=156747569066968) request_id=980245 zil_blk_id=59996 ccf_commit_seqno=980246 nstreams_done_=15000 config.nstreams=20000 avg_latency=0.9946 ms avg throuhgput (requests/sec) = 83.4919 res=false
*==== INFO ====* req_id_count= 15500 stream_id=61996 latency=0.886438 ms (tx_ts=156753538219462, rx_ts=156753539105900) request_id=1013009 zil_blk_id=61996 ccf_commit_seqno=1013010 nstreams_done_=15500 config.nstreams=20000 avg_latency=0.9943 ms avg throuhgput (requests/sec) = 83.5002 res=false
*==== INFO ====* req_id_count= 16000 stream_id=63996 latency=1.063339 ms (tx_ts=156759509421449, rx_ts=156759510484788) request_id=1045800 zil_blk_id=63996 ccf_commit_seqno=1045805 nstreams_done_=16000 config.nstreams=20000 avg_latency=0.9945 ms avg throuhgput (requests/sec) = 83.5075 res=false
*==== INFO ====* req_id_count= 16500 stream_id=65996 latency=0.768426 ms (tx_ts=156765512895517, rx_ts=156765513663943) request_id=1078607 zil_blk_id=65996 ccf_commit_seqno=1078607 nstreams_done_=16500 config.nstreams=20000 avg_latency=0.9956 ms avg throuhgput (requests/sec) = 83.5009 res=false
*==== INFO ====* req_id_count= 17000 stream_id=67996 latency=1.056846 ms (tx_ts=156771474097269, rx_ts=156771475154115) request_id=1111360 zil_blk_id=67996 ccf_commit_seqno=1111364 nstreams_done_=17000 config.nstreams=20000 avg_latency=0.9953 ms avg throuhgput (requests/sec) = 83.5117 res=false
*==== INFO ====* req_id_count= 17500 stream_id=69996 latency=0.777805 ms (tx_ts=156777445185018, rx_ts=156777445962823) request_id=1144198 zil_blk_id=69996 ccf_commit_seqno=1144198 nstreams_done_=17500 config.nstreams=20000 avg_latency=0.9939 ms avg throuhgput (requests/sec) = 83.5182 res=false
*==== INFO ====* req_id_count= 18000 stream_id=71996 latency=0.826356 ms (tx_ts=156783420944687, rx_ts=156783421771043) request_id=1176998 zil_blk_id=71996 ccf_commit_seqno=1176999 nstreams_done_=18000 config.nstreams=20000 avg_latency=0.9939 ms avg throuhgput (requests/sec) = 83.5225 res=false
*==== INFO ====* req_id_count= 18500 stream_id=73996 latency=0.847345 ms (tx_ts=156789413345745, rx_ts=156789414193090) request_id=1209911 zil_blk_id=73996 ccf_commit_seqno=1209913 nstreams_done_=18500 config.nstreams=20000 avg_latency=0.9945 ms avg throuhgput (requests/sec) = 83.5202 res=false
*==== INFO ====* req_id_count= 19000 stream_id=75996 latency=0.730687 ms (tx_ts=156795375654960, rx_ts=156795376385647) request_id=1242660 zil_blk_id=75996 ccf_commit_seqno=1242660 nstreams_done_=19000 config.nstreams=20000 avg_latency=0.9944 ms avg throuhgput (requests/sec) = 83.5292 res=false
*==== INFO ====* req_id_count= 19500 stream_id=77996 latency=1.064923 ms (tx_ts=156801357286859, rx_ts=156801358351782) request_id=1268537 zil_blk_id=77996 ccf_commit_seqno=1268539 nstreams_done_=19500 config.nstreams=20000 avg_latency=0.9939 ms avg throuhgput (requests/sec) = 83.5306 res=false
*==== INFO ====* http_end_stream ALL streams done! nstreams_done_=20000 avg_latency=0.9905 msreq_id_count= 20000
*==== INFO ====* req_id_count= 20000 stream_id=79996 latency=0.771441 ms (tx_ts=156807332052471, rx_ts=156807332823912) request_id=1278627 zil_blk_id=79996 ccf_commit_seqno=1278627 nstreams_done_=20000 config.nstreams=20000 avg_latency=0.9905 ms avg throuhgput (requests/sec) = 83.5345 res=true
