Uniform: 164317 240689 104781 408617 895376 
Exponential: -2147483648 -2147483648 -2147483648 -2147483648 -2147483648 
Truncated Normal: 450911 840793 367607 359537 426905 
*==== INFO ====* req_id_count= 500 stream_id=1996 latency=0.738949 ms (tx_ts=156573987412897, rx_ts=156573988151846) request_id=32290 zil_blk_id=1996 ccf_commit_seqno=32290 nstreams_done_=500 config.nstreams=20000 avg_latency=1.0395 ms avg throuhgput (requests/sec) = 82.2537 res=false
*==== INFO ====* req_id_count= 1000 stream_id=3996 latency=1.026179 ms (tx_ts=156580069027926, rx_ts=156580070054105) request_id=65152 zil_blk_id=3996 ccf_commit_seqno=65153 nstreams_done_=1000 config.nstreams=20000 avg_latency=1.0423 ms avg throuhgput (requests/sec) = 82.2324 res=false
*==== INFO ====* req_id_count= 1500 stream_id=5996 latency=0.960388 ms (tx_ts=156586148723986, rx_ts=156586149684374) request_id=98125 zil_blk_id=5996 ccf_commit_seqno=98126 nstreams_done_=1500 config.nstreams=20000 avg_latency=1.0454 ms avg throuhgput (requests/sec) = 82.2355 res=false
*==== INFO ====* req_id_count= 2000 stream_id=7996 latency=0.740325 ms (tx_ts=156592235033176, rx_ts=156592235773501) request_id=131197 zil_blk_id=7996 ccf_commit_seqno=131197 nstreams_done_=2000 config.nstreams=20000 avg_latency=1.0492 ms avg throuhgput (requests/sec) = 82.2153 res=false
*==== INFO ====* req_id_count= 2500 stream_id=9996 latency=0.768016 ms (tx_ts=156598276084799, rx_ts=156598276852815) request_id=163955 zil_blk_id=9996 ccf_commit_seqno=163955 nstreams_done_=2500 config.nstreams=20000 avg_latency=1.0442 ms avg throuhgput (requests/sec) = 82.3250 res=false
*==== INFO ====* req_id_count= 3000 stream_id=11996 latency=0.940910 ms (tx_ts=156604298364159, rx_ts=156604299305069) request_id=196689 zil_blk_id=11996 ccf_commit_seqno=196690 nstreams_done_=3000 config.nstreams=20000 avg_latency=1.0438 ms avg throuhgput (requests/sec) = 82.4404 res=false
*==== INFO ====* req_id_count= 3500 stream_id=13996 latency=1.121688 ms (tx_ts=156610331592669, rx_ts=156610332714357) request_id=229513 zil_blk_id=13996 ccf_commit_seqno=229516 nstreams_done_=3500 config.nstreams=20000 avg_latency=1.0406 ms avg throuhgput (requests/sec) = 82.5018 res=false
*==== INFO ====* req_id_count= 4000 stream_id=15996 latency=1.436614 ms (tx_ts=156616335242746, rx_ts=156616336679360) request_id=262235 zil_blk_id=15996 ccf_commit_seqno=262237 nstreams_done_=4000 config.nstreams=20000 avg_latency=1.0404 ms avg throuhgput (requests/sec) = 82.5981 res=false
*==== INFO ====* req_id_count= 4500 stream_id=17996 latency=0.992947 ms (tx_ts=156622377445675, rx_ts=156622378438622) request_id=295070 zil_blk_id=17996 ccf_commit_seqno=295070 nstreams_done_=4500 config.nstreams=20000 avg_latency=1.0426 ms avg throuhgput (requests/sec) = 82.6157 res=false
*==== INFO ====* req_id_count= 5000 stream_id=19996 latency=1.065604 ms (tx_ts=156628442728017, rx_ts=156628443793621) request_id=328099 zil_blk_id=19996 ccf_commit_seqno=328101 nstreams_done_=5000 config.nstreams=20000 avg_latency=1.0428 ms avg throuhgput (requests/sec) = 82.5977 res=false
*==== INFO ====* req_id_count= 5500 stream_id=21996 latency=1.062317 ms (tx_ts=156634455313834, rx_ts=156634456376151) request_id=360825 zil_blk_id=21996 ccf_commit_seqno=360826 nstreams_done_=5500 config.nstreams=20000 avg_latency=1.0438 ms avg throuhgput (requests/sec) = 82.6484 res=false
*==== INFO ====* req_id_count= 6000 stream_id=23996 latency=1.185162 ms (tx_ts=156640414671891, rx_ts=156640415857053) request_id=393417 zil_blk_id=23996 ccf_commit_seqno=393420 nstreams_done_=6000 config.nstreams=20000 avg_latency=1.0399 ms avg throuhgput (requests/sec) = 82.7512 res=false
*==== INFO ====* req_id_count= 6500 stream_id=25996 latency=0.986474 ms (tx_ts=156646400089623, rx_ts=156646401076097) request_id=426134 zil_blk_id=25996 ccf_commit_seqno=426135 nstreams_done_=6500 config.nstreams=20000 avg_latency=1.0402 ms avg throuhgput (requests/sec) = 82.8113 res=false
*==== INFO ====* req_id_count= 7000 stream_id=27996 latency=1.044073 ms (tx_ts=156652422571795, rx_ts=156652423615868) request_id=459062 zil_blk_id=27996 ccf_commit_seqno=459062 nstreams_done_=7000 config.nstreams=20000 avg_latency=1.0412 ms avg throuhgput (requests/sec) = 82.8263 res=false
*==== INFO ====* req_id_count= 7500 stream_id=29996 latency=0.732801 ms (tx_ts=156658428917229, rx_ts=156658429650030) request_id=491901 zil_blk_id=29996 ccf_commit_seqno=491901 nstreams_done_=7500 config.nstreams=20000 avg_latency=1.0414 ms avg throuhgput (requests/sec) = 82.8544 res=false
*==== INFO ====* req_id_count= 8000 stream_id=31996 latency=2.168725 ms (tx_ts=156664403200153, rx_ts=156664405368878) request_id=524470 zil_blk_id=31996 ccf_commit_seqno=524470 nstreams_done_=8000 config.nstreams=20000 avg_latency=1.0428 ms avg throuhgput (requests/sec) = 82.9050 res=false
*==== INFO ====* req_id_count= 8500 stream_id=33996 latency=0.840982 ms (tx_ts=156670412384002, rx_ts=156670413224984) request_id=557354 zil_blk_id=33996 ccf_commit_seqno=557354 nstreams_done_=8500 config.nstreams=20000 avg_latency=1.0417 ms avg throuhgput (requests/sec) = 82.9237 res=false
*==== INFO ====* req_id_count= 9000 stream_id=35996 latency=1.174767 ms (tx_ts=156676405297761, rx_ts=156676406472528) request_id=590147 zil_blk_id=35996 ccf_commit_seqno=590149 nstreams_done_=9000 config.nstreams=20000 avg_latency=1.0400 ms avg throuhgput (requests/sec) = 82.9515 res=false
*==== INFO ====* req_id_count= 9500 stream_id=37996 latency=0.732330 ms (tx_ts=156682373944199, rx_ts=156682374676529) request_id=622819 zil_blk_id=37996 ccf_commit_seqno=622819 nstreams_done_=9500 config.nstreams=20000 avg_latency=1.0384 ms avg throuhgput (requests/sec) = 82.9946 res=false
*==== INFO ====* req_id_count= 10000 stream_id=39996 latency=1.212207 ms (tx_ts=156688388921933, rx_ts=156688390134140) request_id=655509 zil_blk_id=39996 ccf_commit_seqno=655509 nstreams_done_=10000 config.nstreams=20000 avg_latency=1.0405 ms avg throuhgput (requests/sec) = 83.0008 res=false
*==== INFO ====* req_id_count= 10500 stream_id=41996 latency=0.936646 ms (tx_ts=156694380805656, rx_ts=156694381742302) request_id=688366 zil_blk_id=41996 ccf_commit_seqno=688367 nstreams_done_=10500 config.nstreams=20000 avg_latency=1.0410 ms avg throuhgput (requests/sec) = 83.0221 res=false
*==== INFO ====* req_id_count= 11000 stream_id=43996 latency=1.096101 ms (tx_ts=156700336876432, rx_ts=156700337972533) request_id=721055 zil_blk_id=43996 ccf_commit_seqno=721055 nstreams_done_=11000 config.nstreams=20000 avg_latency=1.0394 ms avg throuhgput (requests/sec) = 83.0636 res=false
*==== INFO ====* req_id_count= 11500 stream_id=45996 latency=0.970806 ms (tx_ts=156706357895097, rx_ts=156706358865903) request_id=754033 zil_blk_id=45996 ccf_commit_seqno=754036 nstreams_done_=11500 config.nstreams=20000 avg_latency=1.0400 ms avg throuhgput (requests/sec) = 83.0628 res=false
*==== INFO ====* req_id_count= 12000 stream_id=47996 latency=1.191388 ms (tx_ts=156712366098508, rx_ts=156712367289896) request_id=787022 zil_blk_id=47996 ccf_commit_seqno=787024 nstreams_done_=12000 config.nstreams=20000 avg_latency=1.0403 ms avg throuhgput (requests/sec) = 83.0692 res=false
*==== INFO ====* req_id_count= 12500 stream_id=49996 latency=1.160621 ms (tx_ts=156718359453856, rx_ts=156718360614477) request_id=819923 zil_blk_id=49996 ccf_commit_seqno=819924 nstreams_done_=12500 config.nstreams=20000 avg_latency=1.0393 ms avg throuhgput (requests/sec) = 83.0834 res=false
*==== INFO ====* req_id_count= 13000 stream_id=51996 latency=1.070492 ms (tx_ts=156724338101957, rx_ts=156724339172449) request_id=852708 zil_blk_id=51996 ccf_commit_seqno=852708 nstreams_done_=13000 config.nstreams=20000 avg_latency=1.0405 ms avg throuhgput (requests/sec) = 83.1044 res=false
*==== INFO ====* req_id_count= 13500 stream_id=53996 latency=1.098345 ms (tx_ts=156730310535138, rx_ts=156730311633483) request_id=885493 zil_blk_id=53996 ccf_commit_seqno=885496 nstreams_done_=13500 config.nstreams=20000 avg_latency=1.0405 ms avg throuhgput (requests/sec) = 83.1269 res=false
*==== INFO ====* req_id_count= 14000 stream_id=55996 latency=1.080974 ms (tx_ts=156736279988531, rx_ts=156736281069505) request_id=918261 zil_blk_id=55996 ccf_commit_seqno=918265 nstreams_done_=14000 config.nstreams=20000 avg_latency=1.0402 ms avg throuhgput (requests/sec) = 83.1494 res=false
*==== INFO ====* req_id_count= 14500 stream_id=57996 latency=0.857090 ms (tx_ts=156742211551888, rx_ts=156742212408978) request_id=950839 zil_blk_id=57996 ccf_commit_seqno=950839 nstreams_done_=14500 config.nstreams=20000 avg_latency=1.0399 ms avg throuhgput (requests/sec) = 83.1885 res=false
*==== INFO ====* req_id_count= 15000 stream_id=59996 latency=1.157134 ms (tx_ts=156748153543017, rx_ts=156748154700151) request_id=983455 zil_blk_id=59996 ccf_commit_seqno=983455 nstreams_done_=15000 config.nstreams=20000 avg_latency=1.0402 ms avg throuhgput (requests/sec) = 83.2199 res=false
*==== INFO ====* req_id_count= 15500 stream_id=61996 latency=1.068008 ms (tx_ts=156754082826663, rx_ts=156754083894671) request_id=1016008 zil_blk_id=61996 ccf_commit_seqno=1016008 nstreams_done_=15500 config.nstreams=20000 avg_latency=1.0401 ms avg throuhgput (requests/sec) = 83.2552 res=false
*==== INFO ====* req_id_count= 16000 stream_id=63996 latency=1.232195 ms (tx_ts=156760006936549, rx_ts=156760008168744) request_id=1048534 zil_blk_id=63996 ccf_commit_seqno=1048534 nstreams_done_=16000 config.nstreams=20000 avg_latency=1.0390 ms avg throuhgput (requests/sec) = 83.2905 res=false
*==== INFO ====* req_id_count= 16500 stream_id=65996 latency=0.939800 ms (tx_ts=156765944798327, rx_ts=156765945738127) request_id=1080973 zil_blk_id=65996 ccf_commit_seqno=1080975 nstreams_done_=16500 config.nstreams=20000 avg_latency=1.0393 ms avg throuhgput (requests/sec) = 83.3180 res=false
*==== INFO ====* req_id_count= 17000 stream_id=67996 latency=1.116087 ms (tx_ts=156771853312594, rx_ts=156771854428681) request_id=1113444 zil_blk_id=67996 ccf_commit_seqno=1113447 nstreams_done_=17000 config.nstreams=20000 avg_latency=1.0386 ms avg throuhgput (requests/sec) = 83.3558 res=false
*==== INFO ====* req_id_count= 17500 stream_id=69996 latency=0.903079 ms (tx_ts=156777755160283, rx_ts=156777756063362) request_id=1145910 zil_blk_id=69996 ccf_commit_seqno=1145912 nstreams_done_=17500 config.nstreams=20000 avg_latency=1.0375 ms avg throuhgput (requests/sec) = 83.3942 res=false
*==== INFO ====* req_id_count= 18000 stream_id=71996 latency=1.057968 ms (tx_ts=156783691341815, rx_ts=156783692399783) request_id=1178489 zil_blk_id=71996 ccf_commit_seqno=1178491 nstreams_done_=18000 config.nstreams=20000 avg_latency=1.0372 ms avg throuhgput (requests/sec) = 83.4171 res=false
*==== INFO ====* req_id_count= 18500 stream_id=73996 latency=1.101771 ms (tx_ts=156789642032559, rx_ts=156789643134330) request_id=1211156 zil_blk_id=73996 ccf_commit_seqno=1211159 nstreams_done_=18500 config.nstreams=20000 avg_latency=1.0376 ms avg throuhgput (requests/sec) = 83.4334 res=false
*==== INFO ====* req_id_count= 19000 stream_id=75996 latency=0.815916 ms (tx_ts=156795561056086, rx_ts=156795561872002) request_id=1243686 zil_blk_id=75996 ccf_commit_seqno=1243686 nstreams_done_=19000 config.nstreams=20000 avg_latency=1.0371 ms avg throuhgput (requests/sec) = 83.4605 res=false
*==== INFO ====* req_id_count= 19500 stream_id=77996 latency=1.002356 ms (tx_ts=156801456368492, rx_ts=156801457370848) request_id=1268813 zil_blk_id=77996 ccf_commit_seqno=1268813 nstreams_done_=19500 config.nstreams=20000 avg_latency=1.0360 ms avg throuhgput (requests/sec) = 83.4946 res=false
*==== INFO ====* http_end_stream ALL streams done! nstreams_done_=20000 avg_latency=1.0330 msreq_id_count= 20000
*==== INFO ====* req_id_count= 20000 stream_id=79996 latency=0.930288 ms (tx_ts=156807434155020, rx_ts=156807435085308) request_id=1278712 zil_blk_id=79996 ccf_commit_seqno=1278712 nstreams_done_=20000 config.nstreams=20000 avg_latency=1.0330 ms avg throuhgput (requests/sec) = 83.4984 res=true
