Uniform: 930036 295609 268727 954461 278736 
Exponential: -2147483648 -2147483648 -2147483648 -2147483648 -2147483648 
Truncated Normal: 336112 637219 318905 318420 758293 
*==== INFO ====* req_id_count= 500 stream_id=1996 latency=0.872753 ms (tx_ts=156573712308089, rx_ts=156573713180842) request_id=30849 zil_blk_id=1996 ccf_commit_seqno=30849 nstreams_done_=500 config.nstreams=20000 avg_latency=0.7635 ms avg throuhgput (requests/sec) = 85.7714 res=false
*==== INFO ====* req_id_count= 1000 stream_id=3996 latency=0.558435 ms (tx_ts=156579546017939, rx_ts=156579546576374) request_id=62349 zil_blk_id=3996 ccf_commit_seqno=62351 nstreams_done_=1000 config.nstreams=20000 avg_latency=0.7918 ms avg throuhgput (requests/sec) = 85.7424 res=false
*==== INFO ====* req_id_count= 1500 stream_id=5996 latency=0.659875 ms (tx_ts=156585369277139, rx_ts=156585369937014) request_id=93921 zil_blk_id=5996 ccf_commit_seqno=93921 nstreams_done_=1500 config.nstreams=20000 avg_latency=0.7949 ms avg throuhgput (requests/sec) = 85.7819 res=false
*==== INFO ====* req_id_count= 2000 stream_id=7996 latency=0.828871 ms (tx_ts=156591210441164, rx_ts=156591211270035) request_id=125647 zil_blk_id=7996 ccf_commit_seqno=125650 nstreams_done_=2000 config.nstreams=20000 avg_latency=0.7975 ms avg throuhgput (requests/sec) = 85.7356 res=false
*==== INFO ====* req_id_count= 2500 stream_id=9996 latency=0.770856 ms (tx_ts=156597044582565, rx_ts=156597045353421) request_id=157331 zil_blk_id=9996 ccf_commit_seqno=157333 nstreams_done_=2500 config.nstreams=20000 avg_latency=0.7985 ms avg throuhgput (requests/sec) = 85.7291 res=false
*==== INFO ====* req_id_count= 3000 stream_id=11996 latency=0.957737 ms (tx_ts=156602837276511, rx_ts=156602838234248) request_id=188750 zil_blk_id=11996 ccf_commit_seqno=188751 nstreams_done_=3000 config.nstreams=20000 avg_latency=0.7947 ms avg throuhgput (requests/sec) = 85.8259 res=false
*==== INFO ====* req_id_count= 3500 stream_id=13996 latency=0.874906 ms (tx_ts=156608596700269, rx_ts=156608597575175) request_id=220101 zil_blk_id=13996 ccf_commit_seqno=220104 nstreams_done_=3500 config.nstreams=20000 avg_latency=0.7908 ms avg throuhgput (requests/sec) = 85.9658 res=false
*==== INFO ====* req_id_count= 4000 stream_id=15996 latency=0.829481 ms (tx_ts=156614375768280, rx_ts=156614376597761) request_id=251559 zil_blk_id=15996 ccf_commit_seqno=251560 nstreams_done_=4000 config.nstreams=20000 avg_latency=0.7882 ms avg throuhgput (requests/sec) = 86.0347 res=false
*==== INFO ====* req_id_count= 4500 stream_id=17996 latency=0.780220 ms (tx_ts=156620156194351, rx_ts=156620156974571) request_id=283021 zil_blk_id=17996 ccf_commit_seqno=283023 nstreams_done_=4500 config.nstreams=20000 avg_latency=0.7896 ms avg throuhgput (requests/sec) = 86.0861 res=false
*==== INFO ====* req_id_count= 5000 stream_id=19996 latency=0.858436 ms (tx_ts=156625938465150, rx_ts=156625939323586) request_id=314458 zil_blk_id=19996 ccf_commit_seqno=314459 nstreams_done_=5000 config.nstreams=20000 avg_latency=0.7891 ms avg throuhgput (requests/sec) = 86.1243 res=false
*==== INFO ====* req_id_count= 5500 stream_id=21996 latency=0.920545 ms (tx_ts=156631750363373, rx_ts=156631751283918) request_id=346085 zil_blk_id=21996 ccf_commit_seqno=346086 nstreams_done_=5500 config.nstreams=20000 avg_latency=0.7904 ms avg throuhgput (requests/sec) = 86.1157 res=false
*==== INFO ====* req_id_count= 6000 stream_id=23996 latency=0.783756 ms (tx_ts=156637578606354, rx_ts=156637579390110) request_id=377895 zil_blk_id=23996 ccf_commit_seqno=377895 nstreams_done_=6000 config.nstreams=20000 avg_latency=0.7960 ms avg throuhgput (requests/sec) = 86.0886 res=false
*==== INFO ====* req_id_count= 6500 stream_id=25996 latency=1.435595 ms (tx_ts=156643334265880, rx_ts=156643335701475) request_id=409373 zil_blk_id=25996 ccf_commit_seqno=409374 nstreams_done_=6500 config.nstreams=20000 avg_latency=0.7942 ms avg throuhgput (requests/sec) = 86.1475 res=false
*==== INFO ====* req_id_count= 7000 stream_id=27996 latency=0.602867 ms (tx_ts=156649136897067, rx_ts=156649137499934) request_id=441099 zil_blk_id=27996 ccf_commit_seqno=441099 nstreams_done_=7000 config.nstreams=20000 avg_latency=0.7960 ms avg throuhgput (requests/sec) = 86.1499 res=false
*==== INFO ====* req_id_count= 7500 stream_id=29996 latency=0.629867 ms (tx_ts=156654895762968, rx_ts=156654896392835) request_id=472593 zil_blk_id=29996 ccf_commit_seqno=472594 nstreams_done_=7500 config.nstreams=20000 avg_latency=0.7944 ms avg throuhgput (requests/sec) = 86.1944 res=false
*==== INFO ====* req_id_count= 8000 stream_id=31996 latency=0.895996 ms (tx_ts=156660660188105, rx_ts=156660661084101) request_id=504066 zil_blk_id=31996 ccf_commit_seqno=504067 nstreams_done_=8000 config.nstreams=20000 avg_latency=0.7941 ms avg throuhgput (requests/sec) = 86.2279 res=false
*==== INFO ====* req_id_count= 8500 stream_id=33996 latency=0.613778 ms (tx_ts=156666478628882, rx_ts=156666479242660) request_id=535812 zil_blk_id=33996 ccf_commit_seqno=535812 nstreams_done_=8500 config.nstreams=20000 avg_latency=0.7994 ms avg throuhgput (requests/sec) = 86.2108 res=false
*==== INFO ====* req_id_count= 9000 stream_id=35996 latency=1.049452 ms (tx_ts=156672262882133, rx_ts=156672263931585) request_id=567481 zil_blk_id=35996 ccf_commit_seqno=567485 nstreams_done_=9000 config.nstreams=20000 avg_latency=0.7995 ms avg throuhgput (requests/sec) = 86.2232 res=false
*==== INFO ====* req_id_count= 9500 stream_id=37996 latency=0.682446 ms (tx_ts=156678076742873, rx_ts=156678077425319) request_id=599304 zil_blk_id=37996 ccf_commit_seqno=599304 nstreams_done_=9500 config.nstreams=20000 avg_latency=0.8011 ms avg throuhgput (requests/sec) = 86.2118 res=false
*==== INFO ====* req_id_count= 10000 stream_id=39996 latency=0.936311 ms (tx_ts=156683909252389, rx_ts=156683910188700) request_id=630969 zil_blk_id=39996 ccf_commit_seqno=630974 nstreams_done_=10000 config.nstreams=20000 avg_latency=0.8046 ms avg throuhgput (requests/sec) = 86.1872 res=false
*==== INFO ====* req_id_count= 10500 stream_id=41996 latency=0.892830 ms (tx_ts=156689744607042, rx_ts=156689745499872) request_id=662946 zil_blk_id=41996 ccf_commit_seqno=662947 nstreams_done_=10500 config.nstreams=20000 avg_latency=0.8082 ms avg throuhgput (requests/sec) = 86.1632 res=false
*==== INFO ====* req_id_count= 11000 stream_id=43996 latency=0.598259 ms (tx_ts=156695531811110, rx_ts=156695532409369) request_id=694697 zil_blk_id=43996 ccf_commit_seqno=694697 nstreams_done_=11000 config.nstreams=20000 avg_latency=0.8089 ms avg throuhgput (requests/sec) = 86.1740 res=false
*==== INFO ====* req_id_count= 11500 stream_id=45996 latency=0.726721 ms (tx_ts=156701326864682, rx_ts=156701327591403) request_id=726462 zil_blk_id=45996 ccf_commit_seqno=726463 nstreams_done_=11500 config.nstreams=20000 avg_latency=0.8089 ms avg throuhgput (requests/sec) = 86.1786 res=false
*==== INFO ====* req_id_count= 12000 stream_id=47996 latency=0.964794 ms (tx_ts=156707152121617, rx_ts=156707153086411) request_id=758387 zil_blk_id=47996 ccf_commit_seqno=758389 nstreams_done_=12000 config.nstreams=20000 avg_latency=0.8089 ms avg throuhgput (requests/sec) = 86.1640 res=false
*==== INFO ====* req_id_count= 12500 stream_id=49996 latency=0.640477 ms (tx_ts=156712926609345, rx_ts=156712927249822) request_id=790093 zil_blk_id=49996 ccf_commit_seqno=790093 nstreams_done_=12500 config.nstreams=20000 avg_latency=0.8085 ms avg throuhgput (requests/sec) = 86.1810 res=false
*==== INFO ====* req_id_count= 13000 stream_id=51996 latency=0.826936 ms (tx_ts=156718714317491, rx_ts=156718715144427) request_id=821866 zil_blk_id=51996 ccf_commit_seqno=821866 nstreams_done_=13000 config.nstreams=20000 avg_latency=0.8082 ms avg throuhgput (requests/sec) = 86.1889 res=false
*==== INFO ====* req_id_count= 13500 stream_id=53996 latency=0.661857 ms (tx_ts=156724490031367, rx_ts=156724490693224) request_id=853547 zil_blk_id=53996 ccf_commit_seqno=853548 nstreams_done_=13500 config.nstreams=20000 avg_latency=0.8083 ms avg throuhgput (requests/sec) = 86.2031 res=false
*==== INFO ====* req_id_count= 14000 stream_id=55996 latency=0.763818 ms (tx_ts=156730262170123, rx_ts=156730262933941) request_id=885232 zil_blk_id=55996 ccf_commit_seqno=885233 nstreams_done_=14000 config.nstreams=20000 avg_latency=0.8079 ms avg throuhgput (requests/sec) = 86.2179 res=false
*==== INFO ====* req_id_count= 14500 stream_id=57996 latency=0.581379 ms (tx_ts=156736044995208, rx_ts=156736045576587) request_id=916977 zil_blk_id=57996 ccf_commit_seqno=916977 nstreams_done_=14500 config.nstreams=20000 avg_latency=0.8078 ms avg throuhgput (requests/sec) = 86.2265 res=false
*==== INFO ====* req_id_count= 15000 stream_id=59996 latency=0.755063 ms (tx_ts=156741833439746, rx_ts=156741834194809) request_id=948764 zil_blk_id=59996 ccf_commit_seqno=948765 nstreams_done_=15000 config.nstreams=20000 avg_latency=0.8078 ms avg throuhgput (requests/sec) = 86.2314 res=false
*==== INFO ====* req_id_count= 15500 stream_id=61996 latency=0.849359 ms (tx_ts=156747639254561, rx_ts=156747640103920) request_id=980632 zil_blk_id=61996 ccf_commit_seqno=980634 nstreams_done_=15500 config.nstreams=20000 avg_latency=0.8083 ms avg throuhgput (requests/sec) = 86.2278 res=false
*==== INFO ====* req_id_count= 16000 stream_id=63996 latency=0.671135 ms (tx_ts=156753412247158, rx_ts=156753412918293) request_id=1012325 zil_blk_id=63996 ccf_commit_seqno=1012326 nstreams_done_=16000 config.nstreams=20000 avg_latency=0.8080 ms avg throuhgput (requests/sec) = 86.2398 res=false
*==== INFO ====* req_id_count= 16500 stream_id=65996 latency=0.689069 ms (tx_ts=156759197560360, rx_ts=156759198249429) request_id=1044093 zil_blk_id=65996 ccf_commit_seqno=1044093 nstreams_done_=16500 config.nstreams=20000 avg_latency=0.8080 ms avg throuhgput (requests/sec) = 86.2454 res=false
*==== INFO ====* req_id_count= 17000 stream_id=67996 latency=0.679911 ms (tx_ts=156765007834212, rx_ts=156765008514123) request_id=1075829 zil_blk_id=67996 ccf_commit_seqno=1075830 nstreams_done_=17000 config.nstreams=20000 avg_latency=0.8091 ms avg throuhgput (requests/sec) = 86.2398 res=false
*==== INFO ====* req_id_count= 17500 stream_id=69996 latency=0.604180 ms (tx_ts=156770775902452, rx_ts=156770776506632) request_id=1107512 zil_blk_id=69996 ccf_commit_seqno=1107513 nstreams_done_=17500 config.nstreams=20000 avg_latency=0.8080 ms avg throuhgput (requests/sec) = 86.2525 res=false
*==== INFO ====* req_id_count= 18000 stream_id=71996 latency=0.645684 ms (tx_ts=156776498195867, rx_ts=156776498841551) request_id=1139008 zil_blk_id=71996 ccf_commit_seqno=1139009 nstreams_done_=18000 config.nstreams=20000 avg_latency=0.8063 ms avg throuhgput (requests/sec) = 86.2833 res=false
*==== INFO ====* req_id_count= 18500 stream_id=73996 latency=0.580415 ms (tx_ts=156782296484322, rx_ts=156782297064737) request_id=1170828 zil_blk_id=73996 ccf_commit_seqno=1170828 nstreams_done_=18500 config.nstreams=20000 avg_latency=0.8072 ms avg throuhgput (requests/sec) = 86.2819 res=false
*==== INFO ====* req_id_count= 19000 stream_id=75996 latency=0.659161 ms (tx_ts=156788082431344, rx_ts=156788083090505) request_id=1202609 zil_blk_id=75996 ccf_commit_seqno=1202609 nstreams_done_=19000 config.nstreams=20000 avg_latency=0.8064 ms avg throuhgput (requests/sec) = 86.2854 res=false
*==== INFO ====* req_id_count= 19500 stream_id=77996 latency=0.796841 ms (tx_ts=156793866680046, rx_ts=156793867476887) request_id=1234380 zil_blk_id=77996 ccf_commit_seqno=1234381 nstreams_done_=19500 config.nstreams=20000 avg_latency=0.8062 ms avg throuhgput (requests/sec) = 86.2894 res=false
*==== INFO ====* http_end_stream ALL streams done! nstreams_done_=20000 avg_latency=0.8058 msreq_id_count= 20000
*==== INFO ====* req_id_count= 20000 stream_id=79996 latency=0.655596 ms (tx_ts=156799659029422, rx_ts=156799659685018) request_id=1263006 zil_blk_id=79996 ccf_commit_seqno=1263009 nstreams_done_=20000 config.nstreams=20000 avg_latency=0.8058 ms avg throuhgput (requests/sec) = 86.2902 res=true
