Uniform: 712108 328098 918204 731145 670825 
Exponential: -2147483648 -2147483648 -2147483648 -2147483648 -2147483648 
Truncated Normal: 118267 853387 507900 639314 688378 
*==== INFO ====* req_id_count= 500 stream_id=1996 latency=0.999099 ms (tx_ts=156573969412088, rx_ts=156573970411187) request_id=32193 zil_blk_id=1996 ccf_commit_seqno=32196 nstreams_done_=500 config.nstreams=20000 avg_latency=1.0973 ms avg throuhgput (requests/sec) = 82.5661 res=false
*==== INFO ====* req_id_count= 1000 stream_id=3996 latency=1.114408 ms (tx_ts=156580028600005, rx_ts=156580029714413) request_id=64939 zil_blk_id=3996 ccf_commit_seqno=64939 nstreams_done_=1000 config.nstreams=20000 avg_latency=1.0978 ms avg throuhgput (requests/sec) = 82.5419 res=false
*==== INFO ====* req_id_count= 1500 stream_id=5996 latency=0.947032 ms (tx_ts=156586084243144, rx_ts=156586085190176) request_id=97773 zil_blk_id=5996 ccf_commit_seqno=97775 nstreams_done_=1500 config.nstreams=20000 avg_latency=1.0982 ms avg throuhgput (requests/sec) = 82.5512 res=false
*==== INFO ====* req_id_count= 2000 stream_id=7996 latency=1.113503 ms (tx_ts=156592119239746, rx_ts=156592120353249) request_id=130575 zil_blk_id=7996 ccf_commit_seqno=130576 nstreams_done_=2000 config.nstreams=20000 avg_latency=1.0842 ms avg throuhgput (requests/sec) = 82.6252 res=false
*==== INFO ====* req_id_count= 2500 stream_id=9996 latency=1.188678 ms (tx_ts=156598194864433, rx_ts=156598196053111) request_id=163513 zil_blk_id=9996 ccf_commit_seqno=163517 nstreams_done_=2500 config.nstreams=20000 avg_latency=1.0851 ms avg throuhgput (requests/sec) = 82.5589 res=false
*==== INFO ====* req_id_count= 3000 stream_id=11996 latency=0.946216 ms (tx_ts=156604250779036, rx_ts=156604251725252) request_id=196429 zil_blk_id=11996 ccf_commit_seqno=196430 nstreams_done_=3000 config.nstreams=20000 avg_latency=1.0849 ms avg throuhgput (requests/sec) = 82.5603 res=false
*==== INFO ====* req_id_count= 3500 stream_id=13996 latency=0.956720 ms (tx_ts=156610283925235, rx_ts=156610284881955) request_id=229253 zil_blk_id=13996 ccf_commit_seqno=229254 nstreams_done_=3500 config.nstreams=20000 avg_latency=1.0818 ms avg throuhgput (requests/sec) = 82.6052 res=false
*==== INFO ====* req_id_count= 4000 stream_id=15996 latency=0.938044 ms (tx_ts=156616239631712, rx_ts=156616240569756) request_id=261724 zil_blk_id=15996 ccf_commit_seqno=261725 nstreams_done_=4000 config.nstreams=20000 avg_latency=1.0769 ms avg throuhgput (requests/sec) = 82.7713 res=false
*==== INFO ====* req_id_count= 4500 stream_id=17996 latency=1.424935 ms (tx_ts=156622272461166, rx_ts=156622273886101) request_id=294506 zil_blk_id=17996 ccf_commit_seqno=294506 nstreams_done_=4500 config.nstreams=20000 avg_latency=1.0807 ms avg throuhgput (requests/sec) = 82.7826 res=false
*==== INFO ====* req_id_count= 5000 stream_id=19996 latency=0.757016 ms (tx_ts=156628272663747, rx_ts=156628273420763) request_id=327181 zil_blk_id=19996 ccf_commit_seqno=327181 nstreams_done_=5000 config.nstreams=20000 avg_latency=1.0791 ms avg throuhgput (requests/sec) = 82.8380 res=false
*==== INFO ====* req_id_count= 5500 stream_id=21996 latency=0.888351 ms (tx_ts=156634353946786, rx_ts=156634354835137) request_id=360274 zil_blk_id=21996 ccf_commit_seqno=360274 nstreams_done_=5500 config.nstreams=20000 avg_latency=1.0825 ms avg throuhgput (requests/sec) = 82.7812 res=false
*==== INFO ====* req_id_count= 6000 stream_id=23996 latency=0.771383 ms (tx_ts=156640361876496, rx_ts=156640362647879) request_id=393130 zil_blk_id=23996 ccf_commit_seqno=393130 nstreams_done_=6000 config.nstreams=20000 avg_latency=1.0785 ms avg throuhgput (requests/sec) = 82.8180 res=false
*==== INFO ====* req_id_count= 6500 stream_id=25996 latency=1.080470 ms (tx_ts=156646363509143, rx_ts=156646364589613) request_id=425935 zil_blk_id=25996 ccf_commit_seqno=425938 nstreams_done_=6500 config.nstreams=20000 avg_latency=1.0757 ms avg throuhgput (requests/sec) = 82.8554 res=false
*==== INFO ====* req_id_count= 7000 stream_id=27996 latency=0.941611 ms (tx_ts=156652355376937, rx_ts=156652356318548) request_id=458693 zil_blk_id=27996 ccf_commit_seqno=458693 nstreams_done_=7000 config.nstreams=20000 avg_latency=1.0729 ms avg throuhgput (requests/sec) = 82.8975 res=false
*==== INFO ====* req_id_count= 7500 stream_id=29996 latency=1.041398 ms (tx_ts=156658354982954, rx_ts=156658356024352) request_id=491495 zil_blk_id=29996 ccf_commit_seqno=491498 nstreams_done_=7500 config.nstreams=20000 avg_latency=1.0695 ms avg throuhgput (requests/sec) = 82.9267 res=false
*==== INFO ====* req_id_count= 8000 stream_id=31996 latency=1.925124 ms (tx_ts=156664403186745, rx_ts=156664405111869) request_id=524467 zil_blk_id=31996 ccf_commit_seqno=524470 nstreams_done_=8000 config.nstreams=20000 avg_latency=1.0737 ms avg throuhgput (requests/sec) = 82.9098 res=false
*==== INFO ====* req_id_count= 8500 stream_id=33996 latency=0.951149 ms (tx_ts=156670397293519, rx_ts=156670398244668) request_id=557267 zil_blk_id=33996 ccf_commit_seqno=557267 nstreams_done_=8500 config.nstreams=20000 avg_latency=1.0718 ms avg throuhgput (requests/sec) = 82.9401 res=false
*==== INFO ====* req_id_count= 9000 stream_id=35996 latency=1.280785 ms (tx_ts=156676384928523, rx_ts=156676386209308) request_id=590034 zil_blk_id=35996 ccf_commit_seqno=590038 nstreams_done_=9000 config.nstreams=20000 avg_latency=1.0705 ms avg throuhgput (requests/sec) = 82.9711 res=false
*==== INFO ====* req_id_count= 9500 stream_id=37996 latency=0.951850 ms (tx_ts=156682349857684, rx_ts=156682350809534) request_id=622689 zil_blk_id=37996 ccf_commit_seqno=622690 nstreams_done_=9500 config.nstreams=20000 avg_latency=1.0699 ms avg throuhgput (requests/sec) = 83.0157 res=false
*==== INFO ====* req_id_count= 10000 stream_id=39996 latency=0.957992 ms (tx_ts=156688342615073, rx_ts=156688343573065) request_id=655249 zil_blk_id=39996 ccf_commit_seqno=655249 nstreams_done_=10000 config.nstreams=20000 avg_latency=1.0709 ms avg throuhgput (requests/sec) = 83.0365 res=false
*==== INFO ====* req_id_count= 10500 stream_id=41996 latency=1.131597 ms (tx_ts=156694260710713, rx_ts=156694261842310) request_id=687712 zil_blk_id=41996 ccf_commit_seqno=687712 nstreams_done_=10500 config.nstreams=20000 avg_latency=1.0700 ms avg throuhgput (requests/sec) = 83.1043 res=false
*==== INFO ====* req_id_count= 11000 stream_id=43996 latency=2.114105 ms (tx_ts=156700227934194, rx_ts=156700230048299) request_id=720458 zil_blk_id=43996 ccf_commit_seqno=720462 nstreams_done_=11000 config.nstreams=20000 avg_latency=1.0692 ms avg throuhgput (requests/sec) = 83.1347 res=false
*==== INFO ====* req_id_count= 11500 stream_id=45996 latency=1.039043 ms (tx_ts=156706218548324, rx_ts=156706219587367) request_id=753272 zil_blk_id=45996 ccf_commit_seqno=753272 nstreams_done_=11500 config.nstreams=20000 avg_latency=1.0698 ms avg throuhgput (requests/sec) = 83.1496 res=false
*==== INFO ====* req_id_count= 12000 stream_id=47996 latency=1.565507 ms (tx_ts=156712197831939, rx_ts=156712199397446) request_id=786100 zil_blk_id=47996 ccf_commit_seqno=786106 nstreams_done_=12000 config.nstreams=20000 avg_latency=1.0691 ms avg throuhgput (requests/sec) = 83.1689 res=false
*==== INFO ====* req_id_count= 12500 stream_id=49996 latency=0.980995 ms (tx_ts=156718173148988, rx_ts=156718174129983) request_id=818897 zil_blk_id=49996 ccf_commit_seqno=818897 nstreams_done_=12500 config.nstreams=20000 avg_latency=1.0672 ms avg throuhgput (requests/sec) = 83.1894 res=false
*==== INFO ====* req_id_count= 13000 stream_id=51996 latency=1.083587 ms (tx_ts=156724166495589, rx_ts=156724167579176) request_id=851763 zil_blk_id=51996 ccf_commit_seqno=851764 nstreams_done_=13000 config.nstreams=20000 avg_latency=1.0677 ms avg throuhgput (requests/sec) = 83.1984 res=false
*==== INFO ====* req_id_count= 13500 stream_id=53996 latency=1.271682 ms (tx_ts=156730132136234, rx_ts=156730133407916) request_id=884513 zil_blk_id=53996 ccf_commit_seqno=884514 nstreams_done_=13500 config.nstreams=20000 avg_latency=1.0674 ms avg throuhgput (requests/sec) = 83.2210 res=false
*==== INFO ====* req_id_count= 14000 stream_id=55996 latency=0.801030 ms (tx_ts=156736092102227, rx_ts=156736092903257) request_id=917235 zil_blk_id=55996 ccf_commit_seqno=917235 nstreams_done_=14000 config.nstreams=20000 avg_latency=1.0670 ms avg throuhgput (requests/sec) = 83.2450 res=false
*==== INFO ====* req_id_count= 14500 stream_id=57996 latency=0.953649 ms (tx_ts=156742078064715, rx_ts=156742079018364) request_id=950115 zil_blk_id=57996 ccf_commit_seqno=950115 nstreams_done_=14500 config.nstreams=20000 avg_latency=1.0666 ms avg throuhgput (requests/sec) = 83.2547 res=false
*==== INFO ====* req_id_count= 15000 stream_id=59996 latency=0.839740 ms (tx_ts=156748033464909, rx_ts=156748034304649) request_id=982800 zil_blk_id=59996 ccf_commit_seqno=982800 nstreams_done_=15000 config.nstreams=20000 avg_latency=1.0663 ms avg throuhgput (requests/sec) = 83.2780 res=false
*==== INFO ====* req_id_count= 15500 stream_id=61996 latency=1.118883 ms (tx_ts=156753986122878, rx_ts=156753987241761) request_id=1015478 zil_blk_id=61996 ccf_commit_seqno=1015480 nstreams_done_=15500 config.nstreams=20000 avg_latency=1.0660 ms avg throuhgput (requests/sec) = 83.3008 res=false
*==== INFO ====* req_id_count= 16000 stream_id=63996 latency=1.016301 ms (tx_ts=156759919896222, rx_ts=156759920912523) request_id=1048054 zil_blk_id=63996 ccf_commit_seqno=1048055 nstreams_done_=16000 config.nstreams=20000 avg_latency=1.0656 ms avg throuhgput (requests/sec) = 83.3306 res=false
*==== INFO ====* req_id_count= 16500 stream_id=65996 latency=0.832406 ms (tx_ts=156765894431792, rx_ts=156765895264198) request_id=1080706 zil_blk_id=65996 ccf_commit_seqno=1080706 nstreams_done_=16500 config.nstreams=20000 avg_latency=1.0669 ms avg throuhgput (requests/sec) = 83.3415 res=false
*==== INFO ====* req_id_count= 17000 stream_id=67996 latency=1.116334 ms (tx_ts=156771843599402, rx_ts=156771844715736) request_id=1113392 zil_blk_id=67996 ccf_commit_seqno=1113392 nstreams_done_=17000 config.nstreams=20000 avg_latency=1.0665 ms avg throuhgput (requests/sec) = 83.3619 res=false
*==== INFO ====* req_id_count= 17500 stream_id=69996 latency=0.793755 ms (tx_ts=156777779473857, rx_ts=156777780267612) request_id=1146047 zil_blk_id=69996 ccf_commit_seqno=1146047 nstreams_done_=17500 config.nstreams=20000 avg_latency=1.0658 ms avg throuhgput (requests/sec) = 83.3867 res=false
*==== INFO ====* req_id_count= 18000 stream_id=71996 latency=1.072546 ms (tx_ts=156783685952798, rx_ts=156783687025344) request_id=1178471 zil_blk_id=71996 ccf_commit_seqno=1178472 nstreams_done_=18000 config.nstreams=20000 avg_latency=1.0647 ms avg throuhgput (requests/sec) = 83.4212 res=false
*==== INFO ====* req_id_count= 18500 stream_id=73996 latency=1.029985 ms (tx_ts=156789616932690, rx_ts=156789617962675) request_id=1211024 zil_blk_id=73996 ccf_commit_seqno=1211026 nstreams_done_=18500 config.nstreams=20000 avg_latency=1.0645 ms avg throuhgput (requests/sec) = 83.4449 res=false
*==== INFO ====* req_id_count= 19000 stream_id=75996 latency=1.086976 ms (tx_ts=156795526773057, rx_ts=156795527860033) request_id=1243503 zil_blk_id=75996 ccf_commit_seqno=1243505 nstreams_done_=19000 config.nstreams=20000 avg_latency=1.0641 ms avg throuhgput (requests/sec) = 83.4749 res=false
*==== INFO ====* req_id_count= 19500 stream_id=77996 latency=0.914661 ms (tx_ts=156801431278799, rx_ts=156801432193460) request_id=1268744 zil_blk_id=77996 ccf_commit_seqno=1268744 nstreams_done_=19500 config.nstreams=20000 avg_latency=1.0632 ms avg throuhgput (requests/sec) = 83.5055 res=false
*==== INFO ====* http_end_stream ALL streams done! nstreams_done_=20000 avg_latency=1.0603 msreq_id_count= 20000
*==== INFO ====* req_id_count= 20000 stream_id=79996 latency=0.826915 ms (tx_ts=156807407684638, rx_ts=156807408511553) request_id=1278691 zil_blk_id=79996 ccf_commit_seqno=1278691 nstreams_done_=20000 config.nstreams=20000 avg_latency=1.0603 ms avg throuhgput (requests/sec) = 83.5094 res=true
