Uniform: 193995 709206 725481 502659 753758 
Exponential: -2147483648 -2147483648 -2147483648 -2147483648 -2147483648 
Truncated Normal: 863540 557766 311894 441145 711239 
*==== INFO ====* req_id_count= 500 stream_id=1996 latency=0.772165 ms (tx_ts=156573897980638, rx_ts=156573898752803) request_id=31813 zil_blk_id=1996 ccf_commit_seqno=31813 nstreams_done_=500 config.nstreams=20000 avg_latency=0.9626 ms avg throuhgput (requests/sec) = 83.3877 res=false
*==== INFO ====* req_id_count= 1000 stream_id=3996 latency=0.855918 ms (tx_ts=156579901750129, rx_ts=156579902606047) request_id=64255 zil_blk_id=3996 ccf_commit_seqno=64255 nstreams_done_=1000 config.nstreams=20000 avg_latency=0.9636 ms avg throuhgput (requests/sec) = 83.3338 res=false
*==== INFO ====* req_id_count= 1500 stream_id=5996 latency=1.062558 ms (tx_ts=156585817784127, rx_ts=156585818846685) request_id=96331 zil_blk_id=5996 ccf_commit_seqno=96334 nstreams_done_=1500 config.nstreams=20000 avg_latency=0.9563 ms avg throuhgput (requests/sec) = 83.7232 res=false
*==== INFO ====* req_id_count= 2000 stream_id=7996 latency=0.808583 ms (tx_ts=156591767098369, rx_ts=156591767906952) request_id=128657 zil_blk_id=7996 ccf_commit_seqno=128658 nstreams_done_=2000 config.nstreams=20000 avg_latency=0.9542 ms avg throuhgput (requests/sec) = 83.8039 res=false
*==== INFO ====* req_id_count= 2500 stream_id=9996 latency=1.012504 ms (tx_ts=156597667589559, rx_ts=156597668602063) request_id=160677 zil_blk_id=9996 ccf_commit_seqno=160680 nstreams_done_=2500 config.nstreams=20000 avg_latency=0.9530 ms avg throuhgput (requests/sec) = 83.9886 res=false
*==== INFO ====* req_id_count= 3000 stream_id=11996 latency=0.934899 ms (tx_ts=156603587872791, rx_ts=156603588807690) request_id=192826 zil_blk_id=11996 ccf_commit_seqno=192827 nstreams_done_=3000 config.nstreams=20000 avg_latency=0.9507 ms avg throuhgput (requests/sec) = 84.0663 res=false
*==== INFO ====* req_id_count= 3500 stream_id=13996 latency=0.931703 ms (tx_ts=156609529110928, rx_ts=156609530042631) request_id=225147 zil_blk_id=13996 ccf_commit_seqno=225148 nstreams_done_=3500 config.nstreams=20000 avg_latency=0.9493 ms avg throuhgput (requests/sec) = 84.0793 res=false
*==== INFO ====* req_id_count= 4000 stream_id=15996 latency=1.084969 ms (tx_ts=156615444019904, rx_ts=156615445104873) request_id=257371 zil_blk_id=15996 ccf_commit_seqno=257376 nstreams_done_=4000 config.nstreams=20000 avg_latency=0.9435 ms avg throuhgput (requests/sec) = 84.1354 res=false
*==== INFO ====* req_id_count= 4500 stream_id=17996 latency=1.040336 ms (tx_ts=156621374342743, rx_ts=156621375383079) request_id=289619 zil_blk_id=17996 ccf_commit_seqno=289620 nstreams_done_=4500 config.nstreams=20000 avg_latency=0.9446 ms avg throuhgput (requests/sec) = 84.1551 res=false
*==== INFO ====* req_id_count= 5000 stream_id=19996 latency=0.930621 ms (tx_ts=156627291019032, rx_ts=156627291949653) request_id=321831 zil_blk_id=19996 ccf_commit_seqno=321831 nstreams_done_=5000 config.nstreams=20000 avg_latency=0.9434 ms avg throuhgput (requests/sec) = 84.1903 res=false
*==== INFO ====* req_id_count= 5500 stream_id=21996 latency=0.976296 ms (tx_ts=156633221108475, rx_ts=156633222084771) request_id=354102 zil_blk_id=21996 ccf_commit_seqno=354103 nstreams_done_=5500 config.nstreams=20000 avg_latency=0.9419 ms avg throuhgput (requests/sec) = 84.2016 res=false
*==== INFO ====* req_id_count= 6000 stream_id=23996 latency=0.983640 ms (tx_ts=156639077382065, rx_ts=156639078365705) request_id=386094 zil_blk_id=23996 ccf_commit_seqno=386098 nstreams_done_=6000 config.nstreams=20000 avg_latency=0.9379 ms avg throuhgput (requests/sec) = 84.2984 res=false
*==== INFO ====* req_id_count= 6500 stream_id=25996 latency=0.657940 ms (tx_ts=156644914491681, rx_ts=156644915149621) request_id=418008 zil_blk_id=25996 ccf_commit_seqno=418008 nstreams_done_=6500 config.nstreams=20000 avg_latency=0.9362 ms avg throuhgput (requests/sec) = 84.4019 res=false
*==== INFO ====* req_id_count= 7000 stream_id=27996 latency=0.932354 ms (tx_ts=156650745765961, rx_ts=156650746698315) request_id=449907 zil_blk_id=27996 ccf_commit_seqno=449909 nstreams_done_=7000 config.nstreams=20000 avg_latency=0.9344 ms avg throuhgput (requests/sec) = 84.4961 res=false
*==== INFO ====* req_id_count= 7500 stream_id=29996 latency=0.882724 ms (tx_ts=156656573737294, rx_ts=156656574620018) request_id=481764 zil_blk_id=29996 ccf_commit_seqno=481766 nstreams_done_=7500 config.nstreams=20000 avg_latency=0.9341 ms avg throuhgput (requests/sec) = 84.5814 res=false
*==== INFO ====* req_id_count= 8000 stream_id=31996 latency=0.774826 ms (tx_ts=156662399865554, rx_ts=156662400640380) request_id=513576 zil_blk_id=31996 ccf_commit_seqno=513578 nstreams_done_=8000 config.nstreams=20000 avg_latency=0.9348 ms avg throuhgput (requests/sec) = 84.6579 res=false
*==== INFO ====* req_id_count= 8500 stream_id=33996 latency=0.760733 ms (tx_ts=156668243391480, rx_ts=156668244152213) request_id=545475 zil_blk_id=33996 ccf_commit_seqno=545475 nstreams_done_=8500 config.nstreams=20000 avg_latency=0.9356 ms avg throuhgput (requests/sec) = 84.7107 res=false
*==== INFO ====* req_id_count= 9000 stream_id=35996 latency=1.017182 ms (tx_ts=156674074180937, rx_ts=156674075198119) request_id=577386 zil_blk_id=35996 ccf_commit_seqno=577387 nstreams_done_=9000 config.nstreams=20000 avg_latency=0.9356 ms avg throuhgput (requests/sec) = 84.7677 res=false
*==== INFO ====* req_id_count= 9500 stream_id=37996 latency=0.966928 ms (tx_ts=156679906456082, rx_ts=156679907423010) request_id=609308 zil_blk_id=37996 ccf_commit_seqno=609309 nstreams_done_=9500 config.nstreams=20000 avg_latency=0.9354 ms avg throuhgput (requests/sec) = 84.8178 res=false
*==== INFO ====* req_id_count= 10000 stream_id=39996 latency=1.350696 ms (tx_ts=156685787128731, rx_ts=156685788479427) request_id=641229 zil_blk_id=39996 ccf_commit_seqno=641233 nstreams_done_=10000 config.nstreams=20000 avg_latency=0.9382 ms avg throuhgput (requests/sec) = 84.8279 res=false
*==== INFO ====* req_id_count= 10500 stream_id=41996 latency=0.701351 ms (tx_ts=156691607503119, rx_ts=156691608204470) request_id=673172 zil_blk_id=41996 ccf_commit_seqno=673172 nstreams_done_=10500 config.nstreams=20000 avg_latency=0.9387 ms avg throuhgput (requests/sec) = 84.8790 res=false
*==== INFO ====* req_id_count= 11000 stream_id=43996 latency=1.048071 ms (tx_ts=156697423861114, rx_ts=156697424909185) request_id=705074 zil_blk_id=43996 ccf_commit_seqno=705076 nstreams_done_=11000 config.nstreams=20000 avg_latency=0.9390 ms avg throuhgput (requests/sec) = 84.9275 res=false
*==== INFO ====* req_id_count= 11500 stream_id=45996 latency=0.960326 ms (tx_ts=156703250307515, rx_ts=156703251267841) request_id=737001 zil_blk_id=45996 ccf_commit_seqno=737002 nstreams_done_=11500 config.nstreams=20000 avg_latency=0.9382 ms avg throuhgput (requests/sec) = 84.9658 res=false
*==== INFO ====* req_id_count= 12000 stream_id=47996 latency=0.812309 ms (tx_ts=156709066614443, rx_ts=156709067426752) request_id=768902 zil_blk_id=47996 ccf_commit_seqno=768902 nstreams_done_=12000 config.nstreams=20000 avg_latency=0.9375 ms avg throuhgput (requests/sec) = 85.0071 res=false
*==== INFO ====* req_id_count= 12500 stream_id=49996 latency=1.117360 ms (tx_ts=156714902490277, rx_ts=156714903607637) request_id=800931 zil_blk_id=49996 ccf_commit_seqno=800933 nstreams_done_=12500 config.nstreams=20000 avg_latency=0.9375 ms avg throuhgput (requests/sec) = 85.0335 res=false
*==== INFO ====* req_id_count= 13000 stream_id=51996 latency=1.037290 ms (tx_ts=156720736439305, rx_ts=156720737476595) request_id=832957 zil_blk_id=51996 ccf_commit_seqno=832958 nstreams_done_=13000 config.nstreams=20000 avg_latency=0.9365 ms avg throuhgput (requests/sec) = 85.0592 res=false
*==== INFO ====* req_id_count= 13500 stream_id=53996 latency=0.854047 ms (tx_ts=156726577111043, rx_ts=156726577965090) request_id=865007 zil_blk_id=53996 ccf_commit_seqno=865008 nstreams_done_=13500 config.nstreams=20000 avg_latency=0.9358 ms avg throuhgput (requests/sec) = 85.0794 res=false
*==== INFO ====* req_id_count= 14000 stream_id=55996 latency=0.691002 ms (tx_ts=156732394383129, rx_ts=156732395074131) request_id=896947 zil_blk_id=55996 ccf_commit_seqno=896947 nstreams_done_=14000 config.nstreams=20000 avg_latency=0.9341 ms avg throuhgput (requests/sec) = 85.1103 res=false
*==== INFO ====* req_id_count= 14500 stream_id=57996 latency=1.060714 ms (tx_ts=156738257766499, rx_ts=156738258827213) request_id=929129 zil_blk_id=57996 ccf_commit_seqno=929130 nstreams_done_=14500 config.nstreams=20000 avg_latency=0.9335 ms avg throuhgput (requests/sec) = 85.1158 res=false
*==== INFO ====* req_id_count= 15000 stream_id=59996 latency=0.989010 ms (tx_ts=156744083204608, rx_ts=156744084193618) request_id=961105 zil_blk_id=59996 ccf_commit_seqno=961106 nstreams_done_=15000 config.nstreams=20000 avg_latency=0.9328 ms avg throuhgput (requests/sec) = 85.1395 res=false
*==== INFO ====* req_id_count= 15500 stream_id=61996 latency=0.912536 ms (tx_ts=156749902136921, rx_ts=156749903049457) request_id=993047 zil_blk_id=61996 ccf_commit_seqno=993047 nstreams_done_=15500 config.nstreams=20000 avg_latency=0.9337 ms avg throuhgput (requests/sec) = 85.1647 res=false
*==== INFO ====* req_id_count= 16000 stream_id=63996 latency=0.786581 ms (tx_ts=156755742846894, rx_ts=156755743633475) request_id=1025119 zil_blk_id=63996 ccf_commit_seqno=1025119 nstreams_done_=16000 config.nstreams=20000 avg_latency=0.9334 ms avg throuhgput (requests/sec) = 85.1784 res=false
*==== INFO ====* req_id_count= 16500 stream_id=65996 latency=0.966849 ms (tx_ts=156761609150773, rx_ts=156761610117622) request_id=1057201 zil_blk_id=65996 ccf_commit_seqno=1057202 nstreams_done_=16500 config.nstreams=20000 avg_latency=0.9356 ms avg throuhgput (requests/sec) = 85.1800 res=false
*==== INFO ====* req_id_count= 17000 stream_id=67996 latency=0.753358 ms (tx_ts=156767447844330, rx_ts=156767448597688) request_id=1089242 zil_blk_id=67996 ccf_commit_seqno=1089243 nstreams_done_=17000 config.nstreams=20000 avg_latency=0.9352 ms avg throuhgput (requests/sec) = 85.1934 res=false
*==== INFO ====* req_id_count= 17500 stream_id=69996 latency=0.989470 ms (tx_ts=156773270258811, rx_ts=156773271248281) request_id=1121239 zil_blk_id=69996 ccf_commit_seqno=1121242 nstreams_done_=17500 config.nstreams=20000 avg_latency=0.9346 ms avg throuhgput (requests/sec) = 85.2126 res=false
*==== INFO ====* req_id_count= 18000 stream_id=71996 latency=0.933265 ms (tx_ts=156779121036307, rx_ts=156779121969572) request_id=1153390 zil_blk_id=71996 ccf_commit_seqno=1153392 nstreams_done_=18000 config.nstreams=20000 avg_latency=0.9339 ms avg throuhgput (requests/sec) = 85.2195 res=false
*==== INFO ====* req_id_count= 18500 stream_id=73996 latency=1.006272 ms (tx_ts=156784960876347, rx_ts=156784961882619) request_id=1185444 zil_blk_id=73996 ccf_commit_seqno=1185444 nstreams_done_=18500 config.nstreams=20000 avg_latency=0.9335 ms avg throuhgput (requests/sec) = 85.2302 res=false
*==== INFO ====* req_id_count= 19000 stream_id=75996 latency=0.946370 ms (tx_ts=156790790863055, rx_ts=156790791809425) request_id=1217470 zil_blk_id=75996 ccf_commit_seqno=1217470 nstreams_done_=19000 config.nstreams=20000 avg_latency=0.9332 ms avg throuhgput (requests/sec) = 85.2442 res=false
*==== INFO ====* req_id_count= 19500 stream_id=77996 latency=1.028984 ms (tx_ts=156796607083156, rx_ts=156796608112140) request_id=1249260 zil_blk_id=77996 ccf_commit_seqno=1249261 nstreams_done_=19500 config.nstreams=20000 avg_latency=0.9329 ms avg throuhgput (requests/sec) = 85.2625 res=false
*==== INFO ====* http_end_stream ALL streams done! nstreams_done_=20000 avg_latency=0.9316 msreq_id_count= 20000
*==== INFO ====* req_id_count= 20000 stream_id=79996 latency=0.708505 ms (tx_ts=156802420153090, rx_ts=156802420861595) request_id=1271344 zil_blk_id=79996 ccf_commit_seqno=1271344 nstreams_done_=20000 config.nstreams=20000 avg_latency=0.9316 ms avg throuhgput (requests/sec) = 85.2812 res=true
