Uniform: 977622 705674 745285 389589 468804 
Exponential: -2147483648 -2147483648 -2147483648 -2147483648 -2147483648 
Truncated Normal: 382461 598486 699685 413630 486649 
*==== INFO ====* req_id_count= 500 stream_id=1996 latency=1.024497 ms (tx_ts=156573886683895, rx_ts=156573887708392) request_id=31754 zil_blk_id=1996 ccf_commit_seqno=31754 nstreams_done_=500 config.nstreams=20000 avg_latency=0.9856 ms avg throuhgput (requests/sec) = 83.5489 res=false
*==== INFO ====* req_id_count= 1000 stream_id=3996 latency=0.675504 ms (tx_ts=156579780509825, rx_ts=156579781185329) request_id=63599 zil_blk_id=3996 ccf_commit_seqno=63599 nstreams_done_=1000 config.nstreams=20000 avg_latency=0.9649 ms avg throuhgput (requests/sec) = 84.1893 res=false
*==== INFO ====* req_id_count= 1500 stream_id=5996 latency=1.124119 ms (tx_ts=156585676099954, rx_ts=156585677224073) request_id=95569 zil_blk_id=5996 ccf_commit_seqno=95570 nstreams_done_=1500 config.nstreams=20000 avg_latency=0.9695 ms avg throuhgput (requests/sec) = 84.3928 res=false
*==== INFO ====* req_id_count= 2000 stream_id=7996 latency=0.755523 ms (tx_ts=156591550990100, rx_ts=156591551745623) request_id=127481 zil_blk_id=7996 ccf_commit_seqno=127481 nstreams_done_=2000 config.nstreams=20000 avg_latency=0.9593 ms avg throuhgput (requests/sec) = 84.5717 res=false
*==== INFO ====* req_id_count= 2500 stream_id=9996 latency=0.747539 ms (tx_ts=156597417521602, rx_ts=156597418269141) request_id=159342 zil_blk_id=9996 ccf_commit_seqno=159342 nstreams_done_=2500 config.nstreams=20000 avg_latency=0.9603 ms avg throuhgput (requests/sec) = 84.7025 res=false
*==== INFO ====* req_id_count= 3000 stream_id=11996 latency=0.913038 ms (tx_ts=156603312222324, rx_ts=156603313135362) request_id=191326 zil_blk_id=11996 ccf_commit_seqno=191327 nstreams_done_=3000 config.nstreams=20000 avg_latency=0.9658 ms avg throuhgput (requests/sec) = 84.7220 res=false
*==== INFO ====* req_id_count= 3500 stream_id=13996 latency=0.787808 ms (tx_ts=156609177920718, rx_ts=156609178708526) request_id=223254 zil_blk_id=13996 ccf_commit_seqno=223254 nstreams_done_=3500 config.nstreams=20000 avg_latency=0.9663 ms avg throuhgput (requests/sec) = 84.7960 res=false
*==== INFO ====* req_id_count= 4000 stream_id=15996 latency=0.829201 ms (tx_ts=156615038865857, rx_ts=156615039695058) request_id=255167 zil_blk_id=15996 ccf_commit_seqno=255168 nstreams_done_=4000 config.nstreams=20000 avg_latency=0.9639 ms avg throuhgput (requests/sec) = 84.8599 res=false
*==== INFO ====* req_id_count= 4500 stream_id=17996 latency=1.026954 ms (tx_ts=156620921275270, rx_ts=156620922302224) request_id=287175 zil_blk_id=17996 ccf_commit_seqno=287178 nstreams_done_=4500 config.nstreams=20000 avg_latency=0.9652 ms avg throuhgput (requests/sec) = 84.8750 res=false
*==== INFO ====* req_id_count= 5000 stream_id=19996 latency=0.853918 ms (tx_ts=156626810608508, rx_ts=156626811462426) request_id=319208 zil_blk_id=19996 ccf_commit_seqno=319208 nstreams_done_=5000 config.nstreams=20000 avg_latency=0.9670 ms avg throuhgput (requests/sec) = 84.8777 res=false
*==== INFO ====* req_id_count= 5500 stream_id=21996 latency=0.716691 ms (tx_ts=156632711435380, rx_ts=156632712152071) request_id=351319 zil_blk_id=21996 ccf_commit_seqno=351319 nstreams_done_=5500 config.nstreams=20000 avg_latency=0.9665 ms avg throuhgput (requests/sec) = 84.8648 res=false
*==== INFO ====* req_id_count= 6000 stream_id=23996 latency=0.923086 ms (tx_ts=156638568633193, rx_ts=156638569556279) request_id=383315 zil_blk_id=23996 ccf_commit_seqno=383315 nstreams_done_=6000 config.nstreams=20000 avg_latency=0.9665 ms avg throuhgput (requests/sec) = 84.9060 res=false
*==== INFO ====* req_id_count= 6500 stream_id=25996 latency=0.863265 ms (tx_ts=156644445781479, rx_ts=156644446644744) request_id=415444 zil_blk_id=25996 ccf_commit_seqno=415446 nstreams_done_=6500 config.nstreams=20000 avg_latency=0.9642 ms avg throuhgput (requests/sec) = 84.9191 res=false
*==== INFO ====* req_id_count= 7000 stream_id=27996 latency=0.822408 ms (tx_ts=156650299561080, rx_ts=156650300383488) request_id=447467 zil_blk_id=27996 ccf_commit_seqno=447468 nstreams_done_=7000 config.nstreams=20000 avg_latency=0.9634 ms avg throuhgput (requests/sec) = 84.9543 res=false
*==== INFO ====* req_id_count= 7500 stream_id=29996 latency=0.838115 ms (tx_ts=156656145306787, rx_ts=156656146144902) request_id=479412 zil_blk_id=29996 ccf_commit_seqno=479412 nstreams_done_=7500 config.nstreams=20000 avg_latency=0.9622 ms avg throuhgput (requests/sec) = 84.9926 res=false
*==== INFO ====* req_id_count= 8000 stream_id=31996 latency=0.997616 ms (tx_ts=156662004711755, rx_ts=156662005709371) request_id=511417 zil_blk_id=31996 ccf_commit_seqno=511419 nstreams_done_=8000 config.nstreams=20000 avg_latency=0.9625 ms avg throuhgput (requests/sec) = 85.0137 res=false
*==== INFO ====* req_id_count= 8500 stream_id=33996 latency=0.742351 ms (tx_ts=156667862726437, rx_ts=156667863468788) request_id=543389 zil_blk_id=33996 ccf_commit_seqno=543389 nstreams_done_=8500 config.nstreams=20000 avg_latency=0.9634 ms avg throuhgput (requests/sec) = 85.0338 res=false
*==== INFO ====* req_id_count= 9000 stream_id=35996 latency=0.806418 ms (tx_ts=156673721651451, rx_ts=156673722457869) request_id=575456 zil_blk_id=35996 ccf_commit_seqno=575456 nstreams_done_=9000 config.nstreams=20000 avg_latency=0.9641 ms avg throuhgput (requests/sec) = 85.0507 res=false
*==== INFO ====* req_id_count= 9500 stream_id=37996 latency=0.978130 ms (tx_ts=156679611710644, rx_ts=156679612688774) request_id=607694 zil_blk_id=37996 ccf_commit_seqno=607699 nstreams_done_=9500 config.nstreams=20000 avg_latency=0.9646 ms avg throuhgput (requests/sec) = 85.0420 res=false
*==== INFO ====* req_id_count= 10000 stream_id=39996 latency=1.061746 ms (tx_ts=156685583342462, rx_ts=156685584404208) request_id=640122 zil_blk_id=39996 ccf_commit_seqno=640125 nstreams_done_=10000 config.nstreams=20000 avg_latency=0.9692 ms avg throuhgput (requests/sec) = 84.9753 res=false
*==== INFO ====* req_id_count= 10500 stream_id=41996 latency=0.741146 ms (tx_ts=156691450803594, rx_ts=156691451544740) request_id=672314 zil_blk_id=41996 ccf_commit_seqno=672314 nstreams_done_=10500 config.nstreams=20000 avg_latency=0.9687 ms avg throuhgput (requests/sec) = 84.9870 res=false
*==== INFO ====* req_id_count= 11000 stream_id=43996 latency=0.812551 ms (tx_ts=156697300609777, rx_ts=156697301422328) request_id=704393 zil_blk_id=43996 ccf_commit_seqno=704394 nstreams_done_=11000 config.nstreams=20000 avg_latency=0.9677 ms avg throuhgput (requests/sec) = 85.0089 res=false
*==== INFO ====* req_id_count= 11500 stream_id=45996 latency=1.105097 ms (tx_ts=156703153285893, rx_ts=156703154390990) request_id=736462 zil_blk_id=45996 ccf_commit_seqno=736469 nstreams_done_=11500 config.nstreams=20000 avg_latency=0.9669 ms avg throuhgput (requests/sec) = 85.0270 res=false
*==== INFO ====* req_id_count= 12000 stream_id=47996 latency=0.728382 ms (tx_ts=156709019940525, rx_ts=156709020668907) request_id=768658 zil_blk_id=47996 ccf_commit_seqno=768660 nstreams_done_=12000 config.nstreams=20000 avg_latency=0.9659 ms avg throuhgput (requests/sec) = 85.0355 res=false
*==== INFO ====* req_id_count= 12500 stream_id=49996 latency=0.790406 ms (tx_ts=156714876931356, rx_ts=156714877721762) request_id=800789 zil_blk_id=49996 ccf_commit_seqno=800789 nstreams_done_=12500 config.nstreams=20000 avg_latency=0.9651 ms avg throuhgput (requests/sec) = 85.0487 res=false
*==== INFO ====* req_id_count= 13000 stream_id=51996 latency=0.797211 ms (tx_ts=156720728620761, rx_ts=156720729417972) request_id=832917 zil_blk_id=51996 ccf_commit_seqno=832918 nstreams_done_=13000 config.nstreams=20000 avg_latency=0.9638 ms avg throuhgput (requests/sec) = 85.0639 res=false
*==== INFO ====* req_id_count= 13500 stream_id=53996 latency=1.051085 ms (tx_ts=156726606236067, rx_ts=156726607287152) request_id=865153 zil_blk_id=53996 ccf_commit_seqno=865156 nstreams_done_=13500 config.nstreams=20000 avg_latency=0.9633 ms avg throuhgput (requests/sec) = 85.0640 res=false
*==== INFO ====* req_id_count= 14000 stream_id=55996 latency=0.881033 ms (tx_ts=156732495031762, rx_ts=156732495912795) request_id=897503 zil_blk_id=55996 ccf_commit_seqno=897503 nstreams_done_=14000 config.nstreams=20000 avg_latency=0.9633 ms avg throuhgput (requests/sec) = 85.0584 res=false
*==== INFO ====* req_id_count= 14500 stream_id=57996 latency=1.037670 ms (tx_ts=156738338473172, rx_ts=156738339510842) request_id=929568 zil_blk_id=57996 ccf_commit_seqno=929570 nstreams_done_=14500 config.nstreams=20000 avg_latency=0.9627 ms avg throuhgput (requests/sec) = 85.0758 res=false
*==== INFO ====* req_id_count= 15000 stream_id=59996 latency=1.152386 ms (tx_ts=156744271826821, rx_ts=156744272979207) request_id=962132 zil_blk_id=59996 ccf_commit_seqno=962135 nstreams_done_=15000 config.nstreams=20000 avg_latency=0.9643 ms avg throuhgput (requests/sec) = 85.0486 res=false
*==== INFO ====* req_id_count= 15500 stream_id=61996 latency=1.022897 ms (tx_ts=156750118009931, rx_ts=156750119032828) request_id=994226 zil_blk_id=61996 ccf_commit_seqno=994228 nstreams_done_=15500 config.nstreams=20000 avg_latency=0.9635 ms avg throuhgput (requests/sec) = 85.0640 res=false
*==== INFO ====* req_id_count= 16000 stream_id=63996 latency=0.964835 ms (tx_ts=156755978729270, rx_ts=156755979694105) request_id=1026406 zil_blk_id=63996 ccf_commit_seqno=1026410 nstreams_done_=16000 config.nstreams=20000 avg_latency=0.9638 ms avg throuhgput (requests/sec) = 85.0718 res=false
*==== INFO ====* req_id_count= 16500 stream_id=65996 latency=0.820896 ms (tx_ts=156761862878074, rx_ts=156761863698970) request_id=1058588 zil_blk_id=65996 ccf_commit_seqno=1058589 nstreams_done_=16500 config.nstreams=20000 avg_latency=0.9655 ms avg throuhgput (requests/sec) = 85.0689 res=false
*==== INFO ====* req_id_count= 17000 stream_id=67996 latency=0.972599 ms (tx_ts=156767705663085, rx_ts=156767706635684) request_id=1090652 zil_blk_id=67996 ccf_commit_seqno=1090654 nstreams_done_=17000 config.nstreams=20000 avg_latency=0.9650 ms avg throuhgput (requests/sec) = 85.0836 res=false
*==== INFO ====* req_id_count= 17500 stream_id=69996 latency=0.761454 ms (tx_ts=156773565958650, rx_ts=156773566720104) request_id=1122867 zil_blk_id=69996 ccf_commit_seqno=1122868 nstreams_done_=17500 config.nstreams=20000 avg_latency=0.9650 ms avg throuhgput (requests/sec) = 85.0904 res=false
*==== INFO ====* req_id_count= 18000 stream_id=71996 latency=0.694219 ms (tx_ts=156779419898467, rx_ts=156779420592686) request_id=1155027 zil_blk_id=71996 ccf_commit_seqno=1155027 nstreams_done_=18000 config.nstreams=20000 avg_latency=0.9644 ms avg throuhgput (requests/sec) = 85.0994 res=false
*==== INFO ====* req_id_count= 18500 stream_id=73996 latency=0.931672 ms (tx_ts=156785282396663, rx_ts=156785283328335) request_id=1187221 zil_blk_id=73996 ccf_commit_seqno=1187223 nstreams_done_=18500 config.nstreams=20000 avg_latency=0.9649 ms avg throuhgput (requests/sec) = 85.1044 res=false
*==== INFO ====* req_id_count= 19000 stream_id=75996 latency=0.904743 ms (tx_ts=156791129865666, rx_ts=156791130770409) request_id=1219335 zil_blk_id=75996 ccf_commit_seqno=1219336 nstreams_done_=19000 config.nstreams=20000 avg_latency=0.9646 ms avg throuhgput (requests/sec) = 85.1149 res=false
*==== INFO ====* req_id_count= 19500 stream_id=77996 latency=0.679782 ms (tx_ts=156796996219389, rx_ts=156796996899171) request_id=1251187 zil_blk_id=77996 ccf_commit_seqno=1251187 nstreams_done_=19500 config.nstreams=20000 avg_latency=0.9650 ms avg throuhgput (requests/sec) = 85.1180 res=false
*==== INFO ====* http_end_stream ALL streams done! nstreams_done_=20000 avg_latency=0.9644 msreq_id_count= 20000
*==== INFO ====* req_id_count= 20000 stream_id=79996 latency=3.154602 ms (tx_ts=156802876222547, rx_ts=156802879377149) request_id=1272318 zil_blk_id=79996 ccf_commit_seqno=1272318 nstreams_done_=20000 config.nstreams=20000 avg_latency=0.9644 ms avg throuhgput (requests/sec) = 85.1150 res=true
