Uniform: 273764 511596 553823 461189 710367 
Exponential: -2147483648 -2147483648 -2147483648 -2147483648 -2147483648 
Truncated Normal: 317362 553587 303788 283164 511398 
*==== INFO ====* req_id_count= 500 stream_id=1996 latency=1.004761 ms (tx_ts=156573798698123, rx_ts=156573799702884) request_id=31303 zil_blk_id=1996 ccf_commit_seqno=31308 nstreams_done_=500 config.nstreams=20000 avg_latency=0.9517 ms avg throuhgput (requests/sec) = 84.7861 res=false
*==== INFO ====* req_id_count= 1000 stream_id=3996 latency=0.752989 ms (tx_ts=156579622098832, rx_ts=156579622851821) request_id=62754 zil_blk_id=3996 ccf_commit_seqno=62755 nstreams_done_=1000 config.nstreams=20000 avg_latency=0.9313 ms avg throuhgput (requests/sec) = 85.3217 res=false
*==== INFO ====* req_id_count= 1500 stream_id=5996 latency=0.913326 ms (tx_ts=156585440233664, rx_ts=156585441146990) request_id=94304 zil_blk_id=5996 ccf_commit_seqno=94305 nstreams_done_=1500 config.nstreams=20000 avg_latency=0.9279 ms avg throuhgput (requests/sec) = 85.5254 res=false
*==== INFO ====* req_id_count= 2000 stream_id=7996 latency=0.793685 ms (tx_ts=156591265369391, rx_ts=156591266163076) request_id=125944 zil_blk_id=7996 ccf_commit_seqno=125944 nstreams_done_=2000 config.nstreams=20000 avg_latency=0.9240 ms avg throuhgput (requests/sec) = 85.6030 res=false
*==== INFO ====* req_id_count= 2500 stream_id=9996 latency=0.822178 ms (tx_ts=156597085089757, rx_ts=156597085911935) request_id=157547 zil_blk_id=9996 ccf_commit_seqno=157548 nstreams_done_=2500 config.nstreams=20000 avg_latency=0.9203 ms avg throuhgput (requests/sec) = 85.6651 res=false
*==== INFO ====* req_id_count= 3000 stream_id=11996 latency=0.739173 ms (tx_ts=156602947338341, rx_ts=156602948077514) request_id=189349 zil_blk_id=11996 ccf_commit_seqno=189350 nstreams_done_=3000 config.nstreams=20000 avg_latency=0.9207 ms avg throuhgput (requests/sec) = 85.6028 res=false
*==== INFO ====* req_id_count= 3500 stream_id=13996 latency=1.032271 ms (tx_ts=156608781026530, rx_ts=156608782058801) request_id=221098 zil_blk_id=13996 ccf_commit_seqno=221100 nstreams_done_=3500 config.nstreams=20000 avg_latency=0.9152 ms avg throuhgput (requests/sec) = 85.6174 res=false
*==== INFO ====* req_id_count= 4000 stream_id=15996 latency=0.893079 ms (tx_ts=156614609503885, rx_ts=156614610396964) request_id=252829 zil_blk_id=15996 ccf_commit_seqno=252831 nstreams_done_=4000 config.nstreams=20000 avg_latency=0.9144 ms avg throuhgput (requests/sec) = 85.6386 res=false
*==== INFO ====* req_id_count= 4500 stream_id=17996 latency=0.700450 ms (tx_ts=156620467504373, rx_ts=156620468204823) request_id=284713 zil_blk_id=17996 ccf_commit_seqno=284713 nstreams_done_=4500 config.nstreams=20000 avg_latency=0.9182 ms avg throuhgput (requests/sec) = 85.6072 res=false
*==== INFO ====* req_id_count= 5000 stream_id=19996 latency=0.838819 ms (tx_ts=156626337295061, rx_ts=156626338133880) request_id=316624 zil_blk_id=19996 ccf_commit_seqno=316626 nstreams_done_=5000 config.nstreams=20000 avg_latency=0.9239 ms avg throuhgput (requests/sec) = 85.5642 res=false
*==== INFO ====* req_id_count= 5500 stream_id=21996 latency=0.988780 ms (tx_ts=156632180233921, rx_ts=156632181222701) request_id=348427 zil_blk_id=21996 ccf_commit_seqno=348428 nstreams_done_=5500 config.nstreams=20000 avg_latency=0.9262 ms avg throuhgput (requests/sec) = 85.5649 res=false
*==== INFO ====* req_id_count= 6000 stream_id=23996 latency=0.827227 ms (tx_ts=156637982420430, rx_ts=156637983247657) request_id=380098 zil_blk_id=23996 ccf_commit_seqno=380099 nstreams_done_=6000 config.nstreams=20000 avg_latency=0.9232 ms avg throuhgput (requests/sec) = 85.6155 res=false
*==== INFO ====* req_id_count= 6500 stream_id=25996 latency=0.866320 ms (tx_ts=156643788986385, rx_ts=156643789852705) request_id=411854 zil_blk_id=25996 ccf_commit_seqno=411855 nstreams_done_=6500 config.nstreams=20000 avg_latency=0.9233 ms avg throuhgput (requests/sec) = 85.6533 res=false
*==== INFO ====* req_id_count= 7000 stream_id=27996 latency=0.847213 ms (tx_ts=156649622246099, rx_ts=156649623093312) request_id=443755 zil_blk_id=27996 ccf_commit_seqno=443755 nstreams_done_=7000 config.nstreams=20000 avg_latency=0.9232 ms avg throuhgput (requests/sec) = 85.6577 res=false
*==== INFO ====* req_id_count= 7500 stream_id=29996 latency=0.772302 ms (tx_ts=156655438506334, rx_ts=156655439278636) request_id=475557 zil_blk_id=29996 ccf_commit_seqno=475557 nstreams_done_=7500 config.nstreams=20000 avg_latency=0.9231 ms avg throuhgput (requests/sec) = 85.6783 res=false
*==== INFO ====* req_id_count= 8000 stream_id=31996 latency=0.761474 ms (tx_ts=156661267416012, rx_ts=156661268177486) request_id=507380 zil_blk_id=31996 ccf_commit_seqno=507380 nstreams_done_=8000 config.nstreams=20000 avg_latency=0.9241 ms avg throuhgput (requests/sec) = 85.6846 res=false
*==== INFO ====* req_id_count= 8500 stream_id=33996 latency=0.701021 ms (tx_ts=156667101789460, rx_ts=156667102490481) request_id=539225 zil_blk_id=33996 ccf_commit_seqno=539225 nstreams_done_=8500 config.nstreams=20000 avg_latency=0.9253 ms avg throuhgput (requests/sec) = 85.6855 res=false
*==== INFO ====* req_id_count= 9000 stream_id=35996 latency=1.090329 ms (tx_ts=156672922611305, rx_ts=156672923701634) request_id=571083 zil_blk_id=35996 ccf_commit_seqno=571087 nstreams_done_=9000 config.nstreams=20000 avg_latency=0.9249 ms avg throuhgput (requests/sec) = 85.6970 res=false
*==== INFO ====* req_id_count= 9500 stream_id=37996 latency=0.918698 ms (tx_ts=156678735905519, rx_ts=156678736824217) request_id=602897 zil_blk_id=37996 ccf_commit_seqno=602898 nstreams_done_=9500 config.nstreams=20000 avg_latency=0.9254 ms avg throuhgput (requests/sec) = 85.7135 res=false
*==== INFO ====* req_id_count= 10000 stream_id=39996 latency=0.690802 ms (tx_ts=156684600963775, rx_ts=156684601654577) request_id=634735 zil_blk_id=39996 ccf_commit_seqno=634735 nstreams_done_=10000 config.nstreams=20000 avg_latency=0.9265 ms avg throuhgput (requests/sec) = 85.6904 res=false
*==== INFO ====* req_id_count= 10500 stream_id=41996 latency=0.869526 ms (tx_ts=156690421666380, rx_ts=156690422535906) request_id=666654 zil_blk_id=41996 ccf_commit_seqno=666654 nstreams_done_=10500 config.nstreams=20000 avg_latency=0.9274 ms avg throuhgput (requests/sec) = 85.7003 res=false
*==== INFO ====* req_id_count= 11000 stream_id=43996 latency=0.893061 ms (tx_ts=156696226490530, rx_ts=156696227383591) request_id=698517 zil_blk_id=43996 ccf_commit_seqno=698517 nstreams_done_=11000 config.nstreams=20000 avg_latency=0.9274 ms avg throuhgput (requests/sec) = 85.7199 res=false
*==== INFO ====* req_id_count= 11500 stream_id=45996 latency=1.044500 ms (tx_ts=156702042868654, rx_ts=156702043913154) request_id=730381 zil_blk_id=45996 ccf_commit_seqno=730385 nstreams_done_=11500 config.nstreams=20000 avg_latency=0.9267 ms avg throuhgput (requests/sec) = 85.7304 res=false
*==== INFO ====* req_id_count= 12000 stream_id=47996 latency=0.716620 ms (tx_ts=156707863607266, rx_ts=156707864323886) request_id=762301 zil_blk_id=47996 ccf_commit_seqno=762301 nstreams_done_=12000 config.nstreams=20000 avg_latency=0.9264 ms avg throuhgput (requests/sec) = 85.7377 res=false
*==== INFO ====* req_id_count= 12500 stream_id=49996 latency=0.893741 ms (tx_ts=156713684427220, rx_ts=156713685320961) request_id=794254 zil_blk_id=49996 ccf_commit_seqno=794255 nstreams_done_=12500 config.nstreams=20000 avg_latency=0.9254 ms avg throuhgput (requests/sec) = 85.7440 res=false
*==== INFO ====* req_id_count= 13000 stream_id=51996 latency=0.868704 ms (tx_ts=156719500980422, rx_ts=156719501849126) request_id=826160 zil_blk_id=51996 ccf_commit_seqno=826160 nstreams_done_=13000 config.nstreams=20000 avg_latency=0.9248 ms avg throuhgput (requests/sec) = 85.7524 res=false
*==== INFO ====* req_id_count= 13500 stream_id=53996 latency=0.723153 ms (tx_ts=156725290142102, rx_ts=156725290865255) request_id=857927 zil_blk_id=53996 ccf_commit_seqno=857928 nstreams_done_=13500 config.nstreams=20000 avg_latency=0.9239 ms avg throuhgput (requests/sec) = 85.7751 res=false
*==== INFO ====* req_id_count= 14000 stream_id=55996 latency=0.701752 ms (tx_ts=156731095602448, rx_ts=156731096304200) request_id=889802 zil_blk_id=55996 ccf_commit_seqno=889802 nstreams_done_=14000 config.nstreams=20000 avg_latency=0.9235 ms avg throuhgput (requests/sec) = 85.7876 res=false
*==== INFO ====* req_id_count= 14500 stream_id=57996 latency=0.741097 ms (tx_ts=156736900854256, rx_ts=156736901595353) request_id=921674 zil_blk_id=57996 ccf_commit_seqno=921675 nstreams_done_=14500 config.nstreams=20000 avg_latency=0.9238 ms avg throuhgput (requests/sec) = 85.7993 res=false
*==== INFO ====* req_id_count= 15000 stream_id=59996 latency=0.865880 ms (tx_ts=156742721705824, rx_ts=156742722571704) request_id=953644 zil_blk_id=59996 ccf_commit_seqno=953645 nstreams_done_=15000 config.nstreams=20000 avg_latency=0.9244 ms avg throuhgput (requests/sec) = 85.8025 res=false
*==== INFO ====* req_id_count= 15500 stream_id=61996 latency=0.910614 ms (tx_ts=156748528358005, rx_ts=156748529268619) request_id=985513 zil_blk_id=61996 ccf_commit_seqno=985513 nstreams_done_=15500 config.nstreams=20000 avg_latency=0.9243 ms avg throuhgput (requests/sec) = 85.8123 res=false
*==== INFO ====* req_id_count= 16000 stream_id=63996 latency=0.917947 ms (tx_ts=156754334170488, rx_ts=156754335088435) request_id=1017382 zil_blk_id=63996 ccf_commit_seqno=1017385 nstreams_done_=16000 config.nstreams=20000 avg_latency=0.9237 ms avg throuhgput (requests/sec) = 85.8219 res=false
*==== INFO ====* req_id_count= 16500 stream_id=65996 latency=0.989060 ms (tx_ts=156760156196125, rx_ts=156760157185185) request_id=1049238 zil_blk_id=65996 ccf_commit_seqno=1049238 nstreams_done_=16500 config.nstreams=20000 avg_latency=0.9245 ms avg throuhgput (requests/sec) = 85.8237 res=false
*==== INFO ====* req_id_count= 17000 stream_id=67996 latency=0.668110 ms (tx_ts=156765968560374, rx_ts=156765969228484) request_id=1081102 zil_blk_id=67996 ccf_commit_seqno=1081102 nstreams_done_=17000 config.nstreams=20000 avg_latency=0.9240 ms avg throuhgput (requests/sec) = 85.8297 res=false
*==== INFO ====* req_id_count= 17500 stream_id=69996 latency=0.764891 ms (tx_ts=156771773839157, rx_ts=156771774604048) request_id=1113005 zil_blk_id=69996 ccf_commit_seqno=1113005 nstreams_done_=17500 config.nstreams=20000 avg_latency=0.9230 ms avg throuhgput (requests/sec) = 85.8381 res=false
*==== INFO ====* req_id_count= 18000 stream_id=71996 latency=0.994571 ms (tx_ts=156777576969319, rx_ts=156777577963890) request_id=1144931 zil_blk_id=71996 ccf_commit_seqno=1144934 nstreams_done_=18000 config.nstreams=20000 avg_latency=0.9222 ms avg throuhgput (requests/sec) = 85.8470 res=false
*==== INFO ====* req_id_count= 18500 stream_id=73996 latency=1.051948 ms (tx_ts=156783410345878, rx_ts=156783411397826) request_id=1176942 zil_blk_id=73996 ccf_commit_seqno=1176944 nstreams_done_=18500 config.nstreams=20000 avg_latency=0.9232 ms avg throuhgput (requests/sec) = 85.8433 res=false
*==== INFO ====* req_id_count= 19000 stream_id=75996 latency=0.819392 ms (tx_ts=156789231534067, rx_ts=156789232353459) request_id=1208917 zil_blk_id=75996 ccf_commit_seqno=1208917 nstreams_done_=19000 config.nstreams=20000 avg_latency=0.9229 ms avg throuhgput (requests/sec) = 85.8447 res=false
*==== INFO ====* req_id_count= 19500 stream_id=77996 latency=1.244648 ms (tx_ts=156795027313778, rx_ts=156795028558426) request_id=1240754 zil_blk_id=77996 ccf_commit_seqno=1240755 nstreams_done_=19500 config.nstreams=20000 avg_latency=0.9223 ms avg throuhgput (requests/sec) = 85.8554 res=false
*==== INFO ====* http_end_stream ALL streams done! nstreams_done_=20000 avg_latency=0.9214 msreq_id_count= 20000
*==== INFO ====* req_id_count= 20000 stream_id=79996 latency=0.656769 ms (tx_ts=156800832649105, rx_ts=156800833305874) request_id=1266968 zil_blk_id=79996 ccf_commit_seqno=1266968 nstreams_done_=20000 config.nstreams=20000 avg_latency=0.9214 ms avg throuhgput (requests/sec) = 85.8624 res=true
