Uniform: 456048 684660 329761 392221 281875 
Exponential: -2147483648 -2147483648 -2147483648 -2147483648 -2147483648 
Truncated Normal: 381047 283252 419990 224883 438402 
*==== INFO ====* req_id_count= 500 stream_id=1996 latency=0.640438 ms (tx_ts=156573855545029, rx_ts=156573856185467) request_id=31594 zil_blk_id=1996 ccf_commit_seqno=31594 nstreams_done_=500 config.nstreams=20000 avg_latency=0.8948 ms avg throuhgput (requests/sec) = 83.9047 res=false
*==== INFO ====* req_id_count= 1000 stream_id=3996 latency=0.848380 ms (tx_ts=156579747537434, rx_ts=156579748385814) request_id=63430 zil_blk_id=3996 ccf_commit_seqno=63431 nstreams_done_=1000 config.nstreams=20000 avg_latency=0.8970 ms avg throuhgput (requests/sec) = 84.3787 res=false
*==== INFO ====* req_id_count= 1500 stream_id=5996 latency=1.042561 ms (tx_ts=156585635015681, rx_ts=156585636058242) request_id=95347 zil_blk_id=5996 ccf_commit_seqno=95349 nstreams_done_=1500 config.nstreams=20000 avg_latency=0.8877 ms avg throuhgput (requests/sec) = 84.5594 res=false
*==== INFO ====* req_id_count= 2000 stream_id=7996 latency=1.038216 ms (tx_ts=156591508830716, rx_ts=156591509868932) request_id=127254 zil_blk_id=7996 ccf_commit_seqno=127259 nstreams_done_=2000 config.nstreams=20000 avg_latency=0.8856 ms avg throuhgput (requests/sec) = 84.6997 res=false
*==== INFO ====* req_id_count= 2500 stream_id=9996 latency=0.700411 ms (tx_ts=156597399649663, rx_ts=156597400350074) request_id=159250 zil_blk_id=9996 ccf_commit_seqno=159250 nstreams_done_=2500 config.nstreams=20000 avg_latency=0.8846 ms avg throuhgput (requests/sec) = 84.7363 res=false
*==== INFO ====* req_id_count= 3000 stream_id=11996 latency=0.854910 ms (tx_ts=156603333304291, rx_ts=156603334159201) request_id=191442 zil_blk_id=11996 ccf_commit_seqno=191443 nstreams_done_=3000 config.nstreams=20000 avg_latency=0.8916 ms avg throuhgput (requests/sec) = 84.6570 res=false
*==== INFO ====* req_id_count= 3500 stream_id=13996 latency=0.956629 ms (tx_ts=156609224309478, rx_ts=156609225266107) request_id=223497 zil_blk_id=13996 ccf_commit_seqno=223500 nstreams_done_=3500 config.nstreams=20000 avg_latency=0.8905 ms avg throuhgput (requests/sec) = 84.6879 res=false
*==== INFO ====* req_id_count= 4000 stream_id=15996 latency=0.784037 ms (tx_ts=156615124394808, rx_ts=156615125178845) request_id=255633 zil_blk_id=15996 ccf_commit_seqno=255633 nstreams_done_=4000 config.nstreams=20000 avg_latency=0.8954 ms avg throuhgput (requests/sec) = 84.6953 res=false
*==== INFO ====* req_id_count= 4500 stream_id=17996 latency=0.970966 ms (tx_ts=156621015772978, rx_ts=156621016743944) request_id=287684 zil_blk_id=17996 ccf_commit_seqno=287686 nstreams_done_=4500 config.nstreams=20000 avg_latency=0.8981 ms avg throuhgput (requests/sec) = 84.7143 res=false
*==== INFO ====* req_id_count= 5000 stream_id=19996 latency=0.915663 ms (tx_ts=156626913997752, rx_ts=156626914913415) request_id=319771 zil_blk_id=19996 ccf_commit_seqno=319773 nstreams_done_=5000 config.nstreams=20000 avg_latency=0.8970 ms avg throuhgput (requests/sec) = 84.7201 res=false
*==== INFO ====* req_id_count= 5500 stream_id=21996 latency=0.826516 ms (tx_ts=156632803325973, rx_ts=156632804152489) request_id=351830 zil_blk_id=21996 ccf_commit_seqno=351830 nstreams_done_=5500 config.nstreams=20000 avg_latency=0.8959 ms avg throuhgput (requests/sec) = 84.7365 res=false
*==== INFO ====* req_id_count= 6000 stream_id=23996 latency=0.963279 ms (tx_ts=156638676992019, rx_ts=156638677955298) request_id=383905 zil_blk_id=23996 ccf_commit_seqno=383909 nstreams_done_=6000 config.nstreams=20000 avg_latency=0.8948 ms avg throuhgput (requests/sec) = 84.7686 res=false
*==== INFO ====* req_id_count= 6500 stream_id=25996 latency=0.633705 ms (tx_ts=156644561123335, rx_ts=156644561757040) request_id=416070 zil_blk_id=25996 ccf_commit_seqno=416070 nstreams_done_=6500 config.nstreams=20000 avg_latency=0.8940 ms avg throuhgput (requests/sec) = 84.7848 res=false
*==== INFO ====* req_id_count= 7000 stream_id=27996 latency=0.990452 ms (tx_ts=156650454654987, rx_ts=156650455645439) request_id=448306 zil_blk_id=27996 ccf_commit_seqno=448309 nstreams_done_=7000 config.nstreams=20000 avg_latency=0.8924 ms avg throuhgput (requests/sec) = 84.7883 res=false
*==== INFO ====* req_id_count= 7500 stream_id=29996 latency=0.798592 ms (tx_ts=156656332368500, rx_ts=156656333167092) request_id=480439 zil_blk_id=29996 ccf_commit_seqno=480439 nstreams_done_=7500 config.nstreams=20000 avg_latency=0.8917 ms avg throuhgput (requests/sec) = 84.8070 res=false
*==== INFO ====* req_id_count= 8000 stream_id=31996 latency=1.074710 ms (tx_ts=156662230670939, rx_ts=156662231745649) request_id=512652 zil_blk_id=31996 ccf_commit_seqno=512655 nstreams_done_=8000 config.nstreams=20000 avg_latency=0.8927 ms avg throuhgput (requests/sec) = 84.8044 res=false
*==== INFO ====* req_id_count= 8500 stream_id=33996 latency=0.626832 ms (tx_ts=156668119733893, rx_ts=156668120360725) request_id=544797 zil_blk_id=33996 ccf_commit_seqno=544797 nstreams_done_=8500 config.nstreams=20000 avg_latency=0.8951 ms avg throuhgput (requests/sec) = 84.8106 res=false
*==== INFO ====* req_id_count= 9000 stream_id=35996 latency=0.908198 ms (tx_ts=156674001027651, rx_ts=156674001935849) request_id=576984 zil_blk_id=35996 ccf_commit_seqno=576986 nstreams_done_=9000 config.nstreams=20000 avg_latency=0.8940 ms avg throuhgput (requests/sec) = 84.8217 res=false
*==== INFO ====* req_id_count= 9500 stream_id=37996 latency=0.859809 ms (tx_ts=156679881977322, rx_ts=156679882837131) request_id=609177 zil_blk_id=37996 ccf_commit_seqno=609178 nstreams_done_=9500 config.nstreams=20000 avg_latency=0.8926 ms avg throuhgput (requests/sec) = 84.8322 res=false
*==== INFO ====* req_id_count= 10000 stream_id=39996 latency=1.030266 ms (tx_ts=156685814291994, rx_ts=156685815322260) request_id=641380 zil_blk_id=39996 ccf_commit_seqno=641383 nstreams_done_=10000 config.nstreams=20000 avg_latency=0.8964 ms avg throuhgput (requests/sec) = 84.8045 res=false
*==== INFO ====* req_id_count= 10500 stream_id=41996 latency=0.729174 ms (tx_ts=156691648376883, rx_ts=156691649106057) request_id=673398 zil_blk_id=41996 ccf_commit_seqno=673399 nstreams_done_=10500 config.nstreams=20000 avg_latency=0.8968 ms avg throuhgput (requests/sec) = 84.8471 res=false
*==== INFO ====* req_id_count= 11000 stream_id=43996 latency=0.957872 ms (tx_ts=156697478419624, rx_ts=156697479377496) request_id=705376 zil_blk_id=43996 ccf_commit_seqno=705377 nstreams_done_=11000 config.nstreams=20000 avg_latency=0.8964 ms avg throuhgput (requests/sec) = 84.8881 res=false
*==== INFO ====* req_id_count= 11500 stream_id=45996 latency=0.772605 ms (tx_ts=156703330564592, rx_ts=156703331337197) request_id=737445 zil_blk_id=45996 ccf_commit_seqno=737447 nstreams_done_=11500 config.nstreams=20000 avg_latency=0.8958 ms avg throuhgput (requests/sec) = 84.9120 res=false
*==== INFO ====* req_id_count= 12000 stream_id=47996 latency=0.987246 ms (tx_ts=156709160909630, rx_ts=156709161896876) request_id=769423 zil_blk_id=47996 ccf_commit_seqno=769424 nstreams_done_=12000 config.nstreams=20000 avg_latency=0.8956 ms avg throuhgput (requests/sec) = 84.9468 res=false
*==== INFO ====* req_id_count= 12500 stream_id=49996 latency=0.668741 ms (tx_ts=156714994915238, rx_ts=156714995583979) request_id=801440 zil_blk_id=49996 ccf_commit_seqno=801441 nstreams_done_=12500 config.nstreams=20000 avg_latency=0.8949 ms avg throuhgput (requests/sec) = 84.9771 res=false
*==== INFO ====* req_id_count= 13000 stream_id=51996 latency=1.002574 ms (tx_ts=156720830725092, rx_ts=156720831727666) request_id=833477 zil_blk_id=51996 ccf_commit_seqno=833481 nstreams_done_=13000 config.nstreams=20000 avg_latency=0.8952 ms avg throuhgput (requests/sec) = 85.0036 res=false
*==== INFO ====* req_id_count= 13500 stream_id=53996 latency=0.934438 ms (tx_ts=156726670449841, rx_ts=156726671384279) request_id=865508 zil_blk_id=53996 ccf_commit_seqno=865508 nstreams_done_=13500 config.nstreams=20000 avg_latency=0.8945 ms avg throuhgput (requests/sec) = 85.0263 res=false
*==== INFO ====* req_id_count= 14000 stream_id=55996 latency=0.707503 ms (tx_ts=156732497721372, rx_ts=156732498428875) request_id=897521 zil_blk_id=55996 ccf_commit_seqno=897521 nstreams_done_=14000 config.nstreams=20000 avg_latency=0.8941 ms avg throuhgput (requests/sec) = 85.0540 res=false
*==== INFO ====* req_id_count= 14500 stream_id=57996 latency=0.695080 ms (tx_ts=156738348653875, rx_ts=156738349348955) request_id=929620 zil_blk_id=57996 ccf_commit_seqno=929620 nstreams_done_=14500 config.nstreams=20000 avg_latency=0.8950 ms avg throuhgput (requests/sec) = 85.0678 res=false
*==== INFO ====* req_id_count= 15000 stream_id=59996 latency=1.019558 ms (tx_ts=156744190716662, rx_ts=156744191736220) request_id=961690 zil_blk_id=59996 ccf_commit_seqno=961691 nstreams_done_=15000 config.nstreams=20000 avg_latency=0.8956 ms avg throuhgput (requests/sec) = 85.0848 res=false
*==== INFO ====* req_id_count= 15500 stream_id=61996 latency=1.147900 ms (tx_ts=156750042044426, rx_ts=156750043192326) request_id=993816 zil_blk_id=61996 ccf_commit_seqno=993821 nstreams_done_=15500 config.nstreams=20000 avg_latency=0.8965 ms avg throuhgput (requests/sec) = 85.0965 res=false
*==== INFO ====* req_id_count= 16000 stream_id=63996 latency=0.689981 ms (tx_ts=156755881539422, rx_ts=156755882229403) request_id=1025881 zil_blk_id=63996 ccf_commit_seqno=1025882 nstreams_done_=16000 config.nstreams=20000 avg_latency=0.8965 ms avg throuhgput (requests/sec) = 85.1131 res=false
*==== INFO ====* req_id_count= 16500 stream_id=65996 latency=0.711050 ms (tx_ts=156761733013522, rx_ts=156761733724572) request_id=1057871 zil_blk_id=65996 ccf_commit_seqno=1057871 nstreams_done_=16500 config.nstreams=20000 avg_latency=0.8981 ms avg throuhgput (requests/sec) = 85.1232 res=false
*==== INFO ====* req_id_count= 17000 stream_id=67996 latency=0.697674 ms (tx_ts=156767557589717, rx_ts=156767558287391) request_id=1089843 zil_blk_id=67996 ccf_commit_seqno=1089843 nstreams_done_=17000 config.nstreams=20000 avg_latency=0.8973 ms avg throuhgput (requests/sec) = 85.1442 res=false
*==== INFO ====* req_id_count= 17500 stream_id=69996 latency=0.878012 ms (tx_ts=156773385618471, rx_ts=156773386496483) request_id=1121867 zil_blk_id=69996 ccf_commit_seqno=1121868 nstreams_done_=17500 config.nstreams=20000 avg_latency=0.8969 ms avg throuhgput (requests/sec) = 85.1625 res=false
*==== INFO ====* req_id_count= 18000 stream_id=71996 latency=0.660856 ms (tx_ts=156779203258703, rx_ts=156779203919559) request_id=1153842 zil_blk_id=71996 ccf_commit_seqno=1153842 nstreams_done_=18000 config.nstreams=20000 avg_latency=0.8965 ms avg throuhgput (requests/sec) = 85.1842 res=false
*==== INFO ====* req_id_count= 18500 stream_id=73996 latency=0.955837 ms (tx_ts=156785051289040, rx_ts=156785052244877) request_id=1185943 zil_blk_id=73996 ccf_commit_seqno=1185945 nstreams_done_=18500 config.nstreams=20000 avg_latency=0.8964 ms avg throuhgput (requests/sec) = 85.1925 res=false
*==== INFO ====* req_id_count= 19000 stream_id=75996 latency=0.788972 ms (tx_ts=156790884837603, rx_ts=156790885626575) request_id=1217988 zil_blk_id=75996 ccf_commit_seqno=1217988 nstreams_done_=19000 config.nstreams=20000 avg_latency=0.8965 ms avg throuhgput (requests/sec) = 85.2062 res=false
*==== INFO ====* req_id_count= 19500 stream_id=77996 latency=0.943745 ms (tx_ts=156796720117135, rx_ts=156796721060880) request_id=1249841 zil_blk_id=77996 ccf_commit_seqno=1249841 nstreams_done_=19500 config.nstreams=20000 avg_latency=0.8964 ms avg throuhgput (requests/sec) = 85.2183 res=false
*==== INFO ====* http_end_stream ALL streams done! nstreams_done_=20000 avg_latency=0.8946 msreq_id_count= 20000
*==== INFO ====* req_id_count= 20000 stream_id=79996 latency=0.655667 ms (tx_ts=156802535337768, rx_ts=156802535993435) request_id=1271603 zil_blk_id=79996 ccf_commit_seqno=1271603 nstreams_done_=20000 config.nstreams=20000 avg_latency=0.8946 ms avg throuhgput (requests/sec) = 85.2373 res=true
