Uniform: 280800 94605 534960 234346 980092 
Exponential: -2147483648 -2147483648 -2147483648 -2147483648 -2147483648 
Truncated Normal: 156594 328811 415644 588566 386915 
*==== INFO ====* req_id_count= 500 stream_id=1996 latency=0.876971 ms (tx_ts=156573953642424, rx_ts=156573954519395) request_id=32111 zil_blk_id=1996 ccf_commit_seqno=32112 nstreams_done_=500 config.nstreams=20000 avg_latency=0.9982 ms avg throuhgput (requests/sec) = 82.7108 res=false
*==== INFO ====* req_id_count= 1000 stream_id=3996 latency=0.948736 ms (tx_ts=156580009024133, rx_ts=156580009972869) request_id=64829 zil_blk_id=3996 ccf_commit_seqno=64830 nstreams_done_=1000 config.nstreams=20000 avg_latency=0.9967 ms avg throuhgput (requests/sec) = 82.6404 res=false
*==== INFO ====* req_id_count= 1500 stream_id=5996 latency=1.104467 ms (tx_ts=156586043026852, rx_ts=156586044131319) request_id=97554 zil_blk_id=5996 ccf_commit_seqno=97554 nstreams_done_=1500 config.nstreams=20000 avg_latency=1.0013 ms avg throuhgput (requests/sec) = 82.7140 res=false
*==== INFO ====* req_id_count= 2000 stream_id=7996 latency=1.015650 ms (tx_ts=156592086907292, rx_ts=156592087922942) request_id=130397 zil_blk_id=7996 ccf_commit_seqno=130398 nstreams_done_=2000 config.nstreams=20000 avg_latency=0.9960 ms avg throuhgput (requests/sec) = 82.7179 res=false
*==== INFO ====* req_id_count= 2500 stream_id=9996 latency=0.905625 ms (tx_ts=156598138213530, rx_ts=156598139119155) request_id=163217 zil_blk_id=9996 ccf_commit_seqno=163217 nstreams_done_=2500 config.nstreams=20000 avg_latency=0.9984 ms avg throuhgput (requests/sec) = 82.7000 res=false
*==== INFO ====* req_id_count= 3000 stream_id=11996 latency=0.771714 ms (tx_ts=156604173897095, rx_ts=156604174668809) request_id=196008 zil_blk_id=11996 ccf_commit_seqno=196009 nstreams_done_=3000 config.nstreams=20000 avg_latency=0.9951 ms avg throuhgput (requests/sec) = 82.7237 res=false
*==== INFO ====* req_id_count= 3500 stream_id=13996 latency=0.719816 ms (tx_ts=156610210396258, rx_ts=156610211116074) request_id=228857 zil_blk_id=13996 ccf_commit_seqno=228857 nstreams_done_=3500 config.nstreams=20000 avg_latency=0.9942 ms avg throuhgput (requests/sec) = 82.7389 res=false
*==== INFO ====* req_id_count= 4000 stream_id=15996 latency=1.170449 ms (tx_ts=156616235502620, rx_ts=156616236673069) request_id=261700 zil_blk_id=15996 ccf_commit_seqno=261702 nstreams_done_=4000 config.nstreams=20000 avg_latency=0.9968 ms avg throuhgput (requests/sec) = 82.7689 res=false
*==== INFO ====* req_id_count= 4500 stream_id=17996 latency=1.156303 ms (tx_ts=156622316750829, rx_ts=156622317907132) request_id=294743 zil_blk_id=17996 ccf_commit_seqno=294745 nstreams_done_=4500 config.nstreams=20000 avg_latency=1.0034 ms avg throuhgput (requests/sec) = 82.7076 res=false
*==== INFO ====* req_id_count= 5000 stream_id=19996 latency=0.888603 ms (tx_ts=156628384094726, rx_ts=156628384983329) request_id=327785 zil_blk_id=19996 ccf_commit_seqno=327785 nstreams_done_=5000 config.nstreams=20000 avg_latency=1.0044 ms avg throuhgput (requests/sec) = 82.6779 res=false
*==== INFO ====* req_id_count= 5500 stream_id=21996 latency=0.737429 ms (tx_ts=156634441098527, rx_ts=156634441835956) request_id=360746 zil_blk_id=21996 ccf_commit_seqno=360746 nstreams_done_=5500 config.nstreams=20000 avg_latency=1.0046 ms avg throuhgput (requests/sec) = 82.6664 res=false
*==== INFO ====* req_id_count= 6000 stream_id=23996 latency=1.097834 ms (tx_ts=156640463419916, rx_ts=156640464517750) request_id=393688 zil_blk_id=23996 ccf_commit_seqno=393689 nstreams_done_=6000 config.nstreams=20000 avg_latency=1.0027 ms avg throuhgput (requests/sec) = 82.6957 res=false
*==== INFO ====* req_id_count= 6500 stream_id=25996 latency=0.987524 ms (tx_ts=156646516952599, rx_ts=156646517940123) request_id=426779 zil_blk_id=25996 ccf_commit_seqno=426779 nstreams_done_=6500 config.nstreams=20000 avg_latency=1.0039 ms avg throuhgput (requests/sec) = 82.6882 res=false
*==== INFO ====* req_id_count= 7000 stream_id=27996 latency=0.954185 ms (tx_ts=156652565770987, rx_ts=156652566725172) request_id=459847 zil_blk_id=27996 ccf_commit_seqno=459847 nstreams_done_=7000 config.nstreams=20000 avg_latency=1.0040 ms avg throuhgput (requests/sec) = 82.6862 res=false
*==== INFO ====* req_id_count= 7500 stream_id=29996 latency=1.174466 ms (tx_ts=156658595459183, rx_ts=156658596633649) request_id=492810 zil_blk_id=29996 ccf_commit_seqno=492815 nstreams_done_=7500 config.nstreams=20000 avg_latency=1.0026 ms avg throuhgput (requests/sec) = 82.7018 res=false
*==== INFO ====* req_id_count= 8000 stream_id=31996 latency=1.051506 ms (tx_ts=156664635969753, rx_ts=156664637021259) request_id=525716 zil_blk_id=31996 ccf_commit_seqno=525718 nstreams_done_=8000 config.nstreams=20000 avg_latency=1.0042 ms avg throuhgput (requests/sec) = 82.7064 res=false
*==== INFO ====* req_id_count= 8500 stream_id=33996 latency=0.993599 ms (tx_ts=156670670416083, rx_ts=156670671409682) request_id=558762 zil_blk_id=33996 ccf_commit_seqno=558763 nstreams_done_=8500 config.nstreams=20000 avg_latency=1.0033 ms avg throuhgput (requests/sec) = 82.7154 res=false
*==== INFO ====* req_id_count= 9000 stream_id=35996 latency=1.067086 ms (tx_ts=156676713255708, rx_ts=156676714322794) request_id=591830 zil_blk_id=35996 ccf_commit_seqno=591832 nstreams_done_=9000 config.nstreams=20000 avg_latency=1.0037 ms avg throuhgput (requests/sec) = 82.7168 res=false
*==== INFO ====* req_id_count= 9500 stream_id=37996 latency=1.030347 ms (tx_ts=156682741577277, rx_ts=156682742607624) request_id=624834 zil_blk_id=37996 ccf_commit_seqno=624835 nstreams_done_=9500 config.nstreams=20000 avg_latency=1.0029 ms avg throuhgput (requests/sec) = 82.7287 res=false
*==== INFO ====* req_id_count= 10000 stream_id=39996 latency=0.970745 ms (tx_ts=156688826664378, rx_ts=156688827635123) request_id=657903 zil_blk_id=39996 ccf_commit_seqno=657904 nstreams_done_=10000 config.nstreams=20000 avg_latency=1.0051 ms avg throuhgput (requests/sec) = 82.7005 res=false
*==== INFO ====* req_id_count= 10500 stream_id=41996 latency=0.991969 ms (tx_ts=156694876089628, rx_ts=156694877081597) request_id=691092 zil_blk_id=41996 ccf_commit_seqno=691092 nstreams_done_=10500 config.nstreams=20000 avg_latency=1.0057 ms avg throuhgput (requests/sec) = 82.6982 res=false
*==== INFO ====* req_id_count= 11000 stream_id=43996 latency=0.817280 ms (tx_ts=156700959435443, rx_ts=156700960252723) request_id=724454 zil_blk_id=43996 ccf_commit_seqno=724454 nstreams_done_=11000 config.nstreams=20000 avg_latency=1.0076 ms avg throuhgput (requests/sec) = 82.6751 res=false
*==== INFO ====* req_id_count= 11500 stream_id=45996 latency=0.919570 ms (tx_ts=156707018834978, rx_ts=156707019754548) request_id=757657 zil_blk_id=45996 ccf_commit_seqno=757659 nstreams_done_=11500 config.nstreams=20000 avg_latency=1.0077 ms avg throuhgput (requests/sec) = 82.6682 res=false
*==== INFO ====* req_id_count= 12000 stream_id=47996 latency=0.892869 ms (tx_ts=156713065091903, rx_ts=156713065984772) request_id=790857 zil_blk_id=47996 ccf_commit_seqno=790859 nstreams_done_=12000 config.nstreams=20000 avg_latency=1.0074 ms avg throuhgput (requests/sec) = 82.6693 res=false
*==== INFO ====* req_id_count= 12500 stream_id=49996 latency=1.118431 ms (tx_ts=156719103684030, rx_ts=156719104802461) request_id=823998 zil_blk_id=49996 ccf_commit_seqno=824000 nstreams_done_=12500 config.nstreams=20000 avg_latency=1.0069 ms avg throuhgput (requests/sec) = 82.6744 res=false
*==== INFO ====* req_id_count= 13000 stream_id=51996 latency=1.025849 ms (tx_ts=156725160625027, rx_ts=156725161650876) request_id=857212 zil_blk_id=51996 ccf_commit_seqno=857217 nstreams_done_=13000 config.nstreams=20000 avg_latency=1.0067 ms avg throuhgput (requests/sec) = 82.6697 res=false
*==== INFO ====* req_id_count= 13500 stream_id=53996 latency=0.922535 ms (tx_ts=156731175823544, rx_ts=156731176746079) request_id=890244 zil_blk_id=53996 ccf_commit_seqno=890247 nstreams_done_=13500 config.nstreams=20000 avg_latency=1.0055 ms avg throuhgput (requests/sec) = 82.6864 res=false
*==== INFO ====* req_id_count= 14000 stream_id=55996 latency=0.922976 ms (tx_ts=156737226335117, rx_ts=156737227258093) request_id=923461 zil_blk_id=55996 ccf_commit_seqno=923463 nstreams_done_=14000 config.nstreams=20000 avg_latency=1.0067 ms avg throuhgput (requests/sec) = 82.6847 res=false
*==== INFO ====* req_id_count= 14500 stream_id=57996 latency=0.916274 ms (tx_ts=156743246998299, rx_ts=156743247914573) request_id=956516 zil_blk_id=57996 ccf_commit_seqno=956518 nstreams_done_=14500 config.nstreams=20000 avg_latency=1.0062 ms avg throuhgput (requests/sec) = 82.6972 res=false
*==== INFO ====* req_id_count= 15000 stream_id=59996 latency=0.998854 ms (tx_ts=156749275832174, rx_ts=156749276831028) request_id=989607 zil_blk_id=59996 ccf_commit_seqno=989607 nstreams_done_=15000 config.nstreams=20000 avg_latency=1.0055 ms avg throuhgput (requests/sec) = 82.7050 res=false
*==== INFO ====* req_id_count= 15500 stream_id=61996 latency=0.862674 ms (tx_ts=156755314467754, rx_ts=156755315330428) request_id=1022774 zil_blk_id=61996 ccf_commit_seqno=1022774 nstreams_done_=15500 config.nstreams=20000 avg_latency=1.0046 ms avg throuhgput (requests/sec) = 82.7081 res=false
*==== INFO ====* req_id_count= 16000 stream_id=63996 latency=0.904231 ms (tx_ts=156761375229961, rx_ts=156761376134192) request_id=1055912 zil_blk_id=63996 ccf_commit_seqno=1055912 nstreams_done_=16000 config.nstreams=20000 avg_latency=1.0050 ms avg throuhgput (requests/sec) = 82.7015 res=false
*==== INFO ====* req_id_count= 16500 stream_id=65996 latency=0.998407 ms (tx_ts=156767401323662, rx_ts=156767402322069) request_id=1088985 zil_blk_id=65996 ccf_commit_seqno=1088987 nstreams_done_=16500 config.nstreams=20000 avg_latency=1.0041 ms avg throuhgput (requests/sec) = 82.7097 res=false
*==== INFO ====* req_id_count= 17000 stream_id=67996 latency=0.871289 ms (tx_ts=156773424890209, rx_ts=156773425761498) request_id=1122092 zil_blk_id=67996 ccf_commit_seqno=1122092 nstreams_done_=17000 config.nstreams=20000 avg_latency=1.0040 ms avg throuhgput (requests/sec) = 82.7185 res=false
*==== INFO ====* req_id_count= 17500 stream_id=69996 latency=1.066245 ms (tx_ts=156779461395275, rx_ts=156779462461520) request_id=1155255 zil_blk_id=69996 ccf_commit_seqno=1155256 nstreams_done_=17500 config.nstreams=20000 avg_latency=1.0042 ms avg throuhgput (requests/sec) = 82.7215 res=false
*==== INFO ====* req_id_count= 18000 stream_id=71996 latency=0.964988 ms (tx_ts=156785471962014, rx_ts=156785472927002) request_id=1188261 zil_blk_id=71996 ccf_commit_seqno=1188264 nstreams_done_=18000 config.nstreams=20000 avg_latency=1.0039 ms avg throuhgput (requests/sec) = 82.7344 res=false
*==== INFO ====* req_id_count= 18500 stream_id=73996 latency=1.050665 ms (tx_ts=156791479938176, rx_ts=156791480988841) request_id=1221256 zil_blk_id=73996 ccf_commit_seqno=1221258 nstreams_done_=18500 config.nstreams=20000 avg_latency=1.0031 ms avg throuhgput (requests/sec) = 82.7475 res=false
*==== INFO ====* req_id_count= 19000 stream_id=75996 latency=0.765962 ms (tx_ts=156797487234122, rx_ts=156797488000084) request_id=1253542 zil_blk_id=75996 ccf_commit_seqno=1253544 nstreams_done_=19000 config.nstreams=20000 avg_latency=1.0026 ms avg throuhgput (requests/sec) = 82.7603 res=false
*==== INFO ====* req_id_count= 19500 stream_id=77996 latency=0.780159 ms (tx_ts=156803492830711, rx_ts=156803493610870) request_id=1273501 zil_blk_id=77996 ccf_commit_seqno=1273501 nstreams_done_=19500 config.nstreams=20000 avg_latency=1.0004 ms avg throuhgput (requests/sec) = 82.7729 res=false
*==== INFO ====* http_end_stream ALL streams done! nstreams_done_=20000 avg_latency=0.9975 msreq_id_count= 20000
*==== INFO ====* req_id_count= 20000 stream_id=79996 latency=0.784807 ms (tx_ts=156809547940220, rx_ts=156809548725027) request_id=1279654 zil_blk_id=79996 ccf_commit_seqno=1279654 nstreams_done_=20000 config.nstreams=20000 avg_latency=0.9975 ms avg throuhgput (requests/sec) = 82.7680 res=true
