Uniform: 416145 165099 817540 578550 533899 
Exponential: -2147483648 -2147483648 -2147483648 -2147483648 -2147483648 
Truncated Normal: 634271 583573 673090 545473 200690 
*==== INFO ====* req_id_count= 500 stream_id=1996 latency=1.125345 ms (tx_ts=156574032396684, rx_ts=156574033522029) request_id=32526 zil_blk_id=1996 ccf_commit_seqno=32527 nstreams_done_=500 config.nstreams=20000 avg_latency=1.1110 ms avg throuhgput (requests/sec) = 81.7315 res=false
*==== INFO ====* req_id_count= 1000 stream_id=3996 latency=1.053037 ms (tx_ts=156580163049932, rx_ts=156580164102969) request_id=65653 zil_blk_id=3996 ccf_commit_seqno=65655 nstreams_done_=1000 config.nstreams=20000 avg_latency=1.1164 ms avg throuhgput (requests/sec) = 81.6448 res=false
*==== INFO ====* req_id_count= 1500 stream_id=5996 latency=0.887988 ms (tx_ts=156586268891533, rx_ts=156586269779521) request_id=98772 zil_blk_id=5996 ccf_commit_seqno=98772 nstreams_done_=1500 config.nstreams=20000 avg_latency=1.1019 ms avg throuhgput (requests/sec) = 81.7267 res=false
*==== INFO ====* req_id_count= 2000 stream_id=7996 latency=1.092274 ms (tx_ts=156592399356312, rx_ts=156592400448586) request_id=132087 zil_blk_id=7996 ccf_commit_seqno=132087 nstreams_done_=2000 config.nstreams=20000 avg_latency=1.0987 ms avg throuhgput (requests/sec) = 81.6843 res=false
*==== INFO ====* req_id_count= 2500 stream_id=9996 latency=1.177703 ms (tx_ts=156598524018015, rx_ts=156598525195718) request_id=165292 zil_blk_id=9996 ccf_commit_seqno=165293 nstreams_done_=2500 config.nstreams=20000 avg_latency=1.0990 ms avg throuhgput (requests/sec) = 81.6746 res=false
*==== INFO ====* req_id_count= 3000 stream_id=11996 latency=1.766930 ms (tx_ts=156604639761812, rx_ts=156604641528742) request_id=198538 zil_blk_id=11996 ccf_commit_seqno=198538 nstreams_done_=3000 config.nstreams=20000 avg_latency=1.0975 ms avg throuhgput (requests/sec) = 81.6869 res=false
*==== INFO ====* req_id_count= 3500 stream_id=13996 latency=1.127280 ms (tx_ts=156610749414031, rx_ts=156610750541311) request_id=231787 zil_blk_id=13996 ccf_commit_seqno=231789 nstreams_done_=3500 config.nstreams=20000 avg_latency=1.0951 ms avg throuhgput (requests/sec) = 81.7096 res=false
*==== INFO ====* req_id_count= 4000 stream_id=15996 latency=1.080481 ms (tx_ts=156616863322840, rx_ts=156616864403321) request_id=265105 zil_blk_id=15996 ccf_commit_seqno=265106 nstreams_done_=4000 config.nstreams=20000 avg_latency=1.0995 ms avg throuhgput (requests/sec) = 81.7186 res=false
*==== INFO ====* req_id_count= 4500 stream_id=17996 latency=0.949105 ms (tx_ts=156622990815185, rx_ts=156622991764290) request_id=298404 zil_blk_id=17996 ccf_commit_seqno=298406 nstreams_done_=4500 config.nstreams=20000 avg_latency=1.0996 ms avg throuhgput (requests/sec) = 81.7055 res=false
*==== INFO ====* req_id_count= 5000 stream_id=19996 latency=1.261873 ms (tx_ts=156629106118636, rx_ts=156629107380509) request_id=331721 zil_blk_id=19996 ccf_commit_seqno=331724 nstreams_done_=5000 config.nstreams=20000 avg_latency=1.0989 ms avg throuhgput (requests/sec) = 81.7108 res=false
*==== INFO ====* req_id_count= 5500 stream_id=21996 latency=1.007164 ms (tx_ts=156635244334227, rx_ts=156635245341391) request_id=365138 zil_blk_id=21996 ccf_commit_seqno=365139 nstreams_done_=5500 config.nstreams=20000 avg_latency=1.0991 ms avg throuhgput (requests/sec) = 81.6879 res=false
*==== INFO ====* req_id_count= 6000 stream_id=23996 latency=4.832162 ms (tx_ts=156641354027107, rx_ts=156641358859269) request_id=398580 zil_blk_id=23996 ccf_commit_seqno=398585 nstreams_done_=6000 config.nstreams=20000 avg_latency=1.0983 ms avg throuhgput (requests/sec) = 81.6961 res=false
*==== INFO ====* req_id_count= 6500 stream_id=25996 latency=1.148848 ms (tx_ts=156647478035948, rx_ts=156647479184796) request_id=432031 zil_blk_id=25996 ccf_commit_seqno=432033 nstreams_done_=6500 config.nstreams=20000 avg_latency=1.1000 ms avg throuhgput (requests/sec) = 81.6960 res=false
*==== INFO ====* req_id_count= 7000 stream_id=27996 latency=1.030004 ms (tx_ts=156653576853026, rx_ts=156653577883030) request_id=465381 zil_blk_id=27996 ccf_commit_seqno=465381 nstreams_done_=7000 config.nstreams=20000 avg_latency=1.0985 ms avg throuhgput (requests/sec) = 81.7166 res=false
*==== INFO ====* req_id_count= 7500 stream_id=29996 latency=0.898691 ms (tx_ts=156659669808705, rx_ts=156659670707396) request_id=498668 zil_blk_id=29996 ccf_commit_seqno=498668 nstreams_done_=7500 config.nstreams=20000 avg_latency=1.0973 ms avg throuhgput (requests/sec) = 81.7396 res=false
*==== INFO ====* req_id_count= 8000 stream_id=31996 latency=1.030878 ms (tx_ts=156665775920220, rx_ts=156665776951098) request_id=531954 zil_blk_id=31996 ccf_commit_seqno=531955 nstreams_done_=8000 config.nstreams=20000 avg_latency=1.0985 ms avg throuhgput (requests/sec) = 81.7486 res=false
*==== INFO ====* req_id_count= 8500 stream_id=33996 latency=1.037300 ms (tx_ts=156671856545593, rx_ts=156671857582893) request_id=565245 zil_blk_id=33996 ccf_commit_seqno=565247 nstreams_done_=8500 config.nstreams=20000 avg_latency=1.0969 ms avg throuhgput (requests/sec) = 81.7766 res=false
*==== INFO ====* req_id_count= 9000 stream_id=35996 latency=0.970595 ms (tx_ts=156677950017407, rx_ts=156677950988002) request_id=598605 zil_blk_id=35996 ccf_commit_seqno=598605 nstreams_done_=9000 config.nstreams=20000 avg_latency=1.0966 ms avg throuhgput (requests/sec) = 81.7921 res=false
*==== INFO ====* req_id_count= 9500 stream_id=37996 latency=1.209553 ms (tx_ts=156684069249855, rx_ts=156684070459408) request_id=631835 zil_blk_id=37996 ccf_commit_seqno=631836 nstreams_done_=9500 config.nstreams=20000 avg_latency=1.0993 ms avg throuhgput (requests/sec) = 81.7876 res=false
*==== INFO ====* req_id_count= 10000 stream_id=39996 latency=1.083389 ms (tx_ts=156690130835142, rx_ts=156690131918531) request_id=665057 zil_blk_id=39996 ccf_commit_seqno=665058 nstreams_done_=10000 config.nstreams=20000 avg_latency=1.0993 ms avg throuhgput (requests/sec) = 81.8224 res=false
*==== INFO ====* req_id_count= 10500 stream_id=41996 latency=1.030117 ms (tx_ts=156696214084141, rx_ts=156696215114258) request_id=698450 zil_blk_id=41996 ccf_commit_seqno=698451 nstreams_done_=10500 config.nstreams=20000 avg_latency=1.0986 ms avg throuhgput (requests/sec) = 81.8400 res=false
*==== INFO ====* req_id_count= 11000 stream_id=43996 latency=1.026977 ms (tx_ts=156702310792188, rx_ts=156702311819165) request_id=731854 zil_blk_id=43996 ccf_commit_seqno=731856 nstreams_done_=11000 config.nstreams=20000 avg_latency=1.0986 ms avg throuhgput (requests/sec) = 81.8477 res=false
*==== INFO ====* req_id_count= 11500 stream_id=45996 latency=0.957420 ms (tx_ts=156708406915515, rx_ts=156708407872935) request_id=765284 zil_blk_id=45996 ccf_commit_seqno=765284 nstreams_done_=11500 config.nstreams=20000 avg_latency=1.0984 ms avg throuhgput (requests/sec) = 81.8552 res=false
*==== INFO ====* req_id_count= 12000 stream_id=47996 latency=1.234639 ms (tx_ts=156714509879384, rx_ts=156714511114023) request_id=798788 zil_blk_id=47996 ccf_commit_seqno=798788 nstreams_done_=12000 config.nstreams=20000 avg_latency=1.0983 ms avg throuhgput (requests/sec) = 81.8581 res=false
*==== INFO ====* req_id_count= 12500 stream_id=49996 latency=0.907877 ms (tx_ts=156720575426046, rx_ts=156720576333923) request_id=832070 zil_blk_id=49996 ccf_commit_seqno=832070 nstreams_done_=12500 config.nstreams=20000 avg_latency=1.0962 ms avg throuhgput (requests/sec) = 81.8811 res=false
*==== INFO ====* req_id_count= 13000 stream_id=51996 latency=0.917386 ms (tx_ts=156726669789028, rx_ts=156726670706414) request_id=865505 zil_blk_id=51996 ccf_commit_seqno=865505 nstreams_done_=13000 config.nstreams=20000 avg_latency=1.0958 ms avg throuhgput (requests/sec) = 81.8873 res=false
*==== INFO ====* req_id_count= 13500 stream_id=53996 latency=1.033687 ms (tx_ts=156732735622309, rx_ts=156732736655996) request_id=898827 zil_blk_id=53996 ccf_commit_seqno=898828 nstreams_done_=13500 config.nstreams=20000 avg_latency=1.0950 ms avg throuhgput (requests/sec) = 81.9072 res=false
*==== INFO ====* req_id_count= 14000 stream_id=55996 latency=0.803372 ms (tx_ts=156738800974404, rx_ts=156738801777776) request_id=932099 zil_blk_id=55996 ccf_commit_seqno=932099 nstreams_done_=14000 config.nstreams=20000 avg_latency=1.0945 ms avg throuhgput (requests/sec) = 81.9260 res=false
*==== INFO ====* req_id_count= 14500 stream_id=57996 latency=1.138150 ms (tx_ts=156744858548798, rx_ts=156744859686948) request_id=965354 zil_blk_id=57996 ccf_commit_seqno=965356 nstreams_done_=14500 config.nstreams=20000 avg_latency=1.0936 ms avg throuhgput (requests/sec) = 81.9469 res=false
*==== INFO ====* req_id_count= 15000 stream_id=59996 latency=1.072115 ms (tx_ts=156750923416855, rx_ts=156750924488970) request_id=998656 zil_blk_id=59996 ccf_commit_seqno=998657 nstreams_done_=15000 config.nstreams=20000 avg_latency=1.0925 ms avg throuhgput (requests/sec) = 81.9634 res=false
*==== INFO ====* req_id_count= 15500 stream_id=61996 latency=0.977368 ms (tx_ts=156756966435965, rx_ts=156756967413333) request_id=1031823 zil_blk_id=61996 ccf_commit_seqno=1031823 nstreams_done_=15500 config.nstreams=20000 avg_latency=1.0922 ms avg throuhgput (requests/sec) = 81.9882 res=false
*==== INFO ====* req_id_count= 16000 stream_id=63996 latency=1.139177 ms (tx_ts=156763065926308, rx_ts=156763067065485) request_id=1065191 zil_blk_id=63996 ccf_commit_seqno=1065192 nstreams_done_=16000 config.nstreams=20000 avg_latency=1.0934 ms avg throuhgput (requests/sec) = 81.9877 res=false
*==== INFO ====* req_id_count= 16500 stream_id=65996 latency=1.256600 ms (tx_ts=156769137054745, rx_ts=156769138311345) request_id=1098504 zil_blk_id=65996 ccf_commit_seqno=1098505 nstreams_done_=16500 config.nstreams=20000 avg_latency=1.0928 ms avg throuhgput (requests/sec) = 81.9988 res=false
*==== INFO ====* req_id_count= 17000 stream_id=67996 latency=1.014968 ms (tx_ts=156775214313256, rx_ts=156775215328224) request_id=1131930 zil_blk_id=67996 ccf_commit_seqno=1131932 nstreams_done_=17000 config.nstreams=20000 avg_latency=1.0928 ms avg throuhgput (requests/sec) = 82.0070 res=false
*==== INFO ====* req_id_count= 17500 stream_id=69996 latency=1.031038 ms (tx_ts=156781273531255, rx_ts=156781274562293) request_id=1165212 zil_blk_id=69996 ccf_commit_seqno=1165213 nstreams_done_=17500 config.nstreams=20000 avg_latency=1.0925 ms avg throuhgput (requests/sec) = 82.0215 res=false
*==== INFO ====* req_id_count= 18000 stream_id=71996 latency=1.108223 ms (tx_ts=156787347377639, rx_ts=156787348485862) request_id=1198584 zil_blk_id=71996 ccf_commit_seqno=1198585 nstreams_done_=18000 config.nstreams=20000 avg_latency=1.0923 ms avg throuhgput (requests/sec) = 82.0298 res=false
*==== INFO ====* req_id_count= 18500 stream_id=73996 latency=0.898861 ms (tx_ts=156793415542865, rx_ts=156793416441726) request_id=1231905 zil_blk_id=73996 ccf_commit_seqno=1231905 nstreams_done_=18500 config.nstreams=20000 avg_latency=1.0916 ms avg throuhgput (requests/sec) = 82.0397 res=false
*==== INFO ====* req_id_count= 19000 stream_id=75996 latency=0.850541 ms (tx_ts=156799458999745, rx_ts=156799459850286) request_id=1262226 zil_blk_id=75996 ccf_commit_seqno=1262226 nstreams_done_=19000 config.nstreams=20000 avg_latency=1.0905 ms avg throuhgput (requests/sec) = 82.0579 res=false
*==== INFO ====* req_id_count= 19500 stream_id=77996 latency=0.870035 ms (tx_ts=156805543586668, rx_ts=156805544456703) request_id=1276605 zil_blk_id=77996 ccf_commit_seqno=1276605 nstreams_done_=19500 config.nstreams=20000 avg_latency=1.0893 ms avg throuhgput (requests/sec) = 82.0609 res=false
*==== INFO ====* http_end_stream ALL streams done! nstreams_done_=20000 avg_latency=1.0863 msreq_id_count= 20000
*==== INFO ====* req_id_count= 20000 stream_id=79996 latency=1.367157 ms (tx_ts=156811692454939, rx_ts=156811693822096) request_id=1280000 zil_blk_id=79996 ccf_commit_seqno=1280000 nstreams_done_=20000 config.nstreams=20000 avg_latency=1.0863 ms avg throuhgput (requests/sec) = 82.0419 res=true
