Uniform: 767889 754826 604449 648171 472296 
Exponential: -2147483648 -2147483648 -2147483648 -2147483648 -2147483648 
Truncated Normal: 386669 751058 886996 524564 921769 
*==== INFO ====* req_id_count= 500 stream_id=1996 latency=0.658021 ms (tx_ts=156573745094028, rx_ts=156573745752049) request_id=31015 zil_blk_id=1996 ccf_commit_seqno=31015 nstreams_done_=500 config.nstreams=20000 avg_latency=0.7721 ms avg throuhgput (requests/sec) = 85.2897 res=false
*==== INFO ====* req_id_count= 1000 stream_id=3996 latency=0.581568 ms (tx_ts=156579604961522, rx_ts=156579605543090) request_id=62671 zil_blk_id=3996 ccf_commit_seqno=62671 nstreams_done_=1000 config.nstreams=20000 avg_latency=0.7699 ms avg throuhgput (requests/sec) = 85.3085 res=false
*==== INFO ====* req_id_count= 1500 stream_id=5996 latency=0.840973 ms (tx_ts=156585357495665, rx_ts=156585358336638) request_id=93856 zil_blk_id=5996 ccf_commit_seqno=93859 nstreams_done_=1500 config.nstreams=20000 avg_latency=0.7632 ms avg throuhgput (requests/sec) = 85.8371 res=false
*==== INFO ====* req_id_count= 2000 stream_id=7996 latency=0.711022 ms (tx_ts=156591111725170, rx_ts=156591112436192) request_id=125112 zil_blk_id=7996 ccf_commit_seqno=125112 nstreams_done_=2000 config.nstreams=20000 avg_latency=0.7544 ms avg throuhgput (requests/sec) = 86.0991 res=false
*==== INFO ====* req_id_count= 2500 stream_id=9996 latency=0.601756 ms (tx_ts=156596875362101, rx_ts=156596875963857) request_id=156414 zil_blk_id=9996 ccf_commit_seqno=156414 nstreams_done_=2500 config.nstreams=20000 avg_latency=0.7489 ms avg throuhgput (requests/sec) = 86.2289 res=false
*==== INFO ====* req_id_count= 3000 stream_id=11996 latency=0.536073 ms (tx_ts=156602623107590, rx_ts=156602623643663) request_id=187598 zil_blk_id=11996 ccf_commit_seqno=187598 nstreams_done_=3000 config.nstreams=20000 avg_latency=0.7464 ms avg throuhgput (requests/sec) = 86.3551 res=false
*==== INFO ====* req_id_count= 3500 stream_id=13996 latency=0.841183 ms (tx_ts=156608372289973, rx_ts=156608373131156) request_id=218875 zil_blk_id=13996 ccf_commit_seqno=218875 nstreams_done_=3500 config.nstreams=20000 avg_latency=0.7461 ms avg throuhgput (requests/sec) = 86.4416 res=false
*==== INFO ====* req_id_count= 4000 stream_id=15996 latency=0.826106 ms (tx_ts=156614130589410, rx_ts=156614131415516) request_id=250223 zil_blk_id=15996 ccf_commit_seqno=250225 nstreams_done_=4000 config.nstreams=20000 avg_latency=0.7473 ms avg throuhgput (requests/sec) = 86.4902 res=false
*==== INFO ====* req_id_count= 4500 stream_id=17996 latency=0.842266 ms (tx_ts=156619891035518, rx_ts=156619891877784) request_id=281575 zil_blk_id=17996 ccf_commit_seqno=281577 nstreams_done_=4500 config.nstreams=20000 avg_latency=0.7490 ms avg throuhgput (requests/sec) = 86.5243 res=false
*==== INFO ====* req_id_count= 5000 stream_id=19996 latency=0.541613 ms (tx_ts=156625630659190, rx_ts=156625631200803) request_id=312772 zil_blk_id=19996 ccf_commit_seqno=312772 nstreams_done_=5000 config.nstreams=20000 avg_latency=0.7509 ms avg throuhgput (requests/sec) = 86.5834 res=false
*==== INFO ====* req_id_count= 5500 stream_id=21996 latency=0.852485 ms (tx_ts=156631379984091, rx_ts=156631380836576) request_id=344062 zil_blk_id=21996 ccf_commit_seqno=344064 nstreams_done_=5500 config.nstreams=20000 avg_latency=0.7529 ms avg throuhgput (requests/sec) = 86.6176 res=false
*==== INFO ====* req_id_count= 6000 stream_id=23996 latency=0.890776 ms (tx_ts=156637102751200, rx_ts=156637103641976) request_id=375304 zil_blk_id=23996 ccf_commit_seqno=375304 nstreams_done_=6000 config.nstreams=20000 avg_latency=0.7527 ms avg throuhgput (requests/sec) = 86.6798 res=false
*==== INFO ====* req_id_count= 6500 stream_id=25996 latency=0.795806 ms (tx_ts=156642821609848, rx_ts=156642822405654) request_id=406576 zil_blk_id=25996 ccf_commit_seqno=406576 nstreams_done_=6500 config.nstreams=20000 avg_latency=0.7511 ms avg throuhgput (requests/sec) = 86.7372 res=false
*==== INFO ====* req_id_count= 7000 stream_id=27996 latency=0.878093 ms (tx_ts=156648553372546, rx_ts=156648554250639) request_id=437900 zil_blk_id=27996 ccf_commit_seqno=437902 nstreams_done_=7000 config.nstreams=20000 avg_latency=0.7512 ms avg throuhgput (requests/sec) = 86.7723 res=false
*==== INFO ====* req_id_count= 7500 stream_id=29996 latency=0.846231 ms (tx_ts=156654291984135, rx_ts=156654292830366) request_id=469282 zil_blk_id=29996 ccf_commit_seqno=469285 nstreams_done_=7500 config.nstreams=20000 avg_latency=0.7523 ms avg throuhgput (requests/sec) = 86.7961 res=false
*==== INFO ====* req_id_count= 8000 stream_id=31996 latency=0.831465 ms (tx_ts=156660024253807, rx_ts=156660025085272) request_id=500587 zil_blk_id=31996 ccf_commit_seqno=500587 nstreams_done_=8000 config.nstreams=20000 avg_latency=0.7520 ms avg throuhgput (requests/sec) = 86.8228 res=false
*==== INFO ====* req_id_count= 8500 stream_id=33996 latency=0.771443 ms (tx_ts=156665769949603, rx_ts=156665770721046) request_id=531922 zil_blk_id=33996 ccf_commit_seqno=531922 nstreams_done_=8500 config.nstreams=20000 avg_latency=0.7529 ms avg throuhgput (requests/sec) = 86.8345 res=false
*==== INFO ====* req_id_count= 9000 stream_id=35996 latency=0.750984 ms (tx_ts=156671506138019, rx_ts=156671506889003) request_id=563320 zil_blk_id=35996 ccf_commit_seqno=563323 nstreams_done_=9000 config.nstreams=20000 avg_latency=0.7535 ms avg throuhgput (requests/sec) = 86.8529 res=false
*==== INFO ====* req_id_count= 9500 stream_id=37996 latency=0.795177 ms (tx_ts=156677249053227, rx_ts=156677249848404) request_id=594762 zil_blk_id=37996 ccf_commit_seqno=594763 nstreams_done_=9500 config.nstreams=20000 avg_latency=0.7525 ms avg throuhgput (requests/sec) = 86.8639 res=false
*==== INFO ====* req_id_count= 10000 stream_id=39996 latency=0.860620 ms (tx_ts=156682988190493, rx_ts=156682989051113) request_id=626177 zil_blk_id=39996 ccf_commit_seqno=626179 nstreams_done_=10000 config.nstreams=20000 avg_latency=0.7515 ms avg throuhgput (requests/sec) = 86.8767 res=false
*==== INFO ====* req_id_count= 10500 stream_id=41996 latency=0.607967 ms (tx_ts=156688793771727, rx_ts=156688794379694) request_id=657725 zil_blk_id=41996 ccf_commit_seqno=657725 nstreams_done_=10500 config.nstreams=20000 avg_latency=0.7566 ms avg throuhgput (requests/sec) = 86.8407 res=false
*==== INFO ====* req_id_count= 11000 stream_id=43996 latency=0.474267 ms (tx_ts=156694538362218, rx_ts=156694538836485) request_id=689227 zil_blk_id=43996 ccf_commit_seqno=689227 nstreams_done_=11000 config.nstreams=20000 avg_latency=0.7572 ms avg throuhgput (requests/sec) = 86.8498 res=false
*==== INFO ====* req_id_count= 11500 stream_id=45996 latency=0.722482 ms (tx_ts=156700272582903, rx_ts=156700273305385) request_id=720702 zil_blk_id=45996 ccf_commit_seqno=720704 nstreams_done_=11500 config.nstreams=20000 avg_latency=0.7569 ms avg throuhgput (requests/sec) = 86.8646 res=false
*==== INFO ====* req_id_count= 12000 stream_id=47996 latency=0.599541 ms (tx_ts=156706009311999, rx_ts=156706009911540) request_id=752148 zil_blk_id=47996 ccf_commit_seqno=752148 nstreams_done_=12000 config.nstreams=20000 avg_latency=0.7569 ms avg throuhgput (requests/sec) = 86.8769 res=false
*==== INFO ====* req_id_count= 12500 stream_id=49996 latency=0.726668 ms (tx_ts=156711746646592, rx_ts=156711747373260) request_id=783625 zil_blk_id=49996 ccf_commit_seqno=783625 nstreams_done_=12500 config.nstreams=20000 avg_latency=0.7569 ms avg throuhgput (requests/sec) = 86.8876 res=false
*==== INFO ====* req_id_count= 13000 stream_id=51996 latency=0.687457 ms (tx_ts=156717475234685, rx_ts=156717475922142) request_id=815056 zil_blk_id=51996 ccf_commit_seqno=815056 nstreams_done_=13000 config.nstreams=20000 avg_latency=0.7563 ms avg throuhgput (requests/sec) = 86.9027 res=false
*==== INFO ====* req_id_count= 13500 stream_id=53996 latency=0.541693 ms (tx_ts=156723209288442, rx_ts=156723209830135) request_id=846534 zil_blk_id=53996 ccf_commit_seqno=846534 nstreams_done_=13500 config.nstreams=20000 avg_latency=0.7559 ms avg throuhgput (requests/sec) = 86.9137 res=false
*==== INFO ====* req_id_count= 14000 stream_id=55996 latency=0.502119 ms (tx_ts=156728953199755, rx_ts=156728953701874) request_id=878039 zil_blk_id=55996 ccf_commit_seqno=878039 nstreams_done_=14000 config.nstreams=20000 avg_latency=0.7563 ms avg throuhgput (requests/sec) = 86.9186 res=false
*==== INFO ====* req_id_count= 14500 stream_id=57996 latency=0.589323 ms (tx_ts=156734704427496, rx_ts=156734705016819) request_id=909610 zil_blk_id=57996 ccf_commit_seqno=909610 nstreams_done_=14500 config.nstreams=20000 avg_latency=0.7564 ms avg throuhgput (requests/sec) = 86.9192 res=false
*==== INFO ====* req_id_count= 15000 stream_id=59996 latency=0.585548 ms (tx_ts=156740439716679, rx_ts=156740440302227) request_id=941111 zil_blk_id=59996 ccf_commit_seqno=941111 nstreams_done_=15000 config.nstreams=20000 avg_latency=0.7560 ms avg throuhgput (requests/sec) = 86.9278 res=false
*==== INFO ====* req_id_count= 15500 stream_id=61996 latency=0.840478 ms (tx_ts=156746170683855, rx_ts=156746171524333) request_id=972569 zil_blk_id=61996 ccf_commit_seqno=972570 nstreams_done_=15500 config.nstreams=20000 avg_latency=0.7558 ms avg throuhgput (requests/sec) = 86.9379 res=false
*==== INFO ====* req_id_count= 16000 stream_id=63996 latency=0.619949 ms (tx_ts=156751912359694, rx_ts=156751912979643) request_id=1004090 zil_blk_id=63996 ccf_commit_seqno=1004090 nstreams_done_=16000 config.nstreams=20000 avg_latency=0.7558 ms avg throuhgput (requests/sec) = 86.9425 res=false
*==== INFO ====* req_id_count= 16500 stream_id=65996 latency=0.807921 ms (tx_ts=156757653266674, rx_ts=156757654074595) request_id=1035596 zil_blk_id=65996 ccf_commit_seqno=1035597 nstreams_done_=16500 config.nstreams=20000 avg_latency=0.7563 ms avg throuhgput (requests/sec) = 86.9470 res=false
*==== INFO ====* req_id_count= 17000 stream_id=67996 latency=0.835843 ms (tx_ts=156763411613456, rx_ts=156763412449299) request_id=1067087 zil_blk_id=67996 ccf_commit_seqno=1067090 nstreams_done_=17000 config.nstreams=20000 avg_latency=0.7571 ms avg throuhgput (requests/sec) = 86.9436 res=false
*==== INFO ====* req_id_count= 17500 stream_id=69996 latency=0.987246 ms (tx_ts=156769153357585, rx_ts=156769154344831) request_id=1098587 zil_blk_id=69996 ccf_commit_seqno=1098592 nstreams_done_=17500 config.nstreams=20000 avg_latency=0.7571 ms avg throuhgput (requests/sec) = 86.9475 res=false
*==== INFO ====* req_id_count= 18000 stream_id=71996 latency=0.703185 ms (tx_ts=156774884322470, rx_ts=156774885025655) request_id=1130117 zil_blk_id=71996 ccf_commit_seqno=1130117 nstreams_done_=18000 config.nstreams=20000 avg_latency=0.7570 ms avg throuhgput (requests/sec) = 86.9558 res=false
*==== INFO ====* req_id_count= 18500 stream_id=73996 latency=0.995652 ms (tx_ts=156780621707909, rx_ts=156780622703561) request_id=1161619 zil_blk_id=73996 ccf_commit_seqno=1161624 nstreams_done_=18500 config.nstreams=20000 avg_latency=0.7572 ms avg throuhgput (requests/sec) = 86.9609 res=false
*==== INFO ====* req_id_count= 19000 stream_id=75996 latency=0.988148 ms (tx_ts=156786359292603, rx_ts=156786360280751) request_id=1193144 zil_blk_id=75996 ccf_commit_seqno=1193149 nstreams_done_=19000 config.nstreams=20000 avg_latency=0.7574 ms avg throuhgput (requests/sec) = 86.9657 res=false
*==== INFO ====* req_id_count= 19500 stream_id=77996 latency=0.527707 ms (tx_ts=156792090089747, rx_ts=156792090617454) request_id=1224614 zil_blk_id=77996 ccf_commit_seqno=1224614 nstreams_done_=19500 config.nstreams=20000 avg_latency=0.7573 ms avg throuhgput (requests/sec) = 86.9731 res=false
*==== INFO ====* http_end_stream ALL streams done! nstreams_done_=20000 avg_latency=0.7570 msreq_id_count= 20000
*==== INFO ====* req_id_count= 20000 stream_id=79996 latency=0.489466 ms (tx_ts=156797823466083, rx_ts=156797823955549) request_id=1255124 zil_blk_id=79996 ccf_commit_seqno=1255124 nstreams_done_=20000 config.nstreams=20000 avg_latency=0.7570 ms avg throuhgput (requests/sec) = 86.9790 res=true
