Uniform: 580740 37215 93773 211307 178262 
Exponential: -2147483648 -2147483648 -2147483648 -2147483648 -2147483648 
Truncated Normal: 970946 313486 327454 735083 695511 
*==== INFO ====* req_id_count= 500 stream_id=1996 latency=0.641780 ms (tx_ts=156573658302070, rx_ts=156573658943850) request_id=30553 zil_blk_id=1996 ccf_commit_seqno=30555 nstreams_done_=500 config.nstreams=20000 avg_latency=0.7651 ms avg throuhgput (requests/sec) = 86.6093 res=false
*==== INFO ====* req_id_count= 1000 stream_id=3996 latency=0.891097 ms (tx_ts=156579427619562, rx_ts=156579428510659) request_id=61714 zil_blk_id=3996 ccf_commit_seqno=61720 nstreams_done_=1000 config.nstreams=20000 avg_latency=0.7546 ms avg throuhgput (requests/sec) = 86.6355 res=false
*==== INFO ====* req_id_count= 1500 stream_id=5996 latency=0.671387 ms (tx_ts=156585181191801, rx_ts=156585181863188) request_id=92899 zil_blk_id=5996 ccf_commit_seqno=92900 nstreams_done_=1500 config.nstreams=20000 avg_latency=0.7439 ms avg throuhgput (requests/sec) = 86.7254 res=false
*==== INFO ====* req_id_count= 2000 stream_id=7996 latency=0.526656 ms (tx_ts=156590902945208, rx_ts=156590903471864) request_id=123980 zil_blk_id=7996 ccf_commit_seqno=123980 nstreams_done_=2000 config.nstreams=20000 avg_latency=0.7374 ms avg throuhgput (requests/sec) = 86.8901 res=false
*==== INFO ====* req_id_count= 2500 stream_id=9996 latency=0.717803 ms (tx_ts=156596629963252, rx_ts=156596630681055) request_id=155090 zil_blk_id=9996 ccf_commit_seqno=155090 nstreams_done_=2500 config.nstreams=20000 avg_latency=0.7402 ms avg throuhgput (requests/sec) = 86.9723 res=false
*==== INFO ====* req_id_count= 3000 stream_id=11996 latency=0.537616 ms (tx_ts=156602390180681, rx_ts=156602390718297) request_id=186333 zil_blk_id=11996 ccf_commit_seqno=186333 nstreams_done_=3000 config.nstreams=20000 avg_latency=0.7433 ms avg throuhgput (requests/sec) = 86.9444 res=false
*==== INFO ====* req_id_count= 3500 stream_id=13996 latency=0.901466 ms (tx_ts=156608115225118, rx_ts=156608116126584) request_id=217483 zil_blk_id=13996 ccf_commit_seqno=217488 nstreams_done_=3500 config.nstreams=20000 avg_latency=0.7410 ms avg throuhgput (requests/sec) = 86.9992 res=false
*==== INFO ====* req_id_count= 4000 stream_id=15996 latency=0.659172 ms (tx_ts=156613852034397, rx_ts=156613852693569) request_id=248713 zil_blk_id=15996 ccf_commit_seqno=248714 nstreams_done_=4000 config.nstreams=20000 avg_latency=0.7410 ms avg throuhgput (requests/sec) = 87.0193 res=false
*==== INFO ====* req_id_count= 4500 stream_id=17996 latency=0.502851 ms (tx_ts=156619613777515, rx_ts=156619614280366) request_id=280075 zil_blk_id=17996 ccf_commit_seqno=280075 nstreams_done_=4500 config.nstreams=20000 avg_latency=0.7456 ms avg throuhgput (requests/sec) = 86.9929 res=false
*==== INFO ====* req_id_count= 5000 stream_id=19996 latency=0.791917 ms (tx_ts=156625350350830, rx_ts=156625351142747) request_id=311266 zil_blk_id=19996 ccf_commit_seqno=311267 nstreams_done_=5000 config.nstreams=20000 avg_latency=0.7473 ms avg throuhgput (requests/sec) = 87.0091 res=false
*==== INFO ====* req_id_count= 5500 stream_id=21996 latency=0.901085 ms (tx_ts=156631072781923, rx_ts=156631073683008) request_id=342389 zil_blk_id=21996 ccf_commit_seqno=342391 nstreams_done_=5500 config.nstreams=20000 avg_latency=0.7465 ms avg throuhgput (requests/sec) = 87.0421 res=false
*==== INFO ====* req_id_count= 6000 stream_id=23996 latency=0.551912 ms (tx_ts=156636800388998, rx_ts=156636800940910) request_id=373647 zil_blk_id=23996 ccf_commit_seqno=373648 nstreams_done_=6000 config.nstreams=20000 avg_latency=0.7465 ms avg throuhgput (requests/sec) = 87.0637 res=false
*==== INFO ====* req_id_count= 6500 stream_id=25996 latency=0.857032 ms (tx_ts=156642522968043, rx_ts=156642523825075) request_id=404947 zil_blk_id=25996 ccf_commit_seqno=404948 nstreams_done_=6500 config.nstreams=20000 avg_latency=0.7463 ms avg throuhgput (requests/sec) = 87.0871 res=false
*==== INFO ====* req_id_count= 7000 stream_id=27996 latency=0.729624 ms (tx_ts=156648255320417, rx_ts=156648256050041) request_id=436273 zil_blk_id=27996 ccf_commit_seqno=436276 nstreams_done_=7000 config.nstreams=20000 avg_latency=0.7480 ms avg throuhgput (requests/sec) = 87.0970 res=false
*==== INFO ====* req_id_count= 7500 stream_id=29996 latency=0.725475 ms (tx_ts=156653985874252, rx_ts=156653986599727) request_id=467621 zil_blk_id=29996 ccf_commit_seqno=467621 nstreams_done_=7500 config.nstreams=20000 avg_latency=0.7483 ms avg throuhgput (requests/sec) = 87.1073 res=false
*==== INFO ====* req_id_count= 8000 stream_id=31996 latency=0.944691 ms (tx_ts=156659721652261, rx_ts=156659722596952) request_id=498950 zil_blk_id=31996 ccf_commit_seqno=498953 nstreams_done_=8000 config.nstreams=20000 avg_latency=0.7493 ms avg throuhgput (requests/sec) = 87.1111 res=false
*==== INFO ====* req_id_count= 8500 stream_id=33996 latency=0.809854 ms (tx_ts=156665460837481, rx_ts=156665461647335) request_id=530225 zil_blk_id=33996 ccf_commit_seqno=530226 nstreams_done_=8500 config.nstreams=20000 avg_latency=0.7501 ms avg throuhgput (requests/sec) = 87.1118 res=false
*==== INFO ====* req_id_count= 9000 stream_id=35996 latency=0.837065 ms (tx_ts=156671171304758, rx_ts=156671172141823) request_id=561494 zil_blk_id=35996 ccf_commit_seqno=561495 nstreams_done_=9000 config.nstreams=20000 avg_latency=0.7487 ms avg throuhgput (requests/sec) = 87.1365 res=false
*==== INFO ====* req_id_count= 9500 stream_id=37996 latency=0.606845 ms (tx_ts=156676888277408, rx_ts=156676888884253) request_id=592785 zil_blk_id=37996 ccf_commit_seqno=592786 nstreams_done_=9500 config.nstreams=20000 avg_latency=0.7481 ms avg throuhgput (requests/sec) = 87.1536 res=false
*==== INFO ====* req_id_count= 10000 stream_id=39996 latency=0.780210 ms (tx_ts=156682595101881, rx_ts=156682595882091) request_id=624028 zil_blk_id=39996 ccf_commit_seqno=624028 nstreams_done_=10000 config.nstreams=20000 avg_latency=0.7475 ms avg throuhgput (requests/sec) = 87.1764 res=false
*==== INFO ====* req_id_count= 10500 stream_id=41996 latency=0.788344 ms (tx_ts=156688388661409, rx_ts=156688389449753) request_id=655506 zil_blk_id=41996 ccf_commit_seqno=655507 nstreams_done_=10500 config.nstreams=20000 avg_latency=0.7518 ms avg throuhgput (requests/sec) = 87.1344 res=false
*==== INFO ====* req_id_count= 11000 stream_id=43996 latency=0.697705 ms (tx_ts=156694128850319, rx_ts=156694129548024) request_id=686995 zil_blk_id=43996 ccf_commit_seqno=686995 nstreams_done_=11000 config.nstreams=20000 avg_latency=0.7526 ms avg throuhgput (requests/sec) = 87.1331 res=false
*==== INFO ====* req_id_count= 11500 stream_id=45996 latency=0.617735 ms (tx_ts=156699863403127, rx_ts=156699864020862) request_id=718455 zil_blk_id=45996 ccf_commit_seqno=718457 nstreams_done_=11500 config.nstreams=20000 avg_latency=0.7531 ms avg throuhgput (requests/sec) = 87.1356 res=false
*==== INFO ====* req_id_count= 12000 stream_id=47996 latency=0.778546 ms (tx_ts=156705585706834, rx_ts=156705586485380) request_id=749828 zil_blk_id=47996 ccf_commit_seqno=749830 nstreams_done_=12000 config.nstreams=20000 avg_latency=0.7519 ms avg throuhgput (requests/sec) = 87.1456 res=false
*==== INFO ====* req_id_count= 12500 stream_id=49996 latency=0.629116 ms (tx_ts=156711316195203, rx_ts=156711316824319) request_id=781266 zil_blk_id=49996 ccf_commit_seqno=781267 nstreams_done_=12500 config.nstreams=20000 avg_latency=0.7520 ms avg throuhgput (requests/sec) = 87.1500 res=false
*==== INFO ====* req_id_count= 13000 stream_id=51996 latency=0.732721 ms (tx_ts=156717029435552, rx_ts=156717030168273) request_id=812607 zil_blk_id=51996 ccf_commit_seqno=812608 nstreams_done_=13000 config.nstreams=20000 avg_latency=0.7508 ms avg throuhgput (requests/sec) = 87.1639 res=false
*==== INFO ====* req_id_count= 13500 stream_id=53996 latency=0.633558 ms (tx_ts=156722737218360, rx_ts=156722737851918) request_id=843949 zil_blk_id=53996 ccf_commit_seqno=843950 nstreams_done_=13500 config.nstreams=20000 avg_latency=0.7501 ms avg throuhgput (requests/sec) = 87.1800 res=false
*==== INFO ====* req_id_count= 14000 stream_id=55996 latency=0.625780 ms (tx_ts=156728464110814, rx_ts=156728464736594) request_id=875348 zil_blk_id=55996 ccf_commit_seqno=875349 nstreams_done_=14000 config.nstreams=20000 avg_latency=0.7499 ms avg throuhgput (requests/sec) = 87.1846 res=false
*==== INFO ====* req_id_count= 14500 stream_id=57996 latency=1.030349 ms (tx_ts=156734185735946, rx_ts=156734186766295) request_id=906771 zil_blk_id=57996 ccf_commit_seqno=906780 nstreams_done_=14500 config.nstreams=20000 avg_latency=0.7500 ms avg throuhgput (requests/sec) = 87.1914 res=false
*==== INFO ====* req_id_count= 15000 stream_id=59996 latency=0.545540 ms (tx_ts=156739914874083, rx_ts=156739915419623) request_id=938212 zil_blk_id=59996 ccf_commit_seqno=938212 nstreams_done_=15000 config.nstreams=20000 avg_latency=0.7501 ms avg throuhgput (requests/sec) = 87.1943 res=false
*==== INFO ====* req_id_count= 15500 stream_id=61996 latency=0.640248 ms (tx_ts=156745658171604, rx_ts=156745658811852) request_id=969746 zil_blk_id=61996 ccf_commit_seqno=969747 nstreams_done_=15500 config.nstreams=20000 avg_latency=0.7507 ms avg throuhgput (requests/sec) = 87.1899 res=false
*==== INFO ====* req_id_count= 16000 stream_id=63996 latency=0.894954 ms (tx_ts=156751414740389, rx_ts=156751415635343) request_id=1001350 zil_blk_id=63996 ccf_commit_seqno=1001354 nstreams_done_=16000 config.nstreams=20000 avg_latency=0.7518 ms avg throuhgput (requests/sec) = 87.1793 res=false
*==== INFO ====* req_id_count= 16500 stream_id=65996 latency=1.582303 ms (tx_ts=156757159929077, rx_ts=156757161511380) request_id=1032888 zil_blk_id=65996 ccf_commit_seqno=1032890 nstreams_done_=16500 config.nstreams=20000 avg_latency=0.7518 ms avg throuhgput (requests/sec) = 87.1745 res=false
*==== INFO ====* req_id_count= 17000 stream_id=67996 latency=0.536834 ms (tx_ts=156762922367122, rx_ts=156762922903956) request_id=1064397 zil_blk_id=67996 ccf_commit_seqno=1064397 nstreams_done_=17000 config.nstreams=20000 avg_latency=0.7526 ms avg throuhgput (requests/sec) = 87.1629 res=false
*==== INFO ====* req_id_count= 17500 stream_id=69996 latency=0.706020 ms (tx_ts=156768664134287, rx_ts=156768664840307) request_id=1095904 zil_blk_id=69996 ccf_commit_seqno=1095905 nstreams_done_=17500 config.nstreams=20000 avg_latency=0.7524 ms avg throuhgput (requests/sec) = 87.1605 res=false
*==== INFO ====* req_id_count= 18000 stream_id=71996 latency=0.861290 ms (tx_ts=156774376394899, rx_ts=156774377256189) request_id=1127311 zil_blk_id=71996 ccf_commit_seqno=1127313 nstreams_done_=18000 config.nstreams=20000 avg_latency=0.7516 ms avg throuhgput (requests/sec) = 87.1707 res=false
*==== INFO ====* req_id_count= 18500 stream_id=73996 latency=0.788945 ms (tx_ts=156780108371892, rx_ts=156780109160837) request_id=1158813 zil_blk_id=73996 ccf_commit_seqno=1158815 nstreams_done_=18500 config.nstreams=20000 avg_latency=0.7513 ms avg throuhgput (requests/sec) = 87.1723 res=false
*==== INFO ====* req_id_count= 19000 stream_id=75996 latency=0.690982 ms (tx_ts=156785847297047, rx_ts=156785847988029) request_id=1190327 zil_blk_id=75996 ccf_commit_seqno=1190329 nstreams_done_=19000 config.nstreams=20000 avg_latency=0.7514 ms avg throuhgput (requests/sec) = 87.1711 res=false
*==== INFO ====* req_id_count= 19500 stream_id=77996 latency=0.789897 ms (tx_ts=156791554192905, rx_ts=156791554982802) request_id=1221668 zil_blk_id=77996 ccf_commit_seqno=1221672 nstreams_done_=19500 config.nstreams=20000 avg_latency=0.7508 ms avg throuhgput (requests/sec) = 87.1824 res=false
*==== INFO ====* http_end_stream ALL streams done! nstreams_done_=20000 avg_latency=0.7515 msreq_id_count= 20000
*==== INFO ====* req_id_count= 20000 stream_id=79996 latency=0.543708 ms (tx_ts=156797303771077, rx_ts=156797304314785) request_id=1252671 zil_blk_id=79996 ccf_commit_seqno=1252671 nstreams_done_=20000 config.nstreams=20000 avg_latency=0.7515 ms avg throuhgput (requests/sec) = 87.1770 res=true
