Uniform: 63086 49602 917594 54622 768316 
Exponential: -2147483648 -2147483648 -2147483648 -2147483648 -2147483648 
Truncated Normal: 357862 383288 585263 505979 824522 
*==== INFO ====* req_id_count= 500 stream_id=1996 latency=0.935771 ms (tx_ts=156573766296306, rx_ts=156573767232077) request_id=31130 zil_blk_id=1996 ccf_commit_seqno=31132 nstreams_done_=500 config.nstreams=20000 avg_latency=0.8393 ms avg throuhgput (requests/sec) = 85.0626 res=false
*==== INFO ====* req_id_count= 1000 stream_id=3996 latency=0.828210 ms (tx_ts=156579614761071, rx_ts=156579615589281) request_id=62726 zil_blk_id=3996 ccf_commit_seqno=62727 nstreams_done_=1000 config.nstreams=20000 avg_latency=0.8466 ms avg throuhgput (requests/sec) = 85.2778 res=false
*==== INFO ====* req_id_count= 1500 stream_id=5996 latency=0.607727 ms (tx_ts=156585415124471, rx_ts=156585415732198) request_id=94168 zil_blk_id=5996 ccf_commit_seqno=94168 nstreams_done_=1500 config.nstreams=20000 avg_latency=0.8433 ms avg throuhgput (requests/sec) = 85.5846 res=false
*==== INFO ====* req_id_count= 2000 stream_id=7996 latency=0.703727 ms (tx_ts=156591219569019, rx_ts=156591220272746) request_id=125697 zil_blk_id=7996 ccf_commit_seqno=125697 nstreams_done_=2000 config.nstreams=20000 avg_latency=0.8404 ms avg throuhgput (requests/sec) = 85.7226 res=false
*==== INFO ====* req_id_count= 2500 stream_id=9996 latency=0.645888 ms (tx_ts=156597012347273, rx_ts=156597012993161) request_id=157158 zil_blk_id=9996 ccf_commit_seqno=157158 nstreams_done_=2500 config.nstreams=20000 avg_latency=0.8351 ms avg throuhgput (requests/sec) = 85.8405 res=false
*==== INFO ====* req_id_count= 3000 stream_id=11996 latency=0.957515 ms (tx_ts=156602817528971, rx_ts=156602818486486) request_id=188647 zil_blk_id=11996 ccf_commit_seqno=188649 nstreams_done_=3000 config.nstreams=20000 avg_latency=0.8354 ms avg throuhgput (requests/sec) = 85.8878 res=false
*==== INFO ====* req_id_count= 3500 stream_id=13996 latency=1.010230 ms (tx_ts=156608621668396, rx_ts=156608622678626) request_id=220235 zil_blk_id=13996 ccf_commit_seqno=220236 nstreams_done_=3500 config.nstreams=20000 avg_latency=0.8338 ms avg throuhgput (requests/sec) = 85.9244 res=false
*==== INFO ====* req_id_count= 4000 stream_id=15996 latency=0.740044 ms (tx_ts=156614415935956, rx_ts=156614416676000) request_id=251773 zil_blk_id=15996 ccf_commit_seqno=251774 nstreams_done_=4000 config.nstreams=20000 avg_latency=0.8324 ms avg throuhgput (requests/sec) = 85.9707 res=false
*==== INFO ====* req_id_count= 4500 stream_id=17996 latency=0.814875 ms (tx_ts=156620215359912, rx_ts=156620216174787) request_id=283343 zil_blk_id=17996 ccf_commit_seqno=283343 nstreams_done_=4500 config.nstreams=20000 avg_latency=0.8341 ms avg throuhgput (requests/sec) = 85.9977 res=false
*==== INFO ====* req_id_count= 5000 stream_id=19996 latency=0.629558 ms (tx_ts=156626007289878, rx_ts=156626007919436) request_id=314836 zil_blk_id=19996 ccf_commit_seqno=314836 nstreams_done_=5000 config.nstreams=20000 avg_latency=0.8310 ms avg throuhgput (requests/sec) = 86.0308 res=false
*==== INFO ====* req_id_count= 5500 stream_id=21996 latency=0.691323 ms (tx_ts=156631804266946, rx_ts=156631804958269) request_id=346371 zil_blk_id=21996 ccf_commit_seqno=346371 nstreams_done_=5500 config.nstreams=20000 avg_latency=0.8301 ms avg throuhgput (requests/sec) = 86.0508 res=false
*==== INFO ====* req_id_count= 6000 stream_id=23996 latency=0.924479 ms (tx_ts=156637600670508, rx_ts=156637601594987) request_id=378017 zil_blk_id=23996 ccf_commit_seqno=378019 nstreams_done_=6000 config.nstreams=20000 avg_latency=0.8302 ms avg throuhgput (requests/sec) = 86.0679 res=false
*==== INFO ====* req_id_count= 6500 stream_id=25996 latency=0.633986 ms (tx_ts=156643373830822, rx_ts=156643374464808) request_id=409585 zil_blk_id=25996 ccf_commit_seqno=409586 nstreams_done_=6500 config.nstreams=20000 avg_latency=0.8283 ms avg throuhgput (requests/sec) = 86.1095 res=false
*==== INFO ====* req_id_count= 7000 stream_id=27996 latency=0.593590 ms (tx_ts=156649155017659, rx_ts=156649155611249) request_id=441198 zil_blk_id=27996 ccf_commit_seqno=441198 nstreams_done_=7000 config.nstreams=20000 avg_latency=0.8274 ms avg throuhgput (requests/sec) = 86.1365 res=false
*==== INFO ====* req_id_count= 7500 stream_id=29996 latency=0.675997 ms (tx_ts=156654933367207, rx_ts=156654934043204) request_id=472790 zil_blk_id=29996 ccf_commit_seqno=472791 nstreams_done_=7500 config.nstreams=20000 avg_latency=0.8256 ms avg throuhgput (requests/sec) = 86.1625 res=false
*==== INFO ====* req_id_count= 8000 stream_id=31996 latency=0.721850 ms (tx_ts=156660733526610, rx_ts=156660734248460) request_id=504460 zil_blk_id=31996 ccf_commit_seqno=504462 nstreams_done_=8000 config.nstreams=20000 avg_latency=0.8256 ms avg throuhgput (requests/sec) = 86.1651 res=false
*==== INFO ====* req_id_count= 8500 stream_id=33996 latency=0.668671 ms (tx_ts=156666538283125, rx_ts=156666538951796) request_id=536137 zil_blk_id=33996 ccf_commit_seqno=536137 nstreams_done_=8500 config.nstreams=20000 avg_latency=0.8254 ms avg throuhgput (requests/sec) = 86.1634 res=false
*==== INFO ====* req_id_count= 9000 stream_id=35996 latency=0.748652 ms (tx_ts=156672355037359, rx_ts=156672355786011) request_id=567986 zil_blk_id=35996 ccf_commit_seqno=567988 nstreams_done_=9000 config.nstreams=20000 avg_latency=0.8246 ms avg throuhgput (requests/sec) = 86.1520 res=false
*==== INFO ====* req_id_count= 9500 stream_id=37996 latency=0.716190 ms (tx_ts=156678142490771, rx_ts=156678143206961) request_id=599656 zil_blk_id=37996 ccf_commit_seqno=599657 nstreams_done_=9500 config.nstreams=20000 avg_latency=0.8247 ms avg throuhgput (requests/sec) = 86.1647 res=false
*==== INFO ====* req_id_count= 10000 stream_id=39996 latency=0.624689 ms (tx_ts=156684003259960, rx_ts=156684003884649) request_id=631483 zil_blk_id=39996 ccf_commit_seqno=631483 nstreams_done_=10000 config.nstreams=20000 avg_latency=0.8277 ms avg throuhgput (requests/sec) = 86.1218 res=false
*==== INFO ====* req_id_count= 10500 stream_id=41996 latency=0.934450 ms (tx_ts=156689814541218, rx_ts=156689815475668) request_id=663327 zil_blk_id=41996 ccf_commit_seqno=663329 nstreams_done_=10500 config.nstreams=20000 avg_latency=0.8285 ms avg throuhgput (requests/sec) = 86.1176 res=false
*==== INFO ====* req_id_count= 11000 stream_id=43996 latency=0.676623 ms (tx_ts=156695585359842, rx_ts=156695586036465) request_id=694993 zil_blk_id=43996 ccf_commit_seqno=694993 nstreams_done_=11000 config.nstreams=20000 avg_latency=0.8274 ms avg throuhgput (requests/sec) = 86.1415 res=false
*==== INFO ====* req_id_count= 11500 stream_id=45996 latency=0.749664 ms (tx_ts=156701369831210, rx_ts=156701370580874) request_id=726696 zil_blk_id=45996 ccf_commit_seqno=726698 nstreams_done_=11500 config.nstreams=20000 avg_latency=0.8269 ms avg throuhgput (requests/sec) = 86.1543 res=false
*==== INFO ====* req_id_count= 12000 stream_id=47996 latency=0.771242 ms (tx_ts=156707160970926, rx_ts=156707161742168) request_id=758436 zil_blk_id=47996 ccf_commit_seqno=758436 nstreams_done_=12000 config.nstreams=20000 avg_latency=0.8257 ms avg throuhgput (requests/sec) = 86.1620 res=false
*==== INFO ====* req_id_count= 12500 stream_id=49996 latency=0.889804 ms (tx_ts=156712929890026, rx_ts=156712930779830) request_id=790115 zil_blk_id=49996 ccf_commit_seqno=790117 nstreams_done_=12500 config.nstreams=20000 avg_latency=0.8250 ms avg throuhgput (requests/sec) = 86.1822 res=false
*==== INFO ====* req_id_count= 13000 stream_id=51996 latency=0.828249 ms (tx_ts=156718713198478, rx_ts=156718714026727) request_id=821856 zil_blk_id=51996 ccf_commit_seqno=821857 nstreams_done_=13000 config.nstreams=20000 avg_latency=0.8246 ms avg throuhgput (requests/sec) = 86.1927 res=false
*==== INFO ====* req_id_count= 13500 stream_id=53996 latency=0.918968 ms (tx_ts=156724506114457, rx_ts=156724507033425) request_id=853631 zil_blk_id=53996 ccf_commit_seqno=853635 nstreams_done_=13500 config.nstreams=20000 avg_latency=0.8250 ms avg throuhgput (requests/sec) = 86.1971 res=false
*==== INFO ====* req_id_count= 14000 stream_id=55996 latency=0.823189 ms (tx_ts=156730293362427, rx_ts=156730294185616) request_id=885402 zil_blk_id=55996 ccf_commit_seqno=885403 nstreams_done_=14000 config.nstreams=20000 avg_latency=0.8243 ms avg throuhgput (requests/sec) = 86.2043 res=false
*==== INFO ====* req_id_count= 14500 stream_id=57996 latency=0.899444 ms (tx_ts=156736064811965, rx_ts=156736065711409) request_id=917090 zil_blk_id=57996 ccf_commit_seqno=917091 nstreams_done_=14500 config.nstreams=20000 avg_latency=0.8236 ms avg throuhgput (requests/sec) = 86.2189 res=false
*==== INFO ====* req_id_count= 15000 stream_id=59996 latency=0.948504 ms (tx_ts=156741848102357, rx_ts=156741849050861) request_id=948849 zil_blk_id=59996 ccf_commit_seqno=948853 nstreams_done_=15000 config.nstreams=20000 avg_latency=0.8231 ms avg throuhgput (requests/sec) = 86.2268 res=false
*==== INFO ====* req_id_count= 15500 stream_id=61996 latency=0.721720 ms (tx_ts=156747633654914, rx_ts=156747634376634) request_id=980606 zil_blk_id=61996 ccf_commit_seqno=980607 nstreams_done_=15500 config.nstreams=20000 avg_latency=0.8231 ms avg throuhgput (requests/sec) = 86.2332 res=false
*==== INFO ====* req_id_count= 16000 stream_id=63996 latency=0.598409 ms (tx_ts=156753431918599, rx_ts=156753432517008) request_id=1012430 zil_blk_id=63996 ccf_commit_seqno=1012430 nstreams_done_=16000 config.nstreams=20000 avg_latency=0.8234 ms avg throuhgput (requests/sec) = 86.2332 res=false
*==== INFO ====* req_id_count= 16500 stream_id=65996 latency=0.779689 ms (tx_ts=156759214826919, rx_ts=156759215606608) request_id=1044182 zil_blk_id=65996 ccf_commit_seqno=1044182 nstreams_done_=16500 config.nstreams=20000 avg_latency=0.8232 ms avg throuhgput (requests/sec) = 86.2401 res=false
*==== INFO ====* req_id_count= 17000 stream_id=67996 latency=0.888661 ms (tx_ts=156765041232415, rx_ts=156765042121076) request_id=1076012 zil_blk_id=67996 ccf_commit_seqno=1076013 nstreams_done_=17000 config.nstreams=20000 avg_latency=0.8250 ms avg throuhgput (requests/sec) = 86.2275 res=false
*==== INFO ====* req_id_count= 17500 stream_id=69996 latency=0.579854 ms (tx_ts=156770822295005, rx_ts=156770822874859) request_id=1107770 zil_blk_id=69996 ccf_commit_seqno=1107771 nstreams_done_=17500 config.nstreams=20000 avg_latency=0.8245 ms avg throuhgput (requests/sec) = 86.2351 res=false
*==== INFO ====* req_id_count= 18000 stream_id=71996 latency=0.738011 ms (tx_ts=156776588140990, rx_ts=156776588879001) request_id=1139499 zil_blk_id=71996 ccf_commit_seqno=1139501 nstreams_done_=18000 config.nstreams=20000 avg_latency=0.8234 ms avg throuhgput (requests/sec) = 86.2483 res=false
*==== INFO ====* req_id_count= 18500 stream_id=73996 latency=0.587999 ms (tx_ts=156782371092312, rx_ts=156782371680311) request_id=1171241 zil_blk_id=73996 ccf_commit_seqno=1171241 nstreams_done_=18500 config.nstreams=20000 avg_latency=0.8232 ms avg throuhgput (requests/sec) = 86.2541 res=false
*==== INFO ====* req_id_count= 19000 stream_id=75996 latency=0.562496 ms (tx_ts=156788166760382, rx_ts=156788167322878) request_id=1203065 zil_blk_id=75996 ccf_commit_seqno=1203065 nstreams_done_=19000 config.nstreams=20000 avg_latency=0.8225 ms avg throuhgput (requests/sec) = 86.2546 res=false
*==== INFO ====* req_id_count= 19500 stream_id=77996 latency=0.606815 ms (tx_ts=156793951558908, rx_ts=156793952165723) request_id=1234849 zil_blk_id=77996 ccf_commit_seqno=1234850 nstreams_done_=19500 config.nstreams=20000 avg_latency=0.8219 ms avg throuhgput (requests/sec) = 86.2592 res=false
*==== INFO ====* http_end_stream ALL streams done! nstreams_done_=20000 avg_latency=0.8221 msreq_id_count= 20000
*==== INFO ====* req_id_count= 20000 stream_id=79996 latency=0.686675 ms (tx_ts=156799744479474, rx_ts=156799745166149) request_id=1263321 zil_blk_id=79996 ccf_commit_seqno=1263321 nstreams_done_=20000 config.nstreams=20000 avg_latency=0.8221 ms avg throuhgput (requests/sec) = 86.2605 res=true
