Uniform: 444397 548849 663805 483171 616334 
Exponential: -2147483648 -2147483648 -2147483648 -2147483648 -2147483648 
Truncated Normal: 792811 534062 314880 357384 982510 
*==== INFO ====* req_id_count= 500 stream_id=1996 latency=1.637028 ms (tx_ts=156573984527503, rx_ts=156573986164531) request_id=32275 zil_blk_id=1996 ccf_commit_seqno=32281 nstreams_done_=500 config.nstreams=20000 avg_latency=1.0849 ms avg throuhgput (requests/sec) = 82.3163 res=false
*==== INFO ====* req_id_count= 1000 stream_id=3996 latency=1.159060 ms (tx_ts=156580025654369, rx_ts=156580026813429) request_id=64924 zil_blk_id=3996 ccf_commit_seqno=64924 nstreams_done_=1000 config.nstreams=20000 avg_latency=1.0813 ms avg throuhgput (requests/sec) = 82.5438 res=false
*==== INFO ====* req_id_count= 1500 stream_id=5996 latency=1.136817 ms (tx_ts=156586058062368, rx_ts=156586059199185) request_id=97632 zil_blk_id=5996 ccf_commit_seqno=97632 nstreams_done_=1500 config.nstreams=20000 avg_latency=1.0789 ms avg throuhgput (requests/sec) = 82.6575 res=false
*==== INFO ====* req_id_count= 2000 stream_id=7996 latency=0.993008 ms (tx_ts=156592076924372, rx_ts=156592077917380) request_id=130350 zil_blk_id=7996 ccf_commit_seqno=130350 nstreams_done_=2000 config.nstreams=20000 avg_latency=1.0771 ms avg throuhgput (requests/sec) = 82.7613 res=false
*==== INFO ====* req_id_count= 2500 stream_id=9996 latency=0.964835 ms (tx_ts=156598130552239, rx_ts=156598131517074) request_id=163168 zil_blk_id=9996 ccf_commit_seqno=163169 nstreams_done_=2500 config.nstreams=20000 avg_latency=1.0699 ms avg throuhgput (requests/sec) = 82.7281 res=false
*==== INFO ====* req_id_count= 3000 stream_id=11996 latency=1.162167 ms (tx_ts=156604166449859, rx_ts=156604167612026) request_id=195977 zil_blk_id=11996 ccf_commit_seqno=195980 nstreams_done_=3000 config.nstreams=20000 avg_latency=1.0692 ms avg throuhgput (requests/sec) = 82.7459 res=false
*==== INFO ====* req_id_count= 3500 stream_id=13996 latency=0.968010 ms (tx_ts=156610220305762, rx_ts=156610221273772) request_id=228907 zil_blk_id=13996 ccf_commit_seqno=228908 nstreams_done_=3500 config.nstreams=20000 avg_latency=1.0657 ms avg throuhgput (requests/sec) = 82.7242 res=false
*==== INFO ====* req_id_count= 4000 stream_id=15996 latency=1.041037 ms (tx_ts=156616218411940, rx_ts=156616219452977) request_id=261606 zil_blk_id=15996 ccf_commit_seqno=261609 nstreams_done_=4000 config.nstreams=20000 avg_latency=1.0655 ms avg throuhgput (requests/sec) = 82.8030 res=false
*==== INFO ====* req_id_count= 4500 stream_id=17996 latency=1.222137 ms (tx_ts=156622260491389, rx_ts=156622261713526) request_id=294440 zil_blk_id=17996 ccf_commit_seqno=294446 nstreams_done_=4500 config.nstreams=20000 avg_latency=1.0667 ms avg throuhgput (requests/sec) = 82.7972 res=false
*==== INFO ====* req_id_count= 5000 stream_id=19996 latency=0.961890 ms (tx_ts=156628305473482, rx_ts=156628306435372) request_id=327364 zil_blk_id=19996 ccf_commit_seqno=327365 nstreams_done_=5000 config.nstreams=20000 avg_latency=1.0685 ms avg throuhgput (requests/sec) = 82.7891 res=false
*==== INFO ====* req_id_count= 5500 stream_id=21996 latency=1.131356 ms (tx_ts=156634368725887, rx_ts=156634369857243) request_id=360358 zil_blk_id=21996 ccf_commit_seqno=360360 nstreams_done_=5500 config.nstreams=20000 avg_latency=1.0738 ms avg throuhgput (requests/sec) = 82.7593 res=false
*==== INFO ====* req_id_count= 6000 stream_id=23996 latency=0.825604 ms (tx_ts=156640352901116, rx_ts=156640353726720) request_id=393074 zil_blk_id=23996 ccf_commit_seqno=393074 nstreams_done_=6000 config.nstreams=20000 avg_latency=1.0698 ms avg throuhgput (requests/sec) = 82.8252 res=false
*==== INFO ====* req_id_count= 6500 stream_id=25996 latency=1.260106 ms (tx_ts=156646328094667, rx_ts=156646329354773) request_id=425741 zil_blk_id=25996 ccf_commit_seqno=425746 nstreams_done_=6500 config.nstreams=20000 avg_latency=1.0684 ms avg throuhgput (requests/sec) = 82.8899 res=false
*==== INFO ====* req_id_count= 7000 stream_id=27996 latency=1.110647 ms (tx_ts=156652261210850, rx_ts=156652262321497) request_id=458178 zil_blk_id=27996 ccf_commit_seqno=458182 nstreams_done_=7000 config.nstreams=20000 avg_latency=1.0700 ms avg throuhgput (requests/sec) = 82.9873 res=false
*==== INFO ====* req_id_count= 7500 stream_id=29996 latency=1.184144 ms (tx_ts=156658199279337, rx_ts=156658200463481) request_id=490642 zil_blk_id=29996 ccf_commit_seqno=490646 nstreams_done_=7500 config.nstreams=20000 avg_latency=1.0717 ms avg throuhgput (requests/sec) = 83.0671 res=false
*==== INFO ====* req_id_count= 8000 stream_id=31996 latency=1.362097 ms (tx_ts=156664144997583, rx_ts=156664146359680) request_id=523089 zil_blk_id=31996 ccf_commit_seqno=523092 nstreams_done_=8000 config.nstreams=20000 avg_latency=1.0726 ms avg throuhgput (requests/sec) = 83.1304 res=false
*==== INFO ====* req_id_count= 8500 stream_id=33996 latency=0.972649 ms (tx_ts=156670095505599, rx_ts=156670096478248) request_id=555623 zil_blk_id=33996 ccf_commit_seqno=555626 nstreams_done_=8500 config.nstreams=20000 avg_latency=1.0753 ms avg throuhgput (requests/sec) = 83.1829 res=false
*==== INFO ====* req_id_count= 9000 stream_id=35996 latency=1.155952 ms (tx_ts=156676054345205, rx_ts=156676055501157) request_id=588221 zil_blk_id=35996 ccf_commit_seqno=588223 nstreams_done_=9000 config.nstreams=20000 avg_latency=1.0769 ms avg throuhgput (requests/sec) = 83.2228 res=false
*==== INFO ====* req_id_count= 9500 stream_id=37996 latency=1.202820 ms (tx_ts=156681967814140, rx_ts=156681969016960) request_id=620602 zil_blk_id=37996 ccf_commit_seqno=620604 nstreams_done_=9500 config.nstreams=20000 avg_latency=1.0758 ms avg throuhgput (requests/sec) = 83.2917 res=false
*==== INFO ====* req_id_count= 10000 stream_id=39996 latency=1.443790 ms (tx_ts=156688000042434, rx_ts=156688001486224) request_id=653372 zil_blk_id=39996 ccf_commit_seqno=653377 nstreams_done_=10000 config.nstreams=20000 avg_latency=1.0812 ms avg throuhgput (requests/sec) = 83.2713 res=false
*==== INFO ====* req_id_count= 10500 stream_id=41996 latency=1.162836 ms (tx_ts=156693923938100, rx_ts=156693925100936) request_id=685869 zil_blk_id=41996 ccf_commit_seqno=685871 nstreams_done_=10500 config.nstreams=20000 avg_latency=1.0802 ms avg throuhgput (requests/sec) = 83.3247 res=false
*==== INFO ====* req_id_count= 11000 stream_id=43996 latency=0.850070 ms (tx_ts=156699879125528, rx_ts=156699879975598) request_id=718536 zil_blk_id=43996 ccf_commit_seqno=718536 nstreams_done_=11000 config.nstreams=20000 avg_latency=1.0811 ms avg throuhgput (requests/sec) = 83.3536 res=false
*==== INFO ====* req_id_count= 11500 stream_id=45996 latency=1.213990 ms (tx_ts=156705850010140, rx_ts=156705851224130) request_id=751275 zil_blk_id=45996 ccf_commit_seqno=751279 nstreams_done_=11500 config.nstreams=20000 avg_latency=1.0821 ms avg throuhgput (requests/sec) = 83.3701 res=false
*==== INFO ====* req_id_count= 12000 stream_id=47996 latency=1.048892 ms (tx_ts=156711808093836, rx_ts=156711809142728) request_id=783957 zil_blk_id=47996 ccf_commit_seqno=783958 nstreams_done_=12000 config.nstreams=20000 avg_latency=1.0832 ms avg throuhgput (requests/sec) = 83.3929 res=false
*==== INFO ====* req_id_count= 12500 stream_id=49996 latency=0.926897 ms (tx_ts=156717771610048, rx_ts=156717772536945) request_id=816688 zil_blk_id=49996 ccf_commit_seqno=816689 nstreams_done_=12500 config.nstreams=20000 avg_latency=1.0838 ms avg throuhgput (requests/sec) = 83.4109 res=false
*==== INFO ====* req_id_count= 13000 stream_id=51996 latency=0.782280 ms (tx_ts=156723716214546, rx_ts=156723716996826) request_id=849326 zil_blk_id=51996 ccf_commit_seqno=849326 nstreams_done_=13000 config.nstreams=20000 avg_latency=1.0838 ms avg throuhgput (requests/sec) = 83.4377 res=false
*==== INFO ====* req_id_count= 13500 stream_id=53996 latency=0.801839 ms (tx_ts=156729681908033, rx_ts=156729682709872) request_id=882037 zil_blk_id=53996 ccf_commit_seqno=882037 nstreams_done_=13500 config.nstreams=20000 avg_latency=1.0846 ms avg throuhgput (requests/sec) = 83.4515 res=false
*==== INFO ====* req_id_count= 14000 stream_id=55996 latency=0.806169 ms (tx_ts=156735617086292, rx_ts=156735617892461) request_id=914628 zil_blk_id=55996 ccf_commit_seqno=914628 nstreams_done_=14000 config.nstreams=20000 avg_latency=1.0847 ms avg throuhgput (requests/sec) = 83.4795 res=false
*==== INFO ====* req_id_count= 14500 stream_id=57996 latency=0.984662 ms (tx_ts=156741541380458, rx_ts=156741542365120) request_id=947178 zil_blk_id=57996 ccf_commit_seqno=947178 nstreams_done_=14500 config.nstreams=20000 avg_latency=1.0838 ms avg throuhgput (requests/sec) = 83.5108 res=false
*==== INFO ====* req_id_count= 15000 stream_id=59996 latency=0.791640 ms (tx_ts=156747473972803, rx_ts=156747474764443) request_id=979726 zil_blk_id=59996 ccf_commit_seqno=979726 nstreams_done_=15000 config.nstreams=20000 avg_latency=1.0836 ms avg throuhgput (requests/sec) = 83.5363 res=false
*==== INFO ====* req_id_count= 15500 stream_id=61996 latency=0.887761 ms (tx_ts=156753402595389, rx_ts=156753403483150) request_id=1012272 zil_blk_id=61996 ccf_commit_seqno=1012272 nstreams_done_=15500 config.nstreams=20000 avg_latency=1.0832 ms avg throuhgput (requests/sec) = 83.5618 res=false
*==== INFO ====* req_id_count= 16000 stream_id=63996 latency=0.829932 ms (tx_ts=156759310427777, rx_ts=156759311257709) request_id=1044710 zil_blk_id=63996 ccf_commit_seqno=1044710 nstreams_done_=16000 config.nstreams=20000 avg_latency=1.0827 ms avg throuhgput (requests/sec) = 83.5949 res=false
*==== INFO ====* req_id_count= 16500 stream_id=65996 latency=1.097492 ms (tx_ts=156765248797418, rx_ts=156765249894910) request_id=1077158 zil_blk_id=65996 ccf_commit_seqno=1077159 nstreams_done_=16500 config.nstreams=20000 avg_latency=1.0838 ms avg throuhgput (requests/sec) = 83.6129 res=false
*==== INFO ====* req_id_count= 17000 stream_id=67996 latency=1.223722 ms (tx_ts=156771155296717, rx_ts=156771156520439) request_id=1109600 zil_blk_id=67996 ccf_commit_seqno=1109602 nstreams_done_=17000 config.nstreams=20000 avg_latency=1.0824 ms avg throuhgput (requests/sec) = 83.6431 res=false
*==== INFO ====* req_id_count= 17500 stream_id=69996 latency=0.819363 ms (tx_ts=156777076360103, rx_ts=156777077179466) request_id=1142177 zil_blk_id=69996 ccf_commit_seqno=1142177 nstreams_done_=17500 config.nstreams=20000 avg_latency=1.0821 ms avg throuhgput (requests/sec) = 83.6659 res=false
*==== INFO ====* req_id_count= 18000 stream_id=71996 latency=1.389511 ms (tx_ts=156783017510362, rx_ts=156783018899873) request_id=1174788 zil_blk_id=71996 ccf_commit_seqno=1174792 nstreams_done_=18000 config.nstreams=20000 avg_latency=1.0822 ms avg throuhgput (requests/sec) = 83.6793 res=false
*==== INFO ====* req_id_count= 18500 stream_id=73996 latency=1.043521 ms (tx_ts=156788949390389, rx_ts=156788950433910) request_id=1207358 zil_blk_id=73996 ccf_commit_seqno=1207361 nstreams_done_=18500 config.nstreams=20000 avg_latency=1.0816 ms avg throuhgput (requests/sec) = 83.6959 res=false
*==== INFO ====* req_id_count= 19000 stream_id=75996 latency=1.361777 ms (tx_ts=156794898392762, rx_ts=156794899754539) request_id=1240053 zil_blk_id=75996 ccf_commit_seqno=1240054 nstreams_done_=19000 config.nstreams=20000 avg_latency=1.0827 ms avg throuhgput (requests/sec) = 83.7050 res=false
*==== INFO ====* req_id_count= 19500 stream_id=77996 latency=0.970455 ms (tx_ts=156800820868618, rx_ts=156800821839073) request_id=1266934 zil_blk_id=77996 ccf_commit_seqno=1266934 nstreams_done_=19500 config.nstreams=20000 avg_latency=1.0820 ms avg throuhgput (requests/sec) = 83.7234 res=false
*==== INFO ====* http_end_stream ALL streams done! nstreams_done_=20000 avg_latency=1.0811 msreq_id_count= 20000
*==== INFO ====* req_id_count= 20000 stream_id=79996 latency=1.005578 ms (tx_ts=156806858115986, rx_ts=156806859121564) request_id=1278155 zil_blk_id=79996 ccf_commit_seqno=1278155 nstreams_done_=20000 config.nstreams=20000 avg_latency=1.0811 ms avg throuhgput (requests/sec) = 83.7005 res=true
