Uniform: 632710 112708 776283 214575 42363 
Exponential: -2147483648 -2147483648 -2147483648 -2147483648 -2147483648 
Truncated Normal: 280902 522233 620949 121157 139069 
*==== INFO ====* req_id_count= 500 stream_id=1996 latency=1.049748 ms (tx_ts=156573960314307, rx_ts=156573961364055) request_id=32149 zil_blk_id=1996 ccf_commit_seqno=32151 nstreams_done_=500 config.nstreams=20000 avg_latency=0.9934 ms avg throuhgput (requests/sec) = 82.5457 res=false
*==== INFO ====* req_id_count= 1000 stream_id=3996 latency=0.784147 ms (tx_ts=156580024780476, rx_ts=156580025564623) request_id=64914 zil_blk_id=3996 ccf_commit_seqno=64915 nstreams_done_=1000 config.nstreams=20000 avg_latency=0.9897 ms avg throuhgput (requests/sec) = 82.4984 res=false
*==== INFO ====* req_id_count= 1500 stream_id=5996 latency=0.747158 ms (tx_ts=156585914378791, rx_ts=156585915125949) request_id=96856 zil_blk_id=5996 ccf_commit_seqno=96856 nstreams_done_=1500 config.nstreams=20000 avg_latency=0.9764 ms avg throuhgput (requests/sec) = 83.2824 res=false
*==== INFO ====* req_id_count= 2000 stream_id=7996 latency=0.828330 ms (tx_ts=156591813236245, rx_ts=156591814064575) request_id=128911 zil_blk_id=7996 ccf_commit_seqno=128911 nstreams_done_=2000 config.nstreams=20000 avg_latency=0.9715 ms avg throuhgput (requests/sec) = 83.6472 res=false
*==== INFO ====* req_id_count= 2500 stream_id=9996 latency=0.810877 ms (tx_ts=156597701390759, rx_ts=156597702201636) request_id=160862 zil_blk_id=9996 ccf_commit_seqno=160862 nstreams_done_=2500 config.nstreams=20000 avg_latency=0.9716 ms avg throuhgput (requests/sec) = 83.8980 res=false
*==== INFO ====* req_id_count= 3000 stream_id=11996 latency=1.041493 ms (tx_ts=156603586903082, rx_ts=156603587944575) request_id=192814 zil_blk_id=11996 ccf_commit_seqno=192815 nstreams_done_=3000 config.nstreams=20000 avg_latency=0.9679 ms avg throuhgput (requests/sec) = 84.0717 res=false
*==== INFO ====* req_id_count= 3500 stream_id=13996 latency=0.719045 ms (tx_ts=156609489821862, rx_ts=156609490540907) request_id=224933 zil_blk_id=13996 ccf_commit_seqno=224933 nstreams_done_=3500 config.nstreams=20000 avg_latency=0.9716 ms avg throuhgput (requests/sec) = 84.1621 res=false
*==== INFO ====* req_id_count= 4000 stream_id=15996 latency=0.896467 ms (tx_ts=156615387804324, rx_ts=156615388700791) request_id=257076 zil_blk_id=15996 ccf_commit_seqno=257076 nstreams_done_=4000 config.nstreams=20000 avg_latency=0.9720 ms avg throuhgput (requests/sec) = 84.2379 res=false
*==== INFO ====* req_id_count= 4500 stream_id=17996 latency=0.729825 ms (tx_ts=156621286515091, rx_ts=156621287244916) request_id=289142 zil_blk_id=17996 ccf_commit_seqno=289142 nstreams_done_=4500 config.nstreams=20000 avg_latency=0.9708 ms avg throuhgput (requests/sec) = 84.2963 res=false
*==== INFO ====* req_id_count= 5000 stream_id=19996 latency=1.094284 ms (tx_ts=156627168517013, rx_ts=156627169611297) request_id=321161 zil_blk_id=19996 ccf_commit_seqno=321163 nstreams_done_=5000 config.nstreams=20000 avg_latency=0.9724 ms avg throuhgput (requests/sec) = 84.3661 res=false
*==== INFO ====* req_id_count= 5500 stream_id=21996 latency=1.045757 ms (tx_ts=156633066107566, rx_ts=156633067153323) request_id=353259 zil_blk_id=21996 ccf_commit_seqno=353260 nstreams_done_=5500 config.nstreams=20000 avg_latency=0.9746 ms avg throuhgput (requests/sec) = 84.4037 res=false
*==== INFO ====* req_id_count= 6000 stream_id=23996 latency=0.958964 ms (tx_ts=156638965522942, rx_ts=156638966481906) request_id=385479 zil_blk_id=23996 ccf_commit_seqno=385481 nstreams_done_=6000 config.nstreams=20000 avg_latency=0.9753 ms avg throuhgput (requests/sec) = 84.4329 res=false
*==== INFO ====* req_id_count= 6500 stream_id=25996 latency=0.991459 ms (tx_ts=156644843549619, rx_ts=156644844541078) request_id=417624 zil_blk_id=25996 ccf_commit_seqno=417626 nstreams_done_=6500 config.nstreams=20000 avg_latency=0.9736 ms avg throuhgput (requests/sec) = 84.4809 res=false
*==== INFO ====* req_id_count= 7000 stream_id=27996 latency=1.528790 ms (tx_ts=156650728629346, rx_ts=156650730158136) request_id=449813 zil_blk_id=27996 ccf_commit_seqno=449813 nstreams_done_=7000 config.nstreams=20000 avg_latency=0.9736 ms avg throuhgput (requests/sec) = 84.5145 res=false
*==== INFO ====* req_id_count= 7500 stream_id=29996 latency=1.035093 ms (tx_ts=156656605476305, rx_ts=156656606511398) request_id=481937 zil_blk_id=29996 ccf_commit_seqno=481939 nstreams_done_=7500 config.nstreams=20000 avg_latency=0.9733 ms avg throuhgput (requests/sec) = 84.5524 res=false
*==== INFO ====* req_id_count= 8000 stream_id=31996 latency=1.069155 ms (tx_ts=156662492891794, rx_ts=156662493960949) request_id=514090 zil_blk_id=31996 ccf_commit_seqno=514091 nstreams_done_=8000 config.nstreams=20000 avg_latency=0.9744 ms avg throuhgput (requests/sec) = 84.5757 res=false
*==== INFO ====* req_id_count= 8500 stream_id=33996 latency=0.999750 ms (tx_ts=156668397437589, rx_ts=156668398437339) request_id=546326 zil_blk_id=33996 ccf_commit_seqno=546327 nstreams_done_=8500 config.nstreams=20000 avg_latency=0.9761 ms avg throuhgput (requests/sec) = 84.5819 res=false
*==== INFO ====* req_id_count= 9000 stream_id=35996 latency=1.145162 ms (tx_ts=156674281346054, rx_ts=156674282491216) request_id=578518 zil_blk_id=35996 ccf_commit_seqno=578522 nstreams_done_=9000 config.nstreams=20000 avg_latency=0.9776 ms avg throuhgput (requests/sec) = 84.6037 res=false
*==== INFO ====* req_id_count= 9500 stream_id=37996 latency=1.035988 ms (tx_ts=156680149212096, rx_ts=156680150248084) request_id=610640 zil_blk_id=37996 ccf_commit_seqno=610640 nstreams_done_=9500 config.nstreams=20000 avg_latency=0.9762 ms avg throuhgput (requests/sec) = 84.6354 res=false
*==== INFO ====* req_id_count= 10000 stream_id=39996 latency=0.727631 ms (tx_ts=156686074772201, rx_ts=156686075499832) request_id=642808 zil_blk_id=39996 ccf_commit_seqno=642808 nstreams_done_=10000 config.nstreams=20000 avg_latency=0.9791 ms avg throuhgput (requests/sec) = 84.6229 res=false
*==== INFO ====* req_id_count= 10500 stream_id=41996 latency=1.134772 ms (tx_ts=156691949843778, rx_ts=156691950978550) request_id=675043 zil_blk_id=41996 ccf_commit_seqno=675047 nstreams_done_=10500 config.nstreams=20000 avg_latency=0.9795 ms avg throuhgput (requests/sec) = 84.6454 res=false
*==== INFO ====* req_id_count= 11000 stream_id=43996 latency=1.153504 ms (tx_ts=156697835294370, rx_ts=156697836447874) request_id=707338 zil_blk_id=43996 ccf_commit_seqno=707341 nstreams_done_=11000 config.nstreams=20000 avg_latency=0.9792 ms avg throuhgput (requests/sec) = 84.6594 res=false
*==== INFO ====* req_id_count= 11500 stream_id=45996 latency=0.861482 ms (tx_ts=156703703356562, rx_ts=156703704218044) request_id=739496 zil_blk_id=45996 ccf_commit_seqno=739497 nstreams_done_=11500 config.nstreams=20000 avg_latency=0.9790 ms avg throuhgput (requests/sec) = 84.6833 res=false
*==== INFO ====* req_id_count= 12000 stream_id=47996 latency=1.077295 ms (tx_ts=156709557468820, rx_ts=156709558546115) request_id=771602 zil_blk_id=47996 ccf_commit_seqno=771603 nstreams_done_=12000 config.nstreams=20000 avg_latency=0.9779 ms avg throuhgput (requests/sec) = 84.7132 res=false
*==== INFO ====* req_id_count= 12500 stream_id=49996 latency=0.923547 ms (tx_ts=156715408402860, rx_ts=156715409326407) request_id=803704 zil_blk_id=49996 ccf_commit_seqno=803705 nstreams_done_=12500 config.nstreams=20000 avg_latency=0.9764 ms avg throuhgput (requests/sec) = 84.7428 res=false
*==== INFO ====* req_id_count= 13000 stream_id=51996 latency=0.715174 ms (tx_ts=156721276511280, rx_ts=156721277226454) request_id=835922 zil_blk_id=51996 ccf_commit_seqno=835922 nstreams_done_=13000 config.nstreams=20000 avg_latency=0.9757 ms avg throuhgput (requests/sec) = 84.7606 res=false
*==== INFO ====* req_id_count= 13500 stream_id=53996 latency=1.131776 ms (tx_ts=156727156922353, rx_ts=156727158054129) request_id=868162 zil_blk_id=53996 ccf_commit_seqno=868165 nstreams_done_=13500 config.nstreams=20000 avg_latency=0.9763 ms avg throuhgput (requests/sec) = 84.7703 res=false
*==== INFO ====* req_id_count= 14000 stream_id=55996 latency=0.741569 ms (tx_ts=156733012383528, rx_ts=156733013125097) request_id=900338 zil_blk_id=55996 ccf_commit_seqno=900338 nstreams_done_=14000 config.nstreams=20000 avg_latency=0.9760 ms avg throuhgput (requests/sec) = 84.7925 res=false
*==== INFO ====* req_id_count= 14500 stream_id=57996 latency=0.770051 ms (tx_ts=156738886996284, rx_ts=156738887766335) request_id=932571 zil_blk_id=57996 ccf_commit_seqno=932571 nstreams_done_=14500 config.nstreams=20000 avg_latency=0.9758 ms avg throuhgput (requests/sec) = 84.8034 res=false
*==== INFO ====* req_id_count= 15000 stream_id=59996 latency=0.722933 ms (tx_ts=156744758868238, rx_ts=156744759591171) request_id=964803 zil_blk_id=59996 ccf_commit_seqno=964804 nstreams_done_=15000 config.nstreams=20000 avg_latency=0.9757 ms avg throuhgput (requests/sec) = 84.8150 res=false
*==== INFO ====* req_id_count= 15500 stream_id=61996 latency=0.841851 ms (tx_ts=156750627904640, rx_ts=156750628746491) request_id=997030 zil_blk_id=61996 ccf_commit_seqno=997031 nstreams_done_=15500 config.nstreams=20000 avg_latency=0.9754 ms avg throuhgput (requests/sec) = 84.8271 res=false
*==== INFO ====* req_id_count= 16000 stream_id=63996 latency=0.920212 ms (tx_ts=156756495244611, rx_ts=156756496164823) request_id=1029235 zil_blk_id=63996 ccf_commit_seqno=1029237 nstreams_done_=16000 config.nstreams=20000 avg_latency=0.9754 ms avg throuhgput (requests/sec) = 84.8392 res=false
*==== INFO ====* req_id_count= 16500 stream_id=65996 latency=1.051988 ms (tx_ts=156762382638541, rx_ts=156762383690529) request_id=1061440 zil_blk_id=65996 ccf_commit_seqno=1061440 nstreams_done_=16500 config.nstreams=20000 avg_latency=0.9768 ms avg throuhgput (requests/sec) = 84.8418 res=false
*==== INFO ====* req_id_count= 17000 stream_id=67996 latency=0.727621 ms (tx_ts=156768259432678, rx_ts=156768260160299) request_id=1093688 zil_blk_id=67996 ccf_commit_seqno=1093688 nstreams_done_=17000 config.nstreams=20000 avg_latency=0.9770 ms avg throuhgput (requests/sec) = 84.8489 res=false
*==== INFO ====* req_id_count= 17500 stream_id=69996 latency=0.678108 ms (tx_ts=156774127381627, rx_ts=156774128059735) request_id=1125944 zil_blk_id=69996 ccf_commit_seqno=1125944 nstreams_done_=17500 config.nstreams=20000 avg_latency=0.9768 ms avg throuhgput (requests/sec) = 84.8592 res=false
*==== INFO ====* req_id_count= 18000 stream_id=71996 latency=0.888411 ms (tx_ts=156779978740676, rx_ts=156779979629087) request_id=1158102 zil_blk_id=71996 ccf_commit_seqno=1158104 nstreams_done_=18000 config.nstreams=20000 avg_latency=0.9764 ms avg throuhgput (requests/sec) = 84.8754 res=false
*==== INFO ====* req_id_count= 18500 stream_id=73996 latency=1.032571 ms (tx_ts=156785839725806, rx_ts=156785840758377) request_id=1190288 zil_blk_id=73996 ccf_commit_seqno=1190289 nstreams_done_=18500 config.nstreams=20000 avg_latency=0.9759 ms avg throuhgput (requests/sec) = 84.8871 res=false
*==== INFO ====* req_id_count= 19000 stream_id=75996 latency=1.001124 ms (tx_ts=156791696021769, rx_ts=156791697022893) request_id=1222447 zil_blk_id=75996 ccf_commit_seqno=1222448 nstreams_done_=19000 config.nstreams=20000 avg_latency=0.9756 ms avg throuhgput (requests/sec) = 84.8999 res=false
*==== INFO ====* req_id_count= 19500 stream_id=77996 latency=0.708666 ms (tx_ts=156797580881811, rx_ts=156797581590477) request_id=1253980 zil_blk_id=77996 ccf_commit_seqno=1253980 nstreams_done_=19500 config.nstreams=20000 avg_latency=0.9758 ms avg throuhgput (requests/sec) = 84.9017 res=false
*==== INFO ====* http_end_stream ALL streams done! nstreams_done_=20000 avg_latency=0.9750 msreq_id_count= 20000
*==== INFO ====* req_id_count= 20000 stream_id=79996 latency=0.699839 ms (tx_ts=156803453197262, rx_ts=156803453897101) request_id=1273432 zil_blk_id=79996 ccf_commit_seqno=1273432 nstreams_done_=20000 config.nstreams=20000 avg_latency=0.9750 ms avg throuhgput (requests/sec) = 84.9077 res=true
