Uniform: 589422 817458 860028 577600 238888 
Exponential: -2147483648 -2147483648 -2147483648 -2147483648 -2147483648 
Truncated Normal: 519862 260222 382339 121005 184766 
*==== INFO ====* req_id_count= 500 stream_id=1996 latency=3.459746 ms (tx_ts=156573872461874, rx_ts=156573875921620) request_id=31691 zil_blk_id=1996 ccf_commit_seqno=31696 nstreams_done_=500 config.nstreams=20000 avg_latency=0.9252 ms avg throuhgput (requests/sec) = 83.5521 res=false
*==== INFO ====* req_id_count= 1000 stream_id=3996 latency=0.794577 ms (tx_ts=156579821478065, rx_ts=156579822272642) request_id=63827 zil_blk_id=3996 ccf_commit_seqno=63827 nstreams_done_=1000 config.nstreams=20000 avg_latency=0.8973 ms avg throuhgput (requests/sec) = 83.8178 res=false
*==== INFO ====* req_id_count= 1500 stream_id=5996 latency=0.953333 ms (tx_ts=156585773167326, rx_ts=156585774120659) request_id=96091 zil_blk_id=5996 ccf_commit_seqno=96092 nstreams_done_=1500 config.nstreams=20000 avg_latency=0.8887 ms avg throuhgput (requests/sec) = 83.8809 res=false
*==== INFO ====* req_id_count= 2000 stream_id=7996 latency=0.872202 ms (tx_ts=156591708017025, rx_ts=156591708889227) request_id=128341 zil_blk_id=7996 ccf_commit_seqno=128342 nstreams_done_=2000 config.nstreams=20000 avg_latency=0.8750 ms avg throuhgput (requests/sec) = 83.9727 res=false
*==== INFO ====* req_id_count= 2500 stream_id=9996 latency=1.092524 ms (tx_ts=156597721034721, rx_ts=156597722127245) request_id=160971 zil_blk_id=9996 ccf_commit_seqno=160972 nstreams_done_=2500 config.nstreams=20000 avg_latency=0.8870 ms avg throuhgput (requests/sec) = 83.8068 res=false
*==== INFO ====* req_id_count= 3000 stream_id=11996 latency=0.713766 ms (tx_ts=156603697057366, rx_ts=156603697771132) request_id=193415 zil_blk_id=11996 ccf_commit_seqno=193415 nstreams_done_=3000 config.nstreams=20000 avg_latency=0.8905 ms avg throuhgput (requests/sec) = 83.7845 res=false
*==== INFO ====* req_id_count= 3500 stream_id=13996 latency=0.697027 ms (tx_ts=156609669023335, rx_ts=156609669720362) request_id=225906 zil_blk_id=13996 ccf_commit_seqno=225906 nstreams_done_=3500 config.nstreams=20000 avg_latency=0.8907 ms avg throuhgput (requests/sec) = 83.7760 res=false
*==== INFO ====* req_id_count= 4000 stream_id=15996 latency=0.827197 ms (tx_ts=156615586833059, rx_ts=156615587660256) request_id=258161 zil_blk_id=15996 ccf_commit_seqno=258164 nstreams_done_=4000 config.nstreams=20000 avg_latency=0.8892 ms avg throuhgput (requests/sec) = 83.8644 res=false
*==== INFO ====* req_id_count= 4500 stream_id=17996 latency=0.985854 ms (tx_ts=156621538760500, rx_ts=156621539746354) request_id=290518 zil_blk_id=17996 ccf_commit_seqno=290520 nstreams_done_=4500 config.nstreams=20000 avg_latency=0.8891 ms avg throuhgput (requests/sec) = 83.8799 res=false
*==== INFO ====* req_id_count= 5000 stream_id=19996 latency=0.868204 ms (tx_ts=156627523970945, rx_ts=156627524839149) request_id=323097 zil_blk_id=19996 ccf_commit_seqno=323097 nstreams_done_=5000 config.nstreams=20000 avg_latency=0.8893 ms avg throuhgput (requests/sec) = 83.8459 res=false
*==== INFO ====* req_id_count= 5500 stream_id=21996 latency=0.646740 ms (tx_ts=156633482374040, rx_ts=156633483020780) request_id=355525 zil_blk_id=21996 ccf_commit_seqno=355525 nstreams_done_=5500 config.nstreams=20000 avg_latency=0.8881 ms avg throuhgput (requests/sec) = 83.8525 res=false
*==== INFO ====* req_id_count= 6000 stream_id=23996 latency=0.883313 ms (tx_ts=156639411834956, rx_ts=156639412718269) request_id=387930 zil_blk_id=23996 ccf_commit_seqno=387931 nstreams_done_=6000 config.nstreams=20000 avg_latency=0.8846 ms avg throuhgput (requests/sec) = 83.8913 res=false
*==== INFO ====* req_id_count= 6500 stream_id=25996 latency=0.915221 ms (tx_ts=156645335376525, rx_ts=156645336291746) request_id=420302 zil_blk_id=25996 ccf_commit_seqno=420302 nstreams_done_=6500 config.nstreams=20000 avg_latency=0.8819 ms avg throuhgput (requests/sec) = 83.9309 res=false
*==== INFO ====* req_id_count= 7000 stream_id=27996 latency=0.912848 ms (tx_ts=156651241250534, rx_ts=156651242163382) request_id=452607 zil_blk_id=27996 ccf_commit_seqno=452608 nstreams_done_=7000 config.nstreams=20000 avg_latency=0.8784 ms avg throuhgput (requests/sec) = 83.9827 res=false
*==== INFO ====* req_id_count= 7500 stream_id=29996 latency=0.679551 ms (tx_ts=156657177837718, rx_ts=156657178517269) request_id=485049 zil_blk_id=29996 ccf_commit_seqno=485050 nstreams_done_=7500 config.nstreams=20000 avg_latency=0.8772 ms avg throuhgput (requests/sec) = 83.9989 res=false
*==== INFO ====* req_id_count= 8000 stream_id=31996 latency=0.851412 ms (tx_ts=156663066990033, rx_ts=156663067841445) request_id=517217 zil_blk_id=31996 ccf_commit_seqno=517219 nstreams_done_=8000 config.nstreams=20000 avg_latency=0.8766 ms avg throuhgput (requests/sec) = 84.0546 res=false
*==== INFO ====* req_id_count= 8500 stream_id=33996 latency=0.629607 ms (tx_ts=156668965135199, rx_ts=156668965764806) request_id=549431 zil_blk_id=33996 ccf_commit_seqno=549431 nstreams_done_=8500 config.nstreams=20000 avg_latency=0.8748 ms avg throuhgput (requests/sec) = 84.0967 res=false
*==== INFO ====* req_id_count= 9000 stream_id=35996 latency=1.122269 ms (tx_ts=156674853839062, rx_ts=156674854961331) request_id=581653 zil_blk_id=35996 ccf_commit_seqno=581654 nstreams_done_=9000 config.nstreams=20000 avg_latency=0.8736 ms avg throuhgput (requests/sec) = 84.1410 res=false
*==== INFO ====* req_id_count= 9500 stream_id=37996 latency=0.815486 ms (tx_ts=156680771492031, rx_ts=156680772307517) request_id=614055 zil_blk_id=37996 ccf_commit_seqno=614055 nstreams_done_=9500 config.nstreams=20000 avg_latency=0.8731 ms avg throuhgput (requests/sec) = 84.1597 res=false
*==== INFO ====* req_id_count= 10000 stream_id=39996 latency=0.953446 ms (tx_ts=156686665039636, rx_ts=156686665993082) request_id=646045 zil_blk_id=39996 ccf_commit_seqno=646048 nstreams_done_=10000 config.nstreams=20000 avg_latency=0.8760 ms avg throuhgput (requests/sec) = 84.1933 res=false
*==== INFO ====* req_id_count= 10500 stream_id=41996 latency=0.820615 ms (tx_ts=156692480432891, rx_ts=156692481253506) request_id=677966 zil_blk_id=41996 ccf_commit_seqno=677966 nstreams_done_=10500 config.nstreams=20000 avg_latency=0.8744 ms avg throuhgput (requests/sec) = 84.2767 res=false
*==== INFO ====* req_id_count= 11000 stream_id=43996 latency=0.921253 ms (tx_ts=156698317843689, rx_ts=156698318764942) request_id=709983 zil_blk_id=43996 ccf_commit_seqno=709987 nstreams_done_=11000 config.nstreams=20000 avg_latency=0.8738 ms avg throuhgput (requests/sec) = 84.3383 res=false
*==== INFO ====* req_id_count= 11500 stream_id=45996 latency=0.866451 ms (tx_ts=156704162082519, rx_ts=156704162948970) request_id=742019 zil_blk_id=45996 ccf_commit_seqno=742020 nstreams_done_=11500 config.nstreams=20000 avg_latency=0.8732 ms avg throuhgput (requests/sec) = 84.3905 res=false
*==== INFO ====* req_id_count= 12000 stream_id=47996 latency=0.629187 ms (tx_ts=156709992717461, rx_ts=156709993346648) request_id=773987 zil_blk_id=47996 ccf_commit_seqno=773987 nstreams_done_=12000 config.nstreams=20000 avg_latency=0.8723 ms avg throuhgput (requests/sec) = 84.4466 res=false
*==== INFO ====* req_id_count= 12500 stream_id=49996 latency=0.712082 ms (tx_ts=156715829450669, rx_ts=156715830162751) request_id=806021 zil_blk_id=49996 ccf_commit_seqno=806022 nstreams_done_=12500 config.nstreams=20000 avg_latency=0.8716 ms avg throuhgput (requests/sec) = 84.4946 res=false
*==== INFO ====* req_id_count= 13000 stream_id=51996 latency=0.716630 ms (tx_ts=156721644982233, rx_ts=156721645698863) request_id=837942 zil_blk_id=51996 ccf_commit_seqno=837942 nstreams_done_=13000 config.nstreams=20000 avg_latency=0.8710 ms avg throuhgput (requests/sec) = 84.5506 res=false
*==== INFO ====* req_id_count= 13500 stream_id=53996 latency=0.963782 ms (tx_ts=156727474057609, rx_ts=156727475021391) request_id=869915 zil_blk_id=53996 ccf_commit_seqno=869918 nstreams_done_=13500 config.nstreams=20000 avg_latency=0.8718 ms avg throuhgput (requests/sec) = 84.5953 res=false
*==== INFO ====* req_id_count= 14000 stream_id=55996 latency=0.584264 ms (tx_ts=156733290569544, rx_ts=156733291153808) request_id=901874 zil_blk_id=55996 ccf_commit_seqno=901874 nstreams_done_=14000 config.nstreams=20000 avg_latency=0.8706 ms avg throuhgput (requests/sec) = 84.6435 res=false
*==== INFO ====* req_id_count= 14500 stream_id=57996 latency=0.629638 ms (tx_ts=156739157576208, rx_ts=156739158205846) request_id=934056 zil_blk_id=57996 ccf_commit_seqno=934056 nstreams_done_=14500 config.nstreams=20000 avg_latency=0.8714 ms avg throuhgput (requests/sec) = 84.6633 res=false
*==== INFO ====* req_id_count= 15000 stream_id=59996 latency=0.828069 ms (tx_ts=156744984099742, rx_ts=156744984927811) request_id=966051 zil_blk_id=59996 ccf_commit_seqno=966052 nstreams_done_=15000 config.nstreams=20000 avg_latency=0.8707 ms avg throuhgput (requests/sec) = 84.7011 res=false
*==== INFO ====* req_id_count= 15500 stream_id=61996 latency=0.999242 ms (tx_ts=156750814473435, rx_ts=156750815472677) request_id=998061 zil_blk_id=61996 ccf_commit_seqno=998063 nstreams_done_=15500 config.nstreams=20000 avg_latency=0.8709 ms avg throuhgput (requests/sec) = 84.7347 res=false
*==== INFO ====* req_id_count= 16000 stream_id=63996 latency=0.895504 ms (tx_ts=156756647135189, rx_ts=156756648030693) request_id=1030070 zil_blk_id=63996 ccf_commit_seqno=1030071 nstreams_done_=16000 config.nstreams=20000 avg_latency=0.8708 ms avg throuhgput (requests/sec) = 84.7653 res=false
*==== INFO ====* req_id_count= 16500 stream_id=65996 latency=0.908129 ms (tx_ts=156762529684000, rx_ts=156762530592129) request_id=1062239 zil_blk_id=65996 ccf_commit_seqno=1062240 nstreams_done_=16500 config.nstreams=20000 avg_latency=0.8719 ms avg throuhgput (requests/sec) = 84.7723 res=false
*==== INFO ====* req_id_count= 17000 stream_id=67996 latency=0.745805 ms (tx_ts=156768368821494, rx_ts=156768369567299) request_id=1094293 zil_blk_id=67996 ccf_commit_seqno=1094293 nstreams_done_=17000 config.nstreams=20000 avg_latency=0.8721 ms avg throuhgput (requests/sec) = 84.7974 res=false
*==== INFO ====* req_id_count= 17500 stream_id=69996 latency=0.578663 ms (tx_ts=156774174892155, rx_ts=156774175470818) request_id=1126201 zil_blk_id=69996 ccf_commit_seqno=1126201 nstreams_done_=17500 config.nstreams=20000 avg_latency=0.8704 ms avg throuhgput (requests/sec) = 84.8346 res=false
*==== INFO ====* req_id_count= 18000 stream_id=71996 latency=1.048151 ms (tx_ts=156779996377878, rx_ts=156779997426029) request_id=1158200 zil_blk_id=71996 ccf_commit_seqno=1158203 nstreams_done_=18000 config.nstreams=20000 avg_latency=0.8700 ms avg throuhgput (requests/sec) = 84.8633 res=false
*==== INFO ====* req_id_count= 18500 stream_id=73996 latency=1.089852 ms (tx_ts=156785852961578, rx_ts=156785854051430) request_id=1190362 zil_blk_id=73996 ccf_commit_seqno=1190368 nstreams_done_=18500 config.nstreams=20000 avg_latency=0.8708 ms avg throuhgput (requests/sec) = 84.8770 res=false
*==== INFO ====* req_id_count= 19000 stream_id=75996 latency=0.707426 ms (tx_ts=156791713675675, rx_ts=156791714383101) request_id=1222549 zil_blk_id=75996 ccf_commit_seqno=1222550 nstreams_done_=19000 config.nstreams=20000 avg_latency=0.8715 ms avg throuhgput (requests/sec) = 84.8886 res=false
*==== INFO ====* req_id_count= 19500 stream_id=77996 latency=0.677938 ms (tx_ts=156797523144971, rx_ts=156797523822909) request_id=1253705 zil_blk_id=77996 ccf_commit_seqno=1253705 nstreams_done_=19500 config.nstreams=20000 avg_latency=0.8712 ms avg throuhgput (requests/sec) = 84.9184 res=false
*==== INFO ====* http_end_stream ALL streams done! nstreams_done_=20000 avg_latency=0.8696 msreq_id_count= 20000
*==== INFO ====* req_id_count= 20000 stream_id=79996 latency=0.731949 ms (tx_ts=156803336443576, rx_ts=156803337175525) request_id=1273213 zil_blk_id=79996 ccf_commit_seqno=1273213 nstreams_done_=20000 config.nstreams=20000 avg_latency=0.8696 ms avg throuhgput (requests/sec) = 84.9453 res=true
