Uniform: 800627 675414 367279 114010 28880 
Exponential: -2147483648 -2147483648 -2147483648 -2147483648 -2147483648 
Truncated Normal: 933114 938441 435569 133205 309905 
*==== INFO ====* req_id_count= 500 stream_id=1996 latency=0.876680 ms (tx_ts=156573722530388, rx_ts=156573723407068) request_id=30894 zil_blk_id=1996 ccf_commit_seqno=30898 nstreams_done_=500 config.nstreams=20000 avg_latency=0.7779 ms avg throuhgput (requests/sec) = 85.6765 res=false
*==== INFO ====* req_id_count= 1000 stream_id=3996 latency=0.706131 ms (tx_ts=156579589222548, rx_ts=156579589928679) request_id=62586 zil_blk_id=3996 ccf_commit_seqno=62588 nstreams_done_=1000 config.nstreams=20000 avg_latency=0.7812 ms avg throuhgput (requests/sec) = 85.4523 res=false
*==== INFO ====* req_id_count= 1500 stream_id=5996 latency=0.684200 ms (tx_ts=156585450923125, rx_ts=156585451607325) request_id=94363 zil_blk_id=5996 ccf_commit_seqno=94364 nstreams_done_=1500 config.nstreams=20000 avg_latency=0.7784 ms avg throuhgput (requests/sec) = 85.4014 res=false
*==== INFO ====* req_id_count= 2000 stream_id=7996 latency=0.488715 ms (tx_ts=156591287262966, rx_ts=156591287751681) request_id=126056 zil_blk_id=7996 ccf_commit_seqno=126056 nstreams_done_=2000 config.nstreams=20000 avg_latency=0.7739 ms avg throuhgput (requests/sec) = 85.4692 res=false
*==== INFO ====* req_id_count= 2500 stream_id=9996 latency=0.767835 ms (tx_ts=156597125201654, rx_ts=156597125969489) request_id=157768 zil_blk_id=9996 ccf_commit_seqno=157771 nstreams_done_=2500 config.nstreams=20000 avg_latency=0.7690 ms avg throuhgput (requests/sec) = 85.5038 res=false
*==== INFO ====* req_id_count= 3000 stream_id=11996 latency=0.780811 ms (tx_ts=156602989129846, rx_ts=156602989910657) request_id=189572 zil_blk_id=11996 ccf_commit_seqno=189572 nstreams_done_=3000 config.nstreams=20000 avg_latency=0.7697 ms avg throuhgput (requests/sec) = 85.4642 res=false
*==== INFO ====* req_id_count= 3500 stream_id=13996 latency=0.722156 ms (tx_ts=156608783707030, rx_ts=156608784429186) request_id=221118 zil_blk_id=13996 ccf_commit_seqno=221118 nstreams_done_=3500 config.nstreams=20000 avg_latency=0.7636 ms avg throuhgput (requests/sec) = 85.5810 res=false
*==== INFO ====* req_id_count= 4000 stream_id=15996 latency=0.930831 ms (tx_ts=156614530713078, rx_ts=156614531643909) request_id=252400 zil_blk_id=15996 ccf_commit_seqno=252405 nstreams_done_=4000 config.nstreams=20000 avg_latency=0.7644 ms avg throuhgput (requests/sec) = 85.7557 res=false
*==== INFO ====* req_id_count= 4500 stream_id=17996 latency=0.555880 ms (tx_ts=156620291942237, rx_ts=156620292498117) request_id=283761 zil_blk_id=17996 ccf_commit_seqno=283761 nstreams_done_=4500 config.nstreams=20000 avg_latency=0.7670 ms avg throuhgput (requests/sec) = 85.8697 res=false
*==== INFO ====* req_id_count= 5000 stream_id=19996 latency=0.788415 ms (tx_ts=156626040249664, rx_ts=156626041038079) request_id=315003 zil_blk_id=19996 ccf_commit_seqno=315003 nstreams_done_=5000 config.nstreams=20000 avg_latency=0.7672 ms avg throuhgput (requests/sec) = 85.9793 res=false
*==== INFO ====* req_id_count= 5500 stream_id=21996 latency=0.693697 ms (tx_ts=156631805798714, rx_ts=156631806492411) request_id=346379 zil_blk_id=21996 ccf_commit_seqno=346383 nstreams_done_=5500 config.nstreams=20000 avg_latency=0.7687 ms avg throuhgput (requests/sec) = 86.0464 res=false
*==== INFO ====* req_id_count= 6000 stream_id=23996 latency=0.679371 ms (tx_ts=156637536297540, rx_ts=156637536976911) request_id=377670 zil_blk_id=23996 ccf_commit_seqno=377672 nstreams_done_=6000 config.nstreams=20000 avg_latency=0.7671 ms avg throuhgput (requests/sec) = 86.1457 res=false
*==== INFO ====* req_id_count= 6500 stream_id=25996 latency=0.993536 ms (tx_ts=156643272839298, rx_ts=156643273832834) request_id=409034 zil_blk_id=25996 ccf_commit_seqno=409036 nstreams_done_=6500 config.nstreams=20000 avg_latency=0.7668 ms avg throuhgput (requests/sec) = 86.2225 res=false
*==== INFO ====* req_id_count= 7000 stream_id=27996 latency=0.637409 ms (tx_ts=156649030745656, rx_ts=156649031383065) request_id=440516 zil_blk_id=27996 ccf_commit_seqno=440516 nstreams_done_=7000 config.nstreams=20000 avg_latency=0.7659 ms avg throuhgput (requests/sec) = 86.2665 res=false
*==== INFO ====* req_id_count= 7500 stream_id=29996 latency=0.636989 ms (tx_ts=156654761213037, rx_ts=156654761850026) request_id=471859 zil_blk_id=29996 ccf_commit_seqno=471859 nstreams_done_=7500 config.nstreams=20000 avg_latency=0.7629 ms avg throuhgput (requests/sec) = 86.3316 res=false
*==== INFO ====* req_id_count= 8000 stream_id=31996 latency=0.706141 ms (tx_ts=156660494450533, rx_ts=156660495156674) request_id=503162 zil_blk_id=31996 ccf_commit_seqno=503162 nstreams_done_=8000 config.nstreams=20000 avg_latency=0.7641 ms avg throuhgput (requests/sec) = 86.3859 res=false
*==== INFO ====* req_id_count= 8500 stream_id=33996 latency=0.760792 ms (tx_ts=156666224811490, rx_ts=156666225572282) request_id=534424 zil_blk_id=33996 ccf_commit_seqno=534424 nstreams_done_=8500 config.nstreams=20000 avg_latency=0.7645 ms avg throuhgput (requests/sec) = 86.4365 res=false
*==== INFO ====* req_id_count= 9000 stream_id=35996 latency=0.667839 ms (tx_ts=156671954486416, rx_ts=156671955154255) request_id=565779 zil_blk_id=35996 ccf_commit_seqno=565781 nstreams_done_=9000 config.nstreams=20000 avg_latency=0.7629 ms avg throuhgput (requests/sec) = 86.4822 res=false
*==== INFO ====* req_id_count= 9500 stream_id=37996 latency=0.759671 ms (tx_ts=156677674049339, rx_ts=156677674809010) request_id=597098 zil_blk_id=37996 ccf_commit_seqno=597099 nstreams_done_=9500 config.nstreams=20000 avg_latency=0.7616 ms avg throuhgput (requests/sec) = 86.5309 res=false
*==== INFO ====* req_id_count= 10000 stream_id=39996 latency=0.603258 ms (tx_ts=156683444195995, rx_ts=156683444799253) request_id=628410 zil_blk_id=39996 ccf_commit_seqno=628410 nstreams_done_=10000 config.nstreams=20000 avg_latency=0.7628 ms avg throuhgput (requests/sec) = 86.5372 res=false
*==== INFO ====* req_id_count= 10500 stream_id=41996 latency=0.786461 ms (tx_ts=156689166399272, rx_ts=156689167185733) request_id=659763 zil_blk_id=41996 ccf_commit_seqno=659765 nstreams_done_=10500 config.nstreams=20000 avg_latency=0.7626 ms avg throuhgput (requests/sec) = 86.5767 res=false
*==== INFO ====* req_id_count= 11000 stream_id=43996 latency=0.704157 ms (tx_ts=156694895661476, rx_ts=156694896365633) request_id=691184 zil_blk_id=43996 ccf_commit_seqno=691186 nstreams_done_=11000 config.nstreams=20000 avg_latency=0.7625 ms avg throuhgput (requests/sec) = 86.6081 res=false
*==== INFO ====* req_id_count= 11500 stream_id=45996 latency=0.633659 ms (tx_ts=156700626502763, rx_ts=156700627136422) request_id=722635 zil_blk_id=45996 ccf_commit_seqno=722636 nstreams_done_=11500 config.nstreams=20000 avg_latency=0.7623 ms avg throuhgput (requests/sec) = 86.6358 res=false
*==== INFO ====* req_id_count= 12000 stream_id=47996 latency=0.837687 ms (tx_ts=156706375032937, rx_ts=156706375870624) request_id=754133 zil_blk_id=47996 ccf_commit_seqno=754133 nstreams_done_=12000 config.nstreams=20000 avg_latency=0.7626 ms avg throuhgput (requests/sec) = 86.6499 res=false
*==== INFO ====* req_id_count= 12500 stream_id=49996 latency=0.889804 ms (tx_ts=156712094771269, rx_ts=156712095661073) request_id=785538 zil_blk_id=49996 ccf_commit_seqno=785540 nstreams_done_=12500 config.nstreams=20000 avg_latency=0.7624 ms avg throuhgput (requests/sec) = 86.6803 res=false
*==== INFO ====* req_id_count= 13000 stream_id=51996 latency=0.641269 ms (tx_ts=156717802404571, rx_ts=156717803045840) request_id=816859 zil_blk_id=51996 ccf_commit_seqno=816860 nstreams_done_=13000 config.nstreams=20000 avg_latency=0.7617 ms avg throuhgput (requests/sec) = 86.7155 res=false
*==== INFO ====* req_id_count= 13500 stream_id=53996 latency=0.767505 ms (tx_ts=156723532902200, rx_ts=156723533669705) request_id=848308 zil_blk_id=53996 ccf_commit_seqno=848308 nstreams_done_=13500 config.nstreams=20000 avg_latency=0.7620 ms avg throuhgput (requests/sec) = 86.7352 res=false
*==== INFO ====* req_id_count= 14000 stream_id=55996 latency=0.522066 ms (tx_ts=156729255156567, rx_ts=156729255678633) request_id=879703 zil_blk_id=55996 ccf_commit_seqno=879703 nstreams_done_=14000 config.nstreams=20000 avg_latency=0.7617 ms avg throuhgput (requests/sec) = 86.7581 res=false
*==== INFO ====* req_id_count= 14500 stream_id=57996 latency=0.810277 ms (tx_ts=156734983313511, rx_ts=156734984123788) request_id=911149 zil_blk_id=57996 ccf_commit_seqno=911152 nstreams_done_=14500 config.nstreams=20000 avg_latency=0.7618 ms avg throuhgput (requests/sec) = 86.7761 res=false
*==== INFO ====* req_id_count= 15000 stream_id=59996 latency=0.581788 ms (tx_ts=156740703384948, rx_ts=156740703966736) request_id=942567 zil_blk_id=59996 ccf_commit_seqno=942567 nstreams_done_=15000 config.nstreams=20000 avg_latency=0.7609 ms avg throuhgput (requests/sec) = 86.7973 res=false
*==== INFO ====* req_id_count= 15500 stream_id=61996 latency=0.569256 ms (tx_ts=156746420454810, rx_ts=156746421024066) request_id=973939 zil_blk_id=61996 ccf_commit_seqno=973939 nstreams_done_=15500 config.nstreams=20000 avg_latency=0.7610 ms avg throuhgput (requests/sec) = 86.8184 res=false
*==== INFO ====* req_id_count= 16000 stream_id=63996 latency=0.499704 ms (tx_ts=156752151092516, rx_ts=156752151592220) request_id=1005400 zil_blk_id=63996 ccf_commit_seqno=1005400 nstreams_done_=16000 config.nstreams=20000 avg_latency=0.7611 ms avg throuhgput (requests/sec) = 86.8319 res=false
*==== INFO ====* req_id_count= 16500 stream_id=65996 latency=0.769329 ms (tx_ts=156757885482248, rx_ts=156757886251577) request_id=1036877 zil_blk_id=65996 ccf_commit_seqno=1036878 nstreams_done_=16500 config.nstreams=20000 avg_latency=0.7612 ms avg throuhgput (requests/sec) = 86.8427 res=false
*==== INFO ====* req_id_count= 17000 stream_id=67996 latency=0.598563 ms (tx_ts=156763632287889, rx_ts=156763632886452) request_id=1068292 zil_blk_id=67996 ccf_commit_seqno=1068293 nstreams_done_=17000 config.nstreams=20000 avg_latency=0.7619 ms avg throuhgput (requests/sec) = 86.8475 res=false
*==== INFO ====* req_id_count= 17500 stream_id=69996 latency=0.556631 ms (tx_ts=156769356542538, rx_ts=156769357099169) request_id=1099707 zil_blk_id=69996 ccf_commit_seqno=1099708 nstreams_done_=17500 config.nstreams=20000 avg_latency=0.7624 ms avg throuhgput (requests/sec) = 86.8617 res=false
*==== INFO ====* req_id_count= 18000 stream_id=71996 latency=0.563904 ms (tx_ts=156775067716745, rx_ts=156775068280649) request_id=1131121 zil_blk_id=71996 ccf_commit_seqno=1131121 nstreams_done_=18000 config.nstreams=20000 avg_latency=0.7621 ms avg throuhgput (requests/sec) = 86.8806 res=false
*==== INFO ====* req_id_count= 18500 stream_id=73996 latency=0.816187 ms (tx_ts=156780797031754, rx_ts=156780797847941) request_id=1162589 zil_blk_id=73996 ccf_commit_seqno=1162590 nstreams_done_=18500 config.nstreams=20000 avg_latency=0.7626 ms avg throuhgput (requests/sec) = 86.8910 res=false
*==== INFO ====* req_id_count= 19000 stream_id=75996 latency=0.522527 ms (tx_ts=156786548463404, rx_ts=156786548985931) request_id=1194188 zil_blk_id=75996 ccf_commit_seqno=1194188 nstreams_done_=19000 config.nstreams=20000 avg_latency=0.7638 ms avg throuhgput (requests/sec) = 86.8923 res=false
*==== INFO ====* req_id_count= 19500 stream_id=77996 latency=0.516853 ms (tx_ts=156792283750523, rx_ts=156792284267376) request_id=1225681 zil_blk_id=77996 ccf_commit_seqno=1225681 nstreams_done_=19500 config.nstreams=20000 avg_latency=0.7639 ms avg throuhgput (requests/sec) = 86.8996 res=false
*==== INFO ====* http_end_stream ALL streams done! nstreams_done_=20000 avg_latency=0.7640 msreq_id_count= 20000
*==== INFO ====* req_id_count= 20000 stream_id=79996 latency=0.861521 ms (tx_ts=156797995507799, rx_ts=156797996369320) request_id=1255925 zil_blk_id=79996 ccf_commit_seqno=1255926 nstreams_done_=20000 config.nstreams=20000 avg_latency=0.7640 ms avg throuhgput (requests/sec) = 86.9154 res=true
