Uniform: 322823 78342 45805 853276 830724 
Exponential: -2147483648 -2147483648 -2147483648 -2147483648 -2147483648 
Truncated Normal: 411856 121799 252066 510389 777200 
*==== INFO ====* req_id_count= 500 stream_id=1996 latency=0.996444 ms (tx_ts=156573819557643, rx_ts=156573820554087) request_id=31401 zil_blk_id=1996 ccf_commit_seqno=31403 nstreams_done_=500 config.nstreams=20000 avg_latency=0.9703 ms avg throuhgput (requests/sec) = 84.5199 res=false
*==== INFO ====* req_id_count= 1000 stream_id=3996 latency=0.805157 ms (tx_ts=156579647316657, rx_ts=156579648121814) request_id=62891 zil_blk_id=3996 ccf_commit_seqno=62892 nstreams_done_=1000 config.nstreams=20000 avg_latency=0.9586 ms avg throuhgput (requests/sec) = 85.1547 res=false
*==== INFO ====* req_id_count= 1500 stream_id=5996 latency=0.768418 ms (tx_ts=156585490354272, rx_ts=156585491122690) request_id=94565 zil_blk_id=5996 ccf_commit_seqno=94565 nstreams_done_=1500 config.nstreams=20000 avg_latency=0.9537 ms avg throuhgput (requests/sec) = 85.2935 res=false
*==== INFO ====* req_id_count= 2000 stream_id=7996 latency=0.869066 ms (tx_ts=156591310895399, rx_ts=156591311764465) request_id=126186 zil_blk_id=7996 ccf_commit_seqno=126186 nstreams_done_=2000 config.nstreams=20000 avg_latency=0.9531 ms avg throuhgput (requests/sec) = 85.4446 res=false
*==== INFO ====* req_id_count= 2500 stream_id=9996 latency=1.041118 ms (tx_ts=156597121385673, rx_ts=156597122426791) request_id=157747 zil_blk_id=9996 ccf_commit_seqno=157748 nstreams_done_=2500 config.nstreams=20000 avg_latency=0.9492 ms avg throuhgput (requests/sec) = 85.5647 res=false
*==== INFO ====* req_id_count= 3000 stream_id=11996 latency=0.814043 ms (tx_ts=156602962395621, rx_ts=156602963209664) request_id=189427 zil_blk_id=11996 ccf_commit_seqno=189427 nstreams_done_=3000 config.nstreams=20000 avg_latency=0.9486 ms avg throuhgput (requests/sec) = 85.5714 res=false
*==== INFO ====* req_id_count= 3500 stream_id=13996 latency=1.046357 ms (tx_ts=156608779439523, rx_ts=156608780485880) request_id=221089 zil_blk_id=13996 ccf_commit_seqno=221090 nstreams_done_=3500 config.nstreams=20000 avg_latency=0.9448 ms avg throuhgput (requests/sec) = 85.6254 res=false
*==== INFO ====* req_id_count= 4000 stream_id=15996 latency=0.964694 ms (tx_ts=156614621880158, rx_ts=156614622844852) request_id=252895 zil_blk_id=15996 ccf_commit_seqno=252896 nstreams_done_=4000 config.nstreams=20000 avg_latency=0.9449 ms avg throuhgput (requests/sec) = 85.6200 res=false
*==== INFO ====* req_id_count= 4500 stream_id=17996 latency=1.035948 ms (tx_ts=156620472315426, rx_ts=156620473351374) request_id=284742 zil_blk_id=17996 ccf_commit_seqno=284744 nstreams_done_=4500 config.nstreams=20000 avg_latency=0.9460 ms avg throuhgput (requests/sec) = 85.6025 res=false
*==== INFO ====* req_id_count= 5000 stream_id=19996 latency=0.866280 ms (tx_ts=156626316038229, rx_ts=156626316904509) request_id=316512 zil_blk_id=19996 ccf_commit_seqno=316513 nstreams_done_=5000 config.nstreams=20000 avg_latency=0.9473 ms avg throuhgput (requests/sec) = 85.5987 res=false
*==== INFO ====* req_id_count= 5500 stream_id=21996 latency=0.715088 ms (tx_ts=156632136498214, rx_ts=156632137213302) request_id=348193 zil_blk_id=21996 ccf_commit_seqno=348193 nstreams_done_=5500 config.nstreams=20000 avg_latency=0.9450 ms avg throuhgput (requests/sec) = 85.6265 res=false
*==== INFO ====* req_id_count= 6000 stream_id=23996 latency=0.843360 ms (tx_ts=156637983965285, rx_ts=156637984808645) request_id=380106 zil_blk_id=23996 ccf_commit_seqno=380106 nstreams_done_=6000 config.nstreams=20000 avg_latency=0.9444 ms avg throuhgput (requests/sec) = 85.6164 res=false
*==== INFO ====* req_id_count= 6500 stream_id=25996 latency=0.974633 ms (tx_ts=156643801498088, rx_ts=156643802472721) request_id=411924 zil_blk_id=25996 ccf_commit_seqno=411926 nstreams_done_=6500 config.nstreams=20000 avg_latency=0.9428 ms avg throuhgput (requests/sec) = 85.6416 res=false
*==== INFO ====* req_id_count= 7000 stream_id=27996 latency=0.684900 ms (tx_ts=156649625804257, rx_ts=156649626489157) request_id=443768 zil_blk_id=27996 ccf_commit_seqno=443768 nstreams_done_=7000 config.nstreams=20000 avg_latency=0.9430 ms avg throuhgput (requests/sec) = 85.6566 res=false
*==== INFO ====* req_id_count= 7500 stream_id=29996 latency=0.847683 ms (tx_ts=156655456859541, rx_ts=156655457707224) request_id=475654 zil_blk_id=29996 ccf_commit_seqno=475654 nstreams_done_=7500 config.nstreams=20000 avg_latency=0.9412 ms avg throuhgput (requests/sec) = 85.6625 res=false
*==== INFO ====* req_id_count= 8000 stream_id=31996 latency=1.053100 ms (tx_ts=156661299987502, rx_ts=156661301040602) request_id=507558 zil_blk_id=31996 ccf_commit_seqno=507558 nstreams_done_=8000 config.nstreams=20000 avg_latency=0.9423 ms avg throuhgput (requests/sec) = 85.6565 res=false
*==== INFO ====* req_id_count= 8500 stream_id=33996 latency=0.824702 ms (tx_ts=156667167498231, rx_ts=156667168322933) request_id=539582 zil_blk_id=33996 ccf_commit_seqno=539585 nstreams_done_=8500 config.nstreams=20000 avg_latency=0.9432 ms avg throuhgput (requests/sec) = 85.6306 res=false
*==== INFO ====* req_id_count= 9000 stream_id=35996 latency=1.041408 ms (tx_ts=156673017485677, rx_ts=156673018527085) request_id=571603 zil_blk_id=35996 ccf_commit_seqno=571605 nstreams_done_=9000 config.nstreams=20000 avg_latency=0.9432 ms avg throuhgput (requests/sec) = 85.6215 res=false
*==== INFO ====* req_id_count= 9500 stream_id=37996 latency=0.980524 ms (tx_ts=156678846456853, rx_ts=156678847437377) request_id=603505 zil_blk_id=37996 ccf_commit_seqno=603512 nstreams_done_=9500 config.nstreams=20000 avg_latency=0.9424 ms avg throuhgput (requests/sec) = 85.6298 res=false
*==== INFO ====* req_id_count= 10000 stream_id=39996 latency=0.794296 ms (tx_ts=156684713591845, rx_ts=156684714386141) request_id=635363 zil_blk_id=39996 ccf_commit_seqno=635364 nstreams_done_=10000 config.nstreams=20000 avg_latency=0.9438 ms avg throuhgput (requests/sec) = 85.6094 res=false
*==== INFO ====* req_id_count= 10500 stream_id=41996 latency=0.965656 ms (tx_ts=156690535921649, rx_ts=156690536887305) request_id=667279 zil_blk_id=41996 ccf_commit_seqno=667279 nstreams_done_=10500 config.nstreams=20000 avg_latency=0.9431 ms avg throuhgput (requests/sec) = 85.6220 res=false
*==== INFO ====* req_id_count= 11000 stream_id=43996 latency=1.098375 ms (tx_ts=156696341941945, rx_ts=156696343040320) request_id=699148 zil_blk_id=43996 ccf_commit_seqno=699148 nstreams_done_=11000 config.nstreams=20000 avg_latency=0.9429 ms avg throuhgput (requests/sec) = 85.6443 res=false
*==== INFO ====* req_id_count= 11500 stream_id=45996 latency=0.718534 ms (tx_ts=156702157701534, rx_ts=156702158420068) request_id=731015 zil_blk_id=45996 ccf_commit_seqno=731015 nstreams_done_=11500 config.nstreams=20000 avg_latency=0.9425 ms avg throuhgput (requests/sec) = 85.6588 res=false
*==== INFO ====* req_id_count= 12000 stream_id=47996 latency=0.877370 ms (tx_ts=156707979260939, rx_ts=156707980138309) request_id=762931 zil_blk_id=47996 ccf_commit_seqno=762931 nstreams_done_=12000 config.nstreams=20000 avg_latency=0.9422 ms avg throuhgput (requests/sec) = 85.6682 res=false
*==== INFO ====* req_id_count= 12500 stream_id=49996 latency=0.847855 ms (tx_ts=156713814477619, rx_ts=156713815325474) request_id=794964 zil_blk_id=49996 ccf_commit_seqno=794965 nstreams_done_=12500 config.nstreams=20000 avg_latency=0.9416 ms avg throuhgput (requests/sec) = 85.6689 res=false
*==== INFO ====* req_id_count= 13000 stream_id=51996 latency=0.804685 ms (tx_ts=156719645429362, rx_ts=156719646234047) request_id=826952 zil_blk_id=51996 ccf_commit_seqno=826955 nstreams_done_=13000 config.nstreams=20000 avg_latency=0.9417 ms avg throuhgput (requests/sec) = 85.6720 res=false
*==== INFO ====* req_id_count= 13500 stream_id=53996 latency=1.076803 ms (tx_ts=156725451402683, rx_ts=156725452479486) request_id=858817 zil_blk_id=53996 ccf_commit_seqno=858818 nstreams_done_=13500 config.nstreams=20000 avg_latency=0.9419 ms avg throuhgput (requests/sec) = 85.6883 res=false
*==== INFO ====* req_id_count= 14000 stream_id=55996 latency=0.990723 ms (tx_ts=156731273484034, rx_ts=156731274474757) request_id=890782 zil_blk_id=55996 ccf_commit_seqno=890784 nstreams_done_=14000 config.nstreams=20000 avg_latency=0.9423 ms avg throuhgput (requests/sec) = 85.6952 res=false
*==== INFO ====* req_id_count= 14500 stream_id=57996 latency=0.900284 ms (tx_ts=156737098852088, rx_ts=156737099752372) request_id=922763 zil_blk_id=57996 ccf_commit_seqno=922764 nstreams_done_=14500 config.nstreams=20000 avg_latency=0.9423 ms avg throuhgput (requests/sec) = 85.6999 res=false
*==== INFO ====* req_id_count= 15000 stream_id=59996 latency=0.747759 ms (tx_ts=156742912015431, rx_ts=156742912763190) request_id=954693 zil_blk_id=59996 ccf_commit_seqno=954694 nstreams_done_=15000 config.nstreams=20000 avg_latency=0.9415 ms avg throuhgput (requests/sec) = 85.7104 res=false
*==== INFO ====* req_id_count= 15500 stream_id=61996 latency=1.016042 ms (tx_ts=156748762946439, rx_ts=156748763962481) request_id=986796 zil_blk_id=61996 ccf_commit_seqno=986798 nstreams_done_=15500 config.nstreams=20000 avg_latency=0.9423 ms avg throuhgput (requests/sec) = 85.7020 res=false
*==== INFO ====* req_id_count= 16000 stream_id=63996 latency=0.895796 ms (tx_ts=156754587162648, rx_ts=156754588058444) request_id=1018775 zil_blk_id=63996 ccf_commit_seqno=1018776 nstreams_done_=16000 config.nstreams=20000 avg_latency=0.9420 ms avg throuhgput (requests/sec) = 85.7067 res=false
*==== INFO ====* req_id_count= 16500 stream_id=65996 latency=0.838668 ms (tx_ts=156760440468139, rx_ts=156760441306807) request_id=1050776 zil_blk_id=65996 ccf_commit_seqno=1050776 nstreams_done_=16500 config.nstreams=20000 avg_latency=0.9433 ms avg throuhgput (requests/sec) = 85.6980 res=false
*==== INFO ====* req_id_count= 17000 stream_id=67996 latency=0.940559 ms (tx_ts=156766264435775, rx_ts=156766265376334) request_id=1082722 zil_blk_id=67996 ccf_commit_seqno=1082723 nstreams_done_=17000 config.nstreams=20000 avg_latency=0.9427 ms avg throuhgput (requests/sec) = 85.7025 res=false
*==== INFO ====* req_id_count= 17500 stream_id=69996 latency=0.807850 ms (tx_ts=156772070307122, rx_ts=156772071114972) request_id=1114640 zil_blk_id=69996 ccf_commit_seqno=1114640 nstreams_done_=17500 config.nstreams=20000 avg_latency=0.9416 ms avg throuhgput (requests/sec) = 85.7144 res=false
*==== INFO ====* req_id_count= 18000 stream_id=71996 latency=0.945598 ms (tx_ts=156777894791123, rx_ts=156777895736721) request_id=1146681 zil_blk_id=71996 ccf_commit_seqno=1146682 nstreams_done_=18000 config.nstreams=20000 avg_latency=0.9407 ms avg throuhgput (requests/sec) = 85.7180 res=false
*==== INFO ====* req_id_count= 18500 stream_id=73996 latency=0.727009 ms (tx_ts=156783711895419, rx_ts=156783712622428) request_id=1178602 zil_blk_id=73996 ccf_commit_seqno=1178602 nstreams_done_=18500 config.nstreams=20000 avg_latency=0.9411 ms avg throuhgput (requests/sec) = 85.7244 res=false
*==== INFO ====* req_id_count= 19000 stream_id=75996 latency=0.929429 ms (tx_ts=156789535251721, rx_ts=156789536181150) request_id=1210582 zil_blk_id=75996 ccf_commit_seqno=1210583 nstreams_done_=19000 config.nstreams=20000 avg_latency=0.9410 ms avg throuhgput (requests/sec) = 85.7279 res=false
*==== INFO ====* req_id_count= 19500 stream_id=77996 latency=0.798865 ms (tx_ts=156795355320647, rx_ts=156795356119512) request_id=1242548 zil_blk_id=77996 ccf_commit_seqno=1242548 nstreams_done_=19500 config.nstreams=20000 avg_latency=0.9407 ms avg throuhgput (requests/sec) = 85.7326 res=false
*==== INFO ====* http_end_stream ALL streams done! nstreams_done_=20000 avg_latency=0.9394 msreq_id_count= 20000
*==== INFO ====* req_id_count= 20000 stream_id=79996 latency=1.136045 ms (tx_ts=156801149823109, rx_ts=156801150959154) request_id=1267932 zil_blk_id=79996 ccf_commit_seqno=1267932 nstreams_done_=20000 config.nstreams=20000 avg_latency=0.9394 ms avg throuhgput (requests/sec) = 85.7463 res=true
