Uniform: 187293 220313 626395 141362 835628 
Exponential: -2147483648 -2147483648 -2147483648 -2147483648 -2147483648 
Truncated Normal: 721297 567092 590862 733393 553165 
*==== INFO ====* req_id_count= 500 stream_id=1996 latency=1.084212 ms (tx_ts=156573992532875, rx_ts=156573993617087) request_id=32309 zil_blk_id=1996 ccf_commit_seqno=32312 nstreams_done_=500 config.nstreams=20000 avg_latency=1.0274 ms avg throuhgput (requests/sec) = 82.2252 res=false
*==== INFO ====* req_id_count= 1000 stream_id=3996 latency=1.071144 ms (tx_ts=156580054028133, rx_ts=156580055099277) request_id=65073 zil_blk_id=3996 ccf_commit_seqno=65074 nstreams_done_=1000 config.nstreams=20000 avg_latency=1.0338 ms avg throuhgput (requests/sec) = 82.3564 res=false
*==== INFO ====* req_id_count= 1500 stream_id=5996 latency=0.802522 ms (tx_ts=156586105383348, rx_ts=156586106185870) request_id=97886 zil_blk_id=5996 ccf_commit_seqno=97886 nstreams_done_=1500 config.nstreams=20000 avg_latency=1.0342 ms avg throuhgput (requests/sec) = 82.4473 res=false
*==== INFO ====* req_id_count= 2000 stream_id=7996 latency=0.917937 ms (tx_ts=156592160650184, rx_ts=156592161568121) request_id=130801 zil_blk_id=7996 ccf_commit_seqno=130803 nstreams_done_=2000 config.nstreams=20000 avg_latency=1.0305 ms avg throuhgput (requests/sec) = 82.4783 res=false
*==== INFO ====* req_id_count= 2500 stream_id=9996 latency=0.885978 ms (tx_ts=156598222395924, rx_ts=156598223281902) request_id=163668 zil_blk_id=9996 ccf_commit_seqno=163668 nstreams_done_=2500 config.nstreams=20000 avg_latency=1.0340 ms avg throuhgput (requests/sec) = 82.4796 res=false
*==== INFO ====* req_id_count= 3000 stream_id=11996 latency=0.989282 ms (tx_ts=156604297966495, rx_ts=156604298955777) request_id=196685 zil_blk_id=11996 ccf_commit_seqno=196686 nstreams_done_=3000 config.nstreams=20000 avg_latency=1.0384 ms avg throuhgput (requests/sec) = 82.4488 res=false
*==== INFO ====* req_id_count= 3500 stream_id=13996 latency=1.135824 ms (tx_ts=156610355629327, rx_ts=156610356765151) request_id=229644 zil_blk_id=13996 ccf_commit_seqno=229648 nstreams_done_=3500 config.nstreams=20000 avg_latency=1.0353 ms avg throuhgput (requests/sec) = 82.4616 res=false
*==== INFO ====* req_id_count= 4000 stream_id=15996 latency=0.858987 ms (tx_ts=156616351033006, rx_ts=156616351891993) request_id=262330 zil_blk_id=15996 ccf_commit_seqno=262330 nstreams_done_=4000 config.nstreams=20000 avg_latency=1.0351 ms avg throuhgput (requests/sec) = 82.5779 res=false
*==== INFO ====* req_id_count= 4500 stream_id=17996 latency=1.082616 ms (tx_ts=156622422804925, rx_ts=156622423887541) request_id=295316 zil_blk_id=17996 ccf_commit_seqno=295316 nstreams_done_=4500 config.nstreams=20000 avg_latency=1.0408 ms avg throuhgput (requests/sec) = 82.5519 res=false
*==== INFO ====* req_id_count= 5000 stream_id=19996 latency=1.109325 ms (tx_ts=156628458156286, rx_ts=156628459265611) request_id=328179 zil_blk_id=19996 ccf_commit_seqno=328179 nstreams_done_=5000 config.nstreams=20000 avg_latency=1.0393 ms avg throuhgput (requests/sec) = 82.5811 res=false
*==== INFO ====* req_id_count= 5500 stream_id=21996 latency=0.907889 ms (tx_ts=156634494428061, rx_ts=156634495335950) request_id=361044 zil_blk_id=21996 ccf_commit_seqno=361044 nstreams_done_=5500 config.nstreams=20000 avg_latency=1.0373 ms avg throuhgput (requests/sec) = 82.6042 res=false
*==== INFO ====* req_id_count= 6000 stream_id=23996 latency=0.875688 ms (tx_ts=156640494553171, rx_ts=156640495428859) request_id=393840 zil_blk_id=23996 ccf_commit_seqno=393842 nstreams_done_=6000 config.nstreams=20000 avg_latency=1.0345 ms avg throuhgput (requests/sec) = 82.6644 res=false
*==== INFO ====* req_id_count= 6500 stream_id=25996 latency=0.805937 ms (tx_ts=156646512407190, rx_ts=156646513213127) request_id=426748 zil_blk_id=25996 ccf_commit_seqno=426748 nstreams_done_=6500 config.nstreams=20000 avg_latency=1.0343 ms avg throuhgput (requests/sec) = 82.6967 res=false
*==== INFO ====* req_id_count= 7000 stream_id=27996 latency=0.771292 ms (tx_ts=156652552304408, rx_ts=156652553075700) request_id=459766 zil_blk_id=27996 ccf_commit_seqno=459766 nstreams_done_=7000 config.nstreams=20000 avg_latency=1.0333 ms avg throuhgput (requests/sec) = 82.7029 res=false
*==== INFO ====* req_id_count= 7500 stream_id=29996 latency=1.194063 ms (tx_ts=156658596476033, rx_ts=156658597670096) request_id=492826 zil_blk_id=29996 ccf_commit_seqno=492826 nstreams_done_=7500 config.nstreams=20000 avg_latency=1.0344 ms avg throuhgput (requests/sec) = 82.7039 res=false
*==== INFO ====* req_id_count= 8000 stream_id=31996 latency=0.954324 ms (tx_ts=156664643175321, rx_ts=156664644129645) request_id=525753 zil_blk_id=31996 ccf_commit_seqno=525755 nstreams_done_=8000 config.nstreams=20000 avg_latency=1.0365 ms avg throuhgput (requests/sec) = 82.7033 res=false
*==== INFO ====* req_id_count= 8500 stream_id=33996 latency=0.887970 ms (tx_ts=156670646409535, rx_ts=156670647297505) request_id=558629 zil_blk_id=33996 ccf_commit_seqno=558630 nstreams_done_=8500 config.nstreams=20000 avg_latency=1.0345 ms avg throuhgput (requests/sec) = 82.7375 res=false
*==== INFO ====* req_id_count= 9000 stream_id=35996 latency=0.776563 ms (tx_ts=156676678099287, rx_ts=156676678875850) request_id=591635 zil_blk_id=35996 ccf_commit_seqno=591635 nstreams_done_=9000 config.nstreams=20000 avg_latency=1.0339 ms avg throuhgput (requests/sec) = 82.7464 res=false
*==== INFO ====* req_id_count= 9500 stream_id=37996 latency=0.933425 ms (tx_ts=156682695869825, rx_ts=156682696803250) request_id=624579 zil_blk_id=37996 ccf_commit_seqno=624580 nstreams_done_=9500 config.nstreams=20000 avg_latency=1.0326 ms avg throuhgput (requests/sec) = 82.7641 res=false
*==== INFO ====* req_id_count= 10000 stream_id=39996 latency=0.990112 ms (tx_ts=156688702206291, rx_ts=156688703196403) request_id=657221 zil_blk_id=39996 ccf_commit_seqno=657222 nstreams_done_=10000 config.nstreams=20000 avg_latency=1.0367 ms avg throuhgput (requests/sec) = 82.7880 res=false
*==== INFO ====* req_id_count= 10500 stream_id=41996 latency=0.799386 ms (tx_ts=156694636451445, rx_ts=156694637250831) request_id=689769 zil_blk_id=41996 ccf_commit_seqno=689769 nstreams_done_=10500 config.nstreams=20000 avg_latency=1.0360 ms avg throuhgput (requests/sec) = 82.8569 res=false
*==== INFO ====* req_id_count= 11000 stream_id=43996 latency=1.054158 ms (tx_ts=156700613415544, rx_ts=156700614469702) request_id=722565 zil_blk_id=43996 ccf_commit_seqno=722566 nstreams_done_=11000 config.nstreams=20000 avg_latency=1.0352 ms avg throuhgput (requests/sec) = 82.8927 res=false
*==== INFO ====* req_id_count= 11500 stream_id=45996 latency=0.981606 ms (tx_ts=156706598156036, rx_ts=156706599137642) request_id=755356 zil_blk_id=45996 ccf_commit_seqno=755357 nstreams_done_=11500 config.nstreams=20000 avg_latency=1.0343 ms avg throuhgput (requests/sec) = 82.9209 res=false
*==== INFO ====* req_id_count= 12000 stream_id=47996 latency=0.825965 ms (tx_ts=156712580998680, rx_ts=156712581824645) request_id=788198 zil_blk_id=47996 ccf_commit_seqno=788198 nstreams_done_=12000 config.nstreams=20000 avg_latency=1.0337 ms avg throuhgput (requests/sec) = 82.9479 res=false
*==== INFO ====* req_id_count= 12500 stream_id=49996 latency=0.981135 ms (tx_ts=156718514887246, rx_ts=156718515868381) request_id=820779 zil_blk_id=49996 ccf_commit_seqno=820779 nstreams_done_=12500 config.nstreams=20000 avg_latency=1.0321 ms avg throuhgput (requests/sec) = 82.9996 res=false
*==== INFO ====* req_id_count= 13000 stream_id=51996 latency=0.846163 ms (tx_ts=156724481055073, rx_ts=156724481901236) request_id=853502 zil_blk_id=51996 ccf_commit_seqno=853503 nstreams_done_=13000 config.nstreams=20000 avg_latency=1.0319 ms avg throuhgput (requests/sec) = 83.0304 res=false
*==== INFO ====* req_id_count= 13500 stream_id=53996 latency=1.152015 ms (tx_ts=156730397880485, rx_ts=156730399032500) request_id=885973 zil_blk_id=53996 ccf_commit_seqno=885973 nstreams_done_=13500 config.nstreams=20000 avg_latency=1.0311 ms avg throuhgput (requests/sec) = 83.0839 res=false
*==== INFO ====* req_id_count= 14000 stream_id=55996 latency=0.812510 ms (tx_ts=156736324112246, rx_ts=156736324924756) request_id=918508 zil_blk_id=55996 ccf_commit_seqno=918508 nstreams_done_=14000 config.nstreams=20000 avg_latency=1.0306 ms avg throuhgput (requests/sec) = 83.1294 res=false
*==== INFO ====* req_id_count= 14500 stream_id=57996 latency=0.864297 ms (tx_ts=156742291777944, rx_ts=156742292642241) request_id=951277 zil_blk_id=57996 ccf_commit_seqno=951277 nstreams_done_=14500 config.nstreams=20000 avg_latency=1.0302 ms avg throuhgput (requests/sec) = 83.1518 res=false
*==== INFO ====* req_id_count= 15000 stream_id=59996 latency=1.197427 ms (tx_ts=156748240932030, rx_ts=156748242129457) request_id=983933 zil_blk_id=59996 ccf_commit_seqno=983941 nstreams_done_=15000 config.nstreams=20000 avg_latency=1.0302 ms avg throuhgput (requests/sec) = 83.1811 res=false
*==== INFO ====* req_id_count= 15500 stream_id=61996 latency=1.106399 ms (tx_ts=156754214819365, rx_ts=156754215925764) request_id=1016733 zil_blk_id=61996 ccf_commit_seqno=1016735 nstreams_done_=15500 config.nstreams=20000 avg_latency=1.0301 ms avg throuhgput (requests/sec) = 83.1977 res=false
*==== INFO ====* req_id_count= 16000 stream_id=63996 latency=0.857344 ms (tx_ts=156760186618027, rx_ts=156760187475371) request_id=1049407 zil_blk_id=63996 ccf_commit_seqno=1049407 nstreams_done_=16000 config.nstreams=20000 avg_latency=1.0309 ms avg throuhgput (requests/sec) = 83.2143 res=false
*==== INFO ====* req_id_count= 16500 stream_id=65996 latency=1.039384 ms (tx_ts=156766154846882, rx_ts=156766155886266) request_id=1082125 zil_blk_id=65996 ccf_commit_seqno=1082128 nstreams_done_=16500 config.nstreams=20000 avg_latency=1.0313 ms avg throuhgput (requests/sec) = 83.2311 res=false
*==== INFO ====* req_id_count= 17000 stream_id=67996 latency=1.146639 ms (tx_ts=156772101302958, rx_ts=156772102449597) request_id=1114807 zil_blk_id=67996 ccf_commit_seqno=1114807 nstreams_done_=17000 config.nstreams=20000 avg_latency=1.0308 ms avg throuhgput (requests/sec) = 83.2559 res=false
*==== INFO ====* req_id_count= 17500 stream_id=69996 latency=0.935139 ms (tx_ts=156778044115719, rx_ts=156778045050858) request_id=1147498 zil_blk_id=69996 ccf_commit_seqno=1147499 nstreams_done_=17500 config.nstreams=20000 avg_latency=1.0302 ms avg throuhgput (requests/sec) = 83.2809 res=false
*==== INFO ====* req_id_count= 18000 stream_id=71996 latency=1.148317 ms (tx_ts=156784001283917, rx_ts=156784002432234) request_id=1180195 zil_blk_id=71996 ccf_commit_seqno=1180197 nstreams_done_=18000 config.nstreams=20000 avg_latency=1.0305 ms avg throuhgput (requests/sec) = 83.2987 res=false
*==== INFO ====* req_id_count= 18500 stream_id=73996 latency=0.873263 ms (tx_ts=156789934502275, rx_ts=156789935375538) request_id=1212762 zil_blk_id=73996 ccf_commit_seqno=1212762 nstreams_done_=18500 config.nstreams=20000 avg_latency=1.0294 ms avg throuhgput (requests/sec) = 83.3248 res=false
*==== INFO ====* req_id_count= 19000 stream_id=75996 latency=0.976817 ms (tx_ts=156795873044269, rx_ts=156795874021086) request_id=1245390 zil_blk_id=75996 ccf_commit_seqno=1245391 nstreams_done_=19000 config.nstreams=20000 avg_latency=1.0290 ms avg throuhgput (requests/sec) = 83.3475 res=false
*==== INFO ====* req_id_count= 19500 stream_id=77996 latency=0.997583 ms (tx_ts=156801822666646, rx_ts=156801823664229) request_id=1269811 zil_blk_id=77996 ccf_commit_seqno=1269812 nstreams_done_=19500 config.nstreams=20000 avg_latency=1.0283 ms avg throuhgput (requests/sec) = 83.3651 res=false
*==== INFO ====* http_end_stream ALL streams done! nstreams_done_=20000 avg_latency=1.0249 msreq_id_count= 20000
*==== INFO ====* req_id_count= 20000 stream_id=79996 latency=0.774858 ms (tx_ts=156807802951577, rx_ts=156807803726435) request_id=1278957 zil_blk_id=79996 ccf_commit_seqno=1278957 nstreams_done_=20000 config.nstreams=20000 avg_latency=1.0249 ms avg throuhgput (requests/sec) = 83.3712 res=true
