Uniform: 663110 395748 395050 37263 305529 
Exponential: -2147483648 -2147483648 -2147483648 -2147483648 -2147483648 
Truncated Normal: 259135 568964 229596 832461 568830 
*==== INFO ====* req_id_count= 500 stream_id=1996 latency=0.743375 ms (tx_ts=156573774730175, rx_ts=156573775473550) request_id=31177 zil_blk_id=1996 ccf_commit_seqno=31179 nstreams_done_=500 config.nstreams=20000 avg_latency=0.8353 ms avg throuhgput (requests/sec) = 84.9668 res=false
*==== INFO ====* req_id_count= 1000 stream_id=3996 latency=0.718465 ms (tx_ts=156579713397542, rx_ts=156579714116007) request_id=63250 zil_blk_id=3996 ccf_commit_seqno=63251 nstreams_done_=1000 config.nstreams=20000 avg_latency=0.8544 ms avg throuhgput (requests/sec) = 84.5788 res=false
*==== INFO ====* req_id_count= 1500 stream_id=5996 latency=0.894159 ms (tx_ts=156585645874183, rx_ts=156585646768342) request_id=95402 zil_blk_id=5996 ccf_commit_seqno=95403 nstreams_done_=1500 config.nstreams=20000 avg_latency=0.8526 ms avg throuhgput (requests/sec) = 84.4787 res=false
*==== INFO ====* req_id_count= 2000 stream_id=7996 latency=0.717402 ms (tx_ts=156591592571064, rx_ts=156591593288466) request_id=127706 zil_blk_id=7996 ccf_commit_seqno=127707 nstreams_done_=2000 config.nstreams=20000 avg_latency=0.8499 ms avg throuhgput (requests/sec) = 84.3794 res=false
*==== INFO ====* req_id_count= 2500 stream_id=9996 latency=0.976504 ms (tx_ts=156597517758229, rx_ts=156597518734733) request_id=159868 zil_blk_id=9996 ccf_commit_seqno=159870 nstreams_done_=2500 config.nstreams=20000 avg_latency=0.8540 ms avg throuhgput (requests/sec) = 84.3799 res=false
*==== INFO ====* req_id_count= 3000 stream_id=11996 latency=1.029577 ms (tx_ts=156603413214747, rx_ts=156603414244324) request_id=191874 zil_blk_id=11996 ccf_commit_seqno=191879 nstreams_done_=3000 config.nstreams=20000 avg_latency=0.8532 ms avg throuhgput (requests/sec) = 84.4513 res=false
*==== INFO ====* req_id_count= 3500 stream_id=13996 latency=0.743090 ms (tx_ts=156609318846274, rx_ts=156609319589364) request_id=224009 zil_blk_id=13996 ccf_commit_seqno=224011 nstreams_done_=3500 config.nstreams=20000 avg_latency=0.8542 ms avg throuhgput (requests/sec) = 84.4824 res=false
*==== INFO ====* req_id_count= 4000 stream_id=15996 latency=1.731758 ms (tx_ts=156615208600216, rx_ts=156615210331974) request_id=256098 zil_blk_id=15996 ccf_commit_seqno=256102 nstreams_done_=4000 config.nstreams=20000 avg_latency=0.8544 ms avg throuhgput (requests/sec) = 84.5317 res=false
*==== INFO ====* req_id_count= 4500 stream_id=17996 latency=0.543086 ms (tx_ts=156621052063079, rx_ts=156621052606165) request_id=287881 zil_blk_id=17996 ccf_commit_seqno=287881 nstreams_done_=4500 config.nstreams=20000 avg_latency=0.8533 ms avg throuhgput (requests/sec) = 84.6473 res=false
*==== INFO ====* req_id_count= 5000 stream_id=19996 latency=0.542685 ms (tx_ts=156626961864921, rx_ts=156626962407606) request_id=320032 zil_blk_id=19996 ccf_commit_seqno=320032 nstreams_done_=5000 config.nstreams=20000 avg_latency=0.8543 ms avg throuhgput (requests/sec) = 84.6431 res=false
*==== INFO ====* req_id_count= 5500 stream_id=21996 latency=0.898000 ms (tx_ts=156632877092414, rx_ts=156632877990414) request_id=352225 zil_blk_id=21996 ccf_commit_seqno=352226 nstreams_done_=5500 config.nstreams=20000 avg_latency=0.8567 ms avg throuhgput (requests/sec) = 84.6321 res=false
*==== INFO ====* req_id_count= 6000 stream_id=23996 latency=0.969823 ms (tx_ts=156638713326424, rx_ts=156638714296247) request_id=384104 zil_blk_id=23996 ccf_commit_seqno=384105 nstreams_done_=6000 config.nstreams=20000 avg_latency=0.8552 ms avg throuhgput (requests/sec) = 84.7177 res=false
*==== INFO ====* req_id_count= 6500 stream_id=25996 latency=0.845816 ms (tx_ts=156644497793256, rx_ts=156644498639072) request_id=415727 zil_blk_id=25996 ccf_commit_seqno=415728 nstreams_done_=6500 config.nstreams=20000 avg_latency=0.8528 ms avg throuhgput (requests/sec) = 84.8477 res=false
*==== INFO ====* req_id_count= 7000 stream_id=27996 latency=0.731978 ms (tx_ts=156650292821163, rx_ts=156650293553141) request_id=447432 zil_blk_id=27996 ccf_commit_seqno=447435 nstreams_done_=7000 config.nstreams=20000 avg_latency=0.8510 ms avg throuhgput (requests/sec) = 84.9486 res=false
*==== INFO ====* req_id_count= 7500 stream_id=29996 latency=0.812026 ms (tx_ts=156656075317566, rx_ts=156656076129592) request_id=479033 zil_blk_id=29996 ccf_commit_seqno=479035 nstreams_done_=7500 config.nstreams=20000 avg_latency=0.8474 ms avg throuhgput (requests/sec) = 85.0482 res=false
*==== INFO ====* req_id_count= 8000 stream_id=31996 latency=0.648122 ms (tx_ts=156661882532992, rx_ts=156661883181114) request_id=510749 zil_blk_id=31996 ccf_commit_seqno=510749 nstreams_done_=8000 config.nstreams=20000 avg_latency=0.8498 ms avg throuhgput (requests/sec) = 85.1133 res=false
*==== INFO ====* req_id_count= 8500 stream_id=33996 latency=0.598680 ms (tx_ts=156667690141237, rx_ts=156667690739917) request_id=542446 zil_blk_id=33996 ccf_commit_seqno=542446 nstreams_done_=8500 config.nstreams=20000 avg_latency=0.8518 ms avg throuhgput (requests/sec) = 85.1704 res=false
*==== INFO ====* req_id_count= 9000 stream_id=35996 latency=0.727411 ms (tx_ts=156673495818633, rx_ts=156673496546044) request_id=574222 zil_blk_id=35996 ccf_commit_seqno=574222 nstreams_done_=9000 config.nstreams=20000 avg_latency=0.8515 ms avg throuhgput (requests/sec) = 85.2227 res=false
*==== INFO ====* req_id_count= 9500 stream_id=37996 latency=0.905197 ms (tx_ts=156679280929851, rx_ts=156679281835048) request_id=605885 zil_blk_id=37996 ccf_commit_seqno=605886 nstreams_done_=9500 config.nstreams=20000 avg_latency=0.8502 ms avg throuhgput (requests/sec) = 85.2852 res=false
*==== INFO ====* req_id_count= 10000 stream_id=39996 latency=0.666206 ms (tx_ts=156685121524402, rx_ts=156685122190608) request_id=637600 zil_blk_id=39996 ccf_commit_seqno=637600 nstreams_done_=10000 config.nstreams=20000 avg_latency=0.8533 ms avg throuhgput (requests/sec) = 85.3014 res=false
*==== INFO ====* req_id_count= 10500 stream_id=41996 latency=0.874332 ms (tx_ts=156690933937401, rx_ts=156690934811733) request_id=669464 zil_blk_id=41996 ccf_commit_seqno=669470 nstreams_done_=10500 config.nstreams=20000 avg_latency=0.8545 ms avg throuhgput (requests/sec) = 85.3353 res=false
*==== INFO ====* req_id_count= 11000 stream_id=43996 latency=0.956459 ms (tx_ts=156696771177872, rx_ts=156696772134331) request_id=701492 zil_blk_id=43996 ccf_commit_seqno=701494 nstreams_done_=11000 config.nstreams=20000 avg_latency=0.8571 ms avg throuhgput (requests/sec) = 85.3498 res=false
*==== INFO ====* req_id_count= 11500 stream_id=45996 latency=0.844980 ms (tx_ts=156702583690150, rx_ts=156702584535130) request_id=733352 zil_blk_id=45996 ccf_commit_seqno=733353 nstreams_done_=11500 config.nstreams=20000 avg_latency=0.8574 ms avg throuhgput (requests/sec) = 85.3789 res=false
*==== INFO ====* req_id_count= 12000 stream_id=47996 latency=1.002382 ms (tx_ts=156708415617777, rx_ts=156708416620159) request_id=765328 zil_blk_id=47996 ccf_commit_seqno=765331 nstreams_done_=12000 config.nstreams=20000 avg_latency=0.8583 ms avg throuhgput (requests/sec) = 85.3936 res=false
*==== INFO ====* req_id_count= 12500 stream_id=49996 latency=0.653993 ms (tx_ts=156714196987931, rx_ts=156714197641924) request_id=797070 zil_blk_id=49996 ccf_commit_seqno=797070 nstreams_done_=12500 config.nstreams=20000 avg_latency=0.8567 ms avg throuhgput (requests/sec) = 85.4369 res=false
*==== INFO ====* req_id_count= 13000 stream_id=51996 latency=0.630920 ms (tx_ts=156720007186508, rx_ts=156720007817428) request_id=828940 zil_blk_id=51996 ccf_commit_seqno=828940 nstreams_done_=13000 config.nstreams=20000 avg_latency=0.8572 ms avg throuhgput (requests/sec) = 85.4605 res=false
*==== INFO ====* req_id_count= 13500 stream_id=53996 latency=0.608604 ms (tx_ts=156725811877880, rx_ts=156725812486484) request_id=860799 zil_blk_id=53996 ccf_commit_seqno=860799 nstreams_done_=13500 config.nstreams=20000 avg_latency=0.8567 ms avg throuhgput (requests/sec) = 85.4854 res=false
*==== INFO ====* req_id_count= 14000 stream_id=55996 latency=0.682987 ms (tx_ts=156731600092924, rx_ts=156731600775911) request_id=892580 zil_blk_id=55996 ccf_commit_seqno=892581 nstreams_done_=14000 config.nstreams=20000 avg_latency=0.8571 ms avg throuhgput (requests/sec) = 85.5171 res=false
*==== INFO ====* req_id_count= 14500 stream_id=57996 latency=0.758108 ms (tx_ts=156737406542558, rx_ts=156737407300666) request_id=924449 zil_blk_id=57996 ccf_commit_seqno=924451 nstreams_done_=14500 config.nstreams=20000 avg_latency=0.8571 ms avg throuhgput (requests/sec) = 85.5374 res=false
*==== INFO ====* req_id_count= 15000 stream_id=59996 latency=1.096973 ms (tx_ts=156743185555724, rx_ts=156743186652697) request_id=956166 zil_blk_id=59996 ccf_commit_seqno=956172 nstreams_done_=15000 config.nstreams=20000 avg_latency=0.8571 ms avg throuhgput (requests/sec) = 85.5696 res=false
*==== INFO ====* req_id_count= 15500 stream_id=61996 latency=1.154590 ms (tx_ts=156748966264280, rx_ts=156748967418870) request_id=987913 zil_blk_id=61996 ccf_commit_seqno=987915 nstreams_done_=15500 config.nstreams=20000 avg_latency=0.8565 ms avg throuhgput (requests/sec) = 85.5991 res=false
*==== INFO ====* req_id_count= 16000 stream_id=63996 latency=0.591145 ms (tx_ts=156754747084825, rx_ts=156754747675970) request_id=1019648 zil_blk_id=63996 ccf_commit_seqno=1019648 nstreams_done_=16000 config.nstreams=20000 avg_latency=0.8561 ms avg throuhgput (requests/sec) = 85.6270 res=false
*==== INFO ====* req_id_count= 16500 stream_id=65996 latency=0.892959 ms (tx_ts=156760535623294, rx_ts=156760536516253) request_id=1051299 zil_blk_id=65996 ccf_commit_seqno=1051301 nstreams_done_=16500 config.nstreams=20000 avg_latency=0.8570 ms avg throuhgput (requests/sec) = 85.6495 res=false
*==== INFO ====* req_id_count= 17000 stream_id=67996 latency=1.765742 ms (tx_ts=156766320426167, rx_ts=156766322191909) request_id=1083033 zil_blk_id=67996 ccf_commit_seqno=1083033 nstreams_done_=17000 config.nstreams=20000 avg_latency=0.8564 ms avg throuhgput (requests/sec) = 85.6719 res=false
*==== INFO ====* req_id_count= 17500 stream_id=69996 latency=0.752026 ms (tx_ts=156772119316360, rx_ts=156772120068386) request_id=1114904 zil_blk_id=69996 ccf_commit_seqno=1114904 nstreams_done_=17500 config.nstreams=20000 avg_latency=0.8570 ms avg throuhgput (requests/sec) = 85.6880 res=false
*==== INFO ====* req_id_count= 18000 stream_id=71996 latency=0.619298 ms (tx_ts=156777888144908, rx_ts=156777888764206) request_id=1146642 zil_blk_id=71996 ccf_commit_seqno=1146642 nstreams_done_=18000 config.nstreams=20000 avg_latency=0.8561 ms avg throuhgput (requests/sec) = 85.7151 res=false
*==== INFO ====* req_id_count= 18500 stream_id=73996 latency=0.649264 ms (tx_ts=156783683777921, rx_ts=156783684427185) request_id=1178454 zil_blk_id=73996 ccf_commit_seqno=1178454 nstreams_done_=18500 config.nstreams=20000 avg_latency=0.8557 ms avg throuhgput (requests/sec) = 85.7301 res=false
*==== INFO ====* req_id_count= 19000 stream_id=75996 latency=0.955007 ms (tx_ts=156789475651165, rx_ts=156789476606172) request_id=1210252 zil_blk_id=75996 ccf_commit_seqno=1210254 nstreams_done_=19000 config.nstreams=20000 avg_latency=0.8555 ms avg throuhgput (requests/sec) = 85.7456 res=false
*==== INFO ====* req_id_count= 19500 stream_id=77996 latency=0.936001 ms (tx_ts=156795268850393, rx_ts=156795269786394) request_id=1242078 zil_blk_id=77996 ccf_commit_seqno=1242079 nstreams_done_=19500 config.nstreams=20000 avg_latency=0.8558 ms avg throuhgput (requests/sec) = 85.7599 res=false
*==== INFO ====* http_end_stream ALL streams done! nstreams_done_=20000 avg_latency=0.8540 msreq_id_count= 20000
*==== INFO ====* req_id_count= 20000 stream_id=79996 latency=0.740646 ms (tx_ts=156801038396729, rx_ts=156801039137375) request_id=1267597 zil_blk_id=79996 ccf_commit_seqno=1267597 nstreams_done_=20000 config.nstreams=20000 avg_latency=0.8540 ms avg throuhgput (requests/sec) = 85.7823 res=true
