Uniform: 846687 240804 403068 435124 914074 
Exponential: -2147483648 -2147483648 -2147483648 -2147483648 -2147483648 
Truncated Normal: 403956 523725 664419 763549 73888 
*==== INFO ====* req_id_count= 500 stream_id=1996 latency=0.830364 ms (tx_ts=156573847904554, rx_ts=156573848734918) request_id=31555 zil_blk_id=1996 ccf_commit_seqno=31556 nstreams_done_=500 config.nstreams=20000 avg_latency=0.9350 ms avg throuhgput (requests/sec) = 84.0838 res=false
*==== INFO ====* req_id_count= 1000 stream_id=3996 latency=1.069681 ms (tx_ts=156579753755803, rx_ts=156579754825484) request_id=63458 zil_blk_id=3996 ccf_commit_seqno=63459 nstreams_done_=1000 config.nstreams=20000 avg_latency=0.9331 ms avg throuhgput (requests/sec) = 84.3701 res=false
*==== INFO ====* req_id_count= 1500 stream_id=5996 latency=0.681746 ms (tx_ts=156585586305043, rx_ts=156585586986789) request_id=95085 zil_blk_id=5996 ccf_commit_seqno=95085 nstreams_done_=1500 config.nstreams=20000 avg_latency=0.9408 ms avg throuhgput (requests/sec) = 84.8191 res=false
*==== INFO ====* req_id_count= 2000 stream_id=7996 latency=0.671256 ms (tx_ts=156591395142180, rx_ts=156591395813436) request_id=126638 zil_blk_id=7996 ccf_commit_seqno=126638 nstreams_done_=2000 config.nstreams=20000 avg_latency=0.9345 ms avg throuhgput (requests/sec) = 85.1298 res=false
*==== INFO ====* req_id_count= 2500 stream_id=9996 latency=0.730937 ms (tx_ts=156597204712869, rx_ts=156597205443806) request_id=158198 zil_blk_id=9996 ccf_commit_seqno=158199 nstreams_done_=2500 config.nstreams=20000 avg_latency=0.9315 ms avg throuhgput (requests/sec) = 85.3150 res=false
*==== INFO ====* req_id_count= 3000 stream_id=11996 latency=0.698066 ms (tx_ts=156603032745188, rx_ts=156603033443254) request_id=189808 zil_blk_id=11996 ccf_commit_seqno=189808 nstreams_done_=3000 config.nstreams=20000 avg_latency=0.9326 ms avg throuhgput (requests/sec) = 85.3943 res=false
*==== INFO ====* req_id_count= 3500 stream_id=13996 latency=0.756895 ms (tx_ts=156608845488944, rx_ts=156608846245839) request_id=221442 zil_blk_id=13996 ccf_commit_seqno=221442 nstreams_done_=3500 config.nstreams=20000 avg_latency=0.9296 ms avg throuhgput (requests/sec) = 85.4827 res=false
*==== INFO ====* req_id_count= 4000 stream_id=15996 latency=0.717282 ms (tx_ts=156614652634982, rx_ts=156614653352264) request_id=253063 zil_blk_id=15996 ccf_commit_seqno=253064 nstreams_done_=4000 config.nstreams=20000 avg_latency=0.9299 ms avg throuhgput (requests/sec) = 85.5595 res=false
*==== INFO ====* req_id_count= 4500 stream_id=17996 latency=0.933366 ms (tx_ts=156620458321155, rx_ts=156620459254521) request_id=284664 zil_blk_id=17996 ccf_commit_seqno=284666 nstreams_done_=4500 config.nstreams=20000 avg_latency=0.9307 ms avg throuhgput (requests/sec) = 85.6214 res=false
*==== INFO ====* req_id_count= 5000 stream_id=19996 latency=0.953494 ms (tx_ts=156626284335117, rx_ts=156626285288611) request_id=316339 zil_blk_id=19996 ccf_commit_seqno=316339 nstreams_done_=5000 config.nstreams=20000 avg_latency=0.9328 ms avg throuhgput (requests/sec) = 85.6414 res=false
*==== INFO ====* req_id_count= 5500 stream_id=21996 latency=0.905825 ms (tx_ts=156632090129972, rx_ts=156632091035797) request_id=347940 zil_blk_id=21996 ccf_commit_seqno=347942 nstreams_done_=5500 config.nstreams=20000 avg_latency=0.9344 ms avg throuhgput (requests/sec) = 85.6848 res=false
*==== INFO ====* req_id_count= 6000 stream_id=23996 latency=0.738061 ms (tx_ts=156637915523600, rx_ts=156637916261661) request_id=379742 zil_blk_id=23996 ccf_commit_seqno=379742 nstreams_done_=6000 config.nstreams=20000 avg_latency=0.9337 ms avg throuhgput (requests/sec) = 85.6972 res=false
*==== INFO ====* req_id_count= 6500 stream_id=25996 latency=0.739032 ms (tx_ts=156643725488328, rx_ts=156643726227360) request_id=411507 zil_blk_id=25996 ccf_commit_seqno=411507 nstreams_done_=6500 config.nstreams=20000 avg_latency=0.9319 ms avg throuhgput (requests/sec) = 85.7249 res=false
*==== INFO ====* req_id_count= 7000 stream_id=27996 latency=0.914827 ms (tx_ts=156649504383871, rx_ts=156649505298698) request_id=443108 zil_blk_id=27996 ccf_commit_seqno=443110 nstreams_done_=7000 config.nstreams=20000 avg_latency=0.9298 ms avg throuhgput (requests/sec) = 85.7811 res=false
*==== INFO ====* req_id_count= 7500 stream_id=29996 latency=1.140590 ms (tx_ts=156655306041448, rx_ts=156655307182038) request_id=474835 zil_blk_id=29996 ccf_commit_seqno=474835 nstreams_done_=7500 config.nstreams=20000 avg_latency=0.9281 ms avg throuhgput (requests/sec) = 85.8076 res=false
*==== INFO ====* req_id_count= 8000 stream_id=31996 latency=0.712312 ms (tx_ts=156661127211945, rx_ts=156661127924257) request_id=506608 zil_blk_id=31996 ccf_commit_seqno=506608 nstreams_done_=8000 config.nstreams=20000 avg_latency=0.9295 ms avg throuhgput (requests/sec) = 85.8133 res=false
*==== INFO ====* req_id_count= 8500 stream_id=33996 latency=0.901266 ms (tx_ts=156666942563500, rx_ts=156666943464766) request_id=538356 zil_blk_id=33996 ccf_commit_seqno=538357 nstreams_done_=8500 config.nstreams=20000 avg_latency=0.9298 ms avg throuhgput (requests/sec) = 85.8229 res=false
*==== INFO ====* req_id_count= 9000 stream_id=35996 latency=0.814524 ms (tx_ts=156672749347881, rx_ts=156672750162405) request_id=570143 zil_blk_id=35996 ccf_commit_seqno=570144 nstreams_done_=9000 config.nstreams=20000 avg_latency=0.9293 ms avg throuhgput (requests/sec) = 85.8386 res=false
*==== INFO ====* req_id_count= 9500 stream_id=37996 latency=0.804835 ms (tx_ts=156678533036601, rx_ts=156678533841436) request_id=601790 zil_blk_id=37996 ccf_commit_seqno=601792 nstreams_done_=9500 config.nstreams=20000 avg_latency=0.9279 ms avg throuhgput (requests/sec) = 85.8706 res=false
*==== INFO ====* req_id_count= 10000 stream_id=39996 latency=1.026079 ms (tx_ts=156684396665633, rx_ts=156684397691712) request_id=633622 zil_blk_id=39996 ccf_commit_seqno=633625 nstreams_done_=10000 config.nstreams=20000 avg_latency=0.9310 ms avg throuhgput (requests/sec) = 85.8403 res=false
*==== INFO ====* req_id_count= 10500 stream_id=41996 latency=1.031399 ms (tx_ts=156690209529037, rx_ts=156690210560436) request_id=665486 zil_blk_id=41996 ccf_commit_seqno=665488 nstreams_done_=10500 config.nstreams=20000 avg_latency=0.9320 ms avg throuhgput (requests/sec) = 85.8486 res=false
*==== INFO ====* req_id_count= 11000 stream_id=43996 latency=0.675975 ms (tx_ts=156696006423299, rx_ts=156696007099274) request_id=697311 zil_blk_id=43996 ccf_commit_seqno=697311 nstreams_done_=11000 config.nstreams=20000 avg_latency=0.9313 ms avg throuhgput (requests/sec) = 85.8672 res=false
*==== INFO ====* req_id_count= 11500 stream_id=45996 latency=0.957503 ms (tx_ts=156701812980881, rx_ts=156701813938384) request_id=729121 zil_blk_id=45996 ccf_commit_seqno=729122 nstreams_done_=11500 config.nstreams=20000 avg_latency=0.9321 ms avg throuhgput (requests/sec) = 85.8775 res=false
*==== INFO ====* req_id_count= 12000 stream_id=47996 latency=0.787702 ms (tx_ts=156707611099547, rx_ts=156707611887249) request_id=760904 zil_blk_id=47996 ccf_commit_seqno=760904 nstreams_done_=12000 config.nstreams=20000 avg_latency=0.9318 ms avg throuhgput (requests/sec) = 85.8925 res=false
*==== INFO ====* req_id_count= 12500 stream_id=49996 latency=0.904442 ms (tx_ts=156713408859812, rx_ts=156713409764254) request_id=792746 zil_blk_id=49996 ccf_commit_seqno=792746 nstreams_done_=12500 config.nstreams=20000 avg_latency=0.9311 ms avg throuhgput (requests/sec) = 85.9062 res=false
*==== INFO ====* req_id_count= 13000 stream_id=51996 latency=0.784039 ms (tx_ts=156719201039355, rx_ts=156719201823394) request_id=824507 zil_blk_id=51996 ccf_commit_seqno=824507 nstreams_done_=13000 config.nstreams=20000 avg_latency=0.9310 ms avg throuhgput (requests/sec) = 85.9223 res=false
*==== INFO ====* req_id_count= 13500 stream_id=53996 latency=0.882641 ms (tx_ts=156725013849512, rx_ts=156725014732153) request_id=856407 zil_blk_id=53996 ccf_commit_seqno=856410 nstreams_done_=13500 config.nstreams=20000 avg_latency=0.9312 ms avg throuhgput (requests/sec) = 85.9257 res=false
*==== INFO ====* req_id_count= 14000 stream_id=55996 latency=0.858486 ms (tx_ts=156730799864064, rx_ts=156730800722550) request_id=888182 zil_blk_id=55996 ccf_commit_seqno=888182 nstreams_done_=14000 config.nstreams=20000 avg_latency=0.9302 ms avg throuhgput (requests/sec) = 85.9431 res=false
*==== INFO ====* req_id_count= 14500 stream_id=57996 latency=0.997808 ms (tx_ts=156736611911918, rx_ts=156736612909726) request_id=920090 zil_blk_id=57996 ccf_commit_seqno=920091 nstreams_done_=14500 config.nstreams=20000 avg_latency=0.9305 ms avg throuhgput (requests/sec) = 85.9460 res=false
*==== INFO ====* req_id_count= 15000 stream_id=59996 latency=1.114973 ms (tx_ts=156742398999889, rx_ts=156742400114862) request_id=951873 zil_blk_id=59996 ccf_commit_seqno=951875 nstreams_done_=15000 config.nstreams=20000 avg_latency=0.9302 ms avg throuhgput (requests/sec) = 85.9610 res=false
*==== INFO ====* req_id_count= 15500 stream_id=61996 latency=1.042139 ms (tx_ts=156748206123136, rx_ts=156748207165275) request_id=983747 zil_blk_id=61996 ccf_commit_seqno=983751 nstreams_done_=15500 config.nstreams=20000 avg_latency=0.9306 ms avg throuhgput (requests/sec) = 85.9655 res=false
*==== INFO ====* req_id_count= 16000 stream_id=63996 latency=0.955538 ms (tx_ts=156754016451283, rx_ts=156754017406821) request_id=1015642 zil_blk_id=63996 ccf_commit_seqno=1015644 nstreams_done_=16000 config.nstreams=20000 avg_latency=0.9309 ms avg throuhgput (requests/sec) = 85.9683 res=false
*==== INFO ====* req_id_count= 16500 stream_id=65996 latency=0.979352 ms (tx_ts=156759830327781, rx_ts=156759831307133) request_id=1047565 zil_blk_id=65996 ccf_commit_seqno=1047566 nstreams_done_=16500 config.nstreams=20000 avg_latency=0.9320 ms avg throuhgput (requests/sec) = 85.9693 res=false
*==== INFO ====* req_id_count= 17000 stream_id=67996 latency=0.801358 ms (tx_ts=156765655089492, rx_ts=156765655890850) request_id=1079388 zil_blk_id=67996 ccf_commit_seqno=1079388 nstreams_done_=17000 config.nstreams=20000 avg_latency=0.9336 ms avg throuhgput (requests/sec) = 85.9656 res=false
*==== INFO ====* req_id_count= 17500 stream_id=69996 latency=0.943985 ms (tx_ts=156771452040009, rx_ts=156771452983994) request_id=1111243 zil_blk_id=69996 ccf_commit_seqno=1111244 nstreams_done_=17500 config.nstreams=20000 avg_latency=0.9332 ms avg throuhgput (requests/sec) = 85.9737 res=false
*==== INFO ====* req_id_count= 18000 stream_id=71996 latency=0.702694 ms (tx_ts=156777236180184, rx_ts=156777236882878) request_id=1143059 zil_blk_id=71996 ccf_commit_seqno=1143059 nstreams_done_=18000 config.nstreams=20000 avg_latency=0.9324 ms avg throuhgput (requests/sec) = 85.9867 res=false
*==== INFO ====* req_id_count= 18500 stream_id=73996 latency=0.948965 ms (tx_ts=156783038187378, rx_ts=156783039136343) request_id=1174889 zil_blk_id=73996 ccf_commit_seqno=1174892 nstreams_done_=18500 config.nstreams=20000 avg_latency=0.9325 ms avg throuhgput (requests/sec) = 85.9918 res=false
*==== INFO ====* req_id_count= 19000 stream_id=75996 latency=0.691361 ms (tx_ts=156788847346390, rx_ts=156788848037751) request_id=1206802 zil_blk_id=75996 ccf_commit_seqno=1206802 nstreams_done_=19000 config.nstreams=20000 avg_latency=0.9324 ms avg throuhgput (requests/sec) = 85.9940 res=false
*==== INFO ====* req_id_count= 19500 stream_id=77996 latency=0.880758 ms (tx_ts=156794633670002, rx_ts=156794634550760) request_id=1238593 zil_blk_id=77996 ccf_commit_seqno=1238595 nstreams_done_=19500 config.nstreams=20000 avg_latency=0.9319 ms avg throuhgput (requests/sec) = 86.0045 res=false
*==== INFO ====* http_end_stream ALL streams done! nstreams_done_=20000 avg_latency=0.9314 msreq_id_count= 20000
*==== INFO ====* req_id_count= 20000 stream_id=79996 latency=0.945288 ms (tx_ts=156800417551263, rx_ts=156800418496551) request_id=1265627 zil_blk_id=79996 ccf_commit_seqno=1265629 nstreams_done_=20000 config.nstreams=20000 avg_latency=0.9314 ms avg throuhgput (requests/sec) = 86.0155 res=true
