Uniform: 615016 637596 425763 153049 238197 
Exponential: -2147483648 -2147483648 -2147483648 -2147483648 -2147483648 
Truncated Normal: 684519 79052 182710 700971 412342 
*==== INFO ====* req_id_count= 500 stream_id=1996 latency=0.658607 ms (tx_ts=156573799042433, rx_ts=156573799701040) request_id=31308 zil_blk_id=1996 ccf_commit_seqno=31308 nstreams_done_=500 config.nstreams=20000 avg_latency=0.9269 ms avg throuhgput (requests/sec) = 84.7115 res=false
*==== INFO ====* req_id_count= 1000 stream_id=3996 latency=1.808904 ms (tx_ts=156579707472693, rx_ts=156579709281597) request_id=63211 zil_blk_id=3996 ccf_commit_seqno=63217 nstreams_done_=1000 config.nstreams=20000 avg_latency=0.9368 ms avg throuhgput (requests/sec) = 84.6599 res=false
*==== INFO ====* req_id_count= 1500 stream_id=5996 latency=1.041699 ms (tx_ts=156585595465382, rx_ts=156585596507081) request_id=95143 zil_blk_id=5996 ccf_commit_seqno=95144 nstreams_done_=1500 config.nstreams=20000 avg_latency=0.9308 ms avg throuhgput (requests/sec) = 84.7496 res=false
*==== INFO ====* req_id_count= 2000 stream_id=7996 latency=0.657440 ms (tx_ts=156591447785296, rx_ts=156591448442736) request_id=126916 zil_blk_id=7996 ccf_commit_seqno=126916 nstreams_done_=2000 config.nstreams=20000 avg_latency=0.9174 ms avg throuhgput (requests/sec) = 84.9216 res=false
*==== INFO ====* req_id_count= 2500 stream_id=9996 latency=0.888590 ms (tx_ts=156597302477952, rx_ts=156597303366542) request_id=158731 zil_blk_id=9996 ccf_commit_seqno=158731 nstreams_done_=2500 config.nstreams=20000 avg_latency=0.9103 ms avg throuhgput (requests/sec) = 85.0165 res=false
*==== INFO ====* req_id_count= 3000 stream_id=11996 latency=0.937490 ms (tx_ts=156603196030820, rx_ts=156603196968310) request_id=190693 zil_blk_id=11996 ccf_commit_seqno=190694 nstreams_done_=3000 config.nstreams=20000 avg_latency=0.9155 ms avg throuhgput (requests/sec) = 84.9867 res=false
*==== INFO ====* req_id_count= 3500 stream_id=13996 latency=0.677908 ms (tx_ts=156609087786837, rx_ts=156609088464745) request_id=222760 zil_blk_id=13996 ccf_commit_seqno=222760 nstreams_done_=3500 config.nstreams=20000 avg_latency=0.9170 ms avg throuhgput (requests/sec) = 84.9697 res=false
*==== INFO ====* req_id_count= 4000 stream_id=15996 latency=0.968852 ms (tx_ts=156614966944671, rx_ts=156614967913523) request_id=254776 zil_blk_id=15996 ccf_commit_seqno=254777 nstreams_done_=4000 config.nstreams=20000 avg_latency=0.9179 ms avg throuhgput (requests/sec) = 84.9787 res=false
*==== INFO ====* req_id_count= 4500 stream_id=17996 latency=1.046828 ms (tx_ts=156620832540391, rx_ts=156620833587219) request_id=286693 zil_blk_id=17996 ccf_commit_seqno=286695 nstreams_done_=4500 config.nstreams=20000 avg_latency=0.9189 ms avg throuhgput (requests/sec) = 85.0079 res=false
*==== INFO ====* req_id_count= 5000 stream_id=19996 latency=1.100128 ms (tx_ts=156626725411667, rx_ts=156626726511795) request_id=318745 zil_blk_id=19996 ccf_commit_seqno=318749 nstreams_done_=5000 config.nstreams=20000 avg_latency=0.9208 ms avg throuhgput (requests/sec) = 84.9918 res=false
*==== INFO ====* req_id_count= 5500 stream_id=21996 latency=0.630439 ms (tx_ts=156632614419812, rx_ts=156632615050251) request_id=350794 zil_blk_id=21996 ccf_commit_seqno=350794 nstreams_done_=5500 config.nstreams=20000 avg_latency=0.9217 ms avg throuhgput (requests/sec) = 84.9844 res=false
*==== INFO ====* req_id_count= 6000 stream_id=23996 latency=1.023054 ms (tx_ts=156638476200726, rx_ts=156638477223780) request_id=382808 zil_blk_id=23996 ccf_commit_seqno=382811 nstreams_done_=6000 config.nstreams=20000 avg_latency=0.9189 ms avg throuhgput (requests/sec) = 85.0100 res=false
*==== INFO ====* req_id_count= 6500 stream_id=25996 latency=0.945769 ms (tx_ts=156644335326577, rx_ts=156644336272346) request_id=414841 zil_blk_id=25996 ccf_commit_seqno=414846 nstreams_done_=6500 config.nstreams=20000 avg_latency=0.9175 ms avg throuhgput (requests/sec) = 85.0352 res=false
*==== INFO ====* req_id_count= 7000 stream_id=27996 latency=0.968791 ms (tx_ts=156650187369344, rx_ts=156650188338135) request_id=446857 zil_blk_id=27996 ccf_commit_seqno=446859 nstreams_done_=7000 config.nstreams=20000 avg_latency=0.9167 ms avg throuhgput (requests/sec) = 85.0640 res=false
*==== INFO ====* req_id_count= 7500 stream_id=29996 latency=1.069778 ms (tx_ts=156656050731360, rx_ts=156656051801138) request_id=478899 zil_blk_id=29996 ccf_commit_seqno=478903 nstreams_done_=7500 config.nstreams=20000 avg_latency=0.9149 ms avg throuhgput (requests/sec) = 85.0779 res=false
*==== INFO ====* req_id_count= 8000 stream_id=31996 latency=0.649084 ms (tx_ts=156661892404258, rx_ts=156661893053342) request_id=510801 zil_blk_id=31996 ccf_commit_seqno=510801 nstreams_done_=8000 config.nstreams=20000 avg_latency=0.9148 ms avg throuhgput (requests/sec) = 85.1102 res=false
*==== INFO ====* req_id_count= 8500 stream_id=33996 latency=1.029365 ms (tx_ts=156667728604435, rx_ts=156667729633800) request_id=542651 zil_blk_id=33996 ccf_commit_seqno=542652 nstreams_done_=8500 config.nstreams=20000 avg_latency=0.9152 ms avg throuhgput (requests/sec) = 85.1428 res=false
*==== INFO ====* req_id_count= 9000 stream_id=35996 latency=0.858185 ms (tx_ts=156673574882925, rx_ts=156673575741110) request_id=574652 zil_blk_id=35996 ccf_commit_seqno=574653 nstreams_done_=9000 config.nstreams=20000 avg_latency=0.9137 ms avg throuhgput (requests/sec) = 85.1640 res=false
*==== INFO ====* req_id_count= 9500 stream_id=37996 latency=0.978355 ms (tx_ts=156679390839925, rx_ts=156679391818280) request_id=606483 zil_blk_id=37996 ccf_commit_seqno=606485 nstreams_done_=9500 config.nstreams=20000 avg_latency=0.9113 ms avg throuhgput (requests/sec) = 85.2060 res=false
*==== INFO ====* req_id_count= 10000 stream_id=39996 latency=0.929248 ms (tx_ts=156685265238154, rx_ts=156685266167402) request_id=638391 zil_blk_id=39996 ccf_commit_seqno=638393 nstreams_done_=10000 config.nstreams=20000 avg_latency=0.9142 ms avg throuhgput (requests/sec) = 85.2015 res=false
*==== INFO ====* req_id_count= 10500 stream_id=41996 latency=0.934327 ms (tx_ts=156691097162736, rx_ts=156691098097063) request_id=670366 zil_blk_id=41996 ccf_commit_seqno=670368 nstreams_done_=10500 config.nstreams=20000 avg_latency=0.9142 ms avg throuhgput (requests/sec) = 85.2267 res=false
*==== INFO ====* req_id_count= 11000 stream_id=43996 latency=0.787554 ms (tx_ts=156696918723999, rx_ts=156696919511553) request_id=702308 zil_blk_id=43996 ccf_commit_seqno=702308 nstreams_done_=11000 config.nstreams=20000 avg_latency=0.9136 ms avg throuhgput (requests/sec) = 85.2566 res=false
*==== INFO ====* req_id_count= 11500 stream_id=45996 latency=0.661166 ms (tx_ts=156702755790467, rx_ts=156702756451633) request_id=734295 zil_blk_id=45996 ccf_commit_seqno=734296 nstreams_done_=11500 config.nstreams=20000 avg_latency=0.9132 ms avg throuhgput (requests/sec) = 85.2742 res=false
*==== INFO ====* req_id_count= 12000 stream_id=47996 latency=0.663060 ms (tx_ts=156708594125409, rx_ts=156708594788469) request_id=766308 zil_blk_id=47996 ccf_commit_seqno=766308 nstreams_done_=12000 config.nstreams=20000 avg_latency=0.9138 ms avg throuhgput (requests/sec) = 85.2894 res=false
*==== INFO ====* req_id_count= 12500 stream_id=49996 latency=0.909220 ms (tx_ts=156714412682896, rx_ts=156714413592116) request_id=798251 zil_blk_id=49996 ccf_commit_seqno=798253 nstreams_done_=12500 config.nstreams=20000 avg_latency=0.9138 ms avg throuhgput (requests/sec) = 85.3148 res=false
*==== INFO ====* req_id_count= 13000 stream_id=51996 latency=0.923477 ms (tx_ts=156720240239811, rx_ts=156720241163288) request_id=830230 zil_blk_id=51996 ccf_commit_seqno=830232 nstreams_done_=13000 config.nstreams=20000 avg_latency=0.9142 ms avg throuhgput (requests/sec) = 85.3333 res=false
*==== INFO ====* req_id_count= 13500 stream_id=53996 latency=0.943710 ms (tx_ts=156726098879177, rx_ts=156726099822887) request_id=862373 zil_blk_id=53996 ccf_commit_seqno=862377 nstreams_done_=13500 config.nstreams=20000 avg_latency=0.9151 ms avg throuhgput (requests/sec) = 85.3337 res=false
*==== INFO ====* req_id_count= 14000 stream_id=55996 latency=0.970355 ms (tx_ts=156731923540346, rx_ts=156731924510701) request_id=894351 zil_blk_id=55996 ccf_commit_seqno=894352 nstreams_done_=14000 config.nstreams=20000 avg_latency=0.9143 ms avg throuhgput (requests/sec) = 85.3517 res=false
*==== INFO ====* req_id_count= 14500 stream_id=57996 latency=0.931442 ms (tx_ts=156737746491650, rx_ts=156737747423092) request_id=926318 zil_blk_id=57996 ccf_commit_seqno=926320 nstreams_done_=14500 config.nstreams=20000 avg_latency=0.9145 ms avg throuhgput (requests/sec) = 85.3694 res=false
*==== INFO ====* req_id_count= 15000 stream_id=59996 latency=0.832077 ms (tx_ts=156743569010385, rx_ts=156743569842462) request_id=958278 zil_blk_id=59996 ccf_commit_seqno=958280 nstreams_done_=15000 config.nstreams=20000 avg_latency=0.9147 ms avg throuhgput (requests/sec) = 85.3861 res=false
*==== INFO ====* req_id_count= 15500 stream_id=61996 latency=0.782834 ms (tx_ts=156749402367830, rx_ts=156749403150664) request_id=990300 zil_blk_id=61996 ccf_commit_seqno=990300 nstreams_done_=15500 config.nstreams=20000 avg_latency=0.9147 ms avg throuhgput (requests/sec) = 85.3967 res=false
*==== INFO ====* req_id_count= 16000 stream_id=63996 latency=0.990753 ms (tx_ts=156755217609579, rx_ts=156755218600332) request_id=1022239 zil_blk_id=63996 ccf_commit_seqno=1022241 nstreams_done_=16000 config.nstreams=20000 avg_latency=0.9141 ms avg throuhgput (requests/sec) = 85.4147 res=false
*==== INFO ====* req_id_count= 16500 stream_id=65996 latency=0.975665 ms (tx_ts=156761067314547, rx_ts=156761068290212) request_id=1054226 zil_blk_id=65996 ccf_commit_seqno=1054226 nstreams_done_=16500 config.nstreams=20000 avg_latency=0.9158 ms avg throuhgput (requests/sec) = 85.4166 res=false
*==== INFO ====* req_id_count= 17000 stream_id=67996 latency=0.832416 ms (tx_ts=156766888796642, rx_ts=156766889629058) request_id=1086166 zil_blk_id=67996 ccf_commit_seqno=1086168 nstreams_done_=17000 config.nstreams=20000 avg_latency=0.9155 ms avg throuhgput (requests/sec) = 85.4304 res=false
*==== INFO ====* req_id_count= 17500 stream_id=69996 latency=0.988678 ms (tx_ts=156772685162230, rx_ts=156772686150908) request_id=1118025 zil_blk_id=69996 ccf_commit_seqno=1118028 nstreams_done_=17500 config.nstreams=20000 avg_latency=0.9139 ms avg throuhgput (requests/sec) = 85.4539 res=false
*==== INFO ====* req_id_count= 18000 stream_id=71996 latency=0.845511 ms (tx_ts=156778507967877, rx_ts=156778508813388) request_id=1150043 zil_blk_id=71996 ccf_commit_seqno=1150043 nstreams_done_=18000 config.nstreams=20000 avg_latency=0.9134 ms avg throuhgput (requests/sec) = 85.4654 res=false
*==== INFO ====* req_id_count= 18500 stream_id=73996 latency=0.920321 ms (tx_ts=156784330303000, rx_ts=156784331223321) request_id=1181978 zil_blk_id=73996 ccf_commit_seqno=1181979 nstreams_done_=18500 config.nstreams=20000 avg_latency=0.9132 ms avg throuhgput (requests/sec) = 85.4764 res=false
*==== INFO ====* req_id_count= 19000 stream_id=75996 latency=0.992877 ms (tx_ts=156790158027362, rx_ts=156790159020239) request_id=1213994 zil_blk_id=75996 ccf_commit_seqno=1213995 nstreams_done_=19000 config.nstreams=20000 avg_latency=0.9134 ms avg throuhgput (requests/sec) = 85.4848 res=false
*==== INFO ====* req_id_count= 19500 stream_id=77996 latency=0.718284 ms (tx_ts=156795981361450, rx_ts=156795982079734) request_id=1245975 zil_blk_id=77996 ccf_commit_seqno=1245975 nstreams_done_=19500 config.nstreams=20000 avg_latency=0.9130 ms avg throuhgput (requests/sec) = 85.4945 res=false
*==== INFO ====* http_end_stream ALL streams done! nstreams_done_=20000 avg_latency=0.9121 msreq_id_count= 20000
*==== INFO ====* req_id_count= 20000 stream_id=79996 latency=0.751436 ms (tx_ts=156801795435569, rx_ts=156801796187005) request_id=1269738 zil_blk_id=79996 ccf_commit_seqno=1269738 nstreams_done_=20000 config.nstreams=20000 avg_latency=0.9121 ms avg throuhgput (requests/sec) = 85.5070 res=true
