Uniform: 697429 470101 388861 319065 849349 
Exponential: -2147483648 -2147483648 -2147483648 -2147483648 -2147483648 
Truncated Normal: 101153 43748 381496 452252 101770 
*==== INFO ====* req_id_count= 500 stream_id=1996 latency=1.015410 ms (tx_ts=156573906289391, rx_ts=156573907304801) request_id=31856 zil_blk_id=1996 ccf_commit_seqno=31857 nstreams_done_=500 config.nstreams=20000 avg_latency=0.9344 ms avg throuhgput (requests/sec) = 83.2542 res=false
*==== INFO ====* req_id_count= 1000 stream_id=3996 latency=0.992427 ms (tx_ts=156579890458221, rx_ts=156579891450648) request_id=64192 zil_blk_id=3996 ccf_commit_seqno=64195 nstreams_done_=1000 config.nstreams=20000 avg_latency=0.9305 ms avg throuhgput (requests/sec) = 83.4039 res=false
*==== INFO ====* req_id_count= 1500 stream_id=5996 latency=0.985517 ms (tx_ts=156585800008101, rx_ts=156585800993618) request_id=96230 zil_blk_id=5996 ccf_commit_seqno=96232 nstreams_done_=1500 config.nstreams=20000 avg_latency=0.9296 ms avg throuhgput (requests/sec) = 83.8017 res=false
*==== INFO ====* req_id_count= 2000 stream_id=7996 latency=0.702341 ms (tx_ts=156591713409153, rx_ts=156591714111494) request_id=128364 zil_blk_id=7996 ccf_commit_seqno=128364 nstreams_done_=2000 config.nstreams=20000 avg_latency=0.9186 ms avg throuhgput (requests/sec) = 83.9895 res=false
*==== INFO ====* req_id_count= 2500 stream_id=9996 latency=0.923178 ms (tx_ts=156597658120630, rx_ts=156597659043808) request_id=160632 zil_blk_id=9996 ccf_commit_seqno=160633 nstreams_done_=2500 config.nstreams=20000 avg_latency=0.9187 ms avg throuhgput (requests/sec) = 84.0126 res=false
*==== INFO ====* req_id_count= 3000 stream_id=11996 latency=0.858657 ms (tx_ts=156603585536087, rx_ts=156603586394744) request_id=192802 zil_blk_id=11996 ccf_commit_seqno=192803 nstreams_done_=3000 config.nstreams=20000 avg_latency=0.9133 ms avg throuhgput (requests/sec) = 84.0694 res=false
*==== INFO ====* req_id_count= 3500 stream_id=13996 latency=0.996554 ms (tx_ts=156609475467995, rx_ts=156609476464549) request_id=224848 zil_blk_id=13996 ccf_commit_seqno=224849 nstreams_done_=3500 config.nstreams=20000 avg_latency=0.9142 ms avg throuhgput (requests/sec) = 84.1855 res=false
*==== INFO ====* req_id_count= 4000 stream_id=15996 latency=0.689452 ms (tx_ts=156615362646726, rx_ts=156615363336178) request_id=256936 zil_blk_id=15996 ccf_commit_seqno=256936 nstreams_done_=4000 config.nstreams=20000 avg_latency=0.9138 ms avg throuhgput (requests/sec) = 84.2784 res=false
*==== INFO ====* req_id_count= 4500 stream_id=17996 latency=0.844791 ms (tx_ts=156621250930396, rx_ts=156621251775187) request_id=288949 zil_blk_id=17996 ccf_commit_seqno=288950 nstreams_done_=4500 config.nstreams=20000 avg_latency=0.9140 ms avg throuhgput (requests/sec) = 84.3484 res=false
*==== INFO ====* req_id_count= 5000 stream_id=19996 latency=0.679952 ms (tx_ts=156627116885821, rx_ts=156627117565773) request_id=320880 zil_blk_id=19996 ccf_commit_seqno=320880 nstreams_done_=5000 config.nstreams=20000 avg_latency=0.9123 ms avg throuhgput (requests/sec) = 84.4367 res=false
*==== INFO ====* req_id_count= 5500 stream_id=21996 latency=0.674192 ms (tx_ts=156632966901918, rx_ts=156632967576110) request_id=352715 zil_blk_id=21996 ccf_commit_seqno=352715 nstreams_done_=5500 config.nstreams=20000 avg_latency=0.9140 ms avg throuhgput (requests/sec) = 84.5296 res=false
*==== INFO ====* req_id_count= 6000 stream_id=23996 latency=0.861021 ms (tx_ts=156638834888879, rx_ts=156638835749900) request_id=384764 zil_blk_id=23996 ccf_commit_seqno=384765 nstreams_done_=6000 config.nstreams=20000 avg_latency=0.9142 ms avg throuhgput (requests/sec) = 84.5855 res=false
*==== INFO ====* req_id_count= 6500 stream_id=25996 latency=0.680091 ms (tx_ts=156644690648771, rx_ts=156644691328862) request_id=416780 zil_blk_id=25996 ccf_commit_seqno=416780 nstreams_done_=6500 config.nstreams=20000 avg_latency=0.9144 ms avg throuhgput (requests/sec) = 84.6467 res=false
*==== INFO ====* req_id_count= 7000 stream_id=27996 latency=0.812128 ms (tx_ts=156650552627282, rx_ts=156650553439410) request_id=448845 zil_blk_id=27996 ccf_commit_seqno=448846 nstreams_done_=7000 config.nstreams=20000 avg_latency=0.9145 ms avg throuhgput (requests/sec) = 84.6926 res=false
*==== INFO ====* req_id_count= 7500 stream_id=29996 latency=0.752967 ms (tx_ts=156656416744079, rx_ts=156656417497046) request_id=480903 zil_blk_id=29996 ccf_commit_seqno=480903 nstreams_done_=7500 config.nstreams=20000 avg_latency=0.9141 ms avg throuhgput (requests/sec) = 84.7305 res=false
*==== INFO ====* req_id_count= 8000 stream_id=31996 latency=0.812640 ms (tx_ts=156662280327369, rx_ts=156662281140009) request_id=512925 zil_blk_id=31996 ccf_commit_seqno=512926 nstreams_done_=8000 config.nstreams=20000 avg_latency=0.9144 ms avg throuhgput (requests/sec) = 84.7641 res=false
*==== INFO ====* req_id_count= 8500 stream_id=33996 latency=0.871492 ms (tx_ts=156668144968764, rx_ts=156668145840256) request_id=544935 zil_blk_id=33996 ccf_commit_seqno=544936 nstreams_done_=8500 config.nstreams=20000 avg_latency=0.9156 ms avg throuhgput (requests/sec) = 84.7929 res=false
*==== INFO ====* req_id_count= 9000 stream_id=35996 latency=0.896046 ms (tx_ts=156673986665261, rx_ts=156673987561307) request_id=576912 zil_blk_id=35996 ccf_commit_seqno=576913 nstreams_done_=9000 config.nstreams=20000 avg_latency=0.9150 ms avg throuhgput (requests/sec) = 84.8369 res=false
*==== INFO ====* req_id_count= 9500 stream_id=37996 latency=1.023705 ms (tx_ts=156679847560698, rx_ts=156679848584403) request_id=608988 zil_blk_id=37996 ccf_commit_seqno=608989 nstreams_done_=9500 config.nstreams=20000 avg_latency=0.9129 ms avg throuhgput (requests/sec) = 84.8616 res=false
*==== INFO ====* req_id_count= 10000 stream_id=39996 latency=0.844279 ms (tx_ts=156685735709694, rx_ts=156685736553973) request_id=640954 zil_blk_id=39996 ccf_commit_seqno=640955 nstreams_done_=10000 config.nstreams=20000 avg_latency=0.9161 ms avg throuhgput (requests/sec) = 84.8645 res=false
*==== INFO ====* req_id_count= 10500 stream_id=41996 latency=1.017884 ms (tx_ts=156691563368814, rx_ts=156691564386698) request_id=672935 zil_blk_id=41996 ccf_commit_seqno=672936 nstreams_done_=10500 config.nstreams=20000 avg_latency=0.9154 ms avg throuhgput (requests/sec) = 84.9083 res=false
*==== INFO ====* req_id_count= 11000 stream_id=43996 latency=1.060081 ms (tx_ts=156697398126234, rx_ts=156697399186315) request_id=704930 zil_blk_id=43996 ccf_commit_seqno=704933 nstreams_done_=11000 config.nstreams=20000 avg_latency=0.9155 ms avg throuhgput (requests/sec) = 84.9437 res=false
*==== INFO ====* req_id_count= 11500 stream_id=45996 latency=0.800137 ms (tx_ts=156703237375130, rx_ts=156703238175267) request_id=736935 zil_blk_id=45996 ccf_commit_seqno=736935 nstreams_done_=11500 config.nstreams=20000 avg_latency=0.9152 ms avg throuhgput (requests/sec) = 84.9733 res=false
*==== INFO ====* req_id_count= 12000 stream_id=47996 latency=0.920311 ms (tx_ts=156709078886375, rx_ts=156709079806686) request_id=768969 zil_blk_id=47996 ccf_commit_seqno=768971 nstreams_done_=12000 config.nstreams=20000 avg_latency=0.9154 ms avg throuhgput (requests/sec) = 84.9990 res=false
*==== INFO ====* req_id_count= 12500 stream_id=49996 latency=1.018415 ms (tx_ts=156714926098598, rx_ts=156714927117013) request_id=801060 zil_blk_id=49996 ccf_commit_seqno=801061 nstreams_done_=12500 config.nstreams=20000 avg_latency=0.9147 ms avg throuhgput (requests/sec) = 85.0193 res=false
*==== INFO ====* req_id_count= 13000 stream_id=51996 latency=0.645698 ms (tx_ts=156720755659003, rx_ts=156720756304701) request_id=833053 zil_blk_id=51996 ccf_commit_seqno=833053 nstreams_done_=13000 config.nstreams=20000 avg_latency=0.9144 ms avg throuhgput (requests/sec) = 85.0481 res=false
*==== INFO ====* req_id_count= 13500 stream_id=53996 latency=0.721840 ms (tx_ts=156726578820841, rx_ts=156726579542681) request_id=865015 zil_blk_id=53996 ccf_commit_seqno=865015 nstreams_done_=13500 config.nstreams=20000 avg_latency=0.9134 ms avg throuhgput (requests/sec) = 85.0780 res=false
*==== INFO ====* req_id_count= 14000 stream_id=55996 latency=1.013595 ms (tx_ts=156732401425636, rx_ts=156732402439231) request_id=896989 zil_blk_id=55996 ccf_commit_seqno=896990 nstreams_done_=14000 config.nstreams=20000 avg_latency=0.9133 ms avg throuhgput (requests/sec) = 85.1059 res=false
*==== INFO ====* req_id_count= 14500 stream_id=57996 latency=0.893871 ms (tx_ts=156738228261852, rx_ts=156738229155723) request_id=928961 zil_blk_id=57996 ccf_commit_seqno=928963 nstreams_done_=14500 config.nstreams=20000 avg_latency=0.9131 ms avg throuhgput (requests/sec) = 85.1301 res=false
*==== INFO ====* req_id_count= 15000 stream_id=59996 latency=0.783656 ms (tx_ts=156744074342331, rx_ts=156744075125987) request_id=961055 zil_blk_id=59996 ccf_commit_seqno=961055 nstreams_done_=15000 config.nstreams=20000 avg_latency=0.9140 ms avg throuhgput (requests/sec) = 85.1433 res=false
*==== INFO ====* req_id_count= 15500 stream_id=61996 latency=0.886388 ms (tx_ts=156749914183978, rx_ts=156749915070366) request_id=993116 zil_blk_id=61996 ccf_commit_seqno=993118 nstreams_done_=15500 config.nstreams=20000 avg_latency=0.9139 ms avg throuhgput (requests/sec) = 85.1585 res=false
*==== INFO ====* req_id_count= 16000 stream_id=63996 latency=0.769678 ms (tx_ts=156755752671336, rx_ts=156755753441014) request_id=1025169 zil_blk_id=63996 ccf_commit_seqno=1025169 nstreams_done_=16000 config.nstreams=20000 avg_latency=0.9142 ms avg throuhgput (requests/sec) = 85.1735 res=false
*==== INFO ====* req_id_count= 16500 stream_id=65996 latency=1.060243 ms (tx_ts=156761597422037, rx_ts=156761598482280) request_id=1057135 zil_blk_id=65996 ccf_commit_seqno=1057138 nstreams_done_=16500 config.nstreams=20000 avg_latency=0.9150 ms avg throuhgput (requests/sec) = 85.1846 res=false
*==== INFO ====* req_id_count= 17000 stream_id=67996 latency=0.745915 ms (tx_ts=156767438031381, rx_ts=156767438777296) request_id=1089191 zil_blk_id=67996 ccf_commit_seqno=1089192 nstreams_done_=17000 config.nstreams=20000 avg_latency=0.9148 ms avg throuhgput (requests/sec) = 85.1972 res=false
*==== INFO ====* req_id_count= 17500 stream_id=69996 latency=0.736365 ms (tx_ts=156773258896065, rx_ts=156773259632430) request_id=1121177 zil_blk_id=69996 ccf_commit_seqno=1121177 nstreams_done_=17500 config.nstreams=20000 avg_latency=0.9142 ms avg throuhgput (requests/sec) = 85.2170 res=false
*==== INFO ====* req_id_count= 18000 stream_id=71996 latency=0.960104 ms (tx_ts=156779075902450, rx_ts=156779076862554) request_id=1153148 zil_blk_id=71996 ccf_commit_seqno=1153148 nstreams_done_=18000 config.nstreams=20000 avg_latency=0.9138 ms avg throuhgput (requests/sec) = 85.2373 res=false
*==== INFO ====* req_id_count= 18500 stream_id=73996 latency=1.063539 ms (tx_ts=156784909392966, rx_ts=156784910456505) request_id=1185167 zil_blk_id=73996 ccf_commit_seqno=1185169 nstreams_done_=18500 config.nstreams=20000 avg_latency=0.9141 ms avg throuhgput (requests/sec) = 85.2500 res=false
*==== INFO ====* req_id_count= 19000 stream_id=75996 latency=0.813742 ms (tx_ts=156790749042632, rx_ts=156790749856374) request_id=1217245 zil_blk_id=75996 ccf_commit_seqno=1217246 nstreams_done_=19000 config.nstreams=20000 avg_latency=0.9138 ms avg throuhgput (requests/sec) = 85.2598 res=false
*==== INFO ====* req_id_count= 19500 stream_id=77996 latency=0.800134 ms (tx_ts=156796586676172, rx_ts=156796587476306) request_id=1249154 zil_blk_id=77996 ccf_commit_seqno=1249154 nstreams_done_=19500 config.nstreams=20000 avg_latency=0.9143 ms avg throuhgput (requests/sec) = 85.2698 res=false
*==== INFO ====* http_end_stream ALL streams done! nstreams_done_=20000 avg_latency=0.9134 msreq_id_count= 20000
*==== INFO ====* req_id_count= 20000 stream_id=79996 latency=0.978381 ms (tx_ts=156802401455273, rx_ts=156802402433654) request_id=1271306 zil_blk_id=79996 ccf_commit_seqno=1271306 nstreams_done_=20000 config.nstreams=20000 avg_latency=0.9134 ms avg throuhgput (requests/sec) = 85.2875 res=true
