Uniform: 348792 970708 738921 460063 262794 
Exponential: -2147483648 -2147483648 -2147483648 -2147483648 -2147483648 
Truncated Normal: 385668 457669 808016 483866 503884 
*==== INFO ====* req_id_count= 500 stream_id=1996 latency=0.653003 ms (tx_ts=156573674217175, rx_ts=156573674870178) request_id=30645 zil_blk_id=1996 ccf_commit_seqno=30648 nstreams_done_=500 config.nstreams=20000 avg_latency=0.7883 ms avg throuhgput (requests/sec) = 86.3627 res=false
*==== INFO ====* req_id_count= 1000 stream_id=3996 latency=0.693157 ms (tx_ts=156579456143081, rx_ts=156579456836238) request_id=61869 zil_blk_id=3996 ccf_commit_seqno=61869 nstreams_done_=1000 config.nstreams=20000 avg_latency=0.7835 ms avg throuhgput (requests/sec) = 86.4192 res=false
*==== INFO ====* req_id_count= 1500 stream_id=5996 latency=0.856132 ms (tx_ts=156585193371183, rx_ts=156585194227315) request_id=92965 zil_blk_id=5996 ccf_commit_seqno=92966 nstreams_done_=1500 config.nstreams=20000 avg_latency=0.7824 ms avg throuhgput (requests/sec) = 86.6607 res=false
*==== INFO ====* req_id_count= 2000 stream_id=7996 latency=0.615021 ms (tx_ts=156590908322331, rx_ts=156590908937352) request_id=124005 zil_blk_id=7996 ccf_commit_seqno=124007 nstreams_done_=2000 config.nstreams=20000 avg_latency=0.7716 ms avg throuhgput (requests/sec) = 86.8674 res=false
*==== INFO ====* req_id_count= 2500 stream_id=9996 latency=0.780444 ms (tx_ts=156596635173713, rx_ts=156596635954157) request_id=155113 zil_blk_id=9996 ccf_commit_seqno=155117 nstreams_done_=2500 config.nstreams=20000 avg_latency=0.7658 ms avg throuhgput (requests/sec) = 86.9547 res=false
*==== INFO ====* req_id_count= 3000 stream_id=11996 latency=0.704521 ms (tx_ts=156602342433023, rx_ts=156602343137544) request_id=186077 zil_blk_id=11996 ccf_commit_seqno=186078 nstreams_done_=3000 config.nstreams=20000 avg_latency=0.7629 ms avg throuhgput (requests/sec) = 87.0630 res=false
*==== INFO ====* req_id_count= 3500 stream_id=13996 latency=0.716490 ms (tx_ts=156608094570752, rx_ts=156608095287242) request_id=217370 zil_blk_id=13996 ccf_commit_seqno=217372 nstreams_done_=3500 config.nstreams=20000 avg_latency=0.7657 ms avg throuhgput (requests/sec) = 87.0431 res=false
*==== INFO ====* req_id_count= 4000 stream_id=15996 latency=0.661267 ms (tx_ts=156613821316865, rx_ts=156613821978132) request_id=248547 zil_blk_id=15996 ccf_commit_seqno=248548 nstreams_done_=4000 config.nstreams=20000 avg_latency=0.7640 ms avg throuhgput (requests/sec) = 87.0765 res=false
*==== INFO ====* req_id_count= 4500 stream_id=17996 latency=0.664723 ms (tx_ts=156619568881461, rx_ts=156619569546184) request_id=279827 zil_blk_id=17996 ccf_commit_seqno=279829 nstreams_done_=4500 config.nstreams=20000 avg_latency=0.7669 ms avg throuhgput (requests/sec) = 87.0672 res=false
*==== INFO ====* req_id_count= 5000 stream_id=19996 latency=0.770342 ms (tx_ts=156625328059252, rx_ts=156625328829594) request_id=311145 zil_blk_id=19996 ccf_commit_seqno=311146 nstreams_done_=5000 config.nstreams=20000 avg_latency=0.7701 ms avg throuhgput (requests/sec) = 87.0421 res=false
*==== INFO ====* req_id_count= 5500 stream_id=21996 latency=0.598770 ms (tx_ts=156631087088068, rx_ts=156631087686838) request_id=342470 zil_blk_id=21996 ccf_commit_seqno=342470 nstreams_done_=5500 config.nstreams=20000 avg_latency=0.7716 ms avg throuhgput (requests/sec) = 87.0221 res=false
*==== INFO ====* req_id_count= 6000 stream_id=23996 latency=0.732750 ms (tx_ts=156636807977025, rx_ts=156636808709775) request_id=373694 zil_blk_id=23996 ccf_commit_seqno=373695 nstreams_done_=6000 config.nstreams=20000 avg_latency=0.7693 ms avg throuhgput (requests/sec) = 87.0532 res=false
*==== INFO ====* req_id_count= 6500 stream_id=25996 latency=0.520554 ms (tx_ts=156642509113915, rx_ts=156642509634469) request_id=404876 zil_blk_id=25996 ccf_commit_seqno=404877 nstreams_done_=6500 config.nstreams=20000 avg_latency=0.7658 ms avg throuhgput (requests/sec) = 87.1030 res=false
*==== INFO ====* req_id_count= 7000 stream_id=27996 latency=0.804173 ms (tx_ts=156648222626997, rx_ts=156648223431170) request_id=436094 zil_blk_id=27996 ccf_commit_seqno=436096 nstreams_done_=7000 config.nstreams=20000 avg_latency=0.7640 ms avg throuhgput (requests/sec) = 87.1318 res=false
*==== INFO ====* req_id_count= 7500 stream_id=29996 latency=0.609739 ms (tx_ts=156653918995423, rx_ts=156653919605162) request_id=467251 zil_blk_id=29996 ccf_commit_seqno=467251 nstreams_done_=7500 config.nstreams=20000 avg_latency=0.7624 ms avg throuhgput (requests/sec) = 87.1746 res=false
*==== INFO ====* req_id_count= 8000 stream_id=31996 latency=0.638003 ms (tx_ts=156659610845262, rx_ts=156659611483265) request_id=498351 zil_blk_id=31996 ccf_commit_seqno=498352 nstreams_done_=8000 config.nstreams=20000 avg_latency=0.7615 ms avg throuhgput (requests/sec) = 87.2161 res=false
*==== INFO ====* req_id_count= 8500 stream_id=33996 latency=0.568884 ms (tx_ts=156665366380864, rx_ts=156665366949748) request_id=529707 zil_blk_id=33996 ccf_commit_seqno=529707 nstreams_done_=8500 config.nstreams=20000 avg_latency=0.7627 ms avg throuhgput (requests/sec) = 87.1959 res=false
*==== INFO ====* req_id_count= 9000 stream_id=35996 latency=0.863425 ms (tx_ts=156671069623886, rx_ts=156671070487311) request_id=560935 zil_blk_id=35996 ccf_commit_seqno=560938 nstreams_done_=9000 config.nstreams=20000 avg_latency=0.7608 ms avg throuhgput (requests/sec) = 87.2219 res=false
*==== INFO ====* req_id_count= 9500 stream_id=37996 latency=0.647350 ms (tx_ts=156676751778333, rx_ts=156676752425683) request_id=592037 zil_blk_id=37996 ccf_commit_seqno=592038 nstreams_done_=9500 config.nstreams=20000 avg_latency=0.7586 ms avg throuhgput (requests/sec) = 87.2624 res=false
*==== INFO ====* req_id_count= 10000 stream_id=39996 latency=0.684270 ms (tx_ts=156682465365813, rx_ts=156682466050083) request_id=623318 zil_blk_id=39996 ccf_commit_seqno=623319 nstreams_done_=10000 config.nstreams=20000 avg_latency=0.7584 ms avg throuhgput (requests/sec) = 87.2747 res=false
*==== INFO ====* req_id_count= 10500 stream_id=41996 latency=0.807123 ms (tx_ts=156688231737855, rx_ts=156688232544978) request_id=654641 zil_blk_id=41996 ccf_commit_seqno=654644 nstreams_done_=10500 config.nstreams=20000 avg_latency=0.7608 ms avg throuhgput (requests/sec) = 87.2476 res=false
*==== INFO ====* req_id_count= 11000 stream_id=43996 latency=0.967240 ms (tx_ts=156693967423436, rx_ts=156693968390676) request_id=686100 zil_blk_id=43996 ccf_commit_seqno=686103 nstreams_done_=11000 config.nstreams=20000 avg_latency=0.7616 ms avg throuhgput (requests/sec) = 87.2441 res=false
*==== INFO ====* req_id_count= 11500 stream_id=45996 latency=0.555940 ms (tx_ts=156699675101263, rx_ts=156699675657203) request_id=717423 zil_blk_id=45996 ccf_commit_seqno=717423 nstreams_done_=11500 config.nstreams=20000 avg_latency=0.7616 ms avg throuhgput (requests/sec) = 87.2598 res=false
*==== INFO ====* req_id_count= 12000 stream_id=47996 latency=0.858756 ms (tx_ts=156705397776558, rx_ts=156705398635314) request_id=748802 zil_blk_id=47996 ccf_commit_seqno=748804 nstreams_done_=12000 config.nstreams=20000 avg_latency=0.7607 ms avg throuhgput (requests/sec) = 87.2643 res=false
*==== INFO ====* req_id_count= 12500 stream_id=49996 latency=0.661818 ms (tx_ts=156711121323032, rx_ts=156711121984850) request_id=780183 zil_blk_id=49996 ccf_commit_seqno=780183 nstreams_done_=12500 config.nstreams=20000 avg_latency=0.7602 ms avg throuhgput (requests/sec) = 87.2682 res=false
*==== INFO ====* req_id_count= 13000 stream_id=51996 latency=0.918684 ms (tx_ts=156716826362151, rx_ts=156716827280835) request_id=811493 zil_blk_id=51996 ccf_commit_seqno=811495 nstreams_done_=13000 config.nstreams=20000 avg_latency=0.7585 ms avg throuhgput (requests/sec) = 87.2823 res=false
*==== INFO ====* req_id_count= 13500 stream_id=53996 latency=0.682812 ms (tx_ts=156722534762577, rx_ts=156722535445389) request_id=842836 zil_blk_id=53996 ccf_commit_seqno=842836 nstreams_done_=13500 config.nstreams=20000 avg_latency=0.7580 ms avg throuhgput (requests/sec) = 87.2938 res=false
*==== INFO ====* req_id_count= 14000 stream_id=55996 latency=0.829411 ms (tx_ts=156728236991171, rx_ts=156728237820582) request_id=874099 zil_blk_id=55996 ccf_commit_seqno=874099 nstreams_done_=14000 config.nstreams=20000 avg_latency=0.7569 ms avg throuhgput (requests/sec) = 87.3077 res=false
*==== INFO ====* req_id_count= 14500 stream_id=57996 latency=0.636171 ms (tx_ts=156733947192267, rx_ts=156733947828438) request_id=905466 zil_blk_id=57996 ccf_commit_seqno=905466 nstreams_done_=14500 config.nstreams=20000 avg_latency=0.7559 ms avg throuhgput (requests/sec) = 87.3165 res=false
*==== INFO ====* req_id_count= 15000 stream_id=59996 latency=0.787112 ms (tx_ts=156739663011789, rx_ts=156739663798901) request_id=936833 zil_blk_id=59996 ccf_commit_seqno=936837 nstreams_done_=15000 config.nstreams=20000 avg_latency=0.7555 ms avg throuhgput (requests/sec) = 87.3218 res=false
*==== INFO ====* req_id_count= 15500 stream_id=61996 latency=0.605232 ms (tx_ts=156745376880835, rx_ts=156745377486067) request_id=968193 zil_blk_id=61996 ccf_commit_seqno=968195 nstreams_done_=15500 config.nstreams=20000 avg_latency=0.7546 ms avg throuhgput (requests/sec) = 87.3278 res=false
*==== INFO ====* req_id_count= 16000 stream_id=63996 latency=0.917152 ms (tx_ts=156751094403644, rx_ts=156751095320796) request_id=999596 zil_blk_id=63996 ccf_commit_seqno=999599 nstreams_done_=16000 config.nstreams=20000 avg_latency=0.7549 ms avg throuhgput (requests/sec) = 87.3315 res=false
*==== INFO ====* req_id_count= 16500 stream_id=65996 latency=0.788815 ms (tx_ts=156756805084949, rx_ts=156756805873764) request_id=1030939 zil_blk_id=65996 ccf_commit_seqno=1030939 nstreams_done_=16500 config.nstreams=20000 avg_latency=0.7543 ms avg throuhgput (requests/sec) = 87.3383 res=false
*==== INFO ====* req_id_count= 17000 stream_id=67996 latency=0.538557 ms (tx_ts=156762521302386, rx_ts=156762521840943) request_id=1062193 zil_blk_id=67996 ccf_commit_seqno=1062193 nstreams_done_=17000 config.nstreams=20000 avg_latency=0.7546 ms avg throuhgput (requests/sec) = 87.3423 res=false
*==== INFO ====* req_id_count= 17500 stream_id=69996 latency=0.633187 ms (tx_ts=156768245844058, rx_ts=156768246477245) request_id=1093615 zil_blk_id=69996 ccf_commit_seqno=1093615 nstreams_done_=17500 config.nstreams=20000 avg_latency=0.7551 ms avg throuhgput (requests/sec) = 87.3423 res=false
*==== INFO ====* req_id_count= 18000 stream_id=71996 latency=0.781522 ms (tx_ts=156773952269532, rx_ts=156773953051054) request_id=1124979 zil_blk_id=71996 ccf_commit_seqno=1124983 nstreams_done_=18000 config.nstreams=20000 avg_latency=0.7552 ms avg throuhgput (requests/sec) = 87.3499 res=false
*==== INFO ====* req_id_count= 18500 stream_id=73996 latency=0.695982 ms (tx_ts=156779648715854, rx_ts=156779649411836) request_id=1156285 zil_blk_id=73996 ccf_commit_seqno=1156285 nstreams_done_=18500 config.nstreams=20000 avg_latency=0.7542 ms avg throuhgput (requests/sec) = 87.3614 res=false
*==== INFO ====* req_id_count= 19000 stream_id=75996 latency=0.608618 ms (tx_ts=156785347641043, rx_ts=156785348249661) request_id=1187577 zil_blk_id=75996 ccf_commit_seqno=1187580 nstreams_done_=19000 config.nstreams=20000 avg_latency=0.7535 ms avg throuhgput (requests/sec) = 87.3712 res=false
*==== INFO ====* req_id_count= 19500 stream_id=77996 latency=0.575777 ms (tx_ts=156791099006844, rx_ts=156791099582621) request_id=1219160 zil_blk_id=77996 ccf_commit_seqno=1219160 nstreams_done_=19500 config.nstreams=20000 avg_latency=0.7539 ms avg throuhgput (requests/sec) = 87.3600 res=false
*==== INFO ====* http_end_stream ALL streams done! nstreams_done_=20000 avg_latency=0.7540 msreq_id_count= 20000
*==== INFO ====* req_id_count= 20000 stream_id=79996 latency=0.702675 ms (tx_ts=156796825357844, rx_ts=156796826060519) request_id=1250359 zil_blk_id=79996 ccf_commit_seqno=1250361 nstreams_done_=20000 config.nstreams=20000 avg_latency=0.7540 ms avg throuhgput (requests/sec) = 87.3589 res=true
