Uniform: 182187 538666 998137 606173 270853 
Exponential: -2147483648 -2147483648 -2147483648 -2147483648 -2147483648 
Truncated Normal: 63391 784524 732326 754101 775681 
*==== INFO ====* req_id_count= 500 stream_id=1996 latency=0.511417 ms (tx_ts=156573677948738, rx_ts=156573678460155) request_id=30662 zil_blk_id=1996 ccf_commit_seqno=30662 nstreams_done_=500 config.nstreams=20000 avg_latency=0.7560 ms avg throuhgput (requests/sec) = 86.2901 res=false
*==== INFO ====* req_id_count= 1000 stream_id=3996 latency=0.791877 ms (tx_ts=156579459233408, rx_ts=156579460025285) request_id=61882 zil_blk_id=3996 ccf_commit_seqno=61883 nstreams_done_=1000 config.nstreams=20000 avg_latency=0.7435 ms avg throuhgput (requests/sec) = 86.3858 res=false
*==== INFO ====* req_id_count= 1500 stream_id=5996 latency=0.808763 ms (tx_ts=156585201893520, rx_ts=156585202702283) request_id=93017 zil_blk_id=5996 ccf_commit_seqno=93017 nstreams_done_=1500 config.nstreams=20000 avg_latency=0.7336 ms avg throuhgput (requests/sec) = 86.6118 res=false
*==== INFO ====* req_id_count= 2000 stream_id=7996 latency=0.740755 ms (tx_ts=156590949322650, rx_ts=156590950063405) request_id=124233 zil_blk_id=7996 ccf_commit_seqno=124235 nstreams_done_=2000 config.nstreams=20000 avg_latency=0.7341 ms avg throuhgput (requests/sec) = 86.7077 res=false
*==== INFO ====* req_id_count= 2500 stream_id=9996 latency=0.581168 ms (tx_ts=156596668968588, rx_ts=156596669549756) request_id=155295 zil_blk_id=9996 ccf_commit_seqno=155295 nstreams_done_=2500 config.nstreams=20000 avg_latency=0.7349 ms avg throuhgput (requests/sec) = 86.8493 res=false
*==== INFO ====* req_id_count= 3000 stream_id=11996 latency=0.548596 ms (tx_ts=156602373085439, rx_ts=156602373634035) request_id=186241 zil_blk_id=11996 ccf_commit_seqno=186241 nstreams_done_=3000 config.nstreams=20000 avg_latency=0.7337 ms avg throuhgput (requests/sec) = 86.9828 res=false
*==== INFO ====* req_id_count= 3500 stream_id=13996 latency=0.748250 ms (tx_ts=156608075605561, rx_ts=156608076353811) request_id=217277 zil_blk_id=13996 ccf_commit_seqno=217278 nstreams_done_=3500 config.nstreams=20000 avg_latency=0.7306 ms avg throuhgput (requests/sec) = 87.0814 res=false
*==== INFO ====* req_id_count= 4000 stream_id=15996 latency=0.530993 ms (tx_ts=156613790442791, rx_ts=156613790973784) request_id=248379 zil_blk_id=15996 ccf_commit_seqno=248379 nstreams_done_=4000 config.nstreams=20000 avg_latency=0.7309 ms avg throuhgput (requests/sec) = 87.1328 res=false
*==== INFO ====* req_id_count= 4500 stream_id=17996 latency=0.763789 ms (tx_ts=156619498782519, rx_ts=156619499546308) request_id=279452 zil_blk_id=17996 ccf_commit_seqno=279453 nstreams_done_=4500 config.nstreams=20000 avg_latency=0.7325 ms avg throuhgput (requests/sec) = 87.1831 res=false
*==== INFO ====* req_id_count= 5000 stream_id=19996 latency=0.594021 ms (tx_ts=156625244057023, rx_ts=156625244651044) request_id=310682 zil_blk_id=19996 ccf_commit_seqno=310682 nstreams_done_=5000 config.nstreams=20000 avg_latency=0.7358 ms avg throuhgput (requests/sec) = 87.1678 res=false
*==== INFO ====* req_id_count= 5500 stream_id=21996 latency=0.593741 ms (tx_ts=156630954599795, rx_ts=156630955193536) request_id=341742 zil_blk_id=21996 ccf_commit_seqno=341743 nstreams_done_=5500 config.nstreams=20000 avg_latency=0.7328 ms avg throuhgput (requests/sec) = 87.2031 res=false
*==== INFO ====* req_id_count= 6000 stream_id=23996 latency=0.701062 ms (tx_ts=156636662020013, rx_ts=156636662721075) request_id=372889 zil_blk_id=23996 ccf_commit_seqno=372890 nstreams_done_=6000 config.nstreams=20000 avg_latency=0.7320 ms avg throuhgput (requests/sec) = 87.2363 res=false
*==== INFO ====* req_id_count= 6500 stream_id=25996 latency=0.671416 ms (tx_ts=156642364112165, rx_ts=156642364783581) request_id=404082 zil_blk_id=25996 ccf_commit_seqno=404083 nstreams_done_=6500 config.nstreams=20000 avg_latency=0.7312 ms avg throuhgput (requests/sec) = 87.2709 res=false
*==== INFO ====* req_id_count= 7000 stream_id=27996 latency=1.034153 ms (tx_ts=156648082174376, rx_ts=156648083208529) request_id=435328 zil_blk_id=27996 ccf_commit_seqno=435332 nstreams_done_=7000 config.nstreams=20000 avg_latency=0.7308 ms avg throuhgput (requests/sec) = 87.2827 res=false
*==== INFO ====* req_id_count= 7500 stream_id=29996 latency=0.558443 ms (tx_ts=156653791996770, rx_ts=156653792555213) request_id=466562 zil_blk_id=29996 ccf_commit_seqno=466562 nstreams_done_=7500 config.nstreams=20000 avg_latency=0.7300 ms avg throuhgput (requests/sec) = 87.3022 res=false
*==== INFO ====* req_id_count= 8000 stream_id=31996 latency=0.577630 ms (tx_ts=156659509233406, rx_ts=156659509811036) request_id=497790 zil_blk_id=31996 ccf_commit_seqno=497790 nstreams_done_=8000 config.nstreams=20000 avg_latency=0.7306 ms avg throuhgput (requests/sec) = 87.3117 res=false
*==== INFO ====* req_id_count= 8500 stream_id=33996 latency=0.901847 ms (tx_ts=156665225247581, rx_ts=156665226149428) request_id=528935 zil_blk_id=33996 ccf_commit_seqno=528936 nstreams_done_=8500 config.nstreams=20000 avg_latency=0.7311 ms avg throuhgput (requests/sec) = 87.3209 res=false
*==== INFO ====* req_id_count= 9000 stream_id=35996 latency=0.763668 ms (tx_ts=156670927230019, rx_ts=156670927993687) request_id=560154 zil_blk_id=35996 ccf_commit_seqno=560159 nstreams_done_=9000 config.nstreams=20000 avg_latency=0.7299 ms avg throuhgput (requests/sec) = 87.3414 res=false
*==== INFO ====* req_id_count= 9500 stream_id=37996 latency=2.071201 ms (tx_ts=156676627152186, rx_ts=156676629223387) request_id=591359 zil_blk_id=37996 ccf_commit_seqno=591359 nstreams_done_=9500 config.nstreams=20000 avg_latency=0.7294 ms avg throuhgput (requests/sec) = 87.3602 res=false
*==== INFO ====* req_id_count= 10000 stream_id=39996 latency=0.561780 ms (tx_ts=156682341127071, rx_ts=156682341688851) request_id=622648 zil_blk_id=39996 ccf_commit_seqno=622648 nstreams_done_=10000 config.nstreams=20000 avg_latency=0.7294 ms avg throuhgput (requests/sec) = 87.3686 res=false
*==== INFO ====* req_id_count= 10500 stream_id=41996 latency=0.975124 ms (tx_ts=156688104132203, rx_ts=156688105107327) request_id=653940 zil_blk_id=41996 ccf_commit_seqno=653945 nstreams_done_=10500 config.nstreams=20000 avg_latency=0.7333 ms avg throuhgput (requests/sec) = 87.3391 res=false
*==== INFO ====* req_id_count= 11000 stream_id=43996 latency=0.775300 ms (tx_ts=156693814918136, rx_ts=156693815693436) request_id=685277 zil_blk_id=43996 ccf_commit_seqno=685278 nstreams_done_=11000 config.nstreams=20000 avg_latency=0.7330 ms avg throuhgput (requests/sec) = 87.3490 res=false
*==== INFO ====* req_id_count= 11500 stream_id=45996 latency=0.540331 ms (tx_ts=156699522070101, rx_ts=156699522610432) request_id=716593 zil_blk_id=45996 ccf_commit_seqno=716593 nstreams_done_=11500 config.nstreams=20000 avg_latency=0.7333 ms avg throuhgput (requests/sec) = 87.3604 res=false
*==== INFO ====* req_id_count= 12000 stream_id=47996 latency=0.565508 ms (tx_ts=156705220953788, rx_ts=156705221519296) request_id=747830 zil_blk_id=47996 ccf_commit_seqno=747830 nstreams_done_=12000 config.nstreams=20000 avg_latency=0.7327 ms avg throuhgput (requests/sec) = 87.3760 res=false
*==== INFO ====* req_id_count= 12500 stream_id=49996 latency=0.864657 ms (tx_ts=156710927107516, rx_ts=156710927972173) request_id=779115 zil_blk_id=49996 ccf_commit_seqno=779119 nstreams_done_=12500 config.nstreams=20000 avg_latency=0.7325 ms avg throuhgput (requests/sec) = 87.3857 res=false
*==== INFO ====* req_id_count= 13000 stream_id=51996 latency=0.603789 ms (tx_ts=156716626666643, rx_ts=156716627270432) request_id=810402 zil_blk_id=51996 ccf_commit_seqno=810402 nstreams_done_=13000 config.nstreams=20000 avg_latency=0.7322 ms avg throuhgput (requests/sec) = 87.3989 res=false
*==== INFO ====* req_id_count= 13500 stream_id=53996 latency=0.760533 ms (tx_ts=156722322048380, rx_ts=156722322808913) request_id=841667 zil_blk_id=53996 ccf_commit_seqno=841669 nstreams_done_=13500 config.nstreams=20000 avg_latency=0.7317 ms avg throuhgput (requests/sec) = 87.4133 res=false
*==== INFO ====* req_id_count= 14000 stream_id=55996 latency=0.844600 ms (tx_ts=156728020293133, rx_ts=156728021137733) request_id=872910 zil_blk_id=55996 ccf_commit_seqno=872912 nstreams_done_=14000 config.nstreams=20000 avg_latency=0.7318 ms avg throuhgput (requests/sec) = 87.4251 res=false
*==== INFO ====* req_id_count= 14500 stream_id=57996 latency=1.036119 ms (tx_ts=156733707687218, rx_ts=156733708723337) request_id=904159 zil_blk_id=57996 ccf_commit_seqno=904161 nstreams_done_=14500 config.nstreams=20000 avg_latency=0.7318 ms avg throuhgput (requests/sec) = 87.4418 res=false
*==== INFO ====* req_id_count= 15000 stream_id=59996 latency=0.721329 ms (tx_ts=156739410394113, rx_ts=156739411115442) request_id=935445 zil_blk_id=59996 ccf_commit_seqno=935448 nstreams_done_=15000 config.nstreams=20000 avg_latency=0.7317 ms avg throuhgput (requests/sec) = 87.4498 res=false
*==== INFO ====* req_id_count= 15500 stream_id=61996 latency=0.723874 ms (tx_ts=156745117707969, rx_ts=156745118431843) request_id=966777 zil_blk_id=61996 ccf_commit_seqno=966780 nstreams_done_=15500 config.nstreams=20000 avg_latency=0.7324 ms avg throuhgput (requests/sec) = 87.4548 res=false
*==== INFO ====* req_id_count= 16000 stream_id=63996 latency=0.927204 ms (tx_ts=156750833307444, rx_ts=156750834234648) request_id=998157 zil_blk_id=63996 ccf_commit_seqno=998163 nstreams_done_=16000 config.nstreams=20000 avg_latency=0.7326 ms avg throuhgput (requests/sec) = 87.4555 res=false
*==== INFO ====* req_id_count= 16500 stream_id=65996 latency=0.817649 ms (tx_ts=156756545176868, rx_ts=156756545994517) request_id=1029514 zil_blk_id=65996 ccf_commit_seqno=1029518 nstreams_done_=16500 config.nstreams=20000 avg_latency=0.7335 ms avg throuhgput (requests/sec) = 87.4580 res=false
*==== INFO ====* req_id_count= 17000 stream_id=67996 latency=0.707003 ms (tx_ts=156762266341408, rx_ts=156762267048411) request_id=1060795 zil_blk_id=67996 ccf_commit_seqno=1060796 nstreams_done_=17000 config.nstreams=20000 avg_latency=0.7346 ms avg throuhgput (requests/sec) = 87.4562 res=false
*==== INFO ====* req_id_count= 17500 stream_id=69996 latency=0.723042 ms (tx_ts=156767969757011, rx_ts=156767970480053) request_id=1092098 zil_blk_id=69996 ccf_commit_seqno=1092098 nstreams_done_=17500 config.nstreams=20000 avg_latency=0.7343 ms avg throuhgput (requests/sec) = 87.4622 res=false
*==== INFO ====* req_id_count= 18000 stream_id=71996 latency=0.794847 ms (tx_ts=156773670439625, rx_ts=156773671234472) request_id=1123439 zil_blk_id=71996 ccf_commit_seqno=1123439 nstreams_done_=18000 config.nstreams=20000 avg_latency=0.7342 ms avg throuhgput (requests/sec) = 87.4690 res=false
*==== INFO ====* req_id_count= 18500 stream_id=73996 latency=0.775712 ms (tx_ts=156779382470903, rx_ts=156779383246615) request_id=1154827 zil_blk_id=73996 ccf_commit_seqno=1154827 nstreams_done_=18500 config.nstreams=20000 avg_latency=0.7342 ms avg throuhgput (requests/sec) = 87.4708 res=false
*==== INFO ====* req_id_count= 19000 stream_id=75996 latency=0.607733 ms (tx_ts=156785095832801, rx_ts=156785096440534) request_id=1186186 zil_blk_id=75996 ccf_commit_seqno=1186186 nstreams_done_=19000 config.nstreams=20000 avg_latency=0.7343 ms avg throuhgput (requests/sec) = 87.4720 res=false
*==== INFO ====* req_id_count= 19500 stream_id=77996 latency=1.033493 ms (tx_ts=156790805052439, rx_ts=156790806085932) request_id=1217547 zil_blk_id=77996 ccf_commit_seqno=1217552 nstreams_done_=19500 config.nstreams=20000 avg_latency=0.7347 ms avg throuhgput (requests/sec) = 87.4745 res=false
*==== INFO ====* http_end_stream ALL streams done! nstreams_done_=20000 avg_latency=0.7347 msreq_id_count= 20000
*==== INFO ====* req_id_count= 20000 stream_id=79996 latency=0.495506 ms (tx_ts=156796500198978, rx_ts=156796500694484) request_id=1248714 zil_blk_id=79996 ccf_commit_seqno=1248714 nstreams_done_=20000 config.nstreams=20000 avg_latency=0.7347 ms avg throuhgput (requests/sec) = 87.4827 res=true
