Uniform: 906978 801160 214822 622319 590921 
Exponential: -2147483648 -2147483648 -2147483648 -2147483648 -2147483648 
Truncated Normal: 191508 227352 697508 195571 536751 
*==== INFO ====* req_id_count= 500 stream_id=1996 latency=0.998979 ms (tx_ts=156573967370070, rx_ts=156573968369049) request_id=32181 zil_blk_id=1996 ccf_commit_seqno=32182 nstreams_done_=500 config.nstreams=20000 avg_latency=1.0128 ms avg throuhgput (requests/sec) = 82.5244 res=false
*==== INFO ====* req_id_count= 1000 stream_id=3996 latency=1.044214 ms (tx_ts=156580053667851, rx_ts=156580054712065) request_id=65070 zil_blk_id=3996 ccf_commit_seqno=65072 nstreams_done_=1000 config.nstreams=20000 avg_latency=1.0144 ms avg throuhgput (requests/sec) = 82.3374 res=false
*==== INFO ====* req_id_count= 1500 stream_id=5996 latency=1.091732 ms (tx_ts=156586118100622, rx_ts=156586119192354) request_id=97959 zil_blk_id=5996 ccf_commit_seqno=97959 nstreams_done_=1500 config.nstreams=20000 avg_latency=1.0111 ms avg throuhgput (requests/sec) = 82.3740 res=false
*==== INFO ====* req_id_count= 2000 stream_id=7996 latency=0.980344 ms (tx_ts=156592160968405, rx_ts=156592161948749) request_id=130805 zil_blk_id=7996 ccf_commit_seqno=130806 nstreams_done_=2000 config.nstreams=20000 avg_latency=1.0027 ms avg throuhgput (requests/sec) = 82.4661 res=false
*==== INFO ====* req_id_count= 2500 stream_id=9996 latency=1.596968 ms (tx_ts=156598243786396, rx_ts=156598245383364) request_id=163788 zil_blk_id=9996 ccf_commit_seqno=163788 nstreams_done_=2500 config.nstreams=20000 avg_latency=1.0116 ms avg throuhgput (requests/sec) = 82.4108 res=false
*==== INFO ====* req_id_count= 3000 stream_id=11996 latency=0.936122 ms (tx_ts=156604298345289, rx_ts=156604299281411) request_id=196687 zil_blk_id=11996 ccf_commit_seqno=196690 nstreams_done_=3000 config.nstreams=20000 avg_latency=1.0074 ms avg throuhgput (requests/sec) = 82.4409 res=false
*==== INFO ====* req_id_count= 3500 stream_id=13996 latency=1.164888 ms (tx_ts=156610348059195, rx_ts=156610349224083) request_id=229605 zil_blk_id=13996 ccf_commit_seqno=229607 nstreams_done_=3500 config.nstreams=20000 avg_latency=1.0041 ms avg throuhgput (requests/sec) = 82.4700 res=false
*==== INFO ====* req_id_count= 4000 stream_id=15996 latency=0.830370 ms (tx_ts=156616383787480, rx_ts=156616384617850) request_id=262502 zil_blk_id=15996 ccf_commit_seqno=262503 nstreams_done_=4000 config.nstreams=20000 avg_latency=1.0066 ms avg throuhgput (requests/sec) = 82.5167 res=false
*==== INFO ====* req_id_count= 4500 stream_id=17996 latency=0.944527 ms (tx_ts=156622453368552, rx_ts=156622454313079) request_id=295481 zil_blk_id=17996 ccf_commit_seqno=295482 nstreams_done_=4500 config.nstreams=20000 avg_latency=1.0068 ms avg throuhgput (requests/sec) = 82.5011 res=false
*==== INFO ====* req_id_count= 5000 stream_id=19996 latency=0.903019 ms (tx_ts=156628514711783, rx_ts=156628515614802) request_id=328491 zil_blk_id=19996 ccf_commit_seqno=328492 nstreams_done_=5000 config.nstreams=20000 avg_latency=1.0070 ms avg throuhgput (requests/sec) = 82.5000 res=false
*==== INFO ====* req_id_count= 5500 stream_id=21996 latency=0.969093 ms (tx_ts=156634581706453, rx_ts=156634582675546) request_id=361513 zil_blk_id=21996 ccf_commit_seqno=361515 nstreams_done_=5500 config.nstreams=20000 avg_latency=1.0079 ms avg throuhgput (requests/sec) = 82.4920 res=false
*==== INFO ====* req_id_count= 6000 stream_id=23996 latency=1.027091 ms (tx_ts=156640639102656, rx_ts=156640640129747) request_id=394640 zil_blk_id=23996 ccf_commit_seqno=394641 nstreams_done_=6000 config.nstreams=20000 avg_latency=1.0061 ms avg throuhgput (requests/sec) = 82.4963 res=false
*==== INFO ====* req_id_count= 6500 stream_id=25996 latency=0.787573 ms (tx_ts=156646680788945, rx_ts=156646681576518) request_id=427668 zil_blk_id=25996 ccf_commit_seqno=427668 nstreams_done_=6500 config.nstreams=20000 avg_latency=1.0044 ms avg throuhgput (requests/sec) = 82.5166 res=false
*==== INFO ====* req_id_count= 7000 stream_id=27996 latency=1.165909 ms (tx_ts=156652740155491, rx_ts=156652741321400) request_id=460801 zil_blk_id=27996 ccf_commit_seqno=460804 nstreams_done_=7000 config.nstreams=20000 avg_latency=1.0043 ms avg throuhgput (requests/sec) = 82.5163 res=false
*==== INFO ====* req_id_count= 7500 stream_id=29996 latency=0.995231 ms (tx_ts=156658811660750, rx_ts=156658812655981) request_id=493985 zil_blk_id=29996 ccf_commit_seqno=493986 nstreams_done_=7500 config.nstreams=20000 avg_latency=1.0051 ms avg throuhgput (requests/sec) = 82.5054 res=false
*==== INFO ====* req_id_count= 8000 stream_id=31996 latency=0.891872 ms (tx_ts=156664905958717, rx_ts=156664906850589) request_id=527186 zil_blk_id=31996 ccf_commit_seqno=527186 nstreams_done_=8000 config.nstreams=20000 avg_latency=1.0070 ms avg throuhgput (requests/sec) = 82.4765 res=false
*==== INFO ====* req_id_count= 8500 stream_id=33996 latency=1.150721 ms (tx_ts=156670954347481, rx_ts=156670955498202) request_id=560315 zil_blk_id=33996 ccf_commit_seqno=560317 nstreams_done_=8500 config.nstreams=20000 avg_latency=1.0051 ms avg throuhgput (requests/sec) = 82.4875 res=false
*==== INFO ====* req_id_count= 9000 stream_id=35996 latency=0.893491 ms (tx_ts=156677011465267, rx_ts=156677012358758) request_id=593462 zil_blk_id=35996 ccf_commit_seqno=593463 nstreams_done_=9000 config.nstreams=20000 avg_latency=1.0039 ms avg throuhgput (requests/sec) = 82.4910 res=false
*==== INFO ====* req_id_count= 9500 stream_id=37996 latency=1.175821 ms (tx_ts=156683055977449, rx_ts=156683057153270) request_id=626547 zil_blk_id=37996 ccf_commit_seqno=626552 nstreams_done_=9500 config.nstreams=20000 avg_latency=1.0028 ms avg throuhgput (requests/sec) = 82.5028 res=false
*==== INFO ====* req_id_count= 10000 stream_id=39996 latency=0.934588 ms (tx_ts=156688986918155, rx_ts=156688987852743) request_id=658776 zil_blk_id=39996 ccf_commit_seqno=658777 nstreams_done_=10000 config.nstreams=20000 avg_latency=1.0053 ms avg throuhgput (requests/sec) = 82.5912 res=false
*==== INFO ====* req_id_count= 10500 stream_id=41996 latency=0.732130 ms (tx_ts=156694852374064, rx_ts=156694853106194) request_id=690961 zil_blk_id=41996 ccf_commit_seqno=690961 nstreams_done_=10500 config.nstreams=20000 avg_latency=1.0047 ms avg throuhgput (requests/sec) = 82.7139 res=false
*==== INFO ====* req_id_count= 11000 stream_id=43996 latency=1.077596 ms (tx_ts=156700739476212, rx_ts=156700740553808) request_id=723252 zil_blk_id=43996 ccf_commit_seqno=723253 nstreams_done_=11000 config.nstreams=20000 avg_latency=1.0043 ms avg throuhgput (requests/sec) = 82.8120 res=false
*==== INFO ====* req_id_count= 11500 stream_id=45996 latency=0.736859 ms (tx_ts=156706608094845, rx_ts=156706608831704) request_id=755409 zil_blk_id=45996 ccf_commit_seqno=755409 nstreams_done_=11500 config.nstreams=20000 avg_latency=1.0041 ms avg throuhgput (requests/sec) = 82.9132 res=false
*==== INFO ====* req_id_count= 12000 stream_id=47996 latency=0.778045 ms (tx_ts=156712461719012, rx_ts=156712462497057) request_id=787547 zil_blk_id=47996 ccf_commit_seqno=787548 nstreams_done_=12000 config.nstreams=20000 avg_latency=1.0030 ms avg throuhgput (requests/sec) = 83.0146 res=false
*==== INFO ====* req_id_count= 12500 stream_id=49996 latency=1.107506 ms (tx_ts=156718332872576, rx_ts=156718333980082) request_id=819764 zil_blk_id=49996 ccf_commit_seqno=819768 nstreams_done_=12500 config.nstreams=20000 avg_latency=1.0028 ms avg throuhgput (requests/sec) = 83.0982 res=false
*==== INFO ====* req_id_count= 13000 stream_id=51996 latency=0.782153 ms (tx_ts=156724200450217, rx_ts=156724201232370) request_id=851953 zil_blk_id=51996 ccf_commit_seqno=851953 nstreams_done_=13000 config.nstreams=20000 avg_latency=1.0036 ms avg throuhgput (requests/sec) = 83.1778 res=false
*==== INFO ====* req_id_count= 13500 stream_id=53996 latency=0.966705 ms (tx_ts=156730058512980, rx_ts=156730059479685) request_id=884106 zil_blk_id=53996 ccf_commit_seqno=884107 nstreams_done_=13500 config.nstreams=20000 avg_latency=1.0031 ms avg throuhgput (requests/sec) = 83.2563 res=false
*==== INFO ====* req_id_count= 14000 stream_id=55996 latency=1.221514 ms (tx_ts=156735902215221, rx_ts=156735903436735) request_id=916188 zil_blk_id=55996 ccf_commit_seqno=916193 nstreams_done_=14000 config.nstreams=20000 avg_latency=1.0020 ms avg throuhgput (requests/sec) = 83.3364 res=false
*==== INFO ====* req_id_count= 14500 stream_id=57996 latency=0.950889 ms (tx_ts=156741757436826, rx_ts=156741758387715) request_id=948345 zil_blk_id=57996 ccf_commit_seqno=948347 nstreams_done_=14500 config.nstreams=20000 avg_latency=1.0011 ms avg throuhgput (requests/sec) = 83.4058 res=false
*==== INFO ====* req_id_count= 15000 stream_id=59996 latency=0.743982 ms (tx_ts=156747624333244, rx_ts=156747625077226) request_id=980549 zil_blk_id=59996 ccf_commit_seqno=980549 nstreams_done_=15000 config.nstreams=20000 avg_latency=1.0015 ms avg throuhgput (requests/sec) = 83.4652 res=false
*==== INFO ====* req_id_count= 15500 stream_id=61996 latency=1.064331 ms (tx_ts=156753472185717, rx_ts=156753473250048) request_id=1012650 zil_blk_id=61996 ccf_commit_seqno=1012651 nstreams_done_=15500 config.nstreams=20000 avg_latency=1.0015 ms avg throuhgput (requests/sec) = 83.5293 res=false
*==== INFO ====* req_id_count= 16000 stream_id=63996 latency=0.861040 ms (tx_ts=156759348198377, rx_ts=156759349059417) request_id=1044917 zil_blk_id=63996 ccf_commit_seqno=1044918 nstreams_done_=16000 config.nstreams=20000 avg_latency=1.0013 ms avg throuhgput (requests/sec) = 83.5773 res=false
*==== INFO ====* req_id_count= 16500 stream_id=65996 latency=1.062507 ms (tx_ts=156765252558320, rx_ts=156765253620827) request_id=1077177 zil_blk_id=65996 ccf_commit_seqno=1077178 nstreams_done_=16500 config.nstreams=20000 avg_latency=1.0025 ms avg throuhgput (requests/sec) = 83.6103 res=false
*==== INFO ====* req_id_count= 17000 stream_id=67996 latency=0.944766 ms (tx_ts=156771104169701, rx_ts=156771105114467) request_id=1109315 zil_blk_id=67996 ccf_commit_seqno=1109317 nstreams_done_=17000 config.nstreams=20000 avg_latency=1.0021 ms avg throuhgput (requests/sec) = 83.6632 res=false
*==== INFO ====* req_id_count= 17500 stream_id=69996 latency=0.827307 ms (tx_ts=156776954612691, rx_ts=156776955439998) request_id=1141513 zil_blk_id=69996 ccf_commit_seqno=1141514 nstreams_done_=17500 config.nstreams=20000 avg_latency=1.0011 ms avg throuhgput (requests/sec) = 83.7137 res=false
*==== INFO ====* req_id_count= 18000 stream_id=71996 latency=1.331440 ms (tx_ts=156782812540710, rx_ts=156782813872150) request_id=1173660 zil_blk_id=71996 ccf_commit_seqno=1173663 nstreams_done_=18000 config.nstreams=20000 avg_latency=1.0003 ms avg throuhgput (requests/sec) = 83.7582 res=false
*==== INFO ====* req_id_count= 18500 stream_id=73996 latency=0.808743 ms (tx_ts=156788653818768, rx_ts=156788654627511) request_id=1205744 zil_blk_id=73996 ccf_commit_seqno=1205744 nstreams_done_=18500 config.nstreams=20000 avg_latency=0.9997 ms avg throuhgput (requests/sec) = 83.8071 res=false
*==== INFO ====* req_id_count= 19000 stream_id=75996 latency=0.943495 ms (tx_ts=156794504920050, rx_ts=156794505863545) request_id=1237889 zil_blk_id=75996 ccf_commit_seqno=1237890 nstreams_done_=19000 config.nstreams=20000 avg_latency=0.9997 ms avg throuhgput (requests/sec) = 83.8496 res=false
*==== INFO ====* req_id_count= 19500 stream_id=77996 latency=1.038512 ms (tx_ts=156800360361007, rx_ts=156800361399519) request_id=1265437 zil_blk_id=77996 ccf_commit_seqno=1265437 nstreams_done_=19500 config.nstreams=20000 avg_latency=0.9995 ms avg throuhgput (requests/sec) = 83.8883 res=false
*==== INFO ====* http_end_stream ALL streams done! nstreams_done_=20000 avg_latency=0.9973 msreq_id_count= 20000
*==== INFO ====* req_id_count= 20000 stream_id=79996 latency=0.754791 ms (tx_ts=156806274473703, rx_ts=156806275228494) request_id=1277515 zil_blk_id=79996 ccf_commit_seqno=1277515 nstreams_done_=20000 config.nstreams=20000 avg_latency=0.9973 ms avg throuhgput (requests/sec) = 83.9047 res=true
