Uniform: 790325 958542 390006 259382 272490 
Exponential: -2147483648 -2147483648 -2147483648 -2147483648 -2147483648 
Truncated Normal: 589300 501153 519461 815922 402423 
*==== INFO ====* req_id_count= 500 stream_id=1996 latency=0.832167 ms (tx_ts=156573835909544, rx_ts=156573836741711) request_id=31492 zil_blk_id=1996 ccf_commit_seqno=31493 nstreams_done_=500 config.nstreams=20000 avg_latency=0.8520 ms avg throuhgput (requests/sec) = 84.0710 res=false
*==== INFO ====* req_id_count= 1000 stream_id=3996 latency=0.669252 ms (tx_ts=156579802755806, rx_ts=156579803425058) request_id=63723 zil_blk_id=3996 ccf_commit_seqno=63723 nstreams_done_=1000 config.nstreams=20000 avg_latency=0.8620 ms avg throuhgput (requests/sec) = 83.9346 res=false
*==== INFO ====* req_id_count= 1500 stream_id=5996 latency=0.738201 ms (tx_ts=156585778808563, rx_ts=156585779546764) request_id=96125 zil_blk_id=5996 ccf_commit_seqno=96126 nstreams_done_=1500 config.nstreams=20000 avg_latency=0.8636 ms avg throuhgput (requests/sec) = 83.8450 res=false
*==== INFO ====* req_id_count= 2000 stream_id=7996 latency=0.641733 ms (tx_ts=156591712157558, rx_ts=156591712799291) request_id=128356 zil_blk_id=7996 ccf_commit_seqno=128356 nstreams_done_=2000 config.nstreams=20000 avg_latency=0.8527 ms avg throuhgput (requests/sec) = 83.9510 res=false
*==== INFO ====* req_id_count= 2500 stream_id=9996 latency=1.016783 ms (tx_ts=156597640932158, rx_ts=156597641948941) request_id=160534 zil_blk_id=9996 ccf_commit_seqno=160534 nstreams_done_=2500 config.nstreams=20000 avg_latency=0.8559 ms avg throuhgput (requests/sec) = 84.0264 res=false
*==== INFO ====* req_id_count= 3000 stream_id=11996 latency=0.946751 ms (tx_ts=156603574469641, rx_ts=156603575416392) request_id=192746 zil_blk_id=11996 ccf_commit_seqno=192750 nstreams_done_=3000 config.nstreams=20000 avg_latency=0.8560 ms avg throuhgput (requests/sec) = 84.0665 res=false
*==== INFO ====* req_id_count= 3500 stream_id=13996 latency=0.556150 ms (tx_ts=156609428851822, rx_ts=156609429407972) request_id=224593 zil_blk_id=13996 ccf_commit_seqno=224593 nstreams_done_=3500 config.nstreams=20000 avg_latency=0.8527 ms avg throuhgput (requests/sec) = 84.2561 res=false
*==== INFO ====* req_id_count= 4000 stream_id=15996 latency=0.984220 ms (tx_ts=156615277951212, rx_ts=156615278935432) request_id=256473 zil_blk_id=15996 ccf_commit_seqno=256476 nstreams_done_=4000 config.nstreams=20000 avg_latency=0.8548 ms avg throuhgput (requests/sec) = 84.4068 res=false
*==== INFO ====* req_id_count= 4500 stream_id=17996 latency=0.617045 ms (tx_ts=156621114811165, rx_ts=156621115428210) request_id=288213 zil_blk_id=17996 ccf_commit_seqno=288213 nstreams_done_=4500 config.nstreams=20000 avg_latency=0.8537 ms avg throuhgput (requests/sec) = 84.5451 res=false
*==== INFO ====* req_id_count= 5000 stream_id=19996 latency=1.002816 ms (tx_ts=156626976979999, rx_ts=156626977982815) request_id=320112 zil_blk_id=19996 ccf_commit_seqno=320117 nstreams_done_=5000 config.nstreams=20000 avg_latency=0.8534 ms avg throuhgput (requests/sec) = 84.6187 res=false
*==== INFO ====* req_id_count= 5500 stream_id=21996 latency=0.688690 ms (tx_ts=156632873733202, rx_ts=156632874421892) request_id=352211 zil_blk_id=21996 ccf_commit_seqno=352212 nstreams_done_=5500 config.nstreams=20000 avg_latency=0.8572 ms avg throuhgput (requests/sec) = 84.6349 res=false
*==== INFO ====* req_id_count= 6000 stream_id=23996 latency=0.932817 ms (tx_ts=156638716508493, rx_ts=156638717441310) request_id=384121 zil_blk_id=23996 ccf_commit_seqno=384121 nstreams_done_=6000 config.nstreams=20000 avg_latency=0.8531 ms avg throuhgput (requests/sec) = 84.7122 res=false
*==== INFO ====* req_id_count= 6500 stream_id=25996 latency=0.628255 ms (tx_ts=156644567358537, rx_ts=156644567986792) request_id=416111 zil_blk_id=25996 ccf_commit_seqno=416111 nstreams_done_=6500 config.nstreams=20000 avg_latency=0.8515 ms avg throuhgput (requests/sec) = 84.7694 res=false
*==== INFO ====* req_id_count= 7000 stream_id=27996 latency=0.676725 ms (tx_ts=156650390148407, rx_ts=156650390825132) request_id=447963 zil_blk_id=27996 ccf_commit_seqno=447963 nstreams_done_=7000 config.nstreams=20000 avg_latency=0.8497 ms avg throuhgput (requests/sec) = 84.8470 res=false
*==== INFO ====* req_id_count= 7500 stream_id=29996 latency=1.008914 ms (tx_ts=156656240376666, rx_ts=156656241385580) request_id=479932 zil_blk_id=29996 ccf_commit_seqno=479936 nstreams_done_=7500 config.nstreams=20000 avg_latency=0.8460 ms avg throuhgput (requests/sec) = 84.8877 res=false
*==== INFO ====* req_id_count= 8000 stream_id=31996 latency=0.932534 ms (tx_ts=156662091113936, rx_ts=156662092046470) request_id=511886 zil_blk_id=31996 ccf_commit_seqno=511888 nstreams_done_=8000 config.nstreams=20000 avg_latency=0.8452 ms avg throuhgput (requests/sec) = 84.9233 res=false
*==== INFO ====* req_id_count= 8500 stream_id=33996 latency=0.944717 ms (tx_ts=156667975094373, rx_ts=156667976039090) request_id=544006 zil_blk_id=33996 ccf_commit_seqno=544010 nstreams_done_=8500 config.nstreams=20000 avg_latency=0.8458 ms avg throuhgput (requests/sec) = 84.9264 res=false
*==== INFO ====* req_id_count= 9000 stream_id=35996 latency=0.669823 ms (tx_ts=156673823502785, rx_ts=156673824172608) request_id=576011 zil_blk_id=35996 ccf_commit_seqno=576011 nstreams_done_=9000 config.nstreams=20000 avg_latency=0.8455 ms avg throuhgput (requests/sec) = 84.9579 res=false
*==== INFO ====* req_id_count= 9500 stream_id=37996 latency=0.698977 ms (tx_ts=156679658743784, rx_ts=156679659442761) request_id=607952 zil_blk_id=37996 ccf_commit_seqno=607953 nstreams_done_=9500 config.nstreams=20000 avg_latency=0.8449 ms avg throuhgput (requests/sec) = 84.9959 res=false
*==== INFO ====* req_id_count= 10000 stream_id=39996 latency=0.922976 ms (tx_ts=156685535404693, rx_ts=156685536327669) request_id=639860 zil_blk_id=39996 ccf_commit_seqno=639860 nstreams_done_=10000 config.nstreams=20000 avg_latency=0.8469 ms avg throuhgput (requests/sec) = 85.0001 res=false
*==== INFO ====* req_id_count= 10500 stream_id=41996 latency=0.887019 ms (tx_ts=156691324752006, rx_ts=156691325639025) request_id=671617 zil_blk_id=41996 ccf_commit_seqno=671617 nstreams_done_=10500 config.nstreams=20000 avg_latency=0.8459 ms avg throuhgput (requests/sec) = 85.0642 res=false
*==== INFO ====* req_id_count= 11000 stream_id=43996 latency=0.780551 ms (tx_ts=156697102801877, rx_ts=156697103582428) request_id=703318 zil_blk_id=43996 ccf_commit_seqno=703318 nstreams_done_=11000 config.nstreams=20000 avg_latency=0.8449 ms avg throuhgput (requests/sec) = 85.1300 res=false
*==== INFO ====* req_id_count= 11500 stream_id=45996 latency=0.597488 ms (tx_ts=156702897590138, rx_ts=156702898187626) request_id=735071 zil_blk_id=45996 ccf_commit_seqno=735071 nstreams_done_=11500 config.nstreams=20000 avg_latency=0.8439 ms avg throuhgput (requests/sec) = 85.1796 res=false
*==== INFO ====* req_id_count= 12000 stream_id=47996 latency=1.041097 ms (tx_ts=156708692919442, rx_ts=156708693960539) request_id=766857 zil_blk_id=47996 ccf_commit_seqno=766861 nstreams_done_=12000 config.nstreams=20000 avg_latency=0.8437 ms avg throuhgput (requests/sec) = 85.2245 res=false
*==== INFO ====* req_id_count= 12500 stream_id=49996 latency=0.637022 ms (tx_ts=156714466951681, rx_ts=156714467588703) request_id=798550 zil_blk_id=49996 ccf_commit_seqno=798550 nstreams_done_=12500 config.nstreams=20000 avg_latency=0.8428 ms avg throuhgput (requests/sec) = 85.2787 res=false
*==== INFO ====* req_id_count= 13000 stream_id=51996 latency=0.884554 ms (tx_ts=156720266868670, rx_ts=156720267753224) request_id=830376 zil_blk_id=51996 ccf_commit_seqno=830379 nstreams_done_=13000 config.nstreams=20000 avg_latency=0.8424 ms avg throuhgput (requests/sec) = 85.3139 res=false
*==== INFO ====* req_id_count= 13500 stream_id=53996 latency=0.895625 ms (tx_ts=156726047401709, rx_ts=156726048297334) request_id=862084 zil_blk_id=53996 ccf_commit_seqno=862087 nstreams_done_=13500 config.nstreams=20000 avg_latency=0.8409 ms avg throuhgput (requests/sec) = 85.3572 res=false
*==== INFO ====* req_id_count= 14000 stream_id=55996 latency=0.890756 ms (tx_ts=156731864832864, rx_ts=156731865723620) request_id=894036 zil_blk_id=55996 ccf_commit_seqno=894036 nstreams_done_=14000 config.nstreams=20000 avg_latency=0.8421 ms avg throuhgput (requests/sec) = 85.3782 res=false
*==== INFO ====* req_id_count= 14500 stream_id=57996 latency=0.594552 ms (tx_ts=156737649588102, rx_ts=156737650182654) request_id=925786 zil_blk_id=57996 ccf_commit_seqno=925786 nstreams_done_=14500 config.nstreams=20000 avg_latency=0.8414 ms avg throuhgput (requests/sec) = 85.4143 res=false
*==== INFO ====* req_id_count= 15000 stream_id=59996 latency=0.881980 ms (tx_ts=156743432896208, rx_ts=156743433778188) request_id=957523 zil_blk_id=59996 ccf_commit_seqno=957524 nstreams_done_=15000 config.nstreams=20000 avg_latency=0.8410 ms avg throuhgput (requests/sec) = 85.4485 res=false
*==== INFO ====* req_id_count= 15500 stream_id=61996 latency=0.757296 ms (tx_ts=156749221142526, rx_ts=156749221899822) request_id=989301 zil_blk_id=61996 ccf_commit_seqno=989301 nstreams_done_=15500 config.nstreams=20000 avg_latency=0.8413 ms avg throuhgput (requests/sec) = 85.4783 res=false
*==== INFO ====* req_id_count= 16000 stream_id=63996 latency=0.674482 ms (tx_ts=156755004121147, rx_ts=156755004795629) request_id=1021062 zil_blk_id=63996 ccf_commit_seqno=1021062 nstreams_done_=16000 config.nstreams=20000 avg_latency=0.8408 ms avg throuhgput (requests/sec) = 85.5087 res=false
*==== INFO ====* req_id_count= 16500 stream_id=65996 latency=0.606374 ms (tx_ts=156760826820601, rx_ts=156760827426975) request_id=1052899 zil_blk_id=65996 ccf_commit_seqno=1052899 nstreams_done_=16500 config.nstreams=20000 avg_latency=0.8428 ms avg throuhgput (requests/sec) = 85.5197 res=false
*==== INFO ====* req_id_count= 17000 stream_id=67996 latency=0.947882 ms (tx_ts=156766638112771, rx_ts=156766639060653) request_id=1084786 zil_blk_id=67996 ccf_commit_seqno=1084787 nstreams_done_=17000 config.nstreams=20000 avg_latency=0.8430 ms avg throuhgput (requests/sec) = 85.5347 res=false
*==== INFO ====* req_id_count= 17500 stream_id=69996 latency=1.174016 ms (tx_ts=156772421864801, rx_ts=156772423038817) request_id=1116573 zil_blk_id=69996 ccf_commit_seqno=1116576 nstreams_done_=17500 config.nstreams=20000 avg_latency=0.8424 ms avg throuhgput (requests/sec) = 85.5605 res=false
*==== INFO ====* req_id_count= 18000 stream_id=71996 latency=0.893642 ms (tx_ts=156778198968430, rx_ts=156778199862072) request_id=1148350 zil_blk_id=71996 ccf_commit_seqno=1148350 nstreams_done_=18000 config.nstreams=20000 avg_latency=0.8420 ms avg throuhgput (requests/sec) = 85.5877 res=false
*==== INFO ====* req_id_count= 18500 stream_id=73996 latency=0.711601 ms (tx_ts=156783973674847, rx_ts=156783974386448) request_id=1180033 zil_blk_id=73996 ccf_commit_seqno=1180033 nstreams_done_=18500 config.nstreams=20000 avg_latency=0.8415 ms avg throuhgput (requests/sec) = 85.6145 res=false
*==== INFO ====* req_id_count= 19000 stream_id=75996 latency=0.828900 ms (tx_ts=156789776630668, rx_ts=156789777459568) request_id=1211899 zil_blk_id=75996 ccf_commit_seqno=1211901 nstreams_done_=19000 config.nstreams=20000 avg_latency=0.8414 ms avg throuhgput (requests/sec) = 85.6288 res=false
*==== INFO ====* req_id_count= 19500 stream_id=77996 latency=0.922906 ms (tx_ts=156795562449681, rx_ts=156795563372587) request_id=1243691 zil_blk_id=77996 ccf_commit_seqno=1243694 nstreams_done_=19500 config.nstreams=20000 avg_latency=0.8411 ms avg throuhgput (requests/sec) = 85.6488 res=false
*==== INFO ====* http_end_stream ALL streams done! nstreams_done_=20000 avg_latency=0.8404 msreq_id_count= 20000
*==== INFO ====* req_id_count= 20000 stream_id=79996 latency=0.596446 ms (tx_ts=156801357217837, rx_ts=156801357814283) request_id=1268536 zil_blk_id=79996 ccf_commit_seqno=1268536 nstreams_done_=20000 config.nstreams=20000 avg_latency=0.8404 ms avg throuhgput (requests/sec) = 85.6647 res=true
