Uniform: 602745 447271 281849 191232 581958 
Exponential: -2147483648 -2147483648 -2147483648 -2147483648 -2147483648 
Truncated Normal: 346742 418349 845609 636097 397669 
*==== INFO ====* req_id_count= 500 stream_id=1996 latency=0.964344 ms (tx_ts=156573819093127, rx_ts=156573820057471) request_id=31396 zil_blk_id=1996 ccf_commit_seqno=31399 nstreams_done_=500 config.nstreams=20000 avg_latency=0.9000 ms avg throuhgput (requests/sec) = 84.3454 res=false
*==== INFO ====* req_id_count= 1000 stream_id=3996 latency=1.057527 ms (tx_ts=156579720317940, rx_ts=156579721375467) request_id=63282 zil_blk_id=3996 ccf_commit_seqno=63287 nstreams_done_=1000 config.nstreams=20000 avg_latency=0.8974 ms avg throuhgput (requests/sec) = 84.5357 res=false
*==== INFO ====* req_id_count= 1500 stream_id=5996 latency=0.687636 ms (tx_ts=156585618777266, rx_ts=156585619464902) request_id=95266 zil_blk_id=5996 ccf_commit_seqno=95266 nstreams_done_=1500 config.nstreams=20000 avg_latency=0.8895 ms avg throuhgput (requests/sec) = 84.6147 res=false
*==== INFO ====* req_id_count= 2000 stream_id=7996 latency=0.684220 ms (tx_ts=156591526485073, rx_ts=156591527169293) request_id=127353 zil_blk_id=7996 ccf_commit_seqno=127354 nstreams_done_=2000 config.nstreams=20000 avg_latency=0.8821 ms avg throuhgput (requests/sec) = 84.6198 res=false
*==== INFO ====* req_id_count= 2500 stream_id=9996 latency=0.762727 ms (tx_ts=156597417428260, rx_ts=156597418190987) request_id=159341 zil_blk_id=9996 ccf_commit_seqno=159342 nstreams_done_=2500 config.nstreams=20000 avg_latency=0.8849 ms avg throuhgput (requests/sec) = 84.6707 res=false
*==== INFO ====* req_id_count= 3000 stream_id=11996 latency=0.848748 ms (tx_ts=156603308662826, rx_ts=156603309511574) request_id=191305 zil_blk_id=11996 ccf_commit_seqno=191306 nstreams_done_=3000 config.nstreams=20000 avg_latency=0.8798 ms avg throuhgput (requests/sec) = 84.7040 res=false
*==== INFO ====* req_id_count= 3500 stream_id=13996 latency=0.884384 ms (tx_ts=156609202722656, rx_ts=156609203607040) request_id=223386 zil_blk_id=13996 ccf_commit_seqno=223386 nstreams_done_=3500 config.nstreams=20000 avg_latency=0.8750 ms avg throuhgput (requests/sec) = 84.7221 res=false
*==== INFO ====* req_id_count= 4000 stream_id=15996 latency=0.808963 ms (tx_ts=156615081478668, rx_ts=156615082287631) request_id=255405 zil_blk_id=15996 ccf_commit_seqno=255407 nstreams_done_=4000 config.nstreams=20000 avg_latency=0.8730 ms avg throuhgput (requests/sec) = 84.7633 res=false
*==== INFO ====* req_id_count= 4500 stream_id=17996 latency=0.948405 ms (tx_ts=156620969132215, rx_ts=156620970080620) request_id=287429 zil_blk_id=17996 ccf_commit_seqno=287431 nstreams_done_=4500 config.nstreams=20000 avg_latency=0.8752 ms avg throuhgput (requests/sec) = 84.7808 res=false
*==== INFO ====* req_id_count= 5000 stream_id=19996 latency=0.772435 ms (tx_ts=156626862632332, rx_ts=156626863404767) request_id=319492 zil_blk_id=19996 ccf_commit_seqno=319494 nstreams_done_=5000 config.nstreams=20000 avg_latency=0.8762 ms avg throuhgput (requests/sec) = 84.7869 res=false
*==== INFO ====* req_id_count= 5500 stream_id=21996 latency=0.998197 ms (tx_ts=156632764568169, rx_ts=156632765566366) request_id=351609 zil_blk_id=21996 ccf_commit_seqno=351610 nstreams_done_=5500 config.nstreams=20000 avg_latency=0.8780 ms avg throuhgput (requests/sec) = 84.7804 res=false
*==== INFO ====* req_id_count= 6000 stream_id=23996 latency=0.970095 ms (tx_ts=156638627211245, rx_ts=156638628181340) request_id=383634 zil_blk_id=23996 ccf_commit_seqno=383636 nstreams_done_=6000 config.nstreams=20000 avg_latency=0.8755 ms avg throuhgput (requests/sec) = 84.8223 res=false
*==== INFO ====* req_id_count= 6500 stream_id=25996 latency=0.991946 ms (tx_ts=156644502982762, rx_ts=156644503974708) request_id=415758 zil_blk_id=25996 ccf_commit_seqno=415759 nstreams_done_=6500 config.nstreams=20000 avg_latency=0.8771 ms avg throuhgput (requests/sec) = 84.8432 res=false
*==== INFO ====* req_id_count= 7000 stream_id=27996 latency=0.625429 ms (tx_ts=156650381663357, rx_ts=156650382288786) request_id=447915 zil_blk_id=27996 ccf_commit_seqno=447915 nstreams_done_=7000 config.nstreams=20000 avg_latency=0.8751 ms avg throuhgput (requests/sec) = 84.8585 res=false
*==== INFO ====* req_id_count= 7500 stream_id=29996 latency=0.739381 ms (tx_ts=156656256781752, rx_ts=156656257521133) request_id=480027 zil_blk_id=29996 ccf_commit_seqno=480027 nstreams_done_=7500 config.nstreams=20000 avg_latency=0.8751 ms avg throuhgput (requests/sec) = 84.8748 res=false
*==== INFO ====* req_id_count= 8000 stream_id=31996 latency=0.953012 ms (tx_ts=156662103971779, rx_ts=156662104924791) request_id=511958 zil_blk_id=31996 ccf_commit_seqno=511959 nstreams_done_=8000 config.nstreams=20000 avg_latency=0.8756 ms avg throuhgput (requests/sec) = 84.9141 res=false
*==== INFO ====* req_id_count= 8500 stream_id=33996 latency=0.682276 ms (tx_ts=156668017792965, rx_ts=156668018475241) request_id=544239 zil_blk_id=33996 ccf_commit_seqno=544240 nstreams_done_=8500 config.nstreams=20000 avg_latency=0.8763 ms avg throuhgput (requests/sec) = 84.8927 res=false
*==== INFO ====* req_id_count= 9000 stream_id=35996 latency=0.704838 ms (tx_ts=156673891363761, rx_ts=156673892068599) request_id=576385 zil_blk_id=35996 ccf_commit_seqno=576387 nstreams_done_=9000 config.nstreams=20000 avg_latency=0.8743 ms avg throuhgput (requests/sec) = 84.9056 res=false
*==== INFO ====* req_id_count= 9500 stream_id=37996 latency=0.755949 ms (tx_ts=156679754592036, rx_ts=156679755347985) request_id=608482 zil_blk_id=37996 ccf_commit_seqno=608484 nstreams_done_=9500 config.nstreams=20000 avg_latency=0.8736 ms avg throuhgput (requests/sec) = 84.9251 res=false
*==== INFO ====* req_id_count= 10000 stream_id=39996 latency=0.865749 ms (tx_ts=156685655983971, rx_ts=156685656849720) request_id=640515 zil_blk_id=39996 ccf_commit_seqno=640516 nstreams_done_=10000 config.nstreams=20000 avg_latency=0.8752 ms avg throuhgput (requests/sec) = 84.9150 res=false
*==== INFO ====* req_id_count= 10500 stream_id=41996 latency=0.884254 ms (tx_ts=156691532862129, rx_ts=156691533746383) request_id=672766 zil_blk_id=41996 ccf_commit_seqno=672767 nstreams_done_=10500 config.nstreams=20000 avg_latency=0.8767 ms avg throuhgput (requests/sec) = 84.9228 res=false
*==== INFO ====* req_id_count= 11000 stream_id=43996 latency=0.980243 ms (tx_ts=156697362696558, rx_ts=156697363676801) request_id=704735 zil_blk_id=43996 ccf_commit_seqno=704737 nstreams_done_=11000 config.nstreams=20000 avg_latency=0.8768 ms avg throuhgput (requests/sec) = 84.9607 res=false
*==== INFO ====* req_id_count= 11500 stream_id=45996 latency=1.112561 ms (tx_ts=156703189565917, rx_ts=156703190678478) request_id=736670 zil_blk_id=45996 ccf_commit_seqno=736671 nstreams_done_=11500 config.nstreams=20000 avg_latency=0.8776 ms avg throuhgput (requests/sec) = 84.9972 res=false
*==== INFO ====* req_id_count= 12000 stream_id=47996 latency=0.716159 ms (tx_ts=156709025586794, rx_ts=156709026302953) request_id=768687 zil_blk_id=47996 ccf_commit_seqno=768687 nstreams_done_=12000 config.nstreams=20000 avg_latency=0.8788 ms avg throuhgput (requests/sec) = 85.0254 res=false
*==== INFO ====* req_id_count= 12500 stream_id=49996 latency=0.946760 ms (tx_ts=156714866014926, rx_ts=156714866961686) request_id=800729 zil_blk_id=49996 ccf_commit_seqno=800732 nstreams_done_=12500 config.nstreams=20000 avg_latency=0.8785 ms avg throuhgput (requests/sec) = 85.0485 res=false
*==== INFO ====* req_id_count= 13000 stream_id=51996 latency=0.609801 ms (tx_ts=156720680060745, rx_ts=156720680670546) request_id=832644 zil_blk_id=51996 ccf_commit_seqno=832644 nstreams_done_=13000 config.nstreams=20000 avg_latency=0.8777 ms avg throuhgput (requests/sec) = 85.0849 res=false
*==== INFO ====* req_id_count= 13500 stream_id=53996 latency=0.638935 ms (tx_ts=156726521027802, rx_ts=156726521666737) request_id=864694 zil_blk_id=53996 ccf_commit_seqno=864694 nstreams_done_=13500 config.nstreams=20000 avg_latency=0.8784 ms avg throuhgput (requests/sec) = 85.1039 res=false
*==== INFO ====* req_id_count= 14000 stream_id=55996 latency=0.726489 ms (tx_ts=156732362212124, rx_ts=156732362938613) request_id=896776 zil_blk_id=55996 ccf_commit_seqno=896777 nstreams_done_=14000 config.nstreams=20000 avg_latency=0.8789 ms avg throuhgput (requests/sec) = 85.1214 res=false
*==== INFO ====* req_id_count= 14500 stream_id=57996 latency=0.945298 ms (tx_ts=156738213290338, rx_ts=156738214235636) request_id=928887 zil_blk_id=57996 ccf_commit_seqno=928888 nstreams_done_=14500 config.nstreams=20000 avg_latency=0.8798 ms avg throuhgput (requests/sec) = 85.1328 res=false
*==== INFO ====* req_id_count= 15000 stream_id=59996 latency=1.007284 ms (tx_ts=156744040378399, rx_ts=156744041385683) request_id=960870 zil_blk_id=59996 ccf_commit_seqno=960871 nstreams_done_=15000 config.nstreams=20000 avg_latency=0.8796 ms avg throuhgput (requests/sec) = 85.1550 res=false
*==== INFO ====* req_id_count= 15500 stream_id=61996 latency=0.755254 ms (tx_ts=156749869585240, rx_ts=156749870340494) request_id=992873 zil_blk_id=61996 ccf_commit_seqno=992875 nstreams_done_=15500 config.nstreams=20000 avg_latency=0.8787 ms avg throuhgput (requests/sec) = 85.1750 res=false
*==== INFO ====* req_id_count= 16000 stream_id=63996 latency=0.916554 ms (tx_ts=156755700079032, rx_ts=156755700995586) request_id=1024884 zil_blk_id=63996 ccf_commit_seqno=1024886 nstreams_done_=16000 config.nstreams=20000 avg_latency=0.8789 ms avg throuhgput (requests/sec) = 85.1930 res=false
*==== INFO ====* req_id_count= 16500 stream_id=65996 latency=0.967490 ms (tx_ts=156761571465117, rx_ts=156761572432607) request_id=1056989 zil_blk_id=65996 ccf_commit_seqno=1056992 nstreams_done_=16500 config.nstreams=20000 avg_latency=0.8802 ms avg throuhgput (requests/sec) = 85.1919 res=false
*==== INFO ====* req_id_count= 17000 stream_id=67996 latency=0.953069 ms (tx_ts=156767402811973, rx_ts=156767403765042) request_id=1088998 zil_blk_id=67996 ccf_commit_seqno=1089000 nstreams_done_=17000 config.nstreams=20000 avg_latency=0.8802 ms avg throuhgput (requests/sec) = 85.2080 res=false
*==== INFO ====* req_id_count= 17500 stream_id=69996 latency=0.701372 ms (tx_ts=156773205361531, rx_ts=156773206062903) request_id=1120888 zil_blk_id=69996 ccf_commit_seqno=1120888 nstreams_done_=17500 config.nstreams=20000 avg_latency=0.8796 ms avg throuhgput (requests/sec) = 85.2353 res=false
*==== INFO ====* req_id_count= 18000 stream_id=71996 latency=0.810827 ms (tx_ts=156779042995795, rx_ts=156779043806622) request_id=1152964 zil_blk_id=71996 ccf_commit_seqno=1152964 nstreams_done_=18000 config.nstreams=20000 avg_latency=0.8798 ms avg throuhgput (requests/sec) = 85.2467 res=false
*==== INFO ====* req_id_count= 18500 stream_id=73996 latency=0.654237 ms (tx_ts=156784890405379, rx_ts=156784891059616) request_id=1185055 zil_blk_id=73996 ccf_commit_seqno=1185055 nstreams_done_=18500 config.nstreams=20000 avg_latency=0.8797 ms avg throuhgput (requests/sec) = 85.2538 res=false
*==== INFO ====* req_id_count= 19000 stream_id=75996 latency=0.929974 ms (tx_ts=156790722234509, rx_ts=156790723164483) request_id=1217099 zil_blk_id=75996 ccf_commit_seqno=1217099 nstreams_done_=19000 config.nstreams=20000 avg_latency=0.8797 ms avg throuhgput (requests/sec) = 85.2664 res=false
*==== INFO ====* req_id_count= 19500 stream_id=77996 latency=0.697084 ms (tx_ts=156796544211619, rx_ts=156796544908703) request_id=1248938 zil_blk_id=77996 ccf_commit_seqno=1248938 nstreams_done_=19500 config.nstreams=20000 avg_latency=0.8792 ms avg throuhgput (requests/sec) = 85.2821 res=false
*==== INFO ====* http_end_stream ALL streams done! nstreams_done_=20000 avg_latency=0.8778 msreq_id_count= 20000
*==== INFO ====* req_id_count= 20000 stream_id=79996 latency=0.794767 ms (tx_ts=156802346271180, rx_ts=156802347065947) request_id=1271169 zil_blk_id=79996 ccf_commit_seqno=1271169 nstreams_done_=20000 config.nstreams=20000 avg_latency=0.8778 ms avg throuhgput (requests/sec) = 85.3042 res=true
