Uniform: 902162 287936 747435 16700 517717 
Exponential: -2147483648 -2147483648 -2147483648 -2147483648 -2147483648 
Truncated Normal: 358629 916846 459441 215381 181350 
*==== INFO ====* req_id_count= 500 stream_id=1996 latency=0.542384 ms (tx_ts=158412700852661, rx_ts=158412701395045) request_id=9943 zil_blk_id=1996 ccf_commit_seqno=9943 nstreams_done_=500 config.nstreams=20000 avg_latency=0.6512 ms avg throuhgput (requests/sec) = 86.0053 res=false
*==== INFO ====* req_id_count= 1000 stream_id=3996 latency=0.554907 ms (tx_ts=158418520694445, rx_ts=158418521249352) request_id=20315 zil_blk_id=3996 ccf_commit_seqno=20315 nstreams_done_=1000 config.nstreams=20000 avg_latency=0.6422 ms avg throuhgput (requests/sec) = 85.9590 res=false
*==== INFO ====* req_id_count= 1500 stream_id=5996 latency=0.503030 ms (tx_ts=158424351657922, rx_ts=158424352160952) request_id=30797 zil_blk_id=5996 ccf_commit_seqno=30797 nstreams_done_=1500 config.nstreams=20000 avg_latency=0.6485 ms avg throuhgput (requests/sec) = 85.8892 res=false
*==== INFO ====* req_id_count= 2000 stream_id=7996 latency=0.619239 ms (tx_ts=158430168533265, rx_ts=158430169152504) request_id=41256 zil_blk_id=7996 ccf_commit_seqno=41256 nstreams_done_=2000 config.nstreams=20000 avg_latency=0.6452 ms avg throuhgput (requests/sec) = 85.9057 res=false
*==== INFO ====* req_id_count= 2500 stream_id=9996 latency=0.515103 ms (tx_ts=158435968325567, rx_ts=158435968840670) request_id=51710 zil_blk_id=9996 ccf_commit_seqno=51710 nstreams_done_=2500 config.nstreams=20000 avg_latency=0.6451 ms avg throuhgput (requests/sec) = 85.9667 res=false
*==== INFO ====* req_id_count= 3000 stream_id=11996 latency=0.661026 ms (tx_ts=158441781032858, rx_ts=158441781693884) request_id=62185 zil_blk_id=11996 ccf_commit_seqno=62186 nstreams_done_=3000 config.nstreams=20000 avg_latency=0.6466 ms avg throuhgput (requests/sec) = 85.9749 res=false
*==== INFO ====* req_id_count= 3500 stream_id=13996 latency=0.638564 ms (tx_ts=158447606105913, rx_ts=158447606744477) request_id=72693 zil_blk_id=13996 ccf_commit_seqno=72693 nstreams_done_=3500 config.nstreams=20000 avg_latency=0.6497 ms avg throuhgput (requests/sec) = 85.9551 res=false
*==== INFO ====* req_id_count= 4000 stream_id=15996 latency=0.595474 ms (tx_ts=158453119740644, rx_ts=158453120336118) request_id=82648 zil_blk_id=15996 ccf_commit_seqno=82648 nstreams_done_=4000 config.nstreams=20000 avg_latency=0.6522 ms avg throuhgput (requests/sec) = 86.5192 res=false
*==== INFO ====* req_id_count= 4500 stream_id=17996 latency=0.627744 ms (tx_ts=158458639018528, rx_ts=158458639646272) request_id=92643 zil_blk_id=17996 ccf_commit_seqno=92643 nstreams_done_=4500 config.nstreams=20000 avg_latency=0.6550 ms avg throuhgput (requests/sec) = 86.9534 res=false
*==== INFO ====* req_id_count= 5000 stream_id=19996 latency=0.756795 ms (tx_ts=158464158272751, rx_ts=158464159029546) request_id=102657 zil_blk_id=19996 ccf_commit_seqno=102657 nstreams_done_=5000 config.nstreams=20000 avg_latency=0.6559 ms avg throuhgput (requests/sec) = 87.3039 res=false
*==== INFO ====* req_id_count= 5500 stream_id=21996 latency=0.688528 ms (tx_ts=158469670562091, rx_ts=158469671250619) request_id=112617 zil_blk_id=21996 ccf_commit_seqno=112617 nstreams_done_=5500 config.nstreams=20000 avg_latency=0.6563 ms avg throuhgput (requests/sec) = 87.6027 res=false
*==== INFO ====* req_id_count= 6000 stream_id=23996 latency=0.585165 ms (tx_ts=158475196918194, rx_ts=158475197503359) request_id=122519 zil_blk_id=23996 ccf_commit_seqno=122519 nstreams_done_=6000 config.nstreams=20000 avg_latency=0.6589 ms avg throuhgput (requests/sec) = 87.8353 res=false
*==== INFO ====* req_id_count= 6500 stream_id=25996 latency=0.564185 ms (tx_ts=158480713783427, rx_ts=158480714347612) request_id=132439 zil_blk_id=25996 ccf_commit_seqno=132439 nstreams_done_=6500 config.nstreams=20000 avg_latency=0.6587 ms avg throuhgput (requests/sec) = 88.0442 res=false
*==== INFO ====* req_id_count= 7000 stream_id=27996 latency=0.566149 ms (tx_ts=158486227761207, rx_ts=158486228327356) request_id=142345 zil_blk_id=27996 ccf_commit_seqno=142346 nstreams_done_=7000 config.nstreams=20000 avg_latency=0.6601 ms avg throuhgput (requests/sec) = 88.2273 res=false
*==== INFO ====* req_id_count= 7500 stream_id=29996 latency=0.559947 ms (tx_ts=158491746608948, rx_ts=158491747168895) request_id=152266 zil_blk_id=29996 ccf_commit_seqno=152266 nstreams_done_=7500 config.nstreams=20000 avg_latency=0.6620 ms avg throuhgput (requests/sec) = 88.3815 res=false
*==== INFO ====* req_id_count= 8000 stream_id=31996 latency=0.546091 ms (tx_ts=158497271510969, rx_ts=158497272057060) request_id=162217 zil_blk_id=31996 ccf_commit_seqno=162217 nstreams_done_=8000 config.nstreams=20000 avg_latency=0.6637 ms avg throuhgput (requests/sec) = 88.5110 res=false
*==== INFO ====* req_id_count= 8500 stream_id=33996 latency=0.656598 ms (tx_ts=158502812192699, rx_ts=158502812849297) request_id=172195 zil_blk_id=33996 ccf_commit_seqno=172195 nstreams_done_=8500 config.nstreams=20000 avg_latency=0.6664 ms avg throuhgput (requests/sec) = 88.6108 res=false
*==== INFO ====* req_id_count= 9000 stream_id=35996 latency=0.613017 ms (tx_ts=158508316539871, rx_ts=158508317152888) request_id=182118 zil_blk_id=35996 ccf_commit_seqno=182118 nstreams_done_=9000 config.nstreams=20000 avg_latency=0.6659 ms avg throuhgput (requests/sec) = 88.7317 res=false
*==== INFO ====* req_id_count= 9500 stream_id=37996 latency=0.652180 ms (tx_ts=158513805374417, rx_ts=158513806026597) request_id=192061 zil_blk_id=37996 ccf_commit_seqno=192061 nstreams_done_=9500 config.nstreams=20000 avg_latency=0.6640 ms avg throuhgput (requests/sec) = 88.8530 res=false
*==== INFO ====* req_id_count= 10000 stream_id=39996 latency=0.530413 ms (tx_ts=158519316421353, rx_ts=158519316951766) request_id=202041 zil_blk_id=39996 ccf_commit_seqno=202041 nstreams_done_=10000 config.nstreams=20000 avg_latency=0.6640 ms avg throuhgput (requests/sec) = 88.9449 res=false
*==== INFO ====* req_id_count= 10500 stream_id=41996 latency=0.573172 ms (tx_ts=158524843654066, rx_ts=158524844227238) request_id=212067 zil_blk_id=41996 ccf_commit_seqno=212067 nstreams_done_=10500 config.nstreams=20000 avg_latency=0.6661 ms avg throuhgput (requests/sec) = 89.0159 res=false
*==== INFO ====* req_id_count= 11000 stream_id=43996 latency=0.713434 ms (tx_ts=158530373188508, rx_ts=158530373901942) request_id=222074 zil_blk_id=43996 ccf_commit_seqno=222075 nstreams_done_=11000 config.nstreams=20000 avg_latency=0.6670 ms avg throuhgput (requests/sec) = 89.0789 res=false
*==== INFO ====* req_id_count= 11500 stream_id=45996 latency=0.576378 ms (tx_ts=158535894973236, rx_ts=158535895549614) request_id=232094 zil_blk_id=45996 ccf_commit_seqno=232094 nstreams_done_=11500 config.nstreams=20000 avg_latency=0.6667 ms avg throuhgput (requests/sec) = 89.1419 res=false
*==== INFO ====* req_id_count= 12000 stream_id=47996 latency=0.567261 ms (tx_ts=158541396547075, rx_ts=158541397114336) request_id=242093 zil_blk_id=47996 ccf_commit_seqno=242093 nstreams_done_=12000 config.nstreams=20000 avg_latency=0.6660 ms avg throuhgput (requests/sec) = 89.2132 res=false
*==== INFO ====* req_id_count= 12500 stream_id=49996 latency=0.531131 ms (tx_ts=158546912768778, rx_ts=158546913299909) request_id=252082 zil_blk_id=49996 ccf_commit_seqno=252082 nstreams_done_=12500 config.nstreams=20000 avg_latency=0.6663 ms avg throuhgput (requests/sec) = 89.2695 res=false
*==== INFO ====* req_id_count= 13000 stream_id=51996 latency=0.653966 ms (tx_ts=158552430824694, rx_ts=158552431478660) request_id=262101 zil_blk_id=51996 ccf_commit_seqno=262101 nstreams_done_=13000 config.nstreams=20000 avg_latency=0.6661 ms avg throuhgput (requests/sec) = 89.3203 res=false
*==== INFO ====* req_id_count= 13500 stream_id=53996 latency=2.956716 ms (tx_ts=158557953480823, rx_ts=158557956437539) request_id=272073 zil_blk_id=53996 ccf_commit_seqno=272073 nstreams_done_=13500 config.nstreams=20000 avg_latency=0.6661 ms avg throuhgput (requests/sec) = 89.3634 res=false
*==== INFO ====* req_id_count= 14000 stream_id=55996 latency=0.639997 ms (tx_ts=158563456874632, rx_ts=158563457514629) request_id=282016 zil_blk_id=55996 ccf_commit_seqno=282016 nstreams_done_=14000 config.nstreams=20000 avg_latency=0.6655 ms avg throuhgput (requests/sec) = 89.4170 res=false
*==== INFO ====* req_id_count= 14500 stream_id=57996 latency=0.662048 ms (tx_ts=158568947477686, rx_ts=158568948139734) request_id=291969 zil_blk_id=57996 ccf_commit_seqno=291970 nstreams_done_=14500 config.nstreams=20000 avg_latency=0.6642 ms avg throuhgput (requests/sec) = 89.4728 res=false
*==== INFO ====* req_id_count= 15000 stream_id=59996 latency=0.563725 ms (tx_ts=158574456432631, rx_ts=158574456996356) request_id=301986 zil_blk_id=59996 ccf_commit_seqno=301986 nstreams_done_=15000 config.nstreams=20000 avg_latency=0.6639 ms avg throuhgput (requests/sec) = 89.5153 res=false
*==== INFO ====* req_id_count= 15500 stream_id=61996 latency=0.709617 ms (tx_ts=158579963393213, rx_ts=158579964102830) request_id=312006 zil_blk_id=61996 ccf_commit_seqno=312007 nstreams_done_=15500 config.nstreams=20000 avg_latency=0.6637 ms avg throuhgput (requests/sec) = 89.5559 res=false
*==== INFO ====* req_id_count= 16000 stream_id=63996 latency=0.587829 ms (tx_ts=158585470108556, rx_ts=158585470696385) request_id=322018 zil_blk_id=63996 ccf_commit_seqno=322018 nstreams_done_=16000 config.nstreams=20000 avg_latency=0.6635 ms avg throuhgput (requests/sec) = 89.5942 res=false
*==== INFO ====* req_id_count= 16500 stream_id=65996 latency=0.565918 ms (tx_ts=158590964917112, rx_ts=158590965483030) request_id=332021 zil_blk_id=65996 ccf_commit_seqno=332021 nstreams_done_=16500 config.nstreams=20000 avg_latency=0.6625 ms avg throuhgput (requests/sec) = 89.6361 res=false
*==== INFO ====* req_id_count= 17000 stream_id=67996 latency=0.565337 ms (tx_ts=158596472870705, rx_ts=158596473436042) request_id=342034 zil_blk_id=67996 ccf_commit_seqno=342034 nstreams_done_=17000 config.nstreams=20000 avg_latency=0.6625 ms avg throuhgput (requests/sec) = 89.6692 res=false
*==== INFO ====* req_id_count= 17500 stream_id=69996 latency=0.532657 ms (tx_ts=158601982662054, rx_ts=158601983194711) request_id=352055 zil_blk_id=69996 ccf_commit_seqno=352055 nstreams_done_=17500 config.nstreams=20000 avg_latency=0.6621 ms avg throuhgput (requests/sec) = 89.6997 res=false
*==== INFO ====* req_id_count= 18000 stream_id=71996 latency=0.623737 ms (tx_ts=158607505144561, rx_ts=158607505768298) request_id=362093 zil_blk_id=71996 ccf_commit_seqno=362093 nstreams_done_=18000 config.nstreams=20000 avg_latency=0.6617 ms avg throuhgput (requests/sec) = 89.7228 res=false
*==== INFO ====* req_id_count= 18500 stream_id=73996 latency=0.555469 ms (tx_ts=158613005385573, rx_ts=158613005941042) request_id=372098 zil_blk_id=73996 ccf_commit_seqno=372098 nstreams_done_=18500 config.nstreams=20000 avg_latency=0.6613 ms avg throuhgput (requests/sec) = 89.7544 res=false
*==== INFO ====* req_id_count= 19000 stream_id=75996 latency=0.649695 ms (tx_ts=158618513413648, rx_ts=158618514063343) request_id=382101 zil_blk_id=75996 ccf_commit_seqno=382101 nstreams_done_=19000 config.nstreams=20000 avg_latency=0.6614 ms avg throuhgput (requests/sec) = 89.7809 res=false
*==== INFO ====* req_id_count= 19500 stream_id=77996 latency=0.570198 ms (tx_ts=158624027724555, rx_ts=158624028294753) request_id=392126 zil_blk_id=77996 ccf_commit_seqno=392126 nstreams_done_=19500 config.nstreams=20000 avg_latency=0.6613 ms avg throuhgput (requests/sec) = 89.8036 res=false
*==== INFO ====* http_end_stream ALL streams done! nstreams_done_=20000 avg_latency=0.6615 msreq_id_count= 20000
*==== INFO ====* req_id_count= 20000 stream_id=79996 latency=0.617675 ms (tx_ts=158629548879496, rx_ts=158629549497171) request_id=398879 zil_blk_id=79996 ccf_commit_seqno=398879 nstreams_done_=20000 config.nstreams=20000 avg_latency=0.6615 ms avg throuhgput (requests/sec) = 89.8224 res=true
