Uniform: 223751 7932 70535 147026 108509 
Exponential: -2147483648 -2147483648 -2147483648 -2147483648 -2147483648 
Truncated Normal: 178115 574425 398131 106540 450757 
*==== INFO ====* req_id_count= 500 stream_id=1996 latency=5.132088 ms (tx_ts=158412388678991, rx_ts=158412393811079) request_id=9395 zil_blk_id=1996 ccf_commit_seqno=9395 nstreams_done_=500 config.nstreams=20000 avg_latency=0.6483 ms avg throuhgput (requests/sec) = 90.7300 res=false
*==== INFO ====* req_id_count= 1000 stream_id=3996 latency=0.672004 ms (tx_ts=158417927351028, rx_ts=158417928023032) request_id=19258 zil_blk_id=3996 ccf_commit_seqno=19258 nstreams_done_=1000 config.nstreams=20000 avg_latency=0.6629 ms avg throuhgput (requests/sec) = 90.5382 res=false
*==== INFO ====* req_id_count= 1500 stream_id=5996 latency=0.686083 ms (tx_ts=158423445540474, rx_ts=158423446226557) request_id=29169 zil_blk_id=5996 ccf_commit_seqno=29171 nstreams_done_=1500 config.nstreams=20000 avg_latency=0.6563 ms avg throuhgput (requests/sec) = 90.5618 res=false
*==== INFO ====* req_id_count= 2000 stream_id=7996 latency=0.543636 ms (tx_ts=158428957882848, rx_ts=158428958426484) request_id=39078 zil_blk_id=7996 ccf_commit_seqno=39078 nstreams_done_=2000 config.nstreams=20000 avg_latency=0.6516 ms avg throuhgput (requests/sec) = 90.5983 res=false
*==== INFO ====* req_id_count= 2500 stream_id=9996 latency=0.507329 ms (tx_ts=158434489251336, rx_ts=158434489758665) request_id=49034 zil_blk_id=9996 ccf_commit_seqno=49034 nstreams_done_=2500 config.nstreams=20000 avg_latency=0.6553 ms avg throuhgput (requests/sec) = 90.5574 res=false
*==== INFO ====* req_id_count= 3000 stream_id=11996 latency=0.501200 ms (tx_ts=158440015041389, rx_ts=158440015542589) request_id=58997 zil_blk_id=11996 ccf_commit_seqno=58997 nstreams_done_=3000 config.nstreams=20000 avg_latency=0.6564 ms avg throuhgput (requests/sec) = 90.5453 res=false
*==== INFO ====* req_id_count= 3500 stream_id=13996 latency=0.590043 ms (tx_ts=158445518923500, rx_ts=158445519513543) request_id=68918 zil_blk_id=13996 ccf_commit_seqno=68919 nstreams_done_=3500 config.nstreams=20000 avg_latency=0.6526 ms avg throuhgput (requests/sec) = 90.5878 res=false
*==== INFO ====* req_id_count= 4000 stream_id=15996 latency=0.501056 ms (tx_ts=158451033779334, rx_ts=158451034280390) request_id=78885 zil_blk_id=15996 ccf_commit_seqno=78885 nstreams_done_=4000 config.nstreams=20000 avg_latency=0.6506 ms avg throuhgput (requests/sec) = 90.5975 res=false
*==== INFO ====* req_id_count= 4500 stream_id=17996 latency=0.586057 ms (tx_ts=158456553503260, rx_ts=158456554089317) request_id=88868 zil_blk_id=17996 ccf_commit_seqno=88868 nstreams_done_=4500 config.nstreams=20000 avg_latency=0.6517 ms avg throuhgput (requests/sec) = 90.5959 res=false
*==== INFO ====* req_id_count= 5000 stream_id=19996 latency=0.557463 ms (tx_ts=158462079484618, rx_ts=158462080042081) request_id=98883 zil_blk_id=19996 ccf_commit_seqno=98883 nstreams_done_=5000 config.nstreams=20000 avg_latency=0.6542 ms avg throuhgput (requests/sec) = 90.5845 res=false
*==== INFO ====* req_id_count= 5500 stream_id=21996 latency=0.543186 ms (tx_ts=158467589486917, rx_ts=158467590030103) request_id=108866 zil_blk_id=21996 ccf_commit_seqno=108866 nstreams_done_=5500 config.nstreams=20000 avg_latency=0.6527 ms avg throuhgput (requests/sec) = 90.5990 res=false
*==== INFO ====* req_id_count= 6000 stream_id=23996 latency=0.547103 ms (tx_ts=158473101210551, rx_ts=158473101757654) request_id=118761 zil_blk_id=23996 ccf_commit_seqno=118761 nstreams_done_=6000 config.nstreams=20000 avg_latency=0.6510 ms avg throuhgput (requests/sec) = 90.6087 res=false
*==== INFO ====* req_id_count= 6500 stream_id=25996 latency=0.613167 ms (tx_ts=158478625807934, rx_ts=158478626421101) request_id=128688 zil_blk_id=25996 ccf_commit_seqno=128688 nstreams_done_=6500 config.nstreams=20000 avg_latency=0.6516 ms avg throuhgput (requests/sec) = 90.6006 res=false
*==== INFO ====* req_id_count= 7000 stream_id=27996 latency=0.553525 ms (tx_ts=158484134820145, rx_ts=158484135373670) request_id=138585 zil_blk_id=27996 ccf_commit_seqno=138585 nstreams_done_=7000 config.nstreams=20000 avg_latency=0.6497 ms avg throuhgput (requests/sec) = 90.6121 res=false
*==== INFO ====* req_id_count= 7500 stream_id=29996 latency=0.550199 ms (tx_ts=158489641073542, rx_ts=158489641623741) request_id=148480 zil_blk_id=29996 ccf_commit_seqno=148480 nstreams_done_=7500 config.nstreams=20000 avg_latency=0.6481 ms avg throuhgput (requests/sec) = 90.6249 res=false
*==== INFO ====* req_id_count= 8000 stream_id=31996 latency=0.681194 ms (tx_ts=158495153432045, rx_ts=158495154113239) request_id=158418 zil_blk_id=31996 ccf_commit_seqno=158418 nstreams_done_=8000 config.nstreams=20000 avg_latency=0.6469 ms avg throuhgput (requests/sec) = 90.6298 res=false
*==== INFO ====* req_id_count= 8500 stream_id=33996 latency=0.546232 ms (tx_ts=158500668651828, rx_ts=158500669198060) request_id=168333 zil_blk_id=33996 ccf_commit_seqno=168333 nstreams_done_=8500 config.nstreams=20000 avg_latency=0.6463 ms avg throuhgput (requests/sec) = 90.6316 res=false
*==== INFO ====* req_id_count= 9000 stream_id=35996 latency=0.771923 ms (tx_ts=158506191356847, rx_ts=158506192128770) request_id=178280 zil_blk_id=35996 ccf_commit_seqno=178280 nstreams_done_=9000 config.nstreams=20000 avg_latency=0.6468 ms avg throuhgput (requests/sec) = 90.6261 res=false
*==== INFO ====* req_id_count= 9500 stream_id=37996 latency=0.656608 ms (tx_ts=158511705483958, rx_ts=158511706140566) request_id=188238 zil_blk_id=37996 ccf_commit_seqno=188238 nstreams_done_=9500 config.nstreams=20000 avg_latency=0.6468 ms avg throuhgput (requests/sec) = 90.6288 res=false
*==== INFO ====* req_id_count= 10000 stream_id=39996 latency=0.547083 ms (tx_ts=158517237845845, rx_ts=158517238392928) request_id=198274 zil_blk_id=39996 ccf_commit_seqno=198274 nstreams_done_=10000 config.nstreams=20000 avg_latency=0.6471 ms avg throuhgput (requests/sec) = 90.6163 res=false
*==== INFO ====* req_id_count= 10500 stream_id=41996 latency=0.664167 ms (tx_ts=158522735843110, rx_ts=158522736507277) request_id=208242 zil_blk_id=41996 ccf_commit_seqno=208244 nstreams_done_=10500 config.nstreams=20000 avg_latency=0.6458 ms avg throuhgput (requests/sec) = 90.6317 res=false
*==== INFO ====* req_id_count= 11000 stream_id=43996 latency=0.517888 ms (tx_ts=158528247866718, rx_ts=158528248384606) request_id=218225 zil_blk_id=43996 ccf_commit_seqno=218225 nstreams_done_=11000 config.nstreams=20000 avg_latency=0.6458 ms avg throuhgput (requests/sec) = 90.6354 res=false
*==== INFO ====* req_id_count= 11500 stream_id=45996 latency=1.509753 ms (tx_ts=158533763360954, rx_ts=158533764870707) request_id=228232 zil_blk_id=45996 ccf_commit_seqno=228232 nstreams_done_=11500 config.nstreams=20000 avg_latency=0.6458 ms avg throuhgput (requests/sec) = 90.6355 res=false
*==== INFO ====* req_id_count= 12000 stream_id=47996 latency=0.509964 ms (tx_ts=158539285451949, rx_ts=158539285961913) request_id=238257 zil_blk_id=47996 ccf_commit_seqno=238257 nstreams_done_=12000 config.nstreams=20000 avg_latency=0.6467 ms avg throuhgput (requests/sec) = 90.6324 res=false
*==== INFO ====* req_id_count= 12500 stream_id=49996 latency=0.630028 ms (tx_ts=158544791033250, rx_ts=158544791663278) request_id=248236 zil_blk_id=49996 ccf_commit_seqno=248236 nstreams_done_=12500 config.nstreams=20000 avg_latency=0.6460 ms avg throuhgput (requests/sec) = 90.6397 res=false
*==== INFO ====* req_id_count= 13000 stream_id=51996 latency=2.342441 ms (tx_ts=158550323800797, rx_ts=158550326143238) request_id=258273 zil_blk_id=51996 ccf_commit_seqno=258273 nstreams_done_=13000 config.nstreams=20000 avg_latency=0.6469 ms avg throuhgput (requests/sec) = 90.6282 res=false
*==== INFO ====* req_id_count= 13500 stream_id=53996 latency=0.537655 ms (tx_ts=158555847237815, rx_ts=158555847775470) request_id=268254 zil_blk_id=53996 ccf_commit_seqno=268254 nstreams_done_=13500 config.nstreams=20000 avg_latency=0.6464 ms avg throuhgput (requests/sec) = 90.6254 res=false
*==== INFO ====* req_id_count= 14000 stream_id=55996 latency=0.518410 ms (tx_ts=158561361019981, rx_ts=158561361538391) request_id=278227 zil_blk_id=55996 ccf_commit_seqno=278227 nstreams_done_=14000 config.nstreams=20000 avg_latency=0.6463 ms avg throuhgput (requests/sec) = 90.6275 res=false
*==== INFO ====* req_id_count= 14500 stream_id=57996 latency=0.516796 ms (tx_ts=158566893792927, rx_ts=158566894309723) request_id=288237 zil_blk_id=57996 ccf_commit_seqno=288237 nstreams_done_=14500 config.nstreams=20000 avg_latency=0.6474 ms avg throuhgput (requests/sec) = 90.6186 res=false
*==== INFO ====* req_id_count= 15000 stream_id=59996 latency=0.829772 ms (tx_ts=158572427580347, rx_ts=158572428410119) request_id=298301 zil_blk_id=59996 ccf_commit_seqno=298301 nstreams_done_=15000 config.nstreams=20000 avg_latency=0.6486 ms avg throuhgput (requests/sec) = 90.6096 res=false
*==== INFO ====* req_id_count= 15500 stream_id=61996 latency=0.534844 ms (tx_ts=158577954860365, rx_ts=158577955395209) request_id=308351 zil_blk_id=61996 ccf_commit_seqno=308351 nstreams_done_=15500 config.nstreams=20000 avg_latency=0.6489 ms avg throuhgput (requests/sec) = 90.6049 res=false
*==== INFO ====* req_id_count= 16000 stream_id=63996 latency=0.780770 ms (tx_ts=158583485792882, rx_ts=158583486573652) request_id=318404 zil_blk_id=63996 ccf_commit_seqno=318404 nstreams_done_=16000 config.nstreams=20000 avg_latency=0.6496 ms avg throuhgput (requests/sec) = 90.5984 res=false
*==== INFO ====* req_id_count= 16500 stream_id=65996 latency=0.603368 ms (tx_ts=158588987652580, rx_ts=158588988255948) request_id=328415 zil_blk_id=65996 ccf_commit_seqno=328415 nstreams_done_=16500 config.nstreams=20000 avg_latency=0.6490 ms avg throuhgput (requests/sec) = 90.6069 res=false
*==== INFO ====* req_id_count= 17000 stream_id=67996 latency=0.525763 ms (tx_ts=158594500467675, rx_ts=158594500993438) request_id=338440 zil_blk_id=67996 ccf_commit_seqno=338440 nstreams_done_=17000 config.nstreams=20000 avg_latency=0.6488 ms avg throuhgput (requests/sec) = 90.6096 res=false
*==== INFO ====* req_id_count= 17500 stream_id=69996 latency=1.456043 ms (tx_ts=158600013705868, rx_ts=158600015161911) request_id=348462 zil_blk_id=69996 ccf_commit_seqno=348462 nstreams_done_=17500 config.nstreams=20000 avg_latency=0.6485 ms avg throuhgput (requests/sec) = 90.6115 res=false
*==== INFO ====* req_id_count= 18000 stream_id=71996 latency=0.554176 ms (tx_ts=158605526330657, rx_ts=158605526884833) request_id=358493 zil_blk_id=71996 ccf_commit_seqno=358493 nstreams_done_=18000 config.nstreams=20000 avg_latency=0.6481 ms avg throuhgput (requests/sec) = 90.6144 res=false
*==== INFO ====* req_id_count= 18500 stream_id=73996 latency=0.594683 ms (tx_ts=158611056953453, rx_ts=158611057548136) request_id=368557 zil_blk_id=73996 ccf_commit_seqno=368557 nstreams_done_=18500 config.nstreams=20000 avg_latency=0.6486 ms avg throuhgput (requests/sec) = 90.6087 res=false
*==== INFO ====* req_id_count= 19000 stream_id=75996 latency=2.021571 ms (tx_ts=158616581552721, rx_ts=158616583574292) request_id=378601 zil_blk_id=75996 ccf_commit_seqno=378601 nstreams_done_=19000 config.nstreams=20000 avg_latency=0.6491 ms avg throuhgput (requests/sec) = 90.6054 res=false
*==== INFO ====* req_id_count= 19500 stream_id=77996 latency=0.693146 ms (tx_ts=158622111967709, rx_ts=158622112660855) request_id=388646 zil_blk_id=77996 ccf_commit_seqno=388646 nstreams_done_=19500 config.nstreams=20000 avg_latency=0.6498 ms avg throuhgput (requests/sec) = 90.6009 res=false
*==== INFO ====* http_end_stream ALL streams done! nstreams_done_=20000 avg_latency=0.6501 msreq_id_count= 20000
*==== INFO ====* req_id_count= 20000 stream_id=79996 latency=0.541914 ms (tx_ts=158627633479398, rx_ts=158627634021312) request_id=397696 zil_blk_id=79996 ccf_commit_seqno=397696 nstreams_done_=20000 config.nstreams=20000 avg_latency=0.6501 ms avg throuhgput (requests/sec) = 90.5998 res=true
