Uniform: 643512 261639 446964 821488 946174 
Exponential: -2147483648 -2147483648 -2147483648 -2147483648 -2147483648 
Truncated Normal: 213438 699116 624731 463524 522579 
*==== INFO ====* req_id_count= 500 stream_id=1996 latency=0.690641 ms (tx_ts=158412688167816, rx_ts=158412688858457) request_id=9920 zil_blk_id=1996 ccf_commit_seqno=9920 nstreams_done_=500 config.nstreams=20000 avg_latency=0.6905 ms avg throuhgput (requests/sec) = 86.1880 res=false
*==== INFO ====* req_id_count= 1000 stream_id=3996 latency=1.223037 ms (tx_ts=158418439090797, rx_ts=158418440313834) request_id=20170 zil_blk_id=3996 ccf_commit_seqno=20170 nstreams_done_=1000 config.nstreams=20000 avg_latency=0.6949 ms avg throuhgput (requests/sec) = 86.5597 res=false
*==== INFO ====* req_id_count= 1500 stream_id=5996 latency=0.582735 ms (tx_ts=158423963977772, rx_ts=158423964560507) request_id=30099 zil_blk_id=5996 ccf_commit_seqno=30099 nstreams_done_=1500 config.nstreams=20000 avg_latency=0.6873 ms avg throuhgput (requests/sec) = 87.8376 res=false
*==== INFO ====* req_id_count= 2000 stream_id=7996 latency=0.704167 ms (tx_ts=158429495406351, rx_ts=158429496110518) request_id=40039 zil_blk_id=7996 ccf_commit_seqno=40040 nstreams_done_=2000 config.nstreams=20000 avg_latency=0.6896 ms avg throuhgput (requests/sec) = 88.4622 res=false
*==== INFO ====* req_id_count= 2500 stream_id=9996 latency=0.685251 ms (tx_ts=158435019110157, rx_ts=158435019795408) request_id=49993 zil_blk_id=9996 ccf_commit_seqno=49993 nstreams_done_=2500 config.nstreams=20000 avg_latency=0.6872 ms avg throuhgput (requests/sec) = 88.8661 res=false
*==== INFO ====* req_id_count= 3000 stream_id=11996 latency=0.681276 ms (tx_ts=158440543030779, rx_ts=158440543712055) request_id=59948 zil_blk_id=11996 ccf_commit_seqno=59948 nstreams_done_=3000 config.nstreams=20000 avg_latency=0.6856 ms avg throuhgput (requests/sec) = 89.1368 res=false
*==== INFO ====* req_id_count= 3500 stream_id=13996 latency=0.597799 ms (tx_ts=158446073615602, rx_ts=158446074213401) request_id=69919 zil_blk_id=13996 ccf_commit_seqno=69919 nstreams_done_=3500 config.nstreams=20000 avg_latency=0.6848 ms avg throuhgput (requests/sec) = 89.3162 res=false
*==== INFO ====* req_id_count= 4000 stream_id=15996 latency=0.620340 ms (tx_ts=158451595970998, rx_ts=158451596591338) request_id=79892 zil_blk_id=15996 ccf_commit_seqno=79892 nstreams_done_=4000 config.nstreams=20000 avg_latency=0.6825 ms avg throuhgput (requests/sec) = 89.4674 res=false
*==== INFO ====* req_id_count= 4500 stream_id=17996 latency=0.618634 ms (tx_ts=158457125697104, rx_ts=158457126315738) request_id=89898 zil_blk_id=17996 ccf_commit_seqno=89898 nstreams_done_=4500 config.nstreams=20000 avg_latency=0.6827 ms avg throuhgput (requests/sec) = 89.5723 res=false
*==== INFO ====* req_id_count= 5000 stream_id=19996 latency=0.563304 ms (tx_ts=158462653102742, rx_ts=158462653666046) request_id=99926 zil_blk_id=19996 ccf_commit_seqno=99926 nstreams_done_=5000 config.nstreams=20000 avg_latency=0.6824 ms avg throuhgput (requests/sec) = 89.6602 res=false
*==== INFO ====* req_id_count= 5500 stream_id=21996 latency=0.580827 ms (tx_ts=158468187034280, rx_ts=158468187615107) request_id=109954 zil_blk_id=21996 ccf_commit_seqno=109954 nstreams_done_=5500 config.nstreams=20000 avg_latency=0.6836 ms avg throuhgput (requests/sec) = 89.7226 res=false
*==== INFO ====* req_id_count= 6000 stream_id=23996 latency=0.605643 ms (tx_ts=158474053737412, rx_ts=158474054343055) request_id=120460 zil_blk_id=23996 ccf_commit_seqno=120460 nstreams_done_=6000 config.nstreams=20000 avg_latency=0.6841 ms avg throuhgput (requests/sec) = 89.3299 res=false
*==== INFO ====* req_id_count= 6500 stream_id=25996 latency=2.424705 ms (tx_ts=158479586741981, rx_ts=158479589166686) request_id=130424 zil_blk_id=25996 ccf_commit_seqno=130424 nstreams_done_=6500 config.nstreams=20000 avg_latency=0.6839 ms avg throuhgput (requests/sec) = 89.4066 res=false
*==== INFO ====* req_id_count= 7000 stream_id=27996 latency=1.645017 ms (tx_ts=158485104531896, rx_ts=158485106176913) request_id=140338 zil_blk_id=27996 ccf_commit_seqno=140338 nstreams_done_=7000 config.nstreams=20000 avg_latency=0.6822 ms avg throuhgput (requests/sec) = 89.4928 res=false
*==== INFO ====* req_id_count= 7500 stream_id=29996 latency=0.582820 ms (tx_ts=158490632409397, rx_ts=158490632992217) request_id=150265 zil_blk_id=29996 ccf_commit_seqno=150265 nstreams_done_=7500 config.nstreams=20000 avg_latency=0.6820 ms avg throuhgput (requests/sec) = 89.5572 res=false
*==== INFO ====* req_id_count= 8000 stream_id=31996 latency=0.545170 ms (tx_ts=158496159255982, rx_ts=158496159801152) request_id=160229 zil_blk_id=31996 ccf_commit_seqno=160229 nstreams_done_=8000 config.nstreams=20000 avg_latency=0.6822 ms avg throuhgput (requests/sec) = 89.6136 res=false
*==== INFO ====* req_id_count= 8500 stream_id=33996 latency=0.691653 ms (tx_ts=158501685696625, rx_ts=158501686388278) request_id=170167 zil_blk_id=33996 ccf_commit_seqno=170167 nstreams_done_=8500 config.nstreams=20000 avg_latency=0.6823 ms avg throuhgput (requests/sec) = 89.6636 res=false
*==== INFO ====* req_id_count= 9000 stream_id=35996 latency=0.567541 ms (tx_ts=158507216871759, rx_ts=158507217439300) request_id=180134 zil_blk_id=35996 ccf_commit_seqno=180134 nstreams_done_=9000 config.nstreams=20000 avg_latency=0.6824 ms avg throuhgput (requests/sec) = 89.7041 res=false
*==== INFO ====* req_id_count= 9500 stream_id=37996 latency=0.577139 ms (tx_ts=158512747725255, rx_ts=158512748302394) request_id=190135 zil_blk_id=37996 ccf_commit_seqno=190135 nstreams_done_=9500 config.nstreams=20000 avg_latency=0.6826 ms avg throuhgput (requests/sec) = 89.7406 res=false
*==== INFO ====* req_id_count= 10000 stream_id=39996 latency=0.583632 ms (tx_ts=158518281884114, rx_ts=158518282467746) request_id=200171 zil_blk_id=39996 ccf_commit_seqno=200171 nstreams_done_=10000 config.nstreams=20000 avg_latency=0.6832 ms avg throuhgput (requests/sec) = 89.7707 res=false
*==== INFO ====* req_id_count= 10500 stream_id=41996 latency=0.607646 ms (tx_ts=158523809148006, rx_ts=158523809755652) request_id=210194 zil_blk_id=41996 ccf_commit_seqno=210194 nstreams_done_=10500 config.nstreams=20000 avg_latency=0.6828 ms avg throuhgput (requests/sec) = 89.8033 res=false
*==== INFO ====* req_id_count= 11000 stream_id=43996 latency=0.621042 ms (tx_ts=158529336627715, rx_ts=158529337248757) request_id=220204 zil_blk_id=43996 ccf_commit_seqno=220204 nstreams_done_=11000 config.nstreams=20000 avg_latency=0.6824 ms avg throuhgput (requests/sec) = 89.8328 res=false
*==== INFO ====* req_id_count= 11500 stream_id=45996 latency=0.571208 ms (tx_ts=158534869476398, rx_ts=158534870047606) request_id=230241 zil_blk_id=45996 ccf_commit_seqno=230241 nstreams_done_=11500 config.nstreams=20000 avg_latency=0.6828 ms avg throuhgput (requests/sec) = 89.8561 res=false
*==== INFO ====* req_id_count= 12000 stream_id=47996 latency=0.581838 ms (tx_ts=158540416547054, rx_ts=158540417128892) request_id=240310 zil_blk_id=47996 ccf_commit_seqno=240310 nstreams_done_=12000 config.nstreams=20000 avg_latency=0.6835 ms avg throuhgput (requests/sec) = 89.8678 res=false
*==== INFO ====* req_id_count= 12500 stream_id=49996 latency=0.571960 ms (tx_ts=158545955408435, rx_ts=158545955980395) request_id=250346 zil_blk_id=49996 ccf_commit_seqno=250346 nstreams_done_=12500 config.nstreams=20000 avg_latency=0.6841 ms avg throuhgput (requests/sec) = 89.8838 res=false
*==== INFO ====* req_id_count= 13000 stream_id=51996 latency=0.621002 ms (tx_ts=158551487289317, rx_ts=158551487910319) request_id=260384 zil_blk_id=51996 ccf_commit_seqno=260384 nstreams_done_=13000 config.nstreams=20000 avg_latency=0.6840 ms avg throuhgput (requests/sec) = 89.9030 res=false
*==== INFO ====* req_id_count= 13500 stream_id=53996 latency=0.587298 ms (tx_ts=158557270888685, rx_ts=158557271475983) request_id=270827 zil_blk_id=53996 ccf_commit_seqno=270827 nstreams_done_=13500 config.nstreams=20000 avg_latency=0.6855 ms avg throuhgput (requests/sec) = 89.7703 res=false
*==== INFO ====* req_id_count= 14000 stream_id=55996 latency=0.604533 ms (tx_ts=158562812980933, rx_ts=158562813585466) request_id=280847 zil_blk_id=55996 ccf_commit_seqno=280847 nstreams_done_=14000 config.nstreams=20000 avg_latency=0.6861 ms avg throuhgput (requests/sec) = 89.7862 res=false
*==== INFO ====* req_id_count= 14500 stream_id=57996 latency=0.577801 ms (tx_ts=158568344867082, rx_ts=158568345444883) request_id=290875 zil_blk_id=57996 ccf_commit_seqno=290875 nstreams_done_=14500 config.nstreams=20000 avg_latency=0.6861 ms avg throuhgput (requests/sec) = 89.8067 res=false
*==== INFO ====* req_id_count= 15000 stream_id=59996 latency=0.679009 ms (tx_ts=158573876348862, rx_ts=158573877027871) request_id=300934 zil_blk_id=59996 ccf_commit_seqno=300934 nstreams_done_=15000 config.nstreams=20000 avg_latency=0.6860 ms avg throuhgput (requests/sec) = 89.8260 res=false
*==== INFO ====* req_id_count= 15500 stream_id=61996 latency=0.662810 ms (tx_ts=158579400670731, rx_ts=158579401333541) request_id=310981 zil_blk_id=61996 ccf_commit_seqno=310981 nstreams_done_=15500 config.nstreams=20000 avg_latency=0.6853 ms avg throuhgput (requests/sec) = 89.8479 res=false
*==== INFO ====* req_id_count= 16000 stream_id=63996 latency=0.544268 ms (tx_ts=158584920404254, rx_ts=158584920948522) request_id=321021 zil_blk_id=63996 ccf_commit_seqno=321021 nstreams_done_=16000 config.nstreams=20000 avg_latency=0.6844 ms avg throuhgput (requests/sec) = 89.8708 res=false
*==== INFO ====* req_id_count= 16500 stream_id=65996 latency=0.636796 ms (tx_ts=158590444547878, rx_ts=158590445184674) request_id=331071 zil_blk_id=65996 ccf_commit_seqno=331071 nstreams_done_=16500 config.nstreams=20000 avg_latency=0.6837 ms avg throuhgput (requests/sec) = 89.8900 res=false
*==== INFO ====* req_id_count= 17000 stream_id=67996 latency=0.734684 ms (tx_ts=158595985238217, rx_ts=158595985972901) request_id=341145 zil_blk_id=67996 ccf_commit_seqno=341147 nstreams_done_=17000 config.nstreams=20000 avg_latency=0.6843 ms avg throuhgput (requests/sec) = 89.9003 res=false
*==== INFO ====* req_id_count= 17500 stream_id=69996 latency=1.111529 ms (tx_ts=158601518710168, rx_ts=158601519821697) request_id=351202 zil_blk_id=69996 ccf_commit_seqno=351207 nstreams_done_=17500 config.nstreams=20000 avg_latency=0.6844 ms avg throuhgput (requests/sec) = 89.9132 res=false
*==== INFO ====* req_id_count= 18000 stream_id=71996 latency=0.584182 ms (tx_ts=158607056736633, rx_ts=158607057320815) request_id=361281 zil_blk_id=71996 ccf_commit_seqno=361281 nstreams_done_=18000 config.nstreams=20000 avg_latency=0.6847 ms avg throuhgput (requests/sec) = 89.9237 res=false
*==== INFO ====* req_id_count= 18500 stream_id=73996 latency=0.636774 ms (tx_ts=158612587881192, rx_ts=158612588517966) request_id=371350 zil_blk_id=73996 ccf_commit_seqno=371350 nstreams_done_=18500 config.nstreams=20000 avg_latency=0.6846 ms avg throuhgput (requests/sec) = 89.9364 res=false
*==== INFO ====* req_id_count= 19000 stream_id=75996 latency=0.894438 ms (tx_ts=158618129243591, rx_ts=158618130138029) request_id=381408 zil_blk_id=75996 ccf_commit_seqno=381408 nstreams_done_=19000 config.nstreams=20000 avg_latency=0.6849 ms avg throuhgput (requests/sec) = 89.9440 res=false
*==== INFO ====* req_id_count= 19500 stream_id=77996 latency=0.591705 ms (tx_ts=158623654787355, rx_ts=158623655379060) request_id=391449 zil_blk_id=77996 ccf_commit_seqno=391449 nstreams_done_=19500 config.nstreams=20000 avg_latency=0.6846 ms avg throuhgput (requests/sec) = 89.9580 res=false
*==== INFO ====* http_end_stream ALL streams done! nstreams_done_=20000 avg_latency=0.6850 msreq_id_count= 20000
*==== INFO ====* req_id_count= 20000 stream_id=79996 latency=0.636400 ms (tx_ts=158629197358067, rx_ts=158629197994467) request_id=398719 zil_blk_id=79996 ccf_commit_seqno=398719 nstreams_done_=20000 config.nstreams=20000 avg_latency=0.6850 ms avg throuhgput (requests/sec) = 89.9643 res=true
