Uniform: 352040 670090 379509 200725 833427 
Exponential: -2147483648 -2147483648 -2147483648 -2147483648 -2147483648 
Truncated Normal: 791637 458991 479328 547359 549532 
*==== INFO ====* req_id_count= 500 stream_id=1996 latency=1.329516 ms (tx_ts=158412454398609, rx_ts=158412455728125) request_id=9506 zil_blk_id=1996 ccf_commit_seqno=9506 nstreams_done_=500 config.nstreams=20000 avg_latency=0.6311 ms avg throuhgput (requests/sec) = 89.7070 res=false
*==== INFO ====* req_id_count= 1000 stream_id=3996 latency=0.515835 ms (tx_ts=158417959612247, rx_ts=158417960128082) request_id=19313 zil_blk_id=3996 ccf_commit_seqno=19313 nstreams_done_=1000 config.nstreams=20000 avg_latency=0.6385 ms avg throuhgput (requests/sec) = 90.2682 res=false
*==== INFO ====* req_id_count= 1500 stream_id=5996 latency=0.507759 ms (tx_ts=158423455402284, rx_ts=158423455910043) request_id=29183 zil_blk_id=5996 ccf_commit_seqno=29183 nstreams_done_=1500 config.nstreams=20000 avg_latency=0.6343 ms avg throuhgput (requests/sec) = 90.5038 res=false
*==== INFO ====* req_id_count= 2000 stream_id=7996 latency=0.516987 ms (tx_ts=158428952510355, rx_ts=158428953027342) request_id=39062 zil_blk_id=7996 ccf_commit_seqno=39062 nstreams_done_=2000 config.nstreams=20000 avg_latency=0.6313 ms avg throuhgput (requests/sec) = 90.6166 res=false
*==== INFO ====* req_id_count= 2500 stream_id=9996 latency=4.041158 ms (tx_ts=158434460850204, rx_ts=158434464891362) request_id=48988 zil_blk_id=9996 ccf_commit_seqno=48988 nstreams_done_=2500 config.nstreams=20000 avg_latency=0.6325 ms avg throuhgput (requests/sec) = 90.6360 res=false
*==== INFO ====* req_id_count= 3000 stream_id=11996 latency=0.597269 ms (tx_ts=158439970877938, rx_ts=158439971475207) request_id=58918 zil_blk_id=11996 ccf_commit_seqno=58918 nstreams_done_=3000 config.nstreams=20000 avg_latency=0.6342 ms avg throuhgput (requests/sec) = 90.6633 res=false
*==== INFO ====* req_id_count= 3500 stream_id=13996 latency=0.679401 ms (tx_ts=158445451963253, rx_ts=158445452642654) request_id=68799 zil_blk_id=13996 ccf_commit_seqno=68799 nstreams_done_=3500 config.nstreams=20000 avg_latency=0.6307 ms avg throuhgput (requests/sec) = 90.7427 res=false
*==== INFO ====* req_id_count= 4000 stream_id=15996 latency=0.616322 ms (tx_ts=158450954487904, rx_ts=158450955104226) request_id=78742 zil_blk_id=15996 ccf_commit_seqno=78742 nstreams_done_=4000 config.nstreams=20000 avg_latency=0.6306 ms avg throuhgput (requests/sec) = 90.7584 res=false
*==== INFO ====* req_id_count= 4500 stream_id=17996 latency=0.579424 ms (tx_ts=158456463520484, rx_ts=158456464099908) request_id=88702 zil_blk_id=17996 ccf_commit_seqno=88702 nstreams_done_=4500 config.nstreams=20000 avg_latency=0.6323 ms avg throuhgput (requests/sec) = 90.7586 res=false
*==== INFO ====* req_id_count= 5000 stream_id=19996 latency=0.493453 ms (tx_ts=158461948936920, rx_ts=158461949430373) request_id=98649 zil_blk_id=19996 ccf_commit_seqno=98649 nstreams_done_=5000 config.nstreams=20000 avg_latency=0.6295 ms avg throuhgput (requests/sec) = 90.7978 res=false
*==== INFO ====* req_id_count= 5500 stream_id=21996 latency=0.581067 ms (tx_ts=158467452449932, rx_ts=158467453030999) request_id=108627 zil_blk_id=21996 ccf_commit_seqno=108627 nstreams_done_=5500 config.nstreams=20000 avg_latency=0.6313 ms avg throuhgput (requests/sec) = 90.8025 res=false
*==== INFO ====* req_id_count= 6000 stream_id=23996 latency=0.565467 ms (tx_ts=158472955793601, rx_ts=158472956359068) request_id=118501 zil_blk_id=23996 ccf_commit_seqno=118501 nstreams_done_=6000 config.nstreams=20000 avg_latency=0.6325 ms avg throuhgput (requests/sec) = 90.8068 res=false
*==== INFO ====* req_id_count= 6500 stream_id=25996 latency=0.524090 ms (tx_ts=158478459900444, rx_ts=158478460424534) request_id=128390 zil_blk_id=25996 ccf_commit_seqno=128390 nstreams_done_=6500 config.nstreams=20000 avg_latency=0.6338 ms avg throuhgput (requests/sec) = 90.8095 res=false
*==== INFO ====* req_id_count= 7000 stream_id=27996 latency=0.536994 ms (tx_ts=158483982915820, rx_ts=158483983452814) request_id=138322 zil_blk_id=27996 ccf_commit_seqno=138322 nstreams_done_=7000 config.nstreams=20000 avg_latency=0.6358 ms avg throuhgput (requests/sec) = 90.7895 res=false
*==== INFO ====* req_id_count= 7500 stream_id=29996 latency=0.576097 ms (tx_ts=158489484505137, rx_ts=158489485081234) request_id=148204 zil_blk_id=29996 ccf_commit_seqno=148204 nstreams_done_=7500 config.nstreams=20000 avg_latency=0.6368 ms avg throuhgput (requests/sec) = 90.7957 res=false
*==== INFO ====* req_id_count= 8000 stream_id=31996 latency=0.491860 ms (tx_ts=158494993389560, rx_ts=158494993881420) request_id=158132 zil_blk_id=31996 ccf_commit_seqno=158132 nstreams_done_=8000 config.nstreams=20000 avg_latency=0.6367 ms avg throuhgput (requests/sec) = 90.7937 res=false
*==== INFO ====* req_id_count= 8500 stream_id=33996 latency=0.573774 ms (tx_ts=158500503778371, rx_ts=158500504352145) request_id=168043 zil_blk_id=33996 ccf_commit_seqno=168043 nstreams_done_=8500 config.nstreams=20000 avg_latency=0.6372 ms avg throuhgput (requests/sec) = 90.7903 res=false
*==== INFO ====* req_id_count= 9000 stream_id=35996 latency=0.550910 ms (tx_ts=158506010149664, rx_ts=158506010700574) request_id=177956 zil_blk_id=35996 ccf_commit_seqno=177956 nstreams_done_=9000 config.nstreams=20000 avg_latency=0.6377 ms avg throuhgput (requests/sec) = 90.7911 res=false
*==== INFO ====* req_id_count= 9500 stream_id=37996 latency=0.618486 ms (tx_ts=158511530975405, rx_ts=158511531593891) request_id=187932 zil_blk_id=37996 ccf_commit_seqno=187933 nstreams_done_=9500 config.nstreams=20000 avg_latency=0.6376 ms avg throuhgput (requests/sec) = 90.7792 res=false
*==== INFO ====* req_id_count= 10000 stream_id=39996 latency=0.551732 ms (tx_ts=158517032339672, rx_ts=158517032891404) request_id=197909 zil_blk_id=39996 ccf_commit_seqno=197909 nstreams_done_=10000 config.nstreams=20000 avg_latency=0.6367 ms avg throuhgput (requests/sec) = 90.7846 res=false
*==== INFO ====* req_id_count= 10500 stream_id=41996 latency=0.590264 ms (tx_ts=158522537951670, rx_ts=158522538541934) request_id=207883 zil_blk_id=41996 ccf_commit_seqno=207883 nstreams_done_=10500 config.nstreams=20000 avg_latency=0.6372 ms avg throuhgput (requests/sec) = 90.7861 res=false
*==== INFO ====* req_id_count= 11000 stream_id=43996 latency=0.511106 ms (tx_ts=158528033683682, rx_ts=158528034194788) request_id=217838 zil_blk_id=43996 ccf_commit_seqno=217838 nstreams_done_=11000 config.nstreams=20000 avg_latency=0.6363 ms avg throuhgput (requests/sec) = 90.7949 res=false
*==== INFO ====* req_id_count= 11500 stream_id=45996 latency=0.507289 ms (tx_ts=158533523086679, rx_ts=158533523593968) request_id=227801 zil_blk_id=45996 ccf_commit_seqno=227801 nstreams_done_=11500 config.nstreams=20000 avg_latency=0.6355 ms avg throuhgput (requests/sec) = 90.8075 res=false
*==== INFO ====* req_id_count= 12000 stream_id=47996 latency=0.649345 ms (tx_ts=158539033062079, rx_ts=158539033711424) request_id=237798 zil_blk_id=47996 ccf_commit_seqno=237798 nstreams_done_=12000 config.nstreams=20000 avg_latency=0.6365 ms avg throuhgput (requests/sec) = 90.8047 res=false
*==== INFO ====* req_id_count= 12500 stream_id=49996 latency=0.549123 ms (tx_ts=158544552100363, rx_ts=158544552649486) request_id=247801 zil_blk_id=49996 ccf_commit_seqno=247801 nstreams_done_=12500 config.nstreams=20000 avg_latency=0.6371 ms avg throuhgput (requests/sec) = 90.7964 res=false
*==== INFO ====* req_id_count= 13000 stream_id=51996 latency=0.618827 ms (tx_ts=158550048940474, rx_ts=158550049559301) request_id=257778 zil_blk_id=51996 ccf_commit_seqno=257779 nstreams_done_=13000 config.nstreams=20000 avg_latency=0.6369 ms avg throuhgput (requests/sec) = 90.8027 res=false
*==== INFO ====* req_id_count= 13500 stream_id=53996 latency=0.555819 ms (tx_ts=158555541115780, rx_ts=158555541671599) request_id=267709 zil_blk_id=53996 ccf_commit_seqno=267709 nstreams_done_=13500 config.nstreams=20000 avg_latency=0.6359 ms avg throuhgput (requests/sec) = 90.8115 res=false
*==== INFO ====* req_id_count= 14000 stream_id=55996 latency=0.506074 ms (tx_ts=158561040274385, rx_ts=158561040780459) request_id=277644 zil_blk_id=55996 ccf_commit_seqno=277644 nstreams_done_=14000 config.nstreams=20000 avg_latency=0.6355 ms avg throuhgput (requests/sec) = 90.8155 res=false
*==== INFO ====* req_id_count= 14500 stream_id=57996 latency=0.505726 ms (tx_ts=158566548554221, rx_ts=158566549059947) request_id=287619 zil_blk_id=57996 ccf_commit_seqno=287619 nstreams_done_=14500 config.nstreams=20000 avg_latency=0.6354 ms avg throuhgput (requests/sec) = 90.8140 res=false
*==== INFO ====* req_id_count= 15000 stream_id=59996 latency=0.547404 ms (tx_ts=158572053324803, rx_ts=158572053872207) request_id=297625 zil_blk_id=59996 ccf_commit_seqno=297625 nstreams_done_=15000 config.nstreams=20000 avg_latency=0.6358 ms avg throuhgput (requests/sec) = 90.8145 res=false
*==== INFO ====* req_id_count= 15500 stream_id=61996 latency=0.794085 ms (tx_ts=158577587851367, rx_ts=158577588645452) request_id=307685 zil_blk_id=61996 ccf_commit_seqno=307687 nstreams_done_=15500 config.nstreams=20000 avg_latency=0.6377 ms avg throuhgput (requests/sec) = 90.7991 res=false
*==== INFO ====* req_id_count= 16000 stream_id=63996 latency=0.495747 ms (tx_ts=158583097868046, rx_ts=158583098363793) request_id=317703 zil_blk_id=63996 ccf_commit_seqno=317703 nstreams_done_=16000 config.nstreams=20000 avg_latency=0.6375 ms avg throuhgput (requests/sec) = 90.7975 res=false
*==== INFO ====* req_id_count= 16500 stream_id=65996 latency=0.534340 ms (tx_ts=158588591910532, rx_ts=158588592444872) request_id=327700 zil_blk_id=65996 ccf_commit_seqno=327700 nstreams_done_=16500 config.nstreams=20000 avg_latency=0.6372 ms avg throuhgput (requests/sec) = 90.8038 res=false
*==== INFO ====* req_id_count= 17000 stream_id=67996 latency=0.642632 ms (tx_ts=158594091384884, rx_ts=158594092027516) request_id=337702 zil_blk_id=67996 ccf_commit_seqno=337702 nstreams_done_=17000 config.nstreams=20000 avg_latency=0.6366 ms avg throuhgput (requests/sec) = 90.8071 res=false
*==== INFO ====* req_id_count= 17500 stream_id=69996 latency=0.535943 ms (tx_ts=158599606423324, rx_ts=158599606959267) request_id=347725 zil_blk_id=69996 ccf_commit_seqno=347725 nstreams_done_=17500 config.nstreams=20000 avg_latency=0.6368 ms avg throuhgput (requests/sec) = 90.8030 res=false
*==== INFO ====* req_id_count= 18000 stream_id=71996 latency=0.525302 ms (tx_ts=158605105374891, rx_ts=158605105900193) request_id=357724 zil_blk_id=71996 ccf_commit_seqno=357724 nstreams_done_=18000 config.nstreams=20000 avg_latency=0.6366 ms avg throuhgput (requests/sec) = 90.8064 res=false
*==== INFO ====* req_id_count= 18500 stream_id=73996 latency=0.539229 ms (tx_ts=158610590106965, rx_ts=158610590646194) request_id=367705 zil_blk_id=73996 ccf_commit_seqno=367705 nstreams_done_=18500 config.nstreams=20000 avg_latency=0.6358 ms avg throuhgput (requests/sec) = 90.8160 res=false
*==== INFO ====* req_id_count= 19000 stream_id=75996 latency=0.605002 ms (tx_ts=158616093919589, rx_ts=158616094524591) request_id=377711 zil_blk_id=75996 ccf_commit_seqno=377711 nstreams_done_=19000 config.nstreams=20000 avg_latency=0.6358 ms avg throuhgput (requests/sec) = 90.8168 res=false
*==== INFO ====* req_id_count= 19500 stream_id=77996 latency=0.566299 ms (tx_ts=158621612829934, rx_ts=158621613396233) request_id=387735 zil_blk_id=77996 ccf_commit_seqno=387735 nstreams_done_=19500 config.nstreams=20000 avg_latency=0.6367 ms avg throuhgput (requests/sec) = 90.8111 res=false
*==== INFO ====* http_end_stream ALL streams done! nstreams_done_=20000 avg_latency=0.6377 msreq_id_count= 20000
*==== INFO ====* req_id_count= 20000 stream_id=79996 latency=0.596205 ms (tx_ts=158627143897854, rx_ts=158627144494059) request_id=397160 zil_blk_id=79996 ccf_commit_seqno=397160 nstreams_done_=20000 config.nstreams=20000 avg_latency=0.6377 ms avg throuhgput (requests/sec) = 90.8008 res=true
