Uniform: 199800 198707 136228 201575 449078 
Exponential: -2147483648 -2147483648 -2147483648 -2147483648 -2147483648 
Truncated Normal: 298482 494115 299911 665201 541488 
*==== INFO ====* req_id_count= 500 stream_id=1996 latency=0.478455 ms (tx_ts=158417344391313, rx_ts=158417344869768) request_id=18230 zil_blk_id=5140 ccf_commit_seqno=18230 nstreams_done_=500 config.nstreams=20000 avg_latency=0.5909 ms avg throuhgput (requests/sec) = 91.4248 res=false
*==== INFO ====* req_id_count= 1000 stream_id=3996 latency=0.507750 ms (tx_ts=158422845381820, rx_ts=158422845889570) request_id=28098 zil_blk_id=10296 ccf_commit_seqno=28098 nstreams_done_=1000 config.nstreams=20000 avg_latency=0.6026 ms avg throuhgput (requests/sec) = 91.1577 res=false
*==== INFO ====* req_id_count= 1500 stream_id=5996 latency=0.444541 ms (tx_ts=158428315841969, rx_ts=158428316286510) request_id=37928 zil_blk_id=15426 ccf_commit_seqno=37928 nstreams_done_=1500 config.nstreams=20000 avg_latency=0.5909 ms avg throuhgput (requests/sec) = 91.2387 res=false
*==== INFO ====* req_id_count= 2000 stream_id=7996 latency=1.214874 ms (tx_ts=158433795428951, rx_ts=158433796643825) request_id=47792 zil_blk_id=20565 ccf_commit_seqno=47792 nstreams_done_=2000 config.nstreams=20000 avg_latency=0.5900 ms avg throuhgput (requests/sec) = 91.2378 res=false
*==== INFO ====* req_id_count= 2500 stream_id=9996 latency=0.494897 ms (tx_ts=158439295724360, rx_ts=158439296219257) request_id=57702 zil_blk_id=25722 ccf_commit_seqno=57702 nstreams_done_=2500 config.nstreams=20000 avg_latency=0.5955 ms avg throuhgput (requests/sec) = 91.1732 res=false
*==== INFO ====* req_id_count= 3000 stream_id=11996 latency=0.606374 ms (tx_ts=158444771169121, rx_ts=158444771775495) request_id=67582 zil_blk_id=30846 ccf_commit_seqno=67582 nstreams_done_=3000 config.nstreams=20000 avg_latency=0.5927 ms avg throuhgput (requests/sec) = 91.1968 res=false
*==== INFO ====* req_id_count= 3500 stream_id=13996 latency=0.500496 ms (tx_ts=158450262950105, rx_ts=158450263450601) request_id=77502 zil_blk_id=35984 ccf_commit_seqno=77502 nstreams_done_=3500 config.nstreams=20000 avg_latency=0.5947 ms avg throuhgput (requests/sec) = 91.1754 res=false
*==== INFO ====* req_id_count= 4000 stream_id=15996 latency=0.612395 ms (tx_ts=158455759183858, rx_ts=158455759796253) request_id=87446 zil_blk_id=41129 ccf_commit_seqno=87447 nstreams_done_=4000 config.nstreams=20000 avg_latency=0.5947 ms avg throuhgput (requests/sec) = 91.1496 res=false
*==== INFO ====* req_id_count= 4500 stream_id=17996 latency=0.626041 ms (tx_ts=158461273635414, rx_ts=158461274261455) request_id=97428 zil_blk_id=46298 ccf_commit_seqno=97428 nstreams_done_=4500 config.nstreams=20000 avg_latency=0.6018 ms avg throuhgput (requests/sec) = 91.0961 res=false
*==== INFO ====* req_id_count= 5000 stream_id=19996 latency=0.596576 ms (tx_ts=158466762322898, rx_ts=158466762919474) request_id=107378 zil_blk_id=51440 ccf_commit_seqno=107378 nstreams_done_=5000 config.nstreams=20000 avg_latency=0.6023 ms avg throuhgput (requests/sec) = 91.0962 res=false
*==== INFO ====* req_id_count= 5500 stream_id=21996 latency=0.474518 ms (tx_ts=158472236378704, rx_ts=158472236853222) request_id=117214 zil_blk_id=56567 ccf_commit_seqno=117214 nstreams_done_=5500 config.nstreams=20000 avg_latency=0.5989 ms avg throuhgput (requests/sec) = 91.1185 res=false
*==== INFO ====* req_id_count= 6000 stream_id=23996 latency=0.492551 ms (tx_ts=158477721449358, rx_ts=158477721941909) request_id=127068 zil_blk_id=61713 ccf_commit_seqno=127068 nstreams_done_=6000 config.nstreams=20000 avg_latency=0.5994 ms avg throuhgput (requests/sec) = 91.1216 res=false
*==== INFO ====* req_id_count= 6500 stream_id=25996 latency=0.516656 ms (tx_ts=158483196504797, rx_ts=158483197021453) request_id=136910 zil_blk_id=66836 ccf_commit_seqno=136910 nstreams_done_=6500 config.nstreams=20000 avg_latency=0.5976 ms avg throuhgput (requests/sec) = 91.1371 res=false
*==== INFO ====* req_id_count= 7000 stream_id=27996 latency=0.474938 ms (tx_ts=158488668462521, rx_ts=158488668937459) request_id=146738 zil_blk_id=71967 ccf_commit_seqno=146738 nstreams_done_=7000 config.nstreams=20000 avg_latency=0.5961 ms avg throuhgput (requests/sec) = 91.1541 res=false
*==== INFO ====* req_id_count= 7500 stream_id=29996 latency=0.622243 ms (tx_ts=158494138183854, rx_ts=158494138806097) request_id=156591 zil_blk_id=77088 ccf_commit_seqno=156592 nstreams_done_=7500 config.nstreams=20000 avg_latency=0.5946 ms avg throuhgput (requests/sec) = 91.1711 res=false
*==== INFO ====* req_id_count= 8000 stream_id=31996 latency=0.595674 ms (tx_ts=158499621102103, rx_ts=158499621697777) request_id=166463 zil_blk_id=82229 ccf_commit_seqno=166463 nstreams_done_=8000 config.nstreams=20000 avg_latency=0.5942 ms avg throuhgput (requests/sec) = 91.1725 res=false
*==== INFO ====* req_id_count= 8500 stream_id=33996 latency=0.604841 ms (tx_ts=158505086479426, rx_ts=158505087084267) request_id=176300 zil_blk_id=87352 ccf_commit_seqno=176301 nstreams_done_=8500 config.nstreams=20000 avg_latency=0.5921 ms avg throuhgput (requests/sec) = 91.1908 res=false
*==== INFO ====* req_id_count= 9000 stream_id=35996 latency=0.531794 ms (tx_ts=158510536510840, rx_ts=158510537042634) request_id=186129 zil_blk_id=92462 ccf_commit_seqno=186129 nstreams_done_=9000 config.nstreams=20000 avg_latency=0.5891 ms avg throuhgput (requests/sec) = 91.2213 res=false
*==== INFO ====* req_id_count= 9500 stream_id=37996 latency=0.535341 ms (tx_ts=158516016225013, rx_ts=158516016760354) request_id=196069 zil_blk_id=97602 ccf_commit_seqno=196069 nstreams_done_=9500 config.nstreams=20000 avg_latency=0.5892 ms avg throuhgput (requests/sec) = 91.2226 res=false
*==== INFO ====* req_id_count= 10000 stream_id=39996 latency=0.575617 ms (tx_ts=158521485600165, rx_ts=158521486175782) request_id=205976 zil_blk_id=102730 ccf_commit_seqno=205976 nstreams_done_=10000 config.nstreams=20000 avg_latency=0.5887 ms avg throuhgput (requests/sec) = 91.2323 res=false
*==== INFO ====* req_id_count= 10500 stream_id=41996 latency=0.493212 ms (tx_ts=158526968782093, rx_ts=158526969275305) request_id=215912 zil_blk_id=107869 ccf_commit_seqno=215912 nstreams_done_=10500 config.nstreams=20000 avg_latency=0.5888 ms avg throuhgput (requests/sec) = 91.2303 res=false
*==== INFO ====* req_id_count= 11000 stream_id=43996 latency=0.510986 ms (tx_ts=158532448999219, rx_ts=158532449510205) request_id=225845 zil_blk_id=113015 ccf_commit_seqno=225845 nstreams_done_=11000 config.nstreams=20000 avg_latency=0.5887 ms avg throuhgput (requests/sec) = 91.2306 res=false
*==== INFO ====* req_id_count= 11500 stream_id=45996 latency=0.579193 ms (tx_ts=158537927745951, rx_ts=158537928325144) request_id=235792 zil_blk_id=118151 ccf_commit_seqno=235792 nstreams_done_=11500 config.nstreams=20000 avg_latency=0.5888 ms avg throuhgput (requests/sec) = 91.2319 res=false
*==== INFO ====* req_id_count= 12000 stream_id=47996 latency=0.525793 ms (tx_ts=158543427083911, rx_ts=158543427609704) request_id=245772 zil_blk_id=123308 ccf_commit_seqno=245772 nstreams_done_=12000 config.nstreams=20000 avg_latency=0.5894 ms avg throuhgput (requests/sec) = 91.2189 res=false
*==== INFO ====* req_id_count= 12500 stream_id=49996 latency=0.478375 ms (tx_ts=158548925149934, rx_ts=158548925628309) request_id=255733 zil_blk_id=128463 ccf_commit_seqno=255733 nstreams_done_=12500 config.nstreams=20000 avg_latency=0.5905 ms avg throuhgput (requests/sec) = 91.2078 res=false
*==== INFO ====* req_id_count= 13000 stream_id=51996 latency=0.947913 ms (tx_ts=158554410138819, rx_ts=158554411086732) request_id=265668 zil_blk_id=133605 ccf_commit_seqno=265668 nstreams_done_=13000 config.nstreams=20000 avg_latency=0.5901 ms avg throuhgput (requests/sec) = 91.2055 res=false
*==== INFO ====* req_id_count= 13500 stream_id=53996 latency=0.495817 ms (tx_ts=158559867438548, rx_ts=158559867934365) request_id=275527 zil_blk_id=138718 ccf_commit_seqno=275527 nstreams_done_=13500 config.nstreams=20000 avg_latency=0.5887 ms avg throuhgput (requests/sec) = 91.2211 res=false
*==== INFO ====* req_id_count= 14000 stream_id=55996 latency=0.513210 ms (tx_ts=158565333710386, rx_ts=158565334223596) request_id=285415 zil_blk_id=143840 ccf_commit_seqno=285415 nstreams_done_=14000 config.nstreams=20000 avg_latency=0.5874 ms avg throuhgput (requests/sec) = 91.2300 res=false
*==== INFO ====* req_id_count= 14500 stream_id=57996 latency=0.490909 ms (tx_ts=158570806464469, rx_ts=158570806955378) request_id=295364 zil_blk_id=148971 ccf_commit_seqno=295364 nstreams_done_=14500 config.nstreams=20000 avg_latency=0.5868 ms avg throuhgput (requests/sec) = 91.2345 res=false
*==== INFO ====* req_id_count= 15000 stream_id=59996 latency=0.498632 ms (tx_ts=158576276961137, rx_ts=158576277459769) request_id=305304 zil_blk_id=154110 ccf_commit_seqno=305304 nstreams_done_=15000 config.nstreams=20000 avg_latency=0.5861 ms avg throuhgput (requests/sec) = 91.2400 res=false
*==== INFO ====* req_id_count= 15500 stream_id=61996 latency=0.705279 ms (tx_ts=158581754746565, rx_ts=158581755451844) request_id=315259 zil_blk_id=159248 ccf_commit_seqno=315259 nstreams_done_=15500 config.nstreams=20000 avg_latency=0.5856 ms avg throuhgput (requests/sec) = 91.2411 res=false
*==== INFO ====* req_id_count= 16000 stream_id=63996 latency=0.499975 ms (tx_ts=158587234057137, rx_ts=158587234557112) request_id=325223 zil_blk_id=164385 ccf_commit_seqno=325223 nstreams_done_=16000 config.nstreams=20000 avg_latency=0.5855 ms avg throuhgput (requests/sec) = 91.2416 res=false
*==== INFO ====* req_id_count= 16500 stream_id=65996 latency=0.601004 ms (tx_ts=158592707538363, rx_ts=158592708139367) request_id=335188 zil_blk_id=169521 ccf_commit_seqno=335188 nstreams_done_=16500 config.nstreams=20000 avg_latency=0.5847 ms avg throuhgput (requests/sec) = 91.2448 res=false
*==== INFO ====* req_id_count= 17000 stream_id=67996 latency=0.491920 ms (tx_ts=158598182648767, rx_ts=158598183140687) request_id=345137 zil_blk_id=174665 ccf_commit_seqno=345137 nstreams_done_=17000 config.nstreams=20000 avg_latency=0.5842 ms avg throuhgput (requests/sec) = 91.2471 res=false
*==== INFO ====* req_id_count= 17500 stream_id=69996 latency=0.492501 ms (tx_ts=158603657129592, rx_ts=158603657622093) request_id=355092 zil_blk_id=179809 ccf_commit_seqno=355092 nstreams_done_=17500 config.nstreams=20000 avg_latency=0.5838 ms avg throuhgput (requests/sec) = 91.2496 res=false
*==== INFO ====* req_id_count= 18000 stream_id=71996 latency=0.574384 ms (tx_ts=158609119603127, rx_ts=158609120177511) request_id=365036 zil_blk_id=184930 ccf_commit_seqno=365037 nstreams_done_=18000 config.nstreams=20000 avg_latency=0.5831 ms avg throuhgput (requests/sec) = 91.2574 res=false
*==== INFO ====* req_id_count= 18500 stream_id=73996 latency=0.466232 ms (tx_ts=158614583597448, rx_ts=158614584063680) request_id=374972 zil_blk_id=190047 ccf_commit_seqno=374972 nstreams_done_=18500 config.nstreams=20000 avg_latency=0.5823 ms avg throuhgput (requests/sec) = 91.2642 res=false
*==== INFO ====* req_id_count= 19000 stream_id=75996 latency=0.462335 ms (tx_ts=158620064623371, rx_ts=158620065085706) request_id=384922 zil_blk_id=195182 ccf_commit_seqno=384922 nstreams_done_=19000 config.nstreams=20000 avg_latency=0.5824 ms avg throuhgput (requests/sec) = 91.2631 res=false
*==== INFO ====* req_id_count= 19500 stream_id=77996 latency=0.595508 ms (tx_ts=158625542629571, rx_ts=158625543225079) request_id=394845 zil_blk_id=200313 ccf_commit_seqno=394845 nstreams_done_=19500 config.nstreams=20000 avg_latency=0.5822 ms avg throuhgput (requests/sec) = 91.2634 res=false
*==== INFO ====* http_end_stream ALL streams done! nstreams_done_=20000 avg_latency=0.5829 msreq_id_count= 20000
*==== INFO ====* req_id_count= 20000 stream_id=79996 latency=0.459800 ms (tx_ts=158631042844911, rx_ts=158631043304711) request_id=399421 zil_blk_id=205467 ccf_commit_seqno=399421 nstreams_done_=20000 config.nstreams=20000 avg_latency=0.5829 ms avg throuhgput (requests/sec) = 91.2544 res=true
ngtcp2_conn_read_pkt: ERR_DRAINING
