Uniform: 237275 665344 532697 418362 250123 
Exponential: -2147483648 -2147483648 -2147483648 -2147483648 -2147483648 
Truncated Normal: 434146 683836 694632 793382 595211 
*==== INFO ====* req_id_count= 500 stream_id=1996 latency=0.451164 ms (tx_ts=158412335110987, rx_ts=158412335562151) request_id=9304 zil_blk_id=442 ccf_commit_seqno=9304 nstreams_done_=500 config.nstreams=20000 avg_latency=0.5721 ms avg throuhgput (requests/sec) = 91.6902 res=false
*==== INFO ====* req_id_count= 1000 stream_id=3996 latency=0.494324 ms (tx_ts=158417794347022, rx_ts=158417794841346) request_id=19031 zil_blk_id=5556 ccf_commit_seqno=19031 nstreams_done_=1000 config.nstreams=20000 avg_latency=0.5645 ms avg throuhgput (requests/sec) = 91.6387 res=false
*==== INFO ====* req_id_count= 1500 stream_id=5996 latency=0.519982 ms (tx_ts=158423249783727, rx_ts=158423250303709) request_id=28829 zil_blk_id=10670 ccf_commit_seqno=28829 nstreams_done_=1500 config.nstreams=20000 avg_latency=0.5633 ms avg throuhgput (requests/sec) = 91.6429 res=false
*==== INFO ====* req_id_count= 2000 stream_id=7996 latency=0.469739 ms (tx_ts=158428717375625, rx_ts=158428717845364) request_id=38649 zil_blk_id=15794 ccf_commit_seqno=38649 nstreams_done_=2000 config.nstreams=20000 avg_latency=0.5646 ms avg throuhgput (requests/sec) = 91.5943 res=false
*==== INFO ====* req_id_count= 2500 stream_id=9996 latency=0.520284 ms (tx_ts=158434179712715, rx_ts=158434180232999) request_id=48483 zil_blk_id=20916 ccf_commit_seqno=48483 nstreams_done_=2500 config.nstreams=20000 avg_latency=0.5667 ms avg throuhgput (requests/sec) = 91.5824 res=false
*==== INFO ====* req_id_count= 3000 stream_id=11996 latency=0.539191 ms (tx_ts=158439645310401, rx_ts=158439645849592) request_id=58333 zil_blk_id=26041 ccf_commit_seqno=58333 nstreams_done_=3000 config.nstreams=20000 avg_latency=0.5676 ms avg throuhgput (requests/sec) = 91.5655 res=false
*==== INFO ====* req_id_count= 3500 stream_id=13996 latency=0.533718 ms (tx_ts=158445093121347, rx_ts=158445093655065) request_id=68163 zil_blk_id=31146 ccf_commit_seqno=68163 nstreams_done_=3500 config.nstreams=20000 avg_latency=0.5641 ms avg throuhgput (requests/sec) = 91.5961 res=false
*==== INFO ====* req_id_count= 4000 stream_id=15996 latency=0.612926 ms (tx_ts=158450546166911, rx_ts=158450546779837) request_id=78012 zil_blk_id=36256 ccf_commit_seqno=78012 nstreams_done_=4000 config.nstreams=20000 avg_latency=0.5626 ms avg throuhgput (requests/sec) = 91.6079 res=false
*==== INFO ====* req_id_count= 4500 stream_id=17996 latency=0.603047 ms (tx_ts=158456024089900, rx_ts=158456024692947) request_id=87915 zil_blk_id=41387 ccf_commit_seqno=87916 nstreams_done_=4500 config.nstreams=20000 avg_latency=0.5661 ms avg throuhgput (requests/sec) = 91.5708 res=false
*==== INFO ====* req_id_count= 5000 stream_id=19996 latency=0.569605 ms (tx_ts=158461473179868, rx_ts=158461473749473) request_id=97795 zil_blk_id=46490 ccf_commit_seqno=97795 nstreams_done_=5000 config.nstreams=20000 avg_latency=0.5636 ms avg throuhgput (requests/sec) = 91.5896 res=false
*==== INFO ====* req_id_count= 5500 stream_id=21996 latency=0.496909 ms (tx_ts=158466926022181, rx_ts=158466926519090) request_id=107670 zil_blk_id=51601 ccf_commit_seqno=107670 nstreams_done_=5500 config.nstreams=20000 avg_latency=0.5628 ms avg throuhgput (requests/sec) = 91.5993 res=false
*==== INFO ====* req_id_count= 6000 stream_id=23996 latency=0.472784 ms (tx_ts=158472376714229, rx_ts=158472377187013) request_id=117469 zil_blk_id=56712 ccf_commit_seqno=117469 nstreams_done_=6000 config.nstreams=20000 avg_latency=0.5616 ms avg throuhgput (requests/sec) = 91.6104 res=false
*==== INFO ====* req_id_count= 6500 stream_id=25996 latency=0.583692 ms (tx_ts=158477853605674, rx_ts=158477854189366) request_id=127304 zil_blk_id=61838 ccf_commit_seqno=127304 nstreams_done_=6500 config.nstreams=20000 avg_latency=0.5627 ms avg throuhgput (requests/sec) = 91.5857 res=false
*==== INFO ====* req_id_count= 7000 stream_id=27996 latency=0.443319 ms (tx_ts=158483305494438, rx_ts=158483305937757) request_id=137106 zil_blk_id=66950 ccf_commit_seqno=137106 nstreams_done_=7000 config.nstreams=20000 avg_latency=0.5625 ms avg throuhgput (requests/sec) = 91.5948 res=false
*==== INFO ====* req_id_count= 7500 stream_id=29996 latency=0.446364 ms (tx_ts=158488759405483, rx_ts=158488759851847) request_id=146901 zil_blk_id=72056 ccf_commit_seqno=146901 nstreams_done_=7500 config.nstreams=20000 avg_latency=0.5622 ms avg throuhgput (requests/sec) = 91.6003 res=false
*==== INFO ====* req_id_count= 8000 stream_id=31996 latency=0.458077 ms (tx_ts=158494211045056, rx_ts=158494211503133) request_id=156719 zil_blk_id=77164 ccf_commit_seqno=156719 nstreams_done_=8000 config.nstreams=20000 avg_latency=0.5618 ms avg throuhgput (requests/sec) = 91.6075 res=false
*==== INFO ====* req_id_count= 8500 stream_id=33996 latency=0.598780 ms (tx_ts=158499687356384, rx_ts=158499687955164) request_id=166578 zil_blk_id=82285 ccf_commit_seqno=166578 nstreams_done_=8500 config.nstreams=20000 avg_latency=0.5637 ms avg throuhgput (requests/sec) = 91.5894 res=false
*==== INFO ====* req_id_count= 9000 stream_id=35996 latency=0.546703 ms (tx_ts=158505169474657, rx_ts=158505170021360) request_id=176444 zil_blk_id=87429 ccf_commit_seqno=176444 nstreams_done_=9000 config.nstreams=20000 avg_latency=0.5648 ms avg throuhgput (requests/sec) = 91.5680 res=false
*==== INFO ====* req_id_count= 9500 stream_id=37996 latency=0.503361 ms (tx_ts=158510623281994, rx_ts=158510623785355) request_id=186284 zil_blk_id=92539 ccf_commit_seqno=186284 nstreams_done_=9500 config.nstreams=20000 avg_latency=0.5644 ms avg throuhgput (requests/sec) = 91.5739 res=false
*==== INFO ====* req_id_count= 10000 stream_id=39996 latency=0.628445 ms (tx_ts=158516063961594, rx_ts=158516064590039) request_id=196152 zil_blk_id=97642 ccf_commit_seqno=196152 nstreams_done_=10000 config.nstreams=20000 avg_latency=0.5633 ms avg throuhgput (requests/sec) = 91.5900 res=false
*==== INFO ====* req_id_count= 10500 stream_id=41996 latency=0.612085 ms (tx_ts=158521529454299, rx_ts=158521530066384) request_id=206057 zil_blk_id=102768 ccf_commit_seqno=206057 nstreams_done_=10500 config.nstreams=20000 avg_latency=0.5643 ms avg throuhgput (requests/sec) = 91.5850 res=false
*==== INFO ====* req_id_count= 11000 stream_id=43996 latency=0.538327 ms (tx_ts=158527007924361, rx_ts=158527008462688) request_id=215980 zil_blk_id=107908 ccf_commit_seqno=215980 nstreams_done_=11000 config.nstreams=20000 avg_latency=0.5656 ms avg throuhgput (requests/sec) = 91.5705 res=false
*==== INFO ====* req_id_count= 11500 stream_id=45996 latency=0.570327 ms (tx_ts=158532462465794, rx_ts=158532463036121) request_id=225873 zil_blk_id=113028 ccf_commit_seqno=225873 nstreams_done_=11500 config.nstreams=20000 avg_latency=0.5653 ms avg throuhgput (requests/sec) = 91.5746 res=false
*==== INFO ====* req_id_count= 12000 stream_id=47996 latency=0.446776 ms (tx_ts=158537951438593, rx_ts=158537951885369) request_id=235836 zil_blk_id=118173 ccf_commit_seqno=235836 nstreams_done_=12000 config.nstreams=20000 avg_latency=0.5667 ms avg throuhgput (requests/sec) = 91.5545 res=false
*==== INFO ====* req_id_count= 12500 stream_id=49996 latency=0.458067 ms (tx_ts=158543410150971, rx_ts=158543410609038) request_id=245747 zil_blk_id=123294 ccf_commit_seqno=245747 nstreams_done_=12500 config.nstreams=20000 avg_latency=0.5664 ms avg throuhgput (requests/sec) = 91.5562 res=false
*==== INFO ====* req_id_count= 13000 stream_id=51996 latency=0.492341 ms (tx_ts=158548879053408, rx_ts=158548879545749) request_id=255652 zil_blk_id=128426 ccf_commit_seqno=255652 nstreams_done_=13000 config.nstreams=20000 avg_latency=0.5666 ms avg throuhgput (requests/sec) = 91.5511 res=false
*==== INFO ====* req_id_count= 13500 stream_id=53996 latency=0.567882 ms (tx_ts=158554365667846, rx_ts=158554366235728) request_id=265587 zil_blk_id=133572 ccf_commit_seqno=265587 nstreams_done_=13500 config.nstreams=20000 avg_latency=0.5675 ms avg throuhgput (requests/sec) = 91.5355 res=false
*==== INFO ====* req_id_count= 14000 stream_id=55996 latency=0.591747 ms (tx_ts=158559834161607, rx_ts=158559834753354) request_id=275466 zil_blk_id=138699 ccf_commit_seqno=275467 nstreams_done_=14000 config.nstreams=20000 avg_latency=0.5675 ms avg throuhgput (requests/sec) = 91.5318 res=false
*==== INFO ====* req_id_count= 14500 stream_id=57996 latency=0.539850 ms (tx_ts=158565324018990, rx_ts=158565324558840) request_id=285398 zil_blk_id=143850 ccf_commit_seqno=285398 nstreams_done_=14500 config.nstreams=20000 avg_latency=0.5686 ms avg throuhgput (requests/sec) = 91.5161 res=false
*==== INFO ====* req_id_count= 15000 stream_id=59996 latency=0.522197 ms (tx_ts=158570793501255, rx_ts=158570794023452) request_id=295338 zil_blk_id=148974 ccf_commit_seqno=295338 nstreams_done_=15000 config.nstreams=20000 avg_latency=0.5685 ms avg throuhgput (requests/sec) = 91.5127 res=false
*==== INFO ====* req_id_count= 15500 stream_id=61996 latency=0.470680 ms (tx_ts=158576259737725, rx_ts=158576260208405) request_id=305272 zil_blk_id=154102 ccf_commit_seqno=305272 nstreams_done_=15500 config.nstreams=20000 avg_latency=0.5686 ms avg throuhgput (requests/sec) = 91.5114 res=false
*==== INFO ====* req_id_count= 16000 stream_id=63996 latency=0.461814 ms (tx_ts=158581718097818, rx_ts=158581718559632) request_id=315194 zil_blk_id=159220 ccf_commit_seqno=315194 nstreams_done_=16000 config.nstreams=20000 avg_latency=0.5686 ms avg throuhgput (requests/sec) = 91.5143 res=false
*==== INFO ====* req_id_count= 16500 stream_id=65996 latency=0.612256 ms (tx_ts=158587167996648, rx_ts=158587168608904) request_id=325104 zil_blk_id=164335 ccf_commit_seqno=325104 nstreams_done_=16500 config.nstreams=20000 avg_latency=0.5677 ms avg throuhgput (requests/sec) = 91.5212 res=false
*==== INFO ====* req_id_count= 17000 stream_id=67996 latency=0.609270 ms (tx_ts=158592641367468, rx_ts=158592641976738) request_id=335066 zil_blk_id=169472 ccf_commit_seqno=335068 nstreams_done_=17000 config.nstreams=20000 avg_latency=0.5682 ms avg throuhgput (requests/sec) = 91.5162 res=false
*==== INFO ====* req_id_count= 17500 stream_id=69996 latency=1.497241 ms (tx_ts=158598098487988, rx_ts=158598099985229) request_id=344995 zil_blk_id=174594 ccf_commit_seqno=344995 nstreams_done_=17500 config.nstreams=20000 avg_latency=0.5680 ms avg throuhgput (requests/sec) = 91.5188 res=false
*==== INFO ====* req_id_count= 18000 stream_id=71996 latency=0.424023 ms (tx_ts=158603550874112, rx_ts=158603551298135) request_id=354905 zil_blk_id=179713 ccf_commit_seqno=354905 nstreams_done_=18000 config.nstreams=20000 avg_latency=0.5675 ms avg throuhgput (requests/sec) = 91.5244 res=false
*==== INFO ====* req_id_count= 18500 stream_id=73996 latency=0.517127 ms (tx_ts=158608998660071, rx_ts=158608999177198) request_id=364811 zil_blk_id=184824 ccf_commit_seqno=364811 nstreams_done_=18500 config.nstreams=20000 avg_latency=0.5669 ms avg throuhgput (requests/sec) = 91.5313 res=false
*==== INFO ====* req_id_count= 19000 stream_id=75996 latency=0.478946 ms (tx_ts=158614464870533, rx_ts=158614465349479) request_id=374755 zil_blk_id=189949 ccf_commit_seqno=374755 nstreams_done_=19000 config.nstreams=20000 avg_latency=0.5670 ms avg throuhgput (requests/sec) = 91.5297 res=false
*==== INFO ====* req_id_count= 19500 stream_id=77996 latency=0.528679 ms (tx_ts=158619932689168, rx_ts=158619933217847) request_id=384681 zil_blk_id=195078 ccf_commit_seqno=384681 nstreams_done_=19500 config.nstreams=20000 avg_latency=0.5675 ms avg throuhgput (requests/sec) = 91.5275 res=false
*==== INFO ====* http_end_stream ALL streams done! nstreams_done_=20000 avg_latency=0.5672 msreq_id_count= 20000
*==== INFO ====* req_id_count= 20000 stream_id=79996 latency=0.476600 ms (tx_ts=158625386547428, rx_ts=158625387024028) request_id=394583 zil_blk_id=200189 ccf_commit_seqno=394583 nstreams_done_=20000 config.nstreams=20000 avg_latency=0.5672 ms avg throuhgput (requests/sec) = 91.5313 res=true
