Uniform: 211476 487530 859372 575697 910850 
Exponential: -2147483648 -2147483648 -2147483648 -2147483648 -2147483648 
Truncated Normal: 403246 968901 510452 602605 252272 
*==== INFO ====* req_id_count= 500 stream_id=1996 latency=0.540060 ms (tx_ts=158412368879007, rx_ts=158412369419067) request_id=9364 zil_blk_id=473 ccf_commit_seqno=9364 nstreams_done_=500 config.nstreams=20000 avg_latency=0.6256 ms avg throuhgput (requests/sec) = 91.1303 res=false
*==== INFO ====* req_id_count= 1000 stream_id=3996 latency=0.709387 ms (tx_ts=158417850862949, rx_ts=158417851572336) request_id=19130 zil_blk_id=5605 ccf_commit_seqno=19133 nstreams_done_=1000 config.nstreams=20000 avg_latency=0.6086 ms avg throuhgput (requests/sec) = 91.1676 res=false
*==== INFO ====* req_id_count= 1500 stream_id=5996 latency=1.566039 ms (tx_ts=158423310968147, rx_ts=158423312534186) request_id=28929 zil_blk_id=10721 ccf_commit_seqno=28929 nstreams_done_=1500 config.nstreams=20000 avg_latency=0.5970 ms avg throuhgput (requests/sec) = 91.2977 res=false
*==== INFO ====* req_id_count= 2000 stream_id=7996 latency=0.471442 ms (tx_ts=158428771723443, rx_ts=158428772194885) request_id=38748 zil_blk_id=15836 ccf_commit_seqno=38748 nstreams_done_=2000 config.nstreams=20000 avg_latency=0.5881 ms avg throuhgput (requests/sec) = 91.3683 res=false
*==== INFO ====* req_id_count= 2500 stream_id=9996 latency=0.531324 ms (tx_ts=158434227873049, rx_ts=158434228404373) request_id=48566 zil_blk_id=20946 ccf_commit_seqno=48567 nstreams_done_=2500 config.nstreams=20000 avg_latency=0.5834 ms avg throuhgput (requests/sec) = 91.4223 res=false
*==== INFO ====* req_id_count= 3000 stream_id=11996 latency=0.599003 ms (tx_ts=158439683312578, rx_ts=158439683911581) request_id=58404 zil_blk_id=26060 ccf_commit_seqno=58404 nstreams_done_=3000 config.nstreams=20000 avg_latency=0.5801 ms avg throuhgput (requests/sec) = 91.4602 res=false
*==== INFO ====* req_id_count= 3500 stream_id=13996 latency=0.525994 ms (tx_ts=158445152109635, rx_ts=158445152635629) request_id=68266 zil_blk_id=31186 ccf_commit_seqno=68266 nstreams_done_=3500 config.nstreams=20000 avg_latency=0.5805 ms avg throuhgput (requests/sec) = 91.4558 res=false
*==== INFO ====* req_id_count= 4000 stream_id=15996 latency=0.542735 ms (tx_ts=158450610988151, rx_ts=158450611530886) request_id=78124 zil_blk_id=36291 ccf_commit_seqno=78124 nstreams_done_=4000 config.nstreams=20000 avg_latency=0.5783 ms avg throuhgput (requests/sec) = 91.4730 res=false
*==== INFO ====* req_id_count= 4500 stream_id=17996 latency=1.594331 ms (tx_ts=158456087348508, rx_ts=158456088942839) request_id=88025 zil_blk_id=41419 ccf_commit_seqno=88025 nstreams_done_=4500 config.nstreams=20000 avg_latency=0.5813 ms avg throuhgput (requests/sec) = 91.4519 res=false
*==== INFO ====* req_id_count= 5000 stream_id=19996 latency=0.588460 ms (tx_ts=158461557928722, rx_ts=158461558517182) request_id=97939 zil_blk_id=46544 ccf_commit_seqno=97940 nstreams_done_=5000 config.nstreams=20000 avg_latency=0.5817 ms avg throuhgput (requests/sec) = 91.4482 res=false
*==== INFO ====* req_id_count= 5500 stream_id=21996 latency=1.175999 ms (tx_ts=158467023844022, rx_ts=158467025020021) request_id=107847 zil_blk_id=51670 ccf_commit_seqno=107847 nstreams_done_=5500 config.nstreams=20000 avg_latency=0.5804 ms avg throuhgput (requests/sec) = 91.4499 res=false
*==== INFO ====* req_id_count= 6000 stream_id=23996 latency=0.470279 ms (tx_ts=158472497435160, rx_ts=158472497905439) request_id=117686 zil_blk_id=56801 ccf_commit_seqno=117686 nstreams_done_=6000 config.nstreams=20000 avg_latency=0.5813 ms avg throuhgput (requests/sec) = 91.4423 res=false
*==== INFO ====* req_id_count= 6500 stream_id=25996 latency=0.601415 ms (tx_ts=158477984603507, rx_ts=158477985204922) request_id=127537 zil_blk_id=61949 ccf_commit_seqno=127538 nstreams_done_=6500 config.nstreams=20000 avg_latency=0.5840 ms avg throuhgput (requests/sec) = 91.4174 res=false
*==== INFO ====* req_id_count= 7000 stream_id=27996 latency=0.497159 ms (tx_ts=158483474101736, rx_ts=158483474598895) request_id=137405 zil_blk_id=67097 ccf_commit_seqno=137405 nstreams_done_=7000 config.nstreams=20000 avg_latency=0.5864 ms avg throuhgput (requests/sec) = 91.3936 res=false
*==== INFO ====* req_id_count= 7500 stream_id=29996 latency=0.509924 ms (tx_ts=158488952833757, rx_ts=158488953343681) request_id=147251 zil_blk_id=72235 ccf_commit_seqno=147251 nstreams_done_=7500 config.nstreams=20000 avg_latency=0.5879 ms avg throuhgput (requests/sec) = 91.3848 res=false
*==== INFO ====* req_id_count= 8000 stream_id=31996 latency=0.675734 ms (tx_ts=158494412570651, rx_ts=158494413246385) request_id=157083 zil_blk_id=77352 ccf_commit_seqno=157085 nstreams_done_=8000 config.nstreams=20000 avg_latency=0.5866 ms avg throuhgput (requests/sec) = 91.3967 res=false
*==== INFO ====* req_id_count= 8500 stream_id=33996 latency=0.515073 ms (tx_ts=158499896693144, rx_ts=158499897208217) request_id=166950 zil_blk_id=82486 ccf_commit_seqno=166950 nstreams_done_=8500 config.nstreams=20000 avg_latency=0.5879 ms avg throuhgput (requests/sec) = 91.3837 res=false
*==== INFO ====* req_id_count= 9000 stream_id=35996 latency=0.591192 ms (tx_ts=158505381572377, rx_ts=158505382163569) request_id=176825 zil_blk_id=87630 ccf_commit_seqno=176827 nstreams_done_=9000 config.nstreams=20000 avg_latency=0.5890 ms avg throuhgput (requests/sec) = 91.3711 res=false
*==== INFO ====* req_id_count= 9500 stream_id=37996 latency=0.510074 ms (tx_ts=158510857087655, rx_ts=158510857597729) request_id=186706 zil_blk_id=92766 ccf_commit_seqno=186706 nstreams_done_=9500 config.nstreams=20000 avg_latency=0.5888 ms avg throuhgput (requests/sec) = 91.3683 res=false
*==== INFO ====* req_id_count= 10000 stream_id=39996 latency=0.469809 ms (tx_ts=158516348441974, rx_ts=158516348911783) request_id=196669 zil_blk_id=97908 ccf_commit_seqno=196669 nstreams_done_=10000 config.nstreams=20000 avg_latency=0.5898 ms avg throuhgput (requests/sec) = 91.3524 res=false
*==== INFO ====* req_id_count= 10500 stream_id=41996 latency=0.588310 ms (tx_ts=158521829168912, rx_ts=158521829757222) request_id=206601 zil_blk_id=103050 ccf_commit_seqno=206601 nstreams_done_=10500 config.nstreams=20000 avg_latency=0.5905 ms avg throuhgput (requests/sec) = 91.3465 res=false
*==== INFO ====* req_id_count= 11000 stream_id=43996 latency=0.504574 ms (tx_ts=158527328057913, rx_ts=158527328562487) request_id=216565 zil_blk_id=108199 ccf_commit_seqno=216565 nstreams_done_=11000 config.nstreams=20000 avg_latency=0.5929 ms avg throuhgput (requests/sec) = 91.3274 res=false
*==== INFO ====* req_id_count= 11500 stream_id=45996 latency=0.528088 ms (tx_ts=158532799259357, rx_ts=158532799787445) request_id=226485 zil_blk_id=113331 ccf_commit_seqno=226485 nstreams_done_=11500 config.nstreams=20000 avg_latency=0.5930 ms avg throuhgput (requests/sec) = 91.3300 res=false
*==== INFO ====* req_id_count= 12000 stream_id=47996 latency=0.561020 ms (tx_ts=158538295404273, rx_ts=158538295965293) request_id=236464 zil_blk_id=118489 ccf_commit_seqno=236464 nstreams_done_=12000 config.nstreams=20000 avg_latency=0.5950 ms avg throuhgput (requests/sec) = 91.3150 res=false
*==== INFO ====* req_id_count= 12500 stream_id=49996 latency=0.502079 ms (tx_ts=158543799054433, rx_ts=158543799556512) request_id=246447 zil_blk_id=123642 ccf_commit_seqno=246447 nstreams_done_=12500 config.nstreams=20000 avg_latency=0.5971 ms avg throuhgput (requests/sec) = 91.2963 res=false
*==== INFO ====* req_id_count= 13000 stream_id=51996 latency=0.718053 ms (tx_ts=158549266993525, rx_ts=158549267711578) request_id=256355 zil_blk_id=128755 ccf_commit_seqno=256356 nstreams_done_=13000 config.nstreams=20000 avg_latency=0.5967 ms avg throuhgput (requests/sec) = 91.3018 res=false
*==== INFO ====* req_id_count= 13500 stream_id=53996 latency=0.467805 ms (tx_ts=158554731413296, rx_ts=158554731881101) request_id=266249 zil_blk_id=133873 ccf_commit_seqno=266249 nstreams_done_=13500 config.nstreams=20000 avg_latency=0.5956 ms avg throuhgput (requests/sec) = 91.3093 res=false
*==== INFO ====* req_id_count= 14000 stream_id=55996 latency=0.572200 ms (tx_ts=158560208614189, rx_ts=158560209186389) request_id=276137 zil_blk_id=139007 ccf_commit_seqno=276137 nstreams_done_=14000 config.nstreams=20000 avg_latency=0.5955 ms avg throuhgput (requests/sec) = 91.3085 res=false
*==== INFO ====* req_id_count= 14500 stream_id=57996 latency=0.505215 ms (tx_ts=158565674295637, rx_ts=158565674800852) request_id=286032 zil_blk_id=144131 ccf_commit_seqno=286032 nstreams_done_=14500 config.nstreams=20000 avg_latency=0.5948 ms avg throuhgput (requests/sec) = 91.3144 res=false
*==== INFO ====* req_id_count= 15000 stream_id=59996 latency=0.500676 ms (tx_ts=158571131019140, rx_ts=158571131519816) request_id=295946 zil_blk_id=149246 ccf_commit_seqno=295946 nstreams_done_=15000 config.nstreams=20000 avg_latency=0.5936 ms avg throuhgput (requests/sec) = 91.3249 res=false
*==== INFO ====* req_id_count= 15500 stream_id=61996 latency=0.678228 ms (tx_ts=158576609582435, rx_ts=158576610260663) request_id=305898 zil_blk_id=154381 ccf_commit_seqno=305898 nstreams_done_=15500 config.nstreams=20000 avg_latency=0.5939 ms avg throuhgput (requests/sec) = 91.3229 res=false
*==== INFO ====* req_id_count= 16000 stream_id=63996 latency=0.637642 ms (tx_ts=158582092020350, rx_ts=158582092657992) request_id=315869 zil_blk_id=159519 ccf_commit_seqno=315869 nstreams_done_=16000 config.nstreams=20000 avg_latency=0.5942 ms avg throuhgput (requests/sec) = 91.3190 res=false
*==== INFO ====* req_id_count= 16500 stream_id=65996 latency=0.640768 ms (tx_ts=158587555296624, rx_ts=158587555937392) request_id=325813 zil_blk_id=164646 ccf_commit_seqno=325813 nstreams_done_=16500 config.nstreams=20000 avg_latency=0.5938 ms avg throuhgput (requests/sec) = 91.3251 res=false
*==== INFO ====* req_id_count= 17000 stream_id=67996 latency=0.699558 ms (tx_ts=158593017973688, rx_ts=158593018673246) request_id=335749 zil_blk_id=169768 ccf_commit_seqno=335750 nstreams_done_=17000 config.nstreams=20000 avg_latency=0.5930 ms avg throuhgput (requests/sec) = 91.3311 res=false
*==== INFO ====* req_id_count= 17500 stream_id=69996 latency=0.491428 ms (tx_ts=158598510438022, rx_ts=158598510929450) request_id=345737 zil_blk_id=174916 ccf_commit_seqno=345737 nstreams_done_=17500 config.nstreams=20000 avg_latency=0.5938 ms avg throuhgput (requests/sec) = 91.3227 res=false
*==== INFO ====* req_id_count= 18000 stream_id=71996 latency=0.509613 ms (tx_ts=158603974917829, rx_ts=158603975427442) request_id=355670 zil_blk_id=180040 ccf_commit_seqno=355670 nstreams_done_=18000 config.nstreams=20000 avg_latency=0.5929 ms avg throuhgput (requests/sec) = 91.3276 res=false
*==== INFO ====* req_id_count= 18500 stream_id=73996 latency=0.511767 ms (tx_ts=158609445944795, rx_ts=158609446456562) request_id=365629 zil_blk_id=185162 ccf_commit_seqno=365629 nstreams_done_=18500 config.nstreams=20000 avg_latency=0.5927 ms avg throuhgput (requests/sec) = 91.3293 res=false
*==== INFO ====* req_id_count= 19000 stream_id=75996 latency=0.551488 ms (tx_ts=158614922774182, rx_ts=158614923325670) request_id=375586 zil_blk_id=190294 ccf_commit_seqno=375586 nstreams_done_=19000 config.nstreams=20000 avg_latency=0.5929 ms avg throuhgput (requests/sec) = 91.3283 res=false
*==== INFO ====* req_id_count= 19500 stream_id=77996 latency=0.654785 ms (tx_ts=158620409607500, rx_ts=158620410262285) request_id=385546 zil_blk_id=195434 ccf_commit_seqno=385546 nstreams_done_=19500 config.nstreams=20000 avg_latency=0.5936 ms avg throuhgput (requests/sec) = 91.3231 res=false
*==== INFO ====* http_end_stream ALL streams done! nstreams_done_=20000 avg_latency=0.5932 msreq_id_count= 20000
*==== INFO ====* req_id_count= 20000 stream_id=79996 latency=0.509342 ms (tx_ts=158625875188534, rx_ts=158625875697876) request_id=395383 zil_blk_id=200560 ccf_commit_seqno=395383 nstreams_done_=20000 config.nstreams=20000 avg_latency=0.5932 ms avg throuhgput (requests/sec) = 91.3271 res=true
