Uniform: 49145 466917 919857 288291 108858 
Exponential: -2147483648 -2147483648 -2147483648 -2147483648 -2147483648 
Truncated Normal: 661851 359249 727146 447536 206159 
*==== INFO ====* req_id_count= 500 stream_id=1996 latency=0.451986 ms (tx_ts=158412330339473, rx_ts=158412330791459) request_id=9299 zil_blk_id=438 ccf_commit_seqno=9299 nstreams_done_=500 config.nstreams=20000 avg_latency=0.5774 ms avg throuhgput (requests/sec) = 91.7521 res=false
*==== INFO ====* req_id_count= 1000 stream_id=3996 latency=2.078698 ms (tx_ts=158417794786325, rx_ts=158417796865023) request_id=19038 zil_blk_id=5561 ccf_commit_seqno=19039 nstreams_done_=1000 config.nstreams=20000 avg_latency=0.5785 ms avg throuhgput (requests/sec) = 91.6125 res=false
*==== INFO ====* req_id_count= 1500 stream_id=5996 latency=0.494084 ms (tx_ts=158423249670353, rx_ts=158423250164437) request_id=28828 zil_blk_id=10670 ccf_commit_seqno=28828 nstreams_done_=1500 config.nstreams=20000 avg_latency=0.5728 ms avg throuhgput (requests/sec) = 91.6375 res=false
*==== INFO ====* req_id_count= 2000 stream_id=7996 latency=0.462505 ms (tx_ts=158428706754972, rx_ts=158428707217477) request_id=38630 zil_blk_id=15782 ccf_commit_seqno=38630 nstreams_done_=2000 config.nstreams=20000 avg_latency=0.5706 ms avg throuhgput (requests/sec) = 91.6343 res=false
*==== INFO ====* req_id_count= 2500 stream_id=9996 latency=0.524451 ms (tx_ts=158434175360728, rx_ts=158434175885179) request_id=48481 zil_blk_id=20906 ccf_commit_seqno=48481 nstreams_done_=2500 config.nstreams=20000 avg_latency=0.5724 ms avg throuhgput (requests/sec) = 91.5933 res=false
*==== INFO ====* req_id_count= 3000 stream_id=11996 latency=0.549058 ms (tx_ts=158439628249491, rx_ts=158439628798549) request_id=58304 zil_blk_id=26023 ccf_commit_seqno=58304 nstreams_done_=3000 config.nstreams=20000 avg_latency=0.5701 ms avg throuhgput (requests/sec) = 91.6101 res=false
*==== INFO ====* req_id_count= 3500 stream_id=13996 latency=0.593320 ms (tx_ts=158445076823988, rx_ts=158445077417308) request_id=68130 zil_blk_id=31130 ccf_commit_seqno=68132 nstreams_done_=3500 config.nstreams=20000 avg_latency=0.5681 ms avg throuhgput (requests/sec) = 91.6324 res=false
*==== INFO ====* req_id_count= 4000 stream_id=15996 latency=0.471712 ms (tx_ts=158450525075375, rx_ts=158450525547087) request_id=77979 zil_blk_id=36229 ccf_commit_seqno=77979 nstreams_done_=4000 config.nstreams=20000 avg_latency=0.5656 ms avg throuhgput (requests/sec) = 91.6502 res=false
*==== INFO ====* req_id_count= 4500 stream_id=17996 latency=0.525924 ms (tx_ts=158455989451364, rx_ts=158455989977288) request_id=87847 zil_blk_id=41346 ccf_commit_seqno=87847 nstreams_done_=4500 config.nstreams=20000 avg_latency=0.5675 ms avg throuhgput (requests/sec) = 91.6336 res=false
*==== INFO ====* req_id_count= 5000 stream_id=19996 latency=0.571428 ms (tx_ts=158461459088344, rx_ts=158461459659772) request_id=97761 zil_blk_id=46472 ccf_commit_seqno=97761 nstreams_done_=5000 config.nstreams=20000 avg_latency=0.5694 ms avg throuhgput (requests/sec) = 91.6114 res=false
*==== INFO ====* req_id_count= 5500 stream_id=21996 latency=0.441015 ms (tx_ts=158466918209879, rx_ts=158466918650894) request_id=107667 zil_blk_id=51593 ccf_commit_seqno=107667 nstreams_done_=5500 config.nstreams=20000 avg_latency=0.5688 ms avg throuhgput (requests/sec) = 91.6097 res=false
*==== INFO ====* req_id_count= 6000 stream_id=23996 latency=0.493714 ms (tx_ts=158472367374060, rx_ts=158472367867774) request_id=117451 zil_blk_id=56699 ccf_commit_seqno=117451 nstreams_done_=6000 config.nstreams=20000 avg_latency=0.5665 ms avg throuhgput (requests/sec) = 91.6219 res=false
*==== INFO ====* req_id_count= 6500 stream_id=25996 latency=0.651011 ms (tx_ts=158477842020398, rx_ts=158477842671409) request_id=127282 zil_blk_id=61834 ccf_commit_seqno=127282 nstreams_done_=6500 config.nstreams=20000 avg_latency=0.5693 ms avg throuhgput (requests/sec) = 91.5992 res=false
*==== INFO ====* req_id_count= 7000 stream_id=27996 latency=0.579324 ms (tx_ts=158483321692937, rx_ts=158483322272261) request_id=137140 zil_blk_id=66963 ccf_commit_seqno=137140 nstreams_done_=7000 config.nstreams=20000 avg_latency=0.5711 ms avg throuhgput (requests/sec) = 91.5740 res=false
*==== INFO ====* req_id_count= 7500 stream_id=29996 latency=0.498996 ms (tx_ts=158488799976342, rx_ts=158488800475338) request_id=146976 zil_blk_id=72091 ccf_commit_seqno=146976 nstreams_done_=7500 config.nstreams=20000 avg_latency=0.5732 ms avg throuhgput (requests/sec) = 91.5537 res=false
*==== INFO ====* req_id_count= 8000 stream_id=31996 latency=0.486349 ms (tx_ts=158494251197043, rx_ts=158494251683392) request_id=156794 zil_blk_id=77197 ccf_commit_seqno=156794 nstreams_done_=8000 config.nstreams=20000 avg_latency=0.5721 ms avg throuhgput (requests/sec) = 91.5642 res=false
*==== INFO ====* req_id_count= 8500 stream_id=33996 latency=0.517828 ms (tx_ts=158499719569215, rx_ts=158499720087043) request_id=166631 zil_blk_id=82327 ccf_commit_seqno=166631 nstreams_done_=8500 config.nstreams=20000 avg_latency=0.5727 ms avg throuhgput (requests/sec) = 91.5566 res=false
*==== INFO ====* req_id_count= 9000 stream_id=35996 latency=0.693036 ms (tx_ts=158505172397713, rx_ts=158505173090749) request_id=176448 zil_blk_id=87439 ccf_commit_seqno=176448 nstreams_done_=9000 config.nstreams=20000 avg_latency=0.5723 ms avg throuhgput (requests/sec) = 91.5641 res=false
*==== INFO ====* req_id_count= 9500 stream_id=37996 latency=0.552283 ms (tx_ts=158510623483209, rx_ts=158510624035492) request_id=186285 zil_blk_id=92549 ccf_commit_seqno=186285 nstreams_done_=9500 config.nstreams=20000 avg_latency=0.5714 ms avg throuhgput (requests/sec) = 91.5727 res=false
*==== INFO ====* req_id_count= 10000 stream_id=39996 latency=0.528458 ms (tx_ts=158516090720666, rx_ts=158516091249124) request_id=196202 zil_blk_id=97668 ccf_commit_seqno=196202 nstreams_done_=10000 config.nstreams=20000 avg_latency=0.5723 ms avg throuhgput (requests/sec) = 91.5668 res=false
*==== INFO ====* req_id_count= 10500 stream_id=41996 latency=0.636030 ms (tx_ts=158521572385979, rx_ts=158521573022009) request_id=206133 zil_blk_id=102810 ccf_commit_seqno=206133 nstreams_done_=10500 config.nstreams=20000 avg_latency=0.5737 ms avg throuhgput (requests/sec) = 91.5498 res=false
*==== INFO ====* req_id_count= 11000 stream_id=43996 latency=0.469337 ms (tx_ts=158527034020589, rx_ts=158527034489926) request_id=216031 zil_blk_id=107935 ccf_commit_seqno=216031 nstreams_done_=11000 config.nstreams=20000 avg_latency=0.5735 ms avg throuhgput (requests/sec) = 91.5498 res=false
*==== INFO ====* req_id_count= 11500 stream_id=45996 latency=0.471016 ms (tx_ts=158532480186600, rx_ts=158532480657616) request_id=225902 zil_blk_id=113044 ccf_commit_seqno=225902 nstreams_done_=11500 config.nstreams=20000 avg_latency=0.5728 ms avg throuhgput (requests/sec) = 91.5610 res=false
*==== INFO ====* req_id_count= 12000 stream_id=47996 latency=0.584444 ms (tx_ts=158537949195853, rx_ts=158537949780297) request_id=235830 zil_blk_id=118168 ccf_commit_seqno=235830 nstreams_done_=12000 config.nstreams=20000 avg_latency=0.5734 ms avg throuhgput (requests/sec) = 91.5552 res=false
*==== INFO ====* req_id_count= 12500 stream_id=49996 latency=0.637172 ms (tx_ts=158543394509947, rx_ts=158543395147119) request_id=245717 zil_blk_id=123277 ccf_commit_seqno=245717 nstreams_done_=12500 config.nstreams=20000 avg_latency=0.5727 ms avg throuhgput (requests/sec) = 91.5658 res=false
*==== INFO ====* req_id_count= 13000 stream_id=51996 latency=0.460261 ms (tx_ts=158548867676340, rx_ts=158548868136601) request_id=255630 zil_blk_id=128403 ccf_commit_seqno=255630 nstreams_done_=13000 config.nstreams=20000 avg_latency=0.5733 ms avg throuhgput (requests/sec) = 91.5578 res=false
*==== INFO ====* req_id_count= 13500 stream_id=53996 latency=0.500746 ms (tx_ts=158554324194631, rx_ts=158554324695377) request_id=265513 zil_blk_id=133515 ccf_commit_seqno=265513 nstreams_done_=13500 config.nstreams=20000 avg_latency=0.5728 ms avg throuhgput (requests/sec) = 91.5606 res=false
*==== INFO ====* req_id_count= 14000 stream_id=55996 latency=0.644155 ms (tx_ts=158559767924658, rx_ts=158559768568813) request_id=275346 zil_blk_id=138613 ccf_commit_seqno=275346 nstreams_done_=14000 config.nstreams=20000 avg_latency=0.5716 ms avg throuhgput (requests/sec) = 91.5708 res=false
*==== INFO ====* req_id_count= 14500 stream_id=57996 latency=0.504113 ms (tx_ts=158565223615952, rx_ts=158565224120065) request_id=285217 zil_blk_id=143723 ccf_commit_seqno=285217 nstreams_done_=14500 config.nstreams=20000 avg_latency=0.5711 ms avg throuhgput (requests/sec) = 91.5735 res=false
*==== INFO ====* req_id_count= 15000 stream_id=59996 latency=0.493904 ms (tx_ts=158570674021835, rx_ts=158570674515739) request_id=295120 zil_blk_id=148827 ccf_commit_seqno=295120 nstreams_done_=15000 config.nstreams=20000 avg_latency=0.5704 ms avg throuhgput (requests/sec) = 91.5789 res=false
*==== INFO ====* req_id_count= 15500 stream_id=61996 latency=0.563033 ms (tx_ts=158576146403917, rx_ts=158576146966950) request_id=305070 zil_blk_id=153952 ccf_commit_seqno=305070 nstreams_done_=15500 config.nstreams=20000 avg_latency=0.5708 ms avg throuhgput (requests/sec) = 91.5720 res=false
*==== INFO ====* req_id_count= 16000 stream_id=63996 latency=0.501007 ms (tx_ts=158581614027608, rx_ts=158581614528615) request_id=315001 zil_blk_id=159075 ccf_commit_seqno=315001 nstreams_done_=16000 config.nstreams=20000 avg_latency=0.5712 ms avg throuhgput (requests/sec) = 91.5682 res=false
*==== INFO ====* req_id_count= 16500 stream_id=65996 latency=0.539800 ms (tx_ts=158587091157006, rx_ts=158587091696806) request_id=324965 zil_blk_id=164216 ccf_commit_seqno=324965 nstreams_done_=16500 config.nstreams=20000 avg_latency=0.5719 ms avg throuhgput (requests/sec) = 91.5597 res=false
*==== INFO ====* req_id_count= 17000 stream_id=67996 latency=0.543787 ms (tx_ts=158592548486826, rx_ts=158592549030613) request_id=334902 zil_blk_id=169335 ccf_commit_seqno=334902 nstreams_done_=17000 config.nstreams=20000 avg_latency=0.5712 ms avg throuhgput (requests/sec) = 91.5614 res=false
*==== INFO ====* req_id_count= 17500 stream_id=69996 latency=0.593259 ms (tx_ts=158597997657620, rx_ts=158597998250879) request_id=344803 zil_blk_id=174442 ccf_commit_seqno=344804 nstreams_done_=17500 config.nstreams=20000 avg_latency=0.5708 ms avg throuhgput (requests/sec) = 91.5670 res=false
*==== INFO ====* req_id_count= 18000 stream_id=71996 latency=0.551962 ms (tx_ts=158603452340687, rx_ts=158603452892649) request_id=354723 zil_blk_id=179556 ccf_commit_seqno=354723 nstreams_done_=18000 config.nstreams=20000 avg_latency=0.5704 ms avg throuhgput (requests/sec) = 91.5697 res=false
*==== INFO ====* req_id_count= 18500 stream_id=73996 latency=0.586176 ms (tx_ts=158608910879267, rx_ts=158608911465443) request_id=364655 zil_blk_id=184662 ccf_commit_seqno=364655 nstreams_done_=18500 config.nstreams=20000 avg_latency=0.5704 ms avg throuhgput (requests/sec) = 91.5705 res=false
*==== INFO ====* req_id_count= 19000 stream_id=75996 latency=0.474819 ms (tx_ts=158614354808489, rx_ts=158614355283308) request_id=374555 zil_blk_id=189764 ccf_commit_seqno=374555 nstreams_done_=19000 config.nstreams=20000 avg_latency=0.5695 ms avg throuhgput (requests/sec) = 91.5778 res=false
*==== INFO ====* req_id_count= 19500 stream_id=77996 latency=0.516766 ms (tx_ts=158619813728038, rx_ts=158619814244804) request_id=384463 zil_blk_id=194867 ccf_commit_seqno=384463 nstreams_done_=19500 config.nstreams=20000 avg_latency=0.5696 ms avg throuhgput (requests/sec) = 91.5781 res=false
*==== INFO ====* http_end_stream ALL streams done! nstreams_done_=20000 avg_latency=0.5696 msreq_id_count= 20000
*==== INFO ====* req_id_count= 20000 stream_id=79996 latency=0.666796 ms (tx_ts=158625278457025, rx_ts=158625279123821) request_id=394402 zil_blk_id=199988 ccf_commit_seqno=394402 nstreams_done_=20000 config.nstreams=20000 avg_latency=0.5696 ms avg throuhgput (requests/sec) = 91.5760 res=true
