Uniform: 343006 234328 768523 20663 62326 
Exponential: -2147483648 -2147483648 -2147483648 -2147483648 -2147483648 
Truncated Normal: 415460 441643 338132 172790 836933 
*==== INFO ====* req_id_count= 500 stream_id=1996 latency=0.489175 ms (tx_ts=158412347844300, rx_ts=158412348333475) request_id=9326 zil_blk_id=455 ccf_commit_seqno=9326 nstreams_done_=500 config.nstreams=20000 avg_latency=0.5793 ms avg throuhgput (requests/sec) = 91.4572 res=false
*==== INFO ====* req_id_count= 1000 stream_id=3996 latency=0.645167 ms (tx_ts=158417839715160, rx_ts=158417840360327) request_id=19111 zil_blk_id=5602 ccf_commit_seqno=19113 nstreams_done_=1000 config.nstreams=20000 avg_latency=0.5915 ms avg throuhgput (requests/sec) = 91.2487 res=false
*==== INFO ====* req_id_count= 1500 stream_id=5996 latency=0.626542 ms (tx_ts=158423326166433, rx_ts=158423326792975) request_id=28958 zil_blk_id=10735 ccf_commit_seqno=28960 nstreams_done_=1500 config.nstreams=20000 avg_latency=0.5918 ms avg throuhgput (requests/sec) = 91.2104 res=false
*==== INFO ====* req_id_count= 2000 stream_id=7996 latency=1.847846 ms (tx_ts=158428830422012, rx_ts=158428832269858) request_id=38850 zil_blk_id=15895 ccf_commit_seqno=38852 nstreams_done_=2000 config.nstreams=20000 avg_latency=0.5947 ms avg throuhgput (requests/sec) = 91.1121 res=false
*==== INFO ====* req_id_count= 2500 stream_id=9996 latency=0.495598 ms (tx_ts=158434305524057, rx_ts=158434306019655) request_id=48711 zil_blk_id=21026 ccf_commit_seqno=48711 nstreams_done_=2500 config.nstreams=20000 avg_latency=0.5900 ms avg throuhgput (requests/sec) = 91.1586 res=false
*==== INFO ====* req_id_count= 3000 stream_id=11996 latency=0.489046 ms (tx_ts=158439790478848, rx_ts=158439790967894) request_id=58590 zil_blk_id=26170 ccf_commit_seqno=58590 nstreams_done_=3000 config.nstreams=20000 avg_latency=0.5883 ms avg throuhgput (requests/sec) = 91.1586 res=false
*==== INFO ====* req_id_count= 3500 stream_id=13996 latency=0.477643 ms (tx_ts=158445263128484, rx_ts=158445263606127) request_id=68465 zil_blk_id=31295 ccf_commit_seqno=68465 nstreams_done_=3500 config.nstreams=20000 avg_latency=0.5865 ms avg throuhgput (requests/sec) = 91.1878 res=false
*==== INFO ====* req_id_count= 4000 stream_id=15996 latency=0.668340 ms (tx_ts=158450746789336, rx_ts=158450747457676) request_id=78372 zil_blk_id=36431 ccf_commit_seqno=78373 nstreams_done_=4000 config.nstreams=20000 avg_latency=0.5859 ms avg throuhgput (requests/sec) = 91.1865 res=false
*==== INFO ====* req_id_count= 4500 stream_id=17996 latency=0.594752 ms (tx_ts=158456243241038, rx_ts=158456243835790) request_id=88307 zil_blk_id=41580 ccf_commit_seqno=88309 nstreams_done_=4500 config.nstreams=20000 avg_latency=0.5884 ms avg throuhgput (requests/sec) = 91.1622 res=false
*==== INFO ====* req_id_count= 5000 stream_id=19996 latency=0.495627 ms (tx_ts=158461723092342, rx_ts=158461723587969) request_id=98238 zil_blk_id=46715 ccf_commit_seqno=98238 nstreams_done_=5000 config.nstreams=20000 avg_latency=0.5875 ms avg throuhgput (requests/sec) = 91.1705 res=false
*==== INFO ====* req_id_count= 5500 stream_id=21996 latency=0.505442 ms (tx_ts=158467201669370, rx_ts=158467202174812) request_id=108171 zil_blk_id=51851 ccf_commit_seqno=108171 nstreams_done_=5500 config.nstreams=20000 avg_latency=0.5871 ms avg throuhgput (requests/sec) = 91.1790 res=false
*==== INFO ====* req_id_count= 6000 stream_id=23996 latency=0.485969 ms (tx_ts=158472690354931, rx_ts=158472690840900) request_id=118021 zil_blk_id=56998 ccf_commit_seqno=118021 nstreams_done_=6000 config.nstreams=20000 avg_latency=0.5877 ms avg throuhgput (requests/sec) = 91.1722 res=false
*==== INFO ====* req_id_count= 6500 stream_id=25996 latency=0.491439 ms (tx_ts=158478180318354, rx_ts=158478180809793) request_id=127891 zil_blk_id=62144 ccf_commit_seqno=127891 nstreams_done_=6500 config.nstreams=20000 avg_latency=0.5889 ms avg throuhgput (requests/sec) = 91.1647 res=false
*==== INFO ====* req_id_count= 7000 stream_id=27996 latency=0.615020 ms (tx_ts=158483684582821, rx_ts=158483685197841) request_id=137786 zil_blk_id=67300 ccf_commit_seqno=137787 nstreams_done_=7000 config.nstreams=20000 avg_latency=0.5917 ms avg throuhgput (requests/sec) = 91.1412 res=false
*==== INFO ====* req_id_count= 7500 stream_id=29996 latency=0.508872 ms (tx_ts=158489186287134, rx_ts=158489186796006) request_id=147664 zil_blk_id=72457 ccf_commit_seqno=147664 nstreams_done_=7500 config.nstreams=20000 avg_latency=0.5939 ms avg throuhgput (requests/sec) = 91.1239 res=false
*==== INFO ====* req_id_count= 8000 stream_id=31996 latency=0.522558 ms (tx_ts=158494661557596, rx_ts=158494662080154) request_id=157528 zil_blk_id=77589 ccf_commit_seqno=157528 nstreams_done_=8000 config.nstreams=20000 avg_latency=0.5923 ms avg throuhgput (requests/sec) = 91.1361 res=false
*==== INFO ====* req_id_count= 8500 stream_id=33996 latency=0.490137 ms (tx_ts=158500183378298, rx_ts=158500183868435) request_id=167461 zil_blk_id=82767 ccf_commit_seqno=167461 nstreams_done_=8500 config.nstreams=20000 avg_latency=0.5950 ms avg throuhgput (requests/sec) = 91.1015 res=false
*==== INFO ====* req_id_count= 9000 stream_id=35996 latency=0.513220 ms (tx_ts=158505681090846, rx_ts=158505681604066) request_id=177367 zil_blk_id=87920 ccf_commit_seqno=177367 nstreams_done_=9000 config.nstreams=20000 avg_latency=0.5963 ms avg throuhgput (requests/sec) = 91.0928 res=false
*==== INFO ====* req_id_count= 9500 stream_id=37996 latency=0.616393 ms (tx_ts=158511154711549, rx_ts=158511155327942) request_id=187247 zil_blk_id=93050 ccf_commit_seqno=187248 nstreams_done_=9500 config.nstreams=20000 avg_latency=0.5946 ms avg throuhgput (requests/sec) = 91.1061 res=false
*==== INFO ====* req_id_count= 10000 stream_id=39996 latency=0.799685 ms (tx_ts=158516633495150, rx_ts=158516634294835) request_id=197184 zil_blk_id=98181 ccf_commit_seqno=197184 nstreams_done_=10000 config.nstreams=20000 avg_latency=0.5933 ms avg throuhgput (requests/sec) = 91.1137 res=false
*==== INFO ====* req_id_count= 10500 stream_id=41996 latency=0.510755 ms (tx_ts=158522140567997, rx_ts=158522141078752) request_id=207166 zil_blk_id=103345 ccf_commit_seqno=207166 nstreams_done_=10500 config.nstreams=20000 avg_latency=0.5950 ms avg throuhgput (requests/sec) = 91.0986 res=false
*==== INFO ====* req_id_count= 11000 stream_id=43996 latency=0.510274 ms (tx_ts=158527645445764, rx_ts=158527645956038) request_id=217135 zil_blk_id=108505 ccf_commit_seqno=217135 nstreams_done_=11000 config.nstreams=20000 avg_latency=0.5961 ms avg throuhgput (requests/sec) = 91.0862 res=false
*==== INFO ====* req_id_count= 11500 stream_id=45996 latency=0.463156 ms (tx_ts=158533136882752, rx_ts=158533137345908) request_id=227103 zil_blk_id=113659 ccf_commit_seqno=227103 nstreams_done_=11500 config.nstreams=20000 avg_latency=0.5959 ms avg throuhgput (requests/sec) = 91.0847 res=false
*==== INFO ====* req_id_count= 12000 stream_id=47996 latency=0.483554 ms (tx_ts=158538631861625, rx_ts=158538632345179) request_id=237071 zil_blk_id=118813 ccf_commit_seqno=237071 nstreams_done_=12000 config.nstreams=20000 avg_latency=0.5968 ms avg throuhgput (requests/sec) = 91.0809 res=false
*==== INFO ====* req_id_count= 12500 stream_id=49996 latency=0.544409 ms (tx_ts=158544124091762, rx_ts=158544124636171) request_id=247035 zil_blk_id=123957 ccf_commit_seqno=247035 nstreams_done_=12500 config.nstreams=20000 avg_latency=0.5969 ms avg throuhgput (requests/sec) = 91.0791 res=false
*==== INFO ====* req_id_count= 13000 stream_id=51996 latency=0.508782 ms (tx_ts=158549598544203, rx_ts=158549599052985) request_id=256960 zil_blk_id=129085 ccf_commit_seqno=256960 nstreams_done_=13000 config.nstreams=20000 avg_latency=0.5962 ms avg throuhgput (requests/sec) = 91.0889 res=false
*==== INFO ====* req_id_count= 13500 stream_id=53996 latency=0.567471 ms (tx_ts=158555067014371, rx_ts=158555067581842) request_id=266854 zil_blk_id=134215 ccf_commit_seqno=266854 nstreams_done_=13500 config.nstreams=20000 avg_latency=0.5951 ms avg throuhgput (requests/sec) = 91.1015 res=false
*==== INFO ====* req_id_count= 14000 stream_id=55996 latency=0.631421 ms (tx_ts=158560553926590, rx_ts=158560554558011) request_id=276767 zil_blk_id=139360 ccf_commit_seqno=276767 nstreams_done_=14000 config.nstreams=20000 avg_latency=0.5951 ms avg throuhgput (requests/sec) = 91.1024 res=false
*==== INFO ====* req_id_count= 14500 stream_id=57996 latency=0.481701 ms (tx_ts=158566029231493, rx_ts=158566029713194) request_id=286672 zil_blk_id=144490 ccf_commit_seqno=286672 nstreams_done_=14500 config.nstreams=20000 avg_latency=0.5947 ms avg throuhgput (requests/sec) = 91.1099 res=false
*==== INFO ====* req_id_count= 15000 stream_id=59996 latency=0.478465 ms (tx_ts=158571493402437, rx_ts=158571493880902) request_id=296607 zil_blk_id=149606 ccf_commit_seqno=296607 nstreams_done_=15000 config.nstreams=20000 avg_latency=0.5933 ms avg throuhgput (requests/sec) = 91.1230 res=false
*==== INFO ====* req_id_count= 15500 stream_id=61996 latency=0.589412 ms (tx_ts=158576971559098, rx_ts=158576972148510) request_id=306560 zil_blk_id=154736 ccf_commit_seqno=306561 nstreams_done_=15500 config.nstreams=20000 avg_latency=0.5927 ms avg throuhgput (requests/sec) = 91.1278 res=false
*==== INFO ====* req_id_count= 16000 stream_id=63996 latency=0.558324 ms (tx_ts=158582445565204, rx_ts=158582446123528) request_id=316517 zil_blk_id=159870 ccf_commit_seqno=316519 nstreams_done_=16000 config.nstreams=20000 avg_latency=0.5919 ms avg throuhgput (requests/sec) = 91.1344 res=false
*==== INFO ====* req_id_count= 16500 stream_id=65996 latency=0.521324 ms (tx_ts=158587947821119, rx_ts=158587948342443) request_id=326527 zil_blk_id=165030 ccf_commit_seqno=326527 nstreams_done_=16500 config.nstreams=20000 avg_latency=0.5924 ms avg throuhgput (requests/sec) = 91.1265 res=false
*==== INFO ====* req_id_count= 17000 stream_id=67996 latency=0.594762 ms (tx_ts=158593418040718, rx_ts=158593418635480) request_id=336479 zil_blk_id=170158 ccf_commit_seqno=336479 nstreams_done_=17000 config.nstreams=20000 avg_latency=0.5917 ms avg throuhgput (requests/sec) = 91.1346 res=false
*==== INFO ====* req_id_count= 17500 stream_id=69996 latency=0.507810 ms (tx_ts=158598911925411, rx_ts=158598912433221) request_id=346462 zil_blk_id=175301 ccf_commit_seqno=346462 nstreams_done_=17500 config.nstreams=20000 avg_latency=0.5921 ms avg throuhgput (requests/sec) = 91.1311 res=false
*==== INFO ====* req_id_count= 18000 stream_id=71996 latency=0.616617 ms (tx_ts=158604385581084, rx_ts=158604386197701) request_id=356416 zil_blk_id=180428 ccf_commit_seqno=356419 nstreams_done_=18000 config.nstreams=20000 avg_latency=0.5914 ms avg throuhgput (requests/sec) = 91.1370 res=false
*==== INFO ====* req_id_count= 18500 stream_id=73996 latency=0.498543 ms (tx_ts=158609861944006, rx_ts=158609862442549) request_id=366380 zil_blk_id=185561 ccf_commit_seqno=366380 nstreams_done_=18500 config.nstreams=20000 avg_latency=0.5911 ms avg throuhgput (requests/sec) = 91.1415 res=false
*==== INFO ====* req_id_count= 19000 stream_id=75996 latency=0.505712 ms (tx_ts=158615351210888, rx_ts=158615351716600) request_id=376358 zil_blk_id=190704 ccf_commit_seqno=376358 nstreams_done_=19000 config.nstreams=20000 avg_latency=0.5911 ms avg throuhgput (requests/sec) = 91.1400 res=false
*==== INFO ====* req_id_count= 19500 stream_id=77996 latency=0.503231 ms (tx_ts=158620841153711, rx_ts=158620841656942) request_id=386329 zil_blk_id=195849 ccf_commit_seqno=386329 nstreams_done_=19500 config.nstreams=20000 avg_latency=0.5913 ms avg throuhgput (requests/sec) = 91.1384 res=false
*==== INFO ====* http_end_stream ALL streams done! nstreams_done_=20000 avg_latency=0.5910 msreq_id_count= 20000
*==== INFO ====* req_id_count= 20000 stream_id=79996 latency=0.513540 ms (tx_ts=158626318281591, rx_ts=158626318795131) request_id=396070 zil_blk_id=200976 ccf_commit_seqno=396070 nstreams_done_=20000 config.nstreams=20000 avg_latency=0.5910 ms avg throuhgput (requests/sec) = 91.1421 res=true
