Uniform: 475238 543764 574786 656207 485813 
Exponential: -2147483648 -2147483648 -2147483648 -2147483648 -2147483648 
Truncated Normal: 835289 373013 768533 528623 259622 
*==== INFO ====* req_id_count= 500 stream_id=1996 latency=0.674151 ms (tx_ts=158412379963410, rx_ts=158412380637561) request_id=9383 zil_blk_id=1996 ccf_commit_seqno=9384 nstreams_done_=500 config.nstreams=20000 avg_latency=0.6466 ms avg throuhgput (requests/sec) = 90.9395 res=false
*==== INFO ====* req_id_count= 1000 stream_id=3996 latency=0.564145 ms (tx_ts=158417904249114, rx_ts=158417904813259) request_id=19218 zil_blk_id=3996 ccf_commit_seqno=19218 nstreams_done_=1000 config.nstreams=20000 avg_latency=0.6511 ms avg throuhgput (requests/sec) = 90.7249 res=false
*==== INFO ====* req_id_count= 1500 stream_id=5996 latency=0.569595 ms (tx_ts=158423403059551, rx_ts=158423403629146) request_id=29098 zil_blk_id=5996 ccf_commit_seqno=29098 nstreams_done_=1500 config.nstreams=20000 avg_latency=0.6404 ms avg throuhgput (requests/sec) = 90.7927 res=false
*==== INFO ====* req_id_count= 2000 stream_id=7996 latency=0.541673 ms (tx_ts=158428919167276, rx_ts=158428919708949) request_id=39006 zil_blk_id=7996 ccf_commit_seqno=39006 nstreams_done_=2000 config.nstreams=20000 avg_latency=0.6450 ms avg throuhgput (requests/sec) = 90.7555 res=false
*==== INFO ====* req_id_count= 2500 stream_id=9996 latency=0.670123 ms (tx_ts=158434426654471, rx_ts=158434427324594) request_id=48926 zil_blk_id=9996 ccf_commit_seqno=48927 nstreams_done_=2500 config.nstreams=20000 avg_latency=0.6437 ms avg throuhgput (requests/sec) = 90.7611 res=false
*==== INFO ====* req_id_count= 3000 stream_id=11996 latency=0.582251 ms (tx_ts=158439937206987, rx_ts=158439937789238) request_id=58853 zil_blk_id=11996 ccf_commit_seqno=58853 nstreams_done_=3000 config.nstreams=20000 avg_latency=0.6444 ms avg throuhgput (requests/sec) = 90.7570 res=false
*==== INFO ====* req_id_count= 3500 stream_id=13996 latency=0.626211 ms (tx_ts=158445431937626, rx_ts=158445432563837) request_id=68767 zil_blk_id=13996 ccf_commit_seqno=68767 nstreams_done_=3500 config.nstreams=20000 avg_latency=0.6414 ms avg throuhgput (requests/sec) = 90.7910 res=false
*==== INFO ====* req_id_count= 4000 stream_id=15996 latency=0.564505 ms (tx_ts=158450933729661, rx_ts=158450934294166) request_id=78708 zil_blk_id=15996 ccf_commit_seqno=78709 nstreams_done_=4000 config.nstreams=20000 avg_latency=0.6399 ms avg throuhgput (requests/sec) = 90.8022 res=false
*==== INFO ====* req_id_count= 4500 stream_id=17996 latency=0.648483 ms (tx_ts=158456464307296, rx_ts=158456464955779) request_id=88707 zil_blk_id=17996 ccf_commit_seqno=88707 nstreams_done_=4500 config.nstreams=20000 avg_latency=0.6451 ms avg throuhgput (requests/sec) = 90.7579 res=false
*==== INFO ====* req_id_count= 5000 stream_id=19996 latency=0.533117 ms (tx_ts=158461987162400, rx_ts=158461987695517) request_id=98716 zil_blk_id=19996 ccf_commit_seqno=98716 nstreams_done_=5000 config.nstreams=20000 avg_latency=0.6455 ms avg throuhgput (requests/sec) = 90.7355 res=false
*==== INFO ====* req_id_count= 5500 stream_id=21996 latency=0.609179 ms (tx_ts=158467502539115, rx_ts=158467503148294) request_id=108713 zil_blk_id=21996 ccf_commit_seqno=108713 nstreams_done_=5500 config.nstreams=20000 avg_latency=0.6468 ms avg throuhgput (requests/sec) = 90.7281 res=false
*==== INFO ====* req_id_count= 6000 stream_id=23996 latency=0.608267 ms (tx_ts=158473011616999, rx_ts=158473012225266) request_id=118604 zil_blk_id=23996 ccf_commit_seqno=118604 nstreams_done_=6000 config.nstreams=20000 avg_latency=0.6474 ms avg throuhgput (requests/sec) = 90.7307 res=false
*==== INFO ====* req_id_count= 6500 stream_id=25996 latency=0.497130 ms (tx_ts=158478529586426, rx_ts=158478530083556) request_id=128518 zil_blk_id=25996 ccf_commit_seqno=128518 nstreams_done_=6500 config.nstreams=20000 avg_latency=0.6474 ms avg throuhgput (requests/sec) = 90.7218 res=false
*==== INFO ====* req_id_count= 7000 stream_id=27996 latency=0.541843 ms (tx_ts=158484042276387, rx_ts=158484042818230) request_id=138424 zil_blk_id=27996 ccf_commit_seqno=138424 nstreams_done_=7000 config.nstreams=20000 avg_latency=0.6469 ms avg throuhgput (requests/sec) = 90.7202 res=false
*==== INFO ====* req_id_count= 7500 stream_id=29996 latency=0.562752 ms (tx_ts=158489560708037, rx_ts=158489561270789) request_id=148335 zil_blk_id=29996 ccf_commit_seqno=148335 nstreams_done_=7500 config.nstreams=20000 avg_latency=0.6481 ms avg throuhgput (requests/sec) = 90.7125 res=false
*==== INFO ====* req_id_count= 8000 stream_id=31996 latency=0.509203 ms (tx_ts=158495075820644, rx_ts=158495076329847) request_id=158277 zil_blk_id=31996 ccf_commit_seqno=158277 nstreams_done_=8000 config.nstreams=20000 avg_latency=0.6481 ms avg throuhgput (requests/sec) = 90.7093 res=false
*==== INFO ====* req_id_count= 8500 stream_id=33996 latency=0.606294 ms (tx_ts=158500603566627, rx_ts=158500604172921) request_id=168222 zil_blk_id=33996 ccf_commit_seqno=168223 nstreams_done_=8500 config.nstreams=20000 avg_latency=0.6502 ms avg throuhgput (requests/sec) = 90.6941 res=false
*==== INFO ====* req_id_count= 9000 stream_id=35996 latency=0.553676 ms (tx_ts=158506107931289, rx_ts=158506108484965) request_id=178133 zil_blk_id=35996 ccf_commit_seqno=178133 nstreams_done_=9000 config.nstreams=20000 avg_latency=0.6496 ms avg throuhgput (requests/sec) = 90.7020 res=false
*==== INFO ====* req_id_count= 9500 stream_id=37996 latency=0.619318 ms (tx_ts=158511606666132, rx_ts=158511607285450) request_id=188066 zil_blk_id=37996 ccf_commit_seqno=188067 nstreams_done_=9500 config.nstreams=20000 avg_latency=0.6486 ms avg throuhgput (requests/sec) = 90.7139 res=false
*==== INFO ====* req_id_count= 10000 stream_id=39996 latency=0.774669 ms (tx_ts=158517109647139, rx_ts=158517110421808) request_id=198048 zil_blk_id=39996 ccf_commit_seqno=198048 nstreams_done_=10000 config.nstreams=20000 avg_latency=0.6483 ms avg throuhgput (requests/sec) = 90.7211 res=false
*==== INFO ====* req_id_count= 10500 stream_id=41996 latency=0.660546 ms (tx_ts=158522616114221, rx_ts=158522616774767) request_id=208030 zil_blk_id=41996 ccf_commit_seqno=208032 nstreams_done_=10500 config.nstreams=20000 avg_latency=0.6480 ms avg throuhgput (requests/sec) = 90.7251 res=false
*==== INFO ====* req_id_count= 11000 stream_id=43996 latency=0.556340 ms (tx_ts=158528135990425, rx_ts=158528136546765) request_id=218024 zil_blk_id=43996 ccf_commit_seqno=218024 nstreams_done_=11000 config.nstreams=20000 avg_latency=0.6486 ms avg throuhgput (requests/sec) = 90.7186 res=false
*==== INFO ====* req_id_count= 11500 stream_id=45996 latency=0.655436 ms (tx_ts=158533653215737, rx_ts=158533653871173) request_id=228037 zil_blk_id=45996 ccf_commit_seqno=228037 nstreams_done_=11500 config.nstreams=20000 avg_latency=0.6492 ms avg throuhgput (requests/sec) = 90.7145 res=false
*==== INFO ====* req_id_count= 12000 stream_id=47996 latency=0.612776 ms (tx_ts=158539202450858, rx_ts=158539203063634) request_id=238107 zil_blk_id=47996 ccf_commit_seqno=238107 nstreams_done_=12000 config.nstreams=20000 avg_latency=0.6510 ms avg throuhgput (requests/sec) = 90.6888 res=false
*==== INFO ====* req_id_count= 12500 stream_id=49996 latency=0.686363 ms (tx_ts=158544740544444, rx_ts=158544741230807) request_id=248143 zil_blk_id=49996 ccf_commit_seqno=248144 nstreams_done_=12500 config.nstreams=20000 avg_latency=0.6526 ms avg throuhgput (requests/sec) = 90.6725 res=false
*==== INFO ====* req_id_count= 13000 stream_id=51996 latency=0.574925 ms (tx_ts=158550253622629, rx_ts=158550254197554) request_id=258150 zil_blk_id=51996 ccf_commit_seqno=258150 nstreams_done_=13000 config.nstreams=20000 avg_latency=0.6524 ms avg throuhgput (requests/sec) = 90.6734 res=false
*==== INFO ====* req_id_count= 13500 stream_id=53996 latency=0.612916 ms (tx_ts=158555797418344, rx_ts=158555798031260) request_id=268168 zil_blk_id=53996 ccf_commit_seqno=268168 nstreams_done_=13500 config.nstreams=20000 avg_latency=0.6536 ms avg throuhgput (requests/sec) = 90.6554 res=false
*==== INFO ====* req_id_count= 14000 stream_id=55996 latency=0.574364 ms (tx_ts=158561305039559, rx_ts=158561305613923) request_id=278122 zil_blk_id=55996 ccf_commit_seqno=278122 nstreams_done_=14000 config.nstreams=20000 avg_latency=0.6531 ms avg throuhgput (requests/sec) = 90.6600 res=false
*==== INFO ====* req_id_count= 14500 stream_id=57996 latency=0.522607 ms (tx_ts=158566804468600, rx_ts=158566804991207) request_id=288076 zil_blk_id=57996 ccf_commit_seqno=288076 nstreams_done_=14500 config.nstreams=20000 avg_latency=0.6522 ms avg throuhgput (requests/sec) = 90.6689 res=false
*==== INFO ====* req_id_count= 15000 stream_id=59996 latency=0.682838 ms (tx_ts=158572307011944, rx_ts=158572307694782) request_id=298084 zil_blk_id=59996 ccf_commit_seqno=298085 nstreams_done_=15000 config.nstreams=20000 avg_latency=0.6511 ms avg throuhgput (requests/sec) = 90.6754 res=false
*==== INFO ====* req_id_count= 15500 stream_id=61996 latency=0.543116 ms (tx_ts=158577808420180, rx_ts=158577808963296) request_id=308083 zil_blk_id=61996 ccf_commit_seqno=308083 nstreams_done_=15500 config.nstreams=20000 avg_latency=0.6502 ms avg throuhgput (requests/sec) = 90.6823 res=false
*==== INFO ====* req_id_count= 16000 stream_id=63996 latency=0.582579 ms (tx_ts=158583337736055, rx_ts=158583338318634) request_id=318129 zil_blk_id=63996 ccf_commit_seqno=318129 nstreams_done_=16000 config.nstreams=20000 avg_latency=0.6510 ms avg throuhgput (requests/sec) = 90.6742 res=false
*==== INFO ====* req_id_count= 16500 stream_id=65996 latency=0.515604 ms (tx_ts=158588843699540, rx_ts=158588844215144) request_id=328156 zil_blk_id=65996 ccf_commit_seqno=328156 nstreams_done_=16500 config.nstreams=20000 avg_latency=0.6505 ms avg throuhgput (requests/sec) = 90.6784 res=false
*==== INFO ====* req_id_count= 17000 stream_id=67996 latency=0.586047 ms (tx_ts=158594356888989, rx_ts=158594357475036) request_id=338184 zil_blk_id=67996 ccf_commit_seqno=338184 nstreams_done_=17000 config.nstreams=20000 avg_latency=0.6506 ms avg throuhgput (requests/sec) = 90.6788 res=false
*==== INFO ====* req_id_count= 17500 stream_id=69996 latency=0.575997 ms (tx_ts=158599860103764, rx_ts=158599860679761) request_id=348184 zil_blk_id=69996 ccf_commit_seqno=348184 nstreams_done_=17500 config.nstreams=20000 avg_latency=0.6496 ms avg throuhgput (requests/sec) = 90.6838 res=false
*==== INFO ====* req_id_count= 18000 stream_id=71996 latency=0.646750 ms (tx_ts=158605380916395, rx_ts=158605381563145) request_id=358233 zil_blk_id=71996 ccf_commit_seqno=358233 nstreams_done_=18000 config.nstreams=20000 avg_latency=0.6497 ms avg throuhgput (requests/sec) = 90.6805 res=false
*==== INFO ====* req_id_count= 18500 stream_id=73996 latency=0.600874 ms (tx_ts=158610889518423, rx_ts=158610890119297) request_id=368251 zil_blk_id=73996 ccf_commit_seqno=368251 nstreams_done_=18500 config.nstreams=20000 avg_latency=0.6494 ms avg throuhgput (requests/sec) = 90.6829 res=false
*==== INFO ====* req_id_count= 19000 stream_id=75996 latency=0.713154 ms (tx_ts=158616393532624, rx_ts=158616394245778) request_id=378258 zil_blk_id=75996 ccf_commit_seqno=378259 nstreams_done_=19000 config.nstreams=20000 avg_latency=0.6490 ms avg throuhgput (requests/sec) = 90.6870 res=false
*==== INFO ====* req_id_count= 19500 stream_id=77996 latency=0.569715 ms (tx_ts=158621921232405, rx_ts=158621921802120) request_id=388292 zil_blk_id=77996 ccf_commit_seqno=388292 nstreams_done_=19500 config.nstreams=20000 avg_latency=0.6499 ms avg throuhgput (requests/sec) = 90.6811 res=false
*==== INFO ====* http_end_stream ALL streams done! nstreams_done_=20000 avg_latency=0.6505 msreq_id_count= 20000
*==== INFO ====* req_id_count= 20000 stream_id=79996 latency=0.560961 ms (tx_ts=158627460819741, rx_ts=158627461380702) request_id=397528 zil_blk_id=79996 ccf_commit_seqno=397528 nstreams_done_=20000 config.nstreams=20000 avg_latency=0.6505 ms avg throuhgput (requests/sec) = 90.6705 res=true
