Uniform: 667239 662521 911622 730602 982397 
Exponential: -2147483648 -2147483648 -2147483648 -2147483648 -2147483648 
Truncated Normal: 282227 805990 253776 235661 531582 
*==== INFO ====* req_id_count= 500 stream_id=1996 latency=0.512037 ms (tx_ts=158412358800871, rx_ts=158412359312908) request_id=9346 zil_blk_id=463 ccf_commit_seqno=9346 nstreams_done_=500 config.nstreams=20000 avg_latency=0.6150 ms avg throuhgput (requests/sec) = 91.2799 res=false
*==== INFO ====* req_id_count= 1000 stream_id=3996 latency=0.626912 ms (tx_ts=158417840054300, rx_ts=158417840681212) request_id=19115 zil_blk_id=5606 ccf_commit_seqno=19115 nstreams_done_=1000 config.nstreams=20000 avg_latency=0.6050 ms avg throuhgput (requests/sec) = 91.2490 res=false
*==== INFO ====* req_id_count= 1500 stream_id=5996 latency=0.576548 ms (tx_ts=158423336605250, rx_ts=158423337181798) request_id=28976 zil_blk_id=10763 ccf_commit_seqno=28976 nstreams_done_=1500 config.nstreams=20000 avg_latency=0.6002 ms avg throuhgput (requests/sec) = 91.1548 res=false
*==== INFO ====* req_id_count= 2000 stream_id=7996 latency=0.596836 ms (tx_ts=158428820330829, rx_ts=158428820927665) request_id=38836 zil_blk_id=15908 ccf_commit_seqno=38836 nstreams_done_=2000 config.nstreams=20000 avg_latency=0.6038 ms avg throuhgput (requests/sec) = 91.1607 res=false
*==== INFO ====* req_id_count= 2500 stream_id=9996 latency=0.498293 ms (tx_ts=158434360881452, rx_ts=158434361379745) request_id=48809 zil_blk_id=21106 ccf_commit_seqno=48809 nstreams_done_=2500 config.nstreams=20000 avg_latency=0.6139 ms avg throuhgput (requests/sec) = 90.9762 res=false
*==== INFO ====* req_id_count= 3000 stream_id=11996 latency=0.610494 ms (tx_ts=158439835324682, rx_ts=158439835935176) request_id=58674 zil_blk_id=26242 ccf_commit_seqno=58674 nstreams_done_=3000 config.nstreams=20000 avg_latency=0.6095 ms avg throuhgput (requests/sec) = 91.0352 res=false
*==== INFO ====* req_id_count= 3500 stream_id=13996 latency=0.622965 ms (tx_ts=158445358500343, rx_ts=158445359123308) request_id=68639 zil_blk_id=31422 ccf_commit_seqno=68639 nstreams_done_=3500 config.nstreams=20000 avg_latency=0.6120 ms avg throuhgput (requests/sec) = 90.9623 res=false
*==== INFO ====* req_id_count= 4000 stream_id=15996 latency=0.589552 ms (tx_ts=158450879530941, rx_ts=158450880120493) request_id=78613 zil_blk_id=36600 ccf_commit_seqno=78613 nstreams_done_=4000 config.nstreams=20000 avg_latency=0.6144 ms avg throuhgput (requests/sec) = 90.9123 res=false
*==== INFO ====* req_id_count= 4500 stream_id=17996 latency=0.665585 ms (tx_ts=158456387287532, rx_ts=158456387953117) request_id=88571 zil_blk_id=41766 ccf_commit_seqno=88571 nstreams_done_=4500 config.nstreams=20000 avg_latency=0.6160 ms avg throuhgput (requests/sec) = 90.8975 res=false
*==== INFO ====* req_id_count= 5000 stream_id=19996 latency=0.553214 ms (tx_ts=158461911499531, rx_ts=158461912052745) request_id=98581 zil_blk_id=46946 ccf_commit_seqno=98581 nstreams_done_=5000 config.nstreams=20000 avg_latency=0.6176 ms avg throuhgput (requests/sec) = 90.8589 res=false
*==== INFO ====* req_id_count= 5500 stream_id=21996 latency=0.629257 ms (tx_ts=158467446211175, rx_ts=158467446840432) request_id=108615 zil_blk_id=52136 ccf_commit_seqno=108616 nstreams_done_=5500 config.nstreams=20000 avg_latency=0.6207 ms avg throuhgput (requests/sec) = 90.8112 res=false
*==== INFO ====* req_id_count= 6000 stream_id=23996 latency=0.624517 ms (tx_ts=158472967912288, rx_ts=158472968536805) request_id=118526 zil_blk_id=57310 ccf_commit_seqno=118526 nstreams_done_=6000 config.nstreams=20000 avg_latency=0.6214 ms avg throuhgput (requests/sec) = 90.7896 res=false
*==== INFO ====* req_id_count= 6500 stream_id=25996 latency=0.592268 ms (tx_ts=158478504561781, rx_ts=158478505154049) request_id=128469 zil_blk_id=62493 ccf_commit_seqno=128469 nstreams_done_=6500 config.nstreams=20000 avg_latency=0.6236 ms avg throuhgput (requests/sec) = 90.7523 res=false
*==== INFO ====* req_id_count= 7000 stream_id=27996 latency=0.494454 ms (tx_ts=158484027681125, rx_ts=158484028175579) request_id=138401 zil_blk_id=67666 ccf_commit_seqno=138401 nstreams_done_=7000 config.nstreams=20000 avg_latency=0.6236 ms avg throuhgput (requests/sec) = 90.7364 res=false
*==== INFO ====* req_id_count= 7500 stream_id=29996 latency=0.553205 ms (tx_ts=158489550083783, rx_ts=158489550636988) request_id=148316 zil_blk_id=72842 ccf_commit_seqno=148316 nstreams_done_=7500 config.nstreams=20000 avg_latency=0.6246 ms avg throuhgput (requests/sec) = 90.7233 res=false
*==== INFO ====* req_id_count= 8000 stream_id=31996 latency=0.580205 ms (tx_ts=158495076049734, rx_ts=158495076629939) request_id=158279 zil_blk_id=78019 ccf_commit_seqno=158279 nstreams_done_=8000 config.nstreams=20000 avg_latency=0.6252 ms avg throuhgput (requests/sec) = 90.7081 res=false
*==== INFO ====* req_id_count= 8500 stream_id=33996 latency=0.544268 ms (tx_ts=158500602683922, rx_ts=158500603228190) request_id=168216 zil_blk_id=83200 ccf_commit_seqno=168216 nstreams_done_=8500 config.nstreams=20000 avg_latency=0.6257 ms avg throuhgput (requests/sec) = 90.6942 res=false
*==== INFO ====* req_id_count= 9000 stream_id=35996 latency=0.635638 ms (tx_ts=158506134076899, rx_ts=158506134712537) request_id=178179 zil_blk_id=88389 ccf_commit_seqno=178179 nstreams_done_=9000 config.nstreams=20000 avg_latency=0.6271 ms avg throuhgput (requests/sec) = 90.6773 res=false
*==== INFO ====* req_id_count= 9500 stream_id=37996 latency=0.511607 ms (tx_ts=158511664600118, rx_ts=158511665111725) request_id=188172 zil_blk_id=93573 ccf_commit_seqno=188172 nstreams_done_=9500 config.nstreams=20000 avg_latency=0.6280 ms avg throuhgput (requests/sec) = 90.6632 res=false
*==== INFO ====* req_id_count= 10000 stream_id=39996 latency=0.573072 ms (tx_ts=158517195900400, rx_ts=158517196473472) request_id=198202 zil_blk_id=98757 ccf_commit_seqno=198202 nstreams_done_=10000 config.nstreams=20000 avg_latency=0.6290 ms avg throuhgput (requests/sec) = 90.6497 res=false
*==== INFO ====* req_id_count= 10500 stream_id=41996 latency=0.566960 ms (tx_ts=158522719826735, rx_ts=158522720393695) request_id=208219 zil_blk_id=103938 ccf_commit_seqno=208219 nstreams_done_=10500 config.nstreams=20000 avg_latency=0.6297 ms avg throuhgput (requests/sec) = 90.6433 res=false
*==== INFO ====* req_id_count= 11000 stream_id=43996 latency=0.510455 ms (tx_ts=158528218613250, rx_ts=158528219123705) request_id=218167 zil_blk_id=109096 ccf_commit_seqno=218167 nstreams_done_=11000 config.nstreams=20000 avg_latency=0.6299 ms avg throuhgput (requests/sec) = 90.6563 res=false
*==== INFO ====* req_id_count= 11500 stream_id=45996 latency=0.622595 ms (tx_ts=158533707507453, rx_ts=158533708130048) request_id=228125 zil_blk_id=114245 ccf_commit_seqno=228125 nstreams_done_=11500 config.nstreams=20000 avg_latency=0.6293 ms avg throuhgput (requests/sec) = 90.6751 res=false
*==== INFO ====* req_id_count= 12000 stream_id=47996 latency=0.592331 ms (tx_ts=158539201591180, rx_ts=158539202183511) request_id=238103 zil_blk_id=119402 ccf_commit_seqno=238103 nstreams_done_=12000 config.nstreams=20000 avg_latency=0.6288 ms avg throuhgput (requests/sec) = 90.6889 res=false
*==== INFO ====* req_id_count= 12500 stream_id=49996 latency=0.572100 ms (tx_ts=158544729953771, rx_ts=158544730525871) request_id=248125 zil_blk_id=124586 ccf_commit_seqno=248126 nstreams_done_=12500 config.nstreams=20000 avg_latency=0.6305 ms avg throuhgput (requests/sec) = 90.6790 res=false
*==== INFO ====* req_id_count= 13000 stream_id=51996 latency=0.614990 ms (tx_ts=158550227240987, rx_ts=158550227855977) request_id=258100 zil_blk_id=129745 ccf_commit_seqno=258101 nstreams_done_=13000 config.nstreams=20000 avg_latency=0.6302 ms avg throuhgput (requests/sec) = 90.6895 res=false
*==== INFO ====* req_id_count= 13500 stream_id=53996 latency=4.045176 ms (tx_ts=158555738689493, rx_ts=158555742734669) request_id=268061 zil_blk_id=134913 ccf_commit_seqno=268061 nstreams_done_=13500 config.nstreams=20000 avg_latency=0.6302 ms avg throuhgput (requests/sec) = 90.6886 res=false
*==== INFO ====* req_id_count= 14000 stream_id=55996 latency=0.542314 ms (tx_ts=158561262214480, rx_ts=158561262756794) request_id=278051 zil_blk_id=140092 ccf_commit_seqno=278051 nstreams_done_=14000 config.nstreams=20000 avg_latency=0.6298 ms avg throuhgput (requests/sec) = 90.6847 res=false
*==== INFO ====* req_id_count= 14500 stream_id=57996 latency=0.471592 ms (tx_ts=158566758349078, rx_ts=158566758820670) request_id=287994 zil_blk_id=145243 ccf_commit_seqno=287994 nstreams_done_=14500 config.nstreams=20000 avg_latency=0.6287 ms avg throuhgput (requests/sec) = 90.6946 res=false
*==== INFO ====* req_id_count= 15000 stream_id=59996 latency=0.591286 ms (tx_ts=158572251718669, rx_ts=158572252309955) request_id=297980 zil_blk_id=150399 ccf_commit_seqno=297980 nstreams_done_=15000 config.nstreams=20000 avg_latency=0.6272 ms avg throuhgput (requests/sec) = 90.7053 res=false
*==== INFO ====* req_id_count= 15500 stream_id=61996 latency=0.621322 ms (tx_ts=158577764878364, rx_ts=158577765499686) request_id=308010 zil_blk_id=155578 ccf_commit_seqno=308010 nstreams_done_=15500 config.nstreams=20000 avg_latency=0.6272 ms avg throuhgput (requests/sec) = 90.7049 res=false
*==== INFO ====* req_id_count= 16000 stream_id=63996 latency=0.590073 ms (tx_ts=158583276889777, rx_ts=158583277479850) request_id=318026 zil_blk_id=160748 ccf_commit_seqno=318026 nstreams_done_=16000 config.nstreams=20000 avg_latency=0.6271 ms avg throuhgput (requests/sec) = 90.7051 res=false
*==== INFO ====* req_id_count= 16500 stream_id=65996 latency=0.665064 ms (tx_ts=158588742900475, rx_ts=158588743565539) request_id=327969 zil_blk_id=165876 ccf_commit_seqno=327969 nstreams_done_=16500 config.nstreams=20000 avg_latency=0.6254 ms avg throuhgput (requests/sec) = 90.7282 res=false
*==== INFO ====* req_id_count= 17000 stream_id=67996 latency=1.759561 ms (tx_ts=158594266239941, rx_ts=158594267999502) request_id=338018 zil_blk_id=171060 ccf_commit_seqno=338018 nstreams_done_=17000 config.nstreams=20000 avg_latency=0.6260 ms avg throuhgput (requests/sec) = 90.7217 res=false
*==== INFO ====* req_id_count= 17500 stream_id=69996 latency=0.582249 ms (tx_ts=158599785023375, rx_ts=158599785605624) request_id=348056 zil_blk_id=176246 ccf_commit_seqno=348056 nstreams_done_=17500 config.nstreams=20000 avg_latency=0.6261 ms avg throuhgput (requests/sec) = 90.7187 res=false
*==== INFO ====* req_id_count= 18000 stream_id=71996 latency=0.541392 ms (tx_ts=158605303154957, rx_ts=158605303696349) request_id=358084 zil_blk_id=181426 ccf_commit_seqno=358084 nstreams_done_=18000 config.nstreams=20000 avg_latency=0.6261 ms avg throuhgput (requests/sec) = 90.7157 res=false
*==== INFO ====* req_id_count= 18500 stream_id=73996 latency=0.640228 ms (tx_ts=158610813694607, rx_ts=158610814334835) request_id=368115 zil_blk_id=186596 ccf_commit_seqno=368115 nstreams_done_=18500 config.nstreams=20000 avg_latency=0.6257 ms avg throuhgput (requests/sec) = 90.7162 res=false
*==== INFO ====* req_id_count= 19000 stream_id=75996 latency=0.558985 ms (tx_ts=158616340969827, rx_ts=158616341528812) request_id=378167 zil_blk_id=191780 ccf_commit_seqno=378167 nstreams_done_=19000 config.nstreams=20000 avg_latency=0.6258 ms avg throuhgput (requests/sec) = 90.7095 res=false
*==== INFO ====* req_id_count= 19500 stream_id=77996 latency=0.693466 ms (tx_ts=158621867184489, rx_ts=158621867877955) request_id=388204 zil_blk_id=196965 ccf_commit_seqno=388206 nstreams_done_=19500 config.nstreams=20000 avg_latency=0.6259 ms avg throuhgput (requests/sec) = 90.7035 res=false
*==== INFO ====* http_end_stream ALL streams done! nstreams_done_=20000 avg_latency=0.6265 msreq_id_count= 20000
*==== INFO ====* req_id_count= 20000 stream_id=79996 latency=0.748480 ms (tx_ts=158627398917585, rx_ts=158627399666065) request_id=397462 zil_blk_id=202145 ccf_commit_seqno=397462 nstreams_done_=20000 config.nstreams=20000 avg_latency=0.6265 ms avg throuhgput (requests/sec) = 90.6955 res=true
