Uniform: 805669 111861 478547 593257 294398 
Exponential: -2147483648 -2147483648 -2147483648 -2147483648 -2147483648 
Truncated Normal: 893327 504608 635737 678336 470599 
*==== INFO ====* req_id_count= 500 stream_id=1996 latency=0.581748 ms (tx_ts=158412639061161, rx_ts=158412639642909) request_id=9831 zil_blk_id=1996 ccf_commit_seqno=9831 nstreams_done_=500 config.nstreams=20000 avg_latency=0.6391 ms avg throuhgput (requests/sec) = 86.8964 res=false
*==== INFO ====* req_id_count= 1000 stream_id=3996 latency=0.536223 ms (tx_ts=158418146085403, rx_ts=158418146621626) request_id=19644 zil_blk_id=3996 ccf_commit_seqno=19644 nstreams_done_=1000 config.nstreams=20000 avg_latency=0.6460 ms avg throuhgput (requests/sec) = 88.8024 res=false
*==== INFO ====* req_id_count= 1500 stream_id=5996 latency=0.670654 ms (tx_ts=158423642920708, rx_ts=158423643591362) request_id=29525 zil_blk_id=5996 ccf_commit_seqno=29526 nstreams_done_=1500 config.nstreams=20000 avg_latency=0.6454 ms avg throuhgput (requests/sec) = 89.5099 res=false
*==== INFO ====* req_id_count= 2000 stream_id=7996 latency=0.578442 ms (tx_ts=158429151781413, rx_ts=158429152359855) request_id=39423 zil_blk_id=7996 ccf_commit_seqno=39423 nstreams_done_=2000 config.nstreams=20000 avg_latency=0.6496 ms avg throuhgput (requests/sec) = 89.8202 res=false
*==== INFO ====* req_id_count= 2500 stream_id=9996 latency=0.553215 ms (tx_ts=158434655993240, rx_ts=158434656546455) request_id=49336 zil_blk_id=9996 ccf_commit_seqno=49336 nstreams_done_=2500 config.nstreams=20000 avg_latency=0.6482 ms avg throuhgput (requests/sec) = 90.0223 res=false
*==== INFO ====* req_id_count= 3000 stream_id=11996 latency=0.528561 ms (tx_ts=158440155600373, rx_ts=158440156128934) request_id=59247 zil_blk_id=11996 ccf_commit_seqno=59247 nstreams_done_=3000 config.nstreams=20000 avg_latency=0.6480 ms avg throuhgput (requests/sec) = 90.1701 res=false
*==== INFO ====* req_id_count= 3500 stream_id=13996 latency=0.582049 ms (tx_ts=158445636098515, rx_ts=158445636680564) request_id=69130 zil_blk_id=13996 ccf_commit_seqno=69130 nstreams_done_=3500 config.nstreams=20000 avg_latency=0.6434 ms avg throuhgput (requests/sec) = 90.3202 res=false
*==== INFO ====* req_id_count= 4000 stream_id=15996 latency=0.693607 ms (tx_ts=158451131538608, rx_ts=158451132232215) request_id=79059 zil_blk_id=15996 ccf_commit_seqno=79059 nstreams_done_=4000 config.nstreams=20000 avg_latency=0.6435 ms avg throuhgput (requests/sec) = 90.4025 res=false
*==== INFO ====* req_id_count= 4500 stream_id=17996 latency=1.146334 ms (tx_ts=158456640165838, rx_ts=158456641312172) request_id=89021 zil_blk_id=17996 ccf_commit_seqno=89022 nstreams_done_=4500 config.nstreams=20000 avg_latency=0.6463 ms avg throuhgput (requests/sec) = 90.4420 res=false
*==== INFO ====* req_id_count= 5000 stream_id=19996 latency=0.547073 ms (tx_ts=158462133569882, rx_ts=158462134116955) request_id=98982 zil_blk_id=19996 ccf_commit_seqno=98982 nstreams_done_=5000 config.nstreams=20000 avg_latency=0.6456 ms avg throuhgput (requests/sec) = 90.5003 res=false
*==== INFO ====* req_id_count= 5500 stream_id=21996 latency=0.695240 ms (tx_ts=158467624040838, rx_ts=158467624736078) request_id=108930 zil_blk_id=21996 ccf_commit_seqno=108930 nstreams_done_=5500 config.nstreams=20000 avg_latency=0.6441 ms avg throuhgput (requests/sec) = 90.5513 res=false
*==== INFO ====* req_id_count= 6000 stream_id=23996 latency=0.527918 ms (tx_ts=158473376747188, rx_ts=158473377275106) request_id=119254 zil_blk_id=23996 ccf_commit_seqno=119254 nstreams_done_=6000 config.nstreams=20000 avg_latency=0.6411 ms avg throuhgput (requests/sec) = 90.2369 res=false
*==== INFO ====* req_id_count= 6500 stream_id=25996 latency=0.615111 ms (tx_ts=158479185816491, rx_ts=158479186431602) request_id=129696 zil_blk_id=25996 ccf_commit_seqno=129697 nstreams_done_=6500 config.nstreams=20000 avg_latency=0.6376 ms avg throuhgput (requests/sec) = 89.9022 res=false
*==== INFO ====* req_id_count= 7000 stream_id=27996 latency=0.554297 ms (tx_ts=158485023705896, rx_ts=158485024260193) request_id=140186 zil_blk_id=27996 ccf_commit_seqno=140186 nstreams_done_=7000 config.nstreams=20000 avg_latency=0.6374 ms avg throuhgput (requests/sec) = 89.5844 res=false
*==== INFO ====* req_id_count= 7500 stream_id=29996 latency=0.667047 ms (tx_ts=158490850214862, rx_ts=158490850881909) request_id=150651 zil_blk_id=29996 ccf_commit_seqno=150652 nstreams_done_=7500 config.nstreams=20000 avg_latency=0.6361 ms avg throuhgput (requests/sec) = 89.3227 res=false
*==== INFO ====* req_id_count= 8000 stream_id=31996 latency=0.523739 ms (tx_ts=158496332051764, rx_ts=158496332575503) request_id=160535 zil_blk_id=31996 ccf_commit_seqno=160535 nstreams_done_=8000 config.nstreams=20000 avg_latency=0.6353 ms avg throuhgput (requests/sec) = 89.4385 res=false
*==== INFO ====* req_id_count= 8500 stream_id=33996 latency=0.558544 ms (tx_ts=158501842144118, rx_ts=158501842702662) request_id=170449 zil_blk_id=33996 ccf_commit_seqno=170449 nstreams_done_=8500 config.nstreams=20000 avg_latency=0.6374 ms avg throuhgput (requests/sec) = 89.5142 res=false
*==== INFO ====* req_id_count= 9000 stream_id=35996 latency=0.683399 ms (tx_ts=158507336717687, rx_ts=158507337401086) request_id=180350 zil_blk_id=35996 ccf_commit_seqno=180350 nstreams_done_=9000 config.nstreams=20000 avg_latency=0.6377 ms avg throuhgput (requests/sec) = 89.5953 res=false
*==== INFO ====* req_id_count= 9500 stream_id=37996 latency=0.540741 ms (tx_ts=158512830772392, rx_ts=158512831313133) request_id=190282 zil_blk_id=37996 ccf_commit_seqno=190282 nstreams_done_=9500 config.nstreams=20000 avg_latency=0.6379 ms avg throuhgput (requests/sec) = 89.6686 res=false
*==== INFO ====* req_id_count= 10000 stream_id=39996 latency=0.677497 ms (tx_ts=158518325486903, rx_ts=158518326164400) request_id=200247 zil_blk_id=39996 ccf_commit_seqno=200247 nstreams_done_=10000 config.nstreams=20000 avg_latency=0.6378 ms avg throuhgput (requests/sec) = 89.7340 res=false
*==== INFO ====* req_id_count= 10500 stream_id=41996 latency=0.553014 ms (tx_ts=158523812011743, rx_ts=158523812564757) request_id=210196 zil_blk_id=41996 ccf_commit_seqno=210196 nstreams_done_=10500 config.nstreams=20000 avg_latency=0.6371 ms avg throuhgput (requests/sec) = 89.7997 res=false
*==== INFO ====* req_id_count= 11000 stream_id=43996 latency=0.608829 ms (tx_ts=158529325085015, rx_ts=158529325693844) request_id=220179 zil_blk_id=43996 ccf_commit_seqno=220179 nstreams_done_=11000 config.nstreams=20000 avg_latency=0.6392 ms avg throuhgput (requests/sec) = 89.8399 res=false
*==== INFO ====* req_id_count= 11500 stream_id=45996 latency=0.562382 ms (tx_ts=158534836260836, rx_ts=158534836823218) request_id=230179 zil_blk_id=45996 ccf_commit_seqno=230180 nstreams_done_=11500 config.nstreams=20000 avg_latency=0.6404 ms avg throuhgput (requests/sec) = 89.8780 res=false
*==== INFO ====* req_id_count= 12000 stream_id=47996 latency=0.579133 ms (tx_ts=158540336479258, rx_ts=158540337058391) request_id=240161 zil_blk_id=47996 ccf_commit_seqno=240161 nstreams_done_=12000 config.nstreams=20000 avg_latency=0.6408 ms avg throuhgput (requests/sec) = 89.9204 res=false
*==== INFO ====* req_id_count= 12500 stream_id=49996 latency=0.544308 ms (tx_ts=158545847088581, rx_ts=158545847632889) request_id=250149 zil_blk_id=49996 ccf_commit_seqno=250149 nstreams_done_=12500 config.nstreams=20000 avg_latency=0.6417 ms avg throuhgput (requests/sec) = 89.9527 res=false
*==== INFO ====* req_id_count= 13000 stream_id=51996 latency=0.562983 ms (tx_ts=158551340106426, rx_ts=158551340669409) request_id=260118 zil_blk_id=51996 ccf_commit_seqno=260118 nstreams_done_=13000 config.nstreams=20000 avg_latency=0.6415 ms avg throuhgput (requests/sec) = 89.9934 res=false
*==== INFO ====* req_id_count= 13500 stream_id=53996 latency=0.489886 ms (tx_ts=158556815310917, rx_ts=158556815800803) request_id=270002 zil_blk_id=53996 ccf_commit_seqno=270002 nstreams_done_=13500 config.nstreams=20000 avg_latency=0.6400 ms avg throuhgput (requests/sec) = 90.0419 res=false
*==== INFO ====* req_id_count= 14000 stream_id=55996 latency=0.763407 ms (tx_ts=158562312234986, rx_ts=158562312998393) request_id=279950 zil_blk_id=55996 ccf_commit_seqno=279951 nstreams_done_=14000 config.nstreams=20000 avg_latency=0.6402 ms avg throuhgput (requests/sec) = 90.0742 res=false
*==== INFO ====* req_id_count= 14500 stream_id=57996 latency=0.596446 ms (tx_ts=158567811362231, rx_ts=158567811958677) request_id=289908 zil_blk_id=57996 ccf_commit_seqno=289908 nstreams_done_=14500 config.nstreams=20000 avg_latency=0.6405 ms avg throuhgput (requests/sec) = 90.1034 res=false
*==== INFO ====* req_id_count= 15000 stream_id=59996 latency=0.684981 ms (tx_ts=158573311859737, rx_ts=158573312544718) request_id=299909 zil_blk_id=59996 ccf_commit_seqno=299909 nstreams_done_=15000 config.nstreams=20000 avg_latency=0.6401 ms avg throuhgput (requests/sec) = 90.1297 res=false
*==== INFO ====* req_id_count= 15500 stream_id=61996 latency=0.552363 ms (tx_ts=158578809066402, rx_ts=158578809618765) request_id=309904 zil_blk_id=61996 ccf_commit_seqno=309904 nstreams_done_=15500 config.nstreams=20000 avg_latency=0.6402 ms avg throuhgput (requests/sec) = 90.1561 res=false
*==== INFO ====* req_id_count= 16000 stream_id=63996 latency=0.603168 ms (tx_ts=158584292735348, rx_ts=158584293338516) request_id=319873 zil_blk_id=63996 ccf_commit_seqno=319873 nstreams_done_=16000 config.nstreams=20000 avg_latency=0.6397 ms avg throuhgput (requests/sec) = 90.1878 res=false
*==== INFO ====* req_id_count= 16500 stream_id=65996 latency=0.623015 ms (tx_ts=158589781684184, rx_ts=158589782307199) request_id=329859 zil_blk_id=65996 ccf_commit_seqno=329859 nstreams_done_=16500 config.nstreams=20000 avg_latency=0.6397 ms avg throuhgput (requests/sec) = 90.2149 res=false
*==== INFO ====* req_id_count= 17000 stream_id=67996 latency=0.601235 ms (tx_ts=158595277875548, rx_ts=158595278476783) request_id=339857 zil_blk_id=67996 ccf_commit_seqno=339858 nstreams_done_=17000 config.nstreams=20000 avg_latency=0.6396 ms avg throuhgput (requests/sec) = 90.2370 res=false
*==== INFO ====* req_id_count= 17500 stream_id=69996 latency=0.598710 ms (tx_ts=158600771270398, rx_ts=158600771869108) request_id=349851 zil_blk_id=69996 ccf_commit_seqno=349851 nstreams_done_=17500 config.nstreams=20000 avg_latency=0.6395 ms avg throuhgput (requests/sec) = 90.2591 res=false
*==== INFO ====* req_id_count= 18000 stream_id=71996 latency=0.545751 ms (tx_ts=158606277929361, rx_ts=158606278475112) request_id=359855 zil_blk_id=71996 ccf_commit_seqno=359855 nstreams_done_=18000 config.nstreams=20000 avg_latency=0.6400 ms avg throuhgput (requests/sec) = 90.2741 res=false
*==== INFO ====* req_id_count= 18500 stream_id=73996 latency=0.580506 ms (tx_ts=158611762018680, rx_ts=158611762599186) request_id=369848 zil_blk_id=73996 ccf_commit_seqno=369848 nstreams_done_=18500 config.nstreams=20000 avg_latency=0.6394 ms avg throuhgput (requests/sec) = 90.2981 res=false
*==== INFO ====* req_id_count= 19000 stream_id=75996 latency=0.715238 ms (tx_ts=158617256561535, rx_ts=158617257276773) request_id=379828 zil_blk_id=75996 ccf_commit_seqno=379828 nstreams_done_=19000 config.nstreams=20000 avg_latency=0.6394 ms avg throuhgput (requests/sec) = 90.3164 res=false
*==== INFO ====* req_id_count= 19500 stream_id=77996 latency=0.597317 ms (tx_ts=158622759483593, rx_ts=158622760080910) request_id=389817 zil_blk_id=77996 ccf_commit_seqno=389817 nstreams_done_=19500 config.nstreams=20000 avg_latency=0.6400 ms avg throuhgput (requests/sec) = 90.3303 res=false
*==== INFO ====* http_end_stream ALL streams done! nstreams_done_=20000 avg_latency=0.6395 msreq_id_count= 20000
*==== INFO ====* req_id_count= 20000 stream_id=79996 latency=0.698165 ms (tx_ts=158628249572169, rx_ts=158628250270334) request_id=398169 zil_blk_id=79996 ccf_commit_seqno=398169 nstreams_done_=20000 config.nstreams=20000 avg_latency=0.6395 ms avg throuhgput (requests/sec) = 90.3487 res=true
