Uniform: 12038 892957 758543 135081 580500 
Exponential: -2147483648 -2147483648 -2147483648 -2147483648 -2147483648 
Truncated Normal: 175938 458784 677303 393781 165034 
*==== INFO ====* req_id_count= 500 stream_id=1996 latency=1.279021 ms (tx_ts=158412735372858, rx_ts=158412736651879) request_id=10003 zil_blk_id=1996 ccf_commit_seqno=10003 nstreams_done_=500 config.nstreams=20000 avg_latency=0.6709 ms avg throuhgput (requests/sec) = 85.4624 res=false
*==== INFO ====* req_id_count= 1000 stream_id=3996 latency=0.671396 ms (tx_ts=158418574748957, rx_ts=158418575420353) request_id=20412 zil_blk_id=3996 ccf_commit_seqno=20413 nstreams_done_=1000 config.nstreams=20000 avg_latency=0.6615 ms avg throuhgput (requests/sec) = 85.5484 res=false
*==== INFO ====* req_id_count= 1500 stream_id=5996 latency=0.576999 ms (tx_ts=158424427386355, rx_ts=158424427963354) request_id=30930 zil_blk_id=5996 ccf_commit_seqno=30930 nstreams_done_=1500 config.nstreams=20000 avg_latency=0.6579 ms avg throuhgput (requests/sec) = 85.5099 res=false
*==== INFO ====* req_id_count= 2000 stream_id=7996 latency=0.515263 ms (tx_ts=158430267899085, rx_ts=158430268414348) request_id=41434 zil_blk_id=7996 ccf_commit_seqno=41434 nstreams_done_=2000 config.nstreams=20000 avg_latency=0.6565 ms avg throuhgput (requests/sec) = 85.5348 res=false
*==== INFO ====* req_id_count= 2500 stream_id=9996 latency=0.598554 ms (tx_ts=158436142221425, rx_ts=158436142819979) request_id=52015 zil_blk_id=9996 ccf_commit_seqno=52015 nstreams_done_=2500 config.nstreams=20000 avg_latency=0.6654 ms avg throuhgput (requests/sec) = 85.4505 res=false
*==== INFO ====* req_id_count= 3000 stream_id=11996 latency=0.736528 ms (tx_ts=158441997630762, rx_ts=158441998367290) request_id=62572 zil_blk_id=11996 ccf_commit_seqno=62572 nstreams_done_=3000 config.nstreams=20000 avg_latency=0.6659 ms avg throuhgput (requests/sec) = 85.4403 res=false
*==== INFO ====* req_id_count= 3500 stream_id=13996 latency=0.674381 ms (tx_ts=158447852990965, rx_ts=158447853665346) request_id=73134 zil_blk_id=13996 ccf_commit_seqno=73134 nstreams_done_=3500 config.nstreams=20000 avg_latency=0.6682 ms avg throuhgput (requests/sec) = 85.4335 res=false
*==== INFO ====* req_id_count= 4000 stream_id=15996 latency=0.574444 ms (tx_ts=158453603645994, rx_ts=158453604220438) request_id=83526 zil_blk_id=15996 ccf_commit_seqno=83526 nstreams_done_=4000 config.nstreams=20000 avg_latency=0.6677 ms avg throuhgput (requests/sec) = 85.6199 res=false
*==== INFO ====* req_id_count= 4500 stream_id=17996 latency=0.564155 ms (tx_ts=158459124403567, rx_ts=158459124967722) request_id=93523 zil_blk_id=17996 ccf_commit_seqno=93523 nstreams_done_=4500 config.nstreams=20000 avg_latency=0.6676 ms avg throuhgput (requests/sec) = 86.1428 res=false
*==== INFO ====* req_id_count= 5000 stream_id=19996 latency=0.602635 ms (tx_ts=158464641270472, rx_ts=158464641873107) request_id=103532 zil_blk_id=19996 ccf_commit_seqno=103532 nstreams_done_=5000 config.nstreams=20000 avg_latency=0.6690 ms avg throuhgput (requests/sec) = 86.5715 res=false
*==== INFO ====* req_id_count= 5500 stream_id=21996 latency=0.592918 ms (tx_ts=158470253664436, rx_ts=158470254257354) request_id=113659 zil_blk_id=21996 ccf_commit_seqno=113659 nstreams_done_=5500 config.nstreams=20000 avg_latency=0.6710 ms avg throuhgput (requests/sec) = 86.7944 res=false
*==== INFO ====* req_id_count= 6000 stream_id=23996 latency=0.609200 ms (tx_ts=158476058057979, rx_ts=158476058667179) request_id=124077 zil_blk_id=23996 ccf_commit_seqno=124077 nstreams_done_=6000 config.nstreams=20000 avg_latency=0.6721 ms avg throuhgput (requests/sec) = 86.7396 res=false
*==== INFO ====* req_id_count= 6500 stream_id=25996 latency=0.568813 ms (tx_ts=158481591146093, rx_ts=158481591714906) request_id=134016 zil_blk_id=25996 ccf_commit_seqno=134016 nstreams_done_=6500 config.nstreams=20000 avg_latency=0.6717 ms avg throuhgput (requests/sec) = 87.0082 res=false
*==== INFO ====* req_id_count= 7000 stream_id=27996 latency=0.670133 ms (tx_ts=158487432406355, rx_ts=158487433076488) request_id=144522 zil_blk_id=27996 ccf_commit_seqno=144522 nstreams_done_=7000 config.nstreams=20000 avg_latency=0.6714 ms avg throuhgput (requests/sec) = 86.9058 res=false
*==== INFO ====* req_id_count= 7500 stream_id=29996 latency=0.585384 ms (tx_ts=158493284264082, rx_ts=158493284849466) request_id=155044 zil_blk_id=29996 ccf_commit_seqno=155044 nstreams_done_=7500 config.nstreams=20000 avg_latency=0.6714 ms avg throuhgput (requests/sec) = 86.8068 res=false
*==== INFO ====* req_id_count= 8000 stream_id=31996 latency=0.603649 ms (tx_ts=158499143261254, rx_ts=158499143864903) request_id=165591 zil_blk_id=31996 ccf_commit_seqno=165591 nstreams_done_=8000 config.nstreams=20000 avg_latency=0.6726 ms avg throuhgput (requests/sec) = 86.7136 res=false
*==== INFO ====* req_id_count= 8500 stream_id=33996 latency=0.595213 ms (tx_ts=158505019308959, rx_ts=158505019904172) request_id=176174 zil_blk_id=33996 ccf_commit_seqno=176174 nstreams_done_=8500 config.nstreams=20000 avg_latency=0.6736 ms avg throuhgput (requests/sec) = 86.6165 res=false
*==== INFO ====* req_id_count= 9000 stream_id=35996 latency=0.536313 ms (tx_ts=158510888772226, rx_ts=158510889308539) request_id=186764 zil_blk_id=35996 ccf_commit_seqno=186764 nstreams_done_=9000 config.nstreams=20000 avg_latency=0.6735 ms avg throuhgput (requests/sec) = 86.5358 res=false
*==== INFO ====* req_id_count= 9500 stream_id=37996 latency=0.529741 ms (tx_ts=158516448552121, rx_ts=158516449081862) request_id=196848 zil_blk_id=37996 ccf_commit_seqno=196848 nstreams_done_=9500 config.nstreams=20000 avg_latency=0.6730 ms avg throuhgput (requests/sec) = 86.7081 res=false
*==== INFO ====* req_id_count= 10000 stream_id=39996 latency=0.537766 ms (tx_ts=158521958921335, rx_ts=158521959459101) request_id=206835 zil_blk_id=39996 ccf_commit_seqno=206835 nstreams_done_=10000 config.nstreams=20000 avg_latency=0.6725 ms avg throuhgput (requests/sec) = 86.9011 res=false
*==== INFO ====* req_id_count= 10500 stream_id=41996 latency=0.565878 ms (tx_ts=158527469919961, rx_ts=158527470485839) request_id=216820 zil_blk_id=41996 ccf_commit_seqno=216820 nstreams_done_=10500 config.nstreams=20000 avg_latency=0.6721 ms avg throuhgput (requests/sec) = 87.0760 res=false
*==== INFO ====* req_id_count= 11000 stream_id=43996 latency=0.554140 ms (tx_ts=158532979137483, rx_ts=158532979691623) request_id=226816 zil_blk_id=43996 ccf_commit_seqno=226816 nstreams_done_=11000 config.nstreams=20000 avg_latency=0.6714 ms avg throuhgput (requests/sec) = 87.2368 res=false
*==== INFO ====* req_id_count= 11500 stream_id=45996 latency=0.700551 ms (tx_ts=158538504093915, rx_ts=158538504794466) request_id=236843 zil_blk_id=45996 ccf_commit_seqno=236844 nstreams_done_=11500 config.nstreams=20000 avg_latency=0.6720 ms avg throuhgput (requests/sec) = 87.3736 res=false
*==== INFO ====* req_id_count= 12000 stream_id=47996 latency=1.204202 ms (tx_ts=158544032368954, rx_ts=158544033573156) request_id=246867 zil_blk_id=47996 ccf_commit_seqno=246867 nstreams_done_=12000 config.nstreams=20000 avg_latency=0.6722 ms avg throuhgput (requests/sec) = 87.4971 res=false
*==== INFO ====* req_id_count= 12500 stream_id=49996 latency=0.559386 ms (tx_ts=158549543118469, rx_ts=158549543677855) request_id=256857 zil_blk_id=49996 ccf_commit_seqno=256857 nstreams_done_=12500 config.nstreams=20000 avg_latency=0.6713 ms avg throuhgput (requests/sec) = 87.6224 res=false
*==== INFO ====* req_id_count= 13000 stream_id=51996 latency=0.585155 ms (tx_ts=158555064454179, rx_ts=158555065039334) request_id=266851 zil_blk_id=51996 ccf_commit_seqno=266851 nstreams_done_=13000 config.nstreams=20000 avg_latency=0.6711 ms avg throuhgput (requests/sec) = 87.7318 res=false
*==== INFO ====* req_id_count= 13500 stream_id=53996 latency=0.549628 ms (tx_ts=158560587376990, rx_ts=158560587926618) request_id=276828 zil_blk_id=53996 ccf_commit_seqno=276828 nstreams_done_=13500 config.nstreams=20000 avg_latency=0.6716 ms avg throuhgput (requests/sec) = 87.8324 res=false
*==== INFO ====* req_id_count= 14000 stream_id=55996 latency=0.559426 ms (tx_ts=158566119634828, rx_ts=158566120194254) request_id=286846 zil_blk_id=55996 ccf_commit_seqno=286846 nstreams_done_=14000 config.nstreams=20000 avg_latency=0.6725 ms avg throuhgput (requests/sec) = 87.9209 res=false
*==== INFO ====* req_id_count= 14500 stream_id=57996 latency=0.588573 ms (tx_ts=158571633060227, rx_ts=158571633648800) request_id=296855 zil_blk_id=57996 ccf_commit_seqno=296855 nstreams_done_=14500 config.nstreams=20000 avg_latency=0.6721 ms avg throuhgput (requests/sec) = 88.0135 res=false
*==== INFO ====* req_id_count= 15000 stream_id=59996 latency=0.563144 ms (tx_ts=158577159826740, rx_ts=158577160389884) request_id=306908 zil_blk_id=59996 ccf_commit_seqno=306908 nstreams_done_=15000 config.nstreams=20000 avg_latency=0.6726 ms avg throuhgput (requests/sec) = 88.0932 res=false
*==== INFO ====* req_id_count= 15500 stream_id=61996 latency=0.626060 ms (tx_ts=158582689219338, rx_ts=158582689845398) request_id=316955 zil_blk_id=61996 ccf_commit_seqno=316955 nstreams_done_=15500 config.nstreams=20000 avg_latency=0.6727 ms avg throuhgput (requests/sec) = 88.1665 res=false
*==== INFO ====* req_id_count= 16000 stream_id=63996 latency=0.599952 ms (tx_ts=158588206995622, rx_ts=158588207595574) request_id=326997 zil_blk_id=63996 ccf_commit_seqno=326997 nstreams_done_=16000 config.nstreams=20000 avg_latency=0.6722 ms avg throuhgput (requests/sec) = 88.2411 res=false
*==== INFO ====* req_id_count= 16500 stream_id=65996 latency=0.727601 ms (tx_ts=158593726842935, rx_ts=158593727570536) request_id=337036 zil_blk_id=65996 ccf_commit_seqno=337037 nstreams_done_=16500 config.nstreams=20000 avg_latency=0.6724 ms avg throuhgput (requests/sec) = 88.3102 res=false
*==== INFO ====* req_id_count= 17000 stream_id=67996 latency=0.532042 ms (tx_ts=158599268833106, rx_ts=158599269365148) request_id=347120 zil_blk_id=67996 ccf_commit_seqno=347120 nstreams_done_=17000 config.nstreams=20000 avg_latency=0.6735 ms avg throuhgput (requests/sec) = 88.3653 res=false
*==== INFO ====* req_id_count= 17500 stream_id=69996 latency=0.660715 ms (tx_ts=158604796779107, rx_ts=158604797439822) request_id=357170 zil_blk_id=69996 ccf_commit_seqno=357170 nstreams_done_=17500 config.nstreams=20000 avg_latency=0.6742 ms avg throuhgput (requests/sec) = 88.4234 res=false
*==== INFO ====* req_id_count= 18000 stream_id=71996 latency=0.592129 ms (tx_ts=158610315953671, rx_ts=158610316545800) request_id=367210 zil_blk_id=71996 ccf_commit_seqno=367210 nstreams_done_=18000 config.nstreams=20000 avg_latency=0.6747 ms avg throuhgput (requests/sec) = 88.4823 res=false
*==== INFO ====* req_id_count= 18500 stream_id=73996 latency=0.574895 ms (tx_ts=158615847874813, rx_ts=158615848449708) request_id=377266 zil_blk_id=73996 ccf_commit_seqno=377266 nstreams_done_=18500 config.nstreams=20000 avg_latency=0.6749 ms avg throuhgput (requests/sec) = 88.5327 res=false
*==== INFO ====* req_id_count= 19000 stream_id=75996 latency=0.571048 ms (tx_ts=158621369160340, rx_ts=158621369731388) request_id=387293 zil_blk_id=75996 ccf_commit_seqno=387293 nstreams_done_=19000 config.nstreams=20000 avg_latency=0.6751 ms avg throuhgput (requests/sec) = 88.5849 res=false
*==== INFO ====* req_id_count= 19500 stream_id=77996 latency=0.674470 ms (tx_ts=158626903483705, rx_ts=158626904158175) request_id=396863 zil_blk_id=77996 ccf_commit_seqno=396863 nstreams_done_=19500 config.nstreams=20000 avg_latency=0.6758 ms avg throuhgput (requests/sec) = 88.6291 res=false
*==== INFO ====* http_end_stream ALL streams done! nstreams_done_=20000 avg_latency=0.6763 msreq_id_count= 20000
*==== INFO ====* req_id_count= 20000 stream_id=79996 latency=0.603859 ms (tx_ts=158632446944675, rx_ts=158632447548534) request_id=399689 zil_blk_id=79996 ccf_commit_seqno=399689 nstreams_done_=20000 config.nstreams=20000 avg_latency=0.6763 ms avg throuhgput (requests/sec) = 88.6676 res=true
