Uniform: 482923 875371 79884 667577 234319 
Exponential: -2147483648 -2147483648 -2147483648 -2147483648 -2147483648 
Truncated Normal: 866548 684161 654687 792240 746583 
*==== INFO ====* req_id_count= 500 stream_id=1996 latency=0.520503 ms (tx_ts=158412371184684, rx_ts=158412371705187) request_id=9368 zil_blk_id=1996 ccf_commit_seqno=9368 nstreams_done_=500 config.nstreams=20000 avg_latency=0.6344 ms avg throuhgput (requests/sec) = 91.1454 res=false
*==== INFO ====* req_id_count= 1000 stream_id=3996 latency=0.610302 ms (tx_ts=158417860224786, rx_ts=158417860835088) request_id=19138 zil_blk_id=3996 ccf_commit_seqno=19138 nstreams_done_=1000 config.nstreams=20000 avg_latency=0.6272 ms avg throuhgput (requests/sec) = 91.1173 res=false
*==== INFO ====* req_id_count= 1500 stream_id=5996 latency=0.559373 ms (tx_ts=158423347957642, rx_ts=158423348517015) request_id=28996 zil_blk_id=5996 ccf_commit_seqno=28996 nstreams_done_=1500 config.nstreams=20000 avg_latency=0.6240 ms avg throuhgput (requests/sec) = 91.1159 res=false
*==== INFO ====* req_id_count= 2000 stream_id=7996 latency=0.532887 ms (tx_ts=158428822263153, rx_ts=158428822796040) request_id=38840 zil_blk_id=7996 ccf_commit_seqno=38840 nstreams_done_=2000 config.nstreams=20000 avg_latency=0.6177 ms avg throuhgput (requests/sec) = 91.1709 res=false
*==== INFO ====* req_id_count= 2500 stream_id=9996 latency=0.620602 ms (tx_ts=158434293596817, rx_ts=158434294217419) request_id=48687 zil_blk_id=9996 ccf_commit_seqno=48687 nstreams_done_=2500 config.nstreams=20000 avg_latency=0.6111 ms avg throuhgput (requests/sec) = 91.2134 res=false
*==== INFO ====* req_id_count= 3000 stream_id=11996 latency=0.519524 ms (tx_ts=158439769310433, rx_ts=158439769829957) request_id=58553 zil_blk_id=11996 ccf_commit_seqno=58553 nstreams_done_=3000 config.nstreams=20000 avg_latency=0.6090 ms avg throuhgput (requests/sec) = 91.2302 res=false
*==== INFO ====* req_id_count= 3500 stream_id=13996 latency=0.517157 ms (tx_ts=158445239340826, rx_ts=158445239857983) request_id=68424 zil_blk_id=13996 ccf_commit_seqno=68424 nstreams_done_=3500 config.nstreams=20000 avg_latency=0.6064 ms avg throuhgput (requests/sec) = 91.2554 res=false
*==== INFO ====* req_id_count= 4000 stream_id=15996 latency=0.653262 ms (tx_ts=158450725030482, rx_ts=158450725683744) request_id=78334 zil_blk_id=15996 ccf_commit_seqno=78335 nstreams_done_=4000 config.nstreams=20000 avg_latency=0.6083 ms avg throuhgput (requests/sec) = 91.2415 res=false
*==== INFO ====* req_id_count= 4500 stream_id=17996 latency=0.633195 ms (tx_ts=158456212260874, rx_ts=158456212894069) request_id=88260 zil_blk_id=17996 ccf_commit_seqno=88260 nstreams_done_=4500 config.nstreams=20000 avg_latency=0.6097 ms avg throuhgput (requests/sec) = 91.2281 res=false
*==== INFO ====* req_id_count= 5000 stream_id=19996 latency=0.503261 ms (tx_ts=158461670038646, rx_ts=158461670541907) request_id=98146 zil_blk_id=19996 ccf_commit_seqno=98146 nstreams_done_=5000 config.nstreams=20000 avg_latency=0.6065 ms avg throuhgput (requests/sec) = 91.2666 res=false
*==== INFO ====* req_id_count= 5500 stream_id=21996 latency=0.566019 ms (tx_ts=158467147904412, rx_ts=158467148470431) request_id=108077 zil_blk_id=21996 ccf_commit_seqno=108078 nstreams_done_=5500 config.nstreams=20000 avg_latency=0.6071 ms avg throuhgput (requests/sec) = 91.2674 res=false
*==== INFO ====* req_id_count= 6000 stream_id=23996 latency=0.535692 ms (tx_ts=158472623772481, rx_ts=158472624308173) request_id=117905 zil_blk_id=23996 ccf_commit_seqno=117905 nstreams_done_=6000 config.nstreams=20000 avg_latency=0.6065 ms avg throuhgput (requests/sec) = 91.2709 res=false
*==== INFO ====* req_id_count= 6500 stream_id=25996 latency=0.506768 ms (tx_ts=158478115217139, rx_ts=158478115723907) request_id=127774 zil_blk_id=25996 ccf_commit_seqno=127774 nstreams_done_=6500 config.nstreams=20000 avg_latency=0.6070 ms avg throuhgput (requests/sec) = 91.2540 res=false
*==== INFO ====* req_id_count= 7000 stream_id=27996 latency=0.629927 ms (tx_ts=158483618050298, rx_ts=158483618680225) request_id=137665 zil_blk_id=27996 ccf_commit_seqno=137665 nstreams_done_=7000 config.nstreams=20000 avg_latency=0.6089 ms avg throuhgput (requests/sec) = 91.2258 res=false
*==== INFO ====* req_id_count= 7500 stream_id=29996 latency=0.781982 ms (tx_ts=158489109203729, rx_ts=158489109985711) request_id=147529 zil_blk_id=29996 ccf_commit_seqno=147531 nstreams_done_=7500 config.nstreams=20000 avg_latency=0.6108 ms avg throuhgput (requests/sec) = 91.2142 res=false
*==== INFO ====* req_id_count= 8000 stream_id=31996 latency=0.533859 ms (tx_ts=158494587647948, rx_ts=158494588181807) request_id=157394 zil_blk_id=31996 ccf_commit_seqno=157394 nstreams_done_=8000 config.nstreams=20000 avg_latency=0.6109 ms avg throuhgput (requests/sec) = 91.2178 res=false
*==== INFO ====* req_id_count= 8500 stream_id=33996 latency=0.536113 ms (tx_ts=158500086751342, rx_ts=158500087287455) request_id=167289 zil_blk_id=33996 ccf_commit_seqno=167289 nstreams_done_=8500 config.nstreams=20000 avg_latency=0.6128 ms avg throuhgput (requests/sec) = 91.2004 res=false
*==== INFO ====* req_id_count= 9000 stream_id=35996 latency=0.711812 ms (tx_ts=158505571999787, rx_ts=158505572711599) request_id=177172 zil_blk_id=35996 ccf_commit_seqno=177173 nstreams_done_=9000 config.nstreams=20000 avg_latency=0.6135 ms avg throuhgput (requests/sec) = 91.1977 res=false
*==== INFO ====* req_id_count= 9500 stream_id=37996 latency=0.499394 ms (tx_ts=158511057663278, rx_ts=158511058162672) request_id=187074 zil_blk_id=37996 ccf_commit_seqno=187074 nstreams_done_=9500 config.nstreams=20000 avg_latency=0.6137 ms avg throuhgput (requests/sec) = 91.1952 res=false
*==== INFO ====* req_id_count= 10000 stream_id=39996 latency=0.553475 ms (tx_ts=158516529726923, rx_ts=158516530280398) request_id=196992 zil_blk_id=39996 ccf_commit_seqno=196992 nstreams_done_=10000 config.nstreams=20000 avg_latency=0.6131 ms avg throuhgput (requests/sec) = 91.2040 res=false
*==== INFO ====* req_id_count= 10500 stream_id=41996 latency=0.645938 ms (tx_ts=158522007211753, rx_ts=158522007857691) request_id=206930 zil_blk_id=41996 ccf_commit_seqno=206930 nstreams_done_=10500 config.nstreams=20000 avg_latency=0.6127 ms avg throuhgput (requests/sec) = 91.2077 res=false
*==== INFO ====* req_id_count= 11000 stream_id=43996 latency=0.541813 ms (tx_ts=158527500488129, rx_ts=158527501029942) request_id=216868 zil_blk_id=43996 ccf_commit_seqno=216868 nstreams_done_=11000 config.nstreams=20000 avg_latency=0.6137 ms avg throuhgput (requests/sec) = 91.1992 res=false
*==== INFO ====* req_id_count= 11500 stream_id=45996 latency=0.555329 ms (tx_ts=158532979317484, rx_ts=158532979872813) request_id=226817 zil_blk_id=45996 ccf_commit_seqno=226817 nstreams_done_=11500 config.nstreams=20000 avg_latency=0.6137 ms avg throuhgput (requests/sec) = 91.2019 res=false
*==== INFO ====* req_id_count= 12000 stream_id=47996 latency=0.546302 ms (tx_ts=158538479891949, rx_ts=158538480438251) request_id=236791 zil_blk_id=47996 ccf_commit_seqno=236791 nstreams_done_=12000 config.nstreams=20000 avg_latency=0.6148 ms avg throuhgput (requests/sec) = 91.1892 res=false
*==== INFO ====* req_id_count= 12500 stream_id=49996 latency=0.576659 ms (tx_ts=158543990904869, rx_ts=158543991481528) request_id=246801 zil_blk_id=49996 ccf_commit_seqno=246801 nstreams_done_=12500 config.nstreams=20000 avg_latency=0.6164 ms avg throuhgput (requests/sec) = 91.1707 res=false
*==== INFO ====* req_id_count= 13000 stream_id=51996 latency=0.586377 ms (tx_ts=158549476128685, rx_ts=158549476715062) request_id=256735 zil_blk_id=51996 ccf_commit_seqno=256735 nstreams_done_=13000 config.nstreams=20000 avg_latency=0.6164 ms avg throuhgput (requests/sec) = 91.1700 res=false
*==== INFO ====* req_id_count= 13500 stream_id=53996 latency=0.515187 ms (tx_ts=158554953207513, rx_ts=158554953722700) request_id=266646 zil_blk_id=53996 ccf_commit_seqno=266646 nstreams_done_=13500 config.nstreams=20000 avg_latency=0.6159 ms avg throuhgput (requests/sec) = 91.1745 res=false
*==== INFO ====* req_id_count= 14000 stream_id=55996 latency=0.532886 ms (tx_ts=158560438695009, rx_ts=158560439227895) request_id=276555 zil_blk_id=55996 ccf_commit_seqno=276555 nstreams_done_=14000 config.nstreams=20000 avg_latency=0.6159 ms avg throuhgput (requests/sec) = 91.1736 res=false
*==== INFO ====* req_id_count= 14500 stream_id=57996 latency=0.519142 ms (tx_ts=158565942563793, rx_ts=158565943082935) request_id=286518 zil_blk_id=57996 ccf_commit_seqno=286518 nstreams_done_=14500 config.nstreams=20000 avg_latency=0.6169 ms avg throuhgput (requests/sec) = 91.1622 res=false
*==== INFO ====* req_id_count= 15000 stream_id=59996 latency=0.510204 ms (tx_ts=158571418080583, rx_ts=158571418590787) request_id=296468 zil_blk_id=59996 ccf_commit_seqno=296468 nstreams_done_=15000 config.nstreams=20000 avg_latency=0.6164 ms avg throuhgput (requests/sec) = 91.1673 res=false
*==== INFO ====* req_id_count= 15500 stream_id=61996 latency=0.583762 ms (tx_ts=158576906285446, rx_ts=158576906869208) request_id=306444 zil_blk_id=61996 ccf_commit_seqno=306444 nstreams_done_=15500 config.nstreams=20000 avg_latency=0.6165 ms avg throuhgput (requests/sec) = 91.1653 res=false
*==== INFO ====* req_id_count= 16000 stream_id=63996 latency=0.525603 ms (tx_ts=158582380831571, rx_ts=158582381357174) request_id=316402 zil_blk_id=63996 ccf_commit_seqno=316402 nstreams_done_=16000 config.nstreams=20000 avg_latency=0.6159 ms avg throuhgput (requests/sec) = 91.1705 res=false
*==== INFO ====* req_id_count= 16500 stream_id=65996 latency=0.577971 ms (tx_ts=158587872084900, rx_ts=158587872662871) request_id=326391 zil_blk_id=65996 ccf_commit_seqno=326391 nstreams_done_=16500 config.nstreams=20000 avg_latency=0.6161 ms avg throuhgput (requests/sec) = 91.1669 res=false
*==== INFO ====* req_id_count= 17000 stream_id=67996 latency=0.610041 ms (tx_ts=158593358836824, rx_ts=158593359446865) request_id=336368 zil_blk_id=67996 ccf_commit_seqno=336369 nstreams_done_=17000 config.nstreams=20000 avg_latency=0.6161 ms avg throuhgput (requests/sec) = 91.1658 res=false
*==== INFO ====* req_id_count= 17500 stream_id=69996 latency=0.592278 ms (tx_ts=158598847685211, rx_ts=158598848277489) request_id=346348 zil_blk_id=69996 ccf_commit_seqno=346349 nstreams_done_=17500 config.nstreams=20000 avg_latency=0.6163 ms avg throuhgput (requests/sec) = 91.1637 res=false
*==== INFO ====* req_id_count= 18000 stream_id=71996 latency=0.812029 ms (tx_ts=158604330589117, rx_ts=158604331401146) request_id=356318 zil_blk_id=71996 ccf_commit_seqno=356321 nstreams_done_=18000 config.nstreams=20000 avg_latency=0.6160 ms avg throuhgput (requests/sec) = 91.1644 res=false
*==== INFO ====* req_id_count= 18500 stream_id=73996 latency=0.539549 ms (tx_ts=158609817319240, rx_ts=158609817858789) request_id=366302 zil_blk_id=73996 ccf_commit_seqno=366302 nstreams_done_=18500 config.nstreams=20000 avg_latency=0.6160 ms avg throuhgput (requests/sec) = 91.1636 res=false
*==== INFO ====* req_id_count= 19000 stream_id=75996 latency=0.638073 ms (tx_ts=158615305614273, rx_ts=158615306252346) request_id=376276 zil_blk_id=75996 ccf_commit_seqno=376276 nstreams_done_=19000 config.nstreams=20000 avg_latency=0.6161 ms avg throuhgput (requests/sec) = 91.1620 res=false
*==== INFO ====* req_id_count= 19500 stream_id=77996 latency=0.682496 ms (tx_ts=158620808574450, rx_ts=158620809256946) request_id=386271 zil_blk_id=77996 ccf_commit_seqno=386273 nstreams_done_=19500 config.nstreams=20000 avg_latency=0.6168 ms avg throuhgput (requests/sec) = 91.1542 res=false
*==== INFO ====* http_end_stream ALL streams done! nstreams_done_=20000 avg_latency=0.6168 msreq_id_count= 20000
*==== INFO ====* req_id_count= 20000 stream_id=79996 latency=0.601795 ms (tx_ts=158626294470533, rx_ts=158626295072328) request_id=396034 zil_blk_id=79996 ccf_commit_seqno=396034 nstreams_done_=20000 config.nstreams=20000 avg_latency=0.6168 ms avg throuhgput (requests/sec) = 91.1539 res=true
