Uniform: 856192 346035 175819 382987 672807 
Exponential: -2147483648 -2147483648 -2147483648 -2147483648 -2147483648 
Truncated Normal: 841809 461578 42900 676637 480442 
*==== INFO ====* req_id_count= 500 stream_id=1996 latency=0.779128 ms (tx_ts=158412420176179, rx_ts=158412420955307) request_id=9446 zil_blk_id=1996 ccf_commit_seqno=9446 nstreams_done_=500 config.nstreams=20000 avg_latency=0.6691 ms avg throuhgput (requests/sec) = 90.2954 res=false
*==== INFO ====* req_id_count= 1000 stream_id=3996 latency=0.579134 ms (tx_ts=158418307160005, rx_ts=158418307739139) request_id=19932 zil_blk_id=3996 ccf_commit_seqno=19932 nstreams_done_=1000 config.nstreams=20000 avg_latency=0.6738 ms avg throuhgput (requests/sec) = 87.5337 res=false
*==== INFO ====* req_id_count= 1500 stream_id=5996 latency=0.533618 ms (tx_ts=158423897327298, rx_ts=158423897860916) request_id=29979 zil_blk_id=5996 ccf_commit_seqno=29979 nstreams_done_=1500 config.nstreams=20000 avg_latency=0.6652 ms avg throuhgput (requests/sec) = 88.1612 res=false
*==== INFO ====* req_id_count= 2000 stream_id=7996 latency=0.580135 ms (tx_ts=158429429134290, rx_ts=158429429714425) request_id=39918 zil_blk_id=7996 ccf_commit_seqno=39918 nstreams_done_=2000 config.nstreams=20000 avg_latency=0.6695 ms avg throuhgput (requests/sec) = 88.7070 res=false
*==== INFO ====* req_id_count= 2500 stream_id=9996 latency=0.531604 ms (tx_ts=158434951046516, rx_ts=158434951578120) request_id=49872 zil_blk_id=9996 ccf_commit_seqno=49872 nstreams_done_=2500 config.nstreams=20000 avg_latency=0.6692 ms avg throuhgput (requests/sec) = 89.0694 res=false
*==== INFO ====* req_id_count= 3000 stream_id=11996 latency=0.564768 ms (tx_ts=158440474817437, rx_ts=158440475382205) request_id=59825 zil_blk_id=11996 ccf_commit_seqno=59825 nstreams_done_=3000 config.nstreams=20000 avg_latency=0.6693 ms avg throuhgput (requests/sec) = 89.3075 res=false
*==== INFO ====* req_id_count= 3500 stream_id=13996 latency=0.579755 ms (tx_ts=158446005658201, rx_ts=158446006237956) request_id=69798 zil_blk_id=13996 ccf_commit_seqno=69798 nstreams_done_=3500 config.nstreams=20000 avg_latency=0.6712 ms avg throuhgput (requests/sec) = 89.4622 res=false
*==== INFO ====* req_id_count= 4000 stream_id=15996 latency=0.548375 ms (tx_ts=158451531960320, rx_ts=158451532508695) request_id=79783 zil_blk_id=15996 ccf_commit_seqno=79783 nstreams_done_=4000 config.nstreams=20000 avg_latency=0.6724 ms avg throuhgput (requests/sec) = 89.5878 res=false
*==== INFO ====* req_id_count= 4500 stream_id=17996 latency=0.578081 ms (tx_ts=158457060851259, rx_ts=158457061429340) request_id=89790 zil_blk_id=17996 ccf_commit_seqno=89791 nstreams_done_=4500 config.nstreams=20000 avg_latency=0.6735 ms avg throuhgput (requests/sec) = 89.6810 res=false
*==== INFO ====* req_id_count= 5000 stream_id=19996 latency=0.718584 ms (tx_ts=158462574147964, rx_ts=158462574866548) request_id=99783 zil_blk_id=19996 ccf_commit_seqno=99784 nstreams_done_=5000 config.nstreams=20000 avg_latency=0.6713 ms avg throuhgput (requests/sec) = 89.7806 res=false
*==== INFO ====* req_id_count= 5500 stream_id=21996 latency=0.549989 ms (tx_ts=158468109882842, rx_ts=158468110432831) request_id=109814 zil_blk_id=21996 ccf_commit_seqno=109814 nstreams_done_=5500 config.nstreams=20000 avg_latency=0.6713 ms avg throuhgput (requests/sec) = 89.8299 res=false
*==== INFO ====* req_id_count= 6000 stream_id=23996 latency=0.584403 ms (tx_ts=158473943686235, rx_ts=158473944270638) request_id=120265 zil_blk_id=23996 ccf_commit_seqno=120265 nstreams_done_=6000 config.nstreams=20000 avg_latency=0.6698 ms avg throuhgput (requests/sec) = 89.4712 res=false
*==== INFO ====* req_id_count= 6500 stream_id=25996 latency=0.920442 ms (tx_ts=158479789169413, rx_ts=158479790089855) request_id=130773 zil_blk_id=25996 ccf_commit_seqno=130777 nstreams_done_=6500 config.nstreams=20000 avg_latency=0.6685 ms avg throuhgput (requests/sec) = 89.1553 res=false
*==== INFO ====* req_id_count= 7000 stream_id=27996 latency=1.158767 ms (tx_ts=158485640895198, rx_ts=158485642053965) request_id=141292 zil_blk_id=27996 ccf_commit_seqno=141292 nstreams_done_=7000 config.nstreams=20000 avg_latency=0.6668 ms avg throuhgput (requests/sec) = 88.8793 res=false
*==== INFO ====* req_id_count= 7500 stream_id=29996 latency=0.584003 ms (tx_ts=158491510209085, rx_ts=158491510793088) request_id=151842 zil_blk_id=29996 ccf_commit_seqno=151842 nstreams_done_=7500 config.nstreams=20000 avg_latency=0.6648 ms avg throuhgput (requests/sec) = 88.6240 res=false
*==== INFO ====* req_id_count= 8000 stream_id=31996 latency=0.689469 ms (tx_ts=158497368452993, rx_ts=158497369142462) request_id=162390 zil_blk_id=31996 ccf_commit_seqno=162390 nstreams_done_=8000 config.nstreams=20000 avg_latency=0.6633 ms avg throuhgput (requests/sec) = 88.4119 res=false
*==== INFO ====* req_id_count= 8500 stream_id=33996 latency=0.517959 ms (tx_ts=158503232162063, rx_ts=158503232680022) request_id=172955 zil_blk_id=33996 ccf_commit_seqno=172955 nstreams_done_=8500 config.nstreams=20000 avg_latency=0.6630 ms avg throuhgput (requests/sec) = 88.2208 res=false
*==== INFO ====* req_id_count= 9000 stream_id=35996 latency=0.688227 ms (tx_ts=158509094288680, rx_ts=158509094976907) request_id=183522 zil_blk_id=35996 ccf_commit_seqno=183522 nstreams_done_=9000 config.nstreams=20000 avg_latency=0.6620 ms avg throuhgput (requests/sec) = 88.0528 res=false
*==== INFO ====* req_id_count= 9500 stream_id=37996 latency=0.626972 ms (tx_ts=158514607215061, rx_ts=158514607842033) request_id=193512 zil_blk_id=37996 ccf_commit_seqno=193512 nstreams_done_=9500 config.nstreams=20000 avg_latency=0.6612 ms avg throuhgput (requests/sec) = 88.1881 res=false
*==== INFO ====* req_id_count= 10000 stream_id=39996 latency=0.641620 ms (tx_ts=158520121384514, rx_ts=158520122026134) request_id=203505 zil_blk_id=39996 ccf_commit_seqno=203505 nstreams_done_=10000 config.nstreams=20000 avg_latency=0.6608 ms avg throuhgput (requests/sec) = 88.3092 res=false
*==== INFO ====* req_id_count= 10500 stream_id=41996 latency=0.544529 ms (tx_ts=158525629374164, rx_ts=158525629918693) request_id=213487 zil_blk_id=41996 ccf_commit_seqno=213487 nstreams_done_=10500 config.nstreams=20000 avg_latency=0.6597 ms avg throuhgput (requests/sec) = 88.4238 res=false
*==== INFO ====* req_id_count= 11000 stream_id=43996 latency=0.549497 ms (tx_ts=158531159534772, rx_ts=158531160084269) request_id=223503 zil_blk_id=43996 ccf_commit_seqno=223503 nstreams_done_=11000 config.nstreams=20000 avg_latency=0.6612 ms avg throuhgput (requests/sec) = 88.5123 res=false
*==== INFO ====* req_id_count= 11500 stream_id=45996 latency=0.563323 ms (tx_ts=158536692106715, rx_ts=158536692670038) request_id=233541 zil_blk_id=45996 ccf_commit_seqno=233541 nstreams_done_=11500 config.nstreams=20000 avg_latency=0.6617 ms avg throuhgput (requests/sec) = 88.5916 res=false
*==== INFO ====* req_id_count= 12000 stream_id=47996 latency=0.577059 ms (tx_ts=158542213222462, rx_ts=158542213799521) request_id=243572 zil_blk_id=47996 ccf_commit_seqno=243572 nstreams_done_=12000 config.nstreams=20000 avg_latency=0.6618 ms avg throuhgput (requests/sec) = 88.6720 res=false
*==== INFO ====* req_id_count= 12500 stream_id=49996 latency=0.584333 ms (tx_ts=158547723414954, rx_ts=158547723999287) request_id=253556 zil_blk_id=49996 ccf_commit_seqno=253556 nstreams_done_=12500 config.nstreams=20000 avg_latency=0.6613 ms avg throuhgput (requests/sec) = 88.7529 res=false
*==== INFO ====* req_id_count= 13000 stream_id=51996 latency=0.510805 ms (tx_ts=158553235052026, rx_ts=158553235562831) request_id=263543 zil_blk_id=51996 ccf_commit_seqno=263543 nstreams_done_=13000 config.nstreams=20000 avg_latency=0.6608 ms avg throuhgput (requests/sec) = 88.8269 res=false
*==== INFO ====* req_id_count= 13500 stream_id=53996 latency=0.560027 ms (tx_ts=158559027167530, rx_ts=158559027727557) request_id=274005 zil_blk_id=53996 ccf_commit_seqno=274005 nstreams_done_=13500 config.nstreams=20000 avg_latency=0.6606 ms avg throuhgput (requests/sec) = 88.7316 res=false
*==== INFO ====* req_id_count= 14000 stream_id=55996 latency=0.542414 ms (tx_ts=158564863500015, rx_ts=158564864042429) request_id=284563 zil_blk_id=55996 ccf_commit_seqno=284563 nstreams_done_=14000 config.nstreams=20000 avg_latency=0.6599 ms avg throuhgput (requests/sec) = 88.6185 res=false
*==== INFO ====* req_id_count= 14500 stream_id=57996 latency=0.570136 ms (tx_ts=158570562704383, rx_ts=158570563274519) request_id=294915 zil_blk_id=57996 ccf_commit_seqno=294915 nstreams_done_=14500 config.nstreams=20000 avg_latency=0.6588 ms avg throuhgput (requests/sec) = 88.5876 res=false
*==== INFO ====* req_id_count= 15000 stream_id=59996 latency=0.574194 ms (tx_ts=158576078730532, rx_ts=158576079304726) request_id=304940 zil_blk_id=59996 ccf_commit_seqno=304940 nstreams_done_=15000 config.nstreams=20000 avg_latency=0.6585 ms avg throuhgput (requests/sec) = 88.6547 res=false
*==== INFO ====* req_id_count= 15500 stream_id=61996 latency=0.541272 ms (tx_ts=158581604408831, rx_ts=158581604950103) request_id=314983 zil_blk_id=61996 ccf_commit_seqno=314983 nstreams_done_=15500 config.nstreams=20000 avg_latency=0.6590 ms avg throuhgput (requests/sec) = 88.7127 res=false
*==== INFO ====* req_id_count= 16000 stream_id=63996 latency=0.537746 ms (tx_ts=158587117872558, rx_ts=158587118410304) request_id=325014 zil_blk_id=63996 ccf_commit_seqno=325014 nstreams_done_=16000 config.nstreams=20000 avg_latency=0.6587 ms avg throuhgput (requests/sec) = 88.7731 res=false
*==== INFO ====* req_id_count= 16500 stream_id=65996 latency=0.748240 ms (tx_ts=158592609434752, rx_ts=158592610182992) request_id=335014 zil_blk_id=65996 ccf_commit_seqno=335017 nstreams_done_=16500 config.nstreams=20000 avg_latency=0.6574 ms avg throuhgput (requests/sec) = 88.8403 res=false
*==== INFO ====* req_id_count= 17000 stream_id=67996 latency=0.751335 ms (tx_ts=158598120382294, rx_ts=158598121133629) request_id=345030 zil_blk_id=67996 ccf_commit_seqno=345031 nstreams_done_=17000 config.nstreams=20000 avg_latency=0.6572 ms avg throuhgput (requests/sec) = 88.8947 res=false
*==== INFO ====* req_id_count= 17500 stream_id=69996 latency=0.519090 ms (tx_ts=158603635895884, rx_ts=158603636414974) request_id=355055 zil_blk_id=69996 ccf_commit_seqno=355055 nstreams_done_=17500 config.nstreams=20000 avg_latency=0.6573 ms avg throuhgput (requests/sec) = 88.9441 res=false
*==== INFO ====* req_id_count= 18000 stream_id=71996 latency=0.534349 ms (tx_ts=158609144835869, rx_ts=158609145370218) request_id=365078 zil_blk_id=71996 ccf_commit_seqno=365078 nstreams_done_=18000 config.nstreams=20000 avg_latency=0.6570 ms avg throuhgput (requests/sec) = 88.9936 res=false
*==== INFO ====* req_id_count= 18500 stream_id=73996 latency=0.561820 ms (tx_ts=158614653044499, rx_ts=158614653606319) request_id=375094 zil_blk_id=73996 ccf_commit_seqno=375094 nstreams_done_=18500 config.nstreams=20000 avg_latency=0.6565 ms avg throuhgput (requests/sec) = 89.0408 res=false
*==== INFO ====* req_id_count= 19000 stream_id=75996 latency=0.565367 ms (tx_ts=158620178057006, rx_ts=158620178622373) request_id=385124 zil_blk_id=75996 ccf_commit_seqno=385124 nstreams_done_=19000 config.nstreams=20000 avg_latency=0.6569 ms avg throuhgput (requests/sec) = 89.0785 res=false
*==== INFO ====* req_id_count= 19500 stream_id=77996 latency=0.567270 ms (tx_ts=158625693355643, rx_ts=158625693922913) request_id=395085 zil_blk_id=77996 ccf_commit_seqno=395085 nstreams_done_=19500 config.nstreams=20000 avg_latency=0.6569 ms avg throuhgput (requests/sec) = 89.1183 res=false
*==== INFO ====* http_end_stream ALL streams done! nstreams_done_=20000 avg_latency=0.6569 msreq_id_count= 20000
*==== INFO ====* req_id_count= 20000 stream_id=79996 latency=0.575957 ms (tx_ts=158631211874022, rx_ts=158631212449979) request_id=399467 zil_blk_id=79996 ccf_commit_seqno=399467 nstreams_done_=20000 config.nstreams=20000 avg_latency=0.6569 ms avg throuhgput (requests/sec) = 89.1548 res=true
