Uniform: 527990 288659 896265 351632 354745 
Exponential: -2147483648 -2147483648 -2147483648 -2147483648 -2147483648 
Truncated Normal: 263422 473413 692691 555562 498878 
*==== INFO ====* req_id_count= 500 stream_id=1996 latency=1.753168 ms (tx_ts=158412392058642, rx_ts=158412393811810) request_id=9402 zil_blk_id=1996 ccf_commit_seqno=9403 nstreams_done_=500 config.nstreams=20000 avg_latency=0.6625 ms avg throuhgput (requests/sec) = 90.8487 res=false
*==== INFO ====* req_id_count= 1000 stream_id=3996 latency=0.747529 ms (tx_ts=158418246444980, rx_ts=158418247192509) request_id=19825 zil_blk_id=3996 ccf_commit_seqno=19827 nstreams_done_=1000 config.nstreams=20000 avg_latency=0.6733 ms avg throuhgput (requests/sec) = 88.0511 res=false
*==== INFO ====* req_id_count= 1500 stream_id=5996 latency=0.587211 ms (tx_ts=158423764047427, rx_ts=158423764634638) request_id=29740 zil_blk_id=5996 ccf_commit_seqno=29740 nstreams_done_=1500 config.nstreams=20000 avg_latency=0.6758 ms avg throuhgput (requests/sec) = 88.8916 res=false
*==== INFO ====* req_id_count= 2000 stream_id=7996 latency=0.551331 ms (tx_ts=158429285429741, rx_ts=158429285981072) request_id=39664 zil_blk_id=7996 ccf_commit_seqno=39664 nstreams_done_=2000 config.nstreams=20000 avg_latency=0.6786 ms avg throuhgput (requests/sec) = 89.3024 res=false
*==== INFO ====* req_id_count= 2500 stream_id=9996 latency=0.618847 ms (tx_ts=158434798404090, rx_ts=158434799022937) request_id=49596 zil_blk_id=9996 ccf_commit_seqno=49596 nstreams_done_=2500 config.nstreams=20000 avg_latency=0.6775 ms avg throuhgput (requests/sec) = 89.5773 res=false
*==== INFO ====* req_id_count= 3000 stream_id=11996 latency=0.602519 ms (tx_ts=158440310371349, rx_ts=158440310973868) request_id=59529 zil_blk_id=11996 ccf_commit_seqno=59529 nstreams_done_=3000 config.nstreams=20000 avg_latency=0.6786 ms avg throuhgput (requests/sec) = 89.7644 res=false
*==== INFO ====* req_id_count= 3500 stream_id=13996 latency=0.561361 ms (tx_ts=158445824545888, rx_ts=158445825107249) request_id=69470 zil_blk_id=13996 ccf_commit_seqno=69470 nstreams_done_=3500 config.nstreams=20000 avg_latency=0.6798 ms avg throuhgput (requests/sec) = 89.8935 res=false
*==== INFO ====* req_id_count= 4000 stream_id=15996 latency=0.571738 ms (tx_ts=158451342502084, rx_ts=158451343073822) request_id=79440 zil_blk_id=15996 ccf_commit_seqno=79440 nstreams_done_=4000 config.nstreams=20000 avg_latency=0.6808 ms avg throuhgput (requests/sec) = 89.9828 res=false
*==== INFO ====* req_id_count= 4500 stream_id=17996 latency=0.554247 ms (tx_ts=158456851830240, rx_ts=158456852384487) request_id=89407 zil_blk_id=17996 ccf_commit_seqno=89407 nstreams_done_=4500 config.nstreams=20000 avg_latency=0.6791 ms avg throuhgput (requests/sec) = 90.0680 res=false
*==== INFO ====* req_id_count= 5000 stream_id=19996 latency=2.160979 ms (tx_ts=158462374120955, rx_ts=158462376281934) request_id=99418 zil_blk_id=19996 ccf_commit_seqno=99418 nstreams_done_=5000 config.nstreams=20000 avg_latency=0.6798 ms avg throuhgput (requests/sec) = 90.1126 res=false
*==== INFO ====* req_id_count= 5500 stream_id=21996 latency=0.786551 ms (tx_ts=158467878252712, rx_ts=158467879039263) request_id=109393 zil_blk_id=21996 ccf_commit_seqno=109395 nstreams_done_=5500 config.nstreams=20000 avg_latency=0.6777 ms avg throuhgput (requests/sec) = 90.1804 res=false
*==== INFO ====* req_id_count= 6000 stream_id=23996 latency=0.581838 ms (tx_ts=158473361243011, rx_ts=158473361824849) request_id=119223 zil_blk_id=23996 ccf_commit_seqno=119223 nstreams_done_=6000 config.nstreams=20000 avg_latency=0.6737 ms avg throuhgput (requests/sec) = 90.2640 res=false
*==== INFO ====* req_id_count= 6500 stream_id=25996 latency=0.695110 ms (tx_ts=158478869324906, rx_ts=158478870020016) request_id=129128 zil_blk_id=25996 ccf_commit_seqno=129129 nstreams_done_=6500 config.nstreams=20000 avg_latency=0.6721 ms avg throuhgput (requests/sec) = 90.3030 res=false
*==== INFO ====* req_id_count= 7000 stream_id=27996 latency=0.631000 ms (tx_ts=158484374949521, rx_ts=158484375580521) request_id=139017 zil_blk_id=27996 ccf_commit_seqno=139017 nstreams_done_=7000 config.nstreams=20000 avg_latency=0.6704 ms avg throuhgput (requests/sec) = 90.3396 res=false
*==== INFO ====* req_id_count= 7500 stream_id=29996 latency=0.581988 ms (tx_ts=158489880470565, rx_ts=158489881052553) request_id=148908 zil_blk_id=29996 ccf_commit_seqno=148908 nstreams_done_=7500 config.nstreams=20000 avg_latency=0.6698 ms avg throuhgput (requests/sec) = 90.3714 res=false
*==== INFO ====* req_id_count= 8000 stream_id=31996 latency=0.571038 ms (tx_ts=158495363752748, rx_ts=158495364323786) request_id=158796 zil_blk_id=31996 ccf_commit_seqno=158796 nstreams_done_=8000 config.nstreams=20000 avg_latency=0.6671 ms avg throuhgput (requests/sec) = 90.4219 res=false
*==== INFO ====* req_id_count= 8500 stream_id=33996 latency=0.702854 ms (tx_ts=158500877762890, rx_ts=158500878465744) request_id=168708 zil_blk_id=33996 ccf_commit_seqno=168709 nstreams_done_=8500 config.nstreams=20000 avg_latency=0.6680 ms avg throuhgput (requests/sec) = 90.4368 res=false
*==== INFO ====* req_id_count= 9000 stream_id=35996 latency=1.222527 ms (tx_ts=158506385746600, rx_ts=158506386969127) request_id=178628 zil_blk_id=35996 ccf_commit_seqno=178628 nstreams_done_=9000 config.nstreams=20000 avg_latency=0.6678 ms avg throuhgput (requests/sec) = 90.4552 res=false
*==== INFO ====* req_id_count= 9500 stream_id=37996 latency=0.757276 ms (tx_ts=158511870184700, rx_ts=158511870941976) request_id=188538 zil_blk_id=37996 ccf_commit_seqno=188538 nstreams_done_=9500 config.nstreams=20000 avg_latency=0.6659 ms avg throuhgput (requests/sec) = 90.4927 res=false
*==== INFO ====* req_id_count= 10000 stream_id=39996 latency=0.569716 ms (tx_ts=158517367905332, rx_ts=158517368475048) request_id=198511 zil_blk_id=39996 ccf_commit_seqno=198511 nstreams_done_=10000 config.nstreams=20000 avg_latency=0.6648 ms avg throuhgput (requests/sec) = 90.5155 res=false
*==== INFO ====* req_id_count= 10500 stream_id=41996 latency=0.590485 ms (tx_ts=158522857291142, rx_ts=158522857881627) request_id=208464 zil_blk_id=41996 ccf_commit_seqno=208464 nstreams_done_=10500 config.nstreams=20000 avg_latency=0.6636 ms avg throuhgput (requests/sec) = 90.5424 res=false
*==== INFO ====* req_id_count= 11000 stream_id=43996 latency=0.615181 ms (tx_ts=158528364782076, rx_ts=158528365397257) request_id=218440 zil_blk_id=43996 ccf_commit_seqno=218440 nstreams_done_=11000 config.nstreams=20000 avg_latency=0.6640 ms avg throuhgput (requests/sec) = 90.5534 res=false
*==== INFO ====* req_id_count= 11500 stream_id=45996 latency=0.713688 ms (tx_ts=158533896364584, rx_ts=158533897078272) request_id=228472 zil_blk_id=45996 ccf_commit_seqno=228472 nstreams_done_=11500 config.nstreams=20000 avg_latency=0.6660 ms avg throuhgput (requests/sec) = 90.5462 res=false
*==== INFO ====* req_id_count= 12000 stream_id=47996 latency=0.684099 ms (tx_ts=158539404527112, rx_ts=158539405211211) request_id=238476 zil_blk_id=47996 ccf_commit_seqno=238476 nstreams_done_=12000 config.nstreams=20000 avg_latency=0.6656 ms avg throuhgput (requests/sec) = 90.5557 res=false
*==== INFO ====* req_id_count= 12500 stream_id=49996 latency=2.115423 ms (tx_ts=158545026936996, rx_ts=158545029052419) request_id=248662 zil_blk_id=49996 ccf_commit_seqno=248662 nstreams_done_=12500 config.nstreams=20000 avg_latency=0.6651 ms avg throuhgput (requests/sec) = 90.4886 res=false
*==== INFO ====* req_id_count= 13000 stream_id=51996 latency=0.558124 ms (tx_ts=158550827720714, rx_ts=158550828278838) request_id=259193 zil_blk_id=51996 ccf_commit_seqno=259193 nstreams_done_=13000 config.nstreams=20000 avg_latency=0.6646 ms avg throuhgput (requests/sec) = 90.3166 res=false
*==== INFO ====* req_id_count= 13500 stream_id=53996 latency=0.658933 ms (tx_ts=158556645100186, rx_ts=158556645759119) request_id=269690 zil_blk_id=53996 ccf_commit_seqno=269691 nstreams_done_=13500 config.nstreams=20000 avg_latency=0.6641 ms avg throuhgput (requests/sec) = 90.1469 res=false
*==== INFO ====* req_id_count= 14000 stream_id=55996 latency=0.554146 ms (tx_ts=158562452520429, rx_ts=158562453074575) request_id=280193 zil_blk_id=55996 ccf_commit_seqno=280193 nstreams_done_=14000 config.nstreams=20000 avg_latency=0.6637 ms avg throuhgput (requests/sec) = 89.9957 res=false
*==== INFO ====* req_id_count= 14500 stream_id=57996 latency=0.732029 ms (tx_ts=158568087326148, rx_ts=158568088058177) request_id=290407 zil_blk_id=57996 ccf_commit_seqno=290409 nstreams_done_=14500 config.nstreams=20000 avg_latency=0.6644 ms avg throuhgput (requests/sec) = 89.9515 res=false
*==== INFO ====* req_id_count= 15000 stream_id=59996 latency=0.606765 ms (tx_ts=158573595932007, rx_ts=158573596538772) request_id=300417 zil_blk_id=59996 ccf_commit_seqno=300417 nstreams_done_=15000 config.nstreams=20000 avg_latency=0.6642 ms avg throuhgput (requests/sec) = 89.9786 res=false
*==== INFO ====* req_id_count= 15500 stream_id=61996 latency=0.576649 ms (tx_ts=158579097967410, rx_ts=158579098544059) request_id=310422 zil_blk_id=61996 ccf_commit_seqno=310422 nstreams_done_=15500 config.nstreams=20000 avg_latency=0.6638 ms avg throuhgput (requests/sec) = 90.0072 res=false
*==== INFO ====* req_id_count= 16000 stream_id=63996 latency=0.543366 ms (tx_ts=158584590555664, rx_ts=158584591099030) request_id=320414 zil_blk_id=63996 ccf_commit_seqno=320414 nstreams_done_=16000 config.nstreams=20000 avg_latency=0.6629 ms avg throuhgput (requests/sec) = 90.0389 res=false
*==== INFO ====* req_id_count= 16500 stream_id=65996 latency=0.574644 ms (tx_ts=158590079874358, rx_ts=158590080449002) request_id=330401 zil_blk_id=65996 ccf_commit_seqno=330401 nstreams_done_=16500 config.nstreams=20000 avg_latency=0.6620 ms avg throuhgput (requests/sec) = 90.0703 res=false
*==== INFO ====* req_id_count= 17000 stream_id=67996 latency=0.716920 ms (tx_ts=158595585331329, rx_ts=158595586048249) request_id=340417 zil_blk_id=67996 ccf_commit_seqno=340418 nstreams_done_=17000 config.nstreams=20000 avg_latency=0.6621 ms avg throuhgput (requests/sec) = 90.0921 res=false
*==== INFO ====* req_id_count= 17500 stream_id=69996 latency=0.548847 ms (tx_ts=158601096195976, rx_ts=158601096744823) request_id=350432 zil_blk_id=69996 ccf_commit_seqno=350432 nstreams_done_=17500 config.nstreams=20000 avg_latency=0.6621 ms avg throuhgput (requests/sec) = 90.1102 res=false
*==== INFO ====* req_id_count= 18000 stream_id=71996 latency=0.546542 ms (tx_ts=158606599833185, rx_ts=158606600379727) request_id=360445 zil_blk_id=71996 ccf_commit_seqno=360445 nstreams_done_=18000 config.nstreams=20000 avg_latency=0.6619 ms avg throuhgput (requests/sec) = 90.1306 res=false
*==== INFO ====* req_id_count= 18500 stream_id=73996 latency=0.693293 ms (tx_ts=158612102399385, rx_ts=158612103092678) request_id=370462 zil_blk_id=73996 ccf_commit_seqno=370462 nstreams_done_=18500 config.nstreams=20000 avg_latency=0.6617 ms avg throuhgput (requests/sec) = 90.1503 res=false
*==== INFO ====* req_id_count= 19000 stream_id=75996 latency=0.654795 ms (tx_ts=158617609932000, rx_ts=158617610586795) request_id=380468 zil_blk_id=75996 ccf_commit_seqno=380468 nstreams_done_=19000 config.nstreams=20000 avg_latency=0.6617 ms avg throuhgput (requests/sec) = 90.1669 res=false
*==== INFO ====* req_id_count= 19500 stream_id=77996 latency=0.599401 ms (tx_ts=158623121235389, rx_ts=158623121834790) request_id=390474 zil_blk_id=77996 ccf_commit_seqno=390474 nstreams_done_=19500 config.nstreams=20000 avg_latency=0.6617 ms avg throuhgput (requests/sec) = 90.1811 res=false
*==== INFO ====* http_end_stream ALL streams done! nstreams_done_=20000 avg_latency=0.6619 msreq_id_count= 20000
*==== INFO ====* req_id_count= 20000 stream_id=79996 latency=0.638474 ms (tx_ts=158628632952869, rx_ts=158628633591343) request_id=398410 zil_blk_id=79996 ccf_commit_seqno=398410 nstreams_done_=20000 config.nstreams=20000 avg_latency=0.6619 ms avg throuhgput (requests/sec) = 90.1943 res=true
