Uniform: 200957 855409 769626 181014 810625 
Exponential: -2147483648 -2147483648 -2147483648 -2147483648 -2147483648 
Truncated Normal: 330662 315621 45060 68788 449096 
*==== INFO ====* req_id_count= 500 stream_id=1996 latency=2.070212 ms (tx_ts=158412392261690, rx_ts=158412394331902) request_id=9405 zil_blk_id=1996 ccf_commit_seqno=9405 nstreams_done_=500 config.nstreams=20000 avg_latency=0.6464 ms avg throuhgput (requests/sec) = 90.7011 res=false
*==== INFO ====* req_id_count= 1000 stream_id=3996 latency=0.507910 ms (tx_ts=158417927577256, rx_ts=158417928085166) request_id=19259 zil_blk_id=3996 ccf_commit_seqno=19259 nstreams_done_=1000 config.nstreams=20000 avg_latency=0.6682 ms avg throuhgput (requests/sec) = 90.5275 res=false
*==== INFO ====* req_id_count= 1500 stream_id=5996 latency=0.605653 ms (tx_ts=158423445581145, rx_ts=158423446186798) request_id=29170 zil_blk_id=5996 ccf_commit_seqno=29171 nstreams_done_=1500 config.nstreams=20000 avg_latency=0.6630 ms avg throuhgput (requests/sec) = 90.5553 res=false
*==== INFO ====* req_id_count= 2000 stream_id=7996 latency=0.650537 ms (tx_ts=158428954121969, rx_ts=158428954772506) request_id=39071 zil_blk_id=7996 ccf_commit_seqno=39072 nstreams_done_=2000 config.nstreams=20000 avg_latency=0.6555 ms avg throuhgput (requests/sec) = 90.6082 res=false
*==== INFO ====* req_id_count= 2500 stream_id=9996 latency=0.553616 ms (tx_ts=158434479646444, rx_ts=158434480200060) request_id=49016 zil_blk_id=9996 ccf_commit_seqno=49016 nstreams_done_=2500 config.nstreams=20000 avg_latency=0.6584 ms avg throuhgput (requests/sec) = 90.5847 res=false
*==== INFO ====* req_id_count= 3000 stream_id=11996 latency=0.505937 ms (tx_ts=158439994151378, rx_ts=158439994657315) request_id=58959 zil_blk_id=11996 ccf_commit_seqno=58959 nstreams_done_=3000 config.nstreams=20000 avg_latency=0.6574 ms avg throuhgput (requests/sec) = 90.5990 res=false
*==== INFO ====* req_id_count= 3500 stream_id=13996 latency=0.601114 ms (tx_ts=158445518755129, rx_ts=158445519356243) request_id=68917 zil_blk_id=13996 ccf_commit_seqno=68917 nstreams_done_=3500 config.nstreams=20000 avg_latency=0.6594 ms avg throuhgput (requests/sec) = 90.5852 res=false
*==== INFO ====* req_id_count= 4000 stream_id=15996 latency=0.694078 ms (tx_ts=158451034637205, rx_ts=158451035331283) request_id=78889 zil_blk_id=15996 ccf_commit_seqno=78889 nstreams_done_=4000 config.nstreams=20000 avg_latency=0.6592 ms avg throuhgput (requests/sec) = 90.5928 res=false
*==== INFO ====* req_id_count= 4500 stream_id=17996 latency=0.592147 ms (tx_ts=158456565430362, rx_ts=158456566022509) request_id=88892 zil_blk_id=17996 ccf_commit_seqno=88892 nstreams_done_=4500 config.nstreams=20000 avg_latency=0.6617 ms avg throuhgput (requests/sec) = 90.5719 res=false
*==== INFO ====* req_id_count= 5000 stream_id=19996 latency=0.515373 ms (tx_ts=158462068797572, rx_ts=158462069312945) request_id=98865 zil_blk_id=19996 ccf_commit_seqno=98865 nstreams_done_=5000 config.nstreams=20000 avg_latency=0.6587 ms avg throuhgput (requests/sec) = 90.6001 res=false
*==== INFO ====* req_id_count= 5500 stream_id=21996 latency=0.523959 ms (tx_ts=158467579541290, rx_ts=158467580065249) request_id=108849 zil_blk_id=21996 ccf_commit_seqno=108849 nstreams_done_=5500 config.nstreams=20000 avg_latency=0.6572 ms avg throuhgput (requests/sec) = 90.6120 res=false
*==== INFO ====* req_id_count= 6000 stream_id=23996 latency=0.642471 ms (tx_ts=158473230925156, rx_ts=158473231567627) request_id=118989 zil_blk_id=23996 ccf_commit_seqno=118990 nstreams_done_=6000 config.nstreams=20000 avg_latency=0.6546 ms avg throuhgput (requests/sec) = 90.4297 res=false
*==== INFO ====* req_id_count= 6500 stream_id=25996 latency=0.605964 ms (tx_ts=158478736901910, rx_ts=158478737507874) request_id=128889 zil_blk_id=25996 ccf_commit_seqno=128889 nstreams_done_=6500 config.nstreams=20000 avg_latency=0.6524 ms avg throuhgput (requests/sec) = 90.4590 res=false
*==== INFO ====* req_id_count= 7000 stream_id=27996 latency=0.577240 ms (tx_ts=158484255161107, rx_ts=158484255738347) request_id=138803 zil_blk_id=27996 ccf_commit_seqno=138803 nstreams_done_=7000 config.nstreams=20000 avg_latency=0.6520 ms avg throuhgput (requests/sec) = 90.4696 res=false
*==== INFO ====* req_id_count= 7500 stream_id=29996 latency=0.791771 ms (tx_ts=158489771518385, rx_ts=158489772310156) request_id=148711 zil_blk_id=29996 ccf_commit_seqno=148713 nstreams_done_=7500 config.nstreams=20000 avg_latency=0.6525 ms avg throuhgput (requests/sec) = 90.4807 res=false
*==== INFO ====* req_id_count= 8000 stream_id=31996 latency=0.631141 ms (tx_ts=158495276889884, rx_ts=158495277521025) request_id=158641 zil_blk_id=31996 ccf_commit_seqno=158641 nstreams_done_=8000 config.nstreams=20000 avg_latency=0.6510 ms avg throuhgput (requests/sec) = 90.5020 res=false
*==== INFO ====* req_id_count= 8500 stream_id=33996 latency=0.555168 ms (tx_ts=158500778731994, rx_ts=158500779287162) request_id=168534 zil_blk_id=33996 ccf_commit_seqno=168534 nstreams_done_=8500 config.nstreams=20000 avg_latency=0.6499 ms avg throuhgput (requests/sec) = 90.5242 res=false
*==== INFO ====* req_id_count= 9000 stream_id=35996 latency=0.511056 ms (tx_ts=158506287777993, rx_ts=158506288289049) request_id=178450 zil_blk_id=35996 ccf_commit_seqno=178450 nstreams_done_=9000 config.nstreams=20000 avg_latency=0.6488 ms avg throuhgput (requests/sec) = 90.5373 res=false
*==== INFO ====* req_id_count= 9500 stream_id=37996 latency=0.587109 ms (tx_ts=158511782792621, rx_ts=158511783379730) request_id=188379 zil_blk_id=37996 ccf_commit_seqno=188379 nstreams_done_=9500 config.nstreams=20000 avg_latency=0.6474 ms avg throuhgput (requests/sec) = 90.5610 res=false
*==== INFO ====* req_id_count= 10000 stream_id=39996 latency=0.543797 ms (tx_ts=158517276123409, rx_ts=158517276667206) request_id=198342 zil_blk_id=39996 ccf_commit_seqno=198342 nstreams_done_=10000 config.nstreams=20000 avg_latency=0.6452 ms avg throuhgput (requests/sec) = 90.5839 res=false
*==== INFO ====* req_id_count= 10500 stream_id=41996 latency=0.519111 ms (tx_ts=158522780103005, rx_ts=158522780622116) request_id=208326 zil_blk_id=41996 ccf_commit_seqno=208326 nstreams_done_=10500 config.nstreams=20000 avg_latency=0.6451 ms avg throuhgput (requests/sec) = 90.5962 res=false
*==== INFO ====* req_id_count= 11000 stream_id=43996 latency=0.537946 ms (tx_ts=158528299608859, rx_ts=158528300146805) request_id=218322 zil_blk_id=43996 ccf_commit_seqno=218322 nstreams_done_=11000 config.nstreams=20000 avg_latency=0.6455 ms avg throuhgput (requests/sec) = 90.5958 res=false
*==== INFO ====* req_id_count= 11500 stream_id=45996 latency=0.758539 ms (tx_ts=158533830354310, rx_ts=158533831112849) request_id=228354 zil_blk_id=45996 ccf_commit_seqno=228356 nstreams_done_=11500 config.nstreams=20000 avg_latency=0.6474 ms avg throuhgput (requests/sec) = 90.5873 res=false
*==== INFO ====* req_id_count= 12000 stream_id=47996 latency=0.501668 ms (tx_ts=158539339756375, rx_ts=158539340258043) request_id=238357 zil_blk_id=47996 ccf_commit_seqno=238357 nstreams_done_=12000 config.nstreams=20000 avg_latency=0.6471 ms avg throuhgput (requests/sec) = 90.5944 res=false
*==== INFO ====* req_id_count= 12500 stream_id=49996 latency=0.517197 ms (tx_ts=158544863536741, rx_ts=158544864053938) request_id=248370 zil_blk_id=49996 ccf_commit_seqno=248370 nstreams_done_=12500 config.nstreams=20000 avg_latency=0.6471 ms avg throuhgput (requests/sec) = 90.5913 res=false
*==== INFO ====* req_id_count= 13000 stream_id=51996 latency=0.581869 ms (tx_ts=158550379818489, rx_ts=158550380400358) request_id=258373 zil_blk_id=51996 ccf_commit_seqno=258373 nstreams_done_=13000 config.nstreams=20000 avg_latency=0.6476 ms avg throuhgput (requests/sec) = 90.5932 res=false
*==== INFO ====* req_id_count= 13500 stream_id=53996 latency=0.599922 ms (tx_ts=158555894982967, rx_ts=158555895582889) request_id=268340 zil_blk_id=53996 ccf_commit_seqno=268340 nstreams_done_=13500 config.nstreams=20000 avg_latency=0.6471 ms avg throuhgput (requests/sec) = 90.5956 res=false
*==== INFO ====* req_id_count= 14000 stream_id=55996 latency=0.550810 ms (tx_ts=158561405153448, rx_ts=158561405704258) request_id=278304 zil_blk_id=55996 ccf_commit_seqno=278304 nstreams_done_=14000 config.nstreams=20000 avg_latency=0.6468 ms avg throuhgput (requests/sec) = 90.6008 res=false
*==== INFO ====* req_id_count= 14500 stream_id=57996 latency=0.524080 ms (tx_ts=158566905126780, rx_ts=158566905650860) request_id=288259 zil_blk_id=57996 ccf_commit_seqno=288259 nstreams_done_=14500 config.nstreams=20000 avg_latency=0.6459 ms avg throuhgput (requests/sec) = 90.6114 res=false
*==== INFO ====* req_id_count= 15000 stream_id=59996 latency=0.536694 ms (tx_ts=158572414379675, rx_ts=158572414916369) request_id=298270 zil_blk_id=59996 ccf_commit_seqno=298270 nstreams_done_=15000 config.nstreams=20000 avg_latency=0.6459 ms avg throuhgput (requests/sec) = 90.6163 res=false
*==== INFO ====* req_id_count= 15500 stream_id=61996 latency=0.651267 ms (tx_ts=158577907244620, rx_ts=158577907895887) request_id=308267 zil_blk_id=61996 ccf_commit_seqno=308267 nstreams_done_=15500 config.nstreams=20000 avg_latency=0.6449 ms avg throuhgput (requests/sec) = 90.6294 res=false
*==== INFO ====* req_id_count= 16000 stream_id=63996 latency=0.546472 ms (tx_ts=158583439793153, rx_ts=158583440339625) request_id=318318 zil_blk_id=63996 ccf_commit_seqno=318318 nstreams_done_=16000 config.nstreams=20000 avg_latency=0.6463 ms avg throuhgput (requests/sec) = 90.6215 res=false
*==== INFO ====* req_id_count= 16500 stream_id=65996 latency=0.592709 ms (tx_ts=158588943777207, rx_ts=158588944369916) request_id=328340 zil_blk_id=65996 ccf_commit_seqno=328340 nstreams_done_=16500 config.nstreams=20000 avg_latency=0.6460 ms avg throuhgput (requests/sec) = 90.6281 res=false
*==== INFO ====* req_id_count= 17000 stream_id=67996 latency=0.639425 ms (tx_ts=158594444098159, rx_ts=158594444737584) request_id=338339 zil_blk_id=67996 ccf_commit_seqno=338339 nstreams_done_=17000 config.nstreams=20000 avg_latency=0.6454 ms avg throuhgput (requests/sec) = 90.6362 res=false
*==== INFO ====* req_id_count= 17500 stream_id=69996 latency=0.777143 ms (tx_ts=158599949524003, rx_ts=158599950301146) request_id=348352 zil_blk_id=69996 ccf_commit_seqno=348352 nstreams_done_=17500 config.nstreams=20000 avg_latency=0.6450 ms avg throuhgput (requests/sec) = 90.6414 res=false
*==== INFO ====* req_id_count= 18000 stream_id=71996 latency=0.544919 ms (tx_ts=158605466621331, rx_ts=158605467166250) request_id=358379 zil_blk_id=71996 ccf_commit_seqno=358379 nstreams_done_=18000 config.nstreams=20000 avg_latency=0.6451 ms avg throuhgput (requests/sec) = 90.6411 res=false
*==== INFO ====* req_id_count= 18500 stream_id=73996 latency=0.560579 ms (tx_ts=158610980477791, rx_ts=158610981038370) request_id=368419 zil_blk_id=73996 ccf_commit_seqno=368419 nstreams_done_=18500 config.nstreams=20000 avg_latency=0.6453 ms avg throuhgput (requests/sec) = 90.6421 res=false
*==== INFO ====* req_id_count= 19000 stream_id=75996 latency=0.560559 ms (tx_ts=158616514769150, rx_ts=158616515329709) request_id=378473 zil_blk_id=75996 ccf_commit_seqno=378473 nstreams_done_=19000 config.nstreams=20000 avg_latency=0.6463 ms avg throuhgput (requests/sec) = 90.6343 res=false
*==== INFO ====* req_id_count= 19500 stream_id=77996 latency=0.701662 ms (tx_ts=158622032441333, rx_ts=158622033142995) request_id=388498 zil_blk_id=77996 ccf_commit_seqno=388498 nstreams_done_=19500 config.nstreams=20000 avg_latency=0.6466 ms avg throuhgput (requests/sec) = 90.6338 res=false
*==== INFO ====* http_end_stream ALL streams done! nstreams_done_=20000 avg_latency=0.6466 msreq_id_count= 20000
*==== INFO ====* req_id_count= 20000 stream_id=79996 latency=0.537485 ms (tx_ts=158627547130439, rx_ts=158627547667924) request_id=397616 zil_blk_id=79996 ccf_commit_seqno=397616 nstreams_done_=20000 config.nstreams=20000 avg_latency=0.6466 ms avg throuhgput (requests/sec) = 90.6347 res=true
