Uniform: 659738 962052 714792 999742 955452 
Exponential: -2147483648 -2147483648 -2147483648 -2147483648 -2147483648 
Truncated Normal: 288778 409526 624636 871622 728133 
*==== INFO ====* req_id_count= 500 stream_id=1996 latency=0.789206 ms (tx_ts=158412664821741, rx_ts=158412665610947) request_id=9877 zil_blk_id=1996 ccf_commit_seqno=9878 nstreams_done_=500 config.nstreams=20000 avg_latency=0.6050 ms avg throuhgput (requests/sec) = 86.4800 res=false
*==== INFO ====* req_id_count= 1000 stream_id=3996 latency=0.535121 ms (tx_ts=158418480212479, rx_ts=158418480747600) request_id=20244 zil_blk_id=3996 ccf_commit_seqno=20244 nstreams_done_=1000 config.nstreams=20000 avg_latency=0.6080 ms avg throuhgput (requests/sec) = 86.2305 res=false
*==== INFO ====* req_id_count= 1500 stream_id=5996 latency=0.587339 ms (tx_ts=158424293828958, rx_ts=158424294416297) request_id=30694 zil_blk_id=5996 ccf_commit_seqno=30694 nstreams_done_=1500 config.nstreams=20000 avg_latency=0.6058 ms avg throuhgput (requests/sec) = 86.1549 res=false
*==== INFO ====* req_id_count= 2000 stream_id=7996 latency=0.558435 ms (tx_ts=158430106943449, rx_ts=158430107501884) request_id=41139 zil_blk_id=7996 ccf_commit_seqno=41139 nstreams_done_=2000 config.nstreams=20000 avg_latency=0.6044 ms avg throuhgput (requests/sec) = 86.1194 res=false
*==== INFO ====* req_id_count= 2500 stream_id=9996 latency=0.663030 ms (tx_ts=158435596910840, rx_ts=158435597573870) request_id=51036 zil_blk_id=9996 ccf_commit_seqno=51036 nstreams_done_=2500 config.nstreams=20000 avg_latency=0.6090 ms avg throuhgput (requests/sec) = 87.0666 res=false
*==== INFO ====* req_id_count= 3000 stream_id=11996 latency=0.504213 ms (tx_ts=158441092335483, rx_ts=158441092839696) request_id=60934 zil_blk_id=11996 ccf_commit_seqno=60934 nstreams_done_=3000 config.nstreams=20000 avg_latency=0.6132 ms avg throuhgput (requests/sec) = 87.6964 res=false
*==== INFO ====* req_id_count= 3500 stream_id=13996 latency=0.602968 ms (tx_ts=158446577272921, rx_ts=158446577875889) request_id=70829 zil_blk_id=13996 ccf_commit_seqno=70829 nstreams_done_=3500 config.nstreams=20000 avg_latency=0.6138 ms avg throuhgput (requests/sec) = 88.1746 res=false
*==== INFO ====* req_id_count= 4000 stream_id=15996 latency=0.568222 ms (tx_ts=158452068654100, rx_ts=158452069222322) request_id=80746 zil_blk_id=15996 ccf_commit_seqno=80746 nstreams_done_=4000 config.nstreams=20000 avg_latency=0.6146 ms avg throuhgput (requests/sec) = 88.5244 res=false
*==== INFO ====* req_id_count= 4500 stream_id=17996 latency=0.523889 ms (tx_ts=158457567861452, rx_ts=158457568385341) request_id=90695 zil_blk_id=17996 ccf_commit_seqno=90695 nstreams_done_=4500 config.nstreams=20000 avg_latency=0.6169 ms avg throuhgput (requests/sec) = 88.7846 res=false
*==== INFO ====* req_id_count= 5000 stream_id=19996 latency=0.630288 ms (tx_ts=158463040846519, rx_ts=158463041476807) request_id=100630 zil_blk_id=19996 ccf_commit_seqno=100630 nstreams_done_=5000 config.nstreams=20000 avg_latency=0.6148 ms avg throuhgput (requests/sec) = 89.0352 res=false
*==== INFO ====* req_id_count= 5500 stream_id=21996 latency=0.588030 ms (tx_ts=158468524920069, rx_ts=158468525508099) request_id=110561 zil_blk_id=21996 ccf_commit_seqno=110561 nstreams_done_=5500 config.nstreams=20000 avg_latency=0.6150 ms avg throuhgput (requests/sec) = 89.2255 res=false
*==== INFO ====* req_id_count= 6000 stream_id=23996 latency=0.952151 ms (tx_ts=158474026215989, rx_ts=158474027168140) request_id=120413 zil_blk_id=23996 ccf_commit_seqno=120413 nstreams_done_=6000 config.nstreams=20000 avg_latency=0.6179 ms avg throuhgput (requests/sec) = 89.3612 res=false
*==== INFO ====* req_id_count= 6500 stream_id=25996 latency=0.539960 ms (tx_ts=158479531393882, rx_ts=158479531933842) request_id=130323 zil_blk_id=25996 ccf_commit_seqno=130323 nstreams_done_=6500 config.nstreams=20000 avg_latency=0.6200 ms avg throuhgput (requests/sec) = 89.4725 res=false
*==== INFO ====* req_id_count= 7000 stream_id=27996 latency=0.514211 ms (tx_ts=158485035736902, rx_ts=158485036251113) request_id=140210 zil_blk_id=27996 ccf_commit_seqno=140210 nstreams_done_=7000 config.nstreams=20000 avg_latency=0.6226 ms avg throuhgput (requests/sec) = 89.5687 res=false
*==== INFO ====* req_id_count= 7500 stream_id=29996 latency=0.691053 ms (tx_ts=158490544467024, rx_ts=158490545158077) request_id=150102 zil_blk_id=29996 ccf_commit_seqno=150104 nstreams_done_=7500 config.nstreams=20000 avg_latency=0.6246 ms avg throuhgput (requests/sec) = 89.6473 res=false
*==== INFO ====* req_id_count= 8000 stream_id=31996 latency=0.543076 ms (tx_ts=158496034259283, rx_ts=158496034802359) request_id=159997 zil_blk_id=31996 ccf_commit_seqno=159997 nstreams_done_=8000 config.nstreams=20000 avg_latency=0.6246 ms avg throuhgput (requests/sec) = 89.7355 res=false
*==== INFO ====* req_id_count= 8500 stream_id=33996 latency=0.695701 ms (tx_ts=158501525722383, rx_ts=158501526418084) request_id=169874 zil_blk_id=33996 ccf_commit_seqno=169874 nstreams_done_=8500 config.nstreams=20000 avg_latency=0.6247 ms avg throuhgput (requests/sec) = 89.8117 res=false
*==== INFO ====* req_id_count= 9000 stream_id=35996 latency=0.513891 ms (tx_ts=158507014243079, rx_ts=158507014756970) request_id=179764 zil_blk_id=35996 ccf_commit_seqno=179764 nstreams_done_=9000 config.nstreams=20000 avg_latency=0.6241 ms avg throuhgput (requests/sec) = 89.8824 res=false
*==== INFO ====* req_id_count= 9500 stream_id=37996 latency=0.524822 ms (tx_ts=158512489090435, rx_ts=158512489615257) request_id=189661 zil_blk_id=37996 ccf_commit_seqno=189661 nstreams_done_=9500 config.nstreams=20000 avg_latency=0.6231 ms avg throuhgput (requests/sec) = 89.9573 res=false
*==== INFO ====* req_id_count= 10000 stream_id=39996 latency=0.525119 ms (tx_ts=158517970049525, rx_ts=158517970574644) request_id=199600 zil_blk_id=39996 ccf_commit_seqno=199600 nstreams_done_=10000 config.nstreams=20000 avg_latency=0.6227 ms avg throuhgput (requests/sec) = 90.0198 res=false
*==== INFO ====* req_id_count= 10500 stream_id=41996 latency=0.516085 ms (tx_ts=158523476658635, rx_ts=158523477174720) request_id=209592 zil_blk_id=41996 ccf_commit_seqno=209592 nstreams_done_=10500 config.nstreams=20000 avg_latency=0.6246 ms avg throuhgput (requests/sec) = 90.0567 res=false
*==== INFO ====* req_id_count= 11000 stream_id=43996 latency=0.527175 ms (tx_ts=158528974017764, rx_ts=158528974544939) request_id=219542 zil_blk_id=43996 ccf_commit_seqno=219542 nstreams_done_=11000 config.nstreams=20000 avg_latency=0.6254 ms avg throuhgput (requests/sec) = 90.0970 res=false
*==== INFO ====* req_id_count= 11500 stream_id=45996 latency=0.516485 ms (tx_ts=158534471172181, rx_ts=158534471688666) request_id=229511 zil_blk_id=45996 ccf_commit_seqno=229511 nstreams_done_=11500 config.nstreams=20000 avg_latency=0.6254 ms avg throuhgput (requests/sec) = 90.1340 res=false
*==== INFO ====* req_id_count= 12000 stream_id=47996 latency=0.493853 ms (tx_ts=158539964574114, rx_ts=158539965067967) request_id=239487 zil_blk_id=47996 ccf_commit_seqno=239487 nstreams_done_=12000 config.nstreams=20000 avg_latency=0.6257 ms avg throuhgput (requests/sec) = 90.1706 res=false
*==== INFO ====* req_id_count= 12500 stream_id=49996 latency=0.511767 ms (tx_ts=158545456010248, rx_ts=158545456522015) request_id=249445 zil_blk_id=49996 ccf_commit_seqno=249445 nstreams_done_=12500 config.nstreams=20000 avg_latency=0.6255 ms avg throuhgput (requests/sec) = 90.2054 res=false
*==== INFO ====* req_id_count= 13000 stream_id=51996 latency=0.507169 ms (tx_ts=158550958273741, rx_ts=158550958780910) request_id=259432 zil_blk_id=51996 ccf_commit_seqno=259432 nstreams_done_=13000 config.nstreams=20000 avg_latency=0.6261 ms avg throuhgput (requests/sec) = 90.2309 res=false
*==== INFO ====* req_id_count= 13500 stream_id=53996 latency=0.524591 ms (tx_ts=158556441721325, rx_ts=158556442245916) request_id=269327 zil_blk_id=53996 ccf_commit_seqno=269327 nstreams_done_=13500 config.nstreams=20000 avg_latency=0.6255 ms avg throuhgput (requests/sec) = 90.2658 res=false
*==== INFO ====* req_id_count= 14000 stream_id=55996 latency=1.201327 ms (tx_ts=158561935921463, rx_ts=158561937122790) request_id=279262 zil_blk_id=55996 ccf_commit_seqno=279262 nstreams_done_=14000 config.nstreams=20000 avg_latency=0.6260 ms avg throuhgput (requests/sec) = 90.2916 res=false
*==== INFO ====* req_id_count= 14500 stream_id=57996 latency=0.518529 ms (tx_ts=158567450619729, rx_ts=158567451138258) request_id=289250 zil_blk_id=57996 ccf_commit_seqno=289250 nstreams_done_=14500 config.nstreams=20000 avg_latency=0.6273 ms avg throuhgput (requests/sec) = 90.3049 res=false
*==== INFO ====* req_id_count= 15000 stream_id=59996 latency=0.529541 ms (tx_ts=158572953105748, rx_ts=158572953635289) request_id=299250 zil_blk_id=59996 ccf_commit_seqno=299250 nstreams_done_=15000 config.nstreams=20000 avg_latency=0.6278 ms avg throuhgput (requests/sec) = 90.3235 res=false
*==== INFO ====* req_id_count= 15500 stream_id=61996 latency=0.592748 ms (tx_ts=158578445672515, rx_ts=158578446265263) request_id=309241 zil_blk_id=61996 ccf_commit_seqno=309241 nstreams_done_=15500 config.nstreams=20000 avg_latency=0.6280 ms avg throuhgput (requests/sec) = 90.3462 res=false
*==== INFO ====* req_id_count= 16000 stream_id=63996 latency=0.551231 ms (tx_ts=158583942142996, rx_ts=158583942694227) request_id=319236 zil_blk_id=63996 ccf_commit_seqno=319236 nstreams_done_=16000 config.nstreams=20000 avg_latency=0.6285 ms avg throuhgput (requests/sec) = 90.3655 res=false
*==== INFO ====* req_id_count= 16500 stream_id=65996 latency=0.547684 ms (tx_ts=158589434262770, rx_ts=158589434810454) request_id=329233 zil_blk_id=65996 ccf_commit_seqno=329233 nstreams_done_=16500 config.nstreams=20000 avg_latency=0.6288 ms avg throuhgput (requests/sec) = 90.3858 res=false
*==== INFO ====* req_id_count= 17000 stream_id=67996 latency=1.057297 ms (tx_ts=158594930144348, rx_ts=158594931201645) request_id=339226 zil_blk_id=67996 ccf_commit_seqno=339226 nstreams_done_=17000 config.nstreams=20000 avg_latency=0.6292 ms avg throuhgput (requests/sec) = 90.4028 res=false
*==== INFO ====* req_id_count= 17500 stream_id=69996 latency=0.515404 ms (tx_ts=158600422616579, rx_ts=158600423131983) request_id=349210 zil_blk_id=69996 ccf_commit_seqno=349210 nstreams_done_=17500 config.nstreams=20000 avg_latency=0.6295 ms avg throuhgput (requests/sec) = 90.4210 res=false
*==== INFO ====* req_id_count= 18000 stream_id=71996 latency=0.650406 ms (tx_ts=158605912803653, rx_ts=158605913454059) request_id=359189 zil_blk_id=71996 ccf_commit_seqno=359189 nstreams_done_=18000 config.nstreams=20000 avg_latency=0.6292 ms avg throuhgput (requests/sec) = 90.4388 res=false
*==== INFO ====* req_id_count= 18500 stream_id=73996 latency=0.577661 ms (tx_ts=158611387498594, rx_ts=158611388076255) request_id=369163 zil_blk_id=73996 ccf_commit_seqno=369163 nstreams_done_=18500 config.nstreams=20000 avg_latency=0.6284 ms avg throuhgput (requests/sec) = 90.4627 res=false
*==== INFO ====* req_id_count= 19000 stream_id=75996 latency=0.524632 ms (tx_ts=158616890500430, rx_ts=158616891025062) request_id=379160 zil_blk_id=75996 ccf_commit_seqno=379160 nstreams_done_=19000 config.nstreams=20000 avg_latency=0.6290 ms avg throuhgput (requests/sec) = 90.4731 res=false
*==== INFO ====* req_id_count= 19500 stream_id=77996 latency=0.672157 ms (tx_ts=158622395480570, rx_ts=158622396152727) request_id=389160 zil_blk_id=77996 ccf_commit_seqno=389161 nstreams_done_=19500 config.nstreams=20000 avg_latency=0.6299 ms avg throuhgput (requests/sec) = 90.4821 res=false
*==== INFO ====* http_end_stream ALL streams done! nstreams_done_=20000 avg_latency=0.6309 msreq_id_count= 20000
*==== INFO ====* req_id_count= 20000 stream_id=79996 latency=0.584313 ms (tx_ts=158627905686616, rx_ts=158627906270929) request_id=397917 zil_blk_id=79996 ccf_commit_seqno=397917 nstreams_done_=20000 config.nstreams=20000 avg_latency=0.6309 ms avg throuhgput (requests/sec) = 90.4886 res=true
