Uniform: 436268 962027 573398 75585 873739 
Exponential: -2147483648 -2147483648 -2147483648 -2147483648 -2147483648 
Truncated Normal: 25306 953810 268458 623841 213635 
*==== INFO ====* req_id_count= 500 stream_id=1996 latency=0.728843 ms (tx_ts=158412652833871, rx_ts=158412653562714) request_id=9855 zil_blk_id=1996 ccf_commit_seqno=9856 nstreams_done_=500 config.nstreams=20000 avg_latency=0.7091 ms avg throuhgput (requests/sec) = 86.7544 res=false
*==== INFO ====* req_id_count= 1000 stream_id=3996 latency=0.565217 ms (tx_ts=158418558968407, rx_ts=158418559533624) request_id=20384 zil_blk_id=3996 ccf_commit_seqno=20384 nstreams_done_=1000 config.nstreams=20000 avg_latency=0.7095 ms avg throuhgput (requests/sec) = 85.6945 res=false
*==== INFO ====* req_id_count= 1500 stream_id=5996 latency=0.719886 ms (tx_ts=158424467589076, rx_ts=158424468308962) request_id=31006 zil_blk_id=5996 ccf_commit_seqno=31006 nstreams_done_=1500 config.nstreams=20000 avg_latency=0.7054 ms avg throuhgput (requests/sec) = 85.3333 res=false
*==== INFO ====* req_id_count= 2000 stream_id=7996 latency=0.816016 ms (tx_ts=158430397461342, rx_ts=158430398277358) request_id=41659 zil_blk_id=7996 ccf_commit_seqno=41660 nstreams_done_=2000 config.nstreams=20000 avg_latency=0.7112 ms avg throuhgput (requests/sec) = 85.0770 res=false
*==== INFO ====* req_id_count= 2500 stream_id=9996 latency=0.679541 ms (tx_ts=158436304357269, rx_ts=158436305036810) request_id=52309 zil_blk_id=9996 ccf_commit_seqno=52309 nstreams_done_=2500 config.nstreams=20000 avg_latency=0.7104 ms avg throuhgput (requests/sec) = 84.9910 res=false
*==== INFO ====* req_id_count= 3000 stream_id=11996 latency=0.648062 ms (tx_ts=158442220726978, rx_ts=158442221375040) request_id=62969 zil_blk_id=11996 ccf_commit_seqno=62969 nstreams_done_=3000 config.nstreams=20000 avg_latency=0.7134 ms avg throuhgput (requests/sec) = 84.9108 res=false
*==== INFO ====* req_id_count= 3500 stream_id=13996 latency=0.868614 ms (tx_ts=158448099828717, rx_ts=158448100697331) request_id=73587 zil_blk_id=13996 ccf_commit_seqno=73588 nstreams_done_=3500 config.nstreams=20000 avg_latency=0.7080 ms avg throuhgput (requests/sec) = 84.9298 res=false
*==== INFO ====* req_id_count= 4000 stream_id=15996 latency=0.601716 ms (tx_ts=158454022284918, rx_ts=158454022886634) request_id=84286 zil_blk_id=15996 ccf_commit_seqno=84286 nstreams_done_=4000 config.nstreams=20000 avg_latency=0.7125 ms avg throuhgput (requests/sec) = 84.8667 res=false
*==== INFO ====* req_id_count= 4500 stream_id=17996 latency=0.724585 ms (tx_ts=158459939258574, rx_ts=158459939983159) request_id=95005 zil_blk_id=17996 ccf_commit_seqno=95007 nstreams_done_=4500 config.nstreams=20000 avg_latency=0.7119 ms avg throuhgput (requests/sec) = 84.8259 res=false
*==== INFO ====* req_id_count= 5000 stream_id=19996 latency=0.737369 ms (tx_ts=158465844420579, rx_ts=158465845157948) request_id=105712 zil_blk_id=19996 ccf_commit_seqno=105713 nstreams_done_=5000 config.nstreams=20000 avg_latency=0.7120 ms avg throuhgput (requests/sec) = 84.8105 res=false
*==== INFO ====* req_id_count= 5500 stream_id=21996 latency=0.585145 ms (tx_ts=158471722012218, rx_ts=158471722597363) request_id=116290 zil_blk_id=21996 ccf_commit_seqno=116290 nstreams_done_=5500 config.nstreams=20000 avg_latency=0.7093 ms avg throuhgput (requests/sec) = 84.8341 res=false
*==== INFO ====* req_id_count= 6000 stream_id=23996 latency=0.625560 ms (tx_ts=158477620802720, rx_ts=158477621428280) request_id=126882 zil_blk_id=23996 ccf_commit_seqno=126882 nstreams_done_=6000 config.nstreams=20000 avg_latency=0.7088 ms avg throuhgput (requests/sec) = 84.8281 res=false
*==== INFO ====* req_id_count= 6500 stream_id=25996 latency=0.663070 ms (tx_ts=158483521289625, rx_ts=158483521952695) request_id=137496 zil_blk_id=25996 ccf_commit_seqno=137496 nstreams_done_=6500 config.nstreams=20000 avg_latency=0.7084 ms avg throuhgput (requests/sec) = 84.8212 res=false
*==== INFO ====* req_id_count= 7000 stream_id=27996 latency=0.706972 ms (tx_ts=158489427723571, rx_ts=158489428430543) request_id=148095 zil_blk_id=27996 ccf_commit_seqno=148095 nstreams_done_=7000 config.nstreams=20000 avg_latency=0.7074 ms avg throuhgput (requests/sec) = 84.8092 res=false
*==== INFO ====* req_id_count= 7500 stream_id=29996 latency=0.747508 ms (tx_ts=158495309793753, rx_ts=158495310541261) request_id=158700 zil_blk_id=29996 ccf_commit_seqno=158700 nstreams_done_=7500 config.nstreams=20000 avg_latency=0.7059 ms avg throuhgput (requests/sec) = 84.8221 res=false
*==== INFO ====* req_id_count= 8000 stream_id=31996 latency=0.785279 ms (tx_ts=158501232323309, rx_ts=158501233108588) request_id=169353 zil_blk_id=31996 ccf_commit_seqno=169353 nstreams_done_=8000 config.nstreams=20000 avg_latency=0.7060 ms avg throuhgput (requests/sec) = 84.7970 res=false
*==== INFO ====* req_id_count= 8500 stream_id=33996 latency=0.676796 ms (tx_ts=158507137728532, rx_ts=158507138405328) request_id=179994 zil_blk_id=33996 ccf_commit_seqno=179995 nstreams_done_=8500 config.nstreams=20000 avg_latency=0.7055 ms avg throuhgput (requests/sec) = 84.7895 res=false
*==== INFO ====* req_id_count= 9000 stream_id=35996 latency=0.591726 ms (tx_ts=158513022800596, rx_ts=158513023392322) request_id=190632 zil_blk_id=35996 ccf_commit_seqno=190632 nstreams_done_=9000 config.nstreams=20000 avg_latency=0.7044 ms avg throuhgput (requests/sec) = 84.7991 res=false
*==== INFO ====* req_id_count= 9500 stream_id=37996 latency=0.689890 ms (tx_ts=158518917709388, rx_ts=158518918399278) request_id=201311 zil_blk_id=37996 ccf_commit_seqno=201311 nstreams_done_=9500 config.nstreams=20000 avg_latency=0.7044 ms avg throuhgput (requests/sec) = 84.8001 res=false
*==== INFO ====* req_id_count= 10000 stream_id=39996 latency=0.622464 ms (tx_ts=158524799965673, rx_ts=158524800588137) request_id=211989 zil_blk_id=39996 ccf_commit_seqno=211989 nstreams_done_=10000 config.nstreams=20000 avg_latency=0.7036 ms avg throuhgput (requests/sec) = 84.8101 res=false
*==== INFO ====* req_id_count= 10500 stream_id=41996 latency=0.806836 ms (tx_ts=158530725545779, rx_ts=158530726352615) request_id=222711 zil_blk_id=41996 ccf_commit_seqno=222713 nstreams_done_=10500 config.nstreams=20000 avg_latency=0.7052 ms avg throuhgput (requests/sec) = 84.7894 res=false
*==== INFO ====* req_id_count= 11000 stream_id=43996 latency=0.738992 ms (tx_ts=158536297966374, rx_ts=158536298705366) request_id=232831 zil_blk_id=43996 ccf_commit_seqno=232831 nstreams_done_=11000 config.nstreams=20000 avg_latency=0.7053 ms avg throuhgput (requests/sec) = 85.0021 res=false
*==== INFO ====* req_id_count= 11500 stream_id=45996 latency=0.609881 ms (tx_ts=158541828410137, rx_ts=158541829020018) request_id=242876 zil_blk_id=45996 ccf_commit_seqno=242876 nstreams_done_=11500 config.nstreams=20000 avg_latency=0.7041 ms avg throuhgput (requests/sec) = 85.2238 res=false
*==== INFO ====* req_id_count= 12000 stream_id=47996 latency=0.842676 ms (tx_ts=158547348839462, rx_ts=158547349682138) request_id=252878 zil_blk_id=47996 ccf_commit_seqno=252879 nstreams_done_=12000 config.nstreams=20000 avg_latency=0.7027 ms avg throuhgput (requests/sec) = 85.4339 res=false
*==== INFO ====* req_id_count= 12500 stream_id=49996 latency=0.778676 ms (tx_ts=158552887452677, rx_ts=158552888231353) request_id=262917 zil_blk_id=49996 ccf_commit_seqno=262917 nstreams_done_=12500 config.nstreams=20000 avg_latency=0.7024 ms avg throuhgput (requests/sec) = 85.6176 res=false
*==== INFO ====* req_id_count= 13000 stream_id=51996 latency=0.604590 ms (tx_ts=158558419784614, rx_ts=158558420389204) request_id=272904 zil_blk_id=51996 ccf_commit_seqno=272904 nstreams_done_=13000 config.nstreams=20000 avg_latency=0.7011 ms avg throuhgput (requests/sec) = 85.7915 res=false
*==== INFO ====* req_id_count= 13500 stream_id=53996 latency=0.657270 ms (tx_ts=158563960797549, rx_ts=158563961454819) request_id=282923 zil_blk_id=53996 ccf_commit_seqno=282923 nstreams_done_=13500 config.nstreams=20000 avg_latency=0.7009 ms avg throuhgput (requests/sec) = 85.9482 res=false
*==== INFO ====* req_id_count= 14000 stream_id=55996 latency=0.599972 ms (tx_ts=158569492182150, rx_ts=158569492782122) request_id=292962 zil_blk_id=55996 ccf_commit_seqno=292962 nstreams_done_=14000 config.nstreams=20000 avg_latency=0.7001 ms avg throuhgput (requests/sec) = 86.0995 res=false
*==== INFO ====* req_id_count= 14500 stream_id=57996 latency=0.736908 ms (tx_ts=158575019201838, rx_ts=158575019938746) request_id=303015 zil_blk_id=57996 ccf_commit_seqno=303015 nstreams_done_=14500 config.nstreams=20000 avg_latency=0.6992 ms avg throuhgput (requests/sec) = 86.2429 res=false
*==== INFO ====* req_id_count= 15000 stream_id=59996 latency=0.603749 ms (tx_ts=158580558818619, rx_ts=158580559422368) request_id=313087 zil_blk_id=59996 ccf_commit_seqno=313087 nstreams_done_=15000 config.nstreams=20000 avg_latency=0.6987 ms avg throuhgput (requests/sec) = 86.3711 res=false
*==== INFO ====* req_id_count= 15500 stream_id=61996 latency=0.710018 ms (tx_ts=158586076260185, rx_ts=158586076970203) request_id=323121 zil_blk_id=61996 ccf_commit_seqno=323121 nstreams_done_=15500 config.nstreams=20000 avg_latency=0.6974 ms avg throuhgput (requests/sec) = 86.5019 res=false
*==== INFO ====* req_id_count= 16000 stream_id=63996 latency=0.636430 ms (tx_ts=158591603430107, rx_ts=158591604066537) request_id=333182 zil_blk_id=63996 ccf_commit_seqno=333183 nstreams_done_=16000 config.nstreams=20000 avg_latency=0.6967 ms avg throuhgput (requests/sec) = 86.6204 res=false
*==== INFO ====* req_id_count= 16500 stream_id=65996 latency=0.743290 ms (tx_ts=158597133732502, rx_ts=158597134475792) request_id=343232 zil_blk_id=65996 ccf_commit_seqno=343233 nstreams_done_=16500 config.nstreams=20000 avg_latency=0.6963 ms avg throuhgput (requests/sec) = 86.7306 res=false
*==== INFO ====* req_id_count= 17000 stream_id=67996 latency=1.114504 ms (tx_ts=158602664355222, rx_ts=158602665469726) request_id=353291 zil_blk_id=67996 ccf_commit_seqno=353291 nstreams_done_=17000 config.nstreams=20000 avg_latency=0.6956 ms avg throuhgput (requests/sec) = 86.8342 res=false
*==== INFO ====* req_id_count= 17500 stream_id=69996 latency=0.765292 ms (tx_ts=158608199163062, rx_ts=158608199928354) request_id=363361 zil_blk_id=69996 ccf_commit_seqno=363361 nstreams_done_=17500 config.nstreams=20000 avg_latency=0.6956 ms avg throuhgput (requests/sec) = 86.9307 res=false
*==== INFO ====* req_id_count= 18000 stream_id=71996 latency=0.586662 ms (tx_ts=158613725472824, rx_ts=158613726059486) request_id=373413 zil_blk_id=71996 ccf_commit_seqno=373413 nstreams_done_=18000 config.nstreams=20000 avg_latency=0.6950 ms avg throuhgput (requests/sec) = 87.0255 res=false
*==== INFO ====* req_id_count= 18500 stream_id=73996 latency=0.655626 ms (tx_ts=158619265368500, rx_ts=158619266024126) request_id=383470 zil_blk_id=73996 ccf_commit_seqno=383470 nstreams_done_=18500 config.nstreams=20000 avg_latency=0.6950 ms avg throuhgput (requests/sec) = 87.1097 res=false
*==== INFO ====* req_id_count= 19000 stream_id=75996 latency=0.661797 ms (tx_ts=158624789908020, rx_ts=158624790569817) request_id=393515 zil_blk_id=75996 ccf_commit_seqno=393515 nstreams_done_=19000 config.nstreams=20000 avg_latency=0.6944 ms avg throuhgput (requests/sec) = 87.1958 res=false
*==== INFO ====* req_id_count= 19500 stream_id=77996 latency=0.671466 ms (tx_ts=158630328225304, rx_ts=158630328896770) request_id=399163 zil_blk_id=77996 ccf_commit_seqno=399163 nstreams_done_=19500 config.nstreams=20000 avg_latency=0.6941 ms avg throuhgput (requests/sec) = 87.2722 res=false
*==== INFO ====* http_end_stream ALL streams done! nstreams_done_=20000 avg_latency=0.6989 msreq_id_count= 20000
*==== INFO ====* req_id_count= 20000 stream_id=79996 latency=3.208189 ms (tx_ts=158636315194925, rx_ts=158636318403114) request_id=400000 zil_blk_id=79996 ccf_commit_seqno=400000 nstreams_done_=20000 config.nstreams=20000 avg_latency=0.6989 ms avg throuhgput (requests/sec) = 87.1732 res=true
