Uniform: 414800 320072 42274 3487 666420 
Exponential: -2147483648 -2147483648 -2147483648 -2147483648 -2147483648 
Truncated Normal: 573039 373248 298976 135937 246657 
*==== INFO ====* req_id_count= 500 stream_id=1996 latency=0.566209 ms (tx_ts=158412359092674, rx_ts=158412359658883) request_id=9347 zil_blk_id=464 ccf_commit_seqno=9347 nstreams_done_=500 config.nstreams=20000 avg_latency=0.6106 ms avg throuhgput (requests/sec) = 91.2687 res=false
*==== INFO ====* req_id_count= 1000 stream_id=3996 latency=0.580536 ms (tx_ts=158417860373537, rx_ts=158417860954073) request_id=19139 zil_blk_id=5620 ccf_commit_seqno=19140 nstreams_done_=1000 config.nstreams=20000 avg_latency=0.6112 ms avg throuhgput (requests/sec) = 91.0778 res=false
*==== INFO ====* req_id_count= 1500 stream_id=5996 latency=0.544940 ms (tx_ts=158423359232488, rx_ts=158423359777428) request_id=29017 zil_blk_id=10781 ccf_commit_seqno=29017 nstreams_done_=1500 config.nstreams=20000 avg_latency=0.6087 ms avg throuhgput (requests/sec) = 91.0280 res=false
*==== INFO ====* req_id_count= 2000 stream_id=7996 latency=0.679301 ms (tx_ts=158428855054657, rx_ts=158428855733958) request_id=38895 zil_blk_id=15936 ccf_commit_seqno=38895 nstreams_done_=2000 config.nstreams=20000 avg_latency=0.6081 ms avg throuhgput (requests/sec) = 91.0150 res=false
*==== INFO ====* req_id_count= 2500 stream_id=9996 latency=0.516758 ms (tx_ts=158434358755886, rx_ts=158434359272644) request_id=48802 zil_blk_id=21097 ccf_commit_seqno=48802 nstreams_done_=2500 config.nstreams=20000 avg_latency=0.6118 ms avg throuhgput (requests/sec) = 90.9821 res=false
*==== INFO ====* req_id_count= 3000 stream_id=11996 latency=1.229464 ms (tx_ts=158439868117771, rx_ts=158439869347235) request_id=58731 zil_blk_id=26262 ccf_commit_seqno=58731 nstreams_done_=3000 config.nstreams=20000 avg_latency=0.6152 ms avg throuhgput (requests/sec) = 90.9421 res=false
*==== INFO ====* req_id_count= 3500 stream_id=13996 latency=0.707183 ms (tx_ts=158445365554007, rx_ts=158445366261190) request_id=68647 zil_blk_id=31414 ccf_commit_seqno=68649 nstreams_done_=3500 config.nstreams=20000 avg_latency=0.6130 ms avg throuhgput (requests/sec) = 90.9447 res=false
*==== INFO ====* req_id_count= 4000 stream_id=15996 latency=0.739714 ms (tx_ts=158450867217794, rx_ts=158450867957508) request_id=78587 zil_blk_id=36568 ccf_commit_seqno=78587 nstreams_done_=4000 config.nstreams=20000 avg_latency=0.6120 ms avg throuhgput (requests/sec) = 90.9367 res=false
*==== INFO ====* req_id_count= 4500 stream_id=17996 latency=0.556471 ms (tx_ts=158456386021431, rx_ts=158456386577902) request_id=88564 zil_blk_id=41740 ccf_commit_seqno=88564 nstreams_done_=4500 config.nstreams=20000 avg_latency=0.6167 ms avg throuhgput (requests/sec) = 90.8994 res=false
*==== INFO ====* req_id_count= 5000 stream_id=19996 latency=0.503221 ms (tx_ts=158461867351631, rx_ts=158461867854852) request_id=98501 zil_blk_id=46880 ccf_commit_seqno=98501 nstreams_done_=5000 config.nstreams=20000 avg_latency=0.6137 ms avg throuhgput (requests/sec) = 90.9314 res=false
*==== INFO ====* req_id_count= 5500 stream_id=21996 latency=0.628916 ms (tx_ts=158467358134328, rx_ts=158467358763244) request_id=108455 zil_blk_id=52024 ccf_commit_seqno=108457 nstreams_done_=5500 config.nstreams=20000 avg_latency=0.6122 ms avg throuhgput (requests/sec) = 90.9430 res=false
*==== INFO ====* req_id_count= 6000 stream_id=23996 latency=0.632974 ms (tx_ts=158472868061549, rx_ts=158472868694523) request_id=118343 zil_blk_id=57193 ccf_commit_seqno=118343 nstreams_done_=6000 config.nstreams=20000 avg_latency=0.6144 ms avg throuhgput (requests/sec) = 90.9265 res=false
*==== INFO ====* req_id_count= 6500 stream_id=25996 latency=0.481511 ms (tx_ts=158478367863122, rx_ts=158478368344633) request_id=128230 zil_blk_id=62348 ccf_commit_seqno=128230 nstreams_done_=6500 config.nstreams=20000 avg_latency=0.6145 ms avg throuhgput (requests/sec) = 90.9256 res=false
*==== INFO ====* req_id_count= 7000 stream_id=27996 latency=1.518099 ms (tx_ts=158483882932146, rx_ts=158483884450245) request_id=138141 zil_blk_id=67518 ccf_commit_seqno=138143 nstreams_done_=7000 config.nstreams=20000 avg_latency=0.6160 ms avg throuhgput (requests/sec) = 90.9054 res=false
*==== INFO ====* req_id_count= 7500 stream_id=29996 latency=0.595904 ms (tx_ts=158489396482499, rx_ts=158489397078403) request_id=148045 zil_blk_id=72687 ccf_commit_seqno=148045 nstreams_done_=7500 config.nstreams=20000 avg_latency=0.6177 ms avg throuhgput (requests/sec) = 90.8917 res=false
*==== INFO ====* req_id_count= 8000 stream_id=31996 latency=0.524180 ms (tx_ts=158494894998830, rx_ts=158494895523010) request_id=157951 zil_blk_id=77838 ccf_commit_seqno=157951 nstreams_done_=8000 config.nstreams=20000 avg_latency=0.6172 ms avg throuhgput (requests/sec) = 90.8944 res=false
*==== INFO ====* req_id_count= 8500 stream_id=33996 latency=0.601926 ms (tx_ts=158500413593504, rx_ts=158500414195430) request_id=167879 zil_blk_id=83004 ccf_commit_seqno=167879 nstreams_done_=8500 config.nstreams=20000 avg_latency=0.6193 ms avg throuhgput (requests/sec) = 90.8771 res=false
*==== INFO ====* req_id_count= 9000 stream_id=35996 latency=0.526325 ms (tx_ts=158505911925542, rx_ts=158505912451867) request_id=177777 zil_blk_id=88161 ccf_commit_seqno=177777 nstreams_done_=9000 config.nstreams=20000 avg_latency=0.6192 ms avg throuhgput (requests/sec) = 90.8805 res=false
*==== INFO ====* req_id_count= 9500 stream_id=37996 latency=0.536784 ms (tx_ts=158511397897035, rx_ts=158511398433819) request_id=187688 zil_blk_id=93299 ccf_commit_seqno=187688 nstreams_done_=9500 config.nstreams=20000 avg_latency=0.6180 ms avg throuhgput (requests/sec) = 90.8942 res=false
*==== INFO ====* req_id_count= 10000 stream_id=39996 latency=0.590441 ms (tx_ts=158516885712594, rx_ts=158516886303035) request_id=197639 zil_blk_id=98448 ccf_commit_seqno=197639 nstreams_done_=10000 config.nstreams=20000 avg_latency=0.6171 ms avg throuhgput (requests/sec) = 90.9050 res=false
*==== INFO ====* req_id_count= 10500 stream_id=41996 latency=0.491500 ms (tx_ts=158522368397089, rx_ts=158522368888589) request_id=207582 zil_blk_id=103590 ccf_commit_seqno=207582 nstreams_done_=10500 config.nstreams=20000 avg_latency=0.6156 ms avg throuhgput (requests/sec) = 90.9189 res=false
*==== INFO ====* req_id_count= 11000 stream_id=43996 latency=0.543968 ms (tx_ts=158527863904024, rx_ts=158527864447992) request_id=217529 zil_blk_id=108742 ccf_commit_seqno=217529 nstreams_done_=11000 config.nstreams=20000 avg_latency=0.6156 ms avg throuhgput (requests/sec) = 90.9218 res=false
*==== INFO ====* req_id_count= 11500 stream_id=45996 latency=0.640555 ms (tx_ts=158533356591289, rx_ts=158533357231844) request_id=227500 zil_blk_id=113890 ccf_commit_seqno=227502 nstreams_done_=11500 config.nstreams=20000 avg_latency=0.6152 ms avg throuhgput (requests/sec) = 90.9264 res=false
*==== INFO ====* req_id_count= 12000 stream_id=47996 latency=0.488674 ms (tx_ts=158538885842313, rx_ts=158538886330987) request_id=237532 zil_blk_id=119074 ccf_commit_seqno=237532 nstreams_done_=12000 config.nstreams=20000 avg_latency=0.6170 ms avg throuhgput (requests/sec) = 90.9056 res=false
*==== INFO ====* req_id_count= 12500 stream_id=49996 latency=0.522798 ms (tx_ts=158544400020060, rx_ts=158544400542858) request_id=247537 zil_blk_id=124248 ccf_commit_seqno=247537 nstreams_done_=12500 config.nstreams=20000 avg_latency=0.6175 ms avg throuhgput (requests/sec) = 90.8964 res=false
*==== INFO ====* req_id_count= 13000 stream_id=51996 latency=0.561631 ms (tx_ts=158549905041904, rx_ts=158549905603535) request_id=257514 zil_blk_id=129407 ccf_commit_seqno=257514 nstreams_done_=13000 config.nstreams=20000 avg_latency=0.6179 ms avg throuhgput (requests/sec) = 90.8937 res=false
*==== INFO ====* req_id_count= 13500 stream_id=53996 latency=0.562362 ms (tx_ts=158555431017150, rx_ts=158555431579512) request_id=267503 zil_blk_id=134588 ccf_commit_seqno=267503 nstreams_done_=13500 config.nstreams=20000 avg_latency=0.6187 ms avg throuhgput (requests/sec) = 90.8783 res=false
*==== INFO ====* req_id_count= 14000 stream_id=55996 latency=0.719096 ms (tx_ts=158560917993805, rx_ts=158560918712901) request_id=277424 zil_blk_id=139729 ccf_commit_seqno=277424 nstreams_done_=14000 config.nstreams=20000 avg_latency=0.6175 ms avg throuhgput (requests/sec) = 90.8870 res=false
*==== INFO ====* req_id_count= 14500 stream_id=57996 latency=0.619236 ms (tx_ts=158566415115305, rx_ts=158566415734541) request_id=287372 zil_blk_id=144886 ccf_commit_seqno=287372 nstreams_done_=14500 config.nstreams=20000 avg_latency=0.6177 ms avg throuhgput (requests/sec) = 90.8895 res=false
*==== INFO ====* req_id_count= 15000 stream_id=59996 latency=0.534830 ms (tx_ts=158571909102215, rx_ts=158571909637045) request_id=297360 zil_blk_id=150028 ccf_commit_seqno=297360 nstreams_done_=15000 config.nstreams=20000 avg_latency=0.6170 ms avg throuhgput (requests/sec) = 90.8935 res=false
*==== INFO ====* req_id_count= 15500 stream_id=61996 latency=0.532486 ms (tx_ts=158577407675485, rx_ts=158577408207971) request_id=307355 zil_blk_id=155175 ccf_commit_seqno=307355 nstreams_done_=15500 config.nstreams=20000 avg_latency=0.6170 ms avg throuhgput (requests/sec) = 90.8948 res=false
*==== INFO ====* req_id_count= 16000 stream_id=63996 latency=0.596235 ms (tx_ts=158582893962055, rx_ts=158582894558290) request_id=317325 zil_blk_id=160318 ccf_commit_seqno=317325 nstreams_done_=16000 config.nstreams=20000 avg_latency=0.6163 ms avg throuhgput (requests/sec) = 90.9023 res=false
*==== INFO ====* req_id_count= 16500 stream_id=65996 latency=0.537244 ms (tx_ts=158588390052277, rx_ts=158588390589521) request_id=327331 zil_blk_id=165472 ccf_commit_seqno=327331 nstreams_done_=16500 config.nstreams=20000 avg_latency=0.6159 ms avg throuhgput (requests/sec) = 90.9045 res=false
*==== INFO ====* req_id_count= 17000 stream_id=67996 latency=0.507730 ms (tx_ts=158593893033174, rx_ts=158593893540904) request_id=337342 zil_blk_id=170633 ccf_commit_seqno=337342 nstreams_done_=17000 config.nstreams=20000 avg_latency=0.6158 ms avg throuhgput (requests/sec) = 90.9032 res=false
*==== INFO ====* req_id_count= 17500 stream_id=69996 latency=0.484165 ms (tx_ts=158599377877804, rx_ts=158599378361969) request_id=347316 zil_blk_id=175762 ccf_commit_seqno=347316 nstreams_done_=17500 config.nstreams=20000 avg_latency=0.6151 ms avg throuhgput (requests/sec) = 90.9105 res=false
*==== INFO ====* req_id_count= 18000 stream_id=71996 latency=0.739282 ms (tx_ts=158604873141467, rx_ts=158604873880749) request_id=357303 zil_blk_id=180908 ccf_commit_seqno=357305 nstreams_done_=18000 config.nstreams=20000 avg_latency=0.6145 ms avg throuhgput (requests/sec) = 90.9125 res=false
*==== INFO ====* req_id_count= 18500 stream_id=73996 latency=0.490668 ms (tx_ts=158610353432934, rx_ts=158610353923602) request_id=367283 zil_blk_id=186047 ccf_commit_seqno=367283 nstreams_done_=18500 config.nstreams=20000 avg_latency=0.6134 ms avg throuhgput (requests/sec) = 90.9213 res=false
*==== INFO ====* req_id_count= 19000 stream_id=75996 latency=0.509864 ms (tx_ts=158615850689489, rx_ts=158615851199353) request_id=377269 zil_blk_id=191198 ccf_commit_seqno=377269 nstreams_done_=19000 config.nstreams=20000 avg_latency=0.6136 ms avg throuhgput (requests/sec) = 90.9222 res=false
*==== INFO ====* req_id_count= 19500 stream_id=77996 latency=0.540661 ms (tx_ts=158621343560240, rx_ts=158621344100901) request_id=387246 zil_blk_id=196347 ccf_commit_seqno=387246 nstreams_done_=19500 config.nstreams=20000 avg_latency=0.6134 ms avg throuhgput (requests/sec) = 90.9249 res=false
*==== INFO ====* http_end_stream ALL streams done! nstreams_done_=20000 avg_latency=0.6126 msreq_id_count= 20000
*==== INFO ====* req_id_count= 20000 stream_id=79996 latency=0.625569 ms (tx_ts=158626834331119, rx_ts=158626834956688) request_id=396767 zil_blk_id=201483 ccf_commit_seqno=396767 nstreams_done_=20000 config.nstreams=20000 avg_latency=0.6126 ms avg throuhgput (requests/sec) = 90.9283 res=true
